Build started 25/01/2026 05:33:44.
     0>Terminal Logger was not used because the output is being redirected to a file.
       Process = "/usr/lib64/dotnet/dotnet"
       MSBuild executable path = "/usr/lib64/dotnet/sdk/10.0.101/MSBuild.dll"
       Command line arguments = "/usr/lib64/dotnet/sdk/10.0.101/MSBuild.dll -maxcpucount --verbosity:m -tlp:default=auto --property:NuGetInteractive=false --restoreProperty:NuGetInteractive=false --restoreProperty:EnableDefaultCompileItems=false --restoreProperty:EnableDefaultEmbeddedResourceItems=false --restoreProperty:EnableDefaultNoneItems=false --verbosity:detailed Application/Entegrasyon.Blazor/Entegrasyon.Blazor.csproj -consoleloggerparameters:Summary -restore -nologo"
       Current directory = "/home/baturhan/Projeler/Entegrasyon"
       MSBuild version = "18.0.6+fad253f51"
       Assembly loaded during Evaluation: System.Runtime.Loader, Version=10.0.0.0, Culture=neutral, PublicKeyToken=b03f5f7f11d50a3a (location: /usr/lib64/dotnet/shared/Microsoft.NETCore.App/10.0.1/System.Runtime.Loader.dll, MVID: df733fca-1468-4de3-b897-72185a31a8c4, AssemblyLoadContext: Default)
       Assembly loaded during Evaluation: System.Diagnostics.FileVersionInfo, Version=10.0.0.0, Culture=neutral, PublicKeyToken=b03f5f7f11d50a3a (location: /usr/lib64/dotnet/shared/Microsoft.NETCore.App/10.0.1/System.Diagnostics.FileVersionInfo.dll, MVID: be4a797f-f905-4df1-a983-3ded7cb9b0e1, AssemblyLoadContext: Default)
       Assembly loaded during Evaluation: System.Reflection.Metadata, Version=10.0.0.0, Culture=neutral, PublicKeyToken=b03f5f7f11d50a3a (location: /usr/lib64/dotnet/shared/Microsoft.NETCore.App/10.0.1/System.Reflection.Metadata.dll, MVID: 299216fb-045c-458e-bf46-be035b36d8e7, AssemblyLoadContext: Default)
       Assembly loaded during Evaluation: System.IO.MemoryMappedFiles, Version=10.0.0.0, Culture=neutral, PublicKeyToken=b03f5f7f11d50a3a (location: /usr/lib64/dotnet/shared/Microsoft.NETCore.App/10.0.1/System.IO.MemoryMappedFiles.dll, MVID: 2553de70-49d6-45da-a591-a75f477d8671, AssemblyLoadContext: Default)
       The SDK "Microsoft.NET.Sdk.Web" was successfully resolved by the "DefaultSdkResolver" resolver to location "/usr/lib64/dotnet/sdk/10.0.101/Sdks/Microsoft.NET.Sdk.Web/Sdk" and version "".
       Assembly loaded during Evaluation: Microsoft.Win32.Registry, Version=10.0.0.0, Culture=neutral, PublicKeyToken=b03f5f7f11d50a3a (location: /usr/lib64/dotnet/shared/Microsoft.NETCore.App/10.0.1/Microsoft.Win32.Registry.dll, MVID: 84b4da46-d0f3-413b-8286-1f6268728023, AssemblyLoadContext: Default)
       Assembly loaded during Evaluation: NuGet.Frameworks, Version=7.0.0.0, Culture=neutral, PublicKeyToken=31bf3856ad364e35 (location: /usr/lib64/dotnet/sdk/10.0.101/NuGet.Frameworks.dll, MVID: 83a2f7cc-10d9-44ca-a41f-694b2febea71, AssemblyLoadContext: Assembly.LoadFile(/usr/lib64/dotnet/sdk/10.0.101/NuGet.Frameworks.dll))
       The SDK "Microsoft.NET.Sdk" was successfully resolved by the "DefaultSdkResolver" resolver to location "/usr/lib64/dotnet/sdk/10.0.101/Sdks/Microsoft.NET.Sdk/Sdk" and version "".
       /usr/lib64/dotnet/sdk/10.0.101/Sdks/Microsoft.NET.Sdk/Sdk/Sdk.props(49,11): message : Property 'MSBuildExtensionsPath' with value '/usr/lib64/dotnet/sdk/10.0.101/' expanded from the environment.
       /usr/lib64/dotnet/sdk/10.0.101/Current/Microsoft.Common.props(60,5): message : Property reassignment: $(MSBuildProjectExtensionsPath)="/home/baturhan/Projeler/Entegrasyon/Application/Entegrasyon.Blazor/obj/" (previous value: "obj/") at /usr/lib64/dotnet/sdk/10.0.101/Current/Microsoft.Common.props (60,5)
       /usr/lib64/dotnet/sdk/10.0.101/Current/Microsoft.Common.props(84,119): message : Property 'MSBuildUserExtensionsPath' with value '/home/baturhan/.local/share/Microsoft\MSBuild' expanded from the environment.
       Assembly loaded during Evaluation: System.Threading.Tasks.Parallel, Version=10.0.0.0, Culture=neutral, PublicKeyToken=b03f5f7f11d50a3a (location: /usr/lib64/dotnet/shared/Microsoft.NETCore.App/10.0.1/System.Threading.Tasks.Parallel.dll, MVID: 39b608be-f294-4afe-87ac-a434dfe7a2ed, AssemblyLoadContext: Default)
       /usr/lib64/dotnet/sdk/10.0.101/Sdks/Microsoft.NET.Sdk/targets/Microsoft.NET.Sdk.props(90,5): message : Property reassignment: $(AssemblySearchPaths)="{CandidateAssemblyFiles};{HintPathFromItem}" (previous value: "{CandidateAssemblyFiles}") at /usr/lib64/dotnet/sdk/10.0.101/Sdks/Microsoft.NET.Sdk/targets/Microsoft.NET.Sdk.props (90,5)
       /usr/lib64/dotnet/sdk/10.0.101/Sdks/Microsoft.NET.Sdk/targets/Microsoft.NET.Sdk.props(91,5): message : Property reassignment: $(AssemblySearchPaths)="{CandidateAssemblyFiles};{HintPathFromItem};{TargetFrameworkDirectory}" (previous value: "{CandidateAssemblyFiles};{HintPathFromItem}") at /usr/lib64/dotnet/sdk/10.0.101/Sdks/Microsoft.NET.Sdk/targets/Microsoft.NET.Sdk.props (91,5)
       /usr/lib64/dotnet/sdk/10.0.101/Sdks/Microsoft.NET.Sdk/targets/Microsoft.NET.Sdk.props(92,5): message : Property reassignment: $(AssemblySearchPaths)="{CandidateAssemblyFiles};{HintPathFromItem};{TargetFrameworkDirectory};{RawFileName}" (previous value: "{CandidateAssemblyFiles};{HintPathFromItem};{TargetFrameworkDirectory}") at /usr/lib64/dotnet/sdk/10.0.101/Sdks/Microsoft.NET.Sdk/targets/Microsoft.NET.Sdk.props (92,5)
       The "DefaultSdkResolver" resolver attempted to resolve the SDK "Microsoft.NET.SDK.WorkloadAutoImportPropsLocator".
       Warnings: null
       Errors: MSB4276: The default SDK resolver failed to resolve SDK "Microsoft.NET.SDK.WorkloadAutoImportPropsLocator" because directory "/usr/lib64/dotnet/sdk/10.0.101/Sdks/Microsoft.NET.SDK.WorkloadAutoImportPropsLocator/Sdk" did not exist.
       Assembly loaded during Evaluation: Microsoft.Build.NuGetSdkResolver, Version=7.0.0.0, Culture=neutral, PublicKeyToken=31bf3856ad364e35 (location: /usr/lib64/dotnet/sdk/10.0.101/Microsoft.Build.NuGetSdkResolver.dll, MVID: 0e36e74c-016d-4f78-b972-7d3a1cd00809, AssemblyLoadContext: MSBuild plugin /usr/lib64/dotnet/sdk/10.0.101/Microsoft.Build.NuGetSdkResolver.dll)
       Assembly loaded during Evaluation: NuGet.Common, Version=7.0.0.0, Culture=neutral, PublicKeyToken=31bf3856ad364e35 (location: /usr/lib64/dotnet/sdk/10.0.101/NuGet.Common.dll, MVID: dea1d4e2-6a48-4df7-9f0c-af0d29dc4f00, AssemblyLoadContext: MSBuild plugin /usr/lib64/dotnet/sdk/10.0.101/Microsoft.Build.NuGetSdkResolver.dll)
       Assembly loaded during Evaluation: Microsoft.NET.Sdk.WorkloadMSBuildSdkResolver, Version=10.0.101.0, Culture=neutral, PublicKeyToken=31bf3856ad364e35 (location: /usr/lib64/dotnet/sdk/10.0.101/Microsoft.NET.Sdk.WorkloadMSBuildSdkResolver.dll, MVID: 3c0723b2-8b8a-4d63-ab82-9f7049191fa8, AssemblyLoadContext: MSBuild plugin /usr/lib64/dotnet/sdk/10.0.101/Microsoft.NET.Sdk.WorkloadMSBuildSdkResolver.dll)
       Assembly loaded during Evaluation: Microsoft.DotNet.Cli.Utils, Version=10.0.101.0, Culture=neutral, PublicKeyToken=adb9793829ddae60 (location: /usr/lib64/dotnet/sdk/10.0.101/Microsoft.DotNet.Cli.Utils.dll, MVID: 4d2c4f6a-6f68-41fb-bcf1-8909ba78df04, AssemblyLoadContext: MSBuild plugin /usr/lib64/dotnet/sdk/10.0.101/Microsoft.NET.Sdk.WorkloadMSBuildSdkResolver.dll)
       Assembly loaded during Evaluation: Microsoft.NET.Sdk.WorkloadManifestReader, Version=10.0.101.0, Culture=neutral, PublicKeyToken=adb9793829ddae60 (location: /usr/lib64/dotnet/sdk/10.0.101/Microsoft.NET.Sdk.WorkloadManifestReader.dll, MVID: 68a72c26-383a-4d11-93bd-bc697ac4d9d2, AssemblyLoadContext: MSBuild plugin /usr/lib64/dotnet/sdk/10.0.101/Microsoft.NET.Sdk.WorkloadMSBuildSdkResolver.dll)
       Assembly loaded during Evaluation: Microsoft.Deployment.DotNet.Releases, Version=2.0.0.0, Culture=neutral, PublicKeyToken=31bf3856ad364e35 (location: /usr/lib64/dotnet/sdk/10.0.101/Microsoft.Deployment.DotNet.Releases.dll, MVID: 000eefa3-e5a8-4012-8785-046d82bee469, AssemblyLoadContext: MSBuild plugin /usr/lib64/dotnet/sdk/10.0.101/Microsoft.NET.Sdk.WorkloadMSBuildSdkResolver.dll)
       The SDK "Microsoft.NET.SDK.WorkloadAutoImportPropsLocator" was successfully resolved by the "Microsoft.DotNet.MSBuildWorkloadSdkResolver" resolver to location "null" and version "null".
       The SDK "Microsoft.NET.Sdk.Razor" was successfully resolved by the "DefaultSdkResolver" resolver to location "/usr/lib64/dotnet/sdk/10.0.101/Sdks/Microsoft.NET.Sdk.Razor/Sdk" and version "".
       The SDK "Microsoft.NET.Sdk.StaticWebAssets" was successfully resolved by the "DefaultSdkResolver" resolver to location "/usr/lib64/dotnet/sdk/10.0.101/Sdks/Microsoft.NET.Sdk.StaticWebAssets/Sdk" and version "".
       /usr/lib64/dotnet/sdk/10.0.101/Sdks/Microsoft.NET.Sdk.StaticWebAssets/Sdk/Sdk.StaticWebAssets.StaticAssets.ProjectSystem.props(23,5): message : Property reassignment: $(DefaultItemExcludes)=";**\node_modules\**;node_modules\**;**\jspm_packages\**;jspm_packages\**" (previous value: ";**\node_modules\**;node_modules\**") at /usr/lib64/dotnet/sdk/10.0.101/Sdks/Microsoft.NET.Sdk.StaticWebAssets/Sdk/Sdk.StaticWebAssets.StaticAssets.ProjectSystem.props (23,5)
       /usr/lib64/dotnet/sdk/10.0.101/Sdks/Microsoft.NET.Sdk.StaticWebAssets/Sdk/Sdk.StaticWebAssets.StaticAssets.ProjectSystem.props(24,5): message : Property reassignment: $(DefaultItemExcludes)=";**\node_modules\**;node_modules\**;**\jspm_packages\**;jspm_packages\**;**\bower_components\**;bower_components\**" (previous value: ";**\node_modules\**;node_modules\**;**\jspm_packages\**;jspm_packages\**") at /usr/lib64/dotnet/sdk/10.0.101/Sdks/Microsoft.NET.Sdk.StaticWebAssets/Sdk/Sdk.StaticWebAssets.StaticAssets.ProjectSystem.props (24,5)
       /usr/lib64/dotnet/sdk/10.0.101/Sdks/Microsoft.NET.Sdk.StaticWebAssets/Sdk/Sdk.StaticWebAssets.StaticAssets.ProjectSystem.props(25,5): message : Property reassignment: $(DefaultItemExcludes)=";**\node_modules\**;node_modules\**;**\jspm_packages\**;jspm_packages\**;**\bower_components\**;bower_components\**;**\packages.lock.json" (previous value: ";**\node_modules\**;node_modules\**;**\jspm_packages\**;jspm_packages\**;**\bower_components\**;bower_components\**") at /usr/lib64/dotnet/sdk/10.0.101/Sdks/Microsoft.NET.Sdk.StaticWebAssets/Sdk/Sdk.StaticWebAssets.StaticAssets.ProjectSystem.props (25,5)
       The SDK "Microsoft.NET.Sdk.Web.ProjectSystem" was successfully resolved by the "DefaultSdkResolver" resolver to location "/usr/lib64/dotnet/sdk/10.0.101/Sdks/Microsoft.NET.Sdk.Web.ProjectSystem/Sdk" and version "".
       /usr/lib64/dotnet/sdk/10.0.101/Sdks/Microsoft.NET.Sdk.Web.ProjectSystem/targets/Microsoft.NET.Sdk.Web.ProjectSystem.props(16,5): message : Property reassignment: $(OutputType)="Exe" (previous value: "Library") at /usr/lib64/dotnet/sdk/10.0.101/Sdks/Microsoft.NET.Sdk.Web.ProjectSystem/targets/Microsoft.NET.Sdk.Web.ProjectSystem.props (16,5)
       The SDK "Microsoft.NET.Sdk.Publish" was successfully resolved by the "DefaultSdkResolver" resolver to location "/usr/lib64/dotnet/sdk/10.0.101/Sdks/Microsoft.NET.Sdk.Publish/Sdk" and version "".
       /home/baturhan/Projeler/Entegrasyon/Application/Entegrasyon.Blazor/Entegrasyon.Blazor.csproj(14,3): message : Property reassignment: $(TreatWarningsAsErrors)="False" (previous value: "false") at /home/baturhan/Projeler/Entegrasyon/Application/Entegrasyon.Blazor/Entegrasyon.Blazor.csproj (14,3)
       /usr/lib64/dotnet/sdk/10.0.101/Sdks/Microsoft.NET.Sdk/targets/Microsoft.NET.Sdk.ImportPublishProfile.targets(28,5): message : Property reassignment: $(PublishProfileImported)="false" (previous value: "true") at /usr/lib64/dotnet/sdk/10.0.101/Sdks/Microsoft.NET.Sdk/targets/Microsoft.NET.Sdk.ImportPublishProfile.targets (28,5)
       /usr/lib64/dotnet/sdk/10.0.101/Sdks/Microsoft.NET.Sdk/targets/Microsoft.NET.TargetFrameworkInference.targets(81,5): message : Property reassignment: $(TargetPlatformVersion)="" (previous value: "0.0") at /usr/lib64/dotnet/sdk/10.0.101/Sdks/Microsoft.NET.Sdk/targets/Microsoft.NET.TargetFrameworkInference.targets (81,5)
       /usr/lib64/dotnet/sdk/10.0.101/Sdks/Microsoft.NET.Sdk/targets/Microsoft.NET.DefaultOutputPaths.targets(126,5): message : Property reassignment: $(DefaultItemExcludes)=";**\node_modules\**;node_modules\**;**\jspm_packages\**;jspm_packages\**;**\bower_components\**;bower_components\**;**\packages.lock.json;bin/Debug//**" (previous value: ";**\node_modules\**;node_modules\**;**\jspm_packages\**;jspm_packages\**;**\bower_components\**;bower_components\**;**\packages.lock.json") at /usr/lib64/dotnet/sdk/10.0.101/Sdks/Microsoft.NET.Sdk/targets/Microsoft.NET.DefaultOutputPaths.targets (126,5)
       /usr/lib64/dotnet/sdk/10.0.101/Sdks/Microsoft.NET.Sdk/targets/Microsoft.NET.DefaultOutputPaths.targets(127,5): message : Property reassignment: $(DefaultItemExcludes)=";**\node_modules\**;node_modules\**;**\jspm_packages\**;jspm_packages\**;**\bower_components\**;bower_components\**;**\packages.lock.json;bin/Debug//**;obj/Debug//**" (previous value: ";**\node_modules\**;node_modules\**;**\jspm_packages\**;jspm_packages\**;**\bower_components\**;bower_components\**;**\packages.lock.json;bin/Debug//**") at /usr/lib64/dotnet/sdk/10.0.101/Sdks/Microsoft.NET.Sdk/targets/Microsoft.NET.DefaultOutputPaths.targets (127,5)
       /usr/lib64/dotnet/sdk/10.0.101/Sdks/Microsoft.NET.Sdk/targets/Microsoft.NET.DefaultOutputPaths.targets(142,5): message : Property reassignment: $(OutputPath)="bin/Debug/net8.0/" (previous value: "bin/Debug/") at /usr/lib64/dotnet/sdk/10.0.101/Sdks/Microsoft.NET.Sdk/targets/Microsoft.NET.DefaultOutputPaths.targets (142,5)
       /usr/lib64/dotnet/sdk/10.0.101/Sdks/Microsoft.NET.Sdk/targets/Microsoft.NET.DefaultOutputPaths.targets(147,5): message : Property reassignment: $(IntermediateOutputPath)="obj/Debug/net8.0/" (previous value: "obj/Debug/") at /usr/lib64/dotnet/sdk/10.0.101/Sdks/Microsoft.NET.Sdk/targets/Microsoft.NET.DefaultOutputPaths.targets (147,5)
       The "DefaultSdkResolver" resolver attempted to resolve the SDK "Microsoft.NET.SDK.WorkloadManifestTargetsLocator".
       Warnings: null
       Errors: MSB4276: The default SDK resolver failed to resolve SDK "Microsoft.NET.SDK.WorkloadManifestTargetsLocator" because directory "/usr/lib64/dotnet/sdk/10.0.101/Sdks/Microsoft.NET.SDK.WorkloadManifestTargetsLocator/Sdk" did not exist.
       The SDK "Microsoft.NET.SDK.WorkloadManifestTargetsLocator" was successfully resolved by the "Microsoft.DotNet.MSBuildWorkloadSdkResolver" resolver to location "/usr/lib64/dotnet/sdk-manifests/10.0.100/microsoft.net.workload.mono.toolchain.current/10.0.101" and version "null".
       /usr/lib64/dotnet/sdk/10.0.101/Sdks/Microsoft.NET.Sdk/targets/Microsoft.NET.Sdk.BeforeCommon.targets(371,5): message : Property reassignment: $(RoslynTargetsPath)="/usr/lib64/dotnet/sdk/10.0.101/Sdks/Microsoft.NET.Sdk/targets/../../../Roslyn" (previous value: "/usr/lib64/dotnet/sdk/10.0.101/Roslyn") at /usr/lib64/dotnet/sdk/10.0.101/Sdks/Microsoft.NET.Sdk/targets/Microsoft.NET.Sdk.BeforeCommon.targets (371,5)
       /usr/lib64/dotnet/sdk/10.0.101/Roslyn/Microsoft.Managed.Core.targets(6,5): message : Property reassignment: $(_BuildTasksDirectory)="/usr/lib64/dotnet/sdk/10.0.101/Sdks/Microsoft.NET.Sdk/targets/../../../Roslyn/" (previous value: "/usr/lib64/dotnet/sdk/10.0.101/Roslyn/") at /usr/lib64/dotnet/sdk/10.0.101/Roslyn/Microsoft.Managed.Core.targets (6,5)
       /usr/lib64/dotnet/sdk/10.0.101/Roslyn/Microsoft.CSharp.Core.targets(200,5): message : Property reassignment: $(CommandLineArgsForDesignTimeEvaluation)="-langversion:12.0 -define:TRACE" (previous value: "-langversion:12.0") at /usr/lib64/dotnet/sdk/10.0.101/Roslyn/Microsoft.CSharp.Core.targets (200,5)
       Assembly loaded during Evaluation: Microsoft.Build.Utilities.Core, Version=15.1.0.0, Culture=neutral, PublicKeyToken=b03f5f7f11d50a3a (location: /usr/lib64/dotnet/sdk/10.0.101/Microsoft.Build.Utilities.Core.dll, MVID: 949e26a1-5740-434b-a1fc-1afb737e41dd, AssemblyLoadContext: Default)
       /usr/lib64/dotnet/sdk/10.0.101/Microsoft.Common.CurrentVersion.targets(175,5): message : Property reassignment: $(_DebugSymbolsProduced)="true" (previous value: "false") at /usr/lib64/dotnet/sdk/10.0.101/Microsoft.Common.CurrentVersion.targets (175,5)
       /usr/lib64/dotnet/sdk/10.0.101/Microsoft.Common.CurrentVersion.targets(185,5): message : Property reassignment: $(_DocumentationFileProduced)="false" (previous value: "true") at /usr/lib64/dotnet/sdk/10.0.101/Microsoft.Common.CurrentVersion.targets (185,5)
       /usr/lib64/dotnet/sdk/10.0.101/Microsoft.Common.CurrentVersion.targets(392,5): message : Property reassignment: $(MSBuildCopyMarkerName)="Entegras.16EEFBA9" (previous value: "Entegrasyon.Blazor.csproj") at /usr/lib64/dotnet/sdk/10.0.101/Microsoft.Common.CurrentVersion.targets (392,5)
       /usr/lib64/dotnet/sdk/10.0.101/Microsoft.Common.CurrentVersion.targets(393,5): message : Property reassignment: $(MSBuildCopyMarkerName)="Entegras.16EEFBA9.Up2Date" (previous value: "Entegras.16EEFBA9") at /usr/lib64/dotnet/sdk/10.0.101/Microsoft.Common.CurrentVersion.targets (393,5)
       /usr/lib64/dotnet/sdk/10.0.101/Microsoft.Common.CurrentVersion.targets(541,5): message : Property reassignment: $(ProcessorArchitecture)="msil" (previous value: "") at /usr/lib64/dotnet/sdk/10.0.101/Microsoft.Common.CurrentVersion.targets (541,5)
       /usr/lib64/dotnet/sdk/10.0.101/Microsoft.Common.CurrentVersion.targets(580,5): message : Property reassignment: $(DelaySign)="" (previous value: "false") at /usr/lib64/dotnet/sdk/10.0.101/Microsoft.Common.CurrentVersion.targets (580,5)
       /usr/lib64/dotnet/sdk/10.0.101/Microsoft.Common.CurrentVersion.targets(2606,5): message : Property 'LocalAppData' with value '/home/baturhan/.local/share' expanded from the environment.
       /usr/lib64/dotnet/sdk/10.0.101/Microsoft.Common.CurrentVersion.targets(3934,5): message : Property reassignment: $(_SGenGenerateSerializationAssembliesConfig)="Auto" (previous value: "") at /usr/lib64/dotnet/sdk/10.0.101/Microsoft.Common.CurrentVersion.targets (3934,5)
       /usr/lib64/dotnet/sdk/10.0.101/Microsoft.Common.CurrentVersion.targets(3935,5): message : Property reassignment: $(_SGenGenerateSerializationAssembliesConfig)="Off" (previous value: "Auto") at /usr/lib64/dotnet/sdk/10.0.101/Microsoft.Common.CurrentVersion.targets (3935,5)
       /usr/lib64/dotnet/sdk/10.0.101/Microsoft.Common.CurrentVersion.targets(5146,5): message : Property reassignment: $(_TargetsThatPrepareProjectReferences)="
       /usr/lib64/dotnet/sdk/10.0.101/Microsoft.Common.CurrentVersion.targets(5146,5): message :       AssignProjectConfiguration;
       /usr/lib64/dotnet/sdk/10.0.101/Microsoft.Common.CurrentVersion.targets(5146,5): message :       _SplitProjectReferencesByFileExistence
       /usr/lib64/dotnet/sdk/10.0.101/Microsoft.Common.CurrentVersion.targets(5146,5): message :     " (previous value: "_SplitProjectReferencesByFileExistence") at /usr/lib64/dotnet/sdk/10.0.101/Microsoft.Common.CurrentVersion.targets (5146,5)
       /usr/lib64/dotnet/sdk/10.0.101/Microsoft.Common.CurrentVersion.targets(6959,5): message : Property 'MSBuildExtensionsPath32' with value '/usr/lib64/dotnet/sdk/10.0.101' expanded from the environment.
       The "NuGetInteractive" property is a global property, and cannot be modified.
       /usr/lib64/dotnet/sdk/10.0.101/Sdks/Microsoft.NET.Sdk/targets/Microsoft.PackageDependencyResolution.targets(24,5): message : Property reassignment: $(ProjectAssetsFile)="/home/baturhan/Projeler/Entegrasyon/Application/Entegrasyon.Blazor/obj/project.assets.json" (previous value: "/home/baturhan/Projeler/Entegrasyon/Application/Entegrasyon.Blazor/obj//project.assets.json") at /usr/lib64/dotnet/sdk/10.0.101/Sdks/Microsoft.NET.Sdk/targets/Microsoft.PackageDependencyResolution.targets (24,5)
       /usr/lib64/dotnet/sdk/10.0.101/Sdks/Microsoft.NET.Sdk/targets/Microsoft.PackageDependencyResolution.targets(29,5): message : Property reassignment: $(ProjectAssetsCacheFile)="/home/baturhan/Projeler/Entegrasyon/Application/Entegrasyon.Blazor/obj/Debug/net8.0/Entegrasyon.Blazor.assets.cache" (previous value: "obj/Debug/net8.0/Entegrasyon.Blazor.assets.cache") at /usr/lib64/dotnet/sdk/10.0.101/Sdks/Microsoft.NET.Sdk/targets/Microsoft.PackageDependencyResolution.targets (29,5)
       /usr/lib64/dotnet/sdk/10.0.101/Sdks/Microsoft.NET.Sdk/targets/Microsoft.PackageDependencyResolution.targets(80,5): message : Property reassignment: $(ResolveAssemblyReferencesDependsOn)="
       /usr/lib64/dotnet/sdk/10.0.101/Sdks/Microsoft.NET.Sdk/targets/Microsoft.PackageDependencyResolution.targets(80,5): message :       
       /usr/lib64/dotnet/sdk/10.0.101/Sdks/Microsoft.NET.Sdk/targets/Microsoft.PackageDependencyResolution.targets(80,5): message :       ResolveProjectReferences;
       /usr/lib64/dotnet/sdk/10.0.101/Sdks/Microsoft.NET.Sdk/targets/Microsoft.PackageDependencyResolution.targets(80,5): message :       FindInvalidProjectReferences;
       /usr/lib64/dotnet/sdk/10.0.101/Sdks/Microsoft.NET.Sdk/targets/Microsoft.PackageDependencyResolution.targets(80,5): message :       GetFrameworkPaths;
       /usr/lib64/dotnet/sdk/10.0.101/Sdks/Microsoft.NET.Sdk/targets/Microsoft.PackageDependencyResolution.targets(80,5): message :       GetReferenceAssemblyPaths;
       /usr/lib64/dotnet/sdk/10.0.101/Sdks/Microsoft.NET.Sdk/targets/Microsoft.PackageDependencyResolution.targets(80,5): message :       PrepareForBuild;
       /usr/lib64/dotnet/sdk/10.0.101/Sdks/Microsoft.NET.Sdk/targets/Microsoft.PackageDependencyResolution.targets(80,5): message :       ResolveSDKReferences;
       /usr/lib64/dotnet/sdk/10.0.101/Sdks/Microsoft.NET.Sdk/targets/Microsoft.PackageDependencyResolution.targets(80,5): message :       ExpandSDKReferences;
       /usr/lib64/dotnet/sdk/10.0.101/Sdks/Microsoft.NET.Sdk/targets/Microsoft.PackageDependencyResolution.targets(80,5): message :     ;
       /usr/lib64/dotnet/sdk/10.0.101/Sdks/Microsoft.NET.Sdk/targets/Microsoft.PackageDependencyResolution.targets(80,5): message :       ResolvePackageDependenciesForBuild;
       /usr/lib64/dotnet/sdk/10.0.101/Sdks/Microsoft.NET.Sdk/targets/Microsoft.PackageDependencyResolution.targets(80,5): message :       _HandlePackageFileConflicts;
       /usr/lib64/dotnet/sdk/10.0.101/Sdks/Microsoft.NET.Sdk/targets/Microsoft.PackageDependencyResolution.targets(80,5): message :     " (previous value: "
       /usr/lib64/dotnet/sdk/10.0.101/Sdks/Microsoft.NET.Sdk/targets/Microsoft.PackageDependencyResolution.targets(80,5): message :       ResolveProjectReferences;
       /usr/lib64/dotnet/sdk/10.0.101/Sdks/Microsoft.NET.Sdk/targets/Microsoft.PackageDependencyResolution.targets(80,5): message :       FindInvalidProjectReferences;
       /usr/lib64/dotnet/sdk/10.0.101/Sdks/Microsoft.NET.Sdk/targets/Microsoft.PackageDependencyResolution.targets(80,5): message :       GetFrameworkPaths;
       /usr/lib64/dotnet/sdk/10.0.101/Sdks/Microsoft.NET.Sdk/targets/Microsoft.PackageDependencyResolution.targets(80,5): message :       GetReferenceAssemblyPaths;
       /usr/lib64/dotnet/sdk/10.0.101/Sdks/Microsoft.NET.Sdk/targets/Microsoft.PackageDependencyResolution.targets(80,5): message :       PrepareForBuild;
       /usr/lib64/dotnet/sdk/10.0.101/Sdks/Microsoft.NET.Sdk/targets/Microsoft.PackageDependencyResolution.targets(80,5): message :       ResolveSDKReferences;
       /usr/lib64/dotnet/sdk/10.0.101/Sdks/Microsoft.NET.Sdk/targets/Microsoft.PackageDependencyResolution.targets(80,5): message :       ExpandSDKReferences;
       /usr/lib64/dotnet/sdk/10.0.101/Sdks/Microsoft.NET.Sdk/targets/Microsoft.PackageDependencyResolution.targets(80,5): message :     ") at /usr/lib64/dotnet/sdk/10.0.101/Sdks/Microsoft.NET.Sdk/targets/Microsoft.PackageDependencyResolution.targets (80,5)
       /usr/lib64/dotnet/sdk/10.0.101/Sdks/Microsoft.NET.Sdk/targets/Microsoft.PackageDependencyResolution.targets(86,5): message : Property reassignment: $(PrepareResourcesDependsOn)="
       /usr/lib64/dotnet/sdk/10.0.101/Sdks/Microsoft.NET.Sdk/targets/Microsoft.PackageDependencyResolution.targets(86,5): message :       ResolvePackageDependenciesForBuild;
       /usr/lib64/dotnet/sdk/10.0.101/Sdks/Microsoft.NET.Sdk/targets/Microsoft.PackageDependencyResolution.targets(86,5): message :       _HandlePackageFileConflicts;
       /usr/lib64/dotnet/sdk/10.0.101/Sdks/Microsoft.NET.Sdk/targets/Microsoft.PackageDependencyResolution.targets(86,5): message :       
       /usr/lib64/dotnet/sdk/10.0.101/Sdks/Microsoft.NET.Sdk/targets/Microsoft.PackageDependencyResolution.targets(86,5): message :       ;
       /usr/lib64/dotnet/sdk/10.0.101/Sdks/Microsoft.NET.Sdk/targets/Microsoft.PackageDependencyResolution.targets(86,5): message :       PrepareResourceNames;
       /usr/lib64/dotnet/sdk/10.0.101/Sdks/Microsoft.NET.Sdk/targets/Microsoft.PackageDependencyResolution.targets(86,5): message :       ResGen;
       /usr/lib64/dotnet/sdk/10.0.101/Sdks/Microsoft.NET.Sdk/targets/Microsoft.PackageDependencyResolution.targets(86,5): message :       CompileLicxFiles
       /usr/lib64/dotnet/sdk/10.0.101/Sdks/Microsoft.NET.Sdk/targets/Microsoft.PackageDependencyResolution.targets(86,5): message :     
       /usr/lib64/dotnet/sdk/10.0.101/Sdks/Microsoft.NET.Sdk/targets/Microsoft.PackageDependencyResolution.targets(86,5): message :     " (previous value: "
       /usr/lib64/dotnet/sdk/10.0.101/Sdks/Microsoft.NET.Sdk/targets/Microsoft.PackageDependencyResolution.targets(86,5): message :       ;
       /usr/lib64/dotnet/sdk/10.0.101/Sdks/Microsoft.NET.Sdk/targets/Microsoft.PackageDependencyResolution.targets(86,5): message :       PrepareResourceNames;
       /usr/lib64/dotnet/sdk/10.0.101/Sdks/Microsoft.NET.Sdk/targets/Microsoft.PackageDependencyResolution.targets(86,5): message :       ResGen;
       /usr/lib64/dotnet/sdk/10.0.101/Sdks/Microsoft.NET.Sdk/targets/Microsoft.PackageDependencyResolution.targets(86,5): message :       CompileLicxFiles
       /usr/lib64/dotnet/sdk/10.0.101/Sdks/Microsoft.NET.Sdk/targets/Microsoft.PackageDependencyResolution.targets(86,5): message :     ") at /usr/lib64/dotnet/sdk/10.0.101/Sdks/Microsoft.NET.Sdk/targets/Microsoft.PackageDependencyResolution.targets (86,5)
       The "EnableDefaultCompileItems" property is a global property, and cannot be modified.
       The "EnableDefaultEmbeddedResourceItems" property is a global property, and cannot be modified.
       The "EnableDefaultNoneItems" property is a global property, and cannot be modified.
       /usr/lib64/dotnet/sdk/10.0.101/Sdks/Microsoft.NET.Sdk/targets/Microsoft.NET.Sdk.DefaultItems.targets(35,5): message : Property reassignment: $(DefaultItemExcludes)=";**\node_modules\**;node_modules\**;**\jspm_packages\**;jspm_packages\**;**\bower_components\**;bower_components\**;**\packages.lock.json;bin/Debug//**;obj/Debug//**;bin//**" (previous value: ";**\node_modules\**;node_modules\**;**\jspm_packages\**;jspm_packages\**;**\bower_components\**;bower_components\**;**\packages.lock.json;bin/Debug//**;obj/Debug//**") at /usr/lib64/dotnet/sdk/10.0.101/Sdks/Microsoft.NET.Sdk/targets/Microsoft.NET.Sdk.DefaultItems.targets (35,5)
       /usr/lib64/dotnet/sdk/10.0.101/Sdks/Microsoft.NET.Sdk/targets/Microsoft.NET.Sdk.DefaultItems.targets(37,5): message : Property reassignment: $(DefaultItemExcludes)=";**\node_modules\**;node_modules\**;**\jspm_packages\**;jspm_packages\**;**\bower_components\**;bower_components\**;**\packages.lock.json;bin/Debug//**;obj/Debug//**;bin//**;obj//**" (previous value: ";**\node_modules\**;node_modules\**;**\jspm_packages\**;jspm_packages\**;**\bower_components\**;bower_components\**;**\packages.lock.json;bin/Debug//**;obj/Debug//**;bin//**") at /usr/lib64/dotnet/sdk/10.0.101/Sdks/Microsoft.NET.Sdk/targets/Microsoft.NET.Sdk.DefaultItems.targets (37,5)
       /usr/lib64/dotnet/sdk/10.0.101/Sdks/Microsoft.NET.Sdk/targets/Microsoft.NET.Sdk.DefaultItems.targets(40,5): message : Property reassignment: $(DefaultItemExcludes)=";**\node_modules\**;node_modules\**;**\jspm_packages\**;jspm_packages\**;**\bower_components\**;bower_components\**;**\packages.lock.json;bin/Debug//**;obj/Debug//**;bin//**;obj//**;**/*.user" (previous value: ";**\node_modules\**;node_modules\**;**\jspm_packages\**;jspm_packages\**;**\bower_components\**;bower_components\**;**\packages.lock.json;bin/Debug//**;obj/Debug//**;bin//**;obj//**") at /usr/lib64/dotnet/sdk/10.0.101/Sdks/Microsoft.NET.Sdk/targets/Microsoft.NET.Sdk.DefaultItems.targets (40,5)
       /usr/lib64/dotnet/sdk/10.0.101/Sdks/Microsoft.NET.Sdk/targets/Microsoft.NET.Sdk.DefaultItems.targets(41,5): message : Property reassignment: $(DefaultItemExcludes)=";**\node_modules\**;node_modules\**;**\jspm_packages\**;jspm_packages\**;**\bower_components\**;bower_components\**;**\packages.lock.json;bin/Debug//**;obj/Debug//**;bin//**;obj//**;**/*.user;**/*.*proj" (previous value: ";**\node_modules\**;node_modules\**;**\jspm_packages\**;jspm_packages\**;**\bower_components\**;bower_components\**;**\packages.lock.json;bin/Debug//**;obj/Debug//**;bin//**;obj//**;**/*.user") at /usr/lib64/dotnet/sdk/10.0.101/Sdks/Microsoft.NET.Sdk/targets/Microsoft.NET.Sdk.DefaultItems.targets (41,5)
       /usr/lib64/dotnet/sdk/10.0.101/Sdks/Microsoft.NET.Sdk/targets/Microsoft.NET.Sdk.DefaultItems.targets(42,5): message : Property reassignment: $(DefaultItemExcludes)=";**\node_modules\**;node_modules\**;**\jspm_packages\**;jspm_packages\**;**\bower_components\**;bower_components\**;**\packages.lock.json;bin/Debug//**;obj/Debug//**;bin//**;obj//**;**/*.user;**/*.*proj;**/*.sln" (previous value: ";**\node_modules\**;node_modules\**;**\jspm_packages\**;jspm_packages\**;**\bower_components\**;bower_components\**;**\packages.lock.json;bin/Debug//**;obj/Debug//**;bin//**;obj//**;**/*.user;**/*.*proj") at /usr/lib64/dotnet/sdk/10.0.101/Sdks/Microsoft.NET.Sdk/targets/Microsoft.NET.Sdk.DefaultItems.targets (42,5)
       /usr/lib64/dotnet/sdk/10.0.101/Sdks/Microsoft.NET.Sdk/targets/Microsoft.NET.Sdk.DefaultItems.targets(43,5): message : Property reassignment: $(DefaultItemExcludes)=";**\node_modules\**;node_modules\**;**\jspm_packages\**;jspm_packages\**;**\bower_components\**;bower_components\**;**\packages.lock.json;bin/Debug//**;obj/Debug//**;bin//**;obj//**;**/*.user;**/*.*proj;**/*.sln;**/*.slnx" (previous value: ";**\node_modules\**;node_modules\**;**\jspm_packages\**;jspm_packages\**;**\bower_components\**;bower_components\**;**\packages.lock.json;bin/Debug//**;obj/Debug//**;bin//**;obj//**;**/*.user;**/*.*proj;**/*.sln") at /usr/lib64/dotnet/sdk/10.0.101/Sdks/Microsoft.NET.Sdk/targets/Microsoft.NET.Sdk.DefaultItems.targets (43,5)
       /usr/lib64/dotnet/sdk/10.0.101/Sdks/Microsoft.NET.Sdk/targets/Microsoft.NET.Sdk.DefaultItems.targets(44,5): message : Property reassignment: $(DefaultItemExcludes)=";**\node_modules\**;node_modules\**;**\jspm_packages\**;jspm_packages\**;**\bower_components\**;bower_components\**;**\packages.lock.json;bin/Debug//**;obj/Debug//**;bin//**;obj//**;**/*.user;**/*.*proj;**/*.sln;**/*.slnx;**/*.vssscc" (previous value: ";**\node_modules\**;node_modules\**;**\jspm_packages\**;jspm_packages\**;**\bower_components\**;bower_components\**;**\packages.lock.json;bin/Debug//**;obj/Debug//**;bin//**;obj//**;**/*.user;**/*.*proj;**/*.sln;**/*.slnx") at /usr/lib64/dotnet/sdk/10.0.101/Sdks/Microsoft.NET.Sdk/targets/Microsoft.NET.Sdk.DefaultItems.targets (44,5)
       /usr/lib64/dotnet/sdk/10.0.101/Sdks/Microsoft.NET.Sdk/targets/Microsoft.NET.Sdk.DefaultItems.targets(45,5): message : Property reassignment: $(DefaultItemExcludes)=";**\node_modules\**;node_modules\**;**\jspm_packages\**;jspm_packages\**;**\bower_components\**;bower_components\**;**\packages.lock.json;bin/Debug//**;obj/Debug//**;bin//**;obj//**;**/*.user;**/*.*proj;**/*.sln;**/*.slnx;**/*.vssscc;**/.DS_Store" (previous value: ";**\node_modules\**;node_modules\**;**\jspm_packages\**;jspm_packages\**;**\bower_components\**;bower_components\**;**\packages.lock.json;bin/Debug//**;obj/Debug//**;bin//**;obj//**;**/*.user;**/*.*proj;**/*.sln;**/*.slnx;**/*.vssscc") at /usr/lib64/dotnet/sdk/10.0.101/Sdks/Microsoft.NET.Sdk/targets/Microsoft.NET.Sdk.DefaultItems.targets (45,5)
       /usr/lib64/dotnet/sdk/10.0.101/Sdks/Microsoft.NET.Sdk/targets/Microsoft.NET.Sdk.FrameworkReferenceResolution.targets(14,5): message : Property reassignment: $(ResolveAssemblyReferencesDependsOn)="
       /usr/lib64/dotnet/sdk/10.0.101/Sdks/Microsoft.NET.Sdk/targets/Microsoft.NET.Sdk.FrameworkReferenceResolution.targets(14,5): message :       
       /usr/lib64/dotnet/sdk/10.0.101/Sdks/Microsoft.NET.Sdk/targets/Microsoft.NET.Sdk.FrameworkReferenceResolution.targets(14,5): message :       
       /usr/lib64/dotnet/sdk/10.0.101/Sdks/Microsoft.NET.Sdk/targets/Microsoft.NET.Sdk.FrameworkReferenceResolution.targets(14,5): message :       ResolveProjectReferences;
       /usr/lib64/dotnet/sdk/10.0.101/Sdks/Microsoft.NET.Sdk/targets/Microsoft.NET.Sdk.FrameworkReferenceResolution.targets(14,5): message :       FindInvalidProjectReferences;
       /usr/lib64/dotnet/sdk/10.0.101/Sdks/Microsoft.NET.Sdk/targets/Microsoft.NET.Sdk.FrameworkReferenceResolution.targets(14,5): message :       GetFrameworkPaths;
       /usr/lib64/dotnet/sdk/10.0.101/Sdks/Microsoft.NET.Sdk/targets/Microsoft.NET.Sdk.FrameworkReferenceResolution.targets(14,5): message :       GetReferenceAssemblyPaths;
       /usr/lib64/dotnet/sdk/10.0.101/Sdks/Microsoft.NET.Sdk/targets/Microsoft.NET.Sdk.FrameworkReferenceResolution.targets(14,5): message :       PrepareForBuild;
       /usr/lib64/dotnet/sdk/10.0.101/Sdks/Microsoft.NET.Sdk/targets/Microsoft.NET.Sdk.FrameworkReferenceResolution.targets(14,5): message :       ResolveSDKReferences;
       /usr/lib64/dotnet/sdk/10.0.101/Sdks/Microsoft.NET.Sdk/targets/Microsoft.NET.Sdk.FrameworkReferenceResolution.targets(14,5): message :       ExpandSDKReferences;
       /usr/lib64/dotnet/sdk/10.0.101/Sdks/Microsoft.NET.Sdk/targets/Microsoft.NET.Sdk.FrameworkReferenceResolution.targets(14,5): message :     ;
       /usr/lib64/dotnet/sdk/10.0.101/Sdks/Microsoft.NET.Sdk/targets/Microsoft.NET.Sdk.FrameworkReferenceResolution.targets(14,5): message :       ResolvePackageDependenciesForBuild;
       /usr/lib64/dotnet/sdk/10.0.101/Sdks/Microsoft.NET.Sdk/targets/Microsoft.NET.Sdk.FrameworkReferenceResolution.targets(14,5): message :       _HandlePackageFileConflicts;
       /usr/lib64/dotnet/sdk/10.0.101/Sdks/Microsoft.NET.Sdk/targets/Microsoft.NET.Sdk.FrameworkReferenceResolution.targets(14,5): message :     ;
       /usr/lib64/dotnet/sdk/10.0.101/Sdks/Microsoft.NET.Sdk/targets/Microsoft.NET.Sdk.FrameworkReferenceResolution.targets(14,5): message :       ResolveTargetingPackAssets;
       /usr/lib64/dotnet/sdk/10.0.101/Sdks/Microsoft.NET.Sdk/targets/Microsoft.NET.Sdk.FrameworkReferenceResolution.targets(14,5): message :     " (previous value: "
       /usr/lib64/dotnet/sdk/10.0.101/Sdks/Microsoft.NET.Sdk/targets/Microsoft.NET.Sdk.FrameworkReferenceResolution.targets(14,5): message :       
       /usr/lib64/dotnet/sdk/10.0.101/Sdks/Microsoft.NET.Sdk/targets/Microsoft.NET.Sdk.FrameworkReferenceResolution.targets(14,5): message :       ResolveProjectReferences;
       /usr/lib64/dotnet/sdk/10.0.101/Sdks/Microsoft.NET.Sdk/targets/Microsoft.NET.Sdk.FrameworkReferenceResolution.targets(14,5): message :       FindInvalidProjectReferences;
       /usr/lib64/dotnet/sdk/10.0.101/Sdks/Microsoft.NET.Sdk/targets/Microsoft.NET.Sdk.FrameworkReferenceResolution.targets(14,5): message :       GetFrameworkPaths;
       /usr/lib64/dotnet/sdk/10.0.101/Sdks/Microsoft.NET.Sdk/targets/Microsoft.NET.Sdk.FrameworkReferenceResolution.targets(14,5): message :       GetReferenceAssemblyPaths;
       /usr/lib64/dotnet/sdk/10.0.101/Sdks/Microsoft.NET.Sdk/targets/Microsoft.NET.Sdk.FrameworkReferenceResolution.targets(14,5): message :       PrepareForBuild;
       /usr/lib64/dotnet/sdk/10.0.101/Sdks/Microsoft.NET.Sdk/targets/Microsoft.NET.Sdk.FrameworkReferenceResolution.targets(14,5): message :       ResolveSDKReferences;
       /usr/lib64/dotnet/sdk/10.0.101/Sdks/Microsoft.NET.Sdk/targets/Microsoft.NET.Sdk.FrameworkReferenceResolution.targets(14,5): message :       ExpandSDKReferences;
       /usr/lib64/dotnet/sdk/10.0.101/Sdks/Microsoft.NET.Sdk/targets/Microsoft.NET.Sdk.FrameworkReferenceResolution.targets(14,5): message :     ;
       /usr/lib64/dotnet/sdk/10.0.101/Sdks/Microsoft.NET.Sdk/targets/Microsoft.NET.Sdk.FrameworkReferenceResolution.targets(14,5): message :       ResolvePackageDependenciesForBuild;
       /usr/lib64/dotnet/sdk/10.0.101/Sdks/Microsoft.NET.Sdk/targets/Microsoft.NET.Sdk.FrameworkReferenceResolution.targets(14,5): message :       _HandlePackageFileConflicts;
       /usr/lib64/dotnet/sdk/10.0.101/Sdks/Microsoft.NET.Sdk/targets/Microsoft.NET.Sdk.FrameworkReferenceResolution.targets(14,5): message :     ") at /usr/lib64/dotnet/sdk/10.0.101/Sdks/Microsoft.NET.Sdk/targets/Microsoft.NET.Sdk.FrameworkReferenceResolution.targets (14,5)
       /usr/lib64/dotnet/sdk/10.0.101/Sdks/Microsoft.NET.Sdk/targets/Microsoft.NET.Sdk.targets(44,5): message : Property reassignment: $(_GenerateRuntimeConfigurationPropertyInputsCache)="/home/baturhan/Projeler/Entegrasyon/Application/Entegrasyon.Blazor/obj/Debug/net8.0/Entegrasyon.Blazor.genruntimeconfig.cache" (previous value: "obj/Debug/net8.0/Entegrasyon.Blazor.genruntimeconfig.cache") at /usr/lib64/dotnet/sdk/10.0.101/Sdks/Microsoft.NET.Sdk/targets/Microsoft.NET.Sdk.targets (44,5)
       /usr/lib64/dotnet/sdk/10.0.101/Sdks/Microsoft.NET.Sdk/targets/Microsoft.NET.Sdk.targets(46,5): message : Property reassignment: $(_GeneratePublishDependencyFilePropertyInputsCache)="/home/baturhan/Projeler/Entegrasyon/Application/Entegrasyon.Blazor/obj/Debug/net8.0/Entegrasyon.Blazor.genpublishdeps.cache" (previous value: "obj/Debug/net8.0/Entegrasyon.Blazor.genpublishdeps.cache") at /usr/lib64/dotnet/sdk/10.0.101/Sdks/Microsoft.NET.Sdk/targets/Microsoft.NET.Sdk.targets (46,5)
       /usr/lib64/dotnet/sdk/10.0.101/Sdks/Microsoft.NET.Sdk/targets/Microsoft.NET.Sdk.targets(48,5): message : Property reassignment: $(_GenerateSingleFileBundlePropertyInputsCache)="/home/baturhan/Projeler/Entegrasyon/Application/Entegrasyon.Blazor/obj/Debug/net8.0/Entegrasyon.Blazor.genbundle.cache" (previous value: "obj/Debug/net8.0/Entegrasyon.Blazor.genbundle.cache") at /usr/lib64/dotnet/sdk/10.0.101/Sdks/Microsoft.NET.Sdk/targets/Microsoft.NET.Sdk.targets (48,5)
       /usr/lib64/dotnet/sdk/10.0.101/Sdks/Microsoft.NET.Sdk/targets/Microsoft.NET.Sdk.targets(81,5): message : Property reassignment: $(GenerateRuntimeConfigDevFile)="false" (previous value: "true") at /usr/lib64/dotnet/sdk/10.0.101/Sdks/Microsoft.NET.Sdk/targets/Microsoft.NET.Sdk.targets (81,5)
       /usr/lib64/dotnet/sdk/10.0.101/Sdks/Microsoft.NET.Sdk/targets/Microsoft.NET.Sdk.targets(97,5): message : Property 'HOME' with value '/home/baturhan' expanded from the environment.
       /usr/lib64/dotnet/sdk/10.0.101/Sdks/Microsoft.NET.Sdk/targets/Microsoft.NET.Sdk.targets(99,5): message : Property reassignment: $(_DefaultUserProfileRuntimeStorePath)="/home/baturhan/.dotnet/store" (previous value: "/home/baturhan") at /usr/lib64/dotnet/sdk/10.0.101/Sdks/Microsoft.NET.Sdk/targets/Microsoft.NET.Sdk.targets (99,5)
       /usr/lib64/dotnet/sdk/10.0.101/Sdks/Microsoft.NET.Sdk/targets/Microsoft.NET.Sdk.targets(144,5): message : Property reassignment: $(AvailablePlatforms)="Any CPU,x86,x64,ARM32" (previous value: "Any CPU,x86,x64") at /usr/lib64/dotnet/sdk/10.0.101/Sdks/Microsoft.NET.Sdk/targets/Microsoft.NET.Sdk.targets (144,5)
       /usr/lib64/dotnet/sdk/10.0.101/Sdks/Microsoft.NET.Sdk/targets/Microsoft.NET.Sdk.targets(148,5): message : Property reassignment: $(AvailablePlatforms)="Any CPU,x86,x64,ARM32,ARM64" (previous value: "Any CPU,x86,x64,ARM32") at /usr/lib64/dotnet/sdk/10.0.101/Sdks/Microsoft.NET.Sdk/targets/Microsoft.NET.Sdk.targets (148,5)
       /usr/lib64/dotnet/sdk/10.0.101/Sdks/Microsoft.NET.Sdk/targets/Microsoft.NET.Sdk.targets(204,5): message : Property reassignment: $(CoreBuildDependsOn)="
       /usr/lib64/dotnet/sdk/10.0.101/Sdks/Microsoft.NET.Sdk/targets/Microsoft.NET.Sdk.targets(204,5): message :       _CheckForBuildWithNoBuild;
       /usr/lib64/dotnet/sdk/10.0.101/Sdks/Microsoft.NET.Sdk/targets/Microsoft.NET.Sdk.targets(204,5): message :       
       /usr/lib64/dotnet/sdk/10.0.101/Sdks/Microsoft.NET.Sdk/targets/Microsoft.NET.Sdk.targets(204,5): message :       BuildOnlySettings;
       /usr/lib64/dotnet/sdk/10.0.101/Sdks/Microsoft.NET.Sdk/targets/Microsoft.NET.Sdk.targets(204,5): message :       PrepareForBuild;
       /usr/lib64/dotnet/sdk/10.0.101/Sdks/Microsoft.NET.Sdk/targets/Microsoft.NET.Sdk.targets(204,5): message :       PreBuildEvent;
       /usr/lib64/dotnet/sdk/10.0.101/Sdks/Microsoft.NET.Sdk/targets/Microsoft.NET.Sdk.targets(204,5): message :       ResolveReferences;
       /usr/lib64/dotnet/sdk/10.0.101/Sdks/Microsoft.NET.Sdk/targets/Microsoft.NET.Sdk.targets(204,5): message :       PrepareResources;
       /usr/lib64/dotnet/sdk/10.0.101/Sdks/Microsoft.NET.Sdk/targets/Microsoft.NET.Sdk.targets(204,5): message :       ResolveKeySource;
       /usr/lib64/dotnet/sdk/10.0.101/Sdks/Microsoft.NET.Sdk/targets/Microsoft.NET.Sdk.targets(204,5): message :       Compile;
       /usr/lib64/dotnet/sdk/10.0.101/Sdks/Microsoft.NET.Sdk/targets/Microsoft.NET.Sdk.targets(204,5): message :       ExportWindowsMDFile;
       /usr/lib64/dotnet/sdk/10.0.101/Sdks/Microsoft.NET.Sdk/targets/Microsoft.NET.Sdk.targets(204,5): message :       UnmanagedUnregistration;
       /usr/lib64/dotnet/sdk/10.0.101/Sdks/Microsoft.NET.Sdk/targets/Microsoft.NET.Sdk.targets(204,5): message :       GenerateSerializationAssemblies;
       /usr/lib64/dotnet/sdk/10.0.101/Sdks/Microsoft.NET.Sdk/targets/Microsoft.NET.Sdk.targets(204,5): message :       CreateSatelliteAssemblies;
       /usr/lib64/dotnet/sdk/10.0.101/Sdks/Microsoft.NET.Sdk/targets/Microsoft.NET.Sdk.targets(204,5): message :       GenerateManifests;
       /usr/lib64/dotnet/sdk/10.0.101/Sdks/Microsoft.NET.Sdk/targets/Microsoft.NET.Sdk.targets(204,5): message :       GetTargetPath;
       /usr/lib64/dotnet/sdk/10.0.101/Sdks/Microsoft.NET.Sdk/targets/Microsoft.NET.Sdk.targets(204,5): message :       PrepareForRun;
       /usr/lib64/dotnet/sdk/10.0.101/Sdks/Microsoft.NET.Sdk/targets/Microsoft.NET.Sdk.targets(204,5): message :       UnmanagedRegistration;
       /usr/lib64/dotnet/sdk/10.0.101/Sdks/Microsoft.NET.Sdk/targets/Microsoft.NET.Sdk.targets(204,5): message :       IncrementalClean;
       /usr/lib64/dotnet/sdk/10.0.101/Sdks/Microsoft.NET.Sdk/targets/Microsoft.NET.Sdk.targets(204,5): message :       PostBuildEvent
       /usr/lib64/dotnet/sdk/10.0.101/Sdks/Microsoft.NET.Sdk/targets/Microsoft.NET.Sdk.targets(204,5): message :     ;
       /usr/lib64/dotnet/sdk/10.0.101/Sdks/Microsoft.NET.Sdk/targets/Microsoft.NET.Sdk.targets(204,5): message :       GenerateBuildDependencyFile;
       /usr/lib64/dotnet/sdk/10.0.101/Sdks/Microsoft.NET.Sdk/targets/Microsoft.NET.Sdk.targets(204,5): message :       GenerateBuildRuntimeConfigurationFiles
       /usr/lib64/dotnet/sdk/10.0.101/Sdks/Microsoft.NET.Sdk/targets/Microsoft.NET.Sdk.targets(204,5): message :     " (previous value: "
       /usr/lib64/dotnet/sdk/10.0.101/Sdks/Microsoft.NET.Sdk/targets/Microsoft.NET.Sdk.targets(204,5): message :       BuildOnlySettings;
       /usr/lib64/dotnet/sdk/10.0.101/Sdks/Microsoft.NET.Sdk/targets/Microsoft.NET.Sdk.targets(204,5): message :       PrepareForBuild;
       /usr/lib64/dotnet/sdk/10.0.101/Sdks/Microsoft.NET.Sdk/targets/Microsoft.NET.Sdk.targets(204,5): message :       PreBuildEvent;
       /usr/lib64/dotnet/sdk/10.0.101/Sdks/Microsoft.NET.Sdk/targets/Microsoft.NET.Sdk.targets(204,5): message :       ResolveReferences;
       /usr/lib64/dotnet/sdk/10.0.101/Sdks/Microsoft.NET.Sdk/targets/Microsoft.NET.Sdk.targets(204,5): message :       PrepareResources;
       /usr/lib64/dotnet/sdk/10.0.101/Sdks/Microsoft.NET.Sdk/targets/Microsoft.NET.Sdk.targets(204,5): message :       ResolveKeySource;
       /usr/lib64/dotnet/sdk/10.0.101/Sdks/Microsoft.NET.Sdk/targets/Microsoft.NET.Sdk.targets(204,5): message :       Compile;
       /usr/lib64/dotnet/sdk/10.0.101/Sdks/Microsoft.NET.Sdk/targets/Microsoft.NET.Sdk.targets(204,5): message :       ExportWindowsMDFile;
       /usr/lib64/dotnet/sdk/10.0.101/Sdks/Microsoft.NET.Sdk/targets/Microsoft.NET.Sdk.targets(204,5): message :       UnmanagedUnregistration;
       /usr/lib64/dotnet/sdk/10.0.101/Sdks/Microsoft.NET.Sdk/targets/Microsoft.NET.Sdk.targets(204,5): message :       GenerateSerializationAssemblies;
       /usr/lib64/dotnet/sdk/10.0.101/Sdks/Microsoft.NET.Sdk/targets/Microsoft.NET.Sdk.targets(204,5): message :       CreateSatelliteAssemblies;
       /usr/lib64/dotnet/sdk/10.0.101/Sdks/Microsoft.NET.Sdk/targets/Microsoft.NET.Sdk.targets(204,5): message :       GenerateManifests;
       /usr/lib64/dotnet/sdk/10.0.101/Sdks/Microsoft.NET.Sdk/targets/Microsoft.NET.Sdk.targets(204,5): message :       GetTargetPath;
       /usr/lib64/dotnet/sdk/10.0.101/Sdks/Microsoft.NET.Sdk/targets/Microsoft.NET.Sdk.targets(204,5): message :       PrepareForRun;
       /usr/lib64/dotnet/sdk/10.0.101/Sdks/Microsoft.NET.Sdk/targets/Microsoft.NET.Sdk.targets(204,5): message :       UnmanagedRegistration;
       /usr/lib64/dotnet/sdk/10.0.101/Sdks/Microsoft.NET.Sdk/targets/Microsoft.NET.Sdk.targets(204,5): message :       IncrementalClean;
       /usr/lib64/dotnet/sdk/10.0.101/Sdks/Microsoft.NET.Sdk/targets/Microsoft.NET.Sdk.targets(204,5): message :       PostBuildEvent
       /usr/lib64/dotnet/sdk/10.0.101/Sdks/Microsoft.NET.Sdk/targets/Microsoft.NET.Sdk.targets(204,5): message :     ") at /usr/lib64/dotnet/sdk/10.0.101/Sdks/Microsoft.NET.Sdk/targets/Microsoft.NET.Sdk.targets (204,5)
       /usr/lib64/dotnet/sdk/10.0.101/Sdks/Microsoft.NET.Sdk/targets/Microsoft.NET.Sdk.targets(213,5): message : Property reassignment: $(CoreCleanDependsOn)="
       /usr/lib64/dotnet/sdk/10.0.101/Sdks/Microsoft.NET.Sdk/targets/Microsoft.NET.Sdk.targets(213,5): message :       _SdkBeforeClean;
       /usr/lib64/dotnet/sdk/10.0.101/Sdks/Microsoft.NET.Sdk/targets/Microsoft.NET.Sdk.targets(213,5): message :       
       /usr/lib64/dotnet/sdk/10.0.101/Sdks/Microsoft.NET.Sdk/targets/Microsoft.NET.Sdk.targets(213,5): message :     " (previous value: "") at /usr/lib64/dotnet/sdk/10.0.101/Sdks/Microsoft.NET.Sdk/targets/Microsoft.NET.Sdk.targets (213,5)
       /usr/lib64/dotnet/sdk/10.0.101/Sdks/Microsoft.NET.Sdk/targets/Microsoft.NET.Sdk.targets(220,5): message : Property reassignment: $(RebuildDependsOn)="
       /usr/lib64/dotnet/sdk/10.0.101/Sdks/Microsoft.NET.Sdk/targets/Microsoft.NET.Sdk.targets(220,5): message :       _SdkBeforeRebuild;
       /usr/lib64/dotnet/sdk/10.0.101/Sdks/Microsoft.NET.Sdk/targets/Microsoft.NET.Sdk.targets(220,5): message :       
       /usr/lib64/dotnet/sdk/10.0.101/Sdks/Microsoft.NET.Sdk/targets/Microsoft.NET.Sdk.targets(220,5): message :       BeforeRebuild;
       /usr/lib64/dotnet/sdk/10.0.101/Sdks/Microsoft.NET.Sdk/targets/Microsoft.NET.Sdk.targets(220,5): message :       Clean;
       /usr/lib64/dotnet/sdk/10.0.101/Sdks/Microsoft.NET.Sdk/targets/Microsoft.NET.Sdk.targets(220,5): message :       Build;
       /usr/lib64/dotnet/sdk/10.0.101/Sdks/Microsoft.NET.Sdk/targets/Microsoft.NET.Sdk.targets(220,5): message :       AfterRebuild;
       /usr/lib64/dotnet/sdk/10.0.101/Sdks/Microsoft.NET.Sdk/targets/Microsoft.NET.Sdk.targets(220,5): message :     
       /usr/lib64/dotnet/sdk/10.0.101/Sdks/Microsoft.NET.Sdk/targets/Microsoft.NET.Sdk.targets(220,5): message :     " (previous value: "
       /usr/lib64/dotnet/sdk/10.0.101/Sdks/Microsoft.NET.Sdk/targets/Microsoft.NET.Sdk.targets(220,5): message :       BeforeRebuild;
       /usr/lib64/dotnet/sdk/10.0.101/Sdks/Microsoft.NET.Sdk/targets/Microsoft.NET.Sdk.targets(220,5): message :       Clean;
       /usr/lib64/dotnet/sdk/10.0.101/Sdks/Microsoft.NET.Sdk/targets/Microsoft.NET.Sdk.targets(220,5): message :       Build;
       /usr/lib64/dotnet/sdk/10.0.101/Sdks/Microsoft.NET.Sdk/targets/Microsoft.NET.Sdk.targets(220,5): message :       AfterRebuild;
       /usr/lib64/dotnet/sdk/10.0.101/Sdks/Microsoft.NET.Sdk/targets/Microsoft.NET.Sdk.targets(220,5): message :     ") at /usr/lib64/dotnet/sdk/10.0.101/Sdks/Microsoft.NET.Sdk/targets/Microsoft.NET.Sdk.targets (220,5)
       /usr/lib64/dotnet/sdk/10.0.101/Sdks/Microsoft.NET.Sdk/targets/Microsoft.NET.Sdk.targets(799,5): message : Property reassignment: $(CompileDependsOn)="
       /usr/lib64/dotnet/sdk/10.0.101/Sdks/Microsoft.NET.Sdk/targets/Microsoft.NET.Sdk.targets(799,5): message :       
       /usr/lib64/dotnet/sdk/10.0.101/Sdks/Microsoft.NET.Sdk/targets/Microsoft.NET.Sdk.targets(799,5): message :       ResolveReferences;
       /usr/lib64/dotnet/sdk/10.0.101/Sdks/Microsoft.NET.Sdk/targets/Microsoft.NET.Sdk.targets(799,5): message :       ResolveKeySource;
       /usr/lib64/dotnet/sdk/10.0.101/Sdks/Microsoft.NET.Sdk/targets/Microsoft.NET.Sdk.targets(799,5): message :       SetWin32ManifestProperties;
       /usr/lib64/dotnet/sdk/10.0.101/Sdks/Microsoft.NET.Sdk/targets/Microsoft.NET.Sdk.targets(799,5): message :       _SetPreferNativeArm64Win32ManifestProperties;
       /usr/lib64/dotnet/sdk/10.0.101/Sdks/Microsoft.NET.Sdk/targets/Microsoft.NET.Sdk.targets(799,5): message :       FindReferenceAssembliesForReferences;
       /usr/lib64/dotnet/sdk/10.0.101/Sdks/Microsoft.NET.Sdk/targets/Microsoft.NET.Sdk.targets(799,5): message :       _GenerateCompileInputs;
       /usr/lib64/dotnet/sdk/10.0.101/Sdks/Microsoft.NET.Sdk/targets/Microsoft.NET.Sdk.targets(799,5): message :       BeforeCompile;
       /usr/lib64/dotnet/sdk/10.0.101/Sdks/Microsoft.NET.Sdk/targets/Microsoft.NET.Sdk.targets(799,5): message :       _TimeStampBeforeCompile;
       /usr/lib64/dotnet/sdk/10.0.101/Sdks/Microsoft.NET.Sdk/targets/Microsoft.NET.Sdk.targets(799,5): message :       _GenerateCompileDependencyCache;
       /usr/lib64/dotnet/sdk/10.0.101/Sdks/Microsoft.NET.Sdk/targets/Microsoft.NET.Sdk.targets(799,5): message :       CoreCompile;
       /usr/lib64/dotnet/sdk/10.0.101/Sdks/Microsoft.NET.Sdk/targets/Microsoft.NET.Sdk.targets(799,5): message :       _TimeStampAfterCompile;
       /usr/lib64/dotnet/sdk/10.0.101/Sdks/Microsoft.NET.Sdk/targets/Microsoft.NET.Sdk.targets(799,5): message :       AfterCompile;
       /usr/lib64/dotnet/sdk/10.0.101/Sdks/Microsoft.NET.Sdk/targets/Microsoft.NET.Sdk.targets(799,5): message :     ;
       /usr/lib64/dotnet/sdk/10.0.101/Sdks/Microsoft.NET.Sdk/targets/Microsoft.NET.Sdk.targets(799,5): message :       _CreateAppHost;
       /usr/lib64/dotnet/sdk/10.0.101/Sdks/Microsoft.NET.Sdk/targets/Microsoft.NET.Sdk.targets(799,5): message :       _CreateComHost;
       /usr/lib64/dotnet/sdk/10.0.101/Sdks/Microsoft.NET.Sdk/targets/Microsoft.NET.Sdk.targets(799,5): message :       _GetIjwHostPaths;
       /usr/lib64/dotnet/sdk/10.0.101/Sdks/Microsoft.NET.Sdk/targets/Microsoft.NET.Sdk.targets(799,5): message :     " (previous value: "
       /usr/lib64/dotnet/sdk/10.0.101/Sdks/Microsoft.NET.Sdk/targets/Microsoft.NET.Sdk.targets(799,5): message :       ResolveReferences;
       /usr/lib64/dotnet/sdk/10.0.101/Sdks/Microsoft.NET.Sdk/targets/Microsoft.NET.Sdk.targets(799,5): message :       ResolveKeySource;
       /usr/lib64/dotnet/sdk/10.0.101/Sdks/Microsoft.NET.Sdk/targets/Microsoft.NET.Sdk.targets(799,5): message :       SetWin32ManifestProperties;
       /usr/lib64/dotnet/sdk/10.0.101/Sdks/Microsoft.NET.Sdk/targets/Microsoft.NET.Sdk.targets(799,5): message :       _SetPreferNativeArm64Win32ManifestProperties;
       /usr/lib64/dotnet/sdk/10.0.101/Sdks/Microsoft.NET.Sdk/targets/Microsoft.NET.Sdk.targets(799,5): message :       FindReferenceAssembliesForReferences;
       /usr/lib64/dotnet/sdk/10.0.101/Sdks/Microsoft.NET.Sdk/targets/Microsoft.NET.Sdk.targets(799,5): message :       _GenerateCompileInputs;
       /usr/lib64/dotnet/sdk/10.0.101/Sdks/Microsoft.NET.Sdk/targets/Microsoft.NET.Sdk.targets(799,5): message :       BeforeCompile;
       /usr/lib64/dotnet/sdk/10.0.101/Sdks/Microsoft.NET.Sdk/targets/Microsoft.NET.Sdk.targets(799,5): message :       _TimeStampBeforeCompile;
       /usr/lib64/dotnet/sdk/10.0.101/Sdks/Microsoft.NET.Sdk/targets/Microsoft.NET.Sdk.targets(799,5): message :       _GenerateCompileDependencyCache;
       /usr/lib64/dotnet/sdk/10.0.101/Sdks/Microsoft.NET.Sdk/targets/Microsoft.NET.Sdk.targets(799,5): message :       CoreCompile;
       /usr/lib64/dotnet/sdk/10.0.101/Sdks/Microsoft.NET.Sdk/targets/Microsoft.NET.Sdk.targets(799,5): message :       _TimeStampAfterCompile;
       /usr/lib64/dotnet/sdk/10.0.101/Sdks/Microsoft.NET.Sdk/targets/Microsoft.NET.Sdk.targets(799,5): message :       AfterCompile;
       /usr/lib64/dotnet/sdk/10.0.101/Sdks/Microsoft.NET.Sdk/targets/Microsoft.NET.Sdk.targets(799,5): message :     ") at /usr/lib64/dotnet/sdk/10.0.101/Sdks/Microsoft.NET.Sdk/targets/Microsoft.NET.Sdk.targets (799,5)
       /usr/lib64/dotnet/sdk/10.0.101/Sdks/Microsoft.NET.Sdk/targets/Microsoft.NET.Sdk.targets(1131,5): message : Property reassignment: $(CreateSatelliteAssembliesDependsOn)="
       /usr/lib64/dotnet/sdk/10.0.101/Sdks/Microsoft.NET.Sdk/targets/Microsoft.NET.Sdk.targets(1131,5): message :       
       /usr/lib64/dotnet/sdk/10.0.101/Sdks/Microsoft.NET.Sdk/targets/Microsoft.NET.Sdk.targets(1131,5): message :       ;
       /usr/lib64/dotnet/sdk/10.0.101/Sdks/Microsoft.NET.Sdk/targets/Microsoft.NET.Sdk.targets(1131,5): message :       _GenerateSatelliteAssemblyInputs;
       /usr/lib64/dotnet/sdk/10.0.101/Sdks/Microsoft.NET.Sdk/targets/Microsoft.NET.Sdk.targets(1131,5): message :       ComputeIntermediateSatelliteAssemblies;
       /usr/lib64/dotnet/sdk/10.0.101/Sdks/Microsoft.NET.Sdk/targets/Microsoft.NET.Sdk.targets(1131,5): message :       GenerateSatelliteAssemblies
       /usr/lib64/dotnet/sdk/10.0.101/Sdks/Microsoft.NET.Sdk/targets/Microsoft.NET.Sdk.targets(1131,5): message :     ;
       /usr/lib64/dotnet/sdk/10.0.101/Sdks/Microsoft.NET.Sdk/targets/Microsoft.NET.Sdk.targets(1131,5): message :       CoreGenerateSatelliteAssemblies
       /usr/lib64/dotnet/sdk/10.0.101/Sdks/Microsoft.NET.Sdk/targets/Microsoft.NET.Sdk.targets(1131,5): message :     " (previous value: "
       /usr/lib64/dotnet/sdk/10.0.101/Sdks/Microsoft.NET.Sdk/targets/Microsoft.NET.Sdk.targets(1131,5): message :       ;
       /usr/lib64/dotnet/sdk/10.0.101/Sdks/Microsoft.NET.Sdk/targets/Microsoft.NET.Sdk.targets(1131,5): message :       _GenerateSatelliteAssemblyInputs;
       /usr/lib64/dotnet/sdk/10.0.101/Sdks/Microsoft.NET.Sdk/targets/Microsoft.NET.Sdk.targets(1131,5): message :       ComputeIntermediateSatelliteAssemblies;
       /usr/lib64/dotnet/sdk/10.0.101/Sdks/Microsoft.NET.Sdk/targets/Microsoft.NET.Sdk.targets(1131,5): message :       GenerateSatelliteAssemblies
       /usr/lib64/dotnet/sdk/10.0.101/Sdks/Microsoft.NET.Sdk/targets/Microsoft.NET.Sdk.targets(1131,5): message :     ") at /usr/lib64/dotnet/sdk/10.0.101/Sdks/Microsoft.NET.Sdk/targets/Microsoft.NET.Sdk.targets (1131,5)
       /usr/lib64/dotnet/sdk/10.0.101/Sdks/Microsoft.SourceLink.GitLab/build/Microsoft.SourceLink.GitLab.targets(12,5): message : Property reassignment: $(SourceLinkUrlInitializerTargets)=";_InitializeGitHubSourceLinkUrl;_InitializeGitLabSourceLinkUrl" (previous value: ";_InitializeGitHubSourceLinkUrl") at /usr/lib64/dotnet/sdk/10.0.101/Sdks/Microsoft.SourceLink.GitLab/build/Microsoft.SourceLink.GitLab.targets (12,5)
       /usr/lib64/dotnet/sdk/10.0.101/Sdks/Microsoft.SourceLink.GitLab/build/Microsoft.SourceLink.GitLab.targets(13,5): message : Property reassignment: $(SourceControlManagerUrlTranslationTargets)=";TranslateGitHubUrlsInSourceControlInformation;TranslateGitLabUrlsInSourceControlInformation" (previous value: ";TranslateGitHubUrlsInSourceControlInformation") at /usr/lib64/dotnet/sdk/10.0.101/Sdks/Microsoft.SourceLink.GitLab/build/Microsoft.SourceLink.GitLab.targets (13,5)
       /usr/lib64/dotnet/sdk/10.0.101/Sdks/Microsoft.SourceLink.AzureRepos.Git/build/Microsoft.SourceLink.AzureRepos.Git.targets(12,5): message : Property reassignment: $(SourceLinkUrlInitializerTargets)=";_InitializeGitHubSourceLinkUrl;_InitializeGitLabSourceLinkUrl;_InitializeAzureReposGitSourceLinkUrl" (previous value: ";_InitializeGitHubSourceLinkUrl;_InitializeGitLabSourceLinkUrl") at /usr/lib64/dotnet/sdk/10.0.101/Sdks/Microsoft.SourceLink.AzureRepos.Git/build/Microsoft.SourceLink.AzureRepos.Git.targets (12,5)
       /usr/lib64/dotnet/sdk/10.0.101/Sdks/Microsoft.SourceLink.AzureRepos.Git/build/Microsoft.SourceLink.AzureRepos.Git.targets(13,5): message : Property reassignment: $(SourceControlManagerUrlTranslationTargets)=";TranslateGitHubUrlsInSourceControlInformation;TranslateGitLabUrlsInSourceControlInformation;TranslateAzureReposGitUrlsInSourceControlInformation" (previous value: ";TranslateGitHubUrlsInSourceControlInformation;TranslateGitLabUrlsInSourceControlInformation") at /usr/lib64/dotnet/sdk/10.0.101/Sdks/Microsoft.SourceLink.AzureRepos.Git/build/Microsoft.SourceLink.AzureRepos.Git.targets (13,5)
       /usr/lib64/dotnet/sdk/10.0.101/Sdks/Microsoft.SourceLink.Bitbucket.Git/build/Microsoft.SourceLink.Bitbucket.Git.targets(12,5): message : Property reassignment: $(SourceLinkUrlInitializerTargets)=";_InitializeGitHubSourceLinkUrl;_InitializeGitLabSourceLinkUrl;_InitializeAzureReposGitSourceLinkUrl;_InitializeBitbucketGitSourceLinkUrl" (previous value: ";_InitializeGitHubSourceLinkUrl;_InitializeGitLabSourceLinkUrl;_InitializeAzureReposGitSourceLinkUrl") at /usr/lib64/dotnet/sdk/10.0.101/Sdks/Microsoft.SourceLink.Bitbucket.Git/build/Microsoft.SourceLink.Bitbucket.Git.targets (12,5)
       /usr/lib64/dotnet/sdk/10.0.101/Sdks/Microsoft.SourceLink.Bitbucket.Git/build/Microsoft.SourceLink.Bitbucket.Git.targets(13,5): message : Property reassignment: $(SourceControlManagerUrlTranslationTargets)=";TranslateGitHubUrlsInSourceControlInformation;TranslateGitLabUrlsInSourceControlInformation;TranslateAzureReposGitUrlsInSourceControlInformation;TranslateBitbucketGitUrlsInSourceControlInformation" (previous value: ";TranslateGitHubUrlsInSourceControlInformation;TranslateGitLabUrlsInSourceControlInformation;TranslateAzureReposGitUrlsInSourceControlInformation") at /usr/lib64/dotnet/sdk/10.0.101/Sdks/Microsoft.SourceLink.Bitbucket.Git/build/Microsoft.SourceLink.Bitbucket.Git.targets (13,5)
       /usr/lib64/dotnet/sdk/10.0.101/Sdks/Microsoft.NET.Sdk/targets/Microsoft.NET.DesignerSupport.targets(21,5): message : Property reassignment: $(DesignerRuntimeImplementationProjectOutputGroupDependsOn)="
       /usr/lib64/dotnet/sdk/10.0.101/Sdks/Microsoft.NET.Sdk/targets/Microsoft.NET.DesignerSupport.targets(21,5): message :       
       /usr/lib64/dotnet/sdk/10.0.101/Sdks/Microsoft.NET.Sdk/targets/Microsoft.NET.DesignerSupport.targets(21,5): message :       ;
       /usr/lib64/dotnet/sdk/10.0.101/Sdks/Microsoft.NET.Sdk/targets/Microsoft.NET.DesignerSupport.targets(21,5): message :       
       /usr/lib64/dotnet/sdk/10.0.101/Sdks/Microsoft.NET.Sdk/targets/Microsoft.NET.DesignerSupport.targets(21,5): message :       ;
       /usr/lib64/dotnet/sdk/10.0.101/Sdks/Microsoft.NET.Sdk/targets/Microsoft.NET.DesignerSupport.targets(21,5): message :       BuildOnlySettings;
       /usr/lib64/dotnet/sdk/10.0.101/Sdks/Microsoft.NET.Sdk/targets/Microsoft.NET.DesignerSupport.targets(21,5): message :       PrepareForBuild;
       /usr/lib64/dotnet/sdk/10.0.101/Sdks/Microsoft.NET.Sdk/targets/Microsoft.NET.DesignerSupport.targets(21,5): message :       AssignTargetPaths;
       /usr/lib64/dotnet/sdk/10.0.101/Sdks/Microsoft.NET.Sdk/targets/Microsoft.NET.DesignerSupport.targets(21,5): message :       ResolveReferences
       /usr/lib64/dotnet/sdk/10.0.101/Sdks/Microsoft.NET.Sdk/targets/Microsoft.NET.DesignerSupport.targets(21,5): message :     
       /usr/lib64/dotnet/sdk/10.0.101/Sdks/Microsoft.NET.Sdk/targets/Microsoft.NET.DesignerSupport.targets(21,5): message :     ;
       /usr/lib64/dotnet/sdk/10.0.101/Sdks/Microsoft.NET.Sdk/targets/Microsoft.NET.DesignerSupport.targets(21,5): message :       _GenerateDesignerDepsFile;
       /usr/lib64/dotnet/sdk/10.0.101/Sdks/Microsoft.NET.Sdk/targets/Microsoft.NET.DesignerSupport.targets(21,5): message :       _GenerateDesignerRuntimeConfigFile;
       /usr/lib64/dotnet/sdk/10.0.101/Sdks/Microsoft.NET.Sdk/targets/Microsoft.NET.DesignerSupport.targets(21,5): message :       GetCopyToOutputDirectoryItems;
       /usr/lib64/dotnet/sdk/10.0.101/Sdks/Microsoft.NET.Sdk/targets/Microsoft.NET.DesignerSupport.targets(21,5): message :       _GatherDesignerShadowCopyFiles;
       /usr/lib64/dotnet/sdk/10.0.101/Sdks/Microsoft.NET.Sdk/targets/Microsoft.NET.DesignerSupport.targets(21,5): message :     " (previous value: "
       /usr/lib64/dotnet/sdk/10.0.101/Sdks/Microsoft.NET.Sdk/targets/Microsoft.NET.DesignerSupport.targets(21,5): message :       ;
       /usr/lib64/dotnet/sdk/10.0.101/Sdks/Microsoft.NET.Sdk/targets/Microsoft.NET.DesignerSupport.targets(21,5): message :       
       /usr/lib64/dotnet/sdk/10.0.101/Sdks/Microsoft.NET.Sdk/targets/Microsoft.NET.DesignerSupport.targets(21,5): message :       ;
       /usr/lib64/dotnet/sdk/10.0.101/Sdks/Microsoft.NET.Sdk/targets/Microsoft.NET.DesignerSupport.targets(21,5): message :       BuildOnlySettings;
       /usr/lib64/dotnet/sdk/10.0.101/Sdks/Microsoft.NET.Sdk/targets/Microsoft.NET.DesignerSupport.targets(21,5): message :       PrepareForBuild;
       /usr/lib64/dotnet/sdk/10.0.101/Sdks/Microsoft.NET.Sdk/targets/Microsoft.NET.DesignerSupport.targets(21,5): message :       AssignTargetPaths;
       /usr/lib64/dotnet/sdk/10.0.101/Sdks/Microsoft.NET.Sdk/targets/Microsoft.NET.DesignerSupport.targets(21,5): message :       ResolveReferences
       /usr/lib64/dotnet/sdk/10.0.101/Sdks/Microsoft.NET.Sdk/targets/Microsoft.NET.DesignerSupport.targets(21,5): message :     
       /usr/lib64/dotnet/sdk/10.0.101/Sdks/Microsoft.NET.Sdk/targets/Microsoft.NET.DesignerSupport.targets(21,5): message :     ") at /usr/lib64/dotnet/sdk/10.0.101/Sdks/Microsoft.NET.Sdk/targets/Microsoft.NET.DesignerSupport.targets (21,5)
       /usr/lib64/dotnet/sdk/10.0.101/Sdks/Microsoft.NET.Sdk/targets/Microsoft.NET.Sdk.CSharp.targets(31,5): message : Property reassignment: $(DefineConstants)="TRACE;DEBUG" (previous value: "TRACE") at /usr/lib64/dotnet/sdk/10.0.101/Sdks/Microsoft.NET.Sdk/targets/Microsoft.NET.Sdk.CSharp.targets (31,5)
       /usr/lib64/dotnet/sdk/10.0.101/Sdks/Microsoft.NET.Sdk/targets/Microsoft.NET.Sdk.CSharp.targets(45,5): message : Property reassignment: $(WarningsAsErrors)=";NU1605;SYSLIB0011" (previous value: ";NU1605") at /usr/lib64/dotnet/sdk/10.0.101/Sdks/Microsoft.NET.Sdk/targets/Microsoft.NET.Sdk.CSharp.targets (45,5)
       /usr/lib64/dotnet/sdk/10.0.101/NuGet.Build.Tasks.Pack.targets(34,5): message : Property reassignment: $(PackageDescription)="Package Description" (previous value: "") at /usr/lib64/dotnet/sdk/10.0.101/NuGet.Build.Tasks.Pack.targets (34,5)
       /usr/lib64/dotnet/sdk/10.0.101/NuGet.Build.Tasks.Pack.targets(59,5): message : Property reassignment: $(GenerateNuspecDependsOn)="Build;_LoadPackInputItems; _GetTargetFrameworksOutput; _WalkEachTargetPerFramework; _GetPackageFiles; " (previous value: "_LoadPackInputItems; _GetTargetFrameworksOutput; _WalkEachTargetPerFramework; _GetPackageFiles; ") at /usr/lib64/dotnet/sdk/10.0.101/NuGet.Build.Tasks.Pack.targets (59,5)
       /usr/lib64/dotnet/sdk/10.0.101/Sdks/Microsoft.NET.Sdk/Sdk/Sdk.targets(59,5): message : Property reassignment: $(_IsNotSetContainersTargetsDir)="true" (previous value: "false") at /usr/lib64/dotnet/sdk/10.0.101/Sdks/Microsoft.NET.Sdk/Sdk/Sdk.targets (59,5)
       /usr/lib64/dotnet/sdk/10.0.101/Containers/build/Microsoft.NET.Build.Containers.targets(5,5): message : Property reassignment: $(_IsSDKContainerAllowedVersion)="true" (previous value: "false") at /usr/lib64/dotnet/sdk/10.0.101/Containers/build/Microsoft.NET.Build.Containers.targets (5,5)
       /usr/lib64/dotnet/sdk/10.0.101/Containers/build/Microsoft.NET.Build.Containers.targets(15,5): message : Property reassignment: $(_ContainerIsTargetingNet8TFM)="true" (previous value: "false") at /usr/lib64/dotnet/sdk/10.0.101/Containers/build/Microsoft.NET.Build.Containers.targets (15,5)
       /usr/lib64/dotnet/sdk/10.0.101/Sdks/Microsoft.NET.Sdk.StaticWebAssets/targets/Sdk.StaticWebAssets.CurrentVersion.targets(37,18): message : Property 'DOTNET_HOST_PATH' with value '/usr/lib64/dotnet/dotnet' expanded from the environment.
       /usr/lib64/dotnet/sdk/10.0.101/Sdks/Microsoft.NET.Sdk.StaticWebAssets/targets/Microsoft.NET.Sdk.StaticWebAssets.targets(286,5): message : Property reassignment: $(PrepareForRunDependsOn)="StaticWebAssetsPrepareForRun;
       /usr/lib64/dotnet/sdk/10.0.101/Sdks/Microsoft.NET.Sdk.StaticWebAssets/targets/Microsoft.NET.Sdk.StaticWebAssets.targets(286,5): message :       CopyFilesToOutputDirectory
       /usr/lib64/dotnet/sdk/10.0.101/Sdks/Microsoft.NET.Sdk.StaticWebAssets/targets/Microsoft.NET.Sdk.StaticWebAssets.targets(286,5): message :     " (previous value: "
       /usr/lib64/dotnet/sdk/10.0.101/Sdks/Microsoft.NET.Sdk.StaticWebAssets/targets/Microsoft.NET.Sdk.StaticWebAssets.targets(286,5): message :       CopyFilesToOutputDirectory
       /usr/lib64/dotnet/sdk/10.0.101/Sdks/Microsoft.NET.Sdk.StaticWebAssets/targets/Microsoft.NET.Sdk.StaticWebAssets.targets(286,5): message :     ") at /usr/lib64/dotnet/sdk/10.0.101/Sdks/Microsoft.NET.Sdk.StaticWebAssets/targets/Microsoft.NET.Sdk.StaticWebAssets.targets (286,5)
       /usr/lib64/dotnet/sdk/10.0.101/Sdks/Microsoft.NET.Sdk.StaticWebAssets/targets/Microsoft.NET.Sdk.StaticWebAssets.targets(323,5): message : Property reassignment: $(GetCopyToOutputDirectoryItemsDependsOn)="
       /usr/lib64/dotnet/sdk/10.0.101/Sdks/Microsoft.NET.Sdk.StaticWebAssets/targets/Microsoft.NET.Sdk.StaticWebAssets.targets(323,5): message :       AssignTargetPaths;
       /usr/lib64/dotnet/sdk/10.0.101/Sdks/Microsoft.NET.Sdk.StaticWebAssets/targets/Microsoft.NET.Sdk.StaticWebAssets.targets(323,5): message :       
       /usr/lib64/dotnet/sdk/10.0.101/Sdks/Microsoft.NET.Sdk.StaticWebAssets/targets/Microsoft.NET.Sdk.StaticWebAssets.targets(323,5): message :       AssignProjectConfiguration;
       /usr/lib64/dotnet/sdk/10.0.101/Sdks/Microsoft.NET.Sdk.StaticWebAssets/targets/Microsoft.NET.Sdk.StaticWebAssets.targets(323,5): message :       _SplitProjectReferencesByFileExistence
       /usr/lib64/dotnet/sdk/10.0.101/Sdks/Microsoft.NET.Sdk.StaticWebAssets/targets/Microsoft.NET.Sdk.StaticWebAssets.targets(323,5): message :     ;
       /usr/lib64/dotnet/sdk/10.0.101/Sdks/Microsoft.NET.Sdk.StaticWebAssets/targets/Microsoft.NET.Sdk.StaticWebAssets.targets(323,5): message :       _GetProjectReferenceTargetFrameworkProperties;
       /usr/lib64/dotnet/sdk/10.0.101/Sdks/Microsoft.NET.Sdk.StaticWebAssets/targets/Microsoft.NET.Sdk.StaticWebAssets.targets(323,5): message :       _PopulateCommonStateForGetCopyToOutputDirectoryItems
       /usr/lib64/dotnet/sdk/10.0.101/Sdks/Microsoft.NET.Sdk.StaticWebAssets/targets/Microsoft.NET.Sdk.StaticWebAssets.targets(323,5): message :     ;AddStaticWebAssetsManifest;AddStaticWebAssetEndpointsBuildManifest" (previous value: "
       /usr/lib64/dotnet/sdk/10.0.101/Sdks/Microsoft.NET.Sdk.StaticWebAssets/targets/Microsoft.NET.Sdk.StaticWebAssets.targets(323,5): message :       AssignTargetPaths;
       /usr/lib64/dotnet/sdk/10.0.101/Sdks/Microsoft.NET.Sdk.StaticWebAssets/targets/Microsoft.NET.Sdk.StaticWebAssets.targets(323,5): message :       
       /usr/lib64/dotnet/sdk/10.0.101/Sdks/Microsoft.NET.Sdk.StaticWebAssets/targets/Microsoft.NET.Sdk.StaticWebAssets.targets(323,5): message :       AssignProjectConfiguration;
       /usr/lib64/dotnet/sdk/10.0.101/Sdks/Microsoft.NET.Sdk.StaticWebAssets/targets/Microsoft.NET.Sdk.StaticWebAssets.targets(323,5): message :       _SplitProjectReferencesByFileExistence
       /usr/lib64/dotnet/sdk/10.0.101/Sdks/Microsoft.NET.Sdk.StaticWebAssets/targets/Microsoft.NET.Sdk.StaticWebAssets.targets(323,5): message :     ;
       /usr/lib64/dotnet/sdk/10.0.101/Sdks/Microsoft.NET.Sdk.StaticWebAssets/targets/Microsoft.NET.Sdk.StaticWebAssets.targets(323,5): message :       _GetProjectReferenceTargetFrameworkProperties;
       /usr/lib64/dotnet/sdk/10.0.101/Sdks/Microsoft.NET.Sdk.StaticWebAssets/targets/Microsoft.NET.Sdk.StaticWebAssets.targets(323,5): message :       _PopulateCommonStateForGetCopyToOutputDirectoryItems
       /usr/lib64/dotnet/sdk/10.0.101/Sdks/Microsoft.NET.Sdk.StaticWebAssets/targets/Microsoft.NET.Sdk.StaticWebAssets.targets(323,5): message :     ") at /usr/lib64/dotnet/sdk/10.0.101/Sdks/Microsoft.NET.Sdk.StaticWebAssets/targets/Microsoft.NET.Sdk.StaticWebAssets.targets (323,5)
       /usr/lib64/dotnet/sdk/10.0.101/Sdks/Microsoft.NET.Sdk.StaticWebAssets/targets/Microsoft.NET.Sdk.StaticWebAssets.Pack.targets(46,5): message : Property reassignment: $(GenerateNuspecDependsOn)="
       /usr/lib64/dotnet/sdk/10.0.101/Sdks/Microsoft.NET.Sdk.StaticWebAssets/targets/Microsoft.NET.Sdk.StaticWebAssets.Pack.targets(46,5): message :       IncludeStaticWebAssetsPackItems;
       /usr/lib64/dotnet/sdk/10.0.101/Sdks/Microsoft.NET.Sdk.StaticWebAssets/targets/Microsoft.NET.Sdk.StaticWebAssets.Pack.targets(46,5): message :       Build;_LoadPackInputItems; _GetTargetFrameworksOutput; _WalkEachTargetPerFramework; _GetPackageFiles; ;
       /usr/lib64/dotnet/sdk/10.0.101/Sdks/Microsoft.NET.Sdk.StaticWebAssets/targets/Microsoft.NET.Sdk.StaticWebAssets.Pack.targets(46,5): message :     " (previous value: "Build;_LoadPackInputItems; _GetTargetFrameworksOutput; _WalkEachTargetPerFramework; _GetPackageFiles; ") at /usr/lib64/dotnet/sdk/10.0.101/Sdks/Microsoft.NET.Sdk.StaticWebAssets/targets/Microsoft.NET.Sdk.StaticWebAssets.Pack.targets (46,5)
       /usr/lib64/dotnet/sdk/10.0.101/Sdks/Microsoft.NET.Sdk.StaticWebAssets/targets/Microsoft.NET.Sdk.StaticWebAssets.Pack.targets(55,5): message : Property reassignment: $(IncludeStaticWebAssetsPackItemsDependsOn)="
       /usr/lib64/dotnet/sdk/10.0.101/Sdks/Microsoft.NET.Sdk.StaticWebAssets/targets/Microsoft.NET.Sdk.StaticWebAssets.Pack.targets(55,5): message :       Build;
       /usr/lib64/dotnet/sdk/10.0.101/Sdks/Microsoft.NET.Sdk.StaticWebAssets/targets/Microsoft.NET.Sdk.StaticWebAssets.Pack.targets(55,5): message :       ResolveStaticWebAssetsConfiguration;LoadStaticWebAssetsBuildManifest
       /usr/lib64/dotnet/sdk/10.0.101/Sdks/Microsoft.NET.Sdk.StaticWebAssets/targets/Microsoft.NET.Sdk.StaticWebAssets.Pack.targets(55,5): message :     ;
       /usr/lib64/dotnet/sdk/10.0.101/Sdks/Microsoft.NET.Sdk.StaticWebAssets/targets/Microsoft.NET.Sdk.StaticWebAssets.Pack.targets(55,5): message :     " (previous value: "
       /usr/lib64/dotnet/sdk/10.0.101/Sdks/Microsoft.NET.Sdk.StaticWebAssets/targets/Microsoft.NET.Sdk.StaticWebAssets.Pack.targets(55,5): message :       ResolveStaticWebAssetsConfiguration;LoadStaticWebAssetsBuildManifest
       /usr/lib64/dotnet/sdk/10.0.101/Sdks/Microsoft.NET.Sdk.StaticWebAssets/targets/Microsoft.NET.Sdk.StaticWebAssets.Pack.targets(55,5): message :     ") at /usr/lib64/dotnet/sdk/10.0.101/Sdks/Microsoft.NET.Sdk.StaticWebAssets/targets/Microsoft.NET.Sdk.StaticWebAssets.Pack.targets (55,5)
       /usr/lib64/dotnet/sdk/10.0.101/Sdks/Microsoft.NET.Sdk.StaticWebAssets/targets/Microsoft.NET.Sdk.StaticWebAssets.ScopedCss.targets(55,3): message : Property reassignment: $(ResolveStaticWebAssetsInputsDependsOn)="
       /usr/lib64/dotnet/sdk/10.0.101/Sdks/Microsoft.NET.Sdk.StaticWebAssets/targets/Microsoft.NET.Sdk.StaticWebAssets.ScopedCss.targets(55,3): message :     
       /usr/lib64/dotnet/sdk/10.0.101/Sdks/Microsoft.NET.Sdk.StaticWebAssets/targets/Microsoft.NET.Sdk.StaticWebAssets.ScopedCss.targets(55,3): message :       ResolveCoreStaticWebAssets;
       /usr/lib64/dotnet/sdk/10.0.101/Sdks/Microsoft.NET.Sdk.StaticWebAssets/targets/Microsoft.NET.Sdk.StaticWebAssets.ScopedCss.targets(55,3): message :       GenerateComputedBuildStaticWebAssets;
       /usr/lib64/dotnet/sdk/10.0.101/Sdks/Microsoft.NET.Sdk.StaticWebAssets/targets/Microsoft.NET.Sdk.StaticWebAssets.ScopedCss.targets(55,3): message :       
       /usr/lib64/dotnet/sdk/10.0.101/Sdks/Microsoft.NET.Sdk.StaticWebAssets/targets/Microsoft.NET.Sdk.StaticWebAssets.ScopedCss.targets(55,3): message :     ;
       /usr/lib64/dotnet/sdk/10.0.101/Sdks/Microsoft.NET.Sdk.StaticWebAssets/targets/Microsoft.NET.Sdk.StaticWebAssets.ScopedCss.targets(55,3): message :     ResolveScopedCssAssets;
       /usr/lib64/dotnet/sdk/10.0.101/Sdks/Microsoft.NET.Sdk.StaticWebAssets/targets/Microsoft.NET.Sdk.StaticWebAssets.ScopedCss.targets(55,3): message :   " (previous value: "
       /usr/lib64/dotnet/sdk/10.0.101/Sdks/Microsoft.NET.Sdk.StaticWebAssets/targets/Microsoft.NET.Sdk.StaticWebAssets.ScopedCss.targets(55,3): message :       ResolveCoreStaticWebAssets;
       /usr/lib64/dotnet/sdk/10.0.101/Sdks/Microsoft.NET.Sdk.StaticWebAssets/targets/Microsoft.NET.Sdk.StaticWebAssets.ScopedCss.targets(55,3): message :       GenerateComputedBuildStaticWebAssets;
       /usr/lib64/dotnet/sdk/10.0.101/Sdks/Microsoft.NET.Sdk.StaticWebAssets/targets/Microsoft.NET.Sdk.StaticWebAssets.ScopedCss.targets(55,3): message :       
       /usr/lib64/dotnet/sdk/10.0.101/Sdks/Microsoft.NET.Sdk.StaticWebAssets/targets/Microsoft.NET.Sdk.StaticWebAssets.ScopedCss.targets(55,3): message :     ") at /usr/lib64/dotnet/sdk/10.0.101/Sdks/Microsoft.NET.Sdk.StaticWebAssets/targets/Microsoft.NET.Sdk.StaticWebAssets.ScopedCss.targets (55,3)
       /usr/lib64/dotnet/sdk/10.0.101/Sdks/Microsoft.NET.Sdk.StaticWebAssets/targets/Microsoft.NET.Sdk.StaticWebAssets.ScopedCss.targets(88,3): message : Property reassignment: $(GenerateComputedBuildStaticWebAssetsDependsOn)="
       /usr/lib64/dotnet/sdk/10.0.101/Sdks/Microsoft.NET.Sdk.StaticWebAssets/targets/Microsoft.NET.Sdk.StaticWebAssets.ScopedCss.targets(88,3): message :     ResolveCoreStaticWebAssets;;
       /usr/lib64/dotnet/sdk/10.0.101/Sdks/Microsoft.NET.Sdk.StaticWebAssets/targets/Microsoft.NET.Sdk.StaticWebAssets.ScopedCss.targets(88,3): message :     BundleScopedCssFiles;
       /usr/lib64/dotnet/sdk/10.0.101/Sdks/Microsoft.NET.Sdk.StaticWebAssets/targets/Microsoft.NET.Sdk.StaticWebAssets.ScopedCss.targets(88,3): message :   " (previous value: "ResolveCoreStaticWebAssets;") at /usr/lib64/dotnet/sdk/10.0.101/Sdks/Microsoft.NET.Sdk.StaticWebAssets/targets/Microsoft.NET.Sdk.StaticWebAssets.ScopedCss.targets (88,3)
       /usr/lib64/dotnet/sdk/10.0.101/Sdks/Microsoft.NET.Sdk.StaticWebAssets/targets/Microsoft.NET.Sdk.StaticWebAssets.JSModules.targets(37,5): message : Property reassignment: $(ResolveCoreStaticWebAssetsDependsOn)="
       /usr/lib64/dotnet/sdk/10.0.101/Sdks/Microsoft.NET.Sdk.StaticWebAssets/targets/Microsoft.NET.Sdk.StaticWebAssets.JSModules.targets(37,5): message :       
       /usr/lib64/dotnet/sdk/10.0.101/Sdks/Microsoft.NET.Sdk.StaticWebAssets/targets/Microsoft.NET.Sdk.StaticWebAssets.JSModules.targets(37,5): message :       UpdateExistingPackageStaticWebAssets;
       /usr/lib64/dotnet/sdk/10.0.101/Sdks/Microsoft.NET.Sdk.StaticWebAssets/targets/Microsoft.NET.Sdk.StaticWebAssets.JSModules.targets(37,5): message :       ResolveProjectStaticWebAssets;
       /usr/lib64/dotnet/sdk/10.0.101/Sdks/Microsoft.NET.Sdk.StaticWebAssets/targets/Microsoft.NET.Sdk.StaticWebAssets.JSModules.targets(37,5): message :       ResolveEmbeddedProjectsStaticWebAssets;
       /usr/lib64/dotnet/sdk/10.0.101/Sdks/Microsoft.NET.Sdk.StaticWebAssets/targets/Microsoft.NET.Sdk.StaticWebAssets.JSModules.targets(37,5): message :       ResolveReferencedProjectsStaticWebAssets;
       /usr/lib64/dotnet/sdk/10.0.101/Sdks/Microsoft.NET.Sdk.StaticWebAssets/targets/Microsoft.NET.Sdk.StaticWebAssets.JSModules.targets(37,5): message :       ;
       /usr/lib64/dotnet/sdk/10.0.101/Sdks/Microsoft.NET.Sdk.StaticWebAssets/targets/Microsoft.NET.Sdk.StaticWebAssets.JSModules.targets(37,5): message :     ;
       /usr/lib64/dotnet/sdk/10.0.101/Sdks/Microsoft.NET.Sdk.StaticWebAssets/targets/Microsoft.NET.Sdk.StaticWebAssets.JSModules.targets(37,5): message :       ResolveJsInitializerModuleStaticWebAssets;
       /usr/lib64/dotnet/sdk/10.0.101/Sdks/Microsoft.NET.Sdk.StaticWebAssets/targets/Microsoft.NET.Sdk.StaticWebAssets.JSModules.targets(37,5): message :     " (previous value: "
       /usr/lib64/dotnet/sdk/10.0.101/Sdks/Microsoft.NET.Sdk.StaticWebAssets/targets/Microsoft.NET.Sdk.StaticWebAssets.JSModules.targets(37,5): message :       UpdateExistingPackageStaticWebAssets;
       /usr/lib64/dotnet/sdk/10.0.101/Sdks/Microsoft.NET.Sdk.StaticWebAssets/targets/Microsoft.NET.Sdk.StaticWebAssets.JSModules.targets(37,5): message :       ResolveProjectStaticWebAssets;
       /usr/lib64/dotnet/sdk/10.0.101/Sdks/Microsoft.NET.Sdk.StaticWebAssets/targets/Microsoft.NET.Sdk.StaticWebAssets.JSModules.targets(37,5): message :       ResolveEmbeddedProjectsStaticWebAssets;
       /usr/lib64/dotnet/sdk/10.0.101/Sdks/Microsoft.NET.Sdk.StaticWebAssets/targets/Microsoft.NET.Sdk.StaticWebAssets.JSModules.targets(37,5): message :       ResolveReferencedProjectsStaticWebAssets;
       /usr/lib64/dotnet/sdk/10.0.101/Sdks/Microsoft.NET.Sdk.StaticWebAssets/targets/Microsoft.NET.Sdk.StaticWebAssets.JSModules.targets(37,5): message :       ;
       /usr/lib64/dotnet/sdk/10.0.101/Sdks/Microsoft.NET.Sdk.StaticWebAssets/targets/Microsoft.NET.Sdk.StaticWebAssets.JSModules.targets(37,5): message :     ") at /usr/lib64/dotnet/sdk/10.0.101/Sdks/Microsoft.NET.Sdk.StaticWebAssets/targets/Microsoft.NET.Sdk.StaticWebAssets.JSModules.targets (37,5)
       /usr/lib64/dotnet/sdk/10.0.101/Sdks/Microsoft.NET.Sdk.StaticWebAssets/targets/Microsoft.NET.Sdk.StaticWebAssets.JSModules.targets(42,5): message : Property reassignment: $(ResolveCoreStaticWebAssetsDependsOn)="
       /usr/lib64/dotnet/sdk/10.0.101/Sdks/Microsoft.NET.Sdk.StaticWebAssets/targets/Microsoft.NET.Sdk.StaticWebAssets.JSModules.targets(42,5): message :       
       /usr/lib64/dotnet/sdk/10.0.101/Sdks/Microsoft.NET.Sdk.StaticWebAssets/targets/Microsoft.NET.Sdk.StaticWebAssets.JSModules.targets(42,5): message :       
       /usr/lib64/dotnet/sdk/10.0.101/Sdks/Microsoft.NET.Sdk.StaticWebAssets/targets/Microsoft.NET.Sdk.StaticWebAssets.JSModules.targets(42,5): message :       UpdateExistingPackageStaticWebAssets;
       /usr/lib64/dotnet/sdk/10.0.101/Sdks/Microsoft.NET.Sdk.StaticWebAssets/targets/Microsoft.NET.Sdk.StaticWebAssets.JSModules.targets(42,5): message :       ResolveProjectStaticWebAssets;
       /usr/lib64/dotnet/sdk/10.0.101/Sdks/Microsoft.NET.Sdk.StaticWebAssets/targets/Microsoft.NET.Sdk.StaticWebAssets.JSModules.targets(42,5): message :       ResolveEmbeddedProjectsStaticWebAssets;
       /usr/lib64/dotnet/sdk/10.0.101/Sdks/Microsoft.NET.Sdk.StaticWebAssets/targets/Microsoft.NET.Sdk.StaticWebAssets.JSModules.targets(42,5): message :       ResolveReferencedProjectsStaticWebAssets;
       /usr/lib64/dotnet/sdk/10.0.101/Sdks/Microsoft.NET.Sdk.StaticWebAssets/targets/Microsoft.NET.Sdk.StaticWebAssets.JSModules.targets(42,5): message :       ;
       /usr/lib64/dotnet/sdk/10.0.101/Sdks/Microsoft.NET.Sdk.StaticWebAssets/targets/Microsoft.NET.Sdk.StaticWebAssets.JSModules.targets(42,5): message :     ;
       /usr/lib64/dotnet/sdk/10.0.101/Sdks/Microsoft.NET.Sdk.StaticWebAssets/targets/Microsoft.NET.Sdk.StaticWebAssets.JSModules.targets(42,5): message :       ResolveJsInitializerModuleStaticWebAssets;
       /usr/lib64/dotnet/sdk/10.0.101/Sdks/Microsoft.NET.Sdk.StaticWebAssets/targets/Microsoft.NET.Sdk.StaticWebAssets.JSModules.targets(42,5): message :     ;
       /usr/lib64/dotnet/sdk/10.0.101/Sdks/Microsoft.NET.Sdk.StaticWebAssets/targets/Microsoft.NET.Sdk.StaticWebAssets.JSModules.targets(42,5): message :       ResolveJSModuleStaticWebAssets;
       /usr/lib64/dotnet/sdk/10.0.101/Sdks/Microsoft.NET.Sdk.StaticWebAssets/targets/Microsoft.NET.Sdk.StaticWebAssets.JSModules.targets(42,5): message :     " (previous value: "
       /usr/lib64/dotnet/sdk/10.0.101/Sdks/Microsoft.NET.Sdk.StaticWebAssets/targets/Microsoft.NET.Sdk.StaticWebAssets.JSModules.targets(42,5): message :       
       /usr/lib64/dotnet/sdk/10.0.101/Sdks/Microsoft.NET.Sdk.StaticWebAssets/targets/Microsoft.NET.Sdk.StaticWebAssets.JSModules.targets(42,5): message :       UpdateExistingPackageStaticWebAssets;
       /usr/lib64/dotnet/sdk/10.0.101/Sdks/Microsoft.NET.Sdk.StaticWebAssets/targets/Microsoft.NET.Sdk.StaticWebAssets.JSModules.targets(42,5): message :       ResolveProjectStaticWebAssets;
       /usr/lib64/dotnet/sdk/10.0.101/Sdks/Microsoft.NET.Sdk.StaticWebAssets/targets/Microsoft.NET.Sdk.StaticWebAssets.JSModules.targets(42,5): message :       ResolveEmbeddedProjectsStaticWebAssets;
       /usr/lib64/dotnet/sdk/10.0.101/Sdks/Microsoft.NET.Sdk.StaticWebAssets/targets/Microsoft.NET.Sdk.StaticWebAssets.JSModules.targets(42,5): message :       ResolveReferencedProjectsStaticWebAssets;
       /usr/lib64/dotnet/sdk/10.0.101/Sdks/Microsoft.NET.Sdk.StaticWebAssets/targets/Microsoft.NET.Sdk.StaticWebAssets.JSModules.targets(42,5): message :       ;
       /usr/lib64/dotnet/sdk/10.0.101/Sdks/Microsoft.NET.Sdk.StaticWebAssets/targets/Microsoft.NET.Sdk.StaticWebAssets.JSModules.targets(42,5): message :     ;
       /usr/lib64/dotnet/sdk/10.0.101/Sdks/Microsoft.NET.Sdk.StaticWebAssets/targets/Microsoft.NET.Sdk.StaticWebAssets.JSModules.targets(42,5): message :       ResolveJsInitializerModuleStaticWebAssets;
       /usr/lib64/dotnet/sdk/10.0.101/Sdks/Microsoft.NET.Sdk.StaticWebAssets/targets/Microsoft.NET.Sdk.StaticWebAssets.JSModules.targets(42,5): message :     ") at /usr/lib64/dotnet/sdk/10.0.101/Sdks/Microsoft.NET.Sdk.StaticWebAssets/targets/Microsoft.NET.Sdk.StaticWebAssets.JSModules.targets (42,5)
       /usr/lib64/dotnet/sdk/10.0.101/Sdks/Microsoft.NET.Sdk.StaticWebAssets/targets/Microsoft.NET.Sdk.StaticWebAssets.JSModules.targets(57,5): message : Property reassignment: $(ResolveStaticWebAssetsInputsDependsOn)="
       /usr/lib64/dotnet/sdk/10.0.101/Sdks/Microsoft.NET.Sdk.StaticWebAssets/targets/Microsoft.NET.Sdk.StaticWebAssets.JSModules.targets(57,5): message :       ResolveJSModuleManifestBuildStaticWebAssets;
       /usr/lib64/dotnet/sdk/10.0.101/Sdks/Microsoft.NET.Sdk.StaticWebAssets/targets/Microsoft.NET.Sdk.StaticWebAssets.JSModules.targets(57,5): message :       
       /usr/lib64/dotnet/sdk/10.0.101/Sdks/Microsoft.NET.Sdk.StaticWebAssets/targets/Microsoft.NET.Sdk.StaticWebAssets.JSModules.targets(57,5): message :     
       /usr/lib64/dotnet/sdk/10.0.101/Sdks/Microsoft.NET.Sdk.StaticWebAssets/targets/Microsoft.NET.Sdk.StaticWebAssets.JSModules.targets(57,5): message :       ResolveCoreStaticWebAssets;
       /usr/lib64/dotnet/sdk/10.0.101/Sdks/Microsoft.NET.Sdk.StaticWebAssets/targets/Microsoft.NET.Sdk.StaticWebAssets.JSModules.targets(57,5): message :       GenerateComputedBuildStaticWebAssets;
       /usr/lib64/dotnet/sdk/10.0.101/Sdks/Microsoft.NET.Sdk.StaticWebAssets/targets/Microsoft.NET.Sdk.StaticWebAssets.JSModules.targets(57,5): message :       
       /usr/lib64/dotnet/sdk/10.0.101/Sdks/Microsoft.NET.Sdk.StaticWebAssets/targets/Microsoft.NET.Sdk.StaticWebAssets.JSModules.targets(57,5): message :     ;
       /usr/lib64/dotnet/sdk/10.0.101/Sdks/Microsoft.NET.Sdk.StaticWebAssets/targets/Microsoft.NET.Sdk.StaticWebAssets.JSModules.targets(57,5): message :     ResolveScopedCssAssets;
       /usr/lib64/dotnet/sdk/10.0.101/Sdks/Microsoft.NET.Sdk.StaticWebAssets/targets/Microsoft.NET.Sdk.StaticWebAssets.JSModules.targets(57,5): message :   
       /usr/lib64/dotnet/sdk/10.0.101/Sdks/Microsoft.NET.Sdk.StaticWebAssets/targets/Microsoft.NET.Sdk.StaticWebAssets.JSModules.targets(57,5): message :     " (previous value: "
       /usr/lib64/dotnet/sdk/10.0.101/Sdks/Microsoft.NET.Sdk.StaticWebAssets/targets/Microsoft.NET.Sdk.StaticWebAssets.JSModules.targets(57,5): message :     
       /usr/lib64/dotnet/sdk/10.0.101/Sdks/Microsoft.NET.Sdk.StaticWebAssets/targets/Microsoft.NET.Sdk.StaticWebAssets.JSModules.targets(57,5): message :       ResolveCoreStaticWebAssets;
       /usr/lib64/dotnet/sdk/10.0.101/Sdks/Microsoft.NET.Sdk.StaticWebAssets/targets/Microsoft.NET.Sdk.StaticWebAssets.JSModules.targets(57,5): message :       GenerateComputedBuildStaticWebAssets;
       /usr/lib64/dotnet/sdk/10.0.101/Sdks/Microsoft.NET.Sdk.StaticWebAssets/targets/Microsoft.NET.Sdk.StaticWebAssets.JSModules.targets(57,5): message :       
       /usr/lib64/dotnet/sdk/10.0.101/Sdks/Microsoft.NET.Sdk.StaticWebAssets/targets/Microsoft.NET.Sdk.StaticWebAssets.JSModules.targets(57,5): message :     ;
       /usr/lib64/dotnet/sdk/10.0.101/Sdks/Microsoft.NET.Sdk.StaticWebAssets/targets/Microsoft.NET.Sdk.StaticWebAssets.JSModules.targets(57,5): message :     ResolveScopedCssAssets;
       /usr/lib64/dotnet/sdk/10.0.101/Sdks/Microsoft.NET.Sdk.StaticWebAssets/targets/Microsoft.NET.Sdk.StaticWebAssets.JSModules.targets(57,5): message :   ") at /usr/lib64/dotnet/sdk/10.0.101/Sdks/Microsoft.NET.Sdk.StaticWebAssets/targets/Microsoft.NET.Sdk.StaticWebAssets.JSModules.targets (57,5)
       /usr/lib64/dotnet/sdk/10.0.101/Sdks/Microsoft.NET.Sdk.StaticWebAssets/targets/Microsoft.NET.Sdk.StaticWebAssets.JSModules.targets(76,5): message : Property reassignment: $(ResolvePublishStaticWebAssetsDependsOn)="
       /usr/lib64/dotnet/sdk/10.0.101/Sdks/Microsoft.NET.Sdk.StaticWebAssets/targets/Microsoft.NET.Sdk.StaticWebAssets.JSModules.targets(76,5): message :       ResolveJSModuleManifestPublishStaticWebAssets;
       /usr/lib64/dotnet/sdk/10.0.101/Sdks/Microsoft.NET.Sdk.StaticWebAssets/targets/Microsoft.NET.Sdk.StaticWebAssets.JSModules.targets(76,5): message :       
       /usr/lib64/dotnet/sdk/10.0.101/Sdks/Microsoft.NET.Sdk.StaticWebAssets/targets/Microsoft.NET.Sdk.StaticWebAssets.JSModules.targets(76,5): message :       ResolveCorePublishStaticWebAssets;
       /usr/lib64/dotnet/sdk/10.0.101/Sdks/Microsoft.NET.Sdk.StaticWebAssets/targets/Microsoft.NET.Sdk.StaticWebAssets.JSModules.targets(76,5): message :       GenerateComputedPublishStaticWebAssets;
       /usr/lib64/dotnet/sdk/10.0.101/Sdks/Microsoft.NET.Sdk.StaticWebAssets/targets/Microsoft.NET.Sdk.StaticWebAssets.JSModules.targets(76,5): message :       ;
       /usr/lib64/dotnet/sdk/10.0.101/Sdks/Microsoft.NET.Sdk.StaticWebAssets/targets/Microsoft.NET.Sdk.StaticWebAssets.JSModules.targets(76,5): message :     
       /usr/lib64/dotnet/sdk/10.0.101/Sdks/Microsoft.NET.Sdk.StaticWebAssets/targets/Microsoft.NET.Sdk.StaticWebAssets.JSModules.targets(76,5): message :     " (previous value: "
       /usr/lib64/dotnet/sdk/10.0.101/Sdks/Microsoft.NET.Sdk.StaticWebAssets/targets/Microsoft.NET.Sdk.StaticWebAssets.JSModules.targets(76,5): message :       ResolveCorePublishStaticWebAssets;
       /usr/lib64/dotnet/sdk/10.0.101/Sdks/Microsoft.NET.Sdk.StaticWebAssets/targets/Microsoft.NET.Sdk.StaticWebAssets.JSModules.targets(76,5): message :       GenerateComputedPublishStaticWebAssets;
       /usr/lib64/dotnet/sdk/10.0.101/Sdks/Microsoft.NET.Sdk.StaticWebAssets/targets/Microsoft.NET.Sdk.StaticWebAssets.JSModules.targets(76,5): message :       ;
       /usr/lib64/dotnet/sdk/10.0.101/Sdks/Microsoft.NET.Sdk.StaticWebAssets/targets/Microsoft.NET.Sdk.StaticWebAssets.JSModules.targets(76,5): message :     ") at /usr/lib64/dotnet/sdk/10.0.101/Sdks/Microsoft.NET.Sdk.StaticWebAssets/targets/Microsoft.NET.Sdk.StaticWebAssets.JSModules.targets (76,5)
       /usr/lib64/dotnet/sdk/10.0.101/Sdks/Microsoft.NET.Sdk.StaticWebAssets/targets/Microsoft.NET.Sdk.StaticWebAssets.Compression.targets(185,5): message : Property reassignment: $(ResolveBuildRelatedStaticWebAssetsDependsOn)="
       /usr/lib64/dotnet/sdk/10.0.101/Sdks/Microsoft.NET.Sdk.StaticWebAssets/targets/Microsoft.NET.Sdk.StaticWebAssets.Compression.targets(185,5): message :       ResolveBuildCompressedStaticWebAssets;
       /usr/lib64/dotnet/sdk/10.0.101/Sdks/Microsoft.NET.Sdk.StaticWebAssets/targets/Microsoft.NET.Sdk.StaticWebAssets.Compression.targets(185,5): message :       
       /usr/lib64/dotnet/sdk/10.0.101/Sdks/Microsoft.NET.Sdk.StaticWebAssets/targets/Microsoft.NET.Sdk.StaticWebAssets.Compression.targets(185,5): message :       ResolveStaticWebAssetsInputs;
       /usr/lib64/dotnet/sdk/10.0.101/Sdks/Microsoft.NET.Sdk.StaticWebAssets/targets/Microsoft.NET.Sdk.StaticWebAssets.Compression.targets(185,5): message :       
       /usr/lib64/dotnet/sdk/10.0.101/Sdks/Microsoft.NET.Sdk.StaticWebAssets/targets/Microsoft.NET.Sdk.StaticWebAssets.Compression.targets(185,5): message :     
       /usr/lib64/dotnet/sdk/10.0.101/Sdks/Microsoft.NET.Sdk.StaticWebAssets/targets/Microsoft.NET.Sdk.StaticWebAssets.Compression.targets(185,5): message :     " (previous value: "
       /usr/lib64/dotnet/sdk/10.0.101/Sdks/Microsoft.NET.Sdk.StaticWebAssets/targets/Microsoft.NET.Sdk.StaticWebAssets.Compression.targets(185,5): message :       ResolveStaticWebAssetsInputs;
       /usr/lib64/dotnet/sdk/10.0.101/Sdks/Microsoft.NET.Sdk.StaticWebAssets/targets/Microsoft.NET.Sdk.StaticWebAssets.Compression.targets(185,5): message :       
       /usr/lib64/dotnet/sdk/10.0.101/Sdks/Microsoft.NET.Sdk.StaticWebAssets/targets/Microsoft.NET.Sdk.StaticWebAssets.Compression.targets(185,5): message :     ") at /usr/lib64/dotnet/sdk/10.0.101/Sdks/Microsoft.NET.Sdk.StaticWebAssets/targets/Microsoft.NET.Sdk.StaticWebAssets.Compression.targets (185,5)
       /usr/lib64/dotnet/sdk/10.0.101/Sdks/Microsoft.NET.Sdk.StaticWebAssets/targets/Microsoft.NET.Sdk.StaticWebAssets.Compression.targets(204,5): message : Property reassignment: $(ResolvePublishRelatedStaticWebAssetsDependsOn)="
       /usr/lib64/dotnet/sdk/10.0.101/Sdks/Microsoft.NET.Sdk.StaticWebAssets/targets/Microsoft.NET.Sdk.StaticWebAssets.Compression.targets(204,5): message :       ResolvePublishCompressedStaticWebAssets;
       /usr/lib64/dotnet/sdk/10.0.101/Sdks/Microsoft.NET.Sdk.StaticWebAssets/targets/Microsoft.NET.Sdk.StaticWebAssets.Compression.targets(204,5): message :       
       /usr/lib64/dotnet/sdk/10.0.101/Sdks/Microsoft.NET.Sdk.StaticWebAssets/targets/Microsoft.NET.Sdk.StaticWebAssets.Compression.targets(204,5): message :     " (previous value: "") at /usr/lib64/dotnet/sdk/10.0.101/Sdks/Microsoft.NET.Sdk.StaticWebAssets/targets/Microsoft.NET.Sdk.StaticWebAssets.Compression.targets (204,5)
       /usr/lib64/dotnet/sdk/10.0.101/Sdks/Microsoft.NET.Sdk.Razor/targets/Sdk.Razor.CurrentVersion.targets(220,5): message : Property reassignment: $(DebugSymbolsProjectOutputGroupDependsOn)="
       /usr/lib64/dotnet/sdk/10.0.101/Sdks/Microsoft.NET.Sdk.Razor/targets/Sdk.Razor.CurrentVersion.targets(220,5): message :       ;
       /usr/lib64/dotnet/sdk/10.0.101/Sdks/Microsoft.NET.Sdk.Razor/targets/Sdk.Razor.CurrentVersion.targets(220,5): message :       _RazorAddDebugSymbolsProjectOutputGroupOutput
       /usr/lib64/dotnet/sdk/10.0.101/Sdks/Microsoft.NET.Sdk.Razor/targets/Sdk.Razor.CurrentVersion.targets(220,5): message :     " (previous value: "") at /usr/lib64/dotnet/sdk/10.0.101/Sdks/Microsoft.NET.Sdk.Razor/targets/Sdk.Razor.CurrentVersion.targets (220,5)
       /usr/lib64/dotnet/sdk/10.0.101/Sdks/Microsoft.NET.Sdk.Razor/targets/Sdk.Razor.CurrentVersion.targets(225,5): message : Property reassignment: $(PrepareForBuildDependsOn)="
       /usr/lib64/dotnet/sdk/10.0.101/Sdks/Microsoft.NET.Sdk.Razor/targets/Sdk.Razor.CurrentVersion.targets(225,5): message :       ;GetFrameworkPaths;GetReferenceAssemblyPaths;AssignLinkMetadata;
       /usr/lib64/dotnet/sdk/10.0.101/Sdks/Microsoft.NET.Sdk.Razor/targets/Sdk.Razor.CurrentVersion.targets(225,5): message :       ResolveRazorGenerateInputs
       /usr/lib64/dotnet/sdk/10.0.101/Sdks/Microsoft.NET.Sdk.Razor/targets/Sdk.Razor.CurrentVersion.targets(225,5): message :     " (previous value: ";GetFrameworkPaths;GetReferenceAssemblyPaths;AssignLinkMetadata") at /usr/lib64/dotnet/sdk/10.0.101/Sdks/Microsoft.NET.Sdk.Razor/targets/Sdk.Razor.CurrentVersion.targets (225,5)
       /usr/lib64/dotnet/sdk/10.0.101/Sdks/Microsoft.NET.Sdk.Razor/targets/Sdk.Razor.CurrentVersion.targets(230,5): message : Property reassignment: $(GenerateNuspecDependsOn)="
       /usr/lib64/dotnet/sdk/10.0.101/Sdks/Microsoft.NET.Sdk.Razor/targets/Sdk.Razor.CurrentVersion.targets(230,5): message :       ResolveRazorGenerateInputs;
       /usr/lib64/dotnet/sdk/10.0.101/Sdks/Microsoft.NET.Sdk.Razor/targets/Sdk.Razor.CurrentVersion.targets(230,5): message :       
       /usr/lib64/dotnet/sdk/10.0.101/Sdks/Microsoft.NET.Sdk.Razor/targets/Sdk.Razor.CurrentVersion.targets(230,5): message :       IncludeStaticWebAssetsPackItems;
       /usr/lib64/dotnet/sdk/10.0.101/Sdks/Microsoft.NET.Sdk.Razor/targets/Sdk.Razor.CurrentVersion.targets(230,5): message :       Build;_LoadPackInputItems; _GetTargetFrameworksOutput; _WalkEachTargetPerFramework; _GetPackageFiles; ;
       /usr/lib64/dotnet/sdk/10.0.101/Sdks/Microsoft.NET.Sdk.Razor/targets/Sdk.Razor.CurrentVersion.targets(230,5): message :     
       /usr/lib64/dotnet/sdk/10.0.101/Sdks/Microsoft.NET.Sdk.Razor/targets/Sdk.Razor.CurrentVersion.targets(230,5): message :     " (previous value: "
       /usr/lib64/dotnet/sdk/10.0.101/Sdks/Microsoft.NET.Sdk.Razor/targets/Sdk.Razor.CurrentVersion.targets(230,5): message :       IncludeStaticWebAssetsPackItems;
       /usr/lib64/dotnet/sdk/10.0.101/Sdks/Microsoft.NET.Sdk.Razor/targets/Sdk.Razor.CurrentVersion.targets(230,5): message :       Build;_LoadPackInputItems; _GetTargetFrameworksOutput; _WalkEachTargetPerFramework; _GetPackageFiles; ;
       /usr/lib64/dotnet/sdk/10.0.101/Sdks/Microsoft.NET.Sdk.Razor/targets/Sdk.Razor.CurrentVersion.targets(230,5): message :     ") at /usr/lib64/dotnet/sdk/10.0.101/Sdks/Microsoft.NET.Sdk.Razor/targets/Sdk.Razor.CurrentVersion.targets (230,5)
       /usr/lib64/dotnet/sdk/10.0.101/Sdks/Microsoft.NET.Sdk.Razor/targets/Sdk.Razor.CurrentVersion.targets(235,5): message : Property reassignment: $(PrepareForRunDependsOn)="
       /usr/lib64/dotnet/sdk/10.0.101/Sdks/Microsoft.NET.Sdk.Razor/targets/Sdk.Razor.CurrentVersion.targets(235,5): message :       _RazorPrepareForRun;
       /usr/lib64/dotnet/sdk/10.0.101/Sdks/Microsoft.NET.Sdk.Razor/targets/Sdk.Razor.CurrentVersion.targets(235,5): message :       StaticWebAssetsPrepareForRun;
       /usr/lib64/dotnet/sdk/10.0.101/Sdks/Microsoft.NET.Sdk.Razor/targets/Sdk.Razor.CurrentVersion.targets(235,5): message :       CopyFilesToOutputDirectory
       /usr/lib64/dotnet/sdk/10.0.101/Sdks/Microsoft.NET.Sdk.Razor/targets/Sdk.Razor.CurrentVersion.targets(235,5): message :     
       /usr/lib64/dotnet/sdk/10.0.101/Sdks/Microsoft.NET.Sdk.Razor/targets/Sdk.Razor.CurrentVersion.targets(235,5): message :     " (previous value: "StaticWebAssetsPrepareForRun;
       /usr/lib64/dotnet/sdk/10.0.101/Sdks/Microsoft.NET.Sdk.Razor/targets/Sdk.Razor.CurrentVersion.targets(235,5): message :       CopyFilesToOutputDirectory
       /usr/lib64/dotnet/sdk/10.0.101/Sdks/Microsoft.NET.Sdk.Razor/targets/Sdk.Razor.CurrentVersion.targets(235,5): message :     ") at /usr/lib64/dotnet/sdk/10.0.101/Sdks/Microsoft.NET.Sdk.Razor/targets/Sdk.Razor.CurrentVersion.targets (235,5)
       /usr/lib64/dotnet/sdk/10.0.101/Sdks/Microsoft.NET.Sdk.Razor/targets/Sdk.Razor.CurrentVersion.targets(326,5): message : Property reassignment: $(UseRazorBuildServer)="true" (previous value: "") at /usr/lib64/dotnet/sdk/10.0.101/Sdks/Microsoft.NET.Sdk.Razor/targets/Sdk.Razor.CurrentVersion.targets (326,5)
       /usr/lib64/dotnet/sdk/10.0.101/Sdks/Microsoft.NET.Sdk.Razor/targets/Sdk.Razor.CurrentVersion.targets(332,5): message : Property reassignment: $(_RazorDebugSymbolsProduced)="true" (previous value: "false") at /usr/lib64/dotnet/sdk/10.0.101/Sdks/Microsoft.NET.Sdk.Razor/targets/Sdk.Razor.CurrentVersion.targets (332,5)
       /usr/lib64/dotnet/sdk/10.0.101/Sdks/Microsoft.NET.Sdk.Razor/targets/Microsoft.NET.Sdk.Razor.GenerateAssemblyInfo.targets(36,5): message : Property reassignment: $(GenerateRazorTargetAssemblyInfoDependsOn)="
       /usr/lib64/dotnet/sdk/10.0.101/Sdks/Microsoft.NET.Sdk.Razor/targets/Microsoft.NET.Sdk.Razor.GenerateAssemblyInfo.targets(36,5): message :       _ResolveMvcAssemblyAttributes;
       /usr/lib64/dotnet/sdk/10.0.101/Sdks/Microsoft.NET.Sdk.Razor/targets/Microsoft.NET.Sdk.Razor.GenerateAssemblyInfo.targets(36,5): message :       
       /usr/lib64/dotnet/sdk/10.0.101/Sdks/Microsoft.NET.Sdk.Razor/targets/Microsoft.NET.Sdk.Razor.GenerateAssemblyInfo.targets(36,5): message :       GetRazorTargetAssemblyAttributes;
       /usr/lib64/dotnet/sdk/10.0.101/Sdks/Microsoft.NET.Sdk.Razor/targets/Microsoft.NET.Sdk.Razor.GenerateAssemblyInfo.targets(36,5): message :       _CreateRazorTargetAssemblyInfoInputsCacheFile;
       /usr/lib64/dotnet/sdk/10.0.101/Sdks/Microsoft.NET.Sdk.Razor/targets/Microsoft.NET.Sdk.Razor.GenerateAssemblyInfo.targets(36,5): message :       CoreGenerateRazorTargetAssemblyInfo
       /usr/lib64/dotnet/sdk/10.0.101/Sdks/Microsoft.NET.Sdk.Razor/targets/Microsoft.NET.Sdk.Razor.GenerateAssemblyInfo.targets(36,5): message :     
       /usr/lib64/dotnet/sdk/10.0.101/Sdks/Microsoft.NET.Sdk.Razor/targets/Microsoft.NET.Sdk.Razor.GenerateAssemblyInfo.targets(36,5): message :     " (previous value: "
       /usr/lib64/dotnet/sdk/10.0.101/Sdks/Microsoft.NET.Sdk.Razor/targets/Microsoft.NET.Sdk.Razor.GenerateAssemblyInfo.targets(36,5): message :       GetRazorTargetAssemblyAttributes;
       /usr/lib64/dotnet/sdk/10.0.101/Sdks/Microsoft.NET.Sdk.Razor/targets/Microsoft.NET.Sdk.Razor.GenerateAssemblyInfo.targets(36,5): message :       _CreateRazorTargetAssemblyInfoInputsCacheFile;
       /usr/lib64/dotnet/sdk/10.0.101/Sdks/Microsoft.NET.Sdk.Razor/targets/Microsoft.NET.Sdk.Razor.GenerateAssemblyInfo.targets(36,5): message :       CoreGenerateRazorTargetAssemblyInfo
       /usr/lib64/dotnet/sdk/10.0.101/Sdks/Microsoft.NET.Sdk.Razor/targets/Microsoft.NET.Sdk.Razor.GenerateAssemblyInfo.targets(36,5): message :     ") at /usr/lib64/dotnet/sdk/10.0.101/Sdks/Microsoft.NET.Sdk.Razor/targets/Microsoft.NET.Sdk.Razor.GenerateAssemblyInfo.targets (36,5)
       /usr/lib64/dotnet/sdk/10.0.101/Sdks/Microsoft.NET.Sdk.Razor/targets/Microsoft.NET.Sdk.Razor.GenerateAssemblyInfo.targets(181,5): message : Property reassignment: $(CoreCompileDependsOn)="
       /usr/lib64/dotnet/sdk/10.0.101/Sdks/Microsoft.NET.Sdk.Razor/targets/Microsoft.NET.Sdk.Razor.GenerateAssemblyInfo.targets(181,5): message :       ;_ComputeNonExistentFileProperty;ResolveCodeAnalysisRuleSet;
       /usr/lib64/dotnet/sdk/10.0.101/Sdks/Microsoft.NET.Sdk.Razor/targets/Microsoft.NET.Sdk.Razor.GenerateAssemblyInfo.targets(181,5): message :       _GenerateRazorAssemblyInfo
       /usr/lib64/dotnet/sdk/10.0.101/Sdks/Microsoft.NET.Sdk.Razor/targets/Microsoft.NET.Sdk.Razor.GenerateAssemblyInfo.targets(181,5): message :     " (previous value: ";_ComputeNonExistentFileProperty;ResolveCodeAnalysisRuleSet") at /usr/lib64/dotnet/sdk/10.0.101/Sdks/Microsoft.NET.Sdk.Razor/targets/Microsoft.NET.Sdk.Razor.GenerateAssemblyInfo.targets (181,5)
       /usr/lib64/dotnet/sdk/10.0.101/Sdks/Microsoft.NET.Sdk.Razor/targets/Microsoft.NET.Sdk.Razor.GenerateAssemblyInfo.targets(189,5): message : Property reassignment: $(_GenerateRazorAssemblyInfoDependsOn)="
       /usr/lib64/dotnet/sdk/10.0.101/Sdks/Microsoft.NET.Sdk.Razor/targets/Microsoft.NET.Sdk.Razor.GenerateAssemblyInfo.targets(189,5): message :       _ResolveMvcAssemblyAttributes;
       /usr/lib64/dotnet/sdk/10.0.101/Sdks/Microsoft.NET.Sdk.Razor/targets/Microsoft.NET.Sdk.Razor.GenerateAssemblyInfo.targets(189,5): message :       RazorGetAssemblyAttributes;PrepareForBuild;_CoreGenerateRazorAssemblyInfo;
       /usr/lib64/dotnet/sdk/10.0.101/Sdks/Microsoft.NET.Sdk.Razor/targets/Microsoft.NET.Sdk.Razor.GenerateAssemblyInfo.targets(189,5): message :     " (previous value: "RazorGetAssemblyAttributes;PrepareForBuild;_CoreGenerateRazorAssemblyInfo") at /usr/lib64/dotnet/sdk/10.0.101/Sdks/Microsoft.NET.Sdk.Razor/targets/Microsoft.NET.Sdk.Razor.GenerateAssemblyInfo.targets (189,5)
       /usr/lib64/dotnet/sdk/10.0.101/Sdks/Microsoft.NET.Sdk.Razor/targets/Microsoft.NET.Sdk.Razor.MvcApplicationPartsDiscovery.targets(22,5): message : Property reassignment: $(CoreCompileDependsOn)="
       /usr/lib64/dotnet/sdk/10.0.101/Sdks/Microsoft.NET.Sdk.Razor/targets/Microsoft.NET.Sdk.Razor.MvcApplicationPartsDiscovery.targets(22,5): message :       _DiscoverMvcApplicationParts;
       /usr/lib64/dotnet/sdk/10.0.101/Sdks/Microsoft.NET.Sdk.Razor/targets/Microsoft.NET.Sdk.Razor.MvcApplicationPartsDiscovery.targets(22,5): message :       
       /usr/lib64/dotnet/sdk/10.0.101/Sdks/Microsoft.NET.Sdk.Razor/targets/Microsoft.NET.Sdk.Razor.MvcApplicationPartsDiscovery.targets(22,5): message :       ;_ComputeNonExistentFileProperty;ResolveCodeAnalysisRuleSet;
       /usr/lib64/dotnet/sdk/10.0.101/Sdks/Microsoft.NET.Sdk.Razor/targets/Microsoft.NET.Sdk.Razor.MvcApplicationPartsDiscovery.targets(22,5): message :       _GenerateRazorAssemblyInfo
       /usr/lib64/dotnet/sdk/10.0.101/Sdks/Microsoft.NET.Sdk.Razor/targets/Microsoft.NET.Sdk.Razor.MvcApplicationPartsDiscovery.targets(22,5): message :     ;
       /usr/lib64/dotnet/sdk/10.0.101/Sdks/Microsoft.NET.Sdk.Razor/targets/Microsoft.NET.Sdk.Razor.MvcApplicationPartsDiscovery.targets(22,5): message :     " (previous value: "
       /usr/lib64/dotnet/sdk/10.0.101/Sdks/Microsoft.NET.Sdk.Razor/targets/Microsoft.NET.Sdk.Razor.MvcApplicationPartsDiscovery.targets(22,5): message :       ;_ComputeNonExistentFileProperty;ResolveCodeAnalysisRuleSet;
       /usr/lib64/dotnet/sdk/10.0.101/Sdks/Microsoft.NET.Sdk.Razor/targets/Microsoft.NET.Sdk.Razor.MvcApplicationPartsDiscovery.targets(22,5): message :       _GenerateRazorAssemblyInfo
       /usr/lib64/dotnet/sdk/10.0.101/Sdks/Microsoft.NET.Sdk.Razor/targets/Microsoft.NET.Sdk.Razor.MvcApplicationPartsDiscovery.targets(22,5): message :     ") at /usr/lib64/dotnet/sdk/10.0.101/Sdks/Microsoft.NET.Sdk.Razor/targets/Microsoft.NET.Sdk.Razor.MvcApplicationPartsDiscovery.targets (22,5)
       /usr/lib64/dotnet/sdk/10.0.101/Sdks/Microsoft.NET.Sdk.Razor/targets/Sdk.Razor.CurrentVersion.targets(884,5): message : Property reassignment: $(RazorDesignTimeTargets)="/usr/lib64/dotnet/sdk/10.0.101/Sdks/Microsoft.NET.Sdk.Razor/targets/Microsoft.NET.Sdk.Razor.DesignTime.targets" (previous value: "/usr/lib64/dotnet/sdk/10.0.101/Microsoft/VisualStudio/Razor/Microsoft.NET.Sdk.Razor.DesignTime.targets") at /usr/lib64/dotnet/sdk/10.0.101/Sdks/Microsoft.NET.Sdk.Razor/targets/Sdk.Razor.CurrentVersion.targets (884,5)
       /usr/lib64/dotnet/sdk/10.0.101/Sdks/Microsoft.NET.Sdk.Web.ProjectSystem/targets/Microsoft.NET.Sdk.Web.ProjectSystem.targets(21,5): message : Property reassignment: $(RunWorkingDirectory)="/home/baturhan/Projeler/Entegrasyon/Application/Entegrasyon.Blazor" (previous value: "") at /usr/lib64/dotnet/sdk/10.0.101/Sdks/Microsoft.NET.Sdk.Web.ProjectSystem/targets/Microsoft.NET.Sdk.Web.ProjectSystem.targets (21,5)
       /usr/lib64/dotnet/sdk/10.0.101/Sdks/Microsoft.NET.Sdk.Publish/targets/Microsoft.NET.Sdk.Publish.targets(60,5): message : Property reassignment: $(PublishProfileImported)="true" (previous value: "false") at /usr/lib64/dotnet/sdk/10.0.101/Sdks/Microsoft.NET.Sdk.Publish/targets/Microsoft.NET.Sdk.Publish.targets (60,5)
       /usr/lib64/dotnet/sdk/10.0.101/Sdks/Microsoft.NET.Sdk.Publish/targets/Microsoft.NET.Sdk.Publish.targets(81,5): message : Property reassignment: $(PublishConfiguration)="Debug" (previous value: "") at /usr/lib64/dotnet/sdk/10.0.101/Sdks/Microsoft.NET.Sdk.Publish/targets/Microsoft.NET.Sdk.Publish.targets (81,5)
       /usr/lib64/dotnet/sdk/10.0.101/Sdks/Microsoft.NET.Sdk.Publish/targets/Microsoft.NET.Sdk.Publish.targets(87,5): message : Property reassignment: $(BaseIntermediateOutputPath)="/home/baturhan/Projeler/Entegrasyon/Application/Entegrasyon.Blazor/obj/" (previous value: "obj/") at /usr/lib64/dotnet/sdk/10.0.101/Sdks/Microsoft.NET.Sdk.Publish/targets/Microsoft.NET.Sdk.Publish.targets (87,5)
       Overriding target "ResolveFrameworkReferences" in project "/usr/lib64/dotnet/sdk/10.0.101/Microsoft.Common.CurrentVersion.targets" with target "ResolveFrameworkReferences" from project "/usr/lib64/dotnet/sdk/10.0.101/Sdks/Microsoft.NET.Sdk/targets/Microsoft.NET.Sdk.FrameworkReferenceResolution.targets".
       Overriding target "GenerateSupportedTargetFrameworkAlias" in project "/usr/lib64/dotnet/sdk/10.0.101/Microsoft.Common.CurrentVersion.targets" with target "GenerateSupportedTargetFrameworkAlias" from project "/usr/lib64/dotnet/sdk/10.0.101/Sdks/Microsoft.NET.Sdk/targets/Microsoft.NET.Sdk.targets".
       Overriding target "GetReferenceAssemblyPaths" in project "/usr/lib64/dotnet/sdk/10.0.101/Microsoft.Common.CurrentVersion.targets" with target "GetReferenceAssemblyPaths" from project "/usr/lib64/dotnet/sdk/10.0.101/Sdks/Microsoft.NET.Sdk/targets/Microsoft.NET.DisableStandardFrameworkResolution.targets".
       Overriding target "GetFrameworkPaths" in project "/usr/lib64/dotnet/sdk/10.0.101/Microsoft.Common.CurrentVersion.targets" with target "GetFrameworkPaths" from project "/usr/lib64/dotnet/sdk/10.0.101/Sdks/Microsoft.NET.Sdk/targets/Microsoft.NET.DisableStandardFrameworkResolution.targets".
       Overriding target "DesignerRuntimeImplementationProjectOutputGroup" in project "/usr/lib64/dotnet/sdk/10.0.101/Microsoft.Common.CurrentVersion.targets" with target "DesignerRuntimeImplementationProjectOutputGroup" from project "/usr/lib64/dotnet/sdk/10.0.101/Sdks/Microsoft.NET.Sdk/targets/Microsoft.NET.DesignerSupport.targets".
       Overriding target "Publish" in project "/usr/lib64/dotnet/sdk/10.0.101/Microsoft.Common.CurrentVersion.targets" with target "Publish" from project "/usr/lib64/dotnet/sdk/10.0.101/Sdks/Microsoft.NET.Sdk/targets/Microsoft.NET.Publish.targets".
       Overriding target "ResolveReadyToRunCompilers" in project "/usr/lib64/dotnet/sdk/10.0.101/Sdks/Microsoft.NET.Sdk/targets/Microsoft.NET.CrossGen.targets" with target "ResolveReadyToRunCompilers" from project "/usr/lib64/dotnet/sdk/10.0.101/Sdks/Microsoft.NET.Sdk/targets/Microsoft.NET.Publish.targets".
       Overriding target "GetCopyToPublishDirectoryItems" in project "/usr/lib64/dotnet/sdk/10.0.101/Microsoft.Common.CurrentVersion.targets" with target "GetCopyToPublishDirectoryItems" from project "/usr/lib64/dotnet/sdk/10.0.101/Sdks/Microsoft.NET.Sdk/targets/Microsoft.NET.Publish.targets".
       Overriding target "Run" in project "/usr/lib64/dotnet/sdk/10.0.101/Microsoft.Common.CurrentVersion.targets" with target "Run" from project "/usr/lib64/dotnet/sdk/10.0.101/Sdks/Microsoft.NET.Sdk/targets/Microsoft.NET.Sdk.targets".
       Overriding target "BeforePublish" in project "/usr/lib64/dotnet/sdk/10.0.101/Microsoft.Common.CurrentVersion.targets" with target "BeforePublish" from project "/usr/lib64/dotnet/sdk/10.0.101/Sdks/Microsoft.NET.Sdk.Publish/targets/Microsoft.NET.Sdk.Publish.targets".
       Overriding target "AfterPublish" in project "/usr/lib64/dotnet/sdk/10.0.101/Microsoft.Common.CurrentVersion.targets" with target "AfterPublish" from project "/usr/lib64/dotnet/sdk/10.0.101/Sdks/Microsoft.NET.Sdk.Publish/targets/Microsoft.NET.Sdk.Publish.targets".
       The target "CollectUpToDateCheckInputDesignTime" listed in a BeforeTargets attribute at "/usr/lib64/dotnet/sdk/10.0.101/Sdks/Microsoft.NET.Sdk.StaticWebAssets/targets/Microsoft.NET.Sdk.StaticWebAssets.ScopedCss.targets (171,5)" does not exist in the project, and will be ignored.
       The target "CollectUpToDateCheckBuiltDesignTime" listed in a BeforeTargets attribute at "/usr/lib64/dotnet/sdk/10.0.101/Sdks/Microsoft.NET.Sdk.StaticWebAssets/targets/Microsoft.NET.Sdk.StaticWebAssets.ScopedCss.targets (171,5)" does not exist in the project, and will be ignored.
       The target "RazorGenerateComponentDeclaration" listed in an AfterTargets attribute at "/usr/lib64/dotnet/sdk/10.0.101/Sdks/Microsoft.NET.Sdk.Razor/targets/Microsoft.NET.Sdk.Razor.DesignTime.targets (55,53)" does not exist in the project, and will be ignored.
     1>Project "/home/baturhan/Projeler/Entegrasyon/Application/Entegrasyon.Blazor/Entegrasyon.Blazor.csproj" on node 1 (Restore target(s)).
     1>Target "_LoadRestoreGraphEntryPoints" in file "/usr/lib64/dotnet/sdk/10.0.101/NuGet.targets" from project "/home/baturhan/Projeler/Entegrasyon/Application/Entegrasyon.Blazor/Entegrasyon.Blazor.csproj" (target "_FilterRestoreGraphProjectInputItems" depends on it):
     1>Done building target "_LoadRestoreGraphEntryPoints" in project "Entegrasyon.Blazor.csproj".
     1>Target "_FilterRestoreGraphProjectInputItems" in file "/usr/lib64/dotnet/sdk/10.0.101/NuGet.targets" from project "/home/baturhan/Projeler/Entegrasyon/Application/Entegrasyon.Blazor/Entegrasyon.Blazor.csproj" (target "_GenerateRestoreGraph" depends on it):
       Using "RemoveDuplicates" task from assembly "Microsoft.Build.Tasks.Core, Version=15.1.0.0, Culture=neutral, PublicKeyToken=b03f5f7f11d50a3a".
       Task "RemoveDuplicates"
       Done executing task "RemoveDuplicates".
       Using "MSBuild" task from assembly "Microsoft.Build.Tasks.Core, Version=15.1.0.0, Culture=neutral, PublicKeyToken=b03f5f7f11d50a3a".
       Task "MSBuild"
         Global Properties:
           ExcludeRestorePackageImports=true
     0>/usr/lib64/dotnet/sdk/10.0.101/Sdks/Microsoft.NET.Sdk/Sdk/Sdk.props(49,11): message : Property 'MSBuildExtensionsPath' with value '/usr/lib64/dotnet/sdk/10.0.101/' expanded from the environment.
       /usr/lib64/dotnet/sdk/10.0.101/Current/Microsoft.Common.props(60,5): message : Property reassignment: $(MSBuildProjectExtensionsPath)="/home/baturhan/Projeler/Entegrasyon/Application/Entegrasyon.Blazor/obj/" (previous value: "obj/") at /usr/lib64/dotnet/sdk/10.0.101/Current/Microsoft.Common.props (60,5)
       /usr/lib64/dotnet/sdk/10.0.101/Current/Microsoft.Common.props(84,119): message : Property 'MSBuildUserExtensionsPath' with value '/home/baturhan/.local/share/Microsoft\MSBuild' expanded from the environment.
       /usr/lib64/dotnet/sdk/10.0.101/Sdks/Microsoft.NET.Sdk/targets/Microsoft.NET.Sdk.props(90,5): message : Property reassignment: $(AssemblySearchPaths)="{CandidateAssemblyFiles};{HintPathFromItem}" (previous value: "{CandidateAssemblyFiles}") at /usr/lib64/dotnet/sdk/10.0.101/Sdks/Microsoft.NET.Sdk/targets/Microsoft.NET.Sdk.props (90,5)
       /usr/lib64/dotnet/sdk/10.0.101/Sdks/Microsoft.NET.Sdk/targets/Microsoft.NET.Sdk.props(91,5): message : Property reassignment: $(AssemblySearchPaths)="{CandidateAssemblyFiles};{HintPathFromItem};{TargetFrameworkDirectory}" (previous value: "{CandidateAssemblyFiles};{HintPathFromItem}") at /usr/lib64/dotnet/sdk/10.0.101/Sdks/Microsoft.NET.Sdk/targets/Microsoft.NET.Sdk.props (91,5)
       /usr/lib64/dotnet/sdk/10.0.101/Sdks/Microsoft.NET.Sdk/targets/Microsoft.NET.Sdk.props(92,5): message : Property reassignment: $(AssemblySearchPaths)="{CandidateAssemblyFiles};{HintPathFromItem};{TargetFrameworkDirectory};{RawFileName}" (previous value: "{CandidateAssemblyFiles};{HintPathFromItem};{TargetFrameworkDirectory}") at /usr/lib64/dotnet/sdk/10.0.101/Sdks/Microsoft.NET.Sdk/targets/Microsoft.NET.Sdk.props (92,5)
       /usr/lib64/dotnet/sdk/10.0.101/Sdks/Microsoft.NET.Sdk.StaticWebAssets/Sdk/Sdk.StaticWebAssets.StaticAssets.ProjectSystem.props(23,5): message : Property reassignment: $(DefaultItemExcludes)=";**\node_modules\**;node_modules\**;**\jspm_packages\**;jspm_packages\**" (previous value: ";**\node_modules\**;node_modules\**") at /usr/lib64/dotnet/sdk/10.0.101/Sdks/Microsoft.NET.Sdk.StaticWebAssets/Sdk/Sdk.StaticWebAssets.StaticAssets.ProjectSystem.props (23,5)
       /usr/lib64/dotnet/sdk/10.0.101/Sdks/Microsoft.NET.Sdk.StaticWebAssets/Sdk/Sdk.StaticWebAssets.StaticAssets.ProjectSystem.props(24,5): message : Property reassignment: $(DefaultItemExcludes)=";**\node_modules\**;node_modules\**;**\jspm_packages\**;jspm_packages\**;**\bower_components\**;bower_components\**" (previous value: ";**\node_modules\**;node_modules\**;**\jspm_packages\**;jspm_packages\**") at /usr/lib64/dotnet/sdk/10.0.101/Sdks/Microsoft.NET.Sdk.StaticWebAssets/Sdk/Sdk.StaticWebAssets.StaticAssets.ProjectSystem.props (24,5)
       /usr/lib64/dotnet/sdk/10.0.101/Sdks/Microsoft.NET.Sdk.StaticWebAssets/Sdk/Sdk.StaticWebAssets.StaticAssets.ProjectSystem.props(25,5): message : Property reassignment: $(DefaultItemExcludes)=";**\node_modules\**;node_modules\**;**\jspm_packages\**;jspm_packages\**;**\bower_components\**;bower_components\**;**\packages.lock.json" (previous value: ";**\node_modules\**;node_modules\**;**\jspm_packages\**;jspm_packages\**;**\bower_components\**;bower_components\**") at /usr/lib64/dotnet/sdk/10.0.101/Sdks/Microsoft.NET.Sdk.StaticWebAssets/Sdk/Sdk.StaticWebAssets.StaticAssets.ProjectSystem.props (25,5)
       /usr/lib64/dotnet/sdk/10.0.101/Sdks/Microsoft.NET.Sdk.Web.ProjectSystem/targets/Microsoft.NET.Sdk.Web.ProjectSystem.props(16,5): message : Property reassignment: $(OutputType)="Exe" (previous value: "Library") at /usr/lib64/dotnet/sdk/10.0.101/Sdks/Microsoft.NET.Sdk.Web.ProjectSystem/targets/Microsoft.NET.Sdk.Web.ProjectSystem.props (16,5)
       /home/baturhan/Projeler/Entegrasyon/Application/Entegrasyon.Blazor/Entegrasyon.Blazor.csproj(14,3): message : Property reassignment: $(TreatWarningsAsErrors)="False" (previous value: "false") at /home/baturhan/Projeler/Entegrasyon/Application/Entegrasyon.Blazor/Entegrasyon.Blazor.csproj (14,3)
       /usr/lib64/dotnet/sdk/10.0.101/Sdks/Microsoft.NET.Sdk/targets/Microsoft.NET.Sdk.ImportPublishProfile.targets(28,5): message : Property reassignment: $(PublishProfileImported)="false" (previous value: "true") at /usr/lib64/dotnet/sdk/10.0.101/Sdks/Microsoft.NET.Sdk/targets/Microsoft.NET.Sdk.ImportPublishProfile.targets (28,5)
       /usr/lib64/dotnet/sdk/10.0.101/Sdks/Microsoft.NET.Sdk/targets/Microsoft.NET.TargetFrameworkInference.targets(81,5): message : Property reassignment: $(TargetPlatformVersion)="" (previous value: "0.0") at /usr/lib64/dotnet/sdk/10.0.101/Sdks/Microsoft.NET.Sdk/targets/Microsoft.NET.TargetFrameworkInference.targets (81,5)
       /usr/lib64/dotnet/sdk/10.0.101/Sdks/Microsoft.NET.Sdk/targets/Microsoft.NET.DefaultOutputPaths.targets(126,5): message : Property reassignment: $(DefaultItemExcludes)=";**\node_modules\**;node_modules\**;**\jspm_packages\**;jspm_packages\**;**\bower_components\**;bower_components\**;**\packages.lock.json;bin/Debug//**" (previous value: ";**\node_modules\**;node_modules\**;**\jspm_packages\**;jspm_packages\**;**\bower_components\**;bower_components\**;**\packages.lock.json") at /usr/lib64/dotnet/sdk/10.0.101/Sdks/Microsoft.NET.Sdk/targets/Microsoft.NET.DefaultOutputPaths.targets (126,5)
       /usr/lib64/dotnet/sdk/10.0.101/Sdks/Microsoft.NET.Sdk/targets/Microsoft.NET.DefaultOutputPaths.targets(127,5): message : Property reassignment: $(DefaultItemExcludes)=";**\node_modules\**;node_modules\**;**\jspm_packages\**;jspm_packages\**;**\bower_components\**;bower_components\**;**\packages.lock.json;bin/Debug//**;obj/Debug//**" (previous value: ";**\node_modules\**;node_modules\**;**\jspm_packages\**;jspm_packages\**;**\bower_components\**;bower_components\**;**\packages.lock.json;bin/Debug//**") at /usr/lib64/dotnet/sdk/10.0.101/Sdks/Microsoft.NET.Sdk/targets/Microsoft.NET.DefaultOutputPaths.targets (127,5)
       /usr/lib64/dotnet/sdk/10.0.101/Sdks/Microsoft.NET.Sdk/targets/Microsoft.NET.DefaultOutputPaths.targets(142,5): message : Property reassignment: $(OutputPath)="bin/Debug/net8.0/" (previous value: "bin/Debug/") at /usr/lib64/dotnet/sdk/10.0.101/Sdks/Microsoft.NET.Sdk/targets/Microsoft.NET.DefaultOutputPaths.targets (142,5)
       /usr/lib64/dotnet/sdk/10.0.101/Sdks/Microsoft.NET.Sdk/targets/Microsoft.NET.DefaultOutputPaths.targets(147,5): message : Property reassignment: $(IntermediateOutputPath)="obj/Debug/net8.0/" (previous value: "obj/Debug/") at /usr/lib64/dotnet/sdk/10.0.101/Sdks/Microsoft.NET.Sdk/targets/Microsoft.NET.DefaultOutputPaths.targets (147,5)
       /usr/lib64/dotnet/sdk/10.0.101/Sdks/Microsoft.NET.Sdk/targets/Microsoft.NET.Sdk.BeforeCommon.targets(371,5): message : Property reassignment: $(RoslynTargetsPath)="/usr/lib64/dotnet/sdk/10.0.101/Sdks/Microsoft.NET.Sdk/targets/../../../Roslyn" (previous value: "/usr/lib64/dotnet/sdk/10.0.101/Roslyn") at /usr/lib64/dotnet/sdk/10.0.101/Sdks/Microsoft.NET.Sdk/targets/Microsoft.NET.Sdk.BeforeCommon.targets (371,5)
       /usr/lib64/dotnet/sdk/10.0.101/Roslyn/Microsoft.Managed.Core.targets(6,5): message : Property reassignment: $(_BuildTasksDirectory)="/usr/lib64/dotnet/sdk/10.0.101/Sdks/Microsoft.NET.Sdk/targets/../../../Roslyn/" (previous value: "/usr/lib64/dotnet/sdk/10.0.101/Roslyn/") at /usr/lib64/dotnet/sdk/10.0.101/Roslyn/Microsoft.Managed.Core.targets (6,5)
       /usr/lib64/dotnet/sdk/10.0.101/Roslyn/Microsoft.CSharp.Core.targets(200,5): message : Property reassignment: $(CommandLineArgsForDesignTimeEvaluation)="-langversion:12.0 -define:TRACE" (previous value: "-langversion:12.0") at /usr/lib64/dotnet/sdk/10.0.101/Roslyn/Microsoft.CSharp.Core.targets (200,5)
       /usr/lib64/dotnet/sdk/10.0.101/Microsoft.Common.CurrentVersion.targets(175,5): message : Property reassignment: $(_DebugSymbolsProduced)="true" (previous value: "false") at /usr/lib64/dotnet/sdk/10.0.101/Microsoft.Common.CurrentVersion.targets (175,5)
       /usr/lib64/dotnet/sdk/10.0.101/Microsoft.Common.CurrentVersion.targets(185,5): message : Property reassignment: $(_DocumentationFileProduced)="false" (previous value: "true") at /usr/lib64/dotnet/sdk/10.0.101/Microsoft.Common.CurrentVersion.targets (185,5)
       /usr/lib64/dotnet/sdk/10.0.101/Microsoft.Common.CurrentVersion.targets(392,5): message : Property reassignment: $(MSBuildCopyMarkerName)="Entegras.16EEFBA9" (previous value: "Entegrasyon.Blazor.csproj") at /usr/lib64/dotnet/sdk/10.0.101/Microsoft.Common.CurrentVersion.targets (392,5)
       /usr/lib64/dotnet/sdk/10.0.101/Microsoft.Common.CurrentVersion.targets(393,5): message : Property reassignment: $(MSBuildCopyMarkerName)="Entegras.16EEFBA9.Up2Date" (previous value: "Entegras.16EEFBA9") at /usr/lib64/dotnet/sdk/10.0.101/Microsoft.Common.CurrentVersion.targets (393,5)
       /usr/lib64/dotnet/sdk/10.0.101/Microsoft.Common.CurrentVersion.targets(541,5): message : Property reassignment: $(ProcessorArchitecture)="msil" (previous value: "") at /usr/lib64/dotnet/sdk/10.0.101/Microsoft.Common.CurrentVersion.targets (541,5)
       /usr/lib64/dotnet/sdk/10.0.101/Microsoft.Common.CurrentVersion.targets(580,5): message : Property reassignment: $(DelaySign)="" (previous value: "false") at /usr/lib64/dotnet/sdk/10.0.101/Microsoft.Common.CurrentVersion.targets (580,5)
       /usr/lib64/dotnet/sdk/10.0.101/Microsoft.Common.CurrentVersion.targets(2606,5): message : Property 'LocalAppData' with value '/home/baturhan/.local/share' expanded from the environment.
       /usr/lib64/dotnet/sdk/10.0.101/Microsoft.Common.CurrentVersion.targets(3934,5): message : Property reassignment: $(_SGenGenerateSerializationAssembliesConfig)="Auto" (previous value: "") at /usr/lib64/dotnet/sdk/10.0.101/Microsoft.Common.CurrentVersion.targets (3934,5)
       /usr/lib64/dotnet/sdk/10.0.101/Microsoft.Common.CurrentVersion.targets(3935,5): message : Property reassignment: $(_SGenGenerateSerializationAssembliesConfig)="Off" (previous value: "Auto") at /usr/lib64/dotnet/sdk/10.0.101/Microsoft.Common.CurrentVersion.targets (3935,5)
       /usr/lib64/dotnet/sdk/10.0.101/Microsoft.Common.CurrentVersion.targets(5146,5): message : Property reassignment: $(_TargetsThatPrepareProjectReferences)="
       /usr/lib64/dotnet/sdk/10.0.101/Microsoft.Common.CurrentVersion.targets(5146,5): message :       AssignProjectConfiguration;
       /usr/lib64/dotnet/sdk/10.0.101/Microsoft.Common.CurrentVersion.targets(5146,5): message :       _SplitProjectReferencesByFileExistence
       /usr/lib64/dotnet/sdk/10.0.101/Microsoft.Common.CurrentVersion.targets(5146,5): message :     " (previous value: "_SplitProjectReferencesByFileExistence") at /usr/lib64/dotnet/sdk/10.0.101/Microsoft.Common.CurrentVersion.targets (5146,5)
       /usr/lib64/dotnet/sdk/10.0.101/Microsoft.Common.CurrentVersion.targets(6959,5): message : Property 'MSBuildExtensionsPath32' with value '/usr/lib64/dotnet/sdk/10.0.101' expanded from the environment.
       The "NuGetInteractive" property is a global property, and cannot be modified.
       /usr/lib64/dotnet/sdk/10.0.101/Sdks/Microsoft.NET.Sdk/targets/Microsoft.PackageDependencyResolution.targets(24,5): message : Property reassignment: $(ProjectAssetsFile)="/home/baturhan/Projeler/Entegrasyon/Application/Entegrasyon.Blazor/obj/project.assets.json" (previous value: "/home/baturhan/Projeler/Entegrasyon/Application/Entegrasyon.Blazor/obj//project.assets.json") at /usr/lib64/dotnet/sdk/10.0.101/Sdks/Microsoft.NET.Sdk/targets/Microsoft.PackageDependencyResolution.targets (24,5)
       /usr/lib64/dotnet/sdk/10.0.101/Sdks/Microsoft.NET.Sdk/targets/Microsoft.PackageDependencyResolution.targets(29,5): message : Property reassignment: $(ProjectAssetsCacheFile)="/home/baturhan/Projeler/Entegrasyon/Application/Entegrasyon.Blazor/obj/Debug/net8.0/Entegrasyon.Blazor.assets.cache" (previous value: "obj/Debug/net8.0/Entegrasyon.Blazor.assets.cache") at /usr/lib64/dotnet/sdk/10.0.101/Sdks/Microsoft.NET.Sdk/targets/Microsoft.PackageDependencyResolution.targets (29,5)
       /usr/lib64/dotnet/sdk/10.0.101/Sdks/Microsoft.NET.Sdk/targets/Microsoft.PackageDependencyResolution.targets(80,5): message : Property reassignment: $(ResolveAssemblyReferencesDependsOn)="
       /usr/lib64/dotnet/sdk/10.0.101/Sdks/Microsoft.NET.Sdk/targets/Microsoft.PackageDependencyResolution.targets(80,5): message :       
       /usr/lib64/dotnet/sdk/10.0.101/Sdks/Microsoft.NET.Sdk/targets/Microsoft.PackageDependencyResolution.targets(80,5): message :       ResolveProjectReferences;
       /usr/lib64/dotnet/sdk/10.0.101/Sdks/Microsoft.NET.Sdk/targets/Microsoft.PackageDependencyResolution.targets(80,5): message :       FindInvalidProjectReferences;
       /usr/lib64/dotnet/sdk/10.0.101/Sdks/Microsoft.NET.Sdk/targets/Microsoft.PackageDependencyResolution.targets(80,5): message :       GetFrameworkPaths;
       /usr/lib64/dotnet/sdk/10.0.101/Sdks/Microsoft.NET.Sdk/targets/Microsoft.PackageDependencyResolution.targets(80,5): message :       GetReferenceAssemblyPaths;
       /usr/lib64/dotnet/sdk/10.0.101/Sdks/Microsoft.NET.Sdk/targets/Microsoft.PackageDependencyResolution.targets(80,5): message :       PrepareForBuild;
       /usr/lib64/dotnet/sdk/10.0.101/Sdks/Microsoft.NET.Sdk/targets/Microsoft.PackageDependencyResolution.targets(80,5): message :       ResolveSDKReferences;
       /usr/lib64/dotnet/sdk/10.0.101/Sdks/Microsoft.NET.Sdk/targets/Microsoft.PackageDependencyResolution.targets(80,5): message :       ExpandSDKReferences;
       /usr/lib64/dotnet/sdk/10.0.101/Sdks/Microsoft.NET.Sdk/targets/Microsoft.PackageDependencyResolution.targets(80,5): message :     ;
       /usr/lib64/dotnet/sdk/10.0.101/Sdks/Microsoft.NET.Sdk/targets/Microsoft.PackageDependencyResolution.targets(80,5): message :       ResolvePackageDependenciesForBuild;
       /usr/lib64/dotnet/sdk/10.0.101/Sdks/Microsoft.NET.Sdk/targets/Microsoft.PackageDependencyResolution.targets(80,5): message :       _HandlePackageFileConflicts;
       /usr/lib64/dotnet/sdk/10.0.101/Sdks/Microsoft.NET.Sdk/targets/Microsoft.PackageDependencyResolution.targets(80,5): message :     " (previous value: "
       /usr/lib64/dotnet/sdk/10.0.101/Sdks/Microsoft.NET.Sdk/targets/Microsoft.PackageDependencyResolution.targets(80,5): message :       ResolveProjectReferences;
       /usr/lib64/dotnet/sdk/10.0.101/Sdks/Microsoft.NET.Sdk/targets/Microsoft.PackageDependencyResolution.targets(80,5): message :       FindInvalidProjectReferences;
       /usr/lib64/dotnet/sdk/10.0.101/Sdks/Microsoft.NET.Sdk/targets/Microsoft.PackageDependencyResolution.targets(80,5): message :       GetFrameworkPaths;
       /usr/lib64/dotnet/sdk/10.0.101/Sdks/Microsoft.NET.Sdk/targets/Microsoft.PackageDependencyResolution.targets(80,5): message :       GetReferenceAssemblyPaths;
       /usr/lib64/dotnet/sdk/10.0.101/Sdks/Microsoft.NET.Sdk/targets/Microsoft.PackageDependencyResolution.targets(80,5): message :       PrepareForBuild;
       /usr/lib64/dotnet/sdk/10.0.101/Sdks/Microsoft.NET.Sdk/targets/Microsoft.PackageDependencyResolution.targets(80,5): message :       ResolveSDKReferences;
       /usr/lib64/dotnet/sdk/10.0.101/Sdks/Microsoft.NET.Sdk/targets/Microsoft.PackageDependencyResolution.targets(80,5): message :       ExpandSDKReferences;
       /usr/lib64/dotnet/sdk/10.0.101/Sdks/Microsoft.NET.Sdk/targets/Microsoft.PackageDependencyResolution.targets(80,5): message :     ") at /usr/lib64/dotnet/sdk/10.0.101/Sdks/Microsoft.NET.Sdk/targets/Microsoft.PackageDependencyResolution.targets (80,5)
       /usr/lib64/dotnet/sdk/10.0.101/Sdks/Microsoft.NET.Sdk/targets/Microsoft.PackageDependencyResolution.targets(86,5): message : Property reassignment: $(PrepareResourcesDependsOn)="
       /usr/lib64/dotnet/sdk/10.0.101/Sdks/Microsoft.NET.Sdk/targets/Microsoft.PackageDependencyResolution.targets(86,5): message :       ResolvePackageDependenciesForBuild;
       /usr/lib64/dotnet/sdk/10.0.101/Sdks/Microsoft.NET.Sdk/targets/Microsoft.PackageDependencyResolution.targets(86,5): message :       _HandlePackageFileConflicts;
       /usr/lib64/dotnet/sdk/10.0.101/Sdks/Microsoft.NET.Sdk/targets/Microsoft.PackageDependencyResolution.targets(86,5): message :       
       /usr/lib64/dotnet/sdk/10.0.101/Sdks/Microsoft.NET.Sdk/targets/Microsoft.PackageDependencyResolution.targets(86,5): message :       ;
       /usr/lib64/dotnet/sdk/10.0.101/Sdks/Microsoft.NET.Sdk/targets/Microsoft.PackageDependencyResolution.targets(86,5): message :       PrepareResourceNames;
       /usr/lib64/dotnet/sdk/10.0.101/Sdks/Microsoft.NET.Sdk/targets/Microsoft.PackageDependencyResolution.targets(86,5): message :       ResGen;
       /usr/lib64/dotnet/sdk/10.0.101/Sdks/Microsoft.NET.Sdk/targets/Microsoft.PackageDependencyResolution.targets(86,5): message :       CompileLicxFiles
       /usr/lib64/dotnet/sdk/10.0.101/Sdks/Microsoft.NET.Sdk/targets/Microsoft.PackageDependencyResolution.targets(86,5): message :     
       /usr/lib64/dotnet/sdk/10.0.101/Sdks/Microsoft.NET.Sdk/targets/Microsoft.PackageDependencyResolution.targets(86,5): message :     " (previous value: "
       /usr/lib64/dotnet/sdk/10.0.101/Sdks/Microsoft.NET.Sdk/targets/Microsoft.PackageDependencyResolution.targets(86,5): message :       ;
       /usr/lib64/dotnet/sdk/10.0.101/Sdks/Microsoft.NET.Sdk/targets/Microsoft.PackageDependencyResolution.targets(86,5): message :       PrepareResourceNames;
       /usr/lib64/dotnet/sdk/10.0.101/Sdks/Microsoft.NET.Sdk/targets/Microsoft.PackageDependencyResolution.targets(86,5): message :       ResGen;
       /usr/lib64/dotnet/sdk/10.0.101/Sdks/Microsoft.NET.Sdk/targets/Microsoft.PackageDependencyResolution.targets(86,5): message :       CompileLicxFiles
       /usr/lib64/dotnet/sdk/10.0.101/Sdks/Microsoft.NET.Sdk/targets/Microsoft.PackageDependencyResolution.targets(86,5): message :     ") at /usr/lib64/dotnet/sdk/10.0.101/Sdks/Microsoft.NET.Sdk/targets/Microsoft.PackageDependencyResolution.targets (86,5)
       The "EnableDefaultCompileItems" property is a global property, and cannot be modified.
       The "EnableDefaultEmbeddedResourceItems" property is a global property, and cannot be modified.
       The "EnableDefaultNoneItems" property is a global property, and cannot be modified.
       /usr/lib64/dotnet/sdk/10.0.101/Sdks/Microsoft.NET.Sdk/targets/Microsoft.NET.Sdk.DefaultItems.targets(35,5): message : Property reassignment: $(DefaultItemExcludes)=";**\node_modules\**;node_modules\**;**\jspm_packages\**;jspm_packages\**;**\bower_components\**;bower_components\**;**\packages.lock.json;bin/Debug//**;obj/Debug//**;bin//**" (previous value: ";**\node_modules\**;node_modules\**;**\jspm_packages\**;jspm_packages\**;**\bower_components\**;bower_components\**;**\packages.lock.json;bin/Debug//**;obj/Debug//**") at /usr/lib64/dotnet/sdk/10.0.101/Sdks/Microsoft.NET.Sdk/targets/Microsoft.NET.Sdk.DefaultItems.targets (35,5)
       /usr/lib64/dotnet/sdk/10.0.101/Sdks/Microsoft.NET.Sdk/targets/Microsoft.NET.Sdk.DefaultItems.targets(37,5): message : Property reassignment: $(DefaultItemExcludes)=";**\node_modules\**;node_modules\**;**\jspm_packages\**;jspm_packages\**;**\bower_components\**;bower_components\**;**\packages.lock.json;bin/Debug//**;obj/Debug//**;bin//**;obj//**" (previous value: ";**\node_modules\**;node_modules\**;**\jspm_packages\**;jspm_packages\**;**\bower_components\**;bower_components\**;**\packages.lock.json;bin/Debug//**;obj/Debug//**;bin//**") at /usr/lib64/dotnet/sdk/10.0.101/Sdks/Microsoft.NET.Sdk/targets/Microsoft.NET.Sdk.DefaultItems.targets (37,5)
       /usr/lib64/dotnet/sdk/10.0.101/Sdks/Microsoft.NET.Sdk/targets/Microsoft.NET.Sdk.DefaultItems.targets(40,5): message : Property reassignment: $(DefaultItemExcludes)=";**\node_modules\**;node_modules\**;**\jspm_packages\**;jspm_packages\**;**\bower_components\**;bower_components\**;**\packages.lock.json;bin/Debug//**;obj/Debug//**;bin//**;obj//**;**/*.user" (previous value: ";**\node_modules\**;node_modules\**;**\jspm_packages\**;jspm_packages\**;**\bower_components\**;bower_components\**;**\packages.lock.json;bin/Debug//**;obj/Debug//**;bin//**;obj//**") at /usr/lib64/dotnet/sdk/10.0.101/Sdks/Microsoft.NET.Sdk/targets/Microsoft.NET.Sdk.DefaultItems.targets (40,5)
       /usr/lib64/dotnet/sdk/10.0.101/Sdks/Microsoft.NET.Sdk/targets/Microsoft.NET.Sdk.DefaultItems.targets(41,5): message : Property reassignment: $(DefaultItemExcludes)=";**\node_modules\**;node_modules\**;**\jspm_packages\**;jspm_packages\**;**\bower_components\**;bower_components\**;**\packages.lock.json;bin/Debug//**;obj/Debug//**;bin//**;obj//**;**/*.user;**/*.*proj" (previous value: ";**\node_modules\**;node_modules\**;**\jspm_packages\**;jspm_packages\**;**\bower_components\**;bower_components\**;**\packages.lock.json;bin/Debug//**;obj/Debug//**;bin//**;obj//**;**/*.user") at /usr/lib64/dotnet/sdk/10.0.101/Sdks/Microsoft.NET.Sdk/targets/Microsoft.NET.Sdk.DefaultItems.targets (41,5)
       /usr/lib64/dotnet/sdk/10.0.101/Sdks/Microsoft.NET.Sdk/targets/Microsoft.NET.Sdk.DefaultItems.targets(42,5): message : Property reassignment: $(DefaultItemExcludes)=";**\node_modules\**;node_modules\**;**\jspm_packages\**;jspm_packages\**;**\bower_components\**;bower_components\**;**\packages.lock.json;bin/Debug//**;obj/Debug//**;bin//**;obj//**;**/*.user;**/*.*proj;**/*.sln" (previous value: ";**\node_modules\**;node_modules\**;**\jspm_packages\**;jspm_packages\**;**\bower_components\**;bower_components\**;**\packages.lock.json;bin/Debug//**;obj/Debug//**;bin//**;obj//**;**/*.user;**/*.*proj") at /usr/lib64/dotnet/sdk/10.0.101/Sdks/Microsoft.NET.Sdk/targets/Microsoft.NET.Sdk.DefaultItems.targets (42,5)
       /usr/lib64/dotnet/sdk/10.0.101/Sdks/Microsoft.NET.Sdk/targets/Microsoft.NET.Sdk.DefaultItems.targets(43,5): message : Property reassignment: $(DefaultItemExcludes)=";**\node_modules\**;node_modules\**;**\jspm_packages\**;jspm_packages\**;**\bower_components\**;bower_components\**;**\packages.lock.json;bin/Debug//**;obj/Debug//**;bin//**;obj//**;**/*.user;**/*.*proj;**/*.sln;**/*.slnx" (previous value: ";**\node_modules\**;node_modules\**;**\jspm_packages\**;jspm_packages\**;**\bower_components\**;bower_components\**;**\packages.lock.json;bin/Debug//**;obj/Debug//**;bin//**;obj//**;**/*.user;**/*.*proj;**/*.sln") at /usr/lib64/dotnet/sdk/10.0.101/Sdks/Microsoft.NET.Sdk/targets/Microsoft.NET.Sdk.DefaultItems.targets (43,5)
       /usr/lib64/dotnet/sdk/10.0.101/Sdks/Microsoft.NET.Sdk/targets/Microsoft.NET.Sdk.DefaultItems.targets(44,5): message : Property reassignment: $(DefaultItemExcludes)=";**\node_modules\**;node_modules\**;**\jspm_packages\**;jspm_packages\**;**\bower_components\**;bower_components\**;**\packages.lock.json;bin/Debug//**;obj/Debug//**;bin//**;obj//**;**/*.user;**/*.*proj;**/*.sln;**/*.slnx;**/*.vssscc" (previous value: ";**\node_modules\**;node_modules\**;**\jspm_packages\**;jspm_packages\**;**\bower_components\**;bower_components\**;**\packages.lock.json;bin/Debug//**;obj/Debug//**;bin//**;obj//**;**/*.user;**/*.*proj;**/*.sln;**/*.slnx") at /usr/lib64/dotnet/sdk/10.0.101/Sdks/Microsoft.NET.Sdk/targets/Microsoft.NET.Sdk.DefaultItems.targets (44,5)
       /usr/lib64/dotnet/sdk/10.0.101/Sdks/Microsoft.NET.Sdk/targets/Microsoft.NET.Sdk.DefaultItems.targets(45,5): message : Property reassignment: $(DefaultItemExcludes)=";**\node_modules\**;node_modules\**;**\jspm_packages\**;jspm_packages\**;**\bower_components\**;bower_components\**;**\packages.lock.json;bin/Debug//**;obj/Debug//**;bin//**;obj//**;**/*.user;**/*.*proj;**/*.sln;**/*.slnx;**/*.vssscc;**/.DS_Store" (previous value: ";**\node_modules\**;node_modules\**;**\jspm_packages\**;jspm_packages\**;**\bower_components\**;bower_components\**;**\packages.lock.json;bin/Debug//**;obj/Debug//**;bin//**;obj//**;**/*.user;**/*.*proj;**/*.sln;**/*.slnx;**/*.vssscc") at /usr/lib64/dotnet/sdk/10.0.101/Sdks/Microsoft.NET.Sdk/targets/Microsoft.NET.Sdk.DefaultItems.targets (45,5)
       /usr/lib64/dotnet/sdk/10.0.101/Sdks/Microsoft.NET.Sdk/targets/Microsoft.NET.Sdk.FrameworkReferenceResolution.targets(14,5): message : Property reassignment: $(ResolveAssemblyReferencesDependsOn)="
       /usr/lib64/dotnet/sdk/10.0.101/Sdks/Microsoft.NET.Sdk/targets/Microsoft.NET.Sdk.FrameworkReferenceResolution.targets(14,5): message :       
       /usr/lib64/dotnet/sdk/10.0.101/Sdks/Microsoft.NET.Sdk/targets/Microsoft.NET.Sdk.FrameworkReferenceResolution.targets(14,5): message :       
       /usr/lib64/dotnet/sdk/10.0.101/Sdks/Microsoft.NET.Sdk/targets/Microsoft.NET.Sdk.FrameworkReferenceResolution.targets(14,5): message :       ResolveProjectReferences;
       /usr/lib64/dotnet/sdk/10.0.101/Sdks/Microsoft.NET.Sdk/targets/Microsoft.NET.Sdk.FrameworkReferenceResolution.targets(14,5): message :       FindInvalidProjectReferences;
       /usr/lib64/dotnet/sdk/10.0.101/Sdks/Microsoft.NET.Sdk/targets/Microsoft.NET.Sdk.FrameworkReferenceResolution.targets(14,5): message :       GetFrameworkPaths;
       /usr/lib64/dotnet/sdk/10.0.101/Sdks/Microsoft.NET.Sdk/targets/Microsoft.NET.Sdk.FrameworkReferenceResolution.targets(14,5): message :       GetReferenceAssemblyPaths;
       /usr/lib64/dotnet/sdk/10.0.101/Sdks/Microsoft.NET.Sdk/targets/Microsoft.NET.Sdk.FrameworkReferenceResolution.targets(14,5): message :       PrepareForBuild;
       /usr/lib64/dotnet/sdk/10.0.101/Sdks/Microsoft.NET.Sdk/targets/Microsoft.NET.Sdk.FrameworkReferenceResolution.targets(14,5): message :       ResolveSDKReferences;
       /usr/lib64/dotnet/sdk/10.0.101/Sdks/Microsoft.NET.Sdk/targets/Microsoft.NET.Sdk.FrameworkReferenceResolution.targets(14,5): message :       ExpandSDKReferences;
       /usr/lib64/dotnet/sdk/10.0.101/Sdks/Microsoft.NET.Sdk/targets/Microsoft.NET.Sdk.FrameworkReferenceResolution.targets(14,5): message :     ;
       /usr/lib64/dotnet/sdk/10.0.101/Sdks/Microsoft.NET.Sdk/targets/Microsoft.NET.Sdk.FrameworkReferenceResolution.targets(14,5): message :       ResolvePackageDependenciesForBuild;
       /usr/lib64/dotnet/sdk/10.0.101/Sdks/Microsoft.NET.Sdk/targets/Microsoft.NET.Sdk.FrameworkReferenceResolution.targets(14,5): message :       _HandlePackageFileConflicts;
       /usr/lib64/dotnet/sdk/10.0.101/Sdks/Microsoft.NET.Sdk/targets/Microsoft.NET.Sdk.FrameworkReferenceResolution.targets(14,5): message :     ;
       /usr/lib64/dotnet/sdk/10.0.101/Sdks/Microsoft.NET.Sdk/targets/Microsoft.NET.Sdk.FrameworkReferenceResolution.targets(14,5): message :       ResolveTargetingPackAssets;
       /usr/lib64/dotnet/sdk/10.0.101/Sdks/Microsoft.NET.Sdk/targets/Microsoft.NET.Sdk.FrameworkReferenceResolution.targets(14,5): message :     " (previous value: "
       /usr/lib64/dotnet/sdk/10.0.101/Sdks/Microsoft.NET.Sdk/targets/Microsoft.NET.Sdk.FrameworkReferenceResolution.targets(14,5): message :       
       /usr/lib64/dotnet/sdk/10.0.101/Sdks/Microsoft.NET.Sdk/targets/Microsoft.NET.Sdk.FrameworkReferenceResolution.targets(14,5): message :       ResolveProjectReferences;
       /usr/lib64/dotnet/sdk/10.0.101/Sdks/Microsoft.NET.Sdk/targets/Microsoft.NET.Sdk.FrameworkReferenceResolution.targets(14,5): message :       FindInvalidProjectReferences;
       /usr/lib64/dotnet/sdk/10.0.101/Sdks/Microsoft.NET.Sdk/targets/Microsoft.NET.Sdk.FrameworkReferenceResolution.targets(14,5): message :       GetFrameworkPaths;
       /usr/lib64/dotnet/sdk/10.0.101/Sdks/Microsoft.NET.Sdk/targets/Microsoft.NET.Sdk.FrameworkReferenceResolution.targets(14,5): message :       GetReferenceAssemblyPaths;
       /usr/lib64/dotnet/sdk/10.0.101/Sdks/Microsoft.NET.Sdk/targets/Microsoft.NET.Sdk.FrameworkReferenceResolution.targets(14,5): message :       PrepareForBuild;
       /usr/lib64/dotnet/sdk/10.0.101/Sdks/Microsoft.NET.Sdk/targets/Microsoft.NET.Sdk.FrameworkReferenceResolution.targets(14,5): message :       ResolveSDKReferences;
       /usr/lib64/dotnet/sdk/10.0.101/Sdks/Microsoft.NET.Sdk/targets/Microsoft.NET.Sdk.FrameworkReferenceResolution.targets(14,5): message :       ExpandSDKReferences;
       /usr/lib64/dotnet/sdk/10.0.101/Sdks/Microsoft.NET.Sdk/targets/Microsoft.NET.Sdk.FrameworkReferenceResolution.targets(14,5): message :     ;
       /usr/lib64/dotnet/sdk/10.0.101/Sdks/Microsoft.NET.Sdk/targets/Microsoft.NET.Sdk.FrameworkReferenceResolution.targets(14,5): message :       ResolvePackageDependenciesForBuild;
       /usr/lib64/dotnet/sdk/10.0.101/Sdks/Microsoft.NET.Sdk/targets/Microsoft.NET.Sdk.FrameworkReferenceResolution.targets(14,5): message :       _HandlePackageFileConflicts;
       /usr/lib64/dotnet/sdk/10.0.101/Sdks/Microsoft.NET.Sdk/targets/Microsoft.NET.Sdk.FrameworkReferenceResolution.targets(14,5): message :     ") at /usr/lib64/dotnet/sdk/10.0.101/Sdks/Microsoft.NET.Sdk/targets/Microsoft.NET.Sdk.FrameworkReferenceResolution.targets (14,5)
       /usr/lib64/dotnet/sdk/10.0.101/Sdks/Microsoft.NET.Sdk/targets/Microsoft.NET.Sdk.targets(44,5): message : Property reassignment: $(_GenerateRuntimeConfigurationPropertyInputsCache)="/home/baturhan/Projeler/Entegrasyon/Application/Entegrasyon.Blazor/obj/Debug/net8.0/Entegrasyon.Blazor.genruntimeconfig.cache" (previous value: "obj/Debug/net8.0/Entegrasyon.Blazor.genruntimeconfig.cache") at /usr/lib64/dotnet/sdk/10.0.101/Sdks/Microsoft.NET.Sdk/targets/Microsoft.NET.Sdk.targets (44,5)
       /usr/lib64/dotnet/sdk/10.0.101/Sdks/Microsoft.NET.Sdk/targets/Microsoft.NET.Sdk.targets(46,5): message : Property reassignment: $(_GeneratePublishDependencyFilePropertyInputsCache)="/home/baturhan/Projeler/Entegrasyon/Application/Entegrasyon.Blazor/obj/Debug/net8.0/Entegrasyon.Blazor.genpublishdeps.cache" (previous value: "obj/Debug/net8.0/Entegrasyon.Blazor.genpublishdeps.cache") at /usr/lib64/dotnet/sdk/10.0.101/Sdks/Microsoft.NET.Sdk/targets/Microsoft.NET.Sdk.targets (46,5)
       /usr/lib64/dotnet/sdk/10.0.101/Sdks/Microsoft.NET.Sdk/targets/Microsoft.NET.Sdk.targets(48,5): message : Property reassignment: $(_GenerateSingleFileBundlePropertyInputsCache)="/home/baturhan/Projeler/Entegrasyon/Application/Entegrasyon.Blazor/obj/Debug/net8.0/Entegrasyon.Blazor.genbundle.cache" (previous value: "obj/Debug/net8.0/Entegrasyon.Blazor.genbundle.cache") at /usr/lib64/dotnet/sdk/10.0.101/Sdks/Microsoft.NET.Sdk/targets/Microsoft.NET.Sdk.targets (48,5)
       /usr/lib64/dotnet/sdk/10.0.101/Sdks/Microsoft.NET.Sdk/targets/Microsoft.NET.Sdk.targets(81,5): message : Property reassignment: $(GenerateRuntimeConfigDevFile)="false" (previous value: "true") at /usr/lib64/dotnet/sdk/10.0.101/Sdks/Microsoft.NET.Sdk/targets/Microsoft.NET.Sdk.targets (81,5)
       /usr/lib64/dotnet/sdk/10.0.101/Sdks/Microsoft.NET.Sdk/targets/Microsoft.NET.Sdk.targets(97,5): message : Property 'HOME' with value '/home/baturhan' expanded from the environment.
       /usr/lib64/dotnet/sdk/10.0.101/Sdks/Microsoft.NET.Sdk/targets/Microsoft.NET.Sdk.targets(99,5): message : Property reassignment: $(_DefaultUserProfileRuntimeStorePath)="/home/baturhan/.dotnet/store" (previous value: "/home/baturhan") at /usr/lib64/dotnet/sdk/10.0.101/Sdks/Microsoft.NET.Sdk/targets/Microsoft.NET.Sdk.targets (99,5)
       /usr/lib64/dotnet/sdk/10.0.101/Sdks/Microsoft.NET.Sdk/targets/Microsoft.NET.Sdk.targets(144,5): message : Property reassignment: $(AvailablePlatforms)="Any CPU,x86,x64,ARM32" (previous value: "Any CPU,x86,x64") at /usr/lib64/dotnet/sdk/10.0.101/Sdks/Microsoft.NET.Sdk/targets/Microsoft.NET.Sdk.targets (144,5)
       /usr/lib64/dotnet/sdk/10.0.101/Sdks/Microsoft.NET.Sdk/targets/Microsoft.NET.Sdk.targets(148,5): message : Property reassignment: $(AvailablePlatforms)="Any CPU,x86,x64,ARM32,ARM64" (previous value: "Any CPU,x86,x64,ARM32") at /usr/lib64/dotnet/sdk/10.0.101/Sdks/Microsoft.NET.Sdk/targets/Microsoft.NET.Sdk.targets (148,5)
       /usr/lib64/dotnet/sdk/10.0.101/Sdks/Microsoft.NET.Sdk/targets/Microsoft.NET.Sdk.targets(204,5): message : Property reassignment: $(CoreBuildDependsOn)="
       /usr/lib64/dotnet/sdk/10.0.101/Sdks/Microsoft.NET.Sdk/targets/Microsoft.NET.Sdk.targets(204,5): message :       _CheckForBuildWithNoBuild;
       /usr/lib64/dotnet/sdk/10.0.101/Sdks/Microsoft.NET.Sdk/targets/Microsoft.NET.Sdk.targets(204,5): message :       
       /usr/lib64/dotnet/sdk/10.0.101/Sdks/Microsoft.NET.Sdk/targets/Microsoft.NET.Sdk.targets(204,5): message :       BuildOnlySettings;
       /usr/lib64/dotnet/sdk/10.0.101/Sdks/Microsoft.NET.Sdk/targets/Microsoft.NET.Sdk.targets(204,5): message :       PrepareForBuild;
       /usr/lib64/dotnet/sdk/10.0.101/Sdks/Microsoft.NET.Sdk/targets/Microsoft.NET.Sdk.targets(204,5): message :       PreBuildEvent;
       /usr/lib64/dotnet/sdk/10.0.101/Sdks/Microsoft.NET.Sdk/targets/Microsoft.NET.Sdk.targets(204,5): message :       ResolveReferences;
       /usr/lib64/dotnet/sdk/10.0.101/Sdks/Microsoft.NET.Sdk/targets/Microsoft.NET.Sdk.targets(204,5): message :       PrepareResources;
       /usr/lib64/dotnet/sdk/10.0.101/Sdks/Microsoft.NET.Sdk/targets/Microsoft.NET.Sdk.targets(204,5): message :       ResolveKeySource;
       /usr/lib64/dotnet/sdk/10.0.101/Sdks/Microsoft.NET.Sdk/targets/Microsoft.NET.Sdk.targets(204,5): message :       Compile;
       /usr/lib64/dotnet/sdk/10.0.101/Sdks/Microsoft.NET.Sdk/targets/Microsoft.NET.Sdk.targets(204,5): message :       ExportWindowsMDFile;
       /usr/lib64/dotnet/sdk/10.0.101/Sdks/Microsoft.NET.Sdk/targets/Microsoft.NET.Sdk.targets(204,5): message :       UnmanagedUnregistration;
       /usr/lib64/dotnet/sdk/10.0.101/Sdks/Microsoft.NET.Sdk/targets/Microsoft.NET.Sdk.targets(204,5): message :       GenerateSerializationAssemblies;
       /usr/lib64/dotnet/sdk/10.0.101/Sdks/Microsoft.NET.Sdk/targets/Microsoft.NET.Sdk.targets(204,5): message :       CreateSatelliteAssemblies;
       /usr/lib64/dotnet/sdk/10.0.101/Sdks/Microsoft.NET.Sdk/targets/Microsoft.NET.Sdk.targets(204,5): message :       GenerateManifests;
       /usr/lib64/dotnet/sdk/10.0.101/Sdks/Microsoft.NET.Sdk/targets/Microsoft.NET.Sdk.targets(204,5): message :       GetTargetPath;
       /usr/lib64/dotnet/sdk/10.0.101/Sdks/Microsoft.NET.Sdk/targets/Microsoft.NET.Sdk.targets(204,5): message :       PrepareForRun;
       /usr/lib64/dotnet/sdk/10.0.101/Sdks/Microsoft.NET.Sdk/targets/Microsoft.NET.Sdk.targets(204,5): message :       UnmanagedRegistration;
       /usr/lib64/dotnet/sdk/10.0.101/Sdks/Microsoft.NET.Sdk/targets/Microsoft.NET.Sdk.targets(204,5): message :       IncrementalClean;
       /usr/lib64/dotnet/sdk/10.0.101/Sdks/Microsoft.NET.Sdk/targets/Microsoft.NET.Sdk.targets(204,5): message :       PostBuildEvent
       /usr/lib64/dotnet/sdk/10.0.101/Sdks/Microsoft.NET.Sdk/targets/Microsoft.NET.Sdk.targets(204,5): message :     ;
       /usr/lib64/dotnet/sdk/10.0.101/Sdks/Microsoft.NET.Sdk/targets/Microsoft.NET.Sdk.targets(204,5): message :       GenerateBuildDependencyFile;
       /usr/lib64/dotnet/sdk/10.0.101/Sdks/Microsoft.NET.Sdk/targets/Microsoft.NET.Sdk.targets(204,5): message :       GenerateBuildRuntimeConfigurationFiles
       /usr/lib64/dotnet/sdk/10.0.101/Sdks/Microsoft.NET.Sdk/targets/Microsoft.NET.Sdk.targets(204,5): message :     " (previous value: "
       /usr/lib64/dotnet/sdk/10.0.101/Sdks/Microsoft.NET.Sdk/targets/Microsoft.NET.Sdk.targets(204,5): message :       BuildOnlySettings;
       /usr/lib64/dotnet/sdk/10.0.101/Sdks/Microsoft.NET.Sdk/targets/Microsoft.NET.Sdk.targets(204,5): message :       PrepareForBuild;
       /usr/lib64/dotnet/sdk/10.0.101/Sdks/Microsoft.NET.Sdk/targets/Microsoft.NET.Sdk.targets(204,5): message :       PreBuildEvent;
       /usr/lib64/dotnet/sdk/10.0.101/Sdks/Microsoft.NET.Sdk/targets/Microsoft.NET.Sdk.targets(204,5): message :       ResolveReferences;
       /usr/lib64/dotnet/sdk/10.0.101/Sdks/Microsoft.NET.Sdk/targets/Microsoft.NET.Sdk.targets(204,5): message :       PrepareResources;
       /usr/lib64/dotnet/sdk/10.0.101/Sdks/Microsoft.NET.Sdk/targets/Microsoft.NET.Sdk.targets(204,5): message :       ResolveKeySource;
       /usr/lib64/dotnet/sdk/10.0.101/Sdks/Microsoft.NET.Sdk/targets/Microsoft.NET.Sdk.targets(204,5): message :       Compile;
       /usr/lib64/dotnet/sdk/10.0.101/Sdks/Microsoft.NET.Sdk/targets/Microsoft.NET.Sdk.targets(204,5): message :       ExportWindowsMDFile;
       /usr/lib64/dotnet/sdk/10.0.101/Sdks/Microsoft.NET.Sdk/targets/Microsoft.NET.Sdk.targets(204,5): message :       UnmanagedUnregistration;
       /usr/lib64/dotnet/sdk/10.0.101/Sdks/Microsoft.NET.Sdk/targets/Microsoft.NET.Sdk.targets(204,5): message :       GenerateSerializationAssemblies;
       /usr/lib64/dotnet/sdk/10.0.101/Sdks/Microsoft.NET.Sdk/targets/Microsoft.NET.Sdk.targets(204,5): message :       CreateSatelliteAssemblies;
       /usr/lib64/dotnet/sdk/10.0.101/Sdks/Microsoft.NET.Sdk/targets/Microsoft.NET.Sdk.targets(204,5): message :       GenerateManifests;
       /usr/lib64/dotnet/sdk/10.0.101/Sdks/Microsoft.NET.Sdk/targets/Microsoft.NET.Sdk.targets(204,5): message :       GetTargetPath;
       /usr/lib64/dotnet/sdk/10.0.101/Sdks/Microsoft.NET.Sdk/targets/Microsoft.NET.Sdk.targets(204,5): message :       PrepareForRun;
       /usr/lib64/dotnet/sdk/10.0.101/Sdks/Microsoft.NET.Sdk/targets/Microsoft.NET.Sdk.targets(204,5): message :       UnmanagedRegistration;
       /usr/lib64/dotnet/sdk/10.0.101/Sdks/Microsoft.NET.Sdk/targets/Microsoft.NET.Sdk.targets(204,5): message :       IncrementalClean;
       /usr/lib64/dotnet/sdk/10.0.101/Sdks/Microsoft.NET.Sdk/targets/Microsoft.NET.Sdk.targets(204,5): message :       PostBuildEvent
       /usr/lib64/dotnet/sdk/10.0.101/Sdks/Microsoft.NET.Sdk/targets/Microsoft.NET.Sdk.targets(204,5): message :     ") at /usr/lib64/dotnet/sdk/10.0.101/Sdks/Microsoft.NET.Sdk/targets/Microsoft.NET.Sdk.targets (204,5)
       /usr/lib64/dotnet/sdk/10.0.101/Sdks/Microsoft.NET.Sdk/targets/Microsoft.NET.Sdk.targets(213,5): message : Property reassignment: $(CoreCleanDependsOn)="
       /usr/lib64/dotnet/sdk/10.0.101/Sdks/Microsoft.NET.Sdk/targets/Microsoft.NET.Sdk.targets(213,5): message :       _SdkBeforeClean;
       /usr/lib64/dotnet/sdk/10.0.101/Sdks/Microsoft.NET.Sdk/targets/Microsoft.NET.Sdk.targets(213,5): message :       
       /usr/lib64/dotnet/sdk/10.0.101/Sdks/Microsoft.NET.Sdk/targets/Microsoft.NET.Sdk.targets(213,5): message :     " (previous value: "") at /usr/lib64/dotnet/sdk/10.0.101/Sdks/Microsoft.NET.Sdk/targets/Microsoft.NET.Sdk.targets (213,5)
       /usr/lib64/dotnet/sdk/10.0.101/Sdks/Microsoft.NET.Sdk/targets/Microsoft.NET.Sdk.targets(220,5): message : Property reassignment: $(RebuildDependsOn)="
       /usr/lib64/dotnet/sdk/10.0.101/Sdks/Microsoft.NET.Sdk/targets/Microsoft.NET.Sdk.targets(220,5): message :       _SdkBeforeRebuild;
       /usr/lib64/dotnet/sdk/10.0.101/Sdks/Microsoft.NET.Sdk/targets/Microsoft.NET.Sdk.targets(220,5): message :       
       /usr/lib64/dotnet/sdk/10.0.101/Sdks/Microsoft.NET.Sdk/targets/Microsoft.NET.Sdk.targets(220,5): message :       BeforeRebuild;
       /usr/lib64/dotnet/sdk/10.0.101/Sdks/Microsoft.NET.Sdk/targets/Microsoft.NET.Sdk.targets(220,5): message :       Clean;
       /usr/lib64/dotnet/sdk/10.0.101/Sdks/Microsoft.NET.Sdk/targets/Microsoft.NET.Sdk.targets(220,5): message :       Build;
       /usr/lib64/dotnet/sdk/10.0.101/Sdks/Microsoft.NET.Sdk/targets/Microsoft.NET.Sdk.targets(220,5): message :       AfterRebuild;
       /usr/lib64/dotnet/sdk/10.0.101/Sdks/Microsoft.NET.Sdk/targets/Microsoft.NET.Sdk.targets(220,5): message :     
       /usr/lib64/dotnet/sdk/10.0.101/Sdks/Microsoft.NET.Sdk/targets/Microsoft.NET.Sdk.targets(220,5): message :     " (previous value: "
       /usr/lib64/dotnet/sdk/10.0.101/Sdks/Microsoft.NET.Sdk/targets/Microsoft.NET.Sdk.targets(220,5): message :       BeforeRebuild;
       /usr/lib64/dotnet/sdk/10.0.101/Sdks/Microsoft.NET.Sdk/targets/Microsoft.NET.Sdk.targets(220,5): message :       Clean;
       /usr/lib64/dotnet/sdk/10.0.101/Sdks/Microsoft.NET.Sdk/targets/Microsoft.NET.Sdk.targets(220,5): message :       Build;
       /usr/lib64/dotnet/sdk/10.0.101/Sdks/Microsoft.NET.Sdk/targets/Microsoft.NET.Sdk.targets(220,5): message :       AfterRebuild;
       /usr/lib64/dotnet/sdk/10.0.101/Sdks/Microsoft.NET.Sdk/targets/Microsoft.NET.Sdk.targets(220,5): message :     ") at /usr/lib64/dotnet/sdk/10.0.101/Sdks/Microsoft.NET.Sdk/targets/Microsoft.NET.Sdk.targets (220,5)
       /usr/lib64/dotnet/sdk/10.0.101/Sdks/Microsoft.NET.Sdk/targets/Microsoft.NET.Sdk.targets(799,5): message : Property reassignment: $(CompileDependsOn)="
       /usr/lib64/dotnet/sdk/10.0.101/Sdks/Microsoft.NET.Sdk/targets/Microsoft.NET.Sdk.targets(799,5): message :       
       /usr/lib64/dotnet/sdk/10.0.101/Sdks/Microsoft.NET.Sdk/targets/Microsoft.NET.Sdk.targets(799,5): message :       ResolveReferences;
       /usr/lib64/dotnet/sdk/10.0.101/Sdks/Microsoft.NET.Sdk/targets/Microsoft.NET.Sdk.targets(799,5): message :       ResolveKeySource;
       /usr/lib64/dotnet/sdk/10.0.101/Sdks/Microsoft.NET.Sdk/targets/Microsoft.NET.Sdk.targets(799,5): message :       SetWin32ManifestProperties;
       /usr/lib64/dotnet/sdk/10.0.101/Sdks/Microsoft.NET.Sdk/targets/Microsoft.NET.Sdk.targets(799,5): message :       _SetPreferNativeArm64Win32ManifestProperties;
       /usr/lib64/dotnet/sdk/10.0.101/Sdks/Microsoft.NET.Sdk/targets/Microsoft.NET.Sdk.targets(799,5): message :       FindReferenceAssembliesForReferences;
       /usr/lib64/dotnet/sdk/10.0.101/Sdks/Microsoft.NET.Sdk/targets/Microsoft.NET.Sdk.targets(799,5): message :       _GenerateCompileInputs;
       /usr/lib64/dotnet/sdk/10.0.101/Sdks/Microsoft.NET.Sdk/targets/Microsoft.NET.Sdk.targets(799,5): message :       BeforeCompile;
       /usr/lib64/dotnet/sdk/10.0.101/Sdks/Microsoft.NET.Sdk/targets/Microsoft.NET.Sdk.targets(799,5): message :       _TimeStampBeforeCompile;
       /usr/lib64/dotnet/sdk/10.0.101/Sdks/Microsoft.NET.Sdk/targets/Microsoft.NET.Sdk.targets(799,5): message :       _GenerateCompileDependencyCache;
       /usr/lib64/dotnet/sdk/10.0.101/Sdks/Microsoft.NET.Sdk/targets/Microsoft.NET.Sdk.targets(799,5): message :       CoreCompile;
       /usr/lib64/dotnet/sdk/10.0.101/Sdks/Microsoft.NET.Sdk/targets/Microsoft.NET.Sdk.targets(799,5): message :       _TimeStampAfterCompile;
       /usr/lib64/dotnet/sdk/10.0.101/Sdks/Microsoft.NET.Sdk/targets/Microsoft.NET.Sdk.targets(799,5): message :       AfterCompile;
       /usr/lib64/dotnet/sdk/10.0.101/Sdks/Microsoft.NET.Sdk/targets/Microsoft.NET.Sdk.targets(799,5): message :     ;
       /usr/lib64/dotnet/sdk/10.0.101/Sdks/Microsoft.NET.Sdk/targets/Microsoft.NET.Sdk.targets(799,5): message :       _CreateAppHost;
       /usr/lib64/dotnet/sdk/10.0.101/Sdks/Microsoft.NET.Sdk/targets/Microsoft.NET.Sdk.targets(799,5): message :       _CreateComHost;
       /usr/lib64/dotnet/sdk/10.0.101/Sdks/Microsoft.NET.Sdk/targets/Microsoft.NET.Sdk.targets(799,5): message :       _GetIjwHostPaths;
       /usr/lib64/dotnet/sdk/10.0.101/Sdks/Microsoft.NET.Sdk/targets/Microsoft.NET.Sdk.targets(799,5): message :     " (previous value: "
       /usr/lib64/dotnet/sdk/10.0.101/Sdks/Microsoft.NET.Sdk/targets/Microsoft.NET.Sdk.targets(799,5): message :       ResolveReferences;
       /usr/lib64/dotnet/sdk/10.0.101/Sdks/Microsoft.NET.Sdk/targets/Microsoft.NET.Sdk.targets(799,5): message :       ResolveKeySource;
       /usr/lib64/dotnet/sdk/10.0.101/Sdks/Microsoft.NET.Sdk/targets/Microsoft.NET.Sdk.targets(799,5): message :       SetWin32ManifestProperties;
       /usr/lib64/dotnet/sdk/10.0.101/Sdks/Microsoft.NET.Sdk/targets/Microsoft.NET.Sdk.targets(799,5): message :       _SetPreferNativeArm64Win32ManifestProperties;
       /usr/lib64/dotnet/sdk/10.0.101/Sdks/Microsoft.NET.Sdk/targets/Microsoft.NET.Sdk.targets(799,5): message :       FindReferenceAssembliesForReferences;
       /usr/lib64/dotnet/sdk/10.0.101/Sdks/Microsoft.NET.Sdk/targets/Microsoft.NET.Sdk.targets(799,5): message :       _GenerateCompileInputs;
       /usr/lib64/dotnet/sdk/10.0.101/Sdks/Microsoft.NET.Sdk/targets/Microsoft.NET.Sdk.targets(799,5): message :       BeforeCompile;
       /usr/lib64/dotnet/sdk/10.0.101/Sdks/Microsoft.NET.Sdk/targets/Microsoft.NET.Sdk.targets(799,5): message :       _TimeStampBeforeCompile;
       /usr/lib64/dotnet/sdk/10.0.101/Sdks/Microsoft.NET.Sdk/targets/Microsoft.NET.Sdk.targets(799,5): message :       _GenerateCompileDependencyCache;
       /usr/lib64/dotnet/sdk/10.0.101/Sdks/Microsoft.NET.Sdk/targets/Microsoft.NET.Sdk.targets(799,5): message :       CoreCompile;
       /usr/lib64/dotnet/sdk/10.0.101/Sdks/Microsoft.NET.Sdk/targets/Microsoft.NET.Sdk.targets(799,5): message :       _TimeStampAfterCompile;
       /usr/lib64/dotnet/sdk/10.0.101/Sdks/Microsoft.NET.Sdk/targets/Microsoft.NET.Sdk.targets(799,5): message :       AfterCompile;
       /usr/lib64/dotnet/sdk/10.0.101/Sdks/Microsoft.NET.Sdk/targets/Microsoft.NET.Sdk.targets(799,5): message :     ") at /usr/lib64/dotnet/sdk/10.0.101/Sdks/Microsoft.NET.Sdk/targets/Microsoft.NET.Sdk.targets (799,5)
       /usr/lib64/dotnet/sdk/10.0.101/Sdks/Microsoft.NET.Sdk/targets/Microsoft.NET.Sdk.targets(1131,5): message : Property reassignment: $(CreateSatelliteAssembliesDependsOn)="
       /usr/lib64/dotnet/sdk/10.0.101/Sdks/Microsoft.NET.Sdk/targets/Microsoft.NET.Sdk.targets(1131,5): message :       
       /usr/lib64/dotnet/sdk/10.0.101/Sdks/Microsoft.NET.Sdk/targets/Microsoft.NET.Sdk.targets(1131,5): message :       ;
       /usr/lib64/dotnet/sdk/10.0.101/Sdks/Microsoft.NET.Sdk/targets/Microsoft.NET.Sdk.targets(1131,5): message :       _GenerateSatelliteAssemblyInputs;
       /usr/lib64/dotnet/sdk/10.0.101/Sdks/Microsoft.NET.Sdk/targets/Microsoft.NET.Sdk.targets(1131,5): message :       ComputeIntermediateSatelliteAssemblies;
       /usr/lib64/dotnet/sdk/10.0.101/Sdks/Microsoft.NET.Sdk/targets/Microsoft.NET.Sdk.targets(1131,5): message :       GenerateSatelliteAssemblies
       /usr/lib64/dotnet/sdk/10.0.101/Sdks/Microsoft.NET.Sdk/targets/Microsoft.NET.Sdk.targets(1131,5): message :     ;
       /usr/lib64/dotnet/sdk/10.0.101/Sdks/Microsoft.NET.Sdk/targets/Microsoft.NET.Sdk.targets(1131,5): message :       CoreGenerateSatelliteAssemblies
       /usr/lib64/dotnet/sdk/10.0.101/Sdks/Microsoft.NET.Sdk/targets/Microsoft.NET.Sdk.targets(1131,5): message :     " (previous value: "
       /usr/lib64/dotnet/sdk/10.0.101/Sdks/Microsoft.NET.Sdk/targets/Microsoft.NET.Sdk.targets(1131,5): message :       ;
       /usr/lib64/dotnet/sdk/10.0.101/Sdks/Microsoft.NET.Sdk/targets/Microsoft.NET.Sdk.targets(1131,5): message :       _GenerateSatelliteAssemblyInputs;
       /usr/lib64/dotnet/sdk/10.0.101/Sdks/Microsoft.NET.Sdk/targets/Microsoft.NET.Sdk.targets(1131,5): message :       ComputeIntermediateSatelliteAssemblies;
       /usr/lib64/dotnet/sdk/10.0.101/Sdks/Microsoft.NET.Sdk/targets/Microsoft.NET.Sdk.targets(1131,5): message :       GenerateSatelliteAssemblies
       /usr/lib64/dotnet/sdk/10.0.101/Sdks/Microsoft.NET.Sdk/targets/Microsoft.NET.Sdk.targets(1131,5): message :     ") at /usr/lib64/dotnet/sdk/10.0.101/Sdks/Microsoft.NET.Sdk/targets/Microsoft.NET.Sdk.targets (1131,5)
       /usr/lib64/dotnet/sdk/10.0.101/Sdks/Microsoft.SourceLink.GitLab/build/Microsoft.SourceLink.GitLab.targets(12,5): message : Property reassignment: $(SourceLinkUrlInitializerTargets)=";_InitializeGitHubSourceLinkUrl;_InitializeGitLabSourceLinkUrl" (previous value: ";_InitializeGitHubSourceLinkUrl") at /usr/lib64/dotnet/sdk/10.0.101/Sdks/Microsoft.SourceLink.GitLab/build/Microsoft.SourceLink.GitLab.targets (12,5)
       /usr/lib64/dotnet/sdk/10.0.101/Sdks/Microsoft.SourceLink.GitLab/build/Microsoft.SourceLink.GitLab.targets(13,5): message : Property reassignment: $(SourceControlManagerUrlTranslationTargets)=";TranslateGitHubUrlsInSourceControlInformation;TranslateGitLabUrlsInSourceControlInformation" (previous value: ";TranslateGitHubUrlsInSourceControlInformation") at /usr/lib64/dotnet/sdk/10.0.101/Sdks/Microsoft.SourceLink.GitLab/build/Microsoft.SourceLink.GitLab.targets (13,5)
       /usr/lib64/dotnet/sdk/10.0.101/Sdks/Microsoft.SourceLink.AzureRepos.Git/build/Microsoft.SourceLink.AzureRepos.Git.targets(12,5): message : Property reassignment: $(SourceLinkUrlInitializerTargets)=";_InitializeGitHubSourceLinkUrl;_InitializeGitLabSourceLinkUrl;_InitializeAzureReposGitSourceLinkUrl" (previous value: ";_InitializeGitHubSourceLinkUrl;_InitializeGitLabSourceLinkUrl") at /usr/lib64/dotnet/sdk/10.0.101/Sdks/Microsoft.SourceLink.AzureRepos.Git/build/Microsoft.SourceLink.AzureRepos.Git.targets (12,5)
       /usr/lib64/dotnet/sdk/10.0.101/Sdks/Microsoft.SourceLink.AzureRepos.Git/build/Microsoft.SourceLink.AzureRepos.Git.targets(13,5): message : Property reassignment: $(SourceControlManagerUrlTranslationTargets)=";TranslateGitHubUrlsInSourceControlInformation;TranslateGitLabUrlsInSourceControlInformation;TranslateAzureReposGitUrlsInSourceControlInformation" (previous value: ";TranslateGitHubUrlsInSourceControlInformation;TranslateGitLabUrlsInSourceControlInformation") at /usr/lib64/dotnet/sdk/10.0.101/Sdks/Microsoft.SourceLink.AzureRepos.Git/build/Microsoft.SourceLink.AzureRepos.Git.targets (13,5)
       /usr/lib64/dotnet/sdk/10.0.101/Sdks/Microsoft.SourceLink.Bitbucket.Git/build/Microsoft.SourceLink.Bitbucket.Git.targets(12,5): message : Property reassignment: $(SourceLinkUrlInitializerTargets)=";_InitializeGitHubSourceLinkUrl;_InitializeGitLabSourceLinkUrl;_InitializeAzureReposGitSourceLinkUrl;_InitializeBitbucketGitSourceLinkUrl" (previous value: ";_InitializeGitHubSourceLinkUrl;_InitializeGitLabSourceLinkUrl;_InitializeAzureReposGitSourceLinkUrl") at /usr/lib64/dotnet/sdk/10.0.101/Sdks/Microsoft.SourceLink.Bitbucket.Git/build/Microsoft.SourceLink.Bitbucket.Git.targets (12,5)
       /usr/lib64/dotnet/sdk/10.0.101/Sdks/Microsoft.SourceLink.Bitbucket.Git/build/Microsoft.SourceLink.Bitbucket.Git.targets(13,5): message : Property reassignment: $(SourceControlManagerUrlTranslationTargets)=";TranslateGitHubUrlsInSourceControlInformation;TranslateGitLabUrlsInSourceControlInformation;TranslateAzureReposGitUrlsInSourceControlInformation;TranslateBitbucketGitUrlsInSourceControlInformation" (previous value: ";TranslateGitHubUrlsInSourceControlInformation;TranslateGitLabUrlsInSourceControlInformation;TranslateAzureReposGitUrlsInSourceControlInformation") at /usr/lib64/dotnet/sdk/10.0.101/Sdks/Microsoft.SourceLink.Bitbucket.Git/build/Microsoft.SourceLink.Bitbucket.Git.targets (13,5)
       /usr/lib64/dotnet/sdk/10.0.101/Sdks/Microsoft.NET.Sdk/targets/Microsoft.NET.DesignerSupport.targets(21,5): message : Property reassignment: $(DesignerRuntimeImplementationProjectOutputGroupDependsOn)="
       /usr/lib64/dotnet/sdk/10.0.101/Sdks/Microsoft.NET.Sdk/targets/Microsoft.NET.DesignerSupport.targets(21,5): message :       
       /usr/lib64/dotnet/sdk/10.0.101/Sdks/Microsoft.NET.Sdk/targets/Microsoft.NET.DesignerSupport.targets(21,5): message :       ;
       /usr/lib64/dotnet/sdk/10.0.101/Sdks/Microsoft.NET.Sdk/targets/Microsoft.NET.DesignerSupport.targets(21,5): message :       
       /usr/lib64/dotnet/sdk/10.0.101/Sdks/Microsoft.NET.Sdk/targets/Microsoft.NET.DesignerSupport.targets(21,5): message :       ;
       /usr/lib64/dotnet/sdk/10.0.101/Sdks/Microsoft.NET.Sdk/targets/Microsoft.NET.DesignerSupport.targets(21,5): message :       BuildOnlySettings;
       /usr/lib64/dotnet/sdk/10.0.101/Sdks/Microsoft.NET.Sdk/targets/Microsoft.NET.DesignerSupport.targets(21,5): message :       PrepareForBuild;
       /usr/lib64/dotnet/sdk/10.0.101/Sdks/Microsoft.NET.Sdk/targets/Microsoft.NET.DesignerSupport.targets(21,5): message :       AssignTargetPaths;
       /usr/lib64/dotnet/sdk/10.0.101/Sdks/Microsoft.NET.Sdk/targets/Microsoft.NET.DesignerSupport.targets(21,5): message :       ResolveReferences
       /usr/lib64/dotnet/sdk/10.0.101/Sdks/Microsoft.NET.Sdk/targets/Microsoft.NET.DesignerSupport.targets(21,5): message :     
       /usr/lib64/dotnet/sdk/10.0.101/Sdks/Microsoft.NET.Sdk/targets/Microsoft.NET.DesignerSupport.targets(21,5): message :     ;
       /usr/lib64/dotnet/sdk/10.0.101/Sdks/Microsoft.NET.Sdk/targets/Microsoft.NET.DesignerSupport.targets(21,5): message :       _GenerateDesignerDepsFile;
       /usr/lib64/dotnet/sdk/10.0.101/Sdks/Microsoft.NET.Sdk/targets/Microsoft.NET.DesignerSupport.targets(21,5): message :       _GenerateDesignerRuntimeConfigFile;
       /usr/lib64/dotnet/sdk/10.0.101/Sdks/Microsoft.NET.Sdk/targets/Microsoft.NET.DesignerSupport.targets(21,5): message :       GetCopyToOutputDirectoryItems;
       /usr/lib64/dotnet/sdk/10.0.101/Sdks/Microsoft.NET.Sdk/targets/Microsoft.NET.DesignerSupport.targets(21,5): message :       _GatherDesignerShadowCopyFiles;
       /usr/lib64/dotnet/sdk/10.0.101/Sdks/Microsoft.NET.Sdk/targets/Microsoft.NET.DesignerSupport.targets(21,5): message :     " (previous value: "
       /usr/lib64/dotnet/sdk/10.0.101/Sdks/Microsoft.NET.Sdk/targets/Microsoft.NET.DesignerSupport.targets(21,5): message :       ;
       /usr/lib64/dotnet/sdk/10.0.101/Sdks/Microsoft.NET.Sdk/targets/Microsoft.NET.DesignerSupport.targets(21,5): message :       
       /usr/lib64/dotnet/sdk/10.0.101/Sdks/Microsoft.NET.Sdk/targets/Microsoft.NET.DesignerSupport.targets(21,5): message :       ;
       /usr/lib64/dotnet/sdk/10.0.101/Sdks/Microsoft.NET.Sdk/targets/Microsoft.NET.DesignerSupport.targets(21,5): message :       BuildOnlySettings;
       /usr/lib64/dotnet/sdk/10.0.101/Sdks/Microsoft.NET.Sdk/targets/Microsoft.NET.DesignerSupport.targets(21,5): message :       PrepareForBuild;
       /usr/lib64/dotnet/sdk/10.0.101/Sdks/Microsoft.NET.Sdk/targets/Microsoft.NET.DesignerSupport.targets(21,5): message :       AssignTargetPaths;
       /usr/lib64/dotnet/sdk/10.0.101/Sdks/Microsoft.NET.Sdk/targets/Microsoft.NET.DesignerSupport.targets(21,5): message :       ResolveReferences
       /usr/lib64/dotnet/sdk/10.0.101/Sdks/Microsoft.NET.Sdk/targets/Microsoft.NET.DesignerSupport.targets(21,5): message :     
       /usr/lib64/dotnet/sdk/10.0.101/Sdks/Microsoft.NET.Sdk/targets/Microsoft.NET.DesignerSupport.targets(21,5): message :     ") at /usr/lib64/dotnet/sdk/10.0.101/Sdks/Microsoft.NET.Sdk/targets/Microsoft.NET.DesignerSupport.targets (21,5)
       /usr/lib64/dotnet/sdk/10.0.101/Sdks/Microsoft.NET.Sdk/targets/Microsoft.NET.Sdk.CSharp.targets(31,5): message : Property reassignment: $(DefineConstants)="TRACE;DEBUG" (previous value: "TRACE") at /usr/lib64/dotnet/sdk/10.0.101/Sdks/Microsoft.NET.Sdk/targets/Microsoft.NET.Sdk.CSharp.targets (31,5)
       /usr/lib64/dotnet/sdk/10.0.101/Sdks/Microsoft.NET.Sdk/targets/Microsoft.NET.Sdk.CSharp.targets(45,5): message : Property reassignment: $(WarningsAsErrors)=";NU1605;SYSLIB0011" (previous value: ";NU1605") at /usr/lib64/dotnet/sdk/10.0.101/Sdks/Microsoft.NET.Sdk/targets/Microsoft.NET.Sdk.CSharp.targets (45,5)
       /usr/lib64/dotnet/sdk/10.0.101/NuGet.Build.Tasks.Pack.targets(34,5): message : Property reassignment: $(PackageDescription)="Package Description" (previous value: "") at /usr/lib64/dotnet/sdk/10.0.101/NuGet.Build.Tasks.Pack.targets (34,5)
       /usr/lib64/dotnet/sdk/10.0.101/NuGet.Build.Tasks.Pack.targets(59,5): message : Property reassignment: $(GenerateNuspecDependsOn)="Build;_LoadPackInputItems; _GetTargetFrameworksOutput; _WalkEachTargetPerFramework; _GetPackageFiles; " (previous value: "_LoadPackInputItems; _GetTargetFrameworksOutput; _WalkEachTargetPerFramework; _GetPackageFiles; ") at /usr/lib64/dotnet/sdk/10.0.101/NuGet.Build.Tasks.Pack.targets (59,5)
       /usr/lib64/dotnet/sdk/10.0.101/Sdks/Microsoft.NET.Sdk/Sdk/Sdk.targets(59,5): message : Property reassignment: $(_IsNotSetContainersTargetsDir)="true" (previous value: "false") at /usr/lib64/dotnet/sdk/10.0.101/Sdks/Microsoft.NET.Sdk/Sdk/Sdk.targets (59,5)
       /usr/lib64/dotnet/sdk/10.0.101/Containers/build/Microsoft.NET.Build.Containers.targets(5,5): message : Property reassignment: $(_IsSDKContainerAllowedVersion)="true" (previous value: "false") at /usr/lib64/dotnet/sdk/10.0.101/Containers/build/Microsoft.NET.Build.Containers.targets (5,5)
       /usr/lib64/dotnet/sdk/10.0.101/Containers/build/Microsoft.NET.Build.Containers.targets(15,5): message : Property reassignment: $(_ContainerIsTargetingNet8TFM)="true" (previous value: "false") at /usr/lib64/dotnet/sdk/10.0.101/Containers/build/Microsoft.NET.Build.Containers.targets (15,5)
       /usr/lib64/dotnet/sdk/10.0.101/Sdks/Microsoft.NET.Sdk.StaticWebAssets/targets/Sdk.StaticWebAssets.CurrentVersion.targets(37,18): message : Property 'DOTNET_HOST_PATH' with value '/usr/lib64/dotnet/dotnet' expanded from the environment.
       /usr/lib64/dotnet/sdk/10.0.101/Sdks/Microsoft.NET.Sdk.StaticWebAssets/targets/Microsoft.NET.Sdk.StaticWebAssets.targets(286,5): message : Property reassignment: $(PrepareForRunDependsOn)="StaticWebAssetsPrepareForRun;
       /usr/lib64/dotnet/sdk/10.0.101/Sdks/Microsoft.NET.Sdk.StaticWebAssets/targets/Microsoft.NET.Sdk.StaticWebAssets.targets(286,5): message :       CopyFilesToOutputDirectory
       /usr/lib64/dotnet/sdk/10.0.101/Sdks/Microsoft.NET.Sdk.StaticWebAssets/targets/Microsoft.NET.Sdk.StaticWebAssets.targets(286,5): message :     " (previous value: "
       /usr/lib64/dotnet/sdk/10.0.101/Sdks/Microsoft.NET.Sdk.StaticWebAssets/targets/Microsoft.NET.Sdk.StaticWebAssets.targets(286,5): message :       CopyFilesToOutputDirectory
       /usr/lib64/dotnet/sdk/10.0.101/Sdks/Microsoft.NET.Sdk.StaticWebAssets/targets/Microsoft.NET.Sdk.StaticWebAssets.targets(286,5): message :     ") at /usr/lib64/dotnet/sdk/10.0.101/Sdks/Microsoft.NET.Sdk.StaticWebAssets/targets/Microsoft.NET.Sdk.StaticWebAssets.targets (286,5)
       /usr/lib64/dotnet/sdk/10.0.101/Sdks/Microsoft.NET.Sdk.StaticWebAssets/targets/Microsoft.NET.Sdk.StaticWebAssets.targets(323,5): message : Property reassignment: $(GetCopyToOutputDirectoryItemsDependsOn)="
       /usr/lib64/dotnet/sdk/10.0.101/Sdks/Microsoft.NET.Sdk.StaticWebAssets/targets/Microsoft.NET.Sdk.StaticWebAssets.targets(323,5): message :       AssignTargetPaths;
       /usr/lib64/dotnet/sdk/10.0.101/Sdks/Microsoft.NET.Sdk.StaticWebAssets/targets/Microsoft.NET.Sdk.StaticWebAssets.targets(323,5): message :       
       /usr/lib64/dotnet/sdk/10.0.101/Sdks/Microsoft.NET.Sdk.StaticWebAssets/targets/Microsoft.NET.Sdk.StaticWebAssets.targets(323,5): message :       AssignProjectConfiguration;
       /usr/lib64/dotnet/sdk/10.0.101/Sdks/Microsoft.NET.Sdk.StaticWebAssets/targets/Microsoft.NET.Sdk.StaticWebAssets.targets(323,5): message :       _SplitProjectReferencesByFileExistence
       /usr/lib64/dotnet/sdk/10.0.101/Sdks/Microsoft.NET.Sdk.StaticWebAssets/targets/Microsoft.NET.Sdk.StaticWebAssets.targets(323,5): message :     ;
       /usr/lib64/dotnet/sdk/10.0.101/Sdks/Microsoft.NET.Sdk.StaticWebAssets/targets/Microsoft.NET.Sdk.StaticWebAssets.targets(323,5): message :       _GetProjectReferenceTargetFrameworkProperties;
       /usr/lib64/dotnet/sdk/10.0.101/Sdks/Microsoft.NET.Sdk.StaticWebAssets/targets/Microsoft.NET.Sdk.StaticWebAssets.targets(323,5): message :       _PopulateCommonStateForGetCopyToOutputDirectoryItems
       /usr/lib64/dotnet/sdk/10.0.101/Sdks/Microsoft.NET.Sdk.StaticWebAssets/targets/Microsoft.NET.Sdk.StaticWebAssets.targets(323,5): message :     ;AddStaticWebAssetsManifest;AddStaticWebAssetEndpointsBuildManifest" (previous value: "
       /usr/lib64/dotnet/sdk/10.0.101/Sdks/Microsoft.NET.Sdk.StaticWebAssets/targets/Microsoft.NET.Sdk.StaticWebAssets.targets(323,5): message :       AssignTargetPaths;
       /usr/lib64/dotnet/sdk/10.0.101/Sdks/Microsoft.NET.Sdk.StaticWebAssets/targets/Microsoft.NET.Sdk.StaticWebAssets.targets(323,5): message :       
       /usr/lib64/dotnet/sdk/10.0.101/Sdks/Microsoft.NET.Sdk.StaticWebAssets/targets/Microsoft.NET.Sdk.StaticWebAssets.targets(323,5): message :       AssignProjectConfiguration;
       /usr/lib64/dotnet/sdk/10.0.101/Sdks/Microsoft.NET.Sdk.StaticWebAssets/targets/Microsoft.NET.Sdk.StaticWebAssets.targets(323,5): message :       _SplitProjectReferencesByFileExistence
       /usr/lib64/dotnet/sdk/10.0.101/Sdks/Microsoft.NET.Sdk.StaticWebAssets/targets/Microsoft.NET.Sdk.StaticWebAssets.targets(323,5): message :     ;
       /usr/lib64/dotnet/sdk/10.0.101/Sdks/Microsoft.NET.Sdk.StaticWebAssets/targets/Microsoft.NET.Sdk.StaticWebAssets.targets(323,5): message :       _GetProjectReferenceTargetFrameworkProperties;
       /usr/lib64/dotnet/sdk/10.0.101/Sdks/Microsoft.NET.Sdk.StaticWebAssets/targets/Microsoft.NET.Sdk.StaticWebAssets.targets(323,5): message :       _PopulateCommonStateForGetCopyToOutputDirectoryItems
       /usr/lib64/dotnet/sdk/10.0.101/Sdks/Microsoft.NET.Sdk.StaticWebAssets/targets/Microsoft.NET.Sdk.StaticWebAssets.targets(323,5): message :     ") at /usr/lib64/dotnet/sdk/10.0.101/Sdks/Microsoft.NET.Sdk.StaticWebAssets/targets/Microsoft.NET.Sdk.StaticWebAssets.targets (323,5)
       /usr/lib64/dotnet/sdk/10.0.101/Sdks/Microsoft.NET.Sdk.StaticWebAssets/targets/Microsoft.NET.Sdk.StaticWebAssets.Pack.targets(46,5): message : Property reassignment: $(GenerateNuspecDependsOn)="
       /usr/lib64/dotnet/sdk/10.0.101/Sdks/Microsoft.NET.Sdk.StaticWebAssets/targets/Microsoft.NET.Sdk.StaticWebAssets.Pack.targets(46,5): message :       IncludeStaticWebAssetsPackItems;
       /usr/lib64/dotnet/sdk/10.0.101/Sdks/Microsoft.NET.Sdk.StaticWebAssets/targets/Microsoft.NET.Sdk.StaticWebAssets.Pack.targets(46,5): message :       Build;_LoadPackInputItems; _GetTargetFrameworksOutput; _WalkEachTargetPerFramework; _GetPackageFiles; ;
       /usr/lib64/dotnet/sdk/10.0.101/Sdks/Microsoft.NET.Sdk.StaticWebAssets/targets/Microsoft.NET.Sdk.StaticWebAssets.Pack.targets(46,5): message :     " (previous value: "Build;_LoadPackInputItems; _GetTargetFrameworksOutput; _WalkEachTargetPerFramework; _GetPackageFiles; ") at /usr/lib64/dotnet/sdk/10.0.101/Sdks/Microsoft.NET.Sdk.StaticWebAssets/targets/Microsoft.NET.Sdk.StaticWebAssets.Pack.targets (46,5)
       /usr/lib64/dotnet/sdk/10.0.101/Sdks/Microsoft.NET.Sdk.StaticWebAssets/targets/Microsoft.NET.Sdk.StaticWebAssets.Pack.targets(55,5): message : Property reassignment: $(IncludeStaticWebAssetsPackItemsDependsOn)="
       /usr/lib64/dotnet/sdk/10.0.101/Sdks/Microsoft.NET.Sdk.StaticWebAssets/targets/Microsoft.NET.Sdk.StaticWebAssets.Pack.targets(55,5): message :       Build;
       /usr/lib64/dotnet/sdk/10.0.101/Sdks/Microsoft.NET.Sdk.StaticWebAssets/targets/Microsoft.NET.Sdk.StaticWebAssets.Pack.targets(55,5): message :       ResolveStaticWebAssetsConfiguration;LoadStaticWebAssetsBuildManifest
       /usr/lib64/dotnet/sdk/10.0.101/Sdks/Microsoft.NET.Sdk.StaticWebAssets/targets/Microsoft.NET.Sdk.StaticWebAssets.Pack.targets(55,5): message :     ;
       /usr/lib64/dotnet/sdk/10.0.101/Sdks/Microsoft.NET.Sdk.StaticWebAssets/targets/Microsoft.NET.Sdk.StaticWebAssets.Pack.targets(55,5): message :     " (previous value: "
       /usr/lib64/dotnet/sdk/10.0.101/Sdks/Microsoft.NET.Sdk.StaticWebAssets/targets/Microsoft.NET.Sdk.StaticWebAssets.Pack.targets(55,5): message :       ResolveStaticWebAssetsConfiguration;LoadStaticWebAssetsBuildManifest
       /usr/lib64/dotnet/sdk/10.0.101/Sdks/Microsoft.NET.Sdk.StaticWebAssets/targets/Microsoft.NET.Sdk.StaticWebAssets.Pack.targets(55,5): message :     ") at /usr/lib64/dotnet/sdk/10.0.101/Sdks/Microsoft.NET.Sdk.StaticWebAssets/targets/Microsoft.NET.Sdk.StaticWebAssets.Pack.targets (55,5)
       /usr/lib64/dotnet/sdk/10.0.101/Sdks/Microsoft.NET.Sdk.StaticWebAssets/targets/Microsoft.NET.Sdk.StaticWebAssets.ScopedCss.targets(55,3): message : Property reassignment: $(ResolveStaticWebAssetsInputsDependsOn)="
       /usr/lib64/dotnet/sdk/10.0.101/Sdks/Microsoft.NET.Sdk.StaticWebAssets/targets/Microsoft.NET.Sdk.StaticWebAssets.ScopedCss.targets(55,3): message :     
       /usr/lib64/dotnet/sdk/10.0.101/Sdks/Microsoft.NET.Sdk.StaticWebAssets/targets/Microsoft.NET.Sdk.StaticWebAssets.ScopedCss.targets(55,3): message :       ResolveCoreStaticWebAssets;
       /usr/lib64/dotnet/sdk/10.0.101/Sdks/Microsoft.NET.Sdk.StaticWebAssets/targets/Microsoft.NET.Sdk.StaticWebAssets.ScopedCss.targets(55,3): message :       GenerateComputedBuildStaticWebAssets;
       /usr/lib64/dotnet/sdk/10.0.101/Sdks/Microsoft.NET.Sdk.StaticWebAssets/targets/Microsoft.NET.Sdk.StaticWebAssets.ScopedCss.targets(55,3): message :       
       /usr/lib64/dotnet/sdk/10.0.101/Sdks/Microsoft.NET.Sdk.StaticWebAssets/targets/Microsoft.NET.Sdk.StaticWebAssets.ScopedCss.targets(55,3): message :     ;
       /usr/lib64/dotnet/sdk/10.0.101/Sdks/Microsoft.NET.Sdk.StaticWebAssets/targets/Microsoft.NET.Sdk.StaticWebAssets.ScopedCss.targets(55,3): message :     ResolveScopedCssAssets;
       /usr/lib64/dotnet/sdk/10.0.101/Sdks/Microsoft.NET.Sdk.StaticWebAssets/targets/Microsoft.NET.Sdk.StaticWebAssets.ScopedCss.targets(55,3): message :   " (previous value: "
       /usr/lib64/dotnet/sdk/10.0.101/Sdks/Microsoft.NET.Sdk.StaticWebAssets/targets/Microsoft.NET.Sdk.StaticWebAssets.ScopedCss.targets(55,3): message :       ResolveCoreStaticWebAssets;
       /usr/lib64/dotnet/sdk/10.0.101/Sdks/Microsoft.NET.Sdk.StaticWebAssets/targets/Microsoft.NET.Sdk.StaticWebAssets.ScopedCss.targets(55,3): message :       GenerateComputedBuildStaticWebAssets;
       /usr/lib64/dotnet/sdk/10.0.101/Sdks/Microsoft.NET.Sdk.StaticWebAssets/targets/Microsoft.NET.Sdk.StaticWebAssets.ScopedCss.targets(55,3): message :       
       /usr/lib64/dotnet/sdk/10.0.101/Sdks/Microsoft.NET.Sdk.StaticWebAssets/targets/Microsoft.NET.Sdk.StaticWebAssets.ScopedCss.targets(55,3): message :     ") at /usr/lib64/dotnet/sdk/10.0.101/Sdks/Microsoft.NET.Sdk.StaticWebAssets/targets/Microsoft.NET.Sdk.StaticWebAssets.ScopedCss.targets (55,3)
       /usr/lib64/dotnet/sdk/10.0.101/Sdks/Microsoft.NET.Sdk.StaticWebAssets/targets/Microsoft.NET.Sdk.StaticWebAssets.ScopedCss.targets(88,3): message : Property reassignment: $(GenerateComputedBuildStaticWebAssetsDependsOn)="
       /usr/lib64/dotnet/sdk/10.0.101/Sdks/Microsoft.NET.Sdk.StaticWebAssets/targets/Microsoft.NET.Sdk.StaticWebAssets.ScopedCss.targets(88,3): message :     ResolveCoreStaticWebAssets;;
       /usr/lib64/dotnet/sdk/10.0.101/Sdks/Microsoft.NET.Sdk.StaticWebAssets/targets/Microsoft.NET.Sdk.StaticWebAssets.ScopedCss.targets(88,3): message :     BundleScopedCssFiles;
       /usr/lib64/dotnet/sdk/10.0.101/Sdks/Microsoft.NET.Sdk.StaticWebAssets/targets/Microsoft.NET.Sdk.StaticWebAssets.ScopedCss.targets(88,3): message :   " (previous value: "ResolveCoreStaticWebAssets;") at /usr/lib64/dotnet/sdk/10.0.101/Sdks/Microsoft.NET.Sdk.StaticWebAssets/targets/Microsoft.NET.Sdk.StaticWebAssets.ScopedCss.targets (88,3)
       /usr/lib64/dotnet/sdk/10.0.101/Sdks/Microsoft.NET.Sdk.StaticWebAssets/targets/Microsoft.NET.Sdk.StaticWebAssets.JSModules.targets(37,5): message : Property reassignment: $(ResolveCoreStaticWebAssetsDependsOn)="
       /usr/lib64/dotnet/sdk/10.0.101/Sdks/Microsoft.NET.Sdk.StaticWebAssets/targets/Microsoft.NET.Sdk.StaticWebAssets.JSModules.targets(37,5): message :       
       /usr/lib64/dotnet/sdk/10.0.101/Sdks/Microsoft.NET.Sdk.StaticWebAssets/targets/Microsoft.NET.Sdk.StaticWebAssets.JSModules.targets(37,5): message :       UpdateExistingPackageStaticWebAssets;
       /usr/lib64/dotnet/sdk/10.0.101/Sdks/Microsoft.NET.Sdk.StaticWebAssets/targets/Microsoft.NET.Sdk.StaticWebAssets.JSModules.targets(37,5): message :       ResolveProjectStaticWebAssets;
       /usr/lib64/dotnet/sdk/10.0.101/Sdks/Microsoft.NET.Sdk.StaticWebAssets/targets/Microsoft.NET.Sdk.StaticWebAssets.JSModules.targets(37,5): message :       ResolveEmbeddedProjectsStaticWebAssets;
       /usr/lib64/dotnet/sdk/10.0.101/Sdks/Microsoft.NET.Sdk.StaticWebAssets/targets/Microsoft.NET.Sdk.StaticWebAssets.JSModules.targets(37,5): message :       ResolveReferencedProjectsStaticWebAssets;
       /usr/lib64/dotnet/sdk/10.0.101/Sdks/Microsoft.NET.Sdk.StaticWebAssets/targets/Microsoft.NET.Sdk.StaticWebAssets.JSModules.targets(37,5): message :       ;
       /usr/lib64/dotnet/sdk/10.0.101/Sdks/Microsoft.NET.Sdk.StaticWebAssets/targets/Microsoft.NET.Sdk.StaticWebAssets.JSModules.targets(37,5): message :     ;
       /usr/lib64/dotnet/sdk/10.0.101/Sdks/Microsoft.NET.Sdk.StaticWebAssets/targets/Microsoft.NET.Sdk.StaticWebAssets.JSModules.targets(37,5): message :       ResolveJsInitializerModuleStaticWebAssets;
       /usr/lib64/dotnet/sdk/10.0.101/Sdks/Microsoft.NET.Sdk.StaticWebAssets/targets/Microsoft.NET.Sdk.StaticWebAssets.JSModules.targets(37,5): message :     " (previous value: "
       /usr/lib64/dotnet/sdk/10.0.101/Sdks/Microsoft.NET.Sdk.StaticWebAssets/targets/Microsoft.NET.Sdk.StaticWebAssets.JSModules.targets(37,5): message :       UpdateExistingPackageStaticWebAssets;
       /usr/lib64/dotnet/sdk/10.0.101/Sdks/Microsoft.NET.Sdk.StaticWebAssets/targets/Microsoft.NET.Sdk.StaticWebAssets.JSModules.targets(37,5): message :       ResolveProjectStaticWebAssets;
       /usr/lib64/dotnet/sdk/10.0.101/Sdks/Microsoft.NET.Sdk.StaticWebAssets/targets/Microsoft.NET.Sdk.StaticWebAssets.JSModules.targets(37,5): message :       ResolveEmbeddedProjectsStaticWebAssets;
       /usr/lib64/dotnet/sdk/10.0.101/Sdks/Microsoft.NET.Sdk.StaticWebAssets/targets/Microsoft.NET.Sdk.StaticWebAssets.JSModules.targets(37,5): message :       ResolveReferencedProjectsStaticWebAssets;
       /usr/lib64/dotnet/sdk/10.0.101/Sdks/Microsoft.NET.Sdk.StaticWebAssets/targets/Microsoft.NET.Sdk.StaticWebAssets.JSModules.targets(37,5): message :       ;
       /usr/lib64/dotnet/sdk/10.0.101/Sdks/Microsoft.NET.Sdk.StaticWebAssets/targets/Microsoft.NET.Sdk.StaticWebAssets.JSModules.targets(37,5): message :     ") at /usr/lib64/dotnet/sdk/10.0.101/Sdks/Microsoft.NET.Sdk.StaticWebAssets/targets/Microsoft.NET.Sdk.StaticWebAssets.JSModules.targets (37,5)
       /usr/lib64/dotnet/sdk/10.0.101/Sdks/Microsoft.NET.Sdk.StaticWebAssets/targets/Microsoft.NET.Sdk.StaticWebAssets.JSModules.targets(42,5): message : Property reassignment: $(ResolveCoreStaticWebAssetsDependsOn)="
       /usr/lib64/dotnet/sdk/10.0.101/Sdks/Microsoft.NET.Sdk.StaticWebAssets/targets/Microsoft.NET.Sdk.StaticWebAssets.JSModules.targets(42,5): message :       
       /usr/lib64/dotnet/sdk/10.0.101/Sdks/Microsoft.NET.Sdk.StaticWebAssets/targets/Microsoft.NET.Sdk.StaticWebAssets.JSModules.targets(42,5): message :       
       /usr/lib64/dotnet/sdk/10.0.101/Sdks/Microsoft.NET.Sdk.StaticWebAssets/targets/Microsoft.NET.Sdk.StaticWebAssets.JSModules.targets(42,5): message :       UpdateExistingPackageStaticWebAssets;
       /usr/lib64/dotnet/sdk/10.0.101/Sdks/Microsoft.NET.Sdk.StaticWebAssets/targets/Microsoft.NET.Sdk.StaticWebAssets.JSModules.targets(42,5): message :       ResolveProjectStaticWebAssets;
       /usr/lib64/dotnet/sdk/10.0.101/Sdks/Microsoft.NET.Sdk.StaticWebAssets/targets/Microsoft.NET.Sdk.StaticWebAssets.JSModules.targets(42,5): message :       ResolveEmbeddedProjectsStaticWebAssets;
       /usr/lib64/dotnet/sdk/10.0.101/Sdks/Microsoft.NET.Sdk.StaticWebAssets/targets/Microsoft.NET.Sdk.StaticWebAssets.JSModules.targets(42,5): message :       ResolveReferencedProjectsStaticWebAssets;
       /usr/lib64/dotnet/sdk/10.0.101/Sdks/Microsoft.NET.Sdk.StaticWebAssets/targets/Microsoft.NET.Sdk.StaticWebAssets.JSModules.targets(42,5): message :       ;
       /usr/lib64/dotnet/sdk/10.0.101/Sdks/Microsoft.NET.Sdk.StaticWebAssets/targets/Microsoft.NET.Sdk.StaticWebAssets.JSModules.targets(42,5): message :     ;
       /usr/lib64/dotnet/sdk/10.0.101/Sdks/Microsoft.NET.Sdk.StaticWebAssets/targets/Microsoft.NET.Sdk.StaticWebAssets.JSModules.targets(42,5): message :       ResolveJsInitializerModuleStaticWebAssets;
       /usr/lib64/dotnet/sdk/10.0.101/Sdks/Microsoft.NET.Sdk.StaticWebAssets/targets/Microsoft.NET.Sdk.StaticWebAssets.JSModules.targets(42,5): message :     ;
       /usr/lib64/dotnet/sdk/10.0.101/Sdks/Microsoft.NET.Sdk.StaticWebAssets/targets/Microsoft.NET.Sdk.StaticWebAssets.JSModules.targets(42,5): message :       ResolveJSModuleStaticWebAssets;
       /usr/lib64/dotnet/sdk/10.0.101/Sdks/Microsoft.NET.Sdk.StaticWebAssets/targets/Microsoft.NET.Sdk.StaticWebAssets.JSModules.targets(42,5): message :     " (previous value: "
       /usr/lib64/dotnet/sdk/10.0.101/Sdks/Microsoft.NET.Sdk.StaticWebAssets/targets/Microsoft.NET.Sdk.StaticWebAssets.JSModules.targets(42,5): message :       
       /usr/lib64/dotnet/sdk/10.0.101/Sdks/Microsoft.NET.Sdk.StaticWebAssets/targets/Microsoft.NET.Sdk.StaticWebAssets.JSModules.targets(42,5): message :       UpdateExistingPackageStaticWebAssets;
       /usr/lib64/dotnet/sdk/10.0.101/Sdks/Microsoft.NET.Sdk.StaticWebAssets/targets/Microsoft.NET.Sdk.StaticWebAssets.JSModules.targets(42,5): message :       ResolveProjectStaticWebAssets;
       /usr/lib64/dotnet/sdk/10.0.101/Sdks/Microsoft.NET.Sdk.StaticWebAssets/targets/Microsoft.NET.Sdk.StaticWebAssets.JSModules.targets(42,5): message :       ResolveEmbeddedProjectsStaticWebAssets;
       /usr/lib64/dotnet/sdk/10.0.101/Sdks/Microsoft.NET.Sdk.StaticWebAssets/targets/Microsoft.NET.Sdk.StaticWebAssets.JSModules.targets(42,5): message :       ResolveReferencedProjectsStaticWebAssets;
       /usr/lib64/dotnet/sdk/10.0.101/Sdks/Microsoft.NET.Sdk.StaticWebAssets/targets/Microsoft.NET.Sdk.StaticWebAssets.JSModules.targets(42,5): message :       ;
       /usr/lib64/dotnet/sdk/10.0.101/Sdks/Microsoft.NET.Sdk.StaticWebAssets/targets/Microsoft.NET.Sdk.StaticWebAssets.JSModules.targets(42,5): message :     ;
       /usr/lib64/dotnet/sdk/10.0.101/Sdks/Microsoft.NET.Sdk.StaticWebAssets/targets/Microsoft.NET.Sdk.StaticWebAssets.JSModules.targets(42,5): message :       ResolveJsInitializerModuleStaticWebAssets;
       /usr/lib64/dotnet/sdk/10.0.101/Sdks/Microsoft.NET.Sdk.StaticWebAssets/targets/Microsoft.NET.Sdk.StaticWebAssets.JSModules.targets(42,5): message :     ") at /usr/lib64/dotnet/sdk/10.0.101/Sdks/Microsoft.NET.Sdk.StaticWebAssets/targets/Microsoft.NET.Sdk.StaticWebAssets.JSModules.targets (42,5)
       /usr/lib64/dotnet/sdk/10.0.101/Sdks/Microsoft.NET.Sdk.StaticWebAssets/targets/Microsoft.NET.Sdk.StaticWebAssets.JSModules.targets(57,5): message : Property reassignment: $(ResolveStaticWebAssetsInputsDependsOn)="
       /usr/lib64/dotnet/sdk/10.0.101/Sdks/Microsoft.NET.Sdk.StaticWebAssets/targets/Microsoft.NET.Sdk.StaticWebAssets.JSModules.targets(57,5): message :       ResolveJSModuleManifestBuildStaticWebAssets;
       /usr/lib64/dotnet/sdk/10.0.101/Sdks/Microsoft.NET.Sdk.StaticWebAssets/targets/Microsoft.NET.Sdk.StaticWebAssets.JSModules.targets(57,5): message :       
       /usr/lib64/dotnet/sdk/10.0.101/Sdks/Microsoft.NET.Sdk.StaticWebAssets/targets/Microsoft.NET.Sdk.StaticWebAssets.JSModules.targets(57,5): message :     
       /usr/lib64/dotnet/sdk/10.0.101/Sdks/Microsoft.NET.Sdk.StaticWebAssets/targets/Microsoft.NET.Sdk.StaticWebAssets.JSModules.targets(57,5): message :       ResolveCoreStaticWebAssets;
       /usr/lib64/dotnet/sdk/10.0.101/Sdks/Microsoft.NET.Sdk.StaticWebAssets/targets/Microsoft.NET.Sdk.StaticWebAssets.JSModules.targets(57,5): message :       GenerateComputedBuildStaticWebAssets;
       /usr/lib64/dotnet/sdk/10.0.101/Sdks/Microsoft.NET.Sdk.StaticWebAssets/targets/Microsoft.NET.Sdk.StaticWebAssets.JSModules.targets(57,5): message :       
       /usr/lib64/dotnet/sdk/10.0.101/Sdks/Microsoft.NET.Sdk.StaticWebAssets/targets/Microsoft.NET.Sdk.StaticWebAssets.JSModules.targets(57,5): message :     ;
       /usr/lib64/dotnet/sdk/10.0.101/Sdks/Microsoft.NET.Sdk.StaticWebAssets/targets/Microsoft.NET.Sdk.StaticWebAssets.JSModules.targets(57,5): message :     ResolveScopedCssAssets;
       /usr/lib64/dotnet/sdk/10.0.101/Sdks/Microsoft.NET.Sdk.StaticWebAssets/targets/Microsoft.NET.Sdk.StaticWebAssets.JSModules.targets(57,5): message :   
       /usr/lib64/dotnet/sdk/10.0.101/Sdks/Microsoft.NET.Sdk.StaticWebAssets/targets/Microsoft.NET.Sdk.StaticWebAssets.JSModules.targets(57,5): message :     " (previous value: "
       /usr/lib64/dotnet/sdk/10.0.101/Sdks/Microsoft.NET.Sdk.StaticWebAssets/targets/Microsoft.NET.Sdk.StaticWebAssets.JSModules.targets(57,5): message :     
       /usr/lib64/dotnet/sdk/10.0.101/Sdks/Microsoft.NET.Sdk.StaticWebAssets/targets/Microsoft.NET.Sdk.StaticWebAssets.JSModules.targets(57,5): message :       ResolveCoreStaticWebAssets;
       /usr/lib64/dotnet/sdk/10.0.101/Sdks/Microsoft.NET.Sdk.StaticWebAssets/targets/Microsoft.NET.Sdk.StaticWebAssets.JSModules.targets(57,5): message :       GenerateComputedBuildStaticWebAssets;
       /usr/lib64/dotnet/sdk/10.0.101/Sdks/Microsoft.NET.Sdk.StaticWebAssets/targets/Microsoft.NET.Sdk.StaticWebAssets.JSModules.targets(57,5): message :       
       /usr/lib64/dotnet/sdk/10.0.101/Sdks/Microsoft.NET.Sdk.StaticWebAssets/targets/Microsoft.NET.Sdk.StaticWebAssets.JSModules.targets(57,5): message :     ;
       /usr/lib64/dotnet/sdk/10.0.101/Sdks/Microsoft.NET.Sdk.StaticWebAssets/targets/Microsoft.NET.Sdk.StaticWebAssets.JSModules.targets(57,5): message :     ResolveScopedCssAssets;
       /usr/lib64/dotnet/sdk/10.0.101/Sdks/Microsoft.NET.Sdk.StaticWebAssets/targets/Microsoft.NET.Sdk.StaticWebAssets.JSModules.targets(57,5): message :   ") at /usr/lib64/dotnet/sdk/10.0.101/Sdks/Microsoft.NET.Sdk.StaticWebAssets/targets/Microsoft.NET.Sdk.StaticWebAssets.JSModules.targets (57,5)
       /usr/lib64/dotnet/sdk/10.0.101/Sdks/Microsoft.NET.Sdk.StaticWebAssets/targets/Microsoft.NET.Sdk.StaticWebAssets.JSModules.targets(76,5): message : Property reassignment: $(ResolvePublishStaticWebAssetsDependsOn)="
       /usr/lib64/dotnet/sdk/10.0.101/Sdks/Microsoft.NET.Sdk.StaticWebAssets/targets/Microsoft.NET.Sdk.StaticWebAssets.JSModules.targets(76,5): message :       ResolveJSModuleManifestPublishStaticWebAssets;
       /usr/lib64/dotnet/sdk/10.0.101/Sdks/Microsoft.NET.Sdk.StaticWebAssets/targets/Microsoft.NET.Sdk.StaticWebAssets.JSModules.targets(76,5): message :       
       /usr/lib64/dotnet/sdk/10.0.101/Sdks/Microsoft.NET.Sdk.StaticWebAssets/targets/Microsoft.NET.Sdk.StaticWebAssets.JSModules.targets(76,5): message :       ResolveCorePublishStaticWebAssets;
       /usr/lib64/dotnet/sdk/10.0.101/Sdks/Microsoft.NET.Sdk.StaticWebAssets/targets/Microsoft.NET.Sdk.StaticWebAssets.JSModules.targets(76,5): message :       GenerateComputedPublishStaticWebAssets;
       /usr/lib64/dotnet/sdk/10.0.101/Sdks/Microsoft.NET.Sdk.StaticWebAssets/targets/Microsoft.NET.Sdk.StaticWebAssets.JSModules.targets(76,5): message :       ;
       /usr/lib64/dotnet/sdk/10.0.101/Sdks/Microsoft.NET.Sdk.StaticWebAssets/targets/Microsoft.NET.Sdk.StaticWebAssets.JSModules.targets(76,5): message :     
       /usr/lib64/dotnet/sdk/10.0.101/Sdks/Microsoft.NET.Sdk.StaticWebAssets/targets/Microsoft.NET.Sdk.StaticWebAssets.JSModules.targets(76,5): message :     " (previous value: "
       /usr/lib64/dotnet/sdk/10.0.101/Sdks/Microsoft.NET.Sdk.StaticWebAssets/targets/Microsoft.NET.Sdk.StaticWebAssets.JSModules.targets(76,5): message :       ResolveCorePublishStaticWebAssets;
       /usr/lib64/dotnet/sdk/10.0.101/Sdks/Microsoft.NET.Sdk.StaticWebAssets/targets/Microsoft.NET.Sdk.StaticWebAssets.JSModules.targets(76,5): message :       GenerateComputedPublishStaticWebAssets;
       /usr/lib64/dotnet/sdk/10.0.101/Sdks/Microsoft.NET.Sdk.StaticWebAssets/targets/Microsoft.NET.Sdk.StaticWebAssets.JSModules.targets(76,5): message :       ;
       /usr/lib64/dotnet/sdk/10.0.101/Sdks/Microsoft.NET.Sdk.StaticWebAssets/targets/Microsoft.NET.Sdk.StaticWebAssets.JSModules.targets(76,5): message :     ") at /usr/lib64/dotnet/sdk/10.0.101/Sdks/Microsoft.NET.Sdk.StaticWebAssets/targets/Microsoft.NET.Sdk.StaticWebAssets.JSModules.targets (76,5)
       /usr/lib64/dotnet/sdk/10.0.101/Sdks/Microsoft.NET.Sdk.StaticWebAssets/targets/Microsoft.NET.Sdk.StaticWebAssets.Compression.targets(185,5): message : Property reassignment: $(ResolveBuildRelatedStaticWebAssetsDependsOn)="
       /usr/lib64/dotnet/sdk/10.0.101/Sdks/Microsoft.NET.Sdk.StaticWebAssets/targets/Microsoft.NET.Sdk.StaticWebAssets.Compression.targets(185,5): message :       ResolveBuildCompressedStaticWebAssets;
       /usr/lib64/dotnet/sdk/10.0.101/Sdks/Microsoft.NET.Sdk.StaticWebAssets/targets/Microsoft.NET.Sdk.StaticWebAssets.Compression.targets(185,5): message :       
       /usr/lib64/dotnet/sdk/10.0.101/Sdks/Microsoft.NET.Sdk.StaticWebAssets/targets/Microsoft.NET.Sdk.StaticWebAssets.Compression.targets(185,5): message :       ResolveStaticWebAssetsInputs;
       /usr/lib64/dotnet/sdk/10.0.101/Sdks/Microsoft.NET.Sdk.StaticWebAssets/targets/Microsoft.NET.Sdk.StaticWebAssets.Compression.targets(185,5): message :       
       /usr/lib64/dotnet/sdk/10.0.101/Sdks/Microsoft.NET.Sdk.StaticWebAssets/targets/Microsoft.NET.Sdk.StaticWebAssets.Compression.targets(185,5): message :     
       /usr/lib64/dotnet/sdk/10.0.101/Sdks/Microsoft.NET.Sdk.StaticWebAssets/targets/Microsoft.NET.Sdk.StaticWebAssets.Compression.targets(185,5): message :     " (previous value: "
       /usr/lib64/dotnet/sdk/10.0.101/Sdks/Microsoft.NET.Sdk.StaticWebAssets/targets/Microsoft.NET.Sdk.StaticWebAssets.Compression.targets(185,5): message :       ResolveStaticWebAssetsInputs;
       /usr/lib64/dotnet/sdk/10.0.101/Sdks/Microsoft.NET.Sdk.StaticWebAssets/targets/Microsoft.NET.Sdk.StaticWebAssets.Compression.targets(185,5): message :       
       /usr/lib64/dotnet/sdk/10.0.101/Sdks/Microsoft.NET.Sdk.StaticWebAssets/targets/Microsoft.NET.Sdk.StaticWebAssets.Compression.targets(185,5): message :     ") at /usr/lib64/dotnet/sdk/10.0.101/Sdks/Microsoft.NET.Sdk.StaticWebAssets/targets/Microsoft.NET.Sdk.StaticWebAssets.Compression.targets (185,5)
       /usr/lib64/dotnet/sdk/10.0.101/Sdks/Microsoft.NET.Sdk.StaticWebAssets/targets/Microsoft.NET.Sdk.StaticWebAssets.Compression.targets(204,5): message : Property reassignment: $(ResolvePublishRelatedStaticWebAssetsDependsOn)="
       /usr/lib64/dotnet/sdk/10.0.101/Sdks/Microsoft.NET.Sdk.StaticWebAssets/targets/Microsoft.NET.Sdk.StaticWebAssets.Compression.targets(204,5): message :       ResolvePublishCompressedStaticWebAssets;
       /usr/lib64/dotnet/sdk/10.0.101/Sdks/Microsoft.NET.Sdk.StaticWebAssets/targets/Microsoft.NET.Sdk.StaticWebAssets.Compression.targets(204,5): message :       
       /usr/lib64/dotnet/sdk/10.0.101/Sdks/Microsoft.NET.Sdk.StaticWebAssets/targets/Microsoft.NET.Sdk.StaticWebAssets.Compression.targets(204,5): message :     " (previous value: "") at /usr/lib64/dotnet/sdk/10.0.101/Sdks/Microsoft.NET.Sdk.StaticWebAssets/targets/Microsoft.NET.Sdk.StaticWebAssets.Compression.targets (204,5)
       /usr/lib64/dotnet/sdk/10.0.101/Sdks/Microsoft.NET.Sdk.Razor/targets/Sdk.Razor.CurrentVersion.targets(220,5): message : Property reassignment: $(DebugSymbolsProjectOutputGroupDependsOn)="
       /usr/lib64/dotnet/sdk/10.0.101/Sdks/Microsoft.NET.Sdk.Razor/targets/Sdk.Razor.CurrentVersion.targets(220,5): message :       ;
       /usr/lib64/dotnet/sdk/10.0.101/Sdks/Microsoft.NET.Sdk.Razor/targets/Sdk.Razor.CurrentVersion.targets(220,5): message :       _RazorAddDebugSymbolsProjectOutputGroupOutput
       /usr/lib64/dotnet/sdk/10.0.101/Sdks/Microsoft.NET.Sdk.Razor/targets/Sdk.Razor.CurrentVersion.targets(220,5): message :     " (previous value: "") at /usr/lib64/dotnet/sdk/10.0.101/Sdks/Microsoft.NET.Sdk.Razor/targets/Sdk.Razor.CurrentVersion.targets (220,5)
       /usr/lib64/dotnet/sdk/10.0.101/Sdks/Microsoft.NET.Sdk.Razor/targets/Sdk.Razor.CurrentVersion.targets(225,5): message : Property reassignment: $(PrepareForBuildDependsOn)="
       /usr/lib64/dotnet/sdk/10.0.101/Sdks/Microsoft.NET.Sdk.Razor/targets/Sdk.Razor.CurrentVersion.targets(225,5): message :       ;GetFrameworkPaths;GetReferenceAssemblyPaths;AssignLinkMetadata;
       /usr/lib64/dotnet/sdk/10.0.101/Sdks/Microsoft.NET.Sdk.Razor/targets/Sdk.Razor.CurrentVersion.targets(225,5): message :       ResolveRazorGenerateInputs
       /usr/lib64/dotnet/sdk/10.0.101/Sdks/Microsoft.NET.Sdk.Razor/targets/Sdk.Razor.CurrentVersion.targets(225,5): message :     " (previous value: ";GetFrameworkPaths;GetReferenceAssemblyPaths;AssignLinkMetadata") at /usr/lib64/dotnet/sdk/10.0.101/Sdks/Microsoft.NET.Sdk.Razor/targets/Sdk.Razor.CurrentVersion.targets (225,5)
       /usr/lib64/dotnet/sdk/10.0.101/Sdks/Microsoft.NET.Sdk.Razor/targets/Sdk.Razor.CurrentVersion.targets(230,5): message : Property reassignment: $(GenerateNuspecDependsOn)="
       /usr/lib64/dotnet/sdk/10.0.101/Sdks/Microsoft.NET.Sdk.Razor/targets/Sdk.Razor.CurrentVersion.targets(230,5): message :       ResolveRazorGenerateInputs;
       /usr/lib64/dotnet/sdk/10.0.101/Sdks/Microsoft.NET.Sdk.Razor/targets/Sdk.Razor.CurrentVersion.targets(230,5): message :       
       /usr/lib64/dotnet/sdk/10.0.101/Sdks/Microsoft.NET.Sdk.Razor/targets/Sdk.Razor.CurrentVersion.targets(230,5): message :       IncludeStaticWebAssetsPackItems;
       /usr/lib64/dotnet/sdk/10.0.101/Sdks/Microsoft.NET.Sdk.Razor/targets/Sdk.Razor.CurrentVersion.targets(230,5): message :       Build;_LoadPackInputItems; _GetTargetFrameworksOutput; _WalkEachTargetPerFramework; _GetPackageFiles; ;
       /usr/lib64/dotnet/sdk/10.0.101/Sdks/Microsoft.NET.Sdk.Razor/targets/Sdk.Razor.CurrentVersion.targets(230,5): message :     
       /usr/lib64/dotnet/sdk/10.0.101/Sdks/Microsoft.NET.Sdk.Razor/targets/Sdk.Razor.CurrentVersion.targets(230,5): message :     " (previous value: "
       /usr/lib64/dotnet/sdk/10.0.101/Sdks/Microsoft.NET.Sdk.Razor/targets/Sdk.Razor.CurrentVersion.targets(230,5): message :       IncludeStaticWebAssetsPackItems;
       /usr/lib64/dotnet/sdk/10.0.101/Sdks/Microsoft.NET.Sdk.Razor/targets/Sdk.Razor.CurrentVersion.targets(230,5): message :       Build;_LoadPackInputItems; _GetTargetFrameworksOutput; _WalkEachTargetPerFramework; _GetPackageFiles; ;
       /usr/lib64/dotnet/sdk/10.0.101/Sdks/Microsoft.NET.Sdk.Razor/targets/Sdk.Razor.CurrentVersion.targets(230,5): message :     ") at /usr/lib64/dotnet/sdk/10.0.101/Sdks/Microsoft.NET.Sdk.Razor/targets/Sdk.Razor.CurrentVersion.targets (230,5)
       /usr/lib64/dotnet/sdk/10.0.101/Sdks/Microsoft.NET.Sdk.Razor/targets/Sdk.Razor.CurrentVersion.targets(235,5): message : Property reassignment: $(PrepareForRunDependsOn)="
       /usr/lib64/dotnet/sdk/10.0.101/Sdks/Microsoft.NET.Sdk.Razor/targets/Sdk.Razor.CurrentVersion.targets(235,5): message :       _RazorPrepareForRun;
       /usr/lib64/dotnet/sdk/10.0.101/Sdks/Microsoft.NET.Sdk.Razor/targets/Sdk.Razor.CurrentVersion.targets(235,5): message :       StaticWebAssetsPrepareForRun;
       /usr/lib64/dotnet/sdk/10.0.101/Sdks/Microsoft.NET.Sdk.Razor/targets/Sdk.Razor.CurrentVersion.targets(235,5): message :       CopyFilesToOutputDirectory
       /usr/lib64/dotnet/sdk/10.0.101/Sdks/Microsoft.NET.Sdk.Razor/targets/Sdk.Razor.CurrentVersion.targets(235,5): message :     
       /usr/lib64/dotnet/sdk/10.0.101/Sdks/Microsoft.NET.Sdk.Razor/targets/Sdk.Razor.CurrentVersion.targets(235,5): message :     " (previous value: "StaticWebAssetsPrepareForRun;
       /usr/lib64/dotnet/sdk/10.0.101/Sdks/Microsoft.NET.Sdk.Razor/targets/Sdk.Razor.CurrentVersion.targets(235,5): message :       CopyFilesToOutputDirectory
       /usr/lib64/dotnet/sdk/10.0.101/Sdks/Microsoft.NET.Sdk.Razor/targets/Sdk.Razor.CurrentVersion.targets(235,5): message :     ") at /usr/lib64/dotnet/sdk/10.0.101/Sdks/Microsoft.NET.Sdk.Razor/targets/Sdk.Razor.CurrentVersion.targets (235,5)
       /usr/lib64/dotnet/sdk/10.0.101/Sdks/Microsoft.NET.Sdk.Razor/targets/Sdk.Razor.CurrentVersion.targets(326,5): message : Property reassignment: $(UseRazorBuildServer)="true" (previous value: "") at /usr/lib64/dotnet/sdk/10.0.101/Sdks/Microsoft.NET.Sdk.Razor/targets/Sdk.Razor.CurrentVersion.targets (326,5)
       /usr/lib64/dotnet/sdk/10.0.101/Sdks/Microsoft.NET.Sdk.Razor/targets/Sdk.Razor.CurrentVersion.targets(332,5): message : Property reassignment: $(_RazorDebugSymbolsProduced)="true" (previous value: "false") at /usr/lib64/dotnet/sdk/10.0.101/Sdks/Microsoft.NET.Sdk.Razor/targets/Sdk.Razor.CurrentVersion.targets (332,5)
       /usr/lib64/dotnet/sdk/10.0.101/Sdks/Microsoft.NET.Sdk.Razor/targets/Microsoft.NET.Sdk.Razor.GenerateAssemblyInfo.targets(36,5): message : Property reassignment: $(GenerateRazorTargetAssemblyInfoDependsOn)="
       /usr/lib64/dotnet/sdk/10.0.101/Sdks/Microsoft.NET.Sdk.Razor/targets/Microsoft.NET.Sdk.Razor.GenerateAssemblyInfo.targets(36,5): message :       _ResolveMvcAssemblyAttributes;
       /usr/lib64/dotnet/sdk/10.0.101/Sdks/Microsoft.NET.Sdk.Razor/targets/Microsoft.NET.Sdk.Razor.GenerateAssemblyInfo.targets(36,5): message :       
       /usr/lib64/dotnet/sdk/10.0.101/Sdks/Microsoft.NET.Sdk.Razor/targets/Microsoft.NET.Sdk.Razor.GenerateAssemblyInfo.targets(36,5): message :       GetRazorTargetAssemblyAttributes;
       /usr/lib64/dotnet/sdk/10.0.101/Sdks/Microsoft.NET.Sdk.Razor/targets/Microsoft.NET.Sdk.Razor.GenerateAssemblyInfo.targets(36,5): message :       _CreateRazorTargetAssemblyInfoInputsCacheFile;
       /usr/lib64/dotnet/sdk/10.0.101/Sdks/Microsoft.NET.Sdk.Razor/targets/Microsoft.NET.Sdk.Razor.GenerateAssemblyInfo.targets(36,5): message :       CoreGenerateRazorTargetAssemblyInfo
       /usr/lib64/dotnet/sdk/10.0.101/Sdks/Microsoft.NET.Sdk.Razor/targets/Microsoft.NET.Sdk.Razor.GenerateAssemblyInfo.targets(36,5): message :     
       /usr/lib64/dotnet/sdk/10.0.101/Sdks/Microsoft.NET.Sdk.Razor/targets/Microsoft.NET.Sdk.Razor.GenerateAssemblyInfo.targets(36,5): message :     " (previous value: "
       /usr/lib64/dotnet/sdk/10.0.101/Sdks/Microsoft.NET.Sdk.Razor/targets/Microsoft.NET.Sdk.Razor.GenerateAssemblyInfo.targets(36,5): message :       GetRazorTargetAssemblyAttributes;
       /usr/lib64/dotnet/sdk/10.0.101/Sdks/Microsoft.NET.Sdk.Razor/targets/Microsoft.NET.Sdk.Razor.GenerateAssemblyInfo.targets(36,5): message :       _CreateRazorTargetAssemblyInfoInputsCacheFile;
       /usr/lib64/dotnet/sdk/10.0.101/Sdks/Microsoft.NET.Sdk.Razor/targets/Microsoft.NET.Sdk.Razor.GenerateAssemblyInfo.targets(36,5): message :       CoreGenerateRazorTargetAssemblyInfo
       /usr/lib64/dotnet/sdk/10.0.101/Sdks/Microsoft.NET.Sdk.Razor/targets/Microsoft.NET.Sdk.Razor.GenerateAssemblyInfo.targets(36,5): message :     ") at /usr/lib64/dotnet/sdk/10.0.101/Sdks/Microsoft.NET.Sdk.Razor/targets/Microsoft.NET.Sdk.Razor.GenerateAssemblyInfo.targets (36,5)
       /usr/lib64/dotnet/sdk/10.0.101/Sdks/Microsoft.NET.Sdk.Razor/targets/Microsoft.NET.Sdk.Razor.GenerateAssemblyInfo.targets(181,5): message : Property reassignment: $(CoreCompileDependsOn)="
       /usr/lib64/dotnet/sdk/10.0.101/Sdks/Microsoft.NET.Sdk.Razor/targets/Microsoft.NET.Sdk.Razor.GenerateAssemblyInfo.targets(181,5): message :       ;_ComputeNonExistentFileProperty;ResolveCodeAnalysisRuleSet;
       /usr/lib64/dotnet/sdk/10.0.101/Sdks/Microsoft.NET.Sdk.Razor/targets/Microsoft.NET.Sdk.Razor.GenerateAssemblyInfo.targets(181,5): message :       _GenerateRazorAssemblyInfo
       /usr/lib64/dotnet/sdk/10.0.101/Sdks/Microsoft.NET.Sdk.Razor/targets/Microsoft.NET.Sdk.Razor.GenerateAssemblyInfo.targets(181,5): message :     " (previous value: ";_ComputeNonExistentFileProperty;ResolveCodeAnalysisRuleSet") at /usr/lib64/dotnet/sdk/10.0.101/Sdks/Microsoft.NET.Sdk.Razor/targets/Microsoft.NET.Sdk.Razor.GenerateAssemblyInfo.targets (181,5)
       /usr/lib64/dotnet/sdk/10.0.101/Sdks/Microsoft.NET.Sdk.Razor/targets/Microsoft.NET.Sdk.Razor.GenerateAssemblyInfo.targets(189,5): message : Property reassignment: $(_GenerateRazorAssemblyInfoDependsOn)="
       /usr/lib64/dotnet/sdk/10.0.101/Sdks/Microsoft.NET.Sdk.Razor/targets/Microsoft.NET.Sdk.Razor.GenerateAssemblyInfo.targets(189,5): message :       _ResolveMvcAssemblyAttributes;
       /usr/lib64/dotnet/sdk/10.0.101/Sdks/Microsoft.NET.Sdk.Razor/targets/Microsoft.NET.Sdk.Razor.GenerateAssemblyInfo.targets(189,5): message :       RazorGetAssemblyAttributes;PrepareForBuild;_CoreGenerateRazorAssemblyInfo;
       /usr/lib64/dotnet/sdk/10.0.101/Sdks/Microsoft.NET.Sdk.Razor/targets/Microsoft.NET.Sdk.Razor.GenerateAssemblyInfo.targets(189,5): message :     " (previous value: "RazorGetAssemblyAttributes;PrepareForBuild;_CoreGenerateRazorAssemblyInfo") at /usr/lib64/dotnet/sdk/10.0.101/Sdks/Microsoft.NET.Sdk.Razor/targets/Microsoft.NET.Sdk.Razor.GenerateAssemblyInfo.targets (189,5)
       /usr/lib64/dotnet/sdk/10.0.101/Sdks/Microsoft.NET.Sdk.Razor/targets/Microsoft.NET.Sdk.Razor.MvcApplicationPartsDiscovery.targets(22,5): message : Property reassignment: $(CoreCompileDependsOn)="
       /usr/lib64/dotnet/sdk/10.0.101/Sdks/Microsoft.NET.Sdk.Razor/targets/Microsoft.NET.Sdk.Razor.MvcApplicationPartsDiscovery.targets(22,5): message :       _DiscoverMvcApplicationParts;
       /usr/lib64/dotnet/sdk/10.0.101/Sdks/Microsoft.NET.Sdk.Razor/targets/Microsoft.NET.Sdk.Razor.MvcApplicationPartsDiscovery.targets(22,5): message :       
       /usr/lib64/dotnet/sdk/10.0.101/Sdks/Microsoft.NET.Sdk.Razor/targets/Microsoft.NET.Sdk.Razor.MvcApplicationPartsDiscovery.targets(22,5): message :       ;_ComputeNonExistentFileProperty;ResolveCodeAnalysisRuleSet;
       /usr/lib64/dotnet/sdk/10.0.101/Sdks/Microsoft.NET.Sdk.Razor/targets/Microsoft.NET.Sdk.Razor.MvcApplicationPartsDiscovery.targets(22,5): message :       _GenerateRazorAssemblyInfo
       /usr/lib64/dotnet/sdk/10.0.101/Sdks/Microsoft.NET.Sdk.Razor/targets/Microsoft.NET.Sdk.Razor.MvcApplicationPartsDiscovery.targets(22,5): message :     ;
       /usr/lib64/dotnet/sdk/10.0.101/Sdks/Microsoft.NET.Sdk.Razor/targets/Microsoft.NET.Sdk.Razor.MvcApplicationPartsDiscovery.targets(22,5): message :     " (previous value: "
       /usr/lib64/dotnet/sdk/10.0.101/Sdks/Microsoft.NET.Sdk.Razor/targets/Microsoft.NET.Sdk.Razor.MvcApplicationPartsDiscovery.targets(22,5): message :       ;_ComputeNonExistentFileProperty;ResolveCodeAnalysisRuleSet;
       /usr/lib64/dotnet/sdk/10.0.101/Sdks/Microsoft.NET.Sdk.Razor/targets/Microsoft.NET.Sdk.Razor.MvcApplicationPartsDiscovery.targets(22,5): message :       _GenerateRazorAssemblyInfo
       /usr/lib64/dotnet/sdk/10.0.101/Sdks/Microsoft.NET.Sdk.Razor/targets/Microsoft.NET.Sdk.Razor.MvcApplicationPartsDiscovery.targets(22,5): message :     ") at /usr/lib64/dotnet/sdk/10.0.101/Sdks/Microsoft.NET.Sdk.Razor/targets/Microsoft.NET.Sdk.Razor.MvcApplicationPartsDiscovery.targets (22,5)
       /usr/lib64/dotnet/sdk/10.0.101/Sdks/Microsoft.NET.Sdk.Razor/targets/Sdk.Razor.CurrentVersion.targets(884,5): message : Property reassignment: $(RazorDesignTimeTargets)="/usr/lib64/dotnet/sdk/10.0.101/Sdks/Microsoft.NET.Sdk.Razor/targets/Microsoft.NET.Sdk.Razor.DesignTime.targets" (previous value: "/usr/lib64/dotnet/sdk/10.0.101/Microsoft/VisualStudio/Razor/Microsoft.NET.Sdk.Razor.DesignTime.targets") at /usr/lib64/dotnet/sdk/10.0.101/Sdks/Microsoft.NET.Sdk.Razor/targets/Sdk.Razor.CurrentVersion.targets (884,5)
       /usr/lib64/dotnet/sdk/10.0.101/Sdks/Microsoft.NET.Sdk.Web.ProjectSystem/targets/Microsoft.NET.Sdk.Web.ProjectSystem.targets(21,5): message : Property reassignment: $(RunWorkingDirectory)="/home/baturhan/Projeler/Entegrasyon/Application/Entegrasyon.Blazor" (previous value: "") at /usr/lib64/dotnet/sdk/10.0.101/Sdks/Microsoft.NET.Sdk.Web.ProjectSystem/targets/Microsoft.NET.Sdk.Web.ProjectSystem.targets (21,5)
       /usr/lib64/dotnet/sdk/10.0.101/Sdks/Microsoft.NET.Sdk.Publish/targets/Microsoft.NET.Sdk.Publish.targets(60,5): message : Property reassignment: $(PublishProfileImported)="true" (previous value: "false") at /usr/lib64/dotnet/sdk/10.0.101/Sdks/Microsoft.NET.Sdk.Publish/targets/Microsoft.NET.Sdk.Publish.targets (60,5)
       /usr/lib64/dotnet/sdk/10.0.101/Sdks/Microsoft.NET.Sdk.Publish/targets/Microsoft.NET.Sdk.Publish.targets(81,5): message : Property reassignment: $(PublishConfiguration)="Debug" (previous value: "") at /usr/lib64/dotnet/sdk/10.0.101/Sdks/Microsoft.NET.Sdk.Publish/targets/Microsoft.NET.Sdk.Publish.targets (81,5)
       /usr/lib64/dotnet/sdk/10.0.101/Sdks/Microsoft.NET.Sdk.Publish/targets/Microsoft.NET.Sdk.Publish.targets(87,5): message : Property reassignment: $(BaseIntermediateOutputPath)="/home/baturhan/Projeler/Entegrasyon/Application/Entegrasyon.Blazor/obj/" (previous value: "obj/") at /usr/lib64/dotnet/sdk/10.0.101/Sdks/Microsoft.NET.Sdk.Publish/targets/Microsoft.NET.Sdk.Publish.targets (87,5)
       Overriding target "ResolveFrameworkReferences" in project "/usr/lib64/dotnet/sdk/10.0.101/Microsoft.Common.CurrentVersion.targets" with target "ResolveFrameworkReferences" from project "/usr/lib64/dotnet/sdk/10.0.101/Sdks/Microsoft.NET.Sdk/targets/Microsoft.NET.Sdk.FrameworkReferenceResolution.targets".
       Overriding target "GenerateSupportedTargetFrameworkAlias" in project "/usr/lib64/dotnet/sdk/10.0.101/Microsoft.Common.CurrentVersion.targets" with target "GenerateSupportedTargetFrameworkAlias" from project "/usr/lib64/dotnet/sdk/10.0.101/Sdks/Microsoft.NET.Sdk/targets/Microsoft.NET.Sdk.targets".
       Overriding target "GetReferenceAssemblyPaths" in project "/usr/lib64/dotnet/sdk/10.0.101/Microsoft.Common.CurrentVersion.targets" with target "GetReferenceAssemblyPaths" from project "/usr/lib64/dotnet/sdk/10.0.101/Sdks/Microsoft.NET.Sdk/targets/Microsoft.NET.DisableStandardFrameworkResolution.targets".
       Overriding target "GetFrameworkPaths" in project "/usr/lib64/dotnet/sdk/10.0.101/Microsoft.Common.CurrentVersion.targets" with target "GetFrameworkPaths" from project "/usr/lib64/dotnet/sdk/10.0.101/Sdks/Microsoft.NET.Sdk/targets/Microsoft.NET.DisableStandardFrameworkResolution.targets".
       Overriding target "DesignerRuntimeImplementationProjectOutputGroup" in project "/usr/lib64/dotnet/sdk/10.0.101/Microsoft.Common.CurrentVersion.targets" with target "DesignerRuntimeImplementationProjectOutputGroup" from project "/usr/lib64/dotnet/sdk/10.0.101/Sdks/Microsoft.NET.Sdk/targets/Microsoft.NET.DesignerSupport.targets".
       Overriding target "Publish" in project "/usr/lib64/dotnet/sdk/10.0.101/Microsoft.Common.CurrentVersion.targets" with target "Publish" from project "/usr/lib64/dotnet/sdk/10.0.101/Sdks/Microsoft.NET.Sdk/targets/Microsoft.NET.Publish.targets".
       Overriding target "ResolveReadyToRunCompilers" in project "/usr/lib64/dotnet/sdk/10.0.101/Sdks/Microsoft.NET.Sdk/targets/Microsoft.NET.CrossGen.targets" with target "ResolveReadyToRunCompilers" from project "/usr/lib64/dotnet/sdk/10.0.101/Sdks/Microsoft.NET.Sdk/targets/Microsoft.NET.Publish.targets".
       Overriding target "GetCopyToPublishDirectoryItems" in project "/usr/lib64/dotnet/sdk/10.0.101/Microsoft.Common.CurrentVersion.targets" with target "GetCopyToPublishDirectoryItems" from project "/usr/lib64/dotnet/sdk/10.0.101/Sdks/Microsoft.NET.Sdk/targets/Microsoft.NET.Publish.targets".
       Overriding target "Run" in project "/usr/lib64/dotnet/sdk/10.0.101/Microsoft.Common.CurrentVersion.targets" with target "Run" from project "/usr/lib64/dotnet/sdk/10.0.101/Sdks/Microsoft.NET.Sdk/targets/Microsoft.NET.Sdk.targets".
       Overriding target "BeforePublish" in project "/usr/lib64/dotnet/sdk/10.0.101/Microsoft.Common.CurrentVersion.targets" with target "BeforePublish" from project "/usr/lib64/dotnet/sdk/10.0.101/Sdks/Microsoft.NET.Sdk.Publish/targets/Microsoft.NET.Sdk.Publish.targets".
       Overriding target "AfterPublish" in project "/usr/lib64/dotnet/sdk/10.0.101/Microsoft.Common.CurrentVersion.targets" with target "AfterPublish" from project "/usr/lib64/dotnet/sdk/10.0.101/Sdks/Microsoft.NET.Sdk.Publish/targets/Microsoft.NET.Sdk.Publish.targets".
       The target "CollectUpToDateCheckInputDesignTime" listed in a BeforeTargets attribute at "/usr/lib64/dotnet/sdk/10.0.101/Sdks/Microsoft.NET.Sdk.StaticWebAssets/targets/Microsoft.NET.Sdk.StaticWebAssets.ScopedCss.targets (171,5)" does not exist in the project, and will be ignored.
       The target "CollectUpToDateCheckBuiltDesignTime" listed in a BeforeTargets attribute at "/usr/lib64/dotnet/sdk/10.0.101/Sdks/Microsoft.NET.Sdk.StaticWebAssets/targets/Microsoft.NET.Sdk.StaticWebAssets.ScopedCss.targets (171,5)" does not exist in the project, and will be ignored.
       The target "RazorGenerateComponentDeclaration" listed in an AfterTargets attribute at "/usr/lib64/dotnet/sdk/10.0.101/Sdks/Microsoft.NET.Sdk.Razor/targets/Microsoft.NET.Sdk.Razor.DesignTime.targets (55,53)" does not exist in the project, and will be ignored.
     1>Project "/home/baturhan/Projeler/Entegrasyon/Application/Entegrasyon.Blazor/Entegrasyon.Blazor.csproj" (1) is building "/home/baturhan/Projeler/Entegrasyon/Application/Entegrasyon.Blazor/Entegrasyon.Blazor.csproj" (1:2) on node 1 (_IsProjectRestoreSupported target(s)).
   1:2>Target "_IsProjectRestoreSupported" in file "/usr/lib64/dotnet/sdk/10.0.101/NuGet.targets" from project "/home/baturhan/Projeler/Entegrasyon/Application/Entegrasyon.Blazor/Entegrasyon.Blazor.csproj" (entry point):
   1:2>Done building target "_IsProjectRestoreSupported" in project "Entegrasyon.Blazor.csproj".
   1:2>Done Building Project "/home/baturhan/Projeler/Entegrasyon/Application/Entegrasyon.Blazor/Entegrasyon.Blazor.csproj" (_IsProjectRestoreSupported target(s)).
     1>Done executing task "MSBuild".
       Assembly loaded during TaskRun: NuGet.Build.Tasks, Version=7.0.0.0, Culture=neutral, PublicKeyToken=31bf3856ad364e35 (location: /usr/lib64/dotnet/sdk/10.0.101/NuGet.Build.Tasks.dll, MVID: 6c961ebe-3204-4700-83dd-403cd5a6d0d9, AssemblyLoadContext: MSBuild plugin /usr/lib64/dotnet/sdk/10.0.101/NuGet.Build.Tasks.dll)
       Assembly loaded during TaskRun: NuGet.Common, Version=7.0.0.0, Culture=neutral, PublicKeyToken=31bf3856ad364e35 (location: /usr/lib64/dotnet/sdk/10.0.101/NuGet.Common.dll, MVID: dea1d4e2-6a48-4df7-9f0c-af0d29dc4f00, AssemblyLoadContext: MSBuild plugin /usr/lib64/dotnet/sdk/10.0.101/NuGet.Build.Tasks.dll)
       Assembly loaded during TaskRun: NuGet.Commands, Version=7.0.0.0, Culture=neutral, PublicKeyToken=31bf3856ad364e35 (location: /usr/lib64/dotnet/sdk/10.0.101/NuGet.Commands.dll, MVID: 771c6ded-7551-4ad3-95bd-5f29aa4d146c, AssemblyLoadContext: MSBuild plugin /usr/lib64/dotnet/sdk/10.0.101/NuGet.Build.Tasks.dll)
       Assembly loaded during TaskRun: NuGet.ProjectModel, Version=7.0.0.0, Culture=neutral, PublicKeyToken=31bf3856ad364e35 (location: /usr/lib64/dotnet/sdk/10.0.101/NuGet.ProjectModel.dll, MVID: efd60926-83b8-43e0-a15b-9cbe106d5edb, AssemblyLoadContext: MSBuild plugin /usr/lib64/dotnet/sdk/10.0.101/NuGet.Build.Tasks.dll)
       Using "WarnForInvalidProjectsTask" task from assembly "/usr/lib64/dotnet/sdk/10.0.101/NuGet.Build.Tasks.dll".
       Task "WarnForInvalidProjectsTask"
       Done executing task "WarnForInvalidProjectsTask".
     1>Done building target "_FilterRestoreGraphProjectInputItems" in project "Entegrasyon.Blazor.csproj".
       Target "_FilterRestoreGraphProjectInputItems" skipped. Previously built successfully.
     1>Target "_GetAllRestoreProjectPathItems" in file "/usr/lib64/dotnet/sdk/10.0.101/NuGet.targets" from project "/home/baturhan/Projeler/Entegrasyon/Application/Entegrasyon.Blazor/Entegrasyon.Blazor.csproj" (target "_GenerateRestoreGraph" depends on it):
       Using "NuGetMessageTask" task from assembly "/usr/lib64/dotnet/sdk/10.0.101/NuGet.Build.Tasks.dll".
       Task "NuGetMessageTask"
         Determining projects to restore...
       Done executing task "NuGetMessageTask".
       Task "MSBuild"
         Global Properties:
           ExcludeRestorePackageImports=true
     1>Project "/home/baturhan/Projeler/Entegrasyon/Application/Entegrasyon.Blazor/Entegrasyon.Blazor.csproj" (1) is building "/home/baturhan/Projeler/Entegrasyon/Application/Entegrasyon.Blazor/Entegrasyon.Blazor.csproj" (1:3) on node 1 (_GenerateRestoreProjectPathWalk target(s)).
   1:3>Target "_GenerateRestoreProjectPathItemsPerFramework" in file "/usr/lib64/dotnet/sdk/10.0.101/NuGet.targets" from project "/home/baturhan/Projeler/Entegrasyon/Application/Entegrasyon.Blazor/Entegrasyon.Blazor.csproj" (target "_GenerateRestoreProjectPathItemsCurrentProject" depends on it):
   1:3>Using "ConvertToAbsolutePath" task from assembly "Microsoft.Build.Tasks.Core, Version=15.1.0.0, Culture=neutral, PublicKeyToken=b03f5f7f11d50a3a".
       Task "ConvertToAbsolutePath"
       Done executing task "ConvertToAbsolutePath".
   1:3>Done building target "_GenerateRestoreProjectPathItemsPerFramework" in project "Entegrasyon.Blazor.csproj".
   1:3>Target "_GenerateRestoreProjectPathItemsCurrentProject" in file "/usr/lib64/dotnet/sdk/10.0.101/NuGet.targets" from project "/home/baturhan/Projeler/Entegrasyon/Application/Entegrasyon.Blazor/Entegrasyon.Blazor.csproj" (target "_GenerateRestoreProjectPathItems" depends on it):
   1:3>Done building target "_GenerateRestoreProjectPathItemsCurrentProject" in project "Entegrasyon.Blazor.csproj".
   1:3>Target "_GenerateRestoreProjectPathItems" in file "/usr/lib64/dotnet/sdk/10.0.101/NuGet.targets" from project "/home/baturhan/Projeler/Entegrasyon/Application/Entegrasyon.Blazor/Entegrasyon.Blazor.csproj" (target "_GenerateRestoreProjectPathWalk" depends on it):
       Task "RemoveDuplicates"
       Done executing task "RemoveDuplicates".
   1:3>Done building target "_GenerateRestoreProjectPathItems" in project "Entegrasyon.Blazor.csproj".
   1:3>Target "_GenerateRestoreProjectPathWalk" in file "/usr/lib64/dotnet/sdk/10.0.101/NuGet.targets" from project "/home/baturhan/Projeler/Entegrasyon/Application/Entegrasyon.Blazor/Entegrasyon.Blazor.csproj" (entry point):
       Task "MSBuild"
         Global Properties:
           ExcludeRestorePackageImports=true
     0>/usr/lib64/dotnet/sdk/10.0.101/Sdks/Microsoft.NET.Sdk/Sdk/Sdk.props(49,11): message : Property 'MSBuildExtensionsPath' with value '/usr/lib64/dotnet/sdk/10.0.101/' expanded from the environment.
       /usr/lib64/dotnet/sdk/10.0.101/Current/Microsoft.Common.props(60,5): message : Property reassignment: $(MSBuildProjectExtensionsPath)="/home/baturhan/Projeler/Entegrasyon/Application/Entegrasyon.Business/obj/" (previous value: "obj/") at /usr/lib64/dotnet/sdk/10.0.101/Current/Microsoft.Common.props (60,5)
       /usr/lib64/dotnet/sdk/10.0.101/Current/Microsoft.Common.props(84,119): message : Property 'MSBuildUserExtensionsPath' with value '/home/baturhan/.local/share/Microsoft\MSBuild' expanded from the environment.
       /usr/lib64/dotnet/sdk/10.0.101/Sdks/Microsoft.NET.Sdk/targets/Microsoft.NET.Sdk.props(90,5): message : Property reassignment: $(AssemblySearchPaths)="{CandidateAssemblyFiles};{HintPathFromItem}" (previous value: "{CandidateAssemblyFiles}") at /usr/lib64/dotnet/sdk/10.0.101/Sdks/Microsoft.NET.Sdk/targets/Microsoft.NET.Sdk.props (90,5)
       /usr/lib64/dotnet/sdk/10.0.101/Sdks/Microsoft.NET.Sdk/targets/Microsoft.NET.Sdk.props(91,5): message : Property reassignment: $(AssemblySearchPaths)="{CandidateAssemblyFiles};{HintPathFromItem};{TargetFrameworkDirectory}" (previous value: "{CandidateAssemblyFiles};{HintPathFromItem}") at /usr/lib64/dotnet/sdk/10.0.101/Sdks/Microsoft.NET.Sdk/targets/Microsoft.NET.Sdk.props (91,5)
       /usr/lib64/dotnet/sdk/10.0.101/Sdks/Microsoft.NET.Sdk/targets/Microsoft.NET.Sdk.props(92,5): message : Property reassignment: $(AssemblySearchPaths)="{CandidateAssemblyFiles};{HintPathFromItem};{TargetFrameworkDirectory};{RawFileName}" (previous value: "{CandidateAssemblyFiles};{HintPathFromItem};{TargetFrameworkDirectory}") at /usr/lib64/dotnet/sdk/10.0.101/Sdks/Microsoft.NET.Sdk/targets/Microsoft.NET.Sdk.props (92,5)
       /usr/lib64/dotnet/sdk/10.0.101/Sdks/Microsoft.NET.Sdk/targets/Microsoft.NET.Sdk.ImportPublishProfile.targets(28,5): message : Property reassignment: $(PublishProfileImported)="false" (previous value: "true") at /usr/lib64/dotnet/sdk/10.0.101/Sdks/Microsoft.NET.Sdk/targets/Microsoft.NET.Sdk.ImportPublishProfile.targets (28,5)
       /usr/lib64/dotnet/sdk/10.0.101/Sdks/Microsoft.NET.Sdk/targets/Microsoft.NET.TargetFrameworkInference.targets(81,5): message : Property reassignment: $(TargetPlatformVersion)="" (previous value: "0.0") at /usr/lib64/dotnet/sdk/10.0.101/Sdks/Microsoft.NET.Sdk/targets/Microsoft.NET.TargetFrameworkInference.targets (81,5)
       /usr/lib64/dotnet/sdk/10.0.101/Sdks/Microsoft.NET.Sdk/targets/Microsoft.NET.DefaultOutputPaths.targets(127,5): message : Property reassignment: $(DefaultItemExcludes)=";bin/Debug//**;obj/Debug//**" (previous value: ";bin/Debug//**") at /usr/lib64/dotnet/sdk/10.0.101/Sdks/Microsoft.NET.Sdk/targets/Microsoft.NET.DefaultOutputPaths.targets (127,5)
       /usr/lib64/dotnet/sdk/10.0.101/Sdks/Microsoft.NET.Sdk/targets/Microsoft.NET.DefaultOutputPaths.targets(142,5): message : Property reassignment: $(OutputPath)="bin/Debug/net8.0/" (previous value: "bin/Debug/") at /usr/lib64/dotnet/sdk/10.0.101/Sdks/Microsoft.NET.Sdk/targets/Microsoft.NET.DefaultOutputPaths.targets (142,5)
       /usr/lib64/dotnet/sdk/10.0.101/Sdks/Microsoft.NET.Sdk/targets/Microsoft.NET.DefaultOutputPaths.targets(147,5): message : Property reassignment: $(IntermediateOutputPath)="obj/Debug/net8.0/" (previous value: "obj/Debug/") at /usr/lib64/dotnet/sdk/10.0.101/Sdks/Microsoft.NET.Sdk/targets/Microsoft.NET.DefaultOutputPaths.targets (147,5)
       Assembly loaded during Evaluation: System.Security.Principal.Windows, Version=10.0.0.0, Culture=neutral, PublicKeyToken=b03f5f7f11d50a3a (location: /usr/lib64/dotnet/shared/Microsoft.NETCore.App/10.0.1/System.Security.Principal.Windows.dll, MVID: 5ea8a38c-9757-4709-be35-30cd5d7d0b75, AssemblyLoadContext: Default)
       Assembly loaded during Evaluation: System.Security.Claims, Version=10.0.0.0, Culture=neutral, PublicKeyToken=b03f5f7f11d50a3a (location: /usr/lib64/dotnet/shared/Microsoft.NETCore.App/10.0.1/System.Security.Claims.dll, MVID: c4b1d6a0-060c-47f2-836f-60d67293b705, AssemblyLoadContext: Default)
       /usr/lib64/dotnet/sdk/10.0.101/Sdks/Microsoft.NET.Sdk/targets/Microsoft.NET.Sdk.BeforeCommon.targets(371,5): message : Property reassignment: $(RoslynTargetsPath)="/usr/lib64/dotnet/sdk/10.0.101/Sdks/Microsoft.NET.Sdk/targets/../../../Roslyn" (previous value: "/usr/lib64/dotnet/sdk/10.0.101/Roslyn") at /usr/lib64/dotnet/sdk/10.0.101/Sdks/Microsoft.NET.Sdk/targets/Microsoft.NET.Sdk.BeforeCommon.targets (371,5)
       /usr/lib64/dotnet/sdk/10.0.101/Roslyn/Microsoft.Managed.Core.targets(6,5): message : Property reassignment: $(_BuildTasksDirectory)="/usr/lib64/dotnet/sdk/10.0.101/Sdks/Microsoft.NET.Sdk/targets/../../../Roslyn/" (previous value: "/usr/lib64/dotnet/sdk/10.0.101/Roslyn/") at /usr/lib64/dotnet/sdk/10.0.101/Roslyn/Microsoft.Managed.Core.targets (6,5)
       /usr/lib64/dotnet/sdk/10.0.101/Roslyn/Microsoft.CSharp.Core.targets(200,5): message : Property reassignment: $(CommandLineArgsForDesignTimeEvaluation)="-langversion:12.0 -define:TRACE" (previous value: "-langversion:12.0") at /usr/lib64/dotnet/sdk/10.0.101/Roslyn/Microsoft.CSharp.Core.targets (200,5)
       /usr/lib64/dotnet/sdk/10.0.101/Microsoft.Common.CurrentVersion.targets(175,5): message : Property reassignment: $(_DebugSymbolsProduced)="true" (previous value: "false") at /usr/lib64/dotnet/sdk/10.0.101/Microsoft.Common.CurrentVersion.targets (175,5)
       /usr/lib64/dotnet/sdk/10.0.101/Microsoft.Common.CurrentVersion.targets(185,5): message : Property reassignment: $(_DocumentationFileProduced)="false" (previous value: "true") at /usr/lib64/dotnet/sdk/10.0.101/Microsoft.Common.CurrentVersion.targets (185,5)
       /usr/lib64/dotnet/sdk/10.0.101/Microsoft.Common.CurrentVersion.targets(392,5): message : Property reassignment: $(MSBuildCopyMarkerName)="Entegras.61225855" (previous value: "Entegrasyon.Business.csproj") at /usr/lib64/dotnet/sdk/10.0.101/Microsoft.Common.CurrentVersion.targets (392,5)
       /usr/lib64/dotnet/sdk/10.0.101/Microsoft.Common.CurrentVersion.targets(393,5): message : Property reassignment: $(MSBuildCopyMarkerName)="Entegras.61225855.Up2Date" (previous value: "Entegras.61225855") at /usr/lib64/dotnet/sdk/10.0.101/Microsoft.Common.CurrentVersion.targets (393,5)
       /usr/lib64/dotnet/sdk/10.0.101/Microsoft.Common.CurrentVersion.targets(541,5): message : Property reassignment: $(ProcessorArchitecture)="msil" (previous value: "") at /usr/lib64/dotnet/sdk/10.0.101/Microsoft.Common.CurrentVersion.targets (541,5)
       /usr/lib64/dotnet/sdk/10.0.101/Microsoft.Common.CurrentVersion.targets(580,5): message : Property reassignment: $(DelaySign)="" (previous value: "false") at /usr/lib64/dotnet/sdk/10.0.101/Microsoft.Common.CurrentVersion.targets (580,5)
       /usr/lib64/dotnet/sdk/10.0.101/Microsoft.Common.CurrentVersion.targets(2606,5): message : Property 'LocalAppData' with value '/home/baturhan/.local/share' expanded from the environment.
       /usr/lib64/dotnet/sdk/10.0.101/Microsoft.Common.CurrentVersion.targets(3934,5): message : Property reassignment: $(_SGenGenerateSerializationAssembliesConfig)="Auto" (previous value: "") at /usr/lib64/dotnet/sdk/10.0.101/Microsoft.Common.CurrentVersion.targets (3934,5)
       /usr/lib64/dotnet/sdk/10.0.101/Microsoft.Common.CurrentVersion.targets(3935,5): message : Property reassignment: $(_SGenGenerateSerializationAssembliesConfig)="Off" (previous value: "Auto") at /usr/lib64/dotnet/sdk/10.0.101/Microsoft.Common.CurrentVersion.targets (3935,5)
       /usr/lib64/dotnet/sdk/10.0.101/Microsoft.Common.CurrentVersion.targets(5146,5): message : Property reassignment: $(_TargetsThatPrepareProjectReferences)="
       /usr/lib64/dotnet/sdk/10.0.101/Microsoft.Common.CurrentVersion.targets(5146,5): message :       AssignProjectConfiguration;
       /usr/lib64/dotnet/sdk/10.0.101/Microsoft.Common.CurrentVersion.targets(5146,5): message :       _SplitProjectReferencesByFileExistence
       /usr/lib64/dotnet/sdk/10.0.101/Microsoft.Common.CurrentVersion.targets(5146,5): message :     " (previous value: "_SplitProjectReferencesByFileExistence") at /usr/lib64/dotnet/sdk/10.0.101/Microsoft.Common.CurrentVersion.targets (5146,5)
       /usr/lib64/dotnet/sdk/10.0.101/Microsoft.Common.CurrentVersion.targets(6959,5): message : Property 'MSBuildExtensionsPath32' with value '/usr/lib64/dotnet/sdk/10.0.101' expanded from the environment.
       The "NuGetInteractive" property is a global property, and cannot be modified.
       /usr/lib64/dotnet/sdk/10.0.101/Sdks/Microsoft.NET.Sdk/targets/Microsoft.PackageDependencyResolution.targets(24,5): message : Property reassignment: $(ProjectAssetsFile)="/home/baturhan/Projeler/Entegrasyon/Application/Entegrasyon.Business/obj/project.assets.json" (previous value: "/home/baturhan/Projeler/Entegrasyon/Application/Entegrasyon.Business/obj//project.assets.json") at /usr/lib64/dotnet/sdk/10.0.101/Sdks/Microsoft.NET.Sdk/targets/Microsoft.PackageDependencyResolution.targets (24,5)
       /usr/lib64/dotnet/sdk/10.0.101/Sdks/Microsoft.NET.Sdk/targets/Microsoft.PackageDependencyResolution.targets(29,5): message : Property reassignment: $(ProjectAssetsCacheFile)="/home/baturhan/Projeler/Entegrasyon/Application/Entegrasyon.Business/obj/Debug/net8.0/Entegrasyon.Business.assets.cache" (previous value: "obj/Debug/net8.0/Entegrasyon.Business.assets.cache") at /usr/lib64/dotnet/sdk/10.0.101/Sdks/Microsoft.NET.Sdk/targets/Microsoft.PackageDependencyResolution.targets (29,5)
       /usr/lib64/dotnet/sdk/10.0.101/Sdks/Microsoft.NET.Sdk/targets/Microsoft.PackageDependencyResolution.targets(80,5): message : Property reassignment: $(ResolveAssemblyReferencesDependsOn)="
       /usr/lib64/dotnet/sdk/10.0.101/Sdks/Microsoft.NET.Sdk/targets/Microsoft.PackageDependencyResolution.targets(80,5): message :       
       /usr/lib64/dotnet/sdk/10.0.101/Sdks/Microsoft.NET.Sdk/targets/Microsoft.PackageDependencyResolution.targets(80,5): message :       ResolveProjectReferences;
       /usr/lib64/dotnet/sdk/10.0.101/Sdks/Microsoft.NET.Sdk/targets/Microsoft.PackageDependencyResolution.targets(80,5): message :       FindInvalidProjectReferences;
       /usr/lib64/dotnet/sdk/10.0.101/Sdks/Microsoft.NET.Sdk/targets/Microsoft.PackageDependencyResolution.targets(80,5): message :       GetFrameworkPaths;
       /usr/lib64/dotnet/sdk/10.0.101/Sdks/Microsoft.NET.Sdk/targets/Microsoft.PackageDependencyResolution.targets(80,5): message :       GetReferenceAssemblyPaths;
       /usr/lib64/dotnet/sdk/10.0.101/Sdks/Microsoft.NET.Sdk/targets/Microsoft.PackageDependencyResolution.targets(80,5): message :       PrepareForBuild;
       /usr/lib64/dotnet/sdk/10.0.101/Sdks/Microsoft.NET.Sdk/targets/Microsoft.PackageDependencyResolution.targets(80,5): message :       ResolveSDKReferences;
       /usr/lib64/dotnet/sdk/10.0.101/Sdks/Microsoft.NET.Sdk/targets/Microsoft.PackageDependencyResolution.targets(80,5): message :       ExpandSDKReferences;
       /usr/lib64/dotnet/sdk/10.0.101/Sdks/Microsoft.NET.Sdk/targets/Microsoft.PackageDependencyResolution.targets(80,5): message :     ;
       /usr/lib64/dotnet/sdk/10.0.101/Sdks/Microsoft.NET.Sdk/targets/Microsoft.PackageDependencyResolution.targets(80,5): message :       ResolvePackageDependenciesForBuild;
       /usr/lib64/dotnet/sdk/10.0.101/Sdks/Microsoft.NET.Sdk/targets/Microsoft.PackageDependencyResolution.targets(80,5): message :       _HandlePackageFileConflicts;
       /usr/lib64/dotnet/sdk/10.0.101/Sdks/Microsoft.NET.Sdk/targets/Microsoft.PackageDependencyResolution.targets(80,5): message :     " (previous value: "
       /usr/lib64/dotnet/sdk/10.0.101/Sdks/Microsoft.NET.Sdk/targets/Microsoft.PackageDependencyResolution.targets(80,5): message :       ResolveProjectReferences;
       /usr/lib64/dotnet/sdk/10.0.101/Sdks/Microsoft.NET.Sdk/targets/Microsoft.PackageDependencyResolution.targets(80,5): message :       FindInvalidProjectReferences;
       /usr/lib64/dotnet/sdk/10.0.101/Sdks/Microsoft.NET.Sdk/targets/Microsoft.PackageDependencyResolution.targets(80,5): message :       GetFrameworkPaths;
       /usr/lib64/dotnet/sdk/10.0.101/Sdks/Microsoft.NET.Sdk/targets/Microsoft.PackageDependencyResolution.targets(80,5): message :       GetReferenceAssemblyPaths;
       /usr/lib64/dotnet/sdk/10.0.101/Sdks/Microsoft.NET.Sdk/targets/Microsoft.PackageDependencyResolution.targets(80,5): message :       PrepareForBuild;
       /usr/lib64/dotnet/sdk/10.0.101/Sdks/Microsoft.NET.Sdk/targets/Microsoft.PackageDependencyResolution.targets(80,5): message :       ResolveSDKReferences;
       /usr/lib64/dotnet/sdk/10.0.101/Sdks/Microsoft.NET.Sdk/targets/Microsoft.PackageDependencyResolution.targets(80,5): message :       ExpandSDKReferences;
       /usr/lib64/dotnet/sdk/10.0.101/Sdks/Microsoft.NET.Sdk/targets/Microsoft.PackageDependencyResolution.targets(80,5): message :     ") at /usr/lib64/dotnet/sdk/10.0.101/Sdks/Microsoft.NET.Sdk/targets/Microsoft.PackageDependencyResolution.targets (80,5)
       /usr/lib64/dotnet/sdk/10.0.101/Sdks/Microsoft.NET.Sdk/targets/Microsoft.PackageDependencyResolution.targets(86,5): message : Property reassignment: $(PrepareResourcesDependsOn)="
       /usr/lib64/dotnet/sdk/10.0.101/Sdks/Microsoft.NET.Sdk/targets/Microsoft.PackageDependencyResolution.targets(86,5): message :       ResolvePackageDependenciesForBuild;
       /usr/lib64/dotnet/sdk/10.0.101/Sdks/Microsoft.NET.Sdk/targets/Microsoft.PackageDependencyResolution.targets(86,5): message :       _HandlePackageFileConflicts;
       /usr/lib64/dotnet/sdk/10.0.101/Sdks/Microsoft.NET.Sdk/targets/Microsoft.PackageDependencyResolution.targets(86,5): message :       
       /usr/lib64/dotnet/sdk/10.0.101/Sdks/Microsoft.NET.Sdk/targets/Microsoft.PackageDependencyResolution.targets(86,5): message :       ;
       /usr/lib64/dotnet/sdk/10.0.101/Sdks/Microsoft.NET.Sdk/targets/Microsoft.PackageDependencyResolution.targets(86,5): message :       PrepareResourceNames;
       /usr/lib64/dotnet/sdk/10.0.101/Sdks/Microsoft.NET.Sdk/targets/Microsoft.PackageDependencyResolution.targets(86,5): message :       ResGen;
       /usr/lib64/dotnet/sdk/10.0.101/Sdks/Microsoft.NET.Sdk/targets/Microsoft.PackageDependencyResolution.targets(86,5): message :       CompileLicxFiles
       /usr/lib64/dotnet/sdk/10.0.101/Sdks/Microsoft.NET.Sdk/targets/Microsoft.PackageDependencyResolution.targets(86,5): message :     
       /usr/lib64/dotnet/sdk/10.0.101/Sdks/Microsoft.NET.Sdk/targets/Microsoft.PackageDependencyResolution.targets(86,5): message :     " (previous value: "
       /usr/lib64/dotnet/sdk/10.0.101/Sdks/Microsoft.NET.Sdk/targets/Microsoft.PackageDependencyResolution.targets(86,5): message :       ;
       /usr/lib64/dotnet/sdk/10.0.101/Sdks/Microsoft.NET.Sdk/targets/Microsoft.PackageDependencyResolution.targets(86,5): message :       PrepareResourceNames;
       /usr/lib64/dotnet/sdk/10.0.101/Sdks/Microsoft.NET.Sdk/targets/Microsoft.PackageDependencyResolution.targets(86,5): message :       ResGen;
       /usr/lib64/dotnet/sdk/10.0.101/Sdks/Microsoft.NET.Sdk/targets/Microsoft.PackageDependencyResolution.targets(86,5): message :       CompileLicxFiles
       /usr/lib64/dotnet/sdk/10.0.101/Sdks/Microsoft.NET.Sdk/targets/Microsoft.PackageDependencyResolution.targets(86,5): message :     ") at /usr/lib64/dotnet/sdk/10.0.101/Sdks/Microsoft.NET.Sdk/targets/Microsoft.PackageDependencyResolution.targets (86,5)
       The "EnableDefaultCompileItems" property is a global property, and cannot be modified.
       The "EnableDefaultEmbeddedResourceItems" property is a global property, and cannot be modified.
       The "EnableDefaultNoneItems" property is a global property, and cannot be modified.
       /usr/lib64/dotnet/sdk/10.0.101/Sdks/Microsoft.NET.Sdk/targets/Microsoft.NET.Sdk.DefaultItems.targets(35,5): message : Property reassignment: $(DefaultItemExcludes)=";bin/Debug//**;obj/Debug//**;bin//**" (previous value: ";bin/Debug//**;obj/Debug//**") at /usr/lib64/dotnet/sdk/10.0.101/Sdks/Microsoft.NET.Sdk/targets/Microsoft.NET.Sdk.DefaultItems.targets (35,5)
       /usr/lib64/dotnet/sdk/10.0.101/Sdks/Microsoft.NET.Sdk/targets/Microsoft.NET.Sdk.DefaultItems.targets(37,5): message : Property reassignment: $(DefaultItemExcludes)=";bin/Debug//**;obj/Debug//**;bin//**;obj//**" (previous value: ";bin/Debug//**;obj/Debug//**;bin//**") at /usr/lib64/dotnet/sdk/10.0.101/Sdks/Microsoft.NET.Sdk/targets/Microsoft.NET.Sdk.DefaultItems.targets (37,5)
       /usr/lib64/dotnet/sdk/10.0.101/Sdks/Microsoft.NET.Sdk/targets/Microsoft.NET.Sdk.DefaultItems.targets(40,5): message : Property reassignment: $(DefaultItemExcludes)=";bin/Debug//**;obj/Debug//**;bin//**;obj//**;**/*.user" (previous value: ";bin/Debug//**;obj/Debug//**;bin//**;obj//**") at /usr/lib64/dotnet/sdk/10.0.101/Sdks/Microsoft.NET.Sdk/targets/Microsoft.NET.Sdk.DefaultItems.targets (40,5)
       /usr/lib64/dotnet/sdk/10.0.101/Sdks/Microsoft.NET.Sdk/targets/Microsoft.NET.Sdk.DefaultItems.targets(41,5): message : Property reassignment: $(DefaultItemExcludes)=";bin/Debug//**;obj/Debug//**;bin//**;obj//**;**/*.user;**/*.*proj" (previous value: ";bin/Debug//**;obj/Debug//**;bin//**;obj//**;**/*.user") at /usr/lib64/dotnet/sdk/10.0.101/Sdks/Microsoft.NET.Sdk/targets/Microsoft.NET.Sdk.DefaultItems.targets (41,5)
       /usr/lib64/dotnet/sdk/10.0.101/Sdks/Microsoft.NET.Sdk/targets/Microsoft.NET.Sdk.DefaultItems.targets(42,5): message : Property reassignment: $(DefaultItemExcludes)=";bin/Debug//**;obj/Debug//**;bin//**;obj//**;**/*.user;**/*.*proj;**/*.sln" (previous value: ";bin/Debug//**;obj/Debug//**;bin//**;obj//**;**/*.user;**/*.*proj") at /usr/lib64/dotnet/sdk/10.0.101/Sdks/Microsoft.NET.Sdk/targets/Microsoft.NET.Sdk.DefaultItems.targets (42,5)
       /usr/lib64/dotnet/sdk/10.0.101/Sdks/Microsoft.NET.Sdk/targets/Microsoft.NET.Sdk.DefaultItems.targets(43,5): message : Property reassignment: $(DefaultItemExcludes)=";bin/Debug//**;obj/Debug//**;bin//**;obj//**;**/*.user;**/*.*proj;**/*.sln;**/*.slnx" (previous value: ";bin/Debug//**;obj/Debug//**;bin//**;obj//**;**/*.user;**/*.*proj;**/*.sln") at /usr/lib64/dotnet/sdk/10.0.101/Sdks/Microsoft.NET.Sdk/targets/Microsoft.NET.Sdk.DefaultItems.targets (43,5)
       /usr/lib64/dotnet/sdk/10.0.101/Sdks/Microsoft.NET.Sdk/targets/Microsoft.NET.Sdk.DefaultItems.targets(44,5): message : Property reassignment: $(DefaultItemExcludes)=";bin/Debug//**;obj/Debug//**;bin//**;obj//**;**/*.user;**/*.*proj;**/*.sln;**/*.slnx;**/*.vssscc" (previous value: ";bin/Debug//**;obj/Debug//**;bin//**;obj//**;**/*.user;**/*.*proj;**/*.sln;**/*.slnx") at /usr/lib64/dotnet/sdk/10.0.101/Sdks/Microsoft.NET.Sdk/targets/Microsoft.NET.Sdk.DefaultItems.targets (44,5)
       /usr/lib64/dotnet/sdk/10.0.101/Sdks/Microsoft.NET.Sdk/targets/Microsoft.NET.Sdk.DefaultItems.targets(45,5): message : Property reassignment: $(DefaultItemExcludes)=";bin/Debug//**;obj/Debug//**;bin//**;obj//**;**/*.user;**/*.*proj;**/*.sln;**/*.slnx;**/*.vssscc;**/.DS_Store" (previous value: ";bin/Debug//**;obj/Debug//**;bin//**;obj//**;**/*.user;**/*.*proj;**/*.sln;**/*.slnx;**/*.vssscc") at /usr/lib64/dotnet/sdk/10.0.101/Sdks/Microsoft.NET.Sdk/targets/Microsoft.NET.Sdk.DefaultItems.targets (45,5)
       /usr/lib64/dotnet/sdk/10.0.101/Sdks/Microsoft.NET.Sdk/targets/Microsoft.NET.Sdk.FrameworkReferenceResolution.targets(14,5): message : Property reassignment: $(ResolveAssemblyReferencesDependsOn)="
       /usr/lib64/dotnet/sdk/10.0.101/Sdks/Microsoft.NET.Sdk/targets/Microsoft.NET.Sdk.FrameworkReferenceResolution.targets(14,5): message :       
       /usr/lib64/dotnet/sdk/10.0.101/Sdks/Microsoft.NET.Sdk/targets/Microsoft.NET.Sdk.FrameworkReferenceResolution.targets(14,5): message :       
       /usr/lib64/dotnet/sdk/10.0.101/Sdks/Microsoft.NET.Sdk/targets/Microsoft.NET.Sdk.FrameworkReferenceResolution.targets(14,5): message :       ResolveProjectReferences;
       /usr/lib64/dotnet/sdk/10.0.101/Sdks/Microsoft.NET.Sdk/targets/Microsoft.NET.Sdk.FrameworkReferenceResolution.targets(14,5): message :       FindInvalidProjectReferences;
       /usr/lib64/dotnet/sdk/10.0.101/Sdks/Microsoft.NET.Sdk/targets/Microsoft.NET.Sdk.FrameworkReferenceResolution.targets(14,5): message :       GetFrameworkPaths;
       /usr/lib64/dotnet/sdk/10.0.101/Sdks/Microsoft.NET.Sdk/targets/Microsoft.NET.Sdk.FrameworkReferenceResolution.targets(14,5): message :       GetReferenceAssemblyPaths;
       /usr/lib64/dotnet/sdk/10.0.101/Sdks/Microsoft.NET.Sdk/targets/Microsoft.NET.Sdk.FrameworkReferenceResolution.targets(14,5): message :       PrepareForBuild;
       /usr/lib64/dotnet/sdk/10.0.101/Sdks/Microsoft.NET.Sdk/targets/Microsoft.NET.Sdk.FrameworkReferenceResolution.targets(14,5): message :       ResolveSDKReferences;
       /usr/lib64/dotnet/sdk/10.0.101/Sdks/Microsoft.NET.Sdk/targets/Microsoft.NET.Sdk.FrameworkReferenceResolution.targets(14,5): message :       ExpandSDKReferences;
       /usr/lib64/dotnet/sdk/10.0.101/Sdks/Microsoft.NET.Sdk/targets/Microsoft.NET.Sdk.FrameworkReferenceResolution.targets(14,5): message :     ;
       /usr/lib64/dotnet/sdk/10.0.101/Sdks/Microsoft.NET.Sdk/targets/Microsoft.NET.Sdk.FrameworkReferenceResolution.targets(14,5): message :       ResolvePackageDependenciesForBuild;
       /usr/lib64/dotnet/sdk/10.0.101/Sdks/Microsoft.NET.Sdk/targets/Microsoft.NET.Sdk.FrameworkReferenceResolution.targets(14,5): message :       _HandlePackageFileConflicts;
       /usr/lib64/dotnet/sdk/10.0.101/Sdks/Microsoft.NET.Sdk/targets/Microsoft.NET.Sdk.FrameworkReferenceResolution.targets(14,5): message :     ;
       /usr/lib64/dotnet/sdk/10.0.101/Sdks/Microsoft.NET.Sdk/targets/Microsoft.NET.Sdk.FrameworkReferenceResolution.targets(14,5): message :       ResolveTargetingPackAssets;
       /usr/lib64/dotnet/sdk/10.0.101/Sdks/Microsoft.NET.Sdk/targets/Microsoft.NET.Sdk.FrameworkReferenceResolution.targets(14,5): message :     " (previous value: "
       /usr/lib64/dotnet/sdk/10.0.101/Sdks/Microsoft.NET.Sdk/targets/Microsoft.NET.Sdk.FrameworkReferenceResolution.targets(14,5): message :       
       /usr/lib64/dotnet/sdk/10.0.101/Sdks/Microsoft.NET.Sdk/targets/Microsoft.NET.Sdk.FrameworkReferenceResolution.targets(14,5): message :       ResolveProjectReferences;
       /usr/lib64/dotnet/sdk/10.0.101/Sdks/Microsoft.NET.Sdk/targets/Microsoft.NET.Sdk.FrameworkReferenceResolution.targets(14,5): message :       FindInvalidProjectReferences;
       /usr/lib64/dotnet/sdk/10.0.101/Sdks/Microsoft.NET.Sdk/targets/Microsoft.NET.Sdk.FrameworkReferenceResolution.targets(14,5): message :       GetFrameworkPaths;
       /usr/lib64/dotnet/sdk/10.0.101/Sdks/Microsoft.NET.Sdk/targets/Microsoft.NET.Sdk.FrameworkReferenceResolution.targets(14,5): message :       GetReferenceAssemblyPaths;
       /usr/lib64/dotnet/sdk/10.0.101/Sdks/Microsoft.NET.Sdk/targets/Microsoft.NET.Sdk.FrameworkReferenceResolution.targets(14,5): message :       PrepareForBuild;
       /usr/lib64/dotnet/sdk/10.0.101/Sdks/Microsoft.NET.Sdk/targets/Microsoft.NET.Sdk.FrameworkReferenceResolution.targets(14,5): message :       ResolveSDKReferences;
       /usr/lib64/dotnet/sdk/10.0.101/Sdks/Microsoft.NET.Sdk/targets/Microsoft.NET.Sdk.FrameworkReferenceResolution.targets(14,5): message :       ExpandSDKReferences;
       /usr/lib64/dotnet/sdk/10.0.101/Sdks/Microsoft.NET.Sdk/targets/Microsoft.NET.Sdk.FrameworkReferenceResolution.targets(14,5): message :     ;
       /usr/lib64/dotnet/sdk/10.0.101/Sdks/Microsoft.NET.Sdk/targets/Microsoft.NET.Sdk.FrameworkReferenceResolution.targets(14,5): message :       ResolvePackageDependenciesForBuild;
       /usr/lib64/dotnet/sdk/10.0.101/Sdks/Microsoft.NET.Sdk/targets/Microsoft.NET.Sdk.FrameworkReferenceResolution.targets(14,5): message :       _HandlePackageFileConflicts;
       /usr/lib64/dotnet/sdk/10.0.101/Sdks/Microsoft.NET.Sdk/targets/Microsoft.NET.Sdk.FrameworkReferenceResolution.targets(14,5): message :     ") at /usr/lib64/dotnet/sdk/10.0.101/Sdks/Microsoft.NET.Sdk/targets/Microsoft.NET.Sdk.FrameworkReferenceResolution.targets (14,5)
       /usr/lib64/dotnet/sdk/10.0.101/Sdks/Microsoft.NET.Sdk/targets/Microsoft.NET.Sdk.targets(44,5): message : Property reassignment: $(_GenerateRuntimeConfigurationPropertyInputsCache)="/home/baturhan/Projeler/Entegrasyon/Application/Entegrasyon.Business/obj/Debug/net8.0/Entegrasyon.Business.genruntimeconfig.cache" (previous value: "obj/Debug/net8.0/Entegrasyon.Business.genruntimeconfig.cache") at /usr/lib64/dotnet/sdk/10.0.101/Sdks/Microsoft.NET.Sdk/targets/Microsoft.NET.Sdk.targets (44,5)
       /usr/lib64/dotnet/sdk/10.0.101/Sdks/Microsoft.NET.Sdk/targets/Microsoft.NET.Sdk.targets(46,5): message : Property reassignment: $(_GeneratePublishDependencyFilePropertyInputsCache)="/home/baturhan/Projeler/Entegrasyon/Application/Entegrasyon.Business/obj/Debug/net8.0/Entegrasyon.Business.genpublishdeps.cache" (previous value: "obj/Debug/net8.0/Entegrasyon.Business.genpublishdeps.cache") at /usr/lib64/dotnet/sdk/10.0.101/Sdks/Microsoft.NET.Sdk/targets/Microsoft.NET.Sdk.targets (46,5)
       /usr/lib64/dotnet/sdk/10.0.101/Sdks/Microsoft.NET.Sdk/targets/Microsoft.NET.Sdk.targets(48,5): message : Property reassignment: $(_GenerateSingleFileBundlePropertyInputsCache)="/home/baturhan/Projeler/Entegrasyon/Application/Entegrasyon.Business/obj/Debug/net8.0/Entegrasyon.Business.genbundle.cache" (previous value: "obj/Debug/net8.0/Entegrasyon.Business.genbundle.cache") at /usr/lib64/dotnet/sdk/10.0.101/Sdks/Microsoft.NET.Sdk/targets/Microsoft.NET.Sdk.targets (48,5)
       /usr/lib64/dotnet/sdk/10.0.101/Sdks/Microsoft.NET.Sdk/targets/Microsoft.NET.Sdk.targets(81,5): message : Property reassignment: $(GenerateRuntimeConfigDevFile)="false" (previous value: "true") at /usr/lib64/dotnet/sdk/10.0.101/Sdks/Microsoft.NET.Sdk/targets/Microsoft.NET.Sdk.targets (81,5)
       /usr/lib64/dotnet/sdk/10.0.101/Sdks/Microsoft.NET.Sdk/targets/Microsoft.NET.Sdk.targets(97,5): message : Property 'HOME' with value '/home/baturhan' expanded from the environment.
       /usr/lib64/dotnet/sdk/10.0.101/Sdks/Microsoft.NET.Sdk/targets/Microsoft.NET.Sdk.targets(99,5): message : Property reassignment: $(_DefaultUserProfileRuntimeStorePath)="/home/baturhan/.dotnet/store" (previous value: "/home/baturhan") at /usr/lib64/dotnet/sdk/10.0.101/Sdks/Microsoft.NET.Sdk/targets/Microsoft.NET.Sdk.targets (99,5)
       /usr/lib64/dotnet/sdk/10.0.101/Sdks/Microsoft.NET.Sdk/targets/Microsoft.NET.Sdk.targets(144,5): message : Property reassignment: $(AvailablePlatforms)="Any CPU,x86,x64,ARM32" (previous value: "Any CPU,x86,x64") at /usr/lib64/dotnet/sdk/10.0.101/Sdks/Microsoft.NET.Sdk/targets/Microsoft.NET.Sdk.targets (144,5)
       /usr/lib64/dotnet/sdk/10.0.101/Sdks/Microsoft.NET.Sdk/targets/Microsoft.NET.Sdk.targets(148,5): message : Property reassignment: $(AvailablePlatforms)="Any CPU,x86,x64,ARM32,ARM64" (previous value: "Any CPU,x86,x64,ARM32") at /usr/lib64/dotnet/sdk/10.0.101/Sdks/Microsoft.NET.Sdk/targets/Microsoft.NET.Sdk.targets (148,5)
       /usr/lib64/dotnet/sdk/10.0.101/Sdks/Microsoft.NET.Sdk/targets/Microsoft.NET.Sdk.targets(204,5): message : Property reassignment: $(CoreBuildDependsOn)="
       /usr/lib64/dotnet/sdk/10.0.101/Sdks/Microsoft.NET.Sdk/targets/Microsoft.NET.Sdk.targets(204,5): message :       _CheckForBuildWithNoBuild;
       /usr/lib64/dotnet/sdk/10.0.101/Sdks/Microsoft.NET.Sdk/targets/Microsoft.NET.Sdk.targets(204,5): message :       
       /usr/lib64/dotnet/sdk/10.0.101/Sdks/Microsoft.NET.Sdk/targets/Microsoft.NET.Sdk.targets(204,5): message :       BuildOnlySettings;
       /usr/lib64/dotnet/sdk/10.0.101/Sdks/Microsoft.NET.Sdk/targets/Microsoft.NET.Sdk.targets(204,5): message :       PrepareForBuild;
       /usr/lib64/dotnet/sdk/10.0.101/Sdks/Microsoft.NET.Sdk/targets/Microsoft.NET.Sdk.targets(204,5): message :       PreBuildEvent;
       /usr/lib64/dotnet/sdk/10.0.101/Sdks/Microsoft.NET.Sdk/targets/Microsoft.NET.Sdk.targets(204,5): message :       ResolveReferences;
       /usr/lib64/dotnet/sdk/10.0.101/Sdks/Microsoft.NET.Sdk/targets/Microsoft.NET.Sdk.targets(204,5): message :       PrepareResources;
       /usr/lib64/dotnet/sdk/10.0.101/Sdks/Microsoft.NET.Sdk/targets/Microsoft.NET.Sdk.targets(204,5): message :       ResolveKeySource;
       /usr/lib64/dotnet/sdk/10.0.101/Sdks/Microsoft.NET.Sdk/targets/Microsoft.NET.Sdk.targets(204,5): message :       Compile;
       /usr/lib64/dotnet/sdk/10.0.101/Sdks/Microsoft.NET.Sdk/targets/Microsoft.NET.Sdk.targets(204,5): message :       ExportWindowsMDFile;
       /usr/lib64/dotnet/sdk/10.0.101/Sdks/Microsoft.NET.Sdk/targets/Microsoft.NET.Sdk.targets(204,5): message :       UnmanagedUnregistration;
       /usr/lib64/dotnet/sdk/10.0.101/Sdks/Microsoft.NET.Sdk/targets/Microsoft.NET.Sdk.targets(204,5): message :       GenerateSerializationAssemblies;
       /usr/lib64/dotnet/sdk/10.0.101/Sdks/Microsoft.NET.Sdk/targets/Microsoft.NET.Sdk.targets(204,5): message :       CreateSatelliteAssemblies;
       /usr/lib64/dotnet/sdk/10.0.101/Sdks/Microsoft.NET.Sdk/targets/Microsoft.NET.Sdk.targets(204,5): message :       GenerateManifests;
       /usr/lib64/dotnet/sdk/10.0.101/Sdks/Microsoft.NET.Sdk/targets/Microsoft.NET.Sdk.targets(204,5): message :       GetTargetPath;
       /usr/lib64/dotnet/sdk/10.0.101/Sdks/Microsoft.NET.Sdk/targets/Microsoft.NET.Sdk.targets(204,5): message :       PrepareForRun;
       /usr/lib64/dotnet/sdk/10.0.101/Sdks/Microsoft.NET.Sdk/targets/Microsoft.NET.Sdk.targets(204,5): message :       UnmanagedRegistration;
       /usr/lib64/dotnet/sdk/10.0.101/Sdks/Microsoft.NET.Sdk/targets/Microsoft.NET.Sdk.targets(204,5): message :       IncrementalClean;
       /usr/lib64/dotnet/sdk/10.0.101/Sdks/Microsoft.NET.Sdk/targets/Microsoft.NET.Sdk.targets(204,5): message :       PostBuildEvent
       /usr/lib64/dotnet/sdk/10.0.101/Sdks/Microsoft.NET.Sdk/targets/Microsoft.NET.Sdk.targets(204,5): message :     ;
       /usr/lib64/dotnet/sdk/10.0.101/Sdks/Microsoft.NET.Sdk/targets/Microsoft.NET.Sdk.targets(204,5): message :       GenerateBuildDependencyFile;
       /usr/lib64/dotnet/sdk/10.0.101/Sdks/Microsoft.NET.Sdk/targets/Microsoft.NET.Sdk.targets(204,5): message :       GenerateBuildRuntimeConfigurationFiles
       /usr/lib64/dotnet/sdk/10.0.101/Sdks/Microsoft.NET.Sdk/targets/Microsoft.NET.Sdk.targets(204,5): message :     " (previous value: "
       /usr/lib64/dotnet/sdk/10.0.101/Sdks/Microsoft.NET.Sdk/targets/Microsoft.NET.Sdk.targets(204,5): message :       BuildOnlySettings;
       /usr/lib64/dotnet/sdk/10.0.101/Sdks/Microsoft.NET.Sdk/targets/Microsoft.NET.Sdk.targets(204,5): message :       PrepareForBuild;
       /usr/lib64/dotnet/sdk/10.0.101/Sdks/Microsoft.NET.Sdk/targets/Microsoft.NET.Sdk.targets(204,5): message :       PreBuildEvent;
       /usr/lib64/dotnet/sdk/10.0.101/Sdks/Microsoft.NET.Sdk/targets/Microsoft.NET.Sdk.targets(204,5): message :       ResolveReferences;
       /usr/lib64/dotnet/sdk/10.0.101/Sdks/Microsoft.NET.Sdk/targets/Microsoft.NET.Sdk.targets(204,5): message :       PrepareResources;
       /usr/lib64/dotnet/sdk/10.0.101/Sdks/Microsoft.NET.Sdk/targets/Microsoft.NET.Sdk.targets(204,5): message :       ResolveKeySource;
       /usr/lib64/dotnet/sdk/10.0.101/Sdks/Microsoft.NET.Sdk/targets/Microsoft.NET.Sdk.targets(204,5): message :       Compile;
       /usr/lib64/dotnet/sdk/10.0.101/Sdks/Microsoft.NET.Sdk/targets/Microsoft.NET.Sdk.targets(204,5): message :       ExportWindowsMDFile;
       /usr/lib64/dotnet/sdk/10.0.101/Sdks/Microsoft.NET.Sdk/targets/Microsoft.NET.Sdk.targets(204,5): message :       UnmanagedUnregistration;
       /usr/lib64/dotnet/sdk/10.0.101/Sdks/Microsoft.NET.Sdk/targets/Microsoft.NET.Sdk.targets(204,5): message :       GenerateSerializationAssemblies;
       /usr/lib64/dotnet/sdk/10.0.101/Sdks/Microsoft.NET.Sdk/targets/Microsoft.NET.Sdk.targets(204,5): message :       CreateSatelliteAssemblies;
       /usr/lib64/dotnet/sdk/10.0.101/Sdks/Microsoft.NET.Sdk/targets/Microsoft.NET.Sdk.targets(204,5): message :       GenerateManifests;
       /usr/lib64/dotnet/sdk/10.0.101/Sdks/Microsoft.NET.Sdk/targets/Microsoft.NET.Sdk.targets(204,5): message :       GetTargetPath;
       /usr/lib64/dotnet/sdk/10.0.101/Sdks/Microsoft.NET.Sdk/targets/Microsoft.NET.Sdk.targets(204,5): message :       PrepareForRun;
       /usr/lib64/dotnet/sdk/10.0.101/Sdks/Microsoft.NET.Sdk/targets/Microsoft.NET.Sdk.targets(204,5): message :       UnmanagedRegistration;
       /usr/lib64/dotnet/sdk/10.0.101/Sdks/Microsoft.NET.Sdk/targets/Microsoft.NET.Sdk.targets(204,5): message :       IncrementalClean;
       /usr/lib64/dotnet/sdk/10.0.101/Sdks/Microsoft.NET.Sdk/targets/Microsoft.NET.Sdk.targets(204,5): message :       PostBuildEvent
       /usr/lib64/dotnet/sdk/10.0.101/Sdks/Microsoft.NET.Sdk/targets/Microsoft.NET.Sdk.targets(204,5): message :     ") at /usr/lib64/dotnet/sdk/10.0.101/Sdks/Microsoft.NET.Sdk/targets/Microsoft.NET.Sdk.targets (204,5)
       /usr/lib64/dotnet/sdk/10.0.101/Sdks/Microsoft.NET.Sdk/targets/Microsoft.NET.Sdk.targets(213,5): message : Property reassignment: $(CoreCleanDependsOn)="
       /usr/lib64/dotnet/sdk/10.0.101/Sdks/Microsoft.NET.Sdk/targets/Microsoft.NET.Sdk.targets(213,5): message :       _SdkBeforeClean;
       /usr/lib64/dotnet/sdk/10.0.101/Sdks/Microsoft.NET.Sdk/targets/Microsoft.NET.Sdk.targets(213,5): message :       
       /usr/lib64/dotnet/sdk/10.0.101/Sdks/Microsoft.NET.Sdk/targets/Microsoft.NET.Sdk.targets(213,5): message :     " (previous value: "") at /usr/lib64/dotnet/sdk/10.0.101/Sdks/Microsoft.NET.Sdk/targets/Microsoft.NET.Sdk.targets (213,5)
       /usr/lib64/dotnet/sdk/10.0.101/Sdks/Microsoft.NET.Sdk/targets/Microsoft.NET.Sdk.targets(220,5): message : Property reassignment: $(RebuildDependsOn)="
       /usr/lib64/dotnet/sdk/10.0.101/Sdks/Microsoft.NET.Sdk/targets/Microsoft.NET.Sdk.targets(220,5): message :       _SdkBeforeRebuild;
       /usr/lib64/dotnet/sdk/10.0.101/Sdks/Microsoft.NET.Sdk/targets/Microsoft.NET.Sdk.targets(220,5): message :       
       /usr/lib64/dotnet/sdk/10.0.101/Sdks/Microsoft.NET.Sdk/targets/Microsoft.NET.Sdk.targets(220,5): message :       BeforeRebuild;
       /usr/lib64/dotnet/sdk/10.0.101/Sdks/Microsoft.NET.Sdk/targets/Microsoft.NET.Sdk.targets(220,5): message :       Clean;
       /usr/lib64/dotnet/sdk/10.0.101/Sdks/Microsoft.NET.Sdk/targets/Microsoft.NET.Sdk.targets(220,5): message :       Build;
       /usr/lib64/dotnet/sdk/10.0.101/Sdks/Microsoft.NET.Sdk/targets/Microsoft.NET.Sdk.targets(220,5): message :       AfterRebuild;
       /usr/lib64/dotnet/sdk/10.0.101/Sdks/Microsoft.NET.Sdk/targets/Microsoft.NET.Sdk.targets(220,5): message :     
       /usr/lib64/dotnet/sdk/10.0.101/Sdks/Microsoft.NET.Sdk/targets/Microsoft.NET.Sdk.targets(220,5): message :     " (previous value: "
       /usr/lib64/dotnet/sdk/10.0.101/Sdks/Microsoft.NET.Sdk/targets/Microsoft.NET.Sdk.targets(220,5): message :       BeforeRebuild;
       /usr/lib64/dotnet/sdk/10.0.101/Sdks/Microsoft.NET.Sdk/targets/Microsoft.NET.Sdk.targets(220,5): message :       Clean;
       /usr/lib64/dotnet/sdk/10.0.101/Sdks/Microsoft.NET.Sdk/targets/Microsoft.NET.Sdk.targets(220,5): message :       Build;
       /usr/lib64/dotnet/sdk/10.0.101/Sdks/Microsoft.NET.Sdk/targets/Microsoft.NET.Sdk.targets(220,5): message :       AfterRebuild;
       /usr/lib64/dotnet/sdk/10.0.101/Sdks/Microsoft.NET.Sdk/targets/Microsoft.NET.Sdk.targets(220,5): message :     ") at /usr/lib64/dotnet/sdk/10.0.101/Sdks/Microsoft.NET.Sdk/targets/Microsoft.NET.Sdk.targets (220,5)
       /usr/lib64/dotnet/sdk/10.0.101/Sdks/Microsoft.NET.Sdk/targets/Microsoft.NET.Sdk.targets(799,5): message : Property reassignment: $(CompileDependsOn)="
       /usr/lib64/dotnet/sdk/10.0.101/Sdks/Microsoft.NET.Sdk/targets/Microsoft.NET.Sdk.targets(799,5): message :       
       /usr/lib64/dotnet/sdk/10.0.101/Sdks/Microsoft.NET.Sdk/targets/Microsoft.NET.Sdk.targets(799,5): message :       ResolveReferences;
       /usr/lib64/dotnet/sdk/10.0.101/Sdks/Microsoft.NET.Sdk/targets/Microsoft.NET.Sdk.targets(799,5): message :       ResolveKeySource;
       /usr/lib64/dotnet/sdk/10.0.101/Sdks/Microsoft.NET.Sdk/targets/Microsoft.NET.Sdk.targets(799,5): message :       SetWin32ManifestProperties;
       /usr/lib64/dotnet/sdk/10.0.101/Sdks/Microsoft.NET.Sdk/targets/Microsoft.NET.Sdk.targets(799,5): message :       _SetPreferNativeArm64Win32ManifestProperties;
       /usr/lib64/dotnet/sdk/10.0.101/Sdks/Microsoft.NET.Sdk/targets/Microsoft.NET.Sdk.targets(799,5): message :       FindReferenceAssembliesForReferences;
       /usr/lib64/dotnet/sdk/10.0.101/Sdks/Microsoft.NET.Sdk/targets/Microsoft.NET.Sdk.targets(799,5): message :       _GenerateCompileInputs;
       /usr/lib64/dotnet/sdk/10.0.101/Sdks/Microsoft.NET.Sdk/targets/Microsoft.NET.Sdk.targets(799,5): message :       BeforeCompile;
       /usr/lib64/dotnet/sdk/10.0.101/Sdks/Microsoft.NET.Sdk/targets/Microsoft.NET.Sdk.targets(799,5): message :       _TimeStampBeforeCompile;
       /usr/lib64/dotnet/sdk/10.0.101/Sdks/Microsoft.NET.Sdk/targets/Microsoft.NET.Sdk.targets(799,5): message :       _GenerateCompileDependencyCache;
       /usr/lib64/dotnet/sdk/10.0.101/Sdks/Microsoft.NET.Sdk/targets/Microsoft.NET.Sdk.targets(799,5): message :       CoreCompile;
       /usr/lib64/dotnet/sdk/10.0.101/Sdks/Microsoft.NET.Sdk/targets/Microsoft.NET.Sdk.targets(799,5): message :       _TimeStampAfterCompile;
       /usr/lib64/dotnet/sdk/10.0.101/Sdks/Microsoft.NET.Sdk/targets/Microsoft.NET.Sdk.targets(799,5): message :       AfterCompile;
       /usr/lib64/dotnet/sdk/10.0.101/Sdks/Microsoft.NET.Sdk/targets/Microsoft.NET.Sdk.targets(799,5): message :     ;
       /usr/lib64/dotnet/sdk/10.0.101/Sdks/Microsoft.NET.Sdk/targets/Microsoft.NET.Sdk.targets(799,5): message :       _CreateAppHost;
       /usr/lib64/dotnet/sdk/10.0.101/Sdks/Microsoft.NET.Sdk/targets/Microsoft.NET.Sdk.targets(799,5): message :       _CreateComHost;
       /usr/lib64/dotnet/sdk/10.0.101/Sdks/Microsoft.NET.Sdk/targets/Microsoft.NET.Sdk.targets(799,5): message :       _GetIjwHostPaths;
       /usr/lib64/dotnet/sdk/10.0.101/Sdks/Microsoft.NET.Sdk/targets/Microsoft.NET.Sdk.targets(799,5): message :     " (previous value: "
       /usr/lib64/dotnet/sdk/10.0.101/Sdks/Microsoft.NET.Sdk/targets/Microsoft.NET.Sdk.targets(799,5): message :       ResolveReferences;
       /usr/lib64/dotnet/sdk/10.0.101/Sdks/Microsoft.NET.Sdk/targets/Microsoft.NET.Sdk.targets(799,5): message :       ResolveKeySource;
       /usr/lib64/dotnet/sdk/10.0.101/Sdks/Microsoft.NET.Sdk/targets/Microsoft.NET.Sdk.targets(799,5): message :       SetWin32ManifestProperties;
       /usr/lib64/dotnet/sdk/10.0.101/Sdks/Microsoft.NET.Sdk/targets/Microsoft.NET.Sdk.targets(799,5): message :       _SetPreferNativeArm64Win32ManifestProperties;
       /usr/lib64/dotnet/sdk/10.0.101/Sdks/Microsoft.NET.Sdk/targets/Microsoft.NET.Sdk.targets(799,5): message :       FindReferenceAssembliesForReferences;
       /usr/lib64/dotnet/sdk/10.0.101/Sdks/Microsoft.NET.Sdk/targets/Microsoft.NET.Sdk.targets(799,5): message :       _GenerateCompileInputs;
       /usr/lib64/dotnet/sdk/10.0.101/Sdks/Microsoft.NET.Sdk/targets/Microsoft.NET.Sdk.targets(799,5): message :       BeforeCompile;
       /usr/lib64/dotnet/sdk/10.0.101/Sdks/Microsoft.NET.Sdk/targets/Microsoft.NET.Sdk.targets(799,5): message :       _TimeStampBeforeCompile;
       /usr/lib64/dotnet/sdk/10.0.101/Sdks/Microsoft.NET.Sdk/targets/Microsoft.NET.Sdk.targets(799,5): message :       _GenerateCompileDependencyCache;
       /usr/lib64/dotnet/sdk/10.0.101/Sdks/Microsoft.NET.Sdk/targets/Microsoft.NET.Sdk.targets(799,5): message :       CoreCompile;
       /usr/lib64/dotnet/sdk/10.0.101/Sdks/Microsoft.NET.Sdk/targets/Microsoft.NET.Sdk.targets(799,5): message :       _TimeStampAfterCompile;
       /usr/lib64/dotnet/sdk/10.0.101/Sdks/Microsoft.NET.Sdk/targets/Microsoft.NET.Sdk.targets(799,5): message :       AfterCompile;
       /usr/lib64/dotnet/sdk/10.0.101/Sdks/Microsoft.NET.Sdk/targets/Microsoft.NET.Sdk.targets(799,5): message :     ") at /usr/lib64/dotnet/sdk/10.0.101/Sdks/Microsoft.NET.Sdk/targets/Microsoft.NET.Sdk.targets (799,5)
       /usr/lib64/dotnet/sdk/10.0.101/Sdks/Microsoft.NET.Sdk/targets/Microsoft.NET.Sdk.targets(1131,5): message : Property reassignment: $(CreateSatelliteAssembliesDependsOn)="
       /usr/lib64/dotnet/sdk/10.0.101/Sdks/Microsoft.NET.Sdk/targets/Microsoft.NET.Sdk.targets(1131,5): message :       
       /usr/lib64/dotnet/sdk/10.0.101/Sdks/Microsoft.NET.Sdk/targets/Microsoft.NET.Sdk.targets(1131,5): message :       ;
       /usr/lib64/dotnet/sdk/10.0.101/Sdks/Microsoft.NET.Sdk/targets/Microsoft.NET.Sdk.targets(1131,5): message :       _GenerateSatelliteAssemblyInputs;
       /usr/lib64/dotnet/sdk/10.0.101/Sdks/Microsoft.NET.Sdk/targets/Microsoft.NET.Sdk.targets(1131,5): message :       ComputeIntermediateSatelliteAssemblies;
       /usr/lib64/dotnet/sdk/10.0.101/Sdks/Microsoft.NET.Sdk/targets/Microsoft.NET.Sdk.targets(1131,5): message :       GenerateSatelliteAssemblies
       /usr/lib64/dotnet/sdk/10.0.101/Sdks/Microsoft.NET.Sdk/targets/Microsoft.NET.Sdk.targets(1131,5): message :     ;
       /usr/lib64/dotnet/sdk/10.0.101/Sdks/Microsoft.NET.Sdk/targets/Microsoft.NET.Sdk.targets(1131,5): message :       CoreGenerateSatelliteAssemblies
       /usr/lib64/dotnet/sdk/10.0.101/Sdks/Microsoft.NET.Sdk/targets/Microsoft.NET.Sdk.targets(1131,5): message :     " (previous value: "
       /usr/lib64/dotnet/sdk/10.0.101/Sdks/Microsoft.NET.Sdk/targets/Microsoft.NET.Sdk.targets(1131,5): message :       ;
       /usr/lib64/dotnet/sdk/10.0.101/Sdks/Microsoft.NET.Sdk/targets/Microsoft.NET.Sdk.targets(1131,5): message :       _GenerateSatelliteAssemblyInputs;
       /usr/lib64/dotnet/sdk/10.0.101/Sdks/Microsoft.NET.Sdk/targets/Microsoft.NET.Sdk.targets(1131,5): message :       ComputeIntermediateSatelliteAssemblies;
       /usr/lib64/dotnet/sdk/10.0.101/Sdks/Microsoft.NET.Sdk/targets/Microsoft.NET.Sdk.targets(1131,5): message :       GenerateSatelliteAssemblies
       /usr/lib64/dotnet/sdk/10.0.101/Sdks/Microsoft.NET.Sdk/targets/Microsoft.NET.Sdk.targets(1131,5): message :     ") at /usr/lib64/dotnet/sdk/10.0.101/Sdks/Microsoft.NET.Sdk/targets/Microsoft.NET.Sdk.targets (1131,5)
       /usr/lib64/dotnet/sdk/10.0.101/Sdks/Microsoft.SourceLink.GitLab/build/Microsoft.SourceLink.GitLab.targets(12,5): message : Property reassignment: $(SourceLinkUrlInitializerTargets)=";_InitializeGitHubSourceLinkUrl;_InitializeGitLabSourceLinkUrl" (previous value: ";_InitializeGitHubSourceLinkUrl") at /usr/lib64/dotnet/sdk/10.0.101/Sdks/Microsoft.SourceLink.GitLab/build/Microsoft.SourceLink.GitLab.targets (12,5)
       /usr/lib64/dotnet/sdk/10.0.101/Sdks/Microsoft.SourceLink.GitLab/build/Microsoft.SourceLink.GitLab.targets(13,5): message : Property reassignment: $(SourceControlManagerUrlTranslationTargets)=";TranslateGitHubUrlsInSourceControlInformation;TranslateGitLabUrlsInSourceControlInformation" (previous value: ";TranslateGitHubUrlsInSourceControlInformation") at /usr/lib64/dotnet/sdk/10.0.101/Sdks/Microsoft.SourceLink.GitLab/build/Microsoft.SourceLink.GitLab.targets (13,5)
       /usr/lib64/dotnet/sdk/10.0.101/Sdks/Microsoft.SourceLink.AzureRepos.Git/build/Microsoft.SourceLink.AzureRepos.Git.targets(12,5): message : Property reassignment: $(SourceLinkUrlInitializerTargets)=";_InitializeGitHubSourceLinkUrl;_InitializeGitLabSourceLinkUrl;_InitializeAzureReposGitSourceLinkUrl" (previous value: ";_InitializeGitHubSourceLinkUrl;_InitializeGitLabSourceLinkUrl") at /usr/lib64/dotnet/sdk/10.0.101/Sdks/Microsoft.SourceLink.AzureRepos.Git/build/Microsoft.SourceLink.AzureRepos.Git.targets (12,5)
       /usr/lib64/dotnet/sdk/10.0.101/Sdks/Microsoft.SourceLink.AzureRepos.Git/build/Microsoft.SourceLink.AzureRepos.Git.targets(13,5): message : Property reassignment: $(SourceControlManagerUrlTranslationTargets)=";TranslateGitHubUrlsInSourceControlInformation;TranslateGitLabUrlsInSourceControlInformation;TranslateAzureReposGitUrlsInSourceControlInformation" (previous value: ";TranslateGitHubUrlsInSourceControlInformation;TranslateGitLabUrlsInSourceControlInformation") at /usr/lib64/dotnet/sdk/10.0.101/Sdks/Microsoft.SourceLink.AzureRepos.Git/build/Microsoft.SourceLink.AzureRepos.Git.targets (13,5)
       /usr/lib64/dotnet/sdk/10.0.101/Sdks/Microsoft.SourceLink.Bitbucket.Git/build/Microsoft.SourceLink.Bitbucket.Git.targets(12,5): message : Property reassignment: $(SourceLinkUrlInitializerTargets)=";_InitializeGitHubSourceLinkUrl;_InitializeGitLabSourceLinkUrl;_InitializeAzureReposGitSourceLinkUrl;_InitializeBitbucketGitSourceLinkUrl" (previous value: ";_InitializeGitHubSourceLinkUrl;_InitializeGitLabSourceLinkUrl;_InitializeAzureReposGitSourceLinkUrl") at /usr/lib64/dotnet/sdk/10.0.101/Sdks/Microsoft.SourceLink.Bitbucket.Git/build/Microsoft.SourceLink.Bitbucket.Git.targets (12,5)
       /usr/lib64/dotnet/sdk/10.0.101/Sdks/Microsoft.SourceLink.Bitbucket.Git/build/Microsoft.SourceLink.Bitbucket.Git.targets(13,5): message : Property reassignment: $(SourceControlManagerUrlTranslationTargets)=";TranslateGitHubUrlsInSourceControlInformation;TranslateGitLabUrlsInSourceControlInformation;TranslateAzureReposGitUrlsInSourceControlInformation;TranslateBitbucketGitUrlsInSourceControlInformation" (previous value: ";TranslateGitHubUrlsInSourceControlInformation;TranslateGitLabUrlsInSourceControlInformation;TranslateAzureReposGitUrlsInSourceControlInformation") at /usr/lib64/dotnet/sdk/10.0.101/Sdks/Microsoft.SourceLink.Bitbucket.Git/build/Microsoft.SourceLink.Bitbucket.Git.targets (13,5)
       /usr/lib64/dotnet/sdk/10.0.101/Sdks/Microsoft.NET.Sdk/targets/Microsoft.NET.DesignerSupport.targets(21,5): message : Property reassignment: $(DesignerRuntimeImplementationProjectOutputGroupDependsOn)="
       /usr/lib64/dotnet/sdk/10.0.101/Sdks/Microsoft.NET.Sdk/targets/Microsoft.NET.DesignerSupport.targets(21,5): message :       
       /usr/lib64/dotnet/sdk/10.0.101/Sdks/Microsoft.NET.Sdk/targets/Microsoft.NET.DesignerSupport.targets(21,5): message :       ;
       /usr/lib64/dotnet/sdk/10.0.101/Sdks/Microsoft.NET.Sdk/targets/Microsoft.NET.DesignerSupport.targets(21,5): message :       
       /usr/lib64/dotnet/sdk/10.0.101/Sdks/Microsoft.NET.Sdk/targets/Microsoft.NET.DesignerSupport.targets(21,5): message :       ;
       /usr/lib64/dotnet/sdk/10.0.101/Sdks/Microsoft.NET.Sdk/targets/Microsoft.NET.DesignerSupport.targets(21,5): message :       BuildOnlySettings;
       /usr/lib64/dotnet/sdk/10.0.101/Sdks/Microsoft.NET.Sdk/targets/Microsoft.NET.DesignerSupport.targets(21,5): message :       PrepareForBuild;
       /usr/lib64/dotnet/sdk/10.0.101/Sdks/Microsoft.NET.Sdk/targets/Microsoft.NET.DesignerSupport.targets(21,5): message :       AssignTargetPaths;
       /usr/lib64/dotnet/sdk/10.0.101/Sdks/Microsoft.NET.Sdk/targets/Microsoft.NET.DesignerSupport.targets(21,5): message :       ResolveReferences
       /usr/lib64/dotnet/sdk/10.0.101/Sdks/Microsoft.NET.Sdk/targets/Microsoft.NET.DesignerSupport.targets(21,5): message :     
       /usr/lib64/dotnet/sdk/10.0.101/Sdks/Microsoft.NET.Sdk/targets/Microsoft.NET.DesignerSupport.targets(21,5): message :     ;
       /usr/lib64/dotnet/sdk/10.0.101/Sdks/Microsoft.NET.Sdk/targets/Microsoft.NET.DesignerSupport.targets(21,5): message :       _GenerateDesignerDepsFile;
       /usr/lib64/dotnet/sdk/10.0.101/Sdks/Microsoft.NET.Sdk/targets/Microsoft.NET.DesignerSupport.targets(21,5): message :       _GenerateDesignerRuntimeConfigFile;
       /usr/lib64/dotnet/sdk/10.0.101/Sdks/Microsoft.NET.Sdk/targets/Microsoft.NET.DesignerSupport.targets(21,5): message :       GetCopyToOutputDirectoryItems;
       /usr/lib64/dotnet/sdk/10.0.101/Sdks/Microsoft.NET.Sdk/targets/Microsoft.NET.DesignerSupport.targets(21,5): message :       _GatherDesignerShadowCopyFiles;
       /usr/lib64/dotnet/sdk/10.0.101/Sdks/Microsoft.NET.Sdk/targets/Microsoft.NET.DesignerSupport.targets(21,5): message :     " (previous value: "
       /usr/lib64/dotnet/sdk/10.0.101/Sdks/Microsoft.NET.Sdk/targets/Microsoft.NET.DesignerSupport.targets(21,5): message :       ;
       /usr/lib64/dotnet/sdk/10.0.101/Sdks/Microsoft.NET.Sdk/targets/Microsoft.NET.DesignerSupport.targets(21,5): message :       
       /usr/lib64/dotnet/sdk/10.0.101/Sdks/Microsoft.NET.Sdk/targets/Microsoft.NET.DesignerSupport.targets(21,5): message :       ;
       /usr/lib64/dotnet/sdk/10.0.101/Sdks/Microsoft.NET.Sdk/targets/Microsoft.NET.DesignerSupport.targets(21,5): message :       BuildOnlySettings;
       /usr/lib64/dotnet/sdk/10.0.101/Sdks/Microsoft.NET.Sdk/targets/Microsoft.NET.DesignerSupport.targets(21,5): message :       PrepareForBuild;
       /usr/lib64/dotnet/sdk/10.0.101/Sdks/Microsoft.NET.Sdk/targets/Microsoft.NET.DesignerSupport.targets(21,5): message :       AssignTargetPaths;
       /usr/lib64/dotnet/sdk/10.0.101/Sdks/Microsoft.NET.Sdk/targets/Microsoft.NET.DesignerSupport.targets(21,5): message :       ResolveReferences
       /usr/lib64/dotnet/sdk/10.0.101/Sdks/Microsoft.NET.Sdk/targets/Microsoft.NET.DesignerSupport.targets(21,5): message :     
       /usr/lib64/dotnet/sdk/10.0.101/Sdks/Microsoft.NET.Sdk/targets/Microsoft.NET.DesignerSupport.targets(21,5): message :     ") at /usr/lib64/dotnet/sdk/10.0.101/Sdks/Microsoft.NET.Sdk/targets/Microsoft.NET.DesignerSupport.targets (21,5)
       /usr/lib64/dotnet/sdk/10.0.101/Sdks/Microsoft.NET.Sdk/targets/Microsoft.NET.Sdk.CSharp.targets(31,5): message : Property reassignment: $(DefineConstants)="TRACE;DEBUG" (previous value: "TRACE") at /usr/lib64/dotnet/sdk/10.0.101/Sdks/Microsoft.NET.Sdk/targets/Microsoft.NET.Sdk.CSharp.targets (31,5)
       /usr/lib64/dotnet/sdk/10.0.101/Sdks/Microsoft.NET.Sdk/targets/Microsoft.NET.Sdk.CSharp.targets(45,5): message : Property reassignment: $(WarningsAsErrors)=";NU1605;SYSLIB0011" (previous value: ";NU1605") at /usr/lib64/dotnet/sdk/10.0.101/Sdks/Microsoft.NET.Sdk/targets/Microsoft.NET.Sdk.CSharp.targets (45,5)
       /usr/lib64/dotnet/sdk/10.0.101/NuGet.Build.Tasks.Pack.targets(34,5): message : Property reassignment: $(PackageDescription)="Package Description" (previous value: "") at /usr/lib64/dotnet/sdk/10.0.101/NuGet.Build.Tasks.Pack.targets (34,5)
       /usr/lib64/dotnet/sdk/10.0.101/NuGet.Build.Tasks.Pack.targets(59,5): message : Property reassignment: $(GenerateNuspecDependsOn)="Build;_LoadPackInputItems; _GetTargetFrameworksOutput; _WalkEachTargetPerFramework; _GetPackageFiles; " (previous value: "_LoadPackInputItems; _GetTargetFrameworksOutput; _WalkEachTargetPerFramework; _GetPackageFiles; ") at /usr/lib64/dotnet/sdk/10.0.101/NuGet.Build.Tasks.Pack.targets (59,5)
       /usr/lib64/dotnet/sdk/10.0.101/Sdks/Microsoft.NET.Sdk/Sdk/Sdk.targets(59,5): message : Property reassignment: $(_IsNotSetContainersTargetsDir)="true" (previous value: "false") at /usr/lib64/dotnet/sdk/10.0.101/Sdks/Microsoft.NET.Sdk/Sdk/Sdk.targets (59,5)
       /usr/lib64/dotnet/sdk/10.0.101/Containers/build/Microsoft.NET.Build.Containers.targets(5,5): message : Property reassignment: $(_IsSDKContainerAllowedVersion)="true" (previous value: "false") at /usr/lib64/dotnet/sdk/10.0.101/Containers/build/Microsoft.NET.Build.Containers.targets (5,5)
       /usr/lib64/dotnet/sdk/10.0.101/Containers/build/Microsoft.NET.Build.Containers.targets(15,5): message : Property reassignment: $(_ContainerIsTargetingNet8TFM)="true" (previous value: "false") at /usr/lib64/dotnet/sdk/10.0.101/Containers/build/Microsoft.NET.Build.Containers.targets (15,5)
       Overriding target "ResolveFrameworkReferences" in project "/usr/lib64/dotnet/sdk/10.0.101/Microsoft.Common.CurrentVersion.targets" with target "ResolveFrameworkReferences" from project "/usr/lib64/dotnet/sdk/10.0.101/Sdks/Microsoft.NET.Sdk/targets/Microsoft.NET.Sdk.FrameworkReferenceResolution.targets".
       Overriding target "GenerateSupportedTargetFrameworkAlias" in project "/usr/lib64/dotnet/sdk/10.0.101/Microsoft.Common.CurrentVersion.targets" with target "GenerateSupportedTargetFrameworkAlias" from project "/usr/lib64/dotnet/sdk/10.0.101/Sdks/Microsoft.NET.Sdk/targets/Microsoft.NET.Sdk.targets".
       Overriding target "GetReferenceAssemblyPaths" in project "/usr/lib64/dotnet/sdk/10.0.101/Microsoft.Common.CurrentVersion.targets" with target "GetReferenceAssemblyPaths" from project "/usr/lib64/dotnet/sdk/10.0.101/Sdks/Microsoft.NET.Sdk/targets/Microsoft.NET.DisableStandardFrameworkResolution.targets".
       Overriding target "GetFrameworkPaths" in project "/usr/lib64/dotnet/sdk/10.0.101/Microsoft.Common.CurrentVersion.targets" with target "GetFrameworkPaths" from project "/usr/lib64/dotnet/sdk/10.0.101/Sdks/Microsoft.NET.Sdk/targets/Microsoft.NET.DisableStandardFrameworkResolution.targets".
       Overriding target "DesignerRuntimeImplementationProjectOutputGroup" in project "/usr/lib64/dotnet/sdk/10.0.101/Microsoft.Common.CurrentVersion.targets" with target "DesignerRuntimeImplementationProjectOutputGroup" from project "/usr/lib64/dotnet/sdk/10.0.101/Sdks/Microsoft.NET.Sdk/targets/Microsoft.NET.DesignerSupport.targets".
       Overriding target "Publish" in project "/usr/lib64/dotnet/sdk/10.0.101/Microsoft.Common.CurrentVersion.targets" with target "Publish" from project "/usr/lib64/dotnet/sdk/10.0.101/Sdks/Microsoft.NET.Sdk/targets/Microsoft.NET.Publish.targets".
       Overriding target "ResolveReadyToRunCompilers" in project "/usr/lib64/dotnet/sdk/10.0.101/Sdks/Microsoft.NET.Sdk/targets/Microsoft.NET.CrossGen.targets" with target "ResolveReadyToRunCompilers" from project "/usr/lib64/dotnet/sdk/10.0.101/Sdks/Microsoft.NET.Sdk/targets/Microsoft.NET.Publish.targets".
       Overriding target "GetCopyToPublishDirectoryItems" in project "/usr/lib64/dotnet/sdk/10.0.101/Microsoft.Common.CurrentVersion.targets" with target "GetCopyToPublishDirectoryItems" from project "/usr/lib64/dotnet/sdk/10.0.101/Sdks/Microsoft.NET.Sdk/targets/Microsoft.NET.Publish.targets".
       Overriding target "Run" in project "/usr/lib64/dotnet/sdk/10.0.101/Microsoft.Common.CurrentVersion.targets" with target "Run" from project "/usr/lib64/dotnet/sdk/10.0.101/Sdks/Microsoft.NET.Sdk/targets/Microsoft.NET.Sdk.targets".
   1:3>Project "/home/baturhan/Projeler/Entegrasyon/Application/Entegrasyon.Blazor/Entegrasyon.Blazor.csproj" (1:3) is building "/home/baturhan/Projeler/Entegrasyon/Application/Entegrasyon.Business/Entegrasyon.Business.csproj" (2) on node 1 (_GenerateRestoreProjectPathWalk target(s)).
     2>Target "_GenerateRestoreProjectPathItemsPerFramework" in file "/usr/lib64/dotnet/sdk/10.0.101/NuGet.targets" from project "/home/baturhan/Projeler/Entegrasyon/Application/Entegrasyon.Business/Entegrasyon.Business.csproj" (target "_GenerateRestoreProjectPathItemsCurrentProject" depends on it):
     2>Task "ConvertToAbsolutePath"
       Done executing task "ConvertToAbsolutePath".
     2>Done building target "_GenerateRestoreProjectPathItemsPerFramework" in project "Entegrasyon.Business.csproj".
     2>Target "_GenerateRestoreProjectPathItemsCurrentProject" in file "/usr/lib64/dotnet/sdk/10.0.101/NuGet.targets" from project "/home/baturhan/Projeler/Entegrasyon/Application/Entegrasyon.Business/Entegrasyon.Business.csproj" (target "_GenerateRestoreProjectPathItems" depends on it):
     2>Done building target "_GenerateRestoreProjectPathItemsCurrentProject" in project "Entegrasyon.Business.csproj".
     2>Target "_GenerateRestoreProjectPathItems" in file "/usr/lib64/dotnet/sdk/10.0.101/NuGet.targets" from project "/home/baturhan/Projeler/Entegrasyon/Application/Entegrasyon.Business/Entegrasyon.Business.csproj" (target "_GenerateRestoreProjectPathWalk" depends on it):
       Task "RemoveDuplicates"
       Done executing task "RemoveDuplicates".
     2>Done building target "_GenerateRestoreProjectPathItems" in project "Entegrasyon.Business.csproj".
     2>Target "_GenerateRestoreProjectPathWalk" in file "/usr/lib64/dotnet/sdk/10.0.101/NuGet.targets" from project "/home/baturhan/Projeler/Entegrasyon/Application/Entegrasyon.Business/Entegrasyon.Business.csproj" (entry point):
       Task "MSBuild"
         Global Properties:
           ExcludeRestorePackageImports=true
     0>Reusing node 3 (PID: 582513).
       Reusing node 2 (PID: 582519).
       /usr/lib64/dotnet/sdk/10.0.101/Sdks/Microsoft.NET.Sdk/Sdk/Sdk.props(49,11): message : Property 'MSBuildExtensionsPath' with value '/usr/lib64/dotnet/sdk/10.0.101/' expanded from the environment.
       /usr/lib64/dotnet/sdk/10.0.101/Current/Microsoft.Common.props(60,5): message : Property reassignment: $(MSBuildProjectExtensionsPath)="/home/baturhan/Projeler/Entegrasyon/Application/Entegrasyon.DataAccess/obj/" (previous value: "obj/") at /usr/lib64/dotnet/sdk/10.0.101/Current/Microsoft.Common.props (60,5)
       /usr/lib64/dotnet/sdk/10.0.101/Current/Microsoft.Common.props(84,119): message : Property 'MSBuildUserExtensionsPath' with value '/home/baturhan/.local/share/Microsoft\MSBuild' expanded from the environment.
       /usr/lib64/dotnet/sdk/10.0.101/Sdks/Microsoft.NET.Sdk/targets/Microsoft.NET.Sdk.props(90,5): message : Property reassignment: $(AssemblySearchPaths)="{CandidateAssemblyFiles};{HintPathFromItem}" (previous value: "{CandidateAssemblyFiles}") at /usr/lib64/dotnet/sdk/10.0.101/Sdks/Microsoft.NET.Sdk/targets/Microsoft.NET.Sdk.props (90,5)
       /usr/lib64/dotnet/sdk/10.0.101/Sdks/Microsoft.NET.Sdk/targets/Microsoft.NET.Sdk.props(91,5): message : Property reassignment: $(AssemblySearchPaths)="{CandidateAssemblyFiles};{HintPathFromItem};{TargetFrameworkDirectory}" (previous value: "{CandidateAssemblyFiles};{HintPathFromItem}") at /usr/lib64/dotnet/sdk/10.0.101/Sdks/Microsoft.NET.Sdk/targets/Microsoft.NET.Sdk.props (91,5)
       /usr/lib64/dotnet/sdk/10.0.101/Sdks/Microsoft.NET.Sdk/targets/Microsoft.NET.Sdk.props(92,5): message : Property reassignment: $(AssemblySearchPaths)="{CandidateAssemblyFiles};{HintPathFromItem};{TargetFrameworkDirectory};{RawFileName}" (previous value: "{CandidateAssemblyFiles};{HintPathFromItem};{TargetFrameworkDirectory}") at /usr/lib64/dotnet/sdk/10.0.101/Sdks/Microsoft.NET.Sdk/targets/Microsoft.NET.Sdk.props (92,5)
       /usr/lib64/dotnet/sdk/10.0.101/Sdks/Microsoft.NET.Sdk/Sdk/Sdk.props(49,11): message : Property 'MSBuildExtensionsPath' with value '/usr/lib64/dotnet/sdk/10.0.101/' expanded from the environment.
       /usr/lib64/dotnet/sdk/10.0.101/Sdks/Microsoft.NET.Sdk/Sdk/Sdk.props(49,11): message : Property 'MSBuildExtensionsPath' with value '/usr/lib64/dotnet/sdk/10.0.101/' expanded from the environment.
       /usr/lib64/dotnet/sdk/10.0.101/Current/Microsoft.Common.props(60,5): message : Property reassignment: $(MSBuildProjectExtensionsPath)="/home/baturhan/Projeler/Entegrasyon/Application/Entegrasyon.MessageQueue/obj/" (previous value: "obj/") at /usr/lib64/dotnet/sdk/10.0.101/Current/Microsoft.Common.props (60,5)
       /usr/lib64/dotnet/sdk/10.0.101/Current/Microsoft.Common.props(60,5): message : Property reassignment: $(MSBuildProjectExtensionsPath)="/home/baturhan/Projeler/Entegrasyon/Application/Entegrasyon.ApplicationBootstrap/obj/" (previous value: "obj/") at /usr/lib64/dotnet/sdk/10.0.101/Current/Microsoft.Common.props (60,5)
       /usr/lib64/dotnet/sdk/10.0.101/Current/Microsoft.Common.props(84,119): message : Property 'MSBuildUserExtensionsPath' with value '/home/baturhan/.local/share/Microsoft\MSBuild' expanded from the environment.
       /usr/lib64/dotnet/sdk/10.0.101/Current/Microsoft.Common.props(84,119): message : Property 'MSBuildUserExtensionsPath' with value '/home/baturhan/.local/share/Microsoft\MSBuild' expanded from the environment.
       /usr/lib64/dotnet/sdk/10.0.101/Sdks/Microsoft.NET.Sdk/targets/Microsoft.NET.Sdk.ImportPublishProfile.targets(28,5): message : Property reassignment: $(PublishProfileImported)="false" (previous value: "true") at /usr/lib64/dotnet/sdk/10.0.101/Sdks/Microsoft.NET.Sdk/targets/Microsoft.NET.Sdk.ImportPublishProfile.targets (28,5)
       /usr/lib64/dotnet/sdk/10.0.101/Sdks/Microsoft.NET.Sdk/targets/Microsoft.NET.Sdk.props(90,5): message : Property reassignment: $(AssemblySearchPaths)="{CandidateAssemblyFiles};{HintPathFromItem}" (previous value: "{CandidateAssemblyFiles}") at /usr/lib64/dotnet/sdk/10.0.101/Sdks/Microsoft.NET.Sdk/targets/Microsoft.NET.Sdk.props (90,5)
       /usr/lib64/dotnet/sdk/10.0.101/Sdks/Microsoft.NET.Sdk/targets/Microsoft.NET.Sdk.props(90,5): message : Property reassignment: $(AssemblySearchPaths)="{CandidateAssemblyFiles};{HintPathFromItem}" (previous value: "{CandidateAssemblyFiles}") at /usr/lib64/dotnet/sdk/10.0.101/Sdks/Microsoft.NET.Sdk/targets/Microsoft.NET.Sdk.props (90,5)
       /usr/lib64/dotnet/sdk/10.0.101/Sdks/Microsoft.NET.Sdk/targets/Microsoft.NET.Sdk.props(91,5): message : Property reassignment: $(AssemblySearchPaths)="{CandidateAssemblyFiles};{HintPathFromItem};{TargetFrameworkDirectory}" (previous value: "{CandidateAssemblyFiles};{HintPathFromItem}") at /usr/lib64/dotnet/sdk/10.0.101/Sdks/Microsoft.NET.Sdk/targets/Microsoft.NET.Sdk.props (91,5)
       /usr/lib64/dotnet/sdk/10.0.101/Sdks/Microsoft.NET.Sdk/targets/Microsoft.NET.Sdk.props(91,5): message : Property reassignment: $(AssemblySearchPaths)="{CandidateAssemblyFiles};{HintPathFromItem};{TargetFrameworkDirectory}" (previous value: "{CandidateAssemblyFiles};{HintPathFromItem}") at /usr/lib64/dotnet/sdk/10.0.101/Sdks/Microsoft.NET.Sdk/targets/Microsoft.NET.Sdk.props (91,5)
       /usr/lib64/dotnet/sdk/10.0.101/Sdks/Microsoft.NET.Sdk/targets/Microsoft.NET.Sdk.props(92,5): message : Property reassignment: $(AssemblySearchPaths)="{CandidateAssemblyFiles};{HintPathFromItem};{TargetFrameworkDirectory};{RawFileName}" (previous value: "{CandidateAssemblyFiles};{HintPathFromItem};{TargetFrameworkDirectory}") at /usr/lib64/dotnet/sdk/10.0.101/Sdks/Microsoft.NET.Sdk/targets/Microsoft.NET.Sdk.props (92,5)
       /usr/lib64/dotnet/sdk/10.0.101/Sdks/Microsoft.NET.Sdk/targets/Microsoft.NET.Sdk.props(92,5): message : Property reassignment: $(AssemblySearchPaths)="{CandidateAssemblyFiles};{HintPathFromItem};{TargetFrameworkDirectory};{RawFileName}" (previous value: "{CandidateAssemblyFiles};{HintPathFromItem};{TargetFrameworkDirectory}") at /usr/lib64/dotnet/sdk/10.0.101/Sdks/Microsoft.NET.Sdk/targets/Microsoft.NET.Sdk.props (92,5)
       /usr/lib64/dotnet/sdk/10.0.101/Sdks/Microsoft.NET.Sdk/targets/Microsoft.NET.TargetFrameworkInference.targets(81,5): message : Property reassignment: $(TargetPlatformVersion)="" (previous value: "0.0") at /usr/lib64/dotnet/sdk/10.0.101/Sdks/Microsoft.NET.Sdk/targets/Microsoft.NET.TargetFrameworkInference.targets (81,5)
       /usr/lib64/dotnet/sdk/10.0.101/Sdks/Microsoft.NET.Sdk/targets/Microsoft.NET.DefaultOutputPaths.targets(127,5): message : Property reassignment: $(DefaultItemExcludes)=";bin/Debug//**;obj/Debug//**" (previous value: ";bin/Debug//**") at /usr/lib64/dotnet/sdk/10.0.101/Sdks/Microsoft.NET.Sdk/targets/Microsoft.NET.DefaultOutputPaths.targets (127,5)
       /usr/lib64/dotnet/sdk/10.0.101/Sdks/Microsoft.NET.Sdk/targets/Microsoft.NET.DefaultOutputPaths.targets(142,5): message : Property reassignment: $(OutputPath)="bin/Debug/net8.0/" (previous value: "bin/Debug/") at /usr/lib64/dotnet/sdk/10.0.101/Sdks/Microsoft.NET.Sdk/targets/Microsoft.NET.DefaultOutputPaths.targets (142,5)
       /usr/lib64/dotnet/sdk/10.0.101/Sdks/Microsoft.NET.Sdk/targets/Microsoft.NET.DefaultOutputPaths.targets(147,5): message : Property reassignment: $(IntermediateOutputPath)="obj/Debug/net8.0/" (previous value: "obj/Debug/") at /usr/lib64/dotnet/sdk/10.0.101/Sdks/Microsoft.NET.Sdk/targets/Microsoft.NET.DefaultOutputPaths.targets (147,5)
       /usr/lib64/dotnet/sdk/10.0.101/Sdks/Microsoft.NET.Sdk/targets/Microsoft.NET.Sdk.ImportPublishProfile.targets(28,5): message : Property reassignment: $(PublishProfileImported)="false" (previous value: "true") at /usr/lib64/dotnet/sdk/10.0.101/Sdks/Microsoft.NET.Sdk/targets/Microsoft.NET.Sdk.ImportPublishProfile.targets (28,5)
       /usr/lib64/dotnet/sdk/10.0.101/Sdks/Microsoft.NET.Sdk/targets/Microsoft.NET.Sdk.ImportPublishProfile.targets(28,5): message : Property reassignment: $(PublishProfileImported)="false" (previous value: "true") at /usr/lib64/dotnet/sdk/10.0.101/Sdks/Microsoft.NET.Sdk/targets/Microsoft.NET.Sdk.ImportPublishProfile.targets (28,5)
       /usr/lib64/dotnet/sdk/10.0.101/Sdks/Microsoft.NET.Sdk/targets/Microsoft.NET.TargetFrameworkInference.targets(81,5): message : Property reassignment: $(TargetPlatformVersion)="" (previous value: "0.0") at /usr/lib64/dotnet/sdk/10.0.101/Sdks/Microsoft.NET.Sdk/targets/Microsoft.NET.TargetFrameworkInference.targets (81,5)
       /usr/lib64/dotnet/sdk/10.0.101/Sdks/Microsoft.NET.Sdk/targets/Microsoft.NET.TargetFrameworkInference.targets(81,5): message : Property reassignment: $(TargetPlatformVersion)="" (previous value: "0.0") at /usr/lib64/dotnet/sdk/10.0.101/Sdks/Microsoft.NET.Sdk/targets/Microsoft.NET.TargetFrameworkInference.targets (81,5)
       /usr/lib64/dotnet/sdk/10.0.101/Sdks/Microsoft.NET.Sdk/targets/Microsoft.NET.DefaultOutputPaths.targets(127,5): message : Property reassignment: $(DefaultItemExcludes)=";bin/Debug//**;obj/Debug//**" (previous value: ";bin/Debug//**") at /usr/lib64/dotnet/sdk/10.0.101/Sdks/Microsoft.NET.Sdk/targets/Microsoft.NET.DefaultOutputPaths.targets (127,5)
       /usr/lib64/dotnet/sdk/10.0.101/Sdks/Microsoft.NET.Sdk/targets/Microsoft.NET.DefaultOutputPaths.targets(127,5): message : Property reassignment: $(DefaultItemExcludes)=";bin/Debug//**;obj/Debug//**" (previous value: ";bin/Debug//**") at /usr/lib64/dotnet/sdk/10.0.101/Sdks/Microsoft.NET.Sdk/targets/Microsoft.NET.DefaultOutputPaths.targets (127,5)
       /usr/lib64/dotnet/sdk/10.0.101/Sdks/Microsoft.NET.Sdk/targets/Microsoft.NET.DefaultOutputPaths.targets(142,5): message : Property reassignment: $(OutputPath)="bin/Debug/net8.0/" (previous value: "bin/Debug/") at /usr/lib64/dotnet/sdk/10.0.101/Sdks/Microsoft.NET.Sdk/targets/Microsoft.NET.DefaultOutputPaths.targets (142,5)
       /usr/lib64/dotnet/sdk/10.0.101/Sdks/Microsoft.NET.Sdk/targets/Microsoft.NET.DefaultOutputPaths.targets(147,5): message : Property reassignment: $(IntermediateOutputPath)="obj/Debug/net8.0/" (previous value: "obj/Debug/") at /usr/lib64/dotnet/sdk/10.0.101/Sdks/Microsoft.NET.Sdk/targets/Microsoft.NET.DefaultOutputPaths.targets (147,5)
       /usr/lib64/dotnet/sdk/10.0.101/Sdks/Microsoft.NET.Sdk/targets/Microsoft.NET.DefaultOutputPaths.targets(142,5): message : Property reassignment: $(OutputPath)="bin/Debug/net8.0/" (previous value: "bin/Debug/") at /usr/lib64/dotnet/sdk/10.0.101/Sdks/Microsoft.NET.Sdk/targets/Microsoft.NET.DefaultOutputPaths.targets (142,5)
       /usr/lib64/dotnet/sdk/10.0.101/Sdks/Microsoft.NET.Sdk/targets/Microsoft.NET.DefaultOutputPaths.targets(147,5): message : Property reassignment: $(IntermediateOutputPath)="obj/Debug/net8.0/" (previous value: "obj/Debug/") at /usr/lib64/dotnet/sdk/10.0.101/Sdks/Microsoft.NET.Sdk/targets/Microsoft.NET.DefaultOutputPaths.targets (147,5)
       /usr/lib64/dotnet/sdk/10.0.101/Sdks/Microsoft.NET.Sdk/targets/Microsoft.NET.Sdk.BeforeCommon.targets(371,5): message : Property reassignment: $(RoslynTargetsPath)="/usr/lib64/dotnet/sdk/10.0.101/Sdks/Microsoft.NET.Sdk/targets/../../../Roslyn" (previous value: "/usr/lib64/dotnet/sdk/10.0.101/Roslyn") at /usr/lib64/dotnet/sdk/10.0.101/Sdks/Microsoft.NET.Sdk/targets/Microsoft.NET.Sdk.BeforeCommon.targets (371,5)
       /usr/lib64/dotnet/sdk/10.0.101/Sdks/Microsoft.NET.Sdk/targets/Microsoft.NET.Sdk.BeforeCommon.targets(371,5): message : Property reassignment: $(RoslynTargetsPath)="/usr/lib64/dotnet/sdk/10.0.101/Sdks/Microsoft.NET.Sdk/targets/../../../Roslyn" (previous value: "/usr/lib64/dotnet/sdk/10.0.101/Roslyn") at /usr/lib64/dotnet/sdk/10.0.101/Sdks/Microsoft.NET.Sdk/targets/Microsoft.NET.Sdk.BeforeCommon.targets (371,5)
       /usr/lib64/dotnet/sdk/10.0.101/Roslyn/Microsoft.Managed.Core.targets(6,5): message : Property reassignment: $(_BuildTasksDirectory)="/usr/lib64/dotnet/sdk/10.0.101/Sdks/Microsoft.NET.Sdk/targets/../../../Roslyn/" (previous value: "/usr/lib64/dotnet/sdk/10.0.101/Roslyn/") at /usr/lib64/dotnet/sdk/10.0.101/Roslyn/Microsoft.Managed.Core.targets (6,5)
       /usr/lib64/dotnet/sdk/10.0.101/Roslyn/Microsoft.CSharp.Core.targets(200,5): message : Property reassignment: $(CommandLineArgsForDesignTimeEvaluation)="-langversion:12.0 -define:TRACE" (previous value: "-langversion:12.0") at /usr/lib64/dotnet/sdk/10.0.101/Roslyn/Microsoft.CSharp.Core.targets (200,5)
       /usr/lib64/dotnet/sdk/10.0.101/Sdks/Microsoft.NET.Sdk/targets/Microsoft.NET.Sdk.BeforeCommon.targets(371,5): message : Property reassignment: $(RoslynTargetsPath)="/usr/lib64/dotnet/sdk/10.0.101/Sdks/Microsoft.NET.Sdk/targets/../../../Roslyn" (previous value: "/usr/lib64/dotnet/sdk/10.0.101/Roslyn") at /usr/lib64/dotnet/sdk/10.0.101/Sdks/Microsoft.NET.Sdk/targets/Microsoft.NET.Sdk.BeforeCommon.targets (371,5)
       /usr/lib64/dotnet/sdk/10.0.101/Microsoft.Common.CurrentVersion.targets(175,5): message : Property reassignment: $(_DebugSymbolsProduced)="true" (previous value: "false") at /usr/lib64/dotnet/sdk/10.0.101/Microsoft.Common.CurrentVersion.targets (175,5)
       /usr/lib64/dotnet/sdk/10.0.101/Microsoft.Common.CurrentVersion.targets(185,5): message : Property reassignment: $(_DocumentationFileProduced)="false" (previous value: "true") at /usr/lib64/dotnet/sdk/10.0.101/Microsoft.Common.CurrentVersion.targets (185,5)
       /usr/lib64/dotnet/sdk/10.0.101/Microsoft.Common.CurrentVersion.targets(392,5): message : Property reassignment: $(MSBuildCopyMarkerName)="Entegras.71373C56" (previous value: "Entegrasyon.ApplicationBootstrap.csproj") at /usr/lib64/dotnet/sdk/10.0.101/Microsoft.Common.CurrentVersion.targets (392,5)
       /usr/lib64/dotnet/sdk/10.0.101/Microsoft.Common.CurrentVersion.targets(393,5): message : Property reassignment: $(MSBuildCopyMarkerName)="Entegras.71373C56.Up2Date" (previous value: "Entegras.71373C56") at /usr/lib64/dotnet/sdk/10.0.101/Microsoft.Common.CurrentVersion.targets (393,5)
       /usr/lib64/dotnet/sdk/10.0.101/Microsoft.Common.CurrentVersion.targets(541,5): message : Property reassignment: $(ProcessorArchitecture)="msil" (previous value: "") at /usr/lib64/dotnet/sdk/10.0.101/Microsoft.Common.CurrentVersion.targets (541,5)
       /usr/lib64/dotnet/sdk/10.0.101/Microsoft.Common.CurrentVersion.targets(580,5): message : Property reassignment: $(DelaySign)="" (previous value: "false") at /usr/lib64/dotnet/sdk/10.0.101/Microsoft.Common.CurrentVersion.targets (580,5)
       /usr/lib64/dotnet/sdk/10.0.101/Roslyn/Microsoft.Managed.Core.targets(6,5): message : Property reassignment: $(_BuildTasksDirectory)="/usr/lib64/dotnet/sdk/10.0.101/Sdks/Microsoft.NET.Sdk/targets/../../../Roslyn/" (previous value: "/usr/lib64/dotnet/sdk/10.0.101/Roslyn/") at /usr/lib64/dotnet/sdk/10.0.101/Roslyn/Microsoft.Managed.Core.targets (6,5)
       /usr/lib64/dotnet/sdk/10.0.101/Microsoft.Common.CurrentVersion.targets(2606,5): message : Property 'LocalAppData' with value '/home/baturhan/.local/share' expanded from the environment.
       /usr/lib64/dotnet/sdk/10.0.101/Microsoft.Common.CurrentVersion.targets(3934,5): message : Property reassignment: $(_SGenGenerateSerializationAssembliesConfig)="Auto" (previous value: "") at /usr/lib64/dotnet/sdk/10.0.101/Microsoft.Common.CurrentVersion.targets (3934,5)
       /usr/lib64/dotnet/sdk/10.0.101/Microsoft.Common.CurrentVersion.targets(3935,5): message : Property reassignment: $(_SGenGenerateSerializationAssembliesConfig)="Off" (previous value: "Auto") at /usr/lib64/dotnet/sdk/10.0.101/Microsoft.Common.CurrentVersion.targets (3935,5)
       /usr/lib64/dotnet/sdk/10.0.101/Microsoft.Common.CurrentVersion.targets(5146,5): message : Property reassignment: $(_TargetsThatPrepareProjectReferences)="
       /usr/lib64/dotnet/sdk/10.0.101/Microsoft.Common.CurrentVersion.targets(5146,5): message :       AssignProjectConfiguration;
       /usr/lib64/dotnet/sdk/10.0.101/Microsoft.Common.CurrentVersion.targets(5146,5): message :       _SplitProjectReferencesByFileExistence
       /usr/lib64/dotnet/sdk/10.0.101/Microsoft.Common.CurrentVersion.targets(5146,5): message :     " (previous value: "_SplitProjectReferencesByFileExistence") at /usr/lib64/dotnet/sdk/10.0.101/Microsoft.Common.CurrentVersion.targets (5146,5)
       /usr/lib64/dotnet/sdk/10.0.101/Roslyn/Microsoft.CSharp.Core.targets(200,5): message : Property reassignment: $(CommandLineArgsForDesignTimeEvaluation)="-langversion:12.0 -define:TRACE" (previous value: "-langversion:12.0") at /usr/lib64/dotnet/sdk/10.0.101/Roslyn/Microsoft.CSharp.Core.targets (200,5)
       /usr/lib64/dotnet/sdk/10.0.101/Microsoft.Common.CurrentVersion.targets(6959,5): message : Property 'MSBuildExtensionsPath32' with value '/usr/lib64/dotnet/sdk/10.0.101' expanded from the environment.
       The "NuGetInteractive" property is a global property, and cannot be modified.
       /usr/lib64/dotnet/sdk/10.0.101/Sdks/Microsoft.NET.Sdk/targets/Microsoft.PackageDependencyResolution.targets(24,5): message : Property reassignment: $(ProjectAssetsFile)="/home/baturhan/Projeler/Entegrasyon/Application/Entegrasyon.ApplicationBootstrap/obj/project.assets.json" (previous value: "/home/baturhan/Projeler/Entegrasyon/Application/Entegrasyon.ApplicationBootstrap/obj//project.assets.json") at /usr/lib64/dotnet/sdk/10.0.101/Sdks/Microsoft.NET.Sdk/targets/Microsoft.PackageDependencyResolution.targets (24,5)
       /usr/lib64/dotnet/sdk/10.0.101/Sdks/Microsoft.NET.Sdk/targets/Microsoft.PackageDependencyResolution.targets(29,5): message : Property reassignment: $(ProjectAssetsCacheFile)="/home/baturhan/Projeler/Entegrasyon/Application/Entegrasyon.ApplicationBootstrap/obj/Debug/net8.0/Entegrasyon.ApplicationBootstrap.assets.cache" (previous value: "obj/Debug/net8.0/Entegrasyon.ApplicationBootstrap.assets.cache") at /usr/lib64/dotnet/sdk/10.0.101/Sdks/Microsoft.NET.Sdk/targets/Microsoft.PackageDependencyResolution.targets (29,5)
       /usr/lib64/dotnet/sdk/10.0.101/Sdks/Microsoft.NET.Sdk/targets/Microsoft.PackageDependencyResolution.targets(80,5): message : Property reassignment: $(ResolveAssemblyReferencesDependsOn)="
       /usr/lib64/dotnet/sdk/10.0.101/Sdks/Microsoft.NET.Sdk/targets/Microsoft.PackageDependencyResolution.targets(80,5): message :       
       /usr/lib64/dotnet/sdk/10.0.101/Sdks/Microsoft.NET.Sdk/targets/Microsoft.PackageDependencyResolution.targets(80,5): message :       ResolveProjectReferences;
       /usr/lib64/dotnet/sdk/10.0.101/Sdks/Microsoft.NET.Sdk/targets/Microsoft.PackageDependencyResolution.targets(80,5): message :       FindInvalidProjectReferences;
       /usr/lib64/dotnet/sdk/10.0.101/Sdks/Microsoft.NET.Sdk/targets/Microsoft.PackageDependencyResolution.targets(80,5): message :       GetFrameworkPaths;
       /usr/lib64/dotnet/sdk/10.0.101/Sdks/Microsoft.NET.Sdk/targets/Microsoft.PackageDependencyResolution.targets(80,5): message :       GetReferenceAssemblyPaths;
       /usr/lib64/dotnet/sdk/10.0.101/Sdks/Microsoft.NET.Sdk/targets/Microsoft.PackageDependencyResolution.targets(80,5): message :       PrepareForBuild;
       /usr/lib64/dotnet/sdk/10.0.101/Sdks/Microsoft.NET.Sdk/targets/Microsoft.PackageDependencyResolution.targets(80,5): message :       ResolveSDKReferences;
       /usr/lib64/dotnet/sdk/10.0.101/Sdks/Microsoft.NET.Sdk/targets/Microsoft.PackageDependencyResolution.targets(80,5): message :       ExpandSDKReferences;
       /usr/lib64/dotnet/sdk/10.0.101/Sdks/Microsoft.NET.Sdk/targets/Microsoft.PackageDependencyResolution.targets(80,5): message :     ;
       /usr/lib64/dotnet/sdk/10.0.101/Sdks/Microsoft.NET.Sdk/targets/Microsoft.PackageDependencyResolution.targets(80,5): message :       ResolvePackageDependenciesForBuild;
       /usr/lib64/dotnet/sdk/10.0.101/Sdks/Microsoft.NET.Sdk/targets/Microsoft.PackageDependencyResolution.targets(80,5): message :       _HandlePackageFileConflicts;
       /usr/lib64/dotnet/sdk/10.0.101/Sdks/Microsoft.NET.Sdk/targets/Microsoft.PackageDependencyResolution.targets(80,5): message :     " (previous value: "
       /usr/lib64/dotnet/sdk/10.0.101/Sdks/Microsoft.NET.Sdk/targets/Microsoft.PackageDependencyResolution.targets(80,5): message :       ResolveProjectReferences;
       /usr/lib64/dotnet/sdk/10.0.101/Sdks/Microsoft.NET.Sdk/targets/Microsoft.PackageDependencyResolution.targets(80,5): message :       FindInvalidProjectReferences;
       /usr/lib64/dotnet/sdk/10.0.101/Sdks/Microsoft.NET.Sdk/targets/Microsoft.PackageDependencyResolution.targets(80,5): message :       GetFrameworkPaths;
       /usr/lib64/dotnet/sdk/10.0.101/Sdks/Microsoft.NET.Sdk/targets/Microsoft.PackageDependencyResolution.targets(80,5): message :       GetReferenceAssemblyPaths;
       /usr/lib64/dotnet/sdk/10.0.101/Sdks/Microsoft.NET.Sdk/targets/Microsoft.PackageDependencyResolution.targets(80,5): message :       PrepareForBuild;
       /usr/lib64/dotnet/sdk/10.0.101/Sdks/Microsoft.NET.Sdk/targets/Microsoft.PackageDependencyResolution.targets(80,5): message :       ResolveSDKReferences;
       /usr/lib64/dotnet/sdk/10.0.101/Sdks/Microsoft.NET.Sdk/targets/Microsoft.PackageDependencyResolution.targets(80,5): message :       ExpandSDKReferences;
       /usr/lib64/dotnet/sdk/10.0.101/Sdks/Microsoft.NET.Sdk/targets/Microsoft.PackageDependencyResolution.targets(80,5): message :     ") at /usr/lib64/dotnet/sdk/10.0.101/Sdks/Microsoft.NET.Sdk/targets/Microsoft.PackageDependencyResolution.targets (80,5)
       /usr/lib64/dotnet/sdk/10.0.101/Sdks/Microsoft.NET.Sdk/targets/Microsoft.PackageDependencyResolution.targets(86,5): message : Property reassignment: $(PrepareResourcesDependsOn)="
       /usr/lib64/dotnet/sdk/10.0.101/Sdks/Microsoft.NET.Sdk/targets/Microsoft.PackageDependencyResolution.targets(86,5): message :       ResolvePackageDependenciesForBuild;
       /usr/lib64/dotnet/sdk/10.0.101/Sdks/Microsoft.NET.Sdk/targets/Microsoft.PackageDependencyResolution.targets(86,5): message :       _HandlePackageFileConflicts;
       /usr/lib64/dotnet/sdk/10.0.101/Sdks/Microsoft.NET.Sdk/targets/Microsoft.PackageDependencyResolution.targets(86,5): message :       
       /usr/lib64/dotnet/sdk/10.0.101/Sdks/Microsoft.NET.Sdk/targets/Microsoft.PackageDependencyResolution.targets(86,5): message :       ;
       /usr/lib64/dotnet/sdk/10.0.101/Sdks/Microsoft.NET.Sdk/targets/Microsoft.PackageDependencyResolution.targets(86,5): message :       PrepareResourceNames;
       /usr/lib64/dotnet/sdk/10.0.101/Sdks/Microsoft.NET.Sdk/targets/Microsoft.PackageDependencyResolution.targets(86,5): message :       ResGen;
       /usr/lib64/dotnet/sdk/10.0.101/Sdks/Microsoft.NET.Sdk/targets/Microsoft.PackageDependencyResolution.targets(86,5): message :       CompileLicxFiles
       /usr/lib64/dotnet/sdk/10.0.101/Sdks/Microsoft.NET.Sdk/targets/Microsoft.PackageDependencyResolution.targets(86,5): message :     
       /usr/lib64/dotnet/sdk/10.0.101/Sdks/Microsoft.NET.Sdk/targets/Microsoft.PackageDependencyResolution.targets(86,5): message :     " (previous value: "
       /usr/lib64/dotnet/sdk/10.0.101/Sdks/Microsoft.NET.Sdk/targets/Microsoft.PackageDependencyResolution.targets(86,5): message :       ;
       /usr/lib64/dotnet/sdk/10.0.101/Sdks/Microsoft.NET.Sdk/targets/Microsoft.PackageDependencyResolution.targets(86,5): message :       PrepareResourceNames;
       /usr/lib64/dotnet/sdk/10.0.101/Sdks/Microsoft.NET.Sdk/targets/Microsoft.PackageDependencyResolution.targets(86,5): message :       ResGen;
       /usr/lib64/dotnet/sdk/10.0.101/Sdks/Microsoft.NET.Sdk/targets/Microsoft.PackageDependencyResolution.targets(86,5): message :       CompileLicxFiles
       /usr/lib64/dotnet/sdk/10.0.101/Sdks/Microsoft.NET.Sdk/targets/Microsoft.PackageDependencyResolution.targets(86,5): message :     ") at /usr/lib64/dotnet/sdk/10.0.101/Sdks/Microsoft.NET.Sdk/targets/Microsoft.PackageDependencyResolution.targets (86,5)
       The "EnableDefaultCompileItems" property is a global property, and cannot be modified.
       The "EnableDefaultEmbeddedResourceItems" property is a global property, and cannot be modified.
       The "EnableDefaultNoneItems" property is a global property, and cannot be modified.
       /usr/lib64/dotnet/sdk/10.0.101/Sdks/Microsoft.NET.Sdk/targets/Microsoft.NET.Sdk.DefaultItems.targets(35,5): message : Property reassignment: $(DefaultItemExcludes)=";bin/Debug//**;obj/Debug//**;bin//**" (previous value: ";bin/Debug//**;obj/Debug//**") at /usr/lib64/dotnet/sdk/10.0.101/Sdks/Microsoft.NET.Sdk/targets/Microsoft.NET.Sdk.DefaultItems.targets (35,5)
       /usr/lib64/dotnet/sdk/10.0.101/Sdks/Microsoft.NET.Sdk/targets/Microsoft.NET.Sdk.DefaultItems.targets(37,5): message : Property reassignment: $(DefaultItemExcludes)=";bin/Debug//**;obj/Debug//**;bin//**;obj//**" (previous value: ";bin/Debug//**;obj/Debug//**;bin//**") at /usr/lib64/dotnet/sdk/10.0.101/Sdks/Microsoft.NET.Sdk/targets/Microsoft.NET.Sdk.DefaultItems.targets (37,5)
       /usr/lib64/dotnet/sdk/10.0.101/Sdks/Microsoft.NET.Sdk/targets/Microsoft.NET.Sdk.DefaultItems.targets(40,5): message : Property reassignment: $(DefaultItemExcludes)=";bin/Debug//**;obj/Debug//**;bin//**;obj//**;**/*.user" (previous value: ";bin/Debug//**;obj/Debug//**;bin//**;obj//**") at /usr/lib64/dotnet/sdk/10.0.101/Sdks/Microsoft.NET.Sdk/targets/Microsoft.NET.Sdk.DefaultItems.targets (40,5)
       /usr/lib64/dotnet/sdk/10.0.101/Sdks/Microsoft.NET.Sdk/targets/Microsoft.NET.Sdk.DefaultItems.targets(41,5): message : Property reassignment: $(DefaultItemExcludes)=";bin/Debug//**;obj/Debug//**;bin//**;obj//**;**/*.user;**/*.*proj" (previous value: ";bin/Debug//**;obj/Debug//**;bin//**;obj//**;**/*.user") at /usr/lib64/dotnet/sdk/10.0.101/Sdks/Microsoft.NET.Sdk/targets/Microsoft.NET.Sdk.DefaultItems.targets (41,5)
       /usr/lib64/dotnet/sdk/10.0.101/Sdks/Microsoft.NET.Sdk/targets/Microsoft.NET.Sdk.DefaultItems.targets(42,5): message : Property reassignment: $(DefaultItemExcludes)=";bin/Debug//**;obj/Debug//**;bin//**;obj//**;**/*.user;**/*.*proj;**/*.sln" (previous value: ";bin/Debug//**;obj/Debug//**;bin//**;obj//**;**/*.user;**/*.*proj") at /usr/lib64/dotnet/sdk/10.0.101/Sdks/Microsoft.NET.Sdk/targets/Microsoft.NET.Sdk.DefaultItems.targets (42,5)
       /usr/lib64/dotnet/sdk/10.0.101/Sdks/Microsoft.NET.Sdk/targets/Microsoft.NET.Sdk.DefaultItems.targets(43,5): message : Property reassignment: $(DefaultItemExcludes)=";bin/Debug//**;obj/Debug//**;bin//**;obj//**;**/*.user;**/*.*proj;**/*.sln;**/*.slnx" (previous value: ";bin/Debug//**;obj/Debug//**;bin//**;obj//**;**/*.user;**/*.*proj;**/*.sln") at /usr/lib64/dotnet/sdk/10.0.101/Sdks/Microsoft.NET.Sdk/targets/Microsoft.NET.Sdk.DefaultItems.targets (43,5)
       /usr/lib64/dotnet/sdk/10.0.101/Sdks/Microsoft.NET.Sdk/targets/Microsoft.NET.Sdk.DefaultItems.targets(44,5): message : Property reassignment: $(DefaultItemExcludes)=";bin/Debug//**;obj/Debug//**;bin//**;obj//**;**/*.user;**/*.*proj;**/*.sln;**/*.slnx;**/*.vssscc" (previous value: ";bin/Debug//**;obj/Debug//**;bin//**;obj//**;**/*.user;**/*.*proj;**/*.sln;**/*.slnx") at /usr/lib64/dotnet/sdk/10.0.101/Sdks/Microsoft.NET.Sdk/targets/Microsoft.NET.Sdk.DefaultItems.targets (44,5)
       /usr/lib64/dotnet/sdk/10.0.101/Sdks/Microsoft.NET.Sdk/targets/Microsoft.NET.Sdk.DefaultItems.targets(45,5): message : Property reassignment: $(DefaultItemExcludes)=";bin/Debug//**;obj/Debug//**;bin//**;obj//**;**/*.user;**/*.*proj;**/*.sln;**/*.slnx;**/*.vssscc;**/.DS_Store" (previous value: ";bin/Debug//**;obj/Debug//**;bin//**;obj//**;**/*.user;**/*.*proj;**/*.sln;**/*.slnx;**/*.vssscc") at /usr/lib64/dotnet/sdk/10.0.101/Sdks/Microsoft.NET.Sdk/targets/Microsoft.NET.Sdk.DefaultItems.targets (45,5)
       /usr/lib64/dotnet/sdk/10.0.101/Sdks/Microsoft.NET.Sdk/targets/Microsoft.NET.Sdk.FrameworkReferenceResolution.targets(14,5): message : Property reassignment: $(ResolveAssemblyReferencesDependsOn)="
       /usr/lib64/dotnet/sdk/10.0.101/Sdks/Microsoft.NET.Sdk/targets/Microsoft.NET.Sdk.FrameworkReferenceResolution.targets(14,5): message :       
       /usr/lib64/dotnet/sdk/10.0.101/Sdks/Microsoft.NET.Sdk/targets/Microsoft.NET.Sdk.FrameworkReferenceResolution.targets(14,5): message :       
       /usr/lib64/dotnet/sdk/10.0.101/Sdks/Microsoft.NET.Sdk/targets/Microsoft.NET.Sdk.FrameworkReferenceResolution.targets(14,5): message :       ResolveProjectReferences;
       /usr/lib64/dotnet/sdk/10.0.101/Sdks/Microsoft.NET.Sdk/targets/Microsoft.NET.Sdk.FrameworkReferenceResolution.targets(14,5): message :       FindInvalidProjectReferences;
       /usr/lib64/dotnet/sdk/10.0.101/Sdks/Microsoft.NET.Sdk/targets/Microsoft.NET.Sdk.FrameworkReferenceResolution.targets(14,5): message :       GetFrameworkPaths;
       /usr/lib64/dotnet/sdk/10.0.101/Sdks/Microsoft.NET.Sdk/targets/Microsoft.NET.Sdk.FrameworkReferenceResolution.targets(14,5): message :       GetReferenceAssemblyPaths;
       /usr/lib64/dotnet/sdk/10.0.101/Sdks/Microsoft.NET.Sdk/targets/Microsoft.NET.Sdk.FrameworkReferenceResolution.targets(14,5): message :       PrepareForBuild;
       /usr/lib64/dotnet/sdk/10.0.101/Sdks/Microsoft.NET.Sdk/targets/Microsoft.NET.Sdk.FrameworkReferenceResolution.targets(14,5): message :       ResolveSDKReferences;
       /usr/lib64/dotnet/sdk/10.0.101/Sdks/Microsoft.NET.Sdk/targets/Microsoft.NET.Sdk.FrameworkReferenceResolution.targets(14,5): message :       ExpandSDKReferences;
       /usr/lib64/dotnet/sdk/10.0.101/Sdks/Microsoft.NET.Sdk/targets/Microsoft.NET.Sdk.FrameworkReferenceResolution.targets(14,5): message :     ;
       /usr/lib64/dotnet/sdk/10.0.101/Sdks/Microsoft.NET.Sdk/targets/Microsoft.NET.Sdk.FrameworkReferenceResolution.targets(14,5): message :       ResolvePackageDependenciesForBuild;
       /usr/lib64/dotnet/sdk/10.0.101/Sdks/Microsoft.NET.Sdk/targets/Microsoft.NET.Sdk.FrameworkReferenceResolution.targets(14,5): message :       _HandlePackageFileConflicts;
       /usr/lib64/dotnet/sdk/10.0.101/Sdks/Microsoft.NET.Sdk/targets/Microsoft.NET.Sdk.FrameworkReferenceResolution.targets(14,5): message :     ;
       /usr/lib64/dotnet/sdk/10.0.101/Sdks/Microsoft.NET.Sdk/targets/Microsoft.NET.Sdk.FrameworkReferenceResolution.targets(14,5): message :       ResolveTargetingPackAssets;
       /usr/lib64/dotnet/sdk/10.0.101/Sdks/Microsoft.NET.Sdk/targets/Microsoft.NET.Sdk.FrameworkReferenceResolution.targets(14,5): message :     " (previous value: "
       /usr/lib64/dotnet/sdk/10.0.101/Sdks/Microsoft.NET.Sdk/targets/Microsoft.NET.Sdk.FrameworkReferenceResolution.targets(14,5): message :       
       /usr/lib64/dotnet/sdk/10.0.101/Sdks/Microsoft.NET.Sdk/targets/Microsoft.NET.Sdk.FrameworkReferenceResolution.targets(14,5): message :       ResolveProjectReferences;
       /usr/lib64/dotnet/sdk/10.0.101/Sdks/Microsoft.NET.Sdk/targets/Microsoft.NET.Sdk.FrameworkReferenceResolution.targets(14,5): message :       FindInvalidProjectReferences;
       /usr/lib64/dotnet/sdk/10.0.101/Sdks/Microsoft.NET.Sdk/targets/Microsoft.NET.Sdk.FrameworkReferenceResolution.targets(14,5): message :       GetFrameworkPaths;
       /usr/lib64/dotnet/sdk/10.0.101/Sdks/Microsoft.NET.Sdk/targets/Microsoft.NET.Sdk.FrameworkReferenceResolution.targets(14,5): message :       GetReferenceAssemblyPaths;
       /usr/lib64/dotnet/sdk/10.0.101/Sdks/Microsoft.NET.Sdk/targets/Microsoft.NET.Sdk.FrameworkReferenceResolution.targets(14,5): message :       PrepareForBuild;
       /usr/lib64/dotnet/sdk/10.0.101/Sdks/Microsoft.NET.Sdk/targets/Microsoft.NET.Sdk.FrameworkReferenceResolution.targets(14,5): message :       ResolveSDKReferences;
       /usr/lib64/dotnet/sdk/10.0.101/Sdks/Microsoft.NET.Sdk/targets/Microsoft.NET.Sdk.FrameworkReferenceResolution.targets(14,5): message :       ExpandSDKReferences;
       /usr/lib64/dotnet/sdk/10.0.101/Sdks/Microsoft.NET.Sdk/targets/Microsoft.NET.Sdk.FrameworkReferenceResolution.targets(14,5): message :     ;
       /usr/lib64/dotnet/sdk/10.0.101/Sdks/Microsoft.NET.Sdk/targets/Microsoft.NET.Sdk.FrameworkReferenceResolution.targets(14,5): message :       ResolvePackageDependenciesForBuild;
       /usr/lib64/dotnet/sdk/10.0.101/Sdks/Microsoft.NET.Sdk/targets/Microsoft.NET.Sdk.FrameworkReferenceResolution.targets(14,5): message :       _HandlePackageFileConflicts;
       /usr/lib64/dotnet/sdk/10.0.101/Sdks/Microsoft.NET.Sdk/targets/Microsoft.NET.Sdk.FrameworkReferenceResolution.targets(14,5): message :     ") at /usr/lib64/dotnet/sdk/10.0.101/Sdks/Microsoft.NET.Sdk/targets/Microsoft.NET.Sdk.FrameworkReferenceResolution.targets (14,5)
       /usr/lib64/dotnet/sdk/10.0.101/Roslyn/Microsoft.Managed.Core.targets(6,5): message : Property reassignment: $(_BuildTasksDirectory)="/usr/lib64/dotnet/sdk/10.0.101/Sdks/Microsoft.NET.Sdk/targets/../../../Roslyn/" (previous value: "/usr/lib64/dotnet/sdk/10.0.101/Roslyn/") at /usr/lib64/dotnet/sdk/10.0.101/Roslyn/Microsoft.Managed.Core.targets (6,5)
       /usr/lib64/dotnet/sdk/10.0.101/Roslyn/Microsoft.CSharp.Core.targets(200,5): message : Property reassignment: $(CommandLineArgsForDesignTimeEvaluation)="-langversion:12.0 -define:TRACE" (previous value: "-langversion:12.0") at /usr/lib64/dotnet/sdk/10.0.101/Roslyn/Microsoft.CSharp.Core.targets (200,5)
       /usr/lib64/dotnet/sdk/10.0.101/Sdks/Microsoft.NET.Sdk/targets/Microsoft.NET.Sdk.targets(44,5): message : Property reassignment: $(_GenerateRuntimeConfigurationPropertyInputsCache)="/home/baturhan/Projeler/Entegrasyon/Application/Entegrasyon.ApplicationBootstrap/obj/Debug/net8.0/Entegrasyon.ApplicationBootstrap.genruntimeconfig.cache" (previous value: "obj/Debug/net8.0/Entegrasyon.ApplicationBootstrap.genruntimeconfig.cache") at /usr/lib64/dotnet/sdk/10.0.101/Sdks/Microsoft.NET.Sdk/targets/Microsoft.NET.Sdk.targets (44,5)
       /usr/lib64/dotnet/sdk/10.0.101/Sdks/Microsoft.NET.Sdk/targets/Microsoft.NET.Sdk.targets(46,5): message : Property reassignment: $(_GeneratePublishDependencyFilePropertyInputsCache)="/home/baturhan/Projeler/Entegrasyon/Application/Entegrasyon.ApplicationBootstrap/obj/Debug/net8.0/Entegrasyon.ApplicationBootstrap.genpublishdeps.cache" (previous value: "obj/Debug/net8.0/Entegrasyon.ApplicationBootstrap.genpublishdeps.cache") at /usr/lib64/dotnet/sdk/10.0.101/Sdks/Microsoft.NET.Sdk/targets/Microsoft.NET.Sdk.targets (46,5)
       /usr/lib64/dotnet/sdk/10.0.101/Sdks/Microsoft.NET.Sdk/targets/Microsoft.NET.Sdk.targets(48,5): message : Property reassignment: $(_GenerateSingleFileBundlePropertyInputsCache)="/home/baturhan/Projeler/Entegrasyon/Application/Entegrasyon.ApplicationBootstrap/obj/Debug/net8.0/Entegrasyon.ApplicationBootstrap.genbundle.cache" (previous value: "obj/Debug/net8.0/Entegrasyon.ApplicationBootstrap.genbundle.cache") at /usr/lib64/dotnet/sdk/10.0.101/Sdks/Microsoft.NET.Sdk/targets/Microsoft.NET.Sdk.targets (48,5)
       /usr/lib64/dotnet/sdk/10.0.101/Sdks/Microsoft.NET.Sdk/targets/Microsoft.NET.Sdk.targets(81,5): message : Property reassignment: $(GenerateRuntimeConfigDevFile)="false" (previous value: "true") at /usr/lib64/dotnet/sdk/10.0.101/Sdks/Microsoft.NET.Sdk/targets/Microsoft.NET.Sdk.targets (81,5)
       /usr/lib64/dotnet/sdk/10.0.101/Microsoft.Common.CurrentVersion.targets(175,5): message : Property reassignment: $(_DebugSymbolsProduced)="true" (previous value: "false") at /usr/lib64/dotnet/sdk/10.0.101/Microsoft.Common.CurrentVersion.targets (175,5)
       /usr/lib64/dotnet/sdk/10.0.101/Microsoft.Common.CurrentVersion.targets(185,5): message : Property reassignment: $(_DocumentationFileProduced)="false" (previous value: "true") at /usr/lib64/dotnet/sdk/10.0.101/Microsoft.Common.CurrentVersion.targets (185,5)
       /usr/lib64/dotnet/sdk/10.0.101/Sdks/Microsoft.NET.Sdk/targets/Microsoft.NET.Sdk.targets(97,5): message : Property 'HOME' with value '/home/baturhan' expanded from the environment.
       /usr/lib64/dotnet/sdk/10.0.101/Sdks/Microsoft.NET.Sdk/targets/Microsoft.NET.Sdk.targets(99,5): message : Property reassignment: $(_DefaultUserProfileRuntimeStorePath)="/home/baturhan/.dotnet/store" (previous value: "/home/baturhan") at /usr/lib64/dotnet/sdk/10.0.101/Sdks/Microsoft.NET.Sdk/targets/Microsoft.NET.Sdk.targets (99,5)
       /usr/lib64/dotnet/sdk/10.0.101/Sdks/Microsoft.NET.Sdk/targets/Microsoft.NET.Sdk.targets(144,5): message : Property reassignment: $(AvailablePlatforms)="Any CPU,x86,x64,ARM32" (previous value: "Any CPU,x86,x64") at /usr/lib64/dotnet/sdk/10.0.101/Sdks/Microsoft.NET.Sdk/targets/Microsoft.NET.Sdk.targets (144,5)
       /usr/lib64/dotnet/sdk/10.0.101/Sdks/Microsoft.NET.Sdk/targets/Microsoft.NET.Sdk.targets(148,5): message : Property reassignment: $(AvailablePlatforms)="Any CPU,x86,x64,ARM32,ARM64" (previous value: "Any CPU,x86,x64,ARM32") at /usr/lib64/dotnet/sdk/10.0.101/Sdks/Microsoft.NET.Sdk/targets/Microsoft.NET.Sdk.targets (148,5)
       /usr/lib64/dotnet/sdk/10.0.101/Microsoft.Common.CurrentVersion.targets(175,5): message : Property reassignment: $(_DebugSymbolsProduced)="true" (previous value: "false") at /usr/lib64/dotnet/sdk/10.0.101/Microsoft.Common.CurrentVersion.targets (175,5)
       /usr/lib64/dotnet/sdk/10.0.101/Microsoft.Common.CurrentVersion.targets(185,5): message : Property reassignment: $(_DocumentationFileProduced)="false" (previous value: "true") at /usr/lib64/dotnet/sdk/10.0.101/Microsoft.Common.CurrentVersion.targets (185,5)
       /usr/lib64/dotnet/sdk/10.0.101/Sdks/Microsoft.NET.Sdk/targets/Microsoft.NET.Sdk.targets(204,5): message : Property reassignment: $(CoreBuildDependsOn)="
       /usr/lib64/dotnet/sdk/10.0.101/Sdks/Microsoft.NET.Sdk/targets/Microsoft.NET.Sdk.targets(204,5): message :       _CheckForBuildWithNoBuild;
       /usr/lib64/dotnet/sdk/10.0.101/Sdks/Microsoft.NET.Sdk/targets/Microsoft.NET.Sdk.targets(204,5): message :       
       /usr/lib64/dotnet/sdk/10.0.101/Sdks/Microsoft.NET.Sdk/targets/Microsoft.NET.Sdk.targets(204,5): message :       BuildOnlySettings;
       /usr/lib64/dotnet/sdk/10.0.101/Sdks/Microsoft.NET.Sdk/targets/Microsoft.NET.Sdk.targets(204,5): message :       PrepareForBuild;
       /usr/lib64/dotnet/sdk/10.0.101/Sdks/Microsoft.NET.Sdk/targets/Microsoft.NET.Sdk.targets(204,5): message :       PreBuildEvent;
       /usr/lib64/dotnet/sdk/10.0.101/Sdks/Microsoft.NET.Sdk/targets/Microsoft.NET.Sdk.targets(204,5): message :       ResolveReferences;
       /usr/lib64/dotnet/sdk/10.0.101/Sdks/Microsoft.NET.Sdk/targets/Microsoft.NET.Sdk.targets(204,5): message :       PrepareResources;
       /usr/lib64/dotnet/sdk/10.0.101/Sdks/Microsoft.NET.Sdk/targets/Microsoft.NET.Sdk.targets(204,5): message :       ResolveKeySource;
       /usr/lib64/dotnet/sdk/10.0.101/Sdks/Microsoft.NET.Sdk/targets/Microsoft.NET.Sdk.targets(204,5): message :       Compile;
       /usr/lib64/dotnet/sdk/10.0.101/Sdks/Microsoft.NET.Sdk/targets/Microsoft.NET.Sdk.targets(204,5): message :       ExportWindowsMDFile;
       /usr/lib64/dotnet/sdk/10.0.101/Sdks/Microsoft.NET.Sdk/targets/Microsoft.NET.Sdk.targets(204,5): message :       UnmanagedUnregistration;
       /usr/lib64/dotnet/sdk/10.0.101/Sdks/Microsoft.NET.Sdk/targets/Microsoft.NET.Sdk.targets(204,5): message :       GenerateSerializationAssemblies;
       /usr/lib64/dotnet/sdk/10.0.101/Sdks/Microsoft.NET.Sdk/targets/Microsoft.NET.Sdk.targets(204,5): message :       CreateSatelliteAssemblies;
       /usr/lib64/dotnet/sdk/10.0.101/Sdks/Microsoft.NET.Sdk/targets/Microsoft.NET.Sdk.targets(204,5): message :       GenerateManifests;
       /usr/lib64/dotnet/sdk/10.0.101/Sdks/Microsoft.NET.Sdk/targets/Microsoft.NET.Sdk.targets(204,5): message :       GetTargetPath;
       /usr/lib64/dotnet/sdk/10.0.101/Sdks/Microsoft.NET.Sdk/targets/Microsoft.NET.Sdk.targets(204,5): message :       PrepareForRun;
       /usr/lib64/dotnet/sdk/10.0.101/Sdks/Microsoft.NET.Sdk/targets/Microsoft.NET.Sdk.targets(204,5): message :       UnmanagedRegistration;
       /usr/lib64/dotnet/sdk/10.0.101/Sdks/Microsoft.NET.Sdk/targets/Microsoft.NET.Sdk.targets(204,5): message :       IncrementalClean;
       /usr/lib64/dotnet/sdk/10.0.101/Sdks/Microsoft.NET.Sdk/targets/Microsoft.NET.Sdk.targets(204,5): message :       PostBuildEvent
       /usr/lib64/dotnet/sdk/10.0.101/Sdks/Microsoft.NET.Sdk/targets/Microsoft.NET.Sdk.targets(204,5): message :     ;
       /usr/lib64/dotnet/sdk/10.0.101/Sdks/Microsoft.NET.Sdk/targets/Microsoft.NET.Sdk.targets(204,5): message :       GenerateBuildDependencyFile;
       /usr/lib64/dotnet/sdk/10.0.101/Sdks/Microsoft.NET.Sdk/targets/Microsoft.NET.Sdk.targets(204,5): message :       GenerateBuildRuntimeConfigurationFiles
       /usr/lib64/dotnet/sdk/10.0.101/Sdks/Microsoft.NET.Sdk/targets/Microsoft.NET.Sdk.targets(204,5): message :     " (previous value: "
       /usr/lib64/dotnet/sdk/10.0.101/Sdks/Microsoft.NET.Sdk/targets/Microsoft.NET.Sdk.targets(204,5): message :       BuildOnlySettings;
       /usr/lib64/dotnet/sdk/10.0.101/Sdks/Microsoft.NET.Sdk/targets/Microsoft.NET.Sdk.targets(204,5): message :       PrepareForBuild;
       /usr/lib64/dotnet/sdk/10.0.101/Sdks/Microsoft.NET.Sdk/targets/Microsoft.NET.Sdk.targets(204,5): message :       PreBuildEvent;
       /usr/lib64/dotnet/sdk/10.0.101/Sdks/Microsoft.NET.Sdk/targets/Microsoft.NET.Sdk.targets(204,5): message :       ResolveReferences;
       /usr/lib64/dotnet/sdk/10.0.101/Sdks/Microsoft.NET.Sdk/targets/Microsoft.NET.Sdk.targets(204,5): message :       PrepareResources;
       /usr/lib64/dotnet/sdk/10.0.101/Sdks/Microsoft.NET.Sdk/targets/Microsoft.NET.Sdk.targets(204,5): message :       ResolveKeySource;
       /usr/lib64/dotnet/sdk/10.0.101/Sdks/Microsoft.NET.Sdk/targets/Microsoft.NET.Sdk.targets(204,5): message :       Compile;
       /usr/lib64/dotnet/sdk/10.0.101/Sdks/Microsoft.NET.Sdk/targets/Microsoft.NET.Sdk.targets(204,5): message :       ExportWindowsMDFile;
       /usr/lib64/dotnet/sdk/10.0.101/Sdks/Microsoft.NET.Sdk/targets/Microsoft.NET.Sdk.targets(204,5): message :       UnmanagedUnregistration;
       /usr/lib64/dotnet/sdk/10.0.101/Sdks/Microsoft.NET.Sdk/targets/Microsoft.NET.Sdk.targets(204,5): message :       GenerateSerializationAssemblies;
       /usr/lib64/dotnet/sdk/10.0.101/Sdks/Microsoft.NET.Sdk/targets/Microsoft.NET.Sdk.targets(204,5): message :       CreateSatelliteAssemblies;
       /usr/lib64/dotnet/sdk/10.0.101/Sdks/Microsoft.NET.Sdk/targets/Microsoft.NET.Sdk.targets(204,5): message :       GenerateManifests;
       /usr/lib64/dotnet/sdk/10.0.101/Sdks/Microsoft.NET.Sdk/targets/Microsoft.NET.Sdk.targets(204,5): message :       GetTargetPath;
       /usr/lib64/dotnet/sdk/10.0.101/Sdks/Microsoft.NET.Sdk/targets/Microsoft.NET.Sdk.targets(204,5): message :       PrepareForRun;
       /usr/lib64/dotnet/sdk/10.0.101/Sdks/Microsoft.NET.Sdk/targets/Microsoft.NET.Sdk.targets(204,5): message :       UnmanagedRegistration;
       /usr/lib64/dotnet/sdk/10.0.101/Sdks/Microsoft.NET.Sdk/targets/Microsoft.NET.Sdk.targets(204,5): message :       IncrementalClean;
       /usr/lib64/dotnet/sdk/10.0.101/Sdks/Microsoft.NET.Sdk/targets/Microsoft.NET.Sdk.targets(204,5): message :       PostBuildEvent
       /usr/lib64/dotnet/sdk/10.0.101/Sdks/Microsoft.NET.Sdk/targets/Microsoft.NET.Sdk.targets(204,5): message :     ") at /usr/lib64/dotnet/sdk/10.0.101/Sdks/Microsoft.NET.Sdk/targets/Microsoft.NET.Sdk.targets (204,5)
       /usr/lib64/dotnet/sdk/10.0.101/Sdks/Microsoft.NET.Sdk/targets/Microsoft.NET.Sdk.targets(213,5): message : Property reassignment: $(CoreCleanDependsOn)="
       /usr/lib64/dotnet/sdk/10.0.101/Sdks/Microsoft.NET.Sdk/targets/Microsoft.NET.Sdk.targets(213,5): message :       _SdkBeforeClean;
       /usr/lib64/dotnet/sdk/10.0.101/Sdks/Microsoft.NET.Sdk/targets/Microsoft.NET.Sdk.targets(213,5): message :       
       /usr/lib64/dotnet/sdk/10.0.101/Sdks/Microsoft.NET.Sdk/targets/Microsoft.NET.Sdk.targets(213,5): message :     " (previous value: "") at /usr/lib64/dotnet/sdk/10.0.101/Sdks/Microsoft.NET.Sdk/targets/Microsoft.NET.Sdk.targets (213,5)
       /usr/lib64/dotnet/sdk/10.0.101/Sdks/Microsoft.NET.Sdk/targets/Microsoft.NET.Sdk.targets(220,5): message : Property reassignment: $(RebuildDependsOn)="
       /usr/lib64/dotnet/sdk/10.0.101/Sdks/Microsoft.NET.Sdk/targets/Microsoft.NET.Sdk.targets(220,5): message :       _SdkBeforeRebuild;
       /usr/lib64/dotnet/sdk/10.0.101/Sdks/Microsoft.NET.Sdk/targets/Microsoft.NET.Sdk.targets(220,5): message :       
       /usr/lib64/dotnet/sdk/10.0.101/Sdks/Microsoft.NET.Sdk/targets/Microsoft.NET.Sdk.targets(220,5): message :       BeforeRebuild;
       /usr/lib64/dotnet/sdk/10.0.101/Sdks/Microsoft.NET.Sdk/targets/Microsoft.NET.Sdk.targets(220,5): message :       Clean;
       /usr/lib64/dotnet/sdk/10.0.101/Sdks/Microsoft.NET.Sdk/targets/Microsoft.NET.Sdk.targets(220,5): message :       Build;
       /usr/lib64/dotnet/sdk/10.0.101/Sdks/Microsoft.NET.Sdk/targets/Microsoft.NET.Sdk.targets(220,5): message :       AfterRebuild;
       /usr/lib64/dotnet/sdk/10.0.101/Sdks/Microsoft.NET.Sdk/targets/Microsoft.NET.Sdk.targets(220,5): message :     
       /usr/lib64/dotnet/sdk/10.0.101/Sdks/Microsoft.NET.Sdk/targets/Microsoft.NET.Sdk.targets(220,5): message :     " (previous value: "
       /usr/lib64/dotnet/sdk/10.0.101/Sdks/Microsoft.NET.Sdk/targets/Microsoft.NET.Sdk.targets(220,5): message :       BeforeRebuild;
       /usr/lib64/dotnet/sdk/10.0.101/Sdks/Microsoft.NET.Sdk/targets/Microsoft.NET.Sdk.targets(220,5): message :       Clean;
       /usr/lib64/dotnet/sdk/10.0.101/Sdks/Microsoft.NET.Sdk/targets/Microsoft.NET.Sdk.targets(220,5): message :       Build;
       /usr/lib64/dotnet/sdk/10.0.101/Sdks/Microsoft.NET.Sdk/targets/Microsoft.NET.Sdk.targets(220,5): message :       AfterRebuild;
       /usr/lib64/dotnet/sdk/10.0.101/Sdks/Microsoft.NET.Sdk/targets/Microsoft.NET.Sdk.targets(220,5): message :     ") at /usr/lib64/dotnet/sdk/10.0.101/Sdks/Microsoft.NET.Sdk/targets/Microsoft.NET.Sdk.targets (220,5)
       /usr/lib64/dotnet/sdk/10.0.101/Sdks/Microsoft.NET.Sdk/targets/Microsoft.NET.Sdk.targets(799,5): message : Property reassignment: $(CompileDependsOn)="
       /usr/lib64/dotnet/sdk/10.0.101/Sdks/Microsoft.NET.Sdk/targets/Microsoft.NET.Sdk.targets(799,5): message :       
       /usr/lib64/dotnet/sdk/10.0.101/Sdks/Microsoft.NET.Sdk/targets/Microsoft.NET.Sdk.targets(799,5): message :       ResolveReferences;
       /usr/lib64/dotnet/sdk/10.0.101/Sdks/Microsoft.NET.Sdk/targets/Microsoft.NET.Sdk.targets(799,5): message :       ResolveKeySource;
       /usr/lib64/dotnet/sdk/10.0.101/Sdks/Microsoft.NET.Sdk/targets/Microsoft.NET.Sdk.targets(799,5): message :       SetWin32ManifestProperties;
       /usr/lib64/dotnet/sdk/10.0.101/Sdks/Microsoft.NET.Sdk/targets/Microsoft.NET.Sdk.targets(799,5): message :       _SetPreferNativeArm64Win32ManifestProperties;
       /usr/lib64/dotnet/sdk/10.0.101/Sdks/Microsoft.NET.Sdk/targets/Microsoft.NET.Sdk.targets(799,5): message :       FindReferenceAssembliesForReferences;
       /usr/lib64/dotnet/sdk/10.0.101/Sdks/Microsoft.NET.Sdk/targets/Microsoft.NET.Sdk.targets(799,5): message :       _GenerateCompileInputs;
       /usr/lib64/dotnet/sdk/10.0.101/Sdks/Microsoft.NET.Sdk/targets/Microsoft.NET.Sdk.targets(799,5): message :       BeforeCompile;
       /usr/lib64/dotnet/sdk/10.0.101/Sdks/Microsoft.NET.Sdk/targets/Microsoft.NET.Sdk.targets(799,5): message :       _TimeStampBeforeCompile;
       /usr/lib64/dotnet/sdk/10.0.101/Sdks/Microsoft.NET.Sdk/targets/Microsoft.NET.Sdk.targets(799,5): message :       _GenerateCompileDependencyCache;
       /usr/lib64/dotnet/sdk/10.0.101/Sdks/Microsoft.NET.Sdk/targets/Microsoft.NET.Sdk.targets(799,5): message :       CoreCompile;
       /usr/lib64/dotnet/sdk/10.0.101/Sdks/Microsoft.NET.Sdk/targets/Microsoft.NET.Sdk.targets(799,5): message :       _TimeStampAfterCompile;
       /usr/lib64/dotnet/sdk/10.0.101/Sdks/Microsoft.NET.Sdk/targets/Microsoft.NET.Sdk.targets(799,5): message :       AfterCompile;
       /usr/lib64/dotnet/sdk/10.0.101/Sdks/Microsoft.NET.Sdk/targets/Microsoft.NET.Sdk.targets(799,5): message :     ;
       /usr/lib64/dotnet/sdk/10.0.101/Sdks/Microsoft.NET.Sdk/targets/Microsoft.NET.Sdk.targets(799,5): message :       _CreateAppHost;
       /usr/lib64/dotnet/sdk/10.0.101/Sdks/Microsoft.NET.Sdk/targets/Microsoft.NET.Sdk.targets(799,5): message :       _CreateComHost;
       /usr/lib64/dotnet/sdk/10.0.101/Sdks/Microsoft.NET.Sdk/targets/Microsoft.NET.Sdk.targets(799,5): message :       _GetIjwHostPaths;
       /usr/lib64/dotnet/sdk/10.0.101/Sdks/Microsoft.NET.Sdk/targets/Microsoft.NET.Sdk.targets(799,5): message :     " (previous value: "
       /usr/lib64/dotnet/sdk/10.0.101/Sdks/Microsoft.NET.Sdk/targets/Microsoft.NET.Sdk.targets(799,5): message :       ResolveReferences;
       /usr/lib64/dotnet/sdk/10.0.101/Sdks/Microsoft.NET.Sdk/targets/Microsoft.NET.Sdk.targets(799,5): message :       ResolveKeySource;
       /usr/lib64/dotnet/sdk/10.0.101/Sdks/Microsoft.NET.Sdk/targets/Microsoft.NET.Sdk.targets(799,5): message :       SetWin32ManifestProperties;
       /usr/lib64/dotnet/sdk/10.0.101/Sdks/Microsoft.NET.Sdk/targets/Microsoft.NET.Sdk.targets(799,5): message :       _SetPreferNativeArm64Win32ManifestProperties;
       /usr/lib64/dotnet/sdk/10.0.101/Sdks/Microsoft.NET.Sdk/targets/Microsoft.NET.Sdk.targets(799,5): message :       FindReferenceAssembliesForReferences;
       /usr/lib64/dotnet/sdk/10.0.101/Sdks/Microsoft.NET.Sdk/targets/Microsoft.NET.Sdk.targets(799,5): message :       _GenerateCompileInputs;
       /usr/lib64/dotnet/sdk/10.0.101/Sdks/Microsoft.NET.Sdk/targets/Microsoft.NET.Sdk.targets(799,5): message :       BeforeCompile;
       /usr/lib64/dotnet/sdk/10.0.101/Sdks/Microsoft.NET.Sdk/targets/Microsoft.NET.Sdk.targets(799,5): message :       _TimeStampBeforeCompile;
       /usr/lib64/dotnet/sdk/10.0.101/Sdks/Microsoft.NET.Sdk/targets/Microsoft.NET.Sdk.targets(799,5): message :       _GenerateCompileDependencyCache;
       /usr/lib64/dotnet/sdk/10.0.101/Sdks/Microsoft.NET.Sdk/targets/Microsoft.NET.Sdk.targets(799,5): message :       CoreCompile;
       /usr/lib64/dotnet/sdk/10.0.101/Sdks/Microsoft.NET.Sdk/targets/Microsoft.NET.Sdk.targets(799,5): message :       _TimeStampAfterCompile;
       /usr/lib64/dotnet/sdk/10.0.101/Sdks/Microsoft.NET.Sdk/targets/Microsoft.NET.Sdk.targets(799,5): message :       AfterCompile;
       /usr/lib64/dotnet/sdk/10.0.101/Sdks/Microsoft.NET.Sdk/targets/Microsoft.NET.Sdk.targets(799,5): message :     ") at /usr/lib64/dotnet/sdk/10.0.101/Sdks/Microsoft.NET.Sdk/targets/Microsoft.NET.Sdk.targets (799,5)
       /usr/lib64/dotnet/sdk/10.0.101/Sdks/Microsoft.NET.Sdk/targets/Microsoft.NET.Sdk.targets(1131,5): message : Property reassignment: $(CreateSatelliteAssembliesDependsOn)="
       /usr/lib64/dotnet/sdk/10.0.101/Sdks/Microsoft.NET.Sdk/targets/Microsoft.NET.Sdk.targets(1131,5): message :       
       /usr/lib64/dotnet/sdk/10.0.101/Sdks/Microsoft.NET.Sdk/targets/Microsoft.NET.Sdk.targets(1131,5): message :       ;
       /usr/lib64/dotnet/sdk/10.0.101/Sdks/Microsoft.NET.Sdk/targets/Microsoft.NET.Sdk.targets(1131,5): message :       _GenerateSatelliteAssemblyInputs;
       /usr/lib64/dotnet/sdk/10.0.101/Sdks/Microsoft.NET.Sdk/targets/Microsoft.NET.Sdk.targets(1131,5): message :       ComputeIntermediateSatelliteAssemblies;
       /usr/lib64/dotnet/sdk/10.0.101/Sdks/Microsoft.NET.Sdk/targets/Microsoft.NET.Sdk.targets(1131,5): message :       GenerateSatelliteAssemblies
       /usr/lib64/dotnet/sdk/10.0.101/Sdks/Microsoft.NET.Sdk/targets/Microsoft.NET.Sdk.targets(1131,5): message :     ;
       /usr/lib64/dotnet/sdk/10.0.101/Sdks/Microsoft.NET.Sdk/targets/Microsoft.NET.Sdk.targets(1131,5): message :       CoreGenerateSatelliteAssemblies
       /usr/lib64/dotnet/sdk/10.0.101/Sdks/Microsoft.NET.Sdk/targets/Microsoft.NET.Sdk.targets(1131,5): message :     " (previous value: "
       /usr/lib64/dotnet/sdk/10.0.101/Sdks/Microsoft.NET.Sdk/targets/Microsoft.NET.Sdk.targets(1131,5): message :       ;
       /usr/lib64/dotnet/sdk/10.0.101/Sdks/Microsoft.NET.Sdk/targets/Microsoft.NET.Sdk.targets(1131,5): message :       _GenerateSatelliteAssemblyInputs;
       /usr/lib64/dotnet/sdk/10.0.101/Sdks/Microsoft.NET.Sdk/targets/Microsoft.NET.Sdk.targets(1131,5): message :       ComputeIntermediateSatelliteAssemblies;
       /usr/lib64/dotnet/sdk/10.0.101/Sdks/Microsoft.NET.Sdk/targets/Microsoft.NET.Sdk.targets(1131,5): message :       GenerateSatelliteAssemblies
       /usr/lib64/dotnet/sdk/10.0.101/Sdks/Microsoft.NET.Sdk/targets/Microsoft.NET.Sdk.targets(1131,5): message :     ") at /usr/lib64/dotnet/sdk/10.0.101/Sdks/Microsoft.NET.Sdk/targets/Microsoft.NET.Sdk.targets (1131,5)
       /usr/lib64/dotnet/sdk/10.0.101/Microsoft.Common.CurrentVersion.targets(392,5): message : Property reassignment: $(MSBuildCopyMarkerName)="Entegras.D87630B8" (previous value: "Entegrasyon.MessageQueue.Handler.csproj") at /usr/lib64/dotnet/sdk/10.0.101/Microsoft.Common.CurrentVersion.targets (392,5)
       /usr/lib64/dotnet/sdk/10.0.101/Microsoft.Common.CurrentVersion.targets(393,5): message : Property reassignment: $(MSBuildCopyMarkerName)="Entegras.D87630B8.Up2Date" (previous value: "Entegras.D87630B8") at /usr/lib64/dotnet/sdk/10.0.101/Microsoft.Common.CurrentVersion.targets (393,5)
       /usr/lib64/dotnet/sdk/10.0.101/Microsoft.Common.CurrentVersion.targets(541,5): message : Property reassignment: $(ProcessorArchitecture)="msil" (previous value: "") at /usr/lib64/dotnet/sdk/10.0.101/Microsoft.Common.CurrentVersion.targets (541,5)
       /usr/lib64/dotnet/sdk/10.0.101/Microsoft.Common.CurrentVersion.targets(580,5): message : Property reassignment: $(DelaySign)="" (previous value: "false") at /usr/lib64/dotnet/sdk/10.0.101/Microsoft.Common.CurrentVersion.targets (580,5)
       /usr/lib64/dotnet/sdk/10.0.101/Sdks/Microsoft.SourceLink.GitLab/build/Microsoft.SourceLink.GitLab.targets(12,5): message : Property reassignment: $(SourceLinkUrlInitializerTargets)=";_InitializeGitHubSourceLinkUrl;_InitializeGitLabSourceLinkUrl" (previous value: ";_InitializeGitHubSourceLinkUrl") at /usr/lib64/dotnet/sdk/10.0.101/Sdks/Microsoft.SourceLink.GitLab/build/Microsoft.SourceLink.GitLab.targets (12,5)
       /usr/lib64/dotnet/sdk/10.0.101/Sdks/Microsoft.SourceLink.GitLab/build/Microsoft.SourceLink.GitLab.targets(13,5): message : Property reassignment: $(SourceControlManagerUrlTranslationTargets)=";TranslateGitHubUrlsInSourceControlInformation;TranslateGitLabUrlsInSourceControlInformation" (previous value: ";TranslateGitHubUrlsInSourceControlInformation") at /usr/lib64/dotnet/sdk/10.0.101/Sdks/Microsoft.SourceLink.GitLab/build/Microsoft.SourceLink.GitLab.targets (13,5)
       /usr/lib64/dotnet/sdk/10.0.101/Sdks/Microsoft.SourceLink.AzureRepos.Git/build/Microsoft.SourceLink.AzureRepos.Git.targets(12,5): message : Property reassignment: $(SourceLinkUrlInitializerTargets)=";_InitializeGitHubSourceLinkUrl;_InitializeGitLabSourceLinkUrl;_InitializeAzureReposGitSourceLinkUrl" (previous value: ";_InitializeGitHubSourceLinkUrl;_InitializeGitLabSourceLinkUrl") at /usr/lib64/dotnet/sdk/10.0.101/Sdks/Microsoft.SourceLink.AzureRepos.Git/build/Microsoft.SourceLink.AzureRepos.Git.targets (12,5)
       /usr/lib64/dotnet/sdk/10.0.101/Microsoft.Common.CurrentVersion.targets(2606,5): message : Property 'LocalAppData' with value '/home/baturhan/.local/share' expanded from the environment.
       /usr/lib64/dotnet/sdk/10.0.101/Sdks/Microsoft.SourceLink.AzureRepos.Git/build/Microsoft.SourceLink.AzureRepos.Git.targets(13,5): message : Property reassignment: $(SourceControlManagerUrlTranslationTargets)=";TranslateGitHubUrlsInSourceControlInformation;TranslateGitLabUrlsInSourceControlInformation;TranslateAzureReposGitUrlsInSourceControlInformation" (previous value: ";TranslateGitHubUrlsInSourceControlInformation;TranslateGitLabUrlsInSourceControlInformation") at /usr/lib64/dotnet/sdk/10.0.101/Sdks/Microsoft.SourceLink.AzureRepos.Git/build/Microsoft.SourceLink.AzureRepos.Git.targets (13,5)
       /usr/lib64/dotnet/sdk/10.0.101/Sdks/Microsoft.SourceLink.Bitbucket.Git/build/Microsoft.SourceLink.Bitbucket.Git.targets(12,5): message : Property reassignment: $(SourceLinkUrlInitializerTargets)=";_InitializeGitHubSourceLinkUrl;_InitializeGitLabSourceLinkUrl;_InitializeAzureReposGitSourceLinkUrl;_InitializeBitbucketGitSourceLinkUrl" (previous value: ";_InitializeGitHubSourceLinkUrl;_InitializeGitLabSourceLinkUrl;_InitializeAzureReposGitSourceLinkUrl") at /usr/lib64/dotnet/sdk/10.0.101/Sdks/Microsoft.SourceLink.Bitbucket.Git/build/Microsoft.SourceLink.Bitbucket.Git.targets (12,5)
       /usr/lib64/dotnet/sdk/10.0.101/Sdks/Microsoft.SourceLink.Bitbucket.Git/build/Microsoft.SourceLink.Bitbucket.Git.targets(13,5): message : Property reassignment: $(SourceControlManagerUrlTranslationTargets)=";TranslateGitHubUrlsInSourceControlInformation;TranslateGitLabUrlsInSourceControlInformation;TranslateAzureReposGitUrlsInSourceControlInformation;TranslateBitbucketGitUrlsInSourceControlInformation" (previous value: ";TranslateGitHubUrlsInSourceControlInformation;TranslateGitLabUrlsInSourceControlInformation;TranslateAzureReposGitUrlsInSourceControlInformation") at /usr/lib64/dotnet/sdk/10.0.101/Sdks/Microsoft.SourceLink.Bitbucket.Git/build/Microsoft.SourceLink.Bitbucket.Git.targets (13,5)
       /usr/lib64/dotnet/sdk/10.0.101/Microsoft.Common.CurrentVersion.targets(3934,5): message : Property reassignment: $(_SGenGenerateSerializationAssembliesConfig)="Auto" (previous value: "") at /usr/lib64/dotnet/sdk/10.0.101/Microsoft.Common.CurrentVersion.targets (3934,5)
       /usr/lib64/dotnet/sdk/10.0.101/Sdks/Microsoft.NET.Sdk/targets/Microsoft.NET.DesignerSupport.targets(21,5): message : Property reassignment: $(DesignerRuntimeImplementationProjectOutputGroupDependsOn)="
       /usr/lib64/dotnet/sdk/10.0.101/Sdks/Microsoft.NET.Sdk/targets/Microsoft.NET.DesignerSupport.targets(21,5): message :       
       /usr/lib64/dotnet/sdk/10.0.101/Sdks/Microsoft.NET.Sdk/targets/Microsoft.NET.DesignerSupport.targets(21,5): message :       ;
       /usr/lib64/dotnet/sdk/10.0.101/Sdks/Microsoft.NET.Sdk/targets/Microsoft.NET.DesignerSupport.targets(21,5): message :       
       /usr/lib64/dotnet/sdk/10.0.101/Sdks/Microsoft.NET.Sdk/targets/Microsoft.NET.DesignerSupport.targets(21,5): message :       ;
       /usr/lib64/dotnet/sdk/10.0.101/Sdks/Microsoft.NET.Sdk/targets/Microsoft.NET.DesignerSupport.targets(21,5): message :       BuildOnlySettings;
       /usr/lib64/dotnet/sdk/10.0.101/Sdks/Microsoft.NET.Sdk/targets/Microsoft.NET.DesignerSupport.targets(21,5): message :       PrepareForBuild;
       /usr/lib64/dotnet/sdk/10.0.101/Sdks/Microsoft.NET.Sdk/targets/Microsoft.NET.DesignerSupport.targets(21,5): message :       AssignTargetPaths;
       /usr/lib64/dotnet/sdk/10.0.101/Sdks/Microsoft.NET.Sdk/targets/Microsoft.NET.DesignerSupport.targets(21,5): message :       ResolveReferences
       /usr/lib64/dotnet/sdk/10.0.101/Sdks/Microsoft.NET.Sdk/targets/Microsoft.NET.DesignerSupport.targets(21,5): message :     
       /usr/lib64/dotnet/sdk/10.0.101/Sdks/Microsoft.NET.Sdk/targets/Microsoft.NET.DesignerSupport.targets(21,5): message :     ;
       /usr/lib64/dotnet/sdk/10.0.101/Sdks/Microsoft.NET.Sdk/targets/Microsoft.NET.DesignerSupport.targets(21,5): message :       _GenerateDesignerDepsFile;
       /usr/lib64/dotnet/sdk/10.0.101/Sdks/Microsoft.NET.Sdk/targets/Microsoft.NET.DesignerSupport.targets(21,5): message :       _GenerateDesignerRuntimeConfigFile;
       /usr/lib64/dotnet/sdk/10.0.101/Sdks/Microsoft.NET.Sdk/targets/Microsoft.NET.DesignerSupport.targets(21,5): message :       GetCopyToOutputDirectoryItems;
       /usr/lib64/dotnet/sdk/10.0.101/Sdks/Microsoft.NET.Sdk/targets/Microsoft.NET.DesignerSupport.targets(21,5): message :       _GatherDesignerShadowCopyFiles;
       /usr/lib64/dotnet/sdk/10.0.101/Sdks/Microsoft.NET.Sdk/targets/Microsoft.NET.DesignerSupport.targets(21,5): message :     " (previous value: "
       /usr/lib64/dotnet/sdk/10.0.101/Sdks/Microsoft.NET.Sdk/targets/Microsoft.NET.DesignerSupport.targets(21,5): message :       ;
       /usr/lib64/dotnet/sdk/10.0.101/Sdks/Microsoft.NET.Sdk/targets/Microsoft.NET.DesignerSupport.targets(21,5): message :       
       /usr/lib64/dotnet/sdk/10.0.101/Sdks/Microsoft.NET.Sdk/targets/Microsoft.NET.DesignerSupport.targets(21,5): message :       ;
       /usr/lib64/dotnet/sdk/10.0.101/Sdks/Microsoft.NET.Sdk/targets/Microsoft.NET.DesignerSupport.targets(21,5): message :       BuildOnlySettings;
       /usr/lib64/dotnet/sdk/10.0.101/Sdks/Microsoft.NET.Sdk/targets/Microsoft.NET.DesignerSupport.targets(21,5): message :       PrepareForBuild;
       /usr/lib64/dotnet/sdk/10.0.101/Sdks/Microsoft.NET.Sdk/targets/Microsoft.NET.DesignerSupport.targets(21,5): message :       AssignTargetPaths;
       /usr/lib64/dotnet/sdk/10.0.101/Sdks/Microsoft.NET.Sdk/targets/Microsoft.NET.DesignerSupport.targets(21,5): message :       ResolveReferences
       /usr/lib64/dotnet/sdk/10.0.101/Sdks/Microsoft.NET.Sdk/targets/Microsoft.NET.DesignerSupport.targets(21,5): message :     
       /usr/lib64/dotnet/sdk/10.0.101/Sdks/Microsoft.NET.Sdk/targets/Microsoft.NET.DesignerSupport.targets(21,5): message :     ") at /usr/lib64/dotnet/sdk/10.0.101/Sdks/Microsoft.NET.Sdk/targets/Microsoft.NET.DesignerSupport.targets (21,5)
       /usr/lib64/dotnet/sdk/10.0.101/Microsoft.Common.CurrentVersion.targets(3935,5): message : Property reassignment: $(_SGenGenerateSerializationAssembliesConfig)="Off" (previous value: "Auto") at /usr/lib64/dotnet/sdk/10.0.101/Microsoft.Common.CurrentVersion.targets (3935,5)
       /usr/lib64/dotnet/sdk/10.0.101/Microsoft.Common.CurrentVersion.targets(5146,5): message : Property reassignment: $(_TargetsThatPrepareProjectReferences)="
       /usr/lib64/dotnet/sdk/10.0.101/Microsoft.Common.CurrentVersion.targets(5146,5): message :       AssignProjectConfiguration;
       /usr/lib64/dotnet/sdk/10.0.101/Microsoft.Common.CurrentVersion.targets(5146,5): message :       _SplitProjectReferencesByFileExistence
       /usr/lib64/dotnet/sdk/10.0.101/Microsoft.Common.CurrentVersion.targets(5146,5): message :     " (previous value: "_SplitProjectReferencesByFileExistence") at /usr/lib64/dotnet/sdk/10.0.101/Microsoft.Common.CurrentVersion.targets (5146,5)
       /usr/lib64/dotnet/sdk/10.0.101/Microsoft.Common.CurrentVersion.targets(6959,5): message : Property 'MSBuildExtensionsPath32' with value '/usr/lib64/dotnet/sdk/10.0.101' expanded from the environment.
       The "NuGetInteractive" property is a global property, and cannot be modified.
       /usr/lib64/dotnet/sdk/10.0.101/Sdks/Microsoft.NET.Sdk/targets/Microsoft.NET.Sdk.CSharp.targets(31,5): message : Property reassignment: $(DefineConstants)="TRACE;DEBUG" (previous value: "TRACE") at /usr/lib64/dotnet/sdk/10.0.101/Sdks/Microsoft.NET.Sdk/targets/Microsoft.NET.Sdk.CSharp.targets (31,5)
       /usr/lib64/dotnet/sdk/10.0.101/Sdks/Microsoft.NET.Sdk/targets/Microsoft.NET.Sdk.CSharp.targets(45,5): message : Property reassignment: $(WarningsAsErrors)=";NU1605;SYSLIB0011" (previous value: ";NU1605") at /usr/lib64/dotnet/sdk/10.0.101/Sdks/Microsoft.NET.Sdk/targets/Microsoft.NET.Sdk.CSharp.targets (45,5)
       /usr/lib64/dotnet/sdk/10.0.101/Sdks/Microsoft.NET.Sdk/targets/Microsoft.PackageDependencyResolution.targets(24,5): message : Property reassignment: $(ProjectAssetsFile)="/home/baturhan/Projeler/Entegrasyon/Application/Entegrasyon.MessageQueue/obj/project.assets.json" (previous value: "/home/baturhan/Projeler/Entegrasyon/Application/Entegrasyon.MessageQueue/obj//project.assets.json") at /usr/lib64/dotnet/sdk/10.0.101/Sdks/Microsoft.NET.Sdk/targets/Microsoft.PackageDependencyResolution.targets (24,5)
       /usr/lib64/dotnet/sdk/10.0.101/Sdks/Microsoft.NET.Sdk/targets/Microsoft.PackageDependencyResolution.targets(29,5): message : Property reassignment: $(ProjectAssetsCacheFile)="/home/baturhan/Projeler/Entegrasyon/Application/Entegrasyon.MessageQueue/obj/Debug/net8.0/Entegrasyon.MessageQueue.Handler.assets.cache" (previous value: "obj/Debug/net8.0/Entegrasyon.MessageQueue.Handler.assets.cache") at /usr/lib64/dotnet/sdk/10.0.101/Sdks/Microsoft.NET.Sdk/targets/Microsoft.PackageDependencyResolution.targets (29,5)
       /usr/lib64/dotnet/sdk/10.0.101/Sdks/Microsoft.NET.Sdk/targets/Microsoft.PackageDependencyResolution.targets(80,5): message : Property reassignment: $(ResolveAssemblyReferencesDependsOn)="
       /usr/lib64/dotnet/sdk/10.0.101/Sdks/Microsoft.NET.Sdk/targets/Microsoft.PackageDependencyResolution.targets(80,5): message :       
       /usr/lib64/dotnet/sdk/10.0.101/Sdks/Microsoft.NET.Sdk/targets/Microsoft.PackageDependencyResolution.targets(80,5): message :       ResolveProjectReferences;
       /usr/lib64/dotnet/sdk/10.0.101/Sdks/Microsoft.NET.Sdk/targets/Microsoft.PackageDependencyResolution.targets(80,5): message :       FindInvalidProjectReferences;
       /usr/lib64/dotnet/sdk/10.0.101/Sdks/Microsoft.NET.Sdk/targets/Microsoft.PackageDependencyResolution.targets(80,5): message :       GetFrameworkPaths;
       /usr/lib64/dotnet/sdk/10.0.101/Sdks/Microsoft.NET.Sdk/targets/Microsoft.PackageDependencyResolution.targets(80,5): message :       GetReferenceAssemblyPaths;
       /usr/lib64/dotnet/sdk/10.0.101/Sdks/Microsoft.NET.Sdk/targets/Microsoft.PackageDependencyResolution.targets(80,5): message :       PrepareForBuild;
       /usr/lib64/dotnet/sdk/10.0.101/Sdks/Microsoft.NET.Sdk/targets/Microsoft.PackageDependencyResolution.targets(80,5): message :       ResolveSDKReferences;
       /usr/lib64/dotnet/sdk/10.0.101/Sdks/Microsoft.NET.Sdk/targets/Microsoft.PackageDependencyResolution.targets(80,5): message :       ExpandSDKReferences;
       /usr/lib64/dotnet/sdk/10.0.101/Sdks/Microsoft.NET.Sdk/targets/Microsoft.PackageDependencyResolution.targets(80,5): message :     ;
       /usr/lib64/dotnet/sdk/10.0.101/Sdks/Microsoft.NET.Sdk/targets/Microsoft.PackageDependencyResolution.targets(80,5): message :       ResolvePackageDependenciesForBuild;
       /usr/lib64/dotnet/sdk/10.0.101/Sdks/Microsoft.NET.Sdk/targets/Microsoft.PackageDependencyResolution.targets(80,5): message :       _HandlePackageFileConflicts;
       /usr/lib64/dotnet/sdk/10.0.101/Sdks/Microsoft.NET.Sdk/targets/Microsoft.PackageDependencyResolution.targets(80,5): message :     " (previous value: "
       /usr/lib64/dotnet/sdk/10.0.101/Sdks/Microsoft.NET.Sdk/targets/Microsoft.PackageDependencyResolution.targets(80,5): message :       ResolveProjectReferences;
       /usr/lib64/dotnet/sdk/10.0.101/Sdks/Microsoft.NET.Sdk/targets/Microsoft.PackageDependencyResolution.targets(80,5): message :       FindInvalidProjectReferences;
       /usr/lib64/dotnet/sdk/10.0.101/Sdks/Microsoft.NET.Sdk/targets/Microsoft.PackageDependencyResolution.targets(80,5): message :       GetFrameworkPaths;
       /usr/lib64/dotnet/sdk/10.0.101/Sdks/Microsoft.NET.Sdk/targets/Microsoft.PackageDependencyResolution.targets(80,5): message :       GetReferenceAssemblyPaths;
       /usr/lib64/dotnet/sdk/10.0.101/Sdks/Microsoft.NET.Sdk/targets/Microsoft.PackageDependencyResolution.targets(80,5): message :       PrepareForBuild;
       /usr/lib64/dotnet/sdk/10.0.101/Sdks/Microsoft.NET.Sdk/targets/Microsoft.PackageDependencyResolution.targets(80,5): message :       ResolveSDKReferences;
       /usr/lib64/dotnet/sdk/10.0.101/Sdks/Microsoft.NET.Sdk/targets/Microsoft.PackageDependencyResolution.targets(80,5): message :       ExpandSDKReferences;
       /usr/lib64/dotnet/sdk/10.0.101/Sdks/Microsoft.NET.Sdk/targets/Microsoft.PackageDependencyResolution.targets(80,5): message :     ") at /usr/lib64/dotnet/sdk/10.0.101/Sdks/Microsoft.NET.Sdk/targets/Microsoft.PackageDependencyResolution.targets (80,5)
       /usr/lib64/dotnet/sdk/10.0.101/Sdks/Microsoft.NET.Sdk/targets/Microsoft.PackageDependencyResolution.targets(86,5): message : Property reassignment: $(PrepareResourcesDependsOn)="
       /usr/lib64/dotnet/sdk/10.0.101/Sdks/Microsoft.NET.Sdk/targets/Microsoft.PackageDependencyResolution.targets(86,5): message :       ResolvePackageDependenciesForBuild;
       /usr/lib64/dotnet/sdk/10.0.101/Sdks/Microsoft.NET.Sdk/targets/Microsoft.PackageDependencyResolution.targets(86,5): message :       _HandlePackageFileConflicts;
       /usr/lib64/dotnet/sdk/10.0.101/Sdks/Microsoft.NET.Sdk/targets/Microsoft.PackageDependencyResolution.targets(86,5): message :       
       /usr/lib64/dotnet/sdk/10.0.101/Sdks/Microsoft.NET.Sdk/targets/Microsoft.PackageDependencyResolution.targets(86,5): message :       ;
       /usr/lib64/dotnet/sdk/10.0.101/Sdks/Microsoft.NET.Sdk/targets/Microsoft.PackageDependencyResolution.targets(86,5): message :       PrepareResourceNames;
       /usr/lib64/dotnet/sdk/10.0.101/Sdks/Microsoft.NET.Sdk/targets/Microsoft.PackageDependencyResolution.targets(86,5): message :       ResGen;
       /usr/lib64/dotnet/sdk/10.0.101/Sdks/Microsoft.NET.Sdk/targets/Microsoft.PackageDependencyResolution.targets(86,5): message :       CompileLicxFiles
       /usr/lib64/dotnet/sdk/10.0.101/Sdks/Microsoft.NET.Sdk/targets/Microsoft.PackageDependencyResolution.targets(86,5): message :     
       /usr/lib64/dotnet/sdk/10.0.101/Sdks/Microsoft.NET.Sdk/targets/Microsoft.PackageDependencyResolution.targets(86,5): message :     " (previous value: "
       /usr/lib64/dotnet/sdk/10.0.101/Sdks/Microsoft.NET.Sdk/targets/Microsoft.PackageDependencyResolution.targets(86,5): message :       ;
       /usr/lib64/dotnet/sdk/10.0.101/Sdks/Microsoft.NET.Sdk/targets/Microsoft.PackageDependencyResolution.targets(86,5): message :       PrepareResourceNames;
       /usr/lib64/dotnet/sdk/10.0.101/Sdks/Microsoft.NET.Sdk/targets/Microsoft.PackageDependencyResolution.targets(86,5): message :       ResGen;
       /usr/lib64/dotnet/sdk/10.0.101/Sdks/Microsoft.NET.Sdk/targets/Microsoft.PackageDependencyResolution.targets(86,5): message :       CompileLicxFiles
       /usr/lib64/dotnet/sdk/10.0.101/Sdks/Microsoft.NET.Sdk/targets/Microsoft.PackageDependencyResolution.targets(86,5): message :     ") at /usr/lib64/dotnet/sdk/10.0.101/Sdks/Microsoft.NET.Sdk/targets/Microsoft.PackageDependencyResolution.targets (86,5)
       /usr/lib64/dotnet/sdk/10.0.101/Microsoft.Common.CurrentVersion.targets(392,5): message : Property reassignment: $(MSBuildCopyMarkerName)="Entegras.E4AC0E8B" (previous value: "Entegrasyon.DataAccess.csproj") at /usr/lib64/dotnet/sdk/10.0.101/Microsoft.Common.CurrentVersion.targets (392,5)
       The "EnableDefaultCompileItems" property is a global property, and cannot be modified.
       /usr/lib64/dotnet/sdk/10.0.101/Microsoft.Common.CurrentVersion.targets(393,5): message : Property reassignment: $(MSBuildCopyMarkerName)="Entegras.E4AC0E8B.Up2Date" (previous value: "Entegras.E4AC0E8B") at /usr/lib64/dotnet/sdk/10.0.101/Microsoft.Common.CurrentVersion.targets (393,5)
       The "EnableDefaultEmbeddedResourceItems" property is a global property, and cannot be modified.
       The "EnableDefaultNoneItems" property is a global property, and cannot be modified.
       /usr/lib64/dotnet/sdk/10.0.101/Sdks/Microsoft.NET.Sdk/targets/Microsoft.NET.Sdk.DefaultItems.targets(35,5): message : Property reassignment: $(DefaultItemExcludes)=";bin/Debug//**;obj/Debug//**;bin//**" (previous value: ";bin/Debug//**;obj/Debug//**") at /usr/lib64/dotnet/sdk/10.0.101/Sdks/Microsoft.NET.Sdk/targets/Microsoft.NET.Sdk.DefaultItems.targets (35,5)
       /usr/lib64/dotnet/sdk/10.0.101/Sdks/Microsoft.NET.Sdk/targets/Microsoft.NET.Sdk.DefaultItems.targets(37,5): message : Property reassignment: $(DefaultItemExcludes)=";bin/Debug//**;obj/Debug//**;bin//**;obj//**" (previous value: ";bin/Debug//**;obj/Debug//**;bin//**") at /usr/lib64/dotnet/sdk/10.0.101/Sdks/Microsoft.NET.Sdk/targets/Microsoft.NET.Sdk.DefaultItems.targets (37,5)
       /usr/lib64/dotnet/sdk/10.0.101/Sdks/Microsoft.NET.Sdk/targets/Microsoft.NET.Sdk.DefaultItems.targets(40,5): message : Property reassignment: $(DefaultItemExcludes)=";bin/Debug//**;obj/Debug//**;bin//**;obj//**;**/*.user" (previous value: ";bin/Debug//**;obj/Debug//**;bin//**;obj//**") at /usr/lib64/dotnet/sdk/10.0.101/Sdks/Microsoft.NET.Sdk/targets/Microsoft.NET.Sdk.DefaultItems.targets (40,5)
       /usr/lib64/dotnet/sdk/10.0.101/Sdks/Microsoft.NET.Sdk/targets/Microsoft.NET.Sdk.DefaultItems.targets(41,5): message : Property reassignment: $(DefaultItemExcludes)=";bin/Debug//**;obj/Debug//**;bin//**;obj//**;**/*.user;**/*.*proj" (previous value: ";bin/Debug//**;obj/Debug//**;bin//**;obj//**;**/*.user") at /usr/lib64/dotnet/sdk/10.0.101/Sdks/Microsoft.NET.Sdk/targets/Microsoft.NET.Sdk.DefaultItems.targets (41,5)
       /usr/lib64/dotnet/sdk/10.0.101/Sdks/Microsoft.NET.Sdk/targets/Microsoft.NET.Sdk.DefaultItems.targets(42,5): message : Property reassignment: $(DefaultItemExcludes)=";bin/Debug//**;obj/Debug//**;bin//**;obj//**;**/*.user;**/*.*proj;**/*.sln" (previous value: ";bin/Debug//**;obj/Debug//**;bin//**;obj//**;**/*.user;**/*.*proj") at /usr/lib64/dotnet/sdk/10.0.101/Sdks/Microsoft.NET.Sdk/targets/Microsoft.NET.Sdk.DefaultItems.targets (42,5)
       /usr/lib64/dotnet/sdk/10.0.101/Sdks/Microsoft.NET.Sdk/targets/Microsoft.NET.Sdk.DefaultItems.targets(43,5): message : Property reassignment: $(DefaultItemExcludes)=";bin/Debug//**;obj/Debug//**;bin//**;obj//**;**/*.user;**/*.*proj;**/*.sln;**/*.slnx" (previous value: ";bin/Debug//**;obj/Debug//**;bin//**;obj//**;**/*.user;**/*.*proj;**/*.sln") at /usr/lib64/dotnet/sdk/10.0.101/Sdks/Microsoft.NET.Sdk/targets/Microsoft.NET.Sdk.DefaultItems.targets (43,5)
       /usr/lib64/dotnet/sdk/10.0.101/Sdks/Microsoft.NET.Sdk/targets/Microsoft.NET.Sdk.DefaultItems.targets(44,5): message : Property reassignment: $(DefaultItemExcludes)=";bin/Debug//**;obj/Debug//**;bin//**;obj//**;**/*.user;**/*.*proj;**/*.sln;**/*.slnx;**/*.vssscc" (previous value: ";bin/Debug//**;obj/Debug//**;bin//**;obj//**;**/*.user;**/*.*proj;**/*.sln;**/*.slnx") at /usr/lib64/dotnet/sdk/10.0.101/Sdks/Microsoft.NET.Sdk/targets/Microsoft.NET.Sdk.DefaultItems.targets (44,5)
       /usr/lib64/dotnet/sdk/10.0.101/Sdks/Microsoft.NET.Sdk/targets/Microsoft.NET.Sdk.DefaultItems.targets(45,5): message : Property reassignment: $(DefaultItemExcludes)=";bin/Debug//**;obj/Debug//**;bin//**;obj//**;**/*.user;**/*.*proj;**/*.sln;**/*.slnx;**/*.vssscc;**/.DS_Store" (previous value: ";bin/Debug//**;obj/Debug//**;bin//**;obj//**;**/*.user;**/*.*proj;**/*.sln;**/*.slnx;**/*.vssscc") at /usr/lib64/dotnet/sdk/10.0.101/Sdks/Microsoft.NET.Sdk/targets/Microsoft.NET.Sdk.DefaultItems.targets (45,5)
       /usr/lib64/dotnet/sdk/10.0.101/NuGet.Build.Tasks.Pack.targets(34,5): message : Property reassignment: $(PackageDescription)="Package Description" (previous value: "") at /usr/lib64/dotnet/sdk/10.0.101/NuGet.Build.Tasks.Pack.targets (34,5)
       /usr/lib64/dotnet/sdk/10.0.101/NuGet.Build.Tasks.Pack.targets(59,5): message : Property reassignment: $(GenerateNuspecDependsOn)="Build;_LoadPackInputItems; _GetTargetFrameworksOutput; _WalkEachTargetPerFramework; _GetPackageFiles; " (previous value: "_LoadPackInputItems; _GetTargetFrameworksOutput; _WalkEachTargetPerFramework; _GetPackageFiles; ") at /usr/lib64/dotnet/sdk/10.0.101/NuGet.Build.Tasks.Pack.targets (59,5)
       /usr/lib64/dotnet/sdk/10.0.101/Sdks/Microsoft.NET.Sdk/targets/Microsoft.NET.Sdk.FrameworkReferenceResolution.targets(14,5): message : Property reassignment: $(ResolveAssemblyReferencesDependsOn)="
       /usr/lib64/dotnet/sdk/10.0.101/Sdks/Microsoft.NET.Sdk/targets/Microsoft.NET.Sdk.FrameworkReferenceResolution.targets(14,5): message :       
       /usr/lib64/dotnet/sdk/10.0.101/Sdks/Microsoft.NET.Sdk/targets/Microsoft.NET.Sdk.FrameworkReferenceResolution.targets(14,5): message :       
       /usr/lib64/dotnet/sdk/10.0.101/Sdks/Microsoft.NET.Sdk/targets/Microsoft.NET.Sdk.FrameworkReferenceResolution.targets(14,5): message :       ResolveProjectReferences;
       /usr/lib64/dotnet/sdk/10.0.101/Sdks/Microsoft.NET.Sdk/targets/Microsoft.NET.Sdk.FrameworkReferenceResolution.targets(14,5): message :       FindInvalidProjectReferences;
       /usr/lib64/dotnet/sdk/10.0.101/Sdks/Microsoft.NET.Sdk/targets/Microsoft.NET.Sdk.FrameworkReferenceResolution.targets(14,5): message :       GetFrameworkPaths;
       /usr/lib64/dotnet/sdk/10.0.101/Sdks/Microsoft.NET.Sdk/targets/Microsoft.NET.Sdk.FrameworkReferenceResolution.targets(14,5): message :       GetReferenceAssemblyPaths;
       /usr/lib64/dotnet/sdk/10.0.101/Sdks/Microsoft.NET.Sdk/targets/Microsoft.NET.Sdk.FrameworkReferenceResolution.targets(14,5): message :       PrepareForBuild;
       /usr/lib64/dotnet/sdk/10.0.101/Sdks/Microsoft.NET.Sdk/targets/Microsoft.NET.Sdk.FrameworkReferenceResolution.targets(14,5): message :       ResolveSDKReferences;
       /usr/lib64/dotnet/sdk/10.0.101/Sdks/Microsoft.NET.Sdk/targets/Microsoft.NET.Sdk.FrameworkReferenceResolution.targets(14,5): message :       ExpandSDKReferences;
       /usr/lib64/dotnet/sdk/10.0.101/Sdks/Microsoft.NET.Sdk/targets/Microsoft.NET.Sdk.FrameworkReferenceResolution.targets(14,5): message :     ;
       /usr/lib64/dotnet/sdk/10.0.101/Sdks/Microsoft.NET.Sdk/targets/Microsoft.NET.Sdk.FrameworkReferenceResolution.targets(14,5): message :       ResolvePackageDependenciesForBuild;
       /usr/lib64/dotnet/sdk/10.0.101/Sdks/Microsoft.NET.Sdk/targets/Microsoft.NET.Sdk.FrameworkReferenceResolution.targets(14,5): message :       _HandlePackageFileConflicts;
       /usr/lib64/dotnet/sdk/10.0.101/Sdks/Microsoft.NET.Sdk/targets/Microsoft.NET.Sdk.FrameworkReferenceResolution.targets(14,5): message :     ;
       /usr/lib64/dotnet/sdk/10.0.101/Sdks/Microsoft.NET.Sdk/targets/Microsoft.NET.Sdk.FrameworkReferenceResolution.targets(14,5): message :       ResolveTargetingPackAssets;
       /usr/lib64/dotnet/sdk/10.0.101/Sdks/Microsoft.NET.Sdk/targets/Microsoft.NET.Sdk.FrameworkReferenceResolution.targets(14,5): message :     " (previous value: "
       /usr/lib64/dotnet/sdk/10.0.101/Sdks/Microsoft.NET.Sdk/targets/Microsoft.NET.Sdk.FrameworkReferenceResolution.targets(14,5): message :       
       /usr/lib64/dotnet/sdk/10.0.101/Sdks/Microsoft.NET.Sdk/targets/Microsoft.NET.Sdk.FrameworkReferenceResolution.targets(14,5): message :       ResolveProjectReferences;
       /usr/lib64/dotnet/sdk/10.0.101/Sdks/Microsoft.NET.Sdk/targets/Microsoft.NET.Sdk.FrameworkReferenceResolution.targets(14,5): message :       FindInvalidProjectReferences;
       /usr/lib64/dotnet/sdk/10.0.101/Sdks/Microsoft.NET.Sdk/targets/Microsoft.NET.Sdk.FrameworkReferenceResolution.targets(14,5): message :       GetFrameworkPaths;
       /usr/lib64/dotnet/sdk/10.0.101/Sdks/Microsoft.NET.Sdk/targets/Microsoft.NET.Sdk.FrameworkReferenceResolution.targets(14,5): message :       GetReferenceAssemblyPaths;
       /usr/lib64/dotnet/sdk/10.0.101/Sdks/Microsoft.NET.Sdk/targets/Microsoft.NET.Sdk.FrameworkReferenceResolution.targets(14,5): message :       PrepareForBuild;
       /usr/lib64/dotnet/sdk/10.0.101/Sdks/Microsoft.NET.Sdk/targets/Microsoft.NET.Sdk.FrameworkReferenceResolution.targets(14,5): message :       ResolveSDKReferences;
       /usr/lib64/dotnet/sdk/10.0.101/Sdks/Microsoft.NET.Sdk/targets/Microsoft.NET.Sdk.FrameworkReferenceResolution.targets(14,5): message :       ExpandSDKReferences;
       /usr/lib64/dotnet/sdk/10.0.101/Sdks/Microsoft.NET.Sdk/targets/Microsoft.NET.Sdk.FrameworkReferenceResolution.targets(14,5): message :     ;
       /usr/lib64/dotnet/sdk/10.0.101/Sdks/Microsoft.NET.Sdk/targets/Microsoft.NET.Sdk.FrameworkReferenceResolution.targets(14,5): message :       ResolvePackageDependenciesForBuild;
       /usr/lib64/dotnet/sdk/10.0.101/Sdks/Microsoft.NET.Sdk/targets/Microsoft.NET.Sdk.FrameworkReferenceResolution.targets(14,5): message :       _HandlePackageFileConflicts;
       /usr/lib64/dotnet/sdk/10.0.101/Sdks/Microsoft.NET.Sdk/targets/Microsoft.NET.Sdk.FrameworkReferenceResolution.targets(14,5): message :     ") at /usr/lib64/dotnet/sdk/10.0.101/Sdks/Microsoft.NET.Sdk/targets/Microsoft.NET.Sdk.FrameworkReferenceResolution.targets (14,5)
       /usr/lib64/dotnet/sdk/10.0.101/Sdks/Microsoft.NET.Sdk/targets/Microsoft.NET.Sdk.targets(44,5): message : Property reassignment: $(_GenerateRuntimeConfigurationPropertyInputsCache)="/home/baturhan/Projeler/Entegrasyon/Application/Entegrasyon.MessageQueue/obj/Debug/net8.0/Entegrasyon.MessageQueue.Handler.genruntimeconfig.cache" (previous value: "obj/Debug/net8.0/Entegrasyon.MessageQueue.Handler.genruntimeconfig.cache") at /usr/lib64/dotnet/sdk/10.0.101/Sdks/Microsoft.NET.Sdk/targets/Microsoft.NET.Sdk.targets (44,5)
       /usr/lib64/dotnet/sdk/10.0.101/Sdks/Microsoft.NET.Sdk/targets/Microsoft.NET.Sdk.targets(46,5): message : Property reassignment: $(_GeneratePublishDependencyFilePropertyInputsCache)="/home/baturhan/Projeler/Entegrasyon/Application/Entegrasyon.MessageQueue/obj/Debug/net8.0/Entegrasyon.MessageQueue.Handler.genpublishdeps.cache" (previous value: "obj/Debug/net8.0/Entegrasyon.MessageQueue.Handler.genpublishdeps.cache") at /usr/lib64/dotnet/sdk/10.0.101/Sdks/Microsoft.NET.Sdk/targets/Microsoft.NET.Sdk.targets (46,5)
       /usr/lib64/dotnet/sdk/10.0.101/Sdks/Microsoft.NET.Sdk/targets/Microsoft.NET.Sdk.targets(48,5): message : Property reassignment: $(_GenerateSingleFileBundlePropertyInputsCache)="/home/baturhan/Projeler/Entegrasyon/Application/Entegrasyon.MessageQueue/obj/Debug/net8.0/Entegrasyon.MessageQueue.Handler.genbundle.cache" (previous value: "obj/Debug/net8.0/Entegrasyon.MessageQueue.Handler.genbundle.cache") at /usr/lib64/dotnet/sdk/10.0.101/Sdks/Microsoft.NET.Sdk/targets/Microsoft.NET.Sdk.targets (48,5)
       /usr/lib64/dotnet/sdk/10.0.101/Sdks/Microsoft.NET.Sdk/Sdk/Sdk.targets(59,5): message : Property reassignment: $(_IsNotSetContainersTargetsDir)="true" (previous value: "false") at /usr/lib64/dotnet/sdk/10.0.101/Sdks/Microsoft.NET.Sdk/Sdk/Sdk.targets (59,5)
       /usr/lib64/dotnet/sdk/10.0.101/Sdks/Microsoft.NET.Sdk/targets/Microsoft.NET.Sdk.targets(81,5): message : Property reassignment: $(GenerateRuntimeConfigDevFile)="false" (previous value: "true") at /usr/lib64/dotnet/sdk/10.0.101/Sdks/Microsoft.NET.Sdk/targets/Microsoft.NET.Sdk.targets (81,5)
       /usr/lib64/dotnet/sdk/10.0.101/Sdks/Microsoft.NET.Sdk/targets/Microsoft.NET.Sdk.targets(97,5): message : Property 'HOME' with value '/home/baturhan' expanded from the environment.
       /usr/lib64/dotnet/sdk/10.0.101/Sdks/Microsoft.NET.Sdk/targets/Microsoft.NET.Sdk.targets(99,5): message : Property reassignment: $(_DefaultUserProfileRuntimeStorePath)="/home/baturhan/.dotnet/store" (previous value: "/home/baturhan") at /usr/lib64/dotnet/sdk/10.0.101/Sdks/Microsoft.NET.Sdk/targets/Microsoft.NET.Sdk.targets (99,5)
       /usr/lib64/dotnet/sdk/10.0.101/Microsoft.Common.CurrentVersion.targets(541,5): message : Property reassignment: $(ProcessorArchitecture)="msil" (previous value: "") at /usr/lib64/dotnet/sdk/10.0.101/Microsoft.Common.CurrentVersion.targets (541,5)
       /usr/lib64/dotnet/sdk/10.0.101/Sdks/Microsoft.NET.Sdk/targets/Microsoft.NET.Sdk.targets(144,5): message : Property reassignment: $(AvailablePlatforms)="Any CPU,x86,x64,ARM32" (previous value: "Any CPU,x86,x64") at /usr/lib64/dotnet/sdk/10.0.101/Sdks/Microsoft.NET.Sdk/targets/Microsoft.NET.Sdk.targets (144,5)
       /usr/lib64/dotnet/sdk/10.0.101/Sdks/Microsoft.NET.Sdk/targets/Microsoft.NET.Sdk.targets(148,5): message : Property reassignment: $(AvailablePlatforms)="Any CPU,x86,x64,ARM32,ARM64" (previous value: "Any CPU,x86,x64,ARM32") at /usr/lib64/dotnet/sdk/10.0.101/Sdks/Microsoft.NET.Sdk/targets/Microsoft.NET.Sdk.targets (148,5)
       /usr/lib64/dotnet/sdk/10.0.101/Sdks/Microsoft.NET.Sdk/targets/Microsoft.NET.Sdk.targets(204,5): message : Property reassignment: $(CoreBuildDependsOn)="
       /usr/lib64/dotnet/sdk/10.0.101/Sdks/Microsoft.NET.Sdk/targets/Microsoft.NET.Sdk.targets(204,5): message :       _CheckForBuildWithNoBuild;
       /usr/lib64/dotnet/sdk/10.0.101/Sdks/Microsoft.NET.Sdk/targets/Microsoft.NET.Sdk.targets(204,5): message :       
       /usr/lib64/dotnet/sdk/10.0.101/Sdks/Microsoft.NET.Sdk/targets/Microsoft.NET.Sdk.targets(204,5): message :       BuildOnlySettings;
       /usr/lib64/dotnet/sdk/10.0.101/Sdks/Microsoft.NET.Sdk/targets/Microsoft.NET.Sdk.targets(204,5): message :       PrepareForBuild;
       /usr/lib64/dotnet/sdk/10.0.101/Sdks/Microsoft.NET.Sdk/targets/Microsoft.NET.Sdk.targets(204,5): message :       PreBuildEvent;
       /usr/lib64/dotnet/sdk/10.0.101/Sdks/Microsoft.NET.Sdk/targets/Microsoft.NET.Sdk.targets(204,5): message :       ResolveReferences;
       /usr/lib64/dotnet/sdk/10.0.101/Sdks/Microsoft.NET.Sdk/targets/Microsoft.NET.Sdk.targets(204,5): message :       PrepareResources;
       /usr/lib64/dotnet/sdk/10.0.101/Sdks/Microsoft.NET.Sdk/targets/Microsoft.NET.Sdk.targets(204,5): message :       ResolveKeySource;
       /usr/lib64/dotnet/sdk/10.0.101/Sdks/Microsoft.NET.Sdk/targets/Microsoft.NET.Sdk.targets(204,5): message :       Compile;
       /usr/lib64/dotnet/sdk/10.0.101/Sdks/Microsoft.NET.Sdk/targets/Microsoft.NET.Sdk.targets(204,5): message :       ExportWindowsMDFile;
       /usr/lib64/dotnet/sdk/10.0.101/Sdks/Microsoft.NET.Sdk/targets/Microsoft.NET.Sdk.targets(204,5): message :       UnmanagedUnregistration;
       /usr/lib64/dotnet/sdk/10.0.101/Sdks/Microsoft.NET.Sdk/targets/Microsoft.NET.Sdk.targets(204,5): message :       GenerateSerializationAssemblies;
       /usr/lib64/dotnet/sdk/10.0.101/Sdks/Microsoft.NET.Sdk/targets/Microsoft.NET.Sdk.targets(204,5): message :       CreateSatelliteAssemblies;
       /usr/lib64/dotnet/sdk/10.0.101/Sdks/Microsoft.NET.Sdk/targets/Microsoft.NET.Sdk.targets(204,5): message :       GenerateManifests;
       /usr/lib64/dotnet/sdk/10.0.101/Sdks/Microsoft.NET.Sdk/targets/Microsoft.NET.Sdk.targets(204,5): message :       GetTargetPath;
       /usr/lib64/dotnet/sdk/10.0.101/Sdks/Microsoft.NET.Sdk/targets/Microsoft.NET.Sdk.targets(204,5): message :       PrepareForRun;
       /usr/lib64/dotnet/sdk/10.0.101/Sdks/Microsoft.NET.Sdk/targets/Microsoft.NET.Sdk.targets(204,5): message :       UnmanagedRegistration;
       /usr/lib64/dotnet/sdk/10.0.101/Sdks/Microsoft.NET.Sdk/targets/Microsoft.NET.Sdk.targets(204,5): message :       IncrementalClean;
       /usr/lib64/dotnet/sdk/10.0.101/Sdks/Microsoft.NET.Sdk/targets/Microsoft.NET.Sdk.targets(204,5): message :       PostBuildEvent
       /usr/lib64/dotnet/sdk/10.0.101/Sdks/Microsoft.NET.Sdk/targets/Microsoft.NET.Sdk.targets(204,5): message :     ;
       /usr/lib64/dotnet/sdk/10.0.101/Sdks/Microsoft.NET.Sdk/targets/Microsoft.NET.Sdk.targets(204,5): message :       GenerateBuildDependencyFile;
       /usr/lib64/dotnet/sdk/10.0.101/Sdks/Microsoft.NET.Sdk/targets/Microsoft.NET.Sdk.targets(204,5): message :       GenerateBuildRuntimeConfigurationFiles
       /usr/lib64/dotnet/sdk/10.0.101/Sdks/Microsoft.NET.Sdk/targets/Microsoft.NET.Sdk.targets(204,5): message :     " (previous value: "
       /usr/lib64/dotnet/sdk/10.0.101/Sdks/Microsoft.NET.Sdk/targets/Microsoft.NET.Sdk.targets(204,5): message :       BuildOnlySettings;
       /usr/lib64/dotnet/sdk/10.0.101/Sdks/Microsoft.NET.Sdk/targets/Microsoft.NET.Sdk.targets(204,5): message :       PrepareForBuild;
       /usr/lib64/dotnet/sdk/10.0.101/Sdks/Microsoft.NET.Sdk/targets/Microsoft.NET.Sdk.targets(204,5): message :       PreBuildEvent;
       /usr/lib64/dotnet/sdk/10.0.101/Sdks/Microsoft.NET.Sdk/targets/Microsoft.NET.Sdk.targets(204,5): message :       ResolveReferences;
       /usr/lib64/dotnet/sdk/10.0.101/Sdks/Microsoft.NET.Sdk/targets/Microsoft.NET.Sdk.targets(204,5): message :       PrepareResources;
       /usr/lib64/dotnet/sdk/10.0.101/Sdks/Microsoft.NET.Sdk/targets/Microsoft.NET.Sdk.targets(204,5): message :       ResolveKeySource;
       /usr/lib64/dotnet/sdk/10.0.101/Sdks/Microsoft.NET.Sdk/targets/Microsoft.NET.Sdk.targets(204,5): message :       Compile;
       /usr/lib64/dotnet/sdk/10.0.101/Sdks/Microsoft.NET.Sdk/targets/Microsoft.NET.Sdk.targets(204,5): message :       ExportWindowsMDFile;
       /usr/lib64/dotnet/sdk/10.0.101/Sdks/Microsoft.NET.Sdk/targets/Microsoft.NET.Sdk.targets(204,5): message :       UnmanagedUnregistration;
       /usr/lib64/dotnet/sdk/10.0.101/Sdks/Microsoft.NET.Sdk/targets/Microsoft.NET.Sdk.targets(204,5): message :       GenerateSerializationAssemblies;
       /usr/lib64/dotnet/sdk/10.0.101/Sdks/Microsoft.NET.Sdk/targets/Microsoft.NET.Sdk.targets(204,5): message :       CreateSatelliteAssemblies;
       /usr/lib64/dotnet/sdk/10.0.101/Sdks/Microsoft.NET.Sdk/targets/Microsoft.NET.Sdk.targets(204,5): message :       GenerateManifests;
       /usr/lib64/dotnet/sdk/10.0.101/Sdks/Microsoft.NET.Sdk/targets/Microsoft.NET.Sdk.targets(204,5): message :       GetTargetPath;
       /usr/lib64/dotnet/sdk/10.0.101/Sdks/Microsoft.NET.Sdk/targets/Microsoft.NET.Sdk.targets(204,5): message :       PrepareForRun;
       /usr/lib64/dotnet/sdk/10.0.101/Sdks/Microsoft.NET.Sdk/targets/Microsoft.NET.Sdk.targets(204,5): message :       UnmanagedRegistration;
       /usr/lib64/dotnet/sdk/10.0.101/Sdks/Microsoft.NET.Sdk/targets/Microsoft.NET.Sdk.targets(204,5): message :       IncrementalClean;
       /usr/lib64/dotnet/sdk/10.0.101/Sdks/Microsoft.NET.Sdk/targets/Microsoft.NET.Sdk.targets(204,5): message :       PostBuildEvent
       /usr/lib64/dotnet/sdk/10.0.101/Sdks/Microsoft.NET.Sdk/targets/Microsoft.NET.Sdk.targets(204,5): message :     ") at /usr/lib64/dotnet/sdk/10.0.101/Sdks/Microsoft.NET.Sdk/targets/Microsoft.NET.Sdk.targets (204,5)
       /usr/lib64/dotnet/sdk/10.0.101/Sdks/Microsoft.NET.Sdk/targets/Microsoft.NET.Sdk.targets(213,5): message : Property reassignment: $(CoreCleanDependsOn)="
       /usr/lib64/dotnet/sdk/10.0.101/Sdks/Microsoft.NET.Sdk/targets/Microsoft.NET.Sdk.targets(213,5): message :       _SdkBeforeClean;
       /usr/lib64/dotnet/sdk/10.0.101/Sdks/Microsoft.NET.Sdk/targets/Microsoft.NET.Sdk.targets(213,5): message :       
       /usr/lib64/dotnet/sdk/10.0.101/Sdks/Microsoft.NET.Sdk/targets/Microsoft.NET.Sdk.targets(213,5): message :     " (previous value: "") at /usr/lib64/dotnet/sdk/10.0.101/Sdks/Microsoft.NET.Sdk/targets/Microsoft.NET.Sdk.targets (213,5)
       /usr/lib64/dotnet/sdk/10.0.101/Containers/build/Microsoft.NET.Build.Containers.targets(5,5): message : Property reassignment: $(_IsSDKContainerAllowedVersion)="true" (previous value: "false") at /usr/lib64/dotnet/sdk/10.0.101/Containers/build/Microsoft.NET.Build.Containers.targets (5,5)
       /usr/lib64/dotnet/sdk/10.0.101/Sdks/Microsoft.NET.Sdk/targets/Microsoft.NET.Sdk.targets(220,5): message : Property reassignment: $(RebuildDependsOn)="
       /usr/lib64/dotnet/sdk/10.0.101/Sdks/Microsoft.NET.Sdk/targets/Microsoft.NET.Sdk.targets(220,5): message :       _SdkBeforeRebuild;
       /usr/lib64/dotnet/sdk/10.0.101/Sdks/Microsoft.NET.Sdk/targets/Microsoft.NET.Sdk.targets(220,5): message :       
       /usr/lib64/dotnet/sdk/10.0.101/Sdks/Microsoft.NET.Sdk/targets/Microsoft.NET.Sdk.targets(220,5): message :       BeforeRebuild;
       /usr/lib64/dotnet/sdk/10.0.101/Sdks/Microsoft.NET.Sdk/targets/Microsoft.NET.Sdk.targets(220,5): message :       Clean;
       /usr/lib64/dotnet/sdk/10.0.101/Sdks/Microsoft.NET.Sdk/targets/Microsoft.NET.Sdk.targets(220,5): message :       Build;
       /usr/lib64/dotnet/sdk/10.0.101/Sdks/Microsoft.NET.Sdk/targets/Microsoft.NET.Sdk.targets(220,5): message :       AfterRebuild;
       /usr/lib64/dotnet/sdk/10.0.101/Sdks/Microsoft.NET.Sdk/targets/Microsoft.NET.Sdk.targets(220,5): message :     
       /usr/lib64/dotnet/sdk/10.0.101/Sdks/Microsoft.NET.Sdk/targets/Microsoft.NET.Sdk.targets(220,5): message :     " (previous value: "
       /usr/lib64/dotnet/sdk/10.0.101/Sdks/Microsoft.NET.Sdk/targets/Microsoft.NET.Sdk.targets(220,5): message :       BeforeRebuild;
       /usr/lib64/dotnet/sdk/10.0.101/Sdks/Microsoft.NET.Sdk/targets/Microsoft.NET.Sdk.targets(220,5): message :       Clean;
       /usr/lib64/dotnet/sdk/10.0.101/Sdks/Microsoft.NET.Sdk/targets/Microsoft.NET.Sdk.targets(220,5): message :       Build;
       /usr/lib64/dotnet/sdk/10.0.101/Sdks/Microsoft.NET.Sdk/targets/Microsoft.NET.Sdk.targets(220,5): message :       AfterRebuild;
       /usr/lib64/dotnet/sdk/10.0.101/Sdks/Microsoft.NET.Sdk/targets/Microsoft.NET.Sdk.targets(220,5): message :     ") at /usr/lib64/dotnet/sdk/10.0.101/Sdks/Microsoft.NET.Sdk/targets/Microsoft.NET.Sdk.targets (220,5)
       /usr/lib64/dotnet/sdk/10.0.101/Containers/build/Microsoft.NET.Build.Containers.targets(15,5): message : Property reassignment: $(_ContainerIsTargetingNet8TFM)="true" (previous value: "false") at /usr/lib64/dotnet/sdk/10.0.101/Containers/build/Microsoft.NET.Build.Containers.targets (15,5)
       /usr/lib64/dotnet/sdk/10.0.101/Sdks/Microsoft.NET.Sdk/targets/Microsoft.NET.Sdk.targets(799,5): message : Property reassignment: $(CompileDependsOn)="
       /usr/lib64/dotnet/sdk/10.0.101/Sdks/Microsoft.NET.Sdk/targets/Microsoft.NET.Sdk.targets(799,5): message :       
       /usr/lib64/dotnet/sdk/10.0.101/Sdks/Microsoft.NET.Sdk/targets/Microsoft.NET.Sdk.targets(799,5): message :       ResolveReferences;
       /usr/lib64/dotnet/sdk/10.0.101/Sdks/Microsoft.NET.Sdk/targets/Microsoft.NET.Sdk.targets(799,5): message :       ResolveKeySource;
       /usr/lib64/dotnet/sdk/10.0.101/Sdks/Microsoft.NET.Sdk/targets/Microsoft.NET.Sdk.targets(799,5): message :       SetWin32ManifestProperties;
       /usr/lib64/dotnet/sdk/10.0.101/Sdks/Microsoft.NET.Sdk/targets/Microsoft.NET.Sdk.targets(799,5): message :       _SetPreferNativeArm64Win32ManifestProperties;
       /usr/lib64/dotnet/sdk/10.0.101/Sdks/Microsoft.NET.Sdk/targets/Microsoft.NET.Sdk.targets(799,5): message :       FindReferenceAssembliesForReferences;
       /usr/lib64/dotnet/sdk/10.0.101/Sdks/Microsoft.NET.Sdk/targets/Microsoft.NET.Sdk.targets(799,5): message :       _GenerateCompileInputs;
       /usr/lib64/dotnet/sdk/10.0.101/Sdks/Microsoft.NET.Sdk/targets/Microsoft.NET.Sdk.targets(799,5): message :       BeforeCompile;
       /usr/lib64/dotnet/sdk/10.0.101/Sdks/Microsoft.NET.Sdk/targets/Microsoft.NET.Sdk.targets(799,5): message :       _TimeStampBeforeCompile;
       /usr/lib64/dotnet/sdk/10.0.101/Sdks/Microsoft.NET.Sdk/targets/Microsoft.NET.Sdk.targets(799,5): message :       _GenerateCompileDependencyCache;
       /usr/lib64/dotnet/sdk/10.0.101/Sdks/Microsoft.NET.Sdk/targets/Microsoft.NET.Sdk.targets(799,5): message :       CoreCompile;
       /usr/lib64/dotnet/sdk/10.0.101/Sdks/Microsoft.NET.Sdk/targets/Microsoft.NET.Sdk.targets(799,5): message :       _TimeStampAfterCompile;
       /usr/lib64/dotnet/sdk/10.0.101/Sdks/Microsoft.NET.Sdk/targets/Microsoft.NET.Sdk.targets(799,5): message :       AfterCompile;
       /usr/lib64/dotnet/sdk/10.0.101/Sdks/Microsoft.NET.Sdk/targets/Microsoft.NET.Sdk.targets(799,5): message :     ;
       /usr/lib64/dotnet/sdk/10.0.101/Sdks/Microsoft.NET.Sdk/targets/Microsoft.NET.Sdk.targets(799,5): message :       _CreateAppHost;
       /usr/lib64/dotnet/sdk/10.0.101/Sdks/Microsoft.NET.Sdk/targets/Microsoft.NET.Sdk.targets(799,5): message :       _CreateComHost;
       /usr/lib64/dotnet/sdk/10.0.101/Sdks/Microsoft.NET.Sdk/targets/Microsoft.NET.Sdk.targets(799,5): message :       _GetIjwHostPaths;
       /usr/lib64/dotnet/sdk/10.0.101/Sdks/Microsoft.NET.Sdk/targets/Microsoft.NET.Sdk.targets(799,5): message :     " (previous value: "
       /usr/lib64/dotnet/sdk/10.0.101/Sdks/Microsoft.NET.Sdk/targets/Microsoft.NET.Sdk.targets(799,5): message :       ResolveReferences;
       /usr/lib64/dotnet/sdk/10.0.101/Sdks/Microsoft.NET.Sdk/targets/Microsoft.NET.Sdk.targets(799,5): message :       ResolveKeySource;
       /usr/lib64/dotnet/sdk/10.0.101/Sdks/Microsoft.NET.Sdk/targets/Microsoft.NET.Sdk.targets(799,5): message :       SetWin32ManifestProperties;
       /usr/lib64/dotnet/sdk/10.0.101/Sdks/Microsoft.NET.Sdk/targets/Microsoft.NET.Sdk.targets(799,5): message :       _SetPreferNativeArm64Win32ManifestProperties;
       /usr/lib64/dotnet/sdk/10.0.101/Sdks/Microsoft.NET.Sdk/targets/Microsoft.NET.Sdk.targets(799,5): message :       FindReferenceAssembliesForReferences;
       /usr/lib64/dotnet/sdk/10.0.101/Sdks/Microsoft.NET.Sdk/targets/Microsoft.NET.Sdk.targets(799,5): message :       _GenerateCompileInputs;
       /usr/lib64/dotnet/sdk/10.0.101/Sdks/Microsoft.NET.Sdk/targets/Microsoft.NET.Sdk.targets(799,5): message :       BeforeCompile;
       /usr/lib64/dotnet/sdk/10.0.101/Sdks/Microsoft.NET.Sdk/targets/Microsoft.NET.Sdk.targets(799,5): message :       _TimeStampBeforeCompile;
       /usr/lib64/dotnet/sdk/10.0.101/Sdks/Microsoft.NET.Sdk/targets/Microsoft.NET.Sdk.targets(799,5): message :       _GenerateCompileDependencyCache;
       /usr/lib64/dotnet/sdk/10.0.101/Sdks/Microsoft.NET.Sdk/targets/Microsoft.NET.Sdk.targets(799,5): message :       CoreCompile;
       /usr/lib64/dotnet/sdk/10.0.101/Sdks/Microsoft.NET.Sdk/targets/Microsoft.NET.Sdk.targets(799,5): message :       _TimeStampAfterCompile;
       /usr/lib64/dotnet/sdk/10.0.101/Sdks/Microsoft.NET.Sdk/targets/Microsoft.NET.Sdk.targets(799,5): message :       AfterCompile;
       /usr/lib64/dotnet/sdk/10.0.101/Sdks/Microsoft.NET.Sdk/targets/Microsoft.NET.Sdk.targets(799,5): message :     ") at /usr/lib64/dotnet/sdk/10.0.101/Sdks/Microsoft.NET.Sdk/targets/Microsoft.NET.Sdk.targets (799,5)
       /usr/lib64/dotnet/sdk/10.0.101/Microsoft.Common.CurrentVersion.targets(580,5): message : Property reassignment: $(DelaySign)="" (previous value: "false") at /usr/lib64/dotnet/sdk/10.0.101/Microsoft.Common.CurrentVersion.targets (580,5)
       /usr/lib64/dotnet/sdk/10.0.101/Sdks/Microsoft.NET.Sdk/targets/Microsoft.NET.Sdk.targets(1131,5): message : Property reassignment: $(CreateSatelliteAssembliesDependsOn)="
       /usr/lib64/dotnet/sdk/10.0.101/Sdks/Microsoft.NET.Sdk/targets/Microsoft.NET.Sdk.targets(1131,5): message :       
       /usr/lib64/dotnet/sdk/10.0.101/Sdks/Microsoft.NET.Sdk/targets/Microsoft.NET.Sdk.targets(1131,5): message :       ;
       /usr/lib64/dotnet/sdk/10.0.101/Sdks/Microsoft.NET.Sdk/targets/Microsoft.NET.Sdk.targets(1131,5): message :       _GenerateSatelliteAssemblyInputs;
       /usr/lib64/dotnet/sdk/10.0.101/Sdks/Microsoft.NET.Sdk/targets/Microsoft.NET.Sdk.targets(1131,5): message :       ComputeIntermediateSatelliteAssemblies;
       /usr/lib64/dotnet/sdk/10.0.101/Sdks/Microsoft.NET.Sdk/targets/Microsoft.NET.Sdk.targets(1131,5): message :       GenerateSatelliteAssemblies
       /usr/lib64/dotnet/sdk/10.0.101/Sdks/Microsoft.NET.Sdk/targets/Microsoft.NET.Sdk.targets(1131,5): message :     ;
       /usr/lib64/dotnet/sdk/10.0.101/Sdks/Microsoft.NET.Sdk/targets/Microsoft.NET.Sdk.targets(1131,5): message :       CoreGenerateSatelliteAssemblies
       /usr/lib64/dotnet/sdk/10.0.101/Sdks/Microsoft.NET.Sdk/targets/Microsoft.NET.Sdk.targets(1131,5): message :     " (previous value: "
       /usr/lib64/dotnet/sdk/10.0.101/Sdks/Microsoft.NET.Sdk/targets/Microsoft.NET.Sdk.targets(1131,5): message :       ;
       /usr/lib64/dotnet/sdk/10.0.101/Sdks/Microsoft.NET.Sdk/targets/Microsoft.NET.Sdk.targets(1131,5): message :       _GenerateSatelliteAssemblyInputs;
       /usr/lib64/dotnet/sdk/10.0.101/Sdks/Microsoft.NET.Sdk/targets/Microsoft.NET.Sdk.targets(1131,5): message :       ComputeIntermediateSatelliteAssemblies;
       /usr/lib64/dotnet/sdk/10.0.101/Sdks/Microsoft.NET.Sdk/targets/Microsoft.NET.Sdk.targets(1131,5): message :       GenerateSatelliteAssemblies
       /usr/lib64/dotnet/sdk/10.0.101/Sdks/Microsoft.NET.Sdk/targets/Microsoft.NET.Sdk.targets(1131,5): message :     ") at /usr/lib64/dotnet/sdk/10.0.101/Sdks/Microsoft.NET.Sdk/targets/Microsoft.NET.Sdk.targets (1131,5)
       /usr/lib64/dotnet/sdk/10.0.101/Sdks/Microsoft.SourceLink.GitLab/build/Microsoft.SourceLink.GitLab.targets(12,5): message : Property reassignment: $(SourceLinkUrlInitializerTargets)=";_InitializeGitHubSourceLinkUrl;_InitializeGitLabSourceLinkUrl" (previous value: ";_InitializeGitHubSourceLinkUrl") at /usr/lib64/dotnet/sdk/10.0.101/Sdks/Microsoft.SourceLink.GitLab/build/Microsoft.SourceLink.GitLab.targets (12,5)
       /usr/lib64/dotnet/sdk/10.0.101/Sdks/Microsoft.SourceLink.GitLab/build/Microsoft.SourceLink.GitLab.targets(13,5): message : Property reassignment: $(SourceControlManagerUrlTranslationTargets)=";TranslateGitHubUrlsInSourceControlInformation;TranslateGitLabUrlsInSourceControlInformation" (previous value: ";TranslateGitHubUrlsInSourceControlInformation") at /usr/lib64/dotnet/sdk/10.0.101/Sdks/Microsoft.SourceLink.GitLab/build/Microsoft.SourceLink.GitLab.targets (13,5)
       /usr/lib64/dotnet/sdk/10.0.101/Sdks/Microsoft.SourceLink.AzureRepos.Git/build/Microsoft.SourceLink.AzureRepos.Git.targets(12,5): message : Property reassignment: $(SourceLinkUrlInitializerTargets)=";_InitializeGitHubSourceLinkUrl;_InitializeGitLabSourceLinkUrl;_InitializeAzureReposGitSourceLinkUrl" (previous value: ";_InitializeGitHubSourceLinkUrl;_InitializeGitLabSourceLinkUrl") at /usr/lib64/dotnet/sdk/10.0.101/Sdks/Microsoft.SourceLink.AzureRepos.Git/build/Microsoft.SourceLink.AzureRepos.Git.targets (12,5)
       /usr/lib64/dotnet/sdk/10.0.101/Sdks/Microsoft.SourceLink.AzureRepos.Git/build/Microsoft.SourceLink.AzureRepos.Git.targets(13,5): message : Property reassignment: $(SourceControlManagerUrlTranslationTargets)=";TranslateGitHubUrlsInSourceControlInformation;TranslateGitLabUrlsInSourceControlInformation;TranslateAzureReposGitUrlsInSourceControlInformation" (previous value: ";TranslateGitHubUrlsInSourceControlInformation;TranslateGitLabUrlsInSourceControlInformation") at /usr/lib64/dotnet/sdk/10.0.101/Sdks/Microsoft.SourceLink.AzureRepos.Git/build/Microsoft.SourceLink.AzureRepos.Git.targets (13,5)
       /usr/lib64/dotnet/sdk/10.0.101/Sdks/Microsoft.SourceLink.Bitbucket.Git/build/Microsoft.SourceLink.Bitbucket.Git.targets(12,5): message : Property reassignment: $(SourceLinkUrlInitializerTargets)=";_InitializeGitHubSourceLinkUrl;_InitializeGitLabSourceLinkUrl;_InitializeAzureReposGitSourceLinkUrl;_InitializeBitbucketGitSourceLinkUrl" (previous value: ";_InitializeGitHubSourceLinkUrl;_InitializeGitLabSourceLinkUrl;_InitializeAzureReposGitSourceLinkUrl") at /usr/lib64/dotnet/sdk/10.0.101/Sdks/Microsoft.SourceLink.Bitbucket.Git/build/Microsoft.SourceLink.Bitbucket.Git.targets (12,5)
       /usr/lib64/dotnet/sdk/10.0.101/Sdks/Microsoft.SourceLink.Bitbucket.Git/build/Microsoft.SourceLink.Bitbucket.Git.targets(13,5): message : Property reassignment: $(SourceControlManagerUrlTranslationTargets)=";TranslateGitHubUrlsInSourceControlInformation;TranslateGitLabUrlsInSourceControlInformation;TranslateAzureReposGitUrlsInSourceControlInformation;TranslateBitbucketGitUrlsInSourceControlInformation" (previous value: ";TranslateGitHubUrlsInSourceControlInformation;TranslateGitLabUrlsInSourceControlInformation;TranslateAzureReposGitUrlsInSourceControlInformation") at /usr/lib64/dotnet/sdk/10.0.101/Sdks/Microsoft.SourceLink.Bitbucket.Git/build/Microsoft.SourceLink.Bitbucket.Git.targets (13,5)
       /usr/lib64/dotnet/sdk/10.0.101/Sdks/Microsoft.NET.Sdk/targets/Microsoft.NET.DesignerSupport.targets(21,5): message : Property reassignment: $(DesignerRuntimeImplementationProjectOutputGroupDependsOn)="
       /usr/lib64/dotnet/sdk/10.0.101/Sdks/Microsoft.NET.Sdk/targets/Microsoft.NET.DesignerSupport.targets(21,5): message :       
       /usr/lib64/dotnet/sdk/10.0.101/Sdks/Microsoft.NET.Sdk/targets/Microsoft.NET.DesignerSupport.targets(21,5): message :       ;
       /usr/lib64/dotnet/sdk/10.0.101/Sdks/Microsoft.NET.Sdk/targets/Microsoft.NET.DesignerSupport.targets(21,5): message :       
       /usr/lib64/dotnet/sdk/10.0.101/Sdks/Microsoft.NET.Sdk/targets/Microsoft.NET.DesignerSupport.targets(21,5): message :       ;
       /usr/lib64/dotnet/sdk/10.0.101/Sdks/Microsoft.NET.Sdk/targets/Microsoft.NET.DesignerSupport.targets(21,5): message :       BuildOnlySettings;
       /usr/lib64/dotnet/sdk/10.0.101/Sdks/Microsoft.NET.Sdk/targets/Microsoft.NET.DesignerSupport.targets(21,5): message :       PrepareForBuild;
       /usr/lib64/dotnet/sdk/10.0.101/Sdks/Microsoft.NET.Sdk/targets/Microsoft.NET.DesignerSupport.targets(21,5): message :       AssignTargetPaths;
       /usr/lib64/dotnet/sdk/10.0.101/Sdks/Microsoft.NET.Sdk/targets/Microsoft.NET.DesignerSupport.targets(21,5): message :       ResolveReferences
       /usr/lib64/dotnet/sdk/10.0.101/Sdks/Microsoft.NET.Sdk/targets/Microsoft.NET.DesignerSupport.targets(21,5): message :     
       /usr/lib64/dotnet/sdk/10.0.101/Sdks/Microsoft.NET.Sdk/targets/Microsoft.NET.DesignerSupport.targets(21,5): message :     ;
       /usr/lib64/dotnet/sdk/10.0.101/Sdks/Microsoft.NET.Sdk/targets/Microsoft.NET.DesignerSupport.targets(21,5): message :       _GenerateDesignerDepsFile;
       /usr/lib64/dotnet/sdk/10.0.101/Sdks/Microsoft.NET.Sdk/targets/Microsoft.NET.DesignerSupport.targets(21,5): message :       _GenerateDesignerRuntimeConfigFile;
       /usr/lib64/dotnet/sdk/10.0.101/Sdks/Microsoft.NET.Sdk/targets/Microsoft.NET.DesignerSupport.targets(21,5): message :       GetCopyToOutputDirectoryItems;
       /usr/lib64/dotnet/sdk/10.0.101/Sdks/Microsoft.NET.Sdk/targets/Microsoft.NET.DesignerSupport.targets(21,5): message :       _GatherDesignerShadowCopyFiles;
       /usr/lib64/dotnet/sdk/10.0.101/Sdks/Microsoft.NET.Sdk/targets/Microsoft.NET.DesignerSupport.targets(21,5): message :     " (previous value: "
       /usr/lib64/dotnet/sdk/10.0.101/Sdks/Microsoft.NET.Sdk/targets/Microsoft.NET.DesignerSupport.targets(21,5): message :       ;
       /usr/lib64/dotnet/sdk/10.0.101/Sdks/Microsoft.NET.Sdk/targets/Microsoft.NET.DesignerSupport.targets(21,5): message :       
       /usr/lib64/dotnet/sdk/10.0.101/Sdks/Microsoft.NET.Sdk/targets/Microsoft.NET.DesignerSupport.targets(21,5): message :       ;
       /usr/lib64/dotnet/sdk/10.0.101/Sdks/Microsoft.NET.Sdk/targets/Microsoft.NET.DesignerSupport.targets(21,5): message :       BuildOnlySettings;
       /usr/lib64/dotnet/sdk/10.0.101/Sdks/Microsoft.NET.Sdk/targets/Microsoft.NET.DesignerSupport.targets(21,5): message :       PrepareForBuild;
       /usr/lib64/dotnet/sdk/10.0.101/Sdks/Microsoft.NET.Sdk/targets/Microsoft.NET.DesignerSupport.targets(21,5): message :       AssignTargetPaths;
       /usr/lib64/dotnet/sdk/10.0.101/Sdks/Microsoft.NET.Sdk/targets/Microsoft.NET.DesignerSupport.targets(21,5): message :       ResolveReferences
       /usr/lib64/dotnet/sdk/10.0.101/Sdks/Microsoft.NET.Sdk/targets/Microsoft.NET.DesignerSupport.targets(21,5): message :     
       /usr/lib64/dotnet/sdk/10.0.101/Sdks/Microsoft.NET.Sdk/targets/Microsoft.NET.DesignerSupport.targets(21,5): message :     ") at /usr/lib64/dotnet/sdk/10.0.101/Sdks/Microsoft.NET.Sdk/targets/Microsoft.NET.DesignerSupport.targets (21,5)
       /usr/lib64/dotnet/sdk/10.0.101/Sdks/Microsoft.NET.Sdk/targets/Microsoft.NET.Sdk.CSharp.targets(31,5): message : Property reassignment: $(DefineConstants)="TRACE;DEBUG" (previous value: "TRACE") at /usr/lib64/dotnet/sdk/10.0.101/Sdks/Microsoft.NET.Sdk/targets/Microsoft.NET.Sdk.CSharp.targets (31,5)
       /usr/lib64/dotnet/sdk/10.0.101/Sdks/Microsoft.NET.Sdk/targets/Microsoft.NET.Sdk.CSharp.targets(45,5): message : Property reassignment: $(WarningsAsErrors)=";NU1605;SYSLIB0011" (previous value: ";NU1605") at /usr/lib64/dotnet/sdk/10.0.101/Sdks/Microsoft.NET.Sdk/targets/Microsoft.NET.Sdk.CSharp.targets (45,5)
       /usr/lib64/dotnet/sdk/10.0.101/NuGet.Build.Tasks.Pack.targets(34,5): message : Property reassignment: $(PackageDescription)="Package Description" (previous value: "") at /usr/lib64/dotnet/sdk/10.0.101/NuGet.Build.Tasks.Pack.targets (34,5)
       /usr/lib64/dotnet/sdk/10.0.101/NuGet.Build.Tasks.Pack.targets(59,5): message : Property reassignment: $(GenerateNuspecDependsOn)="Build;_LoadPackInputItems; _GetTargetFrameworksOutput; _WalkEachTargetPerFramework; _GetPackageFiles; " (previous value: "_LoadPackInputItems; _GetTargetFrameworksOutput; _WalkEachTargetPerFramework; _GetPackageFiles; ") at /usr/lib64/dotnet/sdk/10.0.101/NuGet.Build.Tasks.Pack.targets (59,5)
       /usr/lib64/dotnet/sdk/10.0.101/Sdks/Microsoft.NET.Sdk/Sdk/Sdk.targets(59,5): message : Property reassignment: $(_IsNotSetContainersTargetsDir)="true" (previous value: "false") at /usr/lib64/dotnet/sdk/10.0.101/Sdks/Microsoft.NET.Sdk/Sdk/Sdk.targets (59,5)
       /usr/lib64/dotnet/sdk/10.0.101/Containers/build/Microsoft.NET.Build.Containers.targets(5,5): message : Property reassignment: $(_IsSDKContainerAllowedVersion)="true" (previous value: "false") at /usr/lib64/dotnet/sdk/10.0.101/Containers/build/Microsoft.NET.Build.Containers.targets (5,5)
       /usr/lib64/dotnet/sdk/10.0.101/Containers/build/Microsoft.NET.Build.Containers.targets(15,5): message : Property reassignment: $(_ContainerIsTargetingNet8TFM)="true" (previous value: "false") at /usr/lib64/dotnet/sdk/10.0.101/Containers/build/Microsoft.NET.Build.Containers.targets (15,5)
       /usr/lib64/dotnet/sdk/10.0.101/Microsoft.Common.CurrentVersion.targets(2606,5): message : Property 'LocalAppData' with value '/home/baturhan/.local/share' expanded from the environment.
       /usr/lib64/dotnet/sdk/10.0.101/Microsoft.Common.CurrentVersion.targets(3934,5): message : Property reassignment: $(_SGenGenerateSerializationAssembliesConfig)="Auto" (previous value: "") at /usr/lib64/dotnet/sdk/10.0.101/Microsoft.Common.CurrentVersion.targets (3934,5)
       /usr/lib64/dotnet/sdk/10.0.101/Microsoft.Common.CurrentVersion.targets(3935,5): message : Property reassignment: $(_SGenGenerateSerializationAssembliesConfig)="Off" (previous value: "Auto") at /usr/lib64/dotnet/sdk/10.0.101/Microsoft.Common.CurrentVersion.targets (3935,5)
       /usr/lib64/dotnet/sdk/10.0.101/Microsoft.Common.CurrentVersion.targets(5146,5): message : Property reassignment: $(_TargetsThatPrepareProjectReferences)="
       /usr/lib64/dotnet/sdk/10.0.101/Microsoft.Common.CurrentVersion.targets(5146,5): message :       AssignProjectConfiguration;
       /usr/lib64/dotnet/sdk/10.0.101/Microsoft.Common.CurrentVersion.targets(5146,5): message :       _SplitProjectReferencesByFileExistence
       /usr/lib64/dotnet/sdk/10.0.101/Microsoft.Common.CurrentVersion.targets(5146,5): message :     " (previous value: "_SplitProjectReferencesByFileExistence") at /usr/lib64/dotnet/sdk/10.0.101/Microsoft.Common.CurrentVersion.targets (5146,5)
       /usr/lib64/dotnet/sdk/10.0.101/Microsoft.Common.CurrentVersion.targets(6959,5): message : Property 'MSBuildExtensionsPath32' with value '/usr/lib64/dotnet/sdk/10.0.101' expanded from the environment.
       The "NuGetInteractive" property is a global property, and cannot be modified.
       Overriding target "ResolveFrameworkReferences" in project "/usr/lib64/dotnet/sdk/10.0.101/Microsoft.Common.CurrentVersion.targets" with target "ResolveFrameworkReferences" from project "/usr/lib64/dotnet/sdk/10.0.101/Sdks/Microsoft.NET.Sdk/targets/Microsoft.NET.Sdk.FrameworkReferenceResolution.targets".
       Overriding target "GenerateSupportedTargetFrameworkAlias" in project "/usr/lib64/dotnet/sdk/10.0.101/Microsoft.Common.CurrentVersion.targets" with target "GenerateSupportedTargetFrameworkAlias" from project "/usr/lib64/dotnet/sdk/10.0.101/Sdks/Microsoft.NET.Sdk/targets/Microsoft.NET.Sdk.targets".
       Overriding target "GetReferenceAssemblyPaths" in project "/usr/lib64/dotnet/sdk/10.0.101/Microsoft.Common.CurrentVersion.targets" with target "GetReferenceAssemblyPaths" from project "/usr/lib64/dotnet/sdk/10.0.101/Sdks/Microsoft.NET.Sdk/targets/Microsoft.NET.DisableStandardFrameworkResolution.targets".
       Overriding target "GetFrameworkPaths" in project "/usr/lib64/dotnet/sdk/10.0.101/Microsoft.Common.CurrentVersion.targets" with target "GetFrameworkPaths" from project "/usr/lib64/dotnet/sdk/10.0.101/Sdks/Microsoft.NET.Sdk/targets/Microsoft.NET.DisableStandardFrameworkResolution.targets".
       Overriding target "DesignerRuntimeImplementationProjectOutputGroup" in project "/usr/lib64/dotnet/sdk/10.0.101/Microsoft.Common.CurrentVersion.targets" with target "DesignerRuntimeImplementationProjectOutputGroup" from project "/usr/lib64/dotnet/sdk/10.0.101/Sdks/Microsoft.NET.Sdk/targets/Microsoft.NET.DesignerSupport.targets".
       Overriding target "Publish" in project "/usr/lib64/dotnet/sdk/10.0.101/Microsoft.Common.CurrentVersion.targets" with target "Publish" from project "/usr/lib64/dotnet/sdk/10.0.101/Sdks/Microsoft.NET.Sdk/targets/Microsoft.NET.Publish.targets".
       Overriding target "ResolveReadyToRunCompilers" in project "/usr/lib64/dotnet/sdk/10.0.101/Sdks/Microsoft.NET.Sdk/targets/Microsoft.NET.CrossGen.targets" with target "ResolveReadyToRunCompilers" from project "/usr/lib64/dotnet/sdk/10.0.101/Sdks/Microsoft.NET.Sdk/targets/Microsoft.NET.Publish.targets".
       Overriding target "GetCopyToPublishDirectoryItems" in project "/usr/lib64/dotnet/sdk/10.0.101/Microsoft.Common.CurrentVersion.targets" with target "GetCopyToPublishDirectoryItems" from project "/usr/lib64/dotnet/sdk/10.0.101/Sdks/Microsoft.NET.Sdk/targets/Microsoft.NET.Publish.targets".
       Overriding target "Run" in project "/usr/lib64/dotnet/sdk/10.0.101/Microsoft.Common.CurrentVersion.targets" with target "Run" from project "/usr/lib64/dotnet/sdk/10.0.101/Sdks/Microsoft.NET.Sdk/targets/Microsoft.NET.Sdk.targets".
       /usr/lib64/dotnet/sdk/10.0.101/Sdks/Microsoft.NET.Sdk/targets/Microsoft.PackageDependencyResolution.targets(24,5): message : Property reassignment: $(ProjectAssetsFile)="/home/baturhan/Projeler/Entegrasyon/Application/Entegrasyon.DataAccess/obj/project.assets.json" (previous value: "/home/baturhan/Projeler/Entegrasyon/Application/Entegrasyon.DataAccess/obj//project.assets.json") at /usr/lib64/dotnet/sdk/10.0.101/Sdks/Microsoft.NET.Sdk/targets/Microsoft.PackageDependencyResolution.targets (24,5)
       /usr/lib64/dotnet/sdk/10.0.101/Sdks/Microsoft.NET.Sdk/targets/Microsoft.PackageDependencyResolution.targets(29,5): message : Property reassignment: $(ProjectAssetsCacheFile)="/home/baturhan/Projeler/Entegrasyon/Application/Entegrasyon.DataAccess/obj/Debug/net8.0/Entegrasyon.DataAccess.assets.cache" (previous value: "obj/Debug/net8.0/Entegrasyon.DataAccess.assets.cache") at /usr/lib64/dotnet/sdk/10.0.101/Sdks/Microsoft.NET.Sdk/targets/Microsoft.PackageDependencyResolution.targets (29,5)
       /usr/lib64/dotnet/sdk/10.0.101/Sdks/Microsoft.NET.Sdk/targets/Microsoft.PackageDependencyResolution.targets(80,5): message : Property reassignment: $(ResolveAssemblyReferencesDependsOn)="
       /usr/lib64/dotnet/sdk/10.0.101/Sdks/Microsoft.NET.Sdk/targets/Microsoft.PackageDependencyResolution.targets(80,5): message :       
       /usr/lib64/dotnet/sdk/10.0.101/Sdks/Microsoft.NET.Sdk/targets/Microsoft.PackageDependencyResolution.targets(80,5): message :       ResolveProjectReferences;
       /usr/lib64/dotnet/sdk/10.0.101/Sdks/Microsoft.NET.Sdk/targets/Microsoft.PackageDependencyResolution.targets(80,5): message :       FindInvalidProjectReferences;
       /usr/lib64/dotnet/sdk/10.0.101/Sdks/Microsoft.NET.Sdk/targets/Microsoft.PackageDependencyResolution.targets(80,5): message :       GetFrameworkPaths;
       /usr/lib64/dotnet/sdk/10.0.101/Sdks/Microsoft.NET.Sdk/targets/Microsoft.PackageDependencyResolution.targets(80,5): message :       GetReferenceAssemblyPaths;
       /usr/lib64/dotnet/sdk/10.0.101/Sdks/Microsoft.NET.Sdk/targets/Microsoft.PackageDependencyResolution.targets(80,5): message :       PrepareForBuild;
       /usr/lib64/dotnet/sdk/10.0.101/Sdks/Microsoft.NET.Sdk/targets/Microsoft.PackageDependencyResolution.targets(80,5): message :       ResolveSDKReferences;
       /usr/lib64/dotnet/sdk/10.0.101/Sdks/Microsoft.NET.Sdk/targets/Microsoft.PackageDependencyResolution.targets(80,5): message :       ExpandSDKReferences;
       /usr/lib64/dotnet/sdk/10.0.101/Sdks/Microsoft.NET.Sdk/targets/Microsoft.PackageDependencyResolution.targets(80,5): message :     ;
       /usr/lib64/dotnet/sdk/10.0.101/Sdks/Microsoft.NET.Sdk/targets/Microsoft.PackageDependencyResolution.targets(80,5): message :       ResolvePackageDependenciesForBuild;
       /usr/lib64/dotnet/sdk/10.0.101/Sdks/Microsoft.NET.Sdk/targets/Microsoft.PackageDependencyResolution.targets(80,5): message :       _HandlePackageFileConflicts;
       /usr/lib64/dotnet/sdk/10.0.101/Sdks/Microsoft.NET.Sdk/targets/Microsoft.PackageDependencyResolution.targets(80,5): message :     " (previous value: "
       /usr/lib64/dotnet/sdk/10.0.101/Sdks/Microsoft.NET.Sdk/targets/Microsoft.PackageDependencyResolution.targets(80,5): message :       ResolveProjectReferences;
       /usr/lib64/dotnet/sdk/10.0.101/Sdks/Microsoft.NET.Sdk/targets/Microsoft.PackageDependencyResolution.targets(80,5): message :       FindInvalidProjectReferences;
       /usr/lib64/dotnet/sdk/10.0.101/Sdks/Microsoft.NET.Sdk/targets/Microsoft.PackageDependencyResolution.targets(80,5): message :       GetFrameworkPaths;
       /usr/lib64/dotnet/sdk/10.0.101/Sdks/Microsoft.NET.Sdk/targets/Microsoft.PackageDependencyResolution.targets(80,5): message :       GetReferenceAssemblyPaths;
       /usr/lib64/dotnet/sdk/10.0.101/Sdks/Microsoft.NET.Sdk/targets/Microsoft.PackageDependencyResolution.targets(80,5): message :       PrepareForBuild;
       /usr/lib64/dotnet/sdk/10.0.101/Sdks/Microsoft.NET.Sdk/targets/Microsoft.PackageDependencyResolution.targets(80,5): message :       ResolveSDKReferences;
       /usr/lib64/dotnet/sdk/10.0.101/Sdks/Microsoft.NET.Sdk/targets/Microsoft.PackageDependencyResolution.targets(80,5): message :       ExpandSDKReferences;
       /usr/lib64/dotnet/sdk/10.0.101/Sdks/Microsoft.NET.Sdk/targets/Microsoft.PackageDependencyResolution.targets(80,5): message :     ") at /usr/lib64/dotnet/sdk/10.0.101/Sdks/Microsoft.NET.Sdk/targets/Microsoft.PackageDependencyResolution.targets (80,5)
       /usr/lib64/dotnet/sdk/10.0.101/Sdks/Microsoft.NET.Sdk/targets/Microsoft.PackageDependencyResolution.targets(86,5): message : Property reassignment: $(PrepareResourcesDependsOn)="
       /usr/lib64/dotnet/sdk/10.0.101/Sdks/Microsoft.NET.Sdk/targets/Microsoft.PackageDependencyResolution.targets(86,5): message :       ResolvePackageDependenciesForBuild;
       /usr/lib64/dotnet/sdk/10.0.101/Sdks/Microsoft.NET.Sdk/targets/Microsoft.PackageDependencyResolution.targets(86,5): message :       _HandlePackageFileConflicts;
       /usr/lib64/dotnet/sdk/10.0.101/Sdks/Microsoft.NET.Sdk/targets/Microsoft.PackageDependencyResolution.targets(86,5): message :       
       /usr/lib64/dotnet/sdk/10.0.101/Sdks/Microsoft.NET.Sdk/targets/Microsoft.PackageDependencyResolution.targets(86,5): message :       ;
       /usr/lib64/dotnet/sdk/10.0.101/Sdks/Microsoft.NET.Sdk/targets/Microsoft.PackageDependencyResolution.targets(86,5): message :       PrepareResourceNames;
       /usr/lib64/dotnet/sdk/10.0.101/Sdks/Microsoft.NET.Sdk/targets/Microsoft.PackageDependencyResolution.targets(86,5): message :       ResGen;
       /usr/lib64/dotnet/sdk/10.0.101/Sdks/Microsoft.NET.Sdk/targets/Microsoft.PackageDependencyResolution.targets(86,5): message :       CompileLicxFiles
       /usr/lib64/dotnet/sdk/10.0.101/Sdks/Microsoft.NET.Sdk/targets/Microsoft.PackageDependencyResolution.targets(86,5): message :     
       /usr/lib64/dotnet/sdk/10.0.101/Sdks/Microsoft.NET.Sdk/targets/Microsoft.PackageDependencyResolution.targets(86,5): message :     " (previous value: "
       /usr/lib64/dotnet/sdk/10.0.101/Sdks/Microsoft.NET.Sdk/targets/Microsoft.PackageDependencyResolution.targets(86,5): message :       ;
       /usr/lib64/dotnet/sdk/10.0.101/Sdks/Microsoft.NET.Sdk/targets/Microsoft.PackageDependencyResolution.targets(86,5): message :       PrepareResourceNames;
       /usr/lib64/dotnet/sdk/10.0.101/Sdks/Microsoft.NET.Sdk/targets/Microsoft.PackageDependencyResolution.targets(86,5): message :       ResGen;
       /usr/lib64/dotnet/sdk/10.0.101/Sdks/Microsoft.NET.Sdk/targets/Microsoft.PackageDependencyResolution.targets(86,5): message :       CompileLicxFiles
       /usr/lib64/dotnet/sdk/10.0.101/Sdks/Microsoft.NET.Sdk/targets/Microsoft.PackageDependencyResolution.targets(86,5): message :     ") at /usr/lib64/dotnet/sdk/10.0.101/Sdks/Microsoft.NET.Sdk/targets/Microsoft.PackageDependencyResolution.targets (86,5)
       Overriding target "ResolveFrameworkReferences" in project "/usr/lib64/dotnet/sdk/10.0.101/Microsoft.Common.CurrentVersion.targets" with target "ResolveFrameworkReferences" from project "/usr/lib64/dotnet/sdk/10.0.101/Sdks/Microsoft.NET.Sdk/targets/Microsoft.NET.Sdk.FrameworkReferenceResolution.targets".
       Overriding target "GenerateSupportedTargetFrameworkAlias" in project "/usr/lib64/dotnet/sdk/10.0.101/Microsoft.Common.CurrentVersion.targets" with target "GenerateSupportedTargetFrameworkAlias" from project "/usr/lib64/dotnet/sdk/10.0.101/Sdks/Microsoft.NET.Sdk/targets/Microsoft.NET.Sdk.targets".
       Overriding target "GetReferenceAssemblyPaths" in project "/usr/lib64/dotnet/sdk/10.0.101/Microsoft.Common.CurrentVersion.targets" with target "GetReferenceAssemblyPaths" from project "/usr/lib64/dotnet/sdk/10.0.101/Sdks/Microsoft.NET.Sdk/targets/Microsoft.NET.DisableStandardFrameworkResolution.targets".
       Overriding target "GetFrameworkPaths" in project "/usr/lib64/dotnet/sdk/10.0.101/Microsoft.Common.CurrentVersion.targets" with target "GetFrameworkPaths" from project "/usr/lib64/dotnet/sdk/10.0.101/Sdks/Microsoft.NET.Sdk/targets/Microsoft.NET.DisableStandardFrameworkResolution.targets".
       Overriding target "DesignerRuntimeImplementationProjectOutputGroup" in project "/usr/lib64/dotnet/sdk/10.0.101/Microsoft.Common.CurrentVersion.targets" with target "DesignerRuntimeImplementationProjectOutputGroup" from project "/usr/lib64/dotnet/sdk/10.0.101/Sdks/Microsoft.NET.Sdk/targets/Microsoft.NET.DesignerSupport.targets".
       Overriding target "Publish" in project "/usr/lib64/dotnet/sdk/10.0.101/Microsoft.Common.CurrentVersion.targets" with target "Publish" from project "/usr/lib64/dotnet/sdk/10.0.101/Sdks/Microsoft.NET.Sdk/targets/Microsoft.NET.Publish.targets".
       Overriding target "ResolveReadyToRunCompilers" in project "/usr/lib64/dotnet/sdk/10.0.101/Sdks/Microsoft.NET.Sdk/targets/Microsoft.NET.CrossGen.targets" with target "ResolveReadyToRunCompilers" from project "/usr/lib64/dotnet/sdk/10.0.101/Sdks/Microsoft.NET.Sdk/targets/Microsoft.NET.Publish.targets".
       The "EnableDefaultCompileItems" property is a global property, and cannot be modified.
       The "EnableDefaultEmbeddedResourceItems" property is a global property, and cannot be modified.
       Overriding target "GetCopyToPublishDirectoryItems" in project "/usr/lib64/dotnet/sdk/10.0.101/Microsoft.Common.CurrentVersion.targets" with target "GetCopyToPublishDirectoryItems" from project "/usr/lib64/dotnet/sdk/10.0.101/Sdks/Microsoft.NET.Sdk/targets/Microsoft.NET.Publish.targets".
       The "EnableDefaultNoneItems" property is a global property, and cannot be modified.
       Overriding target "Run" in project "/usr/lib64/dotnet/sdk/10.0.101/Microsoft.Common.CurrentVersion.targets" with target "Run" from project "/usr/lib64/dotnet/sdk/10.0.101/Sdks/Microsoft.NET.Sdk/targets/Microsoft.NET.Sdk.targets".
       /usr/lib64/dotnet/sdk/10.0.101/Sdks/Microsoft.NET.Sdk/targets/Microsoft.NET.Sdk.DefaultItems.targets(35,5): message : Property reassignment: $(DefaultItemExcludes)=";bin/Debug//**;obj/Debug//**;bin//**" (previous value: ";bin/Debug//**;obj/Debug//**") at /usr/lib64/dotnet/sdk/10.0.101/Sdks/Microsoft.NET.Sdk/targets/Microsoft.NET.Sdk.DefaultItems.targets (35,5)
       /usr/lib64/dotnet/sdk/10.0.101/Sdks/Microsoft.NET.Sdk/targets/Microsoft.NET.Sdk.DefaultItems.targets(37,5): message : Property reassignment: $(DefaultItemExcludes)=";bin/Debug//**;obj/Debug//**;bin//**;obj//**" (previous value: ";bin/Debug//**;obj/Debug//**;bin//**") at /usr/lib64/dotnet/sdk/10.0.101/Sdks/Microsoft.NET.Sdk/targets/Microsoft.NET.Sdk.DefaultItems.targets (37,5)
       /usr/lib64/dotnet/sdk/10.0.101/Sdks/Microsoft.NET.Sdk/targets/Microsoft.NET.Sdk.DefaultItems.targets(40,5): message : Property reassignment: $(DefaultItemExcludes)=";bin/Debug//**;obj/Debug//**;bin//**;obj//**;**/*.user" (previous value: ";bin/Debug//**;obj/Debug//**;bin//**;obj//**") at /usr/lib64/dotnet/sdk/10.0.101/Sdks/Microsoft.NET.Sdk/targets/Microsoft.NET.Sdk.DefaultItems.targets (40,5)
       /usr/lib64/dotnet/sdk/10.0.101/Sdks/Microsoft.NET.Sdk/targets/Microsoft.NET.Sdk.DefaultItems.targets(41,5): message : Property reassignment: $(DefaultItemExcludes)=";bin/Debug//**;obj/Debug//**;bin//**;obj//**;**/*.user;**/*.*proj" (previous value: ";bin/Debug//**;obj/Debug//**;bin//**;obj//**;**/*.user") at /usr/lib64/dotnet/sdk/10.0.101/Sdks/Microsoft.NET.Sdk/targets/Microsoft.NET.Sdk.DefaultItems.targets (41,5)
       /usr/lib64/dotnet/sdk/10.0.101/Sdks/Microsoft.NET.Sdk/targets/Microsoft.NET.Sdk.DefaultItems.targets(42,5): message : Property reassignment: $(DefaultItemExcludes)=";bin/Debug//**;obj/Debug//**;bin//**;obj//**;**/*.user;**/*.*proj;**/*.sln" (previous value: ";bin/Debug//**;obj/Debug//**;bin//**;obj//**;**/*.user;**/*.*proj") at /usr/lib64/dotnet/sdk/10.0.101/Sdks/Microsoft.NET.Sdk/targets/Microsoft.NET.Sdk.DefaultItems.targets (42,5)
       /usr/lib64/dotnet/sdk/10.0.101/Sdks/Microsoft.NET.Sdk/targets/Microsoft.NET.Sdk.DefaultItems.targets(43,5): message : Property reassignment: $(DefaultItemExcludes)=";bin/Debug//**;obj/Debug//**;bin//**;obj//**;**/*.user;**/*.*proj;**/*.sln;**/*.slnx" (previous value: ";bin/Debug//**;obj/Debug//**;bin//**;obj//**;**/*.user;**/*.*proj;**/*.sln") at /usr/lib64/dotnet/sdk/10.0.101/Sdks/Microsoft.NET.Sdk/targets/Microsoft.NET.Sdk.DefaultItems.targets (43,5)
       /usr/lib64/dotnet/sdk/10.0.101/Sdks/Microsoft.NET.Sdk/targets/Microsoft.NET.Sdk.DefaultItems.targets(44,5): message : Property reassignment: $(DefaultItemExcludes)=";bin/Debug//**;obj/Debug//**;bin//**;obj//**;**/*.user;**/*.*proj;**/*.sln;**/*.slnx;**/*.vssscc" (previous value: ";bin/Debug//**;obj/Debug//**;bin//**;obj//**;**/*.user;**/*.*proj;**/*.sln;**/*.slnx") at /usr/lib64/dotnet/sdk/10.0.101/Sdks/Microsoft.NET.Sdk/targets/Microsoft.NET.Sdk.DefaultItems.targets (44,5)
       /usr/lib64/dotnet/sdk/10.0.101/Sdks/Microsoft.NET.Sdk/targets/Microsoft.NET.Sdk.DefaultItems.targets(45,5): message : Property reassignment: $(DefaultItemExcludes)=";bin/Debug//**;obj/Debug//**;bin//**;obj//**;**/*.user;**/*.*proj;**/*.sln;**/*.slnx;**/*.vssscc;**/.DS_Store" (previous value: ";bin/Debug//**;obj/Debug//**;bin//**;obj//**;**/*.user;**/*.*proj;**/*.sln;**/*.slnx;**/*.vssscc") at /usr/lib64/dotnet/sdk/10.0.101/Sdks/Microsoft.NET.Sdk/targets/Microsoft.NET.Sdk.DefaultItems.targets (45,5)
       /usr/lib64/dotnet/sdk/10.0.101/Sdks/Microsoft.NET.Sdk/targets/Microsoft.NET.Sdk.FrameworkReferenceResolution.targets(14,5): message : Property reassignment: $(ResolveAssemblyReferencesDependsOn)="
       /usr/lib64/dotnet/sdk/10.0.101/Sdks/Microsoft.NET.Sdk/targets/Microsoft.NET.Sdk.FrameworkReferenceResolution.targets(14,5): message :       
       /usr/lib64/dotnet/sdk/10.0.101/Sdks/Microsoft.NET.Sdk/targets/Microsoft.NET.Sdk.FrameworkReferenceResolution.targets(14,5): message :       
       /usr/lib64/dotnet/sdk/10.0.101/Sdks/Microsoft.NET.Sdk/targets/Microsoft.NET.Sdk.FrameworkReferenceResolution.targets(14,5): message :       ResolveProjectReferences;
       /usr/lib64/dotnet/sdk/10.0.101/Sdks/Microsoft.NET.Sdk/targets/Microsoft.NET.Sdk.FrameworkReferenceResolution.targets(14,5): message :       FindInvalidProjectReferences;
       /usr/lib64/dotnet/sdk/10.0.101/Sdks/Microsoft.NET.Sdk/targets/Microsoft.NET.Sdk.FrameworkReferenceResolution.targets(14,5): message :       GetFrameworkPaths;
       /usr/lib64/dotnet/sdk/10.0.101/Sdks/Microsoft.NET.Sdk/targets/Microsoft.NET.Sdk.FrameworkReferenceResolution.targets(14,5): message :       GetReferenceAssemblyPaths;
       /usr/lib64/dotnet/sdk/10.0.101/Sdks/Microsoft.NET.Sdk/targets/Microsoft.NET.Sdk.FrameworkReferenceResolution.targets(14,5): message :       PrepareForBuild;
       /usr/lib64/dotnet/sdk/10.0.101/Sdks/Microsoft.NET.Sdk/targets/Microsoft.NET.Sdk.FrameworkReferenceResolution.targets(14,5): message :       ResolveSDKReferences;
       /usr/lib64/dotnet/sdk/10.0.101/Sdks/Microsoft.NET.Sdk/targets/Microsoft.NET.Sdk.FrameworkReferenceResolution.targets(14,5): message :       ExpandSDKReferences;
       /usr/lib64/dotnet/sdk/10.0.101/Sdks/Microsoft.NET.Sdk/targets/Microsoft.NET.Sdk.FrameworkReferenceResolution.targets(14,5): message :     ;
       /usr/lib64/dotnet/sdk/10.0.101/Sdks/Microsoft.NET.Sdk/targets/Microsoft.NET.Sdk.FrameworkReferenceResolution.targets(14,5): message :       ResolvePackageDependenciesForBuild;
       /usr/lib64/dotnet/sdk/10.0.101/Sdks/Microsoft.NET.Sdk/targets/Microsoft.NET.Sdk.FrameworkReferenceResolution.targets(14,5): message :       _HandlePackageFileConflicts;
       /usr/lib64/dotnet/sdk/10.0.101/Sdks/Microsoft.NET.Sdk/targets/Microsoft.NET.Sdk.FrameworkReferenceResolution.targets(14,5): message :     ;
       /usr/lib64/dotnet/sdk/10.0.101/Sdks/Microsoft.NET.Sdk/targets/Microsoft.NET.Sdk.FrameworkReferenceResolution.targets(14,5): message :       ResolveTargetingPackAssets;
       /usr/lib64/dotnet/sdk/10.0.101/Sdks/Microsoft.NET.Sdk/targets/Microsoft.NET.Sdk.FrameworkReferenceResolution.targets(14,5): message :     " (previous value: "
       /usr/lib64/dotnet/sdk/10.0.101/Sdks/Microsoft.NET.Sdk/targets/Microsoft.NET.Sdk.FrameworkReferenceResolution.targets(14,5): message :       
       /usr/lib64/dotnet/sdk/10.0.101/Sdks/Microsoft.NET.Sdk/targets/Microsoft.NET.Sdk.FrameworkReferenceResolution.targets(14,5): message :       ResolveProjectReferences;
       /usr/lib64/dotnet/sdk/10.0.101/Sdks/Microsoft.NET.Sdk/targets/Microsoft.NET.Sdk.FrameworkReferenceResolution.targets(14,5): message :       FindInvalidProjectReferences;
       /usr/lib64/dotnet/sdk/10.0.101/Sdks/Microsoft.NET.Sdk/targets/Microsoft.NET.Sdk.FrameworkReferenceResolution.targets(14,5): message :       GetFrameworkPaths;
       /usr/lib64/dotnet/sdk/10.0.101/Sdks/Microsoft.NET.Sdk/targets/Microsoft.NET.Sdk.FrameworkReferenceResolution.targets(14,5): message :       GetReferenceAssemblyPaths;
       /usr/lib64/dotnet/sdk/10.0.101/Sdks/Microsoft.NET.Sdk/targets/Microsoft.NET.Sdk.FrameworkReferenceResolution.targets(14,5): message :       PrepareForBuild;
       /usr/lib64/dotnet/sdk/10.0.101/Sdks/Microsoft.NET.Sdk/targets/Microsoft.NET.Sdk.FrameworkReferenceResolution.targets(14,5): message :       ResolveSDKReferences;
       /usr/lib64/dotnet/sdk/10.0.101/Sdks/Microsoft.NET.Sdk/targets/Microsoft.NET.Sdk.FrameworkReferenceResolution.targets(14,5): message :       ExpandSDKReferences;
       /usr/lib64/dotnet/sdk/10.0.101/Sdks/Microsoft.NET.Sdk/targets/Microsoft.NET.Sdk.FrameworkReferenceResolution.targets(14,5): message :     ;
       /usr/lib64/dotnet/sdk/10.0.101/Sdks/Microsoft.NET.Sdk/targets/Microsoft.NET.Sdk.FrameworkReferenceResolution.targets(14,5): message :       ResolvePackageDependenciesForBuild;
       /usr/lib64/dotnet/sdk/10.0.101/Sdks/Microsoft.NET.Sdk/targets/Microsoft.NET.Sdk.FrameworkReferenceResolution.targets(14,5): message :       _HandlePackageFileConflicts;
       /usr/lib64/dotnet/sdk/10.0.101/Sdks/Microsoft.NET.Sdk/targets/Microsoft.NET.Sdk.FrameworkReferenceResolution.targets(14,5): message :     ") at /usr/lib64/dotnet/sdk/10.0.101/Sdks/Microsoft.NET.Sdk/targets/Microsoft.NET.Sdk.FrameworkReferenceResolution.targets (14,5)
       /usr/lib64/dotnet/sdk/10.0.101/Sdks/Microsoft.NET.Sdk/targets/Microsoft.NET.Sdk.targets(44,5): message : Property reassignment: $(_GenerateRuntimeConfigurationPropertyInputsCache)="/home/baturhan/Projeler/Entegrasyon/Application/Entegrasyon.DataAccess/obj/Debug/net8.0/Entegrasyon.DataAccess.genruntimeconfig.cache" (previous value: "obj/Debug/net8.0/Entegrasyon.DataAccess.genruntimeconfig.cache") at /usr/lib64/dotnet/sdk/10.0.101/Sdks/Microsoft.NET.Sdk/targets/Microsoft.NET.Sdk.targets (44,5)
       /usr/lib64/dotnet/sdk/10.0.101/Sdks/Microsoft.NET.Sdk/targets/Microsoft.NET.Sdk.targets(46,5): message : Property reassignment: $(_GeneratePublishDependencyFilePropertyInputsCache)="/home/baturhan/Projeler/Entegrasyon/Application/Entegrasyon.DataAccess/obj/Debug/net8.0/Entegrasyon.DataAccess.genpublishdeps.cache" (previous value: "obj/Debug/net8.0/Entegrasyon.DataAccess.genpublishdeps.cache") at /usr/lib64/dotnet/sdk/10.0.101/Sdks/Microsoft.NET.Sdk/targets/Microsoft.NET.Sdk.targets (46,5)
       /usr/lib64/dotnet/sdk/10.0.101/Sdks/Microsoft.NET.Sdk/targets/Microsoft.NET.Sdk.targets(48,5): message : Property reassignment: $(_GenerateSingleFileBundlePropertyInputsCache)="/home/baturhan/Projeler/Entegrasyon/Application/Entegrasyon.DataAccess/obj/Debug/net8.0/Entegrasyon.DataAccess.genbundle.cache" (previous value: "obj/Debug/net8.0/Entegrasyon.DataAccess.genbundle.cache") at /usr/lib64/dotnet/sdk/10.0.101/Sdks/Microsoft.NET.Sdk/targets/Microsoft.NET.Sdk.targets (48,5)
       /usr/lib64/dotnet/sdk/10.0.101/Sdks/Microsoft.NET.Sdk/targets/Microsoft.NET.Sdk.targets(81,5): message : Property reassignment: $(GenerateRuntimeConfigDevFile)="false" (previous value: "true") at /usr/lib64/dotnet/sdk/10.0.101/Sdks/Microsoft.NET.Sdk/targets/Microsoft.NET.Sdk.targets (81,5)
       /usr/lib64/dotnet/sdk/10.0.101/Sdks/Microsoft.NET.Sdk/targets/Microsoft.NET.Sdk.targets(97,5): message : Property 'HOME' with value '/home/baturhan' expanded from the environment.
       /usr/lib64/dotnet/sdk/10.0.101/Sdks/Microsoft.NET.Sdk/targets/Microsoft.NET.Sdk.targets(99,5): message : Property reassignment: $(_DefaultUserProfileRuntimeStorePath)="/home/baturhan/.dotnet/store" (previous value: "/home/baturhan") at /usr/lib64/dotnet/sdk/10.0.101/Sdks/Microsoft.NET.Sdk/targets/Microsoft.NET.Sdk.targets (99,5)
       Reusing node 5 (PID: 582561).
       /usr/lib64/dotnet/sdk/10.0.101/Sdks/Microsoft.NET.Sdk/targets/Microsoft.NET.Sdk.targets(144,5): message : Property reassignment: $(AvailablePlatforms)="Any CPU,x86,x64,ARM32" (previous value: "Any CPU,x86,x64") at /usr/lib64/dotnet/sdk/10.0.101/Sdks/Microsoft.NET.Sdk/targets/Microsoft.NET.Sdk.targets (144,5)
       /usr/lib64/dotnet/sdk/10.0.101/Sdks/Microsoft.NET.Sdk/targets/Microsoft.NET.Sdk.targets(148,5): message : Property reassignment: $(AvailablePlatforms)="Any CPU,x86,x64,ARM32,ARM64" (previous value: "Any CPU,x86,x64,ARM32") at /usr/lib64/dotnet/sdk/10.0.101/Sdks/Microsoft.NET.Sdk/targets/Microsoft.NET.Sdk.targets (148,5)
       Reusing node 4 (PID: 582560).
       /usr/lib64/dotnet/sdk/10.0.101/Sdks/Microsoft.NET.Sdk/targets/Microsoft.NET.Sdk.targets(204,5): message : Property reassignment: $(CoreBuildDependsOn)="
       /usr/lib64/dotnet/sdk/10.0.101/Sdks/Microsoft.NET.Sdk/targets/Microsoft.NET.Sdk.targets(204,5): message :       _CheckForBuildWithNoBuild;
       /usr/lib64/dotnet/sdk/10.0.101/Sdks/Microsoft.NET.Sdk/targets/Microsoft.NET.Sdk.targets(204,5): message :       
       /usr/lib64/dotnet/sdk/10.0.101/Sdks/Microsoft.NET.Sdk/targets/Microsoft.NET.Sdk.targets(204,5): message :       BuildOnlySettings;
       /usr/lib64/dotnet/sdk/10.0.101/Sdks/Microsoft.NET.Sdk/targets/Microsoft.NET.Sdk.targets(204,5): message :       PrepareForBuild;
       /usr/lib64/dotnet/sdk/10.0.101/Sdks/Microsoft.NET.Sdk/targets/Microsoft.NET.Sdk.targets(204,5): message :       PreBuildEvent;
       /usr/lib64/dotnet/sdk/10.0.101/Sdks/Microsoft.NET.Sdk/targets/Microsoft.NET.Sdk.targets(204,5): message :       ResolveReferences;
       /usr/lib64/dotnet/sdk/10.0.101/Sdks/Microsoft.NET.Sdk/targets/Microsoft.NET.Sdk.targets(204,5): message :       PrepareResources;
       /usr/lib64/dotnet/sdk/10.0.101/Sdks/Microsoft.NET.Sdk/targets/Microsoft.NET.Sdk.targets(204,5): message :       ResolveKeySource;
       /usr/lib64/dotnet/sdk/10.0.101/Sdks/Microsoft.NET.Sdk/targets/Microsoft.NET.Sdk.targets(204,5): message :       Compile;
       /usr/lib64/dotnet/sdk/10.0.101/Sdks/Microsoft.NET.Sdk/targets/Microsoft.NET.Sdk.targets(204,5): message :       ExportWindowsMDFile;
       /usr/lib64/dotnet/sdk/10.0.101/Sdks/Microsoft.NET.Sdk/targets/Microsoft.NET.Sdk.targets(204,5): message :       UnmanagedUnregistration;
       /usr/lib64/dotnet/sdk/10.0.101/Sdks/Microsoft.NET.Sdk/targets/Microsoft.NET.Sdk.targets(204,5): message :       GenerateSerializationAssemblies;
       /usr/lib64/dotnet/sdk/10.0.101/Sdks/Microsoft.NET.Sdk/targets/Microsoft.NET.Sdk.targets(204,5): message :       CreateSatelliteAssemblies;
       /usr/lib64/dotnet/sdk/10.0.101/Sdks/Microsoft.NET.Sdk/targets/Microsoft.NET.Sdk.targets(204,5): message :       GenerateManifests;
       /usr/lib64/dotnet/sdk/10.0.101/Sdks/Microsoft.NET.Sdk/targets/Microsoft.NET.Sdk.targets(204,5): message :       GetTargetPath;
       /usr/lib64/dotnet/sdk/10.0.101/Sdks/Microsoft.NET.Sdk/targets/Microsoft.NET.Sdk.targets(204,5): message :       PrepareForRun;
       /usr/lib64/dotnet/sdk/10.0.101/Sdks/Microsoft.NET.Sdk/targets/Microsoft.NET.Sdk.targets(204,5): message :       UnmanagedRegistration;
       /usr/lib64/dotnet/sdk/10.0.101/Sdks/Microsoft.NET.Sdk/targets/Microsoft.NET.Sdk.targets(204,5): message :       IncrementalClean;
       /usr/lib64/dotnet/sdk/10.0.101/Sdks/Microsoft.NET.Sdk/targets/Microsoft.NET.Sdk.targets(204,5): message :       PostBuildEvent
       /usr/lib64/dotnet/sdk/10.0.101/Sdks/Microsoft.NET.Sdk/targets/Microsoft.NET.Sdk.targets(204,5): message :     ;
       /usr/lib64/dotnet/sdk/10.0.101/Sdks/Microsoft.NET.Sdk/targets/Microsoft.NET.Sdk.targets(204,5): message :       GenerateBuildDependencyFile;
       /usr/lib64/dotnet/sdk/10.0.101/Sdks/Microsoft.NET.Sdk/targets/Microsoft.NET.Sdk.targets(204,5): message :       GenerateBuildRuntimeConfigurationFiles
       /usr/lib64/dotnet/sdk/10.0.101/Sdks/Microsoft.NET.Sdk/targets/Microsoft.NET.Sdk.targets(204,5): message :     " (previous value: "
       /usr/lib64/dotnet/sdk/10.0.101/Sdks/Microsoft.NET.Sdk/targets/Microsoft.NET.Sdk.targets(204,5): message :       BuildOnlySettings;
       /usr/lib64/dotnet/sdk/10.0.101/Sdks/Microsoft.NET.Sdk/targets/Microsoft.NET.Sdk.targets(204,5): message :       PrepareForBuild;
       /usr/lib64/dotnet/sdk/10.0.101/Sdks/Microsoft.NET.Sdk/targets/Microsoft.NET.Sdk.targets(204,5): message :       PreBuildEvent;
       /usr/lib64/dotnet/sdk/10.0.101/Sdks/Microsoft.NET.Sdk/targets/Microsoft.NET.Sdk.targets(204,5): message :       ResolveReferences;
       /usr/lib64/dotnet/sdk/10.0.101/Sdks/Microsoft.NET.Sdk/targets/Microsoft.NET.Sdk.targets(204,5): message :       PrepareResources;
       /usr/lib64/dotnet/sdk/10.0.101/Sdks/Microsoft.NET.Sdk/targets/Microsoft.NET.Sdk.targets(204,5): message :       ResolveKeySource;
       /usr/lib64/dotnet/sdk/10.0.101/Sdks/Microsoft.NET.Sdk/targets/Microsoft.NET.Sdk.targets(204,5): message :       Compile;
       /usr/lib64/dotnet/sdk/10.0.101/Sdks/Microsoft.NET.Sdk/targets/Microsoft.NET.Sdk.targets(204,5): message :       ExportWindowsMDFile;
       /usr/lib64/dotnet/sdk/10.0.101/Sdks/Microsoft.NET.Sdk/targets/Microsoft.NET.Sdk.targets(204,5): message :       UnmanagedUnregistration;
       /usr/lib64/dotnet/sdk/10.0.101/Sdks/Microsoft.NET.Sdk/targets/Microsoft.NET.Sdk.targets(204,5): message :       GenerateSerializationAssemblies;
       /usr/lib64/dotnet/sdk/10.0.101/Sdks/Microsoft.NET.Sdk/targets/Microsoft.NET.Sdk.targets(204,5): message :       CreateSatelliteAssemblies;
       /usr/lib64/dotnet/sdk/10.0.101/Sdks/Microsoft.NET.Sdk/targets/Microsoft.NET.Sdk.targets(204,5): message :       GenerateManifests;
       /usr/lib64/dotnet/sdk/10.0.101/Sdks/Microsoft.NET.Sdk/targets/Microsoft.NET.Sdk.targets(204,5): message :       GetTargetPath;
       /usr/lib64/dotnet/sdk/10.0.101/Sdks/Microsoft.NET.Sdk/targets/Microsoft.NET.Sdk.targets(204,5): message :       PrepareForRun;
       /usr/lib64/dotnet/sdk/10.0.101/Sdks/Microsoft.NET.Sdk/targets/Microsoft.NET.Sdk.targets(204,5): message :       UnmanagedRegistration;
       /usr/lib64/dotnet/sdk/10.0.101/Sdks/Microsoft.NET.Sdk/targets/Microsoft.NET.Sdk.targets(204,5): message :       IncrementalClean;
       /usr/lib64/dotnet/sdk/10.0.101/Sdks/Microsoft.NET.Sdk/targets/Microsoft.NET.Sdk.targets(204,5): message :       PostBuildEvent
       /usr/lib64/dotnet/sdk/10.0.101/Sdks/Microsoft.NET.Sdk/targets/Microsoft.NET.Sdk.targets(204,5): message :     ") at /usr/lib64/dotnet/sdk/10.0.101/Sdks/Microsoft.NET.Sdk/targets/Microsoft.NET.Sdk.targets (204,5)
       /usr/lib64/dotnet/sdk/10.0.101/Sdks/Microsoft.NET.Sdk/targets/Microsoft.NET.Sdk.targets(213,5): message : Property reassignment: $(CoreCleanDependsOn)="
       /usr/lib64/dotnet/sdk/10.0.101/Sdks/Microsoft.NET.Sdk/targets/Microsoft.NET.Sdk.targets(213,5): message :       _SdkBeforeClean;
       /usr/lib64/dotnet/sdk/10.0.101/Sdks/Microsoft.NET.Sdk/targets/Microsoft.NET.Sdk.targets(213,5): message :       
       /usr/lib64/dotnet/sdk/10.0.101/Sdks/Microsoft.NET.Sdk/targets/Microsoft.NET.Sdk.targets(213,5): message :     " (previous value: "") at /usr/lib64/dotnet/sdk/10.0.101/Sdks/Microsoft.NET.Sdk/targets/Microsoft.NET.Sdk.targets (213,5)
       /usr/lib64/dotnet/sdk/10.0.101/Sdks/Microsoft.NET.Sdk/targets/Microsoft.NET.Sdk.targets(220,5): message : Property reassignment: $(RebuildDependsOn)="
       /usr/lib64/dotnet/sdk/10.0.101/Sdks/Microsoft.NET.Sdk/targets/Microsoft.NET.Sdk.targets(220,5): message :       _SdkBeforeRebuild;
       /usr/lib64/dotnet/sdk/10.0.101/Sdks/Microsoft.NET.Sdk/targets/Microsoft.NET.Sdk.targets(220,5): message :       
       /usr/lib64/dotnet/sdk/10.0.101/Sdks/Microsoft.NET.Sdk/targets/Microsoft.NET.Sdk.targets(220,5): message :       BeforeRebuild;
       /usr/lib64/dotnet/sdk/10.0.101/Sdks/Microsoft.NET.Sdk/targets/Microsoft.NET.Sdk.targets(220,5): message :       Clean;
       /usr/lib64/dotnet/sdk/10.0.101/Sdks/Microsoft.NET.Sdk/targets/Microsoft.NET.Sdk.targets(220,5): message :       Build;
       /usr/lib64/dotnet/sdk/10.0.101/Sdks/Microsoft.NET.Sdk/targets/Microsoft.NET.Sdk.targets(220,5): message :       AfterRebuild;
       /usr/lib64/dotnet/sdk/10.0.101/Sdks/Microsoft.NET.Sdk/targets/Microsoft.NET.Sdk.targets(220,5): message :     
       /usr/lib64/dotnet/sdk/10.0.101/Sdks/Microsoft.NET.Sdk/targets/Microsoft.NET.Sdk.targets(220,5): message :     " (previous value: "
       /usr/lib64/dotnet/sdk/10.0.101/Sdks/Microsoft.NET.Sdk/targets/Microsoft.NET.Sdk.targets(220,5): message :       BeforeRebuild;
       /usr/lib64/dotnet/sdk/10.0.101/Sdks/Microsoft.NET.Sdk/targets/Microsoft.NET.Sdk.targets(220,5): message :       Clean;
       /usr/lib64/dotnet/sdk/10.0.101/Sdks/Microsoft.NET.Sdk/targets/Microsoft.NET.Sdk.targets(220,5): message :       Build;
       /usr/lib64/dotnet/sdk/10.0.101/Sdks/Microsoft.NET.Sdk/targets/Microsoft.NET.Sdk.targets(220,5): message :       AfterRebuild;
       /usr/lib64/dotnet/sdk/10.0.101/Sdks/Microsoft.NET.Sdk/targets/Microsoft.NET.Sdk.targets(220,5): message :     ") at /usr/lib64/dotnet/sdk/10.0.101/Sdks/Microsoft.NET.Sdk/targets/Microsoft.NET.Sdk.targets (220,5)
       /usr/lib64/dotnet/sdk/10.0.101/Sdks/Microsoft.NET.Sdk/targets/Microsoft.NET.Sdk.targets(799,5): message : Property reassignment: $(CompileDependsOn)="
       /usr/lib64/dotnet/sdk/10.0.101/Sdks/Microsoft.NET.Sdk/targets/Microsoft.NET.Sdk.targets(799,5): message :       
       /usr/lib64/dotnet/sdk/10.0.101/Sdks/Microsoft.NET.Sdk/targets/Microsoft.NET.Sdk.targets(799,5): message :       ResolveReferences;
       /usr/lib64/dotnet/sdk/10.0.101/Sdks/Microsoft.NET.Sdk/targets/Microsoft.NET.Sdk.targets(799,5): message :       ResolveKeySource;
       /usr/lib64/dotnet/sdk/10.0.101/Sdks/Microsoft.NET.Sdk/targets/Microsoft.NET.Sdk.targets(799,5): message :       SetWin32ManifestProperties;
       /usr/lib64/dotnet/sdk/10.0.101/Sdks/Microsoft.NET.Sdk/targets/Microsoft.NET.Sdk.targets(799,5): message :       _SetPreferNativeArm64Win32ManifestProperties;
       /usr/lib64/dotnet/sdk/10.0.101/Sdks/Microsoft.NET.Sdk/targets/Microsoft.NET.Sdk.targets(799,5): message :       FindReferenceAssembliesForReferences;
       /usr/lib64/dotnet/sdk/10.0.101/Sdks/Microsoft.NET.Sdk/targets/Microsoft.NET.Sdk.targets(799,5): message :       _GenerateCompileInputs;
       /usr/lib64/dotnet/sdk/10.0.101/Sdks/Microsoft.NET.Sdk/targets/Microsoft.NET.Sdk.targets(799,5): message :       BeforeCompile;
       /usr/lib64/dotnet/sdk/10.0.101/Sdks/Microsoft.NET.Sdk/targets/Microsoft.NET.Sdk.targets(799,5): message :       _TimeStampBeforeCompile;
       /usr/lib64/dotnet/sdk/10.0.101/Sdks/Microsoft.NET.Sdk/targets/Microsoft.NET.Sdk.targets(799,5): message :       _GenerateCompileDependencyCache;
       /usr/lib64/dotnet/sdk/10.0.101/Sdks/Microsoft.NET.Sdk/targets/Microsoft.NET.Sdk.targets(799,5): message :       CoreCompile;
       /usr/lib64/dotnet/sdk/10.0.101/Sdks/Microsoft.NET.Sdk/targets/Microsoft.NET.Sdk.targets(799,5): message :       _TimeStampAfterCompile;
       /usr/lib64/dotnet/sdk/10.0.101/Sdks/Microsoft.NET.Sdk/targets/Microsoft.NET.Sdk.targets(799,5): message :       AfterCompile;
       /usr/lib64/dotnet/sdk/10.0.101/Sdks/Microsoft.NET.Sdk/targets/Microsoft.NET.Sdk.targets(799,5): message :     ;
       /usr/lib64/dotnet/sdk/10.0.101/Sdks/Microsoft.NET.Sdk/targets/Microsoft.NET.Sdk.targets(799,5): message :       _CreateAppHost;
       /usr/lib64/dotnet/sdk/10.0.101/Sdks/Microsoft.NET.Sdk/targets/Microsoft.NET.Sdk.targets(799,5): message :       _CreateComHost;
       /usr/lib64/dotnet/sdk/10.0.101/Sdks/Microsoft.NET.Sdk/targets/Microsoft.NET.Sdk.targets(799,5): message :       _GetIjwHostPaths;
       /usr/lib64/dotnet/sdk/10.0.101/Sdks/Microsoft.NET.Sdk/targets/Microsoft.NET.Sdk.targets(799,5): message :     " (previous value: "
       /usr/lib64/dotnet/sdk/10.0.101/Sdks/Microsoft.NET.Sdk/targets/Microsoft.NET.Sdk.targets(799,5): message :       ResolveReferences;
       /usr/lib64/dotnet/sdk/10.0.101/Sdks/Microsoft.NET.Sdk/targets/Microsoft.NET.Sdk.targets(799,5): message :       ResolveKeySource;
       /usr/lib64/dotnet/sdk/10.0.101/Sdks/Microsoft.NET.Sdk/targets/Microsoft.NET.Sdk.targets(799,5): message :       SetWin32ManifestProperties;
       /usr/lib64/dotnet/sdk/10.0.101/Sdks/Microsoft.NET.Sdk/targets/Microsoft.NET.Sdk.targets(799,5): message :       _SetPreferNativeArm64Win32ManifestProperties;
       /usr/lib64/dotnet/sdk/10.0.101/Sdks/Microsoft.NET.Sdk/targets/Microsoft.NET.Sdk.targets(799,5): message :       FindReferenceAssembliesForReferences;
       /usr/lib64/dotnet/sdk/10.0.101/Sdks/Microsoft.NET.Sdk/targets/Microsoft.NET.Sdk.targets(799,5): message :       _GenerateCompileInputs;
       /usr/lib64/dotnet/sdk/10.0.101/Sdks/Microsoft.NET.Sdk/targets/Microsoft.NET.Sdk.targets(799,5): message :       BeforeCompile;
       /usr/lib64/dotnet/sdk/10.0.101/Sdks/Microsoft.NET.Sdk/targets/Microsoft.NET.Sdk.targets(799,5): message :       _TimeStampBeforeCompile;
       /usr/lib64/dotnet/sdk/10.0.101/Sdks/Microsoft.NET.Sdk/targets/Microsoft.NET.Sdk.targets(799,5): message :       _GenerateCompileDependencyCache;
       /usr/lib64/dotnet/sdk/10.0.101/Sdks/Microsoft.NET.Sdk/targets/Microsoft.NET.Sdk.targets(799,5): message :       CoreCompile;
       /usr/lib64/dotnet/sdk/10.0.101/Sdks/Microsoft.NET.Sdk/targets/Microsoft.NET.Sdk.targets(799,5): message :       _TimeStampAfterCompile;
       /usr/lib64/dotnet/sdk/10.0.101/Sdks/Microsoft.NET.Sdk/targets/Microsoft.NET.Sdk.targets(799,5): message :       AfterCompile;
       /usr/lib64/dotnet/sdk/10.0.101/Sdks/Microsoft.NET.Sdk/targets/Microsoft.NET.Sdk.targets(799,5): message :     ") at /usr/lib64/dotnet/sdk/10.0.101/Sdks/Microsoft.NET.Sdk/targets/Microsoft.NET.Sdk.targets (799,5)
       /usr/lib64/dotnet/sdk/10.0.101/Sdks/Microsoft.NET.Sdk/targets/Microsoft.NET.Sdk.targets(1131,5): message : Property reassignment: $(CreateSatelliteAssembliesDependsOn)="
       /usr/lib64/dotnet/sdk/10.0.101/Sdks/Microsoft.NET.Sdk/targets/Microsoft.NET.Sdk.targets(1131,5): message :       
       /usr/lib64/dotnet/sdk/10.0.101/Sdks/Microsoft.NET.Sdk/targets/Microsoft.NET.Sdk.targets(1131,5): message :       ;
       /usr/lib64/dotnet/sdk/10.0.101/Sdks/Microsoft.NET.Sdk/targets/Microsoft.NET.Sdk.targets(1131,5): message :       _GenerateSatelliteAssemblyInputs;
       /usr/lib64/dotnet/sdk/10.0.101/Sdks/Microsoft.NET.Sdk/targets/Microsoft.NET.Sdk.targets(1131,5): message :       ComputeIntermediateSatelliteAssemblies;
       /usr/lib64/dotnet/sdk/10.0.101/Sdks/Microsoft.NET.Sdk/targets/Microsoft.NET.Sdk.targets(1131,5): message :       GenerateSatelliteAssemblies
       /usr/lib64/dotnet/sdk/10.0.101/Sdks/Microsoft.NET.Sdk/targets/Microsoft.NET.Sdk.targets(1131,5): message :     ;
       /usr/lib64/dotnet/sdk/10.0.101/Sdks/Microsoft.NET.Sdk/targets/Microsoft.NET.Sdk.targets(1131,5): message :       CoreGenerateSatelliteAssemblies
       /usr/lib64/dotnet/sdk/10.0.101/Sdks/Microsoft.NET.Sdk/targets/Microsoft.NET.Sdk.targets(1131,5): message :     " (previous value: "
       /usr/lib64/dotnet/sdk/10.0.101/Sdks/Microsoft.NET.Sdk/targets/Microsoft.NET.Sdk.targets(1131,5): message :       ;
       /usr/lib64/dotnet/sdk/10.0.101/Sdks/Microsoft.NET.Sdk/targets/Microsoft.NET.Sdk.targets(1131,5): message :       _GenerateSatelliteAssemblyInputs;
       /usr/lib64/dotnet/sdk/10.0.101/Sdks/Microsoft.NET.Sdk/targets/Microsoft.NET.Sdk.targets(1131,5): message :       ComputeIntermediateSatelliteAssemblies;
       /usr/lib64/dotnet/sdk/10.0.101/Sdks/Microsoft.NET.Sdk/targets/Microsoft.NET.Sdk.targets(1131,5): message :       GenerateSatelliteAssemblies
       /usr/lib64/dotnet/sdk/10.0.101/Sdks/Microsoft.NET.Sdk/targets/Microsoft.NET.Sdk.targets(1131,5): message :     ") at /usr/lib64/dotnet/sdk/10.0.101/Sdks/Microsoft.NET.Sdk/targets/Microsoft.NET.Sdk.targets (1131,5)
   1:3>Project "/home/baturhan/Projeler/Entegrasyon/Application/Entegrasyon.Blazor/Entegrasyon.Blazor.csproj" (1:3) is building "/home/baturhan/Projeler/Entegrasyon/Application/Entegrasyon.MessageQueue/Entegrasyon.MessageQueue.Handler.csproj" (3) on node 2 (_GenerateRestoreProjectPathWalk target(s)).
     3>Target "_GenerateRestoreProjectPathItemsPerFramework" in file "/usr/lib64/dotnet/sdk/10.0.101/NuGet.targets" from project "/home/baturhan/Projeler/Entegrasyon/Application/Entegrasyon.MessageQueue/Entegrasyon.MessageQueue.Handler.csproj" (target "_GenerateRestoreProjectPathItemsCurrentProject" depends on it):
     3>Using "ConvertToAbsolutePath" task from assembly "Microsoft.Build.Tasks.Core, Version=15.1.0.0, Culture=neutral, PublicKeyToken=b03f5f7f11d50a3a".
       Task "ConvertToAbsolutePath"
       Done executing task "ConvertToAbsolutePath".
     0>/usr/lib64/dotnet/sdk/10.0.101/Sdks/Microsoft.SourceLink.GitLab/build/Microsoft.SourceLink.GitLab.targets(12,5): message : Property reassignment: $(SourceLinkUrlInitializerTargets)=";_InitializeGitHubSourceLinkUrl;_InitializeGitLabSourceLinkUrl" (previous value: ";_InitializeGitHubSourceLinkUrl") at /usr/lib64/dotnet/sdk/10.0.101/Sdks/Microsoft.SourceLink.GitLab/build/Microsoft.SourceLink.GitLab.targets (12,5)
       /usr/lib64/dotnet/sdk/10.0.101/Sdks/Microsoft.SourceLink.GitLab/build/Microsoft.SourceLink.GitLab.targets(13,5): message : Property reassignment: $(SourceControlManagerUrlTranslationTargets)=";TranslateGitHubUrlsInSourceControlInformation;TranslateGitLabUrlsInSourceControlInformation" (previous value: ";TranslateGitHubUrlsInSourceControlInformation") at /usr/lib64/dotnet/sdk/10.0.101/Sdks/Microsoft.SourceLink.GitLab/build/Microsoft.SourceLink.GitLab.targets (13,5)
       /usr/lib64/dotnet/sdk/10.0.101/Sdks/Microsoft.SourceLink.AzureRepos.Git/build/Microsoft.SourceLink.AzureRepos.Git.targets(12,5): message : Property reassignment: $(SourceLinkUrlInitializerTargets)=";_InitializeGitHubSourceLinkUrl;_InitializeGitLabSourceLinkUrl;_InitializeAzureReposGitSourceLinkUrl" (previous value: ";_InitializeGitHubSourceLinkUrl;_InitializeGitLabSourceLinkUrl") at /usr/lib64/dotnet/sdk/10.0.101/Sdks/Microsoft.SourceLink.AzureRepos.Git/build/Microsoft.SourceLink.AzureRepos.Git.targets (12,5)
       /usr/lib64/dotnet/sdk/10.0.101/Sdks/Microsoft.SourceLink.AzureRepos.Git/build/Microsoft.SourceLink.AzureRepos.Git.targets(13,5): message : Property reassignment: $(SourceControlManagerUrlTranslationTargets)=";TranslateGitHubUrlsInSourceControlInformation;TranslateGitLabUrlsInSourceControlInformation;TranslateAzureReposGitUrlsInSourceControlInformation" (previous value: ";TranslateGitHubUrlsInSourceControlInformation;TranslateGitLabUrlsInSourceControlInformation") at /usr/lib64/dotnet/sdk/10.0.101/Sdks/Microsoft.SourceLink.AzureRepos.Git/build/Microsoft.SourceLink.AzureRepos.Git.targets (13,5)
     3>Done building target "_GenerateRestoreProjectPathItemsPerFramework" in project "Entegrasyon.MessageQueue.Handler.csproj".
     3>Target "_GenerateRestoreProjectPathItemsCurrentProject" in file "/usr/lib64/dotnet/sdk/10.0.101/NuGet.targets" from project "/home/baturhan/Projeler/Entegrasyon/Application/Entegrasyon.MessageQueue/Entegrasyon.MessageQueue.Handler.csproj" (target "_GenerateRestoreProjectPathItems" depends on it):
     3>Done building target "_GenerateRestoreProjectPathItemsCurrentProject" in project "Entegrasyon.MessageQueue.Handler.csproj".
     3>Target "_GenerateRestoreProjectPathItems" in file "/usr/lib64/dotnet/sdk/10.0.101/NuGet.targets" from project "/home/baturhan/Projeler/Entegrasyon/Application/Entegrasyon.MessageQueue/Entegrasyon.MessageQueue.Handler.csproj" (target "_GenerateRestoreProjectPathWalk" depends on it):
       Using "RemoveDuplicates" task from assembly "Microsoft.Build.Tasks.Core, Version=15.1.0.0, Culture=neutral, PublicKeyToken=b03f5f7f11d50a3a".
     0>/usr/lib64/dotnet/sdk/10.0.101/Sdks/Microsoft.SourceLink.Bitbucket.Git/build/Microsoft.SourceLink.Bitbucket.Git.targets(12,5): message : Property reassignment: $(SourceLinkUrlInitializerTargets)=";_InitializeGitHubSourceLinkUrl;_InitializeGitLabSourceLinkUrl;_InitializeAzureReposGitSourceLinkUrl;_InitializeBitbucketGitSourceLinkUrl" (previous value: ";_InitializeGitHubSourceLinkUrl;_InitializeGitLabSourceLinkUrl;_InitializeAzureReposGitSourceLinkUrl") at /usr/lib64/dotnet/sdk/10.0.101/Sdks/Microsoft.SourceLink.Bitbucket.Git/build/Microsoft.SourceLink.Bitbucket.Git.targets (12,5)
       /usr/lib64/dotnet/sdk/10.0.101/Sdks/Microsoft.SourceLink.Bitbucket.Git/build/Microsoft.SourceLink.Bitbucket.Git.targets(13,5): message : Property reassignment: $(SourceControlManagerUrlTranslationTargets)=";TranslateGitHubUrlsInSourceControlInformation;TranslateGitLabUrlsInSourceControlInformation;TranslateAzureReposGitUrlsInSourceControlInformation;TranslateBitbucketGitUrlsInSourceControlInformation" (previous value: ";TranslateGitHubUrlsInSourceControlInformation;TranslateGitLabUrlsInSourceControlInformation;TranslateAzureReposGitUrlsInSourceControlInformation") at /usr/lib64/dotnet/sdk/10.0.101/Sdks/Microsoft.SourceLink.Bitbucket.Git/build/Microsoft.SourceLink.Bitbucket.Git.targets (13,5)
     3>Task "RemoveDuplicates"
       Done executing task "RemoveDuplicates".
     3>Done building target "_GenerateRestoreProjectPathItems" in project "Entegrasyon.MessageQueue.Handler.csproj".
     3>Target "_GenerateRestoreProjectPathWalk" in file "/usr/lib64/dotnet/sdk/10.0.101/NuGet.targets" from project "/home/baturhan/Projeler/Entegrasyon/Application/Entegrasyon.MessageQueue/Entegrasyon.MessageQueue.Handler.csproj" (entry point):
       Using "MSBuild" task from assembly "Microsoft.Build.Tasks.Core, Version=15.1.0.0, Culture=neutral, PublicKeyToken=b03f5f7f11d50a3a".
       Task "MSBuild"
         Global Properties:
           ExcludeRestorePackageImports=true
     0>/usr/lib64/dotnet/sdk/10.0.101/Sdks/Microsoft.NET.Sdk/targets/Microsoft.NET.DesignerSupport.targets(21,5): message : Property reassignment: $(DesignerRuntimeImplementationProjectOutputGroupDependsOn)="
/usr/lib64/dotnet/sdk/10.0.101/Sdks/Microsoft.NET.Sdk/targets/Microsoft.NET.DesignerSupport.targets(21,5): message :       
/usr/lib64/dotnet/sdk/10.0.101/Sdks/Microsoft.NET.Sdk/targets/Microsoft.NET.DesignerSupport.targets(21,5): message :       ;
/usr/lib64/dotnet/sdk/10.0.101/Sdks/Microsoft.NET.Sdk/targets/Microsoft.NET.DesignerSupport.targets(21,5): message :       
/usr/lib64/dotnet/sdk/10.0.101/Sdks/Microsoft.NET.Sdk/targets/Microsoft.NET.DesignerSupport.targets(21,5): message :       ;
/usr/lib64/dotnet/sdk/10.0.101/Sdks/Microsoft.NET.Sdk/targets/Microsoft.NET.DesignerSupport.targets(21,5): message :       BuildOnlySettings;
/usr/lib64/dotnet/sdk/10.0.101/Sdks/Microsoft.NET.Sdk/targets/Microsoft.NET.DesignerSupport.targets(21,5): message :       PrepareForBuild;
/usr/lib64/dotnet/sdk/10.0.101/Sdks/Microsoft.NET.Sdk/targets/Microsoft.NET.DesignerSupport.targets(21,5): message :       AssignTargetPaths;
/usr/lib64/dotnet/sdk/10.0.101/Sdks/Microsoft.NET.Sdk/targets/Microsoft.NET.DesignerSupport.targets(21,5): message :       ResolveReferences
/usr/lib64/dotnet/sdk/10.0.101/Sdks/Microsoft.NET.Sdk/targets/Microsoft.NET.DesignerSupport.targets(21,5): message :     
/usr/lib64/dotnet/sdk/10.0.101/Sdks/Microsoft.NET.Sdk/targets/Microsoft.NET.DesignerSupport.targets(21,5): message :     ;
/usr/lib64/dotnet/sdk/10.0.101/Sdks/Microsoft.NET.Sdk/targets/Microsoft.NET.DesignerSupport.targets(21,5): message :       _GenerateDesignerDepsFile;
/usr/lib64/dotnet/sdk/10.0.101/Sdks/Microsoft.NET.Sdk/targets/Microsoft.NET.DesignerSupport.targets(21,5): message :       _GenerateDesignerRuntimeConfigFile;
/usr/lib64/dotnet/sdk/10.0.101/Sdks/Microsoft.NET.Sdk/targets/Microsoft.NET.DesignerSupport.targets(21,5): message :       GetCopyToOutputDirectoryItems;
/usr/lib64/dotnet/sdk/10.0.101/Sdks/Microsoft.NET.Sdk/targets/Microsoft.NET.DesignerSupport.targets(21,5): message :       _GatherDesignerShadowCopyFiles;
/usr/lib64/dotnet/sdk/10.0.101/Sdks/Microsoft.NET.Sdk/targets/Microsoft.NET.DesignerSupport.targets(21,5): message :     " (previous value: "
/usr/lib64/dotnet/sdk/10.0.101/Sdks/Microsoft.NET.Sdk/targets/Microsoft.NET.DesignerSupport.targets(21,5): message :       ;
/usr/lib64/dotnet/sdk/10.0.101/Sdks/Microsoft.NET.Sdk/targets/Microsoft.NET.DesignerSupport.targets(21,5): message :       
/usr/lib64/dotnet/sdk/10.0.101/Sdks/Microsoft.NET.Sdk/targets/Microsoft.NET.DesignerSupport.targets(21,5): message :       ;
/usr/lib64/dotnet/sdk/10.0.101/Sdks/Microsoft.NET.Sdk/targets/Microsoft.NET.DesignerSupport.targets(21,5): message :       BuildOnlySettings;
/usr/lib64/dotnet/sdk/10.0.101/Sdks/Microsoft.NET.Sdk/targets/Microsoft.NET.DesignerSupport.targets(21,5): message :       PrepareForBuild;
/usr/lib64/dotnet/sdk/10.0.101/Sdks/Microsoft.NET.Sdk/targets/Microsoft.NET.DesignerSupport.targets(21,5): message :       AssignTargetPaths;
/usr/lib64/dotnet/sdk/10.0.101/Sdks/Microsoft.NET.Sdk/targets/Microsoft.NET.DesignerSupport.targets(21,5): message :       ResolveReferences
/usr/lib64/dotnet/sdk/10.0.101/Sdks/Microsoft.NET.Sdk/targets/Microsoft.NET.DesignerSupport.targets(21,5): message :     
/usr/lib64/dotnet/sdk/10.0.101/Sdks/Microsoft.NET.Sdk/targets/Microsoft.NET.DesignerSupport.targets(21,5): message :     ") at /usr/lib64/dotnet/sdk/10.0.101/Sdks/Microsoft.NET.Sdk/targets/Microsoft.NET.DesignerSupport.targets (21,5)
   1:3>Project "/home/baturhan/Projeler/Entegrasyon/Application/Entegrasyon.Blazor/Entegrasyon.Blazor.csproj" (1:3) is building "/home/baturhan/Projeler/Entegrasyon/Application/Entegrasyon.ApplicationBootstrap/Entegrasyon.ApplicationBootstrap.csproj" (4) on node 3 (_GenerateRestoreProjectPathWalk target(s)).
     4>Target "_GenerateRestoreProjectPathItemsPerFramework" in file "/usr/lib64/dotnet/sdk/10.0.101/NuGet.targets" from project "/home/baturhan/Projeler/Entegrasyon/Application/Entegrasyon.ApplicationBootstrap/Entegrasyon.ApplicationBootstrap.csproj" (target "_GenerateRestoreProjectPathItemsCurrentProject" depends on it):
     4>Using "ConvertToAbsolutePath" task from assembly "Microsoft.Build.Tasks.Core, Version=15.1.0.0, Culture=neutral, PublicKeyToken=b03f5f7f11d50a3a".
       Task "ConvertToAbsolutePath"
       Done executing task "ConvertToAbsolutePath".
     4>Done building target "_GenerateRestoreProjectPathItemsPerFramework" in project "Entegrasyon.ApplicationBootstrap.csproj".
     4>Target "_GenerateRestoreProjectPathItemsCurrentProject" in file "/usr/lib64/dotnet/sdk/10.0.101/NuGet.targets" from project "/home/baturhan/Projeler/Entegrasyon/Application/Entegrasyon.ApplicationBootstrap/Entegrasyon.ApplicationBootstrap.csproj" (target "_GenerateRestoreProjectPathItems" depends on it):
     4>Done building target "_GenerateRestoreProjectPathItemsCurrentProject" in project "Entegrasyon.ApplicationBootstrap.csproj".
     4>Target "_GenerateRestoreProjectPathItems" in file "/usr/lib64/dotnet/sdk/10.0.101/NuGet.targets" from project "/home/baturhan/Projeler/Entegrasyon/Application/Entegrasyon.ApplicationBootstrap/Entegrasyon.ApplicationBootstrap.csproj" (target "_GenerateRestoreProjectPathWalk" depends on it):
       Using "RemoveDuplicates" task from assembly "Microsoft.Build.Tasks.Core, Version=15.1.0.0, Culture=neutral, PublicKeyToken=b03f5f7f11d50a3a".
       Task "RemoveDuplicates"
       Done executing task "RemoveDuplicates".
     4>Done building target "_GenerateRestoreProjectPathItems" in project "Entegrasyon.ApplicationBootstrap.csproj".
     4>Target "_GenerateRestoreProjectPathWalk" in file "/usr/lib64/dotnet/sdk/10.0.101/NuGet.targets" from project "/home/baturhan/Projeler/Entegrasyon/Application/Entegrasyon.ApplicationBootstrap/Entegrasyon.ApplicationBootstrap.csproj" (entry point):
       Using "MSBuild" task from assembly "Microsoft.Build.Tasks.Core, Version=15.1.0.0, Culture=neutral, PublicKeyToken=b03f5f7f11d50a3a".
       Task "MSBuild"
         Global Properties:
           ExcludeRestorePackageImports=true
     0>/usr/lib64/dotnet/sdk/10.0.101/Sdks/Microsoft.NET.Sdk/Sdk/Sdk.props(49,11): message : Property 'MSBuildExtensionsPath' with value '/usr/lib64/dotnet/sdk/10.0.101/' expanded from the environment.
       /usr/lib64/dotnet/sdk/10.0.101/Current/Microsoft.Common.props(60,5): message : Property reassignment: $(MSBuildProjectExtensionsPath)="/home/baturhan/Projeler/Entegrasyon/Application/Entegrasyon.MessageQueue.Commands/obj/" (previous value: "obj/") at /usr/lib64/dotnet/sdk/10.0.101/Current/Microsoft.Common.props (60,5)
       /usr/lib64/dotnet/sdk/10.0.101/Current/Microsoft.Common.props(84,119): message : Property 'MSBuildUserExtensionsPath' with value '/home/baturhan/.local/share/Microsoft\MSBuild' expanded from the environment.
       /usr/lib64/dotnet/sdk/10.0.101/Sdks/Microsoft.NET.Sdk/targets/Microsoft.NET.Sdk.props(90,5): message : Property reassignment: $(AssemblySearchPaths)="{CandidateAssemblyFiles};{HintPathFromItem}" (previous value: "{CandidateAssemblyFiles}") at /usr/lib64/dotnet/sdk/10.0.101/Sdks/Microsoft.NET.Sdk/targets/Microsoft.NET.Sdk.props (90,5)
       /usr/lib64/dotnet/sdk/10.0.101/Sdks/Microsoft.NET.Sdk/targets/Microsoft.NET.Sdk.props(91,5): message : Property reassignment: $(AssemblySearchPaths)="{CandidateAssemblyFiles};{HintPathFromItem};{TargetFrameworkDirectory}" (previous value: "{CandidateAssemblyFiles};{HintPathFromItem}") at /usr/lib64/dotnet/sdk/10.0.101/Sdks/Microsoft.NET.Sdk/targets/Microsoft.NET.Sdk.props (91,5)
       /usr/lib64/dotnet/sdk/10.0.101/Sdks/Microsoft.NET.Sdk/targets/Microsoft.NET.Sdk.props(92,5): message : Property reassignment: $(AssemblySearchPaths)="{CandidateAssemblyFiles};{HintPathFromItem};{TargetFrameworkDirectory};{RawFileName}" (previous value: "{CandidateAssemblyFiles};{HintPathFromItem};{TargetFrameworkDirectory}") at /usr/lib64/dotnet/sdk/10.0.101/Sdks/Microsoft.NET.Sdk/targets/Microsoft.NET.Sdk.props (92,5)
       /usr/lib64/dotnet/sdk/10.0.101/Sdks/Microsoft.NET.Sdk/Sdk/Sdk.props(49,11): message : Property 'MSBuildExtensionsPath' with value '/usr/lib64/dotnet/sdk/10.0.101/' expanded from the environment.
       /usr/lib64/dotnet/sdk/10.0.101/Sdks/Microsoft.NET.Sdk/targets/Microsoft.NET.Sdk.CSharp.targets(31,5): message : Property reassignment: $(DefineConstants)="TRACE;DEBUG" (previous value: "TRACE") at /usr/lib64/dotnet/sdk/10.0.101/Sdks/Microsoft.NET.Sdk/targets/Microsoft.NET.Sdk.CSharp.targets (31,5)
       /usr/lib64/dotnet/sdk/10.0.101/Sdks/Microsoft.NET.Sdk/targets/Microsoft.NET.Sdk.CSharp.targets(45,5): message : Property reassignment: $(WarningsAsErrors)=";NU1605;SYSLIB0011" (previous value: ";NU1605") at /usr/lib64/dotnet/sdk/10.0.101/Sdks/Microsoft.NET.Sdk/targets/Microsoft.NET.Sdk.CSharp.targets (45,5)
       /usr/lib64/dotnet/sdk/10.0.101/Current/Microsoft.Common.props(60,5): message : Property reassignment: $(MSBuildProjectExtensionsPath)="/home/baturhan/Projeler/Entegrasyon/Shared/Shared/obj/" (previous value: "obj/") at /usr/lib64/dotnet/sdk/10.0.101/Current/Microsoft.Common.props (60,5)
       /usr/lib64/dotnet/sdk/10.0.101/Current/Microsoft.Common.props(84,119): message : Property 'MSBuildUserExtensionsPath' with value '/home/baturhan/.local/share/Microsoft\MSBuild' expanded from the environment.
       /usr/lib64/dotnet/sdk/10.0.101/Sdks/Microsoft.NET.Sdk/targets/Microsoft.NET.Sdk.ImportPublishProfile.targets(28,5): message : Property reassignment: $(PublishProfileImported)="false" (previous value: "true") at /usr/lib64/dotnet/sdk/10.0.101/Sdks/Microsoft.NET.Sdk/targets/Microsoft.NET.Sdk.ImportPublishProfile.targets (28,5)
       /usr/lib64/dotnet/sdk/10.0.101/Sdks/Microsoft.NET.Sdk/targets/Microsoft.NET.TargetFrameworkInference.targets(81,5): message : Property reassignment: $(TargetPlatformVersion)="" (previous value: "0.0") at /usr/lib64/dotnet/sdk/10.0.101/Sdks/Microsoft.NET.Sdk/targets/Microsoft.NET.TargetFrameworkInference.targets (81,5)
       /usr/lib64/dotnet/sdk/10.0.101/Sdks/Microsoft.NET.Sdk/targets/Microsoft.NET.Sdk.props(90,5): message : Property reassignment: $(AssemblySearchPaths)="{CandidateAssemblyFiles};{HintPathFromItem}" (previous value: "{CandidateAssemblyFiles}") at /usr/lib64/dotnet/sdk/10.0.101/Sdks/Microsoft.NET.Sdk/targets/Microsoft.NET.Sdk.props (90,5)
       /usr/lib64/dotnet/sdk/10.0.101/Sdks/Microsoft.NET.Sdk/targets/Microsoft.NET.Sdk.props(91,5): message : Property reassignment: $(AssemblySearchPaths)="{CandidateAssemblyFiles};{HintPathFromItem};{TargetFrameworkDirectory}" (previous value: "{CandidateAssemblyFiles};{HintPathFromItem}") at /usr/lib64/dotnet/sdk/10.0.101/Sdks/Microsoft.NET.Sdk/targets/Microsoft.NET.Sdk.props (91,5)
       /usr/lib64/dotnet/sdk/10.0.101/Sdks/Microsoft.NET.Sdk/targets/Microsoft.NET.Sdk.props(92,5): message : Property reassignment: $(AssemblySearchPaths)="{CandidateAssemblyFiles};{HintPathFromItem};{TargetFrameworkDirectory};{RawFileName}" (previous value: "{CandidateAssemblyFiles};{HintPathFromItem};{TargetFrameworkDirectory}") at /usr/lib64/dotnet/sdk/10.0.101/Sdks/Microsoft.NET.Sdk/targets/Microsoft.NET.Sdk.props (92,5)
       /usr/lib64/dotnet/sdk/10.0.101/Sdks/Microsoft.NET.Sdk/targets/Microsoft.NET.DefaultOutputPaths.targets(127,5): message : Property reassignment: $(DefaultItemExcludes)=";bin/Debug//**;obj/Debug//**" (previous value: ";bin/Debug//**") at /usr/lib64/dotnet/sdk/10.0.101/Sdks/Microsoft.NET.Sdk/targets/Microsoft.NET.DefaultOutputPaths.targets (127,5)
       /usr/lib64/dotnet/sdk/10.0.101/Sdks/Microsoft.NET.Sdk/targets/Microsoft.NET.DefaultOutputPaths.targets(142,5): message : Property reassignment: $(OutputPath)="bin/Debug/net8.0/" (previous value: "bin/Debug/") at /usr/lib64/dotnet/sdk/10.0.101/Sdks/Microsoft.NET.Sdk/targets/Microsoft.NET.DefaultOutputPaths.targets (142,5)
       /usr/lib64/dotnet/sdk/10.0.101/Sdks/Microsoft.NET.Sdk/targets/Microsoft.NET.DefaultOutputPaths.targets(147,5): message : Property reassignment: $(IntermediateOutputPath)="obj/Debug/net8.0/" (previous value: "obj/Debug/") at /usr/lib64/dotnet/sdk/10.0.101/Sdks/Microsoft.NET.Sdk/targets/Microsoft.NET.DefaultOutputPaths.targets (147,5)
       /usr/lib64/dotnet/sdk/10.0.101/Sdks/Microsoft.NET.Sdk/targets/Microsoft.NET.Sdk.BeforeCommon.targets(371,5): message : Property reassignment: $(RoslynTargetsPath)="/usr/lib64/dotnet/sdk/10.0.101/Sdks/Microsoft.NET.Sdk/targets/../../../Roslyn" (previous value: "/usr/lib64/dotnet/sdk/10.0.101/Roslyn") at /usr/lib64/dotnet/sdk/10.0.101/Sdks/Microsoft.NET.Sdk/targets/Microsoft.NET.Sdk.BeforeCommon.targets (371,5)
       /usr/lib64/dotnet/sdk/10.0.101/NuGet.Build.Tasks.Pack.targets(34,5): message : Property reassignment: $(PackageDescription)="Package Description" (previous value: "") at /usr/lib64/dotnet/sdk/10.0.101/NuGet.Build.Tasks.Pack.targets (34,5)
       /usr/lib64/dotnet/sdk/10.0.101/Roslyn/Microsoft.Managed.Core.targets(6,5): message : Property reassignment: $(_BuildTasksDirectory)="/usr/lib64/dotnet/sdk/10.0.101/Sdks/Microsoft.NET.Sdk/targets/../../../Roslyn/" (previous value: "/usr/lib64/dotnet/sdk/10.0.101/Roslyn/") at /usr/lib64/dotnet/sdk/10.0.101/Roslyn/Microsoft.Managed.Core.targets (6,5)
       /usr/lib64/dotnet/sdk/10.0.101/NuGet.Build.Tasks.Pack.targets(59,5): message : Property reassignment: $(GenerateNuspecDependsOn)="Build;_LoadPackInputItems; _GetTargetFrameworksOutput; _WalkEachTargetPerFramework; _GetPackageFiles; " (previous value: "_LoadPackInputItems; _GetTargetFrameworksOutput; _WalkEachTargetPerFramework; _GetPackageFiles; ") at /usr/lib64/dotnet/sdk/10.0.101/NuGet.Build.Tasks.Pack.targets (59,5)
       /usr/lib64/dotnet/sdk/10.0.101/Roslyn/Microsoft.CSharp.Core.targets(200,5): message : Property reassignment: $(CommandLineArgsForDesignTimeEvaluation)="-langversion:12.0 -define:TRACE" (previous value: "-langversion:12.0") at /usr/lib64/dotnet/sdk/10.0.101/Roslyn/Microsoft.CSharp.Core.targets (200,5)
       /usr/lib64/dotnet/sdk/10.0.101/Sdks/Microsoft.NET.Sdk/Sdk/Sdk.targets(59,5): message : Property reassignment: $(_IsNotSetContainersTargetsDir)="true" (previous value: "false") at /usr/lib64/dotnet/sdk/10.0.101/Sdks/Microsoft.NET.Sdk/Sdk/Sdk.targets (59,5)
       /usr/lib64/dotnet/sdk/10.0.101/Sdks/Microsoft.NET.Sdk/targets/Microsoft.NET.Sdk.ImportPublishProfile.targets(28,5): message : Property reassignment: $(PublishProfileImported)="false" (previous value: "true") at /usr/lib64/dotnet/sdk/10.0.101/Sdks/Microsoft.NET.Sdk/targets/Microsoft.NET.Sdk.ImportPublishProfile.targets (28,5)
       /usr/lib64/dotnet/sdk/10.0.101/Microsoft.Common.CurrentVersion.targets(175,5): message : Property reassignment: $(_DebugSymbolsProduced)="true" (previous value: "false") at /usr/lib64/dotnet/sdk/10.0.101/Microsoft.Common.CurrentVersion.targets (175,5)
       /usr/lib64/dotnet/sdk/10.0.101/Microsoft.Common.CurrentVersion.targets(185,5): message : Property reassignment: $(_DocumentationFileProduced)="false" (previous value: "true") at /usr/lib64/dotnet/sdk/10.0.101/Microsoft.Common.CurrentVersion.targets (185,5)
       /usr/lib64/dotnet/sdk/10.0.101/Sdks/Microsoft.NET.Sdk/targets/Microsoft.NET.TargetFrameworkInference.targets(81,5): message : Property reassignment: $(TargetPlatformVersion)="" (previous value: "0.0") at /usr/lib64/dotnet/sdk/10.0.101/Sdks/Microsoft.NET.Sdk/targets/Microsoft.NET.TargetFrameworkInference.targets (81,5)
       /usr/lib64/dotnet/sdk/10.0.101/Containers/build/Microsoft.NET.Build.Containers.targets(5,5): message : Property reassignment: $(_IsSDKContainerAllowedVersion)="true" (previous value: "false") at /usr/lib64/dotnet/sdk/10.0.101/Containers/build/Microsoft.NET.Build.Containers.targets (5,5)
       /usr/lib64/dotnet/sdk/10.0.101/Containers/build/Microsoft.NET.Build.Containers.targets(15,5): message : Property reassignment: $(_ContainerIsTargetingNet8TFM)="true" (previous value: "false") at /usr/lib64/dotnet/sdk/10.0.101/Containers/build/Microsoft.NET.Build.Containers.targets (15,5)
       /usr/lib64/dotnet/sdk/10.0.101/Microsoft.Common.CurrentVersion.targets(392,5): message : Property reassignment: $(MSBuildCopyMarkerName)="Entegras.D582C443" (previous value: "Entegrasyon.MessageQueue.Commands.csproj") at /usr/lib64/dotnet/sdk/10.0.101/Microsoft.Common.CurrentVersion.targets (392,5)
       /usr/lib64/dotnet/sdk/10.0.101/Microsoft.Common.CurrentVersion.targets(393,5): message : Property reassignment: $(MSBuildCopyMarkerName)="Entegras.D582C443.Up2Date" (previous value: "Entegras.D582C443") at /usr/lib64/dotnet/sdk/10.0.101/Microsoft.Common.CurrentVersion.targets (393,5)
       /usr/lib64/dotnet/sdk/10.0.101/Microsoft.Common.CurrentVersion.targets(541,5): message : Property reassignment: $(ProcessorArchitecture)="msil" (previous value: "") at /usr/lib64/dotnet/sdk/10.0.101/Microsoft.Common.CurrentVersion.targets (541,5)
       /usr/lib64/dotnet/sdk/10.0.101/Microsoft.Common.CurrentVersion.targets(580,5): message : Property reassignment: $(DelaySign)="" (previous value: "false") at /usr/lib64/dotnet/sdk/10.0.101/Microsoft.Common.CurrentVersion.targets (580,5)
       /usr/lib64/dotnet/sdk/10.0.101/Sdks/Microsoft.NET.Sdk/targets/Microsoft.NET.DefaultOutputPaths.targets(127,5): message : Property reassignment: $(DefaultItemExcludes)=";bin/Debug//**;obj/Debug//**" (previous value: ";bin/Debug//**") at /usr/lib64/dotnet/sdk/10.0.101/Sdks/Microsoft.NET.Sdk/targets/Microsoft.NET.DefaultOutputPaths.targets (127,5)
       /usr/lib64/dotnet/sdk/10.0.101/Sdks/Microsoft.NET.Sdk/targets/Microsoft.NET.DefaultOutputPaths.targets(142,5): message : Property reassignment: $(OutputPath)="bin/Debug/net8.0/" (previous value: "bin/Debug/") at /usr/lib64/dotnet/sdk/10.0.101/Sdks/Microsoft.NET.Sdk/targets/Microsoft.NET.DefaultOutputPaths.targets (142,5)
       /usr/lib64/dotnet/sdk/10.0.101/Microsoft.Common.CurrentVersion.targets(2606,5): message : Property 'LocalAppData' with value '/home/baturhan/.local/share' expanded from the environment.
       /usr/lib64/dotnet/sdk/10.0.101/Sdks/Microsoft.NET.Sdk/targets/Microsoft.NET.DefaultOutputPaths.targets(147,5): message : Property reassignment: $(IntermediateOutputPath)="obj/Debug/net8.0/" (previous value: "obj/Debug/") at /usr/lib64/dotnet/sdk/10.0.101/Sdks/Microsoft.NET.Sdk/targets/Microsoft.NET.DefaultOutputPaths.targets (147,5)
       /usr/lib64/dotnet/sdk/10.0.101/Microsoft.Common.CurrentVersion.targets(3934,5): message : Property reassignment: $(_SGenGenerateSerializationAssembliesConfig)="Auto" (previous value: "") at /usr/lib64/dotnet/sdk/10.0.101/Microsoft.Common.CurrentVersion.targets (3934,5)
       /usr/lib64/dotnet/sdk/10.0.101/Microsoft.Common.CurrentVersion.targets(3935,5): message : Property reassignment: $(_SGenGenerateSerializationAssembliesConfig)="Off" (previous value: "Auto") at /usr/lib64/dotnet/sdk/10.0.101/Microsoft.Common.CurrentVersion.targets (3935,5)
       /usr/lib64/dotnet/sdk/10.0.101/Microsoft.Common.CurrentVersion.targets(5146,5): message : Property reassignment: $(_TargetsThatPrepareProjectReferences)="
       /usr/lib64/dotnet/sdk/10.0.101/Microsoft.Common.CurrentVersion.targets(5146,5): message :       AssignProjectConfiguration;
       /usr/lib64/dotnet/sdk/10.0.101/Microsoft.Common.CurrentVersion.targets(5146,5): message :       _SplitProjectReferencesByFileExistence
       /usr/lib64/dotnet/sdk/10.0.101/Microsoft.Common.CurrentVersion.targets(5146,5): message :     " (previous value: "_SplitProjectReferencesByFileExistence") at /usr/lib64/dotnet/sdk/10.0.101/Microsoft.Common.CurrentVersion.targets (5146,5)
       /usr/lib64/dotnet/sdk/10.0.101/Microsoft.Common.CurrentVersion.targets(6959,5): message : Property 'MSBuildExtensionsPath32' with value '/usr/lib64/dotnet/sdk/10.0.101' expanded from the environment.
       The "NuGetInteractive" property is a global property, and cannot be modified.
       /usr/lib64/dotnet/sdk/10.0.101/Sdks/Microsoft.NET.Sdk/targets/Microsoft.PackageDependencyResolution.targets(24,5): message : Property reassignment: $(ProjectAssetsFile)="/home/baturhan/Projeler/Entegrasyon/Application/Entegrasyon.MessageQueue.Commands/obj/project.assets.json" (previous value: "/home/baturhan/Projeler/Entegrasyon/Application/Entegrasyon.MessageQueue.Commands/obj//project.assets.json") at /usr/lib64/dotnet/sdk/10.0.101/Sdks/Microsoft.NET.Sdk/targets/Microsoft.PackageDependencyResolution.targets (24,5)
       /usr/lib64/dotnet/sdk/10.0.101/Sdks/Microsoft.NET.Sdk/targets/Microsoft.PackageDependencyResolution.targets(29,5): message : Property reassignment: $(ProjectAssetsCacheFile)="/home/baturhan/Projeler/Entegrasyon/Application/Entegrasyon.MessageQueue.Commands/obj/Debug/net8.0/Entegrasyon.MessageQueue.Commands.assets.cache" (previous value: "obj/Debug/net8.0/Entegrasyon.MessageQueue.Commands.assets.cache") at /usr/lib64/dotnet/sdk/10.0.101/Sdks/Microsoft.NET.Sdk/targets/Microsoft.PackageDependencyResolution.targets (29,5)
       /usr/lib64/dotnet/sdk/10.0.101/Sdks/Microsoft.NET.Sdk/targets/Microsoft.PackageDependencyResolution.targets(80,5): message : Property reassignment: $(ResolveAssemblyReferencesDependsOn)="
       /usr/lib64/dotnet/sdk/10.0.101/Sdks/Microsoft.NET.Sdk/targets/Microsoft.PackageDependencyResolution.targets(80,5): message :       
       /usr/lib64/dotnet/sdk/10.0.101/Sdks/Microsoft.NET.Sdk/targets/Microsoft.PackageDependencyResolution.targets(80,5): message :       ResolveProjectReferences;
       /usr/lib64/dotnet/sdk/10.0.101/Sdks/Microsoft.NET.Sdk/targets/Microsoft.PackageDependencyResolution.targets(80,5): message :       FindInvalidProjectReferences;
       /usr/lib64/dotnet/sdk/10.0.101/Sdks/Microsoft.NET.Sdk/targets/Microsoft.PackageDependencyResolution.targets(80,5): message :       GetFrameworkPaths;
       /usr/lib64/dotnet/sdk/10.0.101/Sdks/Microsoft.NET.Sdk/targets/Microsoft.PackageDependencyResolution.targets(80,5): message :       GetReferenceAssemblyPaths;
       /usr/lib64/dotnet/sdk/10.0.101/Sdks/Microsoft.NET.Sdk/targets/Microsoft.PackageDependencyResolution.targets(80,5): message :       PrepareForBuild;
       /usr/lib64/dotnet/sdk/10.0.101/Sdks/Microsoft.NET.Sdk/targets/Microsoft.PackageDependencyResolution.targets(80,5): message :       ResolveSDKReferences;
       /usr/lib64/dotnet/sdk/10.0.101/Sdks/Microsoft.NET.Sdk/targets/Microsoft.PackageDependencyResolution.targets(80,5): message :       ExpandSDKReferences;
       /usr/lib64/dotnet/sdk/10.0.101/Sdks/Microsoft.NET.Sdk/targets/Microsoft.PackageDependencyResolution.targets(80,5): message :     ;
       /usr/lib64/dotnet/sdk/10.0.101/Sdks/Microsoft.NET.Sdk/targets/Microsoft.PackageDependencyResolution.targets(80,5): message :       ResolvePackageDependenciesForBuild;
       /usr/lib64/dotnet/sdk/10.0.101/Sdks/Microsoft.NET.Sdk/targets/Microsoft.PackageDependencyResolution.targets(80,5): message :       _HandlePackageFileConflicts;
       /usr/lib64/dotnet/sdk/10.0.101/Sdks/Microsoft.NET.Sdk/targets/Microsoft.PackageDependencyResolution.targets(80,5): message :     " (previous value: "
       /usr/lib64/dotnet/sdk/10.0.101/Sdks/Microsoft.NET.Sdk/targets/Microsoft.PackageDependencyResolution.targets(80,5): message :       ResolveProjectReferences;
       /usr/lib64/dotnet/sdk/10.0.101/Sdks/Microsoft.NET.Sdk/targets/Microsoft.PackageDependencyResolution.targets(80,5): message :       FindInvalidProjectReferences;
       /usr/lib64/dotnet/sdk/10.0.101/Sdks/Microsoft.NET.Sdk/targets/Microsoft.PackageDependencyResolution.targets(80,5): message :       GetFrameworkPaths;
       /usr/lib64/dotnet/sdk/10.0.101/Sdks/Microsoft.NET.Sdk/targets/Microsoft.PackageDependencyResolution.targets(80,5): message :       GetReferenceAssemblyPaths;
       /usr/lib64/dotnet/sdk/10.0.101/Sdks/Microsoft.NET.Sdk/targets/Microsoft.PackageDependencyResolution.targets(80,5): message :       PrepareForBuild;
       /usr/lib64/dotnet/sdk/10.0.101/Sdks/Microsoft.NET.Sdk/targets/Microsoft.PackageDependencyResolution.targets(80,5): message :       ResolveSDKReferences;
       /usr/lib64/dotnet/sdk/10.0.101/Sdks/Microsoft.NET.Sdk/targets/Microsoft.PackageDependencyResolution.targets(80,5): message :       ExpandSDKReferences;
       /usr/lib64/dotnet/sdk/10.0.101/Sdks/Microsoft.NET.Sdk/targets/Microsoft.PackageDependencyResolution.targets(80,5): message :     ") at /usr/lib64/dotnet/sdk/10.0.101/Sdks/Microsoft.NET.Sdk/targets/Microsoft.PackageDependencyResolution.targets (80,5)
       /usr/lib64/dotnet/sdk/10.0.101/Sdks/Microsoft.NET.Sdk/targets/Microsoft.PackageDependencyResolution.targets(86,5): message : Property reassignment: $(PrepareResourcesDependsOn)="
       /usr/lib64/dotnet/sdk/10.0.101/Sdks/Microsoft.NET.Sdk/targets/Microsoft.PackageDependencyResolution.targets(86,5): message :       ResolvePackageDependenciesForBuild;
       /usr/lib64/dotnet/sdk/10.0.101/Sdks/Microsoft.NET.Sdk/targets/Microsoft.PackageDependencyResolution.targets(86,5): message :       _HandlePackageFileConflicts;
       /usr/lib64/dotnet/sdk/10.0.101/Sdks/Microsoft.NET.Sdk/targets/Microsoft.PackageDependencyResolution.targets(86,5): message :       
       /usr/lib64/dotnet/sdk/10.0.101/Sdks/Microsoft.NET.Sdk/targets/Microsoft.PackageDependencyResolution.targets(86,5): message :       ;
       /usr/lib64/dotnet/sdk/10.0.101/Sdks/Microsoft.NET.Sdk/targets/Microsoft.PackageDependencyResolution.targets(86,5): message :       PrepareResourceNames;
       /usr/lib64/dotnet/sdk/10.0.101/Sdks/Microsoft.NET.Sdk/targets/Microsoft.PackageDependencyResolution.targets(86,5): message :       ResGen;
       /usr/lib64/dotnet/sdk/10.0.101/Sdks/Microsoft.NET.Sdk/targets/Microsoft.PackageDependencyResolution.targets(86,5): message :       CompileLicxFiles
       /usr/lib64/dotnet/sdk/10.0.101/Sdks/Microsoft.NET.Sdk/targets/Microsoft.PackageDependencyResolution.targets(86,5): message :     
       /usr/lib64/dotnet/sdk/10.0.101/Sdks/Microsoft.NET.Sdk/targets/Microsoft.PackageDependencyResolution.targets(86,5): message :     " (previous value: "
       /usr/lib64/dotnet/sdk/10.0.101/Sdks/Microsoft.NET.Sdk/targets/Microsoft.PackageDependencyResolution.targets(86,5): message :       ;
       /usr/lib64/dotnet/sdk/10.0.101/Sdks/Microsoft.NET.Sdk/targets/Microsoft.PackageDependencyResolution.targets(86,5): message :       PrepareResourceNames;
       /usr/lib64/dotnet/sdk/10.0.101/Sdks/Microsoft.NET.Sdk/targets/Microsoft.PackageDependencyResolution.targets(86,5): message :       ResGen;
       /usr/lib64/dotnet/sdk/10.0.101/Sdks/Microsoft.NET.Sdk/targets/Microsoft.PackageDependencyResolution.targets(86,5): message :       CompileLicxFiles
       /usr/lib64/dotnet/sdk/10.0.101/Sdks/Microsoft.NET.Sdk/targets/Microsoft.PackageDependencyResolution.targets(86,5): message :     ") at /usr/lib64/dotnet/sdk/10.0.101/Sdks/Microsoft.NET.Sdk/targets/Microsoft.PackageDependencyResolution.targets (86,5)
       The "EnableDefaultCompileItems" property is a global property, and cannot be modified.
       The "EnableDefaultEmbeddedResourceItems" property is a global property, and cannot be modified.
       The "EnableDefaultNoneItems" property is a global property, and cannot be modified.
       /usr/lib64/dotnet/sdk/10.0.101/Sdks/Microsoft.NET.Sdk/targets/Microsoft.NET.Sdk.DefaultItems.targets(35,5): message : Property reassignment: $(DefaultItemExcludes)=";bin/Debug//**;obj/Debug//**;bin//**" (previous value: ";bin/Debug//**;obj/Debug//**") at /usr/lib64/dotnet/sdk/10.0.101/Sdks/Microsoft.NET.Sdk/targets/Microsoft.NET.Sdk.DefaultItems.targets (35,5)
       /usr/lib64/dotnet/sdk/10.0.101/Sdks/Microsoft.NET.Sdk/targets/Microsoft.NET.Sdk.DefaultItems.targets(37,5): message : Property reassignment: $(DefaultItemExcludes)=";bin/Debug//**;obj/Debug//**;bin//**;obj//**" (previous value: ";bin/Debug//**;obj/Debug//**;bin//**") at /usr/lib64/dotnet/sdk/10.0.101/Sdks/Microsoft.NET.Sdk/targets/Microsoft.NET.Sdk.DefaultItems.targets (37,5)
       /usr/lib64/dotnet/sdk/10.0.101/Sdks/Microsoft.NET.Sdk/targets/Microsoft.NET.Sdk.DefaultItems.targets(40,5): message : Property reassignment: $(DefaultItemExcludes)=";bin/Debug//**;obj/Debug//**;bin//**;obj//**;**/*.user" (previous value: ";bin/Debug//**;obj/Debug//**;bin//**;obj//**") at /usr/lib64/dotnet/sdk/10.0.101/Sdks/Microsoft.NET.Sdk/targets/Microsoft.NET.Sdk.DefaultItems.targets (40,5)
       /usr/lib64/dotnet/sdk/10.0.101/Sdks/Microsoft.NET.Sdk/targets/Microsoft.NET.Sdk.DefaultItems.targets(41,5): message : Property reassignment: $(DefaultItemExcludes)=";bin/Debug//**;obj/Debug//**;bin//**;obj//**;**/*.user;**/*.*proj" (previous value: ";bin/Debug//**;obj/Debug//**;bin//**;obj//**;**/*.user") at /usr/lib64/dotnet/sdk/10.0.101/Sdks/Microsoft.NET.Sdk/targets/Microsoft.NET.Sdk.DefaultItems.targets (41,5)
       /usr/lib64/dotnet/sdk/10.0.101/Sdks/Microsoft.NET.Sdk/targets/Microsoft.NET.Sdk.DefaultItems.targets(42,5): message : Property reassignment: $(DefaultItemExcludes)=";bin/Debug//**;obj/Debug//**;bin//**;obj//**;**/*.user;**/*.*proj;**/*.sln" (previous value: ";bin/Debug//**;obj/Debug//**;bin//**;obj//**;**/*.user;**/*.*proj") at /usr/lib64/dotnet/sdk/10.0.101/Sdks/Microsoft.NET.Sdk/targets/Microsoft.NET.Sdk.DefaultItems.targets (42,5)
       /usr/lib64/dotnet/sdk/10.0.101/Sdks/Microsoft.NET.Sdk/targets/Microsoft.NET.Sdk.DefaultItems.targets(43,5): message : Property reassignment: $(DefaultItemExcludes)=";bin/Debug//**;obj/Debug//**;bin//**;obj//**;**/*.user;**/*.*proj;**/*.sln;**/*.slnx" (previous value: ";bin/Debug//**;obj/Debug//**;bin//**;obj//**;**/*.user;**/*.*proj;**/*.sln") at /usr/lib64/dotnet/sdk/10.0.101/Sdks/Microsoft.NET.Sdk/targets/Microsoft.NET.Sdk.DefaultItems.targets (43,5)
       /usr/lib64/dotnet/sdk/10.0.101/Sdks/Microsoft.NET.Sdk/targets/Microsoft.NET.Sdk.DefaultItems.targets(44,5): message : Property reassignment: $(DefaultItemExcludes)=";bin/Debug//**;obj/Debug//**;bin//**;obj//**;**/*.user;**/*.*proj;**/*.sln;**/*.slnx;**/*.vssscc" (previous value: ";bin/Debug//**;obj/Debug//**;bin//**;obj//**;**/*.user;**/*.*proj;**/*.sln;**/*.slnx") at /usr/lib64/dotnet/sdk/10.0.101/Sdks/Microsoft.NET.Sdk/targets/Microsoft.NET.Sdk.DefaultItems.targets (44,5)
       /usr/lib64/dotnet/sdk/10.0.101/Sdks/Microsoft.NET.Sdk/targets/Microsoft.NET.Sdk.DefaultItems.targets(45,5): message : Property reassignment: $(DefaultItemExcludes)=";bin/Debug//**;obj/Debug//**;bin//**;obj//**;**/*.user;**/*.*proj;**/*.sln;**/*.slnx;**/*.vssscc;**/.DS_Store" (previous value: ";bin/Debug//**;obj/Debug//**;bin//**;obj//**;**/*.user;**/*.*proj;**/*.sln;**/*.slnx;**/*.vssscc") at /usr/lib64/dotnet/sdk/10.0.101/Sdks/Microsoft.NET.Sdk/targets/Microsoft.NET.Sdk.DefaultItems.targets (45,5)
       /usr/lib64/dotnet/sdk/10.0.101/Sdks/Microsoft.NET.Sdk/targets/Microsoft.NET.Sdk.FrameworkReferenceResolution.targets(14,5): message : Property reassignment: $(ResolveAssemblyReferencesDependsOn)="
       /usr/lib64/dotnet/sdk/10.0.101/Sdks/Microsoft.NET.Sdk/targets/Microsoft.NET.Sdk.FrameworkReferenceResolution.targets(14,5): message :       
       /usr/lib64/dotnet/sdk/10.0.101/Sdks/Microsoft.NET.Sdk/targets/Microsoft.NET.Sdk.FrameworkReferenceResolution.targets(14,5): message :       
       /usr/lib64/dotnet/sdk/10.0.101/Sdks/Microsoft.NET.Sdk/targets/Microsoft.NET.Sdk.FrameworkReferenceResolution.targets(14,5): message :       ResolveProjectReferences;
       /usr/lib64/dotnet/sdk/10.0.101/Sdks/Microsoft.NET.Sdk/targets/Microsoft.NET.Sdk.FrameworkReferenceResolution.targets(14,5): message :       FindInvalidProjectReferences;
       /usr/lib64/dotnet/sdk/10.0.101/Sdks/Microsoft.NET.Sdk/targets/Microsoft.NET.Sdk.FrameworkReferenceResolution.targets(14,5): message :       GetFrameworkPaths;
       /usr/lib64/dotnet/sdk/10.0.101/Sdks/Microsoft.NET.Sdk/targets/Microsoft.NET.Sdk.FrameworkReferenceResolution.targets(14,5): message :       GetReferenceAssemblyPaths;
       /usr/lib64/dotnet/sdk/10.0.101/Sdks/Microsoft.NET.Sdk/targets/Microsoft.NET.Sdk.FrameworkReferenceResolution.targets(14,5): message :       PrepareForBuild;
       /usr/lib64/dotnet/sdk/10.0.101/Sdks/Microsoft.NET.Sdk/targets/Microsoft.NET.Sdk.FrameworkReferenceResolution.targets(14,5): message :       ResolveSDKReferences;
       /usr/lib64/dotnet/sdk/10.0.101/Sdks/Microsoft.NET.Sdk/targets/Microsoft.NET.Sdk.FrameworkReferenceResolution.targets(14,5): message :       ExpandSDKReferences;
       /usr/lib64/dotnet/sdk/10.0.101/Sdks/Microsoft.NET.Sdk/targets/Microsoft.NET.Sdk.FrameworkReferenceResolution.targets(14,5): message :     ;
       /usr/lib64/dotnet/sdk/10.0.101/Sdks/Microsoft.NET.Sdk/targets/Microsoft.NET.Sdk.FrameworkReferenceResolution.targets(14,5): message :       ResolvePackageDependenciesForBuild;
       /usr/lib64/dotnet/sdk/10.0.101/Sdks/Microsoft.NET.Sdk/targets/Microsoft.NET.Sdk.FrameworkReferenceResolution.targets(14,5): message :       _HandlePackageFileConflicts;
       /usr/lib64/dotnet/sdk/10.0.101/Sdks/Microsoft.NET.Sdk/targets/Microsoft.NET.Sdk.FrameworkReferenceResolution.targets(14,5): message :     ;
       /usr/lib64/dotnet/sdk/10.0.101/Sdks/Microsoft.NET.Sdk/targets/Microsoft.NET.Sdk.FrameworkReferenceResolution.targets(14,5): message :       ResolveTargetingPackAssets;
       /usr/lib64/dotnet/sdk/10.0.101/Sdks/Microsoft.NET.Sdk/targets/Microsoft.NET.Sdk.FrameworkReferenceResolution.targets(14,5): message :     " (previous value: "
       /usr/lib64/dotnet/sdk/10.0.101/Sdks/Microsoft.NET.Sdk/targets/Microsoft.NET.Sdk.FrameworkReferenceResolution.targets(14,5): message :       
       /usr/lib64/dotnet/sdk/10.0.101/Sdks/Microsoft.NET.Sdk/targets/Microsoft.NET.Sdk.FrameworkReferenceResolution.targets(14,5): message :       ResolveProjectReferences;
       /usr/lib64/dotnet/sdk/10.0.101/Sdks/Microsoft.NET.Sdk/targets/Microsoft.NET.Sdk.FrameworkReferenceResolution.targets(14,5): message :       FindInvalidProjectReferences;
       /usr/lib64/dotnet/sdk/10.0.101/Sdks/Microsoft.NET.Sdk/targets/Microsoft.NET.Sdk.FrameworkReferenceResolution.targets(14,5): message :       GetFrameworkPaths;
       /usr/lib64/dotnet/sdk/10.0.101/Sdks/Microsoft.NET.Sdk/targets/Microsoft.NET.Sdk.FrameworkReferenceResolution.targets(14,5): message :       GetReferenceAssemblyPaths;
       /usr/lib64/dotnet/sdk/10.0.101/Sdks/Microsoft.NET.Sdk/targets/Microsoft.NET.Sdk.FrameworkReferenceResolution.targets(14,5): message :       PrepareForBuild;
       /usr/lib64/dotnet/sdk/10.0.101/Sdks/Microsoft.NET.Sdk/targets/Microsoft.NET.Sdk.FrameworkReferenceResolution.targets(14,5): message :       ResolveSDKReferences;
       /usr/lib64/dotnet/sdk/10.0.101/Sdks/Microsoft.NET.Sdk/targets/Microsoft.NET.Sdk.FrameworkReferenceResolution.targets(14,5): message :       ExpandSDKReferences;
       /usr/lib64/dotnet/sdk/10.0.101/Sdks/Microsoft.NET.Sdk/targets/Microsoft.NET.Sdk.FrameworkReferenceResolution.targets(14,5): message :     ;
       /usr/lib64/dotnet/sdk/10.0.101/Sdks/Microsoft.NET.Sdk/targets/Microsoft.NET.Sdk.FrameworkReferenceResolution.targets(14,5): message :       ResolvePackageDependenciesForBuild;
       /usr/lib64/dotnet/sdk/10.0.101/Sdks/Microsoft.NET.Sdk/targets/Microsoft.NET.Sdk.FrameworkReferenceResolution.targets(14,5): message :       _HandlePackageFileConflicts;
       /usr/lib64/dotnet/sdk/10.0.101/Sdks/Microsoft.NET.Sdk/targets/Microsoft.NET.Sdk.FrameworkReferenceResolution.targets(14,5): message :     ") at /usr/lib64/dotnet/sdk/10.0.101/Sdks/Microsoft.NET.Sdk/targets/Microsoft.NET.Sdk.FrameworkReferenceResolution.targets (14,5)
       /usr/lib64/dotnet/sdk/10.0.101/Sdks/Microsoft.NET.Sdk/targets/Microsoft.NET.Sdk.targets(44,5): message : Property reassignment: $(_GenerateRuntimeConfigurationPropertyInputsCache)="/home/baturhan/Projeler/Entegrasyon/Application/Entegrasyon.MessageQueue.Commands/obj/Debug/net8.0/Entegrasyon.MessageQueue.Commands.genruntimeconfig.cache" (previous value: "obj/Debug/net8.0/Entegrasyon.MessageQueue.Commands.genruntimeconfig.cache") at /usr/lib64/dotnet/sdk/10.0.101/Sdks/Microsoft.NET.Sdk/targets/Microsoft.NET.Sdk.targets (44,5)
       /usr/lib64/dotnet/sdk/10.0.101/Sdks/Microsoft.NET.Sdk/targets/Microsoft.NET.Sdk.targets(46,5): message : Property reassignment: $(_GeneratePublishDependencyFilePropertyInputsCache)="/home/baturhan/Projeler/Entegrasyon/Application/Entegrasyon.MessageQueue.Commands/obj/Debug/net8.0/Entegrasyon.MessageQueue.Commands.genpublishdeps.cache" (previous value: "obj/Debug/net8.0/Entegrasyon.MessageQueue.Commands.genpublishdeps.cache") at /usr/lib64/dotnet/sdk/10.0.101/Sdks/Microsoft.NET.Sdk/targets/Microsoft.NET.Sdk.targets (46,5)
       /usr/lib64/dotnet/sdk/10.0.101/Sdks/Microsoft.NET.Sdk/targets/Microsoft.NET.Sdk.targets(48,5): message : Property reassignment: $(_GenerateSingleFileBundlePropertyInputsCache)="/home/baturhan/Projeler/Entegrasyon/Application/Entegrasyon.MessageQueue.Commands/obj/Debug/net8.0/Entegrasyon.MessageQueue.Commands.genbundle.cache" (previous value: "obj/Debug/net8.0/Entegrasyon.MessageQueue.Commands.genbundle.cache") at /usr/lib64/dotnet/sdk/10.0.101/Sdks/Microsoft.NET.Sdk/targets/Microsoft.NET.Sdk.targets (48,5)
       /usr/lib64/dotnet/sdk/10.0.101/Sdks/Microsoft.NET.Sdk/targets/Microsoft.NET.Sdk.targets(81,5): message : Property reassignment: $(GenerateRuntimeConfigDevFile)="false" (previous value: "true") at /usr/lib64/dotnet/sdk/10.0.101/Sdks/Microsoft.NET.Sdk/targets/Microsoft.NET.Sdk.targets (81,5)
       /usr/lib64/dotnet/sdk/10.0.101/Sdks/Microsoft.NET.Sdk/targets/Microsoft.NET.Sdk.targets(97,5): message : Property 'HOME' with value '/home/baturhan' expanded from the environment.
       /usr/lib64/dotnet/sdk/10.0.101/Sdks/Microsoft.NET.Sdk/targets/Microsoft.NET.Sdk.targets(99,5): message : Property reassignment: $(_DefaultUserProfileRuntimeStorePath)="/home/baturhan/.dotnet/store" (previous value: "/home/baturhan") at /usr/lib64/dotnet/sdk/10.0.101/Sdks/Microsoft.NET.Sdk/targets/Microsoft.NET.Sdk.targets (99,5)
       /usr/lib64/dotnet/sdk/10.0.101/Sdks/Microsoft.NET.Sdk/targets/Microsoft.NET.Sdk.targets(144,5): message : Property reassignment: $(AvailablePlatforms)="Any CPU,x86,x64,ARM32" (previous value: "Any CPU,x86,x64") at /usr/lib64/dotnet/sdk/10.0.101/Sdks/Microsoft.NET.Sdk/targets/Microsoft.NET.Sdk.targets (144,5)
       /usr/lib64/dotnet/sdk/10.0.101/Sdks/Microsoft.NET.Sdk/targets/Microsoft.NET.Sdk.targets(148,5): message : Property reassignment: $(AvailablePlatforms)="Any CPU,x86,x64,ARM32,ARM64" (previous value: "Any CPU,x86,x64,ARM32") at /usr/lib64/dotnet/sdk/10.0.101/Sdks/Microsoft.NET.Sdk/targets/Microsoft.NET.Sdk.targets (148,5)
       /usr/lib64/dotnet/sdk/10.0.101/Sdks/Microsoft.NET.Sdk/targets/Microsoft.NET.Sdk.BeforeCommon.targets(371,5): message : Property reassignment: $(RoslynTargetsPath)="/usr/lib64/dotnet/sdk/10.0.101/Sdks/Microsoft.NET.Sdk/targets/../../../Roslyn" (previous value: "/usr/lib64/dotnet/sdk/10.0.101/Roslyn") at /usr/lib64/dotnet/sdk/10.0.101/Sdks/Microsoft.NET.Sdk/targets/Microsoft.NET.Sdk.BeforeCommon.targets (371,5)
       /usr/lib64/dotnet/sdk/10.0.101/Sdks/Microsoft.NET.Sdk/targets/Microsoft.NET.Sdk.targets(204,5): message : Property reassignment: $(CoreBuildDependsOn)="
       /usr/lib64/dotnet/sdk/10.0.101/Sdks/Microsoft.NET.Sdk/targets/Microsoft.NET.Sdk.targets(204,5): message :       _CheckForBuildWithNoBuild;
       /usr/lib64/dotnet/sdk/10.0.101/Sdks/Microsoft.NET.Sdk/targets/Microsoft.NET.Sdk.targets(204,5): message :       
       /usr/lib64/dotnet/sdk/10.0.101/Sdks/Microsoft.NET.Sdk/targets/Microsoft.NET.Sdk.targets(204,5): message :       BuildOnlySettings;
       /usr/lib64/dotnet/sdk/10.0.101/Sdks/Microsoft.NET.Sdk/targets/Microsoft.NET.Sdk.targets(204,5): message :       PrepareForBuild;
       /usr/lib64/dotnet/sdk/10.0.101/Sdks/Microsoft.NET.Sdk/targets/Microsoft.NET.Sdk.targets(204,5): message :       PreBuildEvent;
       /usr/lib64/dotnet/sdk/10.0.101/Sdks/Microsoft.NET.Sdk/targets/Microsoft.NET.Sdk.targets(204,5): message :       ResolveReferences;
       /usr/lib64/dotnet/sdk/10.0.101/Sdks/Microsoft.NET.Sdk/targets/Microsoft.NET.Sdk.targets(204,5): message :       PrepareResources;
       /usr/lib64/dotnet/sdk/10.0.101/Sdks/Microsoft.NET.Sdk/targets/Microsoft.NET.Sdk.targets(204,5): message :       ResolveKeySource;
       /usr/lib64/dotnet/sdk/10.0.101/Sdks/Microsoft.NET.Sdk/targets/Microsoft.NET.Sdk.targets(204,5): message :       Compile;
       /usr/lib64/dotnet/sdk/10.0.101/Sdks/Microsoft.NET.Sdk/targets/Microsoft.NET.Sdk.targets(204,5): message :       ExportWindowsMDFile;
       /usr/lib64/dotnet/sdk/10.0.101/Sdks/Microsoft.NET.Sdk/targets/Microsoft.NET.Sdk.targets(204,5): message :       UnmanagedUnregistration;
       /usr/lib64/dotnet/sdk/10.0.101/Sdks/Microsoft.NET.Sdk/targets/Microsoft.NET.Sdk.targets(204,5): message :       GenerateSerializationAssemblies;
       /usr/lib64/dotnet/sdk/10.0.101/Sdks/Microsoft.NET.Sdk/targets/Microsoft.NET.Sdk.targets(204,5): message :       CreateSatelliteAssemblies;
       /usr/lib64/dotnet/sdk/10.0.101/Sdks/Microsoft.NET.Sdk/targets/Microsoft.NET.Sdk.targets(204,5): message :       GenerateManifests;
       /usr/lib64/dotnet/sdk/10.0.101/Sdks/Microsoft.NET.Sdk/targets/Microsoft.NET.Sdk.targets(204,5): message :       GetTargetPath;
       /usr/lib64/dotnet/sdk/10.0.101/Sdks/Microsoft.NET.Sdk/targets/Microsoft.NET.Sdk.targets(204,5): message :       PrepareForRun;
       /usr/lib64/dotnet/sdk/10.0.101/Sdks/Microsoft.NET.Sdk/targets/Microsoft.NET.Sdk.targets(204,5): message :       UnmanagedRegistration;
       /usr/lib64/dotnet/sdk/10.0.101/Sdks/Microsoft.NET.Sdk/targets/Microsoft.NET.Sdk.targets(204,5): message :       IncrementalClean;
       /usr/lib64/dotnet/sdk/10.0.101/Sdks/Microsoft.NET.Sdk/targets/Microsoft.NET.Sdk.targets(204,5): message :       PostBuildEvent
       /usr/lib64/dotnet/sdk/10.0.101/Sdks/Microsoft.NET.Sdk/targets/Microsoft.NET.Sdk.targets(204,5): message :     ;
       /usr/lib64/dotnet/sdk/10.0.101/Sdks/Microsoft.NET.Sdk/targets/Microsoft.NET.Sdk.targets(204,5): message :       GenerateBuildDependencyFile;
       /usr/lib64/dotnet/sdk/10.0.101/Sdks/Microsoft.NET.Sdk/targets/Microsoft.NET.Sdk.targets(204,5): message :       GenerateBuildRuntimeConfigurationFiles
       /usr/lib64/dotnet/sdk/10.0.101/Sdks/Microsoft.NET.Sdk/targets/Microsoft.NET.Sdk.targets(204,5): message :     " (previous value: "
       /usr/lib64/dotnet/sdk/10.0.101/Sdks/Microsoft.NET.Sdk/targets/Microsoft.NET.Sdk.targets(204,5): message :       BuildOnlySettings;
       /usr/lib64/dotnet/sdk/10.0.101/Sdks/Microsoft.NET.Sdk/targets/Microsoft.NET.Sdk.targets(204,5): message :       PrepareForBuild;
       /usr/lib64/dotnet/sdk/10.0.101/Sdks/Microsoft.NET.Sdk/targets/Microsoft.NET.Sdk.targets(204,5): message :       PreBuildEvent;
       /usr/lib64/dotnet/sdk/10.0.101/Sdks/Microsoft.NET.Sdk/targets/Microsoft.NET.Sdk.targets(204,5): message :       ResolveReferences;
       /usr/lib64/dotnet/sdk/10.0.101/Sdks/Microsoft.NET.Sdk/targets/Microsoft.NET.Sdk.targets(204,5): message :       PrepareResources;
       /usr/lib64/dotnet/sdk/10.0.101/Sdks/Microsoft.NET.Sdk/targets/Microsoft.NET.Sdk.targets(204,5): message :       ResolveKeySource;
       /usr/lib64/dotnet/sdk/10.0.101/Sdks/Microsoft.NET.Sdk/targets/Microsoft.NET.Sdk.targets(204,5): message :       Compile;
       /usr/lib64/dotnet/sdk/10.0.101/Sdks/Microsoft.NET.Sdk/targets/Microsoft.NET.Sdk.targets(204,5): message :       ExportWindowsMDFile;
       /usr/lib64/dotnet/sdk/10.0.101/Sdks/Microsoft.NET.Sdk/targets/Microsoft.NET.Sdk.targets(204,5): message :       UnmanagedUnregistration;
       /usr/lib64/dotnet/sdk/10.0.101/Sdks/Microsoft.NET.Sdk/targets/Microsoft.NET.Sdk.targets(204,5): message :       GenerateSerializationAssemblies;
       /usr/lib64/dotnet/sdk/10.0.101/Sdks/Microsoft.NET.Sdk/targets/Microsoft.NET.Sdk.targets(204,5): message :       CreateSatelliteAssemblies;
       /usr/lib64/dotnet/sdk/10.0.101/Sdks/Microsoft.NET.Sdk/targets/Microsoft.NET.Sdk.targets(204,5): message :       GenerateManifests;
       /usr/lib64/dotnet/sdk/10.0.101/Sdks/Microsoft.NET.Sdk/targets/Microsoft.NET.Sdk.targets(204,5): message :       GetTargetPath;
       /usr/lib64/dotnet/sdk/10.0.101/Sdks/Microsoft.NET.Sdk/targets/Microsoft.NET.Sdk.targets(204,5): message :       PrepareForRun;
       /usr/lib64/dotnet/sdk/10.0.101/Sdks/Microsoft.NET.Sdk/targets/Microsoft.NET.Sdk.targets(204,5): message :       UnmanagedRegistration;
       /usr/lib64/dotnet/sdk/10.0.101/Sdks/Microsoft.NET.Sdk/targets/Microsoft.NET.Sdk.targets(204,5): message :       IncrementalClean;
       /usr/lib64/dotnet/sdk/10.0.101/Sdks/Microsoft.NET.Sdk/targets/Microsoft.NET.Sdk.targets(204,5): message :       PostBuildEvent
       /usr/lib64/dotnet/sdk/10.0.101/Sdks/Microsoft.NET.Sdk/targets/Microsoft.NET.Sdk.targets(204,5): message :     ") at /usr/lib64/dotnet/sdk/10.0.101/Sdks/Microsoft.NET.Sdk/targets/Microsoft.NET.Sdk.targets (204,5)
       /usr/lib64/dotnet/sdk/10.0.101/Sdks/Microsoft.NET.Sdk/targets/Microsoft.NET.Sdk.targets(213,5): message : Property reassignment: $(CoreCleanDependsOn)="
       /usr/lib64/dotnet/sdk/10.0.101/Sdks/Microsoft.NET.Sdk/targets/Microsoft.NET.Sdk.targets(213,5): message :       _SdkBeforeClean;
       /usr/lib64/dotnet/sdk/10.0.101/Sdks/Microsoft.NET.Sdk/targets/Microsoft.NET.Sdk.targets(213,5): message :       
       /usr/lib64/dotnet/sdk/10.0.101/Sdks/Microsoft.NET.Sdk/targets/Microsoft.NET.Sdk.targets(213,5): message :     " (previous value: "") at /usr/lib64/dotnet/sdk/10.0.101/Sdks/Microsoft.NET.Sdk/targets/Microsoft.NET.Sdk.targets (213,5)
       /usr/lib64/dotnet/sdk/10.0.101/Sdks/Microsoft.NET.Sdk/targets/Microsoft.NET.Sdk.targets(220,5): message : Property reassignment: $(RebuildDependsOn)="
       /usr/lib64/dotnet/sdk/10.0.101/Sdks/Microsoft.NET.Sdk/targets/Microsoft.NET.Sdk.targets(220,5): message :       _SdkBeforeRebuild;
       /usr/lib64/dotnet/sdk/10.0.101/Sdks/Microsoft.NET.Sdk/targets/Microsoft.NET.Sdk.targets(220,5): message :       
       /usr/lib64/dotnet/sdk/10.0.101/Sdks/Microsoft.NET.Sdk/targets/Microsoft.NET.Sdk.targets(220,5): message :       BeforeRebuild;
       /usr/lib64/dotnet/sdk/10.0.101/Sdks/Microsoft.NET.Sdk/targets/Microsoft.NET.Sdk.targets(220,5): message :       Clean;
       /usr/lib64/dotnet/sdk/10.0.101/Sdks/Microsoft.NET.Sdk/targets/Microsoft.NET.Sdk.targets(220,5): message :       Build;
       /usr/lib64/dotnet/sdk/10.0.101/Sdks/Microsoft.NET.Sdk/targets/Microsoft.NET.Sdk.targets(220,5): message :       AfterRebuild;
       /usr/lib64/dotnet/sdk/10.0.101/Sdks/Microsoft.NET.Sdk/targets/Microsoft.NET.Sdk.targets(220,5): message :     
       /usr/lib64/dotnet/sdk/10.0.101/Sdks/Microsoft.NET.Sdk/targets/Microsoft.NET.Sdk.targets(220,5): message :     " (previous value: "
       /usr/lib64/dotnet/sdk/10.0.101/Sdks/Microsoft.NET.Sdk/targets/Microsoft.NET.Sdk.targets(220,5): message :       BeforeRebuild;
       /usr/lib64/dotnet/sdk/10.0.101/Sdks/Microsoft.NET.Sdk/targets/Microsoft.NET.Sdk.targets(220,5): message :       Clean;
       /usr/lib64/dotnet/sdk/10.0.101/Sdks/Microsoft.NET.Sdk/targets/Microsoft.NET.Sdk.targets(220,5): message :       Build;
       /usr/lib64/dotnet/sdk/10.0.101/Sdks/Microsoft.NET.Sdk/targets/Microsoft.NET.Sdk.targets(220,5): message :       AfterRebuild;
       /usr/lib64/dotnet/sdk/10.0.101/Sdks/Microsoft.NET.Sdk/targets/Microsoft.NET.Sdk.targets(220,5): message :     ") at /usr/lib64/dotnet/sdk/10.0.101/Sdks/Microsoft.NET.Sdk/targets/Microsoft.NET.Sdk.targets (220,5)
       /usr/lib64/dotnet/sdk/10.0.101/Sdks/Microsoft.NET.Sdk/targets/Microsoft.NET.Sdk.targets(799,5): message : Property reassignment: $(CompileDependsOn)="
       /usr/lib64/dotnet/sdk/10.0.101/Sdks/Microsoft.NET.Sdk/targets/Microsoft.NET.Sdk.targets(799,5): message :       
       /usr/lib64/dotnet/sdk/10.0.101/Sdks/Microsoft.NET.Sdk/targets/Microsoft.NET.Sdk.targets(799,5): message :       ResolveReferences;
       /usr/lib64/dotnet/sdk/10.0.101/Sdks/Microsoft.NET.Sdk/targets/Microsoft.NET.Sdk.targets(799,5): message :       ResolveKeySource;
       /usr/lib64/dotnet/sdk/10.0.101/Sdks/Microsoft.NET.Sdk/targets/Microsoft.NET.Sdk.targets(799,5): message :       SetWin32ManifestProperties;
       /usr/lib64/dotnet/sdk/10.0.101/Sdks/Microsoft.NET.Sdk/targets/Microsoft.NET.Sdk.targets(799,5): message :       _SetPreferNativeArm64Win32ManifestProperties;
       /usr/lib64/dotnet/sdk/10.0.101/Sdks/Microsoft.NET.Sdk/targets/Microsoft.NET.Sdk.targets(799,5): message :       FindReferenceAssembliesForReferences;
       /usr/lib64/dotnet/sdk/10.0.101/Sdks/Microsoft.NET.Sdk/targets/Microsoft.NET.Sdk.targets(799,5): message :       _GenerateCompileInputs;
       /usr/lib64/dotnet/sdk/10.0.101/Sdks/Microsoft.NET.Sdk/targets/Microsoft.NET.Sdk.targets(799,5): message :       BeforeCompile;
       /usr/lib64/dotnet/sdk/10.0.101/Sdks/Microsoft.NET.Sdk/targets/Microsoft.NET.Sdk.targets(799,5): message :       _TimeStampBeforeCompile;
       /usr/lib64/dotnet/sdk/10.0.101/Sdks/Microsoft.NET.Sdk/targets/Microsoft.NET.Sdk.targets(799,5): message :       _GenerateCompileDependencyCache;
       /usr/lib64/dotnet/sdk/10.0.101/Sdks/Microsoft.NET.Sdk/targets/Microsoft.NET.Sdk.targets(799,5): message :       CoreCompile;
       /usr/lib64/dotnet/sdk/10.0.101/Sdks/Microsoft.NET.Sdk/targets/Microsoft.NET.Sdk.targets(799,5): message :       _TimeStampAfterCompile;
       /usr/lib64/dotnet/sdk/10.0.101/Sdks/Microsoft.NET.Sdk/targets/Microsoft.NET.Sdk.targets(799,5): message :       AfterCompile;
       /usr/lib64/dotnet/sdk/10.0.101/Sdks/Microsoft.NET.Sdk/targets/Microsoft.NET.Sdk.targets(799,5): message :     ;
       /usr/lib64/dotnet/sdk/10.0.101/Sdks/Microsoft.NET.Sdk/targets/Microsoft.NET.Sdk.targets(799,5): message :       _CreateAppHost;
       /usr/lib64/dotnet/sdk/10.0.101/Sdks/Microsoft.NET.Sdk/targets/Microsoft.NET.Sdk.targets(799,5): message :       _CreateComHost;
       /usr/lib64/dotnet/sdk/10.0.101/Sdks/Microsoft.NET.Sdk/targets/Microsoft.NET.Sdk.targets(799,5): message :       _GetIjwHostPaths;
       /usr/lib64/dotnet/sdk/10.0.101/Sdks/Microsoft.NET.Sdk/targets/Microsoft.NET.Sdk.targets(799,5): message :     " (previous value: "
       /usr/lib64/dotnet/sdk/10.0.101/Sdks/Microsoft.NET.Sdk/targets/Microsoft.NET.Sdk.targets(799,5): message :       ResolveReferences;
       /usr/lib64/dotnet/sdk/10.0.101/Sdks/Microsoft.NET.Sdk/targets/Microsoft.NET.Sdk.targets(799,5): message :       ResolveKeySource;
       /usr/lib64/dotnet/sdk/10.0.101/Sdks/Microsoft.NET.Sdk/targets/Microsoft.NET.Sdk.targets(799,5): message :       SetWin32ManifestProperties;
       /usr/lib64/dotnet/sdk/10.0.101/Sdks/Microsoft.NET.Sdk/targets/Microsoft.NET.Sdk.targets(799,5): message :       _SetPreferNativeArm64Win32ManifestProperties;
       /usr/lib64/dotnet/sdk/10.0.101/Sdks/Microsoft.NET.Sdk/targets/Microsoft.NET.Sdk.targets(799,5): message :       FindReferenceAssembliesForReferences;
       /usr/lib64/dotnet/sdk/10.0.101/Sdks/Microsoft.NET.Sdk/targets/Microsoft.NET.Sdk.targets(799,5): message :       _GenerateCompileInputs;
       /usr/lib64/dotnet/sdk/10.0.101/Sdks/Microsoft.NET.Sdk/targets/Microsoft.NET.Sdk.targets(799,5): message :       BeforeCompile;
       /usr/lib64/dotnet/sdk/10.0.101/Sdks/Microsoft.NET.Sdk/targets/Microsoft.NET.Sdk.targets(799,5): message :       _TimeStampBeforeCompile;
       /usr/lib64/dotnet/sdk/10.0.101/Sdks/Microsoft.NET.Sdk/targets/Microsoft.NET.Sdk.targets(799,5): message :       _GenerateCompileDependencyCache;
       /usr/lib64/dotnet/sdk/10.0.101/Sdks/Microsoft.NET.Sdk/targets/Microsoft.NET.Sdk.targets(799,5): message :       CoreCompile;
       /usr/lib64/dotnet/sdk/10.0.101/Sdks/Microsoft.NET.Sdk/targets/Microsoft.NET.Sdk.targets(799,5): message :       _TimeStampAfterCompile;
       /usr/lib64/dotnet/sdk/10.0.101/Sdks/Microsoft.NET.Sdk/targets/Microsoft.NET.Sdk.targets(799,5): message :       AfterCompile;
       /usr/lib64/dotnet/sdk/10.0.101/Sdks/Microsoft.NET.Sdk/targets/Microsoft.NET.Sdk.targets(799,5): message :     ") at /usr/lib64/dotnet/sdk/10.0.101/Sdks/Microsoft.NET.Sdk/targets/Microsoft.NET.Sdk.targets (799,5)
       /usr/lib64/dotnet/sdk/10.0.101/Sdks/Microsoft.NET.Sdk/targets/Microsoft.NET.Sdk.targets(1131,5): message : Property reassignment: $(CreateSatelliteAssembliesDependsOn)="
       /usr/lib64/dotnet/sdk/10.0.101/Sdks/Microsoft.NET.Sdk/targets/Microsoft.NET.Sdk.targets(1131,5): message :       
       /usr/lib64/dotnet/sdk/10.0.101/Sdks/Microsoft.NET.Sdk/targets/Microsoft.NET.Sdk.targets(1131,5): message :       ;
       /usr/lib64/dotnet/sdk/10.0.101/Sdks/Microsoft.NET.Sdk/targets/Microsoft.NET.Sdk.targets(1131,5): message :       _GenerateSatelliteAssemblyInputs;
       /usr/lib64/dotnet/sdk/10.0.101/Sdks/Microsoft.NET.Sdk/targets/Microsoft.NET.Sdk.targets(1131,5): message :       ComputeIntermediateSatelliteAssemblies;
       /usr/lib64/dotnet/sdk/10.0.101/Sdks/Microsoft.NET.Sdk/targets/Microsoft.NET.Sdk.targets(1131,5): message :       GenerateSatelliteAssemblies
       /usr/lib64/dotnet/sdk/10.0.101/Sdks/Microsoft.NET.Sdk/targets/Microsoft.NET.Sdk.targets(1131,5): message :     ;
       /usr/lib64/dotnet/sdk/10.0.101/Sdks/Microsoft.NET.Sdk/targets/Microsoft.NET.Sdk.targets(1131,5): message :       CoreGenerateSatelliteAssemblies
       /usr/lib64/dotnet/sdk/10.0.101/Sdks/Microsoft.NET.Sdk/targets/Microsoft.NET.Sdk.targets(1131,5): message :     " (previous value: "
       /usr/lib64/dotnet/sdk/10.0.101/Sdks/Microsoft.NET.Sdk/targets/Microsoft.NET.Sdk.targets(1131,5): message :       ;
       /usr/lib64/dotnet/sdk/10.0.101/Sdks/Microsoft.NET.Sdk/targets/Microsoft.NET.Sdk.targets(1131,5): message :       _GenerateSatelliteAssemblyInputs;
       /usr/lib64/dotnet/sdk/10.0.101/Sdks/Microsoft.NET.Sdk/targets/Microsoft.NET.Sdk.targets(1131,5): message :       ComputeIntermediateSatelliteAssemblies;
       /usr/lib64/dotnet/sdk/10.0.101/Sdks/Microsoft.NET.Sdk/targets/Microsoft.NET.Sdk.targets(1131,5): message :       GenerateSatelliteAssemblies
       /usr/lib64/dotnet/sdk/10.0.101/Sdks/Microsoft.NET.Sdk/targets/Microsoft.NET.Sdk.targets(1131,5): message :     ") at /usr/lib64/dotnet/sdk/10.0.101/Sdks/Microsoft.NET.Sdk/targets/Microsoft.NET.Sdk.targets (1131,5)
       /usr/lib64/dotnet/sdk/10.0.101/Sdks/Microsoft.SourceLink.GitLab/build/Microsoft.SourceLink.GitLab.targets(12,5): message : Property reassignment: $(SourceLinkUrlInitializerTargets)=";_InitializeGitHubSourceLinkUrl;_InitializeGitLabSourceLinkUrl" (previous value: ";_InitializeGitHubSourceLinkUrl") at /usr/lib64/dotnet/sdk/10.0.101/Sdks/Microsoft.SourceLink.GitLab/build/Microsoft.SourceLink.GitLab.targets (12,5)
       /usr/lib64/dotnet/sdk/10.0.101/Sdks/Microsoft.SourceLink.GitLab/build/Microsoft.SourceLink.GitLab.targets(13,5): message : Property reassignment: $(SourceControlManagerUrlTranslationTargets)=";TranslateGitHubUrlsInSourceControlInformation;TranslateGitLabUrlsInSourceControlInformation" (previous value: ";TranslateGitHubUrlsInSourceControlInformation") at /usr/lib64/dotnet/sdk/10.0.101/Sdks/Microsoft.SourceLink.GitLab/build/Microsoft.SourceLink.GitLab.targets (13,5)
       /usr/lib64/dotnet/sdk/10.0.101/Sdks/Microsoft.SourceLink.AzureRepos.Git/build/Microsoft.SourceLink.AzureRepos.Git.targets(12,5): message : Property reassignment: $(SourceLinkUrlInitializerTargets)=";_InitializeGitHubSourceLinkUrl;_InitializeGitLabSourceLinkUrl;_InitializeAzureReposGitSourceLinkUrl" (previous value: ";_InitializeGitHubSourceLinkUrl;_InitializeGitLabSourceLinkUrl") at /usr/lib64/dotnet/sdk/10.0.101/Sdks/Microsoft.SourceLink.AzureRepos.Git/build/Microsoft.SourceLink.AzureRepos.Git.targets (12,5)
       /usr/lib64/dotnet/sdk/10.0.101/Sdks/Microsoft.SourceLink.AzureRepos.Git/build/Microsoft.SourceLink.AzureRepos.Git.targets(13,5): message : Property reassignment: $(SourceControlManagerUrlTranslationTargets)=";TranslateGitHubUrlsInSourceControlInformation;TranslateGitLabUrlsInSourceControlInformation;TranslateAzureReposGitUrlsInSourceControlInformation" (previous value: ";TranslateGitHubUrlsInSourceControlInformation;TranslateGitLabUrlsInSourceControlInformation") at /usr/lib64/dotnet/sdk/10.0.101/Sdks/Microsoft.SourceLink.AzureRepos.Git/build/Microsoft.SourceLink.AzureRepos.Git.targets (13,5)
       /usr/lib64/dotnet/sdk/10.0.101/Sdks/Microsoft.SourceLink.Bitbucket.Git/build/Microsoft.SourceLink.Bitbucket.Git.targets(12,5): message : Property reassignment: $(SourceLinkUrlInitializerTargets)=";_InitializeGitHubSourceLinkUrl;_InitializeGitLabSourceLinkUrl;_InitializeAzureReposGitSourceLinkUrl;_InitializeBitbucketGitSourceLinkUrl" (previous value: ";_InitializeGitHubSourceLinkUrl;_InitializeGitLabSourceLinkUrl;_InitializeAzureReposGitSourceLinkUrl") at /usr/lib64/dotnet/sdk/10.0.101/Sdks/Microsoft.SourceLink.Bitbucket.Git/build/Microsoft.SourceLink.Bitbucket.Git.targets (12,5)
       /usr/lib64/dotnet/sdk/10.0.101/Sdks/Microsoft.SourceLink.Bitbucket.Git/build/Microsoft.SourceLink.Bitbucket.Git.targets(13,5): message : Property reassignment: $(SourceControlManagerUrlTranslationTargets)=";TranslateGitHubUrlsInSourceControlInformation;TranslateGitLabUrlsInSourceControlInformation;TranslateAzureReposGitUrlsInSourceControlInformation;TranslateBitbucketGitUrlsInSourceControlInformation" (previous value: ";TranslateGitHubUrlsInSourceControlInformation;TranslateGitLabUrlsInSourceControlInformation;TranslateAzureReposGitUrlsInSourceControlInformation") at /usr/lib64/dotnet/sdk/10.0.101/Sdks/Microsoft.SourceLink.Bitbucket.Git/build/Microsoft.SourceLink.Bitbucket.Git.targets (13,5)
       /usr/lib64/dotnet/sdk/10.0.101/Sdks/Microsoft.NET.Sdk/targets/Microsoft.NET.DesignerSupport.targets(21,5): message : Property reassignment: $(DesignerRuntimeImplementationProjectOutputGroupDependsOn)="
       /usr/lib64/dotnet/sdk/10.0.101/Sdks/Microsoft.NET.Sdk/targets/Microsoft.NET.DesignerSupport.targets(21,5): message :       
       /usr/lib64/dotnet/sdk/10.0.101/Sdks/Microsoft.NET.Sdk/targets/Microsoft.NET.DesignerSupport.targets(21,5): message :       ;
       /usr/lib64/dotnet/sdk/10.0.101/Sdks/Microsoft.NET.Sdk/targets/Microsoft.NET.DesignerSupport.targets(21,5): message :       
       /usr/lib64/dotnet/sdk/10.0.101/Sdks/Microsoft.NET.Sdk/targets/Microsoft.NET.DesignerSupport.targets(21,5): message :       ;
       /usr/lib64/dotnet/sdk/10.0.101/Sdks/Microsoft.NET.Sdk/targets/Microsoft.NET.DesignerSupport.targets(21,5): message :       BuildOnlySettings;
       /usr/lib64/dotnet/sdk/10.0.101/Sdks/Microsoft.NET.Sdk/targets/Microsoft.NET.DesignerSupport.targets(21,5): message :       PrepareForBuild;
       /usr/lib64/dotnet/sdk/10.0.101/Sdks/Microsoft.NET.Sdk/targets/Microsoft.NET.DesignerSupport.targets(21,5): message :       AssignTargetPaths;
       /usr/lib64/dotnet/sdk/10.0.101/Sdks/Microsoft.NET.Sdk/targets/Microsoft.NET.DesignerSupport.targets(21,5): message :       ResolveReferences
       /usr/lib64/dotnet/sdk/10.0.101/Sdks/Microsoft.NET.Sdk/targets/Microsoft.NET.DesignerSupport.targets(21,5): message :     
       /usr/lib64/dotnet/sdk/10.0.101/Sdks/Microsoft.NET.Sdk/targets/Microsoft.NET.DesignerSupport.targets(21,5): message :     ;
       /usr/lib64/dotnet/sdk/10.0.101/Sdks/Microsoft.NET.Sdk/targets/Microsoft.NET.DesignerSupport.targets(21,5): message :       _GenerateDesignerDepsFile;
       /usr/lib64/dotnet/sdk/10.0.101/Sdks/Microsoft.NET.Sdk/targets/Microsoft.NET.DesignerSupport.targets(21,5): message :       _GenerateDesignerRuntimeConfigFile;
       /usr/lib64/dotnet/sdk/10.0.101/Sdks/Microsoft.NET.Sdk/targets/Microsoft.NET.DesignerSupport.targets(21,5): message :       GetCopyToOutputDirectoryItems;
       /usr/lib64/dotnet/sdk/10.0.101/Sdks/Microsoft.NET.Sdk/targets/Microsoft.NET.DesignerSupport.targets(21,5): message :       _GatherDesignerShadowCopyFiles;
       /usr/lib64/dotnet/sdk/10.0.101/Sdks/Microsoft.NET.Sdk/targets/Microsoft.NET.DesignerSupport.targets(21,5): message :     " (previous value: "
       /usr/lib64/dotnet/sdk/10.0.101/Sdks/Microsoft.NET.Sdk/targets/Microsoft.NET.DesignerSupport.targets(21,5): message :       ;
       /usr/lib64/dotnet/sdk/10.0.101/Sdks/Microsoft.NET.Sdk/targets/Microsoft.NET.DesignerSupport.targets(21,5): message :       
       /usr/lib64/dotnet/sdk/10.0.101/Sdks/Microsoft.NET.Sdk/targets/Microsoft.NET.DesignerSupport.targets(21,5): message :       ;
       /usr/lib64/dotnet/sdk/10.0.101/Sdks/Microsoft.NET.Sdk/targets/Microsoft.NET.DesignerSupport.targets(21,5): message :       BuildOnlySettings;
       /usr/lib64/dotnet/sdk/10.0.101/Sdks/Microsoft.NET.Sdk/targets/Microsoft.NET.DesignerSupport.targets(21,5): message :       PrepareForBuild;
       /usr/lib64/dotnet/sdk/10.0.101/Sdks/Microsoft.NET.Sdk/targets/Microsoft.NET.DesignerSupport.targets(21,5): message :       AssignTargetPaths;
       /usr/lib64/dotnet/sdk/10.0.101/Sdks/Microsoft.NET.Sdk/targets/Microsoft.NET.DesignerSupport.targets(21,5): message :       ResolveReferences
       /usr/lib64/dotnet/sdk/10.0.101/Sdks/Microsoft.NET.Sdk/targets/Microsoft.NET.DesignerSupport.targets(21,5): message :     
       /usr/lib64/dotnet/sdk/10.0.101/Sdks/Microsoft.NET.Sdk/targets/Microsoft.NET.DesignerSupport.targets(21,5): message :     ") at /usr/lib64/dotnet/sdk/10.0.101/Sdks/Microsoft.NET.Sdk/targets/Microsoft.NET.DesignerSupport.targets (21,5)
       /usr/lib64/dotnet/sdk/10.0.101/Roslyn/Microsoft.Managed.Core.targets(6,5): message : Property reassignment: $(_BuildTasksDirectory)="/usr/lib64/dotnet/sdk/10.0.101/Sdks/Microsoft.NET.Sdk/targets/../../../Roslyn/" (previous value: "/usr/lib64/dotnet/sdk/10.0.101/Roslyn/") at /usr/lib64/dotnet/sdk/10.0.101/Roslyn/Microsoft.Managed.Core.targets (6,5)
       /usr/lib64/dotnet/sdk/10.0.101/Sdks/Microsoft.NET.Sdk/targets/Microsoft.NET.Sdk.CSharp.targets(31,5): message : Property reassignment: $(DefineConstants)="TRACE;DEBUG" (previous value: "TRACE") at /usr/lib64/dotnet/sdk/10.0.101/Sdks/Microsoft.NET.Sdk/targets/Microsoft.NET.Sdk.CSharp.targets (31,5)
       /usr/lib64/dotnet/sdk/10.0.101/Sdks/Microsoft.NET.Sdk/targets/Microsoft.NET.Sdk.CSharp.targets(45,5): message : Property reassignment: $(WarningsAsErrors)=";NU1605;SYSLIB0011" (previous value: ";NU1605") at /usr/lib64/dotnet/sdk/10.0.101/Sdks/Microsoft.NET.Sdk/targets/Microsoft.NET.Sdk.CSharp.targets (45,5)
       /usr/lib64/dotnet/sdk/10.0.101/Roslyn/Microsoft.CSharp.Core.targets(200,5): message : Property reassignment: $(CommandLineArgsForDesignTimeEvaluation)="-langversion:12.0 -define:TRACE" (previous value: "-langversion:12.0") at /usr/lib64/dotnet/sdk/10.0.101/Roslyn/Microsoft.CSharp.Core.targets (200,5)
       /usr/lib64/dotnet/sdk/10.0.101/NuGet.Build.Tasks.Pack.targets(34,5): message : Property reassignment: $(PackageDescription)="Package Description" (previous value: "") at /usr/lib64/dotnet/sdk/10.0.101/NuGet.Build.Tasks.Pack.targets (34,5)
       /usr/lib64/dotnet/sdk/10.0.101/NuGet.Build.Tasks.Pack.targets(59,5): message : Property reassignment: $(GenerateNuspecDependsOn)="Build;_LoadPackInputItems; _GetTargetFrameworksOutput; _WalkEachTargetPerFramework; _GetPackageFiles; " (previous value: "_LoadPackInputItems; _GetTargetFrameworksOutput; _WalkEachTargetPerFramework; _GetPackageFiles; ") at /usr/lib64/dotnet/sdk/10.0.101/NuGet.Build.Tasks.Pack.targets (59,5)
       /usr/lib64/dotnet/sdk/10.0.101/Sdks/Microsoft.NET.Sdk/Sdk/Sdk.targets(59,5): message : Property reassignment: $(_IsNotSetContainersTargetsDir)="true" (previous value: "false") at /usr/lib64/dotnet/sdk/10.0.101/Sdks/Microsoft.NET.Sdk/Sdk/Sdk.targets (59,5)
       /usr/lib64/dotnet/sdk/10.0.101/Containers/build/Microsoft.NET.Build.Containers.targets(5,5): message : Property reassignment: $(_IsSDKContainerAllowedVersion)="true" (previous value: "false") at /usr/lib64/dotnet/sdk/10.0.101/Containers/build/Microsoft.NET.Build.Containers.targets (5,5)
       /usr/lib64/dotnet/sdk/10.0.101/Containers/build/Microsoft.NET.Build.Containers.targets(15,5): message : Property reassignment: $(_ContainerIsTargetingNet8TFM)="true" (previous value: "false") at /usr/lib64/dotnet/sdk/10.0.101/Containers/build/Microsoft.NET.Build.Containers.targets (15,5)
       /usr/lib64/dotnet/sdk/10.0.101/Microsoft.Common.CurrentVersion.targets(175,5): message : Property reassignment: $(_DebugSymbolsProduced)="true" (previous value: "false") at /usr/lib64/dotnet/sdk/10.0.101/Microsoft.Common.CurrentVersion.targets (175,5)
       /usr/lib64/dotnet/sdk/10.0.101/Microsoft.Common.CurrentVersion.targets(185,5): message : Property reassignment: $(_DocumentationFileProduced)="false" (previous value: "true") at /usr/lib64/dotnet/sdk/10.0.101/Microsoft.Common.CurrentVersion.targets (185,5)
       /usr/lib64/dotnet/sdk/10.0.101/Microsoft.Common.CurrentVersion.targets(393,5): message : Property reassignment: $(MSBuildCopyMarkerName)="Shared.csproj.Up2Date" (previous value: "Shared.csproj") at /usr/lib64/dotnet/sdk/10.0.101/Microsoft.Common.CurrentVersion.targets (393,5)
       /usr/lib64/dotnet/sdk/10.0.101/Microsoft.Common.CurrentVersion.targets(541,5): message : Property reassignment: $(ProcessorArchitecture)="msil" (previous value: "") at /usr/lib64/dotnet/sdk/10.0.101/Microsoft.Common.CurrentVersion.targets (541,5)
       /usr/lib64/dotnet/sdk/10.0.101/Microsoft.Common.CurrentVersion.targets(580,5): message : Property reassignment: $(DelaySign)="" (previous value: "false") at /usr/lib64/dotnet/sdk/10.0.101/Microsoft.Common.CurrentVersion.targets (580,5)
       /usr/lib64/dotnet/sdk/10.0.101/Microsoft.Common.CurrentVersion.targets(2606,5): message : Property 'LocalAppData' with value '/home/baturhan/.local/share' expanded from the environment.
       /usr/lib64/dotnet/sdk/10.0.101/Microsoft.Common.CurrentVersion.targets(3934,5): message : Property reassignment: $(_SGenGenerateSerializationAssembliesConfig)="Auto" (previous value: "") at /usr/lib64/dotnet/sdk/10.0.101/Microsoft.Common.CurrentVersion.targets (3934,5)
       /usr/lib64/dotnet/sdk/10.0.101/Microsoft.Common.CurrentVersion.targets(3935,5): message : Property reassignment: $(_SGenGenerateSerializationAssembliesConfig)="Off" (previous value: "Auto") at /usr/lib64/dotnet/sdk/10.0.101/Microsoft.Common.CurrentVersion.targets (3935,5)
       /usr/lib64/dotnet/sdk/10.0.101/Microsoft.Common.CurrentVersion.targets(5146,5): message : Property reassignment: $(_TargetsThatPrepareProjectReferences)="
       /usr/lib64/dotnet/sdk/10.0.101/Microsoft.Common.CurrentVersion.targets(5146,5): message :       AssignProjectConfiguration;
       /usr/lib64/dotnet/sdk/10.0.101/Microsoft.Common.CurrentVersion.targets(5146,5): message :       _SplitProjectReferencesByFileExistence
       /usr/lib64/dotnet/sdk/10.0.101/Microsoft.Common.CurrentVersion.targets(5146,5): message :     " (previous value: "_SplitProjectReferencesByFileExistence") at /usr/lib64/dotnet/sdk/10.0.101/Microsoft.Common.CurrentVersion.targets (5146,5)
       /usr/lib64/dotnet/sdk/10.0.101/Microsoft.Common.CurrentVersion.targets(6959,5): message : Property 'MSBuildExtensionsPath32' with value '/usr/lib64/dotnet/sdk/10.0.101' expanded from the environment.
       The "NuGetInteractive" property is a global property, and cannot be modified.
       /usr/lib64/dotnet/sdk/10.0.101/Sdks/Microsoft.NET.Sdk/targets/Microsoft.PackageDependencyResolution.targets(24,5): message : Property reassignment: $(ProjectAssetsFile)="/home/baturhan/Projeler/Entegrasyon/Shared/Shared/obj/project.assets.json" (previous value: "/home/baturhan/Projeler/Entegrasyon/Shared/Shared/obj//project.assets.json") at /usr/lib64/dotnet/sdk/10.0.101/Sdks/Microsoft.NET.Sdk/targets/Microsoft.PackageDependencyResolution.targets (24,5)
       /usr/lib64/dotnet/sdk/10.0.101/Sdks/Microsoft.NET.Sdk/targets/Microsoft.PackageDependencyResolution.targets(29,5): message : Property reassignment: $(ProjectAssetsCacheFile)="/home/baturhan/Projeler/Entegrasyon/Shared/Shared/obj/Debug/net8.0/Shared.assets.cache" (previous value: "obj/Debug/net8.0/Shared.assets.cache") at /usr/lib64/dotnet/sdk/10.0.101/Sdks/Microsoft.NET.Sdk/targets/Microsoft.PackageDependencyResolution.targets (29,5)
       /usr/lib64/dotnet/sdk/10.0.101/Sdks/Microsoft.NET.Sdk/targets/Microsoft.PackageDependencyResolution.targets(80,5): message : Property reassignment: $(ResolveAssemblyReferencesDependsOn)="
       /usr/lib64/dotnet/sdk/10.0.101/Sdks/Microsoft.NET.Sdk/targets/Microsoft.PackageDependencyResolution.targets(80,5): message :       
       /usr/lib64/dotnet/sdk/10.0.101/Sdks/Microsoft.NET.Sdk/targets/Microsoft.PackageDependencyResolution.targets(80,5): message :       ResolveProjectReferences;
       /usr/lib64/dotnet/sdk/10.0.101/Sdks/Microsoft.NET.Sdk/targets/Microsoft.PackageDependencyResolution.targets(80,5): message :       FindInvalidProjectReferences;
       /usr/lib64/dotnet/sdk/10.0.101/Sdks/Microsoft.NET.Sdk/targets/Microsoft.PackageDependencyResolution.targets(80,5): message :       GetFrameworkPaths;
       /usr/lib64/dotnet/sdk/10.0.101/Sdks/Microsoft.NET.Sdk/targets/Microsoft.PackageDependencyResolution.targets(80,5): message :       GetReferenceAssemblyPaths;
       /usr/lib64/dotnet/sdk/10.0.101/Sdks/Microsoft.NET.Sdk/targets/Microsoft.PackageDependencyResolution.targets(80,5): message :       PrepareForBuild;
       /usr/lib64/dotnet/sdk/10.0.101/Sdks/Microsoft.NET.Sdk/targets/Microsoft.PackageDependencyResolution.targets(80,5): message :       ResolveSDKReferences;
       /usr/lib64/dotnet/sdk/10.0.101/Sdks/Microsoft.NET.Sdk/targets/Microsoft.PackageDependencyResolution.targets(80,5): message :       ExpandSDKReferences;
       /usr/lib64/dotnet/sdk/10.0.101/Sdks/Microsoft.NET.Sdk/targets/Microsoft.PackageDependencyResolution.targets(80,5): message :     ;
       /usr/lib64/dotnet/sdk/10.0.101/Sdks/Microsoft.NET.Sdk/targets/Microsoft.PackageDependencyResolution.targets(80,5): message :       ResolvePackageDependenciesForBuild;
       /usr/lib64/dotnet/sdk/10.0.101/Sdks/Microsoft.NET.Sdk/targets/Microsoft.PackageDependencyResolution.targets(80,5): message :       _HandlePackageFileConflicts;
       /usr/lib64/dotnet/sdk/10.0.101/Sdks/Microsoft.NET.Sdk/targets/Microsoft.PackageDependencyResolution.targets(80,5): message :     " (previous value: "
       /usr/lib64/dotnet/sdk/10.0.101/Sdks/Microsoft.NET.Sdk/targets/Microsoft.PackageDependencyResolution.targets(80,5): message :       ResolveProjectReferences;
       /usr/lib64/dotnet/sdk/10.0.101/Sdks/Microsoft.NET.Sdk/targets/Microsoft.PackageDependencyResolution.targets(80,5): message :       FindInvalidProjectReferences;
       /usr/lib64/dotnet/sdk/10.0.101/Sdks/Microsoft.NET.Sdk/targets/Microsoft.PackageDependencyResolution.targets(80,5): message :       GetFrameworkPaths;
       /usr/lib64/dotnet/sdk/10.0.101/Sdks/Microsoft.NET.Sdk/targets/Microsoft.PackageDependencyResolution.targets(80,5): message :       GetReferenceAssemblyPaths;
       /usr/lib64/dotnet/sdk/10.0.101/Sdks/Microsoft.NET.Sdk/targets/Microsoft.PackageDependencyResolution.targets(80,5): message :       PrepareForBuild;
       /usr/lib64/dotnet/sdk/10.0.101/Sdks/Microsoft.NET.Sdk/targets/Microsoft.PackageDependencyResolution.targets(80,5): message :       ResolveSDKReferences;
       /usr/lib64/dotnet/sdk/10.0.101/Sdks/Microsoft.NET.Sdk/targets/Microsoft.PackageDependencyResolution.targets(80,5): message :       ExpandSDKReferences;
       /usr/lib64/dotnet/sdk/10.0.101/Sdks/Microsoft.NET.Sdk/targets/Microsoft.PackageDependencyResolution.targets(80,5): message :     ") at /usr/lib64/dotnet/sdk/10.0.101/Sdks/Microsoft.NET.Sdk/targets/Microsoft.PackageDependencyResolution.targets (80,5)
       /usr/lib64/dotnet/sdk/10.0.101/Sdks/Microsoft.NET.Sdk/targets/Microsoft.PackageDependencyResolution.targets(86,5): message : Property reassignment: $(PrepareResourcesDependsOn)="
       /usr/lib64/dotnet/sdk/10.0.101/Sdks/Microsoft.NET.Sdk/targets/Microsoft.PackageDependencyResolution.targets(86,5): message :       ResolvePackageDependenciesForBuild;
       /usr/lib64/dotnet/sdk/10.0.101/Sdks/Microsoft.NET.Sdk/targets/Microsoft.PackageDependencyResolution.targets(86,5): message :       _HandlePackageFileConflicts;
       /usr/lib64/dotnet/sdk/10.0.101/Sdks/Microsoft.NET.Sdk/targets/Microsoft.PackageDependencyResolution.targets(86,5): message :       
       /usr/lib64/dotnet/sdk/10.0.101/Sdks/Microsoft.NET.Sdk/targets/Microsoft.PackageDependencyResolution.targets(86,5): message :       ;
       /usr/lib64/dotnet/sdk/10.0.101/Sdks/Microsoft.NET.Sdk/targets/Microsoft.PackageDependencyResolution.targets(86,5): message :       PrepareResourceNames;
       /usr/lib64/dotnet/sdk/10.0.101/Sdks/Microsoft.NET.Sdk/targets/Microsoft.PackageDependencyResolution.targets(86,5): message :       ResGen;
       /usr/lib64/dotnet/sdk/10.0.101/Sdks/Microsoft.NET.Sdk/targets/Microsoft.PackageDependencyResolution.targets(86,5): message :       CompileLicxFiles
       /usr/lib64/dotnet/sdk/10.0.101/Sdks/Microsoft.NET.Sdk/targets/Microsoft.PackageDependencyResolution.targets(86,5): message :     
       /usr/lib64/dotnet/sdk/10.0.101/Sdks/Microsoft.NET.Sdk/targets/Microsoft.PackageDependencyResolution.targets(86,5): message :     " (previous value: "
       /usr/lib64/dotnet/sdk/10.0.101/Sdks/Microsoft.NET.Sdk/targets/Microsoft.PackageDependencyResolution.targets(86,5): message :       ;
       /usr/lib64/dotnet/sdk/10.0.101/Sdks/Microsoft.NET.Sdk/targets/Microsoft.PackageDependencyResolution.targets(86,5): message :       PrepareResourceNames;
       /usr/lib64/dotnet/sdk/10.0.101/Sdks/Microsoft.NET.Sdk/targets/Microsoft.PackageDependencyResolution.targets(86,5): message :       ResGen;
       /usr/lib64/dotnet/sdk/10.0.101/Sdks/Microsoft.NET.Sdk/targets/Microsoft.PackageDependencyResolution.targets(86,5): message :       CompileLicxFiles
       /usr/lib64/dotnet/sdk/10.0.101/Sdks/Microsoft.NET.Sdk/targets/Microsoft.PackageDependencyResolution.targets(86,5): message :     ") at /usr/lib64/dotnet/sdk/10.0.101/Sdks/Microsoft.NET.Sdk/targets/Microsoft.PackageDependencyResolution.targets (86,5)
       The "EnableDefaultCompileItems" property is a global property, and cannot be modified.
       The "EnableDefaultEmbeddedResourceItems" property is a global property, and cannot be modified.
       The "EnableDefaultNoneItems" property is a global property, and cannot be modified.
       /usr/lib64/dotnet/sdk/10.0.101/Sdks/Microsoft.NET.Sdk/targets/Microsoft.NET.Sdk.DefaultItems.targets(35,5): message : Property reassignment: $(DefaultItemExcludes)=";bin/Debug//**;obj/Debug//**;bin//**" (previous value: ";bin/Debug//**;obj/Debug//**") at /usr/lib64/dotnet/sdk/10.0.101/Sdks/Microsoft.NET.Sdk/targets/Microsoft.NET.Sdk.DefaultItems.targets (35,5)
       /usr/lib64/dotnet/sdk/10.0.101/Sdks/Microsoft.NET.Sdk/targets/Microsoft.NET.Sdk.DefaultItems.targets(37,5): message : Property reassignment: $(DefaultItemExcludes)=";bin/Debug//**;obj/Debug//**;bin//**;obj//**" (previous value: ";bin/Debug//**;obj/Debug//**;bin//**") at /usr/lib64/dotnet/sdk/10.0.101/Sdks/Microsoft.NET.Sdk/targets/Microsoft.NET.Sdk.DefaultItems.targets (37,5)
       /usr/lib64/dotnet/sdk/10.0.101/Sdks/Microsoft.NET.Sdk/targets/Microsoft.NET.Sdk.DefaultItems.targets(40,5): message : Property reassignment: $(DefaultItemExcludes)=";bin/Debug//**;obj/Debug//**;bin//**;obj//**;**/*.user" (previous value: ";bin/Debug//**;obj/Debug//**;bin//**;obj//**") at /usr/lib64/dotnet/sdk/10.0.101/Sdks/Microsoft.NET.Sdk/targets/Microsoft.NET.Sdk.DefaultItems.targets (40,5)
       /usr/lib64/dotnet/sdk/10.0.101/Sdks/Microsoft.NET.Sdk/targets/Microsoft.NET.Sdk.DefaultItems.targets(41,5): message : Property reassignment: $(DefaultItemExcludes)=";bin/Debug//**;obj/Debug//**;bin//**;obj//**;**/*.user;**/*.*proj" (previous value: ";bin/Debug//**;obj/Debug//**;bin//**;obj//**;**/*.user") at /usr/lib64/dotnet/sdk/10.0.101/Sdks/Microsoft.NET.Sdk/targets/Microsoft.NET.Sdk.DefaultItems.targets (41,5)
       /usr/lib64/dotnet/sdk/10.0.101/Sdks/Microsoft.NET.Sdk/targets/Microsoft.NET.Sdk.DefaultItems.targets(42,5): message : Property reassignment: $(DefaultItemExcludes)=";bin/Debug//**;obj/Debug//**;bin//**;obj//**;**/*.user;**/*.*proj;**/*.sln" (previous value: ";bin/Debug//**;obj/Debug//**;bin//**;obj//**;**/*.user;**/*.*proj") at /usr/lib64/dotnet/sdk/10.0.101/Sdks/Microsoft.NET.Sdk/targets/Microsoft.NET.Sdk.DefaultItems.targets (42,5)
       /usr/lib64/dotnet/sdk/10.0.101/Sdks/Microsoft.NET.Sdk/targets/Microsoft.NET.Sdk.DefaultItems.targets(43,5): message : Property reassignment: $(DefaultItemExcludes)=";bin/Debug//**;obj/Debug//**;bin//**;obj//**;**/*.user;**/*.*proj;**/*.sln;**/*.slnx" (previous value: ";bin/Debug//**;obj/Debug//**;bin//**;obj//**;**/*.user;**/*.*proj;**/*.sln") at /usr/lib64/dotnet/sdk/10.0.101/Sdks/Microsoft.NET.Sdk/targets/Microsoft.NET.Sdk.DefaultItems.targets (43,5)
       /usr/lib64/dotnet/sdk/10.0.101/Sdks/Microsoft.NET.Sdk/targets/Microsoft.NET.Sdk.DefaultItems.targets(44,5): message : Property reassignment: $(DefaultItemExcludes)=";bin/Debug//**;obj/Debug//**;bin//**;obj//**;**/*.user;**/*.*proj;**/*.sln;**/*.slnx;**/*.vssscc" (previous value: ";bin/Debug//**;obj/Debug//**;bin//**;obj//**;**/*.user;**/*.*proj;**/*.sln;**/*.slnx") at /usr/lib64/dotnet/sdk/10.0.101/Sdks/Microsoft.NET.Sdk/targets/Microsoft.NET.Sdk.DefaultItems.targets (44,5)
       /usr/lib64/dotnet/sdk/10.0.101/Sdks/Microsoft.NET.Sdk/targets/Microsoft.NET.Sdk.DefaultItems.targets(45,5): message : Property reassignment: $(DefaultItemExcludes)=";bin/Debug//**;obj/Debug//**;bin//**;obj//**;**/*.user;**/*.*proj;**/*.sln;**/*.slnx;**/*.vssscc;**/.DS_Store" (previous value: ";bin/Debug//**;obj/Debug//**;bin//**;obj//**;**/*.user;**/*.*proj;**/*.sln;**/*.slnx;**/*.vssscc") at /usr/lib64/dotnet/sdk/10.0.101/Sdks/Microsoft.NET.Sdk/targets/Microsoft.NET.Sdk.DefaultItems.targets (45,5)
       /usr/lib64/dotnet/sdk/10.0.101/Sdks/Microsoft.NET.Sdk/targets/Microsoft.NET.Sdk.FrameworkReferenceResolution.targets(14,5): message : Property reassignment: $(ResolveAssemblyReferencesDependsOn)="
       /usr/lib64/dotnet/sdk/10.0.101/Sdks/Microsoft.NET.Sdk/targets/Microsoft.NET.Sdk.FrameworkReferenceResolution.targets(14,5): message :       
       /usr/lib64/dotnet/sdk/10.0.101/Sdks/Microsoft.NET.Sdk/targets/Microsoft.NET.Sdk.FrameworkReferenceResolution.targets(14,5): message :       
       /usr/lib64/dotnet/sdk/10.0.101/Sdks/Microsoft.NET.Sdk/targets/Microsoft.NET.Sdk.FrameworkReferenceResolution.targets(14,5): message :       ResolveProjectReferences;
       /usr/lib64/dotnet/sdk/10.0.101/Sdks/Microsoft.NET.Sdk/targets/Microsoft.NET.Sdk.FrameworkReferenceResolution.targets(14,5): message :       FindInvalidProjectReferences;
       /usr/lib64/dotnet/sdk/10.0.101/Sdks/Microsoft.NET.Sdk/targets/Microsoft.NET.Sdk.FrameworkReferenceResolution.targets(14,5): message :       GetFrameworkPaths;
       /usr/lib64/dotnet/sdk/10.0.101/Sdks/Microsoft.NET.Sdk/targets/Microsoft.NET.Sdk.FrameworkReferenceResolution.targets(14,5): message :       GetReferenceAssemblyPaths;
       /usr/lib64/dotnet/sdk/10.0.101/Sdks/Microsoft.NET.Sdk/targets/Microsoft.NET.Sdk.FrameworkReferenceResolution.targets(14,5): message :       PrepareForBuild;
       /usr/lib64/dotnet/sdk/10.0.101/Sdks/Microsoft.NET.Sdk/targets/Microsoft.NET.Sdk.FrameworkReferenceResolution.targets(14,5): message :       ResolveSDKReferences;
       /usr/lib64/dotnet/sdk/10.0.101/Sdks/Microsoft.NET.Sdk/targets/Microsoft.NET.Sdk.FrameworkReferenceResolution.targets(14,5): message :       ExpandSDKReferences;
       /usr/lib64/dotnet/sdk/10.0.101/Sdks/Microsoft.NET.Sdk/targets/Microsoft.NET.Sdk.FrameworkReferenceResolution.targets(14,5): message :     ;
       /usr/lib64/dotnet/sdk/10.0.101/Sdks/Microsoft.NET.Sdk/targets/Microsoft.NET.Sdk.FrameworkReferenceResolution.targets(14,5): message :       ResolvePackageDependenciesForBuild;
       /usr/lib64/dotnet/sdk/10.0.101/Sdks/Microsoft.NET.Sdk/targets/Microsoft.NET.Sdk.FrameworkReferenceResolution.targets(14,5): message :       _HandlePackageFileConflicts;
       /usr/lib64/dotnet/sdk/10.0.101/Sdks/Microsoft.NET.Sdk/targets/Microsoft.NET.Sdk.FrameworkReferenceResolution.targets(14,5): message :     ;
       /usr/lib64/dotnet/sdk/10.0.101/Sdks/Microsoft.NET.Sdk/targets/Microsoft.NET.Sdk.FrameworkReferenceResolution.targets(14,5): message :       ResolveTargetingPackAssets;
       /usr/lib64/dotnet/sdk/10.0.101/Sdks/Microsoft.NET.Sdk/targets/Microsoft.NET.Sdk.FrameworkReferenceResolution.targets(14,5): message :     " (previous value: "
       /usr/lib64/dotnet/sdk/10.0.101/Sdks/Microsoft.NET.Sdk/targets/Microsoft.NET.Sdk.FrameworkReferenceResolution.targets(14,5): message :       
       /usr/lib64/dotnet/sdk/10.0.101/Sdks/Microsoft.NET.Sdk/targets/Microsoft.NET.Sdk.FrameworkReferenceResolution.targets(14,5): message :       ResolveProjectReferences;
       /usr/lib64/dotnet/sdk/10.0.101/Sdks/Microsoft.NET.Sdk/targets/Microsoft.NET.Sdk.FrameworkReferenceResolution.targets(14,5): message :       FindInvalidProjectReferences;
       /usr/lib64/dotnet/sdk/10.0.101/Sdks/Microsoft.NET.Sdk/targets/Microsoft.NET.Sdk.FrameworkReferenceResolution.targets(14,5): message :       GetFrameworkPaths;
       /usr/lib64/dotnet/sdk/10.0.101/Sdks/Microsoft.NET.Sdk/targets/Microsoft.NET.Sdk.FrameworkReferenceResolution.targets(14,5): message :       GetReferenceAssemblyPaths;
       /usr/lib64/dotnet/sdk/10.0.101/Sdks/Microsoft.NET.Sdk/targets/Microsoft.NET.Sdk.FrameworkReferenceResolution.targets(14,5): message :       PrepareForBuild;
       /usr/lib64/dotnet/sdk/10.0.101/Sdks/Microsoft.NET.Sdk/targets/Microsoft.NET.Sdk.FrameworkReferenceResolution.targets(14,5): message :       ResolveSDKReferences;
       /usr/lib64/dotnet/sdk/10.0.101/Sdks/Microsoft.NET.Sdk/targets/Microsoft.NET.Sdk.FrameworkReferenceResolution.targets(14,5): message :       ExpandSDKReferences;
       /usr/lib64/dotnet/sdk/10.0.101/Sdks/Microsoft.NET.Sdk/targets/Microsoft.NET.Sdk.FrameworkReferenceResolution.targets(14,5): message :     ;
       /usr/lib64/dotnet/sdk/10.0.101/Sdks/Microsoft.NET.Sdk/targets/Microsoft.NET.Sdk.FrameworkReferenceResolution.targets(14,5): message :       ResolvePackageDependenciesForBuild;
       /usr/lib64/dotnet/sdk/10.0.101/Sdks/Microsoft.NET.Sdk/targets/Microsoft.NET.Sdk.FrameworkReferenceResolution.targets(14,5): message :       _HandlePackageFileConflicts;
       /usr/lib64/dotnet/sdk/10.0.101/Sdks/Microsoft.NET.Sdk/targets/Microsoft.NET.Sdk.FrameworkReferenceResolution.targets(14,5): message :     ") at /usr/lib64/dotnet/sdk/10.0.101/Sdks/Microsoft.NET.Sdk/targets/Microsoft.NET.Sdk.FrameworkReferenceResolution.targets (14,5)
       /usr/lib64/dotnet/sdk/10.0.101/Sdks/Microsoft.NET.Sdk/targets/Microsoft.NET.Sdk.targets(44,5): message : Property reassignment: $(_GenerateRuntimeConfigurationPropertyInputsCache)="/home/baturhan/Projeler/Entegrasyon/Shared/Shared/obj/Debug/net8.0/Shared.genruntimeconfig.cache" (previous value: "obj/Debug/net8.0/Shared.genruntimeconfig.cache") at /usr/lib64/dotnet/sdk/10.0.101/Sdks/Microsoft.NET.Sdk/targets/Microsoft.NET.Sdk.targets (44,5)
       /usr/lib64/dotnet/sdk/10.0.101/Sdks/Microsoft.NET.Sdk/targets/Microsoft.NET.Sdk.targets(46,5): message : Property reassignment: $(_GeneratePublishDependencyFilePropertyInputsCache)="/home/baturhan/Projeler/Entegrasyon/Shared/Shared/obj/Debug/net8.0/Shared.genpublishdeps.cache" (previous value: "obj/Debug/net8.0/Shared.genpublishdeps.cache") at /usr/lib64/dotnet/sdk/10.0.101/Sdks/Microsoft.NET.Sdk/targets/Microsoft.NET.Sdk.targets (46,5)
       /usr/lib64/dotnet/sdk/10.0.101/Sdks/Microsoft.NET.Sdk/targets/Microsoft.NET.Sdk.targets(48,5): message : Property reassignment: $(_GenerateSingleFileBundlePropertyInputsCache)="/home/baturhan/Projeler/Entegrasyon/Shared/Shared/obj/Debug/net8.0/Shared.genbundle.cache" (previous value: "obj/Debug/net8.0/Shared.genbundle.cache") at /usr/lib64/dotnet/sdk/10.0.101/Sdks/Microsoft.NET.Sdk/targets/Microsoft.NET.Sdk.targets (48,5)
       /usr/lib64/dotnet/sdk/10.0.101/Sdks/Microsoft.NET.Sdk/targets/Microsoft.NET.Sdk.targets(81,5): message : Property reassignment: $(GenerateRuntimeConfigDevFile)="false" (previous value: "true") at /usr/lib64/dotnet/sdk/10.0.101/Sdks/Microsoft.NET.Sdk/targets/Microsoft.NET.Sdk.targets (81,5)
       /usr/lib64/dotnet/sdk/10.0.101/Sdks/Microsoft.NET.Sdk/targets/Microsoft.NET.Sdk.targets(97,5): message : Property 'HOME' with value '/home/baturhan' expanded from the environment.
       /usr/lib64/dotnet/sdk/10.0.101/Sdks/Microsoft.NET.Sdk/targets/Microsoft.NET.Sdk.targets(99,5): message : Property reassignment: $(_DefaultUserProfileRuntimeStorePath)="/home/baturhan/.dotnet/store" (previous value: "/home/baturhan") at /usr/lib64/dotnet/sdk/10.0.101/Sdks/Microsoft.NET.Sdk/targets/Microsoft.NET.Sdk.targets (99,5)
       /usr/lib64/dotnet/sdk/10.0.101/Sdks/Microsoft.NET.Sdk/targets/Microsoft.NET.Sdk.targets(144,5): message : Property reassignment: $(AvailablePlatforms)="Any CPU,x86,x64,ARM32" (previous value: "Any CPU,x86,x64") at /usr/lib64/dotnet/sdk/10.0.101/Sdks/Microsoft.NET.Sdk/targets/Microsoft.NET.Sdk.targets (144,5)
       /usr/lib64/dotnet/sdk/10.0.101/Sdks/Microsoft.NET.Sdk/targets/Microsoft.NET.Sdk.targets(148,5): message : Property reassignment: $(AvailablePlatforms)="Any CPU,x86,x64,ARM32,ARM64" (previous value: "Any CPU,x86,x64,ARM32") at /usr/lib64/dotnet/sdk/10.0.101/Sdks/Microsoft.NET.Sdk/targets/Microsoft.NET.Sdk.targets (148,5)
       /usr/lib64/dotnet/sdk/10.0.101/Sdks/Microsoft.NET.Sdk/targets/Microsoft.NET.Sdk.targets(204,5): message : Property reassignment: $(CoreBuildDependsOn)="
       /usr/lib64/dotnet/sdk/10.0.101/Sdks/Microsoft.NET.Sdk/targets/Microsoft.NET.Sdk.targets(204,5): message :       _CheckForBuildWithNoBuild;
       /usr/lib64/dotnet/sdk/10.0.101/Sdks/Microsoft.NET.Sdk/targets/Microsoft.NET.Sdk.targets(204,5): message :       
       /usr/lib64/dotnet/sdk/10.0.101/Sdks/Microsoft.NET.Sdk/targets/Microsoft.NET.Sdk.targets(204,5): message :       BuildOnlySettings;
       /usr/lib64/dotnet/sdk/10.0.101/Sdks/Microsoft.NET.Sdk/targets/Microsoft.NET.Sdk.targets(204,5): message :       PrepareForBuild;
       /usr/lib64/dotnet/sdk/10.0.101/Sdks/Microsoft.NET.Sdk/targets/Microsoft.NET.Sdk.targets(204,5): message :       PreBuildEvent;
       /usr/lib64/dotnet/sdk/10.0.101/Sdks/Microsoft.NET.Sdk/targets/Microsoft.NET.Sdk.targets(204,5): message :       ResolveReferences;
       /usr/lib64/dotnet/sdk/10.0.101/Sdks/Microsoft.NET.Sdk/targets/Microsoft.NET.Sdk.targets(204,5): message :       PrepareResources;
       /usr/lib64/dotnet/sdk/10.0.101/Sdks/Microsoft.NET.Sdk/targets/Microsoft.NET.Sdk.targets(204,5): message :       ResolveKeySource;
       /usr/lib64/dotnet/sdk/10.0.101/Sdks/Microsoft.NET.Sdk/targets/Microsoft.NET.Sdk.targets(204,5): message :       Compile;
       /usr/lib64/dotnet/sdk/10.0.101/Sdks/Microsoft.NET.Sdk/targets/Microsoft.NET.Sdk.targets(204,5): message :       ExportWindowsMDFile;
       /usr/lib64/dotnet/sdk/10.0.101/Sdks/Microsoft.NET.Sdk/targets/Microsoft.NET.Sdk.targets(204,5): message :       UnmanagedUnregistration;
       /usr/lib64/dotnet/sdk/10.0.101/Sdks/Microsoft.NET.Sdk/targets/Microsoft.NET.Sdk.targets(204,5): message :       GenerateSerializationAssemblies;
       /usr/lib64/dotnet/sdk/10.0.101/Sdks/Microsoft.NET.Sdk/targets/Microsoft.NET.Sdk.targets(204,5): message :       CreateSatelliteAssemblies;
       /usr/lib64/dotnet/sdk/10.0.101/Sdks/Microsoft.NET.Sdk/targets/Microsoft.NET.Sdk.targets(204,5): message :       GenerateManifests;
       /usr/lib64/dotnet/sdk/10.0.101/Sdks/Microsoft.NET.Sdk/targets/Microsoft.NET.Sdk.targets(204,5): message :       GetTargetPath;
       /usr/lib64/dotnet/sdk/10.0.101/Sdks/Microsoft.NET.Sdk/targets/Microsoft.NET.Sdk.targets(204,5): message :       PrepareForRun;
       /usr/lib64/dotnet/sdk/10.0.101/Sdks/Microsoft.NET.Sdk/targets/Microsoft.NET.Sdk.targets(204,5): message :       UnmanagedRegistration;
       /usr/lib64/dotnet/sdk/10.0.101/Sdks/Microsoft.NET.Sdk/targets/Microsoft.NET.Sdk.targets(204,5): message :       IncrementalClean;
       /usr/lib64/dotnet/sdk/10.0.101/Sdks/Microsoft.NET.Sdk/targets/Microsoft.NET.Sdk.targets(204,5): message :       PostBuildEvent
       /usr/lib64/dotnet/sdk/10.0.101/Sdks/Microsoft.NET.Sdk/targets/Microsoft.NET.Sdk.targets(204,5): message :     ;
       /usr/lib64/dotnet/sdk/10.0.101/Sdks/Microsoft.NET.Sdk/targets/Microsoft.NET.Sdk.targets(204,5): message :       GenerateBuildDependencyFile;
       /usr/lib64/dotnet/sdk/10.0.101/Sdks/Microsoft.NET.Sdk/targets/Microsoft.NET.Sdk.targets(204,5): message :       GenerateBuildRuntimeConfigurationFiles
       /usr/lib64/dotnet/sdk/10.0.101/Sdks/Microsoft.NET.Sdk/targets/Microsoft.NET.Sdk.targets(204,5): message :     " (previous value: "
       /usr/lib64/dotnet/sdk/10.0.101/Sdks/Microsoft.NET.Sdk/targets/Microsoft.NET.Sdk.targets(204,5): message :       BuildOnlySettings;
       /usr/lib64/dotnet/sdk/10.0.101/Sdks/Microsoft.NET.Sdk/targets/Microsoft.NET.Sdk.targets(204,5): message :       PrepareForBuild;
       /usr/lib64/dotnet/sdk/10.0.101/Sdks/Microsoft.NET.Sdk/targets/Microsoft.NET.Sdk.targets(204,5): message :       PreBuildEvent;
       /usr/lib64/dotnet/sdk/10.0.101/Sdks/Microsoft.NET.Sdk/targets/Microsoft.NET.Sdk.targets(204,5): message :       ResolveReferences;
       /usr/lib64/dotnet/sdk/10.0.101/Sdks/Microsoft.NET.Sdk/targets/Microsoft.NET.Sdk.targets(204,5): message :       PrepareResources;
       /usr/lib64/dotnet/sdk/10.0.101/Sdks/Microsoft.NET.Sdk/targets/Microsoft.NET.Sdk.targets(204,5): message :       ResolveKeySource;
       /usr/lib64/dotnet/sdk/10.0.101/Sdks/Microsoft.NET.Sdk/targets/Microsoft.NET.Sdk.targets(204,5): message :       Compile;
       /usr/lib64/dotnet/sdk/10.0.101/Sdks/Microsoft.NET.Sdk/targets/Microsoft.NET.Sdk.targets(204,5): message :       ExportWindowsMDFile;
       /usr/lib64/dotnet/sdk/10.0.101/Sdks/Microsoft.NET.Sdk/targets/Microsoft.NET.Sdk.targets(204,5): message :       UnmanagedUnregistration;
       /usr/lib64/dotnet/sdk/10.0.101/Sdks/Microsoft.NET.Sdk/targets/Microsoft.NET.Sdk.targets(204,5): message :       GenerateSerializationAssemblies;
       /usr/lib64/dotnet/sdk/10.0.101/Sdks/Microsoft.NET.Sdk/targets/Microsoft.NET.Sdk.targets(204,5): message :       CreateSatelliteAssemblies;
       /usr/lib64/dotnet/sdk/10.0.101/Sdks/Microsoft.NET.Sdk/targets/Microsoft.NET.Sdk.targets(204,5): message :       GenerateManifests;
       /usr/lib64/dotnet/sdk/10.0.101/Sdks/Microsoft.NET.Sdk/targets/Microsoft.NET.Sdk.targets(204,5): message :       GetTargetPath;
       /usr/lib64/dotnet/sdk/10.0.101/Sdks/Microsoft.NET.Sdk/targets/Microsoft.NET.Sdk.targets(204,5): message :       PrepareForRun;
       /usr/lib64/dotnet/sdk/10.0.101/Sdks/Microsoft.NET.Sdk/targets/Microsoft.NET.Sdk.targets(204,5): message :       UnmanagedRegistration;
       /usr/lib64/dotnet/sdk/10.0.101/Sdks/Microsoft.NET.Sdk/targets/Microsoft.NET.Sdk.targets(204,5): message :       IncrementalClean;
       /usr/lib64/dotnet/sdk/10.0.101/Sdks/Microsoft.NET.Sdk/targets/Microsoft.NET.Sdk.targets(204,5): message :       PostBuildEvent
       /usr/lib64/dotnet/sdk/10.0.101/Sdks/Microsoft.NET.Sdk/targets/Microsoft.NET.Sdk.targets(204,5): message :     ") at /usr/lib64/dotnet/sdk/10.0.101/Sdks/Microsoft.NET.Sdk/targets/Microsoft.NET.Sdk.targets (204,5)
       /usr/lib64/dotnet/sdk/10.0.101/Sdks/Microsoft.NET.Sdk/targets/Microsoft.NET.Sdk.targets(213,5): message : Property reassignment: $(CoreCleanDependsOn)="
       /usr/lib64/dotnet/sdk/10.0.101/Sdks/Microsoft.NET.Sdk/targets/Microsoft.NET.Sdk.targets(213,5): message :       _SdkBeforeClean;
       /usr/lib64/dotnet/sdk/10.0.101/Sdks/Microsoft.NET.Sdk/targets/Microsoft.NET.Sdk.targets(213,5): message :       
       /usr/lib64/dotnet/sdk/10.0.101/Sdks/Microsoft.NET.Sdk/targets/Microsoft.NET.Sdk.targets(213,5): message :     " (previous value: "") at /usr/lib64/dotnet/sdk/10.0.101/Sdks/Microsoft.NET.Sdk/targets/Microsoft.NET.Sdk.targets (213,5)
       /usr/lib64/dotnet/sdk/10.0.101/Sdks/Microsoft.NET.Sdk/targets/Microsoft.NET.Sdk.targets(220,5): message : Property reassignment: $(RebuildDependsOn)="
       /usr/lib64/dotnet/sdk/10.0.101/Sdks/Microsoft.NET.Sdk/targets/Microsoft.NET.Sdk.targets(220,5): message :       _SdkBeforeRebuild;
       /usr/lib64/dotnet/sdk/10.0.101/Sdks/Microsoft.NET.Sdk/targets/Microsoft.NET.Sdk.targets(220,5): message :       
       /usr/lib64/dotnet/sdk/10.0.101/Sdks/Microsoft.NET.Sdk/targets/Microsoft.NET.Sdk.targets(220,5): message :       BeforeRebuild;
       /usr/lib64/dotnet/sdk/10.0.101/Sdks/Microsoft.NET.Sdk/targets/Microsoft.NET.Sdk.targets(220,5): message :       Clean;
       /usr/lib64/dotnet/sdk/10.0.101/Sdks/Microsoft.NET.Sdk/targets/Microsoft.NET.Sdk.targets(220,5): message :       Build;
       /usr/lib64/dotnet/sdk/10.0.101/Sdks/Microsoft.NET.Sdk/targets/Microsoft.NET.Sdk.targets(220,5): message :       AfterRebuild;
       /usr/lib64/dotnet/sdk/10.0.101/Sdks/Microsoft.NET.Sdk/targets/Microsoft.NET.Sdk.targets(220,5): message :     
       /usr/lib64/dotnet/sdk/10.0.101/Sdks/Microsoft.NET.Sdk/targets/Microsoft.NET.Sdk.targets(220,5): message :     " (previous value: "
       /usr/lib64/dotnet/sdk/10.0.101/Sdks/Microsoft.NET.Sdk/targets/Microsoft.NET.Sdk.targets(220,5): message :       BeforeRebuild;
       /usr/lib64/dotnet/sdk/10.0.101/Sdks/Microsoft.NET.Sdk/targets/Microsoft.NET.Sdk.targets(220,5): message :       Clean;
       /usr/lib64/dotnet/sdk/10.0.101/Sdks/Microsoft.NET.Sdk/targets/Microsoft.NET.Sdk.targets(220,5): message :       Build;
       /usr/lib64/dotnet/sdk/10.0.101/Sdks/Microsoft.NET.Sdk/targets/Microsoft.NET.Sdk.targets(220,5): message :       AfterRebuild;
       /usr/lib64/dotnet/sdk/10.0.101/Sdks/Microsoft.NET.Sdk/targets/Microsoft.NET.Sdk.targets(220,5): message :     ") at /usr/lib64/dotnet/sdk/10.0.101/Sdks/Microsoft.NET.Sdk/targets/Microsoft.NET.Sdk.targets (220,5)
       /usr/lib64/dotnet/sdk/10.0.101/Sdks/Microsoft.NET.Sdk/targets/Microsoft.NET.Sdk.targets(799,5): message : Property reassignment: $(CompileDependsOn)="
       /usr/lib64/dotnet/sdk/10.0.101/Sdks/Microsoft.NET.Sdk/targets/Microsoft.NET.Sdk.targets(799,5): message :       
       /usr/lib64/dotnet/sdk/10.0.101/Sdks/Microsoft.NET.Sdk/targets/Microsoft.NET.Sdk.targets(799,5): message :       ResolveReferences;
       /usr/lib64/dotnet/sdk/10.0.101/Sdks/Microsoft.NET.Sdk/targets/Microsoft.NET.Sdk.targets(799,5): message :       ResolveKeySource;
       /usr/lib64/dotnet/sdk/10.0.101/Sdks/Microsoft.NET.Sdk/targets/Microsoft.NET.Sdk.targets(799,5): message :       SetWin32ManifestProperties;
       /usr/lib64/dotnet/sdk/10.0.101/Sdks/Microsoft.NET.Sdk/targets/Microsoft.NET.Sdk.targets(799,5): message :       _SetPreferNativeArm64Win32ManifestProperties;
       /usr/lib64/dotnet/sdk/10.0.101/Sdks/Microsoft.NET.Sdk/targets/Microsoft.NET.Sdk.targets(799,5): message :       FindReferenceAssembliesForReferences;
       /usr/lib64/dotnet/sdk/10.0.101/Sdks/Microsoft.NET.Sdk/targets/Microsoft.NET.Sdk.targets(799,5): message :       _GenerateCompileInputs;
       /usr/lib64/dotnet/sdk/10.0.101/Sdks/Microsoft.NET.Sdk/targets/Microsoft.NET.Sdk.targets(799,5): message :       BeforeCompile;
       /usr/lib64/dotnet/sdk/10.0.101/Sdks/Microsoft.NET.Sdk/targets/Microsoft.NET.Sdk.targets(799,5): message :       _TimeStampBeforeCompile;
       /usr/lib64/dotnet/sdk/10.0.101/Sdks/Microsoft.NET.Sdk/targets/Microsoft.NET.Sdk.targets(799,5): message :       _GenerateCompileDependencyCache;
       /usr/lib64/dotnet/sdk/10.0.101/Sdks/Microsoft.NET.Sdk/targets/Microsoft.NET.Sdk.targets(799,5): message :       CoreCompile;
       /usr/lib64/dotnet/sdk/10.0.101/Sdks/Microsoft.NET.Sdk/targets/Microsoft.NET.Sdk.targets(799,5): message :       _TimeStampAfterCompile;
       /usr/lib64/dotnet/sdk/10.0.101/Sdks/Microsoft.NET.Sdk/targets/Microsoft.NET.Sdk.targets(799,5): message :       AfterCompile;
       /usr/lib64/dotnet/sdk/10.0.101/Sdks/Microsoft.NET.Sdk/targets/Microsoft.NET.Sdk.targets(799,5): message :     ;
       /usr/lib64/dotnet/sdk/10.0.101/Sdks/Microsoft.NET.Sdk/targets/Microsoft.NET.Sdk.targets(799,5): message :       _CreateAppHost;
       /usr/lib64/dotnet/sdk/10.0.101/Sdks/Microsoft.NET.Sdk/targets/Microsoft.NET.Sdk.targets(799,5): message :       _CreateComHost;
       /usr/lib64/dotnet/sdk/10.0.101/Sdks/Microsoft.NET.Sdk/targets/Microsoft.NET.Sdk.targets(799,5): message :       _GetIjwHostPaths;
       /usr/lib64/dotnet/sdk/10.0.101/Sdks/Microsoft.NET.Sdk/targets/Microsoft.NET.Sdk.targets(799,5): message :     " (previous value: "
       /usr/lib64/dotnet/sdk/10.0.101/Sdks/Microsoft.NET.Sdk/targets/Microsoft.NET.Sdk.targets(799,5): message :       ResolveReferences;
       /usr/lib64/dotnet/sdk/10.0.101/Sdks/Microsoft.NET.Sdk/targets/Microsoft.NET.Sdk.targets(799,5): message :       ResolveKeySource;
       /usr/lib64/dotnet/sdk/10.0.101/Sdks/Microsoft.NET.Sdk/targets/Microsoft.NET.Sdk.targets(799,5): message :       SetWin32ManifestProperties;
       /usr/lib64/dotnet/sdk/10.0.101/Sdks/Microsoft.NET.Sdk/targets/Microsoft.NET.Sdk.targets(799,5): message :       _SetPreferNativeArm64Win32ManifestProperties;
       /usr/lib64/dotnet/sdk/10.0.101/Sdks/Microsoft.NET.Sdk/targets/Microsoft.NET.Sdk.targets(799,5): message :       FindReferenceAssembliesForReferences;
       /usr/lib64/dotnet/sdk/10.0.101/Sdks/Microsoft.NET.Sdk/targets/Microsoft.NET.Sdk.targets(799,5): message :       _GenerateCompileInputs;
       /usr/lib64/dotnet/sdk/10.0.101/Sdks/Microsoft.NET.Sdk/targets/Microsoft.NET.Sdk.targets(799,5): message :       BeforeCompile;
       /usr/lib64/dotnet/sdk/10.0.101/Sdks/Microsoft.NET.Sdk/targets/Microsoft.NET.Sdk.targets(799,5): message :       _TimeStampBeforeCompile;
       /usr/lib64/dotnet/sdk/10.0.101/Sdks/Microsoft.NET.Sdk/targets/Microsoft.NET.Sdk.targets(799,5): message :       _GenerateCompileDependencyCache;
       /usr/lib64/dotnet/sdk/10.0.101/Sdks/Microsoft.NET.Sdk/targets/Microsoft.NET.Sdk.targets(799,5): message :       CoreCompile;
       /usr/lib64/dotnet/sdk/10.0.101/Sdks/Microsoft.NET.Sdk/targets/Microsoft.NET.Sdk.targets(799,5): message :       _TimeStampAfterCompile;
       /usr/lib64/dotnet/sdk/10.0.101/Sdks/Microsoft.NET.Sdk/targets/Microsoft.NET.Sdk.targets(799,5): message :       AfterCompile;
       /usr/lib64/dotnet/sdk/10.0.101/Sdks/Microsoft.NET.Sdk/targets/Microsoft.NET.Sdk.targets(799,5): message :     ") at /usr/lib64/dotnet/sdk/10.0.101/Sdks/Microsoft.NET.Sdk/targets/Microsoft.NET.Sdk.targets (799,5)
       /usr/lib64/dotnet/sdk/10.0.101/Sdks/Microsoft.NET.Sdk/targets/Microsoft.NET.Sdk.targets(1131,5): message : Property reassignment: $(CreateSatelliteAssembliesDependsOn)="
       /usr/lib64/dotnet/sdk/10.0.101/Sdks/Microsoft.NET.Sdk/targets/Microsoft.NET.Sdk.targets(1131,5): message :       
       /usr/lib64/dotnet/sdk/10.0.101/Sdks/Microsoft.NET.Sdk/targets/Microsoft.NET.Sdk.targets(1131,5): message :       ;
       /usr/lib64/dotnet/sdk/10.0.101/Sdks/Microsoft.NET.Sdk/targets/Microsoft.NET.Sdk.targets(1131,5): message :       _GenerateSatelliteAssemblyInputs;
       /usr/lib64/dotnet/sdk/10.0.101/Sdks/Microsoft.NET.Sdk/targets/Microsoft.NET.Sdk.targets(1131,5): message :       ComputeIntermediateSatelliteAssemblies;
       /usr/lib64/dotnet/sdk/10.0.101/Sdks/Microsoft.NET.Sdk/targets/Microsoft.NET.Sdk.targets(1131,5): message :       GenerateSatelliteAssemblies
       /usr/lib64/dotnet/sdk/10.0.101/Sdks/Microsoft.NET.Sdk/targets/Microsoft.NET.Sdk.targets(1131,5): message :     ;
       /usr/lib64/dotnet/sdk/10.0.101/Sdks/Microsoft.NET.Sdk/targets/Microsoft.NET.Sdk.targets(1131,5): message :       CoreGenerateSatelliteAssemblies
       /usr/lib64/dotnet/sdk/10.0.101/Sdks/Microsoft.NET.Sdk/targets/Microsoft.NET.Sdk.targets(1131,5): message :     " (previous value: "
       /usr/lib64/dotnet/sdk/10.0.101/Sdks/Microsoft.NET.Sdk/targets/Microsoft.NET.Sdk.targets(1131,5): message :       ;
       /usr/lib64/dotnet/sdk/10.0.101/Sdks/Microsoft.NET.Sdk/targets/Microsoft.NET.Sdk.targets(1131,5): message :       _GenerateSatelliteAssemblyInputs;
       /usr/lib64/dotnet/sdk/10.0.101/Sdks/Microsoft.NET.Sdk/targets/Microsoft.NET.Sdk.targets(1131,5): message :       ComputeIntermediateSatelliteAssemblies;
       /usr/lib64/dotnet/sdk/10.0.101/Sdks/Microsoft.NET.Sdk/targets/Microsoft.NET.Sdk.targets(1131,5): message :       GenerateSatelliteAssemblies
       /usr/lib64/dotnet/sdk/10.0.101/Sdks/Microsoft.NET.Sdk/targets/Microsoft.NET.Sdk.targets(1131,5): message :     ") at /usr/lib64/dotnet/sdk/10.0.101/Sdks/Microsoft.NET.Sdk/targets/Microsoft.NET.Sdk.targets (1131,5)
       /usr/lib64/dotnet/sdk/10.0.101/Sdks/Microsoft.SourceLink.GitLab/build/Microsoft.SourceLink.GitLab.targets(12,5): message : Property reassignment: $(SourceLinkUrlInitializerTargets)=";_InitializeGitHubSourceLinkUrl;_InitializeGitLabSourceLinkUrl" (previous value: ";_InitializeGitHubSourceLinkUrl") at /usr/lib64/dotnet/sdk/10.0.101/Sdks/Microsoft.SourceLink.GitLab/build/Microsoft.SourceLink.GitLab.targets (12,5)
       /usr/lib64/dotnet/sdk/10.0.101/Sdks/Microsoft.SourceLink.GitLab/build/Microsoft.SourceLink.GitLab.targets(13,5): message : Property reassignment: $(SourceControlManagerUrlTranslationTargets)=";TranslateGitHubUrlsInSourceControlInformation;TranslateGitLabUrlsInSourceControlInformation" (previous value: ";TranslateGitHubUrlsInSourceControlInformation") at /usr/lib64/dotnet/sdk/10.0.101/Sdks/Microsoft.SourceLink.GitLab/build/Microsoft.SourceLink.GitLab.targets (13,5)
       /usr/lib64/dotnet/sdk/10.0.101/Sdks/Microsoft.SourceLink.AzureRepos.Git/build/Microsoft.SourceLink.AzureRepos.Git.targets(12,5): message : Property reassignment: $(SourceLinkUrlInitializerTargets)=";_InitializeGitHubSourceLinkUrl;_InitializeGitLabSourceLinkUrl;_InitializeAzureReposGitSourceLinkUrl" (previous value: ";_InitializeGitHubSourceLinkUrl;_InitializeGitLabSourceLinkUrl") at /usr/lib64/dotnet/sdk/10.0.101/Sdks/Microsoft.SourceLink.AzureRepos.Git/build/Microsoft.SourceLink.AzureRepos.Git.targets (12,5)
       /usr/lib64/dotnet/sdk/10.0.101/Sdks/Microsoft.SourceLink.AzureRepos.Git/build/Microsoft.SourceLink.AzureRepos.Git.targets(13,5): message : Property reassignment: $(SourceControlManagerUrlTranslationTargets)=";TranslateGitHubUrlsInSourceControlInformation;TranslateGitLabUrlsInSourceControlInformation;TranslateAzureReposGitUrlsInSourceControlInformation" (previous value: ";TranslateGitHubUrlsInSourceControlInformation;TranslateGitLabUrlsInSourceControlInformation") at /usr/lib64/dotnet/sdk/10.0.101/Sdks/Microsoft.SourceLink.AzureRepos.Git/build/Microsoft.SourceLink.AzureRepos.Git.targets (13,5)
       /usr/lib64/dotnet/sdk/10.0.101/Sdks/Microsoft.SourceLink.Bitbucket.Git/build/Microsoft.SourceLink.Bitbucket.Git.targets(12,5): message : Property reassignment: $(SourceLinkUrlInitializerTargets)=";_InitializeGitHubSourceLinkUrl;_InitializeGitLabSourceLinkUrl;_InitializeAzureReposGitSourceLinkUrl;_InitializeBitbucketGitSourceLinkUrl" (previous value: ";_InitializeGitHubSourceLinkUrl;_InitializeGitLabSourceLinkUrl;_InitializeAzureReposGitSourceLinkUrl") at /usr/lib64/dotnet/sdk/10.0.101/Sdks/Microsoft.SourceLink.Bitbucket.Git/build/Microsoft.SourceLink.Bitbucket.Git.targets (12,5)
       /usr/lib64/dotnet/sdk/10.0.101/Sdks/Microsoft.SourceLink.Bitbucket.Git/build/Microsoft.SourceLink.Bitbucket.Git.targets(13,5): message : Property reassignment: $(SourceControlManagerUrlTranslationTargets)=";TranslateGitHubUrlsInSourceControlInformation;TranslateGitLabUrlsInSourceControlInformation;TranslateAzureReposGitUrlsInSourceControlInformation;TranslateBitbucketGitUrlsInSourceControlInformation" (previous value: ";TranslateGitHubUrlsInSourceControlInformation;TranslateGitLabUrlsInSourceControlInformation;TranslateAzureReposGitUrlsInSourceControlInformation") at /usr/lib64/dotnet/sdk/10.0.101/Sdks/Microsoft.SourceLink.Bitbucket.Git/build/Microsoft.SourceLink.Bitbucket.Git.targets (13,5)
       /usr/lib64/dotnet/sdk/10.0.101/Sdks/Microsoft.NET.Sdk/targets/Microsoft.NET.DesignerSupport.targets(21,5): message : Property reassignment: $(DesignerRuntimeImplementationProjectOutputGroupDependsOn)="
       /usr/lib64/dotnet/sdk/10.0.101/Sdks/Microsoft.NET.Sdk/targets/Microsoft.NET.DesignerSupport.targets(21,5): message :       
       /usr/lib64/dotnet/sdk/10.0.101/Sdks/Microsoft.NET.Sdk/targets/Microsoft.NET.DesignerSupport.targets(21,5): message :       ;
       /usr/lib64/dotnet/sdk/10.0.101/Sdks/Microsoft.NET.Sdk/targets/Microsoft.NET.DesignerSupport.targets(21,5): message :       
       /usr/lib64/dotnet/sdk/10.0.101/Sdks/Microsoft.NET.Sdk/targets/Microsoft.NET.DesignerSupport.targets(21,5): message :       ;
       /usr/lib64/dotnet/sdk/10.0.101/Sdks/Microsoft.NET.Sdk/targets/Microsoft.NET.DesignerSupport.targets(21,5): message :       BuildOnlySettings;
       /usr/lib64/dotnet/sdk/10.0.101/Sdks/Microsoft.NET.Sdk/targets/Microsoft.NET.DesignerSupport.targets(21,5): message :       PrepareForBuild;
       /usr/lib64/dotnet/sdk/10.0.101/Sdks/Microsoft.NET.Sdk/targets/Microsoft.NET.DesignerSupport.targets(21,5): message :       AssignTargetPaths;
       /usr/lib64/dotnet/sdk/10.0.101/Sdks/Microsoft.NET.Sdk/targets/Microsoft.NET.DesignerSupport.targets(21,5): message :       ResolveReferences
       /usr/lib64/dotnet/sdk/10.0.101/Sdks/Microsoft.NET.Sdk/targets/Microsoft.NET.DesignerSupport.targets(21,5): message :     
       /usr/lib64/dotnet/sdk/10.0.101/Sdks/Microsoft.NET.Sdk/targets/Microsoft.NET.DesignerSupport.targets(21,5): message :     ;
       /usr/lib64/dotnet/sdk/10.0.101/Sdks/Microsoft.NET.Sdk/targets/Microsoft.NET.DesignerSupport.targets(21,5): message :       _GenerateDesignerDepsFile;
       /usr/lib64/dotnet/sdk/10.0.101/Sdks/Microsoft.NET.Sdk/targets/Microsoft.NET.DesignerSupport.targets(21,5): message :       _GenerateDesignerRuntimeConfigFile;
       /usr/lib64/dotnet/sdk/10.0.101/Sdks/Microsoft.NET.Sdk/targets/Microsoft.NET.DesignerSupport.targets(21,5): message :       GetCopyToOutputDirectoryItems;
       /usr/lib64/dotnet/sdk/10.0.101/Sdks/Microsoft.NET.Sdk/targets/Microsoft.NET.DesignerSupport.targets(21,5): message :       _GatherDesignerShadowCopyFiles;
       /usr/lib64/dotnet/sdk/10.0.101/Sdks/Microsoft.NET.Sdk/targets/Microsoft.NET.DesignerSupport.targets(21,5): message :     " (previous value: "
       /usr/lib64/dotnet/sdk/10.0.101/Sdks/Microsoft.NET.Sdk/targets/Microsoft.NET.DesignerSupport.targets(21,5): message :       ;
       /usr/lib64/dotnet/sdk/10.0.101/Sdks/Microsoft.NET.Sdk/targets/Microsoft.NET.DesignerSupport.targets(21,5): message :       
       /usr/lib64/dotnet/sdk/10.0.101/Sdks/Microsoft.NET.Sdk/targets/Microsoft.NET.DesignerSupport.targets(21,5): message :       ;
       /usr/lib64/dotnet/sdk/10.0.101/Sdks/Microsoft.NET.Sdk/targets/Microsoft.NET.DesignerSupport.targets(21,5): message :       BuildOnlySettings;
       /usr/lib64/dotnet/sdk/10.0.101/Sdks/Microsoft.NET.Sdk/targets/Microsoft.NET.DesignerSupport.targets(21,5): message :       PrepareForBuild;
       /usr/lib64/dotnet/sdk/10.0.101/Sdks/Microsoft.NET.Sdk/targets/Microsoft.NET.DesignerSupport.targets(21,5): message :       AssignTargetPaths;
       /usr/lib64/dotnet/sdk/10.0.101/Sdks/Microsoft.NET.Sdk/targets/Microsoft.NET.DesignerSupport.targets(21,5): message :       ResolveReferences
       /usr/lib64/dotnet/sdk/10.0.101/Sdks/Microsoft.NET.Sdk/targets/Microsoft.NET.DesignerSupport.targets(21,5): message :     
       /usr/lib64/dotnet/sdk/10.0.101/Sdks/Microsoft.NET.Sdk/targets/Microsoft.NET.DesignerSupport.targets(21,5): message :     ") at /usr/lib64/dotnet/sdk/10.0.101/Sdks/Microsoft.NET.Sdk/targets/Microsoft.NET.DesignerSupport.targets (21,5)
       /usr/lib64/dotnet/sdk/10.0.101/Sdks/Microsoft.NET.Sdk/targets/Microsoft.NET.Sdk.CSharp.targets(31,5): message : Property reassignment: $(DefineConstants)="TRACE;DEBUG" (previous value: "TRACE") at /usr/lib64/dotnet/sdk/10.0.101/Sdks/Microsoft.NET.Sdk/targets/Microsoft.NET.Sdk.CSharp.targets (31,5)
       /usr/lib64/dotnet/sdk/10.0.101/Sdks/Microsoft.NET.Sdk/targets/Microsoft.NET.Sdk.CSharp.targets(45,5): message : Property reassignment: $(WarningsAsErrors)=";NU1605;SYSLIB0011" (previous value: ";NU1605") at /usr/lib64/dotnet/sdk/10.0.101/Sdks/Microsoft.NET.Sdk/targets/Microsoft.NET.Sdk.CSharp.targets (45,5)
       /usr/lib64/dotnet/sdk/10.0.101/NuGet.Build.Tasks.Pack.targets(34,5): message : Property reassignment: $(PackageDescription)="Package Description" (previous value: "") at /usr/lib64/dotnet/sdk/10.0.101/NuGet.Build.Tasks.Pack.targets (34,5)
       /usr/lib64/dotnet/sdk/10.0.101/NuGet.Build.Tasks.Pack.targets(59,5): message : Property reassignment: $(GenerateNuspecDependsOn)="Build;_LoadPackInputItems; _GetTargetFrameworksOutput; _WalkEachTargetPerFramework; _GetPackageFiles; " (previous value: "_LoadPackInputItems; _GetTargetFrameworksOutput; _WalkEachTargetPerFramework; _GetPackageFiles; ") at /usr/lib64/dotnet/sdk/10.0.101/NuGet.Build.Tasks.Pack.targets (59,5)
       /usr/lib64/dotnet/sdk/10.0.101/Sdks/Microsoft.NET.Sdk/Sdk/Sdk.targets(59,5): message : Property reassignment: $(_IsNotSetContainersTargetsDir)="true" (previous value: "false") at /usr/lib64/dotnet/sdk/10.0.101/Sdks/Microsoft.NET.Sdk/Sdk/Sdk.targets (59,5)
       /usr/lib64/dotnet/sdk/10.0.101/Containers/build/Microsoft.NET.Build.Containers.targets(5,5): message : Property reassignment: $(_IsSDKContainerAllowedVersion)="true" (previous value: "false") at /usr/lib64/dotnet/sdk/10.0.101/Containers/build/Microsoft.NET.Build.Containers.targets (5,5)
       /usr/lib64/dotnet/sdk/10.0.101/Containers/build/Microsoft.NET.Build.Containers.targets(15,5): message : Property reassignment: $(_ContainerIsTargetingNet8TFM)="true" (previous value: "false") at /usr/lib64/dotnet/sdk/10.0.101/Containers/build/Microsoft.NET.Build.Containers.targets (15,5)
       Overriding target "ResolveFrameworkReferences" in project "/usr/lib64/dotnet/sdk/10.0.101/Microsoft.Common.CurrentVersion.targets" with target "ResolveFrameworkReferences" from project "/usr/lib64/dotnet/sdk/10.0.101/Sdks/Microsoft.NET.Sdk/targets/Microsoft.NET.Sdk.FrameworkReferenceResolution.targets".
       Overriding target "GenerateSupportedTargetFrameworkAlias" in project "/usr/lib64/dotnet/sdk/10.0.101/Microsoft.Common.CurrentVersion.targets" with target "GenerateSupportedTargetFrameworkAlias" from project "/usr/lib64/dotnet/sdk/10.0.101/Sdks/Microsoft.NET.Sdk/targets/Microsoft.NET.Sdk.targets".
       Overriding target "GetReferenceAssemblyPaths" in project "/usr/lib64/dotnet/sdk/10.0.101/Microsoft.Common.CurrentVersion.targets" with target "GetReferenceAssemblyPaths" from project "/usr/lib64/dotnet/sdk/10.0.101/Sdks/Microsoft.NET.Sdk/targets/Microsoft.NET.DisableStandardFrameworkResolution.targets".
       Overriding target "GetFrameworkPaths" in project "/usr/lib64/dotnet/sdk/10.0.101/Microsoft.Common.CurrentVersion.targets" with target "GetFrameworkPaths" from project "/usr/lib64/dotnet/sdk/10.0.101/Sdks/Microsoft.NET.Sdk/targets/Microsoft.NET.DisableStandardFrameworkResolution.targets".
       Overriding target "DesignerRuntimeImplementationProjectOutputGroup" in project "/usr/lib64/dotnet/sdk/10.0.101/Microsoft.Common.CurrentVersion.targets" with target "DesignerRuntimeImplementationProjectOutputGroup" from project "/usr/lib64/dotnet/sdk/10.0.101/Sdks/Microsoft.NET.Sdk/targets/Microsoft.NET.DesignerSupport.targets".
       Overriding target "Publish" in project "/usr/lib64/dotnet/sdk/10.0.101/Microsoft.Common.CurrentVersion.targets" with target "Publish" from project "/usr/lib64/dotnet/sdk/10.0.101/Sdks/Microsoft.NET.Sdk/targets/Microsoft.NET.Publish.targets".
       Overriding target "ResolveReadyToRunCompilers" in project "/usr/lib64/dotnet/sdk/10.0.101/Sdks/Microsoft.NET.Sdk/targets/Microsoft.NET.CrossGen.targets" with target "ResolveReadyToRunCompilers" from project "/usr/lib64/dotnet/sdk/10.0.101/Sdks/Microsoft.NET.Sdk/targets/Microsoft.NET.Publish.targets".
       Overriding target "GetCopyToPublishDirectoryItems" in project "/usr/lib64/dotnet/sdk/10.0.101/Microsoft.Common.CurrentVersion.targets" with target "GetCopyToPublishDirectoryItems" from project "/usr/lib64/dotnet/sdk/10.0.101/Sdks/Microsoft.NET.Sdk/targets/Microsoft.NET.Publish.targets".
       Overriding target "Run" in project "/usr/lib64/dotnet/sdk/10.0.101/Microsoft.Common.CurrentVersion.targets" with target "Run" from project "/usr/lib64/dotnet/sdk/10.0.101/Sdks/Microsoft.NET.Sdk/targets/Microsoft.NET.Sdk.targets".
       Overriding target "ResolveFrameworkReferences" in project "/usr/lib64/dotnet/sdk/10.0.101/Microsoft.Common.CurrentVersion.targets" with target "ResolveFrameworkReferences" from project "/usr/lib64/dotnet/sdk/10.0.101/Sdks/Microsoft.NET.Sdk/targets/Microsoft.NET.Sdk.FrameworkReferenceResolution.targets".
       Overriding target "GenerateSupportedTargetFrameworkAlias" in project "/usr/lib64/dotnet/sdk/10.0.101/Microsoft.Common.CurrentVersion.targets" with target "GenerateSupportedTargetFrameworkAlias" from project "/usr/lib64/dotnet/sdk/10.0.101/Sdks/Microsoft.NET.Sdk/targets/Microsoft.NET.Sdk.targets".
       Overriding target "GetReferenceAssemblyPaths" in project "/usr/lib64/dotnet/sdk/10.0.101/Microsoft.Common.CurrentVersion.targets" with target "GetReferenceAssemblyPaths" from project "/usr/lib64/dotnet/sdk/10.0.101/Sdks/Microsoft.NET.Sdk/targets/Microsoft.NET.DisableStandardFrameworkResolution.targets".
       Overriding target "GetFrameworkPaths" in project "/usr/lib64/dotnet/sdk/10.0.101/Microsoft.Common.CurrentVersion.targets" with target "GetFrameworkPaths" from project "/usr/lib64/dotnet/sdk/10.0.101/Sdks/Microsoft.NET.Sdk/targets/Microsoft.NET.DisableStandardFrameworkResolution.targets".
       Overriding target "DesignerRuntimeImplementationProjectOutputGroup" in project "/usr/lib64/dotnet/sdk/10.0.101/Microsoft.Common.CurrentVersion.targets" with target "DesignerRuntimeImplementationProjectOutputGroup" from project "/usr/lib64/dotnet/sdk/10.0.101/Sdks/Microsoft.NET.Sdk/targets/Microsoft.NET.DesignerSupport.targets".
       Overriding target "Publish" in project "/usr/lib64/dotnet/sdk/10.0.101/Microsoft.Common.CurrentVersion.targets" with target "Publish" from project "/usr/lib64/dotnet/sdk/10.0.101/Sdks/Microsoft.NET.Sdk/targets/Microsoft.NET.Publish.targets".
       Overriding target "ResolveReadyToRunCompilers" in project "/usr/lib64/dotnet/sdk/10.0.101/Sdks/Microsoft.NET.Sdk/targets/Microsoft.NET.CrossGen.targets" with target "ResolveReadyToRunCompilers" from project "/usr/lib64/dotnet/sdk/10.0.101/Sdks/Microsoft.NET.Sdk/targets/Microsoft.NET.Publish.targets".
       Overriding target "GetCopyToPublishDirectoryItems" in project "/usr/lib64/dotnet/sdk/10.0.101/Microsoft.Common.CurrentVersion.targets" with target "GetCopyToPublishDirectoryItems" from project "/usr/lib64/dotnet/sdk/10.0.101/Sdks/Microsoft.NET.Sdk/targets/Microsoft.NET.Publish.targets".
       Overriding target "Run" in project "/usr/lib64/dotnet/sdk/10.0.101/Microsoft.Common.CurrentVersion.targets" with target "Run" from project "/usr/lib64/dotnet/sdk/10.0.101/Sdks/Microsoft.NET.Sdk/targets/Microsoft.NET.Sdk.targets".
     2>Project "/home/baturhan/Projeler/Entegrasyon/Application/Entegrasyon.Business/Entegrasyon.Business.csproj" (2) is building "/home/baturhan/Projeler/Entegrasyon/Application/Entegrasyon.MessageQueue.Commands/Entegrasyon.MessageQueue.Commands.csproj" (5) on node 5 (_GenerateRestoreProjectPathWalk target(s)).
     5>Target "_GenerateRestoreProjectPathItemsPerFramework" in file "/usr/lib64/dotnet/sdk/10.0.101/NuGet.targets" from project "/home/baturhan/Projeler/Entegrasyon/Application/Entegrasyon.MessageQueue.Commands/Entegrasyon.MessageQueue.Commands.csproj" (target "_GenerateRestoreProjectPathItemsCurrentProject" depends on it):
     5>Using "ConvertToAbsolutePath" task from assembly "Microsoft.Build.Tasks.Core, Version=15.1.0.0, Culture=neutral, PublicKeyToken=b03f5f7f11d50a3a".
       Task "ConvertToAbsolutePath"
       Done executing task "ConvertToAbsolutePath".
     5>Done building target "_GenerateRestoreProjectPathItemsPerFramework" in project "Entegrasyon.MessageQueue.Commands.csproj".
     5>Target "_GenerateRestoreProjectPathItemsCurrentProject" in file "/usr/lib64/dotnet/sdk/10.0.101/NuGet.targets" from project "/home/baturhan/Projeler/Entegrasyon/Application/Entegrasyon.MessageQueue.Commands/Entegrasyon.MessageQueue.Commands.csproj" (target "_GenerateRestoreProjectPathItems" depends on it):
     5>Done building target "_GenerateRestoreProjectPathItemsCurrentProject" in project "Entegrasyon.MessageQueue.Commands.csproj".
     5>Target "_GenerateRestoreProjectPathItems" in file "/usr/lib64/dotnet/sdk/10.0.101/NuGet.targets" from project "/home/baturhan/Projeler/Entegrasyon/Application/Entegrasyon.MessageQueue.Commands/Entegrasyon.MessageQueue.Commands.csproj" (target "_GenerateRestoreProjectPathWalk" depends on it):
       Using "RemoveDuplicates" task from assembly "Microsoft.Build.Tasks.Core, Version=15.1.0.0, Culture=neutral, PublicKeyToken=b03f5f7f11d50a3a".
       Task "RemoveDuplicates"
       Done executing task "RemoveDuplicates".
     5>Done building target "_GenerateRestoreProjectPathItems" in project "Entegrasyon.MessageQueue.Commands.csproj".
     5>Target "_GenerateRestoreProjectPathWalk" in file "/usr/lib64/dotnet/sdk/10.0.101/NuGet.targets" from project "/home/baturhan/Projeler/Entegrasyon/Application/Entegrasyon.MessageQueue.Commands/Entegrasyon.MessageQueue.Commands.csproj" (entry point):
       Using "MSBuild" task from assembly "Microsoft.Build.Tasks.Core, Version=15.1.0.0, Culture=neutral, PublicKeyToken=b03f5f7f11d50a3a".
       Task "MSBuild"
         Global Properties:
           ExcludeRestorePackageImports=true
     0>/usr/lib64/dotnet/sdk/10.0.101/Sdks/Microsoft.NET.Sdk/Sdk/Sdk.props(49,11): message : Property 'MSBuildExtensionsPath' with value '/usr/lib64/dotnet/sdk/10.0.101/' expanded from the environment.
       /usr/lib64/dotnet/sdk/10.0.101/Current/Microsoft.Common.props(60,5): message : Property reassignment: $(MSBuildProjectExtensionsPath)="/home/baturhan/Projeler/Entegrasyon/Application/Entegrasyon.Entity/obj/" (previous value: "obj/") at /usr/lib64/dotnet/sdk/10.0.101/Current/Microsoft.Common.props (60,5)
       /usr/lib64/dotnet/sdk/10.0.101/Current/Microsoft.Common.props(84,119): message : Property 'MSBuildUserExtensionsPath' with value '/home/baturhan/.local/share/Microsoft\MSBuild' expanded from the environment.
     2>Project "/home/baturhan/Projeler/Entegrasyon/Application/Entegrasyon.Business/Entegrasyon.Business.csproj" (2) is building "/home/baturhan/Projeler/Entegrasyon/Shared/Shared/Shared.csproj" (6) on node 4 (_GenerateRestoreProjectPathWalk target(s)).
     6>Target "_GenerateRestoreProjectPathItemsPerFramework" in file "/usr/lib64/dotnet/sdk/10.0.101/NuGet.targets" from project "/home/baturhan/Projeler/Entegrasyon/Shared/Shared/Shared.csproj" (target "_GenerateRestoreProjectPathItemsCurrentProject" depends on it):
     6>Using "ConvertToAbsolutePath" task from assembly "Microsoft.Build.Tasks.Core, Version=15.1.0.0, Culture=neutral, PublicKeyToken=b03f5f7f11d50a3a".
       Task "ConvertToAbsolutePath"
       Done executing task "ConvertToAbsolutePath".
     6>Done building target "_GenerateRestoreProjectPathItemsPerFramework" in project "Shared.csproj".
     6>Target "_GenerateRestoreProjectPathItemsCurrentProject" in file "/usr/lib64/dotnet/sdk/10.0.101/NuGet.targets" from project "/home/baturhan/Projeler/Entegrasyon/Shared/Shared/Shared.csproj" (target "_GenerateRestoreProjectPathItems" depends on it):
     6>Done building target "_GenerateRestoreProjectPathItemsCurrentProject" in project "Shared.csproj".
     6>Target "_GenerateRestoreProjectPathItems" in file "/usr/lib64/dotnet/sdk/10.0.101/NuGet.targets" from project "/home/baturhan/Projeler/Entegrasyon/Shared/Shared/Shared.csproj" (target "_GenerateRestoreProjectPathWalk" depends on it):
       Using "RemoveDuplicates" task from assembly "Microsoft.Build.Tasks.Core, Version=15.1.0.0, Culture=neutral, PublicKeyToken=b03f5f7f11d50a3a".
       Task "RemoveDuplicates"
       Done executing task "RemoveDuplicates".
     0>/usr/lib64/dotnet/sdk/10.0.101/Sdks/Microsoft.NET.Sdk/targets/Microsoft.NET.Sdk.props(90,5): message : Property reassignment: $(AssemblySearchPaths)="{CandidateAssemblyFiles};{HintPathFromItem}" (previous value: "{CandidateAssemblyFiles}") at /usr/lib64/dotnet/sdk/10.0.101/Sdks/Microsoft.NET.Sdk/targets/Microsoft.NET.Sdk.props (90,5)
     6>Done building target "_GenerateRestoreProjectPathItems" in project "Shared.csproj".
     0>/usr/lib64/dotnet/sdk/10.0.101/Sdks/Microsoft.NET.Sdk/targets/Microsoft.NET.Sdk.props(91,5): message : Property reassignment: $(AssemblySearchPaths)="{CandidateAssemblyFiles};{HintPathFromItem};{TargetFrameworkDirectory}" (previous value: "{CandidateAssemblyFiles};{HintPathFromItem}") at /usr/lib64/dotnet/sdk/10.0.101/Sdks/Microsoft.NET.Sdk/targets/Microsoft.NET.Sdk.props (91,5)
     6>Target "_GenerateRestoreProjectPathWalk" in file "/usr/lib64/dotnet/sdk/10.0.101/NuGet.targets" from project "/home/baturhan/Projeler/Entegrasyon/Shared/Shared/Shared.csproj" (entry point):
     6>Using "MSBuild" task from assembly "Microsoft.Build.Tasks.Core, Version=15.1.0.0, Culture=neutral, PublicKeyToken=b03f5f7f11d50a3a".
     0>/usr/lib64/dotnet/sdk/10.0.101/Sdks/Microsoft.NET.Sdk/targets/Microsoft.NET.Sdk.props(92,5): message : Property reassignment: $(AssemblySearchPaths)="{CandidateAssemblyFiles};{HintPathFromItem};{TargetFrameworkDirectory};{RawFileName}" (previous value: "{CandidateAssemblyFiles};{HintPathFromItem};{TargetFrameworkDirectory}") at /usr/lib64/dotnet/sdk/10.0.101/Sdks/Microsoft.NET.Sdk/targets/Microsoft.NET.Sdk.props (92,5)
     6>Task "MSBuild"
       Done executing task "MSBuild".
       Task "RemoveDuplicates"
       Done executing task "RemoveDuplicates".
     6>Done building target "_GenerateRestoreProjectPathWalk" in project "Shared.csproj".
     6>Done Building Project "/home/baturhan/Projeler/Entegrasyon/Shared/Shared/Shared.csproj" (_GenerateRestoreProjectPathWalk target(s)).
     0>/usr/lib64/dotnet/sdk/10.0.101/Sdks/Microsoft.NET.Sdk/targets/Microsoft.NET.Sdk.ImportPublishProfile.targets(28,5): message : Property reassignment: $(PublishProfileImported)="false" (previous value: "true") at /usr/lib64/dotnet/sdk/10.0.101/Sdks/Microsoft.NET.Sdk/targets/Microsoft.NET.Sdk.ImportPublishProfile.targets (28,5)
       /usr/lib64/dotnet/sdk/10.0.101/Sdks/Microsoft.NET.Sdk/targets/Microsoft.NET.TargetFrameworkInference.targets(81,5): message : Property reassignment: $(TargetPlatformVersion)="" (previous value: "0.0") at /usr/lib64/dotnet/sdk/10.0.101/Sdks/Microsoft.NET.Sdk/targets/Microsoft.NET.TargetFrameworkInference.targets (81,5)
       /usr/lib64/dotnet/sdk/10.0.101/Sdks/Microsoft.NET.Sdk/targets/Microsoft.NET.DefaultOutputPaths.targets(127,5): message : Property reassignment: $(DefaultItemExcludes)=";bin/Debug//**;obj/Debug//**" (previous value: ";bin/Debug//**") at /usr/lib64/dotnet/sdk/10.0.101/Sdks/Microsoft.NET.Sdk/targets/Microsoft.NET.DefaultOutputPaths.targets (127,5)
       /usr/lib64/dotnet/sdk/10.0.101/Sdks/Microsoft.NET.Sdk/targets/Microsoft.NET.DefaultOutputPaths.targets(142,5): message : Property reassignment: $(OutputPath)="bin/Debug/net8.0/" (previous value: "bin/Debug/") at /usr/lib64/dotnet/sdk/10.0.101/Sdks/Microsoft.NET.Sdk/targets/Microsoft.NET.DefaultOutputPaths.targets (142,5)
       /usr/lib64/dotnet/sdk/10.0.101/Sdks/Microsoft.NET.Sdk/targets/Microsoft.NET.DefaultOutputPaths.targets(147,5): message : Property reassignment: $(IntermediateOutputPath)="obj/Debug/net8.0/" (previous value: "obj/Debug/") at /usr/lib64/dotnet/sdk/10.0.101/Sdks/Microsoft.NET.Sdk/targets/Microsoft.NET.DefaultOutputPaths.targets (147,5)
       Overriding target "ResolveFrameworkReferences" in project "/usr/lib64/dotnet/sdk/10.0.101/Microsoft.Common.CurrentVersion.targets" with target "ResolveFrameworkReferences" from project "/usr/lib64/dotnet/sdk/10.0.101/Sdks/Microsoft.NET.Sdk/targets/Microsoft.NET.Sdk.FrameworkReferenceResolution.targets".
       Overriding target "GenerateSupportedTargetFrameworkAlias" in project "/usr/lib64/dotnet/sdk/10.0.101/Microsoft.Common.CurrentVersion.targets" with target "GenerateSupportedTargetFrameworkAlias" from project "/usr/lib64/dotnet/sdk/10.0.101/Sdks/Microsoft.NET.Sdk/targets/Microsoft.NET.Sdk.targets".
       Overriding target "GetReferenceAssemblyPaths" in project "/usr/lib64/dotnet/sdk/10.0.101/Microsoft.Common.CurrentVersion.targets" with target "GetReferenceAssemblyPaths" from project "/usr/lib64/dotnet/sdk/10.0.101/Sdks/Microsoft.NET.Sdk/targets/Microsoft.NET.DisableStandardFrameworkResolution.targets".
       Overriding target "GetFrameworkPaths" in project "/usr/lib64/dotnet/sdk/10.0.101/Microsoft.Common.CurrentVersion.targets" with target "GetFrameworkPaths" from project "/usr/lib64/dotnet/sdk/10.0.101/Sdks/Microsoft.NET.Sdk/targets/Microsoft.NET.DisableStandardFrameworkResolution.targets".
       Overriding target "DesignerRuntimeImplementationProjectOutputGroup" in project "/usr/lib64/dotnet/sdk/10.0.101/Microsoft.Common.CurrentVersion.targets" with target "DesignerRuntimeImplementationProjectOutputGroup" from project "/usr/lib64/dotnet/sdk/10.0.101/Sdks/Microsoft.NET.Sdk/targets/Microsoft.NET.DesignerSupport.targets".
       Overriding target "Publish" in project "/usr/lib64/dotnet/sdk/10.0.101/Microsoft.Common.CurrentVersion.targets" with target "Publish" from project "/usr/lib64/dotnet/sdk/10.0.101/Sdks/Microsoft.NET.Sdk/targets/Microsoft.NET.Publish.targets".
       Overriding target "ResolveReadyToRunCompilers" in project "/usr/lib64/dotnet/sdk/10.0.101/Sdks/Microsoft.NET.Sdk/targets/Microsoft.NET.CrossGen.targets" with target "ResolveReadyToRunCompilers" from project "/usr/lib64/dotnet/sdk/10.0.101/Sdks/Microsoft.NET.Sdk/targets/Microsoft.NET.Publish.targets".
       Overriding target "GetCopyToPublishDirectoryItems" in project "/usr/lib64/dotnet/sdk/10.0.101/Microsoft.Common.CurrentVersion.targets" with target "GetCopyToPublishDirectoryItems" from project "/usr/lib64/dotnet/sdk/10.0.101/Sdks/Microsoft.NET.Sdk/targets/Microsoft.NET.Publish.targets".
       Overriding target "Run" in project "/usr/lib64/dotnet/sdk/10.0.101/Microsoft.Common.CurrentVersion.targets" with target "Run" from project "/usr/lib64/dotnet/sdk/10.0.101/Sdks/Microsoft.NET.Sdk/targets/Microsoft.NET.Sdk.targets".
       /usr/lib64/dotnet/sdk/10.0.101/Sdks/Microsoft.NET.Sdk/targets/Microsoft.NET.Sdk.BeforeCommon.targets(371,5): message : Property reassignment: $(RoslynTargetsPath)="/usr/lib64/dotnet/sdk/10.0.101/Sdks/Microsoft.NET.Sdk/targets/../../../Roslyn" (previous value: "/usr/lib64/dotnet/sdk/10.0.101/Roslyn") at /usr/lib64/dotnet/sdk/10.0.101/Sdks/Microsoft.NET.Sdk/targets/Microsoft.NET.Sdk.BeforeCommon.targets (371,5)
       /usr/lib64/dotnet/sdk/10.0.101/Roslyn/Microsoft.Managed.Core.targets(6,5): message : Property reassignment: $(_BuildTasksDirectory)="/usr/lib64/dotnet/sdk/10.0.101/Sdks/Microsoft.NET.Sdk/targets/../../../Roslyn/" (previous value: "/usr/lib64/dotnet/sdk/10.0.101/Roslyn/") at /usr/lib64/dotnet/sdk/10.0.101/Roslyn/Microsoft.Managed.Core.targets (6,5)
       /usr/lib64/dotnet/sdk/10.0.101/Roslyn/Microsoft.CSharp.Core.targets(200,5): message : Property reassignment: $(CommandLineArgsForDesignTimeEvaluation)="-langversion:12.0 -define:TRACE" (previous value: "-langversion:12.0") at /usr/lib64/dotnet/sdk/10.0.101/Roslyn/Microsoft.CSharp.Core.targets (200,5)
     2>Project "/home/baturhan/Projeler/Entegrasyon/Application/Entegrasyon.Business/Entegrasyon.Business.csproj" (2) is building "/home/baturhan/Projeler/Entegrasyon/Application/Entegrasyon.DataAccess/Entegrasyon.DataAccess.csproj" (7) on node 1 (_GenerateRestoreProjectPathWalk target(s)).
     7>Target "_GenerateRestoreProjectPathItemsPerFramework" in file "/usr/lib64/dotnet/sdk/10.0.101/NuGet.targets" from project "/home/baturhan/Projeler/Entegrasyon/Application/Entegrasyon.DataAccess/Entegrasyon.DataAccess.csproj" (target "_GenerateRestoreProjectPathItemsCurrentProject" depends on it):
     7>Task "ConvertToAbsolutePath"
     0>/usr/lib64/dotnet/sdk/10.0.101/Microsoft.Common.CurrentVersion.targets(175,5): message : Property reassignment: $(_DebugSymbolsProduced)="true" (previous value: "false") at /usr/lib64/dotnet/sdk/10.0.101/Microsoft.Common.CurrentVersion.targets (175,5)
       /usr/lib64/dotnet/sdk/10.0.101/Microsoft.Common.CurrentVersion.targets(185,5): message : Property reassignment: $(_DocumentationFileProduced)="false" (previous value: "true") at /usr/lib64/dotnet/sdk/10.0.101/Microsoft.Common.CurrentVersion.targets (185,5)
     7>Done executing task "ConvertToAbsolutePath".
     7>Done building target "_GenerateRestoreProjectPathItemsPerFramework" in project "Entegrasyon.DataAccess.csproj".
     7>Target "_GenerateRestoreProjectPathItemsCurrentProject" in file "/usr/lib64/dotnet/sdk/10.0.101/NuGet.targets" from project "/home/baturhan/Projeler/Entegrasyon/Application/Entegrasyon.DataAccess/Entegrasyon.DataAccess.csproj" (target "_GenerateRestoreProjectPathItems" depends on it):
     7>Done building target "_GenerateRestoreProjectPathItemsCurrentProject" in project "Entegrasyon.DataAccess.csproj".
     0>/usr/lib64/dotnet/sdk/10.0.101/Microsoft.Common.CurrentVersion.targets(392,5): message : Property reassignment: $(MSBuildCopyMarkerName)="Entegras.C7229776" (previous value: "Entegrasyon.Entity.csproj") at /usr/lib64/dotnet/sdk/10.0.101/Microsoft.Common.CurrentVersion.targets (392,5)
       /usr/lib64/dotnet/sdk/10.0.101/Microsoft.Common.CurrentVersion.targets(393,5): message : Property reassignment: $(MSBuildCopyMarkerName)="Entegras.C7229776.Up2Date" (previous value: "Entegras.C7229776") at /usr/lib64/dotnet/sdk/10.0.101/Microsoft.Common.CurrentVersion.targets (393,5)
       /usr/lib64/dotnet/sdk/10.0.101/Microsoft.Common.CurrentVersion.targets(541,5): message : Property reassignment: $(ProcessorArchitecture)="msil" (previous value: "") at /usr/lib64/dotnet/sdk/10.0.101/Microsoft.Common.CurrentVersion.targets (541,5)
       /usr/lib64/dotnet/sdk/10.0.101/Microsoft.Common.CurrentVersion.targets(580,5): message : Property reassignment: $(DelaySign)="" (previous value: "false") at /usr/lib64/dotnet/sdk/10.0.101/Microsoft.Common.CurrentVersion.targets (580,5)
     7>Target "_GenerateRestoreProjectPathItems" in file "/usr/lib64/dotnet/sdk/10.0.101/NuGet.targets" from project "/home/baturhan/Projeler/Entegrasyon/Application/Entegrasyon.DataAccess/Entegrasyon.DataAccess.csproj" (target "_GenerateRestoreProjectPathWalk" depends on it):
     7>Task "RemoveDuplicates"
       Done executing task "RemoveDuplicates".
     7>Done building target "_GenerateRestoreProjectPathItems" in project "Entegrasyon.DataAccess.csproj".
     4>Project "/home/baturhan/Projeler/Entegrasyon/Application/Entegrasyon.ApplicationBootstrap/Entegrasyon.ApplicationBootstrap.csproj" (4) is building "/home/baturhan/Projeler/Entegrasyon/Shared/Shared/Shared.csproj" (6:2) on node 4 (_GenerateRestoreProjectPathWalk target(s)).
   6:2>Target "_GenerateRestoreProjectPathWalk" skipped. Previously built successfully.
     0>/usr/lib64/dotnet/sdk/10.0.101/Microsoft.Common.CurrentVersion.targets(2606,5): message : Property 'LocalAppData' with value '/home/baturhan/.local/share' expanded from the environment.
   6:2>Done Building Project "/home/baturhan/Projeler/Entegrasyon/Shared/Shared/Shared.csproj" (_GenerateRestoreProjectPathWalk target(s)).
     0>/usr/lib64/dotnet/sdk/10.0.101/Microsoft.Common.CurrentVersion.targets(3934,5): message : Property reassignment: $(_SGenGenerateSerializationAssembliesConfig)="Auto" (previous value: "") at /usr/lib64/dotnet/sdk/10.0.101/Microsoft.Common.CurrentVersion.targets (3934,5)
       /usr/lib64/dotnet/sdk/10.0.101/Microsoft.Common.CurrentVersion.targets(3935,5): message : Property reassignment: $(_SGenGenerateSerializationAssembliesConfig)="Off" (previous value: "Auto") at /usr/lib64/dotnet/sdk/10.0.101/Microsoft.Common.CurrentVersion.targets (3935,5)
       /usr/lib64/dotnet/sdk/10.0.101/Microsoft.Common.CurrentVersion.targets(5146,5): message : Property reassignment: $(_TargetsThatPrepareProjectReferences)="
       /usr/lib64/dotnet/sdk/10.0.101/Microsoft.Common.CurrentVersion.targets(5146,5): message :       AssignProjectConfiguration;
       /usr/lib64/dotnet/sdk/10.0.101/Microsoft.Common.CurrentVersion.targets(5146,5): message :       _SplitProjectReferencesByFileExistence
       /usr/lib64/dotnet/sdk/10.0.101/Microsoft.Common.CurrentVersion.targets(5146,5): message :     " (previous value: "_SplitProjectReferencesByFileExistence") at /usr/lib64/dotnet/sdk/10.0.101/Microsoft.Common.CurrentVersion.targets (5146,5)
     7>Target "_GenerateRestoreProjectPathWalk" in file "/usr/lib64/dotnet/sdk/10.0.101/NuGet.targets" from project "/home/baturhan/Projeler/Entegrasyon/Application/Entegrasyon.DataAccess/Entegrasyon.DataAccess.csproj" (entry point):
     7>Task "MSBuild"
     0>/usr/lib64/dotnet/sdk/10.0.101/Microsoft.Common.CurrentVersion.targets(6959,5): message : Property 'MSBuildExtensionsPath32' with value '/usr/lib64/dotnet/sdk/10.0.101' expanded from the environment.
     7>_GenerateRestoreProjectPathWalk:
         Global Properties:
           ExcludeRestorePackageImports=true
     0>The "NuGetInteractive" property is a global property, and cannot be modified.
       /usr/lib64/dotnet/sdk/10.0.101/Sdks/Microsoft.NET.Sdk/targets/Microsoft.PackageDependencyResolution.targets(24,5): message : Property reassignment: $(ProjectAssetsFile)="/home/baturhan/Projeler/Entegrasyon/Application/Entegrasyon.Entity/obj/project.assets.json" (previous value: "/home/baturhan/Projeler/Entegrasyon/Application/Entegrasyon.Entity/obj//project.assets.json") at /usr/lib64/dotnet/sdk/10.0.101/Sdks/Microsoft.NET.Sdk/targets/Microsoft.PackageDependencyResolution.targets (24,5)
       /usr/lib64/dotnet/sdk/10.0.101/Sdks/Microsoft.NET.Sdk/targets/Microsoft.PackageDependencyResolution.targets(29,5): message : Property reassignment: $(ProjectAssetsCacheFile)="/home/baturhan/Projeler/Entegrasyon/Application/Entegrasyon.Entity/obj/Debug/net8.0/Entegrasyon.Entity.assets.cache" (previous value: "obj/Debug/net8.0/Entegrasyon.Entity.assets.cache") at /usr/lib64/dotnet/sdk/10.0.101/Sdks/Microsoft.NET.Sdk/targets/Microsoft.PackageDependencyResolution.targets (29,5)
       /usr/lib64/dotnet/sdk/10.0.101/Sdks/Microsoft.NET.Sdk/targets/Microsoft.PackageDependencyResolution.targets(80,5): message : Property reassignment: $(ResolveAssemblyReferencesDependsOn)="
       /usr/lib64/dotnet/sdk/10.0.101/Sdks/Microsoft.NET.Sdk/targets/Microsoft.PackageDependencyResolution.targets(80,5): message :       
       /usr/lib64/dotnet/sdk/10.0.101/Sdks/Microsoft.NET.Sdk/targets/Microsoft.PackageDependencyResolution.targets(80,5): message :       ResolveProjectReferences;
       /usr/lib64/dotnet/sdk/10.0.101/Sdks/Microsoft.NET.Sdk/targets/Microsoft.PackageDependencyResolution.targets(80,5): message :       FindInvalidProjectReferences;
       /usr/lib64/dotnet/sdk/10.0.101/Sdks/Microsoft.NET.Sdk/targets/Microsoft.PackageDependencyResolution.targets(80,5): message :       GetFrameworkPaths;
       /usr/lib64/dotnet/sdk/10.0.101/Sdks/Microsoft.NET.Sdk/targets/Microsoft.PackageDependencyResolution.targets(80,5): message :       GetReferenceAssemblyPaths;
       /usr/lib64/dotnet/sdk/10.0.101/Sdks/Microsoft.NET.Sdk/targets/Microsoft.PackageDependencyResolution.targets(80,5): message :       PrepareForBuild;
       /usr/lib64/dotnet/sdk/10.0.101/Sdks/Microsoft.NET.Sdk/targets/Microsoft.PackageDependencyResolution.targets(80,5): message :       ResolveSDKReferences;
       /usr/lib64/dotnet/sdk/10.0.101/Sdks/Microsoft.NET.Sdk/targets/Microsoft.PackageDependencyResolution.targets(80,5): message :       ExpandSDKReferences;
       /usr/lib64/dotnet/sdk/10.0.101/Sdks/Microsoft.NET.Sdk/targets/Microsoft.PackageDependencyResolution.targets(80,5): message :     ;
       /usr/lib64/dotnet/sdk/10.0.101/Sdks/Microsoft.NET.Sdk/targets/Microsoft.PackageDependencyResolution.targets(80,5): message :       ResolvePackageDependenciesForBuild;
       /usr/lib64/dotnet/sdk/10.0.101/Sdks/Microsoft.NET.Sdk/targets/Microsoft.PackageDependencyResolution.targets(80,5): message :       _HandlePackageFileConflicts;
       /usr/lib64/dotnet/sdk/10.0.101/Sdks/Microsoft.NET.Sdk/targets/Microsoft.PackageDependencyResolution.targets(80,5): message :     " (previous value: "
       /usr/lib64/dotnet/sdk/10.0.101/Sdks/Microsoft.NET.Sdk/targets/Microsoft.PackageDependencyResolution.targets(80,5): message :       ResolveProjectReferences;
       /usr/lib64/dotnet/sdk/10.0.101/Sdks/Microsoft.NET.Sdk/targets/Microsoft.PackageDependencyResolution.targets(80,5): message :       FindInvalidProjectReferences;
       /usr/lib64/dotnet/sdk/10.0.101/Sdks/Microsoft.NET.Sdk/targets/Microsoft.PackageDependencyResolution.targets(80,5): message :       GetFrameworkPaths;
       /usr/lib64/dotnet/sdk/10.0.101/Sdks/Microsoft.NET.Sdk/targets/Microsoft.PackageDependencyResolution.targets(80,5): message :       GetReferenceAssemblyPaths;
       /usr/lib64/dotnet/sdk/10.0.101/Sdks/Microsoft.NET.Sdk/targets/Microsoft.PackageDependencyResolution.targets(80,5): message :       PrepareForBuild;
       /usr/lib64/dotnet/sdk/10.0.101/Sdks/Microsoft.NET.Sdk/targets/Microsoft.PackageDependencyResolution.targets(80,5): message :       ResolveSDKReferences;
       /usr/lib64/dotnet/sdk/10.0.101/Sdks/Microsoft.NET.Sdk/targets/Microsoft.PackageDependencyResolution.targets(80,5): message :       ExpandSDKReferences;
       /usr/lib64/dotnet/sdk/10.0.101/Sdks/Microsoft.NET.Sdk/targets/Microsoft.PackageDependencyResolution.targets(80,5): message :     ") at /usr/lib64/dotnet/sdk/10.0.101/Sdks/Microsoft.NET.Sdk/targets/Microsoft.PackageDependencyResolution.targets (80,5)
       /usr/lib64/dotnet/sdk/10.0.101/Sdks/Microsoft.NET.Sdk/targets/Microsoft.PackageDependencyResolution.targets(86,5): message : Property reassignment: $(PrepareResourcesDependsOn)="
       /usr/lib64/dotnet/sdk/10.0.101/Sdks/Microsoft.NET.Sdk/targets/Microsoft.PackageDependencyResolution.targets(86,5): message :       ResolvePackageDependenciesForBuild;
       /usr/lib64/dotnet/sdk/10.0.101/Sdks/Microsoft.NET.Sdk/targets/Microsoft.PackageDependencyResolution.targets(86,5): message :       _HandlePackageFileConflicts;
       /usr/lib64/dotnet/sdk/10.0.101/Sdks/Microsoft.NET.Sdk/targets/Microsoft.PackageDependencyResolution.targets(86,5): message :       
       /usr/lib64/dotnet/sdk/10.0.101/Sdks/Microsoft.NET.Sdk/targets/Microsoft.PackageDependencyResolution.targets(86,5): message :       ;
       /usr/lib64/dotnet/sdk/10.0.101/Sdks/Microsoft.NET.Sdk/targets/Microsoft.PackageDependencyResolution.targets(86,5): message :       PrepareResourceNames;
       /usr/lib64/dotnet/sdk/10.0.101/Sdks/Microsoft.NET.Sdk/targets/Microsoft.PackageDependencyResolution.targets(86,5): message :       ResGen;
       /usr/lib64/dotnet/sdk/10.0.101/Sdks/Microsoft.NET.Sdk/targets/Microsoft.PackageDependencyResolution.targets(86,5): message :       CompileLicxFiles
       /usr/lib64/dotnet/sdk/10.0.101/Sdks/Microsoft.NET.Sdk/targets/Microsoft.PackageDependencyResolution.targets(86,5): message :     
       /usr/lib64/dotnet/sdk/10.0.101/Sdks/Microsoft.NET.Sdk/targets/Microsoft.PackageDependencyResolution.targets(86,5): message :     " (previous value: "
       /usr/lib64/dotnet/sdk/10.0.101/Sdks/Microsoft.NET.Sdk/targets/Microsoft.PackageDependencyResolution.targets(86,5): message :       ;
       /usr/lib64/dotnet/sdk/10.0.101/Sdks/Microsoft.NET.Sdk/targets/Microsoft.PackageDependencyResolution.targets(86,5): message :       PrepareResourceNames;
       /usr/lib64/dotnet/sdk/10.0.101/Sdks/Microsoft.NET.Sdk/targets/Microsoft.PackageDependencyResolution.targets(86,5): message :       ResGen;
       /usr/lib64/dotnet/sdk/10.0.101/Sdks/Microsoft.NET.Sdk/targets/Microsoft.PackageDependencyResolution.targets(86,5): message :       CompileLicxFiles
       /usr/lib64/dotnet/sdk/10.0.101/Sdks/Microsoft.NET.Sdk/targets/Microsoft.PackageDependencyResolution.targets(86,5): message :     ") at /usr/lib64/dotnet/sdk/10.0.101/Sdks/Microsoft.NET.Sdk/targets/Microsoft.PackageDependencyResolution.targets (86,5)
       The "EnableDefaultCompileItems" property is a global property, and cannot be modified.
       The "EnableDefaultEmbeddedResourceItems" property is a global property, and cannot be modified.
       The "EnableDefaultNoneItems" property is a global property, and cannot be modified.
       /usr/lib64/dotnet/sdk/10.0.101/Sdks/Microsoft.NET.Sdk/targets/Microsoft.NET.Sdk.DefaultItems.targets(35,5): message : Property reassignment: $(DefaultItemExcludes)=";bin/Debug//**;obj/Debug//**;bin//**" (previous value: ";bin/Debug//**;obj/Debug//**") at /usr/lib64/dotnet/sdk/10.0.101/Sdks/Microsoft.NET.Sdk/targets/Microsoft.NET.Sdk.DefaultItems.targets (35,5)
       /usr/lib64/dotnet/sdk/10.0.101/Sdks/Microsoft.NET.Sdk/targets/Microsoft.NET.Sdk.DefaultItems.targets(37,5): message : Property reassignment: $(DefaultItemExcludes)=";bin/Debug//**;obj/Debug//**;bin//**;obj//**" (previous value: ";bin/Debug//**;obj/Debug//**;bin//**") at /usr/lib64/dotnet/sdk/10.0.101/Sdks/Microsoft.NET.Sdk/targets/Microsoft.NET.Sdk.DefaultItems.targets (37,5)
       /usr/lib64/dotnet/sdk/10.0.101/Sdks/Microsoft.NET.Sdk/targets/Microsoft.NET.Sdk.DefaultItems.targets(40,5): message : Property reassignment: $(DefaultItemExcludes)=";bin/Debug//**;obj/Debug//**;bin//**;obj//**;**/*.user" (previous value: ";bin/Debug//**;obj/Debug//**;bin//**;obj//**") at /usr/lib64/dotnet/sdk/10.0.101/Sdks/Microsoft.NET.Sdk/targets/Microsoft.NET.Sdk.DefaultItems.targets (40,5)
       /usr/lib64/dotnet/sdk/10.0.101/Sdks/Microsoft.NET.Sdk/targets/Microsoft.NET.Sdk.DefaultItems.targets(41,5): message : Property reassignment: $(DefaultItemExcludes)=";bin/Debug//**;obj/Debug//**;bin//**;obj//**;**/*.user;**/*.*proj" (previous value: ";bin/Debug//**;obj/Debug//**;bin//**;obj//**;**/*.user") at /usr/lib64/dotnet/sdk/10.0.101/Sdks/Microsoft.NET.Sdk/targets/Microsoft.NET.Sdk.DefaultItems.targets (41,5)
       /usr/lib64/dotnet/sdk/10.0.101/Sdks/Microsoft.NET.Sdk/targets/Microsoft.NET.Sdk.DefaultItems.targets(42,5): message : Property reassignment: $(DefaultItemExcludes)=";bin/Debug//**;obj/Debug//**;bin//**;obj//**;**/*.user;**/*.*proj;**/*.sln" (previous value: ";bin/Debug//**;obj/Debug//**;bin//**;obj//**;**/*.user;**/*.*proj") at /usr/lib64/dotnet/sdk/10.0.101/Sdks/Microsoft.NET.Sdk/targets/Microsoft.NET.Sdk.DefaultItems.targets (42,5)
       /usr/lib64/dotnet/sdk/10.0.101/Sdks/Microsoft.NET.Sdk/targets/Microsoft.NET.Sdk.DefaultItems.targets(43,5): message : Property reassignment: $(DefaultItemExcludes)=";bin/Debug//**;obj/Debug//**;bin//**;obj//**;**/*.user;**/*.*proj;**/*.sln;**/*.slnx" (previous value: ";bin/Debug//**;obj/Debug//**;bin//**;obj//**;**/*.user;**/*.*proj;**/*.sln") at /usr/lib64/dotnet/sdk/10.0.101/Sdks/Microsoft.NET.Sdk/targets/Microsoft.NET.Sdk.DefaultItems.targets (43,5)
       /usr/lib64/dotnet/sdk/10.0.101/Sdks/Microsoft.NET.Sdk/targets/Microsoft.NET.Sdk.DefaultItems.targets(44,5): message : Property reassignment: $(DefaultItemExcludes)=";bin/Debug//**;obj/Debug//**;bin//**;obj//**;**/*.user;**/*.*proj;**/*.sln;**/*.slnx;**/*.vssscc" (previous value: ";bin/Debug//**;obj/Debug//**;bin//**;obj//**;**/*.user;**/*.*proj;**/*.sln;**/*.slnx") at /usr/lib64/dotnet/sdk/10.0.101/Sdks/Microsoft.NET.Sdk/targets/Microsoft.NET.Sdk.DefaultItems.targets (44,5)
       /usr/lib64/dotnet/sdk/10.0.101/Sdks/Microsoft.NET.Sdk/targets/Microsoft.NET.Sdk.DefaultItems.targets(45,5): message : Property reassignment: $(DefaultItemExcludes)=";bin/Debug//**;obj/Debug//**;bin//**;obj//**;**/*.user;**/*.*proj;**/*.sln;**/*.slnx;**/*.vssscc;**/.DS_Store" (previous value: ";bin/Debug//**;obj/Debug//**;bin//**;obj//**;**/*.user;**/*.*proj;**/*.sln;**/*.slnx;**/*.vssscc") at /usr/lib64/dotnet/sdk/10.0.101/Sdks/Microsoft.NET.Sdk/targets/Microsoft.NET.Sdk.DefaultItems.targets (45,5)
       /usr/lib64/dotnet/sdk/10.0.101/Sdks/Microsoft.NET.Sdk/targets/Microsoft.NET.Sdk.FrameworkReferenceResolution.targets(14,5): message : Property reassignment: $(ResolveAssemblyReferencesDependsOn)="
       /usr/lib64/dotnet/sdk/10.0.101/Sdks/Microsoft.NET.Sdk/targets/Microsoft.NET.Sdk.FrameworkReferenceResolution.targets(14,5): message :       
       /usr/lib64/dotnet/sdk/10.0.101/Sdks/Microsoft.NET.Sdk/targets/Microsoft.NET.Sdk.FrameworkReferenceResolution.targets(14,5): message :       
       /usr/lib64/dotnet/sdk/10.0.101/Sdks/Microsoft.NET.Sdk/targets/Microsoft.NET.Sdk.FrameworkReferenceResolution.targets(14,5): message :       ResolveProjectReferences;
       /usr/lib64/dotnet/sdk/10.0.101/Sdks/Microsoft.NET.Sdk/targets/Microsoft.NET.Sdk.FrameworkReferenceResolution.targets(14,5): message :       FindInvalidProjectReferences;
       /usr/lib64/dotnet/sdk/10.0.101/Sdks/Microsoft.NET.Sdk/targets/Microsoft.NET.Sdk.FrameworkReferenceResolution.targets(14,5): message :       GetFrameworkPaths;
       /usr/lib64/dotnet/sdk/10.0.101/Sdks/Microsoft.NET.Sdk/targets/Microsoft.NET.Sdk.FrameworkReferenceResolution.targets(14,5): message :       GetReferenceAssemblyPaths;
       /usr/lib64/dotnet/sdk/10.0.101/Sdks/Microsoft.NET.Sdk/targets/Microsoft.NET.Sdk.FrameworkReferenceResolution.targets(14,5): message :       PrepareForBuild;
       /usr/lib64/dotnet/sdk/10.0.101/Sdks/Microsoft.NET.Sdk/targets/Microsoft.NET.Sdk.FrameworkReferenceResolution.targets(14,5): message :       ResolveSDKReferences;
       /usr/lib64/dotnet/sdk/10.0.101/Sdks/Microsoft.NET.Sdk/targets/Microsoft.NET.Sdk.FrameworkReferenceResolution.targets(14,5): message :       ExpandSDKReferences;
       /usr/lib64/dotnet/sdk/10.0.101/Sdks/Microsoft.NET.Sdk/targets/Microsoft.NET.Sdk.FrameworkReferenceResolution.targets(14,5): message :     ;
       /usr/lib64/dotnet/sdk/10.0.101/Sdks/Microsoft.NET.Sdk/targets/Microsoft.NET.Sdk.FrameworkReferenceResolution.targets(14,5): message :       ResolvePackageDependenciesForBuild;
       /usr/lib64/dotnet/sdk/10.0.101/Sdks/Microsoft.NET.Sdk/targets/Microsoft.NET.Sdk.FrameworkReferenceResolution.targets(14,5): message :       _HandlePackageFileConflicts;
       /usr/lib64/dotnet/sdk/10.0.101/Sdks/Microsoft.NET.Sdk/targets/Microsoft.NET.Sdk.FrameworkReferenceResolution.targets(14,5): message :     ;
       /usr/lib64/dotnet/sdk/10.0.101/Sdks/Microsoft.NET.Sdk/targets/Microsoft.NET.Sdk.FrameworkReferenceResolution.targets(14,5): message :       ResolveTargetingPackAssets;
       /usr/lib64/dotnet/sdk/10.0.101/Sdks/Microsoft.NET.Sdk/targets/Microsoft.NET.Sdk.FrameworkReferenceResolution.targets(14,5): message :     " (previous value: "
       /usr/lib64/dotnet/sdk/10.0.101/Sdks/Microsoft.NET.Sdk/targets/Microsoft.NET.Sdk.FrameworkReferenceResolution.targets(14,5): message :       
       /usr/lib64/dotnet/sdk/10.0.101/Sdks/Microsoft.NET.Sdk/targets/Microsoft.NET.Sdk.FrameworkReferenceResolution.targets(14,5): message :       ResolveProjectReferences;
       /usr/lib64/dotnet/sdk/10.0.101/Sdks/Microsoft.NET.Sdk/targets/Microsoft.NET.Sdk.FrameworkReferenceResolution.targets(14,5): message :       FindInvalidProjectReferences;
       /usr/lib64/dotnet/sdk/10.0.101/Sdks/Microsoft.NET.Sdk/targets/Microsoft.NET.Sdk.FrameworkReferenceResolution.targets(14,5): message :       GetFrameworkPaths;
       /usr/lib64/dotnet/sdk/10.0.101/Sdks/Microsoft.NET.Sdk/targets/Microsoft.NET.Sdk.FrameworkReferenceResolution.targets(14,5): message :       GetReferenceAssemblyPaths;
       /usr/lib64/dotnet/sdk/10.0.101/Sdks/Microsoft.NET.Sdk/targets/Microsoft.NET.Sdk.FrameworkReferenceResolution.targets(14,5): message :       PrepareForBuild;
       /usr/lib64/dotnet/sdk/10.0.101/Sdks/Microsoft.NET.Sdk/targets/Microsoft.NET.Sdk.FrameworkReferenceResolution.targets(14,5): message :       ResolveSDKReferences;
       /usr/lib64/dotnet/sdk/10.0.101/Sdks/Microsoft.NET.Sdk/targets/Microsoft.NET.Sdk.FrameworkReferenceResolution.targets(14,5): message :       ExpandSDKReferences;
       /usr/lib64/dotnet/sdk/10.0.101/Sdks/Microsoft.NET.Sdk/targets/Microsoft.NET.Sdk.FrameworkReferenceResolution.targets(14,5): message :     ;
       /usr/lib64/dotnet/sdk/10.0.101/Sdks/Microsoft.NET.Sdk/targets/Microsoft.NET.Sdk.FrameworkReferenceResolution.targets(14,5): message :       ResolvePackageDependenciesForBuild;
       /usr/lib64/dotnet/sdk/10.0.101/Sdks/Microsoft.NET.Sdk/targets/Microsoft.NET.Sdk.FrameworkReferenceResolution.targets(14,5): message :       _HandlePackageFileConflicts;
       /usr/lib64/dotnet/sdk/10.0.101/Sdks/Microsoft.NET.Sdk/targets/Microsoft.NET.Sdk.FrameworkReferenceResolution.targets(14,5): message :     ") at /usr/lib64/dotnet/sdk/10.0.101/Sdks/Microsoft.NET.Sdk/targets/Microsoft.NET.Sdk.FrameworkReferenceResolution.targets (14,5)
       /usr/lib64/dotnet/sdk/10.0.101/Sdks/Microsoft.NET.Sdk/targets/Microsoft.NET.Sdk.targets(44,5): message : Property reassignment: $(_GenerateRuntimeConfigurationPropertyInputsCache)="/home/baturhan/Projeler/Entegrasyon/Application/Entegrasyon.Entity/obj/Debug/net8.0/Entegrasyon.Entity.genruntimeconfig.cache" (previous value: "obj/Debug/net8.0/Entegrasyon.Entity.genruntimeconfig.cache") at /usr/lib64/dotnet/sdk/10.0.101/Sdks/Microsoft.NET.Sdk/targets/Microsoft.NET.Sdk.targets (44,5)
       /usr/lib64/dotnet/sdk/10.0.101/Sdks/Microsoft.NET.Sdk/targets/Microsoft.NET.Sdk.targets(46,5): message : Property reassignment: $(_GeneratePublishDependencyFilePropertyInputsCache)="/home/baturhan/Projeler/Entegrasyon/Application/Entegrasyon.Entity/obj/Debug/net8.0/Entegrasyon.Entity.genpublishdeps.cache" (previous value: "obj/Debug/net8.0/Entegrasyon.Entity.genpublishdeps.cache") at /usr/lib64/dotnet/sdk/10.0.101/Sdks/Microsoft.NET.Sdk/targets/Microsoft.NET.Sdk.targets (46,5)
       /usr/lib64/dotnet/sdk/10.0.101/Sdks/Microsoft.NET.Sdk/targets/Microsoft.NET.Sdk.targets(48,5): message : Property reassignment: $(_GenerateSingleFileBundlePropertyInputsCache)="/home/baturhan/Projeler/Entegrasyon/Application/Entegrasyon.Entity/obj/Debug/net8.0/Entegrasyon.Entity.genbundle.cache" (previous value: "obj/Debug/net8.0/Entegrasyon.Entity.genbundle.cache") at /usr/lib64/dotnet/sdk/10.0.101/Sdks/Microsoft.NET.Sdk/targets/Microsoft.NET.Sdk.targets (48,5)
       /usr/lib64/dotnet/sdk/10.0.101/Sdks/Microsoft.NET.Sdk/targets/Microsoft.NET.Sdk.targets(81,5): message : Property reassignment: $(GenerateRuntimeConfigDevFile)="false" (previous value: "true") at /usr/lib64/dotnet/sdk/10.0.101/Sdks/Microsoft.NET.Sdk/targets/Microsoft.NET.Sdk.targets (81,5)
       /usr/lib64/dotnet/sdk/10.0.101/Sdks/Microsoft.NET.Sdk/targets/Microsoft.NET.Sdk.targets(97,5): message : Property 'HOME' with value '/home/baturhan' expanded from the environment.
       /usr/lib64/dotnet/sdk/10.0.101/Sdks/Microsoft.NET.Sdk/targets/Microsoft.NET.Sdk.targets(99,5): message : Property reassignment: $(_DefaultUserProfileRuntimeStorePath)="/home/baturhan/.dotnet/store" (previous value: "/home/baturhan") at /usr/lib64/dotnet/sdk/10.0.101/Sdks/Microsoft.NET.Sdk/targets/Microsoft.NET.Sdk.targets (99,5)
       /usr/lib64/dotnet/sdk/10.0.101/Sdks/Microsoft.NET.Sdk/targets/Microsoft.NET.Sdk.targets(144,5): message : Property reassignment: $(AvailablePlatforms)="Any CPU,x86,x64,ARM32" (previous value: "Any CPU,x86,x64") at /usr/lib64/dotnet/sdk/10.0.101/Sdks/Microsoft.NET.Sdk/targets/Microsoft.NET.Sdk.targets (144,5)
       /usr/lib64/dotnet/sdk/10.0.101/Sdks/Microsoft.NET.Sdk/targets/Microsoft.NET.Sdk.targets(148,5): message : Property reassignment: $(AvailablePlatforms)="Any CPU,x86,x64,ARM32,ARM64" (previous value: "Any CPU,x86,x64,ARM32") at /usr/lib64/dotnet/sdk/10.0.101/Sdks/Microsoft.NET.Sdk/targets/Microsoft.NET.Sdk.targets (148,5)
       /usr/lib64/dotnet/sdk/10.0.101/Sdks/Microsoft.NET.Sdk/targets/Microsoft.NET.Sdk.targets(204,5): message : Property reassignment: $(CoreBuildDependsOn)="
       /usr/lib64/dotnet/sdk/10.0.101/Sdks/Microsoft.NET.Sdk/targets/Microsoft.NET.Sdk.targets(204,5): message :       _CheckForBuildWithNoBuild;
       /usr/lib64/dotnet/sdk/10.0.101/Sdks/Microsoft.NET.Sdk/targets/Microsoft.NET.Sdk.targets(204,5): message :       
       /usr/lib64/dotnet/sdk/10.0.101/Sdks/Microsoft.NET.Sdk/targets/Microsoft.NET.Sdk.targets(204,5): message :       BuildOnlySettings;
       /usr/lib64/dotnet/sdk/10.0.101/Sdks/Microsoft.NET.Sdk/targets/Microsoft.NET.Sdk.targets(204,5): message :       PrepareForBuild;
       /usr/lib64/dotnet/sdk/10.0.101/Sdks/Microsoft.NET.Sdk/targets/Microsoft.NET.Sdk.targets(204,5): message :       PreBuildEvent;
       /usr/lib64/dotnet/sdk/10.0.101/Sdks/Microsoft.NET.Sdk/targets/Microsoft.NET.Sdk.targets(204,5): message :       ResolveReferences;
       /usr/lib64/dotnet/sdk/10.0.101/Sdks/Microsoft.NET.Sdk/targets/Microsoft.NET.Sdk.targets(204,5): message :       PrepareResources;
       /usr/lib64/dotnet/sdk/10.0.101/Sdks/Microsoft.NET.Sdk/targets/Microsoft.NET.Sdk.targets(204,5): message :       ResolveKeySource;
       /usr/lib64/dotnet/sdk/10.0.101/Sdks/Microsoft.NET.Sdk/targets/Microsoft.NET.Sdk.targets(204,5): message :       Compile;
       /usr/lib64/dotnet/sdk/10.0.101/Sdks/Microsoft.NET.Sdk/targets/Microsoft.NET.Sdk.targets(204,5): message :       ExportWindowsMDFile;
       /usr/lib64/dotnet/sdk/10.0.101/Sdks/Microsoft.NET.Sdk/targets/Microsoft.NET.Sdk.targets(204,5): message :       UnmanagedUnregistration;
       /usr/lib64/dotnet/sdk/10.0.101/Sdks/Microsoft.NET.Sdk/targets/Microsoft.NET.Sdk.targets(204,5): message :       GenerateSerializationAssemblies;
       /usr/lib64/dotnet/sdk/10.0.101/Sdks/Microsoft.NET.Sdk/targets/Microsoft.NET.Sdk.targets(204,5): message :       CreateSatelliteAssemblies;
       /usr/lib64/dotnet/sdk/10.0.101/Sdks/Microsoft.NET.Sdk/targets/Microsoft.NET.Sdk.targets(204,5): message :       GenerateManifests;
       /usr/lib64/dotnet/sdk/10.0.101/Sdks/Microsoft.NET.Sdk/targets/Microsoft.NET.Sdk.targets(204,5): message :       GetTargetPath;
       /usr/lib64/dotnet/sdk/10.0.101/Sdks/Microsoft.NET.Sdk/targets/Microsoft.NET.Sdk.targets(204,5): message :       PrepareForRun;
       /usr/lib64/dotnet/sdk/10.0.101/Sdks/Microsoft.NET.Sdk/targets/Microsoft.NET.Sdk.targets(204,5): message :       UnmanagedRegistration;
       /usr/lib64/dotnet/sdk/10.0.101/Sdks/Microsoft.NET.Sdk/targets/Microsoft.NET.Sdk.targets(204,5): message :       IncrementalClean;
       /usr/lib64/dotnet/sdk/10.0.101/Sdks/Microsoft.NET.Sdk/targets/Microsoft.NET.Sdk.targets(204,5): message :       PostBuildEvent
       /usr/lib64/dotnet/sdk/10.0.101/Sdks/Microsoft.NET.Sdk/targets/Microsoft.NET.Sdk.targets(204,5): message :     ;
       /usr/lib64/dotnet/sdk/10.0.101/Sdks/Microsoft.NET.Sdk/targets/Microsoft.NET.Sdk.targets(204,5): message :       GenerateBuildDependencyFile;
       /usr/lib64/dotnet/sdk/10.0.101/Sdks/Microsoft.NET.Sdk/targets/Microsoft.NET.Sdk.targets(204,5): message :       GenerateBuildRuntimeConfigurationFiles
       /usr/lib64/dotnet/sdk/10.0.101/Sdks/Microsoft.NET.Sdk/targets/Microsoft.NET.Sdk.targets(204,5): message :     " (previous value: "
       /usr/lib64/dotnet/sdk/10.0.101/Sdks/Microsoft.NET.Sdk/targets/Microsoft.NET.Sdk.targets(204,5): message :       BuildOnlySettings;
       /usr/lib64/dotnet/sdk/10.0.101/Sdks/Microsoft.NET.Sdk/targets/Microsoft.NET.Sdk.targets(204,5): message :       PrepareForBuild;
       /usr/lib64/dotnet/sdk/10.0.101/Sdks/Microsoft.NET.Sdk/targets/Microsoft.NET.Sdk.targets(204,5): message :       PreBuildEvent;
       /usr/lib64/dotnet/sdk/10.0.101/Sdks/Microsoft.NET.Sdk/targets/Microsoft.NET.Sdk.targets(204,5): message :       ResolveReferences;
       /usr/lib64/dotnet/sdk/10.0.101/Sdks/Microsoft.NET.Sdk/targets/Microsoft.NET.Sdk.targets(204,5): message :       PrepareResources;
       /usr/lib64/dotnet/sdk/10.0.101/Sdks/Microsoft.NET.Sdk/targets/Microsoft.NET.Sdk.targets(204,5): message :       ResolveKeySource;
       /usr/lib64/dotnet/sdk/10.0.101/Sdks/Microsoft.NET.Sdk/targets/Microsoft.NET.Sdk.targets(204,5): message :       Compile;
       /usr/lib64/dotnet/sdk/10.0.101/Sdks/Microsoft.NET.Sdk/targets/Microsoft.NET.Sdk.targets(204,5): message :       ExportWindowsMDFile;
       /usr/lib64/dotnet/sdk/10.0.101/Sdks/Microsoft.NET.Sdk/targets/Microsoft.NET.Sdk.targets(204,5): message :       UnmanagedUnregistration;
       /usr/lib64/dotnet/sdk/10.0.101/Sdks/Microsoft.NET.Sdk/targets/Microsoft.NET.Sdk.targets(204,5): message :       GenerateSerializationAssemblies;
       /usr/lib64/dotnet/sdk/10.0.101/Sdks/Microsoft.NET.Sdk/targets/Microsoft.NET.Sdk.targets(204,5): message :       CreateSatelliteAssemblies;
       /usr/lib64/dotnet/sdk/10.0.101/Sdks/Microsoft.NET.Sdk/targets/Microsoft.NET.Sdk.targets(204,5): message :       GenerateManifests;
       /usr/lib64/dotnet/sdk/10.0.101/Sdks/Microsoft.NET.Sdk/targets/Microsoft.NET.Sdk.targets(204,5): message :       GetTargetPath;
       /usr/lib64/dotnet/sdk/10.0.101/Sdks/Microsoft.NET.Sdk/targets/Microsoft.NET.Sdk.targets(204,5): message :       PrepareForRun;
       /usr/lib64/dotnet/sdk/10.0.101/Sdks/Microsoft.NET.Sdk/targets/Microsoft.NET.Sdk.targets(204,5): message :       UnmanagedRegistration;
       /usr/lib64/dotnet/sdk/10.0.101/Sdks/Microsoft.NET.Sdk/targets/Microsoft.NET.Sdk.targets(204,5): message :       IncrementalClean;
       /usr/lib64/dotnet/sdk/10.0.101/Sdks/Microsoft.NET.Sdk/targets/Microsoft.NET.Sdk.targets(204,5): message :       PostBuildEvent
       /usr/lib64/dotnet/sdk/10.0.101/Sdks/Microsoft.NET.Sdk/targets/Microsoft.NET.Sdk.targets(204,5): message :     ") at /usr/lib64/dotnet/sdk/10.0.101/Sdks/Microsoft.NET.Sdk/targets/Microsoft.NET.Sdk.targets (204,5)
       /usr/lib64/dotnet/sdk/10.0.101/Sdks/Microsoft.NET.Sdk/targets/Microsoft.NET.Sdk.targets(213,5): message : Property reassignment: $(CoreCleanDependsOn)="
       /usr/lib64/dotnet/sdk/10.0.101/Sdks/Microsoft.NET.Sdk/targets/Microsoft.NET.Sdk.targets(213,5): message :       _SdkBeforeClean;
       /usr/lib64/dotnet/sdk/10.0.101/Sdks/Microsoft.NET.Sdk/targets/Microsoft.NET.Sdk.targets(213,5): message :       
       /usr/lib64/dotnet/sdk/10.0.101/Sdks/Microsoft.NET.Sdk/targets/Microsoft.NET.Sdk.targets(213,5): message :     " (previous value: "") at /usr/lib64/dotnet/sdk/10.0.101/Sdks/Microsoft.NET.Sdk/targets/Microsoft.NET.Sdk.targets (213,5)
       /usr/lib64/dotnet/sdk/10.0.101/Sdks/Microsoft.NET.Sdk/targets/Microsoft.NET.Sdk.targets(220,5): message : Property reassignment: $(RebuildDependsOn)="
       /usr/lib64/dotnet/sdk/10.0.101/Sdks/Microsoft.NET.Sdk/targets/Microsoft.NET.Sdk.targets(220,5): message :       _SdkBeforeRebuild;
       /usr/lib64/dotnet/sdk/10.0.101/Sdks/Microsoft.NET.Sdk/targets/Microsoft.NET.Sdk.targets(220,5): message :       
       /usr/lib64/dotnet/sdk/10.0.101/Sdks/Microsoft.NET.Sdk/targets/Microsoft.NET.Sdk.targets(220,5): message :       BeforeRebuild;
       /usr/lib64/dotnet/sdk/10.0.101/Sdks/Microsoft.NET.Sdk/targets/Microsoft.NET.Sdk.targets(220,5): message :       Clean;
       /usr/lib64/dotnet/sdk/10.0.101/Sdks/Microsoft.NET.Sdk/targets/Microsoft.NET.Sdk.targets(220,5): message :       Build;
       /usr/lib64/dotnet/sdk/10.0.101/Sdks/Microsoft.NET.Sdk/targets/Microsoft.NET.Sdk.targets(220,5): message :       AfterRebuild;
       /usr/lib64/dotnet/sdk/10.0.101/Sdks/Microsoft.NET.Sdk/targets/Microsoft.NET.Sdk.targets(220,5): message :     
       /usr/lib64/dotnet/sdk/10.0.101/Sdks/Microsoft.NET.Sdk/targets/Microsoft.NET.Sdk.targets(220,5): message :     " (previous value: "
       /usr/lib64/dotnet/sdk/10.0.101/Sdks/Microsoft.NET.Sdk/targets/Microsoft.NET.Sdk.targets(220,5): message :       BeforeRebuild;
       /usr/lib64/dotnet/sdk/10.0.101/Sdks/Microsoft.NET.Sdk/targets/Microsoft.NET.Sdk.targets(220,5): message :       Clean;
       /usr/lib64/dotnet/sdk/10.0.101/Sdks/Microsoft.NET.Sdk/targets/Microsoft.NET.Sdk.targets(220,5): message :       Build;
       /usr/lib64/dotnet/sdk/10.0.101/Sdks/Microsoft.NET.Sdk/targets/Microsoft.NET.Sdk.targets(220,5): message :       AfterRebuild;
       /usr/lib64/dotnet/sdk/10.0.101/Sdks/Microsoft.NET.Sdk/targets/Microsoft.NET.Sdk.targets(220,5): message :     ") at /usr/lib64/dotnet/sdk/10.0.101/Sdks/Microsoft.NET.Sdk/targets/Microsoft.NET.Sdk.targets (220,5)
       /usr/lib64/dotnet/sdk/10.0.101/Sdks/Microsoft.NET.Sdk/targets/Microsoft.NET.Sdk.targets(799,5): message : Property reassignment: $(CompileDependsOn)="
       /usr/lib64/dotnet/sdk/10.0.101/Sdks/Microsoft.NET.Sdk/targets/Microsoft.NET.Sdk.targets(799,5): message :       
       /usr/lib64/dotnet/sdk/10.0.101/Sdks/Microsoft.NET.Sdk/targets/Microsoft.NET.Sdk.targets(799,5): message :       ResolveReferences;
       /usr/lib64/dotnet/sdk/10.0.101/Sdks/Microsoft.NET.Sdk/targets/Microsoft.NET.Sdk.targets(799,5): message :       ResolveKeySource;
       /usr/lib64/dotnet/sdk/10.0.101/Sdks/Microsoft.NET.Sdk/targets/Microsoft.NET.Sdk.targets(799,5): message :       SetWin32ManifestProperties;
       /usr/lib64/dotnet/sdk/10.0.101/Sdks/Microsoft.NET.Sdk/targets/Microsoft.NET.Sdk.targets(799,5): message :       _SetPreferNativeArm64Win32ManifestProperties;
       /usr/lib64/dotnet/sdk/10.0.101/Sdks/Microsoft.NET.Sdk/targets/Microsoft.NET.Sdk.targets(799,5): message :       FindReferenceAssembliesForReferences;
       /usr/lib64/dotnet/sdk/10.0.101/Sdks/Microsoft.NET.Sdk/targets/Microsoft.NET.Sdk.targets(799,5): message :       _GenerateCompileInputs;
       /usr/lib64/dotnet/sdk/10.0.101/Sdks/Microsoft.NET.Sdk/targets/Microsoft.NET.Sdk.targets(799,5): message :       BeforeCompile;
       /usr/lib64/dotnet/sdk/10.0.101/Sdks/Microsoft.NET.Sdk/targets/Microsoft.NET.Sdk.targets(799,5): message :       _TimeStampBeforeCompile;
       /usr/lib64/dotnet/sdk/10.0.101/Sdks/Microsoft.NET.Sdk/targets/Microsoft.NET.Sdk.targets(799,5): message :       _GenerateCompileDependencyCache;
       /usr/lib64/dotnet/sdk/10.0.101/Sdks/Microsoft.NET.Sdk/targets/Microsoft.NET.Sdk.targets(799,5): message :       CoreCompile;
       /usr/lib64/dotnet/sdk/10.0.101/Sdks/Microsoft.NET.Sdk/targets/Microsoft.NET.Sdk.targets(799,5): message :       _TimeStampAfterCompile;
       /usr/lib64/dotnet/sdk/10.0.101/Sdks/Microsoft.NET.Sdk/targets/Microsoft.NET.Sdk.targets(799,5): message :       AfterCompile;
       /usr/lib64/dotnet/sdk/10.0.101/Sdks/Microsoft.NET.Sdk/targets/Microsoft.NET.Sdk.targets(799,5): message :     ;
       /usr/lib64/dotnet/sdk/10.0.101/Sdks/Microsoft.NET.Sdk/targets/Microsoft.NET.Sdk.targets(799,5): message :       _CreateAppHost;
       /usr/lib64/dotnet/sdk/10.0.101/Sdks/Microsoft.NET.Sdk/targets/Microsoft.NET.Sdk.targets(799,5): message :       _CreateComHost;
       /usr/lib64/dotnet/sdk/10.0.101/Sdks/Microsoft.NET.Sdk/targets/Microsoft.NET.Sdk.targets(799,5): message :       _GetIjwHostPaths;
       /usr/lib64/dotnet/sdk/10.0.101/Sdks/Microsoft.NET.Sdk/targets/Microsoft.NET.Sdk.targets(799,5): message :     " (previous value: "
       /usr/lib64/dotnet/sdk/10.0.101/Sdks/Microsoft.NET.Sdk/targets/Microsoft.NET.Sdk.targets(799,5): message :       ResolveReferences;
       /usr/lib64/dotnet/sdk/10.0.101/Sdks/Microsoft.NET.Sdk/targets/Microsoft.NET.Sdk.targets(799,5): message :       ResolveKeySource;
       /usr/lib64/dotnet/sdk/10.0.101/Sdks/Microsoft.NET.Sdk/targets/Microsoft.NET.Sdk.targets(799,5): message :       SetWin32ManifestProperties;
       /usr/lib64/dotnet/sdk/10.0.101/Sdks/Microsoft.NET.Sdk/targets/Microsoft.NET.Sdk.targets(799,5): message :       _SetPreferNativeArm64Win32ManifestProperties;
       /usr/lib64/dotnet/sdk/10.0.101/Sdks/Microsoft.NET.Sdk/targets/Microsoft.NET.Sdk.targets(799,5): message :       FindReferenceAssembliesForReferences;
       /usr/lib64/dotnet/sdk/10.0.101/Sdks/Microsoft.NET.Sdk/targets/Microsoft.NET.Sdk.targets(799,5): message :       _GenerateCompileInputs;
       /usr/lib64/dotnet/sdk/10.0.101/Sdks/Microsoft.NET.Sdk/targets/Microsoft.NET.Sdk.targets(799,5): message :       BeforeCompile;
       /usr/lib64/dotnet/sdk/10.0.101/Sdks/Microsoft.NET.Sdk/targets/Microsoft.NET.Sdk.targets(799,5): message :       _TimeStampBeforeCompile;
       /usr/lib64/dotnet/sdk/10.0.101/Sdks/Microsoft.NET.Sdk/targets/Microsoft.NET.Sdk.targets(799,5): message :       _GenerateCompileDependencyCache;
       /usr/lib64/dotnet/sdk/10.0.101/Sdks/Microsoft.NET.Sdk/targets/Microsoft.NET.Sdk.targets(799,5): message :       CoreCompile;
       /usr/lib64/dotnet/sdk/10.0.101/Sdks/Microsoft.NET.Sdk/targets/Microsoft.NET.Sdk.targets(799,5): message :       _TimeStampAfterCompile;
       /usr/lib64/dotnet/sdk/10.0.101/Sdks/Microsoft.NET.Sdk/targets/Microsoft.NET.Sdk.targets(799,5): message :       AfterCompile;
       /usr/lib64/dotnet/sdk/10.0.101/Sdks/Microsoft.NET.Sdk/targets/Microsoft.NET.Sdk.targets(799,5): message :     ") at /usr/lib64/dotnet/sdk/10.0.101/Sdks/Microsoft.NET.Sdk/targets/Microsoft.NET.Sdk.targets (799,5)
       /usr/lib64/dotnet/sdk/10.0.101/Sdks/Microsoft.NET.Sdk/targets/Microsoft.NET.Sdk.targets(1131,5): message : Property reassignment: $(CreateSatelliteAssembliesDependsOn)="
       /usr/lib64/dotnet/sdk/10.0.101/Sdks/Microsoft.NET.Sdk/targets/Microsoft.NET.Sdk.targets(1131,5): message :       
       /usr/lib64/dotnet/sdk/10.0.101/Sdks/Microsoft.NET.Sdk/targets/Microsoft.NET.Sdk.targets(1131,5): message :       ;
       /usr/lib64/dotnet/sdk/10.0.101/Sdks/Microsoft.NET.Sdk/targets/Microsoft.NET.Sdk.targets(1131,5): message :       _GenerateSatelliteAssemblyInputs;
       /usr/lib64/dotnet/sdk/10.0.101/Sdks/Microsoft.NET.Sdk/targets/Microsoft.NET.Sdk.targets(1131,5): message :       ComputeIntermediateSatelliteAssemblies;
       /usr/lib64/dotnet/sdk/10.0.101/Sdks/Microsoft.NET.Sdk/targets/Microsoft.NET.Sdk.targets(1131,5): message :       GenerateSatelliteAssemblies
       /usr/lib64/dotnet/sdk/10.0.101/Sdks/Microsoft.NET.Sdk/targets/Microsoft.NET.Sdk.targets(1131,5): message :     ;
       /usr/lib64/dotnet/sdk/10.0.101/Sdks/Microsoft.NET.Sdk/targets/Microsoft.NET.Sdk.targets(1131,5): message :       CoreGenerateSatelliteAssemblies
       /usr/lib64/dotnet/sdk/10.0.101/Sdks/Microsoft.NET.Sdk/targets/Microsoft.NET.Sdk.targets(1131,5): message :     " (previous value: "
       /usr/lib64/dotnet/sdk/10.0.101/Sdks/Microsoft.NET.Sdk/targets/Microsoft.NET.Sdk.targets(1131,5): message :       ;
       /usr/lib64/dotnet/sdk/10.0.101/Sdks/Microsoft.NET.Sdk/targets/Microsoft.NET.Sdk.targets(1131,5): message :       _GenerateSatelliteAssemblyInputs;
       /usr/lib64/dotnet/sdk/10.0.101/Sdks/Microsoft.NET.Sdk/targets/Microsoft.NET.Sdk.targets(1131,5): message :       ComputeIntermediateSatelliteAssemblies;
       /usr/lib64/dotnet/sdk/10.0.101/Sdks/Microsoft.NET.Sdk/targets/Microsoft.NET.Sdk.targets(1131,5): message :       GenerateSatelliteAssemblies
       /usr/lib64/dotnet/sdk/10.0.101/Sdks/Microsoft.NET.Sdk/targets/Microsoft.NET.Sdk.targets(1131,5): message :     ") at /usr/lib64/dotnet/sdk/10.0.101/Sdks/Microsoft.NET.Sdk/targets/Microsoft.NET.Sdk.targets (1131,5)
       /usr/lib64/dotnet/sdk/10.0.101/Sdks/Microsoft.SourceLink.GitLab/build/Microsoft.SourceLink.GitLab.targets(12,5): message : Property reassignment: $(SourceLinkUrlInitializerTargets)=";_InitializeGitHubSourceLinkUrl;_InitializeGitLabSourceLinkUrl" (previous value: ";_InitializeGitHubSourceLinkUrl") at /usr/lib64/dotnet/sdk/10.0.101/Sdks/Microsoft.SourceLink.GitLab/build/Microsoft.SourceLink.GitLab.targets (12,5)
       /usr/lib64/dotnet/sdk/10.0.101/Sdks/Microsoft.SourceLink.GitLab/build/Microsoft.SourceLink.GitLab.targets(13,5): message : Property reassignment: $(SourceControlManagerUrlTranslationTargets)=";TranslateGitHubUrlsInSourceControlInformation;TranslateGitLabUrlsInSourceControlInformation" (previous value: ";TranslateGitHubUrlsInSourceControlInformation") at /usr/lib64/dotnet/sdk/10.0.101/Sdks/Microsoft.SourceLink.GitLab/build/Microsoft.SourceLink.GitLab.targets (13,5)
       /usr/lib64/dotnet/sdk/10.0.101/Sdks/Microsoft.SourceLink.AzureRepos.Git/build/Microsoft.SourceLink.AzureRepos.Git.targets(12,5): message : Property reassignment: $(SourceLinkUrlInitializerTargets)=";_InitializeGitHubSourceLinkUrl;_InitializeGitLabSourceLinkUrl;_InitializeAzureReposGitSourceLinkUrl" (previous value: ";_InitializeGitHubSourceLinkUrl;_InitializeGitLabSourceLinkUrl") at /usr/lib64/dotnet/sdk/10.0.101/Sdks/Microsoft.SourceLink.AzureRepos.Git/build/Microsoft.SourceLink.AzureRepos.Git.targets (12,5)
       /usr/lib64/dotnet/sdk/10.0.101/Sdks/Microsoft.SourceLink.AzureRepos.Git/build/Microsoft.SourceLink.AzureRepos.Git.targets(13,5): message : Property reassignment: $(SourceControlManagerUrlTranslationTargets)=";TranslateGitHubUrlsInSourceControlInformation;TranslateGitLabUrlsInSourceControlInformation;TranslateAzureReposGitUrlsInSourceControlInformation" (previous value: ";TranslateGitHubUrlsInSourceControlInformation;TranslateGitLabUrlsInSourceControlInformation") at /usr/lib64/dotnet/sdk/10.0.101/Sdks/Microsoft.SourceLink.AzureRepos.Git/build/Microsoft.SourceLink.AzureRepos.Git.targets (13,5)
       /usr/lib64/dotnet/sdk/10.0.101/Sdks/Microsoft.SourceLink.Bitbucket.Git/build/Microsoft.SourceLink.Bitbucket.Git.targets(12,5): message : Property reassignment: $(SourceLinkUrlInitializerTargets)=";_InitializeGitHubSourceLinkUrl;_InitializeGitLabSourceLinkUrl;_InitializeAzureReposGitSourceLinkUrl;_InitializeBitbucketGitSourceLinkUrl" (previous value: ";_InitializeGitHubSourceLinkUrl;_InitializeGitLabSourceLinkUrl;_InitializeAzureReposGitSourceLinkUrl") at /usr/lib64/dotnet/sdk/10.0.101/Sdks/Microsoft.SourceLink.Bitbucket.Git/build/Microsoft.SourceLink.Bitbucket.Git.targets (12,5)
       /usr/lib64/dotnet/sdk/10.0.101/Sdks/Microsoft.SourceLink.Bitbucket.Git/build/Microsoft.SourceLink.Bitbucket.Git.targets(13,5): message : Property reassignment: $(SourceControlManagerUrlTranslationTargets)=";TranslateGitHubUrlsInSourceControlInformation;TranslateGitLabUrlsInSourceControlInformation;TranslateAzureReposGitUrlsInSourceControlInformation;TranslateBitbucketGitUrlsInSourceControlInformation" (previous value: ";TranslateGitHubUrlsInSourceControlInformation;TranslateGitLabUrlsInSourceControlInformation;TranslateAzureReposGitUrlsInSourceControlInformation") at /usr/lib64/dotnet/sdk/10.0.101/Sdks/Microsoft.SourceLink.Bitbucket.Git/build/Microsoft.SourceLink.Bitbucket.Git.targets (13,5)
       /usr/lib64/dotnet/sdk/10.0.101/Sdks/Microsoft.NET.Sdk/targets/Microsoft.NET.DesignerSupport.targets(21,5): message : Property reassignment: $(DesignerRuntimeImplementationProjectOutputGroupDependsOn)="
       /usr/lib64/dotnet/sdk/10.0.101/Sdks/Microsoft.NET.Sdk/targets/Microsoft.NET.DesignerSupport.targets(21,5): message :       
       /usr/lib64/dotnet/sdk/10.0.101/Sdks/Microsoft.NET.Sdk/targets/Microsoft.NET.DesignerSupport.targets(21,5): message :       ;
       /usr/lib64/dotnet/sdk/10.0.101/Sdks/Microsoft.NET.Sdk/targets/Microsoft.NET.DesignerSupport.targets(21,5): message :       
       /usr/lib64/dotnet/sdk/10.0.101/Sdks/Microsoft.NET.Sdk/targets/Microsoft.NET.DesignerSupport.targets(21,5): message :       ;
       /usr/lib64/dotnet/sdk/10.0.101/Sdks/Microsoft.NET.Sdk/targets/Microsoft.NET.DesignerSupport.targets(21,5): message :       BuildOnlySettings;
       /usr/lib64/dotnet/sdk/10.0.101/Sdks/Microsoft.NET.Sdk/targets/Microsoft.NET.DesignerSupport.targets(21,5): message :       PrepareForBuild;
       /usr/lib64/dotnet/sdk/10.0.101/Sdks/Microsoft.NET.Sdk/targets/Microsoft.NET.DesignerSupport.targets(21,5): message :       AssignTargetPaths;
       /usr/lib64/dotnet/sdk/10.0.101/Sdks/Microsoft.NET.Sdk/targets/Microsoft.NET.DesignerSupport.targets(21,5): message :       ResolveReferences
       /usr/lib64/dotnet/sdk/10.0.101/Sdks/Microsoft.NET.Sdk/targets/Microsoft.NET.DesignerSupport.targets(21,5): message :     
       /usr/lib64/dotnet/sdk/10.0.101/Sdks/Microsoft.NET.Sdk/targets/Microsoft.NET.DesignerSupport.targets(21,5): message :     ;
       /usr/lib64/dotnet/sdk/10.0.101/Sdks/Microsoft.NET.Sdk/targets/Microsoft.NET.DesignerSupport.targets(21,5): message :       _GenerateDesignerDepsFile;
       /usr/lib64/dotnet/sdk/10.0.101/Sdks/Microsoft.NET.Sdk/targets/Microsoft.NET.DesignerSupport.targets(21,5): message :       _GenerateDesignerRuntimeConfigFile;
       /usr/lib64/dotnet/sdk/10.0.101/Sdks/Microsoft.NET.Sdk/targets/Microsoft.NET.DesignerSupport.targets(21,5): message :       GetCopyToOutputDirectoryItems;
       /usr/lib64/dotnet/sdk/10.0.101/Sdks/Microsoft.NET.Sdk/targets/Microsoft.NET.DesignerSupport.targets(21,5): message :       _GatherDesignerShadowCopyFiles;
       /usr/lib64/dotnet/sdk/10.0.101/Sdks/Microsoft.NET.Sdk/targets/Microsoft.NET.DesignerSupport.targets(21,5): message :     " (previous value: "
       /usr/lib64/dotnet/sdk/10.0.101/Sdks/Microsoft.NET.Sdk/targets/Microsoft.NET.DesignerSupport.targets(21,5): message :       ;
       /usr/lib64/dotnet/sdk/10.0.101/Sdks/Microsoft.NET.Sdk/targets/Microsoft.NET.DesignerSupport.targets(21,5): message :       
       /usr/lib64/dotnet/sdk/10.0.101/Sdks/Microsoft.NET.Sdk/targets/Microsoft.NET.DesignerSupport.targets(21,5): message :       ;
       /usr/lib64/dotnet/sdk/10.0.101/Sdks/Microsoft.NET.Sdk/targets/Microsoft.NET.DesignerSupport.targets(21,5): message :       BuildOnlySettings;
       /usr/lib64/dotnet/sdk/10.0.101/Sdks/Microsoft.NET.Sdk/targets/Microsoft.NET.DesignerSupport.targets(21,5): message :       PrepareForBuild;
       /usr/lib64/dotnet/sdk/10.0.101/Sdks/Microsoft.NET.Sdk/targets/Microsoft.NET.DesignerSupport.targets(21,5): message :       AssignTargetPaths;
       /usr/lib64/dotnet/sdk/10.0.101/Sdks/Microsoft.NET.Sdk/targets/Microsoft.NET.DesignerSupport.targets(21,5): message :       ResolveReferences
       /usr/lib64/dotnet/sdk/10.0.101/Sdks/Microsoft.NET.Sdk/targets/Microsoft.NET.DesignerSupport.targets(21,5): message :     
       /usr/lib64/dotnet/sdk/10.0.101/Sdks/Microsoft.NET.Sdk/targets/Microsoft.NET.DesignerSupport.targets(21,5): message :     ") at /usr/lib64/dotnet/sdk/10.0.101/Sdks/Microsoft.NET.Sdk/targets/Microsoft.NET.DesignerSupport.targets (21,5)
       /usr/lib64/dotnet/sdk/10.0.101/Sdks/Microsoft.NET.Sdk/targets/Microsoft.NET.Sdk.CSharp.targets(31,5): message : Property reassignment: $(DefineConstants)="TRACE;DEBUG" (previous value: "TRACE") at /usr/lib64/dotnet/sdk/10.0.101/Sdks/Microsoft.NET.Sdk/targets/Microsoft.NET.Sdk.CSharp.targets (31,5)
       /usr/lib64/dotnet/sdk/10.0.101/Sdks/Microsoft.NET.Sdk/targets/Microsoft.NET.Sdk.CSharp.targets(45,5): message : Property reassignment: $(WarningsAsErrors)=";NU1605;SYSLIB0011" (previous value: ";NU1605") at /usr/lib64/dotnet/sdk/10.0.101/Sdks/Microsoft.NET.Sdk/targets/Microsoft.NET.Sdk.CSharp.targets (45,5)
       /usr/lib64/dotnet/sdk/10.0.101/NuGet.Build.Tasks.Pack.targets(34,5): message : Property reassignment: $(PackageDescription)="Package Description" (previous value: "") at /usr/lib64/dotnet/sdk/10.0.101/NuGet.Build.Tasks.Pack.targets (34,5)
       /usr/lib64/dotnet/sdk/10.0.101/NuGet.Build.Tasks.Pack.targets(59,5): message : Property reassignment: $(GenerateNuspecDependsOn)="Build;_LoadPackInputItems; _GetTargetFrameworksOutput; _WalkEachTargetPerFramework; _GetPackageFiles; " (previous value: "_LoadPackInputItems; _GetTargetFrameworksOutput; _WalkEachTargetPerFramework; _GetPackageFiles; ") at /usr/lib64/dotnet/sdk/10.0.101/NuGet.Build.Tasks.Pack.targets (59,5)
       /usr/lib64/dotnet/sdk/10.0.101/Sdks/Microsoft.NET.Sdk/Sdk/Sdk.targets(59,5): message : Property reassignment: $(_IsNotSetContainersTargetsDir)="true" (previous value: "false") at /usr/lib64/dotnet/sdk/10.0.101/Sdks/Microsoft.NET.Sdk/Sdk/Sdk.targets (59,5)
       /usr/lib64/dotnet/sdk/10.0.101/Containers/build/Microsoft.NET.Build.Containers.targets(5,5): message : Property reassignment: $(_IsSDKContainerAllowedVersion)="true" (previous value: "false") at /usr/lib64/dotnet/sdk/10.0.101/Containers/build/Microsoft.NET.Build.Containers.targets (5,5)
       /usr/lib64/dotnet/sdk/10.0.101/Containers/build/Microsoft.NET.Build.Containers.targets(15,5): message : Property reassignment: $(_ContainerIsTargetingNet8TFM)="true" (previous value: "false") at /usr/lib64/dotnet/sdk/10.0.101/Containers/build/Microsoft.NET.Build.Containers.targets (15,5)
       Overriding target "ResolveFrameworkReferences" in project "/usr/lib64/dotnet/sdk/10.0.101/Microsoft.Common.CurrentVersion.targets" with target "ResolveFrameworkReferences" from project "/usr/lib64/dotnet/sdk/10.0.101/Sdks/Microsoft.NET.Sdk/targets/Microsoft.NET.Sdk.FrameworkReferenceResolution.targets".
       Overriding target "GenerateSupportedTargetFrameworkAlias" in project "/usr/lib64/dotnet/sdk/10.0.101/Microsoft.Common.CurrentVersion.targets" with target "GenerateSupportedTargetFrameworkAlias" from project "/usr/lib64/dotnet/sdk/10.0.101/Sdks/Microsoft.NET.Sdk/targets/Microsoft.NET.Sdk.targets".
       Overriding target "GetReferenceAssemblyPaths" in project "/usr/lib64/dotnet/sdk/10.0.101/Microsoft.Common.CurrentVersion.targets" with target "GetReferenceAssemblyPaths" from project "/usr/lib64/dotnet/sdk/10.0.101/Sdks/Microsoft.NET.Sdk/targets/Microsoft.NET.DisableStandardFrameworkResolution.targets".
       Overriding target "GetFrameworkPaths" in project "/usr/lib64/dotnet/sdk/10.0.101/Microsoft.Common.CurrentVersion.targets" with target "GetFrameworkPaths" from project "/usr/lib64/dotnet/sdk/10.0.101/Sdks/Microsoft.NET.Sdk/targets/Microsoft.NET.DisableStandardFrameworkResolution.targets".
       Overriding target "DesignerRuntimeImplementationProjectOutputGroup" in project "/usr/lib64/dotnet/sdk/10.0.101/Microsoft.Common.CurrentVersion.targets" with target "DesignerRuntimeImplementationProjectOutputGroup" from project "/usr/lib64/dotnet/sdk/10.0.101/Sdks/Microsoft.NET.Sdk/targets/Microsoft.NET.DesignerSupport.targets".
       Overriding target "Publish" in project "/usr/lib64/dotnet/sdk/10.0.101/Microsoft.Common.CurrentVersion.targets" with target "Publish" from project "/usr/lib64/dotnet/sdk/10.0.101/Sdks/Microsoft.NET.Sdk/targets/Microsoft.NET.Publish.targets".
       Overriding target "ResolveReadyToRunCompilers" in project "/usr/lib64/dotnet/sdk/10.0.101/Sdks/Microsoft.NET.Sdk/targets/Microsoft.NET.CrossGen.targets" with target "ResolveReadyToRunCompilers" from project "/usr/lib64/dotnet/sdk/10.0.101/Sdks/Microsoft.NET.Sdk/targets/Microsoft.NET.Publish.targets".
       Overriding target "GetCopyToPublishDirectoryItems" in project "/usr/lib64/dotnet/sdk/10.0.101/Microsoft.Common.CurrentVersion.targets" with target "GetCopyToPublishDirectoryItems" from project "/usr/lib64/dotnet/sdk/10.0.101/Sdks/Microsoft.NET.Sdk/targets/Microsoft.NET.Publish.targets".
       Overriding target "Run" in project "/usr/lib64/dotnet/sdk/10.0.101/Microsoft.Common.CurrentVersion.targets" with target "Run" from project "/usr/lib64/dotnet/sdk/10.0.101/Sdks/Microsoft.NET.Sdk/targets/Microsoft.NET.Sdk.targets".
     5>Project "/home/baturhan/Projeler/Entegrasyon/Application/Entegrasyon.MessageQueue.Commands/Entegrasyon.MessageQueue.Commands.csproj" (5) is building "/home/baturhan/Projeler/Entegrasyon/Application/Entegrasyon.Entity/Entegrasyon.Entity.csproj" (8) on node 3 (_GenerateRestoreProjectPathWalk target(s)).
     8>Target "_GenerateRestoreProjectPathItemsPerFramework" in file "/usr/lib64/dotnet/sdk/10.0.101/NuGet.targets" from project "/home/baturhan/Projeler/Entegrasyon/Application/Entegrasyon.Entity/Entegrasyon.Entity.csproj" (target "_GenerateRestoreProjectPathItemsCurrentProject" depends on it):
     8>Task "ConvertToAbsolutePath"
       Done executing task "ConvertToAbsolutePath".
     8>Done building target "_GenerateRestoreProjectPathItemsPerFramework" in project "Entegrasyon.Entity.csproj".
     8>Target "_GenerateRestoreProjectPathItemsCurrentProject" in file "/usr/lib64/dotnet/sdk/10.0.101/NuGet.targets" from project "/home/baturhan/Projeler/Entegrasyon/Application/Entegrasyon.Entity/Entegrasyon.Entity.csproj" (target "_GenerateRestoreProjectPathItems" depends on it):
     8>Done building target "_GenerateRestoreProjectPathItemsCurrentProject" in project "Entegrasyon.Entity.csproj".
     8>Target "_GenerateRestoreProjectPathItems" in file "/usr/lib64/dotnet/sdk/10.0.101/NuGet.targets" from project "/home/baturhan/Projeler/Entegrasyon/Application/Entegrasyon.Entity/Entegrasyon.Entity.csproj" (target "_GenerateRestoreProjectPathWalk" depends on it):
       Task "RemoveDuplicates"
       Done executing task "RemoveDuplicates".
     8>Done building target "_GenerateRestoreProjectPathItems" in project "Entegrasyon.Entity.csproj".
     8>Target "_GenerateRestoreProjectPathWalk" in file "/usr/lib64/dotnet/sdk/10.0.101/NuGet.targets" from project "/home/baturhan/Projeler/Entegrasyon/Application/Entegrasyon.Entity/Entegrasyon.Entity.csproj" (entry point):
       Task "MSBuild"
         Global Properties:
           ExcludeRestorePackageImports=true
     8>Project "/home/baturhan/Projeler/Entegrasyon/Application/Entegrasyon.Entity/Entegrasyon.Entity.csproj" (8) is building "/home/baturhan/Projeler/Entegrasyon/Shared/Shared/Shared.csproj" (6:3) on node 4 (_GenerateRestoreProjectPathWalk target(s)).
   6:3>Target "_GenerateRestoreProjectPathWalk" skipped. Previously built successfully.
   6:3>Done Building Project "/home/baturhan/Projeler/Entegrasyon/Shared/Shared/Shared.csproj" (_GenerateRestoreProjectPathWalk target(s)).
     8>Done executing task "MSBuild".
       Task "RemoveDuplicates"
       Done executing task "RemoveDuplicates".
     8>Done building target "_GenerateRestoreProjectPathWalk" in project "Entegrasyon.Entity.csproj".
     8>Done Building Project "/home/baturhan/Projeler/Entegrasyon/Application/Entegrasyon.Entity/Entegrasyon.Entity.csproj" (_GenerateRestoreProjectPathWalk target(s)).
     7>Project "/home/baturhan/Projeler/Entegrasyon/Application/Entegrasyon.DataAccess/Entegrasyon.DataAccess.csproj" (7) is building "/home/baturhan/Projeler/Entegrasyon/Application/Entegrasyon.Entity/Entegrasyon.Entity.csproj" (8:2) on node 3 (_GenerateRestoreProjectPathWalk target(s)).
   8:2>Target "_GenerateRestoreProjectPathWalk" skipped. Previously built successfully.
   8:2>Done Building Project "/home/baturhan/Projeler/Entegrasyon/Application/Entegrasyon.Entity/Entegrasyon.Entity.csproj" (_GenerateRestoreProjectPathWalk target(s)).
     5>Done executing task "MSBuild".
       Task "RemoveDuplicates"
       Done executing task "RemoveDuplicates".
     7>Done executing task "MSBuild".
     5>Done building target "_GenerateRestoreProjectPathWalk" in project "Entegrasyon.MessageQueue.Commands.csproj".
     7>Task "RemoveDuplicates"
     5>Done Building Project "/home/baturhan/Projeler/Entegrasyon/Application/Entegrasyon.MessageQueue.Commands/Entegrasyon.MessageQueue.Commands.csproj" (_GenerateRestoreProjectPathWalk target(s)).
     7>Done executing task "RemoveDuplicates".
     7>Done building target "_GenerateRestoreProjectPathWalk" in project "Entegrasyon.DataAccess.csproj".
     3>Project "/home/baturhan/Projeler/Entegrasyon/Application/Entegrasyon.MessageQueue/Entegrasyon.MessageQueue.Handler.csproj" (3) is building "/home/baturhan/Projeler/Entegrasyon/Application/Entegrasyon.MessageQueue.Commands/Entegrasyon.MessageQueue.Commands.csproj" (5:2) on node 5 (_GenerateRestoreProjectPathWalk target(s)).
   5:2>Target "_GenerateRestoreProjectPathWalk" skipped. Previously built successfully.
   5:2>Done Building Project "/home/baturhan/Projeler/Entegrasyon/Application/Entegrasyon.MessageQueue.Commands/Entegrasyon.MessageQueue.Commands.csproj" (_GenerateRestoreProjectPathWalk target(s)).
     4>Project "/home/baturhan/Projeler/Entegrasyon/Application/Entegrasyon.ApplicationBootstrap/Entegrasyon.ApplicationBootstrap.csproj" (4) is building "/home/baturhan/Projeler/Entegrasyon/Application/Entegrasyon.DataAccess/Entegrasyon.DataAccess.csproj" (7:2) on node 1 (_GenerateRestoreProjectPathWalk target(s)).
   7:2>Target "_GenerateRestoreProjectPathWalk" skipped. Previously built successfully.
   7:2>Done Building Project "/home/baturhan/Projeler/Entegrasyon/Application/Entegrasyon.DataAccess/Entegrasyon.DataAccess.csproj" (_GenerateRestoreProjectPathWalk target(s)).
     7>Done Building Project "/home/baturhan/Projeler/Entegrasyon/Application/Entegrasyon.DataAccess/Entegrasyon.DataAccess.csproj" (_GenerateRestoreProjectPathWalk target(s)).
     2>Done executing task "MSBuild".
       Task "RemoveDuplicates"
       Done executing task "RemoveDuplicates".
     2>Done building target "_GenerateRestoreProjectPathWalk" in project "Entegrasyon.Business.csproj".
     2>Done Building Project "/home/baturhan/Projeler/Entegrasyon/Application/Entegrasyon.Business/Entegrasyon.Business.csproj" (_GenerateRestoreProjectPathWalk target(s)).
     3>Project "/home/baturhan/Projeler/Entegrasyon/Application/Entegrasyon.MessageQueue/Entegrasyon.MessageQueue.Handler.csproj" (3) is building "/home/baturhan/Projeler/Entegrasyon/Application/Entegrasyon.Business/Entegrasyon.Business.csproj" (2:2) on node 1 (_GenerateRestoreProjectPathWalk target(s)).
   2:2>Target "_GenerateRestoreProjectPathWalk" skipped. Previously built successfully.
   2:2>Done Building Project "/home/baturhan/Projeler/Entegrasyon/Application/Entegrasyon.Business/Entegrasyon.Business.csproj" (_GenerateRestoreProjectPathWalk target(s)).
     4>Project "/home/baturhan/Projeler/Entegrasyon/Application/Entegrasyon.ApplicationBootstrap/Entegrasyon.ApplicationBootstrap.csproj" (4) is building "/home/baturhan/Projeler/Entegrasyon/Application/Entegrasyon.Business/Entegrasyon.Business.csproj" (2:3) on node 1 (_GenerateRestoreProjectPathWalk target(s)).
   2:3>Target "_GenerateRestoreProjectPathWalk" skipped. Previously built successfully.
   2:3>Done Building Project "/home/baturhan/Projeler/Entegrasyon/Application/Entegrasyon.Business/Entegrasyon.Business.csproj" (_GenerateRestoreProjectPathWalk target(s)).
     3>Done executing task "MSBuild".
       Task "RemoveDuplicates"
     4>Done executing task "MSBuild".
     3>Done executing task "RemoveDuplicates".
     4>Task "RemoveDuplicates"
     3>Done building target "_GenerateRestoreProjectPathWalk" in project "Entegrasyon.MessageQueue.Handler.csproj".
     4>Done executing task "RemoveDuplicates".
     4>Done building target "_GenerateRestoreProjectPathWalk" in project "Entegrasyon.ApplicationBootstrap.csproj".
     3>Done Building Project "/home/baturhan/Projeler/Entegrasyon/Application/Entegrasyon.MessageQueue/Entegrasyon.MessageQueue.Handler.csproj" (_GenerateRestoreProjectPathWalk target(s)).
     4>Done Building Project "/home/baturhan/Projeler/Entegrasyon/Application/Entegrasyon.ApplicationBootstrap/Entegrasyon.ApplicationBootstrap.csproj" (_GenerateRestoreProjectPathWalk target(s)).
   1:3>Done executing task "MSBuild".
       Task "RemoveDuplicates"
       Done executing task "RemoveDuplicates".
   1:3>Done building target "_GenerateRestoreProjectPathWalk" in project "Entegrasyon.Blazor.csproj".
   1:3>Done Building Project "/home/baturhan/Projeler/Entegrasyon/Application/Entegrasyon.Blazor/Entegrasyon.Blazor.csproj" (_GenerateRestoreProjectPathWalk target(s)).
     1>Done executing task "MSBuild".
       Task "RemoveDuplicates"
       Done executing task "RemoveDuplicates".
       Task "MSBuild"
         Global Properties:
           ExcludeRestorePackageImports=true
     1>Project "/home/baturhan/Projeler/Entegrasyon/Application/Entegrasyon.Blazor/Entegrasyon.Blazor.csproj" (1) is building "/home/baturhan/Projeler/Entegrasyon/Application/Entegrasyon.Blazor/Entegrasyon.Blazor.csproj" (1:4) on node 1 (_IsProjectRestoreSupported target(s)).
   1:4>Target "_IsProjectRestoreSupported" skipped. Previously built successfully.
   1:4>Done Building Project "/home/baturhan/Projeler/Entegrasyon/Application/Entegrasyon.Blazor/Entegrasyon.Blazor.csproj" (_IsProjectRestoreSupported target(s)).
     1>Project "/home/baturhan/Projeler/Entegrasyon/Application/Entegrasyon.Blazor/Entegrasyon.Blazor.csproj" (1) is building "/home/baturhan/Projeler/Entegrasyon/Application/Entegrasyon.Business/Entegrasyon.Business.csproj" (2:4) on node 1 (_IsProjectRestoreSupported target(s)).
   2:4>Target "_IsProjectRestoreSupported" in file "/usr/lib64/dotnet/sdk/10.0.101/NuGet.targets" from project "/home/baturhan/Projeler/Entegrasyon/Application/Entegrasyon.Business/Entegrasyon.Business.csproj" (entry point):
   2:4>Done building target "_IsProjectRestoreSupported" in project "Entegrasyon.Business.csproj".
   2:4>Done Building Project "/home/baturhan/Projeler/Entegrasyon/Application/Entegrasyon.Business/Entegrasyon.Business.csproj" (_IsProjectRestoreSupported target(s)).
     1>Project "/home/baturhan/Projeler/Entegrasyon/Application/Entegrasyon.Blazor/Entegrasyon.Blazor.csproj" (1) is building "/home/baturhan/Projeler/Entegrasyon/Application/Entegrasyon.MessageQueue/Entegrasyon.MessageQueue.Handler.csproj" (3:2) on node 2 (_IsProjectRestoreSupported target(s)).
   3:2>Target "_IsProjectRestoreSupported" in file "/usr/lib64/dotnet/sdk/10.0.101/NuGet.targets" from project "/home/baturhan/Projeler/Entegrasyon/Application/Entegrasyon.MessageQueue/Entegrasyon.MessageQueue.Handler.csproj" (entry point):
   3:2>Done building target "_IsProjectRestoreSupported" in project "Entegrasyon.MessageQueue.Handler.csproj".
   3:2>Done Building Project "/home/baturhan/Projeler/Entegrasyon/Application/Entegrasyon.MessageQueue/Entegrasyon.MessageQueue.Handler.csproj" (_IsProjectRestoreSupported target(s)).
     1>Project "/home/baturhan/Projeler/Entegrasyon/Application/Entegrasyon.Blazor/Entegrasyon.Blazor.csproj" (1) is building "/home/baturhan/Projeler/Entegrasyon/Application/Entegrasyon.MessageQueue.Commands/Entegrasyon.MessageQueue.Commands.csproj" (5:3) on node 5 (_IsProjectRestoreSupported target(s)).
   5:3>Target "_IsProjectRestoreSupported" in file "/usr/lib64/dotnet/sdk/10.0.101/NuGet.targets" from project "/home/baturhan/Projeler/Entegrasyon/Application/Entegrasyon.MessageQueue.Commands/Entegrasyon.MessageQueue.Commands.csproj" (entry point):
   5:3>Done building target "_IsProjectRestoreSupported" in project "Entegrasyon.MessageQueue.Commands.csproj".
   5:3>Done Building Project "/home/baturhan/Projeler/Entegrasyon/Application/Entegrasyon.MessageQueue.Commands/Entegrasyon.MessageQueue.Commands.csproj" (_IsProjectRestoreSupported target(s)).
     1>Project "/home/baturhan/Projeler/Entegrasyon/Application/Entegrasyon.Blazor/Entegrasyon.Blazor.csproj" (1) is building "/home/baturhan/Projeler/Entegrasyon/Application/Entegrasyon.ApplicationBootstrap/Entegrasyon.ApplicationBootstrap.csproj" (4:2) on node 3 (_IsProjectRestoreSupported target(s)).
   4:2>Target "_IsProjectRestoreSupported" in file "/usr/lib64/dotnet/sdk/10.0.101/NuGet.targets" from project "/home/baturhan/Projeler/Entegrasyon/Application/Entegrasyon.ApplicationBootstrap/Entegrasyon.ApplicationBootstrap.csproj" (entry point):
   4:2>Done building target "_IsProjectRestoreSupported" in project "Entegrasyon.ApplicationBootstrap.csproj".
   4:2>Done Building Project "/home/baturhan/Projeler/Entegrasyon/Application/Entegrasyon.ApplicationBootstrap/Entegrasyon.ApplicationBootstrap.csproj" (_IsProjectRestoreSupported target(s)).
     1>Project "/home/baturhan/Projeler/Entegrasyon/Application/Entegrasyon.Blazor/Entegrasyon.Blazor.csproj" (1) is building "/home/baturhan/Projeler/Entegrasyon/Application/Entegrasyon.DataAccess/Entegrasyon.DataAccess.csproj" (7:3) on node 1 (_IsProjectRestoreSupported target(s)).
   7:3>Target "_IsProjectRestoreSupported" in file "/usr/lib64/dotnet/sdk/10.0.101/NuGet.targets" from project "/home/baturhan/Projeler/Entegrasyon/Application/Entegrasyon.DataAccess/Entegrasyon.DataAccess.csproj" (entry point):
   7:3>Done building target "_IsProjectRestoreSupported" in project "Entegrasyon.DataAccess.csproj".
   7:3>Done Building Project "/home/baturhan/Projeler/Entegrasyon/Application/Entegrasyon.DataAccess/Entegrasyon.DataAccess.csproj" (_IsProjectRestoreSupported target(s)).
     1>Project "/home/baturhan/Projeler/Entegrasyon/Application/Entegrasyon.Blazor/Entegrasyon.Blazor.csproj" (1) is building "/home/baturhan/Projeler/Entegrasyon/Shared/Shared/Shared.csproj" (6:4) on node 4 (_IsProjectRestoreSupported target(s)).
   6:4>Target "_IsProjectRestoreSupported" in file "/usr/lib64/dotnet/sdk/10.0.101/NuGet.targets" from project "/home/baturhan/Projeler/Entegrasyon/Shared/Shared/Shared.csproj" (entry point):
   6:4>Done building target "_IsProjectRestoreSupported" in project "Shared.csproj".
   6:4>Done Building Project "/home/baturhan/Projeler/Entegrasyon/Shared/Shared/Shared.csproj" (_IsProjectRestoreSupported target(s)).
     1>Project "/home/baturhan/Projeler/Entegrasyon/Application/Entegrasyon.Blazor/Entegrasyon.Blazor.csproj" (1) is building "/home/baturhan/Projeler/Entegrasyon/Application/Entegrasyon.Entity/Entegrasyon.Entity.csproj" (8:3) on node 3 (_IsProjectRestoreSupported target(s)).
   8:3>Target "_IsProjectRestoreSupported" in file "/usr/lib64/dotnet/sdk/10.0.101/NuGet.targets" from project "/home/baturhan/Projeler/Entegrasyon/Application/Entegrasyon.Entity/Entegrasyon.Entity.csproj" (entry point):
   8:3>Done building target "_IsProjectRestoreSupported" in project "Entegrasyon.Entity.csproj".
   8:3>Done Building Project "/home/baturhan/Projeler/Entegrasyon/Application/Entegrasyon.Entity/Entegrasyon.Entity.csproj" (_IsProjectRestoreSupported target(s)).
     1>Done executing task "MSBuild".
     1>Done building target "_GetAllRestoreProjectPathItems" in project "Entegrasyon.Blazor.csproj".
     1>Target "_GenerateRestoreGraph" in file "/usr/lib64/dotnet/sdk/10.0.101/NuGet.targets" from project "/home/baturhan/Projeler/Entegrasyon/Application/Entegrasyon.Blazor/Entegrasyon.Blazor.csproj" (target "Restore" depends on it):
       Using "Message" task from assembly "Microsoft.Build.Tasks.Core, Version=15.1.0.0, Culture=neutral, PublicKeyToken=b03f5f7f11d50a3a".
       Task "Message"
         Generating dg file
       Done executing task "Message".
       Task "Message"
         /home/baturhan/Projeler/Entegrasyon/Application/Entegrasyon.Business/Entegrasyon.Business.csproj
       Done executing task "Message".
       Task "Message"
         /home/baturhan/Projeler/Entegrasyon/Application/Entegrasyon.ApplicationBootstrap/Entegrasyon.ApplicationBootstrap.csproj
       Done executing task "Message".
       Task "Message"
         /home/baturhan/Projeler/Entegrasyon/Application/Entegrasyon.MessageQueue/Entegrasyon.MessageQueue.Handler.csproj
       Done executing task "Message".
       Task "Message"
         /home/baturhan/Projeler/Entegrasyon/Application/Entegrasyon.DataAccess/Entegrasyon.DataAccess.csproj
       Done executing task "Message".
       Task "Message"
         /home/baturhan/Projeler/Entegrasyon/Application/Entegrasyon.MessageQueue.Commands/Entegrasyon.MessageQueue.Commands.csproj
       Done executing task "Message".
       Task "Message"
         /home/baturhan/Projeler/Entegrasyon/Shared/Shared/Shared.csproj
       Done executing task "Message".
       Task "Message"
         /home/baturhan/Projeler/Entegrasyon/Application/Entegrasyon.Entity/Entegrasyon.Entity.csproj
       Done executing task "Message".
       Task "Message"
         /home/baturhan/Projeler/Entegrasyon/Application/Entegrasyon.Blazor/Entegrasyon.Blazor.csproj
       Done executing task "Message".
       Task "MSBuild"
         Global Properties:
           ExcludeRestorePackageImports=true
     1>Project "/home/baturhan/Projeler/Entegrasyon/Application/Entegrasyon.Blazor/Entegrasyon.Blazor.csproj" (1) is building "/home/baturhan/Projeler/Entegrasyon/Application/Entegrasyon.Business/Entegrasyon.Business.csproj" (2:5) on node 1 (_GenerateRestoreGraphProjectEntry target(s)).
   2:5>Target "_CheckForUnsupportedNETCoreVersion" in file "/usr/lib64/dotnet/sdk/10.0.101/Sdks/Microsoft.NET.Sdk/targets/Microsoft.NET.TargetFrameworkInference.targets" from project "/home/baturhan/Projeler/Entegrasyon/Application/Entegrasyon.Business/Entegrasyon.Business.csproj" (target "CollectPackageReferences" depends on it):
   2:5>Done building target "_CheckForUnsupportedNETCoreVersion" in project "Entegrasyon.Business.csproj".
     1>Project "/home/baturhan/Projeler/Entegrasyon/Application/Entegrasyon.Blazor/Entegrasyon.Blazor.csproj" (1) is building "/home/baturhan/Projeler/Entegrasyon/Application/Entegrasyon.ApplicationBootstrap/Entegrasyon.ApplicationBootstrap.csproj" (4:3) on node 3 (_GenerateRestoreGraphProjectEntry target(s)).
   4:3>Target "_CheckForUnsupportedNETCoreVersion" in file "/usr/lib64/dotnet/sdk/10.0.101/Sdks/Microsoft.NET.Sdk/targets/Microsoft.NET.TargetFrameworkInference.targets" from project "/home/baturhan/Projeler/Entegrasyon/Application/Entegrasyon.ApplicationBootstrap/Entegrasyon.ApplicationBootstrap.csproj" (target "CollectPackageReferences" depends on it):
   4:3>Done building target "_CheckForUnsupportedNETCoreVersion" in project "Entegrasyon.ApplicationBootstrap.csproj".
   2:5>Target "_CheckForUnsupportedCppNETCoreVersion" in file "/usr/lib64/dotnet/sdk/10.0.101/Sdks/Microsoft.NET.Sdk/targets/Microsoft.NET.TargetFrameworkInference.targets" from project "/home/baturhan/Projeler/Entegrasyon/Application/Entegrasyon.Business/Entegrasyon.Business.csproj" (target "CollectPackageReferences" depends on it):
   2:5>Done building target "_CheckForUnsupportedCppNETCoreVersion" in project "Entegrasyon.Business.csproj".
   4:3>Target "_CheckForUnsupportedCppNETCoreVersion" in file "/usr/lib64/dotnet/sdk/10.0.101/Sdks/Microsoft.NET.Sdk/targets/Microsoft.NET.TargetFrameworkInference.targets" from project "/home/baturhan/Projeler/Entegrasyon/Application/Entegrasyon.ApplicationBootstrap/Entegrasyon.ApplicationBootstrap.csproj" (target "CollectPackageReferences" depends on it):
   4:3>Done building target "_CheckForUnsupportedCppNETCoreVersion" in project "Entegrasyon.ApplicationBootstrap.csproj".
     1>Project "/home/baturhan/Projeler/Entegrasyon/Application/Entegrasyon.Blazor/Entegrasyon.Blazor.csproj" (1) is building "/home/baturhan/Projeler/Entegrasyon/Application/Entegrasyon.MessageQueue.Commands/Entegrasyon.MessageQueue.Commands.csproj" (5:4) on node 5 (_GenerateRestoreGraphProjectEntry target(s)).
   5:4>Target "_CheckForUnsupportedNETCoreVersion" in file "/usr/lib64/dotnet/sdk/10.0.101/Sdks/Microsoft.NET.Sdk/targets/Microsoft.NET.TargetFrameworkInference.targets" from project "/home/baturhan/Projeler/Entegrasyon/Application/Entegrasyon.MessageQueue.Commands/Entegrasyon.MessageQueue.Commands.csproj" (target "CollectPackageReferences" depends on it):
   5:4>Done building target "_CheckForUnsupportedNETCoreVersion" in project "Entegrasyon.MessageQueue.Commands.csproj".
     1>Project "/home/baturhan/Projeler/Entegrasyon/Application/Entegrasyon.Blazor/Entegrasyon.Blazor.csproj" (1) is building "/home/baturhan/Projeler/Entegrasyon/Application/Entegrasyon.MessageQueue/Entegrasyon.MessageQueue.Handler.csproj" (3:3) on node 2 (_GenerateRestoreGraphProjectEntry target(s)).
   3:3>Target "_CheckForUnsupportedNETCoreVersion" in file "/usr/lib64/dotnet/sdk/10.0.101/Sdks/Microsoft.NET.Sdk/targets/Microsoft.NET.TargetFrameworkInference.targets" from project "/home/baturhan/Projeler/Entegrasyon/Application/Entegrasyon.MessageQueue/Entegrasyon.MessageQueue.Handler.csproj" (target "CollectPackageReferences" depends on it):
   3:3>Done building target "_CheckForUnsupportedNETCoreVersion" in project "Entegrasyon.MessageQueue.Handler.csproj".
     1>Project "/home/baturhan/Projeler/Entegrasyon/Application/Entegrasyon.Blazor/Entegrasyon.Blazor.csproj" (1) is building "/home/baturhan/Projeler/Entegrasyon/Shared/Shared/Shared.csproj" (6:5) on node 4 (_GenerateRestoreGraphProjectEntry target(s)).
   6:5>Target "_CheckForUnsupportedNETCoreVersion" in file "/usr/lib64/dotnet/sdk/10.0.101/Sdks/Microsoft.NET.Sdk/targets/Microsoft.NET.TargetFrameworkInference.targets" from project "/home/baturhan/Projeler/Entegrasyon/Shared/Shared/Shared.csproj" (target "CollectPackageReferences" depends on it):
   6:5>Done building target "_CheckForUnsupportedNETCoreVersion" in project "Shared.csproj".
   5:4>Target "_CheckForUnsupportedCppNETCoreVersion" in file "/usr/lib64/dotnet/sdk/10.0.101/Sdks/Microsoft.NET.Sdk/targets/Microsoft.NET.TargetFrameworkInference.targets" from project "/home/baturhan/Projeler/Entegrasyon/Application/Entegrasyon.MessageQueue.Commands/Entegrasyon.MessageQueue.Commands.csproj" (target "CollectPackageReferences" depends on it):
   5:4>Done building target "_CheckForUnsupportedCppNETCoreVersion" in project "Entegrasyon.MessageQueue.Commands.csproj".
   3:3>Target "_CheckForUnsupportedCppNETCoreVersion" in file "/usr/lib64/dotnet/sdk/10.0.101/Sdks/Microsoft.NET.Sdk/targets/Microsoft.NET.TargetFrameworkInference.targets" from project "/home/baturhan/Projeler/Entegrasyon/Application/Entegrasyon.MessageQueue/Entegrasyon.MessageQueue.Handler.csproj" (target "CollectPackageReferences" depends on it):
   3:3>Done building target "_CheckForUnsupportedCppNETCoreVersion" in project "Entegrasyon.MessageQueue.Handler.csproj".
   6:5>Target "_CheckForUnsupportedCppNETCoreVersion" in file "/usr/lib64/dotnet/sdk/10.0.101/Sdks/Microsoft.NET.Sdk/targets/Microsoft.NET.TargetFrameworkInference.targets" from project "/home/baturhan/Projeler/Entegrasyon/Shared/Shared/Shared.csproj" (target "CollectPackageReferences" depends on it):
   6:5>Done building target "_CheckForUnsupportedCppNETCoreVersion" in project "Shared.csproj".
   4:3>Target "UpdateAspNetToFrameworkReference" in file "/usr/lib64/dotnet/sdk/10.0.101/Sdks/Microsoft.NET.Sdk/targets/Microsoft.NET.Sdk.DefaultItems.Shared.targets" from project "/home/baturhan/Projeler/Entegrasyon/Application/Entegrasyon.ApplicationBootstrap/Entegrasyon.ApplicationBootstrap.csproj" (target "ApplyImplicitVersions" depends on it):
   4:3>Using "CheckIfPackageReferenceShouldBeFrameworkReference" task from assembly "/usr/lib64/dotnet/sdk/10.0.101/Sdks/Microsoft.NET.Sdk/targets/../tools/net10.0/Microsoft.NET.Build.Tasks.dll".
       Task "CheckIfPackageReferenceShouldBeFrameworkReference"
   6:5>Target "UpdateAspNetToFrameworkReference" in file "/usr/lib64/dotnet/sdk/10.0.101/Sdks/Microsoft.NET.Sdk/targets/Microsoft.NET.Sdk.DefaultItems.Shared.targets" from project "/home/baturhan/Projeler/Entegrasyon/Shared/Shared/Shared.csproj" (target "ApplyImplicitVersions" depends on it):
   6:5>Using "CheckIfPackageReferenceShouldBeFrameworkReference" task from assembly "/usr/lib64/dotnet/sdk/10.0.101/Sdks/Microsoft.NET.Sdk/targets/../tools/net10.0/Microsoft.NET.Build.Tasks.dll".
       Task "CheckIfPackageReferenceShouldBeFrameworkReference"
   4:3>Done executing task "CheckIfPackageReferenceShouldBeFrameworkReference".
   5:4>Target "CheckForImplicitPackageReferenceOverrides" in file "/usr/lib64/dotnet/sdk/10.0.101/Sdks/Microsoft.NET.Sdk/targets/Microsoft.NET.Sdk.DefaultItems.Shared.targets" from project "/home/baturhan/Projeler/Entegrasyon/Application/Entegrasyon.MessageQueue.Commands/Entegrasyon.MessageQueue.Commands.csproj" (target "CollectPackageReferences" depends on it):
   5:4>Using "CheckForImplicitPackageReferenceOverrides" task from assembly "/usr/lib64/dotnet/sdk/10.0.101/Sdks/Microsoft.NET.Sdk/targets/../tools/net10.0/Microsoft.NET.Build.Tasks.dll".
   4:3>Task "CheckIfPackageReferenceShouldBeFrameworkReference"
   3:3>Target "CheckForImplicitPackageReferenceOverrides" in file "/usr/lib64/dotnet/sdk/10.0.101/Sdks/Microsoft.NET.Sdk/targets/Microsoft.NET.Sdk.DefaultItems.Shared.targets" from project "/home/baturhan/Projeler/Entegrasyon/Application/Entegrasyon.MessageQueue/Entegrasyon.MessageQueue.Handler.csproj" (target "CollectPackageReferences" depends on it):
   3:3>Using "CheckForImplicitPackageReferenceOverrides" task from assembly "/usr/lib64/dotnet/sdk/10.0.101/Sdks/Microsoft.NET.Sdk/targets/../tools/net10.0/Microsoft.NET.Build.Tasks.dll".
   5:4>Task "CheckForImplicitPackageReferenceOverrides"
   3:3>Task "CheckForImplicitPackageReferenceOverrides"
   4:3>Done executing task "CheckIfPackageReferenceShouldBeFrameworkReference".
   3:3>Done executing task "CheckForImplicitPackageReferenceOverrides".
   3:3>Done building target "CheckForImplicitPackageReferenceOverrides" in project "Entegrasyon.MessageQueue.Handler.csproj".
   6:5>Done executing task "CheckIfPackageReferenceShouldBeFrameworkReference".
   4:3>Done building target "UpdateAspNetToFrameworkReference" in project "Entegrasyon.ApplicationBootstrap.csproj".
   5:4>Done executing task "CheckForImplicitPackageReferenceOverrides".
   6:5>Task "CheckIfPackageReferenceShouldBeFrameworkReference"
   5:4>Done building target "CheckForImplicitPackageReferenceOverrides" in project "Entegrasyon.MessageQueue.Commands.csproj".
   6:5>Done executing task "CheckIfPackageReferenceShouldBeFrameworkReference".
   3:3>Target "_CheckForLanguageAndFeatureCombinationSupport" in file "/usr/lib64/dotnet/sdk/10.0.101/Sdks/Microsoft.NET.Sdk/targets/Microsoft.NET.RuntimeIdentifierInference.targets" from project "/home/baturhan/Projeler/Entegrasyon/Application/Entegrasyon.MessageQueue/Entegrasyon.MessageQueue.Handler.csproj" (target "ProcessFrameworkReferences" depends on it):
   3:3>Done building target "_CheckForLanguageAndFeatureCombinationSupport" in project "Entegrasyon.MessageQueue.Handler.csproj".
   4:3>Target "CheckForImplicitPackageReferenceOverrides" in file "/usr/lib64/dotnet/sdk/10.0.101/Sdks/Microsoft.NET.Sdk/targets/Microsoft.NET.Sdk.DefaultItems.Shared.targets" from project "/home/baturhan/Projeler/Entegrasyon/Application/Entegrasyon.ApplicationBootstrap/Entegrasyon.ApplicationBootstrap.csproj" (target "ApplyImplicitVersions" depends on it):
   4:3>Using "CheckForImplicitPackageReferenceOverrides" task from assembly "/usr/lib64/dotnet/sdk/10.0.101/Sdks/Microsoft.NET.Sdk/targets/../tools/net10.0/Microsoft.NET.Build.Tasks.dll".
   5:4>Target "_CheckForLanguageAndFeatureCombinationSupport" in file "/usr/lib64/dotnet/sdk/10.0.101/Sdks/Microsoft.NET.Sdk/targets/Microsoft.NET.RuntimeIdentifierInference.targets" from project "/home/baturhan/Projeler/Entegrasyon/Application/Entegrasyon.MessageQueue.Commands/Entegrasyon.MessageQueue.Commands.csproj" (target "ProcessFrameworkReferences" depends on it):
   5:4>Done building target "_CheckForLanguageAndFeatureCombinationSupport" in project "Entegrasyon.MessageQueue.Commands.csproj".
   4:3>Task "CheckForImplicitPackageReferenceOverrides"
   6:5>Done building target "UpdateAspNetToFrameworkReference" in project "Shared.csproj".
   4:3>Done executing task "CheckForImplicitPackageReferenceOverrides".
   4:3>Done building target "CheckForImplicitPackageReferenceOverrides" in project "Entegrasyon.ApplicationBootstrap.csproj".
   6:5>Target "CheckForImplicitPackageReferenceOverrides" in file "/usr/lib64/dotnet/sdk/10.0.101/Sdks/Microsoft.NET.Sdk/targets/Microsoft.NET.Sdk.DefaultItems.Shared.targets" from project "/home/baturhan/Projeler/Entegrasyon/Shared/Shared/Shared.csproj" (target "ApplyImplicitVersions" depends on it):
   6:5>Using "CheckForImplicitPackageReferenceOverrides" task from assembly "/usr/lib64/dotnet/sdk/10.0.101/Sdks/Microsoft.NET.Sdk/targets/../tools/net10.0/Microsoft.NET.Build.Tasks.dll".
       Task "CheckForImplicitPackageReferenceOverrides"
   4:3>Target "ApplyImplicitVersions" in file "/usr/lib64/dotnet/sdk/10.0.101/Sdks/Microsoft.NET.Sdk/targets/Microsoft.NET.Sdk.DefaultItems.Shared.targets" from project "/home/baturhan/Projeler/Entegrasyon/Application/Entegrasyon.ApplicationBootstrap/Entegrasyon.ApplicationBootstrap.csproj" (target "CollectPackageReferences" depends on it):
   4:3>Using "ApplyImplicitVersions" task from assembly "/usr/lib64/dotnet/sdk/10.0.101/Sdks/Microsoft.NET.Sdk/targets/../tools/net10.0/Microsoft.NET.Build.Tasks.dll".
       Task "ApplyImplicitVersions"
   6:5>Done executing task "CheckForImplicitPackageReferenceOverrides".
   5:4>Target "_ComputeToolPackInputsToProcessFrameworkReferences" in file "/usr/lib64/dotnet/sdk/10.0.101/Sdks/Microsoft.NET.Sdk/targets/Microsoft.NET.Publish.targets" from project "/home/baturhan/Projeler/Entegrasyon/Application/Entegrasyon.MessageQueue.Commands/Entegrasyon.MessageQueue.Commands.csproj" (target "ProcessFrameworkReferences" depends on it):
   5:4>Done building target "_ComputeToolPackInputsToProcessFrameworkReferences" in project "Entegrasyon.MessageQueue.Commands.csproj".
   4:3>Done executing task "ApplyImplicitVersions".
   6:5>Done building target "CheckForImplicitPackageReferenceOverrides" in project "Shared.csproj".
   3:3>Target "_ComputeToolPackInputsToProcessFrameworkReferences" in file "/usr/lib64/dotnet/sdk/10.0.101/Sdks/Microsoft.NET.Sdk/targets/Microsoft.NET.Publish.targets" from project "/home/baturhan/Projeler/Entegrasyon/Application/Entegrasyon.MessageQueue/Entegrasyon.MessageQueue.Handler.csproj" (target "ProcessFrameworkReferences" depends on it):
   3:3>Done building target "_ComputeToolPackInputsToProcessFrameworkReferences" in project "Entegrasyon.MessageQueue.Handler.csproj".
   5:4>Target "ProcessFrameworkReferences" in file "/usr/lib64/dotnet/sdk/10.0.101/Sdks/Microsoft.NET.Sdk/targets/Microsoft.NET.Sdk.FrameworkReferenceResolution.targets" from project "/home/baturhan/Projeler/Entegrasyon/Application/Entegrasyon.MessageQueue.Commands/Entegrasyon.MessageQueue.Commands.csproj" (target "CollectPackageReferences" depends on it):
   5:4>Using "CheckForDuplicateFrameworkReferences" task from assembly "/usr/lib64/dotnet/sdk/10.0.101/Sdks/Microsoft.NET.Sdk/targets/../tools/net10.0/Microsoft.NET.Build.Tasks.dll".
   4:3>Done building target "ApplyImplicitVersions" in project "Entegrasyon.ApplicationBootstrap.csproj".
   5:4>Task "CheckForDuplicateFrameworkReferences"
   4:3>Target "CheckForImplicitPackageReferenceOverrides" skipped. Previously built successfully.
   3:3>Target "ProcessFrameworkReferences" in file "/usr/lib64/dotnet/sdk/10.0.101/Sdks/Microsoft.NET.Sdk/targets/Microsoft.NET.Sdk.FrameworkReferenceResolution.targets" from project "/home/baturhan/Projeler/Entegrasyon/Application/Entegrasyon.MessageQueue/Entegrasyon.MessageQueue.Handler.csproj" (target "CollectPackageReferences" depends on it):
   3:3>Using "CheckForDuplicateFrameworkReferences" task from assembly "/usr/lib64/dotnet/sdk/10.0.101/Sdks/Microsoft.NET.Sdk/targets/../tools/net10.0/Microsoft.NET.Build.Tasks.dll".
       Task "CheckForDuplicateFrameworkReferences"
   4:3>Target "_CheckForLanguageAndFeatureCombinationSupport" in file "/usr/lib64/dotnet/sdk/10.0.101/Sdks/Microsoft.NET.Sdk/targets/Microsoft.NET.RuntimeIdentifierInference.targets" from project "/home/baturhan/Projeler/Entegrasyon/Application/Entegrasyon.ApplicationBootstrap/Entegrasyon.ApplicationBootstrap.csproj" (target "ProcessFrameworkReferences" depends on it):
   4:3>Done building target "_CheckForLanguageAndFeatureCombinationSupport" in project "Entegrasyon.ApplicationBootstrap.csproj".
   6:5>Target "ApplyImplicitVersions" in file "/usr/lib64/dotnet/sdk/10.0.101/Sdks/Microsoft.NET.Sdk/targets/Microsoft.NET.Sdk.DefaultItems.Shared.targets" from project "/home/baturhan/Projeler/Entegrasyon/Shared/Shared/Shared.csproj" (target "CollectPackageReferences" depends on it):
   6:5>Using "ApplyImplicitVersions" task from assembly "/usr/lib64/dotnet/sdk/10.0.101/Sdks/Microsoft.NET.Sdk/targets/../tools/net10.0/Microsoft.NET.Build.Tasks.dll".
   5:4>Done executing task "CheckForDuplicateFrameworkReferences".
   6:5>Task "ApplyImplicitVersions"
   3:3>Done executing task "CheckForDuplicateFrameworkReferences".
   6:5>Done executing task "ApplyImplicitVersions".
   3:3>ProcessFrameworkReferences:
       Using "ProcessFrameworkReferences" task from assembly "/usr/lib64/dotnet/sdk/10.0.101/Sdks/Microsoft.NET.Sdk/targets/../tools/net10.0/Microsoft.NET.Build.Tasks.dll".
       Task "ProcessFrameworkReferences"
   6:5>Done building target "ApplyImplicitVersions" in project "Shared.csproj".
       Target "CheckForImplicitPackageReferenceOverrides" skipped. Previously built successfully.
   5:4>ProcessFrameworkReferences:
       Using "ProcessFrameworkReferences" task from assembly "/usr/lib64/dotnet/sdk/10.0.101/Sdks/Microsoft.NET.Sdk/targets/../tools/net10.0/Microsoft.NET.Build.Tasks.dll".
       Task "ProcessFrameworkReferences"
   4:3>Target "_ComputeToolPackInputsToProcessFrameworkReferences" in file "/usr/lib64/dotnet/sdk/10.0.101/Sdks/Microsoft.NET.Sdk/targets/Microsoft.NET.Publish.targets" from project "/home/baturhan/Projeler/Entegrasyon/Application/Entegrasyon.ApplicationBootstrap/Entegrasyon.ApplicationBootstrap.csproj" (target "ProcessFrameworkReferences" depends on it):
   4:3>Done building target "_ComputeToolPackInputsToProcessFrameworkReferences" in project "Entegrasyon.ApplicationBootstrap.csproj".
   6:5>Target "_CheckForLanguageAndFeatureCombinationSupport" in file "/usr/lib64/dotnet/sdk/10.0.101/Sdks/Microsoft.NET.Sdk/targets/Microsoft.NET.RuntimeIdentifierInference.targets" from project "/home/baturhan/Projeler/Entegrasyon/Shared/Shared/Shared.csproj" (target "ProcessFrameworkReferences" depends on it):
   6:5>Done building target "_CheckForLanguageAndFeatureCombinationSupport" in project "Shared.csproj".
   4:3>Target "ProcessFrameworkReferences" in file "/usr/lib64/dotnet/sdk/10.0.101/Sdks/Microsoft.NET.Sdk/targets/Microsoft.NET.Sdk.FrameworkReferenceResolution.targets" from project "/home/baturhan/Projeler/Entegrasyon/Application/Entegrasyon.ApplicationBootstrap/Entegrasyon.ApplicationBootstrap.csproj" (target "CollectPackageReferences" depends on it):
   4:3>Using "CheckForDuplicateFrameworkReferences" task from assembly "/usr/lib64/dotnet/sdk/10.0.101/Sdks/Microsoft.NET.Sdk/targets/../tools/net10.0/Microsoft.NET.Build.Tasks.dll".
       Task "CheckForDuplicateFrameworkReferences"
       Done executing task "CheckForDuplicateFrameworkReferences".
   6:5>Target "_ComputeToolPackInputsToProcessFrameworkReferences" in file "/usr/lib64/dotnet/sdk/10.0.101/Sdks/Microsoft.NET.Sdk/targets/Microsoft.NET.Publish.targets" from project "/home/baturhan/Projeler/Entegrasyon/Shared/Shared/Shared.csproj" (target "ProcessFrameworkReferences" depends on it):
   6:5>Done building target "_ComputeToolPackInputsToProcessFrameworkReferences" in project "Shared.csproj".
   3:3>ProcessFrameworkReferences:
         Found 1 known framework references for target framework .NETCoreApp
   6:5>Target "ProcessFrameworkReferences" in file "/usr/lib64/dotnet/sdk/10.0.101/Sdks/Microsoft.NET.Sdk/targets/Microsoft.NET.Sdk.FrameworkReferenceResolution.targets" from project "/home/baturhan/Projeler/Entegrasyon/Shared/Shared/Shared.csproj" (target "CollectPackageReferences" depends on it):
   6:5>Using "CheckForDuplicateFrameworkReferences" task from assembly "/usr/lib64/dotnet/sdk/10.0.101/Sdks/Microsoft.NET.Sdk/targets/../tools/net10.0/Microsoft.NET.Build.Tasks.dll".
       Task "CheckForDuplicateFrameworkReferences"
   3:3>ProcessFrameworkReferences:
         Found 5 known runtime packs for target framework .NETCoreApp
   4:3>ProcessFrameworkReferences:
       Using "ProcessFrameworkReferences" task from assembly "/usr/lib64/dotnet/sdk/10.0.101/Sdks/Microsoft.NET.Sdk/targets/../tools/net10.0/Microsoft.NET.Build.Tasks.dll".
   3:3>ProcessFrameworkReferences:
         Selected Microsoft.NETCore.App with RIDs 'linux-arm;linux-arm64;linux-musl-arm64;linux-musl-x64;linux-x64;osx-x64;tizen.4.0.0-armel;tizen.5.0.0-armel;win-arm64;win-x64;win-x86;linux-musl-arm;osx-arm64;linux-s390x;linux-loongarch64;linux-bionic-arm;linux-bionic-arm64;linux-bionic-x64;linux-bionic-x86;linux-ppc64le;freebsd-x64;freebsd-arm64'
   4:3>Task "ProcessFrameworkReferences"
   6:5>Done executing task "CheckForDuplicateFrameworkReferences".
   3:3>ProcessFrameworkReferences:
         Selected targeting pack 'Microsoft.NETCore.App@8.0.22'
         Added runtime framework 'Microsoft.NETCore.App@8.0.0'
         Ignoring framework reference to Microsoft.WindowsDesktop.App as it is Windows-only and the current platform is not Windows.
         Ignoring framework reference to Microsoft.WindowsDesktop.App.WPF as it is Windows-only and the current platform is not Windows.
         Ignoring framework reference to Microsoft.WindowsDesktop.App.WindowsForms as it is Windows-only and the current platform is not Windows.
         Selected Microsoft.AspNetCore.App with RIDs 'win-x64;win-x86;osx-x64;linux-musl-x64;linux-musl-arm64;linux-x64;linux-arm;linux-arm64;linux-musl-arm;win-arm64;osx-arm64;linux-s390x;linux-loongarch64;linux-ppc64le;freebsd-x64;freebsd-arm64'
         Selected targeting pack 'Microsoft.AspNetCore.App@8.0.22'
         Added runtime framework 'Microsoft.AspNetCore.App@8.0.0'
       Done executing task "ProcessFrameworkReferences".
   6:5>ProcessFrameworkReferences:
       Using "ProcessFrameworkReferences" task from assembly "/usr/lib64/dotnet/sdk/10.0.101/Sdks/Microsoft.NET.Sdk/targets/../tools/net10.0/Microsoft.NET.Build.Tasks.dll".
   2:5>Target "UpdateAspNetToFrameworkReference" in file "/usr/lib64/dotnet/sdk/10.0.101/Sdks/Microsoft.NET.Sdk/targets/Microsoft.NET.Sdk.DefaultItems.Shared.targets" from project "/home/baturhan/Projeler/Entegrasyon/Application/Entegrasyon.Business/Entegrasyon.Business.csproj" (target "ApplyImplicitVersions" depends on it):
   2:5>Using "CheckIfPackageReferenceShouldBeFrameworkReference" task from assembly "/usr/lib64/dotnet/sdk/10.0.101/Sdks/Microsoft.NET.Sdk/targets/../tools/net10.0/Microsoft.NET.Build.Tasks.dll".
   6:5>Task "ProcessFrameworkReferences"
   3:3>ProcessFrameworkReferences:
       Using "ResolveAppHosts" task from assembly "/usr/lib64/dotnet/sdk/10.0.101/Sdks/Microsoft.NET.Sdk/targets/../tools/net10.0/Microsoft.NET.Build.Tasks.dll".
   2:5>Task "CheckIfPackageReferenceShouldBeFrameworkReference"
   3:3>Task "ResolveAppHosts"
   5:4>ProcessFrameworkReferences:
         Found 1 known framework references for target framework .NETCoreApp
         Found 5 known runtime packs for target framework .NETCoreApp
   3:3>Done executing task "ResolveAppHosts".
   3:3>Done building target "ProcessFrameworkReferences" in project "Entegrasyon.MessageQueue.Handler.csproj".
   3:3>Target "_CheckForObsoleteDotNetCliToolReferences" in file "/usr/lib64/dotnet/sdk/10.0.101/Sdks/Microsoft.NET.Sdk/targets/Microsoft.NET.ObsoleteReferences.targets" from project "/home/baturhan/Projeler/Entegrasyon/Application/Entegrasyon.MessageQueue/Entegrasyon.MessageQueue.Handler.csproj" (target "CollectPackageReferences" depends on it):
   3:3>Done building target "_CheckForObsoleteDotNetCliToolReferences" in project "Entegrasyon.MessageQueue.Handler.csproj".
   5:4>ProcessFrameworkReferences:
         Selected Microsoft.NETCore.App with RIDs 'linux-arm;linux-arm64;linux-musl-arm64;linux-musl-x64;linux-x64;osx-x64;tizen.4.0.0-armel;tizen.5.0.0-armel;win-arm64;win-x64;win-x86;linux-musl-arm;osx-arm64;linux-s390x;linux-loongarch64;linux-bionic-arm;linux-bionic-arm64;linux-bionic-x64;linux-bionic-x86;linux-ppc64le;freebsd-x64;freebsd-arm64'
         Selected targeting pack 'Microsoft.NETCore.App@8.0.22'
         Added runtime framework 'Microsoft.NETCore.App@8.0.0'
         Ignoring framework reference to Microsoft.WindowsDesktop.App as it is Windows-only and the current platform is not Windows.
   3:3>Target "CollectPackageReferences" in file "/usr/lib64/dotnet/sdk/10.0.101/NuGet.targets" from project "/home/baturhan/Projeler/Entegrasyon/Application/Entegrasyon.MessageQueue/Entegrasyon.MessageQueue.Handler.csproj" (target "_GetRestoreProjectStyle" depends on it):
   3:3>Using "CheckForDuplicateNuGetItemsTask" task from assembly "/usr/lib64/dotnet/sdk/10.0.101/NuGet.Build.Tasks.dll".
   5:4>ProcessFrameworkReferences:
         Ignoring framework reference to Microsoft.WindowsDesktop.App.WPF as it is Windows-only and the current platform is not Windows.
         Ignoring framework reference to Microsoft.WindowsDesktop.App.WindowsForms as it is Windows-only and the current platform is not Windows.
   3:3>Task "CheckForDuplicateNuGetItemsTask"
       Done executing task "CheckForDuplicateNuGetItemsTask".
   3:3>Done building target "CollectPackageReferences" in project "Entegrasyon.MessageQueue.Handler.csproj".
   5:4>ProcessFrameworkReferences:
         Selected Microsoft.AspNetCore.App with RIDs 'win-x64;win-x86;osx-x64;linux-musl-x64;linux-musl-arm64;linux-x64;linux-arm;linux-arm64;linux-musl-arm;win-arm64;osx-arm64;linux-s390x;linux-loongarch64;linux-ppc64le;freebsd-x64;freebsd-arm64'
   3:3>Target "_GetRestoreProjectStyle" in file "/usr/lib64/dotnet/sdk/10.0.101/NuGet.targets" from project "/home/baturhan/Projeler/Entegrasyon/Application/Entegrasyon.MessageQueue/Entegrasyon.MessageQueue.Handler.csproj" (target "_GenerateRestoreSpecs" depends on it):
   3:3>Using "GetRestoreProjectStyleTask" task from assembly "/usr/lib64/dotnet/sdk/10.0.101/NuGet.Build.Tasks.dll".
   5:4>ProcessFrameworkReferences:
         Selected targeting pack 'Microsoft.AspNetCore.App@8.0.22'
   2:5>Done executing task "CheckIfPackageReferenceShouldBeFrameworkReference".
   3:3>Task "GetRestoreProjectStyleTask"
   5:4>ProcessFrameworkReferences:
         Added runtime framework 'Microsoft.AspNetCore.App@8.0.0'
   3:3>Done executing task "GetRestoreProjectStyleTask".
   3:3>Done building target "_GetRestoreProjectStyle" in project "Entegrasyon.MessageQueue.Handler.csproj".
   2:5>Task "CheckIfPackageReferenceShouldBeFrameworkReference"
   4:3>ProcessFrameworkReferences:
         Found 1 known framework references for target framework .NETCoreApp
   5:4>Done executing task "ProcessFrameworkReferences".
   4:3>ProcessFrameworkReferences:
         Found 5 known runtime packs for target framework .NETCoreApp
   3:3>Target "_GenerateRestoreSpecs" in file "/usr/lib64/dotnet/sdk/10.0.101/NuGet.targets" from project "/home/baturhan/Projeler/Entegrasyon/Application/Entegrasyon.MessageQueue/Entegrasyon.MessageQueue.Handler.csproj" (target "_GenerateRestoreGraphProjectEntry" depends on it):
   3:3>Using "Message" task from assembly "Microsoft.Build.Tasks.Core, Version=15.1.0.0, Culture=neutral, PublicKeyToken=b03f5f7f11d50a3a".
   4:3>ProcessFrameworkReferences:
         Selected Microsoft.NETCore.App with RIDs 'linux-arm;linux-arm64;linux-musl-arm64;linux-musl-x64;linux-x64;osx-x64;tizen.4.0.0-armel;tizen.5.0.0-armel;win-arm64;win-x64;win-x86;linux-musl-arm;osx-arm64;linux-s390x;linux-loongarch64;linux-bionic-arm;linux-bionic-arm64;linux-bionic-x64;linux-bionic-x86;linux-ppc64le;freebsd-x64;freebsd-arm64'
   3:3>Task "Message"
         Restore entry point /home/baturhan/Projeler/Entegrasyon/Application/Entegrasyon.MessageQueue/Entegrasyon.MessageQueue.Handler.csproj
       Done executing task "Message".
   5:4>ProcessFrameworkReferences:
       Using "ResolveAppHosts" task from assembly "/usr/lib64/dotnet/sdk/10.0.101/Sdks/Microsoft.NET.Sdk/targets/../tools/net10.0/Microsoft.NET.Build.Tasks.dll".
       Task "ResolveAppHosts"
   3:3>Done building target "_GenerateRestoreSpecs" in project "Entegrasyon.MessageQueue.Handler.csproj".
   4:3>ProcessFrameworkReferences:
         Selected targeting pack 'Microsoft.NETCore.App@8.0.22'
   3:3>Target "_GetRestoreSettingsOverrides" in file "/usr/lib64/dotnet/sdk/10.0.101/NuGet.targets" from project "/home/baturhan/Projeler/Entegrasyon/Application/Entegrasyon.MessageQueue/Entegrasyon.MessageQueue.Handler.csproj" (target "_GetRestoreSettings" depends on it):
   3:3>Done building target "_GetRestoreSettingsOverrides" in project "Entegrasyon.MessageQueue.Handler.csproj".
   4:3>ProcessFrameworkReferences:
         Added runtime framework 'Microsoft.NETCore.App@8.0.0'
         Ignoring framework reference to Microsoft.WindowsDesktop.App as it is Windows-only and the current platform is not Windows.
         Ignoring framework reference to Microsoft.WindowsDesktop.App.WPF as it is Windows-only and the current platform is not Windows.
         Ignoring framework reference to Microsoft.WindowsDesktop.App.WindowsForms as it is Windows-only and the current platform is not Windows.
         Selected Microsoft.AspNetCore.App with RIDs 'win-x64;win-x86;osx-x64;linux-musl-x64;linux-musl-arm64;linux-x64;linux-arm;linux-arm64;linux-musl-arm;win-arm64;osx-arm64;linux-s390x;linux-loongarch64;linux-ppc64le;freebsd-x64;freebsd-arm64'
   3:3>Target "_GetRestoreSettingsPerFramework" in file "/usr/lib64/dotnet/sdk/10.0.101/NuGet.targets" from project "/home/baturhan/Projeler/Entegrasyon/Application/Entegrasyon.MessageQueue/Entegrasyon.MessageQueue.Handler.csproj" (target "_GetRestoreSettingsCurrentProject" depends on it):
   3:3>Done building target "_GetRestoreSettingsPerFramework" in project "Entegrasyon.MessageQueue.Handler.csproj".
   4:3>ProcessFrameworkReferences:
         Selected targeting pack 'Microsoft.AspNetCore.App@8.0.22'
   3:3>Target "_GetRestoreSettingsCurrentProject" in file "/usr/lib64/dotnet/sdk/10.0.101/NuGet.targets" from project "/home/baturhan/Projeler/Entegrasyon/Application/Entegrasyon.MessageQueue/Entegrasyon.MessageQueue.Handler.csproj" (target "_GetRestoreSettings" depends on it):
   3:3>Done building target "_GetRestoreSettingsCurrentProject" in project "Entegrasyon.MessageQueue.Handler.csproj".
   6:5>ProcessFrameworkReferences:
         Found 1 known framework references for target framework .NETCoreApp
   4:3>ProcessFrameworkReferences:
         Added runtime framework 'Microsoft.AspNetCore.App@8.0.0'
   6:5>ProcessFrameworkReferences:
         Found 5 known runtime packs for target framework .NETCoreApp
   3:3>Target "_GetRestoreSettings" in file "/usr/lib64/dotnet/sdk/10.0.101/NuGet.targets" from project "/home/baturhan/Projeler/Entegrasyon/Application/Entegrasyon.MessageQueue/Entegrasyon.MessageQueue.Handler.csproj" (target "_GenerateDotnetCliToolReferenceSpecs" depends on it):
   3:3>Using "GetRestoreSettingsTask" task from assembly "/usr/lib64/dotnet/sdk/10.0.101/NuGet.Build.Tasks.dll".
   6:5>ProcessFrameworkReferences:
         Selected Microsoft.NETCore.App with RIDs 'linux-arm;linux-arm64;linux-musl-arm64;linux-musl-x64;linux-x64;osx-x64;tizen.4.0.0-armel;tizen.5.0.0-armel;win-arm64;win-x64;win-x86;linux-musl-arm;osx-arm64;linux-s390x;linux-loongarch64;linux-bionic-arm;linux-bionic-arm64;linux-bionic-x64;linux-bionic-x86;linux-ppc64le;freebsd-x64;freebsd-arm64'
   3:3>Task "GetRestoreSettingsTask"
   4:3>Done executing task "ProcessFrameworkReferences".
   5:4>Done executing task "ResolveAppHosts".
   6:5>ProcessFrameworkReferences:
         Selected targeting pack 'Microsoft.NETCore.App@8.0.22'
         Added runtime framework 'Microsoft.NETCore.App@8.0.0'
         Ignoring framework reference to Microsoft.WindowsDesktop.App as it is Windows-only and the current platform is not Windows.
   5:4>Done building target "ProcessFrameworkReferences" in project "Entegrasyon.MessageQueue.Commands.csproj".
   6:5>ProcessFrameworkReferences:
         Ignoring framework reference to Microsoft.WindowsDesktop.App.WPF as it is Windows-only and the current platform is not Windows.
         Ignoring framework reference to Microsoft.WindowsDesktop.App.WindowsForms as it is Windows-only and the current platform is not Windows.
   5:4>Target "_CheckForObsoleteDotNetCliToolReferences" in file "/usr/lib64/dotnet/sdk/10.0.101/Sdks/Microsoft.NET.Sdk/targets/Microsoft.NET.ObsoleteReferences.targets" from project "/home/baturhan/Projeler/Entegrasyon/Application/Entegrasyon.MessageQueue.Commands/Entegrasyon.MessageQueue.Commands.csproj" (target "CollectPackageReferences" depends on it):
   5:4>Done building target "_CheckForObsoleteDotNetCliToolReferences" in project "Entegrasyon.MessageQueue.Commands.csproj".
   6:5>ProcessFrameworkReferences:
         Selected Microsoft.AspNetCore.App with RIDs 'win-x64;win-x86;osx-x64;linux-musl-x64;linux-musl-arm64;linux-x64;linux-arm;linux-arm64;linux-musl-arm;win-arm64;osx-arm64;linux-s390x;linux-loongarch64;linux-ppc64le;freebsd-x64;freebsd-arm64'
         Selected targeting pack 'Microsoft.AspNetCore.App@8.0.22'
   4:3>ProcessFrameworkReferences:
       Using "ResolveAppHosts" task from assembly "/usr/lib64/dotnet/sdk/10.0.101/Sdks/Microsoft.NET.Sdk/targets/../tools/net10.0/Microsoft.NET.Build.Tasks.dll".
   2:5>Done executing task "CheckIfPackageReferenceShouldBeFrameworkReference".
   6:5>ProcessFrameworkReferences:
         Added runtime framework 'Microsoft.AspNetCore.App@8.0.0'
   4:3>Task "ResolveAppHosts"
   2:5>Done building target "UpdateAspNetToFrameworkReference" in project "Entegrasyon.Business.csproj".
   6:5>Done executing task "ProcessFrameworkReferences".
   5:4>Target "CollectPackageReferences" in file "/usr/lib64/dotnet/sdk/10.0.101/NuGet.targets" from project "/home/baturhan/Projeler/Entegrasyon/Application/Entegrasyon.MessageQueue.Commands/Entegrasyon.MessageQueue.Commands.csproj" (target "_GetRestoreProjectStyle" depends on it):
   5:4>Using "CheckForDuplicateNuGetItemsTask" task from assembly "/usr/lib64/dotnet/sdk/10.0.101/NuGet.Build.Tasks.dll".
       Task "CheckForDuplicateNuGetItemsTask"
   4:3>Done executing task "ResolveAppHosts".
   6:5>ProcessFrameworkReferences:
       Using "ResolveAppHosts" task from assembly "/usr/lib64/dotnet/sdk/10.0.101/Sdks/Microsoft.NET.Sdk/targets/../tools/net10.0/Microsoft.NET.Build.Tasks.dll".
   3:3>Done executing task "GetRestoreSettingsTask".
   2:5>Target "CheckForImplicitPackageReferenceOverrides" in file "/usr/lib64/dotnet/sdk/10.0.101/Sdks/Microsoft.NET.Sdk/targets/Microsoft.NET.Sdk.DefaultItems.Shared.targets" from project "/home/baturhan/Projeler/Entegrasyon/Application/Entegrasyon.Business/Entegrasyon.Business.csproj" (target "ApplyImplicitVersions" depends on it):
   2:5>Using "CheckForImplicitPackageReferenceOverrides" task from assembly "/usr/lib64/dotnet/sdk/10.0.101/Sdks/Microsoft.NET.Sdk/targets/../tools/net10.0/Microsoft.NET.Build.Tasks.dll".
       Task "CheckForImplicitPackageReferenceOverrides"
   6:5>Task "ResolveAppHosts"
   3:3>Done building target "_GetRestoreSettings" in project "Entegrasyon.MessageQueue.Handler.csproj".
   4:3>Done building target "ProcessFrameworkReferences" in project "Entegrasyon.ApplicationBootstrap.csproj".
   4:3>Target "_CheckForObsoleteDotNetCliToolReferences" in file "/usr/lib64/dotnet/sdk/10.0.101/Sdks/Microsoft.NET.Sdk/targets/Microsoft.NET.ObsoleteReferences.targets" from project "/home/baturhan/Projeler/Entegrasyon/Application/Entegrasyon.ApplicationBootstrap/Entegrasyon.ApplicationBootstrap.csproj" (target "CollectPackageReferences" depends on it):
   4:3>Done building target "_CheckForObsoleteDotNetCliToolReferences" in project "Entegrasyon.ApplicationBootstrap.csproj".
   3:3>Target "_GenerateDotnetCliToolReferenceSpecs" in file "/usr/lib64/dotnet/sdk/10.0.101/NuGet.targets" from project "/home/baturhan/Projeler/Entegrasyon/Application/Entegrasyon.MessageQueue/Entegrasyon.MessageQueue.Handler.csproj" (target "_GenerateRestoreGraphProjectEntry" depends on it):
   3:3>Using "GetRestoreDotnetCliToolsTask" task from assembly "/usr/lib64/dotnet/sdk/10.0.101/NuGet.Build.Tasks.dll".
   5:4>Done executing task "CheckForDuplicateNuGetItemsTask".
   3:3>Task "GetRestoreDotnetCliToolsTask"
   5:4>Done building target "CollectPackageReferences" in project "Entegrasyon.MessageQueue.Commands.csproj".
   3:3>Done executing task "GetRestoreDotnetCliToolsTask".
   3:3>Done building target "_GenerateDotnetCliToolReferenceSpecs" in project "Entegrasyon.MessageQueue.Handler.csproj".
   4:3>Target "CollectPackageReferences" in file "/usr/lib64/dotnet/sdk/10.0.101/NuGet.targets" from project "/home/baturhan/Projeler/Entegrasyon/Application/Entegrasyon.ApplicationBootstrap/Entegrasyon.ApplicationBootstrap.csproj" (target "_GetRestoreProjectStyle" depends on it):
   4:3>Using "CheckForDuplicateNuGetItemsTask" task from assembly "/usr/lib64/dotnet/sdk/10.0.101/NuGet.Build.Tasks.dll".
       Task "CheckForDuplicateNuGetItemsTask"
   3:3>Target "_GenerateRestoreGraphProjectEntry" in file "/usr/lib64/dotnet/sdk/10.0.101/NuGet.targets" from project "/home/baturhan/Projeler/Entegrasyon/Application/Entegrasyon.MessageQueue/Entegrasyon.MessageQueue.Handler.csproj" (entry point):
   3:3>Done building target "_GenerateRestoreGraphProjectEntry" in project "Entegrasyon.MessageQueue.Handler.csproj".
   6:5>Done executing task "ResolveAppHosts".
   5:4>Target "_GetRestoreProjectStyle" in file "/usr/lib64/dotnet/sdk/10.0.101/NuGet.targets" from project "/home/baturhan/Projeler/Entegrasyon/Application/Entegrasyon.MessageQueue.Commands/Entegrasyon.MessageQueue.Commands.csproj" (target "_GenerateRestoreSpecs" depends on it):
   5:4>Using "GetRestoreProjectStyleTask" task from assembly "/usr/lib64/dotnet/sdk/10.0.101/NuGet.Build.Tasks.dll".
   3:3>Done Building Project "/home/baturhan/Projeler/Entegrasyon/Application/Entegrasyon.MessageQueue/Entegrasyon.MessageQueue.Handler.csproj" (_GenerateRestoreGraphProjectEntry target(s)).
   5:4>Task "GetRestoreProjectStyleTask"
   4:3>Done executing task "CheckForDuplicateNuGetItemsTask".
   5:4>Done executing task "GetRestoreProjectStyleTask".
   6:5>Done building target "ProcessFrameworkReferences" in project "Shared.csproj".
   5:4>Done building target "_GetRestoreProjectStyle" in project "Entegrasyon.MessageQueue.Commands.csproj".
   6:5>Target "_CheckForObsoleteDotNetCliToolReferences" in file "/usr/lib64/dotnet/sdk/10.0.101/Sdks/Microsoft.NET.Sdk/targets/Microsoft.NET.ObsoleteReferences.targets" from project "/home/baturhan/Projeler/Entegrasyon/Shared/Shared/Shared.csproj" (target "CollectPackageReferences" depends on it):
   6:5>Done building target "_CheckForObsoleteDotNetCliToolReferences" in project "Shared.csproj".
   4:3>Done building target "CollectPackageReferences" in project "Entegrasyon.ApplicationBootstrap.csproj".
   5:4>Target "_GenerateRestoreSpecs" in file "/usr/lib64/dotnet/sdk/10.0.101/NuGet.targets" from project "/home/baturhan/Projeler/Entegrasyon/Application/Entegrasyon.MessageQueue.Commands/Entegrasyon.MessageQueue.Commands.csproj" (target "_GenerateRestoreGraphProjectEntry" depends on it):
   5:4>Using "Message" task from assembly "Microsoft.Build.Tasks.Core, Version=15.1.0.0, Culture=neutral, PublicKeyToken=b03f5f7f11d50a3a".
       Task "Message"
   6:5>Target "CollectPackageReferences" in file "/usr/lib64/dotnet/sdk/10.0.101/NuGet.targets" from project "/home/baturhan/Projeler/Entegrasyon/Shared/Shared/Shared.csproj" (target "_GetRestoreProjectStyle" depends on it):
   6:5>Using "CheckForDuplicateNuGetItemsTask" task from assembly "/usr/lib64/dotnet/sdk/10.0.101/NuGet.Build.Tasks.dll".
   4:3>Target "_GetRestoreProjectStyle" in file "/usr/lib64/dotnet/sdk/10.0.101/NuGet.targets" from project "/home/baturhan/Projeler/Entegrasyon/Application/Entegrasyon.ApplicationBootstrap/Entegrasyon.ApplicationBootstrap.csproj" (target "_GenerateRestoreSpecs" depends on it):
   4:3>Using "GetRestoreProjectStyleTask" task from assembly "/usr/lib64/dotnet/sdk/10.0.101/NuGet.Build.Tasks.dll".
   6:5>Task "CheckForDuplicateNuGetItemsTask"
   4:3>Task "GetRestoreProjectStyleTask"
   5:4>_GenerateRestoreSpecs:
         Restore entry point /home/baturhan/Projeler/Entegrasyon/Application/Entegrasyon.MessageQueue.Commands/Entegrasyon.MessageQueue.Commands.csproj
       Done executing task "Message".
   5:4>Done building target "_GenerateRestoreSpecs" in project "Entegrasyon.MessageQueue.Commands.csproj".
   4:3>Done executing task "GetRestoreProjectStyleTask".
   4:3>Done building target "_GetRestoreProjectStyle" in project "Entegrasyon.ApplicationBootstrap.csproj".
   6:5>Done executing task "CheckForDuplicateNuGetItemsTask".
   6:5>Done building target "CollectPackageReferences" in project "Shared.csproj".
   5:4>Target "_GetRestoreSettingsOverrides" in file "/usr/lib64/dotnet/sdk/10.0.101/NuGet.targets" from project "/home/baturhan/Projeler/Entegrasyon/Application/Entegrasyon.MessageQueue.Commands/Entegrasyon.MessageQueue.Commands.csproj" (target "_GetRestoreSettings" depends on it):
   5:4>Done building target "_GetRestoreSettingsOverrides" in project "Entegrasyon.MessageQueue.Commands.csproj".
   5:4>Target "_GetRestoreSettingsPerFramework" in file "/usr/lib64/dotnet/sdk/10.0.101/NuGet.targets" from project "/home/baturhan/Projeler/Entegrasyon/Application/Entegrasyon.MessageQueue.Commands/Entegrasyon.MessageQueue.Commands.csproj" (target "_GetRestoreSettingsCurrentProject" depends on it):
   5:4>Done building target "_GetRestoreSettingsPerFramework" in project "Entegrasyon.MessageQueue.Commands.csproj".
   4:3>Target "_GenerateRestoreSpecs" in file "/usr/lib64/dotnet/sdk/10.0.101/NuGet.targets" from project "/home/baturhan/Projeler/Entegrasyon/Application/Entegrasyon.ApplicationBootstrap/Entegrasyon.ApplicationBootstrap.csproj" (target "_GenerateRestoreGraphProjectEntry" depends on it):
   4:3>Using "Message" task from assembly "Microsoft.Build.Tasks.Core, Version=15.1.0.0, Culture=neutral, PublicKeyToken=b03f5f7f11d50a3a".
   5:4>Target "_GetRestoreSettingsCurrentProject" in file "/usr/lib64/dotnet/sdk/10.0.101/NuGet.targets" from project "/home/baturhan/Projeler/Entegrasyon/Application/Entegrasyon.MessageQueue.Commands/Entegrasyon.MessageQueue.Commands.csproj" (target "_GetRestoreSettings" depends on it):
   5:4>Done building target "_GetRestoreSettingsCurrentProject" in project "Entegrasyon.MessageQueue.Commands.csproj".
   4:3>Task "Message"
   6:5>Target "_GetRestoreProjectStyle" in file "/usr/lib64/dotnet/sdk/10.0.101/NuGet.targets" from project "/home/baturhan/Projeler/Entegrasyon/Shared/Shared/Shared.csproj" (target "_GenerateRestoreSpecs" depends on it):
   6:5>Using "GetRestoreProjectStyleTask" task from assembly "/usr/lib64/dotnet/sdk/10.0.101/NuGet.Build.Tasks.dll".
       Task "GetRestoreProjectStyleTask"
   5:4>Target "_GetRestoreSettings" in file "/usr/lib64/dotnet/sdk/10.0.101/NuGet.targets" from project "/home/baturhan/Projeler/Entegrasyon/Application/Entegrasyon.MessageQueue.Commands/Entegrasyon.MessageQueue.Commands.csproj" (target "_GenerateDotnetCliToolReferenceSpecs" depends on it):
   5:4>Using "GetRestoreSettingsTask" task from assembly "/usr/lib64/dotnet/sdk/10.0.101/NuGet.Build.Tasks.dll".
       Task "GetRestoreSettingsTask"
   4:3>_GenerateRestoreSpecs:
         Restore entry point /home/baturhan/Projeler/Entegrasyon/Application/Entegrasyon.ApplicationBootstrap/Entegrasyon.ApplicationBootstrap.csproj
   6:5>Done executing task "GetRestoreProjectStyleTask".
   6:5>Done building target "_GetRestoreProjectStyle" in project "Shared.csproj".
   4:3>Done executing task "Message".
   4:3>Done building target "_GenerateRestoreSpecs" in project "Entegrasyon.ApplicationBootstrap.csproj".
   4:3>Target "_GetRestoreSettingsOverrides" in file "/usr/lib64/dotnet/sdk/10.0.101/NuGet.targets" from project "/home/baturhan/Projeler/Entegrasyon/Application/Entegrasyon.ApplicationBootstrap/Entegrasyon.ApplicationBootstrap.csproj" (target "_GetRestoreSettings" depends on it):
   4:3>Done building target "_GetRestoreSettingsOverrides" in project "Entegrasyon.ApplicationBootstrap.csproj".
   6:5>Target "_GenerateRestoreSpecs" in file "/usr/lib64/dotnet/sdk/10.0.101/NuGet.targets" from project "/home/baturhan/Projeler/Entegrasyon/Shared/Shared/Shared.csproj" (target "_GenerateRestoreGraphProjectEntry" depends on it):
   6:5>Using "Message" task from assembly "Microsoft.Build.Tasks.Core, Version=15.1.0.0, Culture=neutral, PublicKeyToken=b03f5f7f11d50a3a".
       Task "Message"
   4:3>Target "_GetRestoreSettingsPerFramework" in file "/usr/lib64/dotnet/sdk/10.0.101/NuGet.targets" from project "/home/baturhan/Projeler/Entegrasyon/Application/Entegrasyon.ApplicationBootstrap/Entegrasyon.ApplicationBootstrap.csproj" (target "_GetRestoreSettingsCurrentProject" depends on it):
   4:3>Done building target "_GetRestoreSettingsPerFramework" in project "Entegrasyon.ApplicationBootstrap.csproj".
   6:5>_GenerateRestoreSpecs:
         Restore entry point /home/baturhan/Projeler/Entegrasyon/Shared/Shared/Shared.csproj
   4:3>Target "_GetRestoreSettingsCurrentProject" in file "/usr/lib64/dotnet/sdk/10.0.101/NuGet.targets" from project "/home/baturhan/Projeler/Entegrasyon/Application/Entegrasyon.ApplicationBootstrap/Entegrasyon.ApplicationBootstrap.csproj" (target "_GetRestoreSettings" depends on it):
   4:3>Done building target "_GetRestoreSettingsCurrentProject" in project "Entegrasyon.ApplicationBootstrap.csproj".
   6:5>Done executing task "Message".
   2:5>Done executing task "CheckForImplicitPackageReferenceOverrides".
   4:3>Target "_GetRestoreSettings" in file "/usr/lib64/dotnet/sdk/10.0.101/NuGet.targets" from project "/home/baturhan/Projeler/Entegrasyon/Application/Entegrasyon.ApplicationBootstrap/Entegrasyon.ApplicationBootstrap.csproj" (target "_GenerateDotnetCliToolReferenceSpecs" depends on it):
   4:3>Using "GetRestoreSettingsTask" task from assembly "/usr/lib64/dotnet/sdk/10.0.101/NuGet.Build.Tasks.dll".
   6:5>Done building target "_GenerateRestoreSpecs" in project "Shared.csproj".
   4:3>Task "GetRestoreSettingsTask"
   2:5>Done building target "CheckForImplicitPackageReferenceOverrides" in project "Entegrasyon.Business.csproj".
   6:5>Target "_GetRestoreSettingsOverrides" in file "/usr/lib64/dotnet/sdk/10.0.101/NuGet.targets" from project "/home/baturhan/Projeler/Entegrasyon/Shared/Shared/Shared.csproj" (target "_GetRestoreSettings" depends on it):
   6:5>Done building target "_GetRestoreSettingsOverrides" in project "Shared.csproj".
   6:5>Target "_GetRestoreSettingsPerFramework" in file "/usr/lib64/dotnet/sdk/10.0.101/NuGet.targets" from project "/home/baturhan/Projeler/Entegrasyon/Shared/Shared/Shared.csproj" (target "_GetRestoreSettingsCurrentProject" depends on it):
   6:5>Done building target "_GetRestoreSettingsPerFramework" in project "Shared.csproj".
   6:5>Target "_GetRestoreSettingsCurrentProject" in file "/usr/lib64/dotnet/sdk/10.0.101/NuGet.targets" from project "/home/baturhan/Projeler/Entegrasyon/Shared/Shared/Shared.csproj" (target "_GetRestoreSettings" depends on it):
   6:5>Done building target "_GetRestoreSettingsCurrentProject" in project "Shared.csproj".
   6:5>Target "_GetRestoreSettings" in file "/usr/lib64/dotnet/sdk/10.0.101/NuGet.targets" from project "/home/baturhan/Projeler/Entegrasyon/Shared/Shared/Shared.csproj" (target "_GenerateDotnetCliToolReferenceSpecs" depends on it):
       Using "GetRestoreSettingsTask" task from assembly "/usr/lib64/dotnet/sdk/10.0.101/NuGet.Build.Tasks.dll".
       Task "GetRestoreSettingsTask"
   2:5>Target "ApplyImplicitVersions" in file "/usr/lib64/dotnet/sdk/10.0.101/Sdks/Microsoft.NET.Sdk/targets/Microsoft.NET.Sdk.DefaultItems.Shared.targets" from project "/home/baturhan/Projeler/Entegrasyon/Application/Entegrasyon.Business/Entegrasyon.Business.csproj" (target "CollectPackageReferences" depends on it):
   2:5>Using "ApplyImplicitVersions" task from assembly "/usr/lib64/dotnet/sdk/10.0.101/Sdks/Microsoft.NET.Sdk/targets/../tools/net10.0/Microsoft.NET.Build.Tasks.dll".
       Task "ApplyImplicitVersions"
   5:4>Done executing task "GetRestoreSettingsTask".
   5:4>Done building target "_GetRestoreSettings" in project "Entegrasyon.MessageQueue.Commands.csproj".
   5:4>Target "_GenerateDotnetCliToolReferenceSpecs" in file "/usr/lib64/dotnet/sdk/10.0.101/NuGet.targets" from project "/home/baturhan/Projeler/Entegrasyon/Application/Entegrasyon.MessageQueue.Commands/Entegrasyon.MessageQueue.Commands.csproj" (target "_GenerateRestoreGraphProjectEntry" depends on it):
       Using "GetRestoreDotnetCliToolsTask" task from assembly "/usr/lib64/dotnet/sdk/10.0.101/NuGet.Build.Tasks.dll".
       Task "GetRestoreDotnetCliToolsTask"
   4:3>Done executing task "GetRestoreSettingsTask".
   4:3>Done building target "_GetRestoreSettings" in project "Entegrasyon.ApplicationBootstrap.csproj".
   5:4>Done executing task "GetRestoreDotnetCliToolsTask".
   5:4>Done building target "_GenerateDotnetCliToolReferenceSpecs" in project "Entegrasyon.MessageQueue.Commands.csproj".
   5:4>Target "_GenerateRestoreGraphProjectEntry" in file "/usr/lib64/dotnet/sdk/10.0.101/NuGet.targets" from project "/home/baturhan/Projeler/Entegrasyon/Application/Entegrasyon.MessageQueue.Commands/Entegrasyon.MessageQueue.Commands.csproj" (entry point):
   5:4>Done building target "_GenerateRestoreGraphProjectEntry" in project "Entegrasyon.MessageQueue.Commands.csproj".
   4:3>Target "_GenerateDotnetCliToolReferenceSpecs" in file "/usr/lib64/dotnet/sdk/10.0.101/NuGet.targets" from project "/home/baturhan/Projeler/Entegrasyon/Application/Entegrasyon.ApplicationBootstrap/Entegrasyon.ApplicationBootstrap.csproj" (target "_GenerateRestoreGraphProjectEntry" depends on it):
   4:3>Using "GetRestoreDotnetCliToolsTask" task from assembly "/usr/lib64/dotnet/sdk/10.0.101/NuGet.Build.Tasks.dll".
       Task "GetRestoreDotnetCliToolsTask"
   5:4>Done Building Project "/home/baturhan/Projeler/Entegrasyon/Application/Entegrasyon.MessageQueue.Commands/Entegrasyon.MessageQueue.Commands.csproj" (_GenerateRestoreGraphProjectEntry target(s)).
   2:5>Done executing task "ApplyImplicitVersions".
   6:5>Done executing task "GetRestoreSettingsTask".
   6:5>Done building target "_GetRestoreSettings" in project "Shared.csproj".
   4:3>Done executing task "GetRestoreDotnetCliToolsTask".
   4:3>Done building target "_GenerateDotnetCliToolReferenceSpecs" in project "Entegrasyon.ApplicationBootstrap.csproj".
   4:3>Target "_GenerateRestoreGraphProjectEntry" in file "/usr/lib64/dotnet/sdk/10.0.101/NuGet.targets" from project "/home/baturhan/Projeler/Entegrasyon/Application/Entegrasyon.ApplicationBootstrap/Entegrasyon.ApplicationBootstrap.csproj" (entry point):
   4:3>Done building target "_GenerateRestoreGraphProjectEntry" in project "Entegrasyon.ApplicationBootstrap.csproj".
   4:3>Done Building Project "/home/baturhan/Projeler/Entegrasyon/Application/Entegrasyon.ApplicationBootstrap/Entegrasyon.ApplicationBootstrap.csproj" (_GenerateRestoreGraphProjectEntry target(s)).
   6:5>Target "_GenerateDotnetCliToolReferenceSpecs" in file "/usr/lib64/dotnet/sdk/10.0.101/NuGet.targets" from project "/home/baturhan/Projeler/Entegrasyon/Shared/Shared/Shared.csproj" (target "_GenerateRestoreGraphProjectEntry" depends on it):
   6:5>Using "GetRestoreDotnetCliToolsTask" task from assembly "/usr/lib64/dotnet/sdk/10.0.101/NuGet.Build.Tasks.dll".
       Task "GetRestoreDotnetCliToolsTask"
   2:5>Done building target "ApplyImplicitVersions" in project "Entegrasyon.Business.csproj".
       Target "CheckForImplicitPackageReferenceOverrides" skipped. Previously built successfully.
   6:5>Done executing task "GetRestoreDotnetCliToolsTask".
   6:5>Done building target "_GenerateDotnetCliToolReferenceSpecs" in project "Shared.csproj".
   6:5>Target "_GenerateRestoreGraphProjectEntry" in file "/usr/lib64/dotnet/sdk/10.0.101/NuGet.targets" from project "/home/baturhan/Projeler/Entegrasyon/Shared/Shared/Shared.csproj" (entry point):
   6:5>Done building target "_GenerateRestoreGraphProjectEntry" in project "Shared.csproj".
   6:5>Done Building Project "/home/baturhan/Projeler/Entegrasyon/Shared/Shared/Shared.csproj" (_GenerateRestoreGraphProjectEntry target(s)).
   2:5>Target "_CheckForLanguageAndFeatureCombinationSupport" in file "/usr/lib64/dotnet/sdk/10.0.101/Sdks/Microsoft.NET.Sdk/targets/Microsoft.NET.RuntimeIdentifierInference.targets" from project "/home/baturhan/Projeler/Entegrasyon/Application/Entegrasyon.Business/Entegrasyon.Business.csproj" (target "ProcessFrameworkReferences" depends on it):
   2:5>Done building target "_CheckForLanguageAndFeatureCombinationSupport" in project "Entegrasyon.Business.csproj".
     1>Project "/home/baturhan/Projeler/Entegrasyon/Application/Entegrasyon.Blazor/Entegrasyon.Blazor.csproj" (1) is building "/home/baturhan/Projeler/Entegrasyon/Application/Entegrasyon.Entity/Entegrasyon.Entity.csproj" (8:4) on node 3 (_GenerateRestoreGraphProjectEntry target(s)).
   8:4>Target "_CheckForUnsupportedNETCoreVersion" in file "/usr/lib64/dotnet/sdk/10.0.101/Sdks/Microsoft.NET.Sdk/targets/Microsoft.NET.TargetFrameworkInference.targets" from project "/home/baturhan/Projeler/Entegrasyon/Application/Entegrasyon.Entity/Entegrasyon.Entity.csproj" (target "CollectPackageReferences" depends on it):
   8:4>Done building target "_CheckForUnsupportedNETCoreVersion" in project "Entegrasyon.Entity.csproj".
   8:4>Target "_CheckForUnsupportedCppNETCoreVersion" in file "/usr/lib64/dotnet/sdk/10.0.101/Sdks/Microsoft.NET.Sdk/targets/Microsoft.NET.TargetFrameworkInference.targets" from project "/home/baturhan/Projeler/Entegrasyon/Application/Entegrasyon.Entity/Entegrasyon.Entity.csproj" (target "CollectPackageReferences" depends on it):
   8:4>Done building target "_CheckForUnsupportedCppNETCoreVersion" in project "Entegrasyon.Entity.csproj".
   8:4>Target "UpdateAspNetToFrameworkReference" in file "/usr/lib64/dotnet/sdk/10.0.101/Sdks/Microsoft.NET.Sdk/targets/Microsoft.NET.Sdk.DefaultItems.Shared.targets" from project "/home/baturhan/Projeler/Entegrasyon/Application/Entegrasyon.Entity/Entegrasyon.Entity.csproj" (target "ApplyImplicitVersions" depends on it):
       Using "CheckIfPackageReferenceShouldBeFrameworkReference" task from assembly "/usr/lib64/dotnet/sdk/10.0.101/Sdks/Microsoft.NET.Sdk/targets/../tools/net10.0/Microsoft.NET.Build.Tasks.dll".
       Task "CheckIfPackageReferenceShouldBeFrameworkReference"
       Done executing task "CheckIfPackageReferenceShouldBeFrameworkReference".
       Task "CheckIfPackageReferenceShouldBeFrameworkReference"
       Done executing task "CheckIfPackageReferenceShouldBeFrameworkReference".
   8:4>Done building target "UpdateAspNetToFrameworkReference" in project "Entegrasyon.Entity.csproj".
   8:4>Target "CheckForImplicitPackageReferenceOverrides" in file "/usr/lib64/dotnet/sdk/10.0.101/Sdks/Microsoft.NET.Sdk/targets/Microsoft.NET.Sdk.DefaultItems.Shared.targets" from project "/home/baturhan/Projeler/Entegrasyon/Application/Entegrasyon.Entity/Entegrasyon.Entity.csproj" (target "ApplyImplicitVersions" depends on it):
       Using "CheckForImplicitPackageReferenceOverrides" task from assembly "/usr/lib64/dotnet/sdk/10.0.101/Sdks/Microsoft.NET.Sdk/targets/../tools/net10.0/Microsoft.NET.Build.Tasks.dll".
       Task "CheckForImplicitPackageReferenceOverrides"
       Done executing task "CheckForImplicitPackageReferenceOverrides".
   8:4>Done building target "CheckForImplicitPackageReferenceOverrides" in project "Entegrasyon.Entity.csproj".
   8:4>Target "ApplyImplicitVersions" in file "/usr/lib64/dotnet/sdk/10.0.101/Sdks/Microsoft.NET.Sdk/targets/Microsoft.NET.Sdk.DefaultItems.Shared.targets" from project "/home/baturhan/Projeler/Entegrasyon/Application/Entegrasyon.Entity/Entegrasyon.Entity.csproj" (target "CollectPackageReferences" depends on it):
       Using "ApplyImplicitVersions" task from assembly "/usr/lib64/dotnet/sdk/10.0.101/Sdks/Microsoft.NET.Sdk/targets/../tools/net10.0/Microsoft.NET.Build.Tasks.dll".
       Task "ApplyImplicitVersions"
       Done executing task "ApplyImplicitVersions".
   8:4>Done building target "ApplyImplicitVersions" in project "Entegrasyon.Entity.csproj".
       Target "CheckForImplicitPackageReferenceOverrides" skipped. Previously built successfully.
   8:4>Target "_CheckForLanguageAndFeatureCombinationSupport" in file "/usr/lib64/dotnet/sdk/10.0.101/Sdks/Microsoft.NET.Sdk/targets/Microsoft.NET.RuntimeIdentifierInference.targets" from project "/home/baturhan/Projeler/Entegrasyon/Application/Entegrasyon.Entity/Entegrasyon.Entity.csproj" (target "ProcessFrameworkReferences" depends on it):
   8:4>Done building target "_CheckForLanguageAndFeatureCombinationSupport" in project "Entegrasyon.Entity.csproj".
   8:4>Target "_ComputeToolPackInputsToProcessFrameworkReferences" in file "/usr/lib64/dotnet/sdk/10.0.101/Sdks/Microsoft.NET.Sdk/targets/Microsoft.NET.Publish.targets" from project "/home/baturhan/Projeler/Entegrasyon/Application/Entegrasyon.Entity/Entegrasyon.Entity.csproj" (target "ProcessFrameworkReferences" depends on it):
   8:4>Done building target "_ComputeToolPackInputsToProcessFrameworkReferences" in project "Entegrasyon.Entity.csproj".
   8:4>Target "ProcessFrameworkReferences" in file "/usr/lib64/dotnet/sdk/10.0.101/Sdks/Microsoft.NET.Sdk/targets/Microsoft.NET.Sdk.FrameworkReferenceResolution.targets" from project "/home/baturhan/Projeler/Entegrasyon/Application/Entegrasyon.Entity/Entegrasyon.Entity.csproj" (target "CollectPackageReferences" depends on it):
       Using "CheckForDuplicateFrameworkReferences" task from assembly "/usr/lib64/dotnet/sdk/10.0.101/Sdks/Microsoft.NET.Sdk/targets/../tools/net10.0/Microsoft.NET.Build.Tasks.dll".
       Task "CheckForDuplicateFrameworkReferences"
       Done executing task "CheckForDuplicateFrameworkReferences".
       Using "ProcessFrameworkReferences" task from assembly "/usr/lib64/dotnet/sdk/10.0.101/Sdks/Microsoft.NET.Sdk/targets/../tools/net10.0/Microsoft.NET.Build.Tasks.dll".
       Task "ProcessFrameworkReferences"
         Found 1 known framework references for target framework .NETCoreApp
         Found 5 known runtime packs for target framework .NETCoreApp
         Selected Microsoft.NETCore.App with RIDs 'linux-arm;linux-arm64;linux-musl-arm64;linux-musl-x64;linux-x64;osx-x64;tizen.4.0.0-armel;tizen.5.0.0-armel;win-arm64;win-x64;win-x86;linux-musl-arm;osx-arm64;linux-s390x;linux-loongarch64;linux-bionic-arm;linux-bionic-arm64;linux-bionic-x64;linux-bionic-x86;linux-ppc64le;freebsd-x64;freebsd-arm64'
         Selected targeting pack 'Microsoft.NETCore.App@8.0.22'
         Added runtime framework 'Microsoft.NETCore.App@8.0.0'
         Ignoring framework reference to Microsoft.WindowsDesktop.App as it is Windows-only and the current platform is not Windows.
         Ignoring framework reference to Microsoft.WindowsDesktop.App.WPF as it is Windows-only and the current platform is not Windows.
         Ignoring framework reference to Microsoft.WindowsDesktop.App.WindowsForms as it is Windows-only and the current platform is not Windows.
         Selected Microsoft.AspNetCore.App with RIDs 'win-x64;win-x86;osx-x64;linux-musl-x64;linux-musl-arm64;linux-x64;linux-arm;linux-arm64;linux-musl-arm;win-arm64;osx-arm64;linux-s390x;linux-loongarch64;linux-ppc64le;freebsd-x64;freebsd-arm64'
         Selected targeting pack 'Microsoft.AspNetCore.App@8.0.22'
         Added runtime framework 'Microsoft.AspNetCore.App@8.0.0'
       Done executing task "ProcessFrameworkReferences".
       Using "ResolveAppHosts" task from assembly "/usr/lib64/dotnet/sdk/10.0.101/Sdks/Microsoft.NET.Sdk/targets/../tools/net10.0/Microsoft.NET.Build.Tasks.dll".
       Task "ResolveAppHosts"
       Done executing task "ResolveAppHosts".
   8:4>Done building target "ProcessFrameworkReferences" in project "Entegrasyon.Entity.csproj".
   8:4>Target "_CheckForObsoleteDotNetCliToolReferences" in file "/usr/lib64/dotnet/sdk/10.0.101/Sdks/Microsoft.NET.Sdk/targets/Microsoft.NET.ObsoleteReferences.targets" from project "/home/baturhan/Projeler/Entegrasyon/Application/Entegrasyon.Entity/Entegrasyon.Entity.csproj" (target "CollectPackageReferences" depends on it):
   8:4>Done building target "_CheckForObsoleteDotNetCliToolReferences" in project "Entegrasyon.Entity.csproj".
   8:4>Target "CollectPackageReferences" in file "/usr/lib64/dotnet/sdk/10.0.101/NuGet.targets" from project "/home/baturhan/Projeler/Entegrasyon/Application/Entegrasyon.Entity/Entegrasyon.Entity.csproj" (target "_GetRestoreProjectStyle" depends on it):
       Using "CheckForDuplicateNuGetItemsTask" task from assembly "/usr/lib64/dotnet/sdk/10.0.101/NuGet.Build.Tasks.dll".
       Task "CheckForDuplicateNuGetItemsTask"
       Done executing task "CheckForDuplicateNuGetItemsTask".
   8:4>Done building target "CollectPackageReferences" in project "Entegrasyon.Entity.csproj".
   8:4>Target "_GetRestoreProjectStyle" in file "/usr/lib64/dotnet/sdk/10.0.101/NuGet.targets" from project "/home/baturhan/Projeler/Entegrasyon/Application/Entegrasyon.Entity/Entegrasyon.Entity.csproj" (target "_GenerateRestoreSpecs" depends on it):
       Using "GetRestoreProjectStyleTask" task from assembly "/usr/lib64/dotnet/sdk/10.0.101/NuGet.Build.Tasks.dll".
       Task "GetRestoreProjectStyleTask"
       Done executing task "GetRestoreProjectStyleTask".
   8:4>Done building target "_GetRestoreProjectStyle" in project "Entegrasyon.Entity.csproj".
   8:4>Target "_GenerateRestoreSpecs" in file "/usr/lib64/dotnet/sdk/10.0.101/NuGet.targets" from project "/home/baturhan/Projeler/Entegrasyon/Application/Entegrasyon.Entity/Entegrasyon.Entity.csproj" (target "_GenerateRestoreGraphProjectEntry" depends on it):
       Task "Message"
         Restore entry point /home/baturhan/Projeler/Entegrasyon/Application/Entegrasyon.Entity/Entegrasyon.Entity.csproj
       Done executing task "Message".
   8:4>Done building target "_GenerateRestoreSpecs" in project "Entegrasyon.Entity.csproj".
   8:4>Target "_GetRestoreSettingsOverrides" in file "/usr/lib64/dotnet/sdk/10.0.101/NuGet.targets" from project "/home/baturhan/Projeler/Entegrasyon/Application/Entegrasyon.Entity/Entegrasyon.Entity.csproj" (target "_GetRestoreSettings" depends on it):
   8:4>Done building target "_GetRestoreSettingsOverrides" in project "Entegrasyon.Entity.csproj".
   8:4>Target "_GetRestoreSettingsPerFramework" in file "/usr/lib64/dotnet/sdk/10.0.101/NuGet.targets" from project "/home/baturhan/Projeler/Entegrasyon/Application/Entegrasyon.Entity/Entegrasyon.Entity.csproj" (target "_GetRestoreSettingsCurrentProject" depends on it):
   8:4>Done building target "_GetRestoreSettingsPerFramework" in project "Entegrasyon.Entity.csproj".
   8:4>Target "_GetRestoreSettingsCurrentProject" in file "/usr/lib64/dotnet/sdk/10.0.101/NuGet.targets" from project "/home/baturhan/Projeler/Entegrasyon/Application/Entegrasyon.Entity/Entegrasyon.Entity.csproj" (target "_GetRestoreSettings" depends on it):
   8:4>Done building target "_GetRestoreSettingsCurrentProject" in project "Entegrasyon.Entity.csproj".
   8:4>Target "_GetRestoreSettings" in file "/usr/lib64/dotnet/sdk/10.0.101/NuGet.targets" from project "/home/baturhan/Projeler/Entegrasyon/Application/Entegrasyon.Entity/Entegrasyon.Entity.csproj" (target "_GenerateDotnetCliToolReferenceSpecs" depends on it):
       Using "GetRestoreSettingsTask" task from assembly "/usr/lib64/dotnet/sdk/10.0.101/NuGet.Build.Tasks.dll".
       Task "GetRestoreSettingsTask"
       Done executing task "GetRestoreSettingsTask".
   8:4>Done building target "_GetRestoreSettings" in project "Entegrasyon.Entity.csproj".
   8:4>Target "_GenerateDotnetCliToolReferenceSpecs" in file "/usr/lib64/dotnet/sdk/10.0.101/NuGet.targets" from project "/home/baturhan/Projeler/Entegrasyon/Application/Entegrasyon.Entity/Entegrasyon.Entity.csproj" (target "_GenerateRestoreGraphProjectEntry" depends on it):
       Using "GetRestoreDotnetCliToolsTask" task from assembly "/usr/lib64/dotnet/sdk/10.0.101/NuGet.Build.Tasks.dll".
       Task "GetRestoreDotnetCliToolsTask"
       Done executing task "GetRestoreDotnetCliToolsTask".
   8:4>Done building target "_GenerateDotnetCliToolReferenceSpecs" in project "Entegrasyon.Entity.csproj".
   8:4>Target "_GenerateRestoreGraphProjectEntry" in file "/usr/lib64/dotnet/sdk/10.0.101/NuGet.targets" from project "/home/baturhan/Projeler/Entegrasyon/Application/Entegrasyon.Entity/Entegrasyon.Entity.csproj" (entry point):
   8:4>Done building target "_GenerateRestoreGraphProjectEntry" in project "Entegrasyon.Entity.csproj".
   8:4>Done Building Project "/home/baturhan/Projeler/Entegrasyon/Application/Entegrasyon.Entity/Entegrasyon.Entity.csproj" (_GenerateRestoreGraphProjectEntry target(s)).
   2:5>Target "_ComputeToolPackInputsToProcessFrameworkReferences" in file "/usr/lib64/dotnet/sdk/10.0.101/Sdks/Microsoft.NET.Sdk/targets/Microsoft.NET.Publish.targets" from project "/home/baturhan/Projeler/Entegrasyon/Application/Entegrasyon.Business/Entegrasyon.Business.csproj" (target "ProcessFrameworkReferences" depends on it):
   2:5>Done building target "_ComputeToolPackInputsToProcessFrameworkReferences" in project "Entegrasyon.Business.csproj".
   2:5>Target "ProcessFrameworkReferences" in file "/usr/lib64/dotnet/sdk/10.0.101/Sdks/Microsoft.NET.Sdk/targets/Microsoft.NET.Sdk.FrameworkReferenceResolution.targets" from project "/home/baturhan/Projeler/Entegrasyon/Application/Entegrasyon.Business/Entegrasyon.Business.csproj" (target "CollectPackageReferences" depends on it):
       Using "CheckForDuplicateFrameworkReferences" task from assembly "/usr/lib64/dotnet/sdk/10.0.101/Sdks/Microsoft.NET.Sdk/targets/../tools/net10.0/Microsoft.NET.Build.Tasks.dll".
       Task "CheckForDuplicateFrameworkReferences"
       Done executing task "CheckForDuplicateFrameworkReferences".
       Using "ProcessFrameworkReferences" task from assembly "/usr/lib64/dotnet/sdk/10.0.101/Sdks/Microsoft.NET.Sdk/targets/../tools/net10.0/Microsoft.NET.Build.Tasks.dll".
       Task "ProcessFrameworkReferences"
         Found 1 known framework references for target framework .NETCoreApp
         Found 5 known runtime packs for target framework .NETCoreApp
         Selected Microsoft.NETCore.App with RIDs 'linux-arm;linux-arm64;linux-musl-arm64;linux-musl-x64;linux-x64;osx-x64;tizen.4.0.0-armel;tizen.5.0.0-armel;win-arm64;win-x64;win-x86;linux-musl-arm;osx-arm64;linux-s390x;linux-loongarch64;linux-bionic-arm;linux-bionic-arm64;linux-bionic-x64;linux-bionic-x86;linux-ppc64le;freebsd-x64;freebsd-arm64'
         Selected targeting pack 'Microsoft.NETCore.App@8.0.22'
         Added runtime framework 'Microsoft.NETCore.App@8.0.0'
         Ignoring framework reference to Microsoft.WindowsDesktop.App as it is Windows-only and the current platform is not Windows.
         Ignoring framework reference to Microsoft.WindowsDesktop.App.WPF as it is Windows-only and the current platform is not Windows.
         Ignoring framework reference to Microsoft.WindowsDesktop.App.WindowsForms as it is Windows-only and the current platform is not Windows.
         Selected Microsoft.AspNetCore.App with RIDs 'win-x64;win-x86;osx-x64;linux-musl-x64;linux-musl-arm64;linux-x64;linux-arm;linux-arm64;linux-musl-arm;win-arm64;osx-arm64;linux-s390x;linux-loongarch64;linux-ppc64le;freebsd-x64;freebsd-arm64'
         Selected targeting pack 'Microsoft.AspNetCore.App@8.0.22'
         Added runtime framework 'Microsoft.AspNetCore.App@8.0.0'
       Done executing task "ProcessFrameworkReferences".
       Using "ResolveAppHosts" task from assembly "/usr/lib64/dotnet/sdk/10.0.101/Sdks/Microsoft.NET.Sdk/targets/../tools/net10.0/Microsoft.NET.Build.Tasks.dll".
       Task "ResolveAppHosts"
       Done executing task "ResolveAppHosts".
   2:5>Done building target "ProcessFrameworkReferences" in project "Entegrasyon.Business.csproj".
   2:5>Target "_CheckForObsoleteDotNetCliToolReferences" in file "/usr/lib64/dotnet/sdk/10.0.101/Sdks/Microsoft.NET.Sdk/targets/Microsoft.NET.ObsoleteReferences.targets" from project "/home/baturhan/Projeler/Entegrasyon/Application/Entegrasyon.Business/Entegrasyon.Business.csproj" (target "CollectPackageReferences" depends on it):
   2:5>Done building target "_CheckForObsoleteDotNetCliToolReferences" in project "Entegrasyon.Business.csproj".
   2:5>Target "CollectPackageReferences" in file "/usr/lib64/dotnet/sdk/10.0.101/NuGet.targets" from project "/home/baturhan/Projeler/Entegrasyon/Application/Entegrasyon.Business/Entegrasyon.Business.csproj" (target "_GetRestoreProjectStyle" depends on it):
       Using "CheckForDuplicateNuGetItemsTask" task from assembly "/usr/lib64/dotnet/sdk/10.0.101/NuGet.Build.Tasks.dll".
       Task "CheckForDuplicateNuGetItemsTask"
       Done executing task "CheckForDuplicateNuGetItemsTask".
   2:5>Done building target "CollectPackageReferences" in project "Entegrasyon.Business.csproj".
   2:5>Target "_GetRestoreProjectStyle" in file "/usr/lib64/dotnet/sdk/10.0.101/NuGet.targets" from project "/home/baturhan/Projeler/Entegrasyon/Application/Entegrasyon.Business/Entegrasyon.Business.csproj" (target "_GenerateRestoreSpecs" depends on it):
       Using "GetRestoreProjectStyleTask" task from assembly "/usr/lib64/dotnet/sdk/10.0.101/NuGet.Build.Tasks.dll".
       Task "GetRestoreProjectStyleTask"
       Done executing task "GetRestoreProjectStyleTask".
   2:5>Done building target "_GetRestoreProjectStyle" in project "Entegrasyon.Business.csproj".
   2:5>Target "_GenerateRestoreSpecs" in file "/usr/lib64/dotnet/sdk/10.0.101/NuGet.targets" from project "/home/baturhan/Projeler/Entegrasyon/Application/Entegrasyon.Business/Entegrasyon.Business.csproj" (target "_GenerateRestoreGraphProjectEntry" depends on it):
       Task "Message"
         Restore entry point /home/baturhan/Projeler/Entegrasyon/Application/Entegrasyon.Business/Entegrasyon.Business.csproj
       Done executing task "Message".
   2:5>Done building target "_GenerateRestoreSpecs" in project "Entegrasyon.Business.csproj".
   2:5>Target "_GetRestoreSettingsOverrides" in file "/usr/lib64/dotnet/sdk/10.0.101/NuGet.targets" from project "/home/baturhan/Projeler/Entegrasyon/Application/Entegrasyon.Business/Entegrasyon.Business.csproj" (target "_GetRestoreSettings" depends on it):
   2:5>Done building target "_GetRestoreSettingsOverrides" in project "Entegrasyon.Business.csproj".
   2:5>Target "_GetRestoreSettingsPerFramework" in file "/usr/lib64/dotnet/sdk/10.0.101/NuGet.targets" from project "/home/baturhan/Projeler/Entegrasyon/Application/Entegrasyon.Business/Entegrasyon.Business.csproj" (target "_GetRestoreSettingsCurrentProject" depends on it):
   2:5>Done building target "_GetRestoreSettingsPerFramework" in project "Entegrasyon.Business.csproj".
   2:5>Target "_GetRestoreSettingsCurrentProject" in file "/usr/lib64/dotnet/sdk/10.0.101/NuGet.targets" from project "/home/baturhan/Projeler/Entegrasyon/Application/Entegrasyon.Business/Entegrasyon.Business.csproj" (target "_GetRestoreSettings" depends on it):
   2:5>Done building target "_GetRestoreSettingsCurrentProject" in project "Entegrasyon.Business.csproj".
   2:5>Target "_GetRestoreSettings" in file "/usr/lib64/dotnet/sdk/10.0.101/NuGet.targets" from project "/home/baturhan/Projeler/Entegrasyon/Application/Entegrasyon.Business/Entegrasyon.Business.csproj" (target "_GenerateDotnetCliToolReferenceSpecs" depends on it):
       Using "GetRestoreSettingsTask" task from assembly "/usr/lib64/dotnet/sdk/10.0.101/NuGet.Build.Tasks.dll".
       Task "GetRestoreSettingsTask"
         Assembly loaded during TaskRun (NuGet.Build.Tasks.GetRestoreSettingsTask): NuGet.Configuration, Version=7.0.0.0, Culture=neutral, PublicKeyToken=31bf3856ad364e35 (location: /usr/lib64/dotnet/sdk/10.0.101/NuGet.Configuration.dll, MVID: 62c0a1ef-591f-4f3c-b435-ba693e6bf493, AssemblyLoadContext: MSBuild plugin /usr/lib64/dotnet/sdk/10.0.101/NuGet.Build.Tasks.dll)
         Assembly loaded during TaskRun (NuGet.Build.Tasks.GetRestoreSettingsTask): System.Xml.XDocument, Version=10.0.0.0, Culture=neutral, PublicKeyToken=b03f5f7f11d50a3a (location: /usr/lib64/dotnet/shared/Microsoft.NETCore.App/10.0.1/System.Xml.XDocument.dll, MVID: ad2e2991-6077-4e70-8868-af23f901fc8d, AssemblyLoadContext: Default)
         Assembly loaded during TaskRun (NuGet.Build.Tasks.GetRestoreSettingsTask): System.Private.Xml.Linq, Version=10.0.0.0, Culture=neutral, PublicKeyToken=cc7b13ffcd2ddd51 (location: /usr/lib64/dotnet/shared/Microsoft.NETCore.App/10.0.1/System.Private.Xml.Linq.dll, MVID: 2702b523-c959-44bb-bdd2-6b700fdea296, AssemblyLoadContext: Default)
       Done executing task "GetRestoreSettingsTask".
   2:5>Done building target "_GetRestoreSettings" in project "Entegrasyon.Business.csproj".
   2:5>Target "_GenerateDotnetCliToolReferenceSpecs" in file "/usr/lib64/dotnet/sdk/10.0.101/NuGet.targets" from project "/home/baturhan/Projeler/Entegrasyon/Application/Entegrasyon.Business/Entegrasyon.Business.csproj" (target "_GenerateRestoreGraphProjectEntry" depends on it):
       Using "GetRestoreDotnetCliToolsTask" task from assembly "/usr/lib64/dotnet/sdk/10.0.101/NuGet.Build.Tasks.dll".
       Task "GetRestoreDotnetCliToolsTask"
       Done executing task "GetRestoreDotnetCliToolsTask".
   2:5>Done building target "_GenerateDotnetCliToolReferenceSpecs" in project "Entegrasyon.Business.csproj".
   2:5>Target "_GenerateRestoreGraphProjectEntry" in file "/usr/lib64/dotnet/sdk/10.0.101/NuGet.targets" from project "/home/baturhan/Projeler/Entegrasyon/Application/Entegrasyon.Business/Entegrasyon.Business.csproj" (entry point):
   2:5>Done building target "_GenerateRestoreGraphProjectEntry" in project "Entegrasyon.Business.csproj".
   2:5>Done Building Project "/home/baturhan/Projeler/Entegrasyon/Application/Entegrasyon.Business/Entegrasyon.Business.csproj" (_GenerateRestoreGraphProjectEntry target(s)).
     1>Project "/home/baturhan/Projeler/Entegrasyon/Application/Entegrasyon.Blazor/Entegrasyon.Blazor.csproj" (1) is building "/home/baturhan/Projeler/Entegrasyon/Application/Entegrasyon.DataAccess/Entegrasyon.DataAccess.csproj" (7:4) on node 1 (_GenerateRestoreGraphProjectEntry target(s)).
   7:4>Target "_CheckForUnsupportedNETCoreVersion" in file "/usr/lib64/dotnet/sdk/10.0.101/Sdks/Microsoft.NET.Sdk/targets/Microsoft.NET.TargetFrameworkInference.targets" from project "/home/baturhan/Projeler/Entegrasyon/Application/Entegrasyon.DataAccess/Entegrasyon.DataAccess.csproj" (target "CollectPackageReferences" depends on it):
   7:4>Done building target "_CheckForUnsupportedNETCoreVersion" in project "Entegrasyon.DataAccess.csproj".
   7:4>Target "_CheckForUnsupportedCppNETCoreVersion" in file "/usr/lib64/dotnet/sdk/10.0.101/Sdks/Microsoft.NET.Sdk/targets/Microsoft.NET.TargetFrameworkInference.targets" from project "/home/baturhan/Projeler/Entegrasyon/Application/Entegrasyon.DataAccess/Entegrasyon.DataAccess.csproj" (target "CollectPackageReferences" depends on it):
   7:4>Done building target "_CheckForUnsupportedCppNETCoreVersion" in project "Entegrasyon.DataAccess.csproj".
   7:4>Target "UpdateAspNetToFrameworkReference" in file "/usr/lib64/dotnet/sdk/10.0.101/Sdks/Microsoft.NET.Sdk/targets/Microsoft.NET.Sdk.DefaultItems.Shared.targets" from project "/home/baturhan/Projeler/Entegrasyon/Application/Entegrasyon.DataAccess/Entegrasyon.DataAccess.csproj" (target "ApplyImplicitVersions" depends on it):
       Using "CheckIfPackageReferenceShouldBeFrameworkReference" task from assembly "/usr/lib64/dotnet/sdk/10.0.101/Sdks/Microsoft.NET.Sdk/targets/../tools/net10.0/Microsoft.NET.Build.Tasks.dll".
       Task "CheckIfPackageReferenceShouldBeFrameworkReference"
       Done executing task "CheckIfPackageReferenceShouldBeFrameworkReference".
       Task "CheckIfPackageReferenceShouldBeFrameworkReference"
       Done executing task "CheckIfPackageReferenceShouldBeFrameworkReference".
   7:4>Done building target "UpdateAspNetToFrameworkReference" in project "Entegrasyon.DataAccess.csproj".
   7:4>Target "CheckForImplicitPackageReferenceOverrides" in file "/usr/lib64/dotnet/sdk/10.0.101/Sdks/Microsoft.NET.Sdk/targets/Microsoft.NET.Sdk.DefaultItems.Shared.targets" from project "/home/baturhan/Projeler/Entegrasyon/Application/Entegrasyon.DataAccess/Entegrasyon.DataAccess.csproj" (target "ApplyImplicitVersions" depends on it):
       Using "CheckForImplicitPackageReferenceOverrides" task from assembly "/usr/lib64/dotnet/sdk/10.0.101/Sdks/Microsoft.NET.Sdk/targets/../tools/net10.0/Microsoft.NET.Build.Tasks.dll".
       Task "CheckForImplicitPackageReferenceOverrides"
       Done executing task "CheckForImplicitPackageReferenceOverrides".
   7:4>Done building target "CheckForImplicitPackageReferenceOverrides" in project "Entegrasyon.DataAccess.csproj".
   7:4>Target "ApplyImplicitVersions" in file "/usr/lib64/dotnet/sdk/10.0.101/Sdks/Microsoft.NET.Sdk/targets/Microsoft.NET.Sdk.DefaultItems.Shared.targets" from project "/home/baturhan/Projeler/Entegrasyon/Application/Entegrasyon.DataAccess/Entegrasyon.DataAccess.csproj" (target "CollectPackageReferences" depends on it):
       Using "ApplyImplicitVersions" task from assembly "/usr/lib64/dotnet/sdk/10.0.101/Sdks/Microsoft.NET.Sdk/targets/../tools/net10.0/Microsoft.NET.Build.Tasks.dll".
       Task "ApplyImplicitVersions"
       Done executing task "ApplyImplicitVersions".
   7:4>Done building target "ApplyImplicitVersions" in project "Entegrasyon.DataAccess.csproj".
       Target "CheckForImplicitPackageReferenceOverrides" skipped. Previously built successfully.
   7:4>Target "_CheckForLanguageAndFeatureCombinationSupport" in file "/usr/lib64/dotnet/sdk/10.0.101/Sdks/Microsoft.NET.Sdk/targets/Microsoft.NET.RuntimeIdentifierInference.targets" from project "/home/baturhan/Projeler/Entegrasyon/Application/Entegrasyon.DataAccess/Entegrasyon.DataAccess.csproj" (target "ProcessFrameworkReferences" depends on it):
   7:4>Done building target "_CheckForLanguageAndFeatureCombinationSupport" in project "Entegrasyon.DataAccess.csproj".
   7:4>Target "_ComputeToolPackInputsToProcessFrameworkReferences" in file "/usr/lib64/dotnet/sdk/10.0.101/Sdks/Microsoft.NET.Sdk/targets/Microsoft.NET.Publish.targets" from project "/home/baturhan/Projeler/Entegrasyon/Application/Entegrasyon.DataAccess/Entegrasyon.DataAccess.csproj" (target "ProcessFrameworkReferences" depends on it):
   7:4>Done building target "_ComputeToolPackInputsToProcessFrameworkReferences" in project "Entegrasyon.DataAccess.csproj".
   7:4>Target "ProcessFrameworkReferences" in file "/usr/lib64/dotnet/sdk/10.0.101/Sdks/Microsoft.NET.Sdk/targets/Microsoft.NET.Sdk.FrameworkReferenceResolution.targets" from project "/home/baturhan/Projeler/Entegrasyon/Application/Entegrasyon.DataAccess/Entegrasyon.DataAccess.csproj" (target "CollectPackageReferences" depends on it):
       Using "CheckForDuplicateFrameworkReferences" task from assembly "/usr/lib64/dotnet/sdk/10.0.101/Sdks/Microsoft.NET.Sdk/targets/../tools/net10.0/Microsoft.NET.Build.Tasks.dll".
       Task "CheckForDuplicateFrameworkReferences"
       Done executing task "CheckForDuplicateFrameworkReferences".
       Using "ProcessFrameworkReferences" task from assembly "/usr/lib64/dotnet/sdk/10.0.101/Sdks/Microsoft.NET.Sdk/targets/../tools/net10.0/Microsoft.NET.Build.Tasks.dll".
       Task "ProcessFrameworkReferences"
         Found 1 known framework references for target framework .NETCoreApp
         Found 5 known runtime packs for target framework .NETCoreApp
         Selected Microsoft.NETCore.App with RIDs 'linux-arm;linux-arm64;linux-musl-arm64;linux-musl-x64;linux-x64;osx-x64;tizen.4.0.0-armel;tizen.5.0.0-armel;win-arm64;win-x64;win-x86;linux-musl-arm;osx-arm64;linux-s390x;linux-loongarch64;linux-bionic-arm;linux-bionic-arm64;linux-bionic-x64;linux-bionic-x86;linux-ppc64le;freebsd-x64;freebsd-arm64'
         Selected targeting pack 'Microsoft.NETCore.App@8.0.22'
         Added runtime framework 'Microsoft.NETCore.App@8.0.0'
         Ignoring framework reference to Microsoft.WindowsDesktop.App as it is Windows-only and the current platform is not Windows.
         Ignoring framework reference to Microsoft.WindowsDesktop.App.WPF as it is Windows-only and the current platform is not Windows.
         Ignoring framework reference to Microsoft.WindowsDesktop.App.WindowsForms as it is Windows-only and the current platform is not Windows.
         Selected Microsoft.AspNetCore.App with RIDs 'win-x64;win-x86;osx-x64;linux-musl-x64;linux-musl-arm64;linux-x64;linux-arm;linux-arm64;linux-musl-arm;win-arm64;osx-arm64;linux-s390x;linux-loongarch64;linux-ppc64le;freebsd-x64;freebsd-arm64'
         Selected targeting pack 'Microsoft.AspNetCore.App@8.0.22'
         Added runtime framework 'Microsoft.AspNetCore.App@8.0.0'
       Done executing task "ProcessFrameworkReferences".
       Using "ResolveAppHosts" task from assembly "/usr/lib64/dotnet/sdk/10.0.101/Sdks/Microsoft.NET.Sdk/targets/../tools/net10.0/Microsoft.NET.Build.Tasks.dll".
       Task "ResolveAppHosts"
       Done executing task "ResolveAppHosts".
   7:4>Done building target "ProcessFrameworkReferences" in project "Entegrasyon.DataAccess.csproj".
   7:4>Target "_CheckForObsoleteDotNetCliToolReferences" in file "/usr/lib64/dotnet/sdk/10.0.101/Sdks/Microsoft.NET.Sdk/targets/Microsoft.NET.ObsoleteReferences.targets" from project "/home/baturhan/Projeler/Entegrasyon/Application/Entegrasyon.DataAccess/Entegrasyon.DataAccess.csproj" (target "CollectPackageReferences" depends on it):
   7:4>Done building target "_CheckForObsoleteDotNetCliToolReferences" in project "Entegrasyon.DataAccess.csproj".
   7:4>Target "CollectPackageReferences" in file "/usr/lib64/dotnet/sdk/10.0.101/NuGet.targets" from project "/home/baturhan/Projeler/Entegrasyon/Application/Entegrasyon.DataAccess/Entegrasyon.DataAccess.csproj" (target "_GetRestoreProjectStyle" depends on it):
       Using "CheckForDuplicateNuGetItemsTask" task from assembly "/usr/lib64/dotnet/sdk/10.0.101/NuGet.Build.Tasks.dll".
       Task "CheckForDuplicateNuGetItemsTask"
       Done executing task "CheckForDuplicateNuGetItemsTask".
   7:4>Done building target "CollectPackageReferences" in project "Entegrasyon.DataAccess.csproj".
   7:4>Target "_GetRestoreProjectStyle" in file "/usr/lib64/dotnet/sdk/10.0.101/NuGet.targets" from project "/home/baturhan/Projeler/Entegrasyon/Application/Entegrasyon.DataAccess/Entegrasyon.DataAccess.csproj" (target "_GenerateRestoreSpecs" depends on it):
       Using "GetRestoreProjectStyleTask" task from assembly "/usr/lib64/dotnet/sdk/10.0.101/NuGet.Build.Tasks.dll".
       Task "GetRestoreProjectStyleTask"
       Done executing task "GetRestoreProjectStyleTask".
   7:4>Done building target "_GetRestoreProjectStyle" in project "Entegrasyon.DataAccess.csproj".
   7:4>Target "_GenerateRestoreSpecs" in file "/usr/lib64/dotnet/sdk/10.0.101/NuGet.targets" from project "/home/baturhan/Projeler/Entegrasyon/Application/Entegrasyon.DataAccess/Entegrasyon.DataAccess.csproj" (target "_GenerateRestoreGraphProjectEntry" depends on it):
       Task "Message"
         Restore entry point /home/baturhan/Projeler/Entegrasyon/Application/Entegrasyon.DataAccess/Entegrasyon.DataAccess.csproj
       Done executing task "Message".
   7:4>Done building target "_GenerateRestoreSpecs" in project "Entegrasyon.DataAccess.csproj".
   7:4>Target "_GetRestoreSettingsOverrides" in file "/usr/lib64/dotnet/sdk/10.0.101/NuGet.targets" from project "/home/baturhan/Projeler/Entegrasyon/Application/Entegrasyon.DataAccess/Entegrasyon.DataAccess.csproj" (target "_GetRestoreSettings" depends on it):
   7:4>Done building target "_GetRestoreSettingsOverrides" in project "Entegrasyon.DataAccess.csproj".
   7:4>Target "_GetRestoreSettingsPerFramework" in file "/usr/lib64/dotnet/sdk/10.0.101/NuGet.targets" from project "/home/baturhan/Projeler/Entegrasyon/Application/Entegrasyon.DataAccess/Entegrasyon.DataAccess.csproj" (target "_GetRestoreSettingsCurrentProject" depends on it):
   7:4>Done building target "_GetRestoreSettingsPerFramework" in project "Entegrasyon.DataAccess.csproj".
   7:4>Target "_GetRestoreSettingsCurrentProject" in file "/usr/lib64/dotnet/sdk/10.0.101/NuGet.targets" from project "/home/baturhan/Projeler/Entegrasyon/Application/Entegrasyon.DataAccess/Entegrasyon.DataAccess.csproj" (target "_GetRestoreSettings" depends on it):
   7:4>Done building target "_GetRestoreSettingsCurrentProject" in project "Entegrasyon.DataAccess.csproj".
   7:4>Target "_GetRestoreSettings" in file "/usr/lib64/dotnet/sdk/10.0.101/NuGet.targets" from project "/home/baturhan/Projeler/Entegrasyon/Application/Entegrasyon.DataAccess/Entegrasyon.DataAccess.csproj" (target "_GenerateDotnetCliToolReferenceSpecs" depends on it):
       Using "GetRestoreSettingsTask" task from assembly "/usr/lib64/dotnet/sdk/10.0.101/NuGet.Build.Tasks.dll".
       Task "GetRestoreSettingsTask"
       Done executing task "GetRestoreSettingsTask".
   7:4>Done building target "_GetRestoreSettings" in project "Entegrasyon.DataAccess.csproj".
   7:4>Target "_GenerateDotnetCliToolReferenceSpecs" in file "/usr/lib64/dotnet/sdk/10.0.101/NuGet.targets" from project "/home/baturhan/Projeler/Entegrasyon/Application/Entegrasyon.DataAccess/Entegrasyon.DataAccess.csproj" (target "_GenerateRestoreGraphProjectEntry" depends on it):
       Using "GetRestoreDotnetCliToolsTask" task from assembly "/usr/lib64/dotnet/sdk/10.0.101/NuGet.Build.Tasks.dll".
       Task "GetRestoreDotnetCliToolsTask"
       Done executing task "GetRestoreDotnetCliToolsTask".
   7:4>Done building target "_GenerateDotnetCliToolReferenceSpecs" in project "Entegrasyon.DataAccess.csproj".
   7:4>Target "_GenerateRestoreGraphProjectEntry" in file "/usr/lib64/dotnet/sdk/10.0.101/NuGet.targets" from project "/home/baturhan/Projeler/Entegrasyon/Application/Entegrasyon.DataAccess/Entegrasyon.DataAccess.csproj" (entry point):
   7:4>Done building target "_GenerateRestoreGraphProjectEntry" in project "Entegrasyon.DataAccess.csproj".
   7:4>Done Building Project "/home/baturhan/Projeler/Entegrasyon/Application/Entegrasyon.DataAccess/Entegrasyon.DataAccess.csproj" (_GenerateRestoreGraphProjectEntry target(s)).
     1>Project "/home/baturhan/Projeler/Entegrasyon/Application/Entegrasyon.Blazor/Entegrasyon.Blazor.csproj" (1) is building "/home/baturhan/Projeler/Entegrasyon/Application/Entegrasyon.Blazor/Entegrasyon.Blazor.csproj" (1:5) on node 1 (_GenerateRestoreGraphProjectEntry target(s)).
   1:5>Target "_CheckForUnsupportedNETCoreVersion" in file "/usr/lib64/dotnet/sdk/10.0.101/Sdks/Microsoft.NET.Sdk/targets/Microsoft.NET.TargetFrameworkInference.targets" from project "/home/baturhan/Projeler/Entegrasyon/Application/Entegrasyon.Blazor/Entegrasyon.Blazor.csproj" (target "CollectPackageReferences" depends on it):
   1:5>Done building target "_CheckForUnsupportedNETCoreVersion" in project "Entegrasyon.Blazor.csproj".
   1:5>Target "_CheckForUnsupportedCppNETCoreVersion" in file "/usr/lib64/dotnet/sdk/10.0.101/Sdks/Microsoft.NET.Sdk/targets/Microsoft.NET.TargetFrameworkInference.targets" from project "/home/baturhan/Projeler/Entegrasyon/Application/Entegrasyon.Blazor/Entegrasyon.Blazor.csproj" (target "CollectPackageReferences" depends on it):
   1:5>Done building target "_CheckForUnsupportedCppNETCoreVersion" in project "Entegrasyon.Blazor.csproj".
   1:5>Target "UpdateAspNetToFrameworkReference" in file "/usr/lib64/dotnet/sdk/10.0.101/Sdks/Microsoft.NET.Sdk/targets/Microsoft.NET.Sdk.DefaultItems.Shared.targets" from project "/home/baturhan/Projeler/Entegrasyon/Application/Entegrasyon.Blazor/Entegrasyon.Blazor.csproj" (target "ApplyImplicitVersions" depends on it):
       Using "CheckIfPackageReferenceShouldBeFrameworkReference" task from assembly "/usr/lib64/dotnet/sdk/10.0.101/Sdks/Microsoft.NET.Sdk/targets/../tools/net10.0/Microsoft.NET.Build.Tasks.dll".
       Task "CheckIfPackageReferenceShouldBeFrameworkReference"
       Done executing task "CheckIfPackageReferenceShouldBeFrameworkReference".
       Task "CheckIfPackageReferenceShouldBeFrameworkReference"
       Done executing task "CheckIfPackageReferenceShouldBeFrameworkReference".
   1:5>Done building target "UpdateAspNetToFrameworkReference" in project "Entegrasyon.Blazor.csproj".
   1:5>Target "CheckForImplicitPackageReferenceOverrides" in file "/usr/lib64/dotnet/sdk/10.0.101/Sdks/Microsoft.NET.Sdk/targets/Microsoft.NET.Sdk.DefaultItems.Shared.targets" from project "/home/baturhan/Projeler/Entegrasyon/Application/Entegrasyon.Blazor/Entegrasyon.Blazor.csproj" (target "ApplyImplicitVersions" depends on it):
       Using "CheckForImplicitPackageReferenceOverrides" task from assembly "/usr/lib64/dotnet/sdk/10.0.101/Sdks/Microsoft.NET.Sdk/targets/../tools/net10.0/Microsoft.NET.Build.Tasks.dll".
       Task "CheckForImplicitPackageReferenceOverrides"
       Done executing task "CheckForImplicitPackageReferenceOverrides".
   1:5>Done building target "CheckForImplicitPackageReferenceOverrides" in project "Entegrasyon.Blazor.csproj".
   1:5>Target "ApplyImplicitVersions" in file "/usr/lib64/dotnet/sdk/10.0.101/Sdks/Microsoft.NET.Sdk/targets/Microsoft.NET.Sdk.DefaultItems.Shared.targets" from project "/home/baturhan/Projeler/Entegrasyon/Application/Entegrasyon.Blazor/Entegrasyon.Blazor.csproj" (target "CollectPackageReferences" depends on it):
       Using "ApplyImplicitVersions" task from assembly "/usr/lib64/dotnet/sdk/10.0.101/Sdks/Microsoft.NET.Sdk/targets/../tools/net10.0/Microsoft.NET.Build.Tasks.dll".
       Task "ApplyImplicitVersions"
       Done executing task "ApplyImplicitVersions".
   1:5>Done building target "ApplyImplicitVersions" in project "Entegrasyon.Blazor.csproj".
       Target "CheckForImplicitPackageReferenceOverrides" skipped. Previously built successfully.
   1:5>Target "_CheckForLanguageAndFeatureCombinationSupport" in file "/usr/lib64/dotnet/sdk/10.0.101/Sdks/Microsoft.NET.Sdk/targets/Microsoft.NET.RuntimeIdentifierInference.targets" from project "/home/baturhan/Projeler/Entegrasyon/Application/Entegrasyon.Blazor/Entegrasyon.Blazor.csproj" (target "ProcessFrameworkReferences" depends on it):
   1:5>Done building target "_CheckForLanguageAndFeatureCombinationSupport" in project "Entegrasyon.Blazor.csproj".
   1:5>Target "_ComputeToolPackInputsToProcessFrameworkReferences" in file "/usr/lib64/dotnet/sdk/10.0.101/Sdks/Microsoft.NET.Sdk/targets/Microsoft.NET.Publish.targets" from project "/home/baturhan/Projeler/Entegrasyon/Application/Entegrasyon.Blazor/Entegrasyon.Blazor.csproj" (target "ProcessFrameworkReferences" depends on it):
   1:5>Done building target "_ComputeToolPackInputsToProcessFrameworkReferences" in project "Entegrasyon.Blazor.csproj".
   1:5>Target "ResolveRequiredWebAssets" in file "/usr/lib64/dotnet/sdk/10.0.101/Sdks/Microsoft.NET.Sdk.Web.ProjectSystem/targets/Microsoft.NET.Sdk.Web.ProjectSystem.targets" from project "/home/baturhan/Projeler/Entegrasyon/Application/Entegrasyon.Blazor/Entegrasyon.Blazor.csproj" (target "ProcessFrameworkReferences" depends on it):
   1:5>Done building target "ResolveRequiredWebAssets" in project "Entegrasyon.Blazor.csproj".
   1:5>Target "ProcessFrameworkReferences" in file "/usr/lib64/dotnet/sdk/10.0.101/Sdks/Microsoft.NET.Sdk/targets/Microsoft.NET.Sdk.FrameworkReferenceResolution.targets" from project "/home/baturhan/Projeler/Entegrasyon/Application/Entegrasyon.Blazor/Entegrasyon.Blazor.csproj" (target "CollectPackageReferences" depends on it):
       Using "CheckForDuplicateFrameworkReferences" task from assembly "/usr/lib64/dotnet/sdk/10.0.101/Sdks/Microsoft.NET.Sdk/targets/../tools/net10.0/Microsoft.NET.Build.Tasks.dll".
       Task "CheckForDuplicateFrameworkReferences"
       Done executing task "CheckForDuplicateFrameworkReferences".
       Using "ProcessFrameworkReferences" task from assembly "/usr/lib64/dotnet/sdk/10.0.101/Sdks/Microsoft.NET.Sdk/targets/../tools/net10.0/Microsoft.NET.Build.Tasks.dll".
       Task "ProcessFrameworkReferences"
         Found 2 known framework references for target framework .NETCoreApp
         Found 5 known runtime packs for target framework .NETCoreApp
         Selected Microsoft.NETCore.App with RIDs 'linux-arm;linux-arm64;linux-musl-arm64;linux-musl-x64;linux-x64;osx-x64;tizen.4.0.0-armel;tizen.5.0.0-armel;win-arm64;win-x64;win-x86;linux-musl-arm;osx-arm64;linux-s390x;linux-loongarch64;linux-bionic-arm;linux-bionic-arm64;linux-bionic-x64;linux-bionic-x86;linux-ppc64le;freebsd-x64;freebsd-arm64'
         Selected targeting pack 'Microsoft.NETCore.App@8.0.22'
         Added runtime framework 'Microsoft.NETCore.App@8.0.0'
         Ignoring framework reference to Microsoft.WindowsDesktop.App as it is Windows-only and the current platform is not Windows.
         Ignoring framework reference to Microsoft.WindowsDesktop.App.WPF as it is Windows-only and the current platform is not Windows.
         Ignoring framework reference to Microsoft.WindowsDesktop.App.WindowsForms as it is Windows-only and the current platform is not Windows.
         Selected Microsoft.AspNetCore.App with RIDs 'win-x64;win-x86;osx-x64;linux-musl-x64;linux-musl-arm64;linux-x64;linux-arm;linux-arm64;linux-musl-arm;win-arm64;osx-arm64;linux-s390x;linux-loongarch64;linux-ppc64le;freebsd-x64;freebsd-arm64'
         Selected targeting pack 'Microsoft.AspNetCore.App@8.0.22'
         Added runtime framework 'Microsoft.AspNetCore.App@8.0.0'
       Done executing task "ProcessFrameworkReferences".
       Using "ResolveAppHosts" task from assembly "/usr/lib64/dotnet/sdk/10.0.101/Sdks/Microsoft.NET.Sdk/targets/../tools/net10.0/Microsoft.NET.Build.Tasks.dll".
       Task "ResolveAppHosts"
       Done executing task "ResolveAppHosts".
   1:5>Done building target "ProcessFrameworkReferences" in project "Entegrasyon.Blazor.csproj".
   1:5>Target "_CheckForObsoleteDotNetCliToolReferences" in file "/usr/lib64/dotnet/sdk/10.0.101/Sdks/Microsoft.NET.Sdk/targets/Microsoft.NET.ObsoleteReferences.targets" from project "/home/baturhan/Projeler/Entegrasyon/Application/Entegrasyon.Blazor/Entegrasyon.Blazor.csproj" (target "CollectPackageReferences" depends on it):
   1:5>Done building target "_CheckForObsoleteDotNetCliToolReferences" in project "Entegrasyon.Blazor.csproj".
   1:5>Target "CollectPackageReferences" in file "/usr/lib64/dotnet/sdk/10.0.101/NuGet.targets" from project "/home/baturhan/Projeler/Entegrasyon/Application/Entegrasyon.Blazor/Entegrasyon.Blazor.csproj" (target "_GetRestoreProjectStyle" depends on it):
       Using "CheckForDuplicateNuGetItemsTask" task from assembly "/usr/lib64/dotnet/sdk/10.0.101/NuGet.Build.Tasks.dll".
       Task "CheckForDuplicateNuGetItemsTask"
       Done executing task "CheckForDuplicateNuGetItemsTask".
   1:5>Done building target "CollectPackageReferences" in project "Entegrasyon.Blazor.csproj".
   1:5>Target "_GetRestoreProjectStyle" in file "/usr/lib64/dotnet/sdk/10.0.101/NuGet.targets" from project "/home/baturhan/Projeler/Entegrasyon/Application/Entegrasyon.Blazor/Entegrasyon.Blazor.csproj" (target "_GenerateRestoreSpecs" depends on it):
       Using "GetRestoreProjectStyleTask" task from assembly "/usr/lib64/dotnet/sdk/10.0.101/NuGet.Build.Tasks.dll".
       Task "GetRestoreProjectStyleTask"
       Done executing task "GetRestoreProjectStyleTask".
   1:5>Done building target "_GetRestoreProjectStyle" in project "Entegrasyon.Blazor.csproj".
   1:5>Target "_GenerateRestoreSpecs" in file "/usr/lib64/dotnet/sdk/10.0.101/NuGet.targets" from project "/home/baturhan/Projeler/Entegrasyon/Application/Entegrasyon.Blazor/Entegrasyon.Blazor.csproj" (target "_GenerateRestoreGraphProjectEntry" depends on it):
       Task "Message"
         Restore entry point /home/baturhan/Projeler/Entegrasyon/Application/Entegrasyon.Blazor/Entegrasyon.Blazor.csproj
       Done executing task "Message".
   1:5>Done building target "_GenerateRestoreSpecs" in project "Entegrasyon.Blazor.csproj".
   1:5>Target "_GetRestoreSettingsOverrides" in file "/usr/lib64/dotnet/sdk/10.0.101/NuGet.targets" from project "/home/baturhan/Projeler/Entegrasyon/Application/Entegrasyon.Blazor/Entegrasyon.Blazor.csproj" (target "_GetRestoreSettings" depends on it):
   1:5>Done building target "_GetRestoreSettingsOverrides" in project "Entegrasyon.Blazor.csproj".
   1:5>Target "_GetRestoreSettingsPerFramework" in file "/usr/lib64/dotnet/sdk/10.0.101/NuGet.targets" from project "/home/baturhan/Projeler/Entegrasyon/Application/Entegrasyon.Blazor/Entegrasyon.Blazor.csproj" (target "_GetRestoreSettingsCurrentProject" depends on it):
   1:5>Done building target "_GetRestoreSettingsPerFramework" in project "Entegrasyon.Blazor.csproj".
   1:5>Target "_GetRestoreSettingsCurrentProject" in file "/usr/lib64/dotnet/sdk/10.0.101/NuGet.targets" from project "/home/baturhan/Projeler/Entegrasyon/Application/Entegrasyon.Blazor/Entegrasyon.Blazor.csproj" (target "_GetRestoreSettings" depends on it):
   1:5>Done building target "_GetRestoreSettingsCurrentProject" in project "Entegrasyon.Blazor.csproj".
   1:5>Target "_GetRestoreSettings" in file "/usr/lib64/dotnet/sdk/10.0.101/NuGet.targets" from project "/home/baturhan/Projeler/Entegrasyon/Application/Entegrasyon.Blazor/Entegrasyon.Blazor.csproj" (target "_GenerateDotnetCliToolReferenceSpecs" depends on it):
       Using "GetRestoreSettingsTask" task from assembly "/usr/lib64/dotnet/sdk/10.0.101/NuGet.Build.Tasks.dll".
       Task "GetRestoreSettingsTask"
       Done executing task "GetRestoreSettingsTask".
   1:5>Done building target "_GetRestoreSettings" in project "Entegrasyon.Blazor.csproj".
   1:5>Target "_GenerateDotnetCliToolReferenceSpecs" in file "/usr/lib64/dotnet/sdk/10.0.101/NuGet.targets" from project "/home/baturhan/Projeler/Entegrasyon/Application/Entegrasyon.Blazor/Entegrasyon.Blazor.csproj" (target "_GenerateRestoreGraphProjectEntry" depends on it):
       Using "GetRestoreDotnetCliToolsTask" task from assembly "/usr/lib64/dotnet/sdk/10.0.101/NuGet.Build.Tasks.dll".
       Task "GetRestoreDotnetCliToolsTask"
       Done executing task "GetRestoreDotnetCliToolsTask".
   1:5>Done building target "_GenerateDotnetCliToolReferenceSpecs" in project "Entegrasyon.Blazor.csproj".
   1:5>Target "_GenerateRestoreGraphProjectEntry" in file "/usr/lib64/dotnet/sdk/10.0.101/NuGet.targets" from project "/home/baturhan/Projeler/Entegrasyon/Application/Entegrasyon.Blazor/Entegrasyon.Blazor.csproj" (entry point):
   1:5>Done building target "_GenerateRestoreGraphProjectEntry" in project "Entegrasyon.Blazor.csproj".
   1:5>Done Building Project "/home/baturhan/Projeler/Entegrasyon/Application/Entegrasyon.Blazor/Entegrasyon.Blazor.csproj" (_GenerateRestoreGraphProjectEntry target(s)).
     1>Done executing task "MSBuild".
       Task "MSBuild"
         Global Properties:
           ExcludeRestorePackageImports=true
     1>Project "/home/baturhan/Projeler/Entegrasyon/Application/Entegrasyon.Blazor/Entegrasyon.Blazor.csproj" (1) is building "/home/baturhan/Projeler/Entegrasyon/Application/Entegrasyon.Business/Entegrasyon.Business.csproj" (2:6) on node 1 (_GenerateProjectRestoreGraph target(s)).
   2:6>Target "_GetRestoreProjectStyle" skipped. Previously built successfully.
       Target "_GetRestoreProjectStyle" skipped. Previously built successfully.
       Target "_GetRestoreProjectStyle" skipped. Previously built successfully.
   2:6>Target "_GetRestoreTargetFrameworkOverride" in file "/usr/lib64/dotnet/sdk/10.0.101/NuGet.targets" from project "/home/baturhan/Projeler/Entegrasyon/Application/Entegrasyon.Business/Entegrasyon.Business.csproj" (target "_GetRestoreTargetFrameworksOutput" depends on it):
   2:6>Done building target "_GetRestoreTargetFrameworkOverride" in project "Entegrasyon.Business.csproj".
     1>Project "/home/baturhan/Projeler/Entegrasyon/Application/Entegrasyon.Blazor/Entegrasyon.Blazor.csproj" (1) is building "/home/baturhan/Projeler/Entegrasyon/Application/Entegrasyon.MessageQueue.Commands/Entegrasyon.MessageQueue.Commands.csproj" (5:5) on node 5 (_GenerateProjectRestoreGraph target(s)).
   5:5>Target "_GetRestoreProjectStyle" skipped. Previously built successfully.
     1>Project "/home/baturhan/Projeler/Entegrasyon/Application/Entegrasyon.Blazor/Entegrasyon.Blazor.csproj" (1) is building "/home/baturhan/Projeler/Entegrasyon/Shared/Shared/Shared.csproj" (6:6) on node 4 (_GenerateProjectRestoreGraph target(s)).
   6:6>Target "_GetRestoreProjectStyle" skipped. Previously built successfully.
   5:5>Target "_GetRestoreProjectStyle" skipped. Previously built successfully.
   6:6>Target "_GetRestoreProjectStyle" skipped. Previously built successfully.
   5:5>Target "_GetRestoreProjectStyle" skipped. Previously built successfully.
   6:6>Target "_GetRestoreProjectStyle" skipped. Previously built successfully.
   5:5>Target "_GetRestoreTargetFrameworkOverride" in file "/usr/lib64/dotnet/sdk/10.0.101/NuGet.targets" from project "/home/baturhan/Projeler/Entegrasyon/Application/Entegrasyon.MessageQueue.Commands/Entegrasyon.MessageQueue.Commands.csproj" (target "_GetRestoreTargetFrameworksOutput" depends on it):
   5:5>Done building target "_GetRestoreTargetFrameworkOverride" in project "Entegrasyon.MessageQueue.Commands.csproj".
   6:6>Target "_GetRestoreTargetFrameworkOverride" in file "/usr/lib64/dotnet/sdk/10.0.101/NuGet.targets" from project "/home/baturhan/Projeler/Entegrasyon/Shared/Shared/Shared.csproj" (target "_GetRestoreTargetFrameworksOutput" depends on it):
   6:6>Done building target "_GetRestoreTargetFrameworkOverride" in project "Shared.csproj".
     1>Project "/home/baturhan/Projeler/Entegrasyon/Application/Entegrasyon.Blazor/Entegrasyon.Blazor.csproj" (1) is building "/home/baturhan/Projeler/Entegrasyon/Application/Entegrasyon.ApplicationBootstrap/Entegrasyon.ApplicationBootstrap.csproj" (4:4) on node 3 (_GenerateProjectRestoreGraph target(s)).
   4:4>Target "_GetRestoreProjectStyle" skipped. Previously built successfully.
       Target "_GetRestoreProjectStyle" skipped. Previously built successfully.
       Target "_GetRestoreProjectStyle" skipped. Previously built successfully.
   4:4>Target "_GetRestoreTargetFrameworkOverride" in file "/usr/lib64/dotnet/sdk/10.0.101/NuGet.targets" from project "/home/baturhan/Projeler/Entegrasyon/Application/Entegrasyon.ApplicationBootstrap/Entegrasyon.ApplicationBootstrap.csproj" (target "_GetRestoreTargetFrameworksOutput" depends on it):
   4:4>Done building target "_GetRestoreTargetFrameworkOverride" in project "Entegrasyon.ApplicationBootstrap.csproj".
   5:5>Target "_GetRestoreTargetFrameworksOutput" in file "/usr/lib64/dotnet/sdk/10.0.101/NuGet.targets" from project "/home/baturhan/Projeler/Entegrasyon/Application/Entegrasyon.MessageQueue.Commands/Entegrasyon.MessageQueue.Commands.csproj" (target "_GenerateRestoreProjectSpec" depends on it):
   5:5>Using "GetProjectTargetFrameworksTask" task from assembly "/usr/lib64/dotnet/sdk/10.0.101/NuGet.Build.Tasks.dll".
       Task "GetProjectTargetFrameworksTask"
   6:6>Target "_GetRestoreTargetFrameworksOutput" in file "/usr/lib64/dotnet/sdk/10.0.101/NuGet.targets" from project "/home/baturhan/Projeler/Entegrasyon/Shared/Shared/Shared.csproj" (target "_GenerateRestoreProjectSpec" depends on it):
   6:6>Using "GetProjectTargetFrameworksTask" task from assembly "/usr/lib64/dotnet/sdk/10.0.101/NuGet.Build.Tasks.dll".
     1>Project "/home/baturhan/Projeler/Entegrasyon/Application/Entegrasyon.Blazor/Entegrasyon.Blazor.csproj" (1) is building "/home/baturhan/Projeler/Entegrasyon/Application/Entegrasyon.MessageQueue/Entegrasyon.MessageQueue.Handler.csproj" (3:4) on node 2 (_GenerateProjectRestoreGraph target(s)).
   3:4>Target "_GetRestoreProjectStyle" skipped. Previously built successfully.
   6:6>Task "GetProjectTargetFrameworksTask"
   3:4>Target "_GetRestoreProjectStyle" skipped. Previously built successfully.
       Target "_GetRestoreProjectStyle" skipped. Previously built successfully.
   5:5>Done executing task "GetProjectTargetFrameworksTask".
   2:6>Target "_GetRestoreTargetFrameworksOutput" in file "/usr/lib64/dotnet/sdk/10.0.101/NuGet.targets" from project "/home/baturhan/Projeler/Entegrasyon/Application/Entegrasyon.Business/Entegrasyon.Business.csproj" (target "_GenerateRestoreProjectSpec" depends on it):
   2:6>Using "GetProjectTargetFrameworksTask" task from assembly "/usr/lib64/dotnet/sdk/10.0.101/NuGet.Build.Tasks.dll".
       Task "GetProjectTargetFrameworksTask"
   3:4>Target "_GetRestoreTargetFrameworkOverride" in file "/usr/lib64/dotnet/sdk/10.0.101/NuGet.targets" from project "/home/baturhan/Projeler/Entegrasyon/Application/Entegrasyon.MessageQueue/Entegrasyon.MessageQueue.Handler.csproj" (target "_GetRestoreTargetFrameworksOutput" depends on it):
   3:4>Done building target "_GetRestoreTargetFrameworkOverride" in project "Entegrasyon.MessageQueue.Handler.csproj".
   4:4>Target "_GetRestoreTargetFrameworksOutput" in file "/usr/lib64/dotnet/sdk/10.0.101/NuGet.targets" from project "/home/baturhan/Projeler/Entegrasyon/Application/Entegrasyon.ApplicationBootstrap/Entegrasyon.ApplicationBootstrap.csproj" (target "_GenerateRestoreProjectSpec" depends on it):
   4:4>Using "GetProjectTargetFrameworksTask" task from assembly "/usr/lib64/dotnet/sdk/10.0.101/NuGet.Build.Tasks.dll".
       Task "GetProjectTargetFrameworksTask"
   5:5>Done building target "_GetRestoreTargetFrameworksOutput" in project "Entegrasyon.MessageQueue.Commands.csproj".
   6:6>Done executing task "GetProjectTargetFrameworksTask".
   3:4>Target "_GetRestoreTargetFrameworksOutput" in file "/usr/lib64/dotnet/sdk/10.0.101/NuGet.targets" from project "/home/baturhan/Projeler/Entegrasyon/Application/Entegrasyon.MessageQueue/Entegrasyon.MessageQueue.Handler.csproj" (target "_GenerateRestoreProjectSpec" depends on it):
   3:4>Using "GetProjectTargetFrameworksTask" task from assembly "/usr/lib64/dotnet/sdk/10.0.101/NuGet.Build.Tasks.dll".
   5:5>Target "_GetRestoreSettings" skipped. Previously built successfully.
   5:5>Target "_GenerateRestoreProjectSpec" in file "/usr/lib64/dotnet/sdk/10.0.101/NuGet.targets" from project "/home/baturhan/Projeler/Entegrasyon/Application/Entegrasyon.MessageQueue.Commands/Entegrasyon.MessageQueue.Commands.csproj" (target "_GenerateProjectRestoreGraph" depends on it):
       Task "ConvertToAbsolutePath"
   3:4>Task "GetProjectTargetFrameworksTask"
   5:5>Done executing task "ConvertToAbsolutePath".
   4:4>Done executing task "GetProjectTargetFrameworksTask".
   6:6>Done building target "_GetRestoreTargetFrameworksOutput" in project "Shared.csproj".
       Target "_GetRestoreSettings" skipped. Previously built successfully.
   5:5>Done building target "_GenerateRestoreProjectSpec" in project "Entegrasyon.MessageQueue.Commands.csproj".
   6:6>Target "_GenerateRestoreProjectSpec" in file "/usr/lib64/dotnet/sdk/10.0.101/NuGet.targets" from project "/home/baturhan/Projeler/Entegrasyon/Shared/Shared/Shared.csproj" (target "_GenerateProjectRestoreGraph" depends on it):
   6:6>Task "ConvertToAbsolutePath"
   5:5>Target "_GetRestoreProjectStyle" skipped. Previously built successfully.
       Target "CollectPackageReferences" skipped. Previously built successfully.
   5:5>Target "CollectPackageDownloads" in file "/usr/lib64/dotnet/sdk/10.0.101/NuGet.targets" from project "/home/baturhan/Projeler/Entegrasyon/Application/Entegrasyon.MessageQueue.Commands/Entegrasyon.MessageQueue.Commands.csproj" (target "_CollectRestoreInputs" depends on it):
       Task "CheckForDuplicateNuGetItemsTask"
   3:4>Done executing task "GetProjectTargetFrameworksTask".
   4:4>Done building target "_GetRestoreTargetFrameworksOutput" in project "Entegrasyon.ApplicationBootstrap.csproj".
       Target "_GetRestoreSettings" skipped. Previously built successfully.
   6:6>Done executing task "ConvertToAbsolutePath".
   4:4>Target "_GenerateRestoreProjectSpec" in file "/usr/lib64/dotnet/sdk/10.0.101/NuGet.targets" from project "/home/baturhan/Projeler/Entegrasyon/Application/Entegrasyon.ApplicationBootstrap/Entegrasyon.ApplicationBootstrap.csproj" (target "_GenerateProjectRestoreGraph" depends on it):
   4:4>Task "ConvertToAbsolutePath"
   3:4>Done building target "_GetRestoreTargetFrameworksOutput" in project "Entegrasyon.MessageQueue.Handler.csproj".
   4:4>Done executing task "ConvertToAbsolutePath".
   5:5>Done executing task "CheckForDuplicateNuGetItemsTask".
   3:4>Target "_GetRestoreSettings" skipped. Previously built successfully.
   5:5>Done building target "CollectPackageDownloads" in project "Entegrasyon.MessageQueue.Commands.csproj".
   3:4>Target "_GenerateRestoreProjectSpec" in file "/usr/lib64/dotnet/sdk/10.0.101/NuGet.targets" from project "/home/baturhan/Projeler/Entegrasyon/Application/Entegrasyon.MessageQueue/Entegrasyon.MessageQueue.Handler.csproj" (target "_GenerateProjectRestoreGraph" depends on it):
   3:4>Task "ConvertToAbsolutePath"
       Done executing task "ConvertToAbsolutePath".
   5:5>Target "CollectFrameworkReferences" in file "/usr/lib64/dotnet/sdk/10.0.101/NuGet.targets" from project "/home/baturhan/Projeler/Entegrasyon/Application/Entegrasyon.MessageQueue.Commands/Entegrasyon.MessageQueue.Commands.csproj" (target "_CollectRestoreInputs" depends on it):
   5:5>Done building target "CollectFrameworkReferences" in project "Entegrasyon.MessageQueue.Commands.csproj".
   5:5>Target "CollectCentralPackageVersions" in file "/usr/lib64/dotnet/sdk/10.0.101/NuGet.targets" from project "/home/baturhan/Projeler/Entegrasyon/Application/Entegrasyon.MessageQueue.Commands/Entegrasyon.MessageQueue.Commands.csproj" (target "_CollectRestoreInputs" depends on it):
       Task "CheckForDuplicateNuGetItemsTask"
       Done executing task "CheckForDuplicateNuGetItemsTask".
   6:6>Done building target "_GenerateRestoreProjectSpec" in project "Shared.csproj".
   5:5>Done building target "CollectCentralPackageVersions" in project "Entegrasyon.MessageQueue.Commands.csproj".
   6:6>Target "_GetRestoreProjectStyle" skipped. Previously built successfully.
       Target "CollectPackageReferences" skipped. Previously built successfully.
   5:5>Target "CollectNuGetAuditSuppressions" in file "/usr/lib64/dotnet/sdk/10.0.101/NuGet.targets" from project "/home/baturhan/Projeler/Entegrasyon/Application/Entegrasyon.MessageQueue.Commands/Entegrasyon.MessageQueue.Commands.csproj" (target "_CollectRestoreInputs" depends on it):
   5:5>Task "CheckForDuplicateNuGetItemsTask"
       Done executing task "CheckForDuplicateNuGetItemsTask".
   4:4>Done building target "_GenerateRestoreProjectSpec" in project "Entegrasyon.ApplicationBootstrap.csproj".
   6:6>Target "CollectPackageDownloads" in file "/usr/lib64/dotnet/sdk/10.0.101/NuGet.targets" from project "/home/baturhan/Projeler/Entegrasyon/Shared/Shared/Shared.csproj" (target "_CollectRestoreInputs" depends on it):
   6:6>Task "CheckForDuplicateNuGetItemsTask"
   4:4>Target "_GetRestoreProjectStyle" skipped. Previously built successfully.
   5:5>Done building target "CollectNuGetAuditSuppressions" in project "Entegrasyon.MessageQueue.Commands.csproj".
   4:4>Target "CollectPackageReferences" skipped. Previously built successfully.
   3:4>Done building target "_GenerateRestoreProjectSpec" in project "Entegrasyon.MessageQueue.Handler.csproj".
   5:5>Target "CollectPrunePackageReferences" in file "/usr/lib64/dotnet/sdk/10.0.101/NuGet.targets" from project "/home/baturhan/Projeler/Entegrasyon/Application/Entegrasyon.MessageQueue.Commands/Entegrasyon.MessageQueue.Commands.csproj" (target "_CollectRestoreInputs" depends on it):
   5:5>Task "CheckForDuplicateNuGetItemsTask"
   4:4>Target "CollectPackageDownloads" in file "/usr/lib64/dotnet/sdk/10.0.101/NuGet.targets" from project "/home/baturhan/Projeler/Entegrasyon/Application/Entegrasyon.ApplicationBootstrap/Entegrasyon.ApplicationBootstrap.csproj" (target "_CollectRestoreInputs" depends on it):
   4:4>Task "CheckForDuplicateNuGetItemsTask"
   5:5>Done executing task "CheckForDuplicateNuGetItemsTask".
   5:5>Done building target "CollectPrunePackageReferences" in project "Entegrasyon.MessageQueue.Commands.csproj".
   3:4>Target "_GetRestoreProjectStyle" skipped. Previously built successfully.
   6:6>Done executing task "CheckForDuplicateNuGetItemsTask".
   6:6>Done building target "CollectPackageDownloads" in project "Shared.csproj".
   3:4>Target "CollectPackageReferences" skipped. Previously built successfully.
   5:5>Target "_CollectRestoreInputs" in file "/usr/lib64/dotnet/sdk/10.0.101/NuGet.targets" from project "/home/baturhan/Projeler/Entegrasyon/Application/Entegrasyon.MessageQueue.Commands/Entegrasyon.MessageQueue.Commands.csproj" (target "_GenerateProjectRestoreGraphPerFramework" depends on it):
   5:5>Done building target "_CollectRestoreInputs" in project "Entegrasyon.MessageQueue.Commands.csproj".
   3:4>Target "CollectPackageDownloads" in file "/usr/lib64/dotnet/sdk/10.0.101/NuGet.targets" from project "/home/baturhan/Projeler/Entegrasyon/Application/Entegrasyon.MessageQueue/Entegrasyon.MessageQueue.Handler.csproj" (target "_CollectRestoreInputs" depends on it):
   3:4>Task "CheckForDuplicateNuGetItemsTask"
   5:5>Target "_GenerateProjectRestoreGraphPerFramework" in file "/usr/lib64/dotnet/sdk/10.0.101/NuGet.targets" from project "/home/baturhan/Projeler/Entegrasyon/Application/Entegrasyon.MessageQueue.Commands/Entegrasyon.MessageQueue.Commands.csproj" (target "_GenerateProjectRestoreGraphCurrentProject" depends on it):
   5:5>Using "GetRestoreProjectReferencesTask" task from assembly "/usr/lib64/dotnet/sdk/10.0.101/NuGet.Build.Tasks.dll".
   4:4>Done executing task "CheckForDuplicateNuGetItemsTask".
   5:5>Task "GetRestoreProjectReferencesTask"
   4:4>Done building target "CollectPackageDownloads" in project "Entegrasyon.ApplicationBootstrap.csproj".
   6:6>Target "CollectFrameworkReferences" in file "/usr/lib64/dotnet/sdk/10.0.101/NuGet.targets" from project "/home/baturhan/Projeler/Entegrasyon/Shared/Shared/Shared.csproj" (target "_CollectRestoreInputs" depends on it):
   6:6>Done building target "CollectFrameworkReferences" in project "Shared.csproj".
   5:5>Done executing task "GetRestoreProjectReferencesTask".
       Using "GetRestorePackageReferencesTask" task from assembly "/usr/lib64/dotnet/sdk/10.0.101/NuGet.Build.Tasks.dll".
   6:6>Target "CollectCentralPackageVersions" in file "/usr/lib64/dotnet/sdk/10.0.101/NuGet.targets" from project "/home/baturhan/Projeler/Entegrasyon/Shared/Shared/Shared.csproj" (target "_CollectRestoreInputs" depends on it):
   6:6>Task "CheckForDuplicateNuGetItemsTask"
   5:5>Task "GetRestorePackageReferencesTask"
   3:4>Done executing task "CheckForDuplicateNuGetItemsTask".
   3:4>Done building target "CollectPackageDownloads" in project "Entegrasyon.MessageQueue.Handler.csproj".
   5:5>Done executing task "GetRestorePackageReferencesTask".
   4:4>Target "CollectFrameworkReferences" in file "/usr/lib64/dotnet/sdk/10.0.101/NuGet.targets" from project "/home/baturhan/Projeler/Entegrasyon/Application/Entegrasyon.ApplicationBootstrap/Entegrasyon.ApplicationBootstrap.csproj" (target "_CollectRestoreInputs" depends on it):
   4:4>Done building target "CollectFrameworkReferences" in project "Entegrasyon.ApplicationBootstrap.csproj".
   3:4>Target "CollectFrameworkReferences" in file "/usr/lib64/dotnet/sdk/10.0.101/NuGet.targets" from project "/home/baturhan/Projeler/Entegrasyon/Application/Entegrasyon.MessageQueue/Entegrasyon.MessageQueue.Handler.csproj" (target "_CollectRestoreInputs" depends on it):
   3:4>Done building target "CollectFrameworkReferences" in project "Entegrasyon.MessageQueue.Handler.csproj".
   5:5>_GenerateProjectRestoreGraphPerFramework:
       Using "GetRestorePackageDownloadsTask" task from assembly "/usr/lib64/dotnet/sdk/10.0.101/NuGet.Build.Tasks.dll".
       Task "GetRestorePackageDownloadsTask"
   4:4>Target "CollectCentralPackageVersions" in file "/usr/lib64/dotnet/sdk/10.0.101/NuGet.targets" from project "/home/baturhan/Projeler/Entegrasyon/Application/Entegrasyon.ApplicationBootstrap/Entegrasyon.ApplicationBootstrap.csproj" (target "_CollectRestoreInputs" depends on it):
   4:4>Task "CheckForDuplicateNuGetItemsTask"
   5:5>Done executing task "GetRestorePackageDownloadsTask".
   6:6>Done executing task "CheckForDuplicateNuGetItemsTask".
   5:5>_GenerateProjectRestoreGraphPerFramework:
       Using "GetRestoreFrameworkReferencesTask" task from assembly "/usr/lib64/dotnet/sdk/10.0.101/NuGet.Build.Tasks.dll".
   3:4>Target "CollectCentralPackageVersions" in file "/usr/lib64/dotnet/sdk/10.0.101/NuGet.targets" from project "/home/baturhan/Projeler/Entegrasyon/Application/Entegrasyon.MessageQueue/Entegrasyon.MessageQueue.Handler.csproj" (target "_CollectRestoreInputs" depends on it):
   3:4>Task "CheckForDuplicateNuGetItemsTask"
   6:6>Done building target "CollectCentralPackageVersions" in project "Shared.csproj".
   4:4>Done executing task "CheckForDuplicateNuGetItemsTask".
   4:4>Done building target "CollectCentralPackageVersions" in project "Entegrasyon.ApplicationBootstrap.csproj".
   5:5>Task "GetRestoreFrameworkReferencesTask"
       Done executing task "GetRestoreFrameworkReferencesTask".
   6:6>Target "CollectNuGetAuditSuppressions" in file "/usr/lib64/dotnet/sdk/10.0.101/NuGet.targets" from project "/home/baturhan/Projeler/Entegrasyon/Shared/Shared/Shared.csproj" (target "_CollectRestoreInputs" depends on it):
   6:6>Task "CheckForDuplicateNuGetItemsTask"
   5:5>_GenerateProjectRestoreGraphPerFramework:
       Using "GetRestoreNuGetAuditSuppressionsTask" task from assembly "/usr/lib64/dotnet/sdk/10.0.101/NuGet.Build.Tasks.dll".
   4:4>Target "CollectNuGetAuditSuppressions" in file "/usr/lib64/dotnet/sdk/10.0.101/NuGet.targets" from project "/home/baturhan/Projeler/Entegrasyon/Application/Entegrasyon.ApplicationBootstrap/Entegrasyon.ApplicationBootstrap.csproj" (target "_CollectRestoreInputs" depends on it):
   4:4>Task "CheckForDuplicateNuGetItemsTask"
   5:5>Task "GetRestoreNuGetAuditSuppressionsTask"
       Done executing task "GetRestoreNuGetAuditSuppressionsTask".
   3:4>Done executing task "CheckForDuplicateNuGetItemsTask".
   6:6>Done executing task "CheckForDuplicateNuGetItemsTask".
   3:4>Done building target "CollectCentralPackageVersions" in project "Entegrasyon.MessageQueue.Handler.csproj".
   5:5>_GenerateProjectRestoreGraphPerFramework:
       Using "GetRestorePrunePackageReferencesTask" task from assembly "/usr/lib64/dotnet/sdk/10.0.101/NuGet.Build.Tasks.dll".
   3:4>Target "CollectNuGetAuditSuppressions" in file "/usr/lib64/dotnet/sdk/10.0.101/NuGet.targets" from project "/home/baturhan/Projeler/Entegrasyon/Application/Entegrasyon.MessageQueue/Entegrasyon.MessageQueue.Handler.csproj" (target "_CollectRestoreInputs" depends on it):
   3:4>Task "CheckForDuplicateNuGetItemsTask"
   6:6>Done building target "CollectNuGetAuditSuppressions" in project "Shared.csproj".
   5:5>Task "GetRestorePrunePackageReferencesTask"
   2:6>Done executing task "GetProjectTargetFrameworksTask".
   5:5>Done executing task "GetRestorePrunePackageReferencesTask".
   6:6>Target "CollectPrunePackageReferences" in file "/usr/lib64/dotnet/sdk/10.0.101/NuGet.targets" from project "/home/baturhan/Projeler/Entegrasyon/Shared/Shared/Shared.csproj" (target "_CollectRestoreInputs" depends on it):
   6:6>Task "CheckForDuplicateNuGetItemsTask"
   5:5>Done building target "_GenerateProjectRestoreGraphPerFramework" in project "Entegrasyon.MessageQueue.Commands.csproj".
   4:4>Done executing task "CheckForDuplicateNuGetItemsTask".
   4:4>Done building target "CollectNuGetAuditSuppressions" in project "Entegrasyon.ApplicationBootstrap.csproj".
   5:5>Target "_GenerateProjectRestoreGraphCurrentProject" in file "/usr/lib64/dotnet/sdk/10.0.101/NuGet.targets" from project "/home/baturhan/Projeler/Entegrasyon/Application/Entegrasyon.MessageQueue.Commands/Entegrasyon.MessageQueue.Commands.csproj" (target "_GenerateRestoreDependencies" depends on it):
   5:5>Done building target "_GenerateProjectRestoreGraphCurrentProject" in project "Entegrasyon.MessageQueue.Commands.csproj".
   6:6>Done executing task "CheckForDuplicateNuGetItemsTask".
   6:6>Done building target "CollectPrunePackageReferences" in project "Shared.csproj".
   6:6>Target "_CollectRestoreInputs" in file "/usr/lib64/dotnet/sdk/10.0.101/NuGet.targets" from project "/home/baturhan/Projeler/Entegrasyon/Shared/Shared/Shared.csproj" (target "_GenerateProjectRestoreGraphPerFramework" depends on it):
   6:6>Done building target "_CollectRestoreInputs" in project "Shared.csproj".
   2:6>Done building target "_GetRestoreTargetFrameworksOutput" in project "Entegrasyon.Business.csproj".
   5:5>Target "_GenerateRestoreDependencies" in file "/usr/lib64/dotnet/sdk/10.0.101/NuGet.targets" from project "/home/baturhan/Projeler/Entegrasyon/Application/Entegrasyon.MessageQueue.Commands/Entegrasyon.MessageQueue.Commands.csproj" (target "_GenerateProjectRestoreGraph" depends on it):
   5:5>Done building target "_GenerateRestoreDependencies" in project "Entegrasyon.MessageQueue.Commands.csproj".
   4:4>Target "CollectPrunePackageReferences" in file "/usr/lib64/dotnet/sdk/10.0.101/NuGet.targets" from project "/home/baturhan/Projeler/Entegrasyon/Application/Entegrasyon.ApplicationBootstrap/Entegrasyon.ApplicationBootstrap.csproj" (target "_CollectRestoreInputs" depends on it):
   4:4>Task "CheckForDuplicateNuGetItemsTask"
   2:6>Target "_GetRestoreSettings" skipped. Previously built successfully.
   3:4>Done executing task "CheckForDuplicateNuGetItemsTask".
   4:4>Done executing task "CheckForDuplicateNuGetItemsTask".
   4:4>Done building target "CollectPrunePackageReferences" in project "Entegrasyon.ApplicationBootstrap.csproj".
   5:5>Target "_GenerateProjectRestoreGraph" in file "/usr/lib64/dotnet/sdk/10.0.101/NuGet.targets" from project "/home/baturhan/Projeler/Entegrasyon/Application/Entegrasyon.MessageQueue.Commands/Entegrasyon.MessageQueue.Commands.csproj" (entry point):
   5:5>Done building target "_GenerateProjectRestoreGraph" in project "Entegrasyon.MessageQueue.Commands.csproj".
   4:4>Target "_CollectRestoreInputs" in file "/usr/lib64/dotnet/sdk/10.0.101/NuGet.targets" from project "/home/baturhan/Projeler/Entegrasyon/Application/Entegrasyon.ApplicationBootstrap/Entegrasyon.ApplicationBootstrap.csproj" (target "_GenerateProjectRestoreGraphPerFramework" depends on it):
   4:4>Done building target "_CollectRestoreInputs" in project "Entegrasyon.ApplicationBootstrap.csproj".
   3:4>Done building target "CollectNuGetAuditSuppressions" in project "Entegrasyon.MessageQueue.Handler.csproj".
   2:6>Target "_GenerateRestoreProjectSpec" in file "/usr/lib64/dotnet/sdk/10.0.101/NuGet.targets" from project "/home/baturhan/Projeler/Entegrasyon/Application/Entegrasyon.Business/Entegrasyon.Business.csproj" (target "_GenerateProjectRestoreGraph" depends on it):
   2:6>Task "ConvertToAbsolutePath"
   3:4>Target "CollectPrunePackageReferences" in file "/usr/lib64/dotnet/sdk/10.0.101/NuGet.targets" from project "/home/baturhan/Projeler/Entegrasyon/Application/Entegrasyon.MessageQueue/Entegrasyon.MessageQueue.Handler.csproj" (target "_CollectRestoreInputs" depends on it):
   3:4>Task "CheckForDuplicateNuGetItemsTask"
   5:5>Done Building Project "/home/baturhan/Projeler/Entegrasyon/Application/Entegrasyon.MessageQueue.Commands/Entegrasyon.MessageQueue.Commands.csproj" (_GenerateProjectRestoreGraph target(s)).
   3:4>Done executing task "CheckForDuplicateNuGetItemsTask".
   6:6>Target "_GenerateProjectRestoreGraphPerFramework" in file "/usr/lib64/dotnet/sdk/10.0.101/NuGet.targets" from project "/home/baturhan/Projeler/Entegrasyon/Shared/Shared/Shared.csproj" (target "_GenerateProjectRestoreGraphCurrentProject" depends on it):
   6:6>Using "GetRestoreProjectReferencesTask" task from assembly "/usr/lib64/dotnet/sdk/10.0.101/NuGet.Build.Tasks.dll".
       Task "GetRestoreProjectReferencesTask"
   3:4>Done building target "CollectPrunePackageReferences" in project "Entegrasyon.MessageQueue.Handler.csproj".
   2:6>Done executing task "ConvertToAbsolutePath".
   4:4>Target "_GenerateProjectRestoreGraphPerFramework" in file "/usr/lib64/dotnet/sdk/10.0.101/NuGet.targets" from project "/home/baturhan/Projeler/Entegrasyon/Application/Entegrasyon.ApplicationBootstrap/Entegrasyon.ApplicationBootstrap.csproj" (target "_GenerateProjectRestoreGraphCurrentProject" depends on it):
   4:4>Using "GetRestoreProjectReferencesTask" task from assembly "/usr/lib64/dotnet/sdk/10.0.101/NuGet.Build.Tasks.dll".
       Task "GetRestoreProjectReferencesTask"
   3:4>Target "_CollectRestoreInputs" in file "/usr/lib64/dotnet/sdk/10.0.101/NuGet.targets" from project "/home/baturhan/Projeler/Entegrasyon/Application/Entegrasyon.MessageQueue/Entegrasyon.MessageQueue.Handler.csproj" (target "_GenerateProjectRestoreGraphPerFramework" depends on it):
   3:4>Done building target "_CollectRestoreInputs" in project "Entegrasyon.MessageQueue.Handler.csproj".
   6:6>Done executing task "GetRestoreProjectReferencesTask".
   3:4>Target "_GenerateProjectRestoreGraphPerFramework" in file "/usr/lib64/dotnet/sdk/10.0.101/NuGet.targets" from project "/home/baturhan/Projeler/Entegrasyon/Application/Entegrasyon.MessageQueue/Entegrasyon.MessageQueue.Handler.csproj" (target "_GenerateProjectRestoreGraphCurrentProject" depends on it):
   3:4>Using "GetRestoreProjectReferencesTask" task from assembly "/usr/lib64/dotnet/sdk/10.0.101/NuGet.Build.Tasks.dll".
       Task "GetRestoreProjectReferencesTask"
   6:6>_GenerateProjectRestoreGraphPerFramework:
       Using "GetRestorePackageReferencesTask" task from assembly "/usr/lib64/dotnet/sdk/10.0.101/NuGet.Build.Tasks.dll".
       Task "GetRestorePackageReferencesTask"
   4:4>Done executing task "GetRestoreProjectReferencesTask".
   2:6>Done building target "_GenerateRestoreProjectSpec" in project "Entegrasyon.Business.csproj".
   3:4>Done executing task "GetRestoreProjectReferencesTask".
   4:4>_GenerateProjectRestoreGraphPerFramework:
       Using "GetRestorePackageReferencesTask" task from assembly "/usr/lib64/dotnet/sdk/10.0.101/NuGet.Build.Tasks.dll".
       Task "GetRestorePackageReferencesTask"
   2:6>Target "_GetRestoreProjectStyle" skipped. Previously built successfully.
       Target "CollectPackageReferences" skipped. Previously built successfully.
   2:6>Target "CollectPackageDownloads" in file "/usr/lib64/dotnet/sdk/10.0.101/NuGet.targets" from project "/home/baturhan/Projeler/Entegrasyon/Application/Entegrasyon.Business/Entegrasyon.Business.csproj" (target "_CollectRestoreInputs" depends on it):
       Task "CheckForDuplicateNuGetItemsTask"
   3:4>_GenerateProjectRestoreGraphPerFramework:
       Using "GetRestorePackageReferencesTask" task from assembly "/usr/lib64/dotnet/sdk/10.0.101/NuGet.Build.Tasks.dll".
       Task "GetRestorePackageReferencesTask"
   6:6>Done executing task "GetRestorePackageReferencesTask".
   4:4>Done executing task "GetRestorePackageReferencesTask".
   3:4>Done executing task "GetRestorePackageReferencesTask".
   4:4>_GenerateProjectRestoreGraphPerFramework:
       Using "GetRestorePackageDownloadsTask" task from assembly "/usr/lib64/dotnet/sdk/10.0.101/NuGet.Build.Tasks.dll".
       Task "GetRestorePackageDownloadsTask"
   6:6>_GenerateProjectRestoreGraphPerFramework:
       Using "GetRestorePackageDownloadsTask" task from assembly "/usr/lib64/dotnet/sdk/10.0.101/NuGet.Build.Tasks.dll".
   3:4>_GenerateProjectRestoreGraphPerFramework:
       Using "GetRestorePackageDownloadsTask" task from assembly "/usr/lib64/dotnet/sdk/10.0.101/NuGet.Build.Tasks.dll".
       Task "GetRestorePackageDownloadsTask"
   6:6>Task "GetRestorePackageDownloadsTask"
   2:6>Done executing task "CheckForDuplicateNuGetItemsTask".
   2:6>Done building target "CollectPackageDownloads" in project "Entegrasyon.Business.csproj".
   4:4>Done executing task "GetRestorePackageDownloadsTask".
   3:4>Done executing task "GetRestorePackageDownloadsTask".
   6:6>Done executing task "GetRestorePackageDownloadsTask".
   2:6>Target "CollectFrameworkReferences" in file "/usr/lib64/dotnet/sdk/10.0.101/NuGet.targets" from project "/home/baturhan/Projeler/Entegrasyon/Application/Entegrasyon.Business/Entegrasyon.Business.csproj" (target "_CollectRestoreInputs" depends on it):
   2:6>Done building target "CollectFrameworkReferences" in project "Entegrasyon.Business.csproj".
   3:4>_GenerateProjectRestoreGraphPerFramework:
       Using "GetRestoreFrameworkReferencesTask" task from assembly "/usr/lib64/dotnet/sdk/10.0.101/NuGet.Build.Tasks.dll".
       Task "GetRestoreFrameworkReferencesTask"
   4:4>_GenerateProjectRestoreGraphPerFramework:
       Using "GetRestoreFrameworkReferencesTask" task from assembly "/usr/lib64/dotnet/sdk/10.0.101/NuGet.Build.Tasks.dll".
   2:6>Target "CollectCentralPackageVersions" in file "/usr/lib64/dotnet/sdk/10.0.101/NuGet.targets" from project "/home/baturhan/Projeler/Entegrasyon/Application/Entegrasyon.Business/Entegrasyon.Business.csproj" (target "_CollectRestoreInputs" depends on it):
   2:6>Task "CheckForDuplicateNuGetItemsTask"
   6:6>_GenerateProjectRestoreGraphPerFramework:
       Using "GetRestoreFrameworkReferencesTask" task from assembly "/usr/lib64/dotnet/sdk/10.0.101/NuGet.Build.Tasks.dll".
   4:4>Task "GetRestoreFrameworkReferencesTask"
   6:6>Task "GetRestoreFrameworkReferencesTask"
   4:4>Done executing task "GetRestoreFrameworkReferencesTask".
   3:4>Done executing task "GetRestoreFrameworkReferencesTask".
   2:6>Done executing task "CheckForDuplicateNuGetItemsTask".
   6:6>Done executing task "GetRestoreFrameworkReferencesTask".
   2:6>Done building target "CollectCentralPackageVersions" in project "Entegrasyon.Business.csproj".
   2:6>Target "CollectNuGetAuditSuppressions" in file "/usr/lib64/dotnet/sdk/10.0.101/NuGet.targets" from project "/home/baturhan/Projeler/Entegrasyon/Application/Entegrasyon.Business/Entegrasyon.Business.csproj" (target "_CollectRestoreInputs" depends on it):
       Task "CheckForDuplicateNuGetItemsTask"
   4:4>_GenerateProjectRestoreGraphPerFramework:
       Using "GetRestoreNuGetAuditSuppressionsTask" task from assembly "/usr/lib64/dotnet/sdk/10.0.101/NuGet.Build.Tasks.dll".
       Task "GetRestoreNuGetAuditSuppressionsTask"
   3:4>_GenerateProjectRestoreGraphPerFramework:
       Using "GetRestoreNuGetAuditSuppressionsTask" task from assembly "/usr/lib64/dotnet/sdk/10.0.101/NuGet.Build.Tasks.dll".
   6:6>_GenerateProjectRestoreGraphPerFramework:
       Using "GetRestoreNuGetAuditSuppressionsTask" task from assembly "/usr/lib64/dotnet/sdk/10.0.101/NuGet.Build.Tasks.dll".
   3:4>Task "GetRestoreNuGetAuditSuppressionsTask"
   6:6>Task "GetRestoreNuGetAuditSuppressionsTask"
   2:6>Done executing task "CheckForDuplicateNuGetItemsTask".
   4:4>Done executing task "GetRestoreNuGetAuditSuppressionsTask".
   6:6>Done executing task "GetRestoreNuGetAuditSuppressionsTask".
   2:6>Done building target "CollectNuGetAuditSuppressions" in project "Entegrasyon.Business.csproj".
   3:4>Done executing task "GetRestoreNuGetAuditSuppressionsTask".
   2:6>Target "CollectPrunePackageReferences" in file "/usr/lib64/dotnet/sdk/10.0.101/NuGet.targets" from project "/home/baturhan/Projeler/Entegrasyon/Application/Entegrasyon.Business/Entegrasyon.Business.csproj" (target "_CollectRestoreInputs" depends on it):
   2:6>Task "CheckForDuplicateNuGetItemsTask"
   3:4>_GenerateProjectRestoreGraphPerFramework:
       Using "GetRestorePrunePackageReferencesTask" task from assembly "/usr/lib64/dotnet/sdk/10.0.101/NuGet.Build.Tasks.dll".
       Task "GetRestorePrunePackageReferencesTask"
   6:6>_GenerateProjectRestoreGraphPerFramework:
       Using "GetRestorePrunePackageReferencesTask" task from assembly "/usr/lib64/dotnet/sdk/10.0.101/NuGet.Build.Tasks.dll".
   4:4>_GenerateProjectRestoreGraphPerFramework:
       Using "GetRestorePrunePackageReferencesTask" task from assembly "/usr/lib64/dotnet/sdk/10.0.101/NuGet.Build.Tasks.dll".
   6:6>Task "GetRestorePrunePackageReferencesTask"
   4:4>Task "GetRestorePrunePackageReferencesTask"
   2:6>Done executing task "CheckForDuplicateNuGetItemsTask".
   2:6>Done building target "CollectPrunePackageReferences" in project "Entegrasyon.Business.csproj".
   2:6>Target "_CollectRestoreInputs" in file "/usr/lib64/dotnet/sdk/10.0.101/NuGet.targets" from project "/home/baturhan/Projeler/Entegrasyon/Application/Entegrasyon.Business/Entegrasyon.Business.csproj" (target "_GenerateProjectRestoreGraphPerFramework" depends on it):
   2:6>Done building target "_CollectRestoreInputs" in project "Entegrasyon.Business.csproj".
   3:4>Done executing task "GetRestorePrunePackageReferencesTask".
   6:6>Done executing task "GetRestorePrunePackageReferencesTask".
   4:4>Done executing task "GetRestorePrunePackageReferencesTask".
   3:4>Done building target "_GenerateProjectRestoreGraphPerFramework" in project "Entegrasyon.MessageQueue.Handler.csproj".
   6:6>Done building target "_GenerateProjectRestoreGraphPerFramework" in project "Shared.csproj".
   6:6>Target "_GenerateProjectRestoreGraphCurrentProject" in file "/usr/lib64/dotnet/sdk/10.0.101/NuGet.targets" from project "/home/baturhan/Projeler/Entegrasyon/Shared/Shared/Shared.csproj" (target "_GenerateRestoreDependencies" depends on it):
   6:6>Done building target "_GenerateProjectRestoreGraphCurrentProject" in project "Shared.csproj".
   3:4>Target "_GenerateProjectRestoreGraphCurrentProject" in file "/usr/lib64/dotnet/sdk/10.0.101/NuGet.targets" from project "/home/baturhan/Projeler/Entegrasyon/Application/Entegrasyon.MessageQueue/Entegrasyon.MessageQueue.Handler.csproj" (target "_GenerateRestoreDependencies" depends on it):
   3:4>Done building target "_GenerateProjectRestoreGraphCurrentProject" in project "Entegrasyon.MessageQueue.Handler.csproj".
   6:6>Target "_GenerateRestoreDependencies" in file "/usr/lib64/dotnet/sdk/10.0.101/NuGet.targets" from project "/home/baturhan/Projeler/Entegrasyon/Shared/Shared/Shared.csproj" (target "_GenerateProjectRestoreGraph" depends on it):
   6:6>Done building target "_GenerateRestoreDependencies" in project "Shared.csproj".
   3:4>Target "_GenerateRestoreDependencies" in file "/usr/lib64/dotnet/sdk/10.0.101/NuGet.targets" from project "/home/baturhan/Projeler/Entegrasyon/Application/Entegrasyon.MessageQueue/Entegrasyon.MessageQueue.Handler.csproj" (target "_GenerateProjectRestoreGraph" depends on it):
   3:4>Done building target "_GenerateRestoreDependencies" in project "Entegrasyon.MessageQueue.Handler.csproj".
   6:6>Target "_GenerateProjectRestoreGraph" in file "/usr/lib64/dotnet/sdk/10.0.101/NuGet.targets" from project "/home/baturhan/Projeler/Entegrasyon/Shared/Shared/Shared.csproj" (entry point):
   6:6>Done building target "_GenerateProjectRestoreGraph" in project "Shared.csproj".
   4:4>Done building target "_GenerateProjectRestoreGraphPerFramework" in project "Entegrasyon.ApplicationBootstrap.csproj".
   3:4>Target "_GenerateProjectRestoreGraph" in file "/usr/lib64/dotnet/sdk/10.0.101/NuGet.targets" from project "/home/baturhan/Projeler/Entegrasyon/Application/Entegrasyon.MessageQueue/Entegrasyon.MessageQueue.Handler.csproj" (entry point):
   3:4>Done building target "_GenerateProjectRestoreGraph" in project "Entegrasyon.MessageQueue.Handler.csproj".
   2:6>Target "_GenerateProjectRestoreGraphPerFramework" in file "/usr/lib64/dotnet/sdk/10.0.101/NuGet.targets" from project "/home/baturhan/Projeler/Entegrasyon/Application/Entegrasyon.Business/Entegrasyon.Business.csproj" (target "_GenerateProjectRestoreGraphCurrentProject" depends on it):
   2:6>Using "GetRestoreProjectReferencesTask" task from assembly "/usr/lib64/dotnet/sdk/10.0.101/NuGet.Build.Tasks.dll".
       Task "GetRestoreProjectReferencesTask"
   4:4>Target "_GenerateProjectRestoreGraphCurrentProject" in file "/usr/lib64/dotnet/sdk/10.0.101/NuGet.targets" from project "/home/baturhan/Projeler/Entegrasyon/Application/Entegrasyon.ApplicationBootstrap/Entegrasyon.ApplicationBootstrap.csproj" (target "_GenerateRestoreDependencies" depends on it):
   4:4>Done building target "_GenerateProjectRestoreGraphCurrentProject" in project "Entegrasyon.ApplicationBootstrap.csproj".
   6:6>Done Building Project "/home/baturhan/Projeler/Entegrasyon/Shared/Shared/Shared.csproj" (_GenerateProjectRestoreGraph target(s)).
   4:4>Target "_GenerateRestoreDependencies" in file "/usr/lib64/dotnet/sdk/10.0.101/NuGet.targets" from project "/home/baturhan/Projeler/Entegrasyon/Application/Entegrasyon.ApplicationBootstrap/Entegrasyon.ApplicationBootstrap.csproj" (target "_GenerateProjectRestoreGraph" depends on it):
   4:4>Done building target "_GenerateRestoreDependencies" in project "Entegrasyon.ApplicationBootstrap.csproj".
   3:4>Done Building Project "/home/baturhan/Projeler/Entegrasyon/Application/Entegrasyon.MessageQueue/Entegrasyon.MessageQueue.Handler.csproj" (_GenerateProjectRestoreGraph target(s)).
   4:4>Target "_GenerateProjectRestoreGraph" in file "/usr/lib64/dotnet/sdk/10.0.101/NuGet.targets" from project "/home/baturhan/Projeler/Entegrasyon/Application/Entegrasyon.ApplicationBootstrap/Entegrasyon.ApplicationBootstrap.csproj" (entry point):
   4:4>Done building target "_GenerateProjectRestoreGraph" in project "Entegrasyon.ApplicationBootstrap.csproj".
   4:4>Done Building Project "/home/baturhan/Projeler/Entegrasyon/Application/Entegrasyon.ApplicationBootstrap/Entegrasyon.ApplicationBootstrap.csproj" (_GenerateProjectRestoreGraph target(s)).
   2:6>Done executing task "GetRestoreProjectReferencesTask".
       Using "GetRestorePackageReferencesTask" task from assembly "/usr/lib64/dotnet/sdk/10.0.101/NuGet.Build.Tasks.dll".
       Task "GetRestorePackageReferencesTask"
       Done executing task "GetRestorePackageReferencesTask".
       Using "GetRestorePackageDownloadsTask" task from assembly "/usr/lib64/dotnet/sdk/10.0.101/NuGet.Build.Tasks.dll".
       Task "GetRestorePackageDownloadsTask"
       Done executing task "GetRestorePackageDownloadsTask".
     1>Project "/home/baturhan/Projeler/Entegrasyon/Application/Entegrasyon.Blazor/Entegrasyon.Blazor.csproj" (1) is building "/home/baturhan/Projeler/Entegrasyon/Application/Entegrasyon.Entity/Entegrasyon.Entity.csproj" (8:5) on node 3 (_GenerateProjectRestoreGraph target(s)).
   8:5>Target "_GetRestoreProjectStyle" skipped. Previously built successfully.
       Target "_GetRestoreProjectStyle" skipped. Previously built successfully.
   2:6>_GenerateProjectRestoreGraphPerFramework:
       Using "GetRestoreFrameworkReferencesTask" task from assembly "/usr/lib64/dotnet/sdk/10.0.101/NuGet.Build.Tasks.dll".
       Task "GetRestoreFrameworkReferencesTask"
   8:5>Target "_GetRestoreProjectStyle" skipped. Previously built successfully.
   8:5>Target "_GetRestoreTargetFrameworkOverride" in file "/usr/lib64/dotnet/sdk/10.0.101/NuGet.targets" from project "/home/baturhan/Projeler/Entegrasyon/Application/Entegrasyon.Entity/Entegrasyon.Entity.csproj" (target "_GetRestoreTargetFrameworksOutput" depends on it):
   8:5>Done building target "_GetRestoreTargetFrameworkOverride" in project "Entegrasyon.Entity.csproj".
   8:5>Target "_GetRestoreTargetFrameworksOutput" in file "/usr/lib64/dotnet/sdk/10.0.101/NuGet.targets" from project "/home/baturhan/Projeler/Entegrasyon/Application/Entegrasyon.Entity/Entegrasyon.Entity.csproj" (target "_GenerateRestoreProjectSpec" depends on it):
       Using "GetProjectTargetFrameworksTask" task from assembly "/usr/lib64/dotnet/sdk/10.0.101/NuGet.Build.Tasks.dll".
   2:6>Done executing task "GetRestoreFrameworkReferencesTask".
   8:5>Task "GetProjectTargetFrameworksTask"
       Done executing task "GetProjectTargetFrameworksTask".
   8:5>Done building target "_GetRestoreTargetFrameworksOutput" in project "Entegrasyon.Entity.csproj".
       Target "_GetRestoreSettings" skipped. Previously built successfully.
   2:6>_GenerateProjectRestoreGraphPerFramework:
       Using "GetRestoreNuGetAuditSuppressionsTask" task from assembly "/usr/lib64/dotnet/sdk/10.0.101/NuGet.Build.Tasks.dll".
       Task "GetRestoreNuGetAuditSuppressionsTask"
   8:5>Target "_GenerateRestoreProjectSpec" in file "/usr/lib64/dotnet/sdk/10.0.101/NuGet.targets" from project "/home/baturhan/Projeler/Entegrasyon/Application/Entegrasyon.Entity/Entegrasyon.Entity.csproj" (target "_GenerateProjectRestoreGraph" depends on it):
   8:5>Task "ConvertToAbsolutePath"
       Done executing task "ConvertToAbsolutePath".
   2:6>Done executing task "GetRestoreNuGetAuditSuppressionsTask".
   8:5>Done building target "_GenerateRestoreProjectSpec" in project "Entegrasyon.Entity.csproj".
       Target "_GetRestoreProjectStyle" skipped. Previously built successfully.
   2:6>_GenerateProjectRestoreGraphPerFramework:
       Using "GetRestorePrunePackageReferencesTask" task from assembly "/usr/lib64/dotnet/sdk/10.0.101/NuGet.Build.Tasks.dll".
       Task "GetRestorePrunePackageReferencesTask"
   8:5>Target "CollectPackageReferences" skipped. Previously built successfully.
   8:5>Target "CollectPackageDownloads" in file "/usr/lib64/dotnet/sdk/10.0.101/NuGet.targets" from project "/home/baturhan/Projeler/Entegrasyon/Application/Entegrasyon.Entity/Entegrasyon.Entity.csproj" (target "_CollectRestoreInputs" depends on it):
       Task "CheckForDuplicateNuGetItemsTask"
       Done executing task "CheckForDuplicateNuGetItemsTask".
   8:5>Done building target "CollectPackageDownloads" in project "Entegrasyon.Entity.csproj".
   2:6>Done executing task "GetRestorePrunePackageReferencesTask".
   8:5>Target "CollectFrameworkReferences" in file "/usr/lib64/dotnet/sdk/10.0.101/NuGet.targets" from project "/home/baturhan/Projeler/Entegrasyon/Application/Entegrasyon.Entity/Entegrasyon.Entity.csproj" (target "_CollectRestoreInputs" depends on it):
   8:5>Done building target "CollectFrameworkReferences" in project "Entegrasyon.Entity.csproj".
   8:5>Target "CollectCentralPackageVersions" in file "/usr/lib64/dotnet/sdk/10.0.101/NuGet.targets" from project "/home/baturhan/Projeler/Entegrasyon/Application/Entegrasyon.Entity/Entegrasyon.Entity.csproj" (target "_CollectRestoreInputs" depends on it):
       Task "CheckForDuplicateNuGetItemsTask"
       Done executing task "CheckForDuplicateNuGetItemsTask".
   2:6>Done building target "_GenerateProjectRestoreGraphPerFramework" in project "Entegrasyon.Business.csproj".
   8:5>Done building target "CollectCentralPackageVersions" in project "Entegrasyon.Entity.csproj".
   2:6>Target "_GenerateProjectRestoreGraphCurrentProject" in file "/usr/lib64/dotnet/sdk/10.0.101/NuGet.targets" from project "/home/baturhan/Projeler/Entegrasyon/Application/Entegrasyon.Business/Entegrasyon.Business.csproj" (target "_GenerateRestoreDependencies" depends on it):
   2:6>Done building target "_GenerateProjectRestoreGraphCurrentProject" in project "Entegrasyon.Business.csproj".
   2:6>Target "_GenerateRestoreDependencies" in file "/usr/lib64/dotnet/sdk/10.0.101/NuGet.targets" from project "/home/baturhan/Projeler/Entegrasyon/Application/Entegrasyon.Business/Entegrasyon.Business.csproj" (target "_GenerateProjectRestoreGraph" depends on it):
   2:6>Done building target "_GenerateRestoreDependencies" in project "Entegrasyon.Business.csproj".
   2:6>Target "_GenerateProjectRestoreGraph" in file "/usr/lib64/dotnet/sdk/10.0.101/NuGet.targets" from project "/home/baturhan/Projeler/Entegrasyon/Application/Entegrasyon.Business/Entegrasyon.Business.csproj" (entry point):
   2:6>Done building target "_GenerateProjectRestoreGraph" in project "Entegrasyon.Business.csproj".
   8:5>Target "CollectNuGetAuditSuppressions" in file "/usr/lib64/dotnet/sdk/10.0.101/NuGet.targets" from project "/home/baturhan/Projeler/Entegrasyon/Application/Entegrasyon.Entity/Entegrasyon.Entity.csproj" (target "_CollectRestoreInputs" depends on it):
   8:5>Task "CheckForDuplicateNuGetItemsTask"
       Done executing task "CheckForDuplicateNuGetItemsTask".
   2:6>Done Building Project "/home/baturhan/Projeler/Entegrasyon/Application/Entegrasyon.Business/Entegrasyon.Business.csproj" (_GenerateProjectRestoreGraph target(s)).
   8:5>Done building target "CollectNuGetAuditSuppressions" in project "Entegrasyon.Entity.csproj".
   8:5>Target "CollectPrunePackageReferences" in file "/usr/lib64/dotnet/sdk/10.0.101/NuGet.targets" from project "/home/baturhan/Projeler/Entegrasyon/Application/Entegrasyon.Entity/Entegrasyon.Entity.csproj" (target "_CollectRestoreInputs" depends on it):
       Task "CheckForDuplicateNuGetItemsTask"
       Done executing task "CheckForDuplicateNuGetItemsTask".
   8:5>Done building target "CollectPrunePackageReferences" in project "Entegrasyon.Entity.csproj".
   8:5>Target "_CollectRestoreInputs" in file "/usr/lib64/dotnet/sdk/10.0.101/NuGet.targets" from project "/home/baturhan/Projeler/Entegrasyon/Application/Entegrasyon.Entity/Entegrasyon.Entity.csproj" (target "_GenerateProjectRestoreGraphPerFramework" depends on it):
   8:5>Done building target "_CollectRestoreInputs" in project "Entegrasyon.Entity.csproj".
   8:5>Target "_GenerateProjectRestoreGraphPerFramework" in file "/usr/lib64/dotnet/sdk/10.0.101/NuGet.targets" from project "/home/baturhan/Projeler/Entegrasyon/Application/Entegrasyon.Entity/Entegrasyon.Entity.csproj" (target "_GenerateProjectRestoreGraphCurrentProject" depends on it):
       Using "GetRestoreProjectReferencesTask" task from assembly "/usr/lib64/dotnet/sdk/10.0.101/NuGet.Build.Tasks.dll".
       Task "GetRestoreProjectReferencesTask"
       Done executing task "GetRestoreProjectReferencesTask".
       Using "GetRestorePackageReferencesTask" task from assembly "/usr/lib64/dotnet/sdk/10.0.101/NuGet.Build.Tasks.dll".
       Task "GetRestorePackageReferencesTask"
       Done executing task "GetRestorePackageReferencesTask".
       Using "GetRestorePackageDownloadsTask" task from assembly "/usr/lib64/dotnet/sdk/10.0.101/NuGet.Build.Tasks.dll".
       Task "GetRestorePackageDownloadsTask"
       Done executing task "GetRestorePackageDownloadsTask".
       Using "GetRestoreFrameworkReferencesTask" task from assembly "/usr/lib64/dotnet/sdk/10.0.101/NuGet.Build.Tasks.dll".
     1>Project "/home/baturhan/Projeler/Entegrasyon/Application/Entegrasyon.Blazor/Entegrasyon.Blazor.csproj" (1) is building "/home/baturhan/Projeler/Entegrasyon/Application/Entegrasyon.DataAccess/Entegrasyon.DataAccess.csproj" (7:5) on node 1 (_GenerateProjectRestoreGraph target(s)).
   7:5>Target "_GetRestoreProjectStyle" skipped. Previously built successfully.
   8:5>Task "GetRestoreFrameworkReferencesTask"
   7:5>Target "_GetRestoreProjectStyle" skipped. Previously built successfully.
       Target "_GetRestoreProjectStyle" skipped. Previously built successfully.
   8:5>Done executing task "GetRestoreFrameworkReferencesTask".
       Using "GetRestoreNuGetAuditSuppressionsTask" task from assembly "/usr/lib64/dotnet/sdk/10.0.101/NuGet.Build.Tasks.dll".
   7:5>Target "_GetRestoreTargetFrameworkOverride" in file "/usr/lib64/dotnet/sdk/10.0.101/NuGet.targets" from project "/home/baturhan/Projeler/Entegrasyon/Application/Entegrasyon.DataAccess/Entegrasyon.DataAccess.csproj" (target "_GetRestoreTargetFrameworksOutput" depends on it):
   7:5>Done building target "_GetRestoreTargetFrameworkOverride" in project "Entegrasyon.DataAccess.csproj".
   8:5>Task "GetRestoreNuGetAuditSuppressionsTask"
       Done executing task "GetRestoreNuGetAuditSuppressionsTask".
       Using "GetRestorePrunePackageReferencesTask" task from assembly "/usr/lib64/dotnet/sdk/10.0.101/NuGet.Build.Tasks.dll".
       Task "GetRestorePrunePackageReferencesTask"
       Done executing task "GetRestorePrunePackageReferencesTask".
   8:5>Done building target "_GenerateProjectRestoreGraphPerFramework" in project "Entegrasyon.Entity.csproj".
   8:5>Target "_GenerateProjectRestoreGraphCurrentProject" in file "/usr/lib64/dotnet/sdk/10.0.101/NuGet.targets" from project "/home/baturhan/Projeler/Entegrasyon/Application/Entegrasyon.Entity/Entegrasyon.Entity.csproj" (target "_GenerateRestoreDependencies" depends on it):
   8:5>Done building target "_GenerateProjectRestoreGraphCurrentProject" in project "Entegrasyon.Entity.csproj".
   7:5>Target "_GetRestoreTargetFrameworksOutput" in file "/usr/lib64/dotnet/sdk/10.0.101/NuGet.targets" from project "/home/baturhan/Projeler/Entegrasyon/Application/Entegrasyon.DataAccess/Entegrasyon.DataAccess.csproj" (target "_GenerateRestoreProjectSpec" depends on it):
   7:5>Using "GetProjectTargetFrameworksTask" task from assembly "/usr/lib64/dotnet/sdk/10.0.101/NuGet.Build.Tasks.dll".
       Task "GetProjectTargetFrameworksTask"
   8:5>Target "_GenerateRestoreDependencies" in file "/usr/lib64/dotnet/sdk/10.0.101/NuGet.targets" from project "/home/baturhan/Projeler/Entegrasyon/Application/Entegrasyon.Entity/Entegrasyon.Entity.csproj" (target "_GenerateProjectRestoreGraph" depends on it):
   8:5>Done building target "_GenerateRestoreDependencies" in project "Entegrasyon.Entity.csproj".
   8:5>Target "_GenerateProjectRestoreGraph" in file "/usr/lib64/dotnet/sdk/10.0.101/NuGet.targets" from project "/home/baturhan/Projeler/Entegrasyon/Application/Entegrasyon.Entity/Entegrasyon.Entity.csproj" (entry point):
   8:5>Done building target "_GenerateProjectRestoreGraph" in project "Entegrasyon.Entity.csproj".
   8:5>Done Building Project "/home/baturhan/Projeler/Entegrasyon/Application/Entegrasyon.Entity/Entegrasyon.Entity.csproj" (_GenerateProjectRestoreGraph target(s)).
   7:5>Done executing task "GetProjectTargetFrameworksTask".
   7:5>Done building target "_GetRestoreTargetFrameworksOutput" in project "Entegrasyon.DataAccess.csproj".
       Target "_GetRestoreSettings" skipped. Previously built successfully.
   7:5>Target "_GenerateRestoreProjectSpec" in file "/usr/lib64/dotnet/sdk/10.0.101/NuGet.targets" from project "/home/baturhan/Projeler/Entegrasyon/Application/Entegrasyon.DataAccess/Entegrasyon.DataAccess.csproj" (target "_GenerateProjectRestoreGraph" depends on it):
       Task "ConvertToAbsolutePath"
       Done executing task "ConvertToAbsolutePath".
   7:5>Done building target "_GenerateRestoreProjectSpec" in project "Entegrasyon.DataAccess.csproj".
       Target "_GetRestoreProjectStyle" skipped. Previously built successfully.
       Target "CollectPackageReferences" skipped. Previously built successfully.
   7:5>Target "CollectPackageDownloads" in file "/usr/lib64/dotnet/sdk/10.0.101/NuGet.targets" from project "/home/baturhan/Projeler/Entegrasyon/Application/Entegrasyon.DataAccess/Entegrasyon.DataAccess.csproj" (target "_CollectRestoreInputs" depends on it):
       Task "CheckForDuplicateNuGetItemsTask"
       Done executing task "CheckForDuplicateNuGetItemsTask".
   7:5>Done building target "CollectPackageDownloads" in project "Entegrasyon.DataAccess.csproj".
   7:5>Target "CollectFrameworkReferences" in file "/usr/lib64/dotnet/sdk/10.0.101/NuGet.targets" from project "/home/baturhan/Projeler/Entegrasyon/Application/Entegrasyon.DataAccess/Entegrasyon.DataAccess.csproj" (target "_CollectRestoreInputs" depends on it):
   7:5>Done building target "CollectFrameworkReferences" in project "Entegrasyon.DataAccess.csproj".
   7:5>Target "CollectCentralPackageVersions" in file "/usr/lib64/dotnet/sdk/10.0.101/NuGet.targets" from project "/home/baturhan/Projeler/Entegrasyon/Application/Entegrasyon.DataAccess/Entegrasyon.DataAccess.csproj" (target "_CollectRestoreInputs" depends on it):
       Task "CheckForDuplicateNuGetItemsTask"
       Done executing task "CheckForDuplicateNuGetItemsTask".
   7:5>Done building target "CollectCentralPackageVersions" in project "Entegrasyon.DataAccess.csproj".
   7:5>Target "CollectNuGetAuditSuppressions" in file "/usr/lib64/dotnet/sdk/10.0.101/NuGet.targets" from project "/home/baturhan/Projeler/Entegrasyon/Application/Entegrasyon.DataAccess/Entegrasyon.DataAccess.csproj" (target "_CollectRestoreInputs" depends on it):
       Task "CheckForDuplicateNuGetItemsTask"
       Done executing task "CheckForDuplicateNuGetItemsTask".
   7:5>Done building target "CollectNuGetAuditSuppressions" in project "Entegrasyon.DataAccess.csproj".
   7:5>Target "CollectPrunePackageReferences" in file "/usr/lib64/dotnet/sdk/10.0.101/NuGet.targets" from project "/home/baturhan/Projeler/Entegrasyon/Application/Entegrasyon.DataAccess/Entegrasyon.DataAccess.csproj" (target "_CollectRestoreInputs" depends on it):
       Task "CheckForDuplicateNuGetItemsTask"
       Done executing task "CheckForDuplicateNuGetItemsTask".
   7:5>Done building target "CollectPrunePackageReferences" in project "Entegrasyon.DataAccess.csproj".
   7:5>Target "_CollectRestoreInputs" in file "/usr/lib64/dotnet/sdk/10.0.101/NuGet.targets" from project "/home/baturhan/Projeler/Entegrasyon/Application/Entegrasyon.DataAccess/Entegrasyon.DataAccess.csproj" (target "_GenerateProjectRestoreGraphPerFramework" depends on it):
   7:5>Done building target "_CollectRestoreInputs" in project "Entegrasyon.DataAccess.csproj".
   7:5>Target "_GenerateProjectRestoreGraphPerFramework" in file "/usr/lib64/dotnet/sdk/10.0.101/NuGet.targets" from project "/home/baturhan/Projeler/Entegrasyon/Application/Entegrasyon.DataAccess/Entegrasyon.DataAccess.csproj" (target "_GenerateProjectRestoreGraphCurrentProject" depends on it):
       Using "GetRestoreProjectReferencesTask" task from assembly "/usr/lib64/dotnet/sdk/10.0.101/NuGet.Build.Tasks.dll".
       Task "GetRestoreProjectReferencesTask"
       Done executing task "GetRestoreProjectReferencesTask".
       Using "GetRestorePackageReferencesTask" task from assembly "/usr/lib64/dotnet/sdk/10.0.101/NuGet.Build.Tasks.dll".
       Task "GetRestorePackageReferencesTask"
       Done executing task "GetRestorePackageReferencesTask".
       Using "GetRestorePackageDownloadsTask" task from assembly "/usr/lib64/dotnet/sdk/10.0.101/NuGet.Build.Tasks.dll".
       Task "GetRestorePackageDownloadsTask"
       Done executing task "GetRestorePackageDownloadsTask".
       Using "GetRestoreFrameworkReferencesTask" task from assembly "/usr/lib64/dotnet/sdk/10.0.101/NuGet.Build.Tasks.dll".
       Task "GetRestoreFrameworkReferencesTask"
       Done executing task "GetRestoreFrameworkReferencesTask".
       Using "GetRestoreNuGetAuditSuppressionsTask" task from assembly "/usr/lib64/dotnet/sdk/10.0.101/NuGet.Build.Tasks.dll".
       Task "GetRestoreNuGetAuditSuppressionsTask"
       Done executing task "GetRestoreNuGetAuditSuppressionsTask".
       Using "GetRestorePrunePackageReferencesTask" task from assembly "/usr/lib64/dotnet/sdk/10.0.101/NuGet.Build.Tasks.dll".
       Task "GetRestorePrunePackageReferencesTask"
       Done executing task "GetRestorePrunePackageReferencesTask".
   7:5>Done building target "_GenerateProjectRestoreGraphPerFramework" in project "Entegrasyon.DataAccess.csproj".
   7:5>Target "_GenerateProjectRestoreGraphCurrentProject" in file "/usr/lib64/dotnet/sdk/10.0.101/NuGet.targets" from project "/home/baturhan/Projeler/Entegrasyon/Application/Entegrasyon.DataAccess/Entegrasyon.DataAccess.csproj" (target "_GenerateRestoreDependencies" depends on it):
   7:5>Done building target "_GenerateProjectRestoreGraphCurrentProject" in project "Entegrasyon.DataAccess.csproj".
   7:5>Target "_GenerateRestoreDependencies" in file "/usr/lib64/dotnet/sdk/10.0.101/NuGet.targets" from project "/home/baturhan/Projeler/Entegrasyon/Application/Entegrasyon.DataAccess/Entegrasyon.DataAccess.csproj" (target "_GenerateProjectRestoreGraph" depends on it):
   7:5>Done building target "_GenerateRestoreDependencies" in project "Entegrasyon.DataAccess.csproj".
   7:5>Target "_GenerateProjectRestoreGraph" in file "/usr/lib64/dotnet/sdk/10.0.101/NuGet.targets" from project "/home/baturhan/Projeler/Entegrasyon/Application/Entegrasyon.DataAccess/Entegrasyon.DataAccess.csproj" (entry point):
   7:5>Done building target "_GenerateProjectRestoreGraph" in project "Entegrasyon.DataAccess.csproj".
   7:5>Done Building Project "/home/baturhan/Projeler/Entegrasyon/Application/Entegrasyon.DataAccess/Entegrasyon.DataAccess.csproj" (_GenerateProjectRestoreGraph target(s)).
     1>Project "/home/baturhan/Projeler/Entegrasyon/Application/Entegrasyon.Blazor/Entegrasyon.Blazor.csproj" (1) is building "/home/baturhan/Projeler/Entegrasyon/Application/Entegrasyon.Blazor/Entegrasyon.Blazor.csproj" (1:6) on node 1 (_GenerateProjectRestoreGraph target(s)).
   1:6>Target "_GetRestoreProjectStyle" skipped. Previously built successfully.
       Target "_GetRestoreProjectStyle" skipped. Previously built successfully.
       Target "_GetRestoreProjectStyle" skipped. Previously built successfully.
   1:6>Target "_GetRestoreTargetFrameworkOverride" in file "/usr/lib64/dotnet/sdk/10.0.101/NuGet.targets" from project "/home/baturhan/Projeler/Entegrasyon/Application/Entegrasyon.Blazor/Entegrasyon.Blazor.csproj" (target "_GetRestoreTargetFrameworksOutput" depends on it):
   1:6>Done building target "_GetRestoreTargetFrameworkOverride" in project "Entegrasyon.Blazor.csproj".
   1:6>Target "_GetRestoreTargetFrameworksOutput" in file "/usr/lib64/dotnet/sdk/10.0.101/NuGet.targets" from project "/home/baturhan/Projeler/Entegrasyon/Application/Entegrasyon.Blazor/Entegrasyon.Blazor.csproj" (target "_GenerateRestoreProjectSpec" depends on it):
       Using "GetProjectTargetFrameworksTask" task from assembly "/usr/lib64/dotnet/sdk/10.0.101/NuGet.Build.Tasks.dll".
       Task "GetProjectTargetFrameworksTask"
       Done executing task "GetProjectTargetFrameworksTask".
   1:6>Done building target "_GetRestoreTargetFrameworksOutput" in project "Entegrasyon.Blazor.csproj".
       Target "_GetRestoreSettings" skipped. Previously built successfully.
   1:6>Target "_GenerateRestoreProjectSpec" in file "/usr/lib64/dotnet/sdk/10.0.101/NuGet.targets" from project "/home/baturhan/Projeler/Entegrasyon/Application/Entegrasyon.Blazor/Entegrasyon.Blazor.csproj" (target "_GenerateProjectRestoreGraph" depends on it):
       Task "ConvertToAbsolutePath"
       Done executing task "ConvertToAbsolutePath".
   1:6>Done building target "_GenerateRestoreProjectSpec" in project "Entegrasyon.Blazor.csproj".
       Target "_GetRestoreProjectStyle" skipped. Previously built successfully.
       Target "CollectPackageReferences" skipped. Previously built successfully.
   1:6>Target "CollectPackageDownloads" in file "/usr/lib64/dotnet/sdk/10.0.101/NuGet.targets" from project "/home/baturhan/Projeler/Entegrasyon/Application/Entegrasyon.Blazor/Entegrasyon.Blazor.csproj" (target "_CollectRestoreInputs" depends on it):
       Task "CheckForDuplicateNuGetItemsTask"
       Done executing task "CheckForDuplicateNuGetItemsTask".
   1:6>Done building target "CollectPackageDownloads" in project "Entegrasyon.Blazor.csproj".
   1:6>Target "CollectFrameworkReferences" in file "/usr/lib64/dotnet/sdk/10.0.101/NuGet.targets" from project "/home/baturhan/Projeler/Entegrasyon/Application/Entegrasyon.Blazor/Entegrasyon.Blazor.csproj" (target "_CollectRestoreInputs" depends on it):
   1:6>Done building target "CollectFrameworkReferences" in project "Entegrasyon.Blazor.csproj".
   1:6>Target "CollectCentralPackageVersions" in file "/usr/lib64/dotnet/sdk/10.0.101/NuGet.targets" from project "/home/baturhan/Projeler/Entegrasyon/Application/Entegrasyon.Blazor/Entegrasyon.Blazor.csproj" (target "_CollectRestoreInputs" depends on it):
       Task "CheckForDuplicateNuGetItemsTask"
       Done executing task "CheckForDuplicateNuGetItemsTask".
   1:6>Done building target "CollectCentralPackageVersions" in project "Entegrasyon.Blazor.csproj".
   1:6>Target "CollectNuGetAuditSuppressions" in file "/usr/lib64/dotnet/sdk/10.0.101/NuGet.targets" from project "/home/baturhan/Projeler/Entegrasyon/Application/Entegrasyon.Blazor/Entegrasyon.Blazor.csproj" (target "_CollectRestoreInputs" depends on it):
       Task "CheckForDuplicateNuGetItemsTask"
       Done executing task "CheckForDuplicateNuGetItemsTask".
   1:6>Done building target "CollectNuGetAuditSuppressions" in project "Entegrasyon.Blazor.csproj".
   1:6>Target "CollectPrunePackageReferences" in file "/usr/lib64/dotnet/sdk/10.0.101/NuGet.targets" from project "/home/baturhan/Projeler/Entegrasyon/Application/Entegrasyon.Blazor/Entegrasyon.Blazor.csproj" (target "_CollectRestoreInputs" depends on it):
       Task "CheckForDuplicateNuGetItemsTask"
       Done executing task "CheckForDuplicateNuGetItemsTask".
   1:6>Done building target "CollectPrunePackageReferences" in project "Entegrasyon.Blazor.csproj".
   1:6>Target "_CollectRestoreInputs" in file "/usr/lib64/dotnet/sdk/10.0.101/NuGet.targets" from project "/home/baturhan/Projeler/Entegrasyon/Application/Entegrasyon.Blazor/Entegrasyon.Blazor.csproj" (target "_GenerateProjectRestoreGraphPerFramework" depends on it):
   1:6>Done building target "_CollectRestoreInputs" in project "Entegrasyon.Blazor.csproj".
   1:6>Target "_GenerateProjectRestoreGraphPerFramework" in file "/usr/lib64/dotnet/sdk/10.0.101/NuGet.targets" from project "/home/baturhan/Projeler/Entegrasyon/Application/Entegrasyon.Blazor/Entegrasyon.Blazor.csproj" (target "_GenerateProjectRestoreGraphCurrentProject" depends on it):
       Using "GetRestoreProjectReferencesTask" task from assembly "/usr/lib64/dotnet/sdk/10.0.101/NuGet.Build.Tasks.dll".
       Task "GetRestoreProjectReferencesTask"
       Done executing task "GetRestoreProjectReferencesTask".
       Using "GetRestorePackageReferencesTask" task from assembly "/usr/lib64/dotnet/sdk/10.0.101/NuGet.Build.Tasks.dll".
       Task "GetRestorePackageReferencesTask"
       Done executing task "GetRestorePackageReferencesTask".
       Using "GetRestorePackageDownloadsTask" task from assembly "/usr/lib64/dotnet/sdk/10.0.101/NuGet.Build.Tasks.dll".
       Task "GetRestorePackageDownloadsTask"
       Done executing task "GetRestorePackageDownloadsTask".
       Using "GetRestoreFrameworkReferencesTask" task from assembly "/usr/lib64/dotnet/sdk/10.0.101/NuGet.Build.Tasks.dll".
       Task "GetRestoreFrameworkReferencesTask"
       Done executing task "GetRestoreFrameworkReferencesTask".
       Using "GetRestoreNuGetAuditSuppressionsTask" task from assembly "/usr/lib64/dotnet/sdk/10.0.101/NuGet.Build.Tasks.dll".
       Task "GetRestoreNuGetAuditSuppressionsTask"
       Done executing task "GetRestoreNuGetAuditSuppressionsTask".
       Using "GetRestorePrunePackageReferencesTask" task from assembly "/usr/lib64/dotnet/sdk/10.0.101/NuGet.Build.Tasks.dll".
       Task "GetRestorePrunePackageReferencesTask"
       Done executing task "GetRestorePrunePackageReferencesTask".
   1:6>Done building target "_GenerateProjectRestoreGraphPerFramework" in project "Entegrasyon.Blazor.csproj".
   1:6>Target "_GenerateProjectRestoreGraphCurrentProject" in file "/usr/lib64/dotnet/sdk/10.0.101/NuGet.targets" from project "/home/baturhan/Projeler/Entegrasyon/Application/Entegrasyon.Blazor/Entegrasyon.Blazor.csproj" (target "_GenerateRestoreDependencies" depends on it):
   1:6>Done building target "_GenerateProjectRestoreGraphCurrentProject" in project "Entegrasyon.Blazor.csproj".
   1:6>Target "_GenerateRestoreDependencies" in file "/usr/lib64/dotnet/sdk/10.0.101/NuGet.targets" from project "/home/baturhan/Projeler/Entegrasyon/Application/Entegrasyon.Blazor/Entegrasyon.Blazor.csproj" (target "_GenerateProjectRestoreGraph" depends on it):
   1:6>Done building target "_GenerateRestoreDependencies" in project "Entegrasyon.Blazor.csproj".
   1:6>Target "_GenerateProjectRestoreGraph" in file "/usr/lib64/dotnet/sdk/10.0.101/NuGet.targets" from project "/home/baturhan/Projeler/Entegrasyon/Application/Entegrasyon.Blazor/Entegrasyon.Blazor.csproj" (entry point):
   1:6>Done building target "_GenerateProjectRestoreGraph" in project "Entegrasyon.Blazor.csproj".
   1:6>Done Building Project "/home/baturhan/Projeler/Entegrasyon/Application/Entegrasyon.Blazor/Entegrasyon.Blazor.csproj" (_GenerateProjectRestoreGraph target(s)).
     1>Done executing task "MSBuild".
     1>Done building target "_GenerateRestoreGraph" in project "Entegrasyon.Blazor.csproj".
     1>Target "_CollectTargetFrameworkForTelemetry" in file "/usr/lib64/dotnet/sdk/10.0.101/Sdks/Microsoft.NET.Sdk/targets/Microsoft.NET.TargetFrameworkInference.targets" from project "/home/baturhan/Projeler/Entegrasyon/Application/Entegrasyon.Blazor/Entegrasyon.Blazor.csproj" (target "Restore" depends on it):
       Using "AllowEmptyTelemetry" task from assembly "/usr/lib64/dotnet/sdk/10.0.101/Sdks/Microsoft.NET.Sdk/targets/../tools/net10.0/Microsoft.NET.Build.Tasks.dll".
       Task "AllowEmptyTelemetry"
       Done executing task "AllowEmptyTelemetry".
     1>Done building target "_CollectTargetFrameworkForTelemetry" in project "Entegrasyon.Blazor.csproj".
     1>Target "_CheckForUnsupportedNETCoreVersion" in file "/usr/lib64/dotnet/sdk/10.0.101/Sdks/Microsoft.NET.Sdk/targets/Microsoft.NET.TargetFrameworkInference.targets" from project "/home/baturhan/Projeler/Entegrasyon/Application/Entegrasyon.Blazor/Entegrasyon.Blazor.csproj" (target "Restore" depends on it):
     1>Done building target "_CheckForUnsupportedNETCoreVersion" in project "Entegrasyon.Blazor.csproj".
     1>Target "_CheckForUnsupportedCppNETCoreVersion" in file "/usr/lib64/dotnet/sdk/10.0.101/Sdks/Microsoft.NET.Sdk/targets/Microsoft.NET.TargetFrameworkInference.targets" from project "/home/baturhan/Projeler/Entegrasyon/Application/Entegrasyon.Blazor/Entegrasyon.Blazor.csproj" (target "Restore" depends on it):
     1>Done building target "_CheckForUnsupportedCppNETCoreVersion" in project "Entegrasyon.Blazor.csproj".
     1>Target "Restore" in file "/usr/lib64/dotnet/sdk/10.0.101/NuGet.targets" from project "/home/baturhan/Projeler/Entegrasyon/Application/Entegrasyon.Blazor/Entegrasyon.Blazor.csproj" (entry point):
       Task "RemoveDuplicates"
       Done executing task "RemoveDuplicates".
       Using "RestoreTask" task from assembly "/usr/lib64/dotnet/sdk/10.0.101/NuGet.Build.Tasks.dll".
       Task "RestoreTask"
         Assembly loaded during TaskRun (NuGet.Build.Tasks.RestoreTask): NuGet.Packaging, Version=7.0.0.0, Culture=neutral, PublicKeyToken=31bf3856ad364e35 (location: /usr/lib64/dotnet/sdk/10.0.101/NuGet.Packaging.dll, MVID: 4f79eb0d-0969-4ccb-8953-07f5f3cb78cf, AssemblyLoadContext: MSBuild plugin /usr/lib64/dotnet/sdk/10.0.101/NuGet.Build.Tasks.dll)
         Assembly loaded during TaskRun (NuGet.Build.Tasks.RestoreTask): NuGet.LibraryModel, Version=7.0.0.0, Culture=neutral, PublicKeyToken=31bf3856ad364e35 (location: /usr/lib64/dotnet/sdk/10.0.101/NuGet.LibraryModel.dll, MVID: 9f377f3d-cbbc-49ad-94f1-60532315f52e, AssemblyLoadContext: MSBuild plugin /usr/lib64/dotnet/sdk/10.0.101/NuGet.Build.Tasks.dll)
         Assembly loaded during TaskRun (NuGet.Build.Tasks.RestoreTask): NuGet.Versioning, Version=7.0.0.0, Culture=neutral, PublicKeyToken=31bf3856ad364e35 (location: /usr/lib64/dotnet/sdk/10.0.101/NuGet.Versioning.dll, MVID: e51f24a3-3c47-4ba4-a978-e0f02f1ffb42, AssemblyLoadContext: MSBuild plugin /usr/lib64/dotnet/sdk/10.0.101/NuGet.Build.Tasks.dll)
         Assembly loaded during TaskRun (NuGet.Build.Tasks.RestoreTask): NuGet.Frameworks, Version=7.0.0.0, Culture=neutral, PublicKeyToken=31bf3856ad364e35 (location: /usr/lib64/dotnet/sdk/10.0.101/NuGet.Frameworks.dll, MVID: 83a2f7cc-10d9-44ca-a41f-694b2febea71, AssemblyLoadContext: MSBuild plugin /usr/lib64/dotnet/sdk/10.0.101/NuGet.Build.Tasks.dll)
         Assembly loaded during TaskRun (NuGet.Build.Tasks.RestoreTask): NuGet.Protocol, Version=7.0.0.0, Culture=neutral, PublicKeyToken=31bf3856ad364e35 (location: /usr/lib64/dotnet/sdk/10.0.101/NuGet.Protocol.dll, MVID: 03cca6c8-eb7d-472a-8d5e-ebdebe68a3a1, AssemblyLoadContext: MSBuild plugin /usr/lib64/dotnet/sdk/10.0.101/NuGet.Build.Tasks.dll)
         Assembly loaded during TaskRun (NuGet.Build.Tasks.RestoreTask): NuGet.Credentials, Version=7.0.0.0, Culture=neutral, PublicKeyToken=31bf3856ad364e35 (location: /usr/lib64/dotnet/sdk/10.0.101/NuGet.Credentials.dll, MVID: 510a3d3d-aa26-4bef-b336-ec4b34131964, AssemblyLoadContext: MSBuild plugin /usr/lib64/dotnet/sdk/10.0.101/NuGet.Build.Tasks.dll)
         Assembly loaded during TaskRun (NuGet.Build.Tasks.RestoreTask): System.Collections.NonGeneric, Version=10.0.0.0, Culture=neutral, PublicKeyToken=b03f5f7f11d50a3a (location: /usr/lib64/dotnet/shared/Microsoft.NETCore.App/10.0.1/System.Collections.NonGeneric.dll, MVID: 7e8ab327-0651-46e2-b815-086fcd2ef3d1, AssemblyLoadContext: Default)
         Assembly loaded during TaskRun (NuGet.Build.Tasks.RestoreTask): System.Formats.Asn1, Version=10.0.0.0, Culture=neutral, PublicKeyToken=cc7b13ffcd2ddd51 (location: /usr/lib64/dotnet/shared/Microsoft.NETCore.App/10.0.1/System.Formats.Asn1.dll, MVID: 69c023ae-638c-4624-9586-ad7d4dd182f9, AssemblyLoadContext: Default)
         Assembly loaded during TaskRun (NuGet.Build.Tasks.RestoreTask): System.Runtime.Numerics, Version=10.0.0.0, Culture=neutral, PublicKeyToken=b03f5f7f11d50a3a (location: /usr/lib64/dotnet/shared/Microsoft.NETCore.App/10.0.1/System.Runtime.Numerics.dll, MVID: 6b92a604-1f69-4095-b61b-ddc9d9d82c86, AssemblyLoadContext: Default)
         X.509 certificate chain validation will use the system certificate bundle at '/etc/pki/ca-trust/extracted/pem/objsign-ca-bundle.pem'.
         X.509 certificate chain validation will use the fallback certificate bundle at '/usr/lib64/dotnet/sdk/10.0.101/trustedroots/timestampctl.pem'.
         Assembly loaded during TaskRun (NuGet.Build.Tasks.RestoreTask): NuGet.DependencyResolver.Core, Version=7.0.0.0, Culture=neutral, PublicKeyToken=31bf3856ad364e35 (location: /usr/lib64/dotnet/sdk/10.0.101/NuGet.DependencyResolver.Core.dll, MVID: 6dca131f-53ae-46eb-95a1-307861782a45, AssemblyLoadContext: MSBuild plugin /usr/lib64/dotnet/sdk/10.0.101/NuGet.Build.Tasks.dll)
         Running restore with 32 concurrent jobs.
         Reading project file /home/baturhan/Projeler/Entegrasyon/Application/Entegrasyon.Entity/Entegrasyon.Entity.csproj.
         Reading project file /home/baturhan/Projeler/Entegrasyon/Shared/Shared/Shared.csproj.
         Reading project file /home/baturhan/Projeler/Entegrasyon/Application/Entegrasyon.Blazor/Entegrasyon.Blazor.csproj.
         Reading project file /home/baturhan/Projeler/Entegrasyon/Application/Entegrasyon.MessageQueue/Entegrasyon.MessageQueue.Handler.csproj.
         Reading project file /home/baturhan/Projeler/Entegrasyon/Application/Entegrasyon.DataAccess/Entegrasyon.DataAccess.csproj.
         Reading project file /home/baturhan/Projeler/Entegrasyon/Application/Entegrasyon.Business/Entegrasyon.Business.csproj.
         Reading project file /home/baturhan/Projeler/Entegrasyon/Application/Entegrasyon.ApplicationBootstrap/Entegrasyon.ApplicationBootstrap.csproj.
         Reading project file /home/baturhan/Projeler/Entegrasyon/Application/Entegrasyon.MessageQueue.Commands/Entegrasyon.MessageQueue.Commands.csproj.
         Assembly loaded during TaskRun (NuGet.Build.Tasks.RestoreTask): Newtonsoft.Json, Version=13.0.0.0, Culture=neutral, PublicKeyToken=30ad4fe6b2a6aeed (location: /usr/lib64/dotnet/sdk/10.0.101/Newtonsoft.Json.dll, MVID: dd74293c-d28d-4403-9d20-6be1a58f0e3c, AssemblyLoadContext: MSBuild plugin /usr/lib64/dotnet/sdk/10.0.101/NuGet.Build.Tasks.dll)
         Assembly loaded during TaskRun (NuGet.Build.Tasks.RestoreTask): System.Runtime.Serialization.Primitives, Version=10.0.0.0, Culture=neutral, PublicKeyToken=b03f5f7f11d50a3a (location: /usr/lib64/dotnet/shared/Microsoft.NETCore.App/10.0.1/System.Runtime.Serialization.Primitives.dll, MVID: 80375648-c0c4-4d4a-98c7-121f6395d3a2, AssemblyLoadContext: Default)
         Assembly loaded during TaskRun (NuGet.Build.Tasks.RestoreTask): System.Text.Encodings.Web, Version=10.0.0.0, Culture=neutral, PublicKeyToken=cc7b13ffcd2ddd51 (location: /usr/lib64/dotnet/shared/Microsoft.NETCore.App/10.0.1/System.Text.Encodings.Web.dll, MVID: 2c3f5e99-29f2-407d-a159-941e9074fabe, AssemblyLoadContext: Default)
         Assembly loaded during TaskRun (NuGet.Build.Tasks.RestoreTask): System.Reflection.Emit.Lightweight, Version=10.0.0.0, Culture=neutral, PublicKeyToken=b03f5f7f11d50a3a (location: /usr/lib64/dotnet/shared/Microsoft.NETCore.App/10.0.1/System.Reflection.Emit.Lightweight.dll, MVID: 17ade07e-ca99-4d3d-8284-c5d6480b4131, AssemblyLoadContext: Default)
         Assembly loaded during TaskRun (NuGet.Build.Tasks.RestoreTask): System.Reflection.Primitives, Version=10.0.0.0, Culture=neutral, PublicKeyToken=b03f5f7f11d50a3a (location: /usr/lib64/dotnet/shared/Microsoft.NETCore.App/10.0.1/System.Reflection.Primitives.dll, MVID: 34fb7897-34cd-4b85-9606-392c4e6b6ef7, AssemblyLoadContext: Default)
         Assembly loaded during TaskRun (NuGet.Build.Tasks.RestoreTask): System.Reflection.Emit.ILGeneration, Version=10.0.0.0, Culture=neutral, PublicKeyToken=b03f5f7f11d50a3a (location: /usr/lib64/dotnet/shared/Microsoft.NETCore.App/10.0.1/System.Reflection.Emit.ILGeneration.dll, MVID: aa6e5895-aa52-4463-9328-a5f3f586551c, AssemblyLoadContext: Default)
         The restore inputs for 'Entegrasyon.Business' have not changed. No further actions are required to complete the restore.
         The restore inputs for 'Entegrasyon.MessageQueue.Handler' have not changed. No further actions are required to complete the restore.
         The restore inputs for 'Entegrasyon.DataAccess' have not changed. No further actions are required to complete the restore.
         The restore inputs for 'Entegrasyon.ApplicationBootstrap' have not changed. No further actions are required to complete the restore.
         The restore inputs for 'Entegrasyon.MessageQueue.Commands' have not changed. No further actions are required to complete the restore.
         The restore inputs for 'Shared' have not changed. No further actions are required to complete the restore.
         The restore inputs for 'Entegrasyon.Blazor' have not changed. No further actions are required to complete the restore.
         The restore inputs for 'Entegrasyon.Entity' have not changed. No further actions are required to complete the restore.
         Committing restore...
         Committing restore...
         Committing restore...
         Committing restore...
         Assets file has not changed. Skipping assets file writing. Path: /home/baturhan/Projeler/Entegrasyon/Application/Entegrasyon.MessageQueue/obj/project.assets.json
         Assets file has not changed. Skipping assets file writing. Path: /home/baturhan/Projeler/Entegrasyon/Application/Entegrasyon.ApplicationBootstrap/obj/project.assets.json
         Assets file has not changed. Skipping assets file writing. Path: /home/baturhan/Projeler/Entegrasyon/Application/Entegrasyon.MessageQueue.Commands/obj/project.assets.json
         Committing restore...
         No-Op restore. The cache will not be updated. Path: /home/baturhan/Projeler/Entegrasyon/Application/Entegrasyon.MessageQueue.Commands/obj/project.nuget.cache
         No-Op restore. The cache will not be updated. Path: /home/baturhan/Projeler/Entegrasyon/Application/Entegrasyon.MessageQueue/obj/project.nuget.cache
         Assets file has not changed. Skipping assets file writing. Path: /home/baturhan/Projeler/Entegrasyon/Application/Entegrasyon.Blazor/obj/project.assets.json
         No-Op restore. The cache will not be updated. Path: /home/baturhan/Projeler/Entegrasyon/Application/Entegrasyon.Blazor/obj/project.nuget.cache
         Committing restore...
         Committing restore...
         Assets file has not changed. Skipping assets file writing. Path: /home/baturhan/Projeler/Entegrasyon/Application/Entegrasyon.Business/obj/project.assets.json
         Assets file has not changed. Skipping assets file writing. Path: /home/baturhan/Projeler/Entegrasyon/Application/Entegrasyon.Entity/obj/project.assets.json
         No-Op restore. The cache will not be updated. Path: /home/baturhan/Projeler/Entegrasyon/Application/Entegrasyon.Business/obj/project.nuget.cache
         No-Op restore. The cache will not be updated. Path: /home/baturhan/Projeler/Entegrasyon/Application/Entegrasyon.Entity/obj/project.nuget.cache
         Assets file has not changed. Skipping assets file writing. Path: /home/baturhan/Projeler/Entegrasyon/Application/Entegrasyon.DataAccess/obj/project.assets.json
         Committing restore...
         No-Op restore. The cache will not be updated. Path: /home/baturhan/Projeler/Entegrasyon/Application/Entegrasyon.ApplicationBootstrap/obj/project.nuget.cache
         Assets file has not changed. Skipping assets file writing. Path: /home/baturhan/Projeler/Entegrasyon/Shared/Shared/obj/project.assets.json
         No-Op restore. The cache will not be updated. Path: /home/baturhan/Projeler/Entegrasyon/Shared/Shared/obj/project.nuget.cache
         No-Op restore. The cache will not be updated. Path: /home/baturhan/Projeler/Entegrasyon/Application/Entegrasyon.DataAccess/obj/project.nuget.cache
         Restored /home/baturhan/Projeler/Entegrasyon/Application/Entegrasyon.Business/Entegrasyon.Business.csproj (in 69 ms).
         Restored /home/baturhan/Projeler/Entegrasyon/Application/Entegrasyon.Entity/Entegrasyon.Entity.csproj (in 69 ms).
         Restored /home/baturhan/Projeler/Entegrasyon/Application/Entegrasyon.MessageQueue/Entegrasyon.MessageQueue.Handler.csproj (in 69 ms).
         Restored /home/baturhan/Projeler/Entegrasyon/Application/Entegrasyon.ApplicationBootstrap/Entegrasyon.ApplicationBootstrap.csproj (in 69 ms).
         Restored /home/baturhan/Projeler/Entegrasyon/Application/Entegrasyon.DataAccess/Entegrasyon.DataAccess.csproj (in 69 ms).
         Restored /home/baturhan/Projeler/Entegrasyon/Application/Entegrasyon.Blazor/Entegrasyon.Blazor.csproj (in 69 ms).
         Restored /home/baturhan/Projeler/Entegrasyon/Shared/Shared/Shared.csproj (in 69 ms).
         Restored /home/baturhan/Projeler/Entegrasyon/Application/Entegrasyon.MessageQueue.Commands/Entegrasyon.MessageQueue.Commands.csproj (in 69 ms).
         
         NuGet Config files used:
             /home/baturhan/.nuget/NuGet/NuGet.Config
         
         Feeds used:
             https://api.nuget.org/v3/index.json
             /usr/lib64/dotnet/library-packs
         All projects are up-to-date for restore.
       Done executing task "RestoreTask".
     1>Done building target "Restore" in project "Entegrasyon.Blazor.csproj".
     1>Done Building Project "/home/baturhan/Projeler/Entegrasyon/Application/Entegrasyon.Blazor/Entegrasyon.Blazor.csproj" (Restore target(s)).
     0>The SDK "Microsoft.NET.Sdk.Web" was successfully resolved by the "DefaultSdkResolver" resolver to location "/usr/lib64/dotnet/sdk/10.0.101/Sdks/Microsoft.NET.Sdk.Web/Sdk" and version "".
       /usr/lib64/dotnet/sdk/10.0.101/Sdks/Microsoft.NET.Sdk/Sdk/Sdk.props(49,11): message : Property 'MSBuildExtensionsPath' with value '/usr/lib64/dotnet/sdk/10.0.101/' expanded from the environment.
       /usr/lib64/dotnet/sdk/10.0.101/Current/Microsoft.Common.props(60,5): message : Property reassignment: $(MSBuildProjectExtensionsPath)="/home/baturhan/Projeler/Entegrasyon/Application/Entegrasyon.Blazor/obj/" (previous value: "obj/") at /usr/lib64/dotnet/sdk/10.0.101/Current/Microsoft.Common.props (60,5)
       /usr/lib64/dotnet/sdk/10.0.101/Current/Microsoft.Common.props(84,119): message : Property 'MSBuildUserExtensionsPath' with value '/home/baturhan/.local/share/Microsoft\MSBuild' expanded from the environment.
       /usr/lib64/dotnet/sdk/10.0.101/Sdks/Microsoft.NET.Sdk/targets/Microsoft.NET.Sdk.props(90,5): message : Property reassignment: $(AssemblySearchPaths)="{CandidateAssemblyFiles};{HintPathFromItem}" (previous value: "{CandidateAssemblyFiles}") at /usr/lib64/dotnet/sdk/10.0.101/Sdks/Microsoft.NET.Sdk/targets/Microsoft.NET.Sdk.props (90,5)
       /usr/lib64/dotnet/sdk/10.0.101/Sdks/Microsoft.NET.Sdk/targets/Microsoft.NET.Sdk.props(91,5): message : Property reassignment: $(AssemblySearchPaths)="{CandidateAssemblyFiles};{HintPathFromItem};{TargetFrameworkDirectory}" (previous value: "{CandidateAssemblyFiles};{HintPathFromItem}") at /usr/lib64/dotnet/sdk/10.0.101/Sdks/Microsoft.NET.Sdk/targets/Microsoft.NET.Sdk.props (91,5)
       /usr/lib64/dotnet/sdk/10.0.101/Sdks/Microsoft.NET.Sdk/targets/Microsoft.NET.Sdk.props(92,5): message : Property reassignment: $(AssemblySearchPaths)="{CandidateAssemblyFiles};{HintPathFromItem};{TargetFrameworkDirectory};{RawFileName}" (previous value: "{CandidateAssemblyFiles};{HintPathFromItem};{TargetFrameworkDirectory}") at /usr/lib64/dotnet/sdk/10.0.101/Sdks/Microsoft.NET.Sdk/targets/Microsoft.NET.Sdk.props (92,5)
       The SDK "Microsoft.NET.Sdk.Razor" was successfully resolved by the "DefaultSdkResolver" resolver to location "/usr/lib64/dotnet/sdk/10.0.101/Sdks/Microsoft.NET.Sdk.Razor/Sdk" and version "".
       The SDK "Microsoft.NET.Sdk.StaticWebAssets" was successfully resolved by the "DefaultSdkResolver" resolver to location "/usr/lib64/dotnet/sdk/10.0.101/Sdks/Microsoft.NET.Sdk.StaticWebAssets/Sdk" and version "".
       /usr/lib64/dotnet/sdk/10.0.101/Sdks/Microsoft.NET.Sdk.StaticWebAssets/Sdk/Sdk.StaticWebAssets.StaticAssets.ProjectSystem.props(23,5): message : Property reassignment: $(DefaultItemExcludes)=";**\node_modules\**;node_modules\**;**\jspm_packages\**;jspm_packages\**" (previous value: ";**\node_modules\**;node_modules\**") at /usr/lib64/dotnet/sdk/10.0.101/Sdks/Microsoft.NET.Sdk.StaticWebAssets/Sdk/Sdk.StaticWebAssets.StaticAssets.ProjectSystem.props (23,5)
       /usr/lib64/dotnet/sdk/10.0.101/Sdks/Microsoft.NET.Sdk.StaticWebAssets/Sdk/Sdk.StaticWebAssets.StaticAssets.ProjectSystem.props(24,5): message : Property reassignment: $(DefaultItemExcludes)=";**\node_modules\**;node_modules\**;**\jspm_packages\**;jspm_packages\**;**\bower_components\**;bower_components\**" (previous value: ";**\node_modules\**;node_modules\**;**\jspm_packages\**;jspm_packages\**") at /usr/lib64/dotnet/sdk/10.0.101/Sdks/Microsoft.NET.Sdk.StaticWebAssets/Sdk/Sdk.StaticWebAssets.StaticAssets.ProjectSystem.props (24,5)
       /usr/lib64/dotnet/sdk/10.0.101/Sdks/Microsoft.NET.Sdk.StaticWebAssets/Sdk/Sdk.StaticWebAssets.StaticAssets.ProjectSystem.props(25,5): message : Property reassignment: $(DefaultItemExcludes)=";**\node_modules\**;node_modules\**;**\jspm_packages\**;jspm_packages\**;**\bower_components\**;bower_components\**;**\packages.lock.json" (previous value: ";**\node_modules\**;node_modules\**;**\jspm_packages\**;jspm_packages\**;**\bower_components\**;bower_components\**") at /usr/lib64/dotnet/sdk/10.0.101/Sdks/Microsoft.NET.Sdk.StaticWebAssets/Sdk/Sdk.StaticWebAssets.StaticAssets.ProjectSystem.props (25,5)
       The SDK "Microsoft.NET.Sdk.Web.ProjectSystem" was successfully resolved by the "DefaultSdkResolver" resolver to location "/usr/lib64/dotnet/sdk/10.0.101/Sdks/Microsoft.NET.Sdk.Web.ProjectSystem/Sdk" and version "".
       /usr/lib64/dotnet/sdk/10.0.101/Sdks/Microsoft.NET.Sdk.Web.ProjectSystem/targets/Microsoft.NET.Sdk.Web.ProjectSystem.props(16,5): message : Property reassignment: $(OutputType)="Exe" (previous value: "Library") at /usr/lib64/dotnet/sdk/10.0.101/Sdks/Microsoft.NET.Sdk.Web.ProjectSystem/targets/Microsoft.NET.Sdk.Web.ProjectSystem.props (16,5)
       The SDK "Microsoft.NET.Sdk.Publish" was successfully resolved by the "DefaultSdkResolver" resolver to location "/usr/lib64/dotnet/sdk/10.0.101/Sdks/Microsoft.NET.Sdk.Publish/Sdk" and version "".
       /home/baturhan/Projeler/Entegrasyon/Application/Entegrasyon.Blazor/Entegrasyon.Blazor.csproj(14,3): message : Property reassignment: $(TreatWarningsAsErrors)="False" (previous value: "false") at /home/baturhan/Projeler/Entegrasyon/Application/Entegrasyon.Blazor/Entegrasyon.Blazor.csproj (14,3)
       /usr/lib64/dotnet/sdk/10.0.101/Sdks/Microsoft.NET.Sdk/targets/Microsoft.NET.Sdk.ImportPublishProfile.targets(28,5): message : Property reassignment: $(PublishProfileImported)="false" (previous value: "true") at /usr/lib64/dotnet/sdk/10.0.101/Sdks/Microsoft.NET.Sdk/targets/Microsoft.NET.Sdk.ImportPublishProfile.targets (28,5)
       /usr/lib64/dotnet/sdk/10.0.101/Sdks/Microsoft.NET.Sdk/targets/Microsoft.NET.TargetFrameworkInference.targets(81,5): message : Property reassignment: $(TargetPlatformVersion)="" (previous value: "0.0") at /usr/lib64/dotnet/sdk/10.0.101/Sdks/Microsoft.NET.Sdk/targets/Microsoft.NET.TargetFrameworkInference.targets (81,5)
       /usr/lib64/dotnet/sdk/10.0.101/Sdks/Microsoft.NET.Sdk/targets/Microsoft.NET.DefaultOutputPaths.targets(126,5): message : Property reassignment: $(DefaultItemExcludes)=";**\node_modules\**;node_modules\**;**\jspm_packages\**;jspm_packages\**;**\bower_components\**;bower_components\**;**\packages.lock.json;bin/Debug//**" (previous value: ";**\node_modules\**;node_modules\**;**\jspm_packages\**;jspm_packages\**;**\bower_components\**;bower_components\**;**\packages.lock.json") at /usr/lib64/dotnet/sdk/10.0.101/Sdks/Microsoft.NET.Sdk/targets/Microsoft.NET.DefaultOutputPaths.targets (126,5)
       /usr/lib64/dotnet/sdk/10.0.101/Sdks/Microsoft.NET.Sdk/targets/Microsoft.NET.DefaultOutputPaths.targets(127,5): message : Property reassignment: $(DefaultItemExcludes)=";**\node_modules\**;node_modules\**;**\jspm_packages\**;jspm_packages\**;**\bower_components\**;bower_components\**;**\packages.lock.json;bin/Debug//**;obj/Debug//**" (previous value: ";**\node_modules\**;node_modules\**;**\jspm_packages\**;jspm_packages\**;**\bower_components\**;bower_components\**;**\packages.lock.json;bin/Debug//**") at /usr/lib64/dotnet/sdk/10.0.101/Sdks/Microsoft.NET.Sdk/targets/Microsoft.NET.DefaultOutputPaths.targets (127,5)
       /usr/lib64/dotnet/sdk/10.0.101/Sdks/Microsoft.NET.Sdk/targets/Microsoft.NET.DefaultOutputPaths.targets(142,5): message : Property reassignment: $(OutputPath)="bin/Debug/net8.0/" (previous value: "bin/Debug/") at /usr/lib64/dotnet/sdk/10.0.101/Sdks/Microsoft.NET.Sdk/targets/Microsoft.NET.DefaultOutputPaths.targets (142,5)
       /usr/lib64/dotnet/sdk/10.0.101/Sdks/Microsoft.NET.Sdk/targets/Microsoft.NET.DefaultOutputPaths.targets(147,5): message : Property reassignment: $(IntermediateOutputPath)="obj/Debug/net8.0/" (previous value: "obj/Debug/") at /usr/lib64/dotnet/sdk/10.0.101/Sdks/Microsoft.NET.Sdk/targets/Microsoft.NET.DefaultOutputPaths.targets (147,5)
       /usr/lib64/dotnet/sdk/10.0.101/Sdks/Microsoft.NET.Sdk/targets/Microsoft.NET.Sdk.BeforeCommon.targets(371,5): message : Property reassignment: $(RoslynTargetsPath)="/usr/lib64/dotnet/sdk/10.0.101/Sdks/Microsoft.NET.Sdk/targets/../../../Roslyn" (previous value: "/usr/lib64/dotnet/sdk/10.0.101/Roslyn") at /usr/lib64/dotnet/sdk/10.0.101/Sdks/Microsoft.NET.Sdk/targets/Microsoft.NET.Sdk.BeforeCommon.targets (371,5)
       /usr/lib64/dotnet/sdk/10.0.101/Roslyn/Microsoft.Managed.Core.targets(6,5): message : Property reassignment: $(_BuildTasksDirectory)="/usr/lib64/dotnet/sdk/10.0.101/Sdks/Microsoft.NET.Sdk/targets/../../../Roslyn/" (previous value: "/usr/lib64/dotnet/sdk/10.0.101/Roslyn/") at /usr/lib64/dotnet/sdk/10.0.101/Roslyn/Microsoft.Managed.Core.targets (6,5)
       /usr/lib64/dotnet/sdk/10.0.101/Roslyn/Microsoft.CSharp.Core.targets(200,5): message : Property reassignment: $(CommandLineArgsForDesignTimeEvaluation)="-langversion:12.0 -define:TRACE" (previous value: "-langversion:12.0") at /usr/lib64/dotnet/sdk/10.0.101/Roslyn/Microsoft.CSharp.Core.targets (200,5)
       /usr/lib64/dotnet/sdk/10.0.101/Microsoft.Common.CurrentVersion.targets(175,5): message : Property reassignment: $(_DebugSymbolsProduced)="true" (previous value: "false") at /usr/lib64/dotnet/sdk/10.0.101/Microsoft.Common.CurrentVersion.targets (175,5)
       /usr/lib64/dotnet/sdk/10.0.101/Microsoft.Common.CurrentVersion.targets(185,5): message : Property reassignment: $(_DocumentationFileProduced)="false" (previous value: "true") at /usr/lib64/dotnet/sdk/10.0.101/Microsoft.Common.CurrentVersion.targets (185,5)
       /usr/lib64/dotnet/sdk/10.0.101/Microsoft.Common.CurrentVersion.targets(392,5): message : Property reassignment: $(MSBuildCopyMarkerName)="Entegras.16EEFBA9" (previous value: "Entegrasyon.Blazor.csproj") at /usr/lib64/dotnet/sdk/10.0.101/Microsoft.Common.CurrentVersion.targets (392,5)
       /usr/lib64/dotnet/sdk/10.0.101/Microsoft.Common.CurrentVersion.targets(393,5): message : Property reassignment: $(MSBuildCopyMarkerName)="Entegras.16EEFBA9.Up2Date" (previous value: "Entegras.16EEFBA9") at /usr/lib64/dotnet/sdk/10.0.101/Microsoft.Common.CurrentVersion.targets (393,5)
       /usr/lib64/dotnet/sdk/10.0.101/Microsoft.Common.CurrentVersion.targets(541,5): message : Property reassignment: $(ProcessorArchitecture)="msil" (previous value: "") at /usr/lib64/dotnet/sdk/10.0.101/Microsoft.Common.CurrentVersion.targets (541,5)
       /usr/lib64/dotnet/sdk/10.0.101/Microsoft.Common.CurrentVersion.targets(580,5): message : Property reassignment: $(DelaySign)="" (previous value: "false") at /usr/lib64/dotnet/sdk/10.0.101/Microsoft.Common.CurrentVersion.targets (580,5)
       /usr/lib64/dotnet/sdk/10.0.101/Microsoft.Common.CurrentVersion.targets(2606,5): message : Property 'LocalAppData' with value '/home/baturhan/.local/share' expanded from the environment.
       /usr/lib64/dotnet/sdk/10.0.101/Microsoft.Common.CurrentVersion.targets(3934,5): message : Property reassignment: $(_SGenGenerateSerializationAssembliesConfig)="Auto" (previous value: "") at /usr/lib64/dotnet/sdk/10.0.101/Microsoft.Common.CurrentVersion.targets (3934,5)
       /usr/lib64/dotnet/sdk/10.0.101/Microsoft.Common.CurrentVersion.targets(3935,5): message : Property reassignment: $(_SGenGenerateSerializationAssembliesConfig)="Off" (previous value: "Auto") at /usr/lib64/dotnet/sdk/10.0.101/Microsoft.Common.CurrentVersion.targets (3935,5)
       /usr/lib64/dotnet/sdk/10.0.101/Microsoft.Common.CurrentVersion.targets(5146,5): message : Property reassignment: $(_TargetsThatPrepareProjectReferences)="
       /usr/lib64/dotnet/sdk/10.0.101/Microsoft.Common.CurrentVersion.targets(5146,5): message :       AssignProjectConfiguration;
       /usr/lib64/dotnet/sdk/10.0.101/Microsoft.Common.CurrentVersion.targets(5146,5): message :       _SplitProjectReferencesByFileExistence
       /usr/lib64/dotnet/sdk/10.0.101/Microsoft.Common.CurrentVersion.targets(5146,5): message :     " (previous value: "_SplitProjectReferencesByFileExistence") at /usr/lib64/dotnet/sdk/10.0.101/Microsoft.Common.CurrentVersion.targets (5146,5)
       /usr/lib64/dotnet/sdk/10.0.101/Microsoft.Common.CurrentVersion.targets(6959,5): message : Property 'MSBuildExtensionsPath32' with value '/usr/lib64/dotnet/sdk/10.0.101' expanded from the environment.
       The "NuGetInteractive" property is a global property, and cannot be modified.
       /usr/lib64/dotnet/sdk/10.0.101/Sdks/Microsoft.NET.Sdk/targets/Microsoft.PackageDependencyResolution.targets(29,5): message : Property reassignment: $(ProjectAssetsCacheFile)="/home/baturhan/Projeler/Entegrasyon/Application/Entegrasyon.Blazor/obj/Debug/net8.0/Entegrasyon.Blazor.assets.cache" (previous value: "obj/Debug/net8.0/Entegrasyon.Blazor.assets.cache") at /usr/lib64/dotnet/sdk/10.0.101/Sdks/Microsoft.NET.Sdk/targets/Microsoft.PackageDependencyResolution.targets (29,5)
       /usr/lib64/dotnet/sdk/10.0.101/Sdks/Microsoft.NET.Sdk/targets/Microsoft.PackageDependencyResolution.targets(80,5): message : Property reassignment: $(ResolveAssemblyReferencesDependsOn)="
       /usr/lib64/dotnet/sdk/10.0.101/Sdks/Microsoft.NET.Sdk/targets/Microsoft.PackageDependencyResolution.targets(80,5): message :       
       /usr/lib64/dotnet/sdk/10.0.101/Sdks/Microsoft.NET.Sdk/targets/Microsoft.PackageDependencyResolution.targets(80,5): message :       ResolveProjectReferences;
       /usr/lib64/dotnet/sdk/10.0.101/Sdks/Microsoft.NET.Sdk/targets/Microsoft.PackageDependencyResolution.targets(80,5): message :       FindInvalidProjectReferences;
       /usr/lib64/dotnet/sdk/10.0.101/Sdks/Microsoft.NET.Sdk/targets/Microsoft.PackageDependencyResolution.targets(80,5): message :       GetFrameworkPaths;
       /usr/lib64/dotnet/sdk/10.0.101/Sdks/Microsoft.NET.Sdk/targets/Microsoft.PackageDependencyResolution.targets(80,5): message :       GetReferenceAssemblyPaths;
       /usr/lib64/dotnet/sdk/10.0.101/Sdks/Microsoft.NET.Sdk/targets/Microsoft.PackageDependencyResolution.targets(80,5): message :       PrepareForBuild;
       /usr/lib64/dotnet/sdk/10.0.101/Sdks/Microsoft.NET.Sdk/targets/Microsoft.PackageDependencyResolution.targets(80,5): message :       ResolveSDKReferences;
       /usr/lib64/dotnet/sdk/10.0.101/Sdks/Microsoft.NET.Sdk/targets/Microsoft.PackageDependencyResolution.targets(80,5): message :       ExpandSDKReferences;
       /usr/lib64/dotnet/sdk/10.0.101/Sdks/Microsoft.NET.Sdk/targets/Microsoft.PackageDependencyResolution.targets(80,5): message :     ;
       /usr/lib64/dotnet/sdk/10.0.101/Sdks/Microsoft.NET.Sdk/targets/Microsoft.PackageDependencyResolution.targets(80,5): message :       ResolvePackageDependenciesForBuild;
       /usr/lib64/dotnet/sdk/10.0.101/Sdks/Microsoft.NET.Sdk/targets/Microsoft.PackageDependencyResolution.targets(80,5): message :       _HandlePackageFileConflicts;
       /usr/lib64/dotnet/sdk/10.0.101/Sdks/Microsoft.NET.Sdk/targets/Microsoft.PackageDependencyResolution.targets(80,5): message :     " (previous value: "
       /usr/lib64/dotnet/sdk/10.0.101/Sdks/Microsoft.NET.Sdk/targets/Microsoft.PackageDependencyResolution.targets(80,5): message :       ResolveProjectReferences;
       /usr/lib64/dotnet/sdk/10.0.101/Sdks/Microsoft.NET.Sdk/targets/Microsoft.PackageDependencyResolution.targets(80,5): message :       FindInvalidProjectReferences;
       /usr/lib64/dotnet/sdk/10.0.101/Sdks/Microsoft.NET.Sdk/targets/Microsoft.PackageDependencyResolution.targets(80,5): message :       GetFrameworkPaths;
       /usr/lib64/dotnet/sdk/10.0.101/Sdks/Microsoft.NET.Sdk/targets/Microsoft.PackageDependencyResolution.targets(80,5): message :       GetReferenceAssemblyPaths;
       /usr/lib64/dotnet/sdk/10.0.101/Sdks/Microsoft.NET.Sdk/targets/Microsoft.PackageDependencyResolution.targets(80,5): message :       PrepareForBuild;
       /usr/lib64/dotnet/sdk/10.0.101/Sdks/Microsoft.NET.Sdk/targets/Microsoft.PackageDependencyResolution.targets(80,5): message :       ResolveSDKReferences;
       /usr/lib64/dotnet/sdk/10.0.101/Sdks/Microsoft.NET.Sdk/targets/Microsoft.PackageDependencyResolution.targets(80,5): message :       ExpandSDKReferences;
       /usr/lib64/dotnet/sdk/10.0.101/Sdks/Microsoft.NET.Sdk/targets/Microsoft.PackageDependencyResolution.targets(80,5): message :     ") at /usr/lib64/dotnet/sdk/10.0.101/Sdks/Microsoft.NET.Sdk/targets/Microsoft.PackageDependencyResolution.targets (80,5)
       /usr/lib64/dotnet/sdk/10.0.101/Sdks/Microsoft.NET.Sdk/targets/Microsoft.PackageDependencyResolution.targets(86,5): message : Property reassignment: $(PrepareResourcesDependsOn)="
       /usr/lib64/dotnet/sdk/10.0.101/Sdks/Microsoft.NET.Sdk/targets/Microsoft.PackageDependencyResolution.targets(86,5): message :       ResolvePackageDependenciesForBuild;
       /usr/lib64/dotnet/sdk/10.0.101/Sdks/Microsoft.NET.Sdk/targets/Microsoft.PackageDependencyResolution.targets(86,5): message :       _HandlePackageFileConflicts;
       /usr/lib64/dotnet/sdk/10.0.101/Sdks/Microsoft.NET.Sdk/targets/Microsoft.PackageDependencyResolution.targets(86,5): message :       
       /usr/lib64/dotnet/sdk/10.0.101/Sdks/Microsoft.NET.Sdk/targets/Microsoft.PackageDependencyResolution.targets(86,5): message :       ;
       /usr/lib64/dotnet/sdk/10.0.101/Sdks/Microsoft.NET.Sdk/targets/Microsoft.PackageDependencyResolution.targets(86,5): message :       PrepareResourceNames;
       /usr/lib64/dotnet/sdk/10.0.101/Sdks/Microsoft.NET.Sdk/targets/Microsoft.PackageDependencyResolution.targets(86,5): message :       ResGen;
       /usr/lib64/dotnet/sdk/10.0.101/Sdks/Microsoft.NET.Sdk/targets/Microsoft.PackageDependencyResolution.targets(86,5): message :       CompileLicxFiles
       /usr/lib64/dotnet/sdk/10.0.101/Sdks/Microsoft.NET.Sdk/targets/Microsoft.PackageDependencyResolution.targets(86,5): message :     
       /usr/lib64/dotnet/sdk/10.0.101/Sdks/Microsoft.NET.Sdk/targets/Microsoft.PackageDependencyResolution.targets(86,5): message :     " (previous value: "
       /usr/lib64/dotnet/sdk/10.0.101/Sdks/Microsoft.NET.Sdk/targets/Microsoft.PackageDependencyResolution.targets(86,5): message :       ;
       /usr/lib64/dotnet/sdk/10.0.101/Sdks/Microsoft.NET.Sdk/targets/Microsoft.PackageDependencyResolution.targets(86,5): message :       PrepareResourceNames;
       /usr/lib64/dotnet/sdk/10.0.101/Sdks/Microsoft.NET.Sdk/targets/Microsoft.PackageDependencyResolution.targets(86,5): message :       ResGen;
       /usr/lib64/dotnet/sdk/10.0.101/Sdks/Microsoft.NET.Sdk/targets/Microsoft.PackageDependencyResolution.targets(86,5): message :       CompileLicxFiles
       /usr/lib64/dotnet/sdk/10.0.101/Sdks/Microsoft.NET.Sdk/targets/Microsoft.PackageDependencyResolution.targets(86,5): message :     ") at /usr/lib64/dotnet/sdk/10.0.101/Sdks/Microsoft.NET.Sdk/targets/Microsoft.PackageDependencyResolution.targets (86,5)
       /usr/lib64/dotnet/sdk/10.0.101/Sdks/Microsoft.NET.Sdk/targets/Microsoft.NET.Sdk.DefaultItems.targets(35,5): message : Property reassignment: $(DefaultItemExcludes)=";**\node_modules\**;node_modules\**;**\jspm_packages\**;jspm_packages\**;**\bower_components\**;bower_components\**;**\packages.lock.json;bin/Debug//**;obj/Debug//**;bin//**" (previous value: ";**\node_modules\**;node_modules\**;**\jspm_packages\**;jspm_packages\**;**\bower_components\**;bower_components\**;**\packages.lock.json;bin/Debug//**;obj/Debug//**") at /usr/lib64/dotnet/sdk/10.0.101/Sdks/Microsoft.NET.Sdk/targets/Microsoft.NET.Sdk.DefaultItems.targets (35,5)
       /usr/lib64/dotnet/sdk/10.0.101/Sdks/Microsoft.NET.Sdk/targets/Microsoft.NET.Sdk.DefaultItems.targets(37,5): message : Property reassignment: $(DefaultItemExcludes)=";**\node_modules\**;node_modules\**;**\jspm_packages\**;jspm_packages\**;**\bower_components\**;bower_components\**;**\packages.lock.json;bin/Debug//**;obj/Debug//**;bin//**;obj//**" (previous value: ";**\node_modules\**;node_modules\**;**\jspm_packages\**;jspm_packages\**;**\bower_components\**;bower_components\**;**\packages.lock.json;bin/Debug//**;obj/Debug//**;bin//**") at /usr/lib64/dotnet/sdk/10.0.101/Sdks/Microsoft.NET.Sdk/targets/Microsoft.NET.Sdk.DefaultItems.targets (37,5)
       /usr/lib64/dotnet/sdk/10.0.101/Sdks/Microsoft.NET.Sdk/targets/Microsoft.NET.Sdk.DefaultItems.targets(40,5): message : Property reassignment: $(DefaultItemExcludes)=";**\node_modules\**;node_modules\**;**\jspm_packages\**;jspm_packages\**;**\bower_components\**;bower_components\**;**\packages.lock.json;bin/Debug//**;obj/Debug//**;bin//**;obj//**;**/*.user" (previous value: ";**\node_modules\**;node_modules\**;**\jspm_packages\**;jspm_packages\**;**\bower_components\**;bower_components\**;**\packages.lock.json;bin/Debug//**;obj/Debug//**;bin//**;obj//**") at /usr/lib64/dotnet/sdk/10.0.101/Sdks/Microsoft.NET.Sdk/targets/Microsoft.NET.Sdk.DefaultItems.targets (40,5)
       /usr/lib64/dotnet/sdk/10.0.101/Sdks/Microsoft.NET.Sdk/targets/Microsoft.NET.Sdk.DefaultItems.targets(41,5): message : Property reassignment: $(DefaultItemExcludes)=";**\node_modules\**;node_modules\**;**\jspm_packages\**;jspm_packages\**;**\bower_components\**;bower_components\**;**\packages.lock.json;bin/Debug//**;obj/Debug//**;bin//**;obj//**;**/*.user;**/*.*proj" (previous value: ";**\node_modules\**;node_modules\**;**\jspm_packages\**;jspm_packages\**;**\bower_components\**;bower_components\**;**\packages.lock.json;bin/Debug//**;obj/Debug//**;bin//**;obj//**;**/*.user") at /usr/lib64/dotnet/sdk/10.0.101/Sdks/Microsoft.NET.Sdk/targets/Microsoft.NET.Sdk.DefaultItems.targets (41,5)
       /usr/lib64/dotnet/sdk/10.0.101/Sdks/Microsoft.NET.Sdk/targets/Microsoft.NET.Sdk.DefaultItems.targets(42,5): message : Property reassignment: $(DefaultItemExcludes)=";**\node_modules\**;node_modules\**;**\jspm_packages\**;jspm_packages\**;**\bower_components\**;bower_components\**;**\packages.lock.json;bin/Debug//**;obj/Debug//**;bin//**;obj//**;**/*.user;**/*.*proj;**/*.sln" (previous value: ";**\node_modules\**;node_modules\**;**\jspm_packages\**;jspm_packages\**;**\bower_components\**;bower_components\**;**\packages.lock.json;bin/Debug//**;obj/Debug//**;bin//**;obj//**;**/*.user;**/*.*proj") at /usr/lib64/dotnet/sdk/10.0.101/Sdks/Microsoft.NET.Sdk/targets/Microsoft.NET.Sdk.DefaultItems.targets (42,5)
       /usr/lib64/dotnet/sdk/10.0.101/Sdks/Microsoft.NET.Sdk/targets/Microsoft.NET.Sdk.DefaultItems.targets(43,5): message : Property reassignment: $(DefaultItemExcludes)=";**\node_modules\**;node_modules\**;**\jspm_packages\**;jspm_packages\**;**\bower_components\**;bower_components\**;**\packages.lock.json;bin/Debug//**;obj/Debug//**;bin//**;obj//**;**/*.user;**/*.*proj;**/*.sln;**/*.slnx" (previous value: ";**\node_modules\**;node_modules\**;**\jspm_packages\**;jspm_packages\**;**\bower_components\**;bower_components\**;**\packages.lock.json;bin/Debug//**;obj/Debug//**;bin//**;obj//**;**/*.user;**/*.*proj;**/*.sln") at /usr/lib64/dotnet/sdk/10.0.101/Sdks/Microsoft.NET.Sdk/targets/Microsoft.NET.Sdk.DefaultItems.targets (43,5)
       /usr/lib64/dotnet/sdk/10.0.101/Sdks/Microsoft.NET.Sdk/targets/Microsoft.NET.Sdk.DefaultItems.targets(44,5): message : Property reassignment: $(DefaultItemExcludes)=";**\node_modules\**;node_modules\**;**\jspm_packages\**;jspm_packages\**;**\bower_components\**;bower_components\**;**\packages.lock.json;bin/Debug//**;obj/Debug//**;bin//**;obj//**;**/*.user;**/*.*proj;**/*.sln;**/*.slnx;**/*.vssscc" (previous value: ";**\node_modules\**;node_modules\**;**\jspm_packages\**;jspm_packages\**;**\bower_components\**;bower_components\**;**\packages.lock.json;bin/Debug//**;obj/Debug//**;bin//**;obj//**;**/*.user;**/*.*proj;**/*.sln;**/*.slnx") at /usr/lib64/dotnet/sdk/10.0.101/Sdks/Microsoft.NET.Sdk/targets/Microsoft.NET.Sdk.DefaultItems.targets (44,5)
       /usr/lib64/dotnet/sdk/10.0.101/Sdks/Microsoft.NET.Sdk/targets/Microsoft.NET.Sdk.DefaultItems.targets(45,5): message : Property reassignment: $(DefaultItemExcludes)=";**\node_modules\**;node_modules\**;**\jspm_packages\**;jspm_packages\**;**\bower_components\**;bower_components\**;**\packages.lock.json;bin/Debug//**;obj/Debug//**;bin//**;obj//**;**/*.user;**/*.*proj;**/*.sln;**/*.slnx;**/*.vssscc;**/.DS_Store" (previous value: ";**\node_modules\**;node_modules\**;**\jspm_packages\**;jspm_packages\**;**\bower_components\**;bower_components\**;**\packages.lock.json;bin/Debug//**;obj/Debug//**;bin//**;obj//**;**/*.user;**/*.*proj;**/*.sln;**/*.slnx;**/*.vssscc") at /usr/lib64/dotnet/sdk/10.0.101/Sdks/Microsoft.NET.Sdk/targets/Microsoft.NET.Sdk.DefaultItems.targets (45,5)
       /usr/lib64/dotnet/sdk/10.0.101/Sdks/Microsoft.NET.Sdk/targets/Microsoft.NET.Sdk.FrameworkReferenceResolution.targets(14,5): message : Property reassignment: $(ResolveAssemblyReferencesDependsOn)="
       /usr/lib64/dotnet/sdk/10.0.101/Sdks/Microsoft.NET.Sdk/targets/Microsoft.NET.Sdk.FrameworkReferenceResolution.targets(14,5): message :       
       /usr/lib64/dotnet/sdk/10.0.101/Sdks/Microsoft.NET.Sdk/targets/Microsoft.NET.Sdk.FrameworkReferenceResolution.targets(14,5): message :       
       /usr/lib64/dotnet/sdk/10.0.101/Sdks/Microsoft.NET.Sdk/targets/Microsoft.NET.Sdk.FrameworkReferenceResolution.targets(14,5): message :       ResolveProjectReferences;
       /usr/lib64/dotnet/sdk/10.0.101/Sdks/Microsoft.NET.Sdk/targets/Microsoft.NET.Sdk.FrameworkReferenceResolution.targets(14,5): message :       FindInvalidProjectReferences;
       /usr/lib64/dotnet/sdk/10.0.101/Sdks/Microsoft.NET.Sdk/targets/Microsoft.NET.Sdk.FrameworkReferenceResolution.targets(14,5): message :       GetFrameworkPaths;
       /usr/lib64/dotnet/sdk/10.0.101/Sdks/Microsoft.NET.Sdk/targets/Microsoft.NET.Sdk.FrameworkReferenceResolution.targets(14,5): message :       GetReferenceAssemblyPaths;
       /usr/lib64/dotnet/sdk/10.0.101/Sdks/Microsoft.NET.Sdk/targets/Microsoft.NET.Sdk.FrameworkReferenceResolution.targets(14,5): message :       PrepareForBuild;
       /usr/lib64/dotnet/sdk/10.0.101/Sdks/Microsoft.NET.Sdk/targets/Microsoft.NET.Sdk.FrameworkReferenceResolution.targets(14,5): message :       ResolveSDKReferences;
       /usr/lib64/dotnet/sdk/10.0.101/Sdks/Microsoft.NET.Sdk/targets/Microsoft.NET.Sdk.FrameworkReferenceResolution.targets(14,5): message :       ExpandSDKReferences;
       /usr/lib64/dotnet/sdk/10.0.101/Sdks/Microsoft.NET.Sdk/targets/Microsoft.NET.Sdk.FrameworkReferenceResolution.targets(14,5): message :     ;
       /usr/lib64/dotnet/sdk/10.0.101/Sdks/Microsoft.NET.Sdk/targets/Microsoft.NET.Sdk.FrameworkReferenceResolution.targets(14,5): message :       ResolvePackageDependenciesForBuild;
       /usr/lib64/dotnet/sdk/10.0.101/Sdks/Microsoft.NET.Sdk/targets/Microsoft.NET.Sdk.FrameworkReferenceResolution.targets(14,5): message :       _HandlePackageFileConflicts;
       /usr/lib64/dotnet/sdk/10.0.101/Sdks/Microsoft.NET.Sdk/targets/Microsoft.NET.Sdk.FrameworkReferenceResolution.targets(14,5): message :     ;
       /usr/lib64/dotnet/sdk/10.0.101/Sdks/Microsoft.NET.Sdk/targets/Microsoft.NET.Sdk.FrameworkReferenceResolution.targets(14,5): message :       ResolveTargetingPackAssets;
       /usr/lib64/dotnet/sdk/10.0.101/Sdks/Microsoft.NET.Sdk/targets/Microsoft.NET.Sdk.FrameworkReferenceResolution.targets(14,5): message :     " (previous value: "
       /usr/lib64/dotnet/sdk/10.0.101/Sdks/Microsoft.NET.Sdk/targets/Microsoft.NET.Sdk.FrameworkReferenceResolution.targets(14,5): message :       
       /usr/lib64/dotnet/sdk/10.0.101/Sdks/Microsoft.NET.Sdk/targets/Microsoft.NET.Sdk.FrameworkReferenceResolution.targets(14,5): message :       ResolveProjectReferences;
       /usr/lib64/dotnet/sdk/10.0.101/Sdks/Microsoft.NET.Sdk/targets/Microsoft.NET.Sdk.FrameworkReferenceResolution.targets(14,5): message :       FindInvalidProjectReferences;
       /usr/lib64/dotnet/sdk/10.0.101/Sdks/Microsoft.NET.Sdk/targets/Microsoft.NET.Sdk.FrameworkReferenceResolution.targets(14,5): message :       GetFrameworkPaths;
       /usr/lib64/dotnet/sdk/10.0.101/Sdks/Microsoft.NET.Sdk/targets/Microsoft.NET.Sdk.FrameworkReferenceResolution.targets(14,5): message :       GetReferenceAssemblyPaths;
       /usr/lib64/dotnet/sdk/10.0.101/Sdks/Microsoft.NET.Sdk/targets/Microsoft.NET.Sdk.FrameworkReferenceResolution.targets(14,5): message :       PrepareForBuild;
       /usr/lib64/dotnet/sdk/10.0.101/Sdks/Microsoft.NET.Sdk/targets/Microsoft.NET.Sdk.FrameworkReferenceResolution.targets(14,5): message :       ResolveSDKReferences;
       /usr/lib64/dotnet/sdk/10.0.101/Sdks/Microsoft.NET.Sdk/targets/Microsoft.NET.Sdk.FrameworkReferenceResolution.targets(14,5): message :       ExpandSDKReferences;
       /usr/lib64/dotnet/sdk/10.0.101/Sdks/Microsoft.NET.Sdk/targets/Microsoft.NET.Sdk.FrameworkReferenceResolution.targets(14,5): message :     ;
       /usr/lib64/dotnet/sdk/10.0.101/Sdks/Microsoft.NET.Sdk/targets/Microsoft.NET.Sdk.FrameworkReferenceResolution.targets(14,5): message :       ResolvePackageDependenciesForBuild;
       /usr/lib64/dotnet/sdk/10.0.101/Sdks/Microsoft.NET.Sdk/targets/Microsoft.NET.Sdk.FrameworkReferenceResolution.targets(14,5): message :       _HandlePackageFileConflicts;
       /usr/lib64/dotnet/sdk/10.0.101/Sdks/Microsoft.NET.Sdk/targets/Microsoft.NET.Sdk.FrameworkReferenceResolution.targets(14,5): message :     ") at /usr/lib64/dotnet/sdk/10.0.101/Sdks/Microsoft.NET.Sdk/targets/Microsoft.NET.Sdk.FrameworkReferenceResolution.targets (14,5)
       /usr/lib64/dotnet/sdk/10.0.101/Sdks/Microsoft.NET.Sdk/targets/Microsoft.NET.Sdk.targets(44,5): message : Property reassignment: $(_GenerateRuntimeConfigurationPropertyInputsCache)="/home/baturhan/Projeler/Entegrasyon/Application/Entegrasyon.Blazor/obj/Debug/net8.0/Entegrasyon.Blazor.genruntimeconfig.cache" (previous value: "obj/Debug/net8.0/Entegrasyon.Blazor.genruntimeconfig.cache") at /usr/lib64/dotnet/sdk/10.0.101/Sdks/Microsoft.NET.Sdk/targets/Microsoft.NET.Sdk.targets (44,5)
       /usr/lib64/dotnet/sdk/10.0.101/Sdks/Microsoft.NET.Sdk/targets/Microsoft.NET.Sdk.targets(46,5): message : Property reassignment: $(_GeneratePublishDependencyFilePropertyInputsCache)="/home/baturhan/Projeler/Entegrasyon/Application/Entegrasyon.Blazor/obj/Debug/net8.0/Entegrasyon.Blazor.genpublishdeps.cache" (previous value: "obj/Debug/net8.0/Entegrasyon.Blazor.genpublishdeps.cache") at /usr/lib64/dotnet/sdk/10.0.101/Sdks/Microsoft.NET.Sdk/targets/Microsoft.NET.Sdk.targets (46,5)
       /usr/lib64/dotnet/sdk/10.0.101/Sdks/Microsoft.NET.Sdk/targets/Microsoft.NET.Sdk.targets(48,5): message : Property reassignment: $(_GenerateSingleFileBundlePropertyInputsCache)="/home/baturhan/Projeler/Entegrasyon/Application/Entegrasyon.Blazor/obj/Debug/net8.0/Entegrasyon.Blazor.genbundle.cache" (previous value: "obj/Debug/net8.0/Entegrasyon.Blazor.genbundle.cache") at /usr/lib64/dotnet/sdk/10.0.101/Sdks/Microsoft.NET.Sdk/targets/Microsoft.NET.Sdk.targets (48,5)
       /usr/lib64/dotnet/sdk/10.0.101/Sdks/Microsoft.NET.Sdk/targets/Microsoft.NET.Sdk.targets(81,5): message : Property reassignment: $(GenerateRuntimeConfigDevFile)="false" (previous value: "true") at /usr/lib64/dotnet/sdk/10.0.101/Sdks/Microsoft.NET.Sdk/targets/Microsoft.NET.Sdk.targets (81,5)
       /usr/lib64/dotnet/sdk/10.0.101/Sdks/Microsoft.NET.Sdk/targets/Microsoft.NET.Sdk.targets(97,5): message : Property 'HOME' with value '/home/baturhan' expanded from the environment.
       /usr/lib64/dotnet/sdk/10.0.101/Sdks/Microsoft.NET.Sdk/targets/Microsoft.NET.Sdk.targets(99,5): message : Property reassignment: $(_DefaultUserProfileRuntimeStorePath)="/home/baturhan/.dotnet/store" (previous value: "/home/baturhan") at /usr/lib64/dotnet/sdk/10.0.101/Sdks/Microsoft.NET.Sdk/targets/Microsoft.NET.Sdk.targets (99,5)
       /usr/lib64/dotnet/sdk/10.0.101/Sdks/Microsoft.NET.Sdk/targets/Microsoft.NET.Sdk.targets(144,5): message : Property reassignment: $(AvailablePlatforms)="Any CPU,x86,x64,ARM32" (previous value: "Any CPU,x86,x64") at /usr/lib64/dotnet/sdk/10.0.101/Sdks/Microsoft.NET.Sdk/targets/Microsoft.NET.Sdk.targets (144,5)
       /usr/lib64/dotnet/sdk/10.0.101/Sdks/Microsoft.NET.Sdk/targets/Microsoft.NET.Sdk.targets(148,5): message : Property reassignment: $(AvailablePlatforms)="Any CPU,x86,x64,ARM32,ARM64" (previous value: "Any CPU,x86,x64,ARM32") at /usr/lib64/dotnet/sdk/10.0.101/Sdks/Microsoft.NET.Sdk/targets/Microsoft.NET.Sdk.targets (148,5)
       /usr/lib64/dotnet/sdk/10.0.101/Sdks/Microsoft.NET.Sdk/targets/Microsoft.NET.Sdk.targets(204,5): message : Property reassignment: $(CoreBuildDependsOn)="
       /usr/lib64/dotnet/sdk/10.0.101/Sdks/Microsoft.NET.Sdk/targets/Microsoft.NET.Sdk.targets(204,5): message :       _CheckForBuildWithNoBuild;
       /usr/lib64/dotnet/sdk/10.0.101/Sdks/Microsoft.NET.Sdk/targets/Microsoft.NET.Sdk.targets(204,5): message :       
       /usr/lib64/dotnet/sdk/10.0.101/Sdks/Microsoft.NET.Sdk/targets/Microsoft.NET.Sdk.targets(204,5): message :       BuildOnlySettings;
       /usr/lib64/dotnet/sdk/10.0.101/Sdks/Microsoft.NET.Sdk/targets/Microsoft.NET.Sdk.targets(204,5): message :       PrepareForBuild;
       /usr/lib64/dotnet/sdk/10.0.101/Sdks/Microsoft.NET.Sdk/targets/Microsoft.NET.Sdk.targets(204,5): message :       PreBuildEvent;
       /usr/lib64/dotnet/sdk/10.0.101/Sdks/Microsoft.NET.Sdk/targets/Microsoft.NET.Sdk.targets(204,5): message :       ResolveReferences;
       /usr/lib64/dotnet/sdk/10.0.101/Sdks/Microsoft.NET.Sdk/targets/Microsoft.NET.Sdk.targets(204,5): message :       PrepareResources;
       /usr/lib64/dotnet/sdk/10.0.101/Sdks/Microsoft.NET.Sdk/targets/Microsoft.NET.Sdk.targets(204,5): message :       ResolveKeySource;
       /usr/lib64/dotnet/sdk/10.0.101/Sdks/Microsoft.NET.Sdk/targets/Microsoft.NET.Sdk.targets(204,5): message :       Compile;
       /usr/lib64/dotnet/sdk/10.0.101/Sdks/Microsoft.NET.Sdk/targets/Microsoft.NET.Sdk.targets(204,5): message :       ExportWindowsMDFile;
       /usr/lib64/dotnet/sdk/10.0.101/Sdks/Microsoft.NET.Sdk/targets/Microsoft.NET.Sdk.targets(204,5): message :       UnmanagedUnregistration;
       /usr/lib64/dotnet/sdk/10.0.101/Sdks/Microsoft.NET.Sdk/targets/Microsoft.NET.Sdk.targets(204,5): message :       GenerateSerializationAssemblies;
       /usr/lib64/dotnet/sdk/10.0.101/Sdks/Microsoft.NET.Sdk/targets/Microsoft.NET.Sdk.targets(204,5): message :       CreateSatelliteAssemblies;
       /usr/lib64/dotnet/sdk/10.0.101/Sdks/Microsoft.NET.Sdk/targets/Microsoft.NET.Sdk.targets(204,5): message :       GenerateManifests;
       /usr/lib64/dotnet/sdk/10.0.101/Sdks/Microsoft.NET.Sdk/targets/Microsoft.NET.Sdk.targets(204,5): message :       GetTargetPath;
       /usr/lib64/dotnet/sdk/10.0.101/Sdks/Microsoft.NET.Sdk/targets/Microsoft.NET.Sdk.targets(204,5): message :       PrepareForRun;
       /usr/lib64/dotnet/sdk/10.0.101/Sdks/Microsoft.NET.Sdk/targets/Microsoft.NET.Sdk.targets(204,5): message :       UnmanagedRegistration;
       /usr/lib64/dotnet/sdk/10.0.101/Sdks/Microsoft.NET.Sdk/targets/Microsoft.NET.Sdk.targets(204,5): message :       IncrementalClean;
       /usr/lib64/dotnet/sdk/10.0.101/Sdks/Microsoft.NET.Sdk/targets/Microsoft.NET.Sdk.targets(204,5): message :       PostBuildEvent
       /usr/lib64/dotnet/sdk/10.0.101/Sdks/Microsoft.NET.Sdk/targets/Microsoft.NET.Sdk.targets(204,5): message :     ;
       /usr/lib64/dotnet/sdk/10.0.101/Sdks/Microsoft.NET.Sdk/targets/Microsoft.NET.Sdk.targets(204,5): message :       GenerateBuildDependencyFile;
       /usr/lib64/dotnet/sdk/10.0.101/Sdks/Microsoft.NET.Sdk/targets/Microsoft.NET.Sdk.targets(204,5): message :       GenerateBuildRuntimeConfigurationFiles
       /usr/lib64/dotnet/sdk/10.0.101/Sdks/Microsoft.NET.Sdk/targets/Microsoft.NET.Sdk.targets(204,5): message :     " (previous value: "
       /usr/lib64/dotnet/sdk/10.0.101/Sdks/Microsoft.NET.Sdk/targets/Microsoft.NET.Sdk.targets(204,5): message :       BuildOnlySettings;
       /usr/lib64/dotnet/sdk/10.0.101/Sdks/Microsoft.NET.Sdk/targets/Microsoft.NET.Sdk.targets(204,5): message :       PrepareForBuild;
       /usr/lib64/dotnet/sdk/10.0.101/Sdks/Microsoft.NET.Sdk/targets/Microsoft.NET.Sdk.targets(204,5): message :       PreBuildEvent;
       /usr/lib64/dotnet/sdk/10.0.101/Sdks/Microsoft.NET.Sdk/targets/Microsoft.NET.Sdk.targets(204,5): message :       ResolveReferences;
       /usr/lib64/dotnet/sdk/10.0.101/Sdks/Microsoft.NET.Sdk/targets/Microsoft.NET.Sdk.targets(204,5): message :       PrepareResources;
       /usr/lib64/dotnet/sdk/10.0.101/Sdks/Microsoft.NET.Sdk/targets/Microsoft.NET.Sdk.targets(204,5): message :       ResolveKeySource;
       /usr/lib64/dotnet/sdk/10.0.101/Sdks/Microsoft.NET.Sdk/targets/Microsoft.NET.Sdk.targets(204,5): message :       Compile;
       /usr/lib64/dotnet/sdk/10.0.101/Sdks/Microsoft.NET.Sdk/targets/Microsoft.NET.Sdk.targets(204,5): message :       ExportWindowsMDFile;
       /usr/lib64/dotnet/sdk/10.0.101/Sdks/Microsoft.NET.Sdk/targets/Microsoft.NET.Sdk.targets(204,5): message :       UnmanagedUnregistration;
       /usr/lib64/dotnet/sdk/10.0.101/Sdks/Microsoft.NET.Sdk/targets/Microsoft.NET.Sdk.targets(204,5): message :       GenerateSerializationAssemblies;
       /usr/lib64/dotnet/sdk/10.0.101/Sdks/Microsoft.NET.Sdk/targets/Microsoft.NET.Sdk.targets(204,5): message :       CreateSatelliteAssemblies;
       /usr/lib64/dotnet/sdk/10.0.101/Sdks/Microsoft.NET.Sdk/targets/Microsoft.NET.Sdk.targets(204,5): message :       GenerateManifests;
       /usr/lib64/dotnet/sdk/10.0.101/Sdks/Microsoft.NET.Sdk/targets/Microsoft.NET.Sdk.targets(204,5): message :       GetTargetPath;
       /usr/lib64/dotnet/sdk/10.0.101/Sdks/Microsoft.NET.Sdk/targets/Microsoft.NET.Sdk.targets(204,5): message :       PrepareForRun;
       /usr/lib64/dotnet/sdk/10.0.101/Sdks/Microsoft.NET.Sdk/targets/Microsoft.NET.Sdk.targets(204,5): message :       UnmanagedRegistration;
       /usr/lib64/dotnet/sdk/10.0.101/Sdks/Microsoft.NET.Sdk/targets/Microsoft.NET.Sdk.targets(204,5): message :       IncrementalClean;
       /usr/lib64/dotnet/sdk/10.0.101/Sdks/Microsoft.NET.Sdk/targets/Microsoft.NET.Sdk.targets(204,5): message :       PostBuildEvent
       /usr/lib64/dotnet/sdk/10.0.101/Sdks/Microsoft.NET.Sdk/targets/Microsoft.NET.Sdk.targets(204,5): message :     ") at /usr/lib64/dotnet/sdk/10.0.101/Sdks/Microsoft.NET.Sdk/targets/Microsoft.NET.Sdk.targets (204,5)
       /usr/lib64/dotnet/sdk/10.0.101/Sdks/Microsoft.NET.Sdk/targets/Microsoft.NET.Sdk.targets(213,5): message : Property reassignment: $(CoreCleanDependsOn)="
       /usr/lib64/dotnet/sdk/10.0.101/Sdks/Microsoft.NET.Sdk/targets/Microsoft.NET.Sdk.targets(213,5): message :       _SdkBeforeClean;
       /usr/lib64/dotnet/sdk/10.0.101/Sdks/Microsoft.NET.Sdk/targets/Microsoft.NET.Sdk.targets(213,5): message :       
       /usr/lib64/dotnet/sdk/10.0.101/Sdks/Microsoft.NET.Sdk/targets/Microsoft.NET.Sdk.targets(213,5): message :     " (previous value: "") at /usr/lib64/dotnet/sdk/10.0.101/Sdks/Microsoft.NET.Sdk/targets/Microsoft.NET.Sdk.targets (213,5)
       /usr/lib64/dotnet/sdk/10.0.101/Sdks/Microsoft.NET.Sdk/targets/Microsoft.NET.Sdk.targets(220,5): message : Property reassignment: $(RebuildDependsOn)="
       /usr/lib64/dotnet/sdk/10.0.101/Sdks/Microsoft.NET.Sdk/targets/Microsoft.NET.Sdk.targets(220,5): message :       _SdkBeforeRebuild;
       /usr/lib64/dotnet/sdk/10.0.101/Sdks/Microsoft.NET.Sdk/targets/Microsoft.NET.Sdk.targets(220,5): message :       
       /usr/lib64/dotnet/sdk/10.0.101/Sdks/Microsoft.NET.Sdk/targets/Microsoft.NET.Sdk.targets(220,5): message :       BeforeRebuild;
       /usr/lib64/dotnet/sdk/10.0.101/Sdks/Microsoft.NET.Sdk/targets/Microsoft.NET.Sdk.targets(220,5): message :       Clean;
       /usr/lib64/dotnet/sdk/10.0.101/Sdks/Microsoft.NET.Sdk/targets/Microsoft.NET.Sdk.targets(220,5): message :       Build;
       /usr/lib64/dotnet/sdk/10.0.101/Sdks/Microsoft.NET.Sdk/targets/Microsoft.NET.Sdk.targets(220,5): message :       AfterRebuild;
       /usr/lib64/dotnet/sdk/10.0.101/Sdks/Microsoft.NET.Sdk/targets/Microsoft.NET.Sdk.targets(220,5): message :     
       /usr/lib64/dotnet/sdk/10.0.101/Sdks/Microsoft.NET.Sdk/targets/Microsoft.NET.Sdk.targets(220,5): message :     " (previous value: "
       /usr/lib64/dotnet/sdk/10.0.101/Sdks/Microsoft.NET.Sdk/targets/Microsoft.NET.Sdk.targets(220,5): message :       BeforeRebuild;
       /usr/lib64/dotnet/sdk/10.0.101/Sdks/Microsoft.NET.Sdk/targets/Microsoft.NET.Sdk.targets(220,5): message :       Clean;
       /usr/lib64/dotnet/sdk/10.0.101/Sdks/Microsoft.NET.Sdk/targets/Microsoft.NET.Sdk.targets(220,5): message :       Build;
       /usr/lib64/dotnet/sdk/10.0.101/Sdks/Microsoft.NET.Sdk/targets/Microsoft.NET.Sdk.targets(220,5): message :       AfterRebuild;
       /usr/lib64/dotnet/sdk/10.0.101/Sdks/Microsoft.NET.Sdk/targets/Microsoft.NET.Sdk.targets(220,5): message :     ") at /usr/lib64/dotnet/sdk/10.0.101/Sdks/Microsoft.NET.Sdk/targets/Microsoft.NET.Sdk.targets (220,5)
       /usr/lib64/dotnet/sdk/10.0.101/Sdks/Microsoft.NET.Sdk/targets/Microsoft.NET.Sdk.targets(799,5): message : Property reassignment: $(CompileDependsOn)="
       /usr/lib64/dotnet/sdk/10.0.101/Sdks/Microsoft.NET.Sdk/targets/Microsoft.NET.Sdk.targets(799,5): message :       
       /usr/lib64/dotnet/sdk/10.0.101/Sdks/Microsoft.NET.Sdk/targets/Microsoft.NET.Sdk.targets(799,5): message :       ResolveReferences;
       /usr/lib64/dotnet/sdk/10.0.101/Sdks/Microsoft.NET.Sdk/targets/Microsoft.NET.Sdk.targets(799,5): message :       ResolveKeySource;
       /usr/lib64/dotnet/sdk/10.0.101/Sdks/Microsoft.NET.Sdk/targets/Microsoft.NET.Sdk.targets(799,5): message :       SetWin32ManifestProperties;
       /usr/lib64/dotnet/sdk/10.0.101/Sdks/Microsoft.NET.Sdk/targets/Microsoft.NET.Sdk.targets(799,5): message :       _SetPreferNativeArm64Win32ManifestProperties;
       /usr/lib64/dotnet/sdk/10.0.101/Sdks/Microsoft.NET.Sdk/targets/Microsoft.NET.Sdk.targets(799,5): message :       FindReferenceAssembliesForReferences;
       /usr/lib64/dotnet/sdk/10.0.101/Sdks/Microsoft.NET.Sdk/targets/Microsoft.NET.Sdk.targets(799,5): message :       _GenerateCompileInputs;
       /usr/lib64/dotnet/sdk/10.0.101/Sdks/Microsoft.NET.Sdk/targets/Microsoft.NET.Sdk.targets(799,5): message :       BeforeCompile;
       /usr/lib64/dotnet/sdk/10.0.101/Sdks/Microsoft.NET.Sdk/targets/Microsoft.NET.Sdk.targets(799,5): message :       _TimeStampBeforeCompile;
       /usr/lib64/dotnet/sdk/10.0.101/Sdks/Microsoft.NET.Sdk/targets/Microsoft.NET.Sdk.targets(799,5): message :       _GenerateCompileDependencyCache;
       /usr/lib64/dotnet/sdk/10.0.101/Sdks/Microsoft.NET.Sdk/targets/Microsoft.NET.Sdk.targets(799,5): message :       CoreCompile;
       /usr/lib64/dotnet/sdk/10.0.101/Sdks/Microsoft.NET.Sdk/targets/Microsoft.NET.Sdk.targets(799,5): message :       _TimeStampAfterCompile;
       /usr/lib64/dotnet/sdk/10.0.101/Sdks/Microsoft.NET.Sdk/targets/Microsoft.NET.Sdk.targets(799,5): message :       AfterCompile;
       /usr/lib64/dotnet/sdk/10.0.101/Sdks/Microsoft.NET.Sdk/targets/Microsoft.NET.Sdk.targets(799,5): message :     ;
       /usr/lib64/dotnet/sdk/10.0.101/Sdks/Microsoft.NET.Sdk/targets/Microsoft.NET.Sdk.targets(799,5): message :       _CreateAppHost;
       /usr/lib64/dotnet/sdk/10.0.101/Sdks/Microsoft.NET.Sdk/targets/Microsoft.NET.Sdk.targets(799,5): message :       _CreateComHost;
       /usr/lib64/dotnet/sdk/10.0.101/Sdks/Microsoft.NET.Sdk/targets/Microsoft.NET.Sdk.targets(799,5): message :       _GetIjwHostPaths;
       /usr/lib64/dotnet/sdk/10.0.101/Sdks/Microsoft.NET.Sdk/targets/Microsoft.NET.Sdk.targets(799,5): message :     " (previous value: "
       /usr/lib64/dotnet/sdk/10.0.101/Sdks/Microsoft.NET.Sdk/targets/Microsoft.NET.Sdk.targets(799,5): message :       ResolveReferences;
       /usr/lib64/dotnet/sdk/10.0.101/Sdks/Microsoft.NET.Sdk/targets/Microsoft.NET.Sdk.targets(799,5): message :       ResolveKeySource;
       /usr/lib64/dotnet/sdk/10.0.101/Sdks/Microsoft.NET.Sdk/targets/Microsoft.NET.Sdk.targets(799,5): message :       SetWin32ManifestProperties;
       /usr/lib64/dotnet/sdk/10.0.101/Sdks/Microsoft.NET.Sdk/targets/Microsoft.NET.Sdk.targets(799,5): message :       _SetPreferNativeArm64Win32ManifestProperties;
       /usr/lib64/dotnet/sdk/10.0.101/Sdks/Microsoft.NET.Sdk/targets/Microsoft.NET.Sdk.targets(799,5): message :       FindReferenceAssembliesForReferences;
       /usr/lib64/dotnet/sdk/10.0.101/Sdks/Microsoft.NET.Sdk/targets/Microsoft.NET.Sdk.targets(799,5): message :       _GenerateCompileInputs;
       /usr/lib64/dotnet/sdk/10.0.101/Sdks/Microsoft.NET.Sdk/targets/Microsoft.NET.Sdk.targets(799,5): message :       BeforeCompile;
       /usr/lib64/dotnet/sdk/10.0.101/Sdks/Microsoft.NET.Sdk/targets/Microsoft.NET.Sdk.targets(799,5): message :       _TimeStampBeforeCompile;
       /usr/lib64/dotnet/sdk/10.0.101/Sdks/Microsoft.NET.Sdk/targets/Microsoft.NET.Sdk.targets(799,5): message :       _GenerateCompileDependencyCache;
       /usr/lib64/dotnet/sdk/10.0.101/Sdks/Microsoft.NET.Sdk/targets/Microsoft.NET.Sdk.targets(799,5): message :       CoreCompile;
       /usr/lib64/dotnet/sdk/10.0.101/Sdks/Microsoft.NET.Sdk/targets/Microsoft.NET.Sdk.targets(799,5): message :       _TimeStampAfterCompile;
       /usr/lib64/dotnet/sdk/10.0.101/Sdks/Microsoft.NET.Sdk/targets/Microsoft.NET.Sdk.targets(799,5): message :       AfterCompile;
       /usr/lib64/dotnet/sdk/10.0.101/Sdks/Microsoft.NET.Sdk/targets/Microsoft.NET.Sdk.targets(799,5): message :     ") at /usr/lib64/dotnet/sdk/10.0.101/Sdks/Microsoft.NET.Sdk/targets/Microsoft.NET.Sdk.targets (799,5)
       /usr/lib64/dotnet/sdk/10.0.101/Sdks/Microsoft.NET.Sdk/targets/Microsoft.NET.Sdk.targets(1131,5): message : Property reassignment: $(CreateSatelliteAssembliesDependsOn)="
       /usr/lib64/dotnet/sdk/10.0.101/Sdks/Microsoft.NET.Sdk/targets/Microsoft.NET.Sdk.targets(1131,5): message :       
       /usr/lib64/dotnet/sdk/10.0.101/Sdks/Microsoft.NET.Sdk/targets/Microsoft.NET.Sdk.targets(1131,5): message :       ;
       /usr/lib64/dotnet/sdk/10.0.101/Sdks/Microsoft.NET.Sdk/targets/Microsoft.NET.Sdk.targets(1131,5): message :       _GenerateSatelliteAssemblyInputs;
       /usr/lib64/dotnet/sdk/10.0.101/Sdks/Microsoft.NET.Sdk/targets/Microsoft.NET.Sdk.targets(1131,5): message :       ComputeIntermediateSatelliteAssemblies;
       /usr/lib64/dotnet/sdk/10.0.101/Sdks/Microsoft.NET.Sdk/targets/Microsoft.NET.Sdk.targets(1131,5): message :       GenerateSatelliteAssemblies
       /usr/lib64/dotnet/sdk/10.0.101/Sdks/Microsoft.NET.Sdk/targets/Microsoft.NET.Sdk.targets(1131,5): message :     ;
       /usr/lib64/dotnet/sdk/10.0.101/Sdks/Microsoft.NET.Sdk/targets/Microsoft.NET.Sdk.targets(1131,5): message :       CoreGenerateSatelliteAssemblies
       /usr/lib64/dotnet/sdk/10.0.101/Sdks/Microsoft.NET.Sdk/targets/Microsoft.NET.Sdk.targets(1131,5): message :     " (previous value: "
       /usr/lib64/dotnet/sdk/10.0.101/Sdks/Microsoft.NET.Sdk/targets/Microsoft.NET.Sdk.targets(1131,5): message :       ;
       /usr/lib64/dotnet/sdk/10.0.101/Sdks/Microsoft.NET.Sdk/targets/Microsoft.NET.Sdk.targets(1131,5): message :       _GenerateSatelliteAssemblyInputs;
       /usr/lib64/dotnet/sdk/10.0.101/Sdks/Microsoft.NET.Sdk/targets/Microsoft.NET.Sdk.targets(1131,5): message :       ComputeIntermediateSatelliteAssemblies;
       /usr/lib64/dotnet/sdk/10.0.101/Sdks/Microsoft.NET.Sdk/targets/Microsoft.NET.Sdk.targets(1131,5): message :       GenerateSatelliteAssemblies
       /usr/lib64/dotnet/sdk/10.0.101/Sdks/Microsoft.NET.Sdk/targets/Microsoft.NET.Sdk.targets(1131,5): message :     ") at /usr/lib64/dotnet/sdk/10.0.101/Sdks/Microsoft.NET.Sdk/targets/Microsoft.NET.Sdk.targets (1131,5)
       /usr/lib64/dotnet/sdk/10.0.101/Sdks/Microsoft.SourceLink.GitLab/build/Microsoft.SourceLink.GitLab.targets(12,5): message : Property reassignment: $(SourceLinkUrlInitializerTargets)=";_InitializeGitHubSourceLinkUrl;_InitializeGitLabSourceLinkUrl" (previous value: ";_InitializeGitHubSourceLinkUrl") at /usr/lib64/dotnet/sdk/10.0.101/Sdks/Microsoft.SourceLink.GitLab/build/Microsoft.SourceLink.GitLab.targets (12,5)
       /usr/lib64/dotnet/sdk/10.0.101/Sdks/Microsoft.SourceLink.GitLab/build/Microsoft.SourceLink.GitLab.targets(13,5): message : Property reassignment: $(SourceControlManagerUrlTranslationTargets)=";TranslateGitHubUrlsInSourceControlInformation;TranslateGitLabUrlsInSourceControlInformation" (previous value: ";TranslateGitHubUrlsInSourceControlInformation") at /usr/lib64/dotnet/sdk/10.0.101/Sdks/Microsoft.SourceLink.GitLab/build/Microsoft.SourceLink.GitLab.targets (13,5)
       /usr/lib64/dotnet/sdk/10.0.101/Sdks/Microsoft.SourceLink.AzureRepos.Git/build/Microsoft.SourceLink.AzureRepos.Git.targets(12,5): message : Property reassignment: $(SourceLinkUrlInitializerTargets)=";_InitializeGitHubSourceLinkUrl;_InitializeGitLabSourceLinkUrl;_InitializeAzureReposGitSourceLinkUrl" (previous value: ";_InitializeGitHubSourceLinkUrl;_InitializeGitLabSourceLinkUrl") at /usr/lib64/dotnet/sdk/10.0.101/Sdks/Microsoft.SourceLink.AzureRepos.Git/build/Microsoft.SourceLink.AzureRepos.Git.targets (12,5)
       /usr/lib64/dotnet/sdk/10.0.101/Sdks/Microsoft.SourceLink.AzureRepos.Git/build/Microsoft.SourceLink.AzureRepos.Git.targets(13,5): message : Property reassignment: $(SourceControlManagerUrlTranslationTargets)=";TranslateGitHubUrlsInSourceControlInformation;TranslateGitLabUrlsInSourceControlInformation;TranslateAzureReposGitUrlsInSourceControlInformation" (previous value: ";TranslateGitHubUrlsInSourceControlInformation;TranslateGitLabUrlsInSourceControlInformation") at /usr/lib64/dotnet/sdk/10.0.101/Sdks/Microsoft.SourceLink.AzureRepos.Git/build/Microsoft.SourceLink.AzureRepos.Git.targets (13,5)
       /usr/lib64/dotnet/sdk/10.0.101/Sdks/Microsoft.SourceLink.Bitbucket.Git/build/Microsoft.SourceLink.Bitbucket.Git.targets(12,5): message : Property reassignment: $(SourceLinkUrlInitializerTargets)=";_InitializeGitHubSourceLinkUrl;_InitializeGitLabSourceLinkUrl;_InitializeAzureReposGitSourceLinkUrl;_InitializeBitbucketGitSourceLinkUrl" (previous value: ";_InitializeGitHubSourceLinkUrl;_InitializeGitLabSourceLinkUrl;_InitializeAzureReposGitSourceLinkUrl") at /usr/lib64/dotnet/sdk/10.0.101/Sdks/Microsoft.SourceLink.Bitbucket.Git/build/Microsoft.SourceLink.Bitbucket.Git.targets (12,5)
       /usr/lib64/dotnet/sdk/10.0.101/Sdks/Microsoft.SourceLink.Bitbucket.Git/build/Microsoft.SourceLink.Bitbucket.Git.targets(13,5): message : Property reassignment: $(SourceControlManagerUrlTranslationTargets)=";TranslateGitHubUrlsInSourceControlInformation;TranslateGitLabUrlsInSourceControlInformation;TranslateAzureReposGitUrlsInSourceControlInformation;TranslateBitbucketGitUrlsInSourceControlInformation" (previous value: ";TranslateGitHubUrlsInSourceControlInformation;TranslateGitLabUrlsInSourceControlInformation;TranslateAzureReposGitUrlsInSourceControlInformation") at /usr/lib64/dotnet/sdk/10.0.101/Sdks/Microsoft.SourceLink.Bitbucket.Git/build/Microsoft.SourceLink.Bitbucket.Git.targets (13,5)
       /usr/lib64/dotnet/sdk/10.0.101/Sdks/Microsoft.NET.Sdk/targets/Microsoft.NET.DesignerSupport.targets(21,5): message : Property reassignment: $(DesignerRuntimeImplementationProjectOutputGroupDependsOn)="
       /usr/lib64/dotnet/sdk/10.0.101/Sdks/Microsoft.NET.Sdk/targets/Microsoft.NET.DesignerSupport.targets(21,5): message :       
       /usr/lib64/dotnet/sdk/10.0.101/Sdks/Microsoft.NET.Sdk/targets/Microsoft.NET.DesignerSupport.targets(21,5): message :       ;
       /usr/lib64/dotnet/sdk/10.0.101/Sdks/Microsoft.NET.Sdk/targets/Microsoft.NET.DesignerSupport.targets(21,5): message :       
       /usr/lib64/dotnet/sdk/10.0.101/Sdks/Microsoft.NET.Sdk/targets/Microsoft.NET.DesignerSupport.targets(21,5): message :       ;
       /usr/lib64/dotnet/sdk/10.0.101/Sdks/Microsoft.NET.Sdk/targets/Microsoft.NET.DesignerSupport.targets(21,5): message :       BuildOnlySettings;
       /usr/lib64/dotnet/sdk/10.0.101/Sdks/Microsoft.NET.Sdk/targets/Microsoft.NET.DesignerSupport.targets(21,5): message :       PrepareForBuild;
       /usr/lib64/dotnet/sdk/10.0.101/Sdks/Microsoft.NET.Sdk/targets/Microsoft.NET.DesignerSupport.targets(21,5): message :       AssignTargetPaths;
       /usr/lib64/dotnet/sdk/10.0.101/Sdks/Microsoft.NET.Sdk/targets/Microsoft.NET.DesignerSupport.targets(21,5): message :       ResolveReferences
       /usr/lib64/dotnet/sdk/10.0.101/Sdks/Microsoft.NET.Sdk/targets/Microsoft.NET.DesignerSupport.targets(21,5): message :     
       /usr/lib64/dotnet/sdk/10.0.101/Sdks/Microsoft.NET.Sdk/targets/Microsoft.NET.DesignerSupport.targets(21,5): message :     ;
       /usr/lib64/dotnet/sdk/10.0.101/Sdks/Microsoft.NET.Sdk/targets/Microsoft.NET.DesignerSupport.targets(21,5): message :       _GenerateDesignerDepsFile;
       /usr/lib64/dotnet/sdk/10.0.101/Sdks/Microsoft.NET.Sdk/targets/Microsoft.NET.DesignerSupport.targets(21,5): message :       _GenerateDesignerRuntimeConfigFile;
       /usr/lib64/dotnet/sdk/10.0.101/Sdks/Microsoft.NET.Sdk/targets/Microsoft.NET.DesignerSupport.targets(21,5): message :       GetCopyToOutputDirectoryItems;
       /usr/lib64/dotnet/sdk/10.0.101/Sdks/Microsoft.NET.Sdk/targets/Microsoft.NET.DesignerSupport.targets(21,5): message :       _GatherDesignerShadowCopyFiles;
       /usr/lib64/dotnet/sdk/10.0.101/Sdks/Microsoft.NET.Sdk/targets/Microsoft.NET.DesignerSupport.targets(21,5): message :     " (previous value: "
       /usr/lib64/dotnet/sdk/10.0.101/Sdks/Microsoft.NET.Sdk/targets/Microsoft.NET.DesignerSupport.targets(21,5): message :       ;
       /usr/lib64/dotnet/sdk/10.0.101/Sdks/Microsoft.NET.Sdk/targets/Microsoft.NET.DesignerSupport.targets(21,5): message :       
       /usr/lib64/dotnet/sdk/10.0.101/Sdks/Microsoft.NET.Sdk/targets/Microsoft.NET.DesignerSupport.targets(21,5): message :       ;
       /usr/lib64/dotnet/sdk/10.0.101/Sdks/Microsoft.NET.Sdk/targets/Microsoft.NET.DesignerSupport.targets(21,5): message :       BuildOnlySettings;
       /usr/lib64/dotnet/sdk/10.0.101/Sdks/Microsoft.NET.Sdk/targets/Microsoft.NET.DesignerSupport.targets(21,5): message :       PrepareForBuild;
       /usr/lib64/dotnet/sdk/10.0.101/Sdks/Microsoft.NET.Sdk/targets/Microsoft.NET.DesignerSupport.targets(21,5): message :       AssignTargetPaths;
       /usr/lib64/dotnet/sdk/10.0.101/Sdks/Microsoft.NET.Sdk/targets/Microsoft.NET.DesignerSupport.targets(21,5): message :       ResolveReferences
       /usr/lib64/dotnet/sdk/10.0.101/Sdks/Microsoft.NET.Sdk/targets/Microsoft.NET.DesignerSupport.targets(21,5): message :     
       /usr/lib64/dotnet/sdk/10.0.101/Sdks/Microsoft.NET.Sdk/targets/Microsoft.NET.DesignerSupport.targets(21,5): message :     ") at /usr/lib64/dotnet/sdk/10.0.101/Sdks/Microsoft.NET.Sdk/targets/Microsoft.NET.DesignerSupport.targets (21,5)
       /usr/lib64/dotnet/sdk/10.0.101/Sdks/Microsoft.NET.Sdk/targets/Microsoft.NET.Sdk.CSharp.targets(31,5): message : Property reassignment: $(DefineConstants)="TRACE;DEBUG" (previous value: "TRACE") at /usr/lib64/dotnet/sdk/10.0.101/Sdks/Microsoft.NET.Sdk/targets/Microsoft.NET.Sdk.CSharp.targets (31,5)
       /usr/lib64/dotnet/sdk/10.0.101/Sdks/Microsoft.NET.Sdk/targets/Microsoft.NET.Sdk.CSharp.targets(45,5): message : Property reassignment: $(WarningsAsErrors)=";NU1605;SYSLIB0011" (previous value: ";NU1605") at /usr/lib64/dotnet/sdk/10.0.101/Sdks/Microsoft.NET.Sdk/targets/Microsoft.NET.Sdk.CSharp.targets (45,5)
       /usr/lib64/dotnet/sdk/10.0.101/Sdks/Microsoft.NET.Sdk/analyzers/build/Microsoft.CodeAnalysis.NetAnalyzers.props(21,5): message : Property reassignment: $(CodeAnalysisRuleIds)="CA1000;CA1001;CA1002;CA1003;CA1005;CA1008;CA1010;CA1012;CA1014;CA1016;CA1017;CA1018;CA1019;CA1021;CA1024;CA1027;CA1028;CA1030;CA1031;CA1032;CA1033;CA1034;CA1036;CA1040;CA1041;CA1043;CA1044;CA1045;CA1046;CA1047;CA1050;CA1051;CA1052;CA1054;CA1055;CA1056;CA1058;CA1060;CA1061;CA1062;CA1063;CA1064;CA1065;CA1066;CA1067;CA1068;CA1069;CA1070;CA1200;CA1303;CA1304;CA1305;CA1307;CA1308;CA1309;CA1310;CA1311;CA1401;CA1416;CA1417;CA1418;CA1419;CA1420;CA1421;CA1422;CA1501;CA1502;CA1505;CA1506;CA1507;CA1508;CA1509;CA1510;CA1511;CA1512;CA1513;CA1514;CA1515;CA1516;CA1700;CA1707;CA1708;CA1710;CA1711;CA1712;CA1713;CA1715;CA1716;CA1720;CA1721;CA1724;CA1725;CA1727;CA1802;CA1805;CA1806;CA1810;CA1812;CA1813;CA1814;CA1815;CA1816;CA1819;CA1820;CA1821;CA1822;CA1823;CA1824;CA1825;CA1826;CA1827;CA1828;CA1829;CA1830;CA1831;CA1832;CA1833;CA1834;CA1835;CA1836;CA1837;CA1838;CA1839;CA1840;CA1841;CA1842;CA1843;CA1844;CA1845;CA1846;CA1847;CA1848;CA1849;CA1850;CA1851;CA1852;CA1853;CA1854;CA1855;CA1856;CA1857;CA1858;CA1859;CA1860;CA1861;CA1862;CA1863;CA1864;CA1865;CA1866;CA1867;CA1868;CA1869;CA1870;CA1871;CA1872;CA1873;CA1874;CA1875;CA2000;CA2002;CA2007;CA2008;CA2009;CA2011;CA2012;CA2013;CA2014;CA2015;CA2016;CA2017;CA2018;CA2019;CA2020;CA2021;CA2022;CA2023;CA2024;CA2025;CA2100;CA2101;CA2119;CA2153;CA2200;CA2201;CA2207;CA2208;CA2211;CA2213;CA2214;CA2215;CA2216;CA2217;CA2218;CA2219;CA2224;CA2225;CA2226;CA2227;CA2231;CA2234;CA2235;CA2237;CA2241;CA2242;CA2243;CA2244;CA2245;CA2246;CA2247;CA2248;CA2249;CA2250;CA2251;CA2252;CA2253;CA2254;CA2255;CA2256;CA2257;CA2258;CA2259;CA2260;CA2261;CA2262;CA2263;CA2264;CA2265;CA2300;CA2301;CA2302;CA2305;CA2310;CA2311;CA2312;CA2315;CA2321;CA2322;CA2326;CA2327;CA2328;CA2329;CA2330;CA2350;CA2351;CA2352;CA2353;CA2354;CA2355;CA2356;CA2361;CA2362;CA3001;CA3002;CA3003;CA3004;CA3005;CA3006;CA3007;CA3008;CA3009;CA3010;CA3011;CA3012;CA3061;CA3075;CA3076;CA3077;CA3147;CA5350;CA5351;CA5358;CA5359;CA5360;CA5361;CA5362;CA5363;CA5364;CA5365;CA5366;CA5367;CA5368;CA5369;CA5370;CA5371;CA5372;CA5373;CA5374;CA5375;CA5376;CA5377;CA5378;CA5379;CA5380;CA5381;CA5382;CA5383;CA5384;CA5385;CA5386;CA5387;CA5388;CA5389;CA5390;CA5391;CA5392;CA5393;CA5394;CA5395;CA5396;CA5397;CA5398;CA5399;CA5400;CA5401;CA5402;CA5403;CA5404;CA5405" (previous value: "RS1001;RS1002;RS1003;RS1004;RS1005;RS1006;RS1007;RS1008;RS1009;RS1010;RS1011;RS1012;RS1013;RS1014;RS1015;RS1016;RS1017;RS1018;RS1019;RS1020;RS1021;RS1022;RS1023;RS1024;RS1025;RS1026;RS1027;RS1028;RS1029;RS1030;RS1031;RS1032;RS1033;RS1034;RS1035;RS1036;RS1037;RS1038;RS1039;RS1040;RS1041;RS1042;RS2000;RS2001;RS2002;RS2003;RS2004;RS2005;RS2006;RS2007;RS2008") at /usr/lib64/dotnet/sdk/10.0.101/Sdks/Microsoft.NET.Sdk/analyzers/build/Microsoft.CodeAnalysis.NetAnalyzers.props (21,5)
       /usr/lib64/dotnet/sdk/10.0.101/NuGet.Build.Tasks.Pack.targets(34,5): message : Property reassignment: $(PackageDescription)="Package Description" (previous value: "") at /usr/lib64/dotnet/sdk/10.0.101/NuGet.Build.Tasks.Pack.targets (34,5)
       /usr/lib64/dotnet/sdk/10.0.101/NuGet.Build.Tasks.Pack.targets(59,5): message : Property reassignment: $(GenerateNuspecDependsOn)="Build;_LoadPackInputItems; _GetTargetFrameworksOutput; _WalkEachTargetPerFramework; _GetPackageFiles; " (previous value: "_LoadPackInputItems; _GetTargetFrameworksOutput; _WalkEachTargetPerFramework; _GetPackageFiles; ") at /usr/lib64/dotnet/sdk/10.0.101/NuGet.Build.Tasks.Pack.targets (59,5)
       /usr/lib64/dotnet/sdk/10.0.101/Sdks/Microsoft.NET.Sdk/Sdk/Sdk.targets(59,5): message : Property reassignment: $(_IsNotSetContainersTargetsDir)="true" (previous value: "false") at /usr/lib64/dotnet/sdk/10.0.101/Sdks/Microsoft.NET.Sdk/Sdk/Sdk.targets (59,5)
       /usr/lib64/dotnet/sdk/10.0.101/Containers/build/Microsoft.NET.Build.Containers.targets(5,5): message : Property reassignment: $(_IsSDKContainerAllowedVersion)="true" (previous value: "false") at /usr/lib64/dotnet/sdk/10.0.101/Containers/build/Microsoft.NET.Build.Containers.targets (5,5)
       /usr/lib64/dotnet/sdk/10.0.101/Containers/build/Microsoft.NET.Build.Containers.targets(15,5): message : Property reassignment: $(_ContainerIsTargetingNet8TFM)="true" (previous value: "false") at /usr/lib64/dotnet/sdk/10.0.101/Containers/build/Microsoft.NET.Build.Containers.targets (15,5)
       /usr/lib64/dotnet/sdk/10.0.101/Sdks/Microsoft.NET.Sdk.StaticWebAssets/targets/Sdk.StaticWebAssets.CurrentVersion.targets(37,18): message : Property 'DOTNET_HOST_PATH' with value '/usr/lib64/dotnet/dotnet' expanded from the environment.
       /usr/lib64/dotnet/sdk/10.0.101/Sdks/Microsoft.NET.Sdk.StaticWebAssets/targets/Microsoft.NET.Sdk.StaticWebAssets.targets(286,5): message : Property reassignment: $(PrepareForRunDependsOn)="StaticWebAssetsPrepareForRun;
       /usr/lib64/dotnet/sdk/10.0.101/Sdks/Microsoft.NET.Sdk.StaticWebAssets/targets/Microsoft.NET.Sdk.StaticWebAssets.targets(286,5): message :       CopyFilesToOutputDirectory
       /usr/lib64/dotnet/sdk/10.0.101/Sdks/Microsoft.NET.Sdk.StaticWebAssets/targets/Microsoft.NET.Sdk.StaticWebAssets.targets(286,5): message :     " (previous value: "
       /usr/lib64/dotnet/sdk/10.0.101/Sdks/Microsoft.NET.Sdk.StaticWebAssets/targets/Microsoft.NET.Sdk.StaticWebAssets.targets(286,5): message :       CopyFilesToOutputDirectory
       /usr/lib64/dotnet/sdk/10.0.101/Sdks/Microsoft.NET.Sdk.StaticWebAssets/targets/Microsoft.NET.Sdk.StaticWebAssets.targets(286,5): message :     ") at /usr/lib64/dotnet/sdk/10.0.101/Sdks/Microsoft.NET.Sdk.StaticWebAssets/targets/Microsoft.NET.Sdk.StaticWebAssets.targets (286,5)
       /usr/lib64/dotnet/sdk/10.0.101/Sdks/Microsoft.NET.Sdk.StaticWebAssets/targets/Microsoft.NET.Sdk.StaticWebAssets.targets(323,5): message : Property reassignment: $(GetCopyToOutputDirectoryItemsDependsOn)="
       /usr/lib64/dotnet/sdk/10.0.101/Sdks/Microsoft.NET.Sdk.StaticWebAssets/targets/Microsoft.NET.Sdk.StaticWebAssets.targets(323,5): message :       AssignTargetPaths;
       /usr/lib64/dotnet/sdk/10.0.101/Sdks/Microsoft.NET.Sdk.StaticWebAssets/targets/Microsoft.NET.Sdk.StaticWebAssets.targets(323,5): message :       
       /usr/lib64/dotnet/sdk/10.0.101/Sdks/Microsoft.NET.Sdk.StaticWebAssets/targets/Microsoft.NET.Sdk.StaticWebAssets.targets(323,5): message :       AssignProjectConfiguration;
       /usr/lib64/dotnet/sdk/10.0.101/Sdks/Microsoft.NET.Sdk.StaticWebAssets/targets/Microsoft.NET.Sdk.StaticWebAssets.targets(323,5): message :       _SplitProjectReferencesByFileExistence
       /usr/lib64/dotnet/sdk/10.0.101/Sdks/Microsoft.NET.Sdk.StaticWebAssets/targets/Microsoft.NET.Sdk.StaticWebAssets.targets(323,5): message :     ;
       /usr/lib64/dotnet/sdk/10.0.101/Sdks/Microsoft.NET.Sdk.StaticWebAssets/targets/Microsoft.NET.Sdk.StaticWebAssets.targets(323,5): message :       _GetProjectReferenceTargetFrameworkProperties;
       /usr/lib64/dotnet/sdk/10.0.101/Sdks/Microsoft.NET.Sdk.StaticWebAssets/targets/Microsoft.NET.Sdk.StaticWebAssets.targets(323,5): message :       _PopulateCommonStateForGetCopyToOutputDirectoryItems
       /usr/lib64/dotnet/sdk/10.0.101/Sdks/Microsoft.NET.Sdk.StaticWebAssets/targets/Microsoft.NET.Sdk.StaticWebAssets.targets(323,5): message :     ;AddStaticWebAssetsManifest;AddStaticWebAssetEndpointsBuildManifest" (previous value: "
       /usr/lib64/dotnet/sdk/10.0.101/Sdks/Microsoft.NET.Sdk.StaticWebAssets/targets/Microsoft.NET.Sdk.StaticWebAssets.targets(323,5): message :       AssignTargetPaths;
       /usr/lib64/dotnet/sdk/10.0.101/Sdks/Microsoft.NET.Sdk.StaticWebAssets/targets/Microsoft.NET.Sdk.StaticWebAssets.targets(323,5): message :       
       /usr/lib64/dotnet/sdk/10.0.101/Sdks/Microsoft.NET.Sdk.StaticWebAssets/targets/Microsoft.NET.Sdk.StaticWebAssets.targets(323,5): message :       AssignProjectConfiguration;
       /usr/lib64/dotnet/sdk/10.0.101/Sdks/Microsoft.NET.Sdk.StaticWebAssets/targets/Microsoft.NET.Sdk.StaticWebAssets.targets(323,5): message :       _SplitProjectReferencesByFileExistence
       /usr/lib64/dotnet/sdk/10.0.101/Sdks/Microsoft.NET.Sdk.StaticWebAssets/targets/Microsoft.NET.Sdk.StaticWebAssets.targets(323,5): message :     ;
       /usr/lib64/dotnet/sdk/10.0.101/Sdks/Microsoft.NET.Sdk.StaticWebAssets/targets/Microsoft.NET.Sdk.StaticWebAssets.targets(323,5): message :       _GetProjectReferenceTargetFrameworkProperties;
       /usr/lib64/dotnet/sdk/10.0.101/Sdks/Microsoft.NET.Sdk.StaticWebAssets/targets/Microsoft.NET.Sdk.StaticWebAssets.targets(323,5): message :       _PopulateCommonStateForGetCopyToOutputDirectoryItems
       /usr/lib64/dotnet/sdk/10.0.101/Sdks/Microsoft.NET.Sdk.StaticWebAssets/targets/Microsoft.NET.Sdk.StaticWebAssets.targets(323,5): message :     ") at /usr/lib64/dotnet/sdk/10.0.101/Sdks/Microsoft.NET.Sdk.StaticWebAssets/targets/Microsoft.NET.Sdk.StaticWebAssets.targets (323,5)
       /usr/lib64/dotnet/sdk/10.0.101/Sdks/Microsoft.NET.Sdk.StaticWebAssets/targets/Microsoft.NET.Sdk.StaticWebAssets.Pack.targets(46,5): message : Property reassignment: $(GenerateNuspecDependsOn)="
       /usr/lib64/dotnet/sdk/10.0.101/Sdks/Microsoft.NET.Sdk.StaticWebAssets/targets/Microsoft.NET.Sdk.StaticWebAssets.Pack.targets(46,5): message :       IncludeStaticWebAssetsPackItems;
       /usr/lib64/dotnet/sdk/10.0.101/Sdks/Microsoft.NET.Sdk.StaticWebAssets/targets/Microsoft.NET.Sdk.StaticWebAssets.Pack.targets(46,5): message :       Build;_LoadPackInputItems; _GetTargetFrameworksOutput; _WalkEachTargetPerFramework; _GetPackageFiles; ;
       /usr/lib64/dotnet/sdk/10.0.101/Sdks/Microsoft.NET.Sdk.StaticWebAssets/targets/Microsoft.NET.Sdk.StaticWebAssets.Pack.targets(46,5): message :     " (previous value: "Build;_LoadPackInputItems; _GetTargetFrameworksOutput; _WalkEachTargetPerFramework; _GetPackageFiles; ") at /usr/lib64/dotnet/sdk/10.0.101/Sdks/Microsoft.NET.Sdk.StaticWebAssets/targets/Microsoft.NET.Sdk.StaticWebAssets.Pack.targets (46,5)
       /usr/lib64/dotnet/sdk/10.0.101/Sdks/Microsoft.NET.Sdk.StaticWebAssets/targets/Microsoft.NET.Sdk.StaticWebAssets.Pack.targets(55,5): message : Property reassignment: $(IncludeStaticWebAssetsPackItemsDependsOn)="
       /usr/lib64/dotnet/sdk/10.0.101/Sdks/Microsoft.NET.Sdk.StaticWebAssets/targets/Microsoft.NET.Sdk.StaticWebAssets.Pack.targets(55,5): message :       Build;
       /usr/lib64/dotnet/sdk/10.0.101/Sdks/Microsoft.NET.Sdk.StaticWebAssets/targets/Microsoft.NET.Sdk.StaticWebAssets.Pack.targets(55,5): message :       ResolveStaticWebAssetsConfiguration;LoadStaticWebAssetsBuildManifest
       /usr/lib64/dotnet/sdk/10.0.101/Sdks/Microsoft.NET.Sdk.StaticWebAssets/targets/Microsoft.NET.Sdk.StaticWebAssets.Pack.targets(55,5): message :     ;
       /usr/lib64/dotnet/sdk/10.0.101/Sdks/Microsoft.NET.Sdk.StaticWebAssets/targets/Microsoft.NET.Sdk.StaticWebAssets.Pack.targets(55,5): message :     " (previous value: "
       /usr/lib64/dotnet/sdk/10.0.101/Sdks/Microsoft.NET.Sdk.StaticWebAssets/targets/Microsoft.NET.Sdk.StaticWebAssets.Pack.targets(55,5): message :       ResolveStaticWebAssetsConfiguration;LoadStaticWebAssetsBuildManifest
       /usr/lib64/dotnet/sdk/10.0.101/Sdks/Microsoft.NET.Sdk.StaticWebAssets/targets/Microsoft.NET.Sdk.StaticWebAssets.Pack.targets(55,5): message :     ") at /usr/lib64/dotnet/sdk/10.0.101/Sdks/Microsoft.NET.Sdk.StaticWebAssets/targets/Microsoft.NET.Sdk.StaticWebAssets.Pack.targets (55,5)
       /usr/lib64/dotnet/sdk/10.0.101/Sdks/Microsoft.NET.Sdk.StaticWebAssets/targets/Microsoft.NET.Sdk.StaticWebAssets.ScopedCss.targets(55,3): message : Property reassignment: $(ResolveStaticWebAssetsInputsDependsOn)="
       /usr/lib64/dotnet/sdk/10.0.101/Sdks/Microsoft.NET.Sdk.StaticWebAssets/targets/Microsoft.NET.Sdk.StaticWebAssets.ScopedCss.targets(55,3): message :     
       /usr/lib64/dotnet/sdk/10.0.101/Sdks/Microsoft.NET.Sdk.StaticWebAssets/targets/Microsoft.NET.Sdk.StaticWebAssets.ScopedCss.targets(55,3): message :       ResolveCoreStaticWebAssets;
       /usr/lib64/dotnet/sdk/10.0.101/Sdks/Microsoft.NET.Sdk.StaticWebAssets/targets/Microsoft.NET.Sdk.StaticWebAssets.ScopedCss.targets(55,3): message :       GenerateComputedBuildStaticWebAssets;
       /usr/lib64/dotnet/sdk/10.0.101/Sdks/Microsoft.NET.Sdk.StaticWebAssets/targets/Microsoft.NET.Sdk.StaticWebAssets.ScopedCss.targets(55,3): message :       
       /usr/lib64/dotnet/sdk/10.0.101/Sdks/Microsoft.NET.Sdk.StaticWebAssets/targets/Microsoft.NET.Sdk.StaticWebAssets.ScopedCss.targets(55,3): message :     ;
       /usr/lib64/dotnet/sdk/10.0.101/Sdks/Microsoft.NET.Sdk.StaticWebAssets/targets/Microsoft.NET.Sdk.StaticWebAssets.ScopedCss.targets(55,3): message :     ResolveScopedCssAssets;
       /usr/lib64/dotnet/sdk/10.0.101/Sdks/Microsoft.NET.Sdk.StaticWebAssets/targets/Microsoft.NET.Sdk.StaticWebAssets.ScopedCss.targets(55,3): message :   " (previous value: "
       /usr/lib64/dotnet/sdk/10.0.101/Sdks/Microsoft.NET.Sdk.StaticWebAssets/targets/Microsoft.NET.Sdk.StaticWebAssets.ScopedCss.targets(55,3): message :       ResolveCoreStaticWebAssets;
       /usr/lib64/dotnet/sdk/10.0.101/Sdks/Microsoft.NET.Sdk.StaticWebAssets/targets/Microsoft.NET.Sdk.StaticWebAssets.ScopedCss.targets(55,3): message :       GenerateComputedBuildStaticWebAssets;
       /usr/lib64/dotnet/sdk/10.0.101/Sdks/Microsoft.NET.Sdk.StaticWebAssets/targets/Microsoft.NET.Sdk.StaticWebAssets.ScopedCss.targets(55,3): message :       
       /usr/lib64/dotnet/sdk/10.0.101/Sdks/Microsoft.NET.Sdk.StaticWebAssets/targets/Microsoft.NET.Sdk.StaticWebAssets.ScopedCss.targets(55,3): message :     ") at /usr/lib64/dotnet/sdk/10.0.101/Sdks/Microsoft.NET.Sdk.StaticWebAssets/targets/Microsoft.NET.Sdk.StaticWebAssets.ScopedCss.targets (55,3)
       /usr/lib64/dotnet/sdk/10.0.101/Sdks/Microsoft.NET.Sdk.StaticWebAssets/targets/Microsoft.NET.Sdk.StaticWebAssets.ScopedCss.targets(88,3): message : Property reassignment: $(GenerateComputedBuildStaticWebAssetsDependsOn)="
       /usr/lib64/dotnet/sdk/10.0.101/Sdks/Microsoft.NET.Sdk.StaticWebAssets/targets/Microsoft.NET.Sdk.StaticWebAssets.ScopedCss.targets(88,3): message :     ResolveCoreStaticWebAssets;;
       /usr/lib64/dotnet/sdk/10.0.101/Sdks/Microsoft.NET.Sdk.StaticWebAssets/targets/Microsoft.NET.Sdk.StaticWebAssets.ScopedCss.targets(88,3): message :     BundleScopedCssFiles;
       /usr/lib64/dotnet/sdk/10.0.101/Sdks/Microsoft.NET.Sdk.StaticWebAssets/targets/Microsoft.NET.Sdk.StaticWebAssets.ScopedCss.targets(88,3): message :   " (previous value: "ResolveCoreStaticWebAssets;") at /usr/lib64/dotnet/sdk/10.0.101/Sdks/Microsoft.NET.Sdk.StaticWebAssets/targets/Microsoft.NET.Sdk.StaticWebAssets.ScopedCss.targets (88,3)
       /usr/lib64/dotnet/sdk/10.0.101/Sdks/Microsoft.NET.Sdk.StaticWebAssets/targets/Microsoft.NET.Sdk.StaticWebAssets.JSModules.targets(37,5): message : Property reassignment: $(ResolveCoreStaticWebAssetsDependsOn)="
       /usr/lib64/dotnet/sdk/10.0.101/Sdks/Microsoft.NET.Sdk.StaticWebAssets/targets/Microsoft.NET.Sdk.StaticWebAssets.JSModules.targets(37,5): message :       
       /usr/lib64/dotnet/sdk/10.0.101/Sdks/Microsoft.NET.Sdk.StaticWebAssets/targets/Microsoft.NET.Sdk.StaticWebAssets.JSModules.targets(37,5): message :       UpdateExistingPackageStaticWebAssets;
       /usr/lib64/dotnet/sdk/10.0.101/Sdks/Microsoft.NET.Sdk.StaticWebAssets/targets/Microsoft.NET.Sdk.StaticWebAssets.JSModules.targets(37,5): message :       ResolveProjectStaticWebAssets;
       /usr/lib64/dotnet/sdk/10.0.101/Sdks/Microsoft.NET.Sdk.StaticWebAssets/targets/Microsoft.NET.Sdk.StaticWebAssets.JSModules.targets(37,5): message :       ResolveEmbeddedProjectsStaticWebAssets;
       /usr/lib64/dotnet/sdk/10.0.101/Sdks/Microsoft.NET.Sdk.StaticWebAssets/targets/Microsoft.NET.Sdk.StaticWebAssets.JSModules.targets(37,5): message :       ResolveReferencedProjectsStaticWebAssets;
       /usr/lib64/dotnet/sdk/10.0.101/Sdks/Microsoft.NET.Sdk.StaticWebAssets/targets/Microsoft.NET.Sdk.StaticWebAssets.JSModules.targets(37,5): message :       ;
       /usr/lib64/dotnet/sdk/10.0.101/Sdks/Microsoft.NET.Sdk.StaticWebAssets/targets/Microsoft.NET.Sdk.StaticWebAssets.JSModules.targets(37,5): message :     ;
       /usr/lib64/dotnet/sdk/10.0.101/Sdks/Microsoft.NET.Sdk.StaticWebAssets/targets/Microsoft.NET.Sdk.StaticWebAssets.JSModules.targets(37,5): message :       ResolveJsInitializerModuleStaticWebAssets;
       /usr/lib64/dotnet/sdk/10.0.101/Sdks/Microsoft.NET.Sdk.StaticWebAssets/targets/Microsoft.NET.Sdk.StaticWebAssets.JSModules.targets(37,5): message :     " (previous value: "
       /usr/lib64/dotnet/sdk/10.0.101/Sdks/Microsoft.NET.Sdk.StaticWebAssets/targets/Microsoft.NET.Sdk.StaticWebAssets.JSModules.targets(37,5): message :       UpdateExistingPackageStaticWebAssets;
       /usr/lib64/dotnet/sdk/10.0.101/Sdks/Microsoft.NET.Sdk.StaticWebAssets/targets/Microsoft.NET.Sdk.StaticWebAssets.JSModules.targets(37,5): message :       ResolveProjectStaticWebAssets;
       /usr/lib64/dotnet/sdk/10.0.101/Sdks/Microsoft.NET.Sdk.StaticWebAssets/targets/Microsoft.NET.Sdk.StaticWebAssets.JSModules.targets(37,5): message :       ResolveEmbeddedProjectsStaticWebAssets;
       /usr/lib64/dotnet/sdk/10.0.101/Sdks/Microsoft.NET.Sdk.StaticWebAssets/targets/Microsoft.NET.Sdk.StaticWebAssets.JSModules.targets(37,5): message :       ResolveReferencedProjectsStaticWebAssets;
       /usr/lib64/dotnet/sdk/10.0.101/Sdks/Microsoft.NET.Sdk.StaticWebAssets/targets/Microsoft.NET.Sdk.StaticWebAssets.JSModules.targets(37,5): message :       ;
       /usr/lib64/dotnet/sdk/10.0.101/Sdks/Microsoft.NET.Sdk.StaticWebAssets/targets/Microsoft.NET.Sdk.StaticWebAssets.JSModules.targets(37,5): message :     ") at /usr/lib64/dotnet/sdk/10.0.101/Sdks/Microsoft.NET.Sdk.StaticWebAssets/targets/Microsoft.NET.Sdk.StaticWebAssets.JSModules.targets (37,5)
       /usr/lib64/dotnet/sdk/10.0.101/Sdks/Microsoft.NET.Sdk.StaticWebAssets/targets/Microsoft.NET.Sdk.StaticWebAssets.JSModules.targets(42,5): message : Property reassignment: $(ResolveCoreStaticWebAssetsDependsOn)="
       /usr/lib64/dotnet/sdk/10.0.101/Sdks/Microsoft.NET.Sdk.StaticWebAssets/targets/Microsoft.NET.Sdk.StaticWebAssets.JSModules.targets(42,5): message :       
       /usr/lib64/dotnet/sdk/10.0.101/Sdks/Microsoft.NET.Sdk.StaticWebAssets/targets/Microsoft.NET.Sdk.StaticWebAssets.JSModules.targets(42,5): message :       
       /usr/lib64/dotnet/sdk/10.0.101/Sdks/Microsoft.NET.Sdk.StaticWebAssets/targets/Microsoft.NET.Sdk.StaticWebAssets.JSModules.targets(42,5): message :       UpdateExistingPackageStaticWebAssets;
       /usr/lib64/dotnet/sdk/10.0.101/Sdks/Microsoft.NET.Sdk.StaticWebAssets/targets/Microsoft.NET.Sdk.StaticWebAssets.JSModules.targets(42,5): message :       ResolveProjectStaticWebAssets;
       /usr/lib64/dotnet/sdk/10.0.101/Sdks/Microsoft.NET.Sdk.StaticWebAssets/targets/Microsoft.NET.Sdk.StaticWebAssets.JSModules.targets(42,5): message :       ResolveEmbeddedProjectsStaticWebAssets;
       /usr/lib64/dotnet/sdk/10.0.101/Sdks/Microsoft.NET.Sdk.StaticWebAssets/targets/Microsoft.NET.Sdk.StaticWebAssets.JSModules.targets(42,5): message :       ResolveReferencedProjectsStaticWebAssets;
       /usr/lib64/dotnet/sdk/10.0.101/Sdks/Microsoft.NET.Sdk.StaticWebAssets/targets/Microsoft.NET.Sdk.StaticWebAssets.JSModules.targets(42,5): message :       ;
       /usr/lib64/dotnet/sdk/10.0.101/Sdks/Microsoft.NET.Sdk.StaticWebAssets/targets/Microsoft.NET.Sdk.StaticWebAssets.JSModules.targets(42,5): message :     ;
       /usr/lib64/dotnet/sdk/10.0.101/Sdks/Microsoft.NET.Sdk.StaticWebAssets/targets/Microsoft.NET.Sdk.StaticWebAssets.JSModules.targets(42,5): message :       ResolveJsInitializerModuleStaticWebAssets;
       /usr/lib64/dotnet/sdk/10.0.101/Sdks/Microsoft.NET.Sdk.StaticWebAssets/targets/Microsoft.NET.Sdk.StaticWebAssets.JSModules.targets(42,5): message :     ;
       /usr/lib64/dotnet/sdk/10.0.101/Sdks/Microsoft.NET.Sdk.StaticWebAssets/targets/Microsoft.NET.Sdk.StaticWebAssets.JSModules.targets(42,5): message :       ResolveJSModuleStaticWebAssets;
       /usr/lib64/dotnet/sdk/10.0.101/Sdks/Microsoft.NET.Sdk.StaticWebAssets/targets/Microsoft.NET.Sdk.StaticWebAssets.JSModules.targets(42,5): message :     " (previous value: "
       /usr/lib64/dotnet/sdk/10.0.101/Sdks/Microsoft.NET.Sdk.StaticWebAssets/targets/Microsoft.NET.Sdk.StaticWebAssets.JSModules.targets(42,5): message :       
       /usr/lib64/dotnet/sdk/10.0.101/Sdks/Microsoft.NET.Sdk.StaticWebAssets/targets/Microsoft.NET.Sdk.StaticWebAssets.JSModules.targets(42,5): message :       UpdateExistingPackageStaticWebAssets;
       /usr/lib64/dotnet/sdk/10.0.101/Sdks/Microsoft.NET.Sdk.StaticWebAssets/targets/Microsoft.NET.Sdk.StaticWebAssets.JSModules.targets(42,5): message :       ResolveProjectStaticWebAssets;
       /usr/lib64/dotnet/sdk/10.0.101/Sdks/Microsoft.NET.Sdk.StaticWebAssets/targets/Microsoft.NET.Sdk.StaticWebAssets.JSModules.targets(42,5): message :       ResolveEmbeddedProjectsStaticWebAssets;
       /usr/lib64/dotnet/sdk/10.0.101/Sdks/Microsoft.NET.Sdk.StaticWebAssets/targets/Microsoft.NET.Sdk.StaticWebAssets.JSModules.targets(42,5): message :       ResolveReferencedProjectsStaticWebAssets;
       /usr/lib64/dotnet/sdk/10.0.101/Sdks/Microsoft.NET.Sdk.StaticWebAssets/targets/Microsoft.NET.Sdk.StaticWebAssets.JSModules.targets(42,5): message :       ;
       /usr/lib64/dotnet/sdk/10.0.101/Sdks/Microsoft.NET.Sdk.StaticWebAssets/targets/Microsoft.NET.Sdk.StaticWebAssets.JSModules.targets(42,5): message :     ;
       /usr/lib64/dotnet/sdk/10.0.101/Sdks/Microsoft.NET.Sdk.StaticWebAssets/targets/Microsoft.NET.Sdk.StaticWebAssets.JSModules.targets(42,5): message :       ResolveJsInitializerModuleStaticWebAssets;
       /usr/lib64/dotnet/sdk/10.0.101/Sdks/Microsoft.NET.Sdk.StaticWebAssets/targets/Microsoft.NET.Sdk.StaticWebAssets.JSModules.targets(42,5): message :     ") at /usr/lib64/dotnet/sdk/10.0.101/Sdks/Microsoft.NET.Sdk.StaticWebAssets/targets/Microsoft.NET.Sdk.StaticWebAssets.JSModules.targets (42,5)
       /usr/lib64/dotnet/sdk/10.0.101/Sdks/Microsoft.NET.Sdk.StaticWebAssets/targets/Microsoft.NET.Sdk.StaticWebAssets.JSModules.targets(57,5): message : Property reassignment: $(ResolveStaticWebAssetsInputsDependsOn)="
       /usr/lib64/dotnet/sdk/10.0.101/Sdks/Microsoft.NET.Sdk.StaticWebAssets/targets/Microsoft.NET.Sdk.StaticWebAssets.JSModules.targets(57,5): message :       ResolveJSModuleManifestBuildStaticWebAssets;
       /usr/lib64/dotnet/sdk/10.0.101/Sdks/Microsoft.NET.Sdk.StaticWebAssets/targets/Microsoft.NET.Sdk.StaticWebAssets.JSModules.targets(57,5): message :       
       /usr/lib64/dotnet/sdk/10.0.101/Sdks/Microsoft.NET.Sdk.StaticWebAssets/targets/Microsoft.NET.Sdk.StaticWebAssets.JSModules.targets(57,5): message :     
       /usr/lib64/dotnet/sdk/10.0.101/Sdks/Microsoft.NET.Sdk.StaticWebAssets/targets/Microsoft.NET.Sdk.StaticWebAssets.JSModules.targets(57,5): message :       ResolveCoreStaticWebAssets;
       /usr/lib64/dotnet/sdk/10.0.101/Sdks/Microsoft.NET.Sdk.StaticWebAssets/targets/Microsoft.NET.Sdk.StaticWebAssets.JSModules.targets(57,5): message :       GenerateComputedBuildStaticWebAssets;
       /usr/lib64/dotnet/sdk/10.0.101/Sdks/Microsoft.NET.Sdk.StaticWebAssets/targets/Microsoft.NET.Sdk.StaticWebAssets.JSModules.targets(57,5): message :       
       /usr/lib64/dotnet/sdk/10.0.101/Sdks/Microsoft.NET.Sdk.StaticWebAssets/targets/Microsoft.NET.Sdk.StaticWebAssets.JSModules.targets(57,5): message :     ;
       /usr/lib64/dotnet/sdk/10.0.101/Sdks/Microsoft.NET.Sdk.StaticWebAssets/targets/Microsoft.NET.Sdk.StaticWebAssets.JSModules.targets(57,5): message :     ResolveScopedCssAssets;
       /usr/lib64/dotnet/sdk/10.0.101/Sdks/Microsoft.NET.Sdk.StaticWebAssets/targets/Microsoft.NET.Sdk.StaticWebAssets.JSModules.targets(57,5): message :   
       /usr/lib64/dotnet/sdk/10.0.101/Sdks/Microsoft.NET.Sdk.StaticWebAssets/targets/Microsoft.NET.Sdk.StaticWebAssets.JSModules.targets(57,5): message :     " (previous value: "
       /usr/lib64/dotnet/sdk/10.0.101/Sdks/Microsoft.NET.Sdk.StaticWebAssets/targets/Microsoft.NET.Sdk.StaticWebAssets.JSModules.targets(57,5): message :     
       /usr/lib64/dotnet/sdk/10.0.101/Sdks/Microsoft.NET.Sdk.StaticWebAssets/targets/Microsoft.NET.Sdk.StaticWebAssets.JSModules.targets(57,5): message :       ResolveCoreStaticWebAssets;
       /usr/lib64/dotnet/sdk/10.0.101/Sdks/Microsoft.NET.Sdk.StaticWebAssets/targets/Microsoft.NET.Sdk.StaticWebAssets.JSModules.targets(57,5): message :       GenerateComputedBuildStaticWebAssets;
       /usr/lib64/dotnet/sdk/10.0.101/Sdks/Microsoft.NET.Sdk.StaticWebAssets/targets/Microsoft.NET.Sdk.StaticWebAssets.JSModules.targets(57,5): message :       
       /usr/lib64/dotnet/sdk/10.0.101/Sdks/Microsoft.NET.Sdk.StaticWebAssets/targets/Microsoft.NET.Sdk.StaticWebAssets.JSModules.targets(57,5): message :     ;
       /usr/lib64/dotnet/sdk/10.0.101/Sdks/Microsoft.NET.Sdk.StaticWebAssets/targets/Microsoft.NET.Sdk.StaticWebAssets.JSModules.targets(57,5): message :     ResolveScopedCssAssets;
       /usr/lib64/dotnet/sdk/10.0.101/Sdks/Microsoft.NET.Sdk.StaticWebAssets/targets/Microsoft.NET.Sdk.StaticWebAssets.JSModules.targets(57,5): message :   ") at /usr/lib64/dotnet/sdk/10.0.101/Sdks/Microsoft.NET.Sdk.StaticWebAssets/targets/Microsoft.NET.Sdk.StaticWebAssets.JSModules.targets (57,5)
       /usr/lib64/dotnet/sdk/10.0.101/Sdks/Microsoft.NET.Sdk.StaticWebAssets/targets/Microsoft.NET.Sdk.StaticWebAssets.JSModules.targets(76,5): message : Property reassignment: $(ResolvePublishStaticWebAssetsDependsOn)="
       /usr/lib64/dotnet/sdk/10.0.101/Sdks/Microsoft.NET.Sdk.StaticWebAssets/targets/Microsoft.NET.Sdk.StaticWebAssets.JSModules.targets(76,5): message :       ResolveJSModuleManifestPublishStaticWebAssets;
       /usr/lib64/dotnet/sdk/10.0.101/Sdks/Microsoft.NET.Sdk.StaticWebAssets/targets/Microsoft.NET.Sdk.StaticWebAssets.JSModules.targets(76,5): message :       
       /usr/lib64/dotnet/sdk/10.0.101/Sdks/Microsoft.NET.Sdk.StaticWebAssets/targets/Microsoft.NET.Sdk.StaticWebAssets.JSModules.targets(76,5): message :       ResolveCorePublishStaticWebAssets;
       /usr/lib64/dotnet/sdk/10.0.101/Sdks/Microsoft.NET.Sdk.StaticWebAssets/targets/Microsoft.NET.Sdk.StaticWebAssets.JSModules.targets(76,5): message :       GenerateComputedPublishStaticWebAssets;
       /usr/lib64/dotnet/sdk/10.0.101/Sdks/Microsoft.NET.Sdk.StaticWebAssets/targets/Microsoft.NET.Sdk.StaticWebAssets.JSModules.targets(76,5): message :       ;
       /usr/lib64/dotnet/sdk/10.0.101/Sdks/Microsoft.NET.Sdk.StaticWebAssets/targets/Microsoft.NET.Sdk.StaticWebAssets.JSModules.targets(76,5): message :     
       /usr/lib64/dotnet/sdk/10.0.101/Sdks/Microsoft.NET.Sdk.StaticWebAssets/targets/Microsoft.NET.Sdk.StaticWebAssets.JSModules.targets(76,5): message :     " (previous value: "
       /usr/lib64/dotnet/sdk/10.0.101/Sdks/Microsoft.NET.Sdk.StaticWebAssets/targets/Microsoft.NET.Sdk.StaticWebAssets.JSModules.targets(76,5): message :       ResolveCorePublishStaticWebAssets;
       /usr/lib64/dotnet/sdk/10.0.101/Sdks/Microsoft.NET.Sdk.StaticWebAssets/targets/Microsoft.NET.Sdk.StaticWebAssets.JSModules.targets(76,5): message :       GenerateComputedPublishStaticWebAssets;
       /usr/lib64/dotnet/sdk/10.0.101/Sdks/Microsoft.NET.Sdk.StaticWebAssets/targets/Microsoft.NET.Sdk.StaticWebAssets.JSModules.targets(76,5): message :       ;
       /usr/lib64/dotnet/sdk/10.0.101/Sdks/Microsoft.NET.Sdk.StaticWebAssets/targets/Microsoft.NET.Sdk.StaticWebAssets.JSModules.targets(76,5): message :     ") at /usr/lib64/dotnet/sdk/10.0.101/Sdks/Microsoft.NET.Sdk.StaticWebAssets/targets/Microsoft.NET.Sdk.StaticWebAssets.JSModules.targets (76,5)
       /usr/lib64/dotnet/sdk/10.0.101/Sdks/Microsoft.NET.Sdk.StaticWebAssets/targets/Microsoft.NET.Sdk.StaticWebAssets.Compression.targets(185,5): message : Property reassignment: $(ResolveBuildRelatedStaticWebAssetsDependsOn)="
       /usr/lib64/dotnet/sdk/10.0.101/Sdks/Microsoft.NET.Sdk.StaticWebAssets/targets/Microsoft.NET.Sdk.StaticWebAssets.Compression.targets(185,5): message :       ResolveBuildCompressedStaticWebAssets;
       /usr/lib64/dotnet/sdk/10.0.101/Sdks/Microsoft.NET.Sdk.StaticWebAssets/targets/Microsoft.NET.Sdk.StaticWebAssets.Compression.targets(185,5): message :       
       /usr/lib64/dotnet/sdk/10.0.101/Sdks/Microsoft.NET.Sdk.StaticWebAssets/targets/Microsoft.NET.Sdk.StaticWebAssets.Compression.targets(185,5): message :       ResolveStaticWebAssetsInputs;
       /usr/lib64/dotnet/sdk/10.0.101/Sdks/Microsoft.NET.Sdk.StaticWebAssets/targets/Microsoft.NET.Sdk.StaticWebAssets.Compression.targets(185,5): message :       
       /usr/lib64/dotnet/sdk/10.0.101/Sdks/Microsoft.NET.Sdk.StaticWebAssets/targets/Microsoft.NET.Sdk.StaticWebAssets.Compression.targets(185,5): message :     
       /usr/lib64/dotnet/sdk/10.0.101/Sdks/Microsoft.NET.Sdk.StaticWebAssets/targets/Microsoft.NET.Sdk.StaticWebAssets.Compression.targets(185,5): message :     " (previous value: "
       /usr/lib64/dotnet/sdk/10.0.101/Sdks/Microsoft.NET.Sdk.StaticWebAssets/targets/Microsoft.NET.Sdk.StaticWebAssets.Compression.targets(185,5): message :       ResolveStaticWebAssetsInputs;
       /usr/lib64/dotnet/sdk/10.0.101/Sdks/Microsoft.NET.Sdk.StaticWebAssets/targets/Microsoft.NET.Sdk.StaticWebAssets.Compression.targets(185,5): message :       
       /usr/lib64/dotnet/sdk/10.0.101/Sdks/Microsoft.NET.Sdk.StaticWebAssets/targets/Microsoft.NET.Sdk.StaticWebAssets.Compression.targets(185,5): message :     ") at /usr/lib64/dotnet/sdk/10.0.101/Sdks/Microsoft.NET.Sdk.StaticWebAssets/targets/Microsoft.NET.Sdk.StaticWebAssets.Compression.targets (185,5)
       /usr/lib64/dotnet/sdk/10.0.101/Sdks/Microsoft.NET.Sdk.StaticWebAssets/targets/Microsoft.NET.Sdk.StaticWebAssets.Compression.targets(204,5): message : Property reassignment: $(ResolvePublishRelatedStaticWebAssetsDependsOn)="
       /usr/lib64/dotnet/sdk/10.0.101/Sdks/Microsoft.NET.Sdk.StaticWebAssets/targets/Microsoft.NET.Sdk.StaticWebAssets.Compression.targets(204,5): message :       ResolvePublishCompressedStaticWebAssets;
       /usr/lib64/dotnet/sdk/10.0.101/Sdks/Microsoft.NET.Sdk.StaticWebAssets/targets/Microsoft.NET.Sdk.StaticWebAssets.Compression.targets(204,5): message :       
       /usr/lib64/dotnet/sdk/10.0.101/Sdks/Microsoft.NET.Sdk.StaticWebAssets/targets/Microsoft.NET.Sdk.StaticWebAssets.Compression.targets(204,5): message :     " (previous value: "") at /usr/lib64/dotnet/sdk/10.0.101/Sdks/Microsoft.NET.Sdk.StaticWebAssets/targets/Microsoft.NET.Sdk.StaticWebAssets.Compression.targets (204,5)
       /usr/lib64/dotnet/sdk/10.0.101/Sdks/Microsoft.NET.Sdk.Razor/targets/Sdk.Razor.CurrentVersion.targets(220,5): message : Property reassignment: $(DebugSymbolsProjectOutputGroupDependsOn)="
       /usr/lib64/dotnet/sdk/10.0.101/Sdks/Microsoft.NET.Sdk.Razor/targets/Sdk.Razor.CurrentVersion.targets(220,5): message :       ;
       /usr/lib64/dotnet/sdk/10.0.101/Sdks/Microsoft.NET.Sdk.Razor/targets/Sdk.Razor.CurrentVersion.targets(220,5): message :       _RazorAddDebugSymbolsProjectOutputGroupOutput
       /usr/lib64/dotnet/sdk/10.0.101/Sdks/Microsoft.NET.Sdk.Razor/targets/Sdk.Razor.CurrentVersion.targets(220,5): message :     " (previous value: "") at /usr/lib64/dotnet/sdk/10.0.101/Sdks/Microsoft.NET.Sdk.Razor/targets/Sdk.Razor.CurrentVersion.targets (220,5)
       /usr/lib64/dotnet/sdk/10.0.101/Sdks/Microsoft.NET.Sdk.Razor/targets/Sdk.Razor.CurrentVersion.targets(225,5): message : Property reassignment: $(PrepareForBuildDependsOn)="
       /usr/lib64/dotnet/sdk/10.0.101/Sdks/Microsoft.NET.Sdk.Razor/targets/Sdk.Razor.CurrentVersion.targets(225,5): message :       ;GetFrameworkPaths;GetReferenceAssemblyPaths;AssignLinkMetadata;
       /usr/lib64/dotnet/sdk/10.0.101/Sdks/Microsoft.NET.Sdk.Razor/targets/Sdk.Razor.CurrentVersion.targets(225,5): message :       ResolveRazorGenerateInputs
       /usr/lib64/dotnet/sdk/10.0.101/Sdks/Microsoft.NET.Sdk.Razor/targets/Sdk.Razor.CurrentVersion.targets(225,5): message :     " (previous value: ";GetFrameworkPaths;GetReferenceAssemblyPaths;AssignLinkMetadata") at /usr/lib64/dotnet/sdk/10.0.101/Sdks/Microsoft.NET.Sdk.Razor/targets/Sdk.Razor.CurrentVersion.targets (225,5)
       /usr/lib64/dotnet/sdk/10.0.101/Sdks/Microsoft.NET.Sdk.Razor/targets/Sdk.Razor.CurrentVersion.targets(230,5): message : Property reassignment: $(GenerateNuspecDependsOn)="
       /usr/lib64/dotnet/sdk/10.0.101/Sdks/Microsoft.NET.Sdk.Razor/targets/Sdk.Razor.CurrentVersion.targets(230,5): message :       ResolveRazorGenerateInputs;
       /usr/lib64/dotnet/sdk/10.0.101/Sdks/Microsoft.NET.Sdk.Razor/targets/Sdk.Razor.CurrentVersion.targets(230,5): message :       
       /usr/lib64/dotnet/sdk/10.0.101/Sdks/Microsoft.NET.Sdk.Razor/targets/Sdk.Razor.CurrentVersion.targets(230,5): message :       IncludeStaticWebAssetsPackItems;
       /usr/lib64/dotnet/sdk/10.0.101/Sdks/Microsoft.NET.Sdk.Razor/targets/Sdk.Razor.CurrentVersion.targets(230,5): message :       Build;_LoadPackInputItems; _GetTargetFrameworksOutput; _WalkEachTargetPerFramework; _GetPackageFiles; ;
       /usr/lib64/dotnet/sdk/10.0.101/Sdks/Microsoft.NET.Sdk.Razor/targets/Sdk.Razor.CurrentVersion.targets(230,5): message :     
       /usr/lib64/dotnet/sdk/10.0.101/Sdks/Microsoft.NET.Sdk.Razor/targets/Sdk.Razor.CurrentVersion.targets(230,5): message :     " (previous value: "
       /usr/lib64/dotnet/sdk/10.0.101/Sdks/Microsoft.NET.Sdk.Razor/targets/Sdk.Razor.CurrentVersion.targets(230,5): message :       IncludeStaticWebAssetsPackItems;
       /usr/lib64/dotnet/sdk/10.0.101/Sdks/Microsoft.NET.Sdk.Razor/targets/Sdk.Razor.CurrentVersion.targets(230,5): message :       Build;_LoadPackInputItems; _GetTargetFrameworksOutput; _WalkEachTargetPerFramework; _GetPackageFiles; ;
       /usr/lib64/dotnet/sdk/10.0.101/Sdks/Microsoft.NET.Sdk.Razor/targets/Sdk.Razor.CurrentVersion.targets(230,5): message :     ") at /usr/lib64/dotnet/sdk/10.0.101/Sdks/Microsoft.NET.Sdk.Razor/targets/Sdk.Razor.CurrentVersion.targets (230,5)
       /usr/lib64/dotnet/sdk/10.0.101/Sdks/Microsoft.NET.Sdk.Razor/targets/Sdk.Razor.CurrentVersion.targets(235,5): message : Property reassignment: $(PrepareForRunDependsOn)="
       /usr/lib64/dotnet/sdk/10.0.101/Sdks/Microsoft.NET.Sdk.Razor/targets/Sdk.Razor.CurrentVersion.targets(235,5): message :       _RazorPrepareForRun;
       /usr/lib64/dotnet/sdk/10.0.101/Sdks/Microsoft.NET.Sdk.Razor/targets/Sdk.Razor.CurrentVersion.targets(235,5): message :       StaticWebAssetsPrepareForRun;
       /usr/lib64/dotnet/sdk/10.0.101/Sdks/Microsoft.NET.Sdk.Razor/targets/Sdk.Razor.CurrentVersion.targets(235,5): message :       CopyFilesToOutputDirectory
       /usr/lib64/dotnet/sdk/10.0.101/Sdks/Microsoft.NET.Sdk.Razor/targets/Sdk.Razor.CurrentVersion.targets(235,5): message :     
       /usr/lib64/dotnet/sdk/10.0.101/Sdks/Microsoft.NET.Sdk.Razor/targets/Sdk.Razor.CurrentVersion.targets(235,5): message :     " (previous value: "StaticWebAssetsPrepareForRun;
       /usr/lib64/dotnet/sdk/10.0.101/Sdks/Microsoft.NET.Sdk.Razor/targets/Sdk.Razor.CurrentVersion.targets(235,5): message :       CopyFilesToOutputDirectory
       /usr/lib64/dotnet/sdk/10.0.101/Sdks/Microsoft.NET.Sdk.Razor/targets/Sdk.Razor.CurrentVersion.targets(235,5): message :     ") at /usr/lib64/dotnet/sdk/10.0.101/Sdks/Microsoft.NET.Sdk.Razor/targets/Sdk.Razor.CurrentVersion.targets (235,5)
       /usr/lib64/dotnet/sdk/10.0.101/Sdks/Microsoft.NET.Sdk.Razor/targets/Sdk.Razor.CurrentVersion.targets(326,5): message : Property reassignment: $(UseRazorBuildServer)="true" (previous value: "") at /usr/lib64/dotnet/sdk/10.0.101/Sdks/Microsoft.NET.Sdk.Razor/targets/Sdk.Razor.CurrentVersion.targets (326,5)
       /usr/lib64/dotnet/sdk/10.0.101/Sdks/Microsoft.NET.Sdk.Razor/targets/Sdk.Razor.CurrentVersion.targets(332,5): message : Property reassignment: $(_RazorDebugSymbolsProduced)="true" (previous value: "false") at /usr/lib64/dotnet/sdk/10.0.101/Sdks/Microsoft.NET.Sdk.Razor/targets/Sdk.Razor.CurrentVersion.targets (332,5)
       /usr/lib64/dotnet/sdk/10.0.101/Sdks/Microsoft.NET.Sdk.Razor/targets/Microsoft.NET.Sdk.Razor.GenerateAssemblyInfo.targets(36,5): message : Property reassignment: $(GenerateRazorTargetAssemblyInfoDependsOn)="
       /usr/lib64/dotnet/sdk/10.0.101/Sdks/Microsoft.NET.Sdk.Razor/targets/Microsoft.NET.Sdk.Razor.GenerateAssemblyInfo.targets(36,5): message :       _ResolveMvcAssemblyAttributes;
       /usr/lib64/dotnet/sdk/10.0.101/Sdks/Microsoft.NET.Sdk.Razor/targets/Microsoft.NET.Sdk.Razor.GenerateAssemblyInfo.targets(36,5): message :       
       /usr/lib64/dotnet/sdk/10.0.101/Sdks/Microsoft.NET.Sdk.Razor/targets/Microsoft.NET.Sdk.Razor.GenerateAssemblyInfo.targets(36,5): message :       GetRazorTargetAssemblyAttributes;
       /usr/lib64/dotnet/sdk/10.0.101/Sdks/Microsoft.NET.Sdk.Razor/targets/Microsoft.NET.Sdk.Razor.GenerateAssemblyInfo.targets(36,5): message :       _CreateRazorTargetAssemblyInfoInputsCacheFile;
       /usr/lib64/dotnet/sdk/10.0.101/Sdks/Microsoft.NET.Sdk.Razor/targets/Microsoft.NET.Sdk.Razor.GenerateAssemblyInfo.targets(36,5): message :       CoreGenerateRazorTargetAssemblyInfo
       /usr/lib64/dotnet/sdk/10.0.101/Sdks/Microsoft.NET.Sdk.Razor/targets/Microsoft.NET.Sdk.Razor.GenerateAssemblyInfo.targets(36,5): message :     
       /usr/lib64/dotnet/sdk/10.0.101/Sdks/Microsoft.NET.Sdk.Razor/targets/Microsoft.NET.Sdk.Razor.GenerateAssemblyInfo.targets(36,5): message :     " (previous value: "
       /usr/lib64/dotnet/sdk/10.0.101/Sdks/Microsoft.NET.Sdk.Razor/targets/Microsoft.NET.Sdk.Razor.GenerateAssemblyInfo.targets(36,5): message :       GetRazorTargetAssemblyAttributes;
       /usr/lib64/dotnet/sdk/10.0.101/Sdks/Microsoft.NET.Sdk.Razor/targets/Microsoft.NET.Sdk.Razor.GenerateAssemblyInfo.targets(36,5): message :       _CreateRazorTargetAssemblyInfoInputsCacheFile;
       /usr/lib64/dotnet/sdk/10.0.101/Sdks/Microsoft.NET.Sdk.Razor/targets/Microsoft.NET.Sdk.Razor.GenerateAssemblyInfo.targets(36,5): message :       CoreGenerateRazorTargetAssemblyInfo
       /usr/lib64/dotnet/sdk/10.0.101/Sdks/Microsoft.NET.Sdk.Razor/targets/Microsoft.NET.Sdk.Razor.GenerateAssemblyInfo.targets(36,5): message :     ") at /usr/lib64/dotnet/sdk/10.0.101/Sdks/Microsoft.NET.Sdk.Razor/targets/Microsoft.NET.Sdk.Razor.GenerateAssemblyInfo.targets (36,5)
       /usr/lib64/dotnet/sdk/10.0.101/Sdks/Microsoft.NET.Sdk.Razor/targets/Microsoft.NET.Sdk.Razor.GenerateAssemblyInfo.targets(181,5): message : Property reassignment: $(CoreCompileDependsOn)="
       /usr/lib64/dotnet/sdk/10.0.101/Sdks/Microsoft.NET.Sdk.Razor/targets/Microsoft.NET.Sdk.Razor.GenerateAssemblyInfo.targets(181,5): message :       ;_ComputeNonExistentFileProperty;ResolveCodeAnalysisRuleSet;
       /usr/lib64/dotnet/sdk/10.0.101/Sdks/Microsoft.NET.Sdk.Razor/targets/Microsoft.NET.Sdk.Razor.GenerateAssemblyInfo.targets(181,5): message :       _GenerateRazorAssemblyInfo
       /usr/lib64/dotnet/sdk/10.0.101/Sdks/Microsoft.NET.Sdk.Razor/targets/Microsoft.NET.Sdk.Razor.GenerateAssemblyInfo.targets(181,5): message :     " (previous value: ";_ComputeNonExistentFileProperty;ResolveCodeAnalysisRuleSet") at /usr/lib64/dotnet/sdk/10.0.101/Sdks/Microsoft.NET.Sdk.Razor/targets/Microsoft.NET.Sdk.Razor.GenerateAssemblyInfo.targets (181,5)
       /usr/lib64/dotnet/sdk/10.0.101/Sdks/Microsoft.NET.Sdk.Razor/targets/Microsoft.NET.Sdk.Razor.GenerateAssemblyInfo.targets(189,5): message : Property reassignment: $(_GenerateRazorAssemblyInfoDependsOn)="
       /usr/lib64/dotnet/sdk/10.0.101/Sdks/Microsoft.NET.Sdk.Razor/targets/Microsoft.NET.Sdk.Razor.GenerateAssemblyInfo.targets(189,5): message :       _ResolveMvcAssemblyAttributes;
       /usr/lib64/dotnet/sdk/10.0.101/Sdks/Microsoft.NET.Sdk.Razor/targets/Microsoft.NET.Sdk.Razor.GenerateAssemblyInfo.targets(189,5): message :       RazorGetAssemblyAttributes;PrepareForBuild;_CoreGenerateRazorAssemblyInfo;
       /usr/lib64/dotnet/sdk/10.0.101/Sdks/Microsoft.NET.Sdk.Razor/targets/Microsoft.NET.Sdk.Razor.GenerateAssemblyInfo.targets(189,5): message :     " (previous value: "RazorGetAssemblyAttributes;PrepareForBuild;_CoreGenerateRazorAssemblyInfo") at /usr/lib64/dotnet/sdk/10.0.101/Sdks/Microsoft.NET.Sdk.Razor/targets/Microsoft.NET.Sdk.Razor.GenerateAssemblyInfo.targets (189,5)
       /usr/lib64/dotnet/sdk/10.0.101/Sdks/Microsoft.NET.Sdk.Razor/targets/Microsoft.NET.Sdk.Razor.MvcApplicationPartsDiscovery.targets(22,5): message : Property reassignment: $(CoreCompileDependsOn)="
       /usr/lib64/dotnet/sdk/10.0.101/Sdks/Microsoft.NET.Sdk.Razor/targets/Microsoft.NET.Sdk.Razor.MvcApplicationPartsDiscovery.targets(22,5): message :       _DiscoverMvcApplicationParts;
       /usr/lib64/dotnet/sdk/10.0.101/Sdks/Microsoft.NET.Sdk.Razor/targets/Microsoft.NET.Sdk.Razor.MvcApplicationPartsDiscovery.targets(22,5): message :       
       /usr/lib64/dotnet/sdk/10.0.101/Sdks/Microsoft.NET.Sdk.Razor/targets/Microsoft.NET.Sdk.Razor.MvcApplicationPartsDiscovery.targets(22,5): message :       ;_ComputeNonExistentFileProperty;ResolveCodeAnalysisRuleSet;
       /usr/lib64/dotnet/sdk/10.0.101/Sdks/Microsoft.NET.Sdk.Razor/targets/Microsoft.NET.Sdk.Razor.MvcApplicationPartsDiscovery.targets(22,5): message :       _GenerateRazorAssemblyInfo
       /usr/lib64/dotnet/sdk/10.0.101/Sdks/Microsoft.NET.Sdk.Razor/targets/Microsoft.NET.Sdk.Razor.MvcApplicationPartsDiscovery.targets(22,5): message :     ;
       /usr/lib64/dotnet/sdk/10.0.101/Sdks/Microsoft.NET.Sdk.Razor/targets/Microsoft.NET.Sdk.Razor.MvcApplicationPartsDiscovery.targets(22,5): message :     " (previous value: "
       /usr/lib64/dotnet/sdk/10.0.101/Sdks/Microsoft.NET.Sdk.Razor/targets/Microsoft.NET.Sdk.Razor.MvcApplicationPartsDiscovery.targets(22,5): message :       ;_ComputeNonExistentFileProperty;ResolveCodeAnalysisRuleSet;
       /usr/lib64/dotnet/sdk/10.0.101/Sdks/Microsoft.NET.Sdk.Razor/targets/Microsoft.NET.Sdk.Razor.MvcApplicationPartsDiscovery.targets(22,5): message :       _GenerateRazorAssemblyInfo
       /usr/lib64/dotnet/sdk/10.0.101/Sdks/Microsoft.NET.Sdk.Razor/targets/Microsoft.NET.Sdk.Razor.MvcApplicationPartsDiscovery.targets(22,5): message :     ") at /usr/lib64/dotnet/sdk/10.0.101/Sdks/Microsoft.NET.Sdk.Razor/targets/Microsoft.NET.Sdk.Razor.MvcApplicationPartsDiscovery.targets (22,5)
       /usr/lib64/dotnet/sdk/10.0.101/Sdks/Microsoft.NET.Sdk.Razor/targets/Sdk.Razor.CurrentVersion.targets(884,5): message : Property reassignment: $(RazorDesignTimeTargets)="/usr/lib64/dotnet/sdk/10.0.101/Sdks/Microsoft.NET.Sdk.Razor/targets/Microsoft.NET.Sdk.Razor.DesignTime.targets" (previous value: "/usr/lib64/dotnet/sdk/10.0.101/Microsoft/VisualStudio/Razor/Microsoft.NET.Sdk.Razor.DesignTime.targets") at /usr/lib64/dotnet/sdk/10.0.101/Sdks/Microsoft.NET.Sdk.Razor/targets/Sdk.Razor.CurrentVersion.targets (884,5)
       /usr/lib64/dotnet/sdk/10.0.101/Sdks/Microsoft.NET.Sdk.Web.ProjectSystem/targets/Microsoft.NET.Sdk.Web.ProjectSystem.targets(21,5): message : Property reassignment: $(RunWorkingDirectory)="/home/baturhan/Projeler/Entegrasyon/Application/Entegrasyon.Blazor" (previous value: "") at /usr/lib64/dotnet/sdk/10.0.101/Sdks/Microsoft.NET.Sdk.Web.ProjectSystem/targets/Microsoft.NET.Sdk.Web.ProjectSystem.targets (21,5)
       /usr/lib64/dotnet/sdk/10.0.101/Sdks/Microsoft.NET.Sdk.Publish/targets/Microsoft.NET.Sdk.Publish.targets(60,5): message : Property reassignment: $(PublishProfileImported)="true" (previous value: "false") at /usr/lib64/dotnet/sdk/10.0.101/Sdks/Microsoft.NET.Sdk.Publish/targets/Microsoft.NET.Sdk.Publish.targets (60,5)
       /usr/lib64/dotnet/sdk/10.0.101/Sdks/Microsoft.NET.Sdk.Publish/targets/Microsoft.NET.Sdk.Publish.targets(81,5): message : Property reassignment: $(PublishConfiguration)="Debug" (previous value: "") at /usr/lib64/dotnet/sdk/10.0.101/Sdks/Microsoft.NET.Sdk.Publish/targets/Microsoft.NET.Sdk.Publish.targets (81,5)
       /usr/lib64/dotnet/sdk/10.0.101/Sdks/Microsoft.NET.Sdk.Publish/targets/Microsoft.NET.Sdk.Publish.targets(87,5): message : Property reassignment: $(BaseIntermediateOutputPath)="/home/baturhan/Projeler/Entegrasyon/Application/Entegrasyon.Blazor/obj/" (previous value: "obj/") at /usr/lib64/dotnet/sdk/10.0.101/Sdks/Microsoft.NET.Sdk.Publish/targets/Microsoft.NET.Sdk.Publish.targets (87,5)
       Overriding target "ResolveFrameworkReferences" in project "/usr/lib64/dotnet/sdk/10.0.101/Microsoft.Common.CurrentVersion.targets" with target "ResolveFrameworkReferences" from project "/usr/lib64/dotnet/sdk/10.0.101/Sdks/Microsoft.NET.Sdk/targets/Microsoft.NET.Sdk.FrameworkReferenceResolution.targets".
       Overriding target "GenerateSupportedTargetFrameworkAlias" in project "/usr/lib64/dotnet/sdk/10.0.101/Microsoft.Common.CurrentVersion.targets" with target "GenerateSupportedTargetFrameworkAlias" from project "/usr/lib64/dotnet/sdk/10.0.101/Sdks/Microsoft.NET.Sdk/targets/Microsoft.NET.Sdk.targets".
       Overriding target "GetReferenceAssemblyPaths" in project "/usr/lib64/dotnet/sdk/10.0.101/Microsoft.Common.CurrentVersion.targets" with target "GetReferenceAssemblyPaths" from project "/usr/lib64/dotnet/sdk/10.0.101/Sdks/Microsoft.NET.Sdk/targets/Microsoft.NET.DisableStandardFrameworkResolution.targets".
       Overriding target "GetFrameworkPaths" in project "/usr/lib64/dotnet/sdk/10.0.101/Microsoft.Common.CurrentVersion.targets" with target "GetFrameworkPaths" from project "/usr/lib64/dotnet/sdk/10.0.101/Sdks/Microsoft.NET.Sdk/targets/Microsoft.NET.DisableStandardFrameworkResolution.targets".
       Overriding target "DesignerRuntimeImplementationProjectOutputGroup" in project "/usr/lib64/dotnet/sdk/10.0.101/Microsoft.Common.CurrentVersion.targets" with target "DesignerRuntimeImplementationProjectOutputGroup" from project "/usr/lib64/dotnet/sdk/10.0.101/Sdks/Microsoft.NET.Sdk/targets/Microsoft.NET.DesignerSupport.targets".
       Overriding target "Publish" in project "/usr/lib64/dotnet/sdk/10.0.101/Microsoft.Common.CurrentVersion.targets" with target "Publish" from project "/usr/lib64/dotnet/sdk/10.0.101/Sdks/Microsoft.NET.Sdk/targets/Microsoft.NET.Publish.targets".
       Overriding target "ResolveReadyToRunCompilers" in project "/usr/lib64/dotnet/sdk/10.0.101/Sdks/Microsoft.NET.Sdk/targets/Microsoft.NET.CrossGen.targets" with target "ResolveReadyToRunCompilers" from project "/usr/lib64/dotnet/sdk/10.0.101/Sdks/Microsoft.NET.Sdk/targets/Microsoft.NET.Publish.targets".
       Overriding target "GetCopyToPublishDirectoryItems" in project "/usr/lib64/dotnet/sdk/10.0.101/Microsoft.Common.CurrentVersion.targets" with target "GetCopyToPublishDirectoryItems" from project "/usr/lib64/dotnet/sdk/10.0.101/Sdks/Microsoft.NET.Sdk/targets/Microsoft.NET.Publish.targets".
       Overriding target "_CodeAnalysisTreatWarningsAsErrors" in project "/home/baturhan/.nuget/packages/microsoft.codeanalysis.analyzers/3.11.0/buildTransitive/Microsoft.CodeAnalysis.Analyzers.targets" with target "_CodeAnalysisTreatWarningsAsErrors" from project "/usr/lib64/dotnet/sdk/10.0.101/Sdks/Microsoft.NET.Sdk/analyzers/build/Microsoft.CodeAnalysis.NetAnalyzers.targets".
       Overriding target "Run" in project "/usr/lib64/dotnet/sdk/10.0.101/Microsoft.Common.CurrentVersion.targets" with target "Run" from project "/usr/lib64/dotnet/sdk/10.0.101/Sdks/Microsoft.NET.Sdk/targets/Microsoft.NET.Sdk.targets".
       Overriding target "BeforePublish" in project "/usr/lib64/dotnet/sdk/10.0.101/Microsoft.Common.CurrentVersion.targets" with target "BeforePublish" from project "/usr/lib64/dotnet/sdk/10.0.101/Sdks/Microsoft.NET.Sdk.Publish/targets/Microsoft.NET.Sdk.Publish.targets".
       Overriding target "AfterPublish" in project "/usr/lib64/dotnet/sdk/10.0.101/Microsoft.Common.CurrentVersion.targets" with target "AfterPublish" from project "/usr/lib64/dotnet/sdk/10.0.101/Sdks/Microsoft.NET.Sdk.Publish/targets/Microsoft.NET.Sdk.Publish.targets".
       The target "ResolveNuGetPackageAssets" listed in an AfterTargets attribute at "/home/baturhan/.nuget/packages/system.text.json/8.0.5/buildTransitive/net6.0/System.Text.Json.targets (11,11)" does not exist in the project, and will be ignored.
       The target "ResolveNuGetPackageAssets" listed in an AfterTargets attribute at "/home/baturhan/.nuget/packages/system.text.json/8.0.5/buildTransitive/net6.0/System.Text.Json.targets (23,11)" does not exist in the project, and will be ignored.
       The target "ResolveNuGetPackageAssets" listed in an AfterTargets attribute at "/home/baturhan/.nuget/packages/microsoft.extensions.logging.abstractions/8.0.3/buildTransitive/net6.0/Microsoft.Extensions.Logging.Abstractions.targets (11,11)" does not exist in the project, and will be ignored.
       The target "ResolveNuGetPackageAssets" listed in an AfterTargets attribute at "/home/baturhan/.nuget/packages/microsoft.extensions.logging.abstractions/8.0.3/buildTransitive/net6.0/Microsoft.Extensions.Logging.Abstractions.targets (23,11)" does not exist in the project, and will be ignored.
       The target "ResolveNuGetPackageAssets" listed in an AfterTargets attribute at "/home/baturhan/.nuget/packages/microsoft.extensions.configuration.binder/8.0.2/buildTransitive/netstandard2.0/Microsoft.Extensions.Configuration.Binder.targets (9,13)" does not exist in the project, and will be ignored.
       The target "ResolveNuGetPackageAssets" listed in an AfterTargets attribute at "/home/baturhan/.nuget/packages/microsoft.extensions.options/8.0.2/buildTransitive/net6.0/Microsoft.Extensions.Options.targets (11,11)" does not exist in the project, and will be ignored.
       The target "ResolveNuGetPackageAssets" listed in an AfterTargets attribute at "/home/baturhan/.nuget/packages/microsoft.extensions.options/8.0.2/buildTransitive/net6.0/Microsoft.Extensions.Options.targets (23,11)" does not exist in the project, and will be ignored.
       The target "CollectUpToDateCheckInputDesignTime" listed in a BeforeTargets attribute at "/usr/lib64/dotnet/sdk/10.0.101/Sdks/Microsoft.NET.Sdk.StaticWebAssets/targets/Microsoft.NET.Sdk.StaticWebAssets.ScopedCss.targets (171,5)" does not exist in the project, and will be ignored.
       The target "CollectUpToDateCheckBuiltDesignTime" listed in a BeforeTargets attribute at "/usr/lib64/dotnet/sdk/10.0.101/Sdks/Microsoft.NET.Sdk.StaticWebAssets/targets/Microsoft.NET.Sdk.StaticWebAssets.ScopedCss.targets (171,5)" does not exist in the project, and will be ignored.
       The target "RazorGenerateComponentDeclaration" listed in an AfterTargets attribute at "/usr/lib64/dotnet/sdk/10.0.101/Sdks/Microsoft.NET.Sdk.Razor/targets/Microsoft.NET.Sdk.Razor.DesignTime.targets (55,53)" does not exist in the project, and will be ignored.
   1:7>Project "/home/baturhan/Projeler/Entegrasyon/Application/Entegrasyon.Blazor/Entegrasyon.Blazor.csproj" on node 2 (default targets).
   1:7>Target "NETStandardCompatError_Microsoft_Extensions_Configuration_Binder" in file "/home/baturhan/.nuget/packages/microsoft.extensions.configuration.binder/8.0.2/buildTransitive/netstandard2.0/Microsoft.Extensions.Configuration.Binder.targets" from project "/home/baturhan/Projeler/Entegrasyon/Application/Entegrasyon.Blazor/Entegrasyon.Blazor.csproj" (entry point):
   1:7>Done building target "NETStandardCompatError_Microsoft_Extensions_Configuration_Binder" in project "Entegrasyon.Blazor.csproj".
   1:7>Target "_CollectTargetFrameworkForTelemetry" in file "/usr/lib64/dotnet/sdk/10.0.101/Sdks/Microsoft.NET.Sdk/targets/Microsoft.NET.TargetFrameworkInference.targets" from project "/home/baturhan/Projeler/Entegrasyon/Application/Entegrasyon.Blazor/Entegrasyon.Blazor.csproj" (target "_CheckForInvalidConfigurationAndPlatform" depends on it):
       Using "AllowEmptyTelemetry" task from assembly "/usr/lib64/dotnet/sdk/10.0.101/Sdks/Microsoft.NET.Sdk/targets/../tools/net10.0/Microsoft.NET.Build.Tasks.dll".
       Task "AllowEmptyTelemetry"
       Done executing task "AllowEmptyTelemetry".
   1:7>Done building target "_CollectTargetFrameworkForTelemetry" in project "Entegrasyon.Blazor.csproj".
   1:7>Target "_CheckForUnsupportedNETCoreVersion" in file "/usr/lib64/dotnet/sdk/10.0.101/Sdks/Microsoft.NET.Sdk/targets/Microsoft.NET.TargetFrameworkInference.targets" from project "/home/baturhan/Projeler/Entegrasyon/Application/Entegrasyon.Blazor/Entegrasyon.Blazor.csproj" (target "_CheckForInvalidConfigurationAndPlatform" depends on it):
   1:7>Done building target "_CheckForUnsupportedNETCoreVersion" in project "Entegrasyon.Blazor.csproj".
   1:7>Target "_CheckForUnsupportedCppNETCoreVersion" in file "/usr/lib64/dotnet/sdk/10.0.101/Sdks/Microsoft.NET.Sdk/targets/Microsoft.NET.TargetFrameworkInference.targets" from project "/home/baturhan/Projeler/Entegrasyon/Application/Entegrasyon.Blazor/Entegrasyon.Blazor.csproj" (target "_CheckForInvalidConfigurationAndPlatform" depends on it):
   1:7>Done building target "_CheckForUnsupportedCppNETCoreVersion" in project "Entegrasyon.Blazor.csproj".
   1:7>Target "_CheckForUnsupportedArtifactsPath" in file "/usr/lib64/dotnet/sdk/10.0.101/Sdks/Microsoft.NET.Sdk/targets/Microsoft.NET.DefaultOutputPaths.targets" from project "/home/baturhan/Projeler/Entegrasyon/Application/Entegrasyon.Blazor/Entegrasyon.Blazor.csproj" (target "_CheckForInvalidConfigurationAndPlatform" depends on it):
   1:7>Done building target "_CheckForUnsupportedArtifactsPath" in project "Entegrasyon.Blazor.csproj".
   1:7>Target "_CheckRIDAsserts" in file "/usr/lib64/dotnet/sdk/10.0.101/Sdks/Microsoft.NET.Sdk/targets/Microsoft.NET.RuntimeIdentifierInference.targets" from project "/home/baturhan/Projeler/Entegrasyon/Application/Entegrasyon.Blazor/Entegrasyon.Blazor.csproj" (target "_CheckForUnsupportedAppHostUsage" depends on it):
   1:7>Done building target "_CheckRIDAsserts" in project "Entegrasyon.Blazor.csproj".
   1:7>Target "_CheckForUnsupportedAppHostUsage" in file "/usr/lib64/dotnet/sdk/10.0.101/Sdks/Microsoft.NET.Sdk/targets/Microsoft.NET.RuntimeIdentifierInference.targets" from project "/home/baturhan/Projeler/Entegrasyon/Application/Entegrasyon.Blazor/Entegrasyon.Blazor.csproj" (target "_CheckForInvalidConfigurationAndPlatform" depends on it):
   1:7>Done building target "_CheckForUnsupportedAppHostUsage" in project "Entegrasyon.Blazor.csproj".
   1:7>Target "_CheckForUnsupportedHostingUsage" in file "/usr/lib64/dotnet/sdk/10.0.101/Sdks/Microsoft.NET.Sdk/targets/Microsoft.NET.RuntimeIdentifierInference.targets" from project "/home/baturhan/Projeler/Entegrasyon/Application/Entegrasyon.Blazor/Entegrasyon.Blazor.csproj" (target "_CheckForInvalidConfigurationAndPlatform" depends on it):
   1:7>Done building target "_CheckForUnsupportedHostingUsage" in project "Entegrasyon.Blazor.csproj".
   1:7>Target "_CheckAndUnsetUnsupportedPrefer32Bit" in file "/usr/lib64/dotnet/sdk/10.0.101/Sdks/Microsoft.NET.Sdk/targets/Microsoft.NET.RuntimeIdentifierInference.targets" from project "/home/baturhan/Projeler/Entegrasyon/Application/Entegrasyon.Blazor/Entegrasyon.Blazor.csproj" (target "_CheckForInvalidConfigurationAndPlatform" depends on it):
   1:7>Done building target "_CheckAndUnsetUnsupportedPrefer32Bit" in project "Entegrasyon.Blazor.csproj".
   1:7>Target "_CheckForLanguageAndFeatureCombinationSupport" in file "/usr/lib64/dotnet/sdk/10.0.101/Sdks/Microsoft.NET.Sdk/targets/Microsoft.NET.RuntimeIdentifierInference.targets" from project "/home/baturhan/Projeler/Entegrasyon/Application/Entegrasyon.Blazor/Entegrasyon.Blazor.csproj" (target "_CheckForInvalidConfigurationAndPlatform" depends on it):
   1:7>Done building target "_CheckForLanguageAndFeatureCombinationSupport" in project "Entegrasyon.Blazor.csproj".
   1:7>Target "UpdateAspNetToFrameworkReference" in file "/usr/lib64/dotnet/sdk/10.0.101/Sdks/Microsoft.NET.Sdk/targets/Microsoft.NET.Sdk.DefaultItems.Shared.targets" from project "/home/baturhan/Projeler/Entegrasyon/Application/Entegrasyon.Blazor/Entegrasyon.Blazor.csproj" (target "ApplyImplicitVersions" depends on it):
       Using "CheckIfPackageReferenceShouldBeFrameworkReference" task from assembly "/usr/lib64/dotnet/sdk/10.0.101/Sdks/Microsoft.NET.Sdk/targets/../tools/net10.0/Microsoft.NET.Build.Tasks.dll".
       Task "CheckIfPackageReferenceShouldBeFrameworkReference"
       Done executing task "CheckIfPackageReferenceShouldBeFrameworkReference".
       Task "CheckIfPackageReferenceShouldBeFrameworkReference"
       Done executing task "CheckIfPackageReferenceShouldBeFrameworkReference".
   1:7>Done building target "UpdateAspNetToFrameworkReference" in project "Entegrasyon.Blazor.csproj".
   1:7>Target "CheckForImplicitPackageReferenceOverrides" in file "/usr/lib64/dotnet/sdk/10.0.101/Sdks/Microsoft.NET.Sdk/targets/Microsoft.NET.Sdk.DefaultItems.Shared.targets" from project "/home/baturhan/Projeler/Entegrasyon/Application/Entegrasyon.Blazor/Entegrasyon.Blazor.csproj" (target "ApplyImplicitVersions" depends on it):
       Using "CheckForImplicitPackageReferenceOverrides" task from assembly "/usr/lib64/dotnet/sdk/10.0.101/Sdks/Microsoft.NET.Sdk/targets/../tools/net10.0/Microsoft.NET.Build.Tasks.dll".
       Task "CheckForImplicitPackageReferenceOverrides"
       Done executing task "CheckForImplicitPackageReferenceOverrides".
   1:7>Done building target "CheckForImplicitPackageReferenceOverrides" in project "Entegrasyon.Blazor.csproj".
   1:7>Target "ApplyImplicitVersions" in file "/usr/lib64/dotnet/sdk/10.0.101/Sdks/Microsoft.NET.Sdk/targets/Microsoft.NET.Sdk.DefaultItems.Shared.targets" from project "/home/baturhan/Projeler/Entegrasyon/Application/Entegrasyon.Blazor/Entegrasyon.Blazor.csproj" (target "CollectPackageReferences" depends on it):
       Using "ApplyImplicitVersions" task from assembly "/usr/lib64/dotnet/sdk/10.0.101/Sdks/Microsoft.NET.Sdk/targets/../tools/net10.0/Microsoft.NET.Build.Tasks.dll".
       Task "ApplyImplicitVersions"
       Done executing task "ApplyImplicitVersions".
   1:7>Done building target "ApplyImplicitVersions" in project "Entegrasyon.Blazor.csproj".
       Target "CheckForImplicitPackageReferenceOverrides" skipped. Previously built successfully.
   1:7>Target "_ComputeToolPackInputsToProcessFrameworkReferences" in file "/usr/lib64/dotnet/sdk/10.0.101/Sdks/Microsoft.NET.Sdk/targets/Microsoft.NET.Publish.targets" from project "/home/baturhan/Projeler/Entegrasyon/Application/Entegrasyon.Blazor/Entegrasyon.Blazor.csproj" (target "ProcessFrameworkReferences" depends on it):
   1:7>Done building target "_ComputeToolPackInputsToProcessFrameworkReferences" in project "Entegrasyon.Blazor.csproj".
   1:7>Target "ResolveRequiredWebAssets" in file "/usr/lib64/dotnet/sdk/10.0.101/Sdks/Microsoft.NET.Sdk.Web.ProjectSystem/targets/Microsoft.NET.Sdk.Web.ProjectSystem.targets" from project "/home/baturhan/Projeler/Entegrasyon/Application/Entegrasyon.Blazor/Entegrasyon.Blazor.csproj" (target "ProcessFrameworkReferences" depends on it):
   1:7>Done building target "ResolveRequiredWebAssets" in project "Entegrasyon.Blazor.csproj".
   1:7>Target "ProcessFrameworkReferences" in file "/usr/lib64/dotnet/sdk/10.0.101/Sdks/Microsoft.NET.Sdk/targets/Microsoft.NET.Sdk.FrameworkReferenceResolution.targets" from project "/home/baturhan/Projeler/Entegrasyon/Application/Entegrasyon.Blazor/Entegrasyon.Blazor.csproj" (target "CollectPackageReferences" depends on it):
       Using "CheckForDuplicateFrameworkReferences" task from assembly "/usr/lib64/dotnet/sdk/10.0.101/Sdks/Microsoft.NET.Sdk/targets/../tools/net10.0/Microsoft.NET.Build.Tasks.dll".
       Task "CheckForDuplicateFrameworkReferences"
       Done executing task "CheckForDuplicateFrameworkReferences".
       Using "ProcessFrameworkReferences" task from assembly "/usr/lib64/dotnet/sdk/10.0.101/Sdks/Microsoft.NET.Sdk/targets/../tools/net10.0/Microsoft.NET.Build.Tasks.dll".
       Task "ProcessFrameworkReferences"
         Found 2 known framework references for target framework .NETCoreApp
         Found 5 known runtime packs for target framework .NETCoreApp
         Selected Microsoft.NETCore.App with RIDs 'linux-arm;linux-arm64;linux-musl-arm64;linux-musl-x64;linux-x64;osx-x64;tizen.4.0.0-armel;tizen.5.0.0-armel;win-arm64;win-x64;win-x86;linux-musl-arm;osx-arm64;linux-s390x;linux-loongarch64;linux-bionic-arm;linux-bionic-arm64;linux-bionic-x64;linux-bionic-x86;linux-ppc64le;freebsd-x64;freebsd-arm64'
         Selected targeting pack 'Microsoft.NETCore.App@8.0.22'
         Added runtime framework 'Microsoft.NETCore.App@8.0.0'
         Ignoring framework reference to Microsoft.WindowsDesktop.App as it is Windows-only and the current platform is not Windows.
         Ignoring framework reference to Microsoft.WindowsDesktop.App.WPF as it is Windows-only and the current platform is not Windows.
         Ignoring framework reference to Microsoft.WindowsDesktop.App.WindowsForms as it is Windows-only and the current platform is not Windows.
         Selected Microsoft.AspNetCore.App with RIDs 'win-x64;win-x86;osx-x64;linux-musl-x64;linux-musl-arm64;linux-x64;linux-arm;linux-arm64;linux-musl-arm;win-arm64;osx-arm64;linux-s390x;linux-loongarch64;linux-ppc64le;freebsd-x64;freebsd-arm64'
         Selected targeting pack 'Microsoft.AspNetCore.App@8.0.22'
         Added runtime framework 'Microsoft.AspNetCore.App@8.0.0'
       Done executing task "ProcessFrameworkReferences".
       Using "ResolveAppHosts" task from assembly "/usr/lib64/dotnet/sdk/10.0.101/Sdks/Microsoft.NET.Sdk/targets/../tools/net10.0/Microsoft.NET.Build.Tasks.dll".
       Task "ResolveAppHosts"
       Done executing task "ResolveAppHosts".
   1:7>Done building target "ProcessFrameworkReferences" in project "Entegrasyon.Blazor.csproj".
   1:7>Target "_CheckForObsoleteDotNetCliToolReferences" in file "/usr/lib64/dotnet/sdk/10.0.101/Sdks/Microsoft.NET.Sdk/targets/Microsoft.NET.ObsoleteReferences.targets" from project "/home/baturhan/Projeler/Entegrasyon/Application/Entegrasyon.Blazor/Entegrasyon.Blazor.csproj" (target "CollectPackageReferences" depends on it):
   1:7>Done building target "_CheckForObsoleteDotNetCliToolReferences" in project "Entegrasyon.Blazor.csproj".
   1:7>Target "CollectPackageReferences" in file "/usr/lib64/dotnet/sdk/10.0.101/NuGet.targets" from project "/home/baturhan/Projeler/Entegrasyon/Application/Entegrasyon.Blazor/Entegrasyon.Blazor.csproj" (target "_GetRestoreProjectStyle" depends on it):
       Using "CheckForDuplicateNuGetItemsTask" task from assembly "/usr/lib64/dotnet/sdk/10.0.101/NuGet.Build.Tasks.dll".
       Task "CheckForDuplicateNuGetItemsTask"
       Done executing task "CheckForDuplicateNuGetItemsTask".
   1:7>Done building target "CollectPackageReferences" in project "Entegrasyon.Blazor.csproj".
   1:7>Target "_GetRestoreProjectStyle" in file "/usr/lib64/dotnet/sdk/10.0.101/NuGet.targets" from project "/home/baturhan/Projeler/Entegrasyon/Application/Entegrasyon.Blazor/Entegrasyon.Blazor.csproj" (target "EnableIntermediateOutputPathMismatchWarning" depends on it):
       Using "GetRestoreProjectStyleTask" task from assembly "/usr/lib64/dotnet/sdk/10.0.101/NuGet.Build.Tasks.dll".
       Task "GetRestoreProjectStyleTask"
       Done executing task "GetRestoreProjectStyleTask".
   1:7>Done building target "_GetRestoreProjectStyle" in project "Entegrasyon.Blazor.csproj".
   1:7>Target "EnableIntermediateOutputPathMismatchWarning" in file "/usr/lib64/dotnet/sdk/10.0.101/NuGet.targets" from project "/home/baturhan/Projeler/Entegrasyon/Application/Entegrasyon.Blazor/Entegrasyon.Blazor.csproj" (target "_CheckForInvalidConfigurationAndPlatform" depends on it):
   1:7>Done building target "EnableIntermediateOutputPathMismatchWarning" in project "Entegrasyon.Blazor.csproj".
       Target "ApplyImplicitVersions" skipped. Previously built successfully.
       Target "CheckForImplicitPackageReferenceOverrides" skipped. Previously built successfully.
   1:7>Target "CheckForDuplicateItems" in file "/usr/lib64/dotnet/sdk/10.0.101/Sdks/Microsoft.NET.Sdk/targets/Microsoft.NET.Sdk.DefaultItems.Shared.targets" from project "/home/baturhan/Projeler/Entegrasyon/Application/Entegrasyon.Blazor/Entegrasyon.Blazor.csproj" (target "_CheckForInvalidConfigurationAndPlatform" depends on it):
       Using "CheckForDuplicateItems" task from assembly "/usr/lib64/dotnet/sdk/10.0.101/Sdks/Microsoft.NET.Sdk/targets/../tools/net10.0/Microsoft.NET.Build.Tasks.dll".
       Task "CheckForDuplicateItems"
       Done executing task "CheckForDuplicateItems".
       Task "CheckForDuplicateItems"
       Done executing task "CheckForDuplicateItems".
       Task "CheckForDuplicateItems"
       Done executing task "CheckForDuplicateItems".
   1:7>Done building target "CheckForDuplicateItems" in project "Entegrasyon.Blazor.csproj".
       Target "ProcessFrameworkReferences" skipped. Previously built successfully.
   1:7>Target "_CheckForInvalidConfigurationAndPlatform" in file "/usr/lib64/dotnet/sdk/10.0.101/Microsoft.Common.CurrentVersion.targets" from project "/home/baturhan/Projeler/Entegrasyon/Application/Entegrasyon.Blazor/Entegrasyon.Blazor.csproj" (target "BeforeBuild" depends on it):
       Task "Message"
         Configuration=Debug
       Done executing task "Message".
       Task "Message"
         Platform=AnyCPU
       Done executing task "Message".
   1:7>Done building target "_CheckForInvalidConfigurationAndPlatform" in project "Entegrasyon.Blazor.csproj".
   1:7>Target "ValidateCommandLineProperties" in file "/usr/lib64/dotnet/sdk/10.0.101/Sdks/Microsoft.NET.Sdk/targets/Microsoft.NET.Sdk.targets" from project "/home/baturhan/Projeler/Entegrasyon/Application/Entegrasyon.Blazor/Entegrasyon.Blazor.csproj" (target "BeforeBuild" depends on it):
   1:7>Done building target "ValidateCommandLineProperties" in project "Entegrasyon.Blazor.csproj".
   1:7>Target "BeforeBuild" in file "/usr/lib64/dotnet/sdk/10.0.101/Microsoft.Common.CurrentVersion.targets" from project "/home/baturhan/Projeler/Entegrasyon/Application/Entegrasyon.Blazor/Entegrasyon.Blazor.csproj" (target "Build" depends on it):
   1:7>Done building target "BeforeBuild" in project "Entegrasyon.Blazor.csproj".
   1:7>Target "BuildOnlySettings" in file "/usr/lib64/dotnet/sdk/10.0.101/Microsoft.Common.CurrentVersion.targets" from project "/home/baturhan/Projeler/Entegrasyon/Application/Entegrasyon.Blazor/Entegrasyon.Blazor.csproj" (target "CoreBuild" depends on it):
       /usr/lib64/dotnet/sdk/10.0.101/Microsoft.Common.CurrentVersion.targets(1168,7): message : Property reassignment: $(BuildingProject)="true" (previous value: "false") at /usr/lib64/dotnet/sdk/10.0.101/Microsoft.Common.CurrentVersion.targets (1168,7) [/home/baturhan/Projeler/Entegrasyon/Application/Entegrasyon.Blazor/Entegrasyon.Blazor.csproj]
   1:7>Done building target "BuildOnlySettings" in project "Entegrasyon.Blazor.csproj".
   1:7>Target "GetFrameworkPaths" in file "/usr/lib64/dotnet/sdk/10.0.101/Sdks/Microsoft.NET.Sdk/targets/Microsoft.NET.DisableStandardFrameworkResolution.targets" from project "/home/baturhan/Projeler/Entegrasyon/Application/Entegrasyon.Blazor/Entegrasyon.Blazor.csproj" (target "PrepareForBuild" depends on it):
   1:7>Done building target "GetFrameworkPaths" in project "Entegrasyon.Blazor.csproj".
   1:7>Target "GetReferenceAssemblyPaths" in file "/usr/lib64/dotnet/sdk/10.0.101/Sdks/Microsoft.NET.Sdk/targets/Microsoft.NET.DisableStandardFrameworkResolution.targets" from project "/home/baturhan/Projeler/Entegrasyon/Application/Entegrasyon.Blazor/Entegrasyon.Blazor.csproj" (target "PrepareForBuild" depends on it):
   1:7>Done building target "GetReferenceAssemblyPaths" in project "Entegrasyon.Blazor.csproj".
   1:7>Target "ResolveRazorGenerateInputs" in file "/usr/lib64/dotnet/sdk/10.0.101/Sdks/Microsoft.NET.Sdk.Razor/targets/Sdk.Razor.CurrentVersion.targets" from project "/home/baturhan/Projeler/Entegrasyon/Application/Entegrasyon.Blazor/Entegrasyon.Blazor.csproj" (target "PrepareForBuild" depends on it):
   1:7>Done building target "ResolveRazorGenerateInputs" in project "Entegrasyon.Blazor.csproj".
   1:7>Target "PrepareForBuild" in file "/usr/lib64/dotnet/sdk/10.0.101/Microsoft.Common.CurrentVersion.targets" from project "/home/baturhan/Projeler/Entegrasyon/Application/Entegrasyon.Blazor/Entegrasyon.Blazor.csproj" (target "CoreBuild" depends on it):
       Using "FindAppConfigFile" task from assembly "Microsoft.Build.Tasks.Core, Version=15.1.0.0, Culture=neutral, PublicKeyToken=b03f5f7f11d50a3a".
       Task "FindAppConfigFile"
       Done executing task "FindAppConfigFile".
       Using "MakeDir" task from assembly "Microsoft.Build.Tasks.Core, Version=15.1.0.0, Culture=neutral, PublicKeyToken=b03f5f7f11d50a3a".
       Task "MakeDir"
       Done executing task "MakeDir".
   1:7>Done building target "PrepareForBuild" in project "Entegrasyon.Blazor.csproj".
   1:7>Target "GenerateTargetFrameworkDefineConstants" in file "/usr/lib64/dotnet/sdk/10.0.101/Sdks/Microsoft.NET.Sdk/targets/Microsoft.NET.Sdk.BeforeCommon.targets" from project "/home/baturhan/Projeler/Entegrasyon/Application/Entegrasyon.Blazor/Entegrasyon.Blazor.csproj" (target "AddImplicitDefineConstants" depends on it):
   1:7>Done building target "GenerateTargetFrameworkDefineConstants" in project "Entegrasyon.Blazor.csproj".
   1:7>Target "GenerateNETCompatibleDefineConstants" in file "/usr/lib64/dotnet/sdk/10.0.101/Sdks/Microsoft.NET.Sdk/targets/Microsoft.NET.Sdk.BeforeCommon.targets" from project "/home/baturhan/Projeler/Entegrasyon/Application/Entegrasyon.Blazor/Entegrasyon.Blazor.csproj" (target "AddImplicitDefineConstants" depends on it):
   1:7>Done building target "GenerateNETCompatibleDefineConstants" in project "Entegrasyon.Blazor.csproj".
   1:7>Target "AddImplicitDefineConstants" in file "/usr/lib64/dotnet/sdk/10.0.101/Sdks/Microsoft.NET.Sdk/targets/Microsoft.NET.Sdk.BeforeCommon.targets" from project "/home/baturhan/Projeler/Entegrasyon/Application/Entegrasyon.Blazor/Entegrasyon.Blazor.csproj" (target "CoreBuild" depends on it):
       /usr/lib64/dotnet/sdk/10.0.101/Sdks/Microsoft.NET.Sdk/targets/Microsoft.NET.Sdk.BeforeCommon.targets(295,7): message : Property reassignment: $(DefineConstants)="TRACE;DEBUG;NET;NET8_0;NETCOREAPP;NET5_0_OR_GREATER;NET6_0_OR_GREATER;NET7_0_OR_GREATER;NET8_0_OR_GREATER;NETCOREAPP1_0_OR_GREATER;NETCOREAPP1_1_OR_GREATER;NETCOREAPP2_0_OR_GREATER;NETCOREAPP2_1_OR_GREATER;NETCOREAPP2_2_OR_GREATER;NETCOREAPP3_0_OR_GREATER;NETCOREAPP3_1_OR_GREATER" (previous value: "TRACE;DEBUG") at /usr/lib64/dotnet/sdk/10.0.101/Sdks/Microsoft.NET.Sdk/targets/Microsoft.NET.Sdk.BeforeCommon.targets (295,7) [/home/baturhan/Projeler/Entegrasyon/Application/Entegrasyon.Blazor/Entegrasyon.Blazor.csproj]
   1:7>Done building target "AddImplicitDefineConstants" in project "Entegrasyon.Blazor.csproj".
   1:7>Target "ResolveRazorComponentInputs" in file "/usr/lib64/dotnet/sdk/10.0.101/Sdks/Microsoft.NET.Sdk.Razor/targets/Sdk.Razor.CurrentVersion.targets" from project "/home/baturhan/Projeler/Entegrasyon/Application/Entegrasyon.Blazor/Entegrasyon.Blazor.csproj" (target "_AddEmbeddedValidationAttribute" depends on it):
   1:7>Done building target "ResolveRazorComponentInputs" in project "Entegrasyon.Blazor.csproj".
       Target "ResolveRazorGenerateInputs" skipped. Previously built successfully.
   1:7>Target "_AddEmbeddedValidationAttribute" in file "/usr/lib64/dotnet/sdk/10.0.101/Sdks/Microsoft.NET.Sdk.Razor/targets/Sdk.Razor.CurrentVersion.targets" from project "/home/baturhan/Projeler/Entegrasyon/Application/Entegrasyon.Blazor/Entegrasyon.Blazor.csproj" (target "GenerateGlobalUsings" depends on it):
   1:7>Done building target "_AddEmbeddedValidationAttribute" in project "Entegrasyon.Blazor.csproj".
   1:7>Target "GenerateGlobalUsings" in file "/usr/lib64/dotnet/sdk/10.0.101/Sdks/Microsoft.NET.Sdk/targets/Microsoft.NET.GenerateGlobalUsings.targets" from project "/home/baturhan/Projeler/Entegrasyon/Application/Entegrasyon.Blazor/Entegrasyon.Blazor.csproj" (target "CoreBuild" depends on it):
       Using "GenerateGlobalUsings" task from assembly "/usr/lib64/dotnet/sdk/10.0.101/Sdks/Microsoft.NET.Sdk/targets/../tools/net10.0/Microsoft.NET.Build.Tasks.dll".
       Task "GenerateGlobalUsings"
       Done executing task "GenerateGlobalUsings".
       Using "WriteLinesToFile" task from assembly "Microsoft.Build.Tasks.Core, Version=15.1.0.0, Culture=neutral, PublicKeyToken=b03f5f7f11d50a3a".
       Task "WriteLinesToFile"
         Skipping write to file "obj/Debug/net8.0/Entegrasyon.Blazor.GlobalUsings.g.cs" because content would not change.
       Done executing task "WriteLinesToFile".
   1:7>Done building target "GenerateGlobalUsings" in project "Entegrasyon.Blazor.csproj".
   1:7>Target "BeforeResolveReferences" in file "/usr/lib64/dotnet/sdk/10.0.101/Microsoft.Common.CurrentVersion.targets" from project "/home/baturhan/Projeler/Entegrasyon/Application/Entegrasyon.Blazor/Entegrasyon.Blazor.csproj" (target "ResolveReferences" depends on it):
   1:7>Done building target "BeforeResolveReferences" in project "Entegrasyon.Blazor.csproj".
   1:7>Target "IgnoreJavaScriptOutputAssembly" in file "/usr/lib64/dotnet/sdk/10.0.101/Microsoft.Common.CurrentVersion.targets" from project "/home/baturhan/Projeler/Entegrasyon/Application/Entegrasyon.Blazor/Entegrasyon.Blazor.csproj" (target "AssignProjectConfiguration" depends on it):
   1:7>Done building target "IgnoreJavaScriptOutputAssembly" in project "Entegrasyon.Blazor.csproj".
       Target "ProcessFrameworkReferences" skipped. Previously built successfully.
   1:7>Target "_DefaultMicrosoftNETPlatformLibrary" in file "/usr/lib64/dotnet/sdk/10.0.101/Sdks/Microsoft.NET.Sdk/targets/Microsoft.NET.Sdk.Shared.targets" from project "/home/baturhan/Projeler/Entegrasyon/Application/Entegrasyon.Blazor/Entegrasyon.Blazor.csproj" (target "ResolvePackageAssets" depends on it):
   1:7>Done building target "_DefaultMicrosoftNETPlatformLibrary" in project "Entegrasyon.Blazor.csproj".
   1:7>Target "_ComputePackageReferencePublish" in file "/usr/lib64/dotnet/sdk/10.0.101/Sdks/Microsoft.NET.Sdk/targets/Microsoft.NET.Sdk.Shared.targets" from project "/home/baturhan/Projeler/Entegrasyon/Application/Entegrasyon.Blazor/Entegrasyon.Blazor.csproj" (target "ResolvePackageAssets" depends on it):
   1:7>Done building target "_ComputePackageReferencePublish" in project "Entegrasyon.Blazor.csproj".
   1:7>Target "ResolvePackageAssets" in file "/usr/lib64/dotnet/sdk/10.0.101/Sdks/Microsoft.NET.Sdk/targets/Microsoft.PackageDependencyResolution.targets" from project "/home/baturhan/Projeler/Entegrasyon/Application/Entegrasyon.Blazor/Entegrasyon.Blazor.csproj" (target "ResolveLockFileReferences" depends on it):
       Using "ResolvePackageAssets" task from assembly "/usr/lib64/dotnet/sdk/10.0.101/Sdks/Microsoft.NET.Sdk/targets/../tools/net10.0/Microsoft.NET.Build.Tasks.dll".
       Task "ResolvePackageAssets"
       Done executing task "ResolvePackageAssets".
   1:7>Done building target "ResolvePackageAssets" in project "Entegrasyon.Blazor.csproj".
   1:7>Target "_CheckForTransitiveWindowsDesktopDependencies" in file "/usr/lib64/dotnet/sdk/10.0.101/Sdks/Microsoft.NET.Sdk/targets/Microsoft.NET.Sdk.DefaultItems.Shared.targets" from project "/home/baturhan/Projeler/Entegrasyon/Application/Entegrasyon.Blazor/Entegrasyon.Blazor.csproj" (target "ResolveLockFileReferences" depends on it):
   1:7>Done building target "_CheckForTransitiveWindowsDesktopDependencies" in project "Entegrasyon.Blazor.csproj".
   1:7>Target "AddTransitiveFrameworkReferences" in file "/usr/lib64/dotnet/sdk/10.0.101/Sdks/Microsoft.NET.Sdk/targets/Microsoft.NET.Sdk.FrameworkReferenceResolution.targets" from project "/home/baturhan/Projeler/Entegrasyon/Application/Entegrasyon.Blazor/Entegrasyon.Blazor.csproj" (target "ResolveLockFileReferences" depends on it):
   1:7>Done building target "AddTransitiveFrameworkReferences" in project "Entegrasyon.Blazor.csproj".
   1:7>Target "ResolveLockFileReferences" in file "/usr/lib64/dotnet/sdk/10.0.101/Sdks/Microsoft.NET.Sdk/targets/Microsoft.PackageDependencyResolution.targets" from project "/home/baturhan/Projeler/Entegrasyon/Application/Entegrasyon.Blazor/Entegrasyon.Blazor.csproj" (target "ResolvePackageDependenciesForBuild" depends on it):
       Using "JoinItems" task from assembly "/usr/lib64/dotnet/sdk/10.0.101/Sdks/Microsoft.NET.Sdk/targets/../tools/net10.0/Microsoft.NET.Build.Tasks.dll".
       Task "JoinItems"
       Done executing task "JoinItems".
   1:7>Done building target "ResolveLockFileReferences" in project "Entegrasyon.Blazor.csproj".
       Target "ResolvePackageAssets" skipped. Previously built successfully.
   1:7>Target "_RemoveComponentAnalyzer" in file "/home/baturhan/.nuget/packages/microsoft.aspnetcore.components.analyzers/8.0.12/build/netstandard2.0/Microsoft.AspNetCore.Components.Analyzers.targets" from project "/home/baturhan/Projeler/Entegrasyon/Application/Entegrasyon.Blazor/Entegrasyon.Blazor.csproj" (target "ResolveLockFileAnalyzers" depends on it):
   1:7>Done building target "_RemoveComponentAnalyzer" in project "Entegrasyon.Blazor.csproj".
   1:7>Target "ResolveLockFileAnalyzers" in file "/usr/lib64/dotnet/sdk/10.0.101/Sdks/Microsoft.NET.Sdk/targets/Microsoft.PackageDependencyResolution.targets" from project "/home/baturhan/Projeler/Entegrasyon/Application/Entegrasyon.Blazor/Entegrasyon.Blazor.csproj" (target "ResolvePackageDependenciesForBuild" depends on it):
   1:7>Done building target "ResolveLockFileAnalyzers" in project "Entegrasyon.Blazor.csproj".
       Target "ResolvePackageAssets" skipped. Previously built successfully.
   1:7>Target "ResolveLockFileCopyLocalFiles" in file "/usr/lib64/dotnet/sdk/10.0.101/Sdks/Microsoft.NET.Sdk/targets/Microsoft.PackageDependencyResolution.targets" from project "/home/baturhan/Projeler/Entegrasyon/Application/Entegrasyon.Blazor/Entegrasyon.Blazor.csproj" (target "ResolvePackageDependenciesForBuild" depends on it):
   1:7>Done building target "ResolveLockFileCopyLocalFiles" in project "Entegrasyon.Blazor.csproj".
       Target "ResolvePackageAssets" skipped. Previously built successfully.
   1:7>Target "IncludeTransitiveProjectReferences" in file "/usr/lib64/dotnet/sdk/10.0.101/Sdks/Microsoft.NET.Sdk/targets/Microsoft.PackageDependencyResolution.targets" from project "/home/baturhan/Projeler/Entegrasyon/Application/Entegrasyon.Blazor/Entegrasyon.Blazor.csproj" (target "ResolvePackageDependenciesForBuild" depends on it):
   1:7>Done building target "IncludeTransitiveProjectReferences" in project "Entegrasyon.Blazor.csproj".
   1:7>Target "ResolvePackageDependenciesForBuild" in file "/usr/lib64/dotnet/sdk/10.0.101/Sdks/Microsoft.NET.Sdk/targets/Microsoft.PackageDependencyResolution.targets" from project "/home/baturhan/Projeler/Entegrasyon/Application/Entegrasyon.Blazor/Entegrasyon.Blazor.csproj" (target "AssignProjectConfiguration" depends on it):
   1:7>Done building target "ResolvePackageDependenciesForBuild" in project "Entegrasyon.Blazor.csproj".
   1:7>Target "_Microsoft_Extensions_Configuration_Binder_RemoveAnalyzer" in file "/home/baturhan/.nuget/packages/microsoft.extensions.configuration.binder/8.0.2/buildTransitive/netstandard2.0/Microsoft.Extensions.Configuration.Binder.targets" from project "/home/baturhan/Projeler/Entegrasyon/Application/Entegrasyon.Blazor/Entegrasyon.Blazor.csproj" (target "AssignProjectConfiguration" depends on it):
   1:7>Done building target "_Microsoft_Extensions_Configuration_Binder_RemoveAnalyzer" in project "Entegrasyon.Blazor.csproj".
   1:7>Target "AssignProjectConfiguration" in file "/usr/lib64/dotnet/sdk/10.0.101/Microsoft.Common.CurrentVersion.targets" from project "/home/baturhan/Projeler/Entegrasyon/Application/Entegrasyon.Blazor/Entegrasyon.Blazor.csproj" (target "ResolveReferences" depends on it):
       Using "AssignProjectConfiguration" task from assembly "Microsoft.Build.Tasks.Core, Version=15.1.0.0, Culture=neutral, PublicKeyToken=b03f5f7f11d50a3a".
       Task "AssignProjectConfiguration"
         Project reference "../Entegrasyon.Business/Entegrasyon.Business.csproj" has not been resolved.
         Project reference "../Entegrasyon.ApplicationBootstrap/Entegrasyon.ApplicationBootstrap.csproj" has not been resolved.
         Project reference "../Entegrasyon.MessageQueue/Entegrasyon.MessageQueue.Handler.csproj" has not been resolved.
         Project reference "../Entegrasyon.DataAccess/Entegrasyon.DataAccess.csproj" has not been resolved.
         Project reference "../Entegrasyon.Entity/Entegrasyon.Entity.csproj" has not been resolved.
         Project reference "../Entegrasyon.MessageQueue.Commands/Entegrasyon.MessageQueue.Commands.csproj" has not been resolved.
         Project reference "../../Shared/Shared/Shared.csproj" has not been resolved.
       Done executing task "AssignProjectConfiguration".
   1:7>Done building target "AssignProjectConfiguration" in project "Entegrasyon.Blazor.csproj".
       Target "AssignProjectConfiguration" skipped. Previously built successfully.
   1:7>Target "_SplitProjectReferencesByFileExistence" in file "/usr/lib64/dotnet/sdk/10.0.101/Microsoft.Common.CurrentVersion.targets" from project "/home/baturhan/Projeler/Entegrasyon/Application/Entegrasyon.Blazor/Entegrasyon.Blazor.csproj" (target "PrepareProjectReferences" depends on it):
   1:7>Done building target "_SplitProjectReferencesByFileExistence" in project "Entegrasyon.Blazor.csproj".
   1:7>Target "_AddOutputPathToGlobalPropertiesToRemove" in file "/usr/lib64/dotnet/sdk/10.0.101/Microsoft.Common.CurrentVersion.targets" from project "/home/baturhan/Projeler/Entegrasyon/Application/Entegrasyon.Blazor/Entegrasyon.Blazor.csproj" (target "_GetProjectReferenceTargetFrameworkProperties" depends on it):
   1:7>Done building target "_AddOutputPathToGlobalPropertiesToRemove" in project "Entegrasyon.Blazor.csproj".
   1:7>Target "_GetProjectReferenceTargetFrameworkProperties" in file "/usr/lib64/dotnet/sdk/10.0.101/Microsoft.Common.CurrentVersion.targets" from project "/home/baturhan/Projeler/Entegrasyon/Application/Entegrasyon.Blazor/Entegrasyon.Blazor.csproj" (target "PrepareProjectReferences" depends on it):
       Task "MSBuild"
         Removing Properties:
           WebPublishProfileFile
           TargetFramework
           RuntimeIdentifier
           SelfContained
     0>/usr/lib64/dotnet/sdk/10.0.101/Sdks/Microsoft.NET.Sdk/Sdk/Sdk.props(49,11): message : Property 'MSBuildExtensionsPath' with value '/usr/lib64/dotnet/sdk/10.0.101/' expanded from the environment.
       /usr/lib64/dotnet/sdk/10.0.101/Current/Microsoft.Common.props(60,5): message : Property reassignment: $(MSBuildProjectExtensionsPath)="/home/baturhan/Projeler/Entegrasyon/Application/Entegrasyon.DataAccess/obj/" (previous value: "obj/") at /usr/lib64/dotnet/sdk/10.0.101/Current/Microsoft.Common.props (60,5)
       /usr/lib64/dotnet/sdk/10.0.101/Current/Microsoft.Common.props(84,119): message : Property 'MSBuildUserExtensionsPath' with value '/home/baturhan/.local/share/Microsoft\MSBuild' expanded from the environment.
       /usr/lib64/dotnet/sdk/10.0.101/Sdks/Microsoft.NET.Sdk/Sdk/Sdk.props(49,11): message : Property 'MSBuildExtensionsPath' with value '/usr/lib64/dotnet/sdk/10.0.101/' expanded from the environment.
       The SDK "Microsoft.NET.Sdk" was successfully resolved by the "DefaultSdkResolver" resolver to location "/usr/lib64/dotnet/sdk/10.0.101/Sdks/Microsoft.NET.Sdk/Sdk" and version "".
       /usr/lib64/dotnet/sdk/10.0.101/Sdks/Microsoft.NET.Sdk/Sdk/Sdk.props(49,11): message : Property 'MSBuildExtensionsPath' with value '/usr/lib64/dotnet/sdk/10.0.101/' expanded from the environment.
       /usr/lib64/dotnet/sdk/10.0.101/Sdks/Microsoft.NET.Sdk/targets/Microsoft.NET.Sdk.props(90,5): message : Property reassignment: $(AssemblySearchPaths)="{CandidateAssemblyFiles};{HintPathFromItem}" (previous value: "{CandidateAssemblyFiles}") at /usr/lib64/dotnet/sdk/10.0.101/Sdks/Microsoft.NET.Sdk/targets/Microsoft.NET.Sdk.props (90,5)
       /usr/lib64/dotnet/sdk/10.0.101/Sdks/Microsoft.NET.Sdk/targets/Microsoft.NET.Sdk.props(91,5): message : Property reassignment: $(AssemblySearchPaths)="{CandidateAssemblyFiles};{HintPathFromItem};{TargetFrameworkDirectory}" (previous value: "{CandidateAssemblyFiles};{HintPathFromItem}") at /usr/lib64/dotnet/sdk/10.0.101/Sdks/Microsoft.NET.Sdk/targets/Microsoft.NET.Sdk.props (91,5)
       /usr/lib64/dotnet/sdk/10.0.101/Sdks/Microsoft.NET.Sdk/targets/Microsoft.NET.Sdk.props(92,5): message : Property reassignment: $(AssemblySearchPaths)="{CandidateAssemblyFiles};{HintPathFromItem};{TargetFrameworkDirectory};{RawFileName}" (previous value: "{CandidateAssemblyFiles};{HintPathFromItem};{TargetFrameworkDirectory}") at /usr/lib64/dotnet/sdk/10.0.101/Sdks/Microsoft.NET.Sdk/targets/Microsoft.NET.Sdk.props (92,5)
       /usr/lib64/dotnet/sdk/10.0.101/Current/Microsoft.Common.props(60,5): message : Property reassignment: $(MSBuildProjectExtensionsPath)="/home/baturhan/Projeler/Entegrasyon/Application/Entegrasyon.MessageQueue/obj/" (previous value: "obj/") at /usr/lib64/dotnet/sdk/10.0.101/Current/Microsoft.Common.props (60,5)
       /usr/lib64/dotnet/sdk/10.0.101/Sdks/Microsoft.NET.Sdk/Sdk/Sdk.props(49,11): message : Property 'MSBuildExtensionsPath' with value '/usr/lib64/dotnet/sdk/10.0.101/' expanded from the environment.
       /usr/lib64/dotnet/sdk/10.0.101/Current/Microsoft.Common.props(60,5): message : Property reassignment: $(MSBuildProjectExtensionsPath)="/home/baturhan/Projeler/Entegrasyon/Application/Entegrasyon.Business/obj/" (previous value: "obj/") at /usr/lib64/dotnet/sdk/10.0.101/Current/Microsoft.Common.props (60,5)
       /usr/lib64/dotnet/sdk/10.0.101/Sdks/Microsoft.NET.Sdk/Sdk/Sdk.props(49,11): message : Property 'MSBuildExtensionsPath' with value '/usr/lib64/dotnet/sdk/10.0.101/' expanded from the environment.
       /usr/lib64/dotnet/sdk/10.0.101/Current/Microsoft.Common.props(60,5): message : Property reassignment: $(MSBuildProjectExtensionsPath)="/home/baturhan/Projeler/Entegrasyon/Application/Entegrasyon.ApplicationBootstrap/obj/" (previous value: "obj/") at /usr/lib64/dotnet/sdk/10.0.101/Current/Microsoft.Common.props (60,5)
       /usr/lib64/dotnet/sdk/10.0.101/Sdks/Microsoft.NET.Sdk/targets/Microsoft.NET.Sdk.ImportPublishProfile.targets(28,5): message : Property reassignment: $(PublishProfileImported)="false" (previous value: "true") at /usr/lib64/dotnet/sdk/10.0.101/Sdks/Microsoft.NET.Sdk/targets/Microsoft.NET.Sdk.ImportPublishProfile.targets (28,5)
       /usr/lib64/dotnet/sdk/10.0.101/Sdks/Microsoft.NET.Sdk/targets/Microsoft.NET.TargetFrameworkInference.targets(81,5): message : Property reassignment: $(TargetPlatformVersion)="" (previous value: "0.0") at /usr/lib64/dotnet/sdk/10.0.101/Sdks/Microsoft.NET.Sdk/targets/Microsoft.NET.TargetFrameworkInference.targets (81,5)
       /usr/lib64/dotnet/sdk/10.0.101/Current/Microsoft.Common.props(84,119): message : Property 'MSBuildUserExtensionsPath' with value '/home/baturhan/.local/share/Microsoft\MSBuild' expanded from the environment.
       /usr/lib64/dotnet/sdk/10.0.101/Current/Microsoft.Common.props(84,119): message : Property 'MSBuildUserExtensionsPath' with value '/home/baturhan/.local/share/Microsoft\MSBuild' expanded from the environment.
       /usr/lib64/dotnet/sdk/10.0.101/Sdks/Microsoft.NET.Sdk/targets/Microsoft.NET.DefaultOutputPaths.targets(127,5): message : Property reassignment: $(DefaultItemExcludes)=";bin/Debug//**;obj/Debug//**" (previous value: ";bin/Debug//**") at /usr/lib64/dotnet/sdk/10.0.101/Sdks/Microsoft.NET.Sdk/targets/Microsoft.NET.DefaultOutputPaths.targets (127,5)
       /usr/lib64/dotnet/sdk/10.0.101/Sdks/Microsoft.NET.Sdk/targets/Microsoft.NET.DefaultOutputPaths.targets(142,5): message : Property reassignment: $(OutputPath)="bin/Debug/net8.0/" (previous value: "bin/Debug/") at /usr/lib64/dotnet/sdk/10.0.101/Sdks/Microsoft.NET.Sdk/targets/Microsoft.NET.DefaultOutputPaths.targets (142,5)
       /usr/lib64/dotnet/sdk/10.0.101/Current/Microsoft.Common.props(84,119): message : Property 'MSBuildUserExtensionsPath' with value '/home/baturhan/.local/share/Microsoft\MSBuild' expanded from the environment.
       /usr/lib64/dotnet/sdk/10.0.101/Sdks/Microsoft.NET.Sdk/targets/Microsoft.NET.DefaultOutputPaths.targets(147,5): message : Property reassignment: $(IntermediateOutputPath)="obj/Debug/net8.0/" (previous value: "obj/Debug/") at /usr/lib64/dotnet/sdk/10.0.101/Sdks/Microsoft.NET.Sdk/targets/Microsoft.NET.DefaultOutputPaths.targets (147,5)
       /usr/lib64/dotnet/sdk/10.0.101/Sdks/Microsoft.NET.Sdk/targets/Microsoft.NET.Sdk.props(90,5): message : Property reassignment: $(AssemblySearchPaths)="{CandidateAssemblyFiles};{HintPathFromItem}" (previous value: "{CandidateAssemblyFiles}") at /usr/lib64/dotnet/sdk/10.0.101/Sdks/Microsoft.NET.Sdk/targets/Microsoft.NET.Sdk.props (90,5)
       /usr/lib64/dotnet/sdk/10.0.101/Sdks/Microsoft.NET.Sdk/targets/Microsoft.NET.Sdk.props(91,5): message : Property reassignment: $(AssemblySearchPaths)="{CandidateAssemblyFiles};{HintPathFromItem};{TargetFrameworkDirectory}" (previous value: "{CandidateAssemblyFiles};{HintPathFromItem}") at /usr/lib64/dotnet/sdk/10.0.101/Sdks/Microsoft.NET.Sdk/targets/Microsoft.NET.Sdk.props (91,5)
       /usr/lib64/dotnet/sdk/10.0.101/Sdks/Microsoft.NET.Sdk/targets/Microsoft.NET.Sdk.props(92,5): message : Property reassignment: $(AssemblySearchPaths)="{CandidateAssemblyFiles};{HintPathFromItem};{TargetFrameworkDirectory};{RawFileName}" (previous value: "{CandidateAssemblyFiles};{HintPathFromItem};{TargetFrameworkDirectory}") at /usr/lib64/dotnet/sdk/10.0.101/Sdks/Microsoft.NET.Sdk/targets/Microsoft.NET.Sdk.props (92,5)
       /usr/lib64/dotnet/sdk/10.0.101/Sdks/Microsoft.NET.Sdk/targets/Microsoft.NET.Sdk.BeforeCommon.targets(371,5): message : Property reassignment: $(RoslynTargetsPath)="/usr/lib64/dotnet/sdk/10.0.101/Sdks/Microsoft.NET.Sdk/targets/../../../Roslyn" (previous value: "/usr/lib64/dotnet/sdk/10.0.101/Roslyn") at /usr/lib64/dotnet/sdk/10.0.101/Sdks/Microsoft.NET.Sdk/targets/Microsoft.NET.Sdk.BeforeCommon.targets (371,5)
       /usr/lib64/dotnet/sdk/10.0.101/Sdks/Microsoft.NET.Sdk/targets/Microsoft.NET.Sdk.props(90,5): message : Property reassignment: $(AssemblySearchPaths)="{CandidateAssemblyFiles};{HintPathFromItem}" (previous value: "{CandidateAssemblyFiles}") at /usr/lib64/dotnet/sdk/10.0.101/Sdks/Microsoft.NET.Sdk/targets/Microsoft.NET.Sdk.props (90,5)
       /usr/lib64/dotnet/sdk/10.0.101/Sdks/Microsoft.NET.Sdk/targets/Microsoft.NET.Sdk.props(91,5): message : Property reassignment: $(AssemblySearchPaths)="{CandidateAssemblyFiles};{HintPathFromItem};{TargetFrameworkDirectory}" (previous value: "{CandidateAssemblyFiles};{HintPathFromItem}") at /usr/lib64/dotnet/sdk/10.0.101/Sdks/Microsoft.NET.Sdk/targets/Microsoft.NET.Sdk.props (91,5)
       /usr/lib64/dotnet/sdk/10.0.101/Sdks/Microsoft.NET.Sdk/targets/Microsoft.NET.Sdk.props(90,5): message : Property reassignment: $(AssemblySearchPaths)="{CandidateAssemblyFiles};{HintPathFromItem}" (previous value: "{CandidateAssemblyFiles}") at /usr/lib64/dotnet/sdk/10.0.101/Sdks/Microsoft.NET.Sdk/targets/Microsoft.NET.Sdk.props (90,5)
       /usr/lib64/dotnet/sdk/10.0.101/Sdks/Microsoft.NET.Sdk/targets/Microsoft.NET.Sdk.props(92,5): message : Property reassignment: $(AssemblySearchPaths)="{CandidateAssemblyFiles};{HintPathFromItem};{TargetFrameworkDirectory};{RawFileName}" (previous value: "{CandidateAssemblyFiles};{HintPathFromItem};{TargetFrameworkDirectory}") at /usr/lib64/dotnet/sdk/10.0.101/Sdks/Microsoft.NET.Sdk/targets/Microsoft.NET.Sdk.props (92,5)
       /usr/lib64/dotnet/sdk/10.0.101/Sdks/Microsoft.NET.Sdk/targets/Microsoft.NET.Sdk.props(91,5): message : Property reassignment: $(AssemblySearchPaths)="{CandidateAssemblyFiles};{HintPathFromItem};{TargetFrameworkDirectory}" (previous value: "{CandidateAssemblyFiles};{HintPathFromItem}") at /usr/lib64/dotnet/sdk/10.0.101/Sdks/Microsoft.NET.Sdk/targets/Microsoft.NET.Sdk.props (91,5)
       /usr/lib64/dotnet/sdk/10.0.101/Sdks/Microsoft.NET.Sdk/targets/Microsoft.NET.Sdk.props(92,5): message : Property reassignment: $(AssemblySearchPaths)="{CandidateAssemblyFiles};{HintPathFromItem};{TargetFrameworkDirectory};{RawFileName}" (previous value: "{CandidateAssemblyFiles};{HintPathFromItem};{TargetFrameworkDirectory}") at /usr/lib64/dotnet/sdk/10.0.101/Sdks/Microsoft.NET.Sdk/targets/Microsoft.NET.Sdk.props (92,5)
       /usr/lib64/dotnet/sdk/10.0.101/Roslyn/Microsoft.Managed.Core.targets(6,5): message : Property reassignment: $(_BuildTasksDirectory)="/usr/lib64/dotnet/sdk/10.0.101/Sdks/Microsoft.NET.Sdk/targets/../../../Roslyn/" (previous value: "/usr/lib64/dotnet/sdk/10.0.101/Roslyn/") at /usr/lib64/dotnet/sdk/10.0.101/Roslyn/Microsoft.Managed.Core.targets (6,5)
       /usr/lib64/dotnet/sdk/10.0.101/Sdks/Microsoft.NET.Sdk/targets/Microsoft.NET.Sdk.ImportPublishProfile.targets(28,5): message : Property reassignment: $(PublishProfileImported)="false" (previous value: "true") at /usr/lib64/dotnet/sdk/10.0.101/Sdks/Microsoft.NET.Sdk/targets/Microsoft.NET.Sdk.ImportPublishProfile.targets (28,5)
       /usr/lib64/dotnet/sdk/10.0.101/Sdks/Microsoft.NET.Sdk/targets/Microsoft.NET.TargetFrameworkInference.targets(81,5): message : Property reassignment: $(TargetPlatformVersion)="" (previous value: "0.0") at /usr/lib64/dotnet/sdk/10.0.101/Sdks/Microsoft.NET.Sdk/targets/Microsoft.NET.TargetFrameworkInference.targets (81,5)
       /usr/lib64/dotnet/sdk/10.0.101/Roslyn/Microsoft.CSharp.Core.targets(200,5): message : Property reassignment: $(CommandLineArgsForDesignTimeEvaluation)="-langversion:12.0 -define:TRACE" (previous value: "-langversion:12.0") at /usr/lib64/dotnet/sdk/10.0.101/Roslyn/Microsoft.CSharp.Core.targets (200,5)
       /usr/lib64/dotnet/sdk/10.0.101/Sdks/Microsoft.NET.Sdk/targets/Microsoft.NET.DefaultOutputPaths.targets(127,5): message : Property reassignment: $(DefaultItemExcludes)=";bin/Debug//**;obj/Debug//**" (previous value: ";bin/Debug//**") at /usr/lib64/dotnet/sdk/10.0.101/Sdks/Microsoft.NET.Sdk/targets/Microsoft.NET.DefaultOutputPaths.targets (127,5)
       /usr/lib64/dotnet/sdk/10.0.101/Sdks/Microsoft.NET.Sdk/targets/Microsoft.NET.DefaultOutputPaths.targets(142,5): message : Property reassignment: $(OutputPath)="bin/Debug/net8.0/" (previous value: "bin/Debug/") at /usr/lib64/dotnet/sdk/10.0.101/Sdks/Microsoft.NET.Sdk/targets/Microsoft.NET.DefaultOutputPaths.targets (142,5)
       /usr/lib64/dotnet/sdk/10.0.101/Sdks/Microsoft.NET.Sdk/targets/Microsoft.NET.DefaultOutputPaths.targets(147,5): message : Property reassignment: $(IntermediateOutputPath)="obj/Debug/net8.0/" (previous value: "obj/Debug/") at /usr/lib64/dotnet/sdk/10.0.101/Sdks/Microsoft.NET.Sdk/targets/Microsoft.NET.DefaultOutputPaths.targets (147,5)
       /usr/lib64/dotnet/sdk/10.0.101/Current/Microsoft.Common.props(60,5): message : Property reassignment: $(MSBuildProjectExtensionsPath)="/home/baturhan/Projeler/Entegrasyon/Application/Entegrasyon.Entity/obj/" (previous value: "obj/") at /usr/lib64/dotnet/sdk/10.0.101/Current/Microsoft.Common.props (60,5)
       /usr/lib64/dotnet/sdk/10.0.101/Microsoft.Common.CurrentVersion.targets(175,5): message : Property reassignment: $(_DebugSymbolsProduced)="true" (previous value: "false") at /usr/lib64/dotnet/sdk/10.0.101/Microsoft.Common.CurrentVersion.targets (175,5)
       /usr/lib64/dotnet/sdk/10.0.101/Sdks/Microsoft.NET.Sdk/targets/Microsoft.NET.Sdk.ImportPublishProfile.targets(28,5): message : Property reassignment: $(PublishProfileImported)="false" (previous value: "true") at /usr/lib64/dotnet/sdk/10.0.101/Sdks/Microsoft.NET.Sdk/targets/Microsoft.NET.Sdk.ImportPublishProfile.targets (28,5)
       /usr/lib64/dotnet/sdk/10.0.101/Microsoft.Common.CurrentVersion.targets(185,5): message : Property reassignment: $(_DocumentationFileProduced)="false" (previous value: "true") at /usr/lib64/dotnet/sdk/10.0.101/Microsoft.Common.CurrentVersion.targets (185,5)
       /usr/lib64/dotnet/sdk/10.0.101/Sdks/Microsoft.NET.Sdk/targets/Microsoft.NET.TargetFrameworkInference.targets(81,5): message : Property reassignment: $(TargetPlatformVersion)="" (previous value: "0.0") at /usr/lib64/dotnet/sdk/10.0.101/Sdks/Microsoft.NET.Sdk/targets/Microsoft.NET.TargetFrameworkInference.targets (81,5)
       /usr/lib64/dotnet/sdk/10.0.101/Sdks/Microsoft.NET.Sdk/targets/Microsoft.NET.Sdk.BeforeCommon.targets(371,5): message : Property reassignment: $(RoslynTargetsPath)="/usr/lib64/dotnet/sdk/10.0.101/Sdks/Microsoft.NET.Sdk/targets/../../../Roslyn" (previous value: "/usr/lib64/dotnet/sdk/10.0.101/Roslyn") at /usr/lib64/dotnet/sdk/10.0.101/Sdks/Microsoft.NET.Sdk/targets/Microsoft.NET.Sdk.BeforeCommon.targets (371,5)
       /usr/lib64/dotnet/sdk/10.0.101/Sdks/Microsoft.NET.Sdk/targets/Microsoft.NET.DefaultOutputPaths.targets(127,5): message : Property reassignment: $(DefaultItemExcludes)=";bin/Debug//**;obj/Debug//**" (previous value: ";bin/Debug//**") at /usr/lib64/dotnet/sdk/10.0.101/Sdks/Microsoft.NET.Sdk/targets/Microsoft.NET.DefaultOutputPaths.targets (127,5)
       /usr/lib64/dotnet/sdk/10.0.101/Sdks/Microsoft.NET.Sdk/targets/Microsoft.NET.DefaultOutputPaths.targets(142,5): message : Property reassignment: $(OutputPath)="bin/Debug/net8.0/" (previous value: "bin/Debug/") at /usr/lib64/dotnet/sdk/10.0.101/Sdks/Microsoft.NET.Sdk/targets/Microsoft.NET.DefaultOutputPaths.targets (142,5)
       /usr/lib64/dotnet/sdk/10.0.101/Sdks/Microsoft.NET.Sdk/targets/Microsoft.NET.DefaultOutputPaths.targets(147,5): message : Property reassignment: $(IntermediateOutputPath)="obj/Debug/net8.0/" (previous value: "obj/Debug/") at /usr/lib64/dotnet/sdk/10.0.101/Sdks/Microsoft.NET.Sdk/targets/Microsoft.NET.DefaultOutputPaths.targets (147,5)
       /usr/lib64/dotnet/sdk/10.0.101/Microsoft.Common.CurrentVersion.targets(392,5): message : Property reassignment: $(MSBuildCopyMarkerName)="Entegras.E4AC0E8B" (previous value: "Entegrasyon.DataAccess.csproj") at /usr/lib64/dotnet/sdk/10.0.101/Microsoft.Common.CurrentVersion.targets (392,5)
       /usr/lib64/dotnet/sdk/10.0.101/Microsoft.Common.CurrentVersion.targets(393,5): message : Property reassignment: $(MSBuildCopyMarkerName)="Entegras.E4AC0E8B.Up2Date" (previous value: "Entegras.E4AC0E8B") at /usr/lib64/dotnet/sdk/10.0.101/Microsoft.Common.CurrentVersion.targets (393,5)
       /usr/lib64/dotnet/sdk/10.0.101/Microsoft.Common.CurrentVersion.targets(541,5): message : Property reassignment: $(ProcessorArchitecture)="msil" (previous value: "") at /usr/lib64/dotnet/sdk/10.0.101/Microsoft.Common.CurrentVersion.targets (541,5)
       /usr/lib64/dotnet/sdk/10.0.101/Microsoft.Common.CurrentVersion.targets(580,5): message : Property reassignment: $(DelaySign)="" (previous value: "false") at /usr/lib64/dotnet/sdk/10.0.101/Microsoft.Common.CurrentVersion.targets (580,5)
       /usr/lib64/dotnet/sdk/10.0.101/Roslyn/Microsoft.Managed.Core.targets(6,5): message : Property reassignment: $(_BuildTasksDirectory)="/usr/lib64/dotnet/sdk/10.0.101/Sdks/Microsoft.NET.Sdk/targets/../../../Roslyn/" (previous value: "/usr/lib64/dotnet/sdk/10.0.101/Roslyn/") at /usr/lib64/dotnet/sdk/10.0.101/Roslyn/Microsoft.Managed.Core.targets (6,5)
       /usr/lib64/dotnet/sdk/10.0.101/Roslyn/Microsoft.CSharp.Core.targets(200,5): message : Property reassignment: $(CommandLineArgsForDesignTimeEvaluation)="-langversion:12.0 -define:TRACE" (previous value: "-langversion:12.0") at /usr/lib64/dotnet/sdk/10.0.101/Roslyn/Microsoft.CSharp.Core.targets (200,5)
       /usr/lib64/dotnet/sdk/10.0.101/Sdks/Microsoft.NET.Sdk/targets/Microsoft.NET.Sdk.ImportPublishProfile.targets(28,5): message : Property reassignment: $(PublishProfileImported)="false" (previous value: "true") at /usr/lib64/dotnet/sdk/10.0.101/Sdks/Microsoft.NET.Sdk/targets/Microsoft.NET.Sdk.ImportPublishProfile.targets (28,5)
       /usr/lib64/dotnet/sdk/10.0.101/Microsoft.Common.CurrentVersion.targets(2606,5): message : Property 'LocalAppData' with value '/home/baturhan/.local/share' expanded from the environment.
       /usr/lib64/dotnet/sdk/10.0.101/Microsoft.Common.CurrentVersion.targets(3934,5): message : Property reassignment: $(_SGenGenerateSerializationAssembliesConfig)="Auto" (previous value: "") at /usr/lib64/dotnet/sdk/10.0.101/Microsoft.Common.CurrentVersion.targets (3934,5)
       /usr/lib64/dotnet/sdk/10.0.101/Microsoft.Common.CurrentVersion.targets(3935,5): message : Property reassignment: $(_SGenGenerateSerializationAssembliesConfig)="Off" (previous value: "Auto") at /usr/lib64/dotnet/sdk/10.0.101/Microsoft.Common.CurrentVersion.targets (3935,5)
       /usr/lib64/dotnet/sdk/10.0.101/Microsoft.Common.CurrentVersion.targets(5146,5): message : Property reassignment: $(_TargetsThatPrepareProjectReferences)="
       /usr/lib64/dotnet/sdk/10.0.101/Microsoft.Common.CurrentVersion.targets(5146,5): message :       AssignProjectConfiguration;
       /usr/lib64/dotnet/sdk/10.0.101/Microsoft.Common.CurrentVersion.targets(5146,5): message :       _SplitProjectReferencesByFileExistence
       /usr/lib64/dotnet/sdk/10.0.101/Microsoft.Common.CurrentVersion.targets(5146,5): message :     " (previous value: "_SplitProjectReferencesByFileExistence") at /usr/lib64/dotnet/sdk/10.0.101/Microsoft.Common.CurrentVersion.targets (5146,5)
       /usr/lib64/dotnet/sdk/10.0.101/Sdks/Microsoft.NET.Sdk/targets/Microsoft.NET.TargetFrameworkInference.targets(81,5): message : Property reassignment: $(TargetPlatformVersion)="" (previous value: "0.0") at /usr/lib64/dotnet/sdk/10.0.101/Sdks/Microsoft.NET.Sdk/targets/Microsoft.NET.TargetFrameworkInference.targets (81,5)
       /usr/lib64/dotnet/sdk/10.0.101/Sdks/Microsoft.NET.Sdk/targets/Microsoft.NET.Sdk.BeforeCommon.targets(371,5): message : Property reassignment: $(RoslynTargetsPath)="/usr/lib64/dotnet/sdk/10.0.101/Sdks/Microsoft.NET.Sdk/targets/../../../Roslyn" (previous value: "/usr/lib64/dotnet/sdk/10.0.101/Roslyn") at /usr/lib64/dotnet/sdk/10.0.101/Sdks/Microsoft.NET.Sdk/targets/Microsoft.NET.Sdk.BeforeCommon.targets (371,5)
       /usr/lib64/dotnet/sdk/10.0.101/Microsoft.Common.CurrentVersion.targets(6959,5): message : Property 'MSBuildExtensionsPath32' with value '/usr/lib64/dotnet/sdk/10.0.101' expanded from the environment.
       The "NuGetInteractive" property is a global property, and cannot be modified.
       /usr/lib64/dotnet/sdk/10.0.101/Roslyn/Microsoft.Managed.Core.targets(6,5): message : Property reassignment: $(_BuildTasksDirectory)="/usr/lib64/dotnet/sdk/10.0.101/Sdks/Microsoft.NET.Sdk/targets/../../../Roslyn/" (previous value: "/usr/lib64/dotnet/sdk/10.0.101/Roslyn/") at /usr/lib64/dotnet/sdk/10.0.101/Roslyn/Microsoft.Managed.Core.targets (6,5)
       /usr/lib64/dotnet/sdk/10.0.101/Sdks/Microsoft.NET.Sdk/targets/Microsoft.NET.DefaultOutputPaths.targets(127,5): message : Property reassignment: $(DefaultItemExcludes)=";bin/Debug//**;obj/Debug//**" (previous value: ";bin/Debug//**") at /usr/lib64/dotnet/sdk/10.0.101/Sdks/Microsoft.NET.Sdk/targets/Microsoft.NET.DefaultOutputPaths.targets (127,5)
       /usr/lib64/dotnet/sdk/10.0.101/Sdks/Microsoft.NET.Sdk/targets/Microsoft.NET.DefaultOutputPaths.targets(142,5): message : Property reassignment: $(OutputPath)="bin/Debug/net8.0/" (previous value: "bin/Debug/") at /usr/lib64/dotnet/sdk/10.0.101/Sdks/Microsoft.NET.Sdk/targets/Microsoft.NET.DefaultOutputPaths.targets (142,5)
       /usr/lib64/dotnet/sdk/10.0.101/Sdks/Microsoft.NET.Sdk/targets/Microsoft.NET.DefaultOutputPaths.targets(147,5): message : Property reassignment: $(IntermediateOutputPath)="obj/Debug/net8.0/" (previous value: "obj/Debug/") at /usr/lib64/dotnet/sdk/10.0.101/Sdks/Microsoft.NET.Sdk/targets/Microsoft.NET.DefaultOutputPaths.targets (147,5)
       /usr/lib64/dotnet/sdk/10.0.101/Current/Microsoft.Common.props(84,119): message : Property 'MSBuildUserExtensionsPath' with value '/home/baturhan/.local/share/Microsoft\MSBuild' expanded from the environment.
       /usr/lib64/dotnet/sdk/10.0.101/Roslyn/Microsoft.CSharp.Core.targets(200,5): message : Property reassignment: $(CommandLineArgsForDesignTimeEvaluation)="-langversion:12.0 -define:TRACE" (previous value: "-langversion:12.0") at /usr/lib64/dotnet/sdk/10.0.101/Roslyn/Microsoft.CSharp.Core.targets (200,5)
       /usr/lib64/dotnet/sdk/10.0.101/Sdks/Microsoft.NET.Sdk/targets/Microsoft.PackageDependencyResolution.targets(29,5): message : Property reassignment: $(ProjectAssetsCacheFile)="/home/baturhan/Projeler/Entegrasyon/Application/Entegrasyon.DataAccess/obj/Debug/net8.0/Entegrasyon.DataAccess.assets.cache" (previous value: "obj/Debug/net8.0/Entegrasyon.DataAccess.assets.cache") at /usr/lib64/dotnet/sdk/10.0.101/Sdks/Microsoft.NET.Sdk/targets/Microsoft.PackageDependencyResolution.targets (29,5)
       /usr/lib64/dotnet/sdk/10.0.101/Sdks/Microsoft.NET.Sdk/targets/Microsoft.PackageDependencyResolution.targets(80,5): message : Property reassignment: $(ResolveAssemblyReferencesDependsOn)="
       /usr/lib64/dotnet/sdk/10.0.101/Sdks/Microsoft.NET.Sdk/targets/Microsoft.PackageDependencyResolution.targets(80,5): message :       
       /usr/lib64/dotnet/sdk/10.0.101/Sdks/Microsoft.NET.Sdk/targets/Microsoft.PackageDependencyResolution.targets(80,5): message :       ResolveProjectReferences;
       /usr/lib64/dotnet/sdk/10.0.101/Sdks/Microsoft.NET.Sdk/targets/Microsoft.PackageDependencyResolution.targets(80,5): message :       FindInvalidProjectReferences;
       /usr/lib64/dotnet/sdk/10.0.101/Sdks/Microsoft.NET.Sdk/targets/Microsoft.PackageDependencyResolution.targets(80,5): message :       GetFrameworkPaths;
       /usr/lib64/dotnet/sdk/10.0.101/Sdks/Microsoft.NET.Sdk/targets/Microsoft.PackageDependencyResolution.targets(80,5): message :       GetReferenceAssemblyPaths;
       /usr/lib64/dotnet/sdk/10.0.101/Sdks/Microsoft.NET.Sdk/targets/Microsoft.PackageDependencyResolution.targets(80,5): message :       PrepareForBuild;
       /usr/lib64/dotnet/sdk/10.0.101/Sdks/Microsoft.NET.Sdk/targets/Microsoft.PackageDependencyResolution.targets(80,5): message :       ResolveSDKReferences;
       /usr/lib64/dotnet/sdk/10.0.101/Sdks/Microsoft.NET.Sdk/targets/Microsoft.PackageDependencyResolution.targets(80,5): message :       ExpandSDKReferences;
       /usr/lib64/dotnet/sdk/10.0.101/Sdks/Microsoft.NET.Sdk/targets/Microsoft.PackageDependencyResolution.targets(80,5): message :     ;
       /usr/lib64/dotnet/sdk/10.0.101/Sdks/Microsoft.NET.Sdk/targets/Microsoft.PackageDependencyResolution.targets(80,5): message :       ResolvePackageDependenciesForBuild;
       /usr/lib64/dotnet/sdk/10.0.101/Sdks/Microsoft.NET.Sdk/targets/Microsoft.PackageDependencyResolution.targets(80,5): message :       _HandlePackageFileConflicts;
       /usr/lib64/dotnet/sdk/10.0.101/Sdks/Microsoft.NET.Sdk/targets/Microsoft.PackageDependencyResolution.targets(80,5): message :     " (previous value: "
       /usr/lib64/dotnet/sdk/10.0.101/Sdks/Microsoft.NET.Sdk/targets/Microsoft.PackageDependencyResolution.targets(80,5): message :       ResolveProjectReferences;
       /usr/lib64/dotnet/sdk/10.0.101/Sdks/Microsoft.NET.Sdk/targets/Microsoft.PackageDependencyResolution.targets(80,5): message :       FindInvalidProjectReferences;
       /usr/lib64/dotnet/sdk/10.0.101/Sdks/Microsoft.NET.Sdk/targets/Microsoft.PackageDependencyResolution.targets(80,5): message :       GetFrameworkPaths;
       /usr/lib64/dotnet/sdk/10.0.101/Sdks/Microsoft.NET.Sdk/targets/Microsoft.PackageDependencyResolution.targets(80,5): message :       GetReferenceAssemblyPaths;
       /usr/lib64/dotnet/sdk/10.0.101/Sdks/Microsoft.NET.Sdk/targets/Microsoft.PackageDependencyResolution.targets(80,5): message :       PrepareForBuild;
       /usr/lib64/dotnet/sdk/10.0.101/Sdks/Microsoft.NET.Sdk/targets/Microsoft.PackageDependencyResolution.targets(80,5): message :       ResolveSDKReferences;
       /usr/lib64/dotnet/sdk/10.0.101/Sdks/Microsoft.NET.Sdk/targets/Microsoft.PackageDependencyResolution.targets(80,5): message :       ExpandSDKReferences;
       /usr/lib64/dotnet/sdk/10.0.101/Sdks/Microsoft.NET.Sdk/targets/Microsoft.PackageDependencyResolution.targets(80,5): message :     ") at /usr/lib64/dotnet/sdk/10.0.101/Sdks/Microsoft.NET.Sdk/targets/Microsoft.PackageDependencyResolution.targets (80,5)
       /usr/lib64/dotnet/sdk/10.0.101/Sdks/Microsoft.NET.Sdk/targets/Microsoft.PackageDependencyResolution.targets(86,5): message : Property reassignment: $(PrepareResourcesDependsOn)="
       /usr/lib64/dotnet/sdk/10.0.101/Sdks/Microsoft.NET.Sdk/targets/Microsoft.PackageDependencyResolution.targets(86,5): message :       ResolvePackageDependenciesForBuild;
       /usr/lib64/dotnet/sdk/10.0.101/Sdks/Microsoft.NET.Sdk/targets/Microsoft.PackageDependencyResolution.targets(86,5): message :       _HandlePackageFileConflicts;
       /usr/lib64/dotnet/sdk/10.0.101/Sdks/Microsoft.NET.Sdk/targets/Microsoft.PackageDependencyResolution.targets(86,5): message :       
       /usr/lib64/dotnet/sdk/10.0.101/Sdks/Microsoft.NET.Sdk/targets/Microsoft.PackageDependencyResolution.targets(86,5): message :       ;
       /usr/lib64/dotnet/sdk/10.0.101/Sdks/Microsoft.NET.Sdk/targets/Microsoft.PackageDependencyResolution.targets(86,5): message :       PrepareResourceNames;
       /usr/lib64/dotnet/sdk/10.0.101/Sdks/Microsoft.NET.Sdk/targets/Microsoft.PackageDependencyResolution.targets(86,5): message :       ResGen;
       /usr/lib64/dotnet/sdk/10.0.101/Sdks/Microsoft.NET.Sdk/targets/Microsoft.PackageDependencyResolution.targets(86,5): message :       CompileLicxFiles
       /usr/lib64/dotnet/sdk/10.0.101/Sdks/Microsoft.NET.Sdk/targets/Microsoft.PackageDependencyResolution.targets(86,5): message :     
       /usr/lib64/dotnet/sdk/10.0.101/Sdks/Microsoft.NET.Sdk/targets/Microsoft.PackageDependencyResolution.targets(86,5): message :     " (previous value: "
       /usr/lib64/dotnet/sdk/10.0.101/Sdks/Microsoft.NET.Sdk/targets/Microsoft.PackageDependencyResolution.targets(86,5): message :       ;
       /usr/lib64/dotnet/sdk/10.0.101/Sdks/Microsoft.NET.Sdk/targets/Microsoft.PackageDependencyResolution.targets(86,5): message :       PrepareResourceNames;
       /usr/lib64/dotnet/sdk/10.0.101/Sdks/Microsoft.NET.Sdk/targets/Microsoft.PackageDependencyResolution.targets(86,5): message :       ResGen;
       /usr/lib64/dotnet/sdk/10.0.101/Sdks/Microsoft.NET.Sdk/targets/Microsoft.PackageDependencyResolution.targets(86,5): message :       CompileLicxFiles
       /usr/lib64/dotnet/sdk/10.0.101/Sdks/Microsoft.NET.Sdk/targets/Microsoft.PackageDependencyResolution.targets(86,5): message :     ") at /usr/lib64/dotnet/sdk/10.0.101/Sdks/Microsoft.NET.Sdk/targets/Microsoft.PackageDependencyResolution.targets (86,5)
       /usr/lib64/dotnet/sdk/10.0.101/Sdks/Microsoft.NET.Sdk/targets/Microsoft.NET.Sdk.DefaultItems.targets(35,5): message : Property reassignment: $(DefaultItemExcludes)=";bin/Debug//**;obj/Debug//**;bin//**" (previous value: ";bin/Debug//**;obj/Debug//**") at /usr/lib64/dotnet/sdk/10.0.101/Sdks/Microsoft.NET.Sdk/targets/Microsoft.NET.Sdk.DefaultItems.targets (35,5)
       /usr/lib64/dotnet/sdk/10.0.101/Sdks/Microsoft.NET.Sdk/targets/Microsoft.NET.Sdk.DefaultItems.targets(37,5): message : Property reassignment: $(DefaultItemExcludes)=";bin/Debug//**;obj/Debug//**;bin//**;obj//**" (previous value: ";bin/Debug//**;obj/Debug//**;bin//**") at /usr/lib64/dotnet/sdk/10.0.101/Sdks/Microsoft.NET.Sdk/targets/Microsoft.NET.Sdk.DefaultItems.targets (37,5)
       /usr/lib64/dotnet/sdk/10.0.101/Sdks/Microsoft.NET.Sdk/targets/Microsoft.NET.Sdk.DefaultItems.targets(40,5): message : Property reassignment: $(DefaultItemExcludes)=";bin/Debug//**;obj/Debug//**;bin//**;obj//**;**/*.user" (previous value: ";bin/Debug//**;obj/Debug//**;bin//**;obj//**") at /usr/lib64/dotnet/sdk/10.0.101/Sdks/Microsoft.NET.Sdk/targets/Microsoft.NET.Sdk.DefaultItems.targets (40,5)
       /usr/lib64/dotnet/sdk/10.0.101/Sdks/Microsoft.NET.Sdk/targets/Microsoft.NET.Sdk.DefaultItems.targets(41,5): message : Property reassignment: $(DefaultItemExcludes)=";bin/Debug//**;obj/Debug//**;bin//**;obj//**;**/*.user;**/*.*proj" (previous value: ";bin/Debug//**;obj/Debug//**;bin//**;obj//**;**/*.user") at /usr/lib64/dotnet/sdk/10.0.101/Sdks/Microsoft.NET.Sdk/targets/Microsoft.NET.Sdk.DefaultItems.targets (41,5)
       /usr/lib64/dotnet/sdk/10.0.101/Sdks/Microsoft.NET.Sdk/targets/Microsoft.NET.Sdk.DefaultItems.targets(42,5): message : Property reassignment: $(DefaultItemExcludes)=";bin/Debug//**;obj/Debug//**;bin//**;obj//**;**/*.user;**/*.*proj;**/*.sln" (previous value: ";bin/Debug//**;obj/Debug//**;bin//**;obj//**;**/*.user;**/*.*proj") at /usr/lib64/dotnet/sdk/10.0.101/Sdks/Microsoft.NET.Sdk/targets/Microsoft.NET.Sdk.DefaultItems.targets (42,5)
       /usr/lib64/dotnet/sdk/10.0.101/Sdks/Microsoft.NET.Sdk/targets/Microsoft.NET.Sdk.DefaultItems.targets(43,5): message : Property reassignment: $(DefaultItemExcludes)=";bin/Debug//**;obj/Debug//**;bin//**;obj//**;**/*.user;**/*.*proj;**/*.sln;**/*.slnx" (previous value: ";bin/Debug//**;obj/Debug//**;bin//**;obj//**;**/*.user;**/*.*proj;**/*.sln") at /usr/lib64/dotnet/sdk/10.0.101/Sdks/Microsoft.NET.Sdk/targets/Microsoft.NET.Sdk.DefaultItems.targets (43,5)
       /usr/lib64/dotnet/sdk/10.0.101/Sdks/Microsoft.NET.Sdk/targets/Microsoft.NET.Sdk.DefaultItems.targets(44,5): message : Property reassignment: $(DefaultItemExcludes)=";bin/Debug//**;obj/Debug//**;bin//**;obj//**;**/*.user;**/*.*proj;**/*.sln;**/*.slnx;**/*.vssscc" (previous value: ";bin/Debug//**;obj/Debug//**;bin//**;obj//**;**/*.user;**/*.*proj;**/*.sln;**/*.slnx") at /usr/lib64/dotnet/sdk/10.0.101/Sdks/Microsoft.NET.Sdk/targets/Microsoft.NET.Sdk.DefaultItems.targets (44,5)
       /usr/lib64/dotnet/sdk/10.0.101/Sdks/Microsoft.NET.Sdk/targets/Microsoft.NET.Sdk.DefaultItems.targets(45,5): message : Property reassignment: $(DefaultItemExcludes)=";bin/Debug//**;obj/Debug//**;bin//**;obj//**;**/*.user;**/*.*proj;**/*.sln;**/*.slnx;**/*.vssscc;**/.DS_Store" (previous value: ";bin/Debug//**;obj/Debug//**;bin//**;obj//**;**/*.user;**/*.*proj;**/*.sln;**/*.slnx;**/*.vssscc") at /usr/lib64/dotnet/sdk/10.0.101/Sdks/Microsoft.NET.Sdk/targets/Microsoft.NET.Sdk.DefaultItems.targets (45,5)
       /usr/lib64/dotnet/sdk/10.0.101/Sdks/Microsoft.NET.Sdk/targets/Microsoft.NET.Sdk.FrameworkReferenceResolution.targets(14,5): message : Property reassignment: $(ResolveAssemblyReferencesDependsOn)="
       /usr/lib64/dotnet/sdk/10.0.101/Sdks/Microsoft.NET.Sdk/targets/Microsoft.NET.Sdk.FrameworkReferenceResolution.targets(14,5): message :       
       /usr/lib64/dotnet/sdk/10.0.101/Sdks/Microsoft.NET.Sdk/targets/Microsoft.NET.Sdk.FrameworkReferenceResolution.targets(14,5): message :       
       /usr/lib64/dotnet/sdk/10.0.101/Sdks/Microsoft.NET.Sdk/targets/Microsoft.NET.Sdk.FrameworkReferenceResolution.targets(14,5): message :       ResolveProjectReferences;
       /usr/lib64/dotnet/sdk/10.0.101/Sdks/Microsoft.NET.Sdk/targets/Microsoft.NET.Sdk.FrameworkReferenceResolution.targets(14,5): message :       FindInvalidProjectReferences;
       /usr/lib64/dotnet/sdk/10.0.101/Sdks/Microsoft.NET.Sdk/targets/Microsoft.NET.Sdk.FrameworkReferenceResolution.targets(14,5): message :       GetFrameworkPaths;
       /usr/lib64/dotnet/sdk/10.0.101/Sdks/Microsoft.NET.Sdk/targets/Microsoft.NET.Sdk.FrameworkReferenceResolution.targets(14,5): message :       GetReferenceAssemblyPaths;
       /usr/lib64/dotnet/sdk/10.0.101/Sdks/Microsoft.NET.Sdk/targets/Microsoft.NET.Sdk.FrameworkReferenceResolution.targets(14,5): message :       PrepareForBuild;
       /usr/lib64/dotnet/sdk/10.0.101/Sdks/Microsoft.NET.Sdk/targets/Microsoft.NET.Sdk.FrameworkReferenceResolution.targets(14,5): message :       ResolveSDKReferences;
       /usr/lib64/dotnet/sdk/10.0.101/Sdks/Microsoft.NET.Sdk/targets/Microsoft.NET.Sdk.FrameworkReferenceResolution.targets(14,5): message :       ExpandSDKReferences;
       /usr/lib64/dotnet/sdk/10.0.101/Sdks/Microsoft.NET.Sdk/targets/Microsoft.NET.Sdk.FrameworkReferenceResolution.targets(14,5): message :     ;
       /usr/lib64/dotnet/sdk/10.0.101/Sdks/Microsoft.NET.Sdk/targets/Microsoft.NET.Sdk.FrameworkReferenceResolution.targets(14,5): message :       ResolvePackageDependenciesForBuild;
       /usr/lib64/dotnet/sdk/10.0.101/Sdks/Microsoft.NET.Sdk/targets/Microsoft.NET.Sdk.FrameworkReferenceResolution.targets(14,5): message :       _HandlePackageFileConflicts;
       /usr/lib64/dotnet/sdk/10.0.101/Sdks/Microsoft.NET.Sdk/targets/Microsoft.NET.Sdk.FrameworkReferenceResolution.targets(14,5): message :     ;
       /usr/lib64/dotnet/sdk/10.0.101/Sdks/Microsoft.NET.Sdk/targets/Microsoft.NET.Sdk.FrameworkReferenceResolution.targets(14,5): message :       ResolveTargetingPackAssets;
       /usr/lib64/dotnet/sdk/10.0.101/Sdks/Microsoft.NET.Sdk/targets/Microsoft.NET.Sdk.FrameworkReferenceResolution.targets(14,5): message :     " (previous value: "
       /usr/lib64/dotnet/sdk/10.0.101/Sdks/Microsoft.NET.Sdk/targets/Microsoft.NET.Sdk.FrameworkReferenceResolution.targets(14,5): message :       
       /usr/lib64/dotnet/sdk/10.0.101/Sdks/Microsoft.NET.Sdk/targets/Microsoft.NET.Sdk.FrameworkReferenceResolution.targets(14,5): message :       ResolveProjectReferences;
       /usr/lib64/dotnet/sdk/10.0.101/Sdks/Microsoft.NET.Sdk/targets/Microsoft.NET.Sdk.FrameworkReferenceResolution.targets(14,5): message :       FindInvalidProjectReferences;
       /usr/lib64/dotnet/sdk/10.0.101/Sdks/Microsoft.NET.Sdk/targets/Microsoft.NET.Sdk.FrameworkReferenceResolution.targets(14,5): message :       GetFrameworkPaths;
       /usr/lib64/dotnet/sdk/10.0.101/Sdks/Microsoft.NET.Sdk/targets/Microsoft.NET.Sdk.FrameworkReferenceResolution.targets(14,5): message :       GetReferenceAssemblyPaths;
       /usr/lib64/dotnet/sdk/10.0.101/Sdks/Microsoft.NET.Sdk/targets/Microsoft.NET.Sdk.FrameworkReferenceResolution.targets(14,5): message :       PrepareForBuild;
       /usr/lib64/dotnet/sdk/10.0.101/Sdks/Microsoft.NET.Sdk/targets/Microsoft.NET.Sdk.FrameworkReferenceResolution.targets(14,5): message :       ResolveSDKReferences;
       /usr/lib64/dotnet/sdk/10.0.101/Sdks/Microsoft.NET.Sdk/targets/Microsoft.NET.Sdk.FrameworkReferenceResolution.targets(14,5): message :       ExpandSDKReferences;
       /usr/lib64/dotnet/sdk/10.0.101/Sdks/Microsoft.NET.Sdk/targets/Microsoft.NET.Sdk.FrameworkReferenceResolution.targets(14,5): message :     ;
       /usr/lib64/dotnet/sdk/10.0.101/Sdks/Microsoft.NET.Sdk/targets/Microsoft.NET.Sdk.FrameworkReferenceResolution.targets(14,5): message :       ResolvePackageDependenciesForBuild;
       /usr/lib64/dotnet/sdk/10.0.101/Sdks/Microsoft.NET.Sdk/targets/Microsoft.NET.Sdk.FrameworkReferenceResolution.targets(14,5): message :       _HandlePackageFileConflicts;
       /usr/lib64/dotnet/sdk/10.0.101/Sdks/Microsoft.NET.Sdk/targets/Microsoft.NET.Sdk.FrameworkReferenceResolution.targets(14,5): message :     ") at /usr/lib64/dotnet/sdk/10.0.101/Sdks/Microsoft.NET.Sdk/targets/Microsoft.NET.Sdk.FrameworkReferenceResolution.targets (14,5)
       /usr/lib64/dotnet/sdk/10.0.101/Sdks/Microsoft.NET.Sdk/targets/Microsoft.NET.Sdk.targets(44,5): message : Property reassignment: $(_GenerateRuntimeConfigurationPropertyInputsCache)="/home/baturhan/Projeler/Entegrasyon/Application/Entegrasyon.DataAccess/obj/Debug/net8.0/Entegrasyon.DataAccess.genruntimeconfig.cache" (previous value: "obj/Debug/net8.0/Entegrasyon.DataAccess.genruntimeconfig.cache") at /usr/lib64/dotnet/sdk/10.0.101/Sdks/Microsoft.NET.Sdk/targets/Microsoft.NET.Sdk.targets (44,5)
       /usr/lib64/dotnet/sdk/10.0.101/Sdks/Microsoft.NET.Sdk/targets/Microsoft.NET.Sdk.targets(46,5): message : Property reassignment: $(_GeneratePublishDependencyFilePropertyInputsCache)="/home/baturhan/Projeler/Entegrasyon/Application/Entegrasyon.DataAccess/obj/Debug/net8.0/Entegrasyon.DataAccess.genpublishdeps.cache" (previous value: "obj/Debug/net8.0/Entegrasyon.DataAccess.genpublishdeps.cache") at /usr/lib64/dotnet/sdk/10.0.101/Sdks/Microsoft.NET.Sdk/targets/Microsoft.NET.Sdk.targets (46,5)
       /usr/lib64/dotnet/sdk/10.0.101/Sdks/Microsoft.NET.Sdk/targets/Microsoft.NET.Sdk.targets(48,5): message : Property reassignment: $(_GenerateSingleFileBundlePropertyInputsCache)="/home/baturhan/Projeler/Entegrasyon/Application/Entegrasyon.DataAccess/obj/Debug/net8.0/Entegrasyon.DataAccess.genbundle.cache" (previous value: "obj/Debug/net8.0/Entegrasyon.DataAccess.genbundle.cache") at /usr/lib64/dotnet/sdk/10.0.101/Sdks/Microsoft.NET.Sdk/targets/Microsoft.NET.Sdk.targets (48,5)
       /usr/lib64/dotnet/sdk/10.0.101/Microsoft.Common.CurrentVersion.targets(175,5): message : Property reassignment: $(_DebugSymbolsProduced)="true" (previous value: "false") at /usr/lib64/dotnet/sdk/10.0.101/Microsoft.Common.CurrentVersion.targets (175,5)
       /usr/lib64/dotnet/sdk/10.0.101/Microsoft.Common.CurrentVersion.targets(185,5): message : Property reassignment: $(_DocumentationFileProduced)="false" (previous value: "true") at /usr/lib64/dotnet/sdk/10.0.101/Microsoft.Common.CurrentVersion.targets (185,5)
       /usr/lib64/dotnet/sdk/10.0.101/Sdks/Microsoft.NET.Sdk/targets/Microsoft.NET.Sdk.BeforeCommon.targets(371,5): message : Property reassignment: $(RoslynTargetsPath)="/usr/lib64/dotnet/sdk/10.0.101/Sdks/Microsoft.NET.Sdk/targets/../../../Roslyn" (previous value: "/usr/lib64/dotnet/sdk/10.0.101/Roslyn") at /usr/lib64/dotnet/sdk/10.0.101/Sdks/Microsoft.NET.Sdk/targets/Microsoft.NET.Sdk.BeforeCommon.targets (371,5)
       /usr/lib64/dotnet/sdk/10.0.101/Microsoft.Common.CurrentVersion.targets(175,5): message : Property reassignment: $(_DebugSymbolsProduced)="true" (previous value: "false") at /usr/lib64/dotnet/sdk/10.0.101/Microsoft.Common.CurrentVersion.targets (175,5)
       /usr/lib64/dotnet/sdk/10.0.101/Microsoft.Common.CurrentVersion.targets(185,5): message : Property reassignment: $(_DocumentationFileProduced)="false" (previous value: "true") at /usr/lib64/dotnet/sdk/10.0.101/Microsoft.Common.CurrentVersion.targets (185,5)
       /usr/lib64/dotnet/sdk/10.0.101/Sdks/Microsoft.NET.Sdk/targets/Microsoft.NET.Sdk.targets(81,5): message : Property reassignment: $(GenerateRuntimeConfigDevFile)="false" (previous value: "true") at /usr/lib64/dotnet/sdk/10.0.101/Sdks/Microsoft.NET.Sdk/targets/Microsoft.NET.Sdk.targets (81,5)
       /usr/lib64/dotnet/sdk/10.0.101/Sdks/Microsoft.NET.Sdk/targets/Microsoft.NET.Sdk.targets(97,5): message : Property 'HOME' with value '/home/baturhan' expanded from the environment.
       /usr/lib64/dotnet/sdk/10.0.101/Sdks/Microsoft.NET.Sdk/targets/Microsoft.NET.Sdk.targets(99,5): message : Property reassignment: $(_DefaultUserProfileRuntimeStorePath)="/home/baturhan/.dotnet/store" (previous value: "/home/baturhan") at /usr/lib64/dotnet/sdk/10.0.101/Sdks/Microsoft.NET.Sdk/targets/Microsoft.NET.Sdk.targets (99,5)
       /usr/lib64/dotnet/sdk/10.0.101/Sdks/Microsoft.NET.Sdk/targets/Microsoft.NET.Sdk.targets(144,5): message : Property reassignment: $(AvailablePlatforms)="Any CPU,x86,x64,ARM32" (previous value: "Any CPU,x86,x64") at /usr/lib64/dotnet/sdk/10.0.101/Sdks/Microsoft.NET.Sdk/targets/Microsoft.NET.Sdk.targets (144,5)
       /usr/lib64/dotnet/sdk/10.0.101/Sdks/Microsoft.NET.Sdk/targets/Microsoft.NET.Sdk.targets(148,5): message : Property reassignment: $(AvailablePlatforms)="Any CPU,x86,x64,ARM32,ARM64" (previous value: "Any CPU,x86,x64,ARM32") at /usr/lib64/dotnet/sdk/10.0.101/Sdks/Microsoft.NET.Sdk/targets/Microsoft.NET.Sdk.targets (148,5)
       /usr/lib64/dotnet/sdk/10.0.101/Sdks/Microsoft.NET.Sdk/targets/Microsoft.NET.Sdk.targets(204,5): message : Property reassignment: $(CoreBuildDependsOn)="
       /usr/lib64/dotnet/sdk/10.0.101/Sdks/Microsoft.NET.Sdk/targets/Microsoft.NET.Sdk.targets(204,5): message :       _CheckForBuildWithNoBuild;
       /usr/lib64/dotnet/sdk/10.0.101/Sdks/Microsoft.NET.Sdk/targets/Microsoft.NET.Sdk.targets(204,5): message :       
       /usr/lib64/dotnet/sdk/10.0.101/Sdks/Microsoft.NET.Sdk/targets/Microsoft.NET.Sdk.targets(204,5): message :       BuildOnlySettings;
       /usr/lib64/dotnet/sdk/10.0.101/Sdks/Microsoft.NET.Sdk/targets/Microsoft.NET.Sdk.targets(204,5): message :       PrepareForBuild;
       /usr/lib64/dotnet/sdk/10.0.101/Sdks/Microsoft.NET.Sdk/targets/Microsoft.NET.Sdk.targets(204,5): message :       PreBuildEvent;
       /usr/lib64/dotnet/sdk/10.0.101/Sdks/Microsoft.NET.Sdk/targets/Microsoft.NET.Sdk.targets(204,5): message :       ResolveReferences;
       /usr/lib64/dotnet/sdk/10.0.101/Sdks/Microsoft.NET.Sdk/targets/Microsoft.NET.Sdk.targets(204,5): message :       PrepareResources;
       /usr/lib64/dotnet/sdk/10.0.101/Sdks/Microsoft.NET.Sdk/targets/Microsoft.NET.Sdk.targets(204,5): message :       ResolveKeySource;
       /usr/lib64/dotnet/sdk/10.0.101/Sdks/Microsoft.NET.Sdk/targets/Microsoft.NET.Sdk.targets(204,5): message :       Compile;
       /usr/lib64/dotnet/sdk/10.0.101/Sdks/Microsoft.NET.Sdk/targets/Microsoft.NET.Sdk.targets(204,5): message :       ExportWindowsMDFile;
       /usr/lib64/dotnet/sdk/10.0.101/Sdks/Microsoft.NET.Sdk/targets/Microsoft.NET.Sdk.targets(204,5): message :       UnmanagedUnregistration;
       /usr/lib64/dotnet/sdk/10.0.101/Sdks/Microsoft.NET.Sdk/targets/Microsoft.NET.Sdk.targets(204,5): message :       GenerateSerializationAssemblies;
       /usr/lib64/dotnet/sdk/10.0.101/Sdks/Microsoft.NET.Sdk/targets/Microsoft.NET.Sdk.targets(204,5): message :       CreateSatelliteAssemblies;
       /usr/lib64/dotnet/sdk/10.0.101/Sdks/Microsoft.NET.Sdk/targets/Microsoft.NET.Sdk.targets(204,5): message :       GenerateManifests;
       /usr/lib64/dotnet/sdk/10.0.101/Sdks/Microsoft.NET.Sdk/targets/Microsoft.NET.Sdk.targets(204,5): message :       GetTargetPath;
       /usr/lib64/dotnet/sdk/10.0.101/Sdks/Microsoft.NET.Sdk/targets/Microsoft.NET.Sdk.targets(204,5): message :       PrepareForRun;
       /usr/lib64/dotnet/sdk/10.0.101/Sdks/Microsoft.NET.Sdk/targets/Microsoft.NET.Sdk.targets(204,5): message :       UnmanagedRegistration;
       /usr/lib64/dotnet/sdk/10.0.101/Sdks/Microsoft.NET.Sdk/targets/Microsoft.NET.Sdk.targets(204,5): message :       IncrementalClean;
       /usr/lib64/dotnet/sdk/10.0.101/Sdks/Microsoft.NET.Sdk/targets/Microsoft.NET.Sdk.targets(204,5): message :       PostBuildEvent
       /usr/lib64/dotnet/sdk/10.0.101/Sdks/Microsoft.NET.Sdk/targets/Microsoft.NET.Sdk.targets(204,5): message :     ;
       /usr/lib64/dotnet/sdk/10.0.101/Sdks/Microsoft.NET.Sdk/targets/Microsoft.NET.Sdk.targets(204,5): message :       GenerateBuildDependencyFile;
       /usr/lib64/dotnet/sdk/10.0.101/Sdks/Microsoft.NET.Sdk/targets/Microsoft.NET.Sdk.targets(204,5): message :       GenerateBuildRuntimeConfigurationFiles
       /usr/lib64/dotnet/sdk/10.0.101/Sdks/Microsoft.NET.Sdk/targets/Microsoft.NET.Sdk.targets(204,5): message :     " (previous value: "
       /usr/lib64/dotnet/sdk/10.0.101/Sdks/Microsoft.NET.Sdk/targets/Microsoft.NET.Sdk.targets(204,5): message :       BuildOnlySettings;
       /usr/lib64/dotnet/sdk/10.0.101/Sdks/Microsoft.NET.Sdk/targets/Microsoft.NET.Sdk.targets(204,5): message :       PrepareForBuild;
       /usr/lib64/dotnet/sdk/10.0.101/Sdks/Microsoft.NET.Sdk/targets/Microsoft.NET.Sdk.targets(204,5): message :       PreBuildEvent;
       /usr/lib64/dotnet/sdk/10.0.101/Sdks/Microsoft.NET.Sdk/targets/Microsoft.NET.Sdk.targets(204,5): message :       ResolveReferences;
       /usr/lib64/dotnet/sdk/10.0.101/Sdks/Microsoft.NET.Sdk/targets/Microsoft.NET.Sdk.targets(204,5): message :       PrepareResources;
       /usr/lib64/dotnet/sdk/10.0.101/Sdks/Microsoft.NET.Sdk/targets/Microsoft.NET.Sdk.targets(204,5): message :       ResolveKeySource;
       /usr/lib64/dotnet/sdk/10.0.101/Sdks/Microsoft.NET.Sdk/targets/Microsoft.NET.Sdk.targets(204,5): message :       Compile;
       /usr/lib64/dotnet/sdk/10.0.101/Sdks/Microsoft.NET.Sdk/targets/Microsoft.NET.Sdk.targets(204,5): message :       ExportWindowsMDFile;
       /usr/lib64/dotnet/sdk/10.0.101/Sdks/Microsoft.NET.Sdk/targets/Microsoft.NET.Sdk.targets(204,5): message :       UnmanagedUnregistration;
       /usr/lib64/dotnet/sdk/10.0.101/Sdks/Microsoft.NET.Sdk/targets/Microsoft.NET.Sdk.targets(204,5): message :       GenerateSerializationAssemblies;
       /usr/lib64/dotnet/sdk/10.0.101/Sdks/Microsoft.NET.Sdk/targets/Microsoft.NET.Sdk.targets(204,5): message :       CreateSatelliteAssemblies;
       /usr/lib64/dotnet/sdk/10.0.101/Sdks/Microsoft.NET.Sdk/targets/Microsoft.NET.Sdk.targets(204,5): message :       GenerateManifests;
       /usr/lib64/dotnet/sdk/10.0.101/Sdks/Microsoft.NET.Sdk/targets/Microsoft.NET.Sdk.targets(204,5): message :       GetTargetPath;
       /usr/lib64/dotnet/sdk/10.0.101/Sdks/Microsoft.NET.Sdk/targets/Microsoft.NET.Sdk.targets(204,5): message :       PrepareForRun;
       /usr/lib64/dotnet/sdk/10.0.101/Sdks/Microsoft.NET.Sdk/targets/Microsoft.NET.Sdk.targets(204,5): message :       UnmanagedRegistration;
       /usr/lib64/dotnet/sdk/10.0.101/Sdks/Microsoft.NET.Sdk/targets/Microsoft.NET.Sdk.targets(204,5): message :       IncrementalClean;
       /usr/lib64/dotnet/sdk/10.0.101/Sdks/Microsoft.NET.Sdk/targets/Microsoft.NET.Sdk.targets(204,5): message :       PostBuildEvent
       /usr/lib64/dotnet/sdk/10.0.101/Sdks/Microsoft.NET.Sdk/targets/Microsoft.NET.Sdk.targets(204,5): message :     ") at /usr/lib64/dotnet/sdk/10.0.101/Sdks/Microsoft.NET.Sdk/targets/Microsoft.NET.Sdk.targets (204,5)
       /usr/lib64/dotnet/sdk/10.0.101/Sdks/Microsoft.NET.Sdk/targets/Microsoft.NET.Sdk.targets(213,5): message : Property reassignment: $(CoreCleanDependsOn)="
       /usr/lib64/dotnet/sdk/10.0.101/Sdks/Microsoft.NET.Sdk/targets/Microsoft.NET.Sdk.targets(213,5): message :       _SdkBeforeClean;
       /usr/lib64/dotnet/sdk/10.0.101/Sdks/Microsoft.NET.Sdk/targets/Microsoft.NET.Sdk.targets(213,5): message :       
       /usr/lib64/dotnet/sdk/10.0.101/Sdks/Microsoft.NET.Sdk/targets/Microsoft.NET.Sdk.targets(213,5): message :     " (previous value: "") at /usr/lib64/dotnet/sdk/10.0.101/Sdks/Microsoft.NET.Sdk/targets/Microsoft.NET.Sdk.targets (213,5)
       /usr/lib64/dotnet/sdk/10.0.101/Sdks/Microsoft.NET.Sdk/targets/Microsoft.NET.Sdk.targets(220,5): message : Property reassignment: $(RebuildDependsOn)="
       /usr/lib64/dotnet/sdk/10.0.101/Sdks/Microsoft.NET.Sdk/targets/Microsoft.NET.Sdk.targets(220,5): message :       _SdkBeforeRebuild;
       /usr/lib64/dotnet/sdk/10.0.101/Sdks/Microsoft.NET.Sdk/targets/Microsoft.NET.Sdk.targets(220,5): message :       
       /usr/lib64/dotnet/sdk/10.0.101/Sdks/Microsoft.NET.Sdk/targets/Microsoft.NET.Sdk.targets(220,5): message :       BeforeRebuild;
       /usr/lib64/dotnet/sdk/10.0.101/Sdks/Microsoft.NET.Sdk/targets/Microsoft.NET.Sdk.targets(220,5): message :       Clean;
       /usr/lib64/dotnet/sdk/10.0.101/Sdks/Microsoft.NET.Sdk/targets/Microsoft.NET.Sdk.targets(220,5): message :       Build;
       /usr/lib64/dotnet/sdk/10.0.101/Sdks/Microsoft.NET.Sdk/targets/Microsoft.NET.Sdk.targets(220,5): message :       AfterRebuild;
       /usr/lib64/dotnet/sdk/10.0.101/Sdks/Microsoft.NET.Sdk/targets/Microsoft.NET.Sdk.targets(220,5): message :     
       /usr/lib64/dotnet/sdk/10.0.101/Sdks/Microsoft.NET.Sdk/targets/Microsoft.NET.Sdk.targets(220,5): message :     " (previous value: "
       /usr/lib64/dotnet/sdk/10.0.101/Sdks/Microsoft.NET.Sdk/targets/Microsoft.NET.Sdk.targets(220,5): message :       BeforeRebuild;
       /usr/lib64/dotnet/sdk/10.0.101/Sdks/Microsoft.NET.Sdk/targets/Microsoft.NET.Sdk.targets(220,5): message :       Clean;
       /usr/lib64/dotnet/sdk/10.0.101/Sdks/Microsoft.NET.Sdk/targets/Microsoft.NET.Sdk.targets(220,5): message :       Build;
       /usr/lib64/dotnet/sdk/10.0.101/Sdks/Microsoft.NET.Sdk/targets/Microsoft.NET.Sdk.targets(220,5): message :       AfterRebuild;
       /usr/lib64/dotnet/sdk/10.0.101/Sdks/Microsoft.NET.Sdk/targets/Microsoft.NET.Sdk.targets(220,5): message :     ") at /usr/lib64/dotnet/sdk/10.0.101/Sdks/Microsoft.NET.Sdk/targets/Microsoft.NET.Sdk.targets (220,5)
       /usr/lib64/dotnet/sdk/10.0.101/Sdks/Microsoft.NET.Sdk/targets/Microsoft.NET.Sdk.targets(799,5): message : Property reassignment: $(CompileDependsOn)="
       /usr/lib64/dotnet/sdk/10.0.101/Sdks/Microsoft.NET.Sdk/targets/Microsoft.NET.Sdk.targets(799,5): message :       
       /usr/lib64/dotnet/sdk/10.0.101/Sdks/Microsoft.NET.Sdk/targets/Microsoft.NET.Sdk.targets(799,5): message :       ResolveReferences;
       /usr/lib64/dotnet/sdk/10.0.101/Sdks/Microsoft.NET.Sdk/targets/Microsoft.NET.Sdk.targets(799,5): message :       ResolveKeySource;
       /usr/lib64/dotnet/sdk/10.0.101/Sdks/Microsoft.NET.Sdk/targets/Microsoft.NET.Sdk.targets(799,5): message :       SetWin32ManifestProperties;
       /usr/lib64/dotnet/sdk/10.0.101/Sdks/Microsoft.NET.Sdk/targets/Microsoft.NET.Sdk.targets(799,5): message :       _SetPreferNativeArm64Win32ManifestProperties;
       /usr/lib64/dotnet/sdk/10.0.101/Sdks/Microsoft.NET.Sdk/targets/Microsoft.NET.Sdk.targets(799,5): message :       FindReferenceAssembliesForReferences;
       /usr/lib64/dotnet/sdk/10.0.101/Sdks/Microsoft.NET.Sdk/targets/Microsoft.NET.Sdk.targets(799,5): message :       _GenerateCompileInputs;
       /usr/lib64/dotnet/sdk/10.0.101/Sdks/Microsoft.NET.Sdk/targets/Microsoft.NET.Sdk.targets(799,5): message :       BeforeCompile;
       /usr/lib64/dotnet/sdk/10.0.101/Sdks/Microsoft.NET.Sdk/targets/Microsoft.NET.Sdk.targets(799,5): message :       _TimeStampBeforeCompile;
       /usr/lib64/dotnet/sdk/10.0.101/Sdks/Microsoft.NET.Sdk/targets/Microsoft.NET.Sdk.targets(799,5): message :       _GenerateCompileDependencyCache;
       /usr/lib64/dotnet/sdk/10.0.101/Sdks/Microsoft.NET.Sdk/targets/Microsoft.NET.Sdk.targets(799,5): message :       CoreCompile;
       /usr/lib64/dotnet/sdk/10.0.101/Sdks/Microsoft.NET.Sdk/targets/Microsoft.NET.Sdk.targets(799,5): message :       _TimeStampAfterCompile;
       /usr/lib64/dotnet/sdk/10.0.101/Sdks/Microsoft.NET.Sdk/targets/Microsoft.NET.Sdk.targets(799,5): message :       AfterCompile;
       /usr/lib64/dotnet/sdk/10.0.101/Sdks/Microsoft.NET.Sdk/targets/Microsoft.NET.Sdk.targets(799,5): message :     ;
       /usr/lib64/dotnet/sdk/10.0.101/Sdks/Microsoft.NET.Sdk/targets/Microsoft.NET.Sdk.targets(799,5): message :       _CreateAppHost;
       /usr/lib64/dotnet/sdk/10.0.101/Sdks/Microsoft.NET.Sdk/targets/Microsoft.NET.Sdk.targets(799,5): message :       _CreateComHost;
       /usr/lib64/dotnet/sdk/10.0.101/Sdks/Microsoft.NET.Sdk/targets/Microsoft.NET.Sdk.targets(799,5): message :       _GetIjwHostPaths;
       /usr/lib64/dotnet/sdk/10.0.101/Sdks/Microsoft.NET.Sdk/targets/Microsoft.NET.Sdk.targets(799,5): message :     " (previous value: "
       /usr/lib64/dotnet/sdk/10.0.101/Sdks/Microsoft.NET.Sdk/targets/Microsoft.NET.Sdk.targets(799,5): message :       ResolveReferences;
       /usr/lib64/dotnet/sdk/10.0.101/Sdks/Microsoft.NET.Sdk/targets/Microsoft.NET.Sdk.targets(799,5): message :       ResolveKeySource;
       /usr/lib64/dotnet/sdk/10.0.101/Sdks/Microsoft.NET.Sdk/targets/Microsoft.NET.Sdk.targets(799,5): message :       SetWin32ManifestProperties;
       /usr/lib64/dotnet/sdk/10.0.101/Sdks/Microsoft.NET.Sdk/targets/Microsoft.NET.Sdk.targets(799,5): message :       _SetPreferNativeArm64Win32ManifestProperties;
       /usr/lib64/dotnet/sdk/10.0.101/Sdks/Microsoft.NET.Sdk/targets/Microsoft.NET.Sdk.targets(799,5): message :       FindReferenceAssembliesForReferences;
       /usr/lib64/dotnet/sdk/10.0.101/Sdks/Microsoft.NET.Sdk/targets/Microsoft.NET.Sdk.targets(799,5): message :       _GenerateCompileInputs;
       /usr/lib64/dotnet/sdk/10.0.101/Sdks/Microsoft.NET.Sdk/targets/Microsoft.NET.Sdk.targets(799,5): message :       BeforeCompile;
       /usr/lib64/dotnet/sdk/10.0.101/Sdks/Microsoft.NET.Sdk/targets/Microsoft.NET.Sdk.targets(799,5): message :       _TimeStampBeforeCompile;
       /usr/lib64/dotnet/sdk/10.0.101/Sdks/Microsoft.NET.Sdk/targets/Microsoft.NET.Sdk.targets(799,5): message :       _GenerateCompileDependencyCache;
       /usr/lib64/dotnet/sdk/10.0.101/Sdks/Microsoft.NET.Sdk/targets/Microsoft.NET.Sdk.targets(799,5): message :       CoreCompile;
       /usr/lib64/dotnet/sdk/10.0.101/Sdks/Microsoft.NET.Sdk/targets/Microsoft.NET.Sdk.targets(799,5): message :       _TimeStampAfterCompile;
       /usr/lib64/dotnet/sdk/10.0.101/Sdks/Microsoft.NET.Sdk/targets/Microsoft.NET.Sdk.targets(799,5): message :       AfterCompile;
       /usr/lib64/dotnet/sdk/10.0.101/Sdks/Microsoft.NET.Sdk/targets/Microsoft.NET.Sdk.targets(799,5): message :     ") at /usr/lib64/dotnet/sdk/10.0.101/Sdks/Microsoft.NET.Sdk/targets/Microsoft.NET.Sdk.targets (799,5)
       /usr/lib64/dotnet/sdk/10.0.101/Sdks/Microsoft.NET.Sdk/targets/Microsoft.NET.Sdk.targets(1131,5): message : Property reassignment: $(CreateSatelliteAssembliesDependsOn)="
       /usr/lib64/dotnet/sdk/10.0.101/Sdks/Microsoft.NET.Sdk/targets/Microsoft.NET.Sdk.targets(1131,5): message :       
       /usr/lib64/dotnet/sdk/10.0.101/Sdks/Microsoft.NET.Sdk/targets/Microsoft.NET.Sdk.targets(1131,5): message :       ;
       /usr/lib64/dotnet/sdk/10.0.101/Sdks/Microsoft.NET.Sdk/targets/Microsoft.NET.Sdk.targets(1131,5): message :       _GenerateSatelliteAssemblyInputs;
       /usr/lib64/dotnet/sdk/10.0.101/Sdks/Microsoft.NET.Sdk/targets/Microsoft.NET.Sdk.targets(1131,5): message :       ComputeIntermediateSatelliteAssemblies;
       /usr/lib64/dotnet/sdk/10.0.101/Sdks/Microsoft.NET.Sdk/targets/Microsoft.NET.Sdk.targets(1131,5): message :       GenerateSatelliteAssemblies
       /usr/lib64/dotnet/sdk/10.0.101/Sdks/Microsoft.NET.Sdk/targets/Microsoft.NET.Sdk.targets(1131,5): message :     ;
       /usr/lib64/dotnet/sdk/10.0.101/Sdks/Microsoft.NET.Sdk/targets/Microsoft.NET.Sdk.targets(1131,5): message :       CoreGenerateSatelliteAssemblies
       /usr/lib64/dotnet/sdk/10.0.101/Sdks/Microsoft.NET.Sdk/targets/Microsoft.NET.Sdk.targets(1131,5): message :     " (previous value: "
       /usr/lib64/dotnet/sdk/10.0.101/Sdks/Microsoft.NET.Sdk/targets/Microsoft.NET.Sdk.targets(1131,5): message :       ;
       /usr/lib64/dotnet/sdk/10.0.101/Sdks/Microsoft.NET.Sdk/targets/Microsoft.NET.Sdk.targets(1131,5): message :       _GenerateSatelliteAssemblyInputs;
       /usr/lib64/dotnet/sdk/10.0.101/Sdks/Microsoft.NET.Sdk/targets/Microsoft.NET.Sdk.targets(1131,5): message :       ComputeIntermediateSatelliteAssemblies;
       /usr/lib64/dotnet/sdk/10.0.101/Sdks/Microsoft.NET.Sdk/targets/Microsoft.NET.Sdk.targets(1131,5): message :       GenerateSatelliteAssemblies
       /usr/lib64/dotnet/sdk/10.0.101/Sdks/Microsoft.NET.Sdk/targets/Microsoft.NET.Sdk.targets(1131,5): message :     ") at /usr/lib64/dotnet/sdk/10.0.101/Sdks/Microsoft.NET.Sdk/targets/Microsoft.NET.Sdk.targets (1131,5)
       /usr/lib64/dotnet/sdk/10.0.101/Microsoft.Common.CurrentVersion.targets(392,5): message : Property reassignment: $(MSBuildCopyMarkerName)="Entegras.71373C56" (previous value: "Entegrasyon.ApplicationBootstrap.csproj") at /usr/lib64/dotnet/sdk/10.0.101/Microsoft.Common.CurrentVersion.targets (392,5)
       /usr/lib64/dotnet/sdk/10.0.101/Microsoft.Common.CurrentVersion.targets(393,5): message : Property reassignment: $(MSBuildCopyMarkerName)="Entegras.71373C56.Up2Date" (previous value: "Entegras.71373C56") at /usr/lib64/dotnet/sdk/10.0.101/Microsoft.Common.CurrentVersion.targets (393,5)
       /usr/lib64/dotnet/sdk/10.0.101/Sdks/Microsoft.SourceLink.GitLab/build/Microsoft.SourceLink.GitLab.targets(12,5): message : Property reassignment: $(SourceLinkUrlInitializerTargets)=";_InitializeGitHubSourceLinkUrl;_InitializeGitLabSourceLinkUrl" (previous value: ";_InitializeGitHubSourceLinkUrl") at /usr/lib64/dotnet/sdk/10.0.101/Sdks/Microsoft.SourceLink.GitLab/build/Microsoft.SourceLink.GitLab.targets (12,5)
       /usr/lib64/dotnet/sdk/10.0.101/Sdks/Microsoft.SourceLink.GitLab/build/Microsoft.SourceLink.GitLab.targets(13,5): message : Property reassignment: $(SourceControlManagerUrlTranslationTargets)=";TranslateGitHubUrlsInSourceControlInformation;TranslateGitLabUrlsInSourceControlInformation" (previous value: ";TranslateGitHubUrlsInSourceControlInformation") at /usr/lib64/dotnet/sdk/10.0.101/Sdks/Microsoft.SourceLink.GitLab/build/Microsoft.SourceLink.GitLab.targets (13,5)
       /usr/lib64/dotnet/sdk/10.0.101/Sdks/Microsoft.SourceLink.AzureRepos.Git/build/Microsoft.SourceLink.AzureRepos.Git.targets(12,5): message : Property reassignment: $(SourceLinkUrlInitializerTargets)=";_InitializeGitHubSourceLinkUrl;_InitializeGitLabSourceLinkUrl;_InitializeAzureReposGitSourceLinkUrl" (previous value: ";_InitializeGitHubSourceLinkUrl;_InitializeGitLabSourceLinkUrl") at /usr/lib64/dotnet/sdk/10.0.101/Sdks/Microsoft.SourceLink.AzureRepos.Git/build/Microsoft.SourceLink.AzureRepos.Git.targets (12,5)
       /usr/lib64/dotnet/sdk/10.0.101/Sdks/Microsoft.SourceLink.AzureRepos.Git/build/Microsoft.SourceLink.AzureRepos.Git.targets(13,5): message : Property reassignment: $(SourceControlManagerUrlTranslationTargets)=";TranslateGitHubUrlsInSourceControlInformation;TranslateGitLabUrlsInSourceControlInformation;TranslateAzureReposGitUrlsInSourceControlInformation" (previous value: ";TranslateGitHubUrlsInSourceControlInformation;TranslateGitLabUrlsInSourceControlInformation") at /usr/lib64/dotnet/sdk/10.0.101/Sdks/Microsoft.SourceLink.AzureRepos.Git/build/Microsoft.SourceLink.AzureRepos.Git.targets (13,5)
       /usr/lib64/dotnet/sdk/10.0.101/Sdks/Microsoft.SourceLink.Bitbucket.Git/build/Microsoft.SourceLink.Bitbucket.Git.targets(12,5): message : Property reassignment: $(SourceLinkUrlInitializerTargets)=";_InitializeGitHubSourceLinkUrl;_InitializeGitLabSourceLinkUrl;_InitializeAzureReposGitSourceLinkUrl;_InitializeBitbucketGitSourceLinkUrl" (previous value: ";_InitializeGitHubSourceLinkUrl;_InitializeGitLabSourceLinkUrl;_InitializeAzureReposGitSourceLinkUrl") at /usr/lib64/dotnet/sdk/10.0.101/Sdks/Microsoft.SourceLink.Bitbucket.Git/build/Microsoft.SourceLink.Bitbucket.Git.targets (12,5)
       /usr/lib64/dotnet/sdk/10.0.101/Roslyn/Microsoft.Managed.Core.targets(6,5): message : Property reassignment: $(_BuildTasksDirectory)="/usr/lib64/dotnet/sdk/10.0.101/Sdks/Microsoft.NET.Sdk/targets/../../../Roslyn/" (previous value: "/usr/lib64/dotnet/sdk/10.0.101/Roslyn/") at /usr/lib64/dotnet/sdk/10.0.101/Roslyn/Microsoft.Managed.Core.targets (6,5)
       /usr/lib64/dotnet/sdk/10.0.101/Sdks/Microsoft.SourceLink.Bitbucket.Git/build/Microsoft.SourceLink.Bitbucket.Git.targets(13,5): message : Property reassignment: $(SourceControlManagerUrlTranslationTargets)=";TranslateGitHubUrlsInSourceControlInformation;TranslateGitLabUrlsInSourceControlInformation;TranslateAzureReposGitUrlsInSourceControlInformation;TranslateBitbucketGitUrlsInSourceControlInformation" (previous value: ";TranslateGitHubUrlsInSourceControlInformation;TranslateGitLabUrlsInSourceControlInformation;TranslateAzureReposGitUrlsInSourceControlInformation") at /usr/lib64/dotnet/sdk/10.0.101/Sdks/Microsoft.SourceLink.Bitbucket.Git/build/Microsoft.SourceLink.Bitbucket.Git.targets (13,5)
       /usr/lib64/dotnet/sdk/10.0.101/Microsoft.Common.CurrentVersion.targets(392,5): message : Property reassignment: $(MSBuildCopyMarkerName)="Entegras.61225855" (previous value: "Entegrasyon.Business.csproj") at /usr/lib64/dotnet/sdk/10.0.101/Microsoft.Common.CurrentVersion.targets (392,5)
       /usr/lib64/dotnet/sdk/10.0.101/Microsoft.Common.CurrentVersion.targets(541,5): message : Property reassignment: $(ProcessorArchitecture)="msil" (previous value: "") at /usr/lib64/dotnet/sdk/10.0.101/Microsoft.Common.CurrentVersion.targets (541,5)
       /usr/lib64/dotnet/sdk/10.0.101/Microsoft.Common.CurrentVersion.targets(393,5): message : Property reassignment: $(MSBuildCopyMarkerName)="Entegras.61225855.Up2Date" (previous value: "Entegras.61225855") at /usr/lib64/dotnet/sdk/10.0.101/Microsoft.Common.CurrentVersion.targets (393,5)
       /usr/lib64/dotnet/sdk/10.0.101/Microsoft.Common.CurrentVersion.targets(580,5): message : Property reassignment: $(DelaySign)="" (previous value: "false") at /usr/lib64/dotnet/sdk/10.0.101/Microsoft.Common.CurrentVersion.targets (580,5)
       /usr/lib64/dotnet/sdk/10.0.101/Sdks/Microsoft.NET.Sdk/targets/Microsoft.NET.DesignerSupport.targets(21,5): message : Property reassignment: $(DesignerRuntimeImplementationProjectOutputGroupDependsOn)="
       /usr/lib64/dotnet/sdk/10.0.101/Sdks/Microsoft.NET.Sdk/targets/Microsoft.NET.DesignerSupport.targets(21,5): message :       
       /usr/lib64/dotnet/sdk/10.0.101/Sdks/Microsoft.NET.Sdk/targets/Microsoft.NET.DesignerSupport.targets(21,5): message :       ;
       /usr/lib64/dotnet/sdk/10.0.101/Sdks/Microsoft.NET.Sdk/targets/Microsoft.NET.DesignerSupport.targets(21,5): message :       
       /usr/lib64/dotnet/sdk/10.0.101/Sdks/Microsoft.NET.Sdk/targets/Microsoft.NET.DesignerSupport.targets(21,5): message :       ;
       /usr/lib64/dotnet/sdk/10.0.101/Sdks/Microsoft.NET.Sdk/targets/Microsoft.NET.DesignerSupport.targets(21,5): message :       BuildOnlySettings;
       /usr/lib64/dotnet/sdk/10.0.101/Sdks/Microsoft.NET.Sdk/targets/Microsoft.NET.DesignerSupport.targets(21,5): message :       PrepareForBuild;
       /usr/lib64/dotnet/sdk/10.0.101/Sdks/Microsoft.NET.Sdk/targets/Microsoft.NET.DesignerSupport.targets(21,5): message :       AssignTargetPaths;
       /usr/lib64/dotnet/sdk/10.0.101/Sdks/Microsoft.NET.Sdk/targets/Microsoft.NET.DesignerSupport.targets(21,5): message :       ResolveReferences
       /usr/lib64/dotnet/sdk/10.0.101/Sdks/Microsoft.NET.Sdk/targets/Microsoft.NET.DesignerSupport.targets(21,5): message :     
       /usr/lib64/dotnet/sdk/10.0.101/Sdks/Microsoft.NET.Sdk/targets/Microsoft.NET.DesignerSupport.targets(21,5): message :     ;
       /usr/lib64/dotnet/sdk/10.0.101/Sdks/Microsoft.NET.Sdk/targets/Microsoft.NET.DesignerSupport.targets(21,5): message :       _GenerateDesignerDepsFile;
       /usr/lib64/dotnet/sdk/10.0.101/Sdks/Microsoft.NET.Sdk/targets/Microsoft.NET.DesignerSupport.targets(21,5): message :       _GenerateDesignerRuntimeConfigFile;
       /usr/lib64/dotnet/sdk/10.0.101/Sdks/Microsoft.NET.Sdk/targets/Microsoft.NET.DesignerSupport.targets(21,5): message :       GetCopyToOutputDirectoryItems;
       /usr/lib64/dotnet/sdk/10.0.101/Sdks/Microsoft.NET.Sdk/targets/Microsoft.NET.DesignerSupport.targets(21,5): message :       _GatherDesignerShadowCopyFiles;
       /usr/lib64/dotnet/sdk/10.0.101/Sdks/Microsoft.NET.Sdk/targets/Microsoft.NET.DesignerSupport.targets(21,5): message :     " (previous value: "
       /usr/lib64/dotnet/sdk/10.0.101/Sdks/Microsoft.NET.Sdk/targets/Microsoft.NET.DesignerSupport.targets(21,5): message :       ;
       /usr/lib64/dotnet/sdk/10.0.101/Sdks/Microsoft.NET.Sdk/targets/Microsoft.NET.DesignerSupport.targets(21,5): message :       
       /usr/lib64/dotnet/sdk/10.0.101/Sdks/Microsoft.NET.Sdk/targets/Microsoft.NET.DesignerSupport.targets(21,5): message :       ;
       /usr/lib64/dotnet/sdk/10.0.101/Sdks/Microsoft.NET.Sdk/targets/Microsoft.NET.DesignerSupport.targets(21,5): message :       BuildOnlySettings;
       /usr/lib64/dotnet/sdk/10.0.101/Sdks/Microsoft.NET.Sdk/targets/Microsoft.NET.DesignerSupport.targets(21,5): message :       PrepareForBuild;
       /usr/lib64/dotnet/sdk/10.0.101/Sdks/Microsoft.NET.Sdk/targets/Microsoft.NET.DesignerSupport.targets(21,5): message :       AssignTargetPaths;
       /usr/lib64/dotnet/sdk/10.0.101/Sdks/Microsoft.NET.Sdk/targets/Microsoft.NET.DesignerSupport.targets(21,5): message :       ResolveReferences
       /usr/lib64/dotnet/sdk/10.0.101/Sdks/Microsoft.NET.Sdk/targets/Microsoft.NET.DesignerSupport.targets(21,5): message :     
       /usr/lib64/dotnet/sdk/10.0.101/Sdks/Microsoft.NET.Sdk/targets/Microsoft.NET.DesignerSupport.targets(21,5): message :     ") at /usr/lib64/dotnet/sdk/10.0.101/Sdks/Microsoft.NET.Sdk/targets/Microsoft.NET.DesignerSupport.targets (21,5)
       /usr/lib64/dotnet/sdk/10.0.101/Sdks/Microsoft.NET.Sdk/targets/Microsoft.NET.Sdk.props(90,5): message : Property reassignment: $(AssemblySearchPaths)="{CandidateAssemblyFiles};{HintPathFromItem}" (previous value: "{CandidateAssemblyFiles}") at /usr/lib64/dotnet/sdk/10.0.101/Sdks/Microsoft.NET.Sdk/targets/Microsoft.NET.Sdk.props (90,5)
       /usr/lib64/dotnet/sdk/10.0.101/Sdks/Microsoft.NET.Sdk/targets/Microsoft.NET.Sdk.props(91,5): message : Property reassignment: $(AssemblySearchPaths)="{CandidateAssemblyFiles};{HintPathFromItem};{TargetFrameworkDirectory}" (previous value: "{CandidateAssemblyFiles};{HintPathFromItem}") at /usr/lib64/dotnet/sdk/10.0.101/Sdks/Microsoft.NET.Sdk/targets/Microsoft.NET.Sdk.props (91,5)
       /usr/lib64/dotnet/sdk/10.0.101/Sdks/Microsoft.NET.Sdk/targets/Microsoft.NET.Sdk.props(92,5): message : Property reassignment: $(AssemblySearchPaths)="{CandidateAssemblyFiles};{HintPathFromItem};{TargetFrameworkDirectory};{RawFileName}" (previous value: "{CandidateAssemblyFiles};{HintPathFromItem};{TargetFrameworkDirectory}") at /usr/lib64/dotnet/sdk/10.0.101/Sdks/Microsoft.NET.Sdk/targets/Microsoft.NET.Sdk.props (92,5)
       /usr/lib64/dotnet/sdk/10.0.101/Microsoft.Common.CurrentVersion.targets(2606,5): message : Property 'LocalAppData' with value '/home/baturhan/.local/share' expanded from the environment.
       /usr/lib64/dotnet/sdk/10.0.101/Roslyn/Microsoft.CSharp.Core.targets(200,5): message : Property reassignment: $(CommandLineArgsForDesignTimeEvaluation)="-langversion:12.0 -define:TRACE" (previous value: "-langversion:12.0") at /usr/lib64/dotnet/sdk/10.0.101/Roslyn/Microsoft.CSharp.Core.targets (200,5)
       /usr/lib64/dotnet/sdk/10.0.101/Microsoft.Common.CurrentVersion.targets(541,5): message : Property reassignment: $(ProcessorArchitecture)="msil" (previous value: "") at /usr/lib64/dotnet/sdk/10.0.101/Microsoft.Common.CurrentVersion.targets (541,5)
       /usr/lib64/dotnet/sdk/10.0.101/Microsoft.Common.CurrentVersion.targets(580,5): message : Property reassignment: $(DelaySign)="" (previous value: "false") at /usr/lib64/dotnet/sdk/10.0.101/Microsoft.Common.CurrentVersion.targets (580,5)
       /usr/lib64/dotnet/sdk/10.0.101/Microsoft.Common.CurrentVersion.targets(3934,5): message : Property reassignment: $(_SGenGenerateSerializationAssembliesConfig)="Auto" (previous value: "") at /usr/lib64/dotnet/sdk/10.0.101/Microsoft.Common.CurrentVersion.targets (3934,5)
       /usr/lib64/dotnet/sdk/10.0.101/Microsoft.Common.CurrentVersion.targets(3935,5): message : Property reassignment: $(_SGenGenerateSerializationAssembliesConfig)="Off" (previous value: "Auto") at /usr/lib64/dotnet/sdk/10.0.101/Microsoft.Common.CurrentVersion.targets (3935,5)
       /usr/lib64/dotnet/sdk/10.0.101/Microsoft.Common.CurrentVersion.targets(5146,5): message : Property reassignment: $(_TargetsThatPrepareProjectReferences)="
       /usr/lib64/dotnet/sdk/10.0.101/Microsoft.Common.CurrentVersion.targets(5146,5): message :       AssignProjectConfiguration;
       /usr/lib64/dotnet/sdk/10.0.101/Microsoft.Common.CurrentVersion.targets(5146,5): message :       _SplitProjectReferencesByFileExistence
       /usr/lib64/dotnet/sdk/10.0.101/Microsoft.Common.CurrentVersion.targets(5146,5): message :     " (previous value: "_SplitProjectReferencesByFileExistence") at /usr/lib64/dotnet/sdk/10.0.101/Microsoft.Common.CurrentVersion.targets (5146,5)
       /usr/lib64/dotnet/sdk/10.0.101/Microsoft.Common.CurrentVersion.targets(6959,5): message : Property 'MSBuildExtensionsPath32' with value '/usr/lib64/dotnet/sdk/10.0.101' expanded from the environment.
       /usr/lib64/dotnet/sdk/10.0.101/Sdks/Microsoft.NET.Sdk/targets/Microsoft.NET.Sdk.CSharp.targets(31,5): message : Property reassignment: $(DefineConstants)="TRACE;DEBUG" (previous value: "TRACE") at /usr/lib64/dotnet/sdk/10.0.101/Sdks/Microsoft.NET.Sdk/targets/Microsoft.NET.Sdk.CSharp.targets (31,5)
       /usr/lib64/dotnet/sdk/10.0.101/Sdks/Microsoft.NET.Sdk/targets/Microsoft.NET.Sdk.CSharp.targets(45,5): message : Property reassignment: $(WarningsAsErrors)=";NU1605;SYSLIB0011" (previous value: ";NU1605") at /usr/lib64/dotnet/sdk/10.0.101/Sdks/Microsoft.NET.Sdk/targets/Microsoft.NET.Sdk.CSharp.targets (45,5)
       /usr/lib64/dotnet/sdk/10.0.101/Microsoft.Common.CurrentVersion.targets(2606,5): message : Property 'LocalAppData' with value '/home/baturhan/.local/share' expanded from the environment.
       The "NuGetInteractive" property is a global property, and cannot be modified.
       /usr/lib64/dotnet/sdk/10.0.101/NuGet.Build.Tasks.Pack.targets(34,5): message : Property reassignment: $(PackageDescription)="Package Description" (previous value: "") at /usr/lib64/dotnet/sdk/10.0.101/NuGet.Build.Tasks.Pack.targets (34,5)
       /usr/lib64/dotnet/sdk/10.0.101/NuGet.Build.Tasks.Pack.targets(59,5): message : Property reassignment: $(GenerateNuspecDependsOn)="Build;_LoadPackInputItems; _GetTargetFrameworksOutput; _WalkEachTargetPerFramework; _GetPackageFiles; " (previous value: "_LoadPackInputItems; _GetTargetFrameworksOutput; _WalkEachTargetPerFramework; _GetPackageFiles; ") at /usr/lib64/dotnet/sdk/10.0.101/NuGet.Build.Tasks.Pack.targets (59,5)
       /usr/lib64/dotnet/sdk/10.0.101/Microsoft.Common.CurrentVersion.targets(3934,5): message : Property reassignment: $(_SGenGenerateSerializationAssembliesConfig)="Auto" (previous value: "") at /usr/lib64/dotnet/sdk/10.0.101/Microsoft.Common.CurrentVersion.targets (3934,5)
       /usr/lib64/dotnet/sdk/10.0.101/Sdks/Microsoft.NET.Sdk/Sdk/Sdk.targets(59,5): message : Property reassignment: $(_IsNotSetContainersTargetsDir)="true" (previous value: "false") at /usr/lib64/dotnet/sdk/10.0.101/Sdks/Microsoft.NET.Sdk/Sdk/Sdk.targets (59,5)
       /usr/lib64/dotnet/sdk/10.0.101/Microsoft.Common.CurrentVersion.targets(3935,5): message : Property reassignment: $(_SGenGenerateSerializationAssembliesConfig)="Off" (previous value: "Auto") at /usr/lib64/dotnet/sdk/10.0.101/Microsoft.Common.CurrentVersion.targets (3935,5)
       /usr/lib64/dotnet/sdk/10.0.101/Microsoft.Common.CurrentVersion.targets(5146,5): message : Property reassignment: $(_TargetsThatPrepareProjectReferences)="
       /usr/lib64/dotnet/sdk/10.0.101/Microsoft.Common.CurrentVersion.targets(5146,5): message :       AssignProjectConfiguration;
       /usr/lib64/dotnet/sdk/10.0.101/Microsoft.Common.CurrentVersion.targets(5146,5): message :       _SplitProjectReferencesByFileExistence
       /usr/lib64/dotnet/sdk/10.0.101/Microsoft.Common.CurrentVersion.targets(5146,5): message :     " (previous value: "_SplitProjectReferencesByFileExistence") at /usr/lib64/dotnet/sdk/10.0.101/Microsoft.Common.CurrentVersion.targets (5146,5)
       /usr/lib64/dotnet/sdk/10.0.101/Containers/build/Microsoft.NET.Build.Containers.targets(5,5): message : Property reassignment: $(_IsSDKContainerAllowedVersion)="true" (previous value: "false") at /usr/lib64/dotnet/sdk/10.0.101/Containers/build/Microsoft.NET.Build.Containers.targets (5,5)
       /usr/lib64/dotnet/sdk/10.0.101/Containers/build/Microsoft.NET.Build.Containers.targets(15,5): message : Property reassignment: $(_ContainerIsTargetingNet8TFM)="true" (previous value: "false") at /usr/lib64/dotnet/sdk/10.0.101/Containers/build/Microsoft.NET.Build.Containers.targets (15,5)
       /usr/lib64/dotnet/sdk/10.0.101/Microsoft.Common.CurrentVersion.targets(6959,5): message : Property 'MSBuildExtensionsPath32' with value '/usr/lib64/dotnet/sdk/10.0.101' expanded from the environment.
       /usr/lib64/dotnet/sdk/10.0.101/Microsoft.Common.CurrentVersion.targets(175,5): message : Property reassignment: $(_DebugSymbolsProduced)="true" (previous value: "false") at /usr/lib64/dotnet/sdk/10.0.101/Microsoft.Common.CurrentVersion.targets (175,5)
       /usr/lib64/dotnet/sdk/10.0.101/Microsoft.Common.CurrentVersion.targets(185,5): message : Property reassignment: $(_DocumentationFileProduced)="false" (previous value: "true") at /usr/lib64/dotnet/sdk/10.0.101/Microsoft.Common.CurrentVersion.targets (185,5)
       /usr/lib64/dotnet/sdk/10.0.101/Sdks/Microsoft.NET.Sdk/targets/Microsoft.PackageDependencyResolution.targets(29,5): message : Property reassignment: $(ProjectAssetsCacheFile)="/home/baturhan/Projeler/Entegrasyon/Application/Entegrasyon.ApplicationBootstrap/obj/Debug/net8.0/Entegrasyon.ApplicationBootstrap.assets.cache" (previous value: "obj/Debug/net8.0/Entegrasyon.ApplicationBootstrap.assets.cache") at /usr/lib64/dotnet/sdk/10.0.101/Sdks/Microsoft.NET.Sdk/targets/Microsoft.PackageDependencyResolution.targets (29,5)
       The "NuGetInteractive" property is a global property, and cannot be modified.
       /usr/lib64/dotnet/sdk/10.0.101/Sdks/Microsoft.NET.Sdk/targets/Microsoft.PackageDependencyResolution.targets(80,5): message : Property reassignment: $(ResolveAssemblyReferencesDependsOn)="
       /usr/lib64/dotnet/sdk/10.0.101/Sdks/Microsoft.NET.Sdk/targets/Microsoft.PackageDependencyResolution.targets(80,5): message :       
       /usr/lib64/dotnet/sdk/10.0.101/Sdks/Microsoft.NET.Sdk/targets/Microsoft.PackageDependencyResolution.targets(80,5): message :       ResolveProjectReferences;
       /usr/lib64/dotnet/sdk/10.0.101/Sdks/Microsoft.NET.Sdk/targets/Microsoft.PackageDependencyResolution.targets(80,5): message :       FindInvalidProjectReferences;
       /usr/lib64/dotnet/sdk/10.0.101/Sdks/Microsoft.NET.Sdk/targets/Microsoft.PackageDependencyResolution.targets(80,5): message :       GetFrameworkPaths;
       /usr/lib64/dotnet/sdk/10.0.101/Sdks/Microsoft.NET.Sdk/targets/Microsoft.PackageDependencyResolution.targets(80,5): message :       GetReferenceAssemblyPaths;
       /usr/lib64/dotnet/sdk/10.0.101/Sdks/Microsoft.NET.Sdk/targets/Microsoft.PackageDependencyResolution.targets(80,5): message :       PrepareForBuild;
       /usr/lib64/dotnet/sdk/10.0.101/Sdks/Microsoft.NET.Sdk/targets/Microsoft.PackageDependencyResolution.targets(80,5): message :       ResolveSDKReferences;
       /usr/lib64/dotnet/sdk/10.0.101/Sdks/Microsoft.NET.Sdk/targets/Microsoft.PackageDependencyResolution.targets(80,5): message :       ExpandSDKReferences;
       /usr/lib64/dotnet/sdk/10.0.101/Sdks/Microsoft.NET.Sdk/targets/Microsoft.PackageDependencyResolution.targets(80,5): message :     ;
       /usr/lib64/dotnet/sdk/10.0.101/Sdks/Microsoft.NET.Sdk/targets/Microsoft.PackageDependencyResolution.targets(80,5): message :       ResolvePackageDependenciesForBuild;
       /usr/lib64/dotnet/sdk/10.0.101/Sdks/Microsoft.NET.Sdk/targets/Microsoft.PackageDependencyResolution.targets(80,5): message :       _HandlePackageFileConflicts;
       /usr/lib64/dotnet/sdk/10.0.101/Sdks/Microsoft.NET.Sdk/targets/Microsoft.PackageDependencyResolution.targets(80,5): message :     " (previous value: "
       /usr/lib64/dotnet/sdk/10.0.101/Sdks/Microsoft.NET.Sdk/targets/Microsoft.PackageDependencyResolution.targets(80,5): message :       ResolveProjectReferences;
       /usr/lib64/dotnet/sdk/10.0.101/Sdks/Microsoft.NET.Sdk/targets/Microsoft.PackageDependencyResolution.targets(80,5): message :       FindInvalidProjectReferences;
       /usr/lib64/dotnet/sdk/10.0.101/Sdks/Microsoft.NET.Sdk/targets/Microsoft.PackageDependencyResolution.targets(80,5): message :       GetFrameworkPaths;
       /usr/lib64/dotnet/sdk/10.0.101/Sdks/Microsoft.NET.Sdk/targets/Microsoft.PackageDependencyResolution.targets(80,5): message :       GetReferenceAssemblyPaths;
       /usr/lib64/dotnet/sdk/10.0.101/Sdks/Microsoft.NET.Sdk/targets/Microsoft.PackageDependencyResolution.targets(80,5): message :       PrepareForBuild;
       /usr/lib64/dotnet/sdk/10.0.101/Sdks/Microsoft.NET.Sdk/targets/Microsoft.PackageDependencyResolution.targets(80,5): message :       ResolveSDKReferences;
       /usr/lib64/dotnet/sdk/10.0.101/Sdks/Microsoft.NET.Sdk/targets/Microsoft.PackageDependencyResolution.targets(80,5): message :       ExpandSDKReferences;
       /usr/lib64/dotnet/sdk/10.0.101/Sdks/Microsoft.NET.Sdk/targets/Microsoft.PackageDependencyResolution.targets(80,5): message :     ") at /usr/lib64/dotnet/sdk/10.0.101/Sdks/Microsoft.NET.Sdk/targets/Microsoft.PackageDependencyResolution.targets (80,5)
       /usr/lib64/dotnet/sdk/10.0.101/Sdks/Microsoft.NET.Sdk/targets/Microsoft.PackageDependencyResolution.targets(86,5): message : Property reassignment: $(PrepareResourcesDependsOn)="
       /usr/lib64/dotnet/sdk/10.0.101/Sdks/Microsoft.NET.Sdk/targets/Microsoft.PackageDependencyResolution.targets(86,5): message :       ResolvePackageDependenciesForBuild;
       /usr/lib64/dotnet/sdk/10.0.101/Sdks/Microsoft.NET.Sdk/targets/Microsoft.PackageDependencyResolution.targets(86,5): message :       _HandlePackageFileConflicts;
       /usr/lib64/dotnet/sdk/10.0.101/Sdks/Microsoft.NET.Sdk/targets/Microsoft.PackageDependencyResolution.targets(86,5): message :       
       /usr/lib64/dotnet/sdk/10.0.101/Sdks/Microsoft.NET.Sdk/targets/Microsoft.PackageDependencyResolution.targets(86,5): message :       ;
       /usr/lib64/dotnet/sdk/10.0.101/Sdks/Microsoft.NET.Sdk/targets/Microsoft.PackageDependencyResolution.targets(86,5): message :       PrepareResourceNames;
       /usr/lib64/dotnet/sdk/10.0.101/Sdks/Microsoft.NET.Sdk/targets/Microsoft.PackageDependencyResolution.targets(86,5): message :       ResGen;
       /usr/lib64/dotnet/sdk/10.0.101/Sdks/Microsoft.NET.Sdk/targets/Microsoft.PackageDependencyResolution.targets(86,5): message :       CompileLicxFiles
       /usr/lib64/dotnet/sdk/10.0.101/Sdks/Microsoft.NET.Sdk/targets/Microsoft.PackageDependencyResolution.targets(86,5): message :     
       /usr/lib64/dotnet/sdk/10.0.101/Sdks/Microsoft.NET.Sdk/targets/Microsoft.PackageDependencyResolution.targets(86,5): message :     " (previous value: "
       /usr/lib64/dotnet/sdk/10.0.101/Sdks/Microsoft.NET.Sdk/targets/Microsoft.PackageDependencyResolution.targets(86,5): message :       ;
       /usr/lib64/dotnet/sdk/10.0.101/Sdks/Microsoft.NET.Sdk/targets/Microsoft.PackageDependencyResolution.targets(86,5): message :       PrepareResourceNames;
       /usr/lib64/dotnet/sdk/10.0.101/Sdks/Microsoft.NET.Sdk/targets/Microsoft.PackageDependencyResolution.targets(86,5): message :       ResGen;
       /usr/lib64/dotnet/sdk/10.0.101/Sdks/Microsoft.NET.Sdk/targets/Microsoft.PackageDependencyResolution.targets(86,5): message :       CompileLicxFiles
       /usr/lib64/dotnet/sdk/10.0.101/Sdks/Microsoft.NET.Sdk/targets/Microsoft.PackageDependencyResolution.targets(86,5): message :     ") at /usr/lib64/dotnet/sdk/10.0.101/Sdks/Microsoft.NET.Sdk/targets/Microsoft.PackageDependencyResolution.targets (86,5)
       /usr/lib64/dotnet/sdk/10.0.101/Sdks/Microsoft.NET.Sdk/targets/Microsoft.NET.Sdk.DefaultItems.targets(35,5): message : Property reassignment: $(DefaultItemExcludes)=";bin/Debug//**;obj/Debug//**;bin//**" (previous value: ";bin/Debug//**;obj/Debug//**") at /usr/lib64/dotnet/sdk/10.0.101/Sdks/Microsoft.NET.Sdk/targets/Microsoft.NET.Sdk.DefaultItems.targets (35,5)
       /usr/lib64/dotnet/sdk/10.0.101/Sdks/Microsoft.NET.Sdk/targets/Microsoft.NET.Sdk.DefaultItems.targets(37,5): message : Property reassignment: $(DefaultItemExcludes)=";bin/Debug//**;obj/Debug//**;bin//**;obj//**" (previous value: ";bin/Debug//**;obj/Debug//**;bin//**") at /usr/lib64/dotnet/sdk/10.0.101/Sdks/Microsoft.NET.Sdk/targets/Microsoft.NET.Sdk.DefaultItems.targets (37,5)
       /usr/lib64/dotnet/sdk/10.0.101/Sdks/Microsoft.NET.Sdk/targets/Microsoft.NET.Sdk.DefaultItems.targets(40,5): message : Property reassignment: $(DefaultItemExcludes)=";bin/Debug//**;obj/Debug//**;bin//**;obj//**;**/*.user" (previous value: ";bin/Debug//**;obj/Debug//**;bin//**;obj//**") at /usr/lib64/dotnet/sdk/10.0.101/Sdks/Microsoft.NET.Sdk/targets/Microsoft.NET.Sdk.DefaultItems.targets (40,5)
       /usr/lib64/dotnet/sdk/10.0.101/Sdks/Microsoft.NET.Sdk/targets/Microsoft.NET.Sdk.DefaultItems.targets(41,5): message : Property reassignment: $(DefaultItemExcludes)=";bin/Debug//**;obj/Debug//**;bin//**;obj//**;**/*.user;**/*.*proj" (previous value: ";bin/Debug//**;obj/Debug//**;bin//**;obj//**;**/*.user") at /usr/lib64/dotnet/sdk/10.0.101/Sdks/Microsoft.NET.Sdk/targets/Microsoft.NET.Sdk.DefaultItems.targets (41,5)
       /usr/lib64/dotnet/sdk/10.0.101/Sdks/Microsoft.NET.Sdk/targets/Microsoft.NET.Sdk.DefaultItems.targets(42,5): message : Property reassignment: $(DefaultItemExcludes)=";bin/Debug//**;obj/Debug//**;bin//**;obj//**;**/*.user;**/*.*proj;**/*.sln" (previous value: ";bin/Debug//**;obj/Debug//**;bin//**;obj//**;**/*.user;**/*.*proj") at /usr/lib64/dotnet/sdk/10.0.101/Sdks/Microsoft.NET.Sdk/targets/Microsoft.NET.Sdk.DefaultItems.targets (42,5)
       /usr/lib64/dotnet/sdk/10.0.101/Microsoft.Common.CurrentVersion.targets(392,5): message : Property reassignment: $(MSBuildCopyMarkerName)="Entegras.D87630B8" (previous value: "Entegrasyon.MessageQueue.Handler.csproj") at /usr/lib64/dotnet/sdk/10.0.101/Microsoft.Common.CurrentVersion.targets (392,5)
       /usr/lib64/dotnet/sdk/10.0.101/Sdks/Microsoft.NET.Sdk/targets/Microsoft.NET.Sdk.DefaultItems.targets(43,5): message : Property reassignment: $(DefaultItemExcludes)=";bin/Debug//**;obj/Debug//**;bin//**;obj//**;**/*.user;**/*.*proj;**/*.sln;**/*.slnx" (previous value: ";bin/Debug//**;obj/Debug//**;bin//**;obj//**;**/*.user;**/*.*proj;**/*.sln") at /usr/lib64/dotnet/sdk/10.0.101/Sdks/Microsoft.NET.Sdk/targets/Microsoft.NET.Sdk.DefaultItems.targets (43,5)
       /usr/lib64/dotnet/sdk/10.0.101/Microsoft.Common.CurrentVersion.targets(393,5): message : Property reassignment: $(MSBuildCopyMarkerName)="Entegras.D87630B8.Up2Date" (previous value: "Entegras.D87630B8") at /usr/lib64/dotnet/sdk/10.0.101/Microsoft.Common.CurrentVersion.targets (393,5)
       /usr/lib64/dotnet/sdk/10.0.101/Sdks/Microsoft.NET.Sdk/targets/Microsoft.NET.Sdk.DefaultItems.targets(44,5): message : Property reassignment: $(DefaultItemExcludes)=";bin/Debug//**;obj/Debug//**;bin//**;obj//**;**/*.user;**/*.*proj;**/*.sln;**/*.slnx;**/*.vssscc" (previous value: ";bin/Debug//**;obj/Debug//**;bin//**;obj//**;**/*.user;**/*.*proj;**/*.sln;**/*.slnx") at /usr/lib64/dotnet/sdk/10.0.101/Sdks/Microsoft.NET.Sdk/targets/Microsoft.NET.Sdk.DefaultItems.targets (44,5)
       /usr/lib64/dotnet/sdk/10.0.101/Sdks/Microsoft.NET.Sdk/targets/Microsoft.NET.Sdk.DefaultItems.targets(45,5): message : Property reassignment: $(DefaultItemExcludes)=";bin/Debug//**;obj/Debug//**;bin//**;obj//**;**/*.user;**/*.*proj;**/*.sln;**/*.slnx;**/*.vssscc;**/.DS_Store" (previous value: ";bin/Debug//**;obj/Debug//**;bin//**;obj//**;**/*.user;**/*.*proj;**/*.sln;**/*.slnx;**/*.vssscc") at /usr/lib64/dotnet/sdk/10.0.101/Sdks/Microsoft.NET.Sdk/targets/Microsoft.NET.Sdk.DefaultItems.targets (45,5)
       /usr/lib64/dotnet/sdk/10.0.101/Sdks/Microsoft.NET.Sdk/targets/Microsoft.NET.Sdk.FrameworkReferenceResolution.targets(14,5): message : Property reassignment: $(ResolveAssemblyReferencesDependsOn)="
       /usr/lib64/dotnet/sdk/10.0.101/Sdks/Microsoft.NET.Sdk/targets/Microsoft.NET.Sdk.FrameworkReferenceResolution.targets(14,5): message :       
       /usr/lib64/dotnet/sdk/10.0.101/Sdks/Microsoft.NET.Sdk/targets/Microsoft.NET.Sdk.FrameworkReferenceResolution.targets(14,5): message :       
       /usr/lib64/dotnet/sdk/10.0.101/Sdks/Microsoft.NET.Sdk/targets/Microsoft.NET.Sdk.FrameworkReferenceResolution.targets(14,5): message :       ResolveProjectReferences;
       /usr/lib64/dotnet/sdk/10.0.101/Sdks/Microsoft.NET.Sdk/targets/Microsoft.NET.Sdk.FrameworkReferenceResolution.targets(14,5): message :       FindInvalidProjectReferences;
       /usr/lib64/dotnet/sdk/10.0.101/Sdks/Microsoft.NET.Sdk/targets/Microsoft.NET.Sdk.FrameworkReferenceResolution.targets(14,5): message :       GetFrameworkPaths;
       /usr/lib64/dotnet/sdk/10.0.101/Sdks/Microsoft.NET.Sdk/targets/Microsoft.NET.Sdk.FrameworkReferenceResolution.targets(14,5): message :       GetReferenceAssemblyPaths;
       /usr/lib64/dotnet/sdk/10.0.101/Sdks/Microsoft.NET.Sdk/targets/Microsoft.NET.Sdk.FrameworkReferenceResolution.targets(14,5): message :       PrepareForBuild;
       /usr/lib64/dotnet/sdk/10.0.101/Sdks/Microsoft.NET.Sdk/targets/Microsoft.NET.Sdk.FrameworkReferenceResolution.targets(14,5): message :       ResolveSDKReferences;
       /usr/lib64/dotnet/sdk/10.0.101/Sdks/Microsoft.NET.Sdk/targets/Microsoft.NET.Sdk.FrameworkReferenceResolution.targets(14,5): message :       ExpandSDKReferences;
       /usr/lib64/dotnet/sdk/10.0.101/Sdks/Microsoft.NET.Sdk/targets/Microsoft.NET.Sdk.FrameworkReferenceResolution.targets(14,5): message :     ;
       /usr/lib64/dotnet/sdk/10.0.101/Sdks/Microsoft.NET.Sdk/targets/Microsoft.NET.Sdk.FrameworkReferenceResolution.targets(14,5): message :       ResolvePackageDependenciesForBuild;
       /usr/lib64/dotnet/sdk/10.0.101/Sdks/Microsoft.NET.Sdk/targets/Microsoft.NET.Sdk.FrameworkReferenceResolution.targets(14,5): message :       _HandlePackageFileConflicts;
       /usr/lib64/dotnet/sdk/10.0.101/Sdks/Microsoft.NET.Sdk/targets/Microsoft.NET.Sdk.FrameworkReferenceResolution.targets(14,5): message :     ;
       /usr/lib64/dotnet/sdk/10.0.101/Sdks/Microsoft.NET.Sdk/targets/Microsoft.NET.Sdk.FrameworkReferenceResolution.targets(14,5): message :       ResolveTargetingPackAssets;
       /usr/lib64/dotnet/sdk/10.0.101/Sdks/Microsoft.NET.Sdk/targets/Microsoft.NET.Sdk.FrameworkReferenceResolution.targets(14,5): message :     " (previous value: "
       /usr/lib64/dotnet/sdk/10.0.101/Sdks/Microsoft.NET.Sdk/targets/Microsoft.NET.Sdk.FrameworkReferenceResolution.targets(14,5): message :       
       /usr/lib64/dotnet/sdk/10.0.101/Sdks/Microsoft.NET.Sdk/targets/Microsoft.NET.Sdk.FrameworkReferenceResolution.targets(14,5): message :       ResolveProjectReferences;
       /usr/lib64/dotnet/sdk/10.0.101/Sdks/Microsoft.NET.Sdk/targets/Microsoft.NET.Sdk.FrameworkReferenceResolution.targets(14,5): message :       FindInvalidProjectReferences;
       /usr/lib64/dotnet/sdk/10.0.101/Sdks/Microsoft.NET.Sdk/targets/Microsoft.NET.Sdk.FrameworkReferenceResolution.targets(14,5): message :       GetFrameworkPaths;
       /usr/lib64/dotnet/sdk/10.0.101/Sdks/Microsoft.NET.Sdk/targets/Microsoft.NET.Sdk.FrameworkReferenceResolution.targets(14,5): message :       GetReferenceAssemblyPaths;
       /usr/lib64/dotnet/sdk/10.0.101/Sdks/Microsoft.NET.Sdk/targets/Microsoft.NET.Sdk.FrameworkReferenceResolution.targets(14,5): message :       PrepareForBuild;
       /usr/lib64/dotnet/sdk/10.0.101/Sdks/Microsoft.NET.Sdk/targets/Microsoft.NET.Sdk.FrameworkReferenceResolution.targets(14,5): message :       ResolveSDKReferences;
       /usr/lib64/dotnet/sdk/10.0.101/Sdks/Microsoft.NET.Sdk/targets/Microsoft.NET.Sdk.FrameworkReferenceResolution.targets(14,5): message :       ExpandSDKReferences;
       /usr/lib64/dotnet/sdk/10.0.101/Sdks/Microsoft.NET.Sdk/targets/Microsoft.NET.Sdk.FrameworkReferenceResolution.targets(14,5): message :     ;
       /usr/lib64/dotnet/sdk/10.0.101/Sdks/Microsoft.NET.Sdk/targets/Microsoft.NET.Sdk.FrameworkReferenceResolution.targets(14,5): message :       ResolvePackageDependenciesForBuild;
       /usr/lib64/dotnet/sdk/10.0.101/Sdks/Microsoft.NET.Sdk/targets/Microsoft.NET.Sdk.FrameworkReferenceResolution.targets(14,5): message :       _HandlePackageFileConflicts;
       /usr/lib64/dotnet/sdk/10.0.101/Sdks/Microsoft.NET.Sdk/targets/Microsoft.NET.Sdk.FrameworkReferenceResolution.targets(14,5): message :     ") at /usr/lib64/dotnet/sdk/10.0.101/Sdks/Microsoft.NET.Sdk/targets/Microsoft.NET.Sdk.FrameworkReferenceResolution.targets (14,5)
       /usr/lib64/dotnet/sdk/10.0.101/Sdks/Microsoft.NET.Sdk/targets/Microsoft.NET.Sdk.targets(44,5): message : Property reassignment: $(_GenerateRuntimeConfigurationPropertyInputsCache)="/home/baturhan/Projeler/Entegrasyon/Application/Entegrasyon.ApplicationBootstrap/obj/Debug/net8.0/Entegrasyon.ApplicationBootstrap.genruntimeconfig.cache" (previous value: "obj/Debug/net8.0/Entegrasyon.ApplicationBootstrap.genruntimeconfig.cache") at /usr/lib64/dotnet/sdk/10.0.101/Sdks/Microsoft.NET.Sdk/targets/Microsoft.NET.Sdk.targets (44,5)
       /usr/lib64/dotnet/sdk/10.0.101/Microsoft.Common.CurrentVersion.targets(541,5): message : Property reassignment: $(ProcessorArchitecture)="msil" (previous value: "") at /usr/lib64/dotnet/sdk/10.0.101/Microsoft.Common.CurrentVersion.targets (541,5)
       /usr/lib64/dotnet/sdk/10.0.101/Microsoft.Common.CurrentVersion.targets(580,5): message : Property reassignment: $(DelaySign)="" (previous value: "false") at /usr/lib64/dotnet/sdk/10.0.101/Microsoft.Common.CurrentVersion.targets (580,5)
       /usr/lib64/dotnet/sdk/10.0.101/Sdks/Microsoft.NET.Sdk/targets/Microsoft.NET.Sdk.targets(46,5): message : Property reassignment: $(_GeneratePublishDependencyFilePropertyInputsCache)="/home/baturhan/Projeler/Entegrasyon/Application/Entegrasyon.ApplicationBootstrap/obj/Debug/net8.0/Entegrasyon.ApplicationBootstrap.genpublishdeps.cache" (previous value: "obj/Debug/net8.0/Entegrasyon.ApplicationBootstrap.genpublishdeps.cache") at /usr/lib64/dotnet/sdk/10.0.101/Sdks/Microsoft.NET.Sdk/targets/Microsoft.NET.Sdk.targets (46,5)
       /usr/lib64/dotnet/sdk/10.0.101/Sdks/Microsoft.NET.Sdk/targets/Microsoft.NET.Sdk.targets(48,5): message : Property reassignment: $(_GenerateSingleFileBundlePropertyInputsCache)="/home/baturhan/Projeler/Entegrasyon/Application/Entegrasyon.ApplicationBootstrap/obj/Debug/net8.0/Entegrasyon.ApplicationBootstrap.genbundle.cache" (previous value: "obj/Debug/net8.0/Entegrasyon.ApplicationBootstrap.genbundle.cache") at /usr/lib64/dotnet/sdk/10.0.101/Sdks/Microsoft.NET.Sdk/targets/Microsoft.NET.Sdk.targets (48,5)
       /usr/lib64/dotnet/sdk/10.0.101/Sdks/Microsoft.NET.Sdk/targets/Microsoft.NET.Sdk.targets(81,5): message : Property reassignment: $(GenerateRuntimeConfigDevFile)="false" (previous value: "true") at /usr/lib64/dotnet/sdk/10.0.101/Sdks/Microsoft.NET.Sdk/targets/Microsoft.NET.Sdk.targets (81,5)
       /usr/lib64/dotnet/sdk/10.0.101/Sdks/Microsoft.NET.Sdk/targets/Microsoft.NET.Sdk.targets(97,5): message : Property 'HOME' with value '/home/baturhan' expanded from the environment.
       /usr/lib64/dotnet/sdk/10.0.101/Sdks/Microsoft.NET.Sdk/targets/Microsoft.NET.Sdk.targets(99,5): message : Property reassignment: $(_DefaultUserProfileRuntimeStorePath)="/home/baturhan/.dotnet/store" (previous value: "/home/baturhan") at /usr/lib64/dotnet/sdk/10.0.101/Sdks/Microsoft.NET.Sdk/targets/Microsoft.NET.Sdk.targets (99,5)
       /usr/lib64/dotnet/sdk/10.0.101/Sdks/Microsoft.NET.Sdk/targets/Microsoft.NET.Sdk.targets(144,5): message : Property reassignment: $(AvailablePlatforms)="Any CPU,x86,x64,ARM32" (previous value: "Any CPU,x86,x64") at /usr/lib64/dotnet/sdk/10.0.101/Sdks/Microsoft.NET.Sdk/targets/Microsoft.NET.Sdk.targets (144,5)
       /usr/lib64/dotnet/sdk/10.0.101/Sdks/Microsoft.NET.Sdk/targets/Microsoft.NET.Sdk.targets(148,5): message : Property reassignment: $(AvailablePlatforms)="Any CPU,x86,x64,ARM32,ARM64" (previous value: "Any CPU,x86,x64,ARM32") at /usr/lib64/dotnet/sdk/10.0.101/Sdks/Microsoft.NET.Sdk/targets/Microsoft.NET.Sdk.targets (148,5)
       /usr/lib64/dotnet/sdk/10.0.101/Sdks/Microsoft.NET.Sdk/targets/Microsoft.NET.Sdk.targets(204,5): message : Property reassignment: $(CoreBuildDependsOn)="
       /usr/lib64/dotnet/sdk/10.0.101/Sdks/Microsoft.NET.Sdk/targets/Microsoft.NET.Sdk.targets(204,5): message :       _CheckForBuildWithNoBuild;
       /usr/lib64/dotnet/sdk/10.0.101/Sdks/Microsoft.NET.Sdk/targets/Microsoft.NET.Sdk.targets(204,5): message :       
       /usr/lib64/dotnet/sdk/10.0.101/Sdks/Microsoft.NET.Sdk/targets/Microsoft.NET.Sdk.targets(204,5): message :       BuildOnlySettings;
       /usr/lib64/dotnet/sdk/10.0.101/Sdks/Microsoft.NET.Sdk/targets/Microsoft.NET.Sdk.targets(204,5): message :       PrepareForBuild;
       /usr/lib64/dotnet/sdk/10.0.101/Sdks/Microsoft.NET.Sdk/targets/Microsoft.NET.Sdk.targets(204,5): message :       PreBuildEvent;
       /usr/lib64/dotnet/sdk/10.0.101/Sdks/Microsoft.NET.Sdk/targets/Microsoft.NET.Sdk.targets(204,5): message :       ResolveReferences;
       /usr/lib64/dotnet/sdk/10.0.101/Sdks/Microsoft.NET.Sdk/targets/Microsoft.NET.Sdk.targets(204,5): message :       PrepareResources;
       /usr/lib64/dotnet/sdk/10.0.101/Sdks/Microsoft.NET.Sdk/targets/Microsoft.NET.Sdk.targets(204,5): message :       ResolveKeySource;
       /usr/lib64/dotnet/sdk/10.0.101/Sdks/Microsoft.NET.Sdk/targets/Microsoft.NET.Sdk.targets(204,5): message :       Compile;
       /usr/lib64/dotnet/sdk/10.0.101/Sdks/Microsoft.NET.Sdk/targets/Microsoft.NET.Sdk.targets(204,5): message :       ExportWindowsMDFile;
       /usr/lib64/dotnet/sdk/10.0.101/Sdks/Microsoft.NET.Sdk/targets/Microsoft.NET.Sdk.targets(204,5): message :       UnmanagedUnregistration;
       /usr/lib64/dotnet/sdk/10.0.101/Sdks/Microsoft.NET.Sdk/targets/Microsoft.NET.Sdk.targets(204,5): message :       GenerateSerializationAssemblies;
       /usr/lib64/dotnet/sdk/10.0.101/Sdks/Microsoft.NET.Sdk/targets/Microsoft.NET.Sdk.targets(204,5): message :       CreateSatelliteAssemblies;
       /usr/lib64/dotnet/sdk/10.0.101/Sdks/Microsoft.NET.Sdk/targets/Microsoft.NET.Sdk.targets(204,5): message :       GenerateManifests;
       /usr/lib64/dotnet/sdk/10.0.101/Sdks/Microsoft.NET.Sdk/targets/Microsoft.NET.Sdk.targets(204,5): message :       GetTargetPath;
       /usr/lib64/dotnet/sdk/10.0.101/Sdks/Microsoft.NET.Sdk/targets/Microsoft.NET.Sdk.targets(204,5): message :       PrepareForRun;
       /usr/lib64/dotnet/sdk/10.0.101/Sdks/Microsoft.NET.Sdk/targets/Microsoft.NET.Sdk.targets(204,5): message :       UnmanagedRegistration;
       /usr/lib64/dotnet/sdk/10.0.101/Sdks/Microsoft.NET.Sdk/targets/Microsoft.NET.Sdk.targets(204,5): message :       IncrementalClean;
       /usr/lib64/dotnet/sdk/10.0.101/Sdks/Microsoft.NET.Sdk/targets/Microsoft.NET.Sdk.targets(204,5): message :       PostBuildEvent
       /usr/lib64/dotnet/sdk/10.0.101/Sdks/Microsoft.NET.Sdk/targets/Microsoft.NET.Sdk.targets(204,5): message :     ;
       /usr/lib64/dotnet/sdk/10.0.101/Sdks/Microsoft.NET.Sdk/targets/Microsoft.NET.Sdk.targets(204,5): message :       GenerateBuildDependencyFile;
       /usr/lib64/dotnet/sdk/10.0.101/Sdks/Microsoft.NET.Sdk/targets/Microsoft.NET.Sdk.targets(204,5): message :       GenerateBuildRuntimeConfigurationFiles
       /usr/lib64/dotnet/sdk/10.0.101/Sdks/Microsoft.NET.Sdk/targets/Microsoft.NET.Sdk.targets(204,5): message :     " (previous value: "
       /usr/lib64/dotnet/sdk/10.0.101/Sdks/Microsoft.NET.Sdk/targets/Microsoft.NET.Sdk.targets(204,5): message :       BuildOnlySettings;
       /usr/lib64/dotnet/sdk/10.0.101/Sdks/Microsoft.NET.Sdk/targets/Microsoft.NET.Sdk.targets(204,5): message :       PrepareForBuild;
       /usr/lib64/dotnet/sdk/10.0.101/Sdks/Microsoft.NET.Sdk/targets/Microsoft.NET.Sdk.targets(204,5): message :       PreBuildEvent;
       /usr/lib64/dotnet/sdk/10.0.101/Sdks/Microsoft.NET.Sdk/targets/Microsoft.NET.Sdk.targets(204,5): message :       ResolveReferences;
       /usr/lib64/dotnet/sdk/10.0.101/Sdks/Microsoft.NET.Sdk/targets/Microsoft.NET.Sdk.targets(204,5): message :       PrepareResources;
       /usr/lib64/dotnet/sdk/10.0.101/Sdks/Microsoft.NET.Sdk/targets/Microsoft.NET.Sdk.targets(204,5): message :       ResolveKeySource;
       /usr/lib64/dotnet/sdk/10.0.101/Sdks/Microsoft.NET.Sdk/targets/Microsoft.NET.Sdk.targets(204,5): message :       Compile;
       /usr/lib64/dotnet/sdk/10.0.101/Sdks/Microsoft.NET.Sdk/targets/Microsoft.NET.Sdk.targets(204,5): message :       ExportWindowsMDFile;
       /usr/lib64/dotnet/sdk/10.0.101/Sdks/Microsoft.NET.Sdk/targets/Microsoft.NET.Sdk.targets(204,5): message :       UnmanagedUnregistration;
       /usr/lib64/dotnet/sdk/10.0.101/Sdks/Microsoft.NET.Sdk/targets/Microsoft.NET.Sdk.targets(204,5): message :       GenerateSerializationAssemblies;
       /usr/lib64/dotnet/sdk/10.0.101/Sdks/Microsoft.NET.Sdk/targets/Microsoft.NET.Sdk.targets(204,5): message :       CreateSatelliteAssemblies;
       /usr/lib64/dotnet/sdk/10.0.101/Sdks/Microsoft.NET.Sdk/targets/Microsoft.NET.Sdk.targets(204,5): message :       GenerateManifests;
       /usr/lib64/dotnet/sdk/10.0.101/Sdks/Microsoft.NET.Sdk/targets/Microsoft.NET.Sdk.targets(204,5): message :       GetTargetPath;
       /usr/lib64/dotnet/sdk/10.0.101/Sdks/Microsoft.NET.Sdk/targets/Microsoft.NET.Sdk.targets(204,5): message :       PrepareForRun;
       /usr/lib64/dotnet/sdk/10.0.101/Sdks/Microsoft.NET.Sdk/targets/Microsoft.NET.Sdk.targets(204,5): message :       UnmanagedRegistration;
       /usr/lib64/dotnet/sdk/10.0.101/Sdks/Microsoft.NET.Sdk/targets/Microsoft.NET.Sdk.targets(204,5): message :       IncrementalClean;
       /usr/lib64/dotnet/sdk/10.0.101/Sdks/Microsoft.NET.Sdk/targets/Microsoft.NET.Sdk.targets(204,5): message :       PostBuildEvent
       /usr/lib64/dotnet/sdk/10.0.101/Sdks/Microsoft.NET.Sdk/targets/Microsoft.NET.Sdk.targets(204,5): message :     ") at /usr/lib64/dotnet/sdk/10.0.101/Sdks/Microsoft.NET.Sdk/targets/Microsoft.NET.Sdk.targets (204,5)
       /usr/lib64/dotnet/sdk/10.0.101/Sdks/Microsoft.NET.Sdk/targets/Microsoft.NET.Sdk.targets(213,5): message : Property reassignment: $(CoreCleanDependsOn)="
       /usr/lib64/dotnet/sdk/10.0.101/Sdks/Microsoft.NET.Sdk/targets/Microsoft.NET.Sdk.targets(213,5): message :       _SdkBeforeClean;
       /usr/lib64/dotnet/sdk/10.0.101/Sdks/Microsoft.NET.Sdk/targets/Microsoft.NET.Sdk.targets(213,5): message :       
       /usr/lib64/dotnet/sdk/10.0.101/Sdks/Microsoft.NET.Sdk/targets/Microsoft.NET.Sdk.targets(213,5): message :     " (previous value: "") at /usr/lib64/dotnet/sdk/10.0.101/Sdks/Microsoft.NET.Sdk/targets/Microsoft.NET.Sdk.targets (213,5)
       /usr/lib64/dotnet/sdk/10.0.101/Sdks/Microsoft.NET.Sdk/targets/Microsoft.NET.Sdk.targets(220,5): message : Property reassignment: $(RebuildDependsOn)="
       /usr/lib64/dotnet/sdk/10.0.101/Sdks/Microsoft.NET.Sdk/targets/Microsoft.NET.Sdk.targets(220,5): message :       _SdkBeforeRebuild;
       /usr/lib64/dotnet/sdk/10.0.101/Sdks/Microsoft.NET.Sdk/targets/Microsoft.NET.Sdk.targets(220,5): message :       
       /usr/lib64/dotnet/sdk/10.0.101/Sdks/Microsoft.NET.Sdk/targets/Microsoft.NET.Sdk.targets(220,5): message :       BeforeRebuild;
       /usr/lib64/dotnet/sdk/10.0.101/Sdks/Microsoft.NET.Sdk/targets/Microsoft.NET.Sdk.targets(220,5): message :       Clean;
       /usr/lib64/dotnet/sdk/10.0.101/Sdks/Microsoft.NET.Sdk/targets/Microsoft.NET.Sdk.targets(220,5): message :       Build;
       /usr/lib64/dotnet/sdk/10.0.101/Sdks/Microsoft.NET.Sdk/targets/Microsoft.NET.Sdk.targets(220,5): message :       AfterRebuild;
       /usr/lib64/dotnet/sdk/10.0.101/Sdks/Microsoft.NET.Sdk/targets/Microsoft.NET.Sdk.targets(220,5): message :     
       /usr/lib64/dotnet/sdk/10.0.101/Sdks/Microsoft.NET.Sdk/targets/Microsoft.NET.Sdk.targets(220,5): message :     " (previous value: "
       /usr/lib64/dotnet/sdk/10.0.101/Sdks/Microsoft.NET.Sdk/targets/Microsoft.NET.Sdk.targets(220,5): message :       BeforeRebuild;
       /usr/lib64/dotnet/sdk/10.0.101/Sdks/Microsoft.NET.Sdk/targets/Microsoft.NET.Sdk.targets(220,5): message :       Clean;
       /usr/lib64/dotnet/sdk/10.0.101/Sdks/Microsoft.NET.Sdk/targets/Microsoft.NET.Sdk.targets(220,5): message :       Build;
       /usr/lib64/dotnet/sdk/10.0.101/Sdks/Microsoft.NET.Sdk/targets/Microsoft.NET.Sdk.targets(220,5): message :       AfterRebuild;
       /usr/lib64/dotnet/sdk/10.0.101/Sdks/Microsoft.NET.Sdk/targets/Microsoft.NET.Sdk.targets(220,5): message :     ") at /usr/lib64/dotnet/sdk/10.0.101/Sdks/Microsoft.NET.Sdk/targets/Microsoft.NET.Sdk.targets (220,5)
       /usr/lib64/dotnet/sdk/10.0.101/Sdks/Microsoft.NET.Sdk/targets/Microsoft.NET.Sdk.targets(799,5): message : Property reassignment: $(CompileDependsOn)="
       /usr/lib64/dotnet/sdk/10.0.101/Sdks/Microsoft.NET.Sdk/targets/Microsoft.NET.Sdk.targets(799,5): message :       
       /usr/lib64/dotnet/sdk/10.0.101/Sdks/Microsoft.NET.Sdk/targets/Microsoft.NET.Sdk.targets(799,5): message :       ResolveReferences;
       /usr/lib64/dotnet/sdk/10.0.101/Sdks/Microsoft.NET.Sdk/targets/Microsoft.NET.Sdk.targets(799,5): message :       ResolveKeySource;
       /usr/lib64/dotnet/sdk/10.0.101/Sdks/Microsoft.NET.Sdk/targets/Microsoft.NET.Sdk.targets(799,5): message :       SetWin32ManifestProperties;
       /usr/lib64/dotnet/sdk/10.0.101/Sdks/Microsoft.NET.Sdk/targets/Microsoft.NET.Sdk.targets(799,5): message :       _SetPreferNativeArm64Win32ManifestProperties;
       /usr/lib64/dotnet/sdk/10.0.101/Sdks/Microsoft.NET.Sdk/targets/Microsoft.NET.Sdk.targets(799,5): message :       FindReferenceAssembliesForReferences;
       /usr/lib64/dotnet/sdk/10.0.101/Sdks/Microsoft.NET.Sdk/targets/Microsoft.NET.Sdk.targets(799,5): message :       _GenerateCompileInputs;
       /usr/lib64/dotnet/sdk/10.0.101/Sdks/Microsoft.NET.Sdk/targets/Microsoft.NET.Sdk.targets(799,5): message :       BeforeCompile;
       /usr/lib64/dotnet/sdk/10.0.101/Sdks/Microsoft.NET.Sdk/targets/Microsoft.NET.Sdk.targets(799,5): message :       _TimeStampBeforeCompile;
       /usr/lib64/dotnet/sdk/10.0.101/Sdks/Microsoft.NET.Sdk/targets/Microsoft.NET.Sdk.targets(799,5): message :       _GenerateCompileDependencyCache;
       /usr/lib64/dotnet/sdk/10.0.101/Sdks/Microsoft.NET.Sdk/targets/Microsoft.NET.Sdk.targets(799,5): message :       CoreCompile;
       /usr/lib64/dotnet/sdk/10.0.101/Sdks/Microsoft.NET.Sdk/targets/Microsoft.NET.Sdk.targets(799,5): message :       _TimeStampAfterCompile;
       /usr/lib64/dotnet/sdk/10.0.101/Sdks/Microsoft.NET.Sdk/targets/Microsoft.NET.Sdk.targets(799,5): message :       AfterCompile;
       /usr/lib64/dotnet/sdk/10.0.101/Sdks/Microsoft.NET.Sdk/targets/Microsoft.NET.Sdk.targets(799,5): message :     ;
       /usr/lib64/dotnet/sdk/10.0.101/Sdks/Microsoft.NET.Sdk/targets/Microsoft.NET.Sdk.targets(799,5): message :       _CreateAppHost;
       /usr/lib64/dotnet/sdk/10.0.101/Sdks/Microsoft.NET.Sdk/targets/Microsoft.NET.Sdk.targets(799,5): message :       _CreateComHost;
       /usr/lib64/dotnet/sdk/10.0.101/Sdks/Microsoft.NET.Sdk/targets/Microsoft.NET.Sdk.targets(799,5): message :       _GetIjwHostPaths;
       /usr/lib64/dotnet/sdk/10.0.101/Sdks/Microsoft.NET.Sdk/targets/Microsoft.NET.Sdk.targets(799,5): message :     " (previous value: "
       /usr/lib64/dotnet/sdk/10.0.101/Sdks/Microsoft.NET.Sdk/targets/Microsoft.NET.Sdk.targets(799,5): message :       ResolveReferences;
       /usr/lib64/dotnet/sdk/10.0.101/Sdks/Microsoft.NET.Sdk/targets/Microsoft.NET.Sdk.targets(799,5): message :       ResolveKeySource;
       /usr/lib64/dotnet/sdk/10.0.101/Sdks/Microsoft.NET.Sdk/targets/Microsoft.NET.Sdk.targets(799,5): message :       SetWin32ManifestProperties;
       /usr/lib64/dotnet/sdk/10.0.101/Sdks/Microsoft.NET.Sdk/targets/Microsoft.NET.Sdk.targets(799,5): message :       _SetPreferNativeArm64Win32ManifestProperties;
       /usr/lib64/dotnet/sdk/10.0.101/Sdks/Microsoft.NET.Sdk/targets/Microsoft.NET.Sdk.targets(799,5): message :       FindReferenceAssembliesForReferences;
       /usr/lib64/dotnet/sdk/10.0.101/Sdks/Microsoft.NET.Sdk/targets/Microsoft.NET.Sdk.targets(799,5): message :       _GenerateCompileInputs;
       /usr/lib64/dotnet/sdk/10.0.101/Sdks/Microsoft.NET.Sdk/targets/Microsoft.NET.Sdk.targets(799,5): message :       BeforeCompile;
       /usr/lib64/dotnet/sdk/10.0.101/Sdks/Microsoft.NET.Sdk/targets/Microsoft.NET.Sdk.targets(799,5): message :       _TimeStampBeforeCompile;
       /usr/lib64/dotnet/sdk/10.0.101/Sdks/Microsoft.NET.Sdk/targets/Microsoft.NET.Sdk.targets(799,5): message :       _GenerateCompileDependencyCache;
       /usr/lib64/dotnet/sdk/10.0.101/Sdks/Microsoft.NET.Sdk/targets/Microsoft.NET.Sdk.targets(799,5): message :       CoreCompile;
       /usr/lib64/dotnet/sdk/10.0.101/Sdks/Microsoft.NET.Sdk/targets/Microsoft.NET.Sdk.targets(799,5): message :       _TimeStampAfterCompile;
       /usr/lib64/dotnet/sdk/10.0.101/Sdks/Microsoft.NET.Sdk/targets/Microsoft.NET.Sdk.targets(799,5): message :       AfterCompile;
       /usr/lib64/dotnet/sdk/10.0.101/Sdks/Microsoft.NET.Sdk/targets/Microsoft.NET.Sdk.targets(799,5): message :     ") at /usr/lib64/dotnet/sdk/10.0.101/Sdks/Microsoft.NET.Sdk/targets/Microsoft.NET.Sdk.targets (799,5)
       /usr/lib64/dotnet/sdk/10.0.101/Sdks/Microsoft.NET.Sdk/targets/Microsoft.NET.Sdk.targets(1131,5): message : Property reassignment: $(CreateSatelliteAssembliesDependsOn)="
       /usr/lib64/dotnet/sdk/10.0.101/Sdks/Microsoft.NET.Sdk/targets/Microsoft.NET.Sdk.targets(1131,5): message :       
       /usr/lib64/dotnet/sdk/10.0.101/Sdks/Microsoft.NET.Sdk/targets/Microsoft.NET.Sdk.targets(1131,5): message :       ;
       /usr/lib64/dotnet/sdk/10.0.101/Sdks/Microsoft.NET.Sdk/targets/Microsoft.NET.Sdk.targets(1131,5): message :       _GenerateSatelliteAssemblyInputs;
       /usr/lib64/dotnet/sdk/10.0.101/Sdks/Microsoft.NET.Sdk/targets/Microsoft.NET.Sdk.targets(1131,5): message :       ComputeIntermediateSatelliteAssemblies;
       /usr/lib64/dotnet/sdk/10.0.101/Sdks/Microsoft.NET.Sdk/targets/Microsoft.NET.Sdk.targets(1131,5): message :       GenerateSatelliteAssemblies
       /usr/lib64/dotnet/sdk/10.0.101/Sdks/Microsoft.NET.Sdk/targets/Microsoft.NET.Sdk.targets(1131,5): message :     ;
       /usr/lib64/dotnet/sdk/10.0.101/Sdks/Microsoft.NET.Sdk/targets/Microsoft.NET.Sdk.targets(1131,5): message :       CoreGenerateSatelliteAssemblies
       /usr/lib64/dotnet/sdk/10.0.101/Sdks/Microsoft.NET.Sdk/targets/Microsoft.NET.Sdk.targets(1131,5): message :     " (previous value: "
       /usr/lib64/dotnet/sdk/10.0.101/Sdks/Microsoft.NET.Sdk/targets/Microsoft.NET.Sdk.targets(1131,5): message :       ;
       /usr/lib64/dotnet/sdk/10.0.101/Sdks/Microsoft.NET.Sdk/targets/Microsoft.NET.Sdk.targets(1131,5): message :       _GenerateSatelliteAssemblyInputs;
       /usr/lib64/dotnet/sdk/10.0.101/Sdks/Microsoft.NET.Sdk/targets/Microsoft.NET.Sdk.targets(1131,5): message :       ComputeIntermediateSatelliteAssemblies;
       /usr/lib64/dotnet/sdk/10.0.101/Sdks/Microsoft.NET.Sdk/targets/Microsoft.NET.Sdk.targets(1131,5): message :       GenerateSatelliteAssemblies
       /usr/lib64/dotnet/sdk/10.0.101/Sdks/Microsoft.NET.Sdk/targets/Microsoft.NET.Sdk.targets(1131,5): message :     ") at /usr/lib64/dotnet/sdk/10.0.101/Sdks/Microsoft.NET.Sdk/targets/Microsoft.NET.Sdk.targets (1131,5)
       /usr/lib64/dotnet/sdk/10.0.101/Sdks/Microsoft.SourceLink.GitLab/build/Microsoft.SourceLink.GitLab.targets(12,5): message : Property reassignment: $(SourceLinkUrlInitializerTargets)=";_InitializeGitHubSourceLinkUrl;_InitializeGitLabSourceLinkUrl" (previous value: ";_InitializeGitHubSourceLinkUrl") at /usr/lib64/dotnet/sdk/10.0.101/Sdks/Microsoft.SourceLink.GitLab/build/Microsoft.SourceLink.GitLab.targets (12,5)
       /usr/lib64/dotnet/sdk/10.0.101/Microsoft.Common.CurrentVersion.targets(2606,5): message : Property 'LocalAppData' with value '/home/baturhan/.local/share' expanded from the environment.
       /usr/lib64/dotnet/sdk/10.0.101/Sdks/Microsoft.SourceLink.GitLab/build/Microsoft.SourceLink.GitLab.targets(13,5): message : Property reassignment: $(SourceControlManagerUrlTranslationTargets)=";TranslateGitHubUrlsInSourceControlInformation;TranslateGitLabUrlsInSourceControlInformation" (previous value: ";TranslateGitHubUrlsInSourceControlInformation") at /usr/lib64/dotnet/sdk/10.0.101/Sdks/Microsoft.SourceLink.GitLab/build/Microsoft.SourceLink.GitLab.targets (13,5)
       /usr/lib64/dotnet/sdk/10.0.101/Sdks/Microsoft.SourceLink.AzureRepos.Git/build/Microsoft.SourceLink.AzureRepos.Git.targets(12,5): message : Property reassignment: $(SourceLinkUrlInitializerTargets)=";_InitializeGitHubSourceLinkUrl;_InitializeGitLabSourceLinkUrl;_InitializeAzureReposGitSourceLinkUrl" (previous value: ";_InitializeGitHubSourceLinkUrl;_InitializeGitLabSourceLinkUrl") at /usr/lib64/dotnet/sdk/10.0.101/Sdks/Microsoft.SourceLink.AzureRepos.Git/build/Microsoft.SourceLink.AzureRepos.Git.targets (12,5)
       /usr/lib64/dotnet/sdk/10.0.101/Sdks/Microsoft.SourceLink.AzureRepos.Git/build/Microsoft.SourceLink.AzureRepos.Git.targets(13,5): message : Property reassignment: $(SourceControlManagerUrlTranslationTargets)=";TranslateGitHubUrlsInSourceControlInformation;TranslateGitLabUrlsInSourceControlInformation;TranslateAzureReposGitUrlsInSourceControlInformation" (previous value: ";TranslateGitHubUrlsInSourceControlInformation;TranslateGitLabUrlsInSourceControlInformation") at /usr/lib64/dotnet/sdk/10.0.101/Sdks/Microsoft.SourceLink.AzureRepos.Git/build/Microsoft.SourceLink.AzureRepos.Git.targets (13,5)
       /usr/lib64/dotnet/sdk/10.0.101/Sdks/Microsoft.SourceLink.Bitbucket.Git/build/Microsoft.SourceLink.Bitbucket.Git.targets(12,5): message : Property reassignment: $(SourceLinkUrlInitializerTargets)=";_InitializeGitHubSourceLinkUrl;_InitializeGitLabSourceLinkUrl;_InitializeAzureReposGitSourceLinkUrl;_InitializeBitbucketGitSourceLinkUrl" (previous value: ";_InitializeGitHubSourceLinkUrl;_InitializeGitLabSourceLinkUrl;_InitializeAzureReposGitSourceLinkUrl") at /usr/lib64/dotnet/sdk/10.0.101/Sdks/Microsoft.SourceLink.Bitbucket.Git/build/Microsoft.SourceLink.Bitbucket.Git.targets (12,5)
       /usr/lib64/dotnet/sdk/10.0.101/Sdks/Microsoft.SourceLink.Bitbucket.Git/build/Microsoft.SourceLink.Bitbucket.Git.targets(13,5): message : Property reassignment: $(SourceControlManagerUrlTranslationTargets)=";TranslateGitHubUrlsInSourceControlInformation;TranslateGitLabUrlsInSourceControlInformation;TranslateAzureReposGitUrlsInSourceControlInformation;TranslateBitbucketGitUrlsInSourceControlInformation" (previous value: ";TranslateGitHubUrlsInSourceControlInformation;TranslateGitLabUrlsInSourceControlInformation;TranslateAzureReposGitUrlsInSourceControlInformation") at /usr/lib64/dotnet/sdk/10.0.101/Sdks/Microsoft.SourceLink.Bitbucket.Git/build/Microsoft.SourceLink.Bitbucket.Git.targets (13,5)
       /usr/lib64/dotnet/sdk/10.0.101/Sdks/Microsoft.NET.Sdk/targets/Microsoft.NET.DesignerSupport.targets(21,5): message : Property reassignment: $(DesignerRuntimeImplementationProjectOutputGroupDependsOn)="
       /usr/lib64/dotnet/sdk/10.0.101/Sdks/Microsoft.NET.Sdk/targets/Microsoft.NET.DesignerSupport.targets(21,5): message :       
       /usr/lib64/dotnet/sdk/10.0.101/Sdks/Microsoft.NET.Sdk/targets/Microsoft.NET.DesignerSupport.targets(21,5): message :       ;
       /usr/lib64/dotnet/sdk/10.0.101/Sdks/Microsoft.NET.Sdk/targets/Microsoft.NET.DesignerSupport.targets(21,5): message :       
       /usr/lib64/dotnet/sdk/10.0.101/Sdks/Microsoft.NET.Sdk/targets/Microsoft.NET.DesignerSupport.targets(21,5): message :       ;
       /usr/lib64/dotnet/sdk/10.0.101/Sdks/Microsoft.NET.Sdk/targets/Microsoft.NET.DesignerSupport.targets(21,5): message :       BuildOnlySettings;
       /usr/lib64/dotnet/sdk/10.0.101/Sdks/Microsoft.NET.Sdk/targets/Microsoft.NET.DesignerSupport.targets(21,5): message :       PrepareForBuild;
       /usr/lib64/dotnet/sdk/10.0.101/Sdks/Microsoft.NET.Sdk/targets/Microsoft.NET.DesignerSupport.targets(21,5): message :       AssignTargetPaths;
       /usr/lib64/dotnet/sdk/10.0.101/Sdks/Microsoft.NET.Sdk/targets/Microsoft.NET.DesignerSupport.targets(21,5): message :       ResolveReferences
       /usr/lib64/dotnet/sdk/10.0.101/Sdks/Microsoft.NET.Sdk/targets/Microsoft.NET.DesignerSupport.targets(21,5): message :     
       /usr/lib64/dotnet/sdk/10.0.101/Sdks/Microsoft.NET.Sdk/targets/Microsoft.NET.DesignerSupport.targets(21,5): message :     ;
       /usr/lib64/dotnet/sdk/10.0.101/Sdks/Microsoft.NET.Sdk/targets/Microsoft.NET.DesignerSupport.targets(21,5): message :       _GenerateDesignerDepsFile;
       /usr/lib64/dotnet/sdk/10.0.101/Sdks/Microsoft.NET.Sdk/targets/Microsoft.NET.DesignerSupport.targets(21,5): message :       _GenerateDesignerRuntimeConfigFile;
       /usr/lib64/dotnet/sdk/10.0.101/Sdks/Microsoft.NET.Sdk/targets/Microsoft.NET.DesignerSupport.targets(21,5): message :       GetCopyToOutputDirectoryItems;
       /usr/lib64/dotnet/sdk/10.0.101/Sdks/Microsoft.NET.Sdk/targets/Microsoft.NET.DesignerSupport.targets(21,5): message :       _GatherDesignerShadowCopyFiles;
       /usr/lib64/dotnet/sdk/10.0.101/Sdks/Microsoft.NET.Sdk/targets/Microsoft.NET.DesignerSupport.targets(21,5): message :     " (previous value: "
       /usr/lib64/dotnet/sdk/10.0.101/Sdks/Microsoft.NET.Sdk/targets/Microsoft.NET.DesignerSupport.targets(21,5): message :       ;
       /usr/lib64/dotnet/sdk/10.0.101/Sdks/Microsoft.NET.Sdk/targets/Microsoft.NET.DesignerSupport.targets(21,5): message :       
       /usr/lib64/dotnet/sdk/10.0.101/Sdks/Microsoft.NET.Sdk/targets/Microsoft.NET.DesignerSupport.targets(21,5): message :       ;
       /usr/lib64/dotnet/sdk/10.0.101/Sdks/Microsoft.NET.Sdk/targets/Microsoft.NET.DesignerSupport.targets(21,5): message :       BuildOnlySettings;
       /usr/lib64/dotnet/sdk/10.0.101/Sdks/Microsoft.NET.Sdk/targets/Microsoft.NET.DesignerSupport.targets(21,5): message :       PrepareForBuild;
       /usr/lib64/dotnet/sdk/10.0.101/Sdks/Microsoft.NET.Sdk/targets/Microsoft.NET.DesignerSupport.targets(21,5): message :       AssignTargetPaths;
       /usr/lib64/dotnet/sdk/10.0.101/Sdks/Microsoft.NET.Sdk/targets/Microsoft.NET.DesignerSupport.targets(21,5): message :       ResolveReferences
       /usr/lib64/dotnet/sdk/10.0.101/Sdks/Microsoft.NET.Sdk/targets/Microsoft.NET.DesignerSupport.targets(21,5): message :     
       /usr/lib64/dotnet/sdk/10.0.101/Sdks/Microsoft.NET.Sdk/targets/Microsoft.NET.DesignerSupport.targets(21,5): message :     ") at /usr/lib64/dotnet/sdk/10.0.101/Sdks/Microsoft.NET.Sdk/targets/Microsoft.NET.DesignerSupport.targets (21,5)
       /usr/lib64/dotnet/sdk/10.0.101/Microsoft.Common.CurrentVersion.targets(3934,5): message : Property reassignment: $(_SGenGenerateSerializationAssembliesConfig)="Auto" (previous value: "") at /usr/lib64/dotnet/sdk/10.0.101/Microsoft.Common.CurrentVersion.targets (3934,5)
       /usr/lib64/dotnet/sdk/10.0.101/Microsoft.Common.CurrentVersion.targets(3935,5): message : Property reassignment: $(_SGenGenerateSerializationAssembliesConfig)="Off" (previous value: "Auto") at /usr/lib64/dotnet/sdk/10.0.101/Microsoft.Common.CurrentVersion.targets (3935,5)
       /usr/lib64/dotnet/sdk/10.0.101/Microsoft.Common.CurrentVersion.targets(5146,5): message : Property reassignment: $(_TargetsThatPrepareProjectReferences)="
       /usr/lib64/dotnet/sdk/10.0.101/Microsoft.Common.CurrentVersion.targets(5146,5): message :       AssignProjectConfiguration;
       /usr/lib64/dotnet/sdk/10.0.101/Microsoft.Common.CurrentVersion.targets(5146,5): message :       _SplitProjectReferencesByFileExistence
       /usr/lib64/dotnet/sdk/10.0.101/Microsoft.Common.CurrentVersion.targets(5146,5): message :     " (previous value: "_SplitProjectReferencesByFileExistence") at /usr/lib64/dotnet/sdk/10.0.101/Microsoft.Common.CurrentVersion.targets (5146,5)
       /usr/lib64/dotnet/sdk/10.0.101/Microsoft.Common.CurrentVersion.targets(6959,5): message : Property 'MSBuildExtensionsPath32' with value '/usr/lib64/dotnet/sdk/10.0.101' expanded from the environment.
       /usr/lib64/dotnet/sdk/10.0.101/Sdks/Microsoft.NET.Sdk/targets/Microsoft.NET.Sdk.CSharp.targets(31,5): message : Property reassignment: $(DefineConstants)="TRACE;DEBUG" (previous value: "TRACE") at /usr/lib64/dotnet/sdk/10.0.101/Sdks/Microsoft.NET.Sdk/targets/Microsoft.NET.Sdk.CSharp.targets (31,5)
       /usr/lib64/dotnet/sdk/10.0.101/Sdks/Microsoft.NET.Sdk/targets/Microsoft.NET.Sdk.CSharp.targets(45,5): message : Property reassignment: $(WarningsAsErrors)=";NU1605;SYSLIB0011" (previous value: ";NU1605") at /usr/lib64/dotnet/sdk/10.0.101/Sdks/Microsoft.NET.Sdk/targets/Microsoft.NET.Sdk.CSharp.targets (45,5)
       The "NuGetInteractive" property is a global property, and cannot be modified.
       /usr/lib64/dotnet/sdk/10.0.101/NuGet.Build.Tasks.Pack.targets(34,5): message : Property reassignment: $(PackageDescription)="Package Description" (previous value: "") at /usr/lib64/dotnet/sdk/10.0.101/NuGet.Build.Tasks.Pack.targets (34,5)
       /usr/lib64/dotnet/sdk/10.0.101/NuGet.Build.Tasks.Pack.targets(59,5): message : Property reassignment: $(GenerateNuspecDependsOn)="Build;_LoadPackInputItems; _GetTargetFrameworksOutput; _WalkEachTargetPerFramework; _GetPackageFiles; " (previous value: "_LoadPackInputItems; _GetTargetFrameworksOutput; _WalkEachTargetPerFramework; _GetPackageFiles; ") at /usr/lib64/dotnet/sdk/10.0.101/NuGet.Build.Tasks.Pack.targets (59,5)
       /usr/lib64/dotnet/sdk/10.0.101/Sdks/Microsoft.NET.Sdk/Sdk/Sdk.targets(59,5): message : Property reassignment: $(_IsNotSetContainersTargetsDir)="true" (previous value: "false") at /usr/lib64/dotnet/sdk/10.0.101/Sdks/Microsoft.NET.Sdk/Sdk/Sdk.targets (59,5)
       /usr/lib64/dotnet/sdk/10.0.101/Containers/build/Microsoft.NET.Build.Containers.targets(5,5): message : Property reassignment: $(_IsSDKContainerAllowedVersion)="true" (previous value: "false") at /usr/lib64/dotnet/sdk/10.0.101/Containers/build/Microsoft.NET.Build.Containers.targets (5,5)
       /usr/lib64/dotnet/sdk/10.0.101/Containers/build/Microsoft.NET.Build.Containers.targets(15,5): message : Property reassignment: $(_ContainerIsTargetingNet8TFM)="true" (previous value: "false") at /usr/lib64/dotnet/sdk/10.0.101/Containers/build/Microsoft.NET.Build.Containers.targets (15,5)
       /usr/lib64/dotnet/sdk/10.0.101/Sdks/Microsoft.NET.Sdk/targets/Microsoft.PackageDependencyResolution.targets(29,5): message : Property reassignment: $(ProjectAssetsCacheFile)="/home/baturhan/Projeler/Entegrasyon/Application/Entegrasyon.Business/obj/Debug/net8.0/Entegrasyon.Business.assets.cache" (previous value: "obj/Debug/net8.0/Entegrasyon.Business.assets.cache") at /usr/lib64/dotnet/sdk/10.0.101/Sdks/Microsoft.NET.Sdk/targets/Microsoft.PackageDependencyResolution.targets (29,5)
       /usr/lib64/dotnet/sdk/10.0.101/Sdks/Microsoft.NET.Sdk/targets/Microsoft.PackageDependencyResolution.targets(80,5): message : Property reassignment: $(ResolveAssemblyReferencesDependsOn)="
       /usr/lib64/dotnet/sdk/10.0.101/Sdks/Microsoft.NET.Sdk/targets/Microsoft.PackageDependencyResolution.targets(80,5): message :       
       /usr/lib64/dotnet/sdk/10.0.101/Sdks/Microsoft.NET.Sdk/targets/Microsoft.PackageDependencyResolution.targets(80,5): message :       ResolveProjectReferences;
       /usr/lib64/dotnet/sdk/10.0.101/Sdks/Microsoft.NET.Sdk/targets/Microsoft.PackageDependencyResolution.targets(80,5): message :       FindInvalidProjectReferences;
       /usr/lib64/dotnet/sdk/10.0.101/Sdks/Microsoft.NET.Sdk/targets/Microsoft.PackageDependencyResolution.targets(80,5): message :       GetFrameworkPaths;
       /usr/lib64/dotnet/sdk/10.0.101/Sdks/Microsoft.NET.Sdk/targets/Microsoft.PackageDependencyResolution.targets(80,5): message :       GetReferenceAssemblyPaths;
       /usr/lib64/dotnet/sdk/10.0.101/Sdks/Microsoft.NET.Sdk/targets/Microsoft.PackageDependencyResolution.targets(80,5): message :       PrepareForBuild;
       /usr/lib64/dotnet/sdk/10.0.101/Sdks/Microsoft.NET.Sdk/targets/Microsoft.PackageDependencyResolution.targets(80,5): message :       ResolveSDKReferences;
       /usr/lib64/dotnet/sdk/10.0.101/Sdks/Microsoft.NET.Sdk/targets/Microsoft.PackageDependencyResolution.targets(80,5): message :       ExpandSDKReferences;
       /usr/lib64/dotnet/sdk/10.0.101/Sdks/Microsoft.NET.Sdk/targets/Microsoft.PackageDependencyResolution.targets(80,5): message :     ;
       /usr/lib64/dotnet/sdk/10.0.101/Sdks/Microsoft.NET.Sdk/targets/Microsoft.PackageDependencyResolution.targets(80,5): message :       ResolvePackageDependenciesForBuild;
       /usr/lib64/dotnet/sdk/10.0.101/Sdks/Microsoft.NET.Sdk/targets/Microsoft.PackageDependencyResolution.targets(80,5): message :       _HandlePackageFileConflicts;
       /usr/lib64/dotnet/sdk/10.0.101/Sdks/Microsoft.NET.Sdk/targets/Microsoft.PackageDependencyResolution.targets(80,5): message :     " (previous value: "
       /usr/lib64/dotnet/sdk/10.0.101/Sdks/Microsoft.NET.Sdk/targets/Microsoft.PackageDependencyResolution.targets(80,5): message :       ResolveProjectReferences;
       /usr/lib64/dotnet/sdk/10.0.101/Sdks/Microsoft.NET.Sdk/targets/Microsoft.PackageDependencyResolution.targets(80,5): message :       FindInvalidProjectReferences;
       /usr/lib64/dotnet/sdk/10.0.101/Sdks/Microsoft.NET.Sdk/targets/Microsoft.PackageDependencyResolution.targets(80,5): message :       GetFrameworkPaths;
       /usr/lib64/dotnet/sdk/10.0.101/Sdks/Microsoft.NET.Sdk/targets/Microsoft.PackageDependencyResolution.targets(80,5): message :       GetReferenceAssemblyPaths;
       /usr/lib64/dotnet/sdk/10.0.101/Sdks/Microsoft.NET.Sdk/targets/Microsoft.PackageDependencyResolution.targets(80,5): message :       PrepareForBuild;
       /usr/lib64/dotnet/sdk/10.0.101/Sdks/Microsoft.NET.Sdk/targets/Microsoft.PackageDependencyResolution.targets(80,5): message :       ResolveSDKReferences;
       /usr/lib64/dotnet/sdk/10.0.101/Sdks/Microsoft.NET.Sdk/targets/Microsoft.PackageDependencyResolution.targets(80,5): message :       ExpandSDKReferences;
       /usr/lib64/dotnet/sdk/10.0.101/Sdks/Microsoft.NET.Sdk/targets/Microsoft.PackageDependencyResolution.targets(80,5): message :     ") at /usr/lib64/dotnet/sdk/10.0.101/Sdks/Microsoft.NET.Sdk/targets/Microsoft.PackageDependencyResolution.targets (80,5)
       /usr/lib64/dotnet/sdk/10.0.101/Sdks/Microsoft.NET.Sdk/targets/Microsoft.PackageDependencyResolution.targets(86,5): message : Property reassignment: $(PrepareResourcesDependsOn)="
       /usr/lib64/dotnet/sdk/10.0.101/Sdks/Microsoft.NET.Sdk/targets/Microsoft.PackageDependencyResolution.targets(86,5): message :       ResolvePackageDependenciesForBuild;
       /usr/lib64/dotnet/sdk/10.0.101/Sdks/Microsoft.NET.Sdk/targets/Microsoft.PackageDependencyResolution.targets(86,5): message :       _HandlePackageFileConflicts;
       /usr/lib64/dotnet/sdk/10.0.101/Sdks/Microsoft.NET.Sdk/targets/Microsoft.PackageDependencyResolution.targets(86,5): message :       
       /usr/lib64/dotnet/sdk/10.0.101/Sdks/Microsoft.NET.Sdk/targets/Microsoft.PackageDependencyResolution.targets(86,5): message :       ;
       /usr/lib64/dotnet/sdk/10.0.101/Sdks/Microsoft.NET.Sdk/targets/Microsoft.PackageDependencyResolution.targets(86,5): message :       PrepareResourceNames;
       /usr/lib64/dotnet/sdk/10.0.101/Sdks/Microsoft.NET.Sdk/targets/Microsoft.PackageDependencyResolution.targets(86,5): message :       ResGen;
       /usr/lib64/dotnet/sdk/10.0.101/Sdks/Microsoft.NET.Sdk/targets/Microsoft.PackageDependencyResolution.targets(86,5): message :       CompileLicxFiles
       /usr/lib64/dotnet/sdk/10.0.101/Sdks/Microsoft.NET.Sdk/targets/Microsoft.PackageDependencyResolution.targets(86,5): message :     
       /usr/lib64/dotnet/sdk/10.0.101/Sdks/Microsoft.NET.Sdk/targets/Microsoft.PackageDependencyResolution.targets(86,5): message :     " (previous value: "
       /usr/lib64/dotnet/sdk/10.0.101/Sdks/Microsoft.NET.Sdk/targets/Microsoft.PackageDependencyResolution.targets(86,5): message :       ;
       /usr/lib64/dotnet/sdk/10.0.101/Sdks/Microsoft.NET.Sdk/targets/Microsoft.PackageDependencyResolution.targets(86,5): message :       PrepareResourceNames;
       /usr/lib64/dotnet/sdk/10.0.101/Sdks/Microsoft.NET.Sdk/targets/Microsoft.PackageDependencyResolution.targets(86,5): message :       ResGen;
       /usr/lib64/dotnet/sdk/10.0.101/Sdks/Microsoft.NET.Sdk/targets/Microsoft.PackageDependencyResolution.targets(86,5): message :       CompileLicxFiles
       /usr/lib64/dotnet/sdk/10.0.101/Sdks/Microsoft.NET.Sdk/targets/Microsoft.PackageDependencyResolution.targets(86,5): message :     ") at /usr/lib64/dotnet/sdk/10.0.101/Sdks/Microsoft.NET.Sdk/targets/Microsoft.PackageDependencyResolution.targets (86,5)
       /usr/lib64/dotnet/sdk/10.0.101/Sdks/Microsoft.NET.Sdk/targets/Microsoft.NET.Sdk.DefaultItems.targets(35,5): message : Property reassignment: $(DefaultItemExcludes)=";bin/Debug//**;obj/Debug//**;bin//**" (previous value: ";bin/Debug//**;obj/Debug//**") at /usr/lib64/dotnet/sdk/10.0.101/Sdks/Microsoft.NET.Sdk/targets/Microsoft.NET.Sdk.DefaultItems.targets (35,5)
       /usr/lib64/dotnet/sdk/10.0.101/Sdks/Microsoft.NET.Sdk/targets/Microsoft.NET.Sdk.DefaultItems.targets(37,5): message : Property reassignment: $(DefaultItemExcludes)=";bin/Debug//**;obj/Debug//**;bin//**;obj//**" (previous value: ";bin/Debug//**;obj/Debug//**;bin//**") at /usr/lib64/dotnet/sdk/10.0.101/Sdks/Microsoft.NET.Sdk/targets/Microsoft.NET.Sdk.DefaultItems.targets (37,5)
       /usr/lib64/dotnet/sdk/10.0.101/Sdks/Microsoft.NET.Sdk/targets/Microsoft.NET.Sdk.DefaultItems.targets(40,5): message : Property reassignment: $(DefaultItemExcludes)=";bin/Debug//**;obj/Debug//**;bin//**;obj//**;**/*.user" (previous value: ";bin/Debug//**;obj/Debug//**;bin//**;obj//**") at /usr/lib64/dotnet/sdk/10.0.101/Sdks/Microsoft.NET.Sdk/targets/Microsoft.NET.Sdk.DefaultItems.targets (40,5)
       /usr/lib64/dotnet/sdk/10.0.101/Sdks/Microsoft.NET.Sdk/targets/Microsoft.NET.Sdk.DefaultItems.targets(41,5): message : Property reassignment: $(DefaultItemExcludes)=";bin/Debug//**;obj/Debug//**;bin//**;obj//**;**/*.user;**/*.*proj" (previous value: ";bin/Debug//**;obj/Debug//**;bin//**;obj//**;**/*.user") at /usr/lib64/dotnet/sdk/10.0.101/Sdks/Microsoft.NET.Sdk/targets/Microsoft.NET.Sdk.DefaultItems.targets (41,5)
       /usr/lib64/dotnet/sdk/10.0.101/Sdks/Microsoft.NET.Sdk/targets/Microsoft.NET.Sdk.DefaultItems.targets(42,5): message : Property reassignment: $(DefaultItemExcludes)=";bin/Debug//**;obj/Debug//**;bin//**;obj//**;**/*.user;**/*.*proj;**/*.sln" (previous value: ";bin/Debug//**;obj/Debug//**;bin//**;obj//**;**/*.user;**/*.*proj") at /usr/lib64/dotnet/sdk/10.0.101/Sdks/Microsoft.NET.Sdk/targets/Microsoft.NET.Sdk.DefaultItems.targets (42,5)
       /usr/lib64/dotnet/sdk/10.0.101/Sdks/Microsoft.NET.Sdk/targets/Microsoft.NET.Sdk.DefaultItems.targets(43,5): message : Property reassignment: $(DefaultItemExcludes)=";bin/Debug//**;obj/Debug//**;bin//**;obj//**;**/*.user;**/*.*proj;**/*.sln;**/*.slnx" (previous value: ";bin/Debug//**;obj/Debug//**;bin//**;obj//**;**/*.user;**/*.*proj;**/*.sln") at /usr/lib64/dotnet/sdk/10.0.101/Sdks/Microsoft.NET.Sdk/targets/Microsoft.NET.Sdk.DefaultItems.targets (43,5)
       /usr/lib64/dotnet/sdk/10.0.101/Sdks/Microsoft.NET.Sdk/targets/Microsoft.NET.Sdk.DefaultItems.targets(44,5): message : Property reassignment: $(DefaultItemExcludes)=";bin/Debug//**;obj/Debug//**;bin//**;obj//**;**/*.user;**/*.*proj;**/*.sln;**/*.slnx;**/*.vssscc" (previous value: ";bin/Debug//**;obj/Debug//**;bin//**;obj//**;**/*.user;**/*.*proj;**/*.sln;**/*.slnx") at /usr/lib64/dotnet/sdk/10.0.101/Sdks/Microsoft.NET.Sdk/targets/Microsoft.NET.Sdk.DefaultItems.targets (44,5)
       /usr/lib64/dotnet/sdk/10.0.101/Sdks/Microsoft.NET.Sdk/targets/Microsoft.NET.Sdk.DefaultItems.targets(45,5): message : Property reassignment: $(DefaultItemExcludes)=";bin/Debug//**;obj/Debug//**;bin//**;obj//**;**/*.user;**/*.*proj;**/*.sln;**/*.slnx;**/*.vssscc;**/.DS_Store" (previous value: ";bin/Debug//**;obj/Debug//**;bin//**;obj//**;**/*.user;**/*.*proj;**/*.sln;**/*.slnx;**/*.vssscc") at /usr/lib64/dotnet/sdk/10.0.101/Sdks/Microsoft.NET.Sdk/targets/Microsoft.NET.Sdk.DefaultItems.targets (45,5)
       /usr/lib64/dotnet/sdk/10.0.101/Sdks/Microsoft.NET.Sdk/targets/Microsoft.NET.Sdk.FrameworkReferenceResolution.targets(14,5): message : Property reassignment: $(ResolveAssemblyReferencesDependsOn)="
       /usr/lib64/dotnet/sdk/10.0.101/Sdks/Microsoft.NET.Sdk/targets/Microsoft.NET.Sdk.FrameworkReferenceResolution.targets(14,5): message :       
       /usr/lib64/dotnet/sdk/10.0.101/Sdks/Microsoft.NET.Sdk/targets/Microsoft.NET.Sdk.FrameworkReferenceResolution.targets(14,5): message :       
       /usr/lib64/dotnet/sdk/10.0.101/Sdks/Microsoft.NET.Sdk/targets/Microsoft.NET.Sdk.FrameworkReferenceResolution.targets(14,5): message :       ResolveProjectReferences;
       /usr/lib64/dotnet/sdk/10.0.101/Sdks/Microsoft.NET.Sdk/targets/Microsoft.NET.Sdk.FrameworkReferenceResolution.targets(14,5): message :       FindInvalidProjectReferences;
       /usr/lib64/dotnet/sdk/10.0.101/Sdks/Microsoft.NET.Sdk/targets/Microsoft.NET.Sdk.FrameworkReferenceResolution.targets(14,5): message :       GetFrameworkPaths;
       /usr/lib64/dotnet/sdk/10.0.101/Sdks/Microsoft.NET.Sdk/targets/Microsoft.NET.Sdk.FrameworkReferenceResolution.targets(14,5): message :       GetReferenceAssemblyPaths;
       /usr/lib64/dotnet/sdk/10.0.101/Sdks/Microsoft.NET.Sdk/targets/Microsoft.NET.Sdk.FrameworkReferenceResolution.targets(14,5): message :       PrepareForBuild;
       /usr/lib64/dotnet/sdk/10.0.101/Sdks/Microsoft.NET.Sdk/targets/Microsoft.NET.Sdk.FrameworkReferenceResolution.targets(14,5): message :       ResolveSDKReferences;
       /usr/lib64/dotnet/sdk/10.0.101/Sdks/Microsoft.NET.Sdk/targets/Microsoft.NET.Sdk.FrameworkReferenceResolution.targets(14,5): message :       ExpandSDKReferences;
       /usr/lib64/dotnet/sdk/10.0.101/Sdks/Microsoft.NET.Sdk/targets/Microsoft.NET.Sdk.FrameworkReferenceResolution.targets(14,5): message :     ;
       /usr/lib64/dotnet/sdk/10.0.101/Sdks/Microsoft.NET.Sdk/targets/Microsoft.NET.Sdk.FrameworkReferenceResolution.targets(14,5): message :       ResolvePackageDependenciesForBuild;
       /usr/lib64/dotnet/sdk/10.0.101/Sdks/Microsoft.NET.Sdk/targets/Microsoft.NET.Sdk.FrameworkReferenceResolution.targets(14,5): message :       _HandlePackageFileConflicts;
       /usr/lib64/dotnet/sdk/10.0.101/Sdks/Microsoft.NET.Sdk/targets/Microsoft.NET.Sdk.FrameworkReferenceResolution.targets(14,5): message :     ;
       /usr/lib64/dotnet/sdk/10.0.101/Sdks/Microsoft.NET.Sdk/targets/Microsoft.NET.Sdk.FrameworkReferenceResolution.targets(14,5): message :       ResolveTargetingPackAssets;
       /usr/lib64/dotnet/sdk/10.0.101/Sdks/Microsoft.NET.Sdk/targets/Microsoft.NET.Sdk.FrameworkReferenceResolution.targets(14,5): message :     " (previous value: "
       /usr/lib64/dotnet/sdk/10.0.101/Sdks/Microsoft.NET.Sdk/targets/Microsoft.NET.Sdk.FrameworkReferenceResolution.targets(14,5): message :       
       /usr/lib64/dotnet/sdk/10.0.101/Sdks/Microsoft.NET.Sdk/targets/Microsoft.NET.Sdk.FrameworkReferenceResolution.targets(14,5): message :       ResolveProjectReferences;
       /usr/lib64/dotnet/sdk/10.0.101/Sdks/Microsoft.NET.Sdk/targets/Microsoft.NET.Sdk.FrameworkReferenceResolution.targets(14,5): message :       FindInvalidProjectReferences;
       /usr/lib64/dotnet/sdk/10.0.101/Sdks/Microsoft.NET.Sdk/targets/Microsoft.NET.Sdk.FrameworkReferenceResolution.targets(14,5): message :       GetFrameworkPaths;
       /usr/lib64/dotnet/sdk/10.0.101/Sdks/Microsoft.NET.Sdk/targets/Microsoft.NET.Sdk.FrameworkReferenceResolution.targets(14,5): message :       GetReferenceAssemblyPaths;
       /usr/lib64/dotnet/sdk/10.0.101/Sdks/Microsoft.NET.Sdk/targets/Microsoft.NET.Sdk.FrameworkReferenceResolution.targets(14,5): message :       PrepareForBuild;
       /usr/lib64/dotnet/sdk/10.0.101/Sdks/Microsoft.NET.Sdk/targets/Microsoft.NET.Sdk.FrameworkReferenceResolution.targets(14,5): message :       ResolveSDKReferences;
       /usr/lib64/dotnet/sdk/10.0.101/Sdks/Microsoft.NET.Sdk/targets/Microsoft.NET.Sdk.FrameworkReferenceResolution.targets(14,5): message :       ExpandSDKReferences;
       /usr/lib64/dotnet/sdk/10.0.101/Sdks/Microsoft.NET.Sdk/targets/Microsoft.NET.Sdk.FrameworkReferenceResolution.targets(14,5): message :     ;
       /usr/lib64/dotnet/sdk/10.0.101/Sdks/Microsoft.NET.Sdk/targets/Microsoft.NET.Sdk.FrameworkReferenceResolution.targets(14,5): message :       ResolvePackageDependenciesForBuild;
       /usr/lib64/dotnet/sdk/10.0.101/Sdks/Microsoft.NET.Sdk/targets/Microsoft.NET.Sdk.FrameworkReferenceResolution.targets(14,5): message :       _HandlePackageFileConflicts;
       /usr/lib64/dotnet/sdk/10.0.101/Sdks/Microsoft.NET.Sdk/targets/Microsoft.NET.Sdk.FrameworkReferenceResolution.targets(14,5): message :     ") at /usr/lib64/dotnet/sdk/10.0.101/Sdks/Microsoft.NET.Sdk/targets/Microsoft.NET.Sdk.FrameworkReferenceResolution.targets (14,5)
       /usr/lib64/dotnet/sdk/10.0.101/Sdks/Microsoft.NET.Sdk/targets/Microsoft.NET.Sdk.targets(44,5): message : Property reassignment: $(_GenerateRuntimeConfigurationPropertyInputsCache)="/home/baturhan/Projeler/Entegrasyon/Application/Entegrasyon.Business/obj/Debug/net8.0/Entegrasyon.Business.genruntimeconfig.cache" (previous value: "obj/Debug/net8.0/Entegrasyon.Business.genruntimeconfig.cache") at /usr/lib64/dotnet/sdk/10.0.101/Sdks/Microsoft.NET.Sdk/targets/Microsoft.NET.Sdk.targets (44,5)
       /usr/lib64/dotnet/sdk/10.0.101/Sdks/Microsoft.NET.Sdk/targets/Microsoft.NET.Sdk.targets(46,5): message : Property reassignment: $(_GeneratePublishDependencyFilePropertyInputsCache)="/home/baturhan/Projeler/Entegrasyon/Application/Entegrasyon.Business/obj/Debug/net8.0/Entegrasyon.Business.genpublishdeps.cache" (previous value: "obj/Debug/net8.0/Entegrasyon.Business.genpublishdeps.cache") at /usr/lib64/dotnet/sdk/10.0.101/Sdks/Microsoft.NET.Sdk/targets/Microsoft.NET.Sdk.targets (46,5)
       /usr/lib64/dotnet/sdk/10.0.101/Sdks/Microsoft.NET.Sdk/targets/Microsoft.NET.Sdk.targets(48,5): message : Property reassignment: $(_GenerateSingleFileBundlePropertyInputsCache)="/home/baturhan/Projeler/Entegrasyon/Application/Entegrasyon.Business/obj/Debug/net8.0/Entegrasyon.Business.genbundle.cache" (previous value: "obj/Debug/net8.0/Entegrasyon.Business.genbundle.cache") at /usr/lib64/dotnet/sdk/10.0.101/Sdks/Microsoft.NET.Sdk/targets/Microsoft.NET.Sdk.targets (48,5)
       /usr/lib64/dotnet/sdk/10.0.101/Sdks/Microsoft.NET.Sdk/targets/Microsoft.NET.Sdk.targets(81,5): message : Property reassignment: $(GenerateRuntimeConfigDevFile)="false" (previous value: "true") at /usr/lib64/dotnet/sdk/10.0.101/Sdks/Microsoft.NET.Sdk/targets/Microsoft.NET.Sdk.targets (81,5)
       /usr/lib64/dotnet/sdk/10.0.101/Sdks/Microsoft.NET.Sdk/targets/Microsoft.NET.Sdk.targets(97,5): message : Property 'HOME' with value '/home/baturhan' expanded from the environment.
       /usr/lib64/dotnet/sdk/10.0.101/Sdks/Microsoft.NET.Sdk/targets/Microsoft.NET.Sdk.targets(99,5): message : Property reassignment: $(_DefaultUserProfileRuntimeStorePath)="/home/baturhan/.dotnet/store" (previous value: "/home/baturhan") at /usr/lib64/dotnet/sdk/10.0.101/Sdks/Microsoft.NET.Sdk/targets/Microsoft.NET.Sdk.targets (99,5)
       /usr/lib64/dotnet/sdk/10.0.101/Sdks/Microsoft.NET.Sdk/targets/Microsoft.NET.Sdk.targets(144,5): message : Property reassignment: $(AvailablePlatforms)="Any CPU,x86,x64,ARM32" (previous value: "Any CPU,x86,x64") at /usr/lib64/dotnet/sdk/10.0.101/Sdks/Microsoft.NET.Sdk/targets/Microsoft.NET.Sdk.targets (144,5)
       /usr/lib64/dotnet/sdk/10.0.101/Sdks/Microsoft.NET.Sdk/targets/Microsoft.NET.Sdk.targets(148,5): message : Property reassignment: $(AvailablePlatforms)="Any CPU,x86,x64,ARM32,ARM64" (previous value: "Any CPU,x86,x64,ARM32") at /usr/lib64/dotnet/sdk/10.0.101/Sdks/Microsoft.NET.Sdk/targets/Microsoft.NET.Sdk.targets (148,5)
       /usr/lib64/dotnet/sdk/10.0.101/Sdks/Microsoft.NET.Sdk/targets/Microsoft.NET.Sdk.targets(204,5): message : Property reassignment: $(CoreBuildDependsOn)="
       /usr/lib64/dotnet/sdk/10.0.101/Sdks/Microsoft.NET.Sdk/targets/Microsoft.NET.Sdk.targets(204,5): message :       _CheckForBuildWithNoBuild;
       /usr/lib64/dotnet/sdk/10.0.101/Sdks/Microsoft.NET.Sdk/targets/Microsoft.NET.Sdk.targets(204,5): message :       
       /usr/lib64/dotnet/sdk/10.0.101/Sdks/Microsoft.NET.Sdk/targets/Microsoft.NET.Sdk.targets(204,5): message :       BuildOnlySettings;
       /usr/lib64/dotnet/sdk/10.0.101/Sdks/Microsoft.NET.Sdk/targets/Microsoft.NET.Sdk.targets(204,5): message :       PrepareForBuild;
       /usr/lib64/dotnet/sdk/10.0.101/Sdks/Microsoft.NET.Sdk/targets/Microsoft.NET.Sdk.targets(204,5): message :       PreBuildEvent;
       /usr/lib64/dotnet/sdk/10.0.101/Sdks/Microsoft.NET.Sdk/targets/Microsoft.NET.Sdk.targets(204,5): message :       ResolveReferences;
       /usr/lib64/dotnet/sdk/10.0.101/Sdks/Microsoft.NET.Sdk/targets/Microsoft.NET.Sdk.targets(204,5): message :       PrepareResources;
       /usr/lib64/dotnet/sdk/10.0.101/Sdks/Microsoft.NET.Sdk/targets/Microsoft.NET.Sdk.targets(204,5): message :       ResolveKeySource;
       /usr/lib64/dotnet/sdk/10.0.101/Sdks/Microsoft.NET.Sdk/targets/Microsoft.NET.Sdk.targets(204,5): message :       Compile;
       /usr/lib64/dotnet/sdk/10.0.101/Sdks/Microsoft.NET.Sdk/targets/Microsoft.NET.Sdk.targets(204,5): message :       ExportWindowsMDFile;
       /usr/lib64/dotnet/sdk/10.0.101/Sdks/Microsoft.NET.Sdk/targets/Microsoft.NET.Sdk.targets(204,5): message :       UnmanagedUnregistration;
       /usr/lib64/dotnet/sdk/10.0.101/Sdks/Microsoft.NET.Sdk/targets/Microsoft.NET.Sdk.targets(204,5): message :       GenerateSerializationAssemblies;
       /usr/lib64/dotnet/sdk/10.0.101/Sdks/Microsoft.NET.Sdk/targets/Microsoft.NET.Sdk.targets(204,5): message :       CreateSatelliteAssemblies;
       /usr/lib64/dotnet/sdk/10.0.101/Sdks/Microsoft.NET.Sdk/targets/Microsoft.NET.Sdk.targets(204,5): message :       GenerateManifests;
       /usr/lib64/dotnet/sdk/10.0.101/Sdks/Microsoft.NET.Sdk/targets/Microsoft.NET.Sdk.targets(204,5): message :       GetTargetPath;
       /usr/lib64/dotnet/sdk/10.0.101/Sdks/Microsoft.NET.Sdk/targets/Microsoft.NET.Sdk.targets(204,5): message :       PrepareForRun;
       /usr/lib64/dotnet/sdk/10.0.101/Sdks/Microsoft.NET.Sdk/targets/Microsoft.NET.Sdk.targets(204,5): message :       UnmanagedRegistration;
       /usr/lib64/dotnet/sdk/10.0.101/Sdks/Microsoft.NET.Sdk/targets/Microsoft.NET.Sdk.targets(204,5): message :       IncrementalClean;
       /usr/lib64/dotnet/sdk/10.0.101/Sdks/Microsoft.NET.Sdk/targets/Microsoft.NET.Sdk.targets(204,5): message :       PostBuildEvent
       /usr/lib64/dotnet/sdk/10.0.101/Sdks/Microsoft.NET.Sdk/targets/Microsoft.NET.Sdk.targets(204,5): message :     ;
       /usr/lib64/dotnet/sdk/10.0.101/Sdks/Microsoft.NET.Sdk/targets/Microsoft.NET.Sdk.targets(204,5): message :       GenerateBuildDependencyFile;
       /usr/lib64/dotnet/sdk/10.0.101/Sdks/Microsoft.NET.Sdk/targets/Microsoft.NET.Sdk.targets(204,5): message :       GenerateBuildRuntimeConfigurationFiles
       /usr/lib64/dotnet/sdk/10.0.101/Sdks/Microsoft.NET.Sdk/targets/Microsoft.NET.Sdk.targets(204,5): message :     " (previous value: "
       /usr/lib64/dotnet/sdk/10.0.101/Sdks/Microsoft.NET.Sdk/targets/Microsoft.NET.Sdk.targets(204,5): message :       BuildOnlySettings;
       /usr/lib64/dotnet/sdk/10.0.101/Sdks/Microsoft.NET.Sdk/targets/Microsoft.NET.Sdk.targets(204,5): message :       PrepareForBuild;
       /usr/lib64/dotnet/sdk/10.0.101/Sdks/Microsoft.NET.Sdk/targets/Microsoft.NET.Sdk.targets(204,5): message :       PreBuildEvent;
       /usr/lib64/dotnet/sdk/10.0.101/Sdks/Microsoft.NET.Sdk/targets/Microsoft.NET.Sdk.targets(204,5): message :       ResolveReferences;
       /usr/lib64/dotnet/sdk/10.0.101/Sdks/Microsoft.NET.Sdk/targets/Microsoft.NET.Sdk.targets(204,5): message :       PrepareResources;
       /usr/lib64/dotnet/sdk/10.0.101/Sdks/Microsoft.NET.Sdk/targets/Microsoft.NET.Sdk.targets(204,5): message :       ResolveKeySource;
       /usr/lib64/dotnet/sdk/10.0.101/Sdks/Microsoft.NET.Sdk/targets/Microsoft.NET.Sdk.targets(204,5): message :       Compile;
       /usr/lib64/dotnet/sdk/10.0.101/Sdks/Microsoft.NET.Sdk/targets/Microsoft.NET.Sdk.targets(204,5): message :       ExportWindowsMDFile;
       /usr/lib64/dotnet/sdk/10.0.101/Sdks/Microsoft.NET.Sdk/targets/Microsoft.NET.Sdk.targets(204,5): message :       UnmanagedUnregistration;
       /usr/lib64/dotnet/sdk/10.0.101/Sdks/Microsoft.NET.Sdk/targets/Microsoft.NET.Sdk.targets(204,5): message :       GenerateSerializationAssemblies;
       /usr/lib64/dotnet/sdk/10.0.101/Sdks/Microsoft.NET.Sdk/targets/Microsoft.NET.Sdk.targets(204,5): message :       CreateSatelliteAssemblies;
       /usr/lib64/dotnet/sdk/10.0.101/Sdks/Microsoft.NET.Sdk/targets/Microsoft.NET.Sdk.targets(204,5): message :       GenerateManifests;
       /usr/lib64/dotnet/sdk/10.0.101/Sdks/Microsoft.NET.Sdk/targets/Microsoft.NET.Sdk.targets(204,5): message :       GetTargetPath;
       /usr/lib64/dotnet/sdk/10.0.101/Sdks/Microsoft.NET.Sdk/targets/Microsoft.NET.Sdk.targets(204,5): message :       PrepareForRun;
       /usr/lib64/dotnet/sdk/10.0.101/Sdks/Microsoft.NET.Sdk/targets/Microsoft.NET.Sdk.targets(204,5): message :       UnmanagedRegistration;
       /usr/lib64/dotnet/sdk/10.0.101/Sdks/Microsoft.NET.Sdk/targets/Microsoft.NET.Sdk.targets(204,5): message :       IncrementalClean;
       /usr/lib64/dotnet/sdk/10.0.101/Sdks/Microsoft.NET.Sdk/targets/Microsoft.NET.Sdk.targets(204,5): message :       PostBuildEvent
       /usr/lib64/dotnet/sdk/10.0.101/Sdks/Microsoft.NET.Sdk/targets/Microsoft.NET.Sdk.targets(204,5): message :     ") at /usr/lib64/dotnet/sdk/10.0.101/Sdks/Microsoft.NET.Sdk/targets/Microsoft.NET.Sdk.targets (204,5)
       /usr/lib64/dotnet/sdk/10.0.101/Sdks/Microsoft.NET.Sdk/targets/Microsoft.NET.Sdk.targets(213,5): message : Property reassignment: $(CoreCleanDependsOn)="
       /usr/lib64/dotnet/sdk/10.0.101/Sdks/Microsoft.NET.Sdk/targets/Microsoft.NET.Sdk.targets(213,5): message :       _SdkBeforeClean;
       /usr/lib64/dotnet/sdk/10.0.101/Sdks/Microsoft.NET.Sdk/targets/Microsoft.NET.Sdk.targets(213,5): message :       
       /usr/lib64/dotnet/sdk/10.0.101/Sdks/Microsoft.NET.Sdk/targets/Microsoft.NET.Sdk.targets(213,5): message :     " (previous value: "") at /usr/lib64/dotnet/sdk/10.0.101/Sdks/Microsoft.NET.Sdk/targets/Microsoft.NET.Sdk.targets (213,5)
       /usr/lib64/dotnet/sdk/10.0.101/Sdks/Microsoft.NET.Sdk/targets/Microsoft.NET.Sdk.targets(220,5): message : Property reassignment: $(RebuildDependsOn)="
       /usr/lib64/dotnet/sdk/10.0.101/Sdks/Microsoft.NET.Sdk/targets/Microsoft.NET.Sdk.targets(220,5): message :       _SdkBeforeRebuild;
       /usr/lib64/dotnet/sdk/10.0.101/Sdks/Microsoft.NET.Sdk/targets/Microsoft.NET.Sdk.targets(220,5): message :       
       /usr/lib64/dotnet/sdk/10.0.101/Sdks/Microsoft.NET.Sdk/targets/Microsoft.NET.Sdk.targets(220,5): message :       BeforeRebuild;
       /usr/lib64/dotnet/sdk/10.0.101/Sdks/Microsoft.NET.Sdk/targets/Microsoft.NET.Sdk.targets(220,5): message :       Clean;
       /usr/lib64/dotnet/sdk/10.0.101/Sdks/Microsoft.NET.Sdk/targets/Microsoft.NET.Sdk.targets(220,5): message :       Build;
       /usr/lib64/dotnet/sdk/10.0.101/Sdks/Microsoft.NET.Sdk/targets/Microsoft.NET.Sdk.targets(220,5): message :       AfterRebuild;
       /usr/lib64/dotnet/sdk/10.0.101/Sdks/Microsoft.NET.Sdk/targets/Microsoft.NET.Sdk.targets(220,5): message :     
       /usr/lib64/dotnet/sdk/10.0.101/Sdks/Microsoft.NET.Sdk/targets/Microsoft.NET.Sdk.targets(220,5): message :     " (previous value: "
       /usr/lib64/dotnet/sdk/10.0.101/Sdks/Microsoft.NET.Sdk/targets/Microsoft.NET.Sdk.targets(220,5): message :       BeforeRebuild;
       /usr/lib64/dotnet/sdk/10.0.101/Sdks/Microsoft.NET.Sdk/targets/Microsoft.NET.Sdk.targets(220,5): message :       Clean;
       /usr/lib64/dotnet/sdk/10.0.101/Sdks/Microsoft.NET.Sdk/targets/Microsoft.NET.Sdk.targets(220,5): message :       Build;
       /usr/lib64/dotnet/sdk/10.0.101/Sdks/Microsoft.NET.Sdk/targets/Microsoft.NET.Sdk.targets(220,5): message :       AfterRebuild;
       /usr/lib64/dotnet/sdk/10.0.101/Sdks/Microsoft.NET.Sdk/targets/Microsoft.NET.Sdk.targets(220,5): message :     ") at /usr/lib64/dotnet/sdk/10.0.101/Sdks/Microsoft.NET.Sdk/targets/Microsoft.NET.Sdk.targets (220,5)
       /usr/lib64/dotnet/sdk/10.0.101/Sdks/Microsoft.NET.Sdk/targets/Microsoft.NET.Sdk.targets(799,5): message : Property reassignment: $(CompileDependsOn)="
       /usr/lib64/dotnet/sdk/10.0.101/Sdks/Microsoft.NET.Sdk/targets/Microsoft.NET.Sdk.targets(799,5): message :       
       /usr/lib64/dotnet/sdk/10.0.101/Sdks/Microsoft.NET.Sdk/targets/Microsoft.NET.Sdk.targets(799,5): message :       ResolveReferences;
       /usr/lib64/dotnet/sdk/10.0.101/Sdks/Microsoft.NET.Sdk/targets/Microsoft.NET.Sdk.targets(799,5): message :       ResolveKeySource;
       /usr/lib64/dotnet/sdk/10.0.101/Sdks/Microsoft.NET.Sdk/targets/Microsoft.NET.Sdk.targets(799,5): message :       SetWin32ManifestProperties;
       /usr/lib64/dotnet/sdk/10.0.101/Sdks/Microsoft.NET.Sdk/targets/Microsoft.NET.Sdk.targets(799,5): message :       _SetPreferNativeArm64Win32ManifestProperties;
       /usr/lib64/dotnet/sdk/10.0.101/Sdks/Microsoft.NET.Sdk/targets/Microsoft.NET.Sdk.targets(799,5): message :       FindReferenceAssembliesForReferences;
       /usr/lib64/dotnet/sdk/10.0.101/Sdks/Microsoft.NET.Sdk/targets/Microsoft.NET.Sdk.targets(799,5): message :       _GenerateCompileInputs;
       /usr/lib64/dotnet/sdk/10.0.101/Sdks/Microsoft.NET.Sdk/targets/Microsoft.NET.Sdk.targets(799,5): message :       BeforeCompile;
       /usr/lib64/dotnet/sdk/10.0.101/Sdks/Microsoft.NET.Sdk/targets/Microsoft.NET.Sdk.targets(799,5): message :       _TimeStampBeforeCompile;
       /usr/lib64/dotnet/sdk/10.0.101/Sdks/Microsoft.NET.Sdk/targets/Microsoft.NET.Sdk.targets(799,5): message :       _GenerateCompileDependencyCache;
       /usr/lib64/dotnet/sdk/10.0.101/Sdks/Microsoft.NET.Sdk/targets/Microsoft.NET.Sdk.targets(799,5): message :       CoreCompile;
       /usr/lib64/dotnet/sdk/10.0.101/Sdks/Microsoft.NET.Sdk/targets/Microsoft.NET.Sdk.targets(799,5): message :       _TimeStampAfterCompile;
       /usr/lib64/dotnet/sdk/10.0.101/Sdks/Microsoft.NET.Sdk/targets/Microsoft.NET.Sdk.targets(799,5): message :       AfterCompile;
       /usr/lib64/dotnet/sdk/10.0.101/Sdks/Microsoft.NET.Sdk/targets/Microsoft.NET.Sdk.targets(799,5): message :     ;
       /usr/lib64/dotnet/sdk/10.0.101/Sdks/Microsoft.NET.Sdk/targets/Microsoft.NET.Sdk.targets(799,5): message :       _CreateAppHost;
       /usr/lib64/dotnet/sdk/10.0.101/Sdks/Microsoft.NET.Sdk/targets/Microsoft.NET.Sdk.targets(799,5): message :       _CreateComHost;
       /usr/lib64/dotnet/sdk/10.0.101/Sdks/Microsoft.NET.Sdk/targets/Microsoft.NET.Sdk.targets(799,5): message :       _GetIjwHostPaths;
       /usr/lib64/dotnet/sdk/10.0.101/Sdks/Microsoft.NET.Sdk/targets/Microsoft.NET.Sdk.targets(799,5): message :     " (previous value: "
       /usr/lib64/dotnet/sdk/10.0.101/Sdks/Microsoft.NET.Sdk/targets/Microsoft.NET.Sdk.targets(799,5): message :       ResolveReferences;
       /usr/lib64/dotnet/sdk/10.0.101/Sdks/Microsoft.NET.Sdk/targets/Microsoft.NET.Sdk.targets(799,5): message :       ResolveKeySource;
       /usr/lib64/dotnet/sdk/10.0.101/Sdks/Microsoft.NET.Sdk/targets/Microsoft.NET.Sdk.targets(799,5): message :       SetWin32ManifestProperties;
       /usr/lib64/dotnet/sdk/10.0.101/Sdks/Microsoft.NET.Sdk/targets/Microsoft.NET.Sdk.targets(799,5): message :       _SetPreferNativeArm64Win32ManifestProperties;
       /usr/lib64/dotnet/sdk/10.0.101/Sdks/Microsoft.NET.Sdk/targets/Microsoft.NET.Sdk.targets(799,5): message :       FindReferenceAssembliesForReferences;
       /usr/lib64/dotnet/sdk/10.0.101/Sdks/Microsoft.NET.Sdk/targets/Microsoft.NET.Sdk.targets(799,5): message :       _GenerateCompileInputs;
       /usr/lib64/dotnet/sdk/10.0.101/Sdks/Microsoft.NET.Sdk/targets/Microsoft.NET.Sdk.targets(799,5): message :       BeforeCompile;
       /usr/lib64/dotnet/sdk/10.0.101/Sdks/Microsoft.NET.Sdk/targets/Microsoft.NET.Sdk.targets(799,5): message :       _TimeStampBeforeCompile;
       /usr/lib64/dotnet/sdk/10.0.101/Sdks/Microsoft.NET.Sdk/targets/Microsoft.NET.Sdk.targets(799,5): message :       _GenerateCompileDependencyCache;
       /usr/lib64/dotnet/sdk/10.0.101/Sdks/Microsoft.NET.Sdk/targets/Microsoft.NET.Sdk.targets(799,5): message :       CoreCompile;
       /usr/lib64/dotnet/sdk/10.0.101/Sdks/Microsoft.NET.Sdk/targets/Microsoft.NET.Sdk.targets(799,5): message :       _TimeStampAfterCompile;
       /usr/lib64/dotnet/sdk/10.0.101/Sdks/Microsoft.NET.Sdk/targets/Microsoft.NET.Sdk.targets(799,5): message :       AfterCompile;
       /usr/lib64/dotnet/sdk/10.0.101/Sdks/Microsoft.NET.Sdk/targets/Microsoft.NET.Sdk.targets(799,5): message :     ") at /usr/lib64/dotnet/sdk/10.0.101/Sdks/Microsoft.NET.Sdk/targets/Microsoft.NET.Sdk.targets (799,5)
       /usr/lib64/dotnet/sdk/10.0.101/Sdks/Microsoft.NET.Sdk/targets/Microsoft.NET.Sdk.targets(1131,5): message : Property reassignment: $(CreateSatelliteAssembliesDependsOn)="
       /usr/lib64/dotnet/sdk/10.0.101/Sdks/Microsoft.NET.Sdk/targets/Microsoft.NET.Sdk.targets(1131,5): message :       
       /usr/lib64/dotnet/sdk/10.0.101/Sdks/Microsoft.NET.Sdk/targets/Microsoft.NET.Sdk.targets(1131,5): message :       ;
       /usr/lib64/dotnet/sdk/10.0.101/Sdks/Microsoft.NET.Sdk/targets/Microsoft.NET.Sdk.targets(1131,5): message :       _GenerateSatelliteAssemblyInputs;
       /usr/lib64/dotnet/sdk/10.0.101/Sdks/Microsoft.NET.Sdk/targets/Microsoft.NET.Sdk.targets(1131,5): message :       ComputeIntermediateSatelliteAssemblies;
       /usr/lib64/dotnet/sdk/10.0.101/Sdks/Microsoft.NET.Sdk/targets/Microsoft.NET.Sdk.targets(1131,5): message :       GenerateSatelliteAssemblies
       /usr/lib64/dotnet/sdk/10.0.101/Sdks/Microsoft.NET.Sdk/targets/Microsoft.NET.Sdk.targets(1131,5): message :     ;
       /usr/lib64/dotnet/sdk/10.0.101/Sdks/Microsoft.NET.Sdk/targets/Microsoft.NET.Sdk.targets(1131,5): message :       CoreGenerateSatelliteAssemblies
       /usr/lib64/dotnet/sdk/10.0.101/Sdks/Microsoft.NET.Sdk/targets/Microsoft.NET.Sdk.targets(1131,5): message :     " (previous value: "
       /usr/lib64/dotnet/sdk/10.0.101/Sdks/Microsoft.NET.Sdk/targets/Microsoft.NET.Sdk.targets(1131,5): message :       ;
       /usr/lib64/dotnet/sdk/10.0.101/Sdks/Microsoft.NET.Sdk/targets/Microsoft.NET.Sdk.targets(1131,5): message :       _GenerateSatelliteAssemblyInputs;
       /usr/lib64/dotnet/sdk/10.0.101/Sdks/Microsoft.NET.Sdk/targets/Microsoft.NET.Sdk.targets(1131,5): message :       ComputeIntermediateSatelliteAssemblies;
       /usr/lib64/dotnet/sdk/10.0.101/Sdks/Microsoft.NET.Sdk/targets/Microsoft.NET.Sdk.targets(1131,5): message :       GenerateSatelliteAssemblies
       /usr/lib64/dotnet/sdk/10.0.101/Sdks/Microsoft.NET.Sdk/targets/Microsoft.NET.Sdk.targets(1131,5): message :     ") at /usr/lib64/dotnet/sdk/10.0.101/Sdks/Microsoft.NET.Sdk/targets/Microsoft.NET.Sdk.targets (1131,5)
       /usr/lib64/dotnet/sdk/10.0.101/Sdks/Microsoft.NET.Sdk/targets/Microsoft.PackageDependencyResolution.targets(29,5): message : Property reassignment: $(ProjectAssetsCacheFile)="/home/baturhan/Projeler/Entegrasyon/Application/Entegrasyon.MessageQueue/obj/Debug/net8.0/Entegrasyon.MessageQueue.Handler.assets.cache" (previous value: "obj/Debug/net8.0/Entegrasyon.MessageQueue.Handler.assets.cache") at /usr/lib64/dotnet/sdk/10.0.101/Sdks/Microsoft.NET.Sdk/targets/Microsoft.PackageDependencyResolution.targets (29,5)
       /usr/lib64/dotnet/sdk/10.0.101/Sdks/Microsoft.NET.Sdk/targets/Microsoft.PackageDependencyResolution.targets(80,5): message : Property reassignment: $(ResolveAssemblyReferencesDependsOn)="
       /usr/lib64/dotnet/sdk/10.0.101/Sdks/Microsoft.NET.Sdk/targets/Microsoft.PackageDependencyResolution.targets(80,5): message :       
       /usr/lib64/dotnet/sdk/10.0.101/Sdks/Microsoft.NET.Sdk/targets/Microsoft.PackageDependencyResolution.targets(80,5): message :       ResolveProjectReferences;
       /usr/lib64/dotnet/sdk/10.0.101/Sdks/Microsoft.NET.Sdk/targets/Microsoft.PackageDependencyResolution.targets(80,5): message :       FindInvalidProjectReferences;
       /usr/lib64/dotnet/sdk/10.0.101/Sdks/Microsoft.NET.Sdk/targets/Microsoft.PackageDependencyResolution.targets(80,5): message :       GetFrameworkPaths;
       /usr/lib64/dotnet/sdk/10.0.101/Sdks/Microsoft.NET.Sdk/targets/Microsoft.PackageDependencyResolution.targets(80,5): message :       GetReferenceAssemblyPaths;
       /usr/lib64/dotnet/sdk/10.0.101/Sdks/Microsoft.NET.Sdk/targets/Microsoft.PackageDependencyResolution.targets(80,5): message :       PrepareForBuild;
       /usr/lib64/dotnet/sdk/10.0.101/Sdks/Microsoft.NET.Sdk/targets/Microsoft.PackageDependencyResolution.targets(80,5): message :       ResolveSDKReferences;
       /usr/lib64/dotnet/sdk/10.0.101/Sdks/Microsoft.NET.Sdk/targets/Microsoft.PackageDependencyResolution.targets(80,5): message :       ExpandSDKReferences;
       /usr/lib64/dotnet/sdk/10.0.101/Sdks/Microsoft.NET.Sdk/targets/Microsoft.PackageDependencyResolution.targets(80,5): message :     ;
       /usr/lib64/dotnet/sdk/10.0.101/Sdks/Microsoft.NET.Sdk/targets/Microsoft.PackageDependencyResolution.targets(80,5): message :       ResolvePackageDependenciesForBuild;
       /usr/lib64/dotnet/sdk/10.0.101/Sdks/Microsoft.NET.Sdk/targets/Microsoft.PackageDependencyResolution.targets(80,5): message :       _HandlePackageFileConflicts;
       /usr/lib64/dotnet/sdk/10.0.101/Sdks/Microsoft.NET.Sdk/targets/Microsoft.PackageDependencyResolution.targets(80,5): message :     " (previous value: "
       /usr/lib64/dotnet/sdk/10.0.101/Sdks/Microsoft.NET.Sdk/targets/Microsoft.PackageDependencyResolution.targets(80,5): message :       ResolveProjectReferences;
       /usr/lib64/dotnet/sdk/10.0.101/Sdks/Microsoft.NET.Sdk/targets/Microsoft.PackageDependencyResolution.targets(80,5): message :       FindInvalidProjectReferences;
       /usr/lib64/dotnet/sdk/10.0.101/Sdks/Microsoft.NET.Sdk/targets/Microsoft.PackageDependencyResolution.targets(80,5): message :       GetFrameworkPaths;
       /usr/lib64/dotnet/sdk/10.0.101/Sdks/Microsoft.NET.Sdk/targets/Microsoft.PackageDependencyResolution.targets(80,5): message :       GetReferenceAssemblyPaths;
       /usr/lib64/dotnet/sdk/10.0.101/Sdks/Microsoft.NET.Sdk/targets/Microsoft.PackageDependencyResolution.targets(80,5): message :       PrepareForBuild;
       /usr/lib64/dotnet/sdk/10.0.101/Sdks/Microsoft.NET.Sdk/targets/Microsoft.PackageDependencyResolution.targets(80,5): message :       ResolveSDKReferences;
       /usr/lib64/dotnet/sdk/10.0.101/Sdks/Microsoft.NET.Sdk/targets/Microsoft.PackageDependencyResolution.targets(80,5): message :       ExpandSDKReferences;
       /usr/lib64/dotnet/sdk/10.0.101/Sdks/Microsoft.NET.Sdk/targets/Microsoft.PackageDependencyResolution.targets(80,5): message :     ") at /usr/lib64/dotnet/sdk/10.0.101/Sdks/Microsoft.NET.Sdk/targets/Microsoft.PackageDependencyResolution.targets (80,5)
       /usr/lib64/dotnet/sdk/10.0.101/Sdks/Microsoft.NET.Sdk/targets/Microsoft.PackageDependencyResolution.targets(86,5): message : Property reassignment: $(PrepareResourcesDependsOn)="
       /usr/lib64/dotnet/sdk/10.0.101/Sdks/Microsoft.NET.Sdk/targets/Microsoft.PackageDependencyResolution.targets(86,5): message :       ResolvePackageDependenciesForBuild;
       /usr/lib64/dotnet/sdk/10.0.101/Sdks/Microsoft.NET.Sdk/targets/Microsoft.PackageDependencyResolution.targets(86,5): message :       _HandlePackageFileConflicts;
       /usr/lib64/dotnet/sdk/10.0.101/Sdks/Microsoft.NET.Sdk/targets/Microsoft.PackageDependencyResolution.targets(86,5): message :       
       /usr/lib64/dotnet/sdk/10.0.101/Sdks/Microsoft.NET.Sdk/targets/Microsoft.PackageDependencyResolution.targets(86,5): message :       ;
       /usr/lib64/dotnet/sdk/10.0.101/Sdks/Microsoft.NET.Sdk/targets/Microsoft.PackageDependencyResolution.targets(86,5): message :       PrepareResourceNames;
       /usr/lib64/dotnet/sdk/10.0.101/Sdks/Microsoft.NET.Sdk/targets/Microsoft.PackageDependencyResolution.targets(86,5): message :       ResGen;
       /usr/lib64/dotnet/sdk/10.0.101/Sdks/Microsoft.NET.Sdk/targets/Microsoft.PackageDependencyResolution.targets(86,5): message :       CompileLicxFiles
       /usr/lib64/dotnet/sdk/10.0.101/Sdks/Microsoft.NET.Sdk/targets/Microsoft.PackageDependencyResolution.targets(86,5): message :     
       /usr/lib64/dotnet/sdk/10.0.101/Sdks/Microsoft.NET.Sdk/targets/Microsoft.PackageDependencyResolution.targets(86,5): message :     " (previous value: "
       /usr/lib64/dotnet/sdk/10.0.101/Sdks/Microsoft.NET.Sdk/targets/Microsoft.PackageDependencyResolution.targets(86,5): message :       ;
       /usr/lib64/dotnet/sdk/10.0.101/Sdks/Microsoft.NET.Sdk/targets/Microsoft.PackageDependencyResolution.targets(86,5): message :       PrepareResourceNames;
       /usr/lib64/dotnet/sdk/10.0.101/Sdks/Microsoft.NET.Sdk/targets/Microsoft.PackageDependencyResolution.targets(86,5): message :       ResGen;
       /usr/lib64/dotnet/sdk/10.0.101/Sdks/Microsoft.NET.Sdk/targets/Microsoft.PackageDependencyResolution.targets(86,5): message :       CompileLicxFiles
       /usr/lib64/dotnet/sdk/10.0.101/Sdks/Microsoft.NET.Sdk/targets/Microsoft.PackageDependencyResolution.targets(86,5): message :     ") at /usr/lib64/dotnet/sdk/10.0.101/Sdks/Microsoft.NET.Sdk/targets/Microsoft.PackageDependencyResolution.targets (86,5)
       The "DefaultSdkResolver" resolver attempted to resolve the SDK "Microsoft.NET.SDK.WorkloadAutoImportPropsLocator".
       Warnings: null
       Errors: MSB4276: The default SDK resolver failed to resolve SDK "Microsoft.NET.SDK.WorkloadAutoImportPropsLocator" because directory "/usr/lib64/dotnet/sdk/10.0.101/Sdks/Microsoft.NET.SDK.WorkloadAutoImportPropsLocator/Sdk" did not exist.
       /usr/lib64/dotnet/sdk/10.0.101/Sdks/Microsoft.NET.Sdk/targets/Microsoft.NET.Sdk.DefaultItems.targets(35,5): message : Property reassignment: $(DefaultItemExcludes)=";bin/Debug//**;obj/Debug//**;bin//**" (previous value: ";bin/Debug//**;obj/Debug//**") at /usr/lib64/dotnet/sdk/10.0.101/Sdks/Microsoft.NET.Sdk/targets/Microsoft.NET.Sdk.DefaultItems.targets (35,5)
       /usr/lib64/dotnet/sdk/10.0.101/Sdks/Microsoft.NET.Sdk/targets/Microsoft.NET.Sdk.DefaultItems.targets(37,5): message : Property reassignment: $(DefaultItemExcludes)=";bin/Debug//**;obj/Debug//**;bin//**;obj//**" (previous value: ";bin/Debug//**;obj/Debug//**;bin//**") at /usr/lib64/dotnet/sdk/10.0.101/Sdks/Microsoft.NET.Sdk/targets/Microsoft.NET.Sdk.DefaultItems.targets (37,5)
       /usr/lib64/dotnet/sdk/10.0.101/Sdks/Microsoft.NET.Sdk/targets/Microsoft.NET.Sdk.DefaultItems.targets(40,5): message : Property reassignment: $(DefaultItemExcludes)=";bin/Debug//**;obj/Debug//**;bin//**;obj//**;**/*.user" (previous value: ";bin/Debug//**;obj/Debug//**;bin//**;obj//**") at /usr/lib64/dotnet/sdk/10.0.101/Sdks/Microsoft.NET.Sdk/targets/Microsoft.NET.Sdk.DefaultItems.targets (40,5)
       /usr/lib64/dotnet/sdk/10.0.101/Sdks/Microsoft.NET.Sdk/targets/Microsoft.NET.Sdk.DefaultItems.targets(41,5): message : Property reassignment: $(DefaultItemExcludes)=";bin/Debug//**;obj/Debug//**;bin//**;obj//**;**/*.user;**/*.*proj" (previous value: ";bin/Debug//**;obj/Debug//**;bin//**;obj//**;**/*.user") at /usr/lib64/dotnet/sdk/10.0.101/Sdks/Microsoft.NET.Sdk/targets/Microsoft.NET.Sdk.DefaultItems.targets (41,5)
       /usr/lib64/dotnet/sdk/10.0.101/Sdks/Microsoft.NET.Sdk/targets/Microsoft.NET.Sdk.DefaultItems.targets(42,5): message : Property reassignment: $(DefaultItemExcludes)=";bin/Debug//**;obj/Debug//**;bin//**;obj//**;**/*.user;**/*.*proj;**/*.sln" (previous value: ";bin/Debug//**;obj/Debug//**;bin//**;obj//**;**/*.user;**/*.*proj") at /usr/lib64/dotnet/sdk/10.0.101/Sdks/Microsoft.NET.Sdk/targets/Microsoft.NET.Sdk.DefaultItems.targets (42,5)
       /usr/lib64/dotnet/sdk/10.0.101/Sdks/Microsoft.NET.Sdk/targets/Microsoft.NET.Sdk.DefaultItems.targets(43,5): message : Property reassignment: $(DefaultItemExcludes)=";bin/Debug//**;obj/Debug//**;bin//**;obj//**;**/*.user;**/*.*proj;**/*.sln;**/*.slnx" (previous value: ";bin/Debug//**;obj/Debug//**;bin//**;obj//**;**/*.user;**/*.*proj;**/*.sln") at /usr/lib64/dotnet/sdk/10.0.101/Sdks/Microsoft.NET.Sdk/targets/Microsoft.NET.Sdk.DefaultItems.targets (43,5)
       /usr/lib64/dotnet/sdk/10.0.101/Sdks/Microsoft.NET.Sdk/targets/Microsoft.NET.Sdk.DefaultItems.targets(44,5): message : Property reassignment: $(DefaultItemExcludes)=";bin/Debug//**;obj/Debug//**;bin//**;obj//**;**/*.user;**/*.*proj;**/*.sln;**/*.slnx;**/*.vssscc" (previous value: ";bin/Debug//**;obj/Debug//**;bin//**;obj//**;**/*.user;**/*.*proj;**/*.sln;**/*.slnx") at /usr/lib64/dotnet/sdk/10.0.101/Sdks/Microsoft.NET.Sdk/targets/Microsoft.NET.Sdk.DefaultItems.targets (44,5)
       /usr/lib64/dotnet/sdk/10.0.101/Sdks/Microsoft.SourceLink.GitLab/build/Microsoft.SourceLink.GitLab.targets(12,5): message : Property reassignment: $(SourceLinkUrlInitializerTargets)=";_InitializeGitHubSourceLinkUrl;_InitializeGitLabSourceLinkUrl" (previous value: ";_InitializeGitHubSourceLinkUrl") at /usr/lib64/dotnet/sdk/10.0.101/Sdks/Microsoft.SourceLink.GitLab/build/Microsoft.SourceLink.GitLab.targets (12,5)
       /usr/lib64/dotnet/sdk/10.0.101/Sdks/Microsoft.SourceLink.GitLab/build/Microsoft.SourceLink.GitLab.targets(13,5): message : Property reassignment: $(SourceControlManagerUrlTranslationTargets)=";TranslateGitHubUrlsInSourceControlInformation;TranslateGitLabUrlsInSourceControlInformation" (previous value: ";TranslateGitHubUrlsInSourceControlInformation") at /usr/lib64/dotnet/sdk/10.0.101/Sdks/Microsoft.SourceLink.GitLab/build/Microsoft.SourceLink.GitLab.targets (13,5)
       /usr/lib64/dotnet/sdk/10.0.101/Sdks/Microsoft.NET.Sdk/targets/Microsoft.NET.Sdk.DefaultItems.targets(45,5): message : Property reassignment: $(DefaultItemExcludes)=";bin/Debug//**;obj/Debug//**;bin//**;obj//**;**/*.user;**/*.*proj;**/*.sln;**/*.slnx;**/*.vssscc;**/.DS_Store" (previous value: ";bin/Debug//**;obj/Debug//**;bin//**;obj//**;**/*.user;**/*.*proj;**/*.sln;**/*.slnx;**/*.vssscc") at /usr/lib64/dotnet/sdk/10.0.101/Sdks/Microsoft.NET.Sdk/targets/Microsoft.NET.Sdk.DefaultItems.targets (45,5)
       /usr/lib64/dotnet/sdk/10.0.101/Sdks/Microsoft.SourceLink.AzureRepos.Git/build/Microsoft.SourceLink.AzureRepos.Git.targets(12,5): message : Property reassignment: $(SourceLinkUrlInitializerTargets)=";_InitializeGitHubSourceLinkUrl;_InitializeGitLabSourceLinkUrl;_InitializeAzureReposGitSourceLinkUrl" (previous value: ";_InitializeGitHubSourceLinkUrl;_InitializeGitLabSourceLinkUrl") at /usr/lib64/dotnet/sdk/10.0.101/Sdks/Microsoft.SourceLink.AzureRepos.Git/build/Microsoft.SourceLink.AzureRepos.Git.targets (12,5)
       /usr/lib64/dotnet/sdk/10.0.101/Sdks/Microsoft.SourceLink.AzureRepos.Git/build/Microsoft.SourceLink.AzureRepos.Git.targets(13,5): message : Property reassignment: $(SourceControlManagerUrlTranslationTargets)=";TranslateGitHubUrlsInSourceControlInformation;TranslateGitLabUrlsInSourceControlInformation;TranslateAzureReposGitUrlsInSourceControlInformation" (previous value: ";TranslateGitHubUrlsInSourceControlInformation;TranslateGitLabUrlsInSourceControlInformation") at /usr/lib64/dotnet/sdk/10.0.101/Sdks/Microsoft.SourceLink.AzureRepos.Git/build/Microsoft.SourceLink.AzureRepos.Git.targets (13,5)
       /usr/lib64/dotnet/sdk/10.0.101/Sdks/Microsoft.SourceLink.Bitbucket.Git/build/Microsoft.SourceLink.Bitbucket.Git.targets(12,5): message : Property reassignment: $(SourceLinkUrlInitializerTargets)=";_InitializeGitHubSourceLinkUrl;_InitializeGitLabSourceLinkUrl;_InitializeAzureReposGitSourceLinkUrl;_InitializeBitbucketGitSourceLinkUrl" (previous value: ";_InitializeGitHubSourceLinkUrl;_InitializeGitLabSourceLinkUrl;_InitializeAzureReposGitSourceLinkUrl") at /usr/lib64/dotnet/sdk/10.0.101/Sdks/Microsoft.SourceLink.Bitbucket.Git/build/Microsoft.SourceLink.Bitbucket.Git.targets (12,5)
       /usr/lib64/dotnet/sdk/10.0.101/Sdks/Microsoft.SourceLink.Bitbucket.Git/build/Microsoft.SourceLink.Bitbucket.Git.targets(13,5): message : Property reassignment: $(SourceControlManagerUrlTranslationTargets)=";TranslateGitHubUrlsInSourceControlInformation;TranslateGitLabUrlsInSourceControlInformation;TranslateAzureReposGitUrlsInSourceControlInformation;TranslateBitbucketGitUrlsInSourceControlInformation" (previous value: ";TranslateGitHubUrlsInSourceControlInformation;TranslateGitLabUrlsInSourceControlInformation;TranslateAzureReposGitUrlsInSourceControlInformation") at /usr/lib64/dotnet/sdk/10.0.101/Sdks/Microsoft.SourceLink.Bitbucket.Git/build/Microsoft.SourceLink.Bitbucket.Git.targets (13,5)
       /usr/lib64/dotnet/sdk/10.0.101/Sdks/Microsoft.NET.Sdk/targets/Microsoft.NET.Sdk.FrameworkReferenceResolution.targets(14,5): message : Property reassignment: $(ResolveAssemblyReferencesDependsOn)="
       /usr/lib64/dotnet/sdk/10.0.101/Sdks/Microsoft.NET.Sdk/targets/Microsoft.NET.Sdk.FrameworkReferenceResolution.targets(14,5): message :       
       /usr/lib64/dotnet/sdk/10.0.101/Sdks/Microsoft.NET.Sdk/targets/Microsoft.NET.Sdk.FrameworkReferenceResolution.targets(14,5): message :       
       /usr/lib64/dotnet/sdk/10.0.101/Sdks/Microsoft.NET.Sdk/targets/Microsoft.NET.Sdk.FrameworkReferenceResolution.targets(14,5): message :       ResolveProjectReferences;
       /usr/lib64/dotnet/sdk/10.0.101/Sdks/Microsoft.NET.Sdk/targets/Microsoft.NET.Sdk.FrameworkReferenceResolution.targets(14,5): message :       FindInvalidProjectReferences;
       /usr/lib64/dotnet/sdk/10.0.101/Sdks/Microsoft.NET.Sdk/targets/Microsoft.NET.Sdk.FrameworkReferenceResolution.targets(14,5): message :       GetFrameworkPaths;
       /usr/lib64/dotnet/sdk/10.0.101/Sdks/Microsoft.NET.Sdk/targets/Microsoft.NET.Sdk.FrameworkReferenceResolution.targets(14,5): message :       GetReferenceAssemblyPaths;
       /usr/lib64/dotnet/sdk/10.0.101/Sdks/Microsoft.NET.Sdk/targets/Microsoft.NET.Sdk.FrameworkReferenceResolution.targets(14,5): message :       PrepareForBuild;
       /usr/lib64/dotnet/sdk/10.0.101/Sdks/Microsoft.NET.Sdk/targets/Microsoft.NET.Sdk.FrameworkReferenceResolution.targets(14,5): message :       ResolveSDKReferences;
       /usr/lib64/dotnet/sdk/10.0.101/Sdks/Microsoft.NET.Sdk/targets/Microsoft.NET.Sdk.FrameworkReferenceResolution.targets(14,5): message :       ExpandSDKReferences;
       /usr/lib64/dotnet/sdk/10.0.101/Sdks/Microsoft.NET.Sdk/targets/Microsoft.NET.Sdk.FrameworkReferenceResolution.targets(14,5): message :     ;
       /usr/lib64/dotnet/sdk/10.0.101/Sdks/Microsoft.NET.Sdk/targets/Microsoft.NET.Sdk.FrameworkReferenceResolution.targets(14,5): message :       ResolvePackageDependenciesForBuild;
       /usr/lib64/dotnet/sdk/10.0.101/Sdks/Microsoft.NET.Sdk/targets/Microsoft.NET.Sdk.FrameworkReferenceResolution.targets(14,5): message :       _HandlePackageFileConflicts;
       /usr/lib64/dotnet/sdk/10.0.101/Sdks/Microsoft.NET.Sdk/targets/Microsoft.NET.Sdk.FrameworkReferenceResolution.targets(14,5): message :     ;
       /usr/lib64/dotnet/sdk/10.0.101/Sdks/Microsoft.NET.Sdk/targets/Microsoft.NET.Sdk.FrameworkReferenceResolution.targets(14,5): message :       ResolveTargetingPackAssets;
       /usr/lib64/dotnet/sdk/10.0.101/Sdks/Microsoft.NET.Sdk/targets/Microsoft.NET.Sdk.FrameworkReferenceResolution.targets(14,5): message :     " (previous value: "
       /usr/lib64/dotnet/sdk/10.0.101/Sdks/Microsoft.NET.Sdk/targets/Microsoft.NET.Sdk.FrameworkReferenceResolution.targets(14,5): message :       
       /usr/lib64/dotnet/sdk/10.0.101/Sdks/Microsoft.NET.Sdk/targets/Microsoft.NET.Sdk.FrameworkReferenceResolution.targets(14,5): message :       ResolveProjectReferences;
       /usr/lib64/dotnet/sdk/10.0.101/Sdks/Microsoft.NET.Sdk/targets/Microsoft.NET.Sdk.FrameworkReferenceResolution.targets(14,5): message :       FindInvalidProjectReferences;
       /usr/lib64/dotnet/sdk/10.0.101/Sdks/Microsoft.NET.Sdk/targets/Microsoft.NET.Sdk.FrameworkReferenceResolution.targets(14,5): message :       GetFrameworkPaths;
       /usr/lib64/dotnet/sdk/10.0.101/Sdks/Microsoft.NET.Sdk/targets/Microsoft.NET.Sdk.FrameworkReferenceResolution.targets(14,5): message :       GetReferenceAssemblyPaths;
       /usr/lib64/dotnet/sdk/10.0.101/Sdks/Microsoft.NET.Sdk/targets/Microsoft.NET.Sdk.FrameworkReferenceResolution.targets(14,5): message :       PrepareForBuild;
       /usr/lib64/dotnet/sdk/10.0.101/Sdks/Microsoft.NET.Sdk/targets/Microsoft.NET.Sdk.FrameworkReferenceResolution.targets(14,5): message :       ResolveSDKReferences;
       /usr/lib64/dotnet/sdk/10.0.101/Sdks/Microsoft.NET.Sdk/targets/Microsoft.NET.Sdk.FrameworkReferenceResolution.targets(14,5): message :       ExpandSDKReferences;
       /usr/lib64/dotnet/sdk/10.0.101/Sdks/Microsoft.NET.Sdk/targets/Microsoft.NET.Sdk.FrameworkReferenceResolution.targets(14,5): message :     ;
       /usr/lib64/dotnet/sdk/10.0.101/Sdks/Microsoft.NET.Sdk/targets/Microsoft.NET.Sdk.FrameworkReferenceResolution.targets(14,5): message :       ResolvePackageDependenciesForBuild;
       /usr/lib64/dotnet/sdk/10.0.101/Sdks/Microsoft.NET.Sdk/targets/Microsoft.NET.Sdk.FrameworkReferenceResolution.targets(14,5): message :       _HandlePackageFileConflicts;
       /usr/lib64/dotnet/sdk/10.0.101/Sdks/Microsoft.NET.Sdk/targets/Microsoft.NET.Sdk.FrameworkReferenceResolution.targets(14,5): message :     ") at /usr/lib64/dotnet/sdk/10.0.101/Sdks/Microsoft.NET.Sdk/targets/Microsoft.NET.Sdk.FrameworkReferenceResolution.targets (14,5)
       /usr/lib64/dotnet/sdk/10.0.101/Sdks/Microsoft.NET.Sdk/targets/Microsoft.NET.DesignerSupport.targets(21,5): message : Property reassignment: $(DesignerRuntimeImplementationProjectOutputGroupDependsOn)="
       /usr/lib64/dotnet/sdk/10.0.101/Sdks/Microsoft.NET.Sdk/targets/Microsoft.NET.DesignerSupport.targets(21,5): message :       
       /usr/lib64/dotnet/sdk/10.0.101/Sdks/Microsoft.NET.Sdk/targets/Microsoft.NET.DesignerSupport.targets(21,5): message :       ;
       /usr/lib64/dotnet/sdk/10.0.101/Sdks/Microsoft.NET.Sdk/targets/Microsoft.NET.DesignerSupport.targets(21,5): message :       
       /usr/lib64/dotnet/sdk/10.0.101/Sdks/Microsoft.NET.Sdk/targets/Microsoft.NET.DesignerSupport.targets(21,5): message :       ;
       /usr/lib64/dotnet/sdk/10.0.101/Sdks/Microsoft.NET.Sdk/targets/Microsoft.NET.DesignerSupport.targets(21,5): message :       BuildOnlySettings;
       /usr/lib64/dotnet/sdk/10.0.101/Sdks/Microsoft.NET.Sdk/targets/Microsoft.NET.DesignerSupport.targets(21,5): message :       PrepareForBuild;
       /usr/lib64/dotnet/sdk/10.0.101/Sdks/Microsoft.NET.Sdk/targets/Microsoft.NET.DesignerSupport.targets(21,5): message :       AssignTargetPaths;
       /usr/lib64/dotnet/sdk/10.0.101/Sdks/Microsoft.NET.Sdk/targets/Microsoft.NET.DesignerSupport.targets(21,5): message :       ResolveReferences
       /usr/lib64/dotnet/sdk/10.0.101/Sdks/Microsoft.NET.Sdk/targets/Microsoft.NET.DesignerSupport.targets(21,5): message :     
       /usr/lib64/dotnet/sdk/10.0.101/Sdks/Microsoft.NET.Sdk/targets/Microsoft.NET.DesignerSupport.targets(21,5): message :     ;
       /usr/lib64/dotnet/sdk/10.0.101/Sdks/Microsoft.NET.Sdk/targets/Microsoft.NET.DesignerSupport.targets(21,5): message :       _GenerateDesignerDepsFile;
       /usr/lib64/dotnet/sdk/10.0.101/Sdks/Microsoft.NET.Sdk/targets/Microsoft.NET.DesignerSupport.targets(21,5): message :       _GenerateDesignerRuntimeConfigFile;
       /usr/lib64/dotnet/sdk/10.0.101/Sdks/Microsoft.NET.Sdk/targets/Microsoft.NET.DesignerSupport.targets(21,5): message :       GetCopyToOutputDirectoryItems;
       /usr/lib64/dotnet/sdk/10.0.101/Sdks/Microsoft.NET.Sdk/targets/Microsoft.NET.DesignerSupport.targets(21,5): message :       _GatherDesignerShadowCopyFiles;
       /usr/lib64/dotnet/sdk/10.0.101/Sdks/Microsoft.NET.Sdk/targets/Microsoft.NET.DesignerSupport.targets(21,5): message :     " (previous value: "
       /usr/lib64/dotnet/sdk/10.0.101/Sdks/Microsoft.NET.Sdk/targets/Microsoft.NET.DesignerSupport.targets(21,5): message :       ;
       /usr/lib64/dotnet/sdk/10.0.101/Sdks/Microsoft.NET.Sdk/targets/Microsoft.NET.DesignerSupport.targets(21,5): message :       
       /usr/lib64/dotnet/sdk/10.0.101/Sdks/Microsoft.NET.Sdk/targets/Microsoft.NET.DesignerSupport.targets(21,5): message :       ;
       /usr/lib64/dotnet/sdk/10.0.101/Sdks/Microsoft.NET.Sdk/targets/Microsoft.NET.DesignerSupport.targets(21,5): message :       BuildOnlySettings;
       /usr/lib64/dotnet/sdk/10.0.101/Sdks/Microsoft.NET.Sdk/targets/Microsoft.NET.DesignerSupport.targets(21,5): message :       PrepareForBuild;
       /usr/lib64/dotnet/sdk/10.0.101/Sdks/Microsoft.NET.Sdk/targets/Microsoft.NET.DesignerSupport.targets(21,5): message :       AssignTargetPaths;
       /usr/lib64/dotnet/sdk/10.0.101/Sdks/Microsoft.NET.Sdk/targets/Microsoft.NET.DesignerSupport.targets(21,5): message :       ResolveReferences
       /usr/lib64/dotnet/sdk/10.0.101/Sdks/Microsoft.NET.Sdk/targets/Microsoft.NET.DesignerSupport.targets(21,5): message :     
       /usr/lib64/dotnet/sdk/10.0.101/Sdks/Microsoft.NET.Sdk/targets/Microsoft.NET.DesignerSupport.targets(21,5): message :     ") at /usr/lib64/dotnet/sdk/10.0.101/Sdks/Microsoft.NET.Sdk/targets/Microsoft.NET.DesignerSupport.targets (21,5)
       /usr/lib64/dotnet/sdk/10.0.101/Sdks/Microsoft.NET.Sdk/targets/Microsoft.NET.Sdk.targets(44,5): message : Property reassignment: $(_GenerateRuntimeConfigurationPropertyInputsCache)="/home/baturhan/Projeler/Entegrasyon/Application/Entegrasyon.MessageQueue/obj/Debug/net8.0/Entegrasyon.MessageQueue.Handler.genruntimeconfig.cache" (previous value: "obj/Debug/net8.0/Entegrasyon.MessageQueue.Handler.genruntimeconfig.cache") at /usr/lib64/dotnet/sdk/10.0.101/Sdks/Microsoft.NET.Sdk/targets/Microsoft.NET.Sdk.targets (44,5)
       /usr/lib64/dotnet/sdk/10.0.101/Sdks/Microsoft.NET.Sdk/targets/Microsoft.NET.Sdk.targets(46,5): message : Property reassignment: $(_GeneratePublishDependencyFilePropertyInputsCache)="/home/baturhan/Projeler/Entegrasyon/Application/Entegrasyon.MessageQueue/obj/Debug/net8.0/Entegrasyon.MessageQueue.Handler.genpublishdeps.cache" (previous value: "obj/Debug/net8.0/Entegrasyon.MessageQueue.Handler.genpublishdeps.cache") at /usr/lib64/dotnet/sdk/10.0.101/Sdks/Microsoft.NET.Sdk/targets/Microsoft.NET.Sdk.targets (46,5)
       /usr/lib64/dotnet/sdk/10.0.101/Sdks/Microsoft.NET.Sdk/targets/Microsoft.NET.Sdk.targets(48,5): message : Property reassignment: $(_GenerateSingleFileBundlePropertyInputsCache)="/home/baturhan/Projeler/Entegrasyon/Application/Entegrasyon.MessageQueue/obj/Debug/net8.0/Entegrasyon.MessageQueue.Handler.genbundle.cache" (previous value: "obj/Debug/net8.0/Entegrasyon.MessageQueue.Handler.genbundle.cache") at /usr/lib64/dotnet/sdk/10.0.101/Sdks/Microsoft.NET.Sdk/targets/Microsoft.NET.Sdk.targets (48,5)
       /usr/lib64/dotnet/sdk/10.0.101/Sdks/Microsoft.NET.Sdk/targets/Microsoft.NET.Sdk.targets(81,5): message : Property reassignment: $(GenerateRuntimeConfigDevFile)="false" (previous value: "true") at /usr/lib64/dotnet/sdk/10.0.101/Sdks/Microsoft.NET.Sdk/targets/Microsoft.NET.Sdk.targets (81,5)
       /usr/lib64/dotnet/sdk/10.0.101/Sdks/Microsoft.NET.Sdk/targets/Microsoft.NET.Sdk.targets(97,5): message : Property 'HOME' with value '/home/baturhan' expanded from the environment.
       /usr/lib64/dotnet/sdk/10.0.101/Sdks/Microsoft.NET.Sdk/targets/Microsoft.NET.Sdk.targets(99,5): message : Property reassignment: $(_DefaultUserProfileRuntimeStorePath)="/home/baturhan/.dotnet/store" (previous value: "/home/baturhan") at /usr/lib64/dotnet/sdk/10.0.101/Sdks/Microsoft.NET.Sdk/targets/Microsoft.NET.Sdk.targets (99,5)
       /usr/lib64/dotnet/sdk/10.0.101/Sdks/Microsoft.NET.Sdk/targets/Microsoft.NET.Sdk.targets(144,5): message : Property reassignment: $(AvailablePlatforms)="Any CPU,x86,x64,ARM32" (previous value: "Any CPU,x86,x64") at /usr/lib64/dotnet/sdk/10.0.101/Sdks/Microsoft.NET.Sdk/targets/Microsoft.NET.Sdk.targets (144,5)
       /usr/lib64/dotnet/sdk/10.0.101/Sdks/Microsoft.NET.Sdk/targets/Microsoft.NET.Sdk.targets(148,5): message : Property reassignment: $(AvailablePlatforms)="Any CPU,x86,x64,ARM32,ARM64" (previous value: "Any CPU,x86,x64,ARM32") at /usr/lib64/dotnet/sdk/10.0.101/Sdks/Microsoft.NET.Sdk/targets/Microsoft.NET.Sdk.targets (148,5)
       /usr/lib64/dotnet/sdk/10.0.101/Sdks/Microsoft.NET.Sdk/targets/Microsoft.NET.Sdk.targets(204,5): message : Property reassignment: $(CoreBuildDependsOn)="
       /usr/lib64/dotnet/sdk/10.0.101/Sdks/Microsoft.NET.Sdk/targets/Microsoft.NET.Sdk.targets(204,5): message :       _CheckForBuildWithNoBuild;
       /usr/lib64/dotnet/sdk/10.0.101/Sdks/Microsoft.NET.Sdk/targets/Microsoft.NET.Sdk.targets(204,5): message :       
       /usr/lib64/dotnet/sdk/10.0.101/Sdks/Microsoft.NET.Sdk/targets/Microsoft.NET.Sdk.targets(204,5): message :       BuildOnlySettings;
       /usr/lib64/dotnet/sdk/10.0.101/Sdks/Microsoft.NET.Sdk/targets/Microsoft.NET.Sdk.targets(204,5): message :       PrepareForBuild;
       /usr/lib64/dotnet/sdk/10.0.101/Sdks/Microsoft.NET.Sdk/targets/Microsoft.NET.Sdk.targets(204,5): message :       PreBuildEvent;
       /usr/lib64/dotnet/sdk/10.0.101/Sdks/Microsoft.NET.Sdk/targets/Microsoft.NET.Sdk.targets(204,5): message :       ResolveReferences;
       /usr/lib64/dotnet/sdk/10.0.101/Sdks/Microsoft.NET.Sdk/targets/Microsoft.NET.Sdk.targets(204,5): message :       PrepareResources;
       /usr/lib64/dotnet/sdk/10.0.101/Sdks/Microsoft.NET.Sdk/targets/Microsoft.NET.Sdk.targets(204,5): message :       ResolveKeySource;
       /usr/lib64/dotnet/sdk/10.0.101/Sdks/Microsoft.NET.Sdk/targets/Microsoft.NET.Sdk.targets(204,5): message :       Compile;
       /usr/lib64/dotnet/sdk/10.0.101/Sdks/Microsoft.NET.Sdk/targets/Microsoft.NET.Sdk.targets(204,5): message :       ExportWindowsMDFile;
       /usr/lib64/dotnet/sdk/10.0.101/Sdks/Microsoft.NET.Sdk/targets/Microsoft.NET.Sdk.targets(204,5): message :       UnmanagedUnregistration;
       /usr/lib64/dotnet/sdk/10.0.101/Sdks/Microsoft.NET.Sdk/targets/Microsoft.NET.Sdk.targets(204,5): message :       GenerateSerializationAssemblies;
       /usr/lib64/dotnet/sdk/10.0.101/Sdks/Microsoft.NET.Sdk/targets/Microsoft.NET.Sdk.targets(204,5): message :       CreateSatelliteAssemblies;
       /usr/lib64/dotnet/sdk/10.0.101/Sdks/Microsoft.NET.Sdk/targets/Microsoft.NET.Sdk.targets(204,5): message :       GenerateManifests;
       /usr/lib64/dotnet/sdk/10.0.101/Sdks/Microsoft.NET.Sdk/targets/Microsoft.NET.Sdk.targets(204,5): message :       GetTargetPath;
       /usr/lib64/dotnet/sdk/10.0.101/Sdks/Microsoft.NET.Sdk/targets/Microsoft.NET.Sdk.targets(204,5): message :       PrepareForRun;
       /usr/lib64/dotnet/sdk/10.0.101/Sdks/Microsoft.NET.Sdk/targets/Microsoft.NET.Sdk.targets(204,5): message :       UnmanagedRegistration;
       /usr/lib64/dotnet/sdk/10.0.101/Sdks/Microsoft.NET.Sdk/targets/Microsoft.NET.Sdk.targets(204,5): message :       IncrementalClean;
       /usr/lib64/dotnet/sdk/10.0.101/Sdks/Microsoft.NET.Sdk/targets/Microsoft.NET.Sdk.targets(204,5): message :       PostBuildEvent
       /usr/lib64/dotnet/sdk/10.0.101/Sdks/Microsoft.NET.Sdk/targets/Microsoft.NET.Sdk.targets(204,5): message :     ;
       /usr/lib64/dotnet/sdk/10.0.101/Sdks/Microsoft.NET.Sdk/targets/Microsoft.NET.Sdk.targets(204,5): message :       GenerateBuildDependencyFile;
       /usr/lib64/dotnet/sdk/10.0.101/Sdks/Microsoft.NET.Sdk/targets/Microsoft.NET.Sdk.targets(204,5): message :       GenerateBuildRuntimeConfigurationFiles
       /usr/lib64/dotnet/sdk/10.0.101/Sdks/Microsoft.NET.Sdk/targets/Microsoft.NET.Sdk.targets(204,5): message :     " (previous value: "
       /usr/lib64/dotnet/sdk/10.0.101/Sdks/Microsoft.NET.Sdk/targets/Microsoft.NET.Sdk.targets(204,5): message :       BuildOnlySettings;
       /usr/lib64/dotnet/sdk/10.0.101/Sdks/Microsoft.NET.Sdk/targets/Microsoft.NET.Sdk.targets(204,5): message :       PrepareForBuild;
       /usr/lib64/dotnet/sdk/10.0.101/Sdks/Microsoft.NET.Sdk/targets/Microsoft.NET.Sdk.targets(204,5): message :       PreBuildEvent;
       /usr/lib64/dotnet/sdk/10.0.101/Sdks/Microsoft.NET.Sdk/targets/Microsoft.NET.Sdk.targets(204,5): message :       ResolveReferences;
       /usr/lib64/dotnet/sdk/10.0.101/Sdks/Microsoft.NET.Sdk/targets/Microsoft.NET.Sdk.targets(204,5): message :       PrepareResources;
       /usr/lib64/dotnet/sdk/10.0.101/Sdks/Microsoft.NET.Sdk/targets/Microsoft.NET.Sdk.targets(204,5): message :       ResolveKeySource;
       /usr/lib64/dotnet/sdk/10.0.101/Sdks/Microsoft.NET.Sdk/targets/Microsoft.NET.Sdk.targets(204,5): message :       Compile;
       /usr/lib64/dotnet/sdk/10.0.101/Sdks/Microsoft.NET.Sdk/targets/Microsoft.NET.Sdk.targets(204,5): message :       ExportWindowsMDFile;
       /usr/lib64/dotnet/sdk/10.0.101/Sdks/Microsoft.NET.Sdk/targets/Microsoft.NET.Sdk.targets(204,5): message :       UnmanagedUnregistration;
       /usr/lib64/dotnet/sdk/10.0.101/Sdks/Microsoft.NET.Sdk/targets/Microsoft.NET.Sdk.targets(204,5): message :       GenerateSerializationAssemblies;
       /usr/lib64/dotnet/sdk/10.0.101/Sdks/Microsoft.NET.Sdk/targets/Microsoft.NET.Sdk.targets(204,5): message :       CreateSatelliteAssemblies;
       /usr/lib64/dotnet/sdk/10.0.101/Sdks/Microsoft.NET.Sdk/targets/Microsoft.NET.Sdk.targets(204,5): message :       GenerateManifests;
       /usr/lib64/dotnet/sdk/10.0.101/Sdks/Microsoft.NET.Sdk/targets/Microsoft.NET.Sdk.targets(204,5): message :       GetTargetPath;
       /usr/lib64/dotnet/sdk/10.0.101/Sdks/Microsoft.NET.Sdk/targets/Microsoft.NET.Sdk.targets(204,5): message :       PrepareForRun;
       /usr/lib64/dotnet/sdk/10.0.101/Sdks/Microsoft.NET.Sdk/targets/Microsoft.NET.Sdk.targets(204,5): message :       UnmanagedRegistration;
       /usr/lib64/dotnet/sdk/10.0.101/Sdks/Microsoft.NET.Sdk/targets/Microsoft.NET.Sdk.targets(204,5): message :       IncrementalClean;
       /usr/lib64/dotnet/sdk/10.0.101/Sdks/Microsoft.NET.Sdk/targets/Microsoft.NET.Sdk.targets(204,5): message :       PostBuildEvent
       /usr/lib64/dotnet/sdk/10.0.101/Sdks/Microsoft.NET.Sdk/targets/Microsoft.NET.Sdk.targets(204,5): message :     ") at /usr/lib64/dotnet/sdk/10.0.101/Sdks/Microsoft.NET.Sdk/targets/Microsoft.NET.Sdk.targets (204,5)
       /usr/lib64/dotnet/sdk/10.0.101/Sdks/Microsoft.NET.Sdk/targets/Microsoft.NET.Sdk.targets(213,5): message : Property reassignment: $(CoreCleanDependsOn)="
       /usr/lib64/dotnet/sdk/10.0.101/Sdks/Microsoft.NET.Sdk/targets/Microsoft.NET.Sdk.targets(213,5): message :       _SdkBeforeClean;
       /usr/lib64/dotnet/sdk/10.0.101/Sdks/Microsoft.NET.Sdk/targets/Microsoft.NET.Sdk.targets(213,5): message :       
       /usr/lib64/dotnet/sdk/10.0.101/Sdks/Microsoft.NET.Sdk/targets/Microsoft.NET.Sdk.targets(213,5): message :     " (previous value: "") at /usr/lib64/dotnet/sdk/10.0.101/Sdks/Microsoft.NET.Sdk/targets/Microsoft.NET.Sdk.targets (213,5)
       /usr/lib64/dotnet/sdk/10.0.101/Sdks/Microsoft.NET.Sdk/targets/Microsoft.NET.Sdk.targets(220,5): message : Property reassignment: $(RebuildDependsOn)="
       /usr/lib64/dotnet/sdk/10.0.101/Sdks/Microsoft.NET.Sdk/targets/Microsoft.NET.Sdk.targets(220,5): message :       _SdkBeforeRebuild;
       /usr/lib64/dotnet/sdk/10.0.101/Sdks/Microsoft.NET.Sdk/targets/Microsoft.NET.Sdk.targets(220,5): message :       
       /usr/lib64/dotnet/sdk/10.0.101/Sdks/Microsoft.NET.Sdk/targets/Microsoft.NET.Sdk.targets(220,5): message :       BeforeRebuild;
       /usr/lib64/dotnet/sdk/10.0.101/Sdks/Microsoft.NET.Sdk/targets/Microsoft.NET.Sdk.targets(220,5): message :       Clean;
       /usr/lib64/dotnet/sdk/10.0.101/Sdks/Microsoft.NET.Sdk/targets/Microsoft.NET.Sdk.targets(220,5): message :       Build;
       /usr/lib64/dotnet/sdk/10.0.101/Sdks/Microsoft.NET.Sdk/targets/Microsoft.NET.Sdk.targets(220,5): message :       AfterRebuild;
       /usr/lib64/dotnet/sdk/10.0.101/Sdks/Microsoft.NET.Sdk/targets/Microsoft.NET.Sdk.targets(220,5): message :     
       /usr/lib64/dotnet/sdk/10.0.101/Sdks/Microsoft.NET.Sdk/targets/Microsoft.NET.Sdk.targets(220,5): message :     " (previous value: "
       /usr/lib64/dotnet/sdk/10.0.101/Sdks/Microsoft.NET.Sdk/targets/Microsoft.NET.Sdk.targets(220,5): message :       BeforeRebuild;
       /usr/lib64/dotnet/sdk/10.0.101/Sdks/Microsoft.NET.Sdk/targets/Microsoft.NET.Sdk.targets(220,5): message :       Clean;
       /usr/lib64/dotnet/sdk/10.0.101/Sdks/Microsoft.NET.Sdk/targets/Microsoft.NET.Sdk.targets(220,5): message :       Build;
       /usr/lib64/dotnet/sdk/10.0.101/Sdks/Microsoft.NET.Sdk/targets/Microsoft.NET.Sdk.targets(220,5): message :       AfterRebuild;
       /usr/lib64/dotnet/sdk/10.0.101/Sdks/Microsoft.NET.Sdk/targets/Microsoft.NET.Sdk.targets(220,5): message :     ") at /usr/lib64/dotnet/sdk/10.0.101/Sdks/Microsoft.NET.Sdk/targets/Microsoft.NET.Sdk.targets (220,5)
       /usr/lib64/dotnet/sdk/10.0.101/Sdks/Microsoft.NET.Sdk/targets/Microsoft.NET.Sdk.targets(799,5): message : Property reassignment: $(CompileDependsOn)="
       /usr/lib64/dotnet/sdk/10.0.101/Sdks/Microsoft.NET.Sdk/targets/Microsoft.NET.Sdk.targets(799,5): message :       
       /usr/lib64/dotnet/sdk/10.0.101/Sdks/Microsoft.NET.Sdk/targets/Microsoft.NET.Sdk.targets(799,5): message :       ResolveReferences;
       /usr/lib64/dotnet/sdk/10.0.101/Sdks/Microsoft.NET.Sdk/targets/Microsoft.NET.Sdk.targets(799,5): message :       ResolveKeySource;
       /usr/lib64/dotnet/sdk/10.0.101/Sdks/Microsoft.NET.Sdk/targets/Microsoft.NET.Sdk.targets(799,5): message :       SetWin32ManifestProperties;
       /usr/lib64/dotnet/sdk/10.0.101/Sdks/Microsoft.NET.Sdk/targets/Microsoft.NET.Sdk.targets(799,5): message :       _SetPreferNativeArm64Win32ManifestProperties;
       /usr/lib64/dotnet/sdk/10.0.101/Sdks/Microsoft.NET.Sdk/targets/Microsoft.NET.Sdk.targets(799,5): message :       FindReferenceAssembliesForReferences;
       /usr/lib64/dotnet/sdk/10.0.101/Sdks/Microsoft.NET.Sdk/targets/Microsoft.NET.Sdk.targets(799,5): message :       _GenerateCompileInputs;
       /usr/lib64/dotnet/sdk/10.0.101/Sdks/Microsoft.NET.Sdk/targets/Microsoft.NET.Sdk.targets(799,5): message :       BeforeCompile;
       /usr/lib64/dotnet/sdk/10.0.101/Sdks/Microsoft.NET.Sdk/targets/Microsoft.NET.Sdk.targets(799,5): message :       _TimeStampBeforeCompile;
       /usr/lib64/dotnet/sdk/10.0.101/Sdks/Microsoft.NET.Sdk/targets/Microsoft.NET.Sdk.targets(799,5): message :       _GenerateCompileDependencyCache;
       /usr/lib64/dotnet/sdk/10.0.101/Sdks/Microsoft.NET.Sdk/targets/Microsoft.NET.Sdk.targets(799,5): message :       CoreCompile;
       /usr/lib64/dotnet/sdk/10.0.101/Sdks/Microsoft.NET.Sdk/targets/Microsoft.NET.Sdk.targets(799,5): message :       _TimeStampAfterCompile;
       /usr/lib64/dotnet/sdk/10.0.101/Sdks/Microsoft.NET.Sdk/targets/Microsoft.NET.Sdk.targets(799,5): message :       AfterCompile;
       /usr/lib64/dotnet/sdk/10.0.101/Sdks/Microsoft.NET.Sdk/targets/Microsoft.NET.Sdk.targets(799,5): message :     ;
       /usr/lib64/dotnet/sdk/10.0.101/Sdks/Microsoft.NET.Sdk/targets/Microsoft.NET.Sdk.targets(799,5): message :       _CreateAppHost;
       /usr/lib64/dotnet/sdk/10.0.101/Sdks/Microsoft.NET.Sdk/targets/Microsoft.NET.Sdk.targets(799,5): message :       _CreateComHost;
       /usr/lib64/dotnet/sdk/10.0.101/Sdks/Microsoft.NET.Sdk/targets/Microsoft.NET.Sdk.targets(799,5): message :       _GetIjwHostPaths;
       /usr/lib64/dotnet/sdk/10.0.101/Sdks/Microsoft.NET.Sdk/targets/Microsoft.NET.Sdk.targets(799,5): message :     " (previous value: "
       /usr/lib64/dotnet/sdk/10.0.101/Sdks/Microsoft.NET.Sdk/targets/Microsoft.NET.Sdk.targets(799,5): message :       ResolveReferences;
       /usr/lib64/dotnet/sdk/10.0.101/Sdks/Microsoft.NET.Sdk/targets/Microsoft.NET.Sdk.targets(799,5): message :       ResolveKeySource;
       /usr/lib64/dotnet/sdk/10.0.101/Sdks/Microsoft.NET.Sdk/targets/Microsoft.NET.Sdk.targets(799,5): message :       SetWin32ManifestProperties;
       /usr/lib64/dotnet/sdk/10.0.101/Sdks/Microsoft.NET.Sdk/targets/Microsoft.NET.Sdk.targets(799,5): message :       _SetPreferNativeArm64Win32ManifestProperties;
       /usr/lib64/dotnet/sdk/10.0.101/Sdks/Microsoft.NET.Sdk/targets/Microsoft.NET.Sdk.targets(799,5): message :       FindReferenceAssembliesForReferences;
       /usr/lib64/dotnet/sdk/10.0.101/Sdks/Microsoft.NET.Sdk/targets/Microsoft.NET.Sdk.targets(799,5): message :       _GenerateCompileInputs;
       /usr/lib64/dotnet/sdk/10.0.101/Sdks/Microsoft.NET.Sdk/targets/Microsoft.NET.Sdk.targets(799,5): message :       BeforeCompile;
       /usr/lib64/dotnet/sdk/10.0.101/Sdks/Microsoft.NET.Sdk/targets/Microsoft.NET.Sdk.targets(799,5): message :       _TimeStampBeforeCompile;
       /usr/lib64/dotnet/sdk/10.0.101/Sdks/Microsoft.NET.Sdk/targets/Microsoft.NET.Sdk.targets(799,5): message :       _GenerateCompileDependencyCache;
       /usr/lib64/dotnet/sdk/10.0.101/Sdks/Microsoft.NET.Sdk/targets/Microsoft.NET.Sdk.targets(799,5): message :       CoreCompile;
       /usr/lib64/dotnet/sdk/10.0.101/Sdks/Microsoft.NET.Sdk/targets/Microsoft.NET.Sdk.targets(799,5): message :       _TimeStampAfterCompile;
       /usr/lib64/dotnet/sdk/10.0.101/Sdks/Microsoft.NET.Sdk/targets/Microsoft.NET.Sdk.targets(799,5): message :       AfterCompile;
       /usr/lib64/dotnet/sdk/10.0.101/Sdks/Microsoft.NET.Sdk/targets/Microsoft.NET.Sdk.targets(799,5): message :     ") at /usr/lib64/dotnet/sdk/10.0.101/Sdks/Microsoft.NET.Sdk/targets/Microsoft.NET.Sdk.targets (799,5)
       /usr/lib64/dotnet/sdk/10.0.101/Sdks/Microsoft.NET.Sdk/targets/Microsoft.NET.Sdk.targets(1131,5): message : Property reassignment: $(CreateSatelliteAssembliesDependsOn)="
       /usr/lib64/dotnet/sdk/10.0.101/Sdks/Microsoft.NET.Sdk/targets/Microsoft.NET.Sdk.targets(1131,5): message :       
       /usr/lib64/dotnet/sdk/10.0.101/Sdks/Microsoft.NET.Sdk/targets/Microsoft.NET.Sdk.targets(1131,5): message :       ;
       /usr/lib64/dotnet/sdk/10.0.101/Sdks/Microsoft.NET.Sdk/targets/Microsoft.NET.Sdk.targets(1131,5): message :       _GenerateSatelliteAssemblyInputs;
       /usr/lib64/dotnet/sdk/10.0.101/Sdks/Microsoft.NET.Sdk/targets/Microsoft.NET.Sdk.targets(1131,5): message :       ComputeIntermediateSatelliteAssemblies;
       /usr/lib64/dotnet/sdk/10.0.101/Sdks/Microsoft.NET.Sdk/targets/Microsoft.NET.Sdk.targets(1131,5): message :       GenerateSatelliteAssemblies
       /usr/lib64/dotnet/sdk/10.0.101/Sdks/Microsoft.NET.Sdk/targets/Microsoft.NET.Sdk.targets(1131,5): message :     ;
       /usr/lib64/dotnet/sdk/10.0.101/Sdks/Microsoft.NET.Sdk/targets/Microsoft.NET.Sdk.targets(1131,5): message :       CoreGenerateSatelliteAssemblies
       /usr/lib64/dotnet/sdk/10.0.101/Sdks/Microsoft.NET.Sdk/targets/Microsoft.NET.Sdk.targets(1131,5): message :     " (previous value: "
       /usr/lib64/dotnet/sdk/10.0.101/Sdks/Microsoft.NET.Sdk/targets/Microsoft.NET.Sdk.targets(1131,5): message :       ;
       /usr/lib64/dotnet/sdk/10.0.101/Sdks/Microsoft.NET.Sdk/targets/Microsoft.NET.Sdk.targets(1131,5): message :       _GenerateSatelliteAssemblyInputs;
       /usr/lib64/dotnet/sdk/10.0.101/Sdks/Microsoft.NET.Sdk/targets/Microsoft.NET.Sdk.targets(1131,5): message :       ComputeIntermediateSatelliteAssemblies;
       /usr/lib64/dotnet/sdk/10.0.101/Sdks/Microsoft.NET.Sdk/targets/Microsoft.NET.Sdk.targets(1131,5): message :       GenerateSatelliteAssemblies
       /usr/lib64/dotnet/sdk/10.0.101/Sdks/Microsoft.NET.Sdk/targets/Microsoft.NET.Sdk.targets(1131,5): message :     ") at /usr/lib64/dotnet/sdk/10.0.101/Sdks/Microsoft.NET.Sdk/targets/Microsoft.NET.Sdk.targets (1131,5)
       /usr/lib64/dotnet/sdk/10.0.101/Sdks/Microsoft.NET.Sdk/targets/Microsoft.NET.Sdk.CSharp.targets(31,5): message : Property reassignment: $(DefineConstants)="TRACE;DEBUG" (previous value: "TRACE") at /usr/lib64/dotnet/sdk/10.0.101/Sdks/Microsoft.NET.Sdk/targets/Microsoft.NET.Sdk.CSharp.targets (31,5)
       /usr/lib64/dotnet/sdk/10.0.101/Sdks/Microsoft.NET.Sdk/targets/Microsoft.NET.Sdk.CSharp.targets(45,5): message : Property reassignment: $(WarningsAsErrors)=";NU1605;SYSLIB0011" (previous value: ";NU1605") at /usr/lib64/dotnet/sdk/10.0.101/Sdks/Microsoft.NET.Sdk/targets/Microsoft.NET.Sdk.CSharp.targets (45,5)
       /usr/lib64/dotnet/sdk/10.0.101/Sdks/Microsoft.SourceLink.GitLab/build/Microsoft.SourceLink.GitLab.targets(12,5): message : Property reassignment: $(SourceLinkUrlInitializerTargets)=";_InitializeGitHubSourceLinkUrl;_InitializeGitLabSourceLinkUrl" (previous value: ";_InitializeGitHubSourceLinkUrl") at /usr/lib64/dotnet/sdk/10.0.101/Sdks/Microsoft.SourceLink.GitLab/build/Microsoft.SourceLink.GitLab.targets (12,5)
       /usr/lib64/dotnet/sdk/10.0.101/Sdks/Microsoft.SourceLink.GitLab/build/Microsoft.SourceLink.GitLab.targets(13,5): message : Property reassignment: $(SourceControlManagerUrlTranslationTargets)=";TranslateGitHubUrlsInSourceControlInformation;TranslateGitLabUrlsInSourceControlInformation" (previous value: ";TranslateGitHubUrlsInSourceControlInformation") at /usr/lib64/dotnet/sdk/10.0.101/Sdks/Microsoft.SourceLink.GitLab/build/Microsoft.SourceLink.GitLab.targets (13,5)
       /usr/lib64/dotnet/sdk/10.0.101/Sdks/Microsoft.SourceLink.AzureRepos.Git/build/Microsoft.SourceLink.AzureRepos.Git.targets(12,5): message : Property reassignment: $(SourceLinkUrlInitializerTargets)=";_InitializeGitHubSourceLinkUrl;_InitializeGitLabSourceLinkUrl;_InitializeAzureReposGitSourceLinkUrl" (previous value: ";_InitializeGitHubSourceLinkUrl;_InitializeGitLabSourceLinkUrl") at /usr/lib64/dotnet/sdk/10.0.101/Sdks/Microsoft.SourceLink.AzureRepos.Git/build/Microsoft.SourceLink.AzureRepos.Git.targets (12,5)
       /usr/lib64/dotnet/sdk/10.0.101/Sdks/Microsoft.SourceLink.AzureRepos.Git/build/Microsoft.SourceLink.AzureRepos.Git.targets(13,5): message : Property reassignment: $(SourceControlManagerUrlTranslationTargets)=";TranslateGitHubUrlsInSourceControlInformation;TranslateGitLabUrlsInSourceControlInformation;TranslateAzureReposGitUrlsInSourceControlInformation" (previous value: ";TranslateGitHubUrlsInSourceControlInformation;TranslateGitLabUrlsInSourceControlInformation") at /usr/lib64/dotnet/sdk/10.0.101/Sdks/Microsoft.SourceLink.AzureRepos.Git/build/Microsoft.SourceLink.AzureRepos.Git.targets (13,5)
       /usr/lib64/dotnet/sdk/10.0.101/Sdks/Microsoft.SourceLink.Bitbucket.Git/build/Microsoft.SourceLink.Bitbucket.Git.targets(12,5): message : Property reassignment: $(SourceLinkUrlInitializerTargets)=";_InitializeGitHubSourceLinkUrl;_InitializeGitLabSourceLinkUrl;_InitializeAzureReposGitSourceLinkUrl;_InitializeBitbucketGitSourceLinkUrl" (previous value: ";_InitializeGitHubSourceLinkUrl;_InitializeGitLabSourceLinkUrl;_InitializeAzureReposGitSourceLinkUrl") at /usr/lib64/dotnet/sdk/10.0.101/Sdks/Microsoft.SourceLink.Bitbucket.Git/build/Microsoft.SourceLink.Bitbucket.Git.targets (12,5)
       /usr/lib64/dotnet/sdk/10.0.101/Sdks/Microsoft.SourceLink.Bitbucket.Git/build/Microsoft.SourceLink.Bitbucket.Git.targets(13,5): message : Property reassignment: $(SourceControlManagerUrlTranslationTargets)=";TranslateGitHubUrlsInSourceControlInformation;TranslateGitLabUrlsInSourceControlInformation;TranslateAzureReposGitUrlsInSourceControlInformation;TranslateBitbucketGitUrlsInSourceControlInformation" (previous value: ";TranslateGitHubUrlsInSourceControlInformation;TranslateGitLabUrlsInSourceControlInformation;TranslateAzureReposGitUrlsInSourceControlInformation") at /usr/lib64/dotnet/sdk/10.0.101/Sdks/Microsoft.SourceLink.Bitbucket.Git/build/Microsoft.SourceLink.Bitbucket.Git.targets (13,5)
       /usr/lib64/dotnet/sdk/10.0.101/Sdks/Microsoft.NET.Sdk/targets/Microsoft.NET.DesignerSupport.targets(21,5): message : Property reassignment: $(DesignerRuntimeImplementationProjectOutputGroupDependsOn)="
       /usr/lib64/dotnet/sdk/10.0.101/Sdks/Microsoft.NET.Sdk/targets/Microsoft.NET.DesignerSupport.targets(21,5): message :       
       /usr/lib64/dotnet/sdk/10.0.101/Sdks/Microsoft.NET.Sdk/targets/Microsoft.NET.DesignerSupport.targets(21,5): message :       ;
       /usr/lib64/dotnet/sdk/10.0.101/Sdks/Microsoft.NET.Sdk/targets/Microsoft.NET.DesignerSupport.targets(21,5): message :       
       /usr/lib64/dotnet/sdk/10.0.101/Sdks/Microsoft.NET.Sdk/targets/Microsoft.NET.DesignerSupport.targets(21,5): message :       ;
       /usr/lib64/dotnet/sdk/10.0.101/Sdks/Microsoft.NET.Sdk/targets/Microsoft.NET.DesignerSupport.targets(21,5): message :       BuildOnlySettings;
       /usr/lib64/dotnet/sdk/10.0.101/Sdks/Microsoft.NET.Sdk/targets/Microsoft.NET.DesignerSupport.targets(21,5): message :       PrepareForBuild;
       /usr/lib64/dotnet/sdk/10.0.101/Sdks/Microsoft.NET.Sdk/targets/Microsoft.NET.DesignerSupport.targets(21,5): message :       AssignTargetPaths;
       /usr/lib64/dotnet/sdk/10.0.101/Sdks/Microsoft.NET.Sdk/targets/Microsoft.NET.DesignerSupport.targets(21,5): message :       ResolveReferences
       /usr/lib64/dotnet/sdk/10.0.101/Sdks/Microsoft.NET.Sdk/targets/Microsoft.NET.DesignerSupport.targets(21,5): message :     
       /usr/lib64/dotnet/sdk/10.0.101/Sdks/Microsoft.NET.Sdk/targets/Microsoft.NET.DesignerSupport.targets(21,5): message :     ;
       /usr/lib64/dotnet/sdk/10.0.101/Sdks/Microsoft.NET.Sdk/targets/Microsoft.NET.DesignerSupport.targets(21,5): message :       _GenerateDesignerDepsFile;
       /usr/lib64/dotnet/sdk/10.0.101/Sdks/Microsoft.NET.Sdk/targets/Microsoft.NET.DesignerSupport.targets(21,5): message :       _GenerateDesignerRuntimeConfigFile;
       /usr/lib64/dotnet/sdk/10.0.101/Sdks/Microsoft.NET.Sdk/targets/Microsoft.NET.DesignerSupport.targets(21,5): message :       GetCopyToOutputDirectoryItems;
       /usr/lib64/dotnet/sdk/10.0.101/Sdks/Microsoft.NET.Sdk/targets/Microsoft.NET.DesignerSupport.targets(21,5): message :       _GatherDesignerShadowCopyFiles;
       /usr/lib64/dotnet/sdk/10.0.101/Sdks/Microsoft.NET.Sdk/targets/Microsoft.NET.DesignerSupport.targets(21,5): message :     " (previous value: "
       /usr/lib64/dotnet/sdk/10.0.101/Sdks/Microsoft.NET.Sdk/targets/Microsoft.NET.DesignerSupport.targets(21,5): message :       ;
       /usr/lib64/dotnet/sdk/10.0.101/Sdks/Microsoft.NET.Sdk/targets/Microsoft.NET.DesignerSupport.targets(21,5): message :       
       /usr/lib64/dotnet/sdk/10.0.101/Sdks/Microsoft.NET.Sdk/targets/Microsoft.NET.DesignerSupport.targets(21,5): message :       ;
       /usr/lib64/dotnet/sdk/10.0.101/Sdks/Microsoft.NET.Sdk/targets/Microsoft.NET.DesignerSupport.targets(21,5): message :       BuildOnlySettings;
       /usr/lib64/dotnet/sdk/10.0.101/Sdks/Microsoft.NET.Sdk/targets/Microsoft.NET.DesignerSupport.targets(21,5): message :       PrepareForBuild;
       /usr/lib64/dotnet/sdk/10.0.101/Sdks/Microsoft.NET.Sdk/targets/Microsoft.NET.DesignerSupport.targets(21,5): message :       AssignTargetPaths;
       /usr/lib64/dotnet/sdk/10.0.101/Sdks/Microsoft.NET.Sdk/targets/Microsoft.NET.DesignerSupport.targets(21,5): message :       ResolveReferences
       /usr/lib64/dotnet/sdk/10.0.101/Sdks/Microsoft.NET.Sdk/targets/Microsoft.NET.DesignerSupport.targets(21,5): message :     
       /usr/lib64/dotnet/sdk/10.0.101/Sdks/Microsoft.NET.Sdk/targets/Microsoft.NET.DesignerSupport.targets(21,5): message :     ") at /usr/lib64/dotnet/sdk/10.0.101/Sdks/Microsoft.NET.Sdk/targets/Microsoft.NET.DesignerSupport.targets (21,5)
       /usr/lib64/dotnet/sdk/10.0.101/NuGet.Build.Tasks.Pack.targets(34,5): message : Property reassignment: $(PackageDescription)="Package Description" (previous value: "") at /usr/lib64/dotnet/sdk/10.0.101/NuGet.Build.Tasks.Pack.targets (34,5)
       /usr/lib64/dotnet/sdk/10.0.101/NuGet.Build.Tasks.Pack.targets(59,5): message : Property reassignment: $(GenerateNuspecDependsOn)="Build;_LoadPackInputItems; _GetTargetFrameworksOutput; _WalkEachTargetPerFramework; _GetPackageFiles; " (previous value: "_LoadPackInputItems; _GetTargetFrameworksOutput; _WalkEachTargetPerFramework; _GetPackageFiles; ") at /usr/lib64/dotnet/sdk/10.0.101/NuGet.Build.Tasks.Pack.targets (59,5)
       /usr/lib64/dotnet/sdk/10.0.101/Sdks/Microsoft.NET.Sdk/Sdk/Sdk.targets(59,5): message : Property reassignment: $(_IsNotSetContainersTargetsDir)="true" (previous value: "false") at /usr/lib64/dotnet/sdk/10.0.101/Sdks/Microsoft.NET.Sdk/Sdk/Sdk.targets (59,5)
       /usr/lib64/dotnet/sdk/10.0.101/Containers/build/Microsoft.NET.Build.Containers.targets(5,5): message : Property reassignment: $(_IsSDKContainerAllowedVersion)="true" (previous value: "false") at /usr/lib64/dotnet/sdk/10.0.101/Containers/build/Microsoft.NET.Build.Containers.targets (5,5)
       /usr/lib64/dotnet/sdk/10.0.101/Containers/build/Microsoft.NET.Build.Containers.targets(15,5): message : Property reassignment: $(_ContainerIsTargetingNet8TFM)="true" (previous value: "false") at /usr/lib64/dotnet/sdk/10.0.101/Containers/build/Microsoft.NET.Build.Containers.targets (15,5)
       /usr/lib64/dotnet/sdk/10.0.101/Sdks/Microsoft.NET.Sdk/targets/Microsoft.NET.Sdk.CSharp.targets(31,5): message : Property reassignment: $(DefineConstants)="TRACE;DEBUG" (previous value: "TRACE") at /usr/lib64/dotnet/sdk/10.0.101/Sdks/Microsoft.NET.Sdk/targets/Microsoft.NET.Sdk.CSharp.targets (31,5)
       /usr/lib64/dotnet/sdk/10.0.101/Sdks/Microsoft.NET.Sdk/targets/Microsoft.NET.Sdk.CSharp.targets(45,5): message : Property reassignment: $(WarningsAsErrors)=";NU1605;SYSLIB0011" (previous value: ";NU1605") at /usr/lib64/dotnet/sdk/10.0.101/Sdks/Microsoft.NET.Sdk/targets/Microsoft.NET.Sdk.CSharp.targets (45,5)
       The SDK "Microsoft.NET.SDK.WorkloadAutoImportPropsLocator" was successfully resolved by the "Microsoft.DotNet.MSBuildWorkloadSdkResolver" resolver to location "null" and version "null".
       /usr/lib64/dotnet/sdk/10.0.101/NuGet.Build.Tasks.Pack.targets(34,5): message : Property reassignment: $(PackageDescription)="Package Description" (previous value: "") at /usr/lib64/dotnet/sdk/10.0.101/NuGet.Build.Tasks.Pack.targets (34,5)
       /usr/lib64/dotnet/sdk/10.0.101/NuGet.Build.Tasks.Pack.targets(59,5): message : Property reassignment: $(GenerateNuspecDependsOn)="Build;_LoadPackInputItems; _GetTargetFrameworksOutput; _WalkEachTargetPerFramework; _GetPackageFiles; " (previous value: "_LoadPackInputItems; _GetTargetFrameworksOutput; _WalkEachTargetPerFramework; _GetPackageFiles; ") at /usr/lib64/dotnet/sdk/10.0.101/NuGet.Build.Tasks.Pack.targets (59,5)
       /usr/lib64/dotnet/sdk/10.0.101/Sdks/Microsoft.NET.Sdk/Sdk/Sdk.targets(59,5): message : Property reassignment: $(_IsNotSetContainersTargetsDir)="true" (previous value: "false") at /usr/lib64/dotnet/sdk/10.0.101/Sdks/Microsoft.NET.Sdk/Sdk/Sdk.targets (59,5)
       Overriding target "ResolveFrameworkReferences" in project "/usr/lib64/dotnet/sdk/10.0.101/Microsoft.Common.CurrentVersion.targets" with target "ResolveFrameworkReferences" from project "/usr/lib64/dotnet/sdk/10.0.101/Sdks/Microsoft.NET.Sdk/targets/Microsoft.NET.Sdk.FrameworkReferenceResolution.targets".
       Overriding target "GenerateSupportedTargetFrameworkAlias" in project "/usr/lib64/dotnet/sdk/10.0.101/Microsoft.Common.CurrentVersion.targets" with target "GenerateSupportedTargetFrameworkAlias" from project "/usr/lib64/dotnet/sdk/10.0.101/Sdks/Microsoft.NET.Sdk/targets/Microsoft.NET.Sdk.targets".
       Overriding target "GetReferenceAssemblyPaths" in project "/usr/lib64/dotnet/sdk/10.0.101/Microsoft.Common.CurrentVersion.targets" with target "GetReferenceAssemblyPaths" from project "/usr/lib64/dotnet/sdk/10.0.101/Sdks/Microsoft.NET.Sdk/targets/Microsoft.NET.DisableStandardFrameworkResolution.targets".
       Overriding target "GetFrameworkPaths" in project "/usr/lib64/dotnet/sdk/10.0.101/Microsoft.Common.CurrentVersion.targets" with target "GetFrameworkPaths" from project "/usr/lib64/dotnet/sdk/10.0.101/Sdks/Microsoft.NET.Sdk/targets/Microsoft.NET.DisableStandardFrameworkResolution.targets".
       /usr/lib64/dotnet/sdk/10.0.101/Containers/build/Microsoft.NET.Build.Containers.targets(5,5): message : Property reassignment: $(_IsSDKContainerAllowedVersion)="true" (previous value: "false") at /usr/lib64/dotnet/sdk/10.0.101/Containers/build/Microsoft.NET.Build.Containers.targets (5,5)
       Overriding target "DesignerRuntimeImplementationProjectOutputGroup" in project "/usr/lib64/dotnet/sdk/10.0.101/Microsoft.Common.CurrentVersion.targets" with target "DesignerRuntimeImplementationProjectOutputGroup" from project "/usr/lib64/dotnet/sdk/10.0.101/Sdks/Microsoft.NET.Sdk/targets/Microsoft.NET.DesignerSupport.targets".
       /usr/lib64/dotnet/sdk/10.0.101/Containers/build/Microsoft.NET.Build.Containers.targets(15,5): message : Property reassignment: $(_ContainerIsTargetingNet8TFM)="true" (previous value: "false") at /usr/lib64/dotnet/sdk/10.0.101/Containers/build/Microsoft.NET.Build.Containers.targets (15,5)
       Overriding target "Publish" in project "/usr/lib64/dotnet/sdk/10.0.101/Microsoft.Common.CurrentVersion.targets" with target "Publish" from project "/usr/lib64/dotnet/sdk/10.0.101/Sdks/Microsoft.NET.Sdk/targets/Microsoft.NET.Publish.targets".
       Overriding target "ResolveReadyToRunCompilers" in project "/usr/lib64/dotnet/sdk/10.0.101/Sdks/Microsoft.NET.Sdk/targets/Microsoft.NET.CrossGen.targets" with target "ResolveReadyToRunCompilers" from project "/usr/lib64/dotnet/sdk/10.0.101/Sdks/Microsoft.NET.Sdk/targets/Microsoft.NET.Publish.targets".
       Overriding target "GetCopyToPublishDirectoryItems" in project "/usr/lib64/dotnet/sdk/10.0.101/Microsoft.Common.CurrentVersion.targets" with target "GetCopyToPublishDirectoryItems" from project "/usr/lib64/dotnet/sdk/10.0.101/Sdks/Microsoft.NET.Sdk/targets/Microsoft.NET.Publish.targets".
       Overriding target "Run" in project "/usr/lib64/dotnet/sdk/10.0.101/Microsoft.Common.CurrentVersion.targets" with target "Run" from project "/usr/lib64/dotnet/sdk/10.0.101/Sdks/Microsoft.NET.Sdk/targets/Microsoft.NET.Sdk.targets".
       Overriding target "ResolveFrameworkReferences" in project "/usr/lib64/dotnet/sdk/10.0.101/Microsoft.Common.CurrentVersion.targets" with target "ResolveFrameworkReferences" from project "/usr/lib64/dotnet/sdk/10.0.101/Sdks/Microsoft.NET.Sdk/targets/Microsoft.NET.Sdk.FrameworkReferenceResolution.targets".
       Overriding target "GenerateSupportedTargetFrameworkAlias" in project "/usr/lib64/dotnet/sdk/10.0.101/Microsoft.Common.CurrentVersion.targets" with target "GenerateSupportedTargetFrameworkAlias" from project "/usr/lib64/dotnet/sdk/10.0.101/Sdks/Microsoft.NET.Sdk/targets/Microsoft.NET.Sdk.targets".
       The target "ResolveNuGetPackageAssets" listed in an AfterTargets attribute at "/home/baturhan/.nuget/packages/microsoft.extensions.logging.abstractions/8.0.2/buildTransitive/net6.0/Microsoft.Extensions.Logging.Abstractions.targets (11,11)" does not exist in the project, and will be ignored.
       Overriding target "GetReferenceAssemblyPaths" in project "/usr/lib64/dotnet/sdk/10.0.101/Microsoft.Common.CurrentVersion.targets" with target "GetReferenceAssemblyPaths" from project "/usr/lib64/dotnet/sdk/10.0.101/Sdks/Microsoft.NET.Sdk/targets/Microsoft.NET.DisableStandardFrameworkResolution.targets".
       The target "ResolveNuGetPackageAssets" listed in an AfterTargets attribute at "/home/baturhan/.nuget/packages/microsoft.extensions.logging.abstractions/8.0.2/buildTransitive/net6.0/Microsoft.Extensions.Logging.Abstractions.targets (23,11)" does not exist in the project, and will be ignored.
       Overriding target "GetFrameworkPaths" in project "/usr/lib64/dotnet/sdk/10.0.101/Microsoft.Common.CurrentVersion.targets" with target "GetFrameworkPaths" from project "/usr/lib64/dotnet/sdk/10.0.101/Sdks/Microsoft.NET.Sdk/targets/Microsoft.NET.DisableStandardFrameworkResolution.targets".
       The target "ResolveNuGetPackageAssets" listed in an AfterTargets attribute at "/home/baturhan/.nuget/packages/microsoft.extensions.configuration.binder/8.0.2/buildTransitive/netstandard2.0/Microsoft.Extensions.Configuration.Binder.targets (9,13)" does not exist in the project, and will be ignored.
       Overriding target "DesignerRuntimeImplementationProjectOutputGroup" in project "/usr/lib64/dotnet/sdk/10.0.101/Microsoft.Common.CurrentVersion.targets" with target "DesignerRuntimeImplementationProjectOutputGroup" from project "/usr/lib64/dotnet/sdk/10.0.101/Sdks/Microsoft.NET.Sdk/targets/Microsoft.NET.DesignerSupport.targets".
       The target "ResolveNuGetPackageAssets" listed in an AfterTargets attribute at "/home/baturhan/.nuget/packages/microsoft.extensions.options/8.0.2/buildTransitive/net6.0/Microsoft.Extensions.Options.targets (11,11)" does not exist in the project, and will be ignored.
       Overriding target "Publish" in project "/usr/lib64/dotnet/sdk/10.0.101/Microsoft.Common.CurrentVersion.targets" with target "Publish" from project "/usr/lib64/dotnet/sdk/10.0.101/Sdks/Microsoft.NET.Sdk/targets/Microsoft.NET.Publish.targets".
       The target "ResolveNuGetPackageAssets" listed in an AfterTargets attribute at "/home/baturhan/.nuget/packages/microsoft.extensions.options/8.0.2/buildTransitive/net6.0/Microsoft.Extensions.Options.targets (23,11)" does not exist in the project, and will be ignored.
       Overriding target "ResolveReadyToRunCompilers" in project "/usr/lib64/dotnet/sdk/10.0.101/Sdks/Microsoft.NET.Sdk/targets/Microsoft.NET.CrossGen.targets" with target "ResolveReadyToRunCompilers" from project "/usr/lib64/dotnet/sdk/10.0.101/Sdks/Microsoft.NET.Sdk/targets/Microsoft.NET.Publish.targets".
       Overriding target "GetCopyToPublishDirectoryItems" in project "/usr/lib64/dotnet/sdk/10.0.101/Microsoft.Common.CurrentVersion.targets" with target "GetCopyToPublishDirectoryItems" from project "/usr/lib64/dotnet/sdk/10.0.101/Sdks/Microsoft.NET.Sdk/targets/Microsoft.NET.Publish.targets".
       Overriding target "Run" in project "/usr/lib64/dotnet/sdk/10.0.101/Microsoft.Common.CurrentVersion.targets" with target "Run" from project "/usr/lib64/dotnet/sdk/10.0.101/Sdks/Microsoft.NET.Sdk/targets/Microsoft.NET.Sdk.targets".
       The target "ResolveNuGetPackageAssets" listed in an AfterTargets attribute at "/home/baturhan/.nuget/packages/system.text.json/8.0.0/buildTransitive/net6.0/System.Text.Json.targets (11,11)" does not exist in the project, and will be ignored.
       The target "ResolveNuGetPackageAssets" listed in an AfterTargets attribute at "/home/baturhan/.nuget/packages/system.text.json/8.0.0/buildTransitive/net6.0/System.Text.Json.targets (23,11)" does not exist in the project, and will be ignored.
       The target "ResolveNuGetPackageAssets" listed in an AfterTargets attribute at "/home/baturhan/.nuget/packages/microsoft.extensions.logging.abstractions/8.0.2/buildTransitive/net6.0/Microsoft.Extensions.Logging.Abstractions.targets (11,11)" does not exist in the project, and will be ignored.
       The target "ResolveNuGetPackageAssets" listed in an AfterTargets attribute at "/home/baturhan/.nuget/packages/microsoft.extensions.logging.abstractions/8.0.2/buildTransitive/net6.0/Microsoft.Extensions.Logging.Abstractions.targets (23,11)" does not exist in the project, and will be ignored.
       The target "ResolveNuGetPackageAssets" listed in an AfterTargets attribute at "/home/baturhan/.nuget/packages/microsoft.extensions.configuration.binder/8.0.2/buildTransitive/netstandard2.0/Microsoft.Extensions.Configuration.Binder.targets (9,13)" does not exist in the project, and will be ignored.
       The target "ResolveNuGetPackageAssets" listed in an AfterTargets attribute at "/home/baturhan/.nuget/packages/microsoft.extensions.options/8.0.2/buildTransitive/net6.0/Microsoft.Extensions.Options.targets (11,11)" does not exist in the project, and will be ignored.
       The target "ResolveNuGetPackageAssets" listed in an AfterTargets attribute at "/home/baturhan/.nuget/packages/microsoft.extensions.options/8.0.2/buildTransitive/net6.0/Microsoft.Extensions.Options.targets (23,11)" does not exist in the project, and will be ignored.
       /usr/lib64/dotnet/sdk/10.0.101/Sdks/Microsoft.NET.Sdk/targets/Microsoft.NET.Sdk.ImportPublishProfile.targets(28,5): message : Property reassignment: $(PublishProfileImported)="false" (previous value: "true") at /usr/lib64/dotnet/sdk/10.0.101/Sdks/Microsoft.NET.Sdk/targets/Microsoft.NET.Sdk.ImportPublishProfile.targets (28,5)
   1:7>Project "/home/baturhan/Projeler/Entegrasyon/Application/Entegrasyon.Blazor/Entegrasyon.Blazor.csproj" (1:7) is building "/home/baturhan/Projeler/Entegrasyon/Application/Entegrasyon.ApplicationBootstrap/Entegrasyon.ApplicationBootstrap.csproj" (4:5) on node 4 (GetTargetFrameworks target(s)).
   4:5>Target "NETStandardCompatError_Microsoft_Extensions_Configuration_Binder" in file "/home/baturhan/.nuget/packages/microsoft.extensions.configuration.binder/8.0.2/buildTransitive/netstandard2.0/Microsoft.Extensions.Configuration.Binder.targets" from project "/home/baturhan/Projeler/Entegrasyon/Application/Entegrasyon.ApplicationBootstrap/Entegrasyon.ApplicationBootstrap.csproj" (entry point):
   4:5>Done building target "NETStandardCompatError_Microsoft_Extensions_Configuration_Binder" in project "Entegrasyon.ApplicationBootstrap.csproj".
   4:5>Target "_CalculateIsVSTestTestProject" in file "/usr/lib64/dotnet/sdk/10.0.101/Sdks/Microsoft.NET.Sdk/targets/Microsoft.NET.Sdk.targets" from project "/home/baturhan/Projeler/Entegrasyon/Application/Entegrasyon.ApplicationBootstrap/Entegrasyon.ApplicationBootstrap.csproj" (target "GetTargetFrameworksWithPlatformForSingleTargetFramework" depends on it):
   4:5>Done building target "_CalculateIsVSTestTestProject" in project "Entegrasyon.ApplicationBootstrap.csproj".
   4:5>Target "GetTargetFrameworksWithPlatformForSingleTargetFramework" in file "/usr/lib64/dotnet/sdk/10.0.101/Microsoft.Common.CurrentVersion.targets" from project "/home/baturhan/Projeler/Entegrasyon/Application/Entegrasyon.ApplicationBootstrap/Entegrasyon.ApplicationBootstrap.csproj" (target "GetTargetFrameworks" depends on it):
       Using "CombineTargetFrameworkInfoProperties" task from assembly "Microsoft.Build.Tasks.Core, Version=15.1.0.0, Culture=neutral, PublicKeyToken=b03f5f7f11d50a3a".
       Task "CombineTargetFrameworkInfoProperties"
       Done executing task "CombineTargetFrameworkInfoProperties".
   4:5>Done building target "GetTargetFrameworksWithPlatformForSingleTargetFramework" in project "Entegrasyon.ApplicationBootstrap.csproj".
   4:5>Target "GetTargetFrameworks" in file "/usr/lib64/dotnet/sdk/10.0.101/Microsoft.Common.CurrentVersion.targets" from project "/home/baturhan/Projeler/Entegrasyon/Application/Entegrasyon.ApplicationBootstrap/Entegrasyon.ApplicationBootstrap.csproj" (entry point):
       Using "CombineXmlElements" task from assembly "Microsoft.Build.Tasks.Core, Version=15.1.0.0, Culture=neutral, PublicKeyToken=b03f5f7f11d50a3a".
       Task "CombineXmlElements"
     0>/usr/lib64/dotnet/sdk/10.0.101/Sdks/Microsoft.NET.Sdk/targets/Microsoft.NET.TargetFrameworkInference.targets(81,5): message : Property reassignment: $(TargetPlatformVersion)="" (previous value: "0.0") at /usr/lib64/dotnet/sdk/10.0.101/Sdks/Microsoft.NET.Sdk/targets/Microsoft.NET.TargetFrameworkInference.targets (81,5)
   4:5>Done executing task "CombineXmlElements".
   4:5>Done building target "GetTargetFrameworks" in project "Entegrasyon.ApplicationBootstrap.csproj".
   4:5>Done Building Project "/home/baturhan/Projeler/Entegrasyon/Application/Entegrasyon.ApplicationBootstrap/Entegrasyon.ApplicationBootstrap.csproj" (GetTargetFrameworks target(s)).
     0>/usr/lib64/dotnet/sdk/10.0.101/Sdks/Microsoft.NET.Sdk/targets/Microsoft.NET.DefaultOutputPaths.targets(127,5): message : Property reassignment: $(DefaultItemExcludes)=";bin/Debug//**;obj/Debug//**" (previous value: ";bin/Debug//**") at /usr/lib64/dotnet/sdk/10.0.101/Sdks/Microsoft.NET.Sdk/targets/Microsoft.NET.DefaultOutputPaths.targets (127,5)
       /usr/lib64/dotnet/sdk/10.0.101/Sdks/Microsoft.NET.Sdk/targets/Microsoft.NET.DefaultOutputPaths.targets(142,5): message : Property reassignment: $(OutputPath)="bin/Debug/net8.0/" (previous value: "bin/Debug/") at /usr/lib64/dotnet/sdk/10.0.101/Sdks/Microsoft.NET.Sdk/targets/Microsoft.NET.DefaultOutputPaths.targets (142,5)
   1:7>Project "/home/baturhan/Projeler/Entegrasyon/Application/Entegrasyon.Blazor/Entegrasyon.Blazor.csproj" (1:7) is building "/home/baturhan/Projeler/Entegrasyon/Application/Entegrasyon.DataAccess/Entegrasyon.DataAccess.csproj" (7:6) on node 2 (GetTargetFrameworks target(s)).
   7:6>Target "NETStandardCompatError_Microsoft_Extensions_Configuration_Binder" in file "/home/baturhan/.nuget/packages/microsoft.extensions.configuration.binder/8.0.2/buildTransitive/netstandard2.0/Microsoft.Extensions.Configuration.Binder.targets" from project "/home/baturhan/Projeler/Entegrasyon/Application/Entegrasyon.DataAccess/Entegrasyon.DataAccess.csproj" (entry point):
   7:6>Done building target "NETStandardCompatError_Microsoft_Extensions_Configuration_Binder" in project "Entegrasyon.DataAccess.csproj".
     0>/usr/lib64/dotnet/sdk/10.0.101/Sdks/Microsoft.NET.Sdk/targets/Microsoft.NET.DefaultOutputPaths.targets(147,5): message : Property reassignment: $(IntermediateOutputPath)="obj/Debug/net8.0/" (previous value: "obj/Debug/") at /usr/lib64/dotnet/sdk/10.0.101/Sdks/Microsoft.NET.Sdk/targets/Microsoft.NET.DefaultOutputPaths.targets (147,5)
   7:6>Target "_CalculateIsVSTestTestProject" in file "/usr/lib64/dotnet/sdk/10.0.101/Sdks/Microsoft.NET.Sdk/targets/Microsoft.NET.Sdk.targets" from project "/home/baturhan/Projeler/Entegrasyon/Application/Entegrasyon.DataAccess/Entegrasyon.DataAccess.csproj" (target "GetTargetFrameworksWithPlatformForSingleTargetFramework" depends on it):
   7:6>Done building target "_CalculateIsVSTestTestProject" in project "Entegrasyon.DataAccess.csproj".
   7:6>Target "GetTargetFrameworksWithPlatformForSingleTargetFramework" in file "/usr/lib64/dotnet/sdk/10.0.101/Microsoft.Common.CurrentVersion.targets" from project "/home/baturhan/Projeler/Entegrasyon/Application/Entegrasyon.DataAccess/Entegrasyon.DataAccess.csproj" (target "GetTargetFrameworks" depends on it):
       Using "CombineTargetFrameworkInfoProperties" task from assembly "Microsoft.Build.Tasks.Core, Version=15.1.0.0, Culture=neutral, PublicKeyToken=b03f5f7f11d50a3a".
       Task "CombineTargetFrameworkInfoProperties"
       Done executing task "CombineTargetFrameworkInfoProperties".
   7:6>Done building target "GetTargetFrameworksWithPlatformForSingleTargetFramework" in project "Entegrasyon.DataAccess.csproj".
   7:6>Target "GetTargetFrameworks" in file "/usr/lib64/dotnet/sdk/10.0.101/Microsoft.Common.CurrentVersion.targets" from project "/home/baturhan/Projeler/Entegrasyon/Application/Entegrasyon.DataAccess/Entegrasyon.DataAccess.csproj" (entry point):
       Using "CombineXmlElements" task from assembly "Microsoft.Build.Tasks.Core, Version=15.1.0.0, Culture=neutral, PublicKeyToken=b03f5f7f11d50a3a".
       Task "CombineXmlElements"
       Done executing task "CombineXmlElements".
     0>The "DefaultSdkResolver" resolver attempted to resolve the SDK "Microsoft.NET.SDK.WorkloadManifestTargetsLocator".
Warnings: null
Errors: MSB4276: The default SDK resolver failed to resolve SDK "Microsoft.NET.SDK.WorkloadManifestTargetsLocator" because directory "/usr/lib64/dotnet/sdk/10.0.101/Sdks/Microsoft.NET.SDK.WorkloadManifestTargetsLocator/Sdk" did not exist.
   7:6>Done building target "GetTargetFrameworks" in project "Entegrasyon.DataAccess.csproj".
   7:6>Done Building Project "/home/baturhan/Projeler/Entegrasyon/Application/Entegrasyon.DataAccess/Entegrasyon.DataAccess.csproj" (GetTargetFrameworks target(s)).
     0>The SDK "Microsoft.NET.SDK.WorkloadManifestTargetsLocator" was successfully resolved by the "Microsoft.DotNet.MSBuildWorkloadSdkResolver" resolver to location "/usr/lib64/dotnet/sdk-manifests/10.0.100/microsoft.net.workload.mono.toolchain.current/10.0.101" and version "null".
       Overriding target "ResolveFrameworkReferences" in project "/usr/lib64/dotnet/sdk/10.0.101/Microsoft.Common.CurrentVersion.targets" with target "ResolveFrameworkReferences" from project "/usr/lib64/dotnet/sdk/10.0.101/Sdks/Microsoft.NET.Sdk/targets/Microsoft.NET.Sdk.FrameworkReferenceResolution.targets".
       Overriding target "GenerateSupportedTargetFrameworkAlias" in project "/usr/lib64/dotnet/sdk/10.0.101/Microsoft.Common.CurrentVersion.targets" with target "GenerateSupportedTargetFrameworkAlias" from project "/usr/lib64/dotnet/sdk/10.0.101/Sdks/Microsoft.NET.Sdk/targets/Microsoft.NET.Sdk.targets".
       Overriding target "GetReferenceAssemblyPaths" in project "/usr/lib64/dotnet/sdk/10.0.101/Microsoft.Common.CurrentVersion.targets" with target "GetReferenceAssemblyPaths" from project "/usr/lib64/dotnet/sdk/10.0.101/Sdks/Microsoft.NET.Sdk/targets/Microsoft.NET.DisableStandardFrameworkResolution.targets".
       Overriding target "GetFrameworkPaths" in project "/usr/lib64/dotnet/sdk/10.0.101/Microsoft.Common.CurrentVersion.targets" with target "GetFrameworkPaths" from project "/usr/lib64/dotnet/sdk/10.0.101/Sdks/Microsoft.NET.Sdk/targets/Microsoft.NET.DisableStandardFrameworkResolution.targets".
       Overriding target "DesignerRuntimeImplementationProjectOutputGroup" in project "/usr/lib64/dotnet/sdk/10.0.101/Microsoft.Common.CurrentVersion.targets" with target "DesignerRuntimeImplementationProjectOutputGroup" from project "/usr/lib64/dotnet/sdk/10.0.101/Sdks/Microsoft.NET.Sdk/targets/Microsoft.NET.DesignerSupport.targets".
       Overriding target "Publish" in project "/usr/lib64/dotnet/sdk/10.0.101/Microsoft.Common.CurrentVersion.targets" with target "Publish" from project "/usr/lib64/dotnet/sdk/10.0.101/Sdks/Microsoft.NET.Sdk/targets/Microsoft.NET.Publish.targets".
       Overriding target "ResolveReadyToRunCompilers" in project "/usr/lib64/dotnet/sdk/10.0.101/Sdks/Microsoft.NET.Sdk/targets/Microsoft.NET.CrossGen.targets" with target "ResolveReadyToRunCompilers" from project "/usr/lib64/dotnet/sdk/10.0.101/Sdks/Microsoft.NET.Sdk/targets/Microsoft.NET.Publish.targets".
       Overriding target "GetCopyToPublishDirectoryItems" in project "/usr/lib64/dotnet/sdk/10.0.101/Microsoft.Common.CurrentVersion.targets" with target "GetCopyToPublishDirectoryItems" from project "/usr/lib64/dotnet/sdk/10.0.101/Sdks/Microsoft.NET.Sdk/targets/Microsoft.NET.Publish.targets".
       Overriding target "Run" in project "/usr/lib64/dotnet/sdk/10.0.101/Microsoft.Common.CurrentVersion.targets" with target "Run" from project "/usr/lib64/dotnet/sdk/10.0.101/Sdks/Microsoft.NET.Sdk/targets/Microsoft.NET.Sdk.targets".
       The target "ResolveNuGetPackageAssets" listed in an AfterTargets attribute at "/home/baturhan/.nuget/packages/system.text.json/8.0.0/buildTransitive/net6.0/System.Text.Json.targets (11,11)" does not exist in the project, and will be ignored.
       The target "ResolveNuGetPackageAssets" listed in an AfterTargets attribute at "/home/baturhan/.nuget/packages/system.text.json/8.0.0/buildTransitive/net6.0/System.Text.Json.targets (23,11)" does not exist in the project, and will be ignored.
       The target "ResolveNuGetPackageAssets" listed in an AfterTargets attribute at "/home/baturhan/.nuget/packages/microsoft.extensions.logging.abstractions/8.0.2/buildTransitive/net6.0/Microsoft.Extensions.Logging.Abstractions.targets (11,11)" does not exist in the project, and will be ignored.
       The target "ResolveNuGetPackageAssets" listed in an AfterTargets attribute at "/home/baturhan/.nuget/packages/microsoft.extensions.logging.abstractions/8.0.2/buildTransitive/net6.0/Microsoft.Extensions.Logging.Abstractions.targets (23,11)" does not exist in the project, and will be ignored.
       The target "ResolveNuGetPackageAssets" listed in an AfterTargets attribute at "/home/baturhan/.nuget/packages/microsoft.extensions.configuration.binder/8.0.2/buildTransitive/netstandard2.0/Microsoft.Extensions.Configuration.Binder.targets (9,13)" does not exist in the project, and will be ignored.
       The target "ResolveNuGetPackageAssets" listed in an AfterTargets attribute at "/home/baturhan/.nuget/packages/microsoft.extensions.options/8.0.2/buildTransitive/net6.0/Microsoft.Extensions.Options.targets (11,11)" does not exist in the project, and will be ignored.
       The target "ResolveNuGetPackageAssets" listed in an AfterTargets attribute at "/home/baturhan/.nuget/packages/microsoft.extensions.options/8.0.2/buildTransitive/net6.0/Microsoft.Extensions.Options.targets (23,11)" does not exist in the project, and will be ignored.
       Overriding target "ResolveFrameworkReferences" in project "/usr/lib64/dotnet/sdk/10.0.101/Microsoft.Common.CurrentVersion.targets" with target "ResolveFrameworkReferences" from project "/usr/lib64/dotnet/sdk/10.0.101/Sdks/Microsoft.NET.Sdk/targets/Microsoft.NET.Sdk.FrameworkReferenceResolution.targets".
       Overriding target "GenerateSupportedTargetFrameworkAlias" in project "/usr/lib64/dotnet/sdk/10.0.101/Microsoft.Common.CurrentVersion.targets" with target "GenerateSupportedTargetFrameworkAlias" from project "/usr/lib64/dotnet/sdk/10.0.101/Sdks/Microsoft.NET.Sdk/targets/Microsoft.NET.Sdk.targets".
       Overriding target "GetReferenceAssemblyPaths" in project "/usr/lib64/dotnet/sdk/10.0.101/Microsoft.Common.CurrentVersion.targets" with target "GetReferenceAssemblyPaths" from project "/usr/lib64/dotnet/sdk/10.0.101/Sdks/Microsoft.NET.Sdk/targets/Microsoft.NET.DisableStandardFrameworkResolution.targets".
       Overriding target "GetFrameworkPaths" in project "/usr/lib64/dotnet/sdk/10.0.101/Microsoft.Common.CurrentVersion.targets" with target "GetFrameworkPaths" from project "/usr/lib64/dotnet/sdk/10.0.101/Sdks/Microsoft.NET.Sdk/targets/Microsoft.NET.DisableStandardFrameworkResolution.targets".
       Overriding target "DesignerRuntimeImplementationProjectOutputGroup" in project "/usr/lib64/dotnet/sdk/10.0.101/Microsoft.Common.CurrentVersion.targets" with target "DesignerRuntimeImplementationProjectOutputGroup" from project "/usr/lib64/dotnet/sdk/10.0.101/Sdks/Microsoft.NET.Sdk/targets/Microsoft.NET.DesignerSupport.targets".
       Overriding target "Publish" in project "/usr/lib64/dotnet/sdk/10.0.101/Microsoft.Common.CurrentVersion.targets" with target "Publish" from project "/usr/lib64/dotnet/sdk/10.0.101/Sdks/Microsoft.NET.Sdk/targets/Microsoft.NET.Publish.targets".
       Overriding target "ResolveReadyToRunCompilers" in project "/usr/lib64/dotnet/sdk/10.0.101/Sdks/Microsoft.NET.Sdk/targets/Microsoft.NET.CrossGen.targets" with target "ResolveReadyToRunCompilers" from project "/usr/lib64/dotnet/sdk/10.0.101/Sdks/Microsoft.NET.Sdk/targets/Microsoft.NET.Publish.targets".
       Overriding target "GetCopyToPublishDirectoryItems" in project "/usr/lib64/dotnet/sdk/10.0.101/Microsoft.Common.CurrentVersion.targets" with target "GetCopyToPublishDirectoryItems" from project "/usr/lib64/dotnet/sdk/10.0.101/Sdks/Microsoft.NET.Sdk/targets/Microsoft.NET.Publish.targets".
       Overriding target "Run" in project "/usr/lib64/dotnet/sdk/10.0.101/Microsoft.Common.CurrentVersion.targets" with target "Run" from project "/usr/lib64/dotnet/sdk/10.0.101/Sdks/Microsoft.NET.Sdk/targets/Microsoft.NET.Sdk.targets".
       The target "ResolveNuGetPackageAssets" listed in an AfterTargets attribute at "/home/baturhan/.nuget/packages/system.text.json/8.0.0/buildTransitive/net6.0/System.Text.Json.targets (11,11)" does not exist in the project, and will be ignored.
       The target "ResolveNuGetPackageAssets" listed in an AfterTargets attribute at "/home/baturhan/.nuget/packages/system.text.json/8.0.0/buildTransitive/net6.0/System.Text.Json.targets (23,11)" does not exist in the project, and will be ignored.
       The target "ResolveNuGetPackageAssets" listed in an AfterTargets attribute at "/home/baturhan/.nuget/packages/microsoft.extensions.logging.abstractions/8.0.2/buildTransitive/net6.0/Microsoft.Extensions.Logging.Abstractions.targets (11,11)" does not exist in the project, and will be ignored.
       The target "ResolveNuGetPackageAssets" listed in an AfterTargets attribute at "/home/baturhan/.nuget/packages/microsoft.extensions.logging.abstractions/8.0.2/buildTransitive/net6.0/Microsoft.Extensions.Logging.Abstractions.targets (23,11)" does not exist in the project, and will be ignored.
       The target "ResolveNuGetPackageAssets" listed in an AfterTargets attribute at "/home/baturhan/.nuget/packages/microsoft.extensions.configuration.binder/8.0.2/buildTransitive/netstandard2.0/Microsoft.Extensions.Configuration.Binder.targets (9,13)" does not exist in the project, and will be ignored.
       The target "ResolveNuGetPackageAssets" listed in an AfterTargets attribute at "/home/baturhan/.nuget/packages/microsoft.extensions.options/8.0.2/buildTransitive/net6.0/Microsoft.Extensions.Options.targets (11,11)" does not exist in the project, and will be ignored.
       The target "ResolveNuGetPackageAssets" listed in an AfterTargets attribute at "/home/baturhan/.nuget/packages/microsoft.extensions.options/8.0.2/buildTransitive/net6.0/Microsoft.Extensions.Options.targets (23,11)" does not exist in the project, and will be ignored.
       /usr/lib64/dotnet/sdk/10.0.101/Sdks/Microsoft.NET.Sdk/targets/Microsoft.NET.Sdk.BeforeCommon.targets(371,5): message : Property reassignment: $(RoslynTargetsPath)="/usr/lib64/dotnet/sdk/10.0.101/Sdks/Microsoft.NET.Sdk/targets/../../../Roslyn" (previous value: "/usr/lib64/dotnet/sdk/10.0.101/Roslyn") at /usr/lib64/dotnet/sdk/10.0.101/Sdks/Microsoft.NET.Sdk/targets/Microsoft.NET.Sdk.BeforeCommon.targets (371,5)
   1:7>Project "/home/baturhan/Projeler/Entegrasyon/Application/Entegrasyon.Blazor/Entegrasyon.Blazor.csproj" (1:7) is building "/home/baturhan/Projeler/Entegrasyon/Application/Entegrasyon.Business/Entegrasyon.Business.csproj" (2:7) on node 5 (GetTargetFrameworks target(s)).
   2:7>Target "NETStandardCompatError_Microsoft_Extensions_Configuration_Binder" in file "/home/baturhan/.nuget/packages/microsoft.extensions.configuration.binder/8.0.2/buildTransitive/netstandard2.0/Microsoft.Extensions.Configuration.Binder.targets" from project "/home/baturhan/Projeler/Entegrasyon/Application/Entegrasyon.Business/Entegrasyon.Business.csproj" (entry point):
   2:7>Done building target "NETStandardCompatError_Microsoft_Extensions_Configuration_Binder" in project "Entegrasyon.Business.csproj".
   2:7>Target "_CalculateIsVSTestTestProject" in file "/usr/lib64/dotnet/sdk/10.0.101/Sdks/Microsoft.NET.Sdk/targets/Microsoft.NET.Sdk.targets" from project "/home/baturhan/Projeler/Entegrasyon/Application/Entegrasyon.Business/Entegrasyon.Business.csproj" (target "GetTargetFrameworksWithPlatformForSingleTargetFramework" depends on it):
   2:7>Done building target "_CalculateIsVSTestTestProject" in project "Entegrasyon.Business.csproj".
   2:7>Target "GetTargetFrameworksWithPlatformForSingleTargetFramework" in file "/usr/lib64/dotnet/sdk/10.0.101/Microsoft.Common.CurrentVersion.targets" from project "/home/baturhan/Projeler/Entegrasyon/Application/Entegrasyon.Business/Entegrasyon.Business.csproj" (target "GetTargetFrameworks" depends on it):
       Using "CombineTargetFrameworkInfoProperties" task from assembly "Microsoft.Build.Tasks.Core, Version=15.1.0.0, Culture=neutral, PublicKeyToken=b03f5f7f11d50a3a".
       Task "CombineTargetFrameworkInfoProperties"
       Done executing task "CombineTargetFrameworkInfoProperties".
   2:7>Done building target "GetTargetFrameworksWithPlatformForSingleTargetFramework" in project "Entegrasyon.Business.csproj".
   2:7>Target "GetTargetFrameworks" in file "/usr/lib64/dotnet/sdk/10.0.101/Microsoft.Common.CurrentVersion.targets" from project "/home/baturhan/Projeler/Entegrasyon/Application/Entegrasyon.Business/Entegrasyon.Business.csproj" (entry point):
       Using "CombineXmlElements" task from assembly "Microsoft.Build.Tasks.Core, Version=15.1.0.0, Culture=neutral, PublicKeyToken=b03f5f7f11d50a3a".
       Task "CombineXmlElements"
       Done executing task "CombineXmlElements".
   2:7>Done building target "GetTargetFrameworks" in project "Entegrasyon.Business.csproj".
   2:7>Done Building Project "/home/baturhan/Projeler/Entegrasyon/Application/Entegrasyon.Business/Entegrasyon.Business.csproj" (GetTargetFrameworks target(s)).
     0>/usr/lib64/dotnet/sdk/10.0.101/Roslyn/Microsoft.Managed.Core.targets(6,5): message : Property reassignment: $(_BuildTasksDirectory)="/usr/lib64/dotnet/sdk/10.0.101/Sdks/Microsoft.NET.Sdk/targets/../../../Roslyn/" (previous value: "/usr/lib64/dotnet/sdk/10.0.101/Roslyn/") at /usr/lib64/dotnet/sdk/10.0.101/Roslyn/Microsoft.Managed.Core.targets (6,5)
       /usr/lib64/dotnet/sdk/10.0.101/Roslyn/Microsoft.CSharp.Core.targets(200,5): message : Property reassignment: $(CommandLineArgsForDesignTimeEvaluation)="-langversion:12.0 -define:TRACE" (previous value: "-langversion:12.0") at /usr/lib64/dotnet/sdk/10.0.101/Roslyn/Microsoft.CSharp.Core.targets (200,5)
   1:7>Project "/home/baturhan/Projeler/Entegrasyon/Application/Entegrasyon.Blazor/Entegrasyon.Blazor.csproj" (1:7) is building "/home/baturhan/Projeler/Entegrasyon/Application/Entegrasyon.MessageQueue/Entegrasyon.MessageQueue.Handler.csproj" (3:5) on node 3 (GetTargetFrameworks target(s)).
   3:5>Target "NETStandardCompatError_Microsoft_Extensions_Configuration_Binder" in file "/home/baturhan/.nuget/packages/microsoft.extensions.configuration.binder/8.0.2/buildTransitive/netstandard2.0/Microsoft.Extensions.Configuration.Binder.targets" from project "/home/baturhan/Projeler/Entegrasyon/Application/Entegrasyon.MessageQueue/Entegrasyon.MessageQueue.Handler.csproj" (entry point):
   3:5>Done building target "NETStandardCompatError_Microsoft_Extensions_Configuration_Binder" in project "Entegrasyon.MessageQueue.Handler.csproj".
   3:5>Target "_CalculateIsVSTestTestProject" in file "/usr/lib64/dotnet/sdk/10.0.101/Sdks/Microsoft.NET.Sdk/targets/Microsoft.NET.Sdk.targets" from project "/home/baturhan/Projeler/Entegrasyon/Application/Entegrasyon.MessageQueue/Entegrasyon.MessageQueue.Handler.csproj" (target "GetTargetFrameworksWithPlatformForSingleTargetFramework" depends on it):
   3:5>Done building target "_CalculateIsVSTestTestProject" in project "Entegrasyon.MessageQueue.Handler.csproj".
   3:5>Target "GetTargetFrameworksWithPlatformForSingleTargetFramework" in file "/usr/lib64/dotnet/sdk/10.0.101/Microsoft.Common.CurrentVersion.targets" from project "/home/baturhan/Projeler/Entegrasyon/Application/Entegrasyon.MessageQueue/Entegrasyon.MessageQueue.Handler.csproj" (target "GetTargetFrameworks" depends on it):
       Using "CombineTargetFrameworkInfoProperties" task from assembly "Microsoft.Build.Tasks.Core, Version=15.1.0.0, Culture=neutral, PublicKeyToken=b03f5f7f11d50a3a".
       Task "CombineTargetFrameworkInfoProperties"
       Done executing task "CombineTargetFrameworkInfoProperties".
   3:5>Done building target "GetTargetFrameworksWithPlatformForSingleTargetFramework" in project "Entegrasyon.MessageQueue.Handler.csproj".
   3:5>Target "GetTargetFrameworks" in file "/usr/lib64/dotnet/sdk/10.0.101/Microsoft.Common.CurrentVersion.targets" from project "/home/baturhan/Projeler/Entegrasyon/Application/Entegrasyon.MessageQueue/Entegrasyon.MessageQueue.Handler.csproj" (entry point):
       Using "CombineXmlElements" task from assembly "Microsoft.Build.Tasks.Core, Version=15.1.0.0, Culture=neutral, PublicKeyToken=b03f5f7f11d50a3a".
       Task "CombineXmlElements"
       Done executing task "CombineXmlElements".
   3:5>Done building target "GetTargetFrameworks" in project "Entegrasyon.MessageQueue.Handler.csproj".
   3:5>Done Building Project "/home/baturhan/Projeler/Entegrasyon/Application/Entegrasyon.MessageQueue/Entegrasyon.MessageQueue.Handler.csproj" (GetTargetFrameworks target(s)).
     0>/usr/lib64/dotnet/sdk/10.0.101/Microsoft.Common.CurrentVersion.targets(175,5): message : Property reassignment: $(_DebugSymbolsProduced)="true" (previous value: "false") at /usr/lib64/dotnet/sdk/10.0.101/Microsoft.Common.CurrentVersion.targets (175,5)
       /usr/lib64/dotnet/sdk/10.0.101/Microsoft.Common.CurrentVersion.targets(185,5): message : Property reassignment: $(_DocumentationFileProduced)="false" (previous value: "true") at /usr/lib64/dotnet/sdk/10.0.101/Microsoft.Common.CurrentVersion.targets (185,5)
       /usr/lib64/dotnet/sdk/10.0.101/Microsoft.Common.CurrentVersion.targets(392,5): message : Property reassignment: $(MSBuildCopyMarkerName)="Entegras.C7229776" (previous value: "Entegrasyon.Entity.csproj") at /usr/lib64/dotnet/sdk/10.0.101/Microsoft.Common.CurrentVersion.targets (392,5)
       /usr/lib64/dotnet/sdk/10.0.101/Microsoft.Common.CurrentVersion.targets(393,5): message : Property reassignment: $(MSBuildCopyMarkerName)="Entegras.C7229776.Up2Date" (previous value: "Entegras.C7229776") at /usr/lib64/dotnet/sdk/10.0.101/Microsoft.Common.CurrentVersion.targets (393,5)
       /usr/lib64/dotnet/sdk/10.0.101/Microsoft.Common.CurrentVersion.targets(541,5): message : Property reassignment: $(ProcessorArchitecture)="msil" (previous value: "") at /usr/lib64/dotnet/sdk/10.0.101/Microsoft.Common.CurrentVersion.targets (541,5)
       /usr/lib64/dotnet/sdk/10.0.101/Microsoft.Common.CurrentVersion.targets(580,5): message : Property reassignment: $(DelaySign)="" (previous value: "false") at /usr/lib64/dotnet/sdk/10.0.101/Microsoft.Common.CurrentVersion.targets (580,5)
       /usr/lib64/dotnet/sdk/10.0.101/Microsoft.Common.CurrentVersion.targets(2606,5): message : Property 'LocalAppData' with value '/home/baturhan/.local/share' expanded from the environment.
       /usr/lib64/dotnet/sdk/10.0.101/Microsoft.Common.CurrentVersion.targets(3934,5): message : Property reassignment: $(_SGenGenerateSerializationAssembliesConfig)="Auto" (previous value: "") at /usr/lib64/dotnet/sdk/10.0.101/Microsoft.Common.CurrentVersion.targets (3934,5)
       /usr/lib64/dotnet/sdk/10.0.101/Microsoft.Common.CurrentVersion.targets(3935,5): message : Property reassignment: $(_SGenGenerateSerializationAssembliesConfig)="Off" (previous value: "Auto") at /usr/lib64/dotnet/sdk/10.0.101/Microsoft.Common.CurrentVersion.targets (3935,5)
       /usr/lib64/dotnet/sdk/10.0.101/Microsoft.Common.CurrentVersion.targets(5146,5): message : Property reassignment: $(_TargetsThatPrepareProjectReferences)="
       /usr/lib64/dotnet/sdk/10.0.101/Microsoft.Common.CurrentVersion.targets(5146,5): message :       AssignProjectConfiguration;
       /usr/lib64/dotnet/sdk/10.0.101/Microsoft.Common.CurrentVersion.targets(5146,5): message :       _SplitProjectReferencesByFileExistence
       /usr/lib64/dotnet/sdk/10.0.101/Microsoft.Common.CurrentVersion.targets(5146,5): message :     " (previous value: "_SplitProjectReferencesByFileExistence") at /usr/lib64/dotnet/sdk/10.0.101/Microsoft.Common.CurrentVersion.targets (5146,5)
       /usr/lib64/dotnet/sdk/10.0.101/Microsoft.Common.CurrentVersion.targets(6959,5): message : Property 'MSBuildExtensionsPath32' with value '/usr/lib64/dotnet/sdk/10.0.101' expanded from the environment.
       The "NuGetInteractive" property is a global property, and cannot be modified.
       Reusing node 7 (PID: 582819).
       Reusing node 6 (PID: 582818).
       /usr/lib64/dotnet/sdk/10.0.101/Sdks/Microsoft.NET.Sdk/Sdk/Sdk.props(49,11): message : Property 'MSBuildExtensionsPath' with value '/usr/lib64/dotnet/sdk/10.0.101/' expanded from the environment.
       /usr/lib64/dotnet/sdk/10.0.101/Current/Microsoft.Common.props(60,5): message : Property reassignment: $(MSBuildProjectExtensionsPath)="/home/baturhan/Projeler/Entegrasyon/Application/Entegrasyon.MessageQueue.Commands/obj/" (previous value: "obj/") at /usr/lib64/dotnet/sdk/10.0.101/Current/Microsoft.Common.props (60,5)
       /usr/lib64/dotnet/sdk/10.0.101/Current/Microsoft.Common.props(84,119): message : Property 'MSBuildUserExtensionsPath' with value '/home/baturhan/.local/share/Microsoft\MSBuild' expanded from the environment.
       /usr/lib64/dotnet/sdk/10.0.101/Sdks/Microsoft.NET.Sdk/Sdk/Sdk.props(49,11): message : Property 'MSBuildExtensionsPath' with value '/usr/lib64/dotnet/sdk/10.0.101/' expanded from the environment.
       /usr/lib64/dotnet/sdk/10.0.101/Current/Microsoft.Common.props(60,5): message : Property reassignment: $(MSBuildProjectExtensionsPath)="/home/baturhan/Projeler/Entegrasyon/Shared/Shared/obj/" (previous value: "obj/") at /usr/lib64/dotnet/sdk/10.0.101/Current/Microsoft.Common.props (60,5)
       /usr/lib64/dotnet/sdk/10.0.101/Current/Microsoft.Common.props(84,119): message : Property 'MSBuildUserExtensionsPath' with value '/home/baturhan/.local/share/Microsoft\MSBuild' expanded from the environment.
       /usr/lib64/dotnet/sdk/10.0.101/Sdks/Microsoft.NET.Sdk/targets/Microsoft.NET.Sdk.props(90,5): message : Property reassignment: $(AssemblySearchPaths)="{CandidateAssemblyFiles};{HintPathFromItem}" (previous value: "{CandidateAssemblyFiles}") at /usr/lib64/dotnet/sdk/10.0.101/Sdks/Microsoft.NET.Sdk/targets/Microsoft.NET.Sdk.props (90,5)
       /usr/lib64/dotnet/sdk/10.0.101/Sdks/Microsoft.NET.Sdk/targets/Microsoft.NET.Sdk.props(91,5): message : Property reassignment: $(AssemblySearchPaths)="{CandidateAssemblyFiles};{HintPathFromItem};{TargetFrameworkDirectory}" (previous value: "{CandidateAssemblyFiles};{HintPathFromItem}") at /usr/lib64/dotnet/sdk/10.0.101/Sdks/Microsoft.NET.Sdk/targets/Microsoft.NET.Sdk.props (91,5)
       /usr/lib64/dotnet/sdk/10.0.101/Sdks/Microsoft.NET.Sdk/targets/Microsoft.NET.Sdk.props(92,5): message : Property reassignment: $(AssemblySearchPaths)="{CandidateAssemblyFiles};{HintPathFromItem};{TargetFrameworkDirectory};{RawFileName}" (previous value: "{CandidateAssemblyFiles};{HintPathFromItem};{TargetFrameworkDirectory}") at /usr/lib64/dotnet/sdk/10.0.101/Sdks/Microsoft.NET.Sdk/targets/Microsoft.NET.Sdk.props (92,5)
       /usr/lib64/dotnet/sdk/10.0.101/Sdks/Microsoft.NET.Sdk/targets/Microsoft.PackageDependencyResolution.targets(29,5): message : Property reassignment: $(ProjectAssetsCacheFile)="/home/baturhan/Projeler/Entegrasyon/Application/Entegrasyon.Entity/obj/Debug/net8.0/Entegrasyon.Entity.assets.cache" (previous value: "obj/Debug/net8.0/Entegrasyon.Entity.assets.cache") at /usr/lib64/dotnet/sdk/10.0.101/Sdks/Microsoft.NET.Sdk/targets/Microsoft.PackageDependencyResolution.targets (29,5)
       /usr/lib64/dotnet/sdk/10.0.101/Sdks/Microsoft.NET.Sdk/targets/Microsoft.PackageDependencyResolution.targets(80,5): message : Property reassignment: $(ResolveAssemblyReferencesDependsOn)="
       /usr/lib64/dotnet/sdk/10.0.101/Sdks/Microsoft.NET.Sdk/targets/Microsoft.PackageDependencyResolution.targets(80,5): message :       
       /usr/lib64/dotnet/sdk/10.0.101/Sdks/Microsoft.NET.Sdk/targets/Microsoft.PackageDependencyResolution.targets(80,5): message :       ResolveProjectReferences;
       /usr/lib64/dotnet/sdk/10.0.101/Sdks/Microsoft.NET.Sdk/targets/Microsoft.PackageDependencyResolution.targets(80,5): message :       FindInvalidProjectReferences;
       /usr/lib64/dotnet/sdk/10.0.101/Sdks/Microsoft.NET.Sdk/targets/Microsoft.PackageDependencyResolution.targets(80,5): message :       GetFrameworkPaths;
       /usr/lib64/dotnet/sdk/10.0.101/Sdks/Microsoft.NET.Sdk/targets/Microsoft.PackageDependencyResolution.targets(80,5): message :       GetReferenceAssemblyPaths;
       /usr/lib64/dotnet/sdk/10.0.101/Sdks/Microsoft.NET.Sdk/targets/Microsoft.PackageDependencyResolution.targets(80,5): message :       PrepareForBuild;
       /usr/lib64/dotnet/sdk/10.0.101/Sdks/Microsoft.NET.Sdk/targets/Microsoft.PackageDependencyResolution.targets(80,5): message :       ResolveSDKReferences;
       /usr/lib64/dotnet/sdk/10.0.101/Sdks/Microsoft.NET.Sdk/targets/Microsoft.PackageDependencyResolution.targets(80,5): message :       ExpandSDKReferences;
       /usr/lib64/dotnet/sdk/10.0.101/Sdks/Microsoft.NET.Sdk/targets/Microsoft.PackageDependencyResolution.targets(80,5): message :     ;
       /usr/lib64/dotnet/sdk/10.0.101/Sdks/Microsoft.NET.Sdk/targets/Microsoft.PackageDependencyResolution.targets(80,5): message :       ResolvePackageDependenciesForBuild;
       /usr/lib64/dotnet/sdk/10.0.101/Sdks/Microsoft.NET.Sdk/targets/Microsoft.PackageDependencyResolution.targets(80,5): message :       _HandlePackageFileConflicts;
       /usr/lib64/dotnet/sdk/10.0.101/Sdks/Microsoft.NET.Sdk/targets/Microsoft.PackageDependencyResolution.targets(80,5): message :     " (previous value: "
       /usr/lib64/dotnet/sdk/10.0.101/Sdks/Microsoft.NET.Sdk/targets/Microsoft.PackageDependencyResolution.targets(80,5): message :       ResolveProjectReferences;
       /usr/lib64/dotnet/sdk/10.0.101/Sdks/Microsoft.NET.Sdk/targets/Microsoft.PackageDependencyResolution.targets(80,5): message :       FindInvalidProjectReferences;
       /usr/lib64/dotnet/sdk/10.0.101/Sdks/Microsoft.NET.Sdk/targets/Microsoft.PackageDependencyResolution.targets(80,5): message :       GetFrameworkPaths;
       /usr/lib64/dotnet/sdk/10.0.101/Sdks/Microsoft.NET.Sdk/targets/Microsoft.PackageDependencyResolution.targets(80,5): message :       GetReferenceAssemblyPaths;
       /usr/lib64/dotnet/sdk/10.0.101/Sdks/Microsoft.NET.Sdk/targets/Microsoft.PackageDependencyResolution.targets(80,5): message :       PrepareForBuild;
       /usr/lib64/dotnet/sdk/10.0.101/Sdks/Microsoft.NET.Sdk/targets/Microsoft.PackageDependencyResolution.targets(80,5): message :       ResolveSDKReferences;
       /usr/lib64/dotnet/sdk/10.0.101/Sdks/Microsoft.NET.Sdk/targets/Microsoft.PackageDependencyResolution.targets(80,5): message :       ExpandSDKReferences;
       /usr/lib64/dotnet/sdk/10.0.101/Sdks/Microsoft.NET.Sdk/targets/Microsoft.PackageDependencyResolution.targets(80,5): message :     ") at /usr/lib64/dotnet/sdk/10.0.101/Sdks/Microsoft.NET.Sdk/targets/Microsoft.PackageDependencyResolution.targets (80,5)
       /usr/lib64/dotnet/sdk/10.0.101/Sdks/Microsoft.NET.Sdk/targets/Microsoft.PackageDependencyResolution.targets(86,5): message : Property reassignment: $(PrepareResourcesDependsOn)="
       /usr/lib64/dotnet/sdk/10.0.101/Sdks/Microsoft.NET.Sdk/targets/Microsoft.PackageDependencyResolution.targets(86,5): message :       ResolvePackageDependenciesForBuild;
       /usr/lib64/dotnet/sdk/10.0.101/Sdks/Microsoft.NET.Sdk/targets/Microsoft.PackageDependencyResolution.targets(86,5): message :       _HandlePackageFileConflicts;
       /usr/lib64/dotnet/sdk/10.0.101/Sdks/Microsoft.NET.Sdk/targets/Microsoft.PackageDependencyResolution.targets(86,5): message :       
       /usr/lib64/dotnet/sdk/10.0.101/Sdks/Microsoft.NET.Sdk/targets/Microsoft.PackageDependencyResolution.targets(86,5): message :       ;
       /usr/lib64/dotnet/sdk/10.0.101/Sdks/Microsoft.NET.Sdk/targets/Microsoft.PackageDependencyResolution.targets(86,5): message :       PrepareResourceNames;
       /usr/lib64/dotnet/sdk/10.0.101/Sdks/Microsoft.NET.Sdk/targets/Microsoft.PackageDependencyResolution.targets(86,5): message :       ResGen;
       /usr/lib64/dotnet/sdk/10.0.101/Sdks/Microsoft.NET.Sdk/targets/Microsoft.PackageDependencyResolution.targets(86,5): message :       CompileLicxFiles
       /usr/lib64/dotnet/sdk/10.0.101/Sdks/Microsoft.NET.Sdk/targets/Microsoft.PackageDependencyResolution.targets(86,5): message :     
       /usr/lib64/dotnet/sdk/10.0.101/Sdks/Microsoft.NET.Sdk/targets/Microsoft.PackageDependencyResolution.targets(86,5): message :     " (previous value: "
       /usr/lib64/dotnet/sdk/10.0.101/Sdks/Microsoft.NET.Sdk/targets/Microsoft.PackageDependencyResolution.targets(86,5): message :       ;
       /usr/lib64/dotnet/sdk/10.0.101/Sdks/Microsoft.NET.Sdk/targets/Microsoft.PackageDependencyResolution.targets(86,5): message :       PrepareResourceNames;
       /usr/lib64/dotnet/sdk/10.0.101/Sdks/Microsoft.NET.Sdk/targets/Microsoft.PackageDependencyResolution.targets(86,5): message :       ResGen;
       /usr/lib64/dotnet/sdk/10.0.101/Sdks/Microsoft.NET.Sdk/targets/Microsoft.PackageDependencyResolution.targets(86,5): message :       CompileLicxFiles
       /usr/lib64/dotnet/sdk/10.0.101/Sdks/Microsoft.NET.Sdk/targets/Microsoft.PackageDependencyResolution.targets(86,5): message :     ") at /usr/lib64/dotnet/sdk/10.0.101/Sdks/Microsoft.NET.Sdk/targets/Microsoft.PackageDependencyResolution.targets (86,5)
       /usr/lib64/dotnet/sdk/10.0.101/Sdks/Microsoft.NET.Sdk/targets/Microsoft.NET.Sdk.props(90,5): message : Property reassignment: $(AssemblySearchPaths)="{CandidateAssemblyFiles};{HintPathFromItem}" (previous value: "{CandidateAssemblyFiles}") at /usr/lib64/dotnet/sdk/10.0.101/Sdks/Microsoft.NET.Sdk/targets/Microsoft.NET.Sdk.props (90,5)
       /usr/lib64/dotnet/sdk/10.0.101/Sdks/Microsoft.NET.Sdk/targets/Microsoft.NET.Sdk.props(91,5): message : Property reassignment: $(AssemblySearchPaths)="{CandidateAssemblyFiles};{HintPathFromItem};{TargetFrameworkDirectory}" (previous value: "{CandidateAssemblyFiles};{HintPathFromItem}") at /usr/lib64/dotnet/sdk/10.0.101/Sdks/Microsoft.NET.Sdk/targets/Microsoft.NET.Sdk.props (91,5)
       /usr/lib64/dotnet/sdk/10.0.101/Sdks/Microsoft.NET.Sdk/targets/Microsoft.NET.Sdk.props(92,5): message : Property reassignment: $(AssemblySearchPaths)="{CandidateAssemblyFiles};{HintPathFromItem};{TargetFrameworkDirectory};{RawFileName}" (previous value: "{CandidateAssemblyFiles};{HintPathFromItem};{TargetFrameworkDirectory}") at /usr/lib64/dotnet/sdk/10.0.101/Sdks/Microsoft.NET.Sdk/targets/Microsoft.NET.Sdk.props (92,5)
       /usr/lib64/dotnet/sdk/10.0.101/Sdks/Microsoft.NET.Sdk/targets/Microsoft.NET.Sdk.DefaultItems.targets(35,5): message : Property reassignment: $(DefaultItemExcludes)=";bin/Debug//**;obj/Debug//**;bin//**" (previous value: ";bin/Debug//**;obj/Debug//**") at /usr/lib64/dotnet/sdk/10.0.101/Sdks/Microsoft.NET.Sdk/targets/Microsoft.NET.Sdk.DefaultItems.targets (35,5)
       /usr/lib64/dotnet/sdk/10.0.101/Sdks/Microsoft.NET.Sdk/targets/Microsoft.NET.Sdk.DefaultItems.targets(37,5): message : Property reassignment: $(DefaultItemExcludes)=";bin/Debug//**;obj/Debug//**;bin//**;obj//**" (previous value: ";bin/Debug//**;obj/Debug//**;bin//**") at /usr/lib64/dotnet/sdk/10.0.101/Sdks/Microsoft.NET.Sdk/targets/Microsoft.NET.Sdk.DefaultItems.targets (37,5)
       /usr/lib64/dotnet/sdk/10.0.101/Sdks/Microsoft.NET.Sdk/targets/Microsoft.NET.Sdk.DefaultItems.targets(40,5): message : Property reassignment: $(DefaultItemExcludes)=";bin/Debug//**;obj/Debug//**;bin//**;obj//**;**/*.user" (previous value: ";bin/Debug//**;obj/Debug//**;bin//**;obj//**") at /usr/lib64/dotnet/sdk/10.0.101/Sdks/Microsoft.NET.Sdk/targets/Microsoft.NET.Sdk.DefaultItems.targets (40,5)
       /usr/lib64/dotnet/sdk/10.0.101/Sdks/Microsoft.NET.Sdk/targets/Microsoft.NET.Sdk.DefaultItems.targets(41,5): message : Property reassignment: $(DefaultItemExcludes)=";bin/Debug//**;obj/Debug//**;bin//**;obj//**;**/*.user;**/*.*proj" (previous value: ";bin/Debug//**;obj/Debug//**;bin//**;obj//**;**/*.user") at /usr/lib64/dotnet/sdk/10.0.101/Sdks/Microsoft.NET.Sdk/targets/Microsoft.NET.Sdk.DefaultItems.targets (41,5)
       /usr/lib64/dotnet/sdk/10.0.101/Sdks/Microsoft.NET.Sdk/targets/Microsoft.NET.Sdk.DefaultItems.targets(42,5): message : Property reassignment: $(DefaultItemExcludes)=";bin/Debug//**;obj/Debug//**;bin//**;obj//**;**/*.user;**/*.*proj;**/*.sln" (previous value: ";bin/Debug//**;obj/Debug//**;bin//**;obj//**;**/*.user;**/*.*proj") at /usr/lib64/dotnet/sdk/10.0.101/Sdks/Microsoft.NET.Sdk/targets/Microsoft.NET.Sdk.DefaultItems.targets (42,5)
       /usr/lib64/dotnet/sdk/10.0.101/Sdks/Microsoft.NET.Sdk/targets/Microsoft.NET.Sdk.DefaultItems.targets(43,5): message : Property reassignment: $(DefaultItemExcludes)=";bin/Debug//**;obj/Debug//**;bin//**;obj//**;**/*.user;**/*.*proj;**/*.sln;**/*.slnx" (previous value: ";bin/Debug//**;obj/Debug//**;bin//**;obj//**;**/*.user;**/*.*proj;**/*.sln") at /usr/lib64/dotnet/sdk/10.0.101/Sdks/Microsoft.NET.Sdk/targets/Microsoft.NET.Sdk.DefaultItems.targets (43,5)
       /usr/lib64/dotnet/sdk/10.0.101/Sdks/Microsoft.NET.Sdk/targets/Microsoft.NET.Sdk.DefaultItems.targets(44,5): message : Property reassignment: $(DefaultItemExcludes)=";bin/Debug//**;obj/Debug//**;bin//**;obj//**;**/*.user;**/*.*proj;**/*.sln;**/*.slnx;**/*.vssscc" (previous value: ";bin/Debug//**;obj/Debug//**;bin//**;obj//**;**/*.user;**/*.*proj;**/*.sln;**/*.slnx") at /usr/lib64/dotnet/sdk/10.0.101/Sdks/Microsoft.NET.Sdk/targets/Microsoft.NET.Sdk.DefaultItems.targets (44,5)
       /usr/lib64/dotnet/sdk/10.0.101/Sdks/Microsoft.NET.Sdk/targets/Microsoft.NET.Sdk.DefaultItems.targets(45,5): message : Property reassignment: $(DefaultItemExcludes)=";bin/Debug//**;obj/Debug//**;bin//**;obj//**;**/*.user;**/*.*proj;**/*.sln;**/*.slnx;**/*.vssscc;**/.DS_Store" (previous value: ";bin/Debug//**;obj/Debug//**;bin//**;obj//**;**/*.user;**/*.*proj;**/*.sln;**/*.slnx;**/*.vssscc") at /usr/lib64/dotnet/sdk/10.0.101/Sdks/Microsoft.NET.Sdk/targets/Microsoft.NET.Sdk.DefaultItems.targets (45,5)
       /usr/lib64/dotnet/sdk/10.0.101/Sdks/Microsoft.NET.Sdk/targets/Microsoft.NET.Sdk.ImportPublishProfile.targets(28,5): message : Property reassignment: $(PublishProfileImported)="false" (previous value: "true") at /usr/lib64/dotnet/sdk/10.0.101/Sdks/Microsoft.NET.Sdk/targets/Microsoft.NET.Sdk.ImportPublishProfile.targets (28,5)
       /usr/lib64/dotnet/sdk/10.0.101/Sdks/Microsoft.NET.Sdk/targets/Microsoft.NET.TargetFrameworkInference.targets(81,5): message : Property reassignment: $(TargetPlatformVersion)="" (previous value: "0.0") at /usr/lib64/dotnet/sdk/10.0.101/Sdks/Microsoft.NET.Sdk/targets/Microsoft.NET.TargetFrameworkInference.targets (81,5)
       /usr/lib64/dotnet/sdk/10.0.101/Sdks/Microsoft.NET.Sdk/targets/Microsoft.NET.DefaultOutputPaths.targets(127,5): message : Property reassignment: $(DefaultItemExcludes)=";bin/Debug//**;obj/Debug//**" (previous value: ";bin/Debug//**") at /usr/lib64/dotnet/sdk/10.0.101/Sdks/Microsoft.NET.Sdk/targets/Microsoft.NET.DefaultOutputPaths.targets (127,5)
       /usr/lib64/dotnet/sdk/10.0.101/Sdks/Microsoft.NET.Sdk/targets/Microsoft.NET.Sdk.ImportPublishProfile.targets(28,5): message : Property reassignment: $(PublishProfileImported)="false" (previous value: "true") at /usr/lib64/dotnet/sdk/10.0.101/Sdks/Microsoft.NET.Sdk/targets/Microsoft.NET.Sdk.ImportPublishProfile.targets (28,5)
       /usr/lib64/dotnet/sdk/10.0.101/Sdks/Microsoft.NET.Sdk/targets/Microsoft.NET.DefaultOutputPaths.targets(142,5): message : Property reassignment: $(OutputPath)="bin/Debug/net8.0/" (previous value: "bin/Debug/") at /usr/lib64/dotnet/sdk/10.0.101/Sdks/Microsoft.NET.Sdk/targets/Microsoft.NET.DefaultOutputPaths.targets (142,5)
       /usr/lib64/dotnet/sdk/10.0.101/Sdks/Microsoft.NET.Sdk/targets/Microsoft.NET.DefaultOutputPaths.targets(147,5): message : Property reassignment: $(IntermediateOutputPath)="obj/Debug/net8.0/" (previous value: "obj/Debug/") at /usr/lib64/dotnet/sdk/10.0.101/Sdks/Microsoft.NET.Sdk/targets/Microsoft.NET.DefaultOutputPaths.targets (147,5)
       /usr/lib64/dotnet/sdk/10.0.101/Sdks/Microsoft.NET.Sdk/targets/Microsoft.NET.Sdk.FrameworkReferenceResolution.targets(14,5): message : Property reassignment: $(ResolveAssemblyReferencesDependsOn)="
       /usr/lib64/dotnet/sdk/10.0.101/Sdks/Microsoft.NET.Sdk/targets/Microsoft.NET.Sdk.FrameworkReferenceResolution.targets(14,5): message :       
       /usr/lib64/dotnet/sdk/10.0.101/Sdks/Microsoft.NET.Sdk/targets/Microsoft.NET.Sdk.FrameworkReferenceResolution.targets(14,5): message :       
       /usr/lib64/dotnet/sdk/10.0.101/Sdks/Microsoft.NET.Sdk/targets/Microsoft.NET.Sdk.FrameworkReferenceResolution.targets(14,5): message :       ResolveProjectReferences;
       /usr/lib64/dotnet/sdk/10.0.101/Sdks/Microsoft.NET.Sdk/targets/Microsoft.NET.Sdk.FrameworkReferenceResolution.targets(14,5): message :       FindInvalidProjectReferences;
       /usr/lib64/dotnet/sdk/10.0.101/Sdks/Microsoft.NET.Sdk/targets/Microsoft.NET.Sdk.FrameworkReferenceResolution.targets(14,5): message :       GetFrameworkPaths;
       /usr/lib64/dotnet/sdk/10.0.101/Sdks/Microsoft.NET.Sdk/targets/Microsoft.NET.Sdk.FrameworkReferenceResolution.targets(14,5): message :       GetReferenceAssemblyPaths;
       /usr/lib64/dotnet/sdk/10.0.101/Sdks/Microsoft.NET.Sdk/targets/Microsoft.NET.Sdk.FrameworkReferenceResolution.targets(14,5): message :       PrepareForBuild;
       /usr/lib64/dotnet/sdk/10.0.101/Sdks/Microsoft.NET.Sdk/targets/Microsoft.NET.Sdk.FrameworkReferenceResolution.targets(14,5): message :       ResolveSDKReferences;
       /usr/lib64/dotnet/sdk/10.0.101/Sdks/Microsoft.NET.Sdk/targets/Microsoft.NET.Sdk.FrameworkReferenceResolution.targets(14,5): message :       ExpandSDKReferences;
       /usr/lib64/dotnet/sdk/10.0.101/Sdks/Microsoft.NET.Sdk/targets/Microsoft.NET.Sdk.FrameworkReferenceResolution.targets(14,5): message :     ;
       /usr/lib64/dotnet/sdk/10.0.101/Sdks/Microsoft.NET.Sdk/targets/Microsoft.NET.Sdk.FrameworkReferenceResolution.targets(14,5): message :       ResolvePackageDependenciesForBuild;
       /usr/lib64/dotnet/sdk/10.0.101/Sdks/Microsoft.NET.Sdk/targets/Microsoft.NET.Sdk.FrameworkReferenceResolution.targets(14,5): message :       _HandlePackageFileConflicts;
       /usr/lib64/dotnet/sdk/10.0.101/Sdks/Microsoft.NET.Sdk/targets/Microsoft.NET.Sdk.FrameworkReferenceResolution.targets(14,5): message :     ;
       /usr/lib64/dotnet/sdk/10.0.101/Sdks/Microsoft.NET.Sdk/targets/Microsoft.NET.Sdk.FrameworkReferenceResolution.targets(14,5): message :       ResolveTargetingPackAssets;
       /usr/lib64/dotnet/sdk/10.0.101/Sdks/Microsoft.NET.Sdk/targets/Microsoft.NET.Sdk.FrameworkReferenceResolution.targets(14,5): message :     " (previous value: "
       /usr/lib64/dotnet/sdk/10.0.101/Sdks/Microsoft.NET.Sdk/targets/Microsoft.NET.Sdk.FrameworkReferenceResolution.targets(14,5): message :       
       /usr/lib64/dotnet/sdk/10.0.101/Sdks/Microsoft.NET.Sdk/targets/Microsoft.NET.Sdk.FrameworkReferenceResolution.targets(14,5): message :       ResolveProjectReferences;
       /usr/lib64/dotnet/sdk/10.0.101/Sdks/Microsoft.NET.Sdk/targets/Microsoft.NET.Sdk.FrameworkReferenceResolution.targets(14,5): message :       FindInvalidProjectReferences;
       /usr/lib64/dotnet/sdk/10.0.101/Sdks/Microsoft.NET.Sdk/targets/Microsoft.NET.Sdk.FrameworkReferenceResolution.targets(14,5): message :       GetFrameworkPaths;
       /usr/lib64/dotnet/sdk/10.0.101/Sdks/Microsoft.NET.Sdk/targets/Microsoft.NET.Sdk.FrameworkReferenceResolution.targets(14,5): message :       GetReferenceAssemblyPaths;
       /usr/lib64/dotnet/sdk/10.0.101/Sdks/Microsoft.NET.Sdk/targets/Microsoft.NET.Sdk.FrameworkReferenceResolution.targets(14,5): message :       PrepareForBuild;
       /usr/lib64/dotnet/sdk/10.0.101/Sdks/Microsoft.NET.Sdk/targets/Microsoft.NET.Sdk.FrameworkReferenceResolution.targets(14,5): message :       ResolveSDKReferences;
       /usr/lib64/dotnet/sdk/10.0.101/Sdks/Microsoft.NET.Sdk/targets/Microsoft.NET.Sdk.FrameworkReferenceResolution.targets(14,5): message :       ExpandSDKReferences;
       /usr/lib64/dotnet/sdk/10.0.101/Sdks/Microsoft.NET.Sdk/targets/Microsoft.NET.Sdk.FrameworkReferenceResolution.targets(14,5): message :     ;
       /usr/lib64/dotnet/sdk/10.0.101/Sdks/Microsoft.NET.Sdk/targets/Microsoft.NET.Sdk.FrameworkReferenceResolution.targets(14,5): message :       ResolvePackageDependenciesForBuild;
       /usr/lib64/dotnet/sdk/10.0.101/Sdks/Microsoft.NET.Sdk/targets/Microsoft.NET.Sdk.FrameworkReferenceResolution.targets(14,5): message :       _HandlePackageFileConflicts;
       /usr/lib64/dotnet/sdk/10.0.101/Sdks/Microsoft.NET.Sdk/targets/Microsoft.NET.Sdk.FrameworkReferenceResolution.targets(14,5): message :     ") at /usr/lib64/dotnet/sdk/10.0.101/Sdks/Microsoft.NET.Sdk/targets/Microsoft.NET.Sdk.FrameworkReferenceResolution.targets (14,5)
       /usr/lib64/dotnet/sdk/10.0.101/Sdks/Microsoft.NET.Sdk/targets/Microsoft.NET.TargetFrameworkInference.targets(81,5): message : Property reassignment: $(TargetPlatformVersion)="" (previous value: "0.0") at /usr/lib64/dotnet/sdk/10.0.101/Sdks/Microsoft.NET.Sdk/targets/Microsoft.NET.TargetFrameworkInference.targets (81,5)
       /usr/lib64/dotnet/sdk/10.0.101/Sdks/Microsoft.NET.Sdk/targets/Microsoft.NET.Sdk.targets(44,5): message : Property reassignment: $(_GenerateRuntimeConfigurationPropertyInputsCache)="/home/baturhan/Projeler/Entegrasyon/Application/Entegrasyon.Entity/obj/Debug/net8.0/Entegrasyon.Entity.genruntimeconfig.cache" (previous value: "obj/Debug/net8.0/Entegrasyon.Entity.genruntimeconfig.cache") at /usr/lib64/dotnet/sdk/10.0.101/Sdks/Microsoft.NET.Sdk/targets/Microsoft.NET.Sdk.targets (44,5)
       /usr/lib64/dotnet/sdk/10.0.101/Sdks/Microsoft.NET.Sdk/targets/Microsoft.NET.Sdk.targets(46,5): message : Property reassignment: $(_GeneratePublishDependencyFilePropertyInputsCache)="/home/baturhan/Projeler/Entegrasyon/Application/Entegrasyon.Entity/obj/Debug/net8.0/Entegrasyon.Entity.genpublishdeps.cache" (previous value: "obj/Debug/net8.0/Entegrasyon.Entity.genpublishdeps.cache") at /usr/lib64/dotnet/sdk/10.0.101/Sdks/Microsoft.NET.Sdk/targets/Microsoft.NET.Sdk.targets (46,5)
       /usr/lib64/dotnet/sdk/10.0.101/Sdks/Microsoft.NET.Sdk/targets/Microsoft.NET.Sdk.targets(48,5): message : Property reassignment: $(_GenerateSingleFileBundlePropertyInputsCache)="/home/baturhan/Projeler/Entegrasyon/Application/Entegrasyon.Entity/obj/Debug/net8.0/Entegrasyon.Entity.genbundle.cache" (previous value: "obj/Debug/net8.0/Entegrasyon.Entity.genbundle.cache") at /usr/lib64/dotnet/sdk/10.0.101/Sdks/Microsoft.NET.Sdk/targets/Microsoft.NET.Sdk.targets (48,5)
       /usr/lib64/dotnet/sdk/10.0.101/Sdks/Microsoft.NET.Sdk/targets/Microsoft.NET.Sdk.targets(81,5): message : Property reassignment: $(GenerateRuntimeConfigDevFile)="false" (previous value: "true") at /usr/lib64/dotnet/sdk/10.0.101/Sdks/Microsoft.NET.Sdk/targets/Microsoft.NET.Sdk.targets (81,5)
       /usr/lib64/dotnet/sdk/10.0.101/Sdks/Microsoft.NET.Sdk/targets/Microsoft.NET.DefaultOutputPaths.targets(127,5): message : Property reassignment: $(DefaultItemExcludes)=";bin/Debug//**;obj/Debug//**" (previous value: ";bin/Debug//**") at /usr/lib64/dotnet/sdk/10.0.101/Sdks/Microsoft.NET.Sdk/targets/Microsoft.NET.DefaultOutputPaths.targets (127,5)
       /usr/lib64/dotnet/sdk/10.0.101/Sdks/Microsoft.NET.Sdk/targets/Microsoft.NET.DefaultOutputPaths.targets(142,5): message : Property reassignment: $(OutputPath)="bin/Debug/net8.0/" (previous value: "bin/Debug/") at /usr/lib64/dotnet/sdk/10.0.101/Sdks/Microsoft.NET.Sdk/targets/Microsoft.NET.DefaultOutputPaths.targets (142,5)
       /usr/lib64/dotnet/sdk/10.0.101/Sdks/Microsoft.NET.Sdk/targets/Microsoft.NET.DefaultOutputPaths.targets(147,5): message : Property reassignment: $(IntermediateOutputPath)="obj/Debug/net8.0/" (previous value: "obj/Debug/") at /usr/lib64/dotnet/sdk/10.0.101/Sdks/Microsoft.NET.Sdk/targets/Microsoft.NET.DefaultOutputPaths.targets (147,5)
       /usr/lib64/dotnet/sdk/10.0.101/Sdks/Microsoft.NET.Sdk/targets/Microsoft.NET.Sdk.targets(97,5): message : Property 'HOME' with value '/home/baturhan' expanded from the environment.
       /usr/lib64/dotnet/sdk/10.0.101/Sdks/Microsoft.NET.Sdk/targets/Microsoft.NET.Sdk.targets(99,5): message : Property reassignment: $(_DefaultUserProfileRuntimeStorePath)="/home/baturhan/.dotnet/store" (previous value: "/home/baturhan") at /usr/lib64/dotnet/sdk/10.0.101/Sdks/Microsoft.NET.Sdk/targets/Microsoft.NET.Sdk.targets (99,5)
       /usr/lib64/dotnet/sdk/10.0.101/Sdks/Microsoft.NET.Sdk/targets/Microsoft.NET.Sdk.targets(144,5): message : Property reassignment: $(AvailablePlatforms)="Any CPU,x86,x64,ARM32" (previous value: "Any CPU,x86,x64") at /usr/lib64/dotnet/sdk/10.0.101/Sdks/Microsoft.NET.Sdk/targets/Microsoft.NET.Sdk.targets (144,5)
       /usr/lib64/dotnet/sdk/10.0.101/Sdks/Microsoft.NET.Sdk/targets/Microsoft.NET.Sdk.targets(148,5): message : Property reassignment: $(AvailablePlatforms)="Any CPU,x86,x64,ARM32,ARM64" (previous value: "Any CPU,x86,x64,ARM32") at /usr/lib64/dotnet/sdk/10.0.101/Sdks/Microsoft.NET.Sdk/targets/Microsoft.NET.Sdk.targets (148,5)
       /usr/lib64/dotnet/sdk/10.0.101/Sdks/Microsoft.NET.Sdk/targets/Microsoft.NET.Sdk.targets(204,5): message : Property reassignment: $(CoreBuildDependsOn)="
       /usr/lib64/dotnet/sdk/10.0.101/Sdks/Microsoft.NET.Sdk/targets/Microsoft.NET.Sdk.targets(204,5): message :       _CheckForBuildWithNoBuild;
       /usr/lib64/dotnet/sdk/10.0.101/Sdks/Microsoft.NET.Sdk/targets/Microsoft.NET.Sdk.targets(204,5): message :       
       /usr/lib64/dotnet/sdk/10.0.101/Sdks/Microsoft.NET.Sdk/targets/Microsoft.NET.Sdk.targets(204,5): message :       BuildOnlySettings;
       /usr/lib64/dotnet/sdk/10.0.101/Sdks/Microsoft.NET.Sdk/targets/Microsoft.NET.Sdk.targets(204,5): message :       PrepareForBuild;
       /usr/lib64/dotnet/sdk/10.0.101/Sdks/Microsoft.NET.Sdk/targets/Microsoft.NET.Sdk.targets(204,5): message :       PreBuildEvent;
       /usr/lib64/dotnet/sdk/10.0.101/Sdks/Microsoft.NET.Sdk/targets/Microsoft.NET.Sdk.targets(204,5): message :       ResolveReferences;
       /usr/lib64/dotnet/sdk/10.0.101/Sdks/Microsoft.NET.Sdk/targets/Microsoft.NET.Sdk.targets(204,5): message :       PrepareResources;
       /usr/lib64/dotnet/sdk/10.0.101/Sdks/Microsoft.NET.Sdk/targets/Microsoft.NET.Sdk.targets(204,5): message :       ResolveKeySource;
       /usr/lib64/dotnet/sdk/10.0.101/Sdks/Microsoft.NET.Sdk/targets/Microsoft.NET.Sdk.targets(204,5): message :       Compile;
       /usr/lib64/dotnet/sdk/10.0.101/Sdks/Microsoft.NET.Sdk/targets/Microsoft.NET.Sdk.targets(204,5): message :       ExportWindowsMDFile;
       /usr/lib64/dotnet/sdk/10.0.101/Sdks/Microsoft.NET.Sdk/targets/Microsoft.NET.Sdk.targets(204,5): message :       UnmanagedUnregistration;
       /usr/lib64/dotnet/sdk/10.0.101/Sdks/Microsoft.NET.Sdk/targets/Microsoft.NET.Sdk.targets(204,5): message :       GenerateSerializationAssemblies;
       /usr/lib64/dotnet/sdk/10.0.101/Sdks/Microsoft.NET.Sdk/targets/Microsoft.NET.Sdk.targets(204,5): message :       CreateSatelliteAssemblies;
       /usr/lib64/dotnet/sdk/10.0.101/Sdks/Microsoft.NET.Sdk/targets/Microsoft.NET.Sdk.targets(204,5): message :       GenerateManifests;
       /usr/lib64/dotnet/sdk/10.0.101/Sdks/Microsoft.NET.Sdk/targets/Microsoft.NET.Sdk.targets(204,5): message :       GetTargetPath;
       /usr/lib64/dotnet/sdk/10.0.101/Sdks/Microsoft.NET.Sdk/targets/Microsoft.NET.Sdk.targets(204,5): message :       PrepareForRun;
       /usr/lib64/dotnet/sdk/10.0.101/Sdks/Microsoft.NET.Sdk/targets/Microsoft.NET.Sdk.targets(204,5): message :       UnmanagedRegistration;
       /usr/lib64/dotnet/sdk/10.0.101/Sdks/Microsoft.NET.Sdk/targets/Microsoft.NET.Sdk.targets(204,5): message :       IncrementalClean;
       /usr/lib64/dotnet/sdk/10.0.101/Sdks/Microsoft.NET.Sdk/targets/Microsoft.NET.Sdk.targets(204,5): message :       PostBuildEvent
       /usr/lib64/dotnet/sdk/10.0.101/Sdks/Microsoft.NET.Sdk/targets/Microsoft.NET.Sdk.targets(204,5): message :     ;
       /usr/lib64/dotnet/sdk/10.0.101/Sdks/Microsoft.NET.Sdk/targets/Microsoft.NET.Sdk.targets(204,5): message :       GenerateBuildDependencyFile;
       /usr/lib64/dotnet/sdk/10.0.101/Sdks/Microsoft.NET.Sdk/targets/Microsoft.NET.Sdk.targets(204,5): message :       GenerateBuildRuntimeConfigurationFiles
       /usr/lib64/dotnet/sdk/10.0.101/Sdks/Microsoft.NET.Sdk/targets/Microsoft.NET.Sdk.targets(204,5): message :     " (previous value: "
       /usr/lib64/dotnet/sdk/10.0.101/Sdks/Microsoft.NET.Sdk/targets/Microsoft.NET.Sdk.targets(204,5): message :       BuildOnlySettings;
       /usr/lib64/dotnet/sdk/10.0.101/Sdks/Microsoft.NET.Sdk/targets/Microsoft.NET.Sdk.targets(204,5): message :       PrepareForBuild;
       /usr/lib64/dotnet/sdk/10.0.101/Sdks/Microsoft.NET.Sdk/targets/Microsoft.NET.Sdk.targets(204,5): message :       PreBuildEvent;
       /usr/lib64/dotnet/sdk/10.0.101/Sdks/Microsoft.NET.Sdk/targets/Microsoft.NET.Sdk.targets(204,5): message :       ResolveReferences;
       /usr/lib64/dotnet/sdk/10.0.101/Sdks/Microsoft.NET.Sdk/targets/Microsoft.NET.Sdk.targets(204,5): message :       PrepareResources;
       /usr/lib64/dotnet/sdk/10.0.101/Sdks/Microsoft.NET.Sdk/targets/Microsoft.NET.Sdk.targets(204,5): message :       ResolveKeySource;
       /usr/lib64/dotnet/sdk/10.0.101/Sdks/Microsoft.NET.Sdk/targets/Microsoft.NET.Sdk.targets(204,5): message :       Compile;
       /usr/lib64/dotnet/sdk/10.0.101/Sdks/Microsoft.NET.Sdk/targets/Microsoft.NET.Sdk.targets(204,5): message :       ExportWindowsMDFile;
       /usr/lib64/dotnet/sdk/10.0.101/Sdks/Microsoft.NET.Sdk/targets/Microsoft.NET.Sdk.targets(204,5): message :       UnmanagedUnregistration;
       /usr/lib64/dotnet/sdk/10.0.101/Sdks/Microsoft.NET.Sdk/targets/Microsoft.NET.Sdk.targets(204,5): message :       GenerateSerializationAssemblies;
       /usr/lib64/dotnet/sdk/10.0.101/Sdks/Microsoft.NET.Sdk/targets/Microsoft.NET.Sdk.targets(204,5): message :       CreateSatelliteAssemblies;
       /usr/lib64/dotnet/sdk/10.0.101/Sdks/Microsoft.NET.Sdk/targets/Microsoft.NET.Sdk.targets(204,5): message :       GenerateManifests;
       /usr/lib64/dotnet/sdk/10.0.101/Sdks/Microsoft.NET.Sdk/targets/Microsoft.NET.Sdk.targets(204,5): message :       GetTargetPath;
       /usr/lib64/dotnet/sdk/10.0.101/Sdks/Microsoft.NET.Sdk/targets/Microsoft.NET.Sdk.targets(204,5): message :       PrepareForRun;
       /usr/lib64/dotnet/sdk/10.0.101/Sdks/Microsoft.NET.Sdk/targets/Microsoft.NET.Sdk.targets(204,5): message :       UnmanagedRegistration;
       /usr/lib64/dotnet/sdk/10.0.101/Sdks/Microsoft.NET.Sdk/targets/Microsoft.NET.Sdk.targets(204,5): message :       IncrementalClean;
       /usr/lib64/dotnet/sdk/10.0.101/Sdks/Microsoft.NET.Sdk/targets/Microsoft.NET.Sdk.targets(204,5): message :       PostBuildEvent
       /usr/lib64/dotnet/sdk/10.0.101/Sdks/Microsoft.NET.Sdk/targets/Microsoft.NET.Sdk.targets(204,5): message :     ") at /usr/lib64/dotnet/sdk/10.0.101/Sdks/Microsoft.NET.Sdk/targets/Microsoft.NET.Sdk.targets (204,5)
       /usr/lib64/dotnet/sdk/10.0.101/Sdks/Microsoft.NET.Sdk/targets/Microsoft.NET.Sdk.targets(213,5): message : Property reassignment: $(CoreCleanDependsOn)="
       /usr/lib64/dotnet/sdk/10.0.101/Sdks/Microsoft.NET.Sdk/targets/Microsoft.NET.Sdk.targets(213,5): message :       _SdkBeforeClean;
       /usr/lib64/dotnet/sdk/10.0.101/Sdks/Microsoft.NET.Sdk/targets/Microsoft.NET.Sdk.targets(213,5): message :       
       /usr/lib64/dotnet/sdk/10.0.101/Sdks/Microsoft.NET.Sdk/targets/Microsoft.NET.Sdk.targets(213,5): message :     " (previous value: "") at /usr/lib64/dotnet/sdk/10.0.101/Sdks/Microsoft.NET.Sdk/targets/Microsoft.NET.Sdk.targets (213,5)
       /usr/lib64/dotnet/sdk/10.0.101/Sdks/Microsoft.NET.Sdk/targets/Microsoft.NET.Sdk.targets(220,5): message : Property reassignment: $(RebuildDependsOn)="
       /usr/lib64/dotnet/sdk/10.0.101/Sdks/Microsoft.NET.Sdk/targets/Microsoft.NET.Sdk.targets(220,5): message :       _SdkBeforeRebuild;
       /usr/lib64/dotnet/sdk/10.0.101/Sdks/Microsoft.NET.Sdk/targets/Microsoft.NET.Sdk.targets(220,5): message :       
       /usr/lib64/dotnet/sdk/10.0.101/Sdks/Microsoft.NET.Sdk/targets/Microsoft.NET.Sdk.targets(220,5): message :       BeforeRebuild;
       /usr/lib64/dotnet/sdk/10.0.101/Sdks/Microsoft.NET.Sdk/targets/Microsoft.NET.Sdk.targets(220,5): message :       Clean;
       /usr/lib64/dotnet/sdk/10.0.101/Sdks/Microsoft.NET.Sdk/targets/Microsoft.NET.Sdk.targets(220,5): message :       Build;
       /usr/lib64/dotnet/sdk/10.0.101/Sdks/Microsoft.NET.Sdk/targets/Microsoft.NET.Sdk.targets(220,5): message :       AfterRebuild;
       /usr/lib64/dotnet/sdk/10.0.101/Sdks/Microsoft.NET.Sdk/targets/Microsoft.NET.Sdk.targets(220,5): message :     
       /usr/lib64/dotnet/sdk/10.0.101/Sdks/Microsoft.NET.Sdk/targets/Microsoft.NET.Sdk.targets(220,5): message :     " (previous value: "
       /usr/lib64/dotnet/sdk/10.0.101/Sdks/Microsoft.NET.Sdk/targets/Microsoft.NET.Sdk.targets(220,5): message :       BeforeRebuild;
       /usr/lib64/dotnet/sdk/10.0.101/Sdks/Microsoft.NET.Sdk/targets/Microsoft.NET.Sdk.targets(220,5): message :       Clean;
       /usr/lib64/dotnet/sdk/10.0.101/Sdks/Microsoft.NET.Sdk/targets/Microsoft.NET.Sdk.targets(220,5): message :       Build;
       /usr/lib64/dotnet/sdk/10.0.101/Sdks/Microsoft.NET.Sdk/targets/Microsoft.NET.Sdk.targets(220,5): message :       AfterRebuild;
       /usr/lib64/dotnet/sdk/10.0.101/Sdks/Microsoft.NET.Sdk/targets/Microsoft.NET.Sdk.targets(220,5): message :     ") at /usr/lib64/dotnet/sdk/10.0.101/Sdks/Microsoft.NET.Sdk/targets/Microsoft.NET.Sdk.targets (220,5)
       /usr/lib64/dotnet/sdk/10.0.101/Sdks/Microsoft.NET.Sdk/targets/Microsoft.NET.Sdk.targets(799,5): message : Property reassignment: $(CompileDependsOn)="
       /usr/lib64/dotnet/sdk/10.0.101/Sdks/Microsoft.NET.Sdk/targets/Microsoft.NET.Sdk.targets(799,5): message :       
       /usr/lib64/dotnet/sdk/10.0.101/Sdks/Microsoft.NET.Sdk/targets/Microsoft.NET.Sdk.targets(799,5): message :       ResolveReferences;
       /usr/lib64/dotnet/sdk/10.0.101/Sdks/Microsoft.NET.Sdk/targets/Microsoft.NET.Sdk.targets(799,5): message :       ResolveKeySource;
       /usr/lib64/dotnet/sdk/10.0.101/Sdks/Microsoft.NET.Sdk/targets/Microsoft.NET.Sdk.targets(799,5): message :       SetWin32ManifestProperties;
       /usr/lib64/dotnet/sdk/10.0.101/Sdks/Microsoft.NET.Sdk/targets/Microsoft.NET.Sdk.targets(799,5): message :       _SetPreferNativeArm64Win32ManifestProperties;
       /usr/lib64/dotnet/sdk/10.0.101/Sdks/Microsoft.NET.Sdk/targets/Microsoft.NET.Sdk.targets(799,5): message :       FindReferenceAssembliesForReferences;
       /usr/lib64/dotnet/sdk/10.0.101/Sdks/Microsoft.NET.Sdk/targets/Microsoft.NET.Sdk.targets(799,5): message :       _GenerateCompileInputs;
       /usr/lib64/dotnet/sdk/10.0.101/Sdks/Microsoft.NET.Sdk/targets/Microsoft.NET.Sdk.targets(799,5): message :       BeforeCompile;
       /usr/lib64/dotnet/sdk/10.0.101/Sdks/Microsoft.NET.Sdk/targets/Microsoft.NET.Sdk.targets(799,5): message :       _TimeStampBeforeCompile;
       /usr/lib64/dotnet/sdk/10.0.101/Sdks/Microsoft.NET.Sdk/targets/Microsoft.NET.Sdk.targets(799,5): message :       _GenerateCompileDependencyCache;
       /usr/lib64/dotnet/sdk/10.0.101/Sdks/Microsoft.NET.Sdk/targets/Microsoft.NET.Sdk.targets(799,5): message :       CoreCompile;
       /usr/lib64/dotnet/sdk/10.0.101/Sdks/Microsoft.NET.Sdk/targets/Microsoft.NET.Sdk.targets(799,5): message :       _TimeStampAfterCompile;
       /usr/lib64/dotnet/sdk/10.0.101/Sdks/Microsoft.NET.Sdk/targets/Microsoft.NET.Sdk.targets(799,5): message :       AfterCompile;
       /usr/lib64/dotnet/sdk/10.0.101/Sdks/Microsoft.NET.Sdk/targets/Microsoft.NET.Sdk.targets(799,5): message :     ;
       /usr/lib64/dotnet/sdk/10.0.101/Sdks/Microsoft.NET.Sdk/targets/Microsoft.NET.Sdk.targets(799,5): message :       _CreateAppHost;
       /usr/lib64/dotnet/sdk/10.0.101/Sdks/Microsoft.NET.Sdk/targets/Microsoft.NET.Sdk.targets(799,5): message :       _CreateComHost;
       /usr/lib64/dotnet/sdk/10.0.101/Sdks/Microsoft.NET.Sdk/targets/Microsoft.NET.Sdk.targets(799,5): message :       _GetIjwHostPaths;
       /usr/lib64/dotnet/sdk/10.0.101/Sdks/Microsoft.NET.Sdk/targets/Microsoft.NET.Sdk.targets(799,5): message :     " (previous value: "
       /usr/lib64/dotnet/sdk/10.0.101/Sdks/Microsoft.NET.Sdk/targets/Microsoft.NET.Sdk.targets(799,5): message :       ResolveReferences;
       /usr/lib64/dotnet/sdk/10.0.101/Sdks/Microsoft.NET.Sdk/targets/Microsoft.NET.Sdk.targets(799,5): message :       ResolveKeySource;
       /usr/lib64/dotnet/sdk/10.0.101/Sdks/Microsoft.NET.Sdk/targets/Microsoft.NET.Sdk.targets(799,5): message :       SetWin32ManifestProperties;
       /usr/lib64/dotnet/sdk/10.0.101/Sdks/Microsoft.NET.Sdk/targets/Microsoft.NET.Sdk.targets(799,5): message :       _SetPreferNativeArm64Win32ManifestProperties;
       /usr/lib64/dotnet/sdk/10.0.101/Sdks/Microsoft.NET.Sdk/targets/Microsoft.NET.Sdk.targets(799,5): message :       FindReferenceAssembliesForReferences;
       /usr/lib64/dotnet/sdk/10.0.101/Sdks/Microsoft.NET.Sdk/targets/Microsoft.NET.Sdk.targets(799,5): message :       _GenerateCompileInputs;
       /usr/lib64/dotnet/sdk/10.0.101/Sdks/Microsoft.NET.Sdk/targets/Microsoft.NET.Sdk.targets(799,5): message :       BeforeCompile;
       /usr/lib64/dotnet/sdk/10.0.101/Sdks/Microsoft.NET.Sdk/targets/Microsoft.NET.Sdk.targets(799,5): message :       _TimeStampBeforeCompile;
       /usr/lib64/dotnet/sdk/10.0.101/Sdks/Microsoft.NET.Sdk/targets/Microsoft.NET.Sdk.targets(799,5): message :       _GenerateCompileDependencyCache;
       /usr/lib64/dotnet/sdk/10.0.101/Sdks/Microsoft.NET.Sdk/targets/Microsoft.NET.Sdk.targets(799,5): message :       CoreCompile;
       /usr/lib64/dotnet/sdk/10.0.101/Sdks/Microsoft.NET.Sdk/targets/Microsoft.NET.Sdk.targets(799,5): message :       _TimeStampAfterCompile;
       /usr/lib64/dotnet/sdk/10.0.101/Sdks/Microsoft.NET.Sdk/targets/Microsoft.NET.Sdk.targets(799,5): message :       AfterCompile;
       /usr/lib64/dotnet/sdk/10.0.101/Sdks/Microsoft.NET.Sdk/targets/Microsoft.NET.Sdk.targets(799,5): message :     ") at /usr/lib64/dotnet/sdk/10.0.101/Sdks/Microsoft.NET.Sdk/targets/Microsoft.NET.Sdk.targets (799,5)
       /usr/lib64/dotnet/sdk/10.0.101/Sdks/Microsoft.NET.Sdk/targets/Microsoft.NET.Sdk.targets(1131,5): message : Property reassignment: $(CreateSatelliteAssembliesDependsOn)="
       /usr/lib64/dotnet/sdk/10.0.101/Sdks/Microsoft.NET.Sdk/targets/Microsoft.NET.Sdk.targets(1131,5): message :       
       /usr/lib64/dotnet/sdk/10.0.101/Sdks/Microsoft.NET.Sdk/targets/Microsoft.NET.Sdk.targets(1131,5): message :       ;
       /usr/lib64/dotnet/sdk/10.0.101/Sdks/Microsoft.NET.Sdk/targets/Microsoft.NET.Sdk.targets(1131,5): message :       _GenerateSatelliteAssemblyInputs;
       /usr/lib64/dotnet/sdk/10.0.101/Sdks/Microsoft.NET.Sdk/targets/Microsoft.NET.Sdk.targets(1131,5): message :       ComputeIntermediateSatelliteAssemblies;
       /usr/lib64/dotnet/sdk/10.0.101/Sdks/Microsoft.NET.Sdk/targets/Microsoft.NET.Sdk.targets(1131,5): message :       GenerateSatelliteAssemblies
       /usr/lib64/dotnet/sdk/10.0.101/Sdks/Microsoft.NET.Sdk/targets/Microsoft.NET.Sdk.targets(1131,5): message :     ;
       /usr/lib64/dotnet/sdk/10.0.101/Sdks/Microsoft.NET.Sdk/targets/Microsoft.NET.Sdk.targets(1131,5): message :       CoreGenerateSatelliteAssemblies
       /usr/lib64/dotnet/sdk/10.0.101/Sdks/Microsoft.NET.Sdk/targets/Microsoft.NET.Sdk.targets(1131,5): message :     " (previous value: "
       /usr/lib64/dotnet/sdk/10.0.101/Sdks/Microsoft.NET.Sdk/targets/Microsoft.NET.Sdk.targets(1131,5): message :       ;
       /usr/lib64/dotnet/sdk/10.0.101/Sdks/Microsoft.NET.Sdk/targets/Microsoft.NET.Sdk.targets(1131,5): message :       _GenerateSatelliteAssemblyInputs;
       /usr/lib64/dotnet/sdk/10.0.101/Sdks/Microsoft.NET.Sdk/targets/Microsoft.NET.Sdk.targets(1131,5): message :       ComputeIntermediateSatelliteAssemblies;
       /usr/lib64/dotnet/sdk/10.0.101/Sdks/Microsoft.NET.Sdk/targets/Microsoft.NET.Sdk.targets(1131,5): message :       GenerateSatelliteAssemblies
       /usr/lib64/dotnet/sdk/10.0.101/Sdks/Microsoft.NET.Sdk/targets/Microsoft.NET.Sdk.targets(1131,5): message :     ") at /usr/lib64/dotnet/sdk/10.0.101/Sdks/Microsoft.NET.Sdk/targets/Microsoft.NET.Sdk.targets (1131,5)
       /usr/lib64/dotnet/sdk/10.0.101/Sdks/Microsoft.NET.Sdk/targets/Microsoft.NET.Sdk.BeforeCommon.targets(371,5): message : Property reassignment: $(RoslynTargetsPath)="/usr/lib64/dotnet/sdk/10.0.101/Sdks/Microsoft.NET.Sdk/targets/../../../Roslyn" (previous value: "/usr/lib64/dotnet/sdk/10.0.101/Roslyn") at /usr/lib64/dotnet/sdk/10.0.101/Sdks/Microsoft.NET.Sdk/targets/Microsoft.NET.Sdk.BeforeCommon.targets (371,5)
       /usr/lib64/dotnet/sdk/10.0.101/Roslyn/Microsoft.Managed.Core.targets(6,5): message : Property reassignment: $(_BuildTasksDirectory)="/usr/lib64/dotnet/sdk/10.0.101/Sdks/Microsoft.NET.Sdk/targets/../../../Roslyn/" (previous value: "/usr/lib64/dotnet/sdk/10.0.101/Roslyn/") at /usr/lib64/dotnet/sdk/10.0.101/Roslyn/Microsoft.Managed.Core.targets (6,5)
       /usr/lib64/dotnet/sdk/10.0.101/Sdks/Microsoft.NET.Sdk/targets/Microsoft.NET.Sdk.BeforeCommon.targets(371,5): message : Property reassignment: $(RoslynTargetsPath)="/usr/lib64/dotnet/sdk/10.0.101/Sdks/Microsoft.NET.Sdk/targets/../../../Roslyn" (previous value: "/usr/lib64/dotnet/sdk/10.0.101/Roslyn") at /usr/lib64/dotnet/sdk/10.0.101/Sdks/Microsoft.NET.Sdk/targets/Microsoft.NET.Sdk.BeforeCommon.targets (371,5)
       /usr/lib64/dotnet/sdk/10.0.101/Roslyn/Microsoft.CSharp.Core.targets(200,5): message : Property reassignment: $(CommandLineArgsForDesignTimeEvaluation)="-langversion:12.0 -define:TRACE" (previous value: "-langversion:12.0") at /usr/lib64/dotnet/sdk/10.0.101/Roslyn/Microsoft.CSharp.Core.targets (200,5)
       /usr/lib64/dotnet/sdk/10.0.101/Sdks/Microsoft.SourceLink.GitLab/build/Microsoft.SourceLink.GitLab.targets(12,5): message : Property reassignment: $(SourceLinkUrlInitializerTargets)=";_InitializeGitHubSourceLinkUrl;_InitializeGitLabSourceLinkUrl" (previous value: ";_InitializeGitHubSourceLinkUrl") at /usr/lib64/dotnet/sdk/10.0.101/Sdks/Microsoft.SourceLink.GitLab/build/Microsoft.SourceLink.GitLab.targets (12,5)
       /usr/lib64/dotnet/sdk/10.0.101/Sdks/Microsoft.SourceLink.GitLab/build/Microsoft.SourceLink.GitLab.targets(13,5): message : Property reassignment: $(SourceControlManagerUrlTranslationTargets)=";TranslateGitHubUrlsInSourceControlInformation;TranslateGitLabUrlsInSourceControlInformation" (previous value: ";TranslateGitHubUrlsInSourceControlInformation") at /usr/lib64/dotnet/sdk/10.0.101/Sdks/Microsoft.SourceLink.GitLab/build/Microsoft.SourceLink.GitLab.targets (13,5)
       /usr/lib64/dotnet/sdk/10.0.101/Roslyn/Microsoft.Managed.Core.targets(6,5): message : Property reassignment: $(_BuildTasksDirectory)="/usr/lib64/dotnet/sdk/10.0.101/Sdks/Microsoft.NET.Sdk/targets/../../../Roslyn/" (previous value: "/usr/lib64/dotnet/sdk/10.0.101/Roslyn/") at /usr/lib64/dotnet/sdk/10.0.101/Roslyn/Microsoft.Managed.Core.targets (6,5)
       /usr/lib64/dotnet/sdk/10.0.101/Sdks/Microsoft.SourceLink.AzureRepos.Git/build/Microsoft.SourceLink.AzureRepos.Git.targets(12,5): message : Property reassignment: $(SourceLinkUrlInitializerTargets)=";_InitializeGitHubSourceLinkUrl;_InitializeGitLabSourceLinkUrl;_InitializeAzureReposGitSourceLinkUrl" (previous value: ";_InitializeGitHubSourceLinkUrl;_InitializeGitLabSourceLinkUrl") at /usr/lib64/dotnet/sdk/10.0.101/Sdks/Microsoft.SourceLink.AzureRepos.Git/build/Microsoft.SourceLink.AzureRepos.Git.targets (12,5)
       /usr/lib64/dotnet/sdk/10.0.101/Sdks/Microsoft.SourceLink.AzureRepos.Git/build/Microsoft.SourceLink.AzureRepos.Git.targets(13,5): message : Property reassignment: $(SourceControlManagerUrlTranslationTargets)=";TranslateGitHubUrlsInSourceControlInformation;TranslateGitLabUrlsInSourceControlInformation;TranslateAzureReposGitUrlsInSourceControlInformation" (previous value: ";TranslateGitHubUrlsInSourceControlInformation;TranslateGitLabUrlsInSourceControlInformation") at /usr/lib64/dotnet/sdk/10.0.101/Sdks/Microsoft.SourceLink.AzureRepos.Git/build/Microsoft.SourceLink.AzureRepos.Git.targets (13,5)
       /usr/lib64/dotnet/sdk/10.0.101/Roslyn/Microsoft.CSharp.Core.targets(200,5): message : Property reassignment: $(CommandLineArgsForDesignTimeEvaluation)="-langversion:12.0 -define:TRACE" (previous value: "-langversion:12.0") at /usr/lib64/dotnet/sdk/10.0.101/Roslyn/Microsoft.CSharp.Core.targets (200,5)
       /usr/lib64/dotnet/sdk/10.0.101/Sdks/Microsoft.SourceLink.Bitbucket.Git/build/Microsoft.SourceLink.Bitbucket.Git.targets(12,5): message : Property reassignment: $(SourceLinkUrlInitializerTargets)=";_InitializeGitHubSourceLinkUrl;_InitializeGitLabSourceLinkUrl;_InitializeAzureReposGitSourceLinkUrl;_InitializeBitbucketGitSourceLinkUrl" (previous value: ";_InitializeGitHubSourceLinkUrl;_InitializeGitLabSourceLinkUrl;_InitializeAzureReposGitSourceLinkUrl") at /usr/lib64/dotnet/sdk/10.0.101/Sdks/Microsoft.SourceLink.Bitbucket.Git/build/Microsoft.SourceLink.Bitbucket.Git.targets (12,5)
       /usr/lib64/dotnet/sdk/10.0.101/Sdks/Microsoft.SourceLink.Bitbucket.Git/build/Microsoft.SourceLink.Bitbucket.Git.targets(13,5): message : Property reassignment: $(SourceControlManagerUrlTranslationTargets)=";TranslateGitHubUrlsInSourceControlInformation;TranslateGitLabUrlsInSourceControlInformation;TranslateAzureReposGitUrlsInSourceControlInformation;TranslateBitbucketGitUrlsInSourceControlInformation" (previous value: ";TranslateGitHubUrlsInSourceControlInformation;TranslateGitLabUrlsInSourceControlInformation;TranslateAzureReposGitUrlsInSourceControlInformation") at /usr/lib64/dotnet/sdk/10.0.101/Sdks/Microsoft.SourceLink.Bitbucket.Git/build/Microsoft.SourceLink.Bitbucket.Git.targets (13,5)
       /usr/lib64/dotnet/sdk/10.0.101/Microsoft.Common.CurrentVersion.targets(175,5): message : Property reassignment: $(_DebugSymbolsProduced)="true" (previous value: "false") at /usr/lib64/dotnet/sdk/10.0.101/Microsoft.Common.CurrentVersion.targets (175,5)
       /usr/lib64/dotnet/sdk/10.0.101/Microsoft.Common.CurrentVersion.targets(185,5): message : Property reassignment: $(_DocumentationFileProduced)="false" (previous value: "true") at /usr/lib64/dotnet/sdk/10.0.101/Microsoft.Common.CurrentVersion.targets (185,5)
       /usr/lib64/dotnet/sdk/10.0.101/Sdks/Microsoft.NET.Sdk/targets/Microsoft.NET.DesignerSupport.targets(21,5): message : Property reassignment: $(DesignerRuntimeImplementationProjectOutputGroupDependsOn)="
       /usr/lib64/dotnet/sdk/10.0.101/Sdks/Microsoft.NET.Sdk/targets/Microsoft.NET.DesignerSupport.targets(21,5): message :       
       /usr/lib64/dotnet/sdk/10.0.101/Sdks/Microsoft.NET.Sdk/targets/Microsoft.NET.DesignerSupport.targets(21,5): message :       ;
       /usr/lib64/dotnet/sdk/10.0.101/Sdks/Microsoft.NET.Sdk/targets/Microsoft.NET.DesignerSupport.targets(21,5): message :       
       /usr/lib64/dotnet/sdk/10.0.101/Sdks/Microsoft.NET.Sdk/targets/Microsoft.NET.DesignerSupport.targets(21,5): message :       ;
       /usr/lib64/dotnet/sdk/10.0.101/Sdks/Microsoft.NET.Sdk/targets/Microsoft.NET.DesignerSupport.targets(21,5): message :       BuildOnlySettings;
       /usr/lib64/dotnet/sdk/10.0.101/Sdks/Microsoft.NET.Sdk/targets/Microsoft.NET.DesignerSupport.targets(21,5): message :       PrepareForBuild;
       /usr/lib64/dotnet/sdk/10.0.101/Sdks/Microsoft.NET.Sdk/targets/Microsoft.NET.DesignerSupport.targets(21,5): message :       AssignTargetPaths;
       /usr/lib64/dotnet/sdk/10.0.101/Sdks/Microsoft.NET.Sdk/targets/Microsoft.NET.DesignerSupport.targets(21,5): message :       ResolveReferences
       /usr/lib64/dotnet/sdk/10.0.101/Sdks/Microsoft.NET.Sdk/targets/Microsoft.NET.DesignerSupport.targets(21,5): message :     
       /usr/lib64/dotnet/sdk/10.0.101/Sdks/Microsoft.NET.Sdk/targets/Microsoft.NET.DesignerSupport.targets(21,5): message :     ;
       /usr/lib64/dotnet/sdk/10.0.101/Sdks/Microsoft.NET.Sdk/targets/Microsoft.NET.DesignerSupport.targets(21,5): message :       _GenerateDesignerDepsFile;
       /usr/lib64/dotnet/sdk/10.0.101/Sdks/Microsoft.NET.Sdk/targets/Microsoft.NET.DesignerSupport.targets(21,5): message :       _GenerateDesignerRuntimeConfigFile;
       /usr/lib64/dotnet/sdk/10.0.101/Sdks/Microsoft.NET.Sdk/targets/Microsoft.NET.DesignerSupport.targets(21,5): message :       GetCopyToOutputDirectoryItems;
       /usr/lib64/dotnet/sdk/10.0.101/Sdks/Microsoft.NET.Sdk/targets/Microsoft.NET.DesignerSupport.targets(21,5): message :       _GatherDesignerShadowCopyFiles;
       /usr/lib64/dotnet/sdk/10.0.101/Sdks/Microsoft.NET.Sdk/targets/Microsoft.NET.DesignerSupport.targets(21,5): message :     " (previous value: "
       /usr/lib64/dotnet/sdk/10.0.101/Sdks/Microsoft.NET.Sdk/targets/Microsoft.NET.DesignerSupport.targets(21,5): message :       ;
       /usr/lib64/dotnet/sdk/10.0.101/Sdks/Microsoft.NET.Sdk/targets/Microsoft.NET.DesignerSupport.targets(21,5): message :       
       /usr/lib64/dotnet/sdk/10.0.101/Sdks/Microsoft.NET.Sdk/targets/Microsoft.NET.DesignerSupport.targets(21,5): message :       ;
       /usr/lib64/dotnet/sdk/10.0.101/Sdks/Microsoft.NET.Sdk/targets/Microsoft.NET.DesignerSupport.targets(21,5): message :       BuildOnlySettings;
       /usr/lib64/dotnet/sdk/10.0.101/Sdks/Microsoft.NET.Sdk/targets/Microsoft.NET.DesignerSupport.targets(21,5): message :       PrepareForBuild;
       /usr/lib64/dotnet/sdk/10.0.101/Sdks/Microsoft.NET.Sdk/targets/Microsoft.NET.DesignerSupport.targets(21,5): message :       AssignTargetPaths;
       /usr/lib64/dotnet/sdk/10.0.101/Sdks/Microsoft.NET.Sdk/targets/Microsoft.NET.DesignerSupport.targets(21,5): message :       ResolveReferences
       /usr/lib64/dotnet/sdk/10.0.101/Sdks/Microsoft.NET.Sdk/targets/Microsoft.NET.DesignerSupport.targets(21,5): message :     
       /usr/lib64/dotnet/sdk/10.0.101/Sdks/Microsoft.NET.Sdk/targets/Microsoft.NET.DesignerSupport.targets(21,5): message :     ") at /usr/lib64/dotnet/sdk/10.0.101/Sdks/Microsoft.NET.Sdk/targets/Microsoft.NET.DesignerSupport.targets (21,5)
       /usr/lib64/dotnet/sdk/10.0.101/Microsoft.Common.CurrentVersion.targets(392,5): message : Property reassignment: $(MSBuildCopyMarkerName)="Entegras.D582C443" (previous value: "Entegrasyon.MessageQueue.Commands.csproj") at /usr/lib64/dotnet/sdk/10.0.101/Microsoft.Common.CurrentVersion.targets (392,5)
       /usr/lib64/dotnet/sdk/10.0.101/Microsoft.Common.CurrentVersion.targets(393,5): message : Property reassignment: $(MSBuildCopyMarkerName)="Entegras.D582C443.Up2Date" (previous value: "Entegras.D582C443") at /usr/lib64/dotnet/sdk/10.0.101/Microsoft.Common.CurrentVersion.targets (393,5)
       /usr/lib64/dotnet/sdk/10.0.101/Microsoft.Common.CurrentVersion.targets(175,5): message : Property reassignment: $(_DebugSymbolsProduced)="true" (previous value: "false") at /usr/lib64/dotnet/sdk/10.0.101/Microsoft.Common.CurrentVersion.targets (175,5)
       /usr/lib64/dotnet/sdk/10.0.101/Microsoft.Common.CurrentVersion.targets(185,5): message : Property reassignment: $(_DocumentationFileProduced)="false" (previous value: "true") at /usr/lib64/dotnet/sdk/10.0.101/Microsoft.Common.CurrentVersion.targets (185,5)
       /usr/lib64/dotnet/sdk/10.0.101/Microsoft.Common.CurrentVersion.targets(541,5): message : Property reassignment: $(ProcessorArchitecture)="msil" (previous value: "") at /usr/lib64/dotnet/sdk/10.0.101/Microsoft.Common.CurrentVersion.targets (541,5)
       /usr/lib64/dotnet/sdk/10.0.101/Microsoft.Common.CurrentVersion.targets(580,5): message : Property reassignment: $(DelaySign)="" (previous value: "false") at /usr/lib64/dotnet/sdk/10.0.101/Microsoft.Common.CurrentVersion.targets (580,5)
       /usr/lib64/dotnet/sdk/10.0.101/Microsoft.Common.CurrentVersion.targets(2606,5): message : Property 'LocalAppData' with value '/home/baturhan/.local/share' expanded from the environment.
       /usr/lib64/dotnet/sdk/10.0.101/Microsoft.Common.CurrentVersion.targets(393,5): message : Property reassignment: $(MSBuildCopyMarkerName)="Shared.csproj.Up2Date" (previous value: "Shared.csproj") at /usr/lib64/dotnet/sdk/10.0.101/Microsoft.Common.CurrentVersion.targets (393,5)
       /usr/lib64/dotnet/sdk/10.0.101/Microsoft.Common.CurrentVersion.targets(3934,5): message : Property reassignment: $(_SGenGenerateSerializationAssembliesConfig)="Auto" (previous value: "") at /usr/lib64/dotnet/sdk/10.0.101/Microsoft.Common.CurrentVersion.targets (3934,5)
       /usr/lib64/dotnet/sdk/10.0.101/Microsoft.Common.CurrentVersion.targets(3935,5): message : Property reassignment: $(_SGenGenerateSerializationAssembliesConfig)="Off" (previous value: "Auto") at /usr/lib64/dotnet/sdk/10.0.101/Microsoft.Common.CurrentVersion.targets (3935,5)
       /usr/lib64/dotnet/sdk/10.0.101/Microsoft.Common.CurrentVersion.targets(5146,5): message : Property reassignment: $(_TargetsThatPrepareProjectReferences)="
       /usr/lib64/dotnet/sdk/10.0.101/Microsoft.Common.CurrentVersion.targets(5146,5): message :       AssignProjectConfiguration;
       /usr/lib64/dotnet/sdk/10.0.101/Microsoft.Common.CurrentVersion.targets(5146,5): message :       _SplitProjectReferencesByFileExistence
       /usr/lib64/dotnet/sdk/10.0.101/Microsoft.Common.CurrentVersion.targets(5146,5): message :     " (previous value: "_SplitProjectReferencesByFileExistence") at /usr/lib64/dotnet/sdk/10.0.101/Microsoft.Common.CurrentVersion.targets (5146,5)
       /usr/lib64/dotnet/sdk/10.0.101/Microsoft.Common.CurrentVersion.targets(541,5): message : Property reassignment: $(ProcessorArchitecture)="msil" (previous value: "") at /usr/lib64/dotnet/sdk/10.0.101/Microsoft.Common.CurrentVersion.targets (541,5)
       /usr/lib64/dotnet/sdk/10.0.101/Microsoft.Common.CurrentVersion.targets(580,5): message : Property reassignment: $(DelaySign)="" (previous value: "false") at /usr/lib64/dotnet/sdk/10.0.101/Microsoft.Common.CurrentVersion.targets (580,5)
       /usr/lib64/dotnet/sdk/10.0.101/Microsoft.Common.CurrentVersion.targets(6959,5): message : Property 'MSBuildExtensionsPath32' with value '/usr/lib64/dotnet/sdk/10.0.101' expanded from the environment.
       /usr/lib64/dotnet/sdk/10.0.101/Microsoft.Common.CurrentVersion.targets(2606,5): message : Property 'LocalAppData' with value '/home/baturhan/.local/share' expanded from the environment.
       /usr/lib64/dotnet/sdk/10.0.101/Microsoft.Common.CurrentVersion.targets(3934,5): message : Property reassignment: $(_SGenGenerateSerializationAssembliesConfig)="Auto" (previous value: "") at /usr/lib64/dotnet/sdk/10.0.101/Microsoft.Common.CurrentVersion.targets (3934,5)
       The "NuGetInteractive" property is a global property, and cannot be modified.
       /usr/lib64/dotnet/sdk/10.0.101/Microsoft.Common.CurrentVersion.targets(3935,5): message : Property reassignment: $(_SGenGenerateSerializationAssembliesConfig)="Off" (previous value: "Auto") at /usr/lib64/dotnet/sdk/10.0.101/Microsoft.Common.CurrentVersion.targets (3935,5)
       /usr/lib64/dotnet/sdk/10.0.101/Microsoft.Common.CurrentVersion.targets(5146,5): message : Property reassignment: $(_TargetsThatPrepareProjectReferences)="
       /usr/lib64/dotnet/sdk/10.0.101/Microsoft.Common.CurrentVersion.targets(5146,5): message :       AssignProjectConfiguration;
       /usr/lib64/dotnet/sdk/10.0.101/Microsoft.Common.CurrentVersion.targets(5146,5): message :       _SplitProjectReferencesByFileExistence
       /usr/lib64/dotnet/sdk/10.0.101/Microsoft.Common.CurrentVersion.targets(5146,5): message :     " (previous value: "_SplitProjectReferencesByFileExistence") at /usr/lib64/dotnet/sdk/10.0.101/Microsoft.Common.CurrentVersion.targets (5146,5)
       /usr/lib64/dotnet/sdk/10.0.101/Microsoft.Common.CurrentVersion.targets(6959,5): message : Property 'MSBuildExtensionsPath32' with value '/usr/lib64/dotnet/sdk/10.0.101' expanded from the environment.
       The "NuGetInteractive" property is a global property, and cannot be modified.
       /usr/lib64/dotnet/sdk/10.0.101/Sdks/Microsoft.NET.Sdk/targets/Microsoft.PackageDependencyResolution.targets(29,5): message : Property reassignment: $(ProjectAssetsCacheFile)="/home/baturhan/Projeler/Entegrasyon/Application/Entegrasyon.MessageQueue.Commands/obj/Debug/net8.0/Entegrasyon.MessageQueue.Commands.assets.cache" (previous value: "obj/Debug/net8.0/Entegrasyon.MessageQueue.Commands.assets.cache") at /usr/lib64/dotnet/sdk/10.0.101/Sdks/Microsoft.NET.Sdk/targets/Microsoft.PackageDependencyResolution.targets (29,5)
       /usr/lib64/dotnet/sdk/10.0.101/Sdks/Microsoft.NET.Sdk/targets/Microsoft.PackageDependencyResolution.targets(80,5): message : Property reassignment: $(ResolveAssemblyReferencesDependsOn)="
       /usr/lib64/dotnet/sdk/10.0.101/Sdks/Microsoft.NET.Sdk/targets/Microsoft.PackageDependencyResolution.targets(80,5): message :       
       /usr/lib64/dotnet/sdk/10.0.101/Sdks/Microsoft.NET.Sdk/targets/Microsoft.PackageDependencyResolution.targets(80,5): message :       ResolveProjectReferences;
       /usr/lib64/dotnet/sdk/10.0.101/Sdks/Microsoft.NET.Sdk/targets/Microsoft.PackageDependencyResolution.targets(80,5): message :       FindInvalidProjectReferences;
       /usr/lib64/dotnet/sdk/10.0.101/Sdks/Microsoft.NET.Sdk/targets/Microsoft.PackageDependencyResolution.targets(80,5): message :       GetFrameworkPaths;
       /usr/lib64/dotnet/sdk/10.0.101/Sdks/Microsoft.NET.Sdk/targets/Microsoft.PackageDependencyResolution.targets(80,5): message :       GetReferenceAssemblyPaths;
       /usr/lib64/dotnet/sdk/10.0.101/Sdks/Microsoft.NET.Sdk/targets/Microsoft.PackageDependencyResolution.targets(80,5): message :       PrepareForBuild;
       /usr/lib64/dotnet/sdk/10.0.101/Sdks/Microsoft.NET.Sdk/targets/Microsoft.PackageDependencyResolution.targets(80,5): message :       ResolveSDKReferences;
       /usr/lib64/dotnet/sdk/10.0.101/Sdks/Microsoft.NET.Sdk/targets/Microsoft.PackageDependencyResolution.targets(80,5): message :       ExpandSDKReferences;
       /usr/lib64/dotnet/sdk/10.0.101/Sdks/Microsoft.NET.Sdk/targets/Microsoft.PackageDependencyResolution.targets(80,5): message :     ;
       /usr/lib64/dotnet/sdk/10.0.101/Sdks/Microsoft.NET.Sdk/targets/Microsoft.PackageDependencyResolution.targets(80,5): message :       ResolvePackageDependenciesForBuild;
       /usr/lib64/dotnet/sdk/10.0.101/Sdks/Microsoft.NET.Sdk/targets/Microsoft.PackageDependencyResolution.targets(80,5): message :       _HandlePackageFileConflicts;
       /usr/lib64/dotnet/sdk/10.0.101/Sdks/Microsoft.NET.Sdk/targets/Microsoft.PackageDependencyResolution.targets(80,5): message :     " (previous value: "
       /usr/lib64/dotnet/sdk/10.0.101/Sdks/Microsoft.NET.Sdk/targets/Microsoft.PackageDependencyResolution.targets(80,5): message :       ResolveProjectReferences;
       /usr/lib64/dotnet/sdk/10.0.101/Sdks/Microsoft.NET.Sdk/targets/Microsoft.PackageDependencyResolution.targets(80,5): message :       FindInvalidProjectReferences;
       /usr/lib64/dotnet/sdk/10.0.101/Sdks/Microsoft.NET.Sdk/targets/Microsoft.PackageDependencyResolution.targets(80,5): message :       GetFrameworkPaths;
       /usr/lib64/dotnet/sdk/10.0.101/Sdks/Microsoft.NET.Sdk/targets/Microsoft.PackageDependencyResolution.targets(80,5): message :       GetReferenceAssemblyPaths;
       /usr/lib64/dotnet/sdk/10.0.101/Sdks/Microsoft.NET.Sdk/targets/Microsoft.PackageDependencyResolution.targets(80,5): message :       PrepareForBuild;
       /usr/lib64/dotnet/sdk/10.0.101/Sdks/Microsoft.NET.Sdk/targets/Microsoft.PackageDependencyResolution.targets(80,5): message :       ResolveSDKReferences;
       /usr/lib64/dotnet/sdk/10.0.101/Sdks/Microsoft.NET.Sdk/targets/Microsoft.PackageDependencyResolution.targets(80,5): message :       ExpandSDKReferences;
       /usr/lib64/dotnet/sdk/10.0.101/Sdks/Microsoft.NET.Sdk/targets/Microsoft.PackageDependencyResolution.targets(80,5): message :     ") at /usr/lib64/dotnet/sdk/10.0.101/Sdks/Microsoft.NET.Sdk/targets/Microsoft.PackageDependencyResolution.targets (80,5)
       /usr/lib64/dotnet/sdk/10.0.101/Sdks/Microsoft.NET.Sdk/targets/Microsoft.PackageDependencyResolution.targets(86,5): message : Property reassignment: $(PrepareResourcesDependsOn)="
       /usr/lib64/dotnet/sdk/10.0.101/Sdks/Microsoft.NET.Sdk/targets/Microsoft.PackageDependencyResolution.targets(86,5): message :       ResolvePackageDependenciesForBuild;
       /usr/lib64/dotnet/sdk/10.0.101/Sdks/Microsoft.NET.Sdk/targets/Microsoft.PackageDependencyResolution.targets(86,5): message :       _HandlePackageFileConflicts;
       /usr/lib64/dotnet/sdk/10.0.101/Sdks/Microsoft.NET.Sdk/targets/Microsoft.PackageDependencyResolution.targets(86,5): message :       
       /usr/lib64/dotnet/sdk/10.0.101/Sdks/Microsoft.NET.Sdk/targets/Microsoft.PackageDependencyResolution.targets(86,5): message :       ;
       /usr/lib64/dotnet/sdk/10.0.101/Sdks/Microsoft.NET.Sdk/targets/Microsoft.PackageDependencyResolution.targets(86,5): message :       PrepareResourceNames;
       /usr/lib64/dotnet/sdk/10.0.101/Sdks/Microsoft.NET.Sdk/targets/Microsoft.PackageDependencyResolution.targets(86,5): message :       ResGen;
       /usr/lib64/dotnet/sdk/10.0.101/Sdks/Microsoft.NET.Sdk/targets/Microsoft.PackageDependencyResolution.targets(86,5): message :       CompileLicxFiles
       /usr/lib64/dotnet/sdk/10.0.101/Sdks/Microsoft.NET.Sdk/targets/Microsoft.PackageDependencyResolution.targets(86,5): message :     
       /usr/lib64/dotnet/sdk/10.0.101/Sdks/Microsoft.NET.Sdk/targets/Microsoft.PackageDependencyResolution.targets(86,5): message :     " (previous value: "
       /usr/lib64/dotnet/sdk/10.0.101/Sdks/Microsoft.NET.Sdk/targets/Microsoft.PackageDependencyResolution.targets(86,5): message :       ;
       /usr/lib64/dotnet/sdk/10.0.101/Sdks/Microsoft.NET.Sdk/targets/Microsoft.PackageDependencyResolution.targets(86,5): message :       PrepareResourceNames;
       /usr/lib64/dotnet/sdk/10.0.101/Sdks/Microsoft.NET.Sdk/targets/Microsoft.PackageDependencyResolution.targets(86,5): message :       ResGen;
       /usr/lib64/dotnet/sdk/10.0.101/Sdks/Microsoft.NET.Sdk/targets/Microsoft.PackageDependencyResolution.targets(86,5): message :       CompileLicxFiles
       /usr/lib64/dotnet/sdk/10.0.101/Sdks/Microsoft.NET.Sdk/targets/Microsoft.PackageDependencyResolution.targets(86,5): message :     ") at /usr/lib64/dotnet/sdk/10.0.101/Sdks/Microsoft.NET.Sdk/targets/Microsoft.PackageDependencyResolution.targets (86,5)
       /usr/lib64/dotnet/sdk/10.0.101/Sdks/Microsoft.NET.Sdk/targets/Microsoft.NET.Sdk.DefaultItems.targets(35,5): message : Property reassignment: $(DefaultItemExcludes)=";bin/Debug//**;obj/Debug//**;bin//**" (previous value: ";bin/Debug//**;obj/Debug//**") at /usr/lib64/dotnet/sdk/10.0.101/Sdks/Microsoft.NET.Sdk/targets/Microsoft.NET.Sdk.DefaultItems.targets (35,5)
       /usr/lib64/dotnet/sdk/10.0.101/Sdks/Microsoft.NET.Sdk/targets/Microsoft.NET.Sdk.DefaultItems.targets(37,5): message : Property reassignment: $(DefaultItemExcludes)=";bin/Debug//**;obj/Debug//**;bin//**;obj//**" (previous value: ";bin/Debug//**;obj/Debug//**;bin//**") at /usr/lib64/dotnet/sdk/10.0.101/Sdks/Microsoft.NET.Sdk/targets/Microsoft.NET.Sdk.DefaultItems.targets (37,5)
       /usr/lib64/dotnet/sdk/10.0.101/Sdks/Microsoft.NET.Sdk/targets/Microsoft.NET.Sdk.DefaultItems.targets(40,5): message : Property reassignment: $(DefaultItemExcludes)=";bin/Debug//**;obj/Debug//**;bin//**;obj//**;**/*.user" (previous value: ";bin/Debug//**;obj/Debug//**;bin//**;obj//**") at /usr/lib64/dotnet/sdk/10.0.101/Sdks/Microsoft.NET.Sdk/targets/Microsoft.NET.Sdk.DefaultItems.targets (40,5)
       /usr/lib64/dotnet/sdk/10.0.101/Sdks/Microsoft.NET.Sdk/targets/Microsoft.NET.Sdk.DefaultItems.targets(41,5): message : Property reassignment: $(DefaultItemExcludes)=";bin/Debug//**;obj/Debug//**;bin//**;obj//**;**/*.user;**/*.*proj" (previous value: ";bin/Debug//**;obj/Debug//**;bin//**;obj//**;**/*.user") at /usr/lib64/dotnet/sdk/10.0.101/Sdks/Microsoft.NET.Sdk/targets/Microsoft.NET.Sdk.DefaultItems.targets (41,5)
       /usr/lib64/dotnet/sdk/10.0.101/Sdks/Microsoft.NET.Sdk/targets/Microsoft.NET.Sdk.DefaultItems.targets(42,5): message : Property reassignment: $(DefaultItemExcludes)=";bin/Debug//**;obj/Debug//**;bin//**;obj//**;**/*.user;**/*.*proj;**/*.sln" (previous value: ";bin/Debug//**;obj/Debug//**;bin//**;obj//**;**/*.user;**/*.*proj") at /usr/lib64/dotnet/sdk/10.0.101/Sdks/Microsoft.NET.Sdk/targets/Microsoft.NET.Sdk.DefaultItems.targets (42,5)
       /usr/lib64/dotnet/sdk/10.0.101/Sdks/Microsoft.NET.Sdk/targets/Microsoft.NET.Sdk.DefaultItems.targets(43,5): message : Property reassignment: $(DefaultItemExcludes)=";bin/Debug//**;obj/Debug//**;bin//**;obj//**;**/*.user;**/*.*proj;**/*.sln;**/*.slnx" (previous value: ";bin/Debug//**;obj/Debug//**;bin//**;obj//**;**/*.user;**/*.*proj;**/*.sln") at /usr/lib64/dotnet/sdk/10.0.101/Sdks/Microsoft.NET.Sdk/targets/Microsoft.NET.Sdk.DefaultItems.targets (43,5)
       /usr/lib64/dotnet/sdk/10.0.101/Sdks/Microsoft.NET.Sdk/targets/Microsoft.NET.Sdk.DefaultItems.targets(44,5): message : Property reassignment: $(DefaultItemExcludes)=";bin/Debug//**;obj/Debug//**;bin//**;obj//**;**/*.user;**/*.*proj;**/*.sln;**/*.slnx;**/*.vssscc" (previous value: ";bin/Debug//**;obj/Debug//**;bin//**;obj//**;**/*.user;**/*.*proj;**/*.sln;**/*.slnx") at /usr/lib64/dotnet/sdk/10.0.101/Sdks/Microsoft.NET.Sdk/targets/Microsoft.NET.Sdk.DefaultItems.targets (44,5)
       /usr/lib64/dotnet/sdk/10.0.101/Sdks/Microsoft.NET.Sdk/targets/Microsoft.NET.Sdk.DefaultItems.targets(45,5): message : Property reassignment: $(DefaultItemExcludes)=";bin/Debug//**;obj/Debug//**;bin//**;obj//**;**/*.user;**/*.*proj;**/*.sln;**/*.slnx;**/*.vssscc;**/.DS_Store" (previous value: ";bin/Debug//**;obj/Debug//**;bin//**;obj//**;**/*.user;**/*.*proj;**/*.sln;**/*.slnx;**/*.vssscc") at /usr/lib64/dotnet/sdk/10.0.101/Sdks/Microsoft.NET.Sdk/targets/Microsoft.NET.Sdk.DefaultItems.targets (45,5)
       /usr/lib64/dotnet/sdk/10.0.101/Sdks/Microsoft.NET.Sdk/targets/Microsoft.NET.Sdk.FrameworkReferenceResolution.targets(14,5): message : Property reassignment: $(ResolveAssemblyReferencesDependsOn)="
       /usr/lib64/dotnet/sdk/10.0.101/Sdks/Microsoft.NET.Sdk/targets/Microsoft.NET.Sdk.FrameworkReferenceResolution.targets(14,5): message :       
       /usr/lib64/dotnet/sdk/10.0.101/Sdks/Microsoft.NET.Sdk/targets/Microsoft.NET.Sdk.FrameworkReferenceResolution.targets(14,5): message :       
       /usr/lib64/dotnet/sdk/10.0.101/Sdks/Microsoft.NET.Sdk/targets/Microsoft.NET.Sdk.FrameworkReferenceResolution.targets(14,5): message :       ResolveProjectReferences;
       /usr/lib64/dotnet/sdk/10.0.101/Sdks/Microsoft.NET.Sdk/targets/Microsoft.NET.Sdk.FrameworkReferenceResolution.targets(14,5): message :       FindInvalidProjectReferences;
       /usr/lib64/dotnet/sdk/10.0.101/Sdks/Microsoft.NET.Sdk/targets/Microsoft.NET.Sdk.FrameworkReferenceResolution.targets(14,5): message :       GetFrameworkPaths;
       /usr/lib64/dotnet/sdk/10.0.101/Sdks/Microsoft.NET.Sdk/targets/Microsoft.NET.Sdk.FrameworkReferenceResolution.targets(14,5): message :       GetReferenceAssemblyPaths;
       /usr/lib64/dotnet/sdk/10.0.101/Sdks/Microsoft.NET.Sdk/targets/Microsoft.NET.Sdk.FrameworkReferenceResolution.targets(14,5): message :       PrepareForBuild;
       /usr/lib64/dotnet/sdk/10.0.101/Sdks/Microsoft.NET.Sdk/targets/Microsoft.NET.Sdk.FrameworkReferenceResolution.targets(14,5): message :       ResolveSDKReferences;
       /usr/lib64/dotnet/sdk/10.0.101/Sdks/Microsoft.NET.Sdk/targets/Microsoft.NET.Sdk.FrameworkReferenceResolution.targets(14,5): message :       ExpandSDKReferences;
       /usr/lib64/dotnet/sdk/10.0.101/Sdks/Microsoft.NET.Sdk/targets/Microsoft.NET.Sdk.FrameworkReferenceResolution.targets(14,5): message :     ;
       /usr/lib64/dotnet/sdk/10.0.101/Sdks/Microsoft.NET.Sdk/targets/Microsoft.NET.Sdk.FrameworkReferenceResolution.targets(14,5): message :       ResolvePackageDependenciesForBuild;
       /usr/lib64/dotnet/sdk/10.0.101/Sdks/Microsoft.NET.Sdk/targets/Microsoft.NET.Sdk.FrameworkReferenceResolution.targets(14,5): message :       _HandlePackageFileConflicts;
       /usr/lib64/dotnet/sdk/10.0.101/Sdks/Microsoft.NET.Sdk/targets/Microsoft.NET.Sdk.FrameworkReferenceResolution.targets(14,5): message :     ;
       /usr/lib64/dotnet/sdk/10.0.101/Sdks/Microsoft.NET.Sdk/targets/Microsoft.NET.Sdk.FrameworkReferenceResolution.targets(14,5): message :       ResolveTargetingPackAssets;
       /usr/lib64/dotnet/sdk/10.0.101/Sdks/Microsoft.NET.Sdk/targets/Microsoft.NET.Sdk.FrameworkReferenceResolution.targets(14,5): message :     " (previous value: "
       /usr/lib64/dotnet/sdk/10.0.101/Sdks/Microsoft.NET.Sdk/targets/Microsoft.NET.Sdk.FrameworkReferenceResolution.targets(14,5): message :       
       /usr/lib64/dotnet/sdk/10.0.101/Sdks/Microsoft.NET.Sdk/targets/Microsoft.NET.Sdk.FrameworkReferenceResolution.targets(14,5): message :       ResolveProjectReferences;
       /usr/lib64/dotnet/sdk/10.0.101/Sdks/Microsoft.NET.Sdk/targets/Microsoft.NET.Sdk.FrameworkReferenceResolution.targets(14,5): message :       FindInvalidProjectReferences;
       /usr/lib64/dotnet/sdk/10.0.101/Sdks/Microsoft.NET.Sdk/targets/Microsoft.NET.Sdk.FrameworkReferenceResolution.targets(14,5): message :       GetFrameworkPaths;
       /usr/lib64/dotnet/sdk/10.0.101/Sdks/Microsoft.NET.Sdk/targets/Microsoft.NET.Sdk.FrameworkReferenceResolution.targets(14,5): message :       GetReferenceAssemblyPaths;
       /usr/lib64/dotnet/sdk/10.0.101/Sdks/Microsoft.NET.Sdk/targets/Microsoft.NET.Sdk.FrameworkReferenceResolution.targets(14,5): message :       PrepareForBuild;
       /usr/lib64/dotnet/sdk/10.0.101/Sdks/Microsoft.NET.Sdk/targets/Microsoft.NET.Sdk.FrameworkReferenceResolution.targets(14,5): message :       ResolveSDKReferences;
       /usr/lib64/dotnet/sdk/10.0.101/Sdks/Microsoft.NET.Sdk/targets/Microsoft.NET.Sdk.FrameworkReferenceResolution.targets(14,5): message :       ExpandSDKReferences;
       /usr/lib64/dotnet/sdk/10.0.101/Sdks/Microsoft.NET.Sdk/targets/Microsoft.NET.Sdk.FrameworkReferenceResolution.targets(14,5): message :     ;
       /usr/lib64/dotnet/sdk/10.0.101/Sdks/Microsoft.NET.Sdk/targets/Microsoft.NET.Sdk.FrameworkReferenceResolution.targets(14,5): message :       ResolvePackageDependenciesForBuild;
       /usr/lib64/dotnet/sdk/10.0.101/Sdks/Microsoft.NET.Sdk/targets/Microsoft.NET.Sdk.FrameworkReferenceResolution.targets(14,5): message :       _HandlePackageFileConflicts;
       /usr/lib64/dotnet/sdk/10.0.101/Sdks/Microsoft.NET.Sdk/targets/Microsoft.NET.Sdk.FrameworkReferenceResolution.targets(14,5): message :     ") at /usr/lib64/dotnet/sdk/10.0.101/Sdks/Microsoft.NET.Sdk/targets/Microsoft.NET.Sdk.FrameworkReferenceResolution.targets (14,5)
       /usr/lib64/dotnet/sdk/10.0.101/Sdks/Microsoft.NET.Sdk/targets/Microsoft.PackageDependencyResolution.targets(29,5): message : Property reassignment: $(ProjectAssetsCacheFile)="/home/baturhan/Projeler/Entegrasyon/Shared/Shared/obj/Debug/net8.0/Shared.assets.cache" (previous value: "obj/Debug/net8.0/Shared.assets.cache") at /usr/lib64/dotnet/sdk/10.0.101/Sdks/Microsoft.NET.Sdk/targets/Microsoft.PackageDependencyResolution.targets (29,5)
       /usr/lib64/dotnet/sdk/10.0.101/Sdks/Microsoft.NET.Sdk/targets/Microsoft.NET.Sdk.targets(44,5): message : Property reassignment: $(_GenerateRuntimeConfigurationPropertyInputsCache)="/home/baturhan/Projeler/Entegrasyon/Application/Entegrasyon.MessageQueue.Commands/obj/Debug/net8.0/Entegrasyon.MessageQueue.Commands.genruntimeconfig.cache" (previous value: "obj/Debug/net8.0/Entegrasyon.MessageQueue.Commands.genruntimeconfig.cache") at /usr/lib64/dotnet/sdk/10.0.101/Sdks/Microsoft.NET.Sdk/targets/Microsoft.NET.Sdk.targets (44,5)
       /usr/lib64/dotnet/sdk/10.0.101/Sdks/Microsoft.NET.Sdk/targets/Microsoft.PackageDependencyResolution.targets(80,5): message : Property reassignment: $(ResolveAssemblyReferencesDependsOn)="
       /usr/lib64/dotnet/sdk/10.0.101/Sdks/Microsoft.NET.Sdk/targets/Microsoft.PackageDependencyResolution.targets(80,5): message :       
       /usr/lib64/dotnet/sdk/10.0.101/Sdks/Microsoft.NET.Sdk/targets/Microsoft.PackageDependencyResolution.targets(80,5): message :       ResolveProjectReferences;
       /usr/lib64/dotnet/sdk/10.0.101/Sdks/Microsoft.NET.Sdk/targets/Microsoft.PackageDependencyResolution.targets(80,5): message :       FindInvalidProjectReferences;
       /usr/lib64/dotnet/sdk/10.0.101/Sdks/Microsoft.NET.Sdk/targets/Microsoft.PackageDependencyResolution.targets(80,5): message :       GetFrameworkPaths;
       /usr/lib64/dotnet/sdk/10.0.101/Sdks/Microsoft.NET.Sdk/targets/Microsoft.PackageDependencyResolution.targets(80,5): message :       GetReferenceAssemblyPaths;
       /usr/lib64/dotnet/sdk/10.0.101/Sdks/Microsoft.NET.Sdk/targets/Microsoft.PackageDependencyResolution.targets(80,5): message :       PrepareForBuild;
       /usr/lib64/dotnet/sdk/10.0.101/Sdks/Microsoft.NET.Sdk/targets/Microsoft.PackageDependencyResolution.targets(80,5): message :       ResolveSDKReferences;
       /usr/lib64/dotnet/sdk/10.0.101/Sdks/Microsoft.NET.Sdk/targets/Microsoft.PackageDependencyResolution.targets(80,5): message :       ExpandSDKReferences;
       /usr/lib64/dotnet/sdk/10.0.101/Sdks/Microsoft.NET.Sdk/targets/Microsoft.PackageDependencyResolution.targets(80,5): message :     ;
       /usr/lib64/dotnet/sdk/10.0.101/Sdks/Microsoft.NET.Sdk/targets/Microsoft.PackageDependencyResolution.targets(80,5): message :       ResolvePackageDependenciesForBuild;
       /usr/lib64/dotnet/sdk/10.0.101/Sdks/Microsoft.NET.Sdk/targets/Microsoft.PackageDependencyResolution.targets(80,5): message :       _HandlePackageFileConflicts;
       /usr/lib64/dotnet/sdk/10.0.101/Sdks/Microsoft.NET.Sdk/targets/Microsoft.PackageDependencyResolution.targets(80,5): message :     " (previous value: "
       /usr/lib64/dotnet/sdk/10.0.101/Sdks/Microsoft.NET.Sdk/targets/Microsoft.PackageDependencyResolution.targets(80,5): message :       ResolveProjectReferences;
       /usr/lib64/dotnet/sdk/10.0.101/Sdks/Microsoft.NET.Sdk/targets/Microsoft.PackageDependencyResolution.targets(80,5): message :       FindInvalidProjectReferences;
       /usr/lib64/dotnet/sdk/10.0.101/Sdks/Microsoft.NET.Sdk/targets/Microsoft.PackageDependencyResolution.targets(80,5): message :       GetFrameworkPaths;
       /usr/lib64/dotnet/sdk/10.0.101/Sdks/Microsoft.NET.Sdk/targets/Microsoft.PackageDependencyResolution.targets(80,5): message :       GetReferenceAssemblyPaths;
       /usr/lib64/dotnet/sdk/10.0.101/Sdks/Microsoft.NET.Sdk/targets/Microsoft.PackageDependencyResolution.targets(80,5): message :       PrepareForBuild;
       /usr/lib64/dotnet/sdk/10.0.101/Sdks/Microsoft.NET.Sdk/targets/Microsoft.PackageDependencyResolution.targets(80,5): message :       ResolveSDKReferences;
       /usr/lib64/dotnet/sdk/10.0.101/Sdks/Microsoft.NET.Sdk/targets/Microsoft.PackageDependencyResolution.targets(80,5): message :       ExpandSDKReferences;
       /usr/lib64/dotnet/sdk/10.0.101/Sdks/Microsoft.NET.Sdk/targets/Microsoft.PackageDependencyResolution.targets(80,5): message :     ") at /usr/lib64/dotnet/sdk/10.0.101/Sdks/Microsoft.NET.Sdk/targets/Microsoft.PackageDependencyResolution.targets (80,5)
       /usr/lib64/dotnet/sdk/10.0.101/Sdks/Microsoft.NET.Sdk/targets/Microsoft.PackageDependencyResolution.targets(86,5): message : Property reassignment: $(PrepareResourcesDependsOn)="
       /usr/lib64/dotnet/sdk/10.0.101/Sdks/Microsoft.NET.Sdk/targets/Microsoft.PackageDependencyResolution.targets(86,5): message :       ResolvePackageDependenciesForBuild;
       /usr/lib64/dotnet/sdk/10.0.101/Sdks/Microsoft.NET.Sdk/targets/Microsoft.PackageDependencyResolution.targets(86,5): message :       _HandlePackageFileConflicts;
       /usr/lib64/dotnet/sdk/10.0.101/Sdks/Microsoft.NET.Sdk/targets/Microsoft.PackageDependencyResolution.targets(86,5): message :       
       /usr/lib64/dotnet/sdk/10.0.101/Sdks/Microsoft.NET.Sdk/targets/Microsoft.PackageDependencyResolution.targets(86,5): message :       ;
       /usr/lib64/dotnet/sdk/10.0.101/Sdks/Microsoft.NET.Sdk/targets/Microsoft.PackageDependencyResolution.targets(86,5): message :       PrepareResourceNames;
       /usr/lib64/dotnet/sdk/10.0.101/Sdks/Microsoft.NET.Sdk/targets/Microsoft.PackageDependencyResolution.targets(86,5): message :       ResGen;
       /usr/lib64/dotnet/sdk/10.0.101/Sdks/Microsoft.NET.Sdk/targets/Microsoft.PackageDependencyResolution.targets(86,5): message :       CompileLicxFiles
       /usr/lib64/dotnet/sdk/10.0.101/Sdks/Microsoft.NET.Sdk/targets/Microsoft.PackageDependencyResolution.targets(86,5): message :     
       /usr/lib64/dotnet/sdk/10.0.101/Sdks/Microsoft.NET.Sdk/targets/Microsoft.PackageDependencyResolution.targets(86,5): message :     " (previous value: "
       /usr/lib64/dotnet/sdk/10.0.101/Sdks/Microsoft.NET.Sdk/targets/Microsoft.PackageDependencyResolution.targets(86,5): message :       ;
       /usr/lib64/dotnet/sdk/10.0.101/Sdks/Microsoft.NET.Sdk/targets/Microsoft.PackageDependencyResolution.targets(86,5): message :       PrepareResourceNames;
       /usr/lib64/dotnet/sdk/10.0.101/Sdks/Microsoft.NET.Sdk/targets/Microsoft.PackageDependencyResolution.targets(86,5): message :       ResGen;
       /usr/lib64/dotnet/sdk/10.0.101/Sdks/Microsoft.NET.Sdk/targets/Microsoft.PackageDependencyResolution.targets(86,5): message :       CompileLicxFiles
       /usr/lib64/dotnet/sdk/10.0.101/Sdks/Microsoft.NET.Sdk/targets/Microsoft.PackageDependencyResolution.targets(86,5): message :     ") at /usr/lib64/dotnet/sdk/10.0.101/Sdks/Microsoft.NET.Sdk/targets/Microsoft.PackageDependencyResolution.targets (86,5)
       /usr/lib64/dotnet/sdk/10.0.101/Sdks/Microsoft.NET.Sdk/targets/Microsoft.NET.Sdk.targets(46,5): message : Property reassignment: $(_GeneratePublishDependencyFilePropertyInputsCache)="/home/baturhan/Projeler/Entegrasyon/Application/Entegrasyon.MessageQueue.Commands/obj/Debug/net8.0/Entegrasyon.MessageQueue.Commands.genpublishdeps.cache" (previous value: "obj/Debug/net8.0/Entegrasyon.MessageQueue.Commands.genpublishdeps.cache") at /usr/lib64/dotnet/sdk/10.0.101/Sdks/Microsoft.NET.Sdk/targets/Microsoft.NET.Sdk.targets (46,5)
       /usr/lib64/dotnet/sdk/10.0.101/Sdks/Microsoft.NET.Sdk/targets/Microsoft.NET.Sdk.DefaultItems.targets(35,5): message : Property reassignment: $(DefaultItemExcludes)=";bin/Debug//**;obj/Debug//**;bin//**" (previous value: ";bin/Debug//**;obj/Debug//**") at /usr/lib64/dotnet/sdk/10.0.101/Sdks/Microsoft.NET.Sdk/targets/Microsoft.NET.Sdk.DefaultItems.targets (35,5)
       /usr/lib64/dotnet/sdk/10.0.101/Sdks/Microsoft.NET.Sdk/targets/Microsoft.NET.Sdk.DefaultItems.targets(37,5): message : Property reassignment: $(DefaultItemExcludes)=";bin/Debug//**;obj/Debug//**;bin//**;obj//**" (previous value: ";bin/Debug//**;obj/Debug//**;bin//**") at /usr/lib64/dotnet/sdk/10.0.101/Sdks/Microsoft.NET.Sdk/targets/Microsoft.NET.Sdk.DefaultItems.targets (37,5)
       /usr/lib64/dotnet/sdk/10.0.101/Sdks/Microsoft.NET.Sdk/targets/Microsoft.NET.Sdk.DefaultItems.targets(40,5): message : Property reassignment: $(DefaultItemExcludes)=";bin/Debug//**;obj/Debug//**;bin//**;obj//**;**/*.user" (previous value: ";bin/Debug//**;obj/Debug//**;bin//**;obj//**") at /usr/lib64/dotnet/sdk/10.0.101/Sdks/Microsoft.NET.Sdk/targets/Microsoft.NET.Sdk.DefaultItems.targets (40,5)
       /usr/lib64/dotnet/sdk/10.0.101/Sdks/Microsoft.NET.Sdk/targets/Microsoft.NET.Sdk.targets(48,5): message : Property reassignment: $(_GenerateSingleFileBundlePropertyInputsCache)="/home/baturhan/Projeler/Entegrasyon/Application/Entegrasyon.MessageQueue.Commands/obj/Debug/net8.0/Entegrasyon.MessageQueue.Commands.genbundle.cache" (previous value: "obj/Debug/net8.0/Entegrasyon.MessageQueue.Commands.genbundle.cache") at /usr/lib64/dotnet/sdk/10.0.101/Sdks/Microsoft.NET.Sdk/targets/Microsoft.NET.Sdk.targets (48,5)
       /usr/lib64/dotnet/sdk/10.0.101/Sdks/Microsoft.NET.Sdk/targets/Microsoft.NET.Sdk.targets(81,5): message : Property reassignment: $(GenerateRuntimeConfigDevFile)="false" (previous value: "true") at /usr/lib64/dotnet/sdk/10.0.101/Sdks/Microsoft.NET.Sdk/targets/Microsoft.NET.Sdk.targets (81,5)
       /usr/lib64/dotnet/sdk/10.0.101/Sdks/Microsoft.NET.Sdk/targets/Microsoft.NET.Sdk.DefaultItems.targets(41,5): message : Property reassignment: $(DefaultItemExcludes)=";bin/Debug//**;obj/Debug//**;bin//**;obj//**;**/*.user;**/*.*proj" (previous value: ";bin/Debug//**;obj/Debug//**;bin//**;obj//**;**/*.user") at /usr/lib64/dotnet/sdk/10.0.101/Sdks/Microsoft.NET.Sdk/targets/Microsoft.NET.Sdk.DefaultItems.targets (41,5)
       /usr/lib64/dotnet/sdk/10.0.101/Sdks/Microsoft.NET.Sdk/targets/Microsoft.NET.Sdk.DefaultItems.targets(42,5): message : Property reassignment: $(DefaultItemExcludes)=";bin/Debug//**;obj/Debug//**;bin//**;obj//**;**/*.user;**/*.*proj;**/*.sln" (previous value: ";bin/Debug//**;obj/Debug//**;bin//**;obj//**;**/*.user;**/*.*proj") at /usr/lib64/dotnet/sdk/10.0.101/Sdks/Microsoft.NET.Sdk/targets/Microsoft.NET.Sdk.DefaultItems.targets (42,5)
       /usr/lib64/dotnet/sdk/10.0.101/Sdks/Microsoft.NET.Sdk/targets/Microsoft.NET.Sdk.DefaultItems.targets(43,5): message : Property reassignment: $(DefaultItemExcludes)=";bin/Debug//**;obj/Debug//**;bin//**;obj//**;**/*.user;**/*.*proj;**/*.sln;**/*.slnx" (previous value: ";bin/Debug//**;obj/Debug//**;bin//**;obj//**;**/*.user;**/*.*proj;**/*.sln") at /usr/lib64/dotnet/sdk/10.0.101/Sdks/Microsoft.NET.Sdk/targets/Microsoft.NET.Sdk.DefaultItems.targets (43,5)
       /usr/lib64/dotnet/sdk/10.0.101/Sdks/Microsoft.NET.Sdk/targets/Microsoft.NET.Sdk.targets(97,5): message : Property 'HOME' with value '/home/baturhan' expanded from the environment.
       /usr/lib64/dotnet/sdk/10.0.101/Sdks/Microsoft.NET.Sdk/targets/Microsoft.NET.Sdk.DefaultItems.targets(44,5): message : Property reassignment: $(DefaultItemExcludes)=";bin/Debug//**;obj/Debug//**;bin//**;obj//**;**/*.user;**/*.*proj;**/*.sln;**/*.slnx;**/*.vssscc" (previous value: ";bin/Debug//**;obj/Debug//**;bin//**;obj//**;**/*.user;**/*.*proj;**/*.sln;**/*.slnx") at /usr/lib64/dotnet/sdk/10.0.101/Sdks/Microsoft.NET.Sdk/targets/Microsoft.NET.Sdk.DefaultItems.targets (44,5)
       /usr/lib64/dotnet/sdk/10.0.101/Sdks/Microsoft.NET.Sdk/targets/Microsoft.NET.Sdk.targets(99,5): message : Property reassignment: $(_DefaultUserProfileRuntimeStorePath)="/home/baturhan/.dotnet/store" (previous value: "/home/baturhan") at /usr/lib64/dotnet/sdk/10.0.101/Sdks/Microsoft.NET.Sdk/targets/Microsoft.NET.Sdk.targets (99,5)
       /usr/lib64/dotnet/sdk/10.0.101/Sdks/Microsoft.NET.Sdk/targets/Microsoft.NET.Sdk.DefaultItems.targets(45,5): message : Property reassignment: $(DefaultItemExcludes)=";bin/Debug//**;obj/Debug//**;bin//**;obj//**;**/*.user;**/*.*proj;**/*.sln;**/*.slnx;**/*.vssscc;**/.DS_Store" (previous value: ";bin/Debug//**;obj/Debug//**;bin//**;obj//**;**/*.user;**/*.*proj;**/*.sln;**/*.slnx;**/*.vssscc") at /usr/lib64/dotnet/sdk/10.0.101/Sdks/Microsoft.NET.Sdk/targets/Microsoft.NET.Sdk.DefaultItems.targets (45,5)
       /usr/lib64/dotnet/sdk/10.0.101/Sdks/Microsoft.NET.Sdk/targets/Microsoft.NET.Sdk.FrameworkReferenceResolution.targets(14,5): message : Property reassignment: $(ResolveAssemblyReferencesDependsOn)="
       /usr/lib64/dotnet/sdk/10.0.101/Sdks/Microsoft.NET.Sdk/targets/Microsoft.NET.Sdk.FrameworkReferenceResolution.targets(14,5): message :       
       /usr/lib64/dotnet/sdk/10.0.101/Sdks/Microsoft.NET.Sdk/targets/Microsoft.NET.Sdk.FrameworkReferenceResolution.targets(14,5): message :       
       /usr/lib64/dotnet/sdk/10.0.101/Sdks/Microsoft.NET.Sdk/targets/Microsoft.NET.Sdk.FrameworkReferenceResolution.targets(14,5): message :       ResolveProjectReferences;
       /usr/lib64/dotnet/sdk/10.0.101/Sdks/Microsoft.NET.Sdk/targets/Microsoft.NET.Sdk.FrameworkReferenceResolution.targets(14,5): message :       FindInvalidProjectReferences;
       /usr/lib64/dotnet/sdk/10.0.101/Sdks/Microsoft.NET.Sdk/targets/Microsoft.NET.Sdk.FrameworkReferenceResolution.targets(14,5): message :       GetFrameworkPaths;
       /usr/lib64/dotnet/sdk/10.0.101/Sdks/Microsoft.NET.Sdk/targets/Microsoft.NET.Sdk.FrameworkReferenceResolution.targets(14,5): message :       GetReferenceAssemblyPaths;
       /usr/lib64/dotnet/sdk/10.0.101/Sdks/Microsoft.NET.Sdk/targets/Microsoft.NET.Sdk.FrameworkReferenceResolution.targets(14,5): message :       PrepareForBuild;
       /usr/lib64/dotnet/sdk/10.0.101/Sdks/Microsoft.NET.Sdk/targets/Microsoft.NET.Sdk.FrameworkReferenceResolution.targets(14,5): message :       ResolveSDKReferences;
       /usr/lib64/dotnet/sdk/10.0.101/Sdks/Microsoft.NET.Sdk/targets/Microsoft.NET.Sdk.FrameworkReferenceResolution.targets(14,5): message :       ExpandSDKReferences;
       /usr/lib64/dotnet/sdk/10.0.101/Sdks/Microsoft.NET.Sdk/targets/Microsoft.NET.Sdk.FrameworkReferenceResolution.targets(14,5): message :     ;
       /usr/lib64/dotnet/sdk/10.0.101/Sdks/Microsoft.NET.Sdk/targets/Microsoft.NET.Sdk.FrameworkReferenceResolution.targets(14,5): message :       ResolvePackageDependenciesForBuild;
       /usr/lib64/dotnet/sdk/10.0.101/Sdks/Microsoft.NET.Sdk/targets/Microsoft.NET.Sdk.FrameworkReferenceResolution.targets(14,5): message :       _HandlePackageFileConflicts;
       /usr/lib64/dotnet/sdk/10.0.101/Sdks/Microsoft.NET.Sdk/targets/Microsoft.NET.Sdk.FrameworkReferenceResolution.targets(14,5): message :     ;
       /usr/lib64/dotnet/sdk/10.0.101/Sdks/Microsoft.NET.Sdk/targets/Microsoft.NET.Sdk.FrameworkReferenceResolution.targets(14,5): message :       ResolveTargetingPackAssets;
       /usr/lib64/dotnet/sdk/10.0.101/Sdks/Microsoft.NET.Sdk/targets/Microsoft.NET.Sdk.FrameworkReferenceResolution.targets(14,5): message :     " (previous value: "
       /usr/lib64/dotnet/sdk/10.0.101/Sdks/Microsoft.NET.Sdk/targets/Microsoft.NET.Sdk.FrameworkReferenceResolution.targets(14,5): message :       
       /usr/lib64/dotnet/sdk/10.0.101/Sdks/Microsoft.NET.Sdk/targets/Microsoft.NET.Sdk.FrameworkReferenceResolution.targets(14,5): message :       ResolveProjectReferences;
       /usr/lib64/dotnet/sdk/10.0.101/Sdks/Microsoft.NET.Sdk/targets/Microsoft.NET.Sdk.FrameworkReferenceResolution.targets(14,5): message :       FindInvalidProjectReferences;
       /usr/lib64/dotnet/sdk/10.0.101/Sdks/Microsoft.NET.Sdk/targets/Microsoft.NET.Sdk.FrameworkReferenceResolution.targets(14,5): message :       GetFrameworkPaths;
       /usr/lib64/dotnet/sdk/10.0.101/Sdks/Microsoft.NET.Sdk/targets/Microsoft.NET.Sdk.FrameworkReferenceResolution.targets(14,5): message :       GetReferenceAssemblyPaths;
       /usr/lib64/dotnet/sdk/10.0.101/Sdks/Microsoft.NET.Sdk/targets/Microsoft.NET.Sdk.FrameworkReferenceResolution.targets(14,5): message :       PrepareForBuild;
       /usr/lib64/dotnet/sdk/10.0.101/Sdks/Microsoft.NET.Sdk/targets/Microsoft.NET.Sdk.FrameworkReferenceResolution.targets(14,5): message :       ResolveSDKReferences;
       /usr/lib64/dotnet/sdk/10.0.101/Sdks/Microsoft.NET.Sdk/targets/Microsoft.NET.Sdk.FrameworkReferenceResolution.targets(14,5): message :       ExpandSDKReferences;
       /usr/lib64/dotnet/sdk/10.0.101/Sdks/Microsoft.NET.Sdk/targets/Microsoft.NET.Sdk.FrameworkReferenceResolution.targets(14,5): message :     ;
       /usr/lib64/dotnet/sdk/10.0.101/Sdks/Microsoft.NET.Sdk/targets/Microsoft.NET.Sdk.FrameworkReferenceResolution.targets(14,5): message :       ResolvePackageDependenciesForBuild;
       /usr/lib64/dotnet/sdk/10.0.101/Sdks/Microsoft.NET.Sdk/targets/Microsoft.NET.Sdk.FrameworkReferenceResolution.targets(14,5): message :       _HandlePackageFileConflicts;
       /usr/lib64/dotnet/sdk/10.0.101/Sdks/Microsoft.NET.Sdk/targets/Microsoft.NET.Sdk.FrameworkReferenceResolution.targets(14,5): message :     ") at /usr/lib64/dotnet/sdk/10.0.101/Sdks/Microsoft.NET.Sdk/targets/Microsoft.NET.Sdk.FrameworkReferenceResolution.targets (14,5)
       /usr/lib64/dotnet/sdk/10.0.101/Sdks/Microsoft.NET.Sdk/targets/Microsoft.NET.Sdk.targets(144,5): message : Property reassignment: $(AvailablePlatforms)="Any CPU,x86,x64,ARM32" (previous value: "Any CPU,x86,x64") at /usr/lib64/dotnet/sdk/10.0.101/Sdks/Microsoft.NET.Sdk/targets/Microsoft.NET.Sdk.targets (144,5)
       /usr/lib64/dotnet/sdk/10.0.101/Sdks/Microsoft.NET.Sdk/targets/Microsoft.NET.Sdk.targets(148,5): message : Property reassignment: $(AvailablePlatforms)="Any CPU,x86,x64,ARM32,ARM64" (previous value: "Any CPU,x86,x64,ARM32") at /usr/lib64/dotnet/sdk/10.0.101/Sdks/Microsoft.NET.Sdk/targets/Microsoft.NET.Sdk.targets (148,5)
       /usr/lib64/dotnet/sdk/10.0.101/Sdks/Microsoft.NET.Sdk/targets/Microsoft.NET.Sdk.targets(204,5): message : Property reassignment: $(CoreBuildDependsOn)="
       /usr/lib64/dotnet/sdk/10.0.101/Sdks/Microsoft.NET.Sdk/targets/Microsoft.NET.Sdk.targets(204,5): message :       _CheckForBuildWithNoBuild;
       /usr/lib64/dotnet/sdk/10.0.101/Sdks/Microsoft.NET.Sdk/targets/Microsoft.NET.Sdk.targets(204,5): message :       
       /usr/lib64/dotnet/sdk/10.0.101/Sdks/Microsoft.NET.Sdk/targets/Microsoft.NET.Sdk.targets(204,5): message :       BuildOnlySettings;
       /usr/lib64/dotnet/sdk/10.0.101/Sdks/Microsoft.NET.Sdk/targets/Microsoft.NET.Sdk.targets(204,5): message :       PrepareForBuild;
       /usr/lib64/dotnet/sdk/10.0.101/Sdks/Microsoft.NET.Sdk/targets/Microsoft.NET.Sdk.targets(204,5): message :       PreBuildEvent;
       /usr/lib64/dotnet/sdk/10.0.101/Sdks/Microsoft.NET.Sdk/targets/Microsoft.NET.Sdk.targets(204,5): message :       ResolveReferences;
       /usr/lib64/dotnet/sdk/10.0.101/Sdks/Microsoft.NET.Sdk/targets/Microsoft.NET.Sdk.targets(204,5): message :       PrepareResources;
       /usr/lib64/dotnet/sdk/10.0.101/Sdks/Microsoft.NET.Sdk/targets/Microsoft.NET.Sdk.targets(204,5): message :       ResolveKeySource;
       /usr/lib64/dotnet/sdk/10.0.101/Sdks/Microsoft.NET.Sdk/targets/Microsoft.NET.Sdk.targets(204,5): message :       Compile;
       /usr/lib64/dotnet/sdk/10.0.101/Sdks/Microsoft.NET.Sdk/targets/Microsoft.NET.Sdk.targets(204,5): message :       ExportWindowsMDFile;
       /usr/lib64/dotnet/sdk/10.0.101/Sdks/Microsoft.NET.Sdk/targets/Microsoft.NET.Sdk.targets(204,5): message :       UnmanagedUnregistration;
       /usr/lib64/dotnet/sdk/10.0.101/Sdks/Microsoft.NET.Sdk/targets/Microsoft.NET.Sdk.targets(204,5): message :       GenerateSerializationAssemblies;
       /usr/lib64/dotnet/sdk/10.0.101/Sdks/Microsoft.NET.Sdk/targets/Microsoft.NET.Sdk.targets(204,5): message :       CreateSatelliteAssemblies;
       /usr/lib64/dotnet/sdk/10.0.101/Sdks/Microsoft.NET.Sdk/targets/Microsoft.NET.Sdk.targets(204,5): message :       GenerateManifests;
       /usr/lib64/dotnet/sdk/10.0.101/Sdks/Microsoft.NET.Sdk/targets/Microsoft.NET.Sdk.targets(204,5): message :       GetTargetPath;
       /usr/lib64/dotnet/sdk/10.0.101/Sdks/Microsoft.NET.Sdk/targets/Microsoft.NET.Sdk.targets(204,5): message :       PrepareForRun;
       /usr/lib64/dotnet/sdk/10.0.101/Sdks/Microsoft.NET.Sdk/targets/Microsoft.NET.Sdk.targets(204,5): message :       UnmanagedRegistration;
       /usr/lib64/dotnet/sdk/10.0.101/Sdks/Microsoft.NET.Sdk/targets/Microsoft.NET.Sdk.targets(204,5): message :       IncrementalClean;
       /usr/lib64/dotnet/sdk/10.0.101/Sdks/Microsoft.NET.Sdk/targets/Microsoft.NET.Sdk.targets(204,5): message :       PostBuildEvent
       /usr/lib64/dotnet/sdk/10.0.101/Sdks/Microsoft.NET.Sdk/targets/Microsoft.NET.Sdk.targets(204,5): message :     ;
       /usr/lib64/dotnet/sdk/10.0.101/Sdks/Microsoft.NET.Sdk/targets/Microsoft.NET.Sdk.targets(204,5): message :       GenerateBuildDependencyFile;
       /usr/lib64/dotnet/sdk/10.0.101/Sdks/Microsoft.NET.Sdk/targets/Microsoft.NET.Sdk.targets(204,5): message :       GenerateBuildRuntimeConfigurationFiles
       /usr/lib64/dotnet/sdk/10.0.101/Sdks/Microsoft.NET.Sdk/targets/Microsoft.NET.Sdk.targets(204,5): message :     " (previous value: "
       /usr/lib64/dotnet/sdk/10.0.101/Sdks/Microsoft.NET.Sdk/targets/Microsoft.NET.Sdk.targets(204,5): message :       BuildOnlySettings;
       /usr/lib64/dotnet/sdk/10.0.101/Sdks/Microsoft.NET.Sdk/targets/Microsoft.NET.Sdk.targets(204,5): message :       PrepareForBuild;
       /usr/lib64/dotnet/sdk/10.0.101/Sdks/Microsoft.NET.Sdk/targets/Microsoft.NET.Sdk.targets(204,5): message :       PreBuildEvent;
       /usr/lib64/dotnet/sdk/10.0.101/Sdks/Microsoft.NET.Sdk/targets/Microsoft.NET.Sdk.targets(204,5): message :       ResolveReferences;
       /usr/lib64/dotnet/sdk/10.0.101/Sdks/Microsoft.NET.Sdk/targets/Microsoft.NET.Sdk.targets(204,5): message :       PrepareResources;
       /usr/lib64/dotnet/sdk/10.0.101/Sdks/Microsoft.NET.Sdk/targets/Microsoft.NET.Sdk.targets(204,5): message :       ResolveKeySource;
       /usr/lib64/dotnet/sdk/10.0.101/Sdks/Microsoft.NET.Sdk/targets/Microsoft.NET.Sdk.targets(204,5): message :       Compile;
       /usr/lib64/dotnet/sdk/10.0.101/Sdks/Microsoft.NET.Sdk/targets/Microsoft.NET.Sdk.targets(204,5): message :       ExportWindowsMDFile;
       /usr/lib64/dotnet/sdk/10.0.101/Sdks/Microsoft.NET.Sdk/targets/Microsoft.NET.Sdk.targets(204,5): message :       UnmanagedUnregistration;
       /usr/lib64/dotnet/sdk/10.0.101/Sdks/Microsoft.NET.Sdk/targets/Microsoft.NET.Sdk.targets(204,5): message :       GenerateSerializationAssemblies;
       /usr/lib64/dotnet/sdk/10.0.101/Sdks/Microsoft.NET.Sdk/targets/Microsoft.NET.Sdk.targets(204,5): message :       CreateSatelliteAssemblies;
       /usr/lib64/dotnet/sdk/10.0.101/Sdks/Microsoft.NET.Sdk/targets/Microsoft.NET.Sdk.targets(204,5): message :       GenerateManifests;
       /usr/lib64/dotnet/sdk/10.0.101/Sdks/Microsoft.NET.Sdk/targets/Microsoft.NET.Sdk.targets(204,5): message :       GetTargetPath;
       /usr/lib64/dotnet/sdk/10.0.101/Sdks/Microsoft.NET.Sdk/targets/Microsoft.NET.Sdk.targets(204,5): message :       PrepareForRun;
       /usr/lib64/dotnet/sdk/10.0.101/Sdks/Microsoft.NET.Sdk/targets/Microsoft.NET.Sdk.targets(204,5): message :       UnmanagedRegistration;
       /usr/lib64/dotnet/sdk/10.0.101/Sdks/Microsoft.NET.Sdk/targets/Microsoft.NET.Sdk.targets(204,5): message :       IncrementalClean;
       /usr/lib64/dotnet/sdk/10.0.101/Sdks/Microsoft.NET.Sdk/targets/Microsoft.NET.Sdk.targets(204,5): message :       PostBuildEvent
       /usr/lib64/dotnet/sdk/10.0.101/Sdks/Microsoft.NET.Sdk/targets/Microsoft.NET.Sdk.targets(204,5): message :     ") at /usr/lib64/dotnet/sdk/10.0.101/Sdks/Microsoft.NET.Sdk/targets/Microsoft.NET.Sdk.targets (204,5)
       /usr/lib64/dotnet/sdk/10.0.101/Sdks/Microsoft.NET.Sdk/targets/Microsoft.NET.Sdk.targets(213,5): message : Property reassignment: $(CoreCleanDependsOn)="
       /usr/lib64/dotnet/sdk/10.0.101/Sdks/Microsoft.NET.Sdk/targets/Microsoft.NET.Sdk.targets(213,5): message :       _SdkBeforeClean;
       /usr/lib64/dotnet/sdk/10.0.101/Sdks/Microsoft.NET.Sdk/targets/Microsoft.NET.Sdk.targets(213,5): message :       
       /usr/lib64/dotnet/sdk/10.0.101/Sdks/Microsoft.NET.Sdk/targets/Microsoft.NET.Sdk.targets(213,5): message :     " (previous value: "") at /usr/lib64/dotnet/sdk/10.0.101/Sdks/Microsoft.NET.Sdk/targets/Microsoft.NET.Sdk.targets (213,5)
       /usr/lib64/dotnet/sdk/10.0.101/Sdks/Microsoft.NET.Sdk/targets/Microsoft.NET.Sdk.targets(220,5): message : Property reassignment: $(RebuildDependsOn)="
       /usr/lib64/dotnet/sdk/10.0.101/Sdks/Microsoft.NET.Sdk/targets/Microsoft.NET.Sdk.targets(220,5): message :       _SdkBeforeRebuild;
       /usr/lib64/dotnet/sdk/10.0.101/Sdks/Microsoft.NET.Sdk/targets/Microsoft.NET.Sdk.targets(220,5): message :       
       /usr/lib64/dotnet/sdk/10.0.101/Sdks/Microsoft.NET.Sdk/targets/Microsoft.NET.Sdk.targets(220,5): message :       BeforeRebuild;
       /usr/lib64/dotnet/sdk/10.0.101/Sdks/Microsoft.NET.Sdk/targets/Microsoft.NET.Sdk.targets(220,5): message :       Clean;
       /usr/lib64/dotnet/sdk/10.0.101/Sdks/Microsoft.NET.Sdk/targets/Microsoft.NET.Sdk.targets(220,5): message :       Build;
       /usr/lib64/dotnet/sdk/10.0.101/Sdks/Microsoft.NET.Sdk/targets/Microsoft.NET.Sdk.targets(220,5): message :       AfterRebuild;
       /usr/lib64/dotnet/sdk/10.0.101/Sdks/Microsoft.NET.Sdk/targets/Microsoft.NET.Sdk.targets(220,5): message :     
       /usr/lib64/dotnet/sdk/10.0.101/Sdks/Microsoft.NET.Sdk/targets/Microsoft.NET.Sdk.targets(220,5): message :     " (previous value: "
       /usr/lib64/dotnet/sdk/10.0.101/Sdks/Microsoft.NET.Sdk/targets/Microsoft.NET.Sdk.targets(220,5): message :       BeforeRebuild;
       /usr/lib64/dotnet/sdk/10.0.101/Sdks/Microsoft.NET.Sdk/targets/Microsoft.NET.Sdk.targets(220,5): message :       Clean;
       /usr/lib64/dotnet/sdk/10.0.101/Sdks/Microsoft.NET.Sdk/targets/Microsoft.NET.Sdk.targets(220,5): message :       Build;
       /usr/lib64/dotnet/sdk/10.0.101/Sdks/Microsoft.NET.Sdk/targets/Microsoft.NET.Sdk.targets(220,5): message :       AfterRebuild;
       /usr/lib64/dotnet/sdk/10.0.101/Sdks/Microsoft.NET.Sdk/targets/Microsoft.NET.Sdk.targets(220,5): message :     ") at /usr/lib64/dotnet/sdk/10.0.101/Sdks/Microsoft.NET.Sdk/targets/Microsoft.NET.Sdk.targets (220,5)
       /usr/lib64/dotnet/sdk/10.0.101/Sdks/Microsoft.NET.Sdk/targets/Microsoft.NET.Sdk.targets(799,5): message : Property reassignment: $(CompileDependsOn)="
       /usr/lib64/dotnet/sdk/10.0.101/Sdks/Microsoft.NET.Sdk/targets/Microsoft.NET.Sdk.targets(799,5): message :       
       /usr/lib64/dotnet/sdk/10.0.101/Sdks/Microsoft.NET.Sdk/targets/Microsoft.NET.Sdk.targets(799,5): message :       ResolveReferences;
       /usr/lib64/dotnet/sdk/10.0.101/Sdks/Microsoft.NET.Sdk/targets/Microsoft.NET.Sdk.targets(799,5): message :       ResolveKeySource;
       /usr/lib64/dotnet/sdk/10.0.101/Sdks/Microsoft.NET.Sdk/targets/Microsoft.NET.Sdk.targets(799,5): message :       SetWin32ManifestProperties;
       /usr/lib64/dotnet/sdk/10.0.101/Sdks/Microsoft.NET.Sdk/targets/Microsoft.NET.Sdk.targets(799,5): message :       _SetPreferNativeArm64Win32ManifestProperties;
       /usr/lib64/dotnet/sdk/10.0.101/Sdks/Microsoft.NET.Sdk/targets/Microsoft.NET.Sdk.targets(799,5): message :       FindReferenceAssembliesForReferences;
       /usr/lib64/dotnet/sdk/10.0.101/Sdks/Microsoft.NET.Sdk/targets/Microsoft.NET.Sdk.targets(799,5): message :       _GenerateCompileInputs;
       /usr/lib64/dotnet/sdk/10.0.101/Sdks/Microsoft.NET.Sdk/targets/Microsoft.NET.Sdk.targets(799,5): message :       BeforeCompile;
       /usr/lib64/dotnet/sdk/10.0.101/Sdks/Microsoft.NET.Sdk/targets/Microsoft.NET.Sdk.targets(799,5): message :       _TimeStampBeforeCompile;
       /usr/lib64/dotnet/sdk/10.0.101/Sdks/Microsoft.NET.Sdk/targets/Microsoft.NET.Sdk.targets(799,5): message :       _GenerateCompileDependencyCache;
       /usr/lib64/dotnet/sdk/10.0.101/Sdks/Microsoft.NET.Sdk/targets/Microsoft.NET.Sdk.targets(799,5): message :       CoreCompile;
       /usr/lib64/dotnet/sdk/10.0.101/Sdks/Microsoft.NET.Sdk/targets/Microsoft.NET.Sdk.targets(799,5): message :       _TimeStampAfterCompile;
       /usr/lib64/dotnet/sdk/10.0.101/Sdks/Microsoft.NET.Sdk/targets/Microsoft.NET.Sdk.targets(799,5): message :       AfterCompile;
       /usr/lib64/dotnet/sdk/10.0.101/Sdks/Microsoft.NET.Sdk/targets/Microsoft.NET.Sdk.targets(799,5): message :     ;
       /usr/lib64/dotnet/sdk/10.0.101/Sdks/Microsoft.NET.Sdk/targets/Microsoft.NET.Sdk.targets(799,5): message :       _CreateAppHost;
       /usr/lib64/dotnet/sdk/10.0.101/Sdks/Microsoft.NET.Sdk/targets/Microsoft.NET.Sdk.targets(799,5): message :       _CreateComHost;
       /usr/lib64/dotnet/sdk/10.0.101/Sdks/Microsoft.NET.Sdk/targets/Microsoft.NET.Sdk.targets(799,5): message :       _GetIjwHostPaths;
       /usr/lib64/dotnet/sdk/10.0.101/Sdks/Microsoft.NET.Sdk/targets/Microsoft.NET.Sdk.targets(799,5): message :     " (previous value: "
       /usr/lib64/dotnet/sdk/10.0.101/Sdks/Microsoft.NET.Sdk/targets/Microsoft.NET.Sdk.targets(799,5): message :       ResolveReferences;
       /usr/lib64/dotnet/sdk/10.0.101/Sdks/Microsoft.NET.Sdk/targets/Microsoft.NET.Sdk.targets(799,5): message :       ResolveKeySource;
       /usr/lib64/dotnet/sdk/10.0.101/Sdks/Microsoft.NET.Sdk/targets/Microsoft.NET.Sdk.targets(799,5): message :       SetWin32ManifestProperties;
       /usr/lib64/dotnet/sdk/10.0.101/Sdks/Microsoft.NET.Sdk/targets/Microsoft.NET.Sdk.targets(799,5): message :       _SetPreferNativeArm64Win32ManifestProperties;
       /usr/lib64/dotnet/sdk/10.0.101/Sdks/Microsoft.NET.Sdk/targets/Microsoft.NET.Sdk.targets(799,5): message :       FindReferenceAssembliesForReferences;
       /usr/lib64/dotnet/sdk/10.0.101/Sdks/Microsoft.NET.Sdk/targets/Microsoft.NET.Sdk.targets(799,5): message :       _GenerateCompileInputs;
       /usr/lib64/dotnet/sdk/10.0.101/Sdks/Microsoft.NET.Sdk/targets/Microsoft.NET.Sdk.targets(799,5): message :       BeforeCompile;
       /usr/lib64/dotnet/sdk/10.0.101/Sdks/Microsoft.NET.Sdk/targets/Microsoft.NET.Sdk.targets(799,5): message :       _TimeStampBeforeCompile;
       /usr/lib64/dotnet/sdk/10.0.101/Sdks/Microsoft.NET.Sdk/targets/Microsoft.NET.Sdk.targets(799,5): message :       _GenerateCompileDependencyCache;
       /usr/lib64/dotnet/sdk/10.0.101/Sdks/Microsoft.NET.Sdk/targets/Microsoft.NET.Sdk.targets(799,5): message :       CoreCompile;
       /usr/lib64/dotnet/sdk/10.0.101/Sdks/Microsoft.NET.Sdk/targets/Microsoft.NET.Sdk.targets(799,5): message :       _TimeStampAfterCompile;
       /usr/lib64/dotnet/sdk/10.0.101/Sdks/Microsoft.NET.Sdk/targets/Microsoft.NET.Sdk.targets(799,5): message :       AfterCompile;
       /usr/lib64/dotnet/sdk/10.0.101/Sdks/Microsoft.NET.Sdk/targets/Microsoft.NET.Sdk.targets(799,5): message :     ") at /usr/lib64/dotnet/sdk/10.0.101/Sdks/Microsoft.NET.Sdk/targets/Microsoft.NET.Sdk.targets (799,5)
       /usr/lib64/dotnet/sdk/10.0.101/Sdks/Microsoft.NET.Sdk/targets/Microsoft.NET.Sdk.targets(1131,5): message : Property reassignment: $(CreateSatelliteAssembliesDependsOn)="
       /usr/lib64/dotnet/sdk/10.0.101/Sdks/Microsoft.NET.Sdk/targets/Microsoft.NET.Sdk.targets(1131,5): message :       
       /usr/lib64/dotnet/sdk/10.0.101/Sdks/Microsoft.NET.Sdk/targets/Microsoft.NET.Sdk.targets(1131,5): message :       ;
       /usr/lib64/dotnet/sdk/10.0.101/Sdks/Microsoft.NET.Sdk/targets/Microsoft.NET.Sdk.targets(1131,5): message :       _GenerateSatelliteAssemblyInputs;
       /usr/lib64/dotnet/sdk/10.0.101/Sdks/Microsoft.NET.Sdk/targets/Microsoft.NET.Sdk.targets(1131,5): message :       ComputeIntermediateSatelliteAssemblies;
       /usr/lib64/dotnet/sdk/10.0.101/Sdks/Microsoft.NET.Sdk/targets/Microsoft.NET.Sdk.targets(1131,5): message :       GenerateSatelliteAssemblies
       /usr/lib64/dotnet/sdk/10.0.101/Sdks/Microsoft.NET.Sdk/targets/Microsoft.NET.Sdk.targets(1131,5): message :     ;
       /usr/lib64/dotnet/sdk/10.0.101/Sdks/Microsoft.NET.Sdk/targets/Microsoft.NET.Sdk.targets(1131,5): message :       CoreGenerateSatelliteAssemblies
       /usr/lib64/dotnet/sdk/10.0.101/Sdks/Microsoft.NET.Sdk/targets/Microsoft.NET.Sdk.targets(1131,5): message :     " (previous value: "
       /usr/lib64/dotnet/sdk/10.0.101/Sdks/Microsoft.NET.Sdk/targets/Microsoft.NET.Sdk.targets(1131,5): message :       ;
       /usr/lib64/dotnet/sdk/10.0.101/Sdks/Microsoft.NET.Sdk/targets/Microsoft.NET.Sdk.targets(1131,5): message :       _GenerateSatelliteAssemblyInputs;
       /usr/lib64/dotnet/sdk/10.0.101/Sdks/Microsoft.NET.Sdk/targets/Microsoft.NET.Sdk.targets(1131,5): message :       ComputeIntermediateSatelliteAssemblies;
       /usr/lib64/dotnet/sdk/10.0.101/Sdks/Microsoft.NET.Sdk/targets/Microsoft.NET.Sdk.targets(1131,5): message :       GenerateSatelliteAssemblies
       /usr/lib64/dotnet/sdk/10.0.101/Sdks/Microsoft.NET.Sdk/targets/Microsoft.NET.Sdk.targets(1131,5): message :     ") at /usr/lib64/dotnet/sdk/10.0.101/Sdks/Microsoft.NET.Sdk/targets/Microsoft.NET.Sdk.targets (1131,5)
       /usr/lib64/dotnet/sdk/10.0.101/Sdks/Microsoft.NET.Sdk/targets/Microsoft.NET.Sdk.targets(44,5): message : Property reassignment: $(_GenerateRuntimeConfigurationPropertyInputsCache)="/home/baturhan/Projeler/Entegrasyon/Shared/Shared/obj/Debug/net8.0/Shared.genruntimeconfig.cache" (previous value: "obj/Debug/net8.0/Shared.genruntimeconfig.cache") at /usr/lib64/dotnet/sdk/10.0.101/Sdks/Microsoft.NET.Sdk/targets/Microsoft.NET.Sdk.targets (44,5)
       /usr/lib64/dotnet/sdk/10.0.101/Sdks/Microsoft.NET.Sdk/targets/Microsoft.NET.Sdk.targets(46,5): message : Property reassignment: $(_GeneratePublishDependencyFilePropertyInputsCache)="/home/baturhan/Projeler/Entegrasyon/Shared/Shared/obj/Debug/net8.0/Shared.genpublishdeps.cache" (previous value: "obj/Debug/net8.0/Shared.genpublishdeps.cache") at /usr/lib64/dotnet/sdk/10.0.101/Sdks/Microsoft.NET.Sdk/targets/Microsoft.NET.Sdk.targets (46,5)
       /usr/lib64/dotnet/sdk/10.0.101/Sdks/Microsoft.SourceLink.GitLab/build/Microsoft.SourceLink.GitLab.targets(12,5): message : Property reassignment: $(SourceLinkUrlInitializerTargets)=";_InitializeGitHubSourceLinkUrl;_InitializeGitLabSourceLinkUrl" (previous value: ";_InitializeGitHubSourceLinkUrl") at /usr/lib64/dotnet/sdk/10.0.101/Sdks/Microsoft.SourceLink.GitLab/build/Microsoft.SourceLink.GitLab.targets (12,5)
       /usr/lib64/dotnet/sdk/10.0.101/Sdks/Microsoft.SourceLink.GitLab/build/Microsoft.SourceLink.GitLab.targets(13,5): message : Property reassignment: $(SourceControlManagerUrlTranslationTargets)=";TranslateGitHubUrlsInSourceControlInformation;TranslateGitLabUrlsInSourceControlInformation" (previous value: ";TranslateGitHubUrlsInSourceControlInformation") at /usr/lib64/dotnet/sdk/10.0.101/Sdks/Microsoft.SourceLink.GitLab/build/Microsoft.SourceLink.GitLab.targets (13,5)
       /usr/lib64/dotnet/sdk/10.0.101/Sdks/Microsoft.SourceLink.AzureRepos.Git/build/Microsoft.SourceLink.AzureRepos.Git.targets(12,5): message : Property reassignment: $(SourceLinkUrlInitializerTargets)=";_InitializeGitHubSourceLinkUrl;_InitializeGitLabSourceLinkUrl;_InitializeAzureReposGitSourceLinkUrl" (previous value: ";_InitializeGitHubSourceLinkUrl;_InitializeGitLabSourceLinkUrl") at /usr/lib64/dotnet/sdk/10.0.101/Sdks/Microsoft.SourceLink.AzureRepos.Git/build/Microsoft.SourceLink.AzureRepos.Git.targets (12,5)
       /usr/lib64/dotnet/sdk/10.0.101/Sdks/Microsoft.NET.Sdk/targets/Microsoft.NET.Sdk.targets(48,5): message : Property reassignment: $(_GenerateSingleFileBundlePropertyInputsCache)="/home/baturhan/Projeler/Entegrasyon/Shared/Shared/obj/Debug/net8.0/Shared.genbundle.cache" (previous value: "obj/Debug/net8.0/Shared.genbundle.cache") at /usr/lib64/dotnet/sdk/10.0.101/Sdks/Microsoft.NET.Sdk/targets/Microsoft.NET.Sdk.targets (48,5)
       /usr/lib64/dotnet/sdk/10.0.101/Sdks/Microsoft.SourceLink.AzureRepos.Git/build/Microsoft.SourceLink.AzureRepos.Git.targets(13,5): message : Property reassignment: $(SourceControlManagerUrlTranslationTargets)=";TranslateGitHubUrlsInSourceControlInformation;TranslateGitLabUrlsInSourceControlInformation;TranslateAzureReposGitUrlsInSourceControlInformation" (previous value: ";TranslateGitHubUrlsInSourceControlInformation;TranslateGitLabUrlsInSourceControlInformation") at /usr/lib64/dotnet/sdk/10.0.101/Sdks/Microsoft.SourceLink.AzureRepos.Git/build/Microsoft.SourceLink.AzureRepos.Git.targets (13,5)
       /usr/lib64/dotnet/sdk/10.0.101/Sdks/Microsoft.NET.Sdk/targets/Microsoft.NET.Sdk.targets(81,5): message : Property reassignment: $(GenerateRuntimeConfigDevFile)="false" (previous value: "true") at /usr/lib64/dotnet/sdk/10.0.101/Sdks/Microsoft.NET.Sdk/targets/Microsoft.NET.Sdk.targets (81,5)
       /usr/lib64/dotnet/sdk/10.0.101/Sdks/Microsoft.SourceLink.Bitbucket.Git/build/Microsoft.SourceLink.Bitbucket.Git.targets(12,5): message : Property reassignment: $(SourceLinkUrlInitializerTargets)=";_InitializeGitHubSourceLinkUrl;_InitializeGitLabSourceLinkUrl;_InitializeAzureReposGitSourceLinkUrl;_InitializeBitbucketGitSourceLinkUrl" (previous value: ";_InitializeGitHubSourceLinkUrl;_InitializeGitLabSourceLinkUrl;_InitializeAzureReposGitSourceLinkUrl") at /usr/lib64/dotnet/sdk/10.0.101/Sdks/Microsoft.SourceLink.Bitbucket.Git/build/Microsoft.SourceLink.Bitbucket.Git.targets (12,5)
       /usr/lib64/dotnet/sdk/10.0.101/Sdks/Microsoft.SourceLink.Bitbucket.Git/build/Microsoft.SourceLink.Bitbucket.Git.targets(13,5): message : Property reassignment: $(SourceControlManagerUrlTranslationTargets)=";TranslateGitHubUrlsInSourceControlInformation;TranslateGitLabUrlsInSourceControlInformation;TranslateAzureReposGitUrlsInSourceControlInformation;TranslateBitbucketGitUrlsInSourceControlInformation" (previous value: ";TranslateGitHubUrlsInSourceControlInformation;TranslateGitLabUrlsInSourceControlInformation;TranslateAzureReposGitUrlsInSourceControlInformation") at /usr/lib64/dotnet/sdk/10.0.101/Sdks/Microsoft.SourceLink.Bitbucket.Git/build/Microsoft.SourceLink.Bitbucket.Git.targets (13,5)
       /usr/lib64/dotnet/sdk/10.0.101/Sdks/Microsoft.NET.Sdk/targets/Microsoft.NET.DesignerSupport.targets(21,5): message : Property reassignment: $(DesignerRuntimeImplementationProjectOutputGroupDependsOn)="
       /usr/lib64/dotnet/sdk/10.0.101/Sdks/Microsoft.NET.Sdk/targets/Microsoft.NET.DesignerSupport.targets(21,5): message :       
       /usr/lib64/dotnet/sdk/10.0.101/Sdks/Microsoft.NET.Sdk/targets/Microsoft.NET.DesignerSupport.targets(21,5): message :       ;
       /usr/lib64/dotnet/sdk/10.0.101/Sdks/Microsoft.NET.Sdk/targets/Microsoft.NET.DesignerSupport.targets(21,5): message :       
       /usr/lib64/dotnet/sdk/10.0.101/Sdks/Microsoft.NET.Sdk/targets/Microsoft.NET.DesignerSupport.targets(21,5): message :       ;
       /usr/lib64/dotnet/sdk/10.0.101/Sdks/Microsoft.NET.Sdk/targets/Microsoft.NET.DesignerSupport.targets(21,5): message :       BuildOnlySettings;
       /usr/lib64/dotnet/sdk/10.0.101/Sdks/Microsoft.NET.Sdk/targets/Microsoft.NET.DesignerSupport.targets(21,5): message :       PrepareForBuild;
       /usr/lib64/dotnet/sdk/10.0.101/Sdks/Microsoft.NET.Sdk/targets/Microsoft.NET.DesignerSupport.targets(21,5): message :       AssignTargetPaths;
       /usr/lib64/dotnet/sdk/10.0.101/Sdks/Microsoft.NET.Sdk/targets/Microsoft.NET.DesignerSupport.targets(21,5): message :       ResolveReferences
       /usr/lib64/dotnet/sdk/10.0.101/Sdks/Microsoft.NET.Sdk/targets/Microsoft.NET.DesignerSupport.targets(21,5): message :     
       /usr/lib64/dotnet/sdk/10.0.101/Sdks/Microsoft.NET.Sdk/targets/Microsoft.NET.DesignerSupport.targets(21,5): message :     ;
       /usr/lib64/dotnet/sdk/10.0.101/Sdks/Microsoft.NET.Sdk/targets/Microsoft.NET.DesignerSupport.targets(21,5): message :       _GenerateDesignerDepsFile;
       /usr/lib64/dotnet/sdk/10.0.101/Sdks/Microsoft.NET.Sdk/targets/Microsoft.NET.DesignerSupport.targets(21,5): message :       _GenerateDesignerRuntimeConfigFile;
       /usr/lib64/dotnet/sdk/10.0.101/Sdks/Microsoft.NET.Sdk/targets/Microsoft.NET.DesignerSupport.targets(21,5): message :       GetCopyToOutputDirectoryItems;
       /usr/lib64/dotnet/sdk/10.0.101/Sdks/Microsoft.NET.Sdk/targets/Microsoft.NET.DesignerSupport.targets(21,5): message :       _GatherDesignerShadowCopyFiles;
       /usr/lib64/dotnet/sdk/10.0.101/Sdks/Microsoft.NET.Sdk/targets/Microsoft.NET.DesignerSupport.targets(21,5): message :     " (previous value: "
       /usr/lib64/dotnet/sdk/10.0.101/Sdks/Microsoft.NET.Sdk/targets/Microsoft.NET.DesignerSupport.targets(21,5): message :       ;
       /usr/lib64/dotnet/sdk/10.0.101/Sdks/Microsoft.NET.Sdk/targets/Microsoft.NET.DesignerSupport.targets(21,5): message :       
       /usr/lib64/dotnet/sdk/10.0.101/Sdks/Microsoft.NET.Sdk/targets/Microsoft.NET.DesignerSupport.targets(21,5): message :       ;
       /usr/lib64/dotnet/sdk/10.0.101/Sdks/Microsoft.NET.Sdk/targets/Microsoft.NET.DesignerSupport.targets(21,5): message :       BuildOnlySettings;
       /usr/lib64/dotnet/sdk/10.0.101/Sdks/Microsoft.NET.Sdk/targets/Microsoft.NET.DesignerSupport.targets(21,5): message :       PrepareForBuild;
       /usr/lib64/dotnet/sdk/10.0.101/Sdks/Microsoft.NET.Sdk/targets/Microsoft.NET.DesignerSupport.targets(21,5): message :       AssignTargetPaths;
       /usr/lib64/dotnet/sdk/10.0.101/Sdks/Microsoft.NET.Sdk/targets/Microsoft.NET.DesignerSupport.targets(21,5): message :       ResolveReferences
       /usr/lib64/dotnet/sdk/10.0.101/Sdks/Microsoft.NET.Sdk/targets/Microsoft.NET.DesignerSupport.targets(21,5): message :     
       /usr/lib64/dotnet/sdk/10.0.101/Sdks/Microsoft.NET.Sdk/targets/Microsoft.NET.DesignerSupport.targets(21,5): message :     ") at /usr/lib64/dotnet/sdk/10.0.101/Sdks/Microsoft.NET.Sdk/targets/Microsoft.NET.DesignerSupport.targets (21,5)
       /usr/lib64/dotnet/sdk/10.0.101/Sdks/Microsoft.NET.Sdk/targets/Microsoft.NET.Sdk.targets(97,5): message : Property 'HOME' with value '/home/baturhan' expanded from the environment.
       /usr/lib64/dotnet/sdk/10.0.101/Sdks/Microsoft.NET.Sdk/targets/Microsoft.NET.Sdk.targets(99,5): message : Property reassignment: $(_DefaultUserProfileRuntimeStorePath)="/home/baturhan/.dotnet/store" (previous value: "/home/baturhan") at /usr/lib64/dotnet/sdk/10.0.101/Sdks/Microsoft.NET.Sdk/targets/Microsoft.NET.Sdk.targets (99,5)
       /usr/lib64/dotnet/sdk/10.0.101/Sdks/Microsoft.NET.Sdk/targets/Microsoft.NET.Sdk.targets(144,5): message : Property reassignment: $(AvailablePlatforms)="Any CPU,x86,x64,ARM32" (previous value: "Any CPU,x86,x64") at /usr/lib64/dotnet/sdk/10.0.101/Sdks/Microsoft.NET.Sdk/targets/Microsoft.NET.Sdk.targets (144,5)
       /usr/lib64/dotnet/sdk/10.0.101/Sdks/Microsoft.NET.Sdk/targets/Microsoft.NET.Sdk.targets(148,5): message : Property reassignment: $(AvailablePlatforms)="Any CPU,x86,x64,ARM32,ARM64" (previous value: "Any CPU,x86,x64,ARM32") at /usr/lib64/dotnet/sdk/10.0.101/Sdks/Microsoft.NET.Sdk/targets/Microsoft.NET.Sdk.targets (148,5)
       /usr/lib64/dotnet/sdk/10.0.101/Sdks/Microsoft.NET.Sdk/targets/Microsoft.NET.Sdk.targets(204,5): message : Property reassignment: $(CoreBuildDependsOn)="
       /usr/lib64/dotnet/sdk/10.0.101/Sdks/Microsoft.NET.Sdk/targets/Microsoft.NET.Sdk.targets(204,5): message :       _CheckForBuildWithNoBuild;
       /usr/lib64/dotnet/sdk/10.0.101/Sdks/Microsoft.NET.Sdk/targets/Microsoft.NET.Sdk.targets(204,5): message :       
       /usr/lib64/dotnet/sdk/10.0.101/Sdks/Microsoft.NET.Sdk/targets/Microsoft.NET.Sdk.targets(204,5): message :       BuildOnlySettings;
       /usr/lib64/dotnet/sdk/10.0.101/Sdks/Microsoft.NET.Sdk/targets/Microsoft.NET.Sdk.targets(204,5): message :       PrepareForBuild;
       /usr/lib64/dotnet/sdk/10.0.101/Sdks/Microsoft.NET.Sdk/targets/Microsoft.NET.Sdk.targets(204,5): message :       PreBuildEvent;
       /usr/lib64/dotnet/sdk/10.0.101/Sdks/Microsoft.NET.Sdk/targets/Microsoft.NET.Sdk.targets(204,5): message :       ResolveReferences;
       /usr/lib64/dotnet/sdk/10.0.101/Sdks/Microsoft.NET.Sdk/targets/Microsoft.NET.Sdk.targets(204,5): message :       PrepareResources;
       /usr/lib64/dotnet/sdk/10.0.101/Sdks/Microsoft.NET.Sdk/targets/Microsoft.NET.Sdk.targets(204,5): message :       ResolveKeySource;
       /usr/lib64/dotnet/sdk/10.0.101/Sdks/Microsoft.NET.Sdk/targets/Microsoft.NET.Sdk.targets(204,5): message :       Compile;
       /usr/lib64/dotnet/sdk/10.0.101/Sdks/Microsoft.NET.Sdk/targets/Microsoft.NET.Sdk.targets(204,5): message :       ExportWindowsMDFile;
       /usr/lib64/dotnet/sdk/10.0.101/Sdks/Microsoft.NET.Sdk/targets/Microsoft.NET.Sdk.targets(204,5): message :       UnmanagedUnregistration;
       /usr/lib64/dotnet/sdk/10.0.101/Sdks/Microsoft.NET.Sdk/targets/Microsoft.NET.Sdk.targets(204,5): message :       GenerateSerializationAssemblies;
       /usr/lib64/dotnet/sdk/10.0.101/Sdks/Microsoft.NET.Sdk/targets/Microsoft.NET.Sdk.targets(204,5): message :       CreateSatelliteAssemblies;
       /usr/lib64/dotnet/sdk/10.0.101/Sdks/Microsoft.NET.Sdk/targets/Microsoft.NET.Sdk.targets(204,5): message :       GenerateManifests;
       /usr/lib64/dotnet/sdk/10.0.101/Sdks/Microsoft.NET.Sdk/targets/Microsoft.NET.Sdk.targets(204,5): message :       GetTargetPath;
       /usr/lib64/dotnet/sdk/10.0.101/Sdks/Microsoft.NET.Sdk/targets/Microsoft.NET.Sdk.targets(204,5): message :       PrepareForRun;
       /usr/lib64/dotnet/sdk/10.0.101/Sdks/Microsoft.NET.Sdk/targets/Microsoft.NET.Sdk.targets(204,5): message :       UnmanagedRegistration;
       /usr/lib64/dotnet/sdk/10.0.101/Sdks/Microsoft.NET.Sdk/targets/Microsoft.NET.Sdk.targets(204,5): message :       IncrementalClean;
       /usr/lib64/dotnet/sdk/10.0.101/Sdks/Microsoft.NET.Sdk/targets/Microsoft.NET.Sdk.targets(204,5): message :       PostBuildEvent
       /usr/lib64/dotnet/sdk/10.0.101/Sdks/Microsoft.NET.Sdk/targets/Microsoft.NET.Sdk.targets(204,5): message :     ;
       /usr/lib64/dotnet/sdk/10.0.101/Sdks/Microsoft.NET.Sdk/targets/Microsoft.NET.Sdk.targets(204,5): message :       GenerateBuildDependencyFile;
       /usr/lib64/dotnet/sdk/10.0.101/Sdks/Microsoft.NET.Sdk/targets/Microsoft.NET.Sdk.targets(204,5): message :       GenerateBuildRuntimeConfigurationFiles
       /usr/lib64/dotnet/sdk/10.0.101/Sdks/Microsoft.NET.Sdk/targets/Microsoft.NET.Sdk.targets(204,5): message :     " (previous value: "
       /usr/lib64/dotnet/sdk/10.0.101/Sdks/Microsoft.NET.Sdk/targets/Microsoft.NET.Sdk.targets(204,5): message :       BuildOnlySettings;
       /usr/lib64/dotnet/sdk/10.0.101/Sdks/Microsoft.NET.Sdk/targets/Microsoft.NET.Sdk.targets(204,5): message :       PrepareForBuild;
       /usr/lib64/dotnet/sdk/10.0.101/Sdks/Microsoft.NET.Sdk/targets/Microsoft.NET.Sdk.targets(204,5): message :       PreBuildEvent;
       /usr/lib64/dotnet/sdk/10.0.101/Sdks/Microsoft.NET.Sdk/targets/Microsoft.NET.Sdk.targets(204,5): message :       ResolveReferences;
       /usr/lib64/dotnet/sdk/10.0.101/Sdks/Microsoft.NET.Sdk/targets/Microsoft.NET.Sdk.targets(204,5): message :       PrepareResources;
       /usr/lib64/dotnet/sdk/10.0.101/Sdks/Microsoft.NET.Sdk/targets/Microsoft.NET.Sdk.targets(204,5): message :       ResolveKeySource;
       /usr/lib64/dotnet/sdk/10.0.101/Sdks/Microsoft.NET.Sdk/targets/Microsoft.NET.Sdk.targets(204,5): message :       Compile;
       /usr/lib64/dotnet/sdk/10.0.101/Sdks/Microsoft.NET.Sdk/targets/Microsoft.NET.Sdk.targets(204,5): message :       ExportWindowsMDFile;
       /usr/lib64/dotnet/sdk/10.0.101/Sdks/Microsoft.NET.Sdk/targets/Microsoft.NET.Sdk.targets(204,5): message :       UnmanagedUnregistration;
       /usr/lib64/dotnet/sdk/10.0.101/Sdks/Microsoft.NET.Sdk/targets/Microsoft.NET.Sdk.targets(204,5): message :       GenerateSerializationAssemblies;
       /usr/lib64/dotnet/sdk/10.0.101/Sdks/Microsoft.NET.Sdk/targets/Microsoft.NET.Sdk.targets(204,5): message :       CreateSatelliteAssemblies;
       /usr/lib64/dotnet/sdk/10.0.101/Sdks/Microsoft.NET.Sdk/targets/Microsoft.NET.Sdk.targets(204,5): message :       GenerateManifests;
       /usr/lib64/dotnet/sdk/10.0.101/Sdks/Microsoft.NET.Sdk/targets/Microsoft.NET.Sdk.targets(204,5): message :       GetTargetPath;
       /usr/lib64/dotnet/sdk/10.0.101/Sdks/Microsoft.NET.Sdk/targets/Microsoft.NET.Sdk.targets(204,5): message :       PrepareForRun;
       /usr/lib64/dotnet/sdk/10.0.101/Sdks/Microsoft.NET.Sdk/targets/Microsoft.NET.Sdk.targets(204,5): message :       UnmanagedRegistration;
       /usr/lib64/dotnet/sdk/10.0.101/Sdks/Microsoft.NET.Sdk/targets/Microsoft.NET.Sdk.targets(204,5): message :       IncrementalClean;
       /usr/lib64/dotnet/sdk/10.0.101/Sdks/Microsoft.NET.Sdk/targets/Microsoft.NET.Sdk.targets(204,5): message :       PostBuildEvent
       /usr/lib64/dotnet/sdk/10.0.101/Sdks/Microsoft.NET.Sdk/targets/Microsoft.NET.Sdk.targets(204,5): message :     ") at /usr/lib64/dotnet/sdk/10.0.101/Sdks/Microsoft.NET.Sdk/targets/Microsoft.NET.Sdk.targets (204,5)
       /usr/lib64/dotnet/sdk/10.0.101/Sdks/Microsoft.NET.Sdk/targets/Microsoft.NET.Sdk.targets(213,5): message : Property reassignment: $(CoreCleanDependsOn)="
       /usr/lib64/dotnet/sdk/10.0.101/Sdks/Microsoft.NET.Sdk/targets/Microsoft.NET.Sdk.targets(213,5): message :       _SdkBeforeClean;
       /usr/lib64/dotnet/sdk/10.0.101/Sdks/Microsoft.NET.Sdk/targets/Microsoft.NET.Sdk.targets(213,5): message :       
       /usr/lib64/dotnet/sdk/10.0.101/Sdks/Microsoft.NET.Sdk/targets/Microsoft.NET.Sdk.targets(213,5): message :     " (previous value: "") at /usr/lib64/dotnet/sdk/10.0.101/Sdks/Microsoft.NET.Sdk/targets/Microsoft.NET.Sdk.targets (213,5)
       /usr/lib64/dotnet/sdk/10.0.101/Sdks/Microsoft.NET.Sdk/targets/Microsoft.NET.Sdk.CSharp.targets(31,5): message : Property reassignment: $(DefineConstants)="TRACE;DEBUG" (previous value: "TRACE") at /usr/lib64/dotnet/sdk/10.0.101/Sdks/Microsoft.NET.Sdk/targets/Microsoft.NET.Sdk.CSharp.targets (31,5)
       /usr/lib64/dotnet/sdk/10.0.101/Sdks/Microsoft.NET.Sdk/targets/Microsoft.NET.Sdk.CSharp.targets(45,5): message : Property reassignment: $(WarningsAsErrors)=";NU1605;SYSLIB0011" (previous value: ";NU1605") at /usr/lib64/dotnet/sdk/10.0.101/Sdks/Microsoft.NET.Sdk/targets/Microsoft.NET.Sdk.CSharp.targets (45,5)
       /usr/lib64/dotnet/sdk/10.0.101/Sdks/Microsoft.NET.Sdk/targets/Microsoft.NET.Sdk.targets(220,5): message : Property reassignment: $(RebuildDependsOn)="
       /usr/lib64/dotnet/sdk/10.0.101/Sdks/Microsoft.NET.Sdk/targets/Microsoft.NET.Sdk.targets(220,5): message :       _SdkBeforeRebuild;
       /usr/lib64/dotnet/sdk/10.0.101/Sdks/Microsoft.NET.Sdk/targets/Microsoft.NET.Sdk.targets(220,5): message :       
       /usr/lib64/dotnet/sdk/10.0.101/Sdks/Microsoft.NET.Sdk/targets/Microsoft.NET.Sdk.targets(220,5): message :       BeforeRebuild;
       /usr/lib64/dotnet/sdk/10.0.101/Sdks/Microsoft.NET.Sdk/targets/Microsoft.NET.Sdk.targets(220,5): message :       Clean;
       /usr/lib64/dotnet/sdk/10.0.101/Sdks/Microsoft.NET.Sdk/targets/Microsoft.NET.Sdk.targets(220,5): message :       Build;
       /usr/lib64/dotnet/sdk/10.0.101/Sdks/Microsoft.NET.Sdk/targets/Microsoft.NET.Sdk.targets(220,5): message :       AfterRebuild;
       /usr/lib64/dotnet/sdk/10.0.101/Sdks/Microsoft.NET.Sdk/targets/Microsoft.NET.Sdk.targets(220,5): message :     
       /usr/lib64/dotnet/sdk/10.0.101/Sdks/Microsoft.NET.Sdk/targets/Microsoft.NET.Sdk.targets(220,5): message :     " (previous value: "
       /usr/lib64/dotnet/sdk/10.0.101/Sdks/Microsoft.NET.Sdk/targets/Microsoft.NET.Sdk.targets(220,5): message :       BeforeRebuild;
       /usr/lib64/dotnet/sdk/10.0.101/Sdks/Microsoft.NET.Sdk/targets/Microsoft.NET.Sdk.targets(220,5): message :       Clean;
       /usr/lib64/dotnet/sdk/10.0.101/Sdks/Microsoft.NET.Sdk/targets/Microsoft.NET.Sdk.targets(220,5): message :       Build;
       /usr/lib64/dotnet/sdk/10.0.101/Sdks/Microsoft.NET.Sdk/targets/Microsoft.NET.Sdk.targets(220,5): message :       AfterRebuild;
       /usr/lib64/dotnet/sdk/10.0.101/Sdks/Microsoft.NET.Sdk/targets/Microsoft.NET.Sdk.targets(220,5): message :     ") at /usr/lib64/dotnet/sdk/10.0.101/Sdks/Microsoft.NET.Sdk/targets/Microsoft.NET.Sdk.targets (220,5)
       /usr/lib64/dotnet/sdk/10.0.101/Sdks/Microsoft.NET.Sdk/targets/Microsoft.NET.Sdk.targets(799,5): message : Property reassignment: $(CompileDependsOn)="
       /usr/lib64/dotnet/sdk/10.0.101/Sdks/Microsoft.NET.Sdk/targets/Microsoft.NET.Sdk.targets(799,5): message :       
       /usr/lib64/dotnet/sdk/10.0.101/Sdks/Microsoft.NET.Sdk/targets/Microsoft.NET.Sdk.targets(799,5): message :       ResolveReferences;
       /usr/lib64/dotnet/sdk/10.0.101/Sdks/Microsoft.NET.Sdk/targets/Microsoft.NET.Sdk.targets(799,5): message :       ResolveKeySource;
       /usr/lib64/dotnet/sdk/10.0.101/Sdks/Microsoft.NET.Sdk/targets/Microsoft.NET.Sdk.targets(799,5): message :       SetWin32ManifestProperties;
       /usr/lib64/dotnet/sdk/10.0.101/Sdks/Microsoft.NET.Sdk/targets/Microsoft.NET.Sdk.targets(799,5): message :       _SetPreferNativeArm64Win32ManifestProperties;
       /usr/lib64/dotnet/sdk/10.0.101/Sdks/Microsoft.NET.Sdk/targets/Microsoft.NET.Sdk.targets(799,5): message :       FindReferenceAssembliesForReferences;
       /usr/lib64/dotnet/sdk/10.0.101/Sdks/Microsoft.NET.Sdk/targets/Microsoft.NET.Sdk.targets(799,5): message :       _GenerateCompileInputs;
       /usr/lib64/dotnet/sdk/10.0.101/Sdks/Microsoft.NET.Sdk/targets/Microsoft.NET.Sdk.targets(799,5): message :       BeforeCompile;
       /usr/lib64/dotnet/sdk/10.0.101/Sdks/Microsoft.NET.Sdk/targets/Microsoft.NET.Sdk.targets(799,5): message :       _TimeStampBeforeCompile;
       /usr/lib64/dotnet/sdk/10.0.101/Sdks/Microsoft.NET.Sdk/targets/Microsoft.NET.Sdk.targets(799,5): message :       _GenerateCompileDependencyCache;
       /usr/lib64/dotnet/sdk/10.0.101/Sdks/Microsoft.NET.Sdk/targets/Microsoft.NET.Sdk.targets(799,5): message :       CoreCompile;
       /usr/lib64/dotnet/sdk/10.0.101/Sdks/Microsoft.NET.Sdk/targets/Microsoft.NET.Sdk.targets(799,5): message :       _TimeStampAfterCompile;
       /usr/lib64/dotnet/sdk/10.0.101/Sdks/Microsoft.NET.Sdk/targets/Microsoft.NET.Sdk.targets(799,5): message :       AfterCompile;
       /usr/lib64/dotnet/sdk/10.0.101/Sdks/Microsoft.NET.Sdk/targets/Microsoft.NET.Sdk.targets(799,5): message :     ;
       /usr/lib64/dotnet/sdk/10.0.101/Sdks/Microsoft.NET.Sdk/targets/Microsoft.NET.Sdk.targets(799,5): message :       _CreateAppHost;
       /usr/lib64/dotnet/sdk/10.0.101/Sdks/Microsoft.NET.Sdk/targets/Microsoft.NET.Sdk.targets(799,5): message :       _CreateComHost;
       /usr/lib64/dotnet/sdk/10.0.101/Sdks/Microsoft.NET.Sdk/targets/Microsoft.NET.Sdk.targets(799,5): message :       _GetIjwHostPaths;
       /usr/lib64/dotnet/sdk/10.0.101/Sdks/Microsoft.NET.Sdk/targets/Microsoft.NET.Sdk.targets(799,5): message :     " (previous value: "
       /usr/lib64/dotnet/sdk/10.0.101/Sdks/Microsoft.NET.Sdk/targets/Microsoft.NET.Sdk.targets(799,5): message :       ResolveReferences;
       /usr/lib64/dotnet/sdk/10.0.101/Sdks/Microsoft.NET.Sdk/targets/Microsoft.NET.Sdk.targets(799,5): message :       ResolveKeySource;
       /usr/lib64/dotnet/sdk/10.0.101/Sdks/Microsoft.NET.Sdk/targets/Microsoft.NET.Sdk.targets(799,5): message :       SetWin32ManifestProperties;
       /usr/lib64/dotnet/sdk/10.0.101/Sdks/Microsoft.NET.Sdk/targets/Microsoft.NET.Sdk.targets(799,5): message :       _SetPreferNativeArm64Win32ManifestProperties;
       /usr/lib64/dotnet/sdk/10.0.101/Sdks/Microsoft.NET.Sdk/targets/Microsoft.NET.Sdk.targets(799,5): message :       FindReferenceAssembliesForReferences;
       /usr/lib64/dotnet/sdk/10.0.101/Sdks/Microsoft.NET.Sdk/targets/Microsoft.NET.Sdk.targets(799,5): message :       _GenerateCompileInputs;
       /usr/lib64/dotnet/sdk/10.0.101/Sdks/Microsoft.NET.Sdk/targets/Microsoft.NET.Sdk.targets(799,5): message :       BeforeCompile;
       /usr/lib64/dotnet/sdk/10.0.101/Sdks/Microsoft.NET.Sdk/targets/Microsoft.NET.Sdk.targets(799,5): message :       _TimeStampBeforeCompile;
       /usr/lib64/dotnet/sdk/10.0.101/Sdks/Microsoft.NET.Sdk/targets/Microsoft.NET.Sdk.targets(799,5): message :       _GenerateCompileDependencyCache;
       /usr/lib64/dotnet/sdk/10.0.101/Sdks/Microsoft.NET.Sdk/targets/Microsoft.NET.Sdk.targets(799,5): message :       CoreCompile;
       /usr/lib64/dotnet/sdk/10.0.101/Sdks/Microsoft.NET.Sdk/targets/Microsoft.NET.Sdk.targets(799,5): message :       _TimeStampAfterCompile;
       /usr/lib64/dotnet/sdk/10.0.101/Sdks/Microsoft.NET.Sdk/targets/Microsoft.NET.Sdk.targets(799,5): message :       AfterCompile;
       /usr/lib64/dotnet/sdk/10.0.101/Sdks/Microsoft.NET.Sdk/targets/Microsoft.NET.Sdk.targets(799,5): message :     ") at /usr/lib64/dotnet/sdk/10.0.101/Sdks/Microsoft.NET.Sdk/targets/Microsoft.NET.Sdk.targets (799,5)
       /usr/lib64/dotnet/sdk/10.0.101/Sdks/Microsoft.NET.Sdk/targets/Microsoft.NET.Sdk.targets(1131,5): message : Property reassignment: $(CreateSatelliteAssembliesDependsOn)="
       /usr/lib64/dotnet/sdk/10.0.101/Sdks/Microsoft.NET.Sdk/targets/Microsoft.NET.Sdk.targets(1131,5): message :       
       /usr/lib64/dotnet/sdk/10.0.101/Sdks/Microsoft.NET.Sdk/targets/Microsoft.NET.Sdk.targets(1131,5): message :       ;
       /usr/lib64/dotnet/sdk/10.0.101/Sdks/Microsoft.NET.Sdk/targets/Microsoft.NET.Sdk.targets(1131,5): message :       _GenerateSatelliteAssemblyInputs;
       /usr/lib64/dotnet/sdk/10.0.101/Sdks/Microsoft.NET.Sdk/targets/Microsoft.NET.Sdk.targets(1131,5): message :       ComputeIntermediateSatelliteAssemblies;
       /usr/lib64/dotnet/sdk/10.0.101/Sdks/Microsoft.NET.Sdk/targets/Microsoft.NET.Sdk.targets(1131,5): message :       GenerateSatelliteAssemblies
       /usr/lib64/dotnet/sdk/10.0.101/Sdks/Microsoft.NET.Sdk/targets/Microsoft.NET.Sdk.targets(1131,5): message :     ;
       /usr/lib64/dotnet/sdk/10.0.101/Sdks/Microsoft.NET.Sdk/targets/Microsoft.NET.Sdk.targets(1131,5): message :       CoreGenerateSatelliteAssemblies
       /usr/lib64/dotnet/sdk/10.0.101/Sdks/Microsoft.NET.Sdk/targets/Microsoft.NET.Sdk.targets(1131,5): message :     " (previous value: "
       /usr/lib64/dotnet/sdk/10.0.101/Sdks/Microsoft.NET.Sdk/targets/Microsoft.NET.Sdk.targets(1131,5): message :       ;
       /usr/lib64/dotnet/sdk/10.0.101/Sdks/Microsoft.NET.Sdk/targets/Microsoft.NET.Sdk.targets(1131,5): message :       _GenerateSatelliteAssemblyInputs;
       /usr/lib64/dotnet/sdk/10.0.101/Sdks/Microsoft.NET.Sdk/targets/Microsoft.NET.Sdk.targets(1131,5): message :       ComputeIntermediateSatelliteAssemblies;
       /usr/lib64/dotnet/sdk/10.0.101/Sdks/Microsoft.NET.Sdk/targets/Microsoft.NET.Sdk.targets(1131,5): message :       GenerateSatelliteAssemblies
       /usr/lib64/dotnet/sdk/10.0.101/Sdks/Microsoft.NET.Sdk/targets/Microsoft.NET.Sdk.targets(1131,5): message :     ") at /usr/lib64/dotnet/sdk/10.0.101/Sdks/Microsoft.NET.Sdk/targets/Microsoft.NET.Sdk.targets (1131,5)
       /usr/lib64/dotnet/sdk/10.0.101/NuGet.Build.Tasks.Pack.targets(34,5): message : Property reassignment: $(PackageDescription)="Package Description" (previous value: "") at /usr/lib64/dotnet/sdk/10.0.101/NuGet.Build.Tasks.Pack.targets (34,5)
       /usr/lib64/dotnet/sdk/10.0.101/NuGet.Build.Tasks.Pack.targets(59,5): message : Property reassignment: $(GenerateNuspecDependsOn)="Build;_LoadPackInputItems; _GetTargetFrameworksOutput; _WalkEachTargetPerFramework; _GetPackageFiles; " (previous value: "_LoadPackInputItems; _GetTargetFrameworksOutput; _WalkEachTargetPerFramework; _GetPackageFiles; ") at /usr/lib64/dotnet/sdk/10.0.101/NuGet.Build.Tasks.Pack.targets (59,5)
       /usr/lib64/dotnet/sdk/10.0.101/Sdks/Microsoft.SourceLink.GitLab/build/Microsoft.SourceLink.GitLab.targets(12,5): message : Property reassignment: $(SourceLinkUrlInitializerTargets)=";_InitializeGitHubSourceLinkUrl;_InitializeGitLabSourceLinkUrl" (previous value: ";_InitializeGitHubSourceLinkUrl") at /usr/lib64/dotnet/sdk/10.0.101/Sdks/Microsoft.SourceLink.GitLab/build/Microsoft.SourceLink.GitLab.targets (12,5)
       /usr/lib64/dotnet/sdk/10.0.101/Sdks/Microsoft.NET.Sdk/Sdk/Sdk.targets(59,5): message : Property reassignment: $(_IsNotSetContainersTargetsDir)="true" (previous value: "false") at /usr/lib64/dotnet/sdk/10.0.101/Sdks/Microsoft.NET.Sdk/Sdk/Sdk.targets (59,5)
       /usr/lib64/dotnet/sdk/10.0.101/Containers/build/Microsoft.NET.Build.Containers.targets(5,5): message : Property reassignment: $(_IsSDKContainerAllowedVersion)="true" (previous value: "false") at /usr/lib64/dotnet/sdk/10.0.101/Containers/build/Microsoft.NET.Build.Containers.targets (5,5)
       /usr/lib64/dotnet/sdk/10.0.101/Sdks/Microsoft.SourceLink.GitLab/build/Microsoft.SourceLink.GitLab.targets(13,5): message : Property reassignment: $(SourceControlManagerUrlTranslationTargets)=";TranslateGitHubUrlsInSourceControlInformation;TranslateGitLabUrlsInSourceControlInformation" (previous value: ";TranslateGitHubUrlsInSourceControlInformation") at /usr/lib64/dotnet/sdk/10.0.101/Sdks/Microsoft.SourceLink.GitLab/build/Microsoft.SourceLink.GitLab.targets (13,5)
       /usr/lib64/dotnet/sdk/10.0.101/Containers/build/Microsoft.NET.Build.Containers.targets(15,5): message : Property reassignment: $(_ContainerIsTargetingNet8TFM)="true" (previous value: "false") at /usr/lib64/dotnet/sdk/10.0.101/Containers/build/Microsoft.NET.Build.Containers.targets (15,5)
       /usr/lib64/dotnet/sdk/10.0.101/Sdks/Microsoft.SourceLink.AzureRepos.Git/build/Microsoft.SourceLink.AzureRepos.Git.targets(12,5): message : Property reassignment: $(SourceLinkUrlInitializerTargets)=";_InitializeGitHubSourceLinkUrl;_InitializeGitLabSourceLinkUrl;_InitializeAzureReposGitSourceLinkUrl" (previous value: ";_InitializeGitHubSourceLinkUrl;_InitializeGitLabSourceLinkUrl") at /usr/lib64/dotnet/sdk/10.0.101/Sdks/Microsoft.SourceLink.AzureRepos.Git/build/Microsoft.SourceLink.AzureRepos.Git.targets (12,5)
       /usr/lib64/dotnet/sdk/10.0.101/Sdks/Microsoft.SourceLink.AzureRepos.Git/build/Microsoft.SourceLink.AzureRepos.Git.targets(13,5): message : Property reassignment: $(SourceControlManagerUrlTranslationTargets)=";TranslateGitHubUrlsInSourceControlInformation;TranslateGitLabUrlsInSourceControlInformation;TranslateAzureReposGitUrlsInSourceControlInformation" (previous value: ";TranslateGitHubUrlsInSourceControlInformation;TranslateGitLabUrlsInSourceControlInformation") at /usr/lib64/dotnet/sdk/10.0.101/Sdks/Microsoft.SourceLink.AzureRepos.Git/build/Microsoft.SourceLink.AzureRepos.Git.targets (13,5)
       /usr/lib64/dotnet/sdk/10.0.101/Sdks/Microsoft.SourceLink.Bitbucket.Git/build/Microsoft.SourceLink.Bitbucket.Git.targets(12,5): message : Property reassignment: $(SourceLinkUrlInitializerTargets)=";_InitializeGitHubSourceLinkUrl;_InitializeGitLabSourceLinkUrl;_InitializeAzureReposGitSourceLinkUrl;_InitializeBitbucketGitSourceLinkUrl" (previous value: ";_InitializeGitHubSourceLinkUrl;_InitializeGitLabSourceLinkUrl;_InitializeAzureReposGitSourceLinkUrl") at /usr/lib64/dotnet/sdk/10.0.101/Sdks/Microsoft.SourceLink.Bitbucket.Git/build/Microsoft.SourceLink.Bitbucket.Git.targets (12,5)
       /usr/lib64/dotnet/sdk/10.0.101/Sdks/Microsoft.SourceLink.Bitbucket.Git/build/Microsoft.SourceLink.Bitbucket.Git.targets(13,5): message : Property reassignment: $(SourceControlManagerUrlTranslationTargets)=";TranslateGitHubUrlsInSourceControlInformation;TranslateGitLabUrlsInSourceControlInformation;TranslateAzureReposGitUrlsInSourceControlInformation;TranslateBitbucketGitUrlsInSourceControlInformation" (previous value: ";TranslateGitHubUrlsInSourceControlInformation;TranslateGitLabUrlsInSourceControlInformation;TranslateAzureReposGitUrlsInSourceControlInformation") at /usr/lib64/dotnet/sdk/10.0.101/Sdks/Microsoft.SourceLink.Bitbucket.Git/build/Microsoft.SourceLink.Bitbucket.Git.targets (13,5)
       /usr/lib64/dotnet/sdk/10.0.101/Sdks/Microsoft.NET.Sdk/targets/Microsoft.NET.DesignerSupport.targets(21,5): message : Property reassignment: $(DesignerRuntimeImplementationProjectOutputGroupDependsOn)="
       /usr/lib64/dotnet/sdk/10.0.101/Sdks/Microsoft.NET.Sdk/targets/Microsoft.NET.DesignerSupport.targets(21,5): message :       
       /usr/lib64/dotnet/sdk/10.0.101/Sdks/Microsoft.NET.Sdk/targets/Microsoft.NET.DesignerSupport.targets(21,5): message :       ;
       /usr/lib64/dotnet/sdk/10.0.101/Sdks/Microsoft.NET.Sdk/targets/Microsoft.NET.DesignerSupport.targets(21,5): message :       
       /usr/lib64/dotnet/sdk/10.0.101/Sdks/Microsoft.NET.Sdk/targets/Microsoft.NET.DesignerSupport.targets(21,5): message :       ;
       /usr/lib64/dotnet/sdk/10.0.101/Sdks/Microsoft.NET.Sdk/targets/Microsoft.NET.DesignerSupport.targets(21,5): message :       BuildOnlySettings;
       /usr/lib64/dotnet/sdk/10.0.101/Sdks/Microsoft.NET.Sdk/targets/Microsoft.NET.DesignerSupport.targets(21,5): message :       PrepareForBuild;
       /usr/lib64/dotnet/sdk/10.0.101/Sdks/Microsoft.NET.Sdk/targets/Microsoft.NET.DesignerSupport.targets(21,5): message :       AssignTargetPaths;
       /usr/lib64/dotnet/sdk/10.0.101/Sdks/Microsoft.NET.Sdk/targets/Microsoft.NET.DesignerSupport.targets(21,5): message :       ResolveReferences
       /usr/lib64/dotnet/sdk/10.0.101/Sdks/Microsoft.NET.Sdk/targets/Microsoft.NET.DesignerSupport.targets(21,5): message :     
       /usr/lib64/dotnet/sdk/10.0.101/Sdks/Microsoft.NET.Sdk/targets/Microsoft.NET.DesignerSupport.targets(21,5): message :     ;
       /usr/lib64/dotnet/sdk/10.0.101/Sdks/Microsoft.NET.Sdk/targets/Microsoft.NET.DesignerSupport.targets(21,5): message :       _GenerateDesignerDepsFile;
       /usr/lib64/dotnet/sdk/10.0.101/Sdks/Microsoft.NET.Sdk/targets/Microsoft.NET.DesignerSupport.targets(21,5): message :       _GenerateDesignerRuntimeConfigFile;
       /usr/lib64/dotnet/sdk/10.0.101/Sdks/Microsoft.NET.Sdk/targets/Microsoft.NET.DesignerSupport.targets(21,5): message :       GetCopyToOutputDirectoryItems;
       /usr/lib64/dotnet/sdk/10.0.101/Sdks/Microsoft.NET.Sdk/targets/Microsoft.NET.DesignerSupport.targets(21,5): message :       _GatherDesignerShadowCopyFiles;
       /usr/lib64/dotnet/sdk/10.0.101/Sdks/Microsoft.NET.Sdk/targets/Microsoft.NET.DesignerSupport.targets(21,5): message :     " (previous value: "
       /usr/lib64/dotnet/sdk/10.0.101/Sdks/Microsoft.NET.Sdk/targets/Microsoft.NET.DesignerSupport.targets(21,5): message :       ;
       /usr/lib64/dotnet/sdk/10.0.101/Sdks/Microsoft.NET.Sdk/targets/Microsoft.NET.DesignerSupport.targets(21,5): message :       
       /usr/lib64/dotnet/sdk/10.0.101/Sdks/Microsoft.NET.Sdk/targets/Microsoft.NET.DesignerSupport.targets(21,5): message :       ;
       /usr/lib64/dotnet/sdk/10.0.101/Sdks/Microsoft.NET.Sdk/targets/Microsoft.NET.DesignerSupport.targets(21,5): message :       BuildOnlySettings;
       /usr/lib64/dotnet/sdk/10.0.101/Sdks/Microsoft.NET.Sdk/targets/Microsoft.NET.DesignerSupport.targets(21,5): message :       PrepareForBuild;
       /usr/lib64/dotnet/sdk/10.0.101/Sdks/Microsoft.NET.Sdk/targets/Microsoft.NET.DesignerSupport.targets(21,5): message :       AssignTargetPaths;
       /usr/lib64/dotnet/sdk/10.0.101/Sdks/Microsoft.NET.Sdk/targets/Microsoft.NET.DesignerSupport.targets(21,5): message :       ResolveReferences
       /usr/lib64/dotnet/sdk/10.0.101/Sdks/Microsoft.NET.Sdk/targets/Microsoft.NET.DesignerSupport.targets(21,5): message :     
       /usr/lib64/dotnet/sdk/10.0.101/Sdks/Microsoft.NET.Sdk/targets/Microsoft.NET.DesignerSupport.targets(21,5): message :     ") at /usr/lib64/dotnet/sdk/10.0.101/Sdks/Microsoft.NET.Sdk/targets/Microsoft.NET.DesignerSupport.targets (21,5)
       /usr/lib64/dotnet/sdk/10.0.101/Sdks/Microsoft.NET.Sdk/targets/Microsoft.NET.Sdk.CSharp.targets(31,5): message : Property reassignment: $(DefineConstants)="TRACE;DEBUG" (previous value: "TRACE") at /usr/lib64/dotnet/sdk/10.0.101/Sdks/Microsoft.NET.Sdk/targets/Microsoft.NET.Sdk.CSharp.targets (31,5)
       /usr/lib64/dotnet/sdk/10.0.101/Sdks/Microsoft.NET.Sdk/targets/Microsoft.NET.Sdk.CSharp.targets(45,5): message : Property reassignment: $(WarningsAsErrors)=";NU1605;SYSLIB0011" (previous value: ";NU1605") at /usr/lib64/dotnet/sdk/10.0.101/Sdks/Microsoft.NET.Sdk/targets/Microsoft.NET.Sdk.CSharp.targets (45,5)
       /usr/lib64/dotnet/sdk/10.0.101/NuGet.Build.Tasks.Pack.targets(34,5): message : Property reassignment: $(PackageDescription)="Package Description" (previous value: "") at /usr/lib64/dotnet/sdk/10.0.101/NuGet.Build.Tasks.Pack.targets (34,5)
       /usr/lib64/dotnet/sdk/10.0.101/NuGet.Build.Tasks.Pack.targets(59,5): message : Property reassignment: $(GenerateNuspecDependsOn)="Build;_LoadPackInputItems; _GetTargetFrameworksOutput; _WalkEachTargetPerFramework; _GetPackageFiles; " (previous value: "_LoadPackInputItems; _GetTargetFrameworksOutput; _WalkEachTargetPerFramework; _GetPackageFiles; ") at /usr/lib64/dotnet/sdk/10.0.101/NuGet.Build.Tasks.Pack.targets (59,5)
       /usr/lib64/dotnet/sdk/10.0.101/Sdks/Microsoft.NET.Sdk/Sdk/Sdk.targets(59,5): message : Property reassignment: $(_IsNotSetContainersTargetsDir)="true" (previous value: "false") at /usr/lib64/dotnet/sdk/10.0.101/Sdks/Microsoft.NET.Sdk/Sdk/Sdk.targets (59,5)
       /usr/lib64/dotnet/sdk/10.0.101/Sdks/Microsoft.NET.Sdk/targets/Microsoft.NET.Sdk.CSharp.targets(31,5): message : Property reassignment: $(DefineConstants)="TRACE;DEBUG" (previous value: "TRACE") at /usr/lib64/dotnet/sdk/10.0.101/Sdks/Microsoft.NET.Sdk/targets/Microsoft.NET.Sdk.CSharp.targets (31,5)
       /usr/lib64/dotnet/sdk/10.0.101/Sdks/Microsoft.NET.Sdk/targets/Microsoft.NET.Sdk.CSharp.targets(45,5): message : Property reassignment: $(WarningsAsErrors)=";NU1605;SYSLIB0011" (previous value: ";NU1605") at /usr/lib64/dotnet/sdk/10.0.101/Sdks/Microsoft.NET.Sdk/targets/Microsoft.NET.Sdk.CSharp.targets (45,5)
       /usr/lib64/dotnet/sdk/10.0.101/Containers/build/Microsoft.NET.Build.Containers.targets(5,5): message : Property reassignment: $(_IsSDKContainerAllowedVersion)="true" (previous value: "false") at /usr/lib64/dotnet/sdk/10.0.101/Containers/build/Microsoft.NET.Build.Containers.targets (5,5)
       /usr/lib64/dotnet/sdk/10.0.101/Containers/build/Microsoft.NET.Build.Containers.targets(15,5): message : Property reassignment: $(_ContainerIsTargetingNet8TFM)="true" (previous value: "false") at /usr/lib64/dotnet/sdk/10.0.101/Containers/build/Microsoft.NET.Build.Containers.targets (15,5)
       /usr/lib64/dotnet/sdk/10.0.101/NuGet.Build.Tasks.Pack.targets(34,5): message : Property reassignment: $(PackageDescription)="Package Description" (previous value: "") at /usr/lib64/dotnet/sdk/10.0.101/NuGet.Build.Tasks.Pack.targets (34,5)
       Overriding target "ResolveFrameworkReferences" in project "/usr/lib64/dotnet/sdk/10.0.101/Microsoft.Common.CurrentVersion.targets" with target "ResolveFrameworkReferences" from project "/usr/lib64/dotnet/sdk/10.0.101/Sdks/Microsoft.NET.Sdk/targets/Microsoft.NET.Sdk.FrameworkReferenceResolution.targets".
       Overriding target "GenerateSupportedTargetFrameworkAlias" in project "/usr/lib64/dotnet/sdk/10.0.101/Microsoft.Common.CurrentVersion.targets" with target "GenerateSupportedTargetFrameworkAlias" from project "/usr/lib64/dotnet/sdk/10.0.101/Sdks/Microsoft.NET.Sdk/targets/Microsoft.NET.Sdk.targets".
       Overriding target "GetReferenceAssemblyPaths" in project "/usr/lib64/dotnet/sdk/10.0.101/Microsoft.Common.CurrentVersion.targets" with target "GetReferenceAssemblyPaths" from project "/usr/lib64/dotnet/sdk/10.0.101/Sdks/Microsoft.NET.Sdk/targets/Microsoft.NET.DisableStandardFrameworkResolution.targets".
       /usr/lib64/dotnet/sdk/10.0.101/NuGet.Build.Tasks.Pack.targets(59,5): message : Property reassignment: $(GenerateNuspecDependsOn)="Build;_LoadPackInputItems; _GetTargetFrameworksOutput; _WalkEachTargetPerFramework; _GetPackageFiles; " (previous value: "_LoadPackInputItems; _GetTargetFrameworksOutput; _WalkEachTargetPerFramework; _GetPackageFiles; ") at /usr/lib64/dotnet/sdk/10.0.101/NuGet.Build.Tasks.Pack.targets (59,5)
       Overriding target "GetFrameworkPaths" in project "/usr/lib64/dotnet/sdk/10.0.101/Microsoft.Common.CurrentVersion.targets" with target "GetFrameworkPaths" from project "/usr/lib64/dotnet/sdk/10.0.101/Sdks/Microsoft.NET.Sdk/targets/Microsoft.NET.DisableStandardFrameworkResolution.targets".
       Overriding target "DesignerRuntimeImplementationProjectOutputGroup" in project "/usr/lib64/dotnet/sdk/10.0.101/Microsoft.Common.CurrentVersion.targets" with target "DesignerRuntimeImplementationProjectOutputGroup" from project "/usr/lib64/dotnet/sdk/10.0.101/Sdks/Microsoft.NET.Sdk/targets/Microsoft.NET.DesignerSupport.targets".
       Overriding target "Publish" in project "/usr/lib64/dotnet/sdk/10.0.101/Microsoft.Common.CurrentVersion.targets" with target "Publish" from project "/usr/lib64/dotnet/sdk/10.0.101/Sdks/Microsoft.NET.Sdk/targets/Microsoft.NET.Publish.targets".
       Overriding target "ResolveReadyToRunCompilers" in project "/usr/lib64/dotnet/sdk/10.0.101/Sdks/Microsoft.NET.Sdk/targets/Microsoft.NET.CrossGen.targets" with target "ResolveReadyToRunCompilers" from project "/usr/lib64/dotnet/sdk/10.0.101/Sdks/Microsoft.NET.Sdk/targets/Microsoft.NET.Publish.targets".
       Overriding target "GetCopyToPublishDirectoryItems" in project "/usr/lib64/dotnet/sdk/10.0.101/Microsoft.Common.CurrentVersion.targets" with target "GetCopyToPublishDirectoryItems" from project "/usr/lib64/dotnet/sdk/10.0.101/Sdks/Microsoft.NET.Sdk/targets/Microsoft.NET.Publish.targets".
       /usr/lib64/dotnet/sdk/10.0.101/Sdks/Microsoft.NET.Sdk/Sdk/Sdk.targets(59,5): message : Property reassignment: $(_IsNotSetContainersTargetsDir)="true" (previous value: "false") at /usr/lib64/dotnet/sdk/10.0.101/Sdks/Microsoft.NET.Sdk/Sdk/Sdk.targets (59,5)
       Overriding target "Run" in project "/usr/lib64/dotnet/sdk/10.0.101/Microsoft.Common.CurrentVersion.targets" with target "Run" from project "/usr/lib64/dotnet/sdk/10.0.101/Sdks/Microsoft.NET.Sdk/targets/Microsoft.NET.Sdk.targets".
       The target "ResolveNuGetPackageAssets" listed in an AfterTargets attribute at "/home/baturhan/.nuget/packages/system.text.json/8.0.0/buildTransitive/net6.0/System.Text.Json.targets (11,11)" does not exist in the project, and will be ignored.
       The target "ResolveNuGetPackageAssets" listed in an AfterTargets attribute at "/home/baturhan/.nuget/packages/system.text.json/8.0.0/buildTransitive/net6.0/System.Text.Json.targets (23,11)" does not exist in the project, and will be ignored.
       The target "ResolveNuGetPackageAssets" listed in an AfterTargets attribute at "/home/baturhan/.nuget/packages/microsoft.extensions.logging.abstractions/8.0.2/buildTransitive/net6.0/Microsoft.Extensions.Logging.Abstractions.targets (11,11)" does not exist in the project, and will be ignored.
       The target "ResolveNuGetPackageAssets" listed in an AfterTargets attribute at "/home/baturhan/.nuget/packages/microsoft.extensions.logging.abstractions/8.0.2/buildTransitive/net6.0/Microsoft.Extensions.Logging.Abstractions.targets (23,11)" does not exist in the project, and will be ignored.
       The target "ResolveNuGetPackageAssets" listed in an AfterTargets attribute at "/home/baturhan/.nuget/packages/microsoft.extensions.configuration.binder/8.0.2/buildTransitive/netstandard2.0/Microsoft.Extensions.Configuration.Binder.targets (9,13)" does not exist in the project, and will be ignored.
       The target "ResolveNuGetPackageAssets" listed in an AfterTargets attribute at "/home/baturhan/.nuget/packages/microsoft.extensions.options/8.0.2/buildTransitive/net6.0/Microsoft.Extensions.Options.targets (11,11)" does not exist in the project, and will be ignored.
       The target "ResolveNuGetPackageAssets" listed in an AfterTargets attribute at "/home/baturhan/.nuget/packages/microsoft.extensions.options/8.0.2/buildTransitive/net6.0/Microsoft.Extensions.Options.targets (23,11)" does not exist in the project, and will be ignored.
       /usr/lib64/dotnet/sdk/10.0.101/Containers/build/Microsoft.NET.Build.Containers.targets(5,5): message : Property reassignment: $(_IsSDKContainerAllowedVersion)="true" (previous value: "false") at /usr/lib64/dotnet/sdk/10.0.101/Containers/build/Microsoft.NET.Build.Containers.targets (5,5)
       /usr/lib64/dotnet/sdk/10.0.101/Containers/build/Microsoft.NET.Build.Containers.targets(15,5): message : Property reassignment: $(_ContainerIsTargetingNet8TFM)="true" (previous value: "false") at /usr/lib64/dotnet/sdk/10.0.101/Containers/build/Microsoft.NET.Build.Containers.targets (15,5)
   1:7>Project "/home/baturhan/Projeler/Entegrasyon/Application/Entegrasyon.Blazor/Entegrasyon.Blazor.csproj" (1:7) is building "/home/baturhan/Projeler/Entegrasyon/Application/Entegrasyon.MessageQueue.Commands/Entegrasyon.MessageQueue.Commands.csproj" (5:6) on node 7 (GetTargetFrameworks target(s)).
   5:6>Target "NETStandardCompatError_Microsoft_Extensions_Configuration_Binder" in file "/home/baturhan/.nuget/packages/microsoft.extensions.configuration.binder/8.0.2/buildTransitive/netstandard2.0/Microsoft.Extensions.Configuration.Binder.targets" from project "/home/baturhan/Projeler/Entegrasyon/Application/Entegrasyon.MessageQueue.Commands/Entegrasyon.MessageQueue.Commands.csproj" (entry point):
   5:6>Done building target "NETStandardCompatError_Microsoft_Extensions_Configuration_Binder" in project "Entegrasyon.MessageQueue.Commands.csproj".
   5:6>Target "_CalculateIsVSTestTestProject" in file "/usr/lib64/dotnet/sdk/10.0.101/Sdks/Microsoft.NET.Sdk/targets/Microsoft.NET.Sdk.targets" from project "/home/baturhan/Projeler/Entegrasyon/Application/Entegrasyon.MessageQueue.Commands/Entegrasyon.MessageQueue.Commands.csproj" (target "GetTargetFrameworksWithPlatformForSingleTargetFramework" depends on it):
   5:6>Done building target "_CalculateIsVSTestTestProject" in project "Entegrasyon.MessageQueue.Commands.csproj".
   5:6>Target "GetTargetFrameworksWithPlatformForSingleTargetFramework" in file "/usr/lib64/dotnet/sdk/10.0.101/Microsoft.Common.CurrentVersion.targets" from project "/home/baturhan/Projeler/Entegrasyon/Application/Entegrasyon.MessageQueue.Commands/Entegrasyon.MessageQueue.Commands.csproj" (target "GetTargetFrameworks" depends on it):
       Using "CombineTargetFrameworkInfoProperties" task from assembly "Microsoft.Build.Tasks.Core, Version=15.1.0.0, Culture=neutral, PublicKeyToken=b03f5f7f11d50a3a".
       Task "CombineTargetFrameworkInfoProperties"
       Done executing task "CombineTargetFrameworkInfoProperties".
   5:6>Done building target "GetTargetFrameworksWithPlatformForSingleTargetFramework" in project "Entegrasyon.MessageQueue.Commands.csproj".
   5:6>Target "GetTargetFrameworks" in file "/usr/lib64/dotnet/sdk/10.0.101/Microsoft.Common.CurrentVersion.targets" from project "/home/baturhan/Projeler/Entegrasyon/Application/Entegrasyon.MessageQueue.Commands/Entegrasyon.MessageQueue.Commands.csproj" (entry point):
       Using "CombineXmlElements" task from assembly "Microsoft.Build.Tasks.Core, Version=15.1.0.0, Culture=neutral, PublicKeyToken=b03f5f7f11d50a3a".
       Task "CombineXmlElements"
       Done executing task "CombineXmlElements".
   5:6>Done building target "GetTargetFrameworks" in project "Entegrasyon.MessageQueue.Commands.csproj".
   5:6>Done Building Project "/home/baturhan/Projeler/Entegrasyon/Application/Entegrasyon.MessageQueue.Commands/Entegrasyon.MessageQueue.Commands.csproj" (GetTargetFrameworks target(s)).
     0>Overriding target "ResolveFrameworkReferences" in project "/usr/lib64/dotnet/sdk/10.0.101/Microsoft.Common.CurrentVersion.targets" with target "ResolveFrameworkReferences" from project "/usr/lib64/dotnet/sdk/10.0.101/Sdks/Microsoft.NET.Sdk/targets/Microsoft.NET.Sdk.FrameworkReferenceResolution.targets".
       Overriding target "GenerateSupportedTargetFrameworkAlias" in project "/usr/lib64/dotnet/sdk/10.0.101/Microsoft.Common.CurrentVersion.targets" with target "GenerateSupportedTargetFrameworkAlias" from project "/usr/lib64/dotnet/sdk/10.0.101/Sdks/Microsoft.NET.Sdk/targets/Microsoft.NET.Sdk.targets".
       Overriding target "GetReferenceAssemblyPaths" in project "/usr/lib64/dotnet/sdk/10.0.101/Microsoft.Common.CurrentVersion.targets" with target "GetReferenceAssemblyPaths" from project "/usr/lib64/dotnet/sdk/10.0.101/Sdks/Microsoft.NET.Sdk/targets/Microsoft.NET.DisableStandardFrameworkResolution.targets".
       Overriding target "GetFrameworkPaths" in project "/usr/lib64/dotnet/sdk/10.0.101/Microsoft.Common.CurrentVersion.targets" with target "GetFrameworkPaths" from project "/usr/lib64/dotnet/sdk/10.0.101/Sdks/Microsoft.NET.Sdk/targets/Microsoft.NET.DisableStandardFrameworkResolution.targets".
       Overriding target "DesignerRuntimeImplementationProjectOutputGroup" in project "/usr/lib64/dotnet/sdk/10.0.101/Microsoft.Common.CurrentVersion.targets" with target "DesignerRuntimeImplementationProjectOutputGroup" from project "/usr/lib64/dotnet/sdk/10.0.101/Sdks/Microsoft.NET.Sdk/targets/Microsoft.NET.DesignerSupport.targets".
       Overriding target "Publish" in project "/usr/lib64/dotnet/sdk/10.0.101/Microsoft.Common.CurrentVersion.targets" with target "Publish" from project "/usr/lib64/dotnet/sdk/10.0.101/Sdks/Microsoft.NET.Sdk/targets/Microsoft.NET.Publish.targets".
       Overriding target "ResolveReadyToRunCompilers" in project "/usr/lib64/dotnet/sdk/10.0.101/Sdks/Microsoft.NET.Sdk/targets/Microsoft.NET.CrossGen.targets" with target "ResolveReadyToRunCompilers" from project "/usr/lib64/dotnet/sdk/10.0.101/Sdks/Microsoft.NET.Sdk/targets/Microsoft.NET.Publish.targets".
       Overriding target "GetCopyToPublishDirectoryItems" in project "/usr/lib64/dotnet/sdk/10.0.101/Microsoft.Common.CurrentVersion.targets" with target "GetCopyToPublishDirectoryItems" from project "/usr/lib64/dotnet/sdk/10.0.101/Sdks/Microsoft.NET.Sdk/targets/Microsoft.NET.Publish.targets".
       Overriding target "Run" in project "/usr/lib64/dotnet/sdk/10.0.101/Microsoft.Common.CurrentVersion.targets" with target "Run" from project "/usr/lib64/dotnet/sdk/10.0.101/Sdks/Microsoft.NET.Sdk/targets/Microsoft.NET.Sdk.targets".
       The target "ResolveNuGetPackageAssets" listed in an AfterTargets attribute at "/home/baturhan/.nuget/packages/system.text.json/8.0.0/buildTransitive/net6.0/System.Text.Json.targets (11,11)" does not exist in the project, and will be ignored.
       The target "ResolveNuGetPackageAssets" listed in an AfterTargets attribute at "/home/baturhan/.nuget/packages/system.text.json/8.0.0/buildTransitive/net6.0/System.Text.Json.targets (23,11)" does not exist in the project, and will be ignored.
       The target "ResolveNuGetPackageAssets" listed in an AfterTargets attribute at "/home/baturhan/.nuget/packages/microsoft.extensions.logging.abstractions/8.0.2/buildTransitive/net6.0/Microsoft.Extensions.Logging.Abstractions.targets (11,11)" does not exist in the project, and will be ignored.
       The target "ResolveNuGetPackageAssets" listed in an AfterTargets attribute at "/home/baturhan/.nuget/packages/microsoft.extensions.logging.abstractions/8.0.2/buildTransitive/net6.0/Microsoft.Extensions.Logging.Abstractions.targets (23,11)" does not exist in the project, and will be ignored.
       The target "ResolveNuGetPackageAssets" listed in an AfterTargets attribute at "/home/baturhan/.nuget/packages/microsoft.extensions.configuration.binder/8.0.2/buildTransitive/netstandard2.0/Microsoft.Extensions.Configuration.Binder.targets (9,13)" does not exist in the project, and will be ignored.
       The target "ResolveNuGetPackageAssets" listed in an AfterTargets attribute at "/home/baturhan/.nuget/packages/microsoft.extensions.options/8.0.2/buildTransitive/net6.0/Microsoft.Extensions.Options.targets (11,11)" does not exist in the project, and will be ignored.
       The target "ResolveNuGetPackageAssets" listed in an AfterTargets attribute at "/home/baturhan/.nuget/packages/microsoft.extensions.options/8.0.2/buildTransitive/net6.0/Microsoft.Extensions.Options.targets (23,11)" does not exist in the project, and will be ignored.
   1:7>Project "/home/baturhan/Projeler/Entegrasyon/Application/Entegrasyon.Blazor/Entegrasyon.Blazor.csproj" (1:7) is building "/home/baturhan/Projeler/Entegrasyon/Shared/Shared/Shared.csproj" (6:7) on node 6 (GetTargetFrameworks target(s)).
   6:7>Target "NETStandardCompatError_Microsoft_Extensions_Configuration_Binder" in file "/home/baturhan/.nuget/packages/microsoft.extensions.configuration.binder/8.0.2/buildTransitive/netstandard2.0/Microsoft.Extensions.Configuration.Binder.targets" from project "/home/baturhan/Projeler/Entegrasyon/Shared/Shared/Shared.csproj" (entry point):
   6:7>Done building target "NETStandardCompatError_Microsoft_Extensions_Configuration_Binder" in project "Shared.csproj".
   6:7>Target "_CalculateIsVSTestTestProject" in file "/usr/lib64/dotnet/sdk/10.0.101/Sdks/Microsoft.NET.Sdk/targets/Microsoft.NET.Sdk.targets" from project "/home/baturhan/Projeler/Entegrasyon/Shared/Shared/Shared.csproj" (target "GetTargetFrameworksWithPlatformForSingleTargetFramework" depends on it):
   6:7>Done building target "_CalculateIsVSTestTestProject" in project "Shared.csproj".
   6:7>Target "GetTargetFrameworksWithPlatformForSingleTargetFramework" in file "/usr/lib64/dotnet/sdk/10.0.101/Microsoft.Common.CurrentVersion.targets" from project "/home/baturhan/Projeler/Entegrasyon/Shared/Shared/Shared.csproj" (target "GetTargetFrameworks" depends on it):
       Using "CombineTargetFrameworkInfoProperties" task from assembly "Microsoft.Build.Tasks.Core, Version=15.1.0.0, Culture=neutral, PublicKeyToken=b03f5f7f11d50a3a".
       Task "CombineTargetFrameworkInfoProperties"
       Done executing task "CombineTargetFrameworkInfoProperties".
   6:7>Done building target "GetTargetFrameworksWithPlatformForSingleTargetFramework" in project "Shared.csproj".
   6:7>Target "GetTargetFrameworks" in file "/usr/lib64/dotnet/sdk/10.0.101/Microsoft.Common.CurrentVersion.targets" from project "/home/baturhan/Projeler/Entegrasyon/Shared/Shared/Shared.csproj" (entry point):
       Using "CombineXmlElements" task from assembly "Microsoft.Build.Tasks.Core, Version=15.1.0.0, Culture=neutral, PublicKeyToken=b03f5f7f11d50a3a".
       Task "CombineXmlElements"
       Done executing task "CombineXmlElements".
   6:7>Done building target "GetTargetFrameworks" in project "Shared.csproj".
   6:7>Done Building Project "/home/baturhan/Projeler/Entegrasyon/Shared/Shared/Shared.csproj" (GetTargetFrameworks target(s)).
     0>Overriding target "ResolveFrameworkReferences" in project "/usr/lib64/dotnet/sdk/10.0.101/Microsoft.Common.CurrentVersion.targets" with target "ResolveFrameworkReferences" from project "/usr/lib64/dotnet/sdk/10.0.101/Sdks/Microsoft.NET.Sdk/targets/Microsoft.NET.Sdk.FrameworkReferenceResolution.targets".
       Overriding target "GenerateSupportedTargetFrameworkAlias" in project "/usr/lib64/dotnet/sdk/10.0.101/Microsoft.Common.CurrentVersion.targets" with target "GenerateSupportedTargetFrameworkAlias" from project "/usr/lib64/dotnet/sdk/10.0.101/Sdks/Microsoft.NET.Sdk/targets/Microsoft.NET.Sdk.targets".
       Overriding target "GetReferenceAssemblyPaths" in project "/usr/lib64/dotnet/sdk/10.0.101/Microsoft.Common.CurrentVersion.targets" with target "GetReferenceAssemblyPaths" from project "/usr/lib64/dotnet/sdk/10.0.101/Sdks/Microsoft.NET.Sdk/targets/Microsoft.NET.DisableStandardFrameworkResolution.targets".
       Overriding target "GetFrameworkPaths" in project "/usr/lib64/dotnet/sdk/10.0.101/Microsoft.Common.CurrentVersion.targets" with target "GetFrameworkPaths" from project "/usr/lib64/dotnet/sdk/10.0.101/Sdks/Microsoft.NET.Sdk/targets/Microsoft.NET.DisableStandardFrameworkResolution.targets".
       Overriding target "DesignerRuntimeImplementationProjectOutputGroup" in project "/usr/lib64/dotnet/sdk/10.0.101/Microsoft.Common.CurrentVersion.targets" with target "DesignerRuntimeImplementationProjectOutputGroup" from project "/usr/lib64/dotnet/sdk/10.0.101/Sdks/Microsoft.NET.Sdk/targets/Microsoft.NET.DesignerSupport.targets".
       Overriding target "Publish" in project "/usr/lib64/dotnet/sdk/10.0.101/Microsoft.Common.CurrentVersion.targets" with target "Publish" from project "/usr/lib64/dotnet/sdk/10.0.101/Sdks/Microsoft.NET.Sdk/targets/Microsoft.NET.Publish.targets".
       Overriding target "ResolveReadyToRunCompilers" in project "/usr/lib64/dotnet/sdk/10.0.101/Sdks/Microsoft.NET.Sdk/targets/Microsoft.NET.CrossGen.targets" with target "ResolveReadyToRunCompilers" from project "/usr/lib64/dotnet/sdk/10.0.101/Sdks/Microsoft.NET.Sdk/targets/Microsoft.NET.Publish.targets".
       Overriding target "GetCopyToPublishDirectoryItems" in project "/usr/lib64/dotnet/sdk/10.0.101/Microsoft.Common.CurrentVersion.targets" with target "GetCopyToPublishDirectoryItems" from project "/usr/lib64/dotnet/sdk/10.0.101/Sdks/Microsoft.NET.Sdk/targets/Microsoft.NET.Publish.targets".
       Overriding target "Run" in project "/usr/lib64/dotnet/sdk/10.0.101/Microsoft.Common.CurrentVersion.targets" with target "Run" from project "/usr/lib64/dotnet/sdk/10.0.101/Sdks/Microsoft.NET.Sdk/targets/Microsoft.NET.Sdk.targets".
       The target "ResolveNuGetPackageAssets" listed in an AfterTargets attribute at "/home/baturhan/.nuget/packages/system.text.json/8.0.0/buildTransitive/net6.0/System.Text.Json.targets (11,11)" does not exist in the project, and will be ignored.
       The target "ResolveNuGetPackageAssets" listed in an AfterTargets attribute at "/home/baturhan/.nuget/packages/system.text.json/8.0.0/buildTransitive/net6.0/System.Text.Json.targets (23,11)" does not exist in the project, and will be ignored.
       The target "ResolveNuGetPackageAssets" listed in an AfterTargets attribute at "/home/baturhan/.nuget/packages/microsoft.extensions.logging.abstractions/8.0.2/buildTransitive/net6.0/Microsoft.Extensions.Logging.Abstractions.targets (11,11)" does not exist in the project, and will be ignored.
       The target "ResolveNuGetPackageAssets" listed in an AfterTargets attribute at "/home/baturhan/.nuget/packages/microsoft.extensions.logging.abstractions/8.0.2/buildTransitive/net6.0/Microsoft.Extensions.Logging.Abstractions.targets (23,11)" does not exist in the project, and will be ignored.
       The target "ResolveNuGetPackageAssets" listed in an AfterTargets attribute at "/home/baturhan/.nuget/packages/microsoft.extensions.configuration.binder/8.0.2/buildTransitive/netstandard2.0/Microsoft.Extensions.Configuration.Binder.targets (9,13)" does not exist in the project, and will be ignored.
       The target "ResolveNuGetPackageAssets" listed in an AfterTargets attribute at "/home/baturhan/.nuget/packages/microsoft.extensions.options/8.0.2/buildTransitive/net6.0/Microsoft.Extensions.Options.targets (11,11)" does not exist in the project, and will be ignored.
       The target "ResolveNuGetPackageAssets" listed in an AfterTargets attribute at "/home/baturhan/.nuget/packages/microsoft.extensions.options/8.0.2/buildTransitive/net6.0/Microsoft.Extensions.Options.targets (23,11)" does not exist in the project, and will be ignored.
   1:7>Project "/home/baturhan/Projeler/Entegrasyon/Application/Entegrasyon.Blazor/Entegrasyon.Blazor.csproj" (1:7) is building "/home/baturhan/Projeler/Entegrasyon/Application/Entegrasyon.Entity/Entegrasyon.Entity.csproj" (8:6) on node 1 (GetTargetFrameworks target(s)).
   8:6>Target "NETStandardCompatError_Microsoft_Extensions_Configuration_Binder" in file "/home/baturhan/.nuget/packages/microsoft.extensions.configuration.binder/8.0.2/buildTransitive/netstandard2.0/Microsoft.Extensions.Configuration.Binder.targets" from project "/home/baturhan/Projeler/Entegrasyon/Application/Entegrasyon.Entity/Entegrasyon.Entity.csproj" (entry point):
   8:6>Done building target "NETStandardCompatError_Microsoft_Extensions_Configuration_Binder" in project "Entegrasyon.Entity.csproj".
   8:6>Target "_CalculateIsVSTestTestProject" in file "/usr/lib64/dotnet/sdk/10.0.101/Sdks/Microsoft.NET.Sdk/targets/Microsoft.NET.Sdk.targets" from project "/home/baturhan/Projeler/Entegrasyon/Application/Entegrasyon.Entity/Entegrasyon.Entity.csproj" (target "GetTargetFrameworksWithPlatformForSingleTargetFramework" depends on it):
   8:6>Done building target "_CalculateIsVSTestTestProject" in project "Entegrasyon.Entity.csproj".
   8:6>Target "GetTargetFrameworksWithPlatformForSingleTargetFramework" in file "/usr/lib64/dotnet/sdk/10.0.101/Microsoft.Common.CurrentVersion.targets" from project "/home/baturhan/Projeler/Entegrasyon/Application/Entegrasyon.Entity/Entegrasyon.Entity.csproj" (target "GetTargetFrameworks" depends on it):
       Using "CombineTargetFrameworkInfoProperties" task from assembly "Microsoft.Build.Tasks.Core, Version=15.1.0.0, Culture=neutral, PublicKeyToken=b03f5f7f11d50a3a".
       Task "CombineTargetFrameworkInfoProperties"
       Done executing task "CombineTargetFrameworkInfoProperties".
   8:6>Done building target "GetTargetFrameworksWithPlatformForSingleTargetFramework" in project "Entegrasyon.Entity.csproj".
   8:6>Target "GetTargetFrameworks" in file "/usr/lib64/dotnet/sdk/10.0.101/Microsoft.Common.CurrentVersion.targets" from project "/home/baturhan/Projeler/Entegrasyon/Application/Entegrasyon.Entity/Entegrasyon.Entity.csproj" (entry point):
       Using "CombineXmlElements" task from assembly "Microsoft.Build.Tasks.Core, Version=15.1.0.0, Culture=neutral, PublicKeyToken=b03f5f7f11d50a3a".
       Task "CombineXmlElements"
       Done executing task "CombineXmlElements".
   8:6>Done building target "GetTargetFrameworks" in project "Entegrasyon.Entity.csproj".
   8:6>Done Building Project "/home/baturhan/Projeler/Entegrasyon/Application/Entegrasyon.Entity/Entegrasyon.Entity.csproj" (GetTargetFrameworks target(s)).
   1:7>Done executing task "MSBuild".
       Using "GetReferenceNearestTargetFrameworkTask" task from assembly "/usr/lib64/dotnet/sdk/10.0.101/NuGet.Build.Tasks.dll".
       Task "GetReferenceNearestTargetFrameworkTask"
       Done executing task "GetReferenceNearestTargetFrameworkTask".
       Using "SetRidAgnosticValueForProjects" task from assembly "Microsoft.Build.Tasks.Core, Version=15.1.0.0, Culture=neutral, PublicKeyToken=b03f5f7f11d50a3a".
       Task "SetRidAgnosticValueForProjects"
       Done executing task "SetRidAgnosticValueForProjects".
   1:7>Done building target "_GetProjectReferenceTargetFrameworkProperties" in project "Entegrasyon.Blazor.csproj".
   1:7>Target "_CalculateIsVSTestTestProject" in file "/usr/lib64/dotnet/sdk/10.0.101/Sdks/Microsoft.NET.Sdk/targets/Microsoft.NET.Sdk.targets" from project "/home/baturhan/Projeler/Entegrasyon/Application/Entegrasyon.Blazor/Entegrasyon.Blazor.csproj" (target "ValidateExecutableReferences" depends on it):
   1:7>Done building target "_CalculateIsVSTestTestProject" in project "Entegrasyon.Blazor.csproj".
   1:7>Target "ValidateExecutableReferences" in file "/usr/lib64/dotnet/sdk/10.0.101/Sdks/Microsoft.NET.Sdk/targets/Microsoft.NET.Sdk.targets" from project "/home/baturhan/Projeler/Entegrasyon/Application/Entegrasyon.Blazor/Entegrasyon.Blazor.csproj" (target "PrepareProjectReferences" depends on it):
       Using "ValidateExecutableReferences" task from assembly "/usr/lib64/dotnet/sdk/10.0.101/Sdks/Microsoft.NET.Sdk/targets/../tools/net10.0/Microsoft.NET.Build.Tasks.dll".
       Task "ValidateExecutableReferences"
       Done executing task "ValidateExecutableReferences".
   1:7>Done building target "ValidateExecutableReferences" in project "Entegrasyon.Blazor.csproj".
   1:7>Target "PrepareProjectReferences" in file "/usr/lib64/dotnet/sdk/10.0.101/Microsoft.Common.CurrentVersion.targets" from project "/home/baturhan/Projeler/Entegrasyon/Application/Entegrasyon.Blazor/Entegrasyon.Blazor.csproj" (target "ResolveProjectReferences" depends on it):
   1:7>Done building target "PrepareProjectReferences" in project "Entegrasyon.Blazor.csproj".
   1:7>Target "ResolveProjectReferences" in file "/usr/lib64/dotnet/sdk/10.0.101/Microsoft.Common.CurrentVersion.targets" from project "/home/baturhan/Projeler/Entegrasyon/Application/Entegrasyon.Blazor/Entegrasyon.Blazor.csproj" (target "ResolveReferences" depends on it):
       Task "MSBuild"
         Removing Properties:
           WebPublishProfileFile
         Removing Properties for project "../Entegrasyon.Business/Entegrasyon.Business.csproj":
           TargetFramework
           RuntimeIdentifier
           SelfContained
         Removing Properties for project "../Entegrasyon.ApplicationBootstrap/Entegrasyon.ApplicationBootstrap.csproj":
           TargetFramework
           RuntimeIdentifier
           SelfContained
         Removing Properties for project "../Entegrasyon.MessageQueue/Entegrasyon.MessageQueue.Handler.csproj":
           TargetFramework
           RuntimeIdentifier
           SelfContained
         Removing Properties for project "../Entegrasyon.DataAccess/Entegrasyon.DataAccess.csproj":
           TargetFramework
           RuntimeIdentifier
           SelfContained
         Removing Properties for project "../Entegrasyon.Entity/Entegrasyon.Entity.csproj":
           TargetFramework
           RuntimeIdentifier
           SelfContained
         Removing Properties for project "../Entegrasyon.MessageQueue.Commands/Entegrasyon.MessageQueue.Commands.csproj":
           TargetFramework
           RuntimeIdentifier
           SelfContained
         Removing Properties for project "../../Shared/Shared/Shared.csproj":
           TargetFramework
           RuntimeIdentifier
           SelfContained
   1:7>Project "/home/baturhan/Projeler/Entegrasyon/Application/Entegrasyon.Blazor/Entegrasyon.Blazor.csproj" (1:7) is building "/home/baturhan/Projeler/Entegrasyon/Application/Entegrasyon.DataAccess/Entegrasyon.DataAccess.csproj" (7:7) on node 2 (default targets).
   7:7>Target "NETStandardCompatError_Microsoft_Extensions_Configuration_Binder" skipped. Previously built successfully.
   1:7>Project "/home/baturhan/Projeler/Entegrasyon/Application/Entegrasyon.Blazor/Entegrasyon.Blazor.csproj" (1:7) is building "/home/baturhan/Projeler/Entegrasyon/Application/Entegrasyon.Business/Entegrasyon.Business.csproj" (2:8) on node 5 (default targets).
   2:8>Target "NETStandardCompatError_Microsoft_Extensions_Configuration_Binder" skipped. Previously built successfully.
   1:7>Project "/home/baturhan/Projeler/Entegrasyon/Application/Entegrasyon.Blazor/Entegrasyon.Blazor.csproj" (1:7) is building "/home/baturhan/Projeler/Entegrasyon/Application/Entegrasyon.MessageQueue/Entegrasyon.MessageQueue.Handler.csproj" (3:6) on node 3 (default targets).
   3:6>Target "NETStandardCompatError_Microsoft_Extensions_Configuration_Binder" skipped. Previously built successfully.
   7:7>Target "_CollectTargetFrameworkForTelemetry" in file "/usr/lib64/dotnet/sdk/10.0.101/Sdks/Microsoft.NET.Sdk/targets/Microsoft.NET.TargetFrameworkInference.targets" from project "/home/baturhan/Projeler/Entegrasyon/Application/Entegrasyon.DataAccess/Entegrasyon.DataAccess.csproj" (target "_CheckForInvalidConfigurationAndPlatform" depends on it):
   7:7>Using "AllowEmptyTelemetry" task from assembly "/usr/lib64/dotnet/sdk/10.0.101/Sdks/Microsoft.NET.Sdk/targets/../tools/net10.0/Microsoft.NET.Build.Tasks.dll".
       Task "AllowEmptyTelemetry"
   1:7>Project "/home/baturhan/Projeler/Entegrasyon/Application/Entegrasyon.Blazor/Entegrasyon.Blazor.csproj" (1:7) is building "/home/baturhan/Projeler/Entegrasyon/Shared/Shared/Shared.csproj" (6:8) on node 6 (default targets).
   6:8>Target "NETStandardCompatError_Microsoft_Extensions_Configuration_Binder" skipped. Previously built successfully.
   1:7>Project "/home/baturhan/Projeler/Entegrasyon/Application/Entegrasyon.Blazor/Entegrasyon.Blazor.csproj" (1:7) is building "/home/baturhan/Projeler/Entegrasyon/Application/Entegrasyon.ApplicationBootstrap/Entegrasyon.ApplicationBootstrap.csproj" (4:6) on node 4 (default targets).
   4:6>Target "NETStandardCompatError_Microsoft_Extensions_Configuration_Binder" skipped. Previously built successfully.
   1:7>Project "/home/baturhan/Projeler/Entegrasyon/Application/Entegrasyon.Blazor/Entegrasyon.Blazor.csproj" (1:7) is building "/home/baturhan/Projeler/Entegrasyon/Application/Entegrasyon.MessageQueue.Commands/Entegrasyon.MessageQueue.Commands.csproj" (5:7) on node 7 (default targets).
   5:7>Target "NETStandardCompatError_Microsoft_Extensions_Configuration_Binder" skipped. Previously built successfully.
   7:7>Done executing task "AllowEmptyTelemetry".
   7:7>Done building target "_CollectTargetFrameworkForTelemetry" in project "Entegrasyon.DataAccess.csproj".
   7:7>Target "_CheckForUnsupportedNETCoreVersion" in file "/usr/lib64/dotnet/sdk/10.0.101/Sdks/Microsoft.NET.Sdk/targets/Microsoft.NET.TargetFrameworkInference.targets" from project "/home/baturhan/Projeler/Entegrasyon/Application/Entegrasyon.DataAccess/Entegrasyon.DataAccess.csproj" (target "_CheckForInvalidConfigurationAndPlatform" depends on it):
   7:7>Done building target "_CheckForUnsupportedNETCoreVersion" in project "Entegrasyon.DataAccess.csproj".
   7:7>Target "_CheckForUnsupportedCppNETCoreVersion" in file "/usr/lib64/dotnet/sdk/10.0.101/Sdks/Microsoft.NET.Sdk/targets/Microsoft.NET.TargetFrameworkInference.targets" from project "/home/baturhan/Projeler/Entegrasyon/Application/Entegrasyon.DataAccess/Entegrasyon.DataAccess.csproj" (target "_CheckForInvalidConfigurationAndPlatform" depends on it):
   7:7>Done building target "_CheckForUnsupportedCppNETCoreVersion" in project "Entegrasyon.DataAccess.csproj".
   1:7>Project "/home/baturhan/Projeler/Entegrasyon/Application/Entegrasyon.Blazor/Entegrasyon.Blazor.csproj" (1:7) is building "/home/baturhan/Projeler/Entegrasyon/Application/Entegrasyon.Entity/Entegrasyon.Entity.csproj" (8:7) on node 1 (default targets).
   8:7>Target "NETStandardCompatError_Microsoft_Extensions_Configuration_Binder" skipped. Previously built successfully.
   7:7>Target "_CheckForUnsupportedArtifactsPath" in file "/usr/lib64/dotnet/sdk/10.0.101/Sdks/Microsoft.NET.Sdk/targets/Microsoft.NET.DefaultOutputPaths.targets" from project "/home/baturhan/Projeler/Entegrasyon/Application/Entegrasyon.DataAccess/Entegrasyon.DataAccess.csproj" (target "_CheckForInvalidConfigurationAndPlatform" depends on it):
   7:7>Done building target "_CheckForUnsupportedArtifactsPath" in project "Entegrasyon.DataAccess.csproj".
   2:8>Target "_CollectTargetFrameworkForTelemetry" in file "/usr/lib64/dotnet/sdk/10.0.101/Sdks/Microsoft.NET.Sdk/targets/Microsoft.NET.TargetFrameworkInference.targets" from project "/home/baturhan/Projeler/Entegrasyon/Application/Entegrasyon.Business/Entegrasyon.Business.csproj" (target "_CheckForInvalidConfigurationAndPlatform" depends on it):
   2:8>Using "AllowEmptyTelemetry" task from assembly "/usr/lib64/dotnet/sdk/10.0.101/Sdks/Microsoft.NET.Sdk/targets/../tools/net10.0/Microsoft.NET.Build.Tasks.dll".
   6:8>Target "_CollectTargetFrameworkForTelemetry" in file "/usr/lib64/dotnet/sdk/10.0.101/Sdks/Microsoft.NET.Sdk/targets/Microsoft.NET.TargetFrameworkInference.targets" from project "/home/baturhan/Projeler/Entegrasyon/Shared/Shared/Shared.csproj" (target "_CheckForInvalidConfigurationAndPlatform" depends on it):
   6:8>Using "AllowEmptyTelemetry" task from assembly "/usr/lib64/dotnet/sdk/10.0.101/Sdks/Microsoft.NET.Sdk/targets/../tools/net10.0/Microsoft.NET.Build.Tasks.dll".
   2:8>Task "AllowEmptyTelemetry"
   3:6>Target "_CollectTargetFrameworkForTelemetry" in file "/usr/lib64/dotnet/sdk/10.0.101/Sdks/Microsoft.NET.Sdk/targets/Microsoft.NET.TargetFrameworkInference.targets" from project "/home/baturhan/Projeler/Entegrasyon/Application/Entegrasyon.MessageQueue/Entegrasyon.MessageQueue.Handler.csproj" (target "_CheckForInvalidConfigurationAndPlatform" depends on it):
   3:6>Using "AllowEmptyTelemetry" task from assembly "/usr/lib64/dotnet/sdk/10.0.101/Sdks/Microsoft.NET.Sdk/targets/../tools/net10.0/Microsoft.NET.Build.Tasks.dll".
   6:8>Task "AllowEmptyTelemetry"
   4:6>Target "_CollectTargetFrameworkForTelemetry" in file "/usr/lib64/dotnet/sdk/10.0.101/Sdks/Microsoft.NET.Sdk/targets/Microsoft.NET.TargetFrameworkInference.targets" from project "/home/baturhan/Projeler/Entegrasyon/Application/Entegrasyon.ApplicationBootstrap/Entegrasyon.ApplicationBootstrap.csproj" (target "_CheckForInvalidConfigurationAndPlatform" depends on it):
   4:6>Using "AllowEmptyTelemetry" task from assembly "/usr/lib64/dotnet/sdk/10.0.101/Sdks/Microsoft.NET.Sdk/targets/../tools/net10.0/Microsoft.NET.Build.Tasks.dll".
   3:6>Task "AllowEmptyTelemetry"
   5:7>Target "_CollectTargetFrameworkForTelemetry" in file "/usr/lib64/dotnet/sdk/10.0.101/Sdks/Microsoft.NET.Sdk/targets/Microsoft.NET.TargetFrameworkInference.targets" from project "/home/baturhan/Projeler/Entegrasyon/Application/Entegrasyon.MessageQueue.Commands/Entegrasyon.MessageQueue.Commands.csproj" (target "_CheckForInvalidConfigurationAndPlatform" depends on it):
   5:7>Using "AllowEmptyTelemetry" task from assembly "/usr/lib64/dotnet/sdk/10.0.101/Sdks/Microsoft.NET.Sdk/targets/../tools/net10.0/Microsoft.NET.Build.Tasks.dll".
   4:6>Task "AllowEmptyTelemetry"
   5:7>Task "AllowEmptyTelemetry"
   7:7>Target "_CheckForUnsupportedHostingUsage" in file "/usr/lib64/dotnet/sdk/10.0.101/Sdks/Microsoft.NET.Sdk/targets/Microsoft.NET.RuntimeIdentifierInference.targets" from project "/home/baturhan/Projeler/Entegrasyon/Application/Entegrasyon.DataAccess/Entegrasyon.DataAccess.csproj" (target "_CheckForInvalidConfigurationAndPlatform" depends on it):
   7:7>Done building target "_CheckForUnsupportedHostingUsage" in project "Entegrasyon.DataAccess.csproj".
   7:7>Target "_CheckAndUnsetUnsupportedPrefer32Bit" in file "/usr/lib64/dotnet/sdk/10.0.101/Sdks/Microsoft.NET.Sdk/targets/Microsoft.NET.RuntimeIdentifierInference.targets" from project "/home/baturhan/Projeler/Entegrasyon/Application/Entegrasyon.DataAccess/Entegrasyon.DataAccess.csproj" (target "_CheckForInvalidConfigurationAndPlatform" depends on it):
   7:7>Done building target "_CheckAndUnsetUnsupportedPrefer32Bit" in project "Entegrasyon.DataAccess.csproj".
   7:7>Target "_CheckForLanguageAndFeatureCombinationSupport" in file "/usr/lib64/dotnet/sdk/10.0.101/Sdks/Microsoft.NET.Sdk/targets/Microsoft.NET.RuntimeIdentifierInference.targets" from project "/home/baturhan/Projeler/Entegrasyon/Application/Entegrasyon.DataAccess/Entegrasyon.DataAccess.csproj" (target "_CheckForInvalidConfigurationAndPlatform" depends on it):
   7:7>Done building target "_CheckForLanguageAndFeatureCombinationSupport" in project "Entegrasyon.DataAccess.csproj".
   2:8>Done executing task "AllowEmptyTelemetry".
   2:8>Done building target "_CollectTargetFrameworkForTelemetry" in project "Entegrasyon.Business.csproj".
   6:8>Done executing task "AllowEmptyTelemetry".
   6:8>Done building target "_CollectTargetFrameworkForTelemetry" in project "Shared.csproj".
   2:8>Target "_CheckForUnsupportedNETCoreVersion" in file "/usr/lib64/dotnet/sdk/10.0.101/Sdks/Microsoft.NET.Sdk/targets/Microsoft.NET.TargetFrameworkInference.targets" from project "/home/baturhan/Projeler/Entegrasyon/Application/Entegrasyon.Business/Entegrasyon.Business.csproj" (target "_CheckForInvalidConfigurationAndPlatform" depends on it):
   2:8>Done building target "_CheckForUnsupportedNETCoreVersion" in project "Entegrasyon.Business.csproj".
   3:6>Done executing task "AllowEmptyTelemetry".
   3:6>Done building target "_CollectTargetFrameworkForTelemetry" in project "Entegrasyon.MessageQueue.Handler.csproj".
   6:8>Target "_CheckForUnsupportedNETCoreVersion" in file "/usr/lib64/dotnet/sdk/10.0.101/Sdks/Microsoft.NET.Sdk/targets/Microsoft.NET.TargetFrameworkInference.targets" from project "/home/baturhan/Projeler/Entegrasyon/Shared/Shared/Shared.csproj" (target "_CheckForInvalidConfigurationAndPlatform" depends on it):
   6:8>Done building target "_CheckForUnsupportedNETCoreVersion" in project "Shared.csproj".
   8:7>Target "_CollectTargetFrameworkForTelemetry" in file "/usr/lib64/dotnet/sdk/10.0.101/Sdks/Microsoft.NET.Sdk/targets/Microsoft.NET.TargetFrameworkInference.targets" from project "/home/baturhan/Projeler/Entegrasyon/Application/Entegrasyon.Entity/Entegrasyon.Entity.csproj" (target "_CheckForInvalidConfigurationAndPlatform" depends on it):
   8:7>Using "AllowEmptyTelemetry" task from assembly "/usr/lib64/dotnet/sdk/10.0.101/Sdks/Microsoft.NET.Sdk/targets/../tools/net10.0/Microsoft.NET.Build.Tasks.dll".
       Task "AllowEmptyTelemetry"
   5:7>Done executing task "AllowEmptyTelemetry".
   3:6>Target "_CheckForUnsupportedNETCoreVersion" in file "/usr/lib64/dotnet/sdk/10.0.101/Sdks/Microsoft.NET.Sdk/targets/Microsoft.NET.TargetFrameworkInference.targets" from project "/home/baturhan/Projeler/Entegrasyon/Application/Entegrasyon.MessageQueue/Entegrasyon.MessageQueue.Handler.csproj" (target "_CheckForInvalidConfigurationAndPlatform" depends on it):
   3:6>Done building target "_CheckForUnsupportedNETCoreVersion" in project "Entegrasyon.MessageQueue.Handler.csproj".
   5:7>Done building target "_CollectTargetFrameworkForTelemetry" in project "Entegrasyon.MessageQueue.Commands.csproj".
   4:6>Done executing task "AllowEmptyTelemetry".
   5:7>Target "_CheckForUnsupportedNETCoreVersion" in file "/usr/lib64/dotnet/sdk/10.0.101/Sdks/Microsoft.NET.Sdk/targets/Microsoft.NET.TargetFrameworkInference.targets" from project "/home/baturhan/Projeler/Entegrasyon/Application/Entegrasyon.MessageQueue.Commands/Entegrasyon.MessageQueue.Commands.csproj" (target "_CheckForInvalidConfigurationAndPlatform" depends on it):
   5:7>Done building target "_CheckForUnsupportedNETCoreVersion" in project "Entegrasyon.MessageQueue.Commands.csproj".
   4:6>Done building target "_CollectTargetFrameworkForTelemetry" in project "Entegrasyon.ApplicationBootstrap.csproj".
   2:8>Target "_CheckForUnsupportedCppNETCoreVersion" in file "/usr/lib64/dotnet/sdk/10.0.101/Sdks/Microsoft.NET.Sdk/targets/Microsoft.NET.TargetFrameworkInference.targets" from project "/home/baturhan/Projeler/Entegrasyon/Application/Entegrasyon.Business/Entegrasyon.Business.csproj" (target "_CheckForInvalidConfigurationAndPlatform" depends on it):
   2:8>Done building target "_CheckForUnsupportedCppNETCoreVersion" in project "Entegrasyon.Business.csproj".
   4:6>Target "_CheckForUnsupportedNETCoreVersion" in file "/usr/lib64/dotnet/sdk/10.0.101/Sdks/Microsoft.NET.Sdk/targets/Microsoft.NET.TargetFrameworkInference.targets" from project "/home/baturhan/Projeler/Entegrasyon/Application/Entegrasyon.ApplicationBootstrap/Entegrasyon.ApplicationBootstrap.csproj" (target "_CheckForInvalidConfigurationAndPlatform" depends on it):
   4:6>Done building target "_CheckForUnsupportedNETCoreVersion" in project "Entegrasyon.ApplicationBootstrap.csproj".
   2:8>Target "_CheckForUnsupportedArtifactsPath" in file "/usr/lib64/dotnet/sdk/10.0.101/Sdks/Microsoft.NET.Sdk/targets/Microsoft.NET.DefaultOutputPaths.targets" from project "/home/baturhan/Projeler/Entegrasyon/Application/Entegrasyon.Business/Entegrasyon.Business.csproj" (target "_CheckForInvalidConfigurationAndPlatform" depends on it):
   2:8>Done building target "_CheckForUnsupportedArtifactsPath" in project "Entegrasyon.Business.csproj".
   3:6>Target "_CheckForUnsupportedCppNETCoreVersion" in file "/usr/lib64/dotnet/sdk/10.0.101/Sdks/Microsoft.NET.Sdk/targets/Microsoft.NET.TargetFrameworkInference.targets" from project "/home/baturhan/Projeler/Entegrasyon/Application/Entegrasyon.MessageQueue/Entegrasyon.MessageQueue.Handler.csproj" (target "_CheckForInvalidConfigurationAndPlatform" depends on it):
   3:6>Done building target "_CheckForUnsupportedCppNETCoreVersion" in project "Entegrasyon.MessageQueue.Handler.csproj".
   2:8>Target "_CheckForUnsupportedHostingUsage" in file "/usr/lib64/dotnet/sdk/10.0.101/Sdks/Microsoft.NET.Sdk/targets/Microsoft.NET.RuntimeIdentifierInference.targets" from project "/home/baturhan/Projeler/Entegrasyon/Application/Entegrasyon.Business/Entegrasyon.Business.csproj" (target "_CheckForInvalidConfigurationAndPlatform" depends on it):
   2:8>Done building target "_CheckForUnsupportedHostingUsage" in project "Entegrasyon.Business.csproj".
   4:6>Target "_CheckForUnsupportedCppNETCoreVersion" in file "/usr/lib64/dotnet/sdk/10.0.101/Sdks/Microsoft.NET.Sdk/targets/Microsoft.NET.TargetFrameworkInference.targets" from project "/home/baturhan/Projeler/Entegrasyon/Application/Entegrasyon.ApplicationBootstrap/Entegrasyon.ApplicationBootstrap.csproj" (target "_CheckForInvalidConfigurationAndPlatform" depends on it):
   4:6>Done building target "_CheckForUnsupportedCppNETCoreVersion" in project "Entegrasyon.ApplicationBootstrap.csproj".
   3:6>Target "_CheckForUnsupportedArtifactsPath" in file "/usr/lib64/dotnet/sdk/10.0.101/Sdks/Microsoft.NET.Sdk/targets/Microsoft.NET.DefaultOutputPaths.targets" from project "/home/baturhan/Projeler/Entegrasyon/Application/Entegrasyon.MessageQueue/Entegrasyon.MessageQueue.Handler.csproj" (target "_CheckForInvalidConfigurationAndPlatform" depends on it):
   3:6>Done building target "_CheckForUnsupportedArtifactsPath" in project "Entegrasyon.MessageQueue.Handler.csproj".
   2:8>Target "_CheckAndUnsetUnsupportedPrefer32Bit" in file "/usr/lib64/dotnet/sdk/10.0.101/Sdks/Microsoft.NET.Sdk/targets/Microsoft.NET.RuntimeIdentifierInference.targets" from project "/home/baturhan/Projeler/Entegrasyon/Application/Entegrasyon.Business/Entegrasyon.Business.csproj" (target "_CheckForInvalidConfigurationAndPlatform" depends on it):
   2:8>Done building target "_CheckAndUnsetUnsupportedPrefer32Bit" in project "Entegrasyon.Business.csproj".
   4:6>Target "_CheckForUnsupportedArtifactsPath" in file "/usr/lib64/dotnet/sdk/10.0.101/Sdks/Microsoft.NET.Sdk/targets/Microsoft.NET.DefaultOutputPaths.targets" from project "/home/baturhan/Projeler/Entegrasyon/Application/Entegrasyon.ApplicationBootstrap/Entegrasyon.ApplicationBootstrap.csproj" (target "_CheckForInvalidConfigurationAndPlatform" depends on it):
   4:6>Done building target "_CheckForUnsupportedArtifactsPath" in project "Entegrasyon.ApplicationBootstrap.csproj".
   3:6>Target "_CheckForUnsupportedHostingUsage" in file "/usr/lib64/dotnet/sdk/10.0.101/Sdks/Microsoft.NET.Sdk/targets/Microsoft.NET.RuntimeIdentifierInference.targets" from project "/home/baturhan/Projeler/Entegrasyon/Application/Entegrasyon.MessageQueue/Entegrasyon.MessageQueue.Handler.csproj" (target "_CheckForInvalidConfigurationAndPlatform" depends on it):
   3:6>Done building target "_CheckForUnsupportedHostingUsage" in project "Entegrasyon.MessageQueue.Handler.csproj".
   2:8>Target "_CheckForLanguageAndFeatureCombinationSupport" in file "/usr/lib64/dotnet/sdk/10.0.101/Sdks/Microsoft.NET.Sdk/targets/Microsoft.NET.RuntimeIdentifierInference.targets" from project "/home/baturhan/Projeler/Entegrasyon/Application/Entegrasyon.Business/Entegrasyon.Business.csproj" (target "_CheckForInvalidConfigurationAndPlatform" depends on it):
   2:8>Done building target "_CheckForLanguageAndFeatureCombinationSupport" in project "Entegrasyon.Business.csproj".
   4:6>Target "_CheckForUnsupportedHostingUsage" in file "/usr/lib64/dotnet/sdk/10.0.101/Sdks/Microsoft.NET.Sdk/targets/Microsoft.NET.RuntimeIdentifierInference.targets" from project "/home/baturhan/Projeler/Entegrasyon/Application/Entegrasyon.ApplicationBootstrap/Entegrasyon.ApplicationBootstrap.csproj" (target "_CheckForInvalidConfigurationAndPlatform" depends on it):
   4:6>Done building target "_CheckForUnsupportedHostingUsage" in project "Entegrasyon.ApplicationBootstrap.csproj".
   3:6>Target "_CheckAndUnsetUnsupportedPrefer32Bit" in file "/usr/lib64/dotnet/sdk/10.0.101/Sdks/Microsoft.NET.Sdk/targets/Microsoft.NET.RuntimeIdentifierInference.targets" from project "/home/baturhan/Projeler/Entegrasyon/Application/Entegrasyon.MessageQueue/Entegrasyon.MessageQueue.Handler.csproj" (target "_CheckForInvalidConfigurationAndPlatform" depends on it):
   3:6>Done building target "_CheckAndUnsetUnsupportedPrefer32Bit" in project "Entegrasyon.MessageQueue.Handler.csproj".
   4:6>Target "_CheckAndUnsetUnsupportedPrefer32Bit" in file "/usr/lib64/dotnet/sdk/10.0.101/Sdks/Microsoft.NET.Sdk/targets/Microsoft.NET.RuntimeIdentifierInference.targets" from project "/home/baturhan/Projeler/Entegrasyon/Application/Entegrasyon.ApplicationBootstrap/Entegrasyon.ApplicationBootstrap.csproj" (target "_CheckForInvalidConfigurationAndPlatform" depends on it):
   4:6>Done building target "_CheckAndUnsetUnsupportedPrefer32Bit" in project "Entegrasyon.ApplicationBootstrap.csproj".
   7:7>Target "UpdateAspNetToFrameworkReference" in file "/usr/lib64/dotnet/sdk/10.0.101/Sdks/Microsoft.NET.Sdk/targets/Microsoft.NET.Sdk.DefaultItems.Shared.targets" from project "/home/baturhan/Projeler/Entegrasyon/Application/Entegrasyon.DataAccess/Entegrasyon.DataAccess.csproj" (target "ApplyImplicitVersions" depends on it):
   7:7>Using "CheckIfPackageReferenceShouldBeFrameworkReference" task from assembly "/usr/lib64/dotnet/sdk/10.0.101/Sdks/Microsoft.NET.Sdk/targets/../tools/net10.0/Microsoft.NET.Build.Tasks.dll".
   3:6>Target "_CheckForLanguageAndFeatureCombinationSupport" in file "/usr/lib64/dotnet/sdk/10.0.101/Sdks/Microsoft.NET.Sdk/targets/Microsoft.NET.RuntimeIdentifierInference.targets" from project "/home/baturhan/Projeler/Entegrasyon/Application/Entegrasyon.MessageQueue/Entegrasyon.MessageQueue.Handler.csproj" (target "_CheckForInvalidConfigurationAndPlatform" depends on it):
   3:6>Done building target "_CheckForLanguageAndFeatureCombinationSupport" in project "Entegrasyon.MessageQueue.Handler.csproj".
   7:7>Task "CheckIfPackageReferenceShouldBeFrameworkReference"
   4:6>Target "_CheckForLanguageAndFeatureCombinationSupport" in file "/usr/lib64/dotnet/sdk/10.0.101/Sdks/Microsoft.NET.Sdk/targets/Microsoft.NET.RuntimeIdentifierInference.targets" from project "/home/baturhan/Projeler/Entegrasyon/Application/Entegrasyon.ApplicationBootstrap/Entegrasyon.ApplicationBootstrap.csproj" (target "_CheckForInvalidConfigurationAndPlatform" depends on it):
   4:6>Done building target "_CheckForLanguageAndFeatureCombinationSupport" in project "Entegrasyon.ApplicationBootstrap.csproj".
   7:7>Done executing task "CheckIfPackageReferenceShouldBeFrameworkReference".
       Task "CheckIfPackageReferenceShouldBeFrameworkReference"
   6:8>Target "_CheckForUnsupportedCppNETCoreVersion" in file "/usr/lib64/dotnet/sdk/10.0.101/Sdks/Microsoft.NET.Sdk/targets/Microsoft.NET.TargetFrameworkInference.targets" from project "/home/baturhan/Projeler/Entegrasyon/Shared/Shared/Shared.csproj" (target "_CheckForInvalidConfigurationAndPlatform" depends on it):
   6:8>Done building target "_CheckForUnsupportedCppNETCoreVersion" in project "Shared.csproj".
   7:7>Done executing task "CheckIfPackageReferenceShouldBeFrameworkReference".
   2:8>Target "UpdateAspNetToFrameworkReference" in file "/usr/lib64/dotnet/sdk/10.0.101/Sdks/Microsoft.NET.Sdk/targets/Microsoft.NET.Sdk.DefaultItems.Shared.targets" from project "/home/baturhan/Projeler/Entegrasyon/Application/Entegrasyon.Business/Entegrasyon.Business.csproj" (target "ApplyImplicitVersions" depends on it):
   2:8>Using "CheckIfPackageReferenceShouldBeFrameworkReference" task from assembly "/usr/lib64/dotnet/sdk/10.0.101/Sdks/Microsoft.NET.Sdk/targets/../tools/net10.0/Microsoft.NET.Build.Tasks.dll".
   3:6>Target "CheckForImplicitPackageReferenceOverrides" in file "/usr/lib64/dotnet/sdk/10.0.101/Sdks/Microsoft.NET.Sdk/targets/Microsoft.NET.Sdk.DefaultItems.Shared.targets" from project "/home/baturhan/Projeler/Entegrasyon/Application/Entegrasyon.MessageQueue/Entegrasyon.MessageQueue.Handler.csproj" (target "CollectPackageReferences" depends on it):
   3:6>Using "CheckForImplicitPackageReferenceOverrides" task from assembly "/usr/lib64/dotnet/sdk/10.0.101/Sdks/Microsoft.NET.Sdk/targets/../tools/net10.0/Microsoft.NET.Build.Tasks.dll".
   2:8>Task "CheckIfPackageReferenceShouldBeFrameworkReference"
   6:8>Target "_CheckForUnsupportedArtifactsPath" in file "/usr/lib64/dotnet/sdk/10.0.101/Sdks/Microsoft.NET.Sdk/targets/Microsoft.NET.DefaultOutputPaths.targets" from project "/home/baturhan/Projeler/Entegrasyon/Shared/Shared/Shared.csproj" (target "_CheckForInvalidConfigurationAndPlatform" depends on it):
   6:8>Done building target "_CheckForUnsupportedArtifactsPath" in project "Shared.csproj".
   3:6>Task "CheckForImplicitPackageReferenceOverrides"
   2:8>Done executing task "CheckIfPackageReferenceShouldBeFrameworkReference".
   4:6>Target "UpdateAspNetToFrameworkReference" in file "/usr/lib64/dotnet/sdk/10.0.101/Sdks/Microsoft.NET.Sdk/targets/Microsoft.NET.Sdk.DefaultItems.Shared.targets" from project "/home/baturhan/Projeler/Entegrasyon/Application/Entegrasyon.ApplicationBootstrap/Entegrasyon.ApplicationBootstrap.csproj" (target "ApplyImplicitVersions" depends on it):
   4:6>Using "CheckIfPackageReferenceShouldBeFrameworkReference" task from assembly "/usr/lib64/dotnet/sdk/10.0.101/Sdks/Microsoft.NET.Sdk/targets/../tools/net10.0/Microsoft.NET.Build.Tasks.dll".
   7:7>Done building target "UpdateAspNetToFrameworkReference" in project "Entegrasyon.DataAccess.csproj".
   4:6>Task "CheckIfPackageReferenceShouldBeFrameworkReference"
   5:7>Target "_CheckForUnsupportedCppNETCoreVersion" in file "/usr/lib64/dotnet/sdk/10.0.101/Sdks/Microsoft.NET.Sdk/targets/Microsoft.NET.TargetFrameworkInference.targets" from project "/home/baturhan/Projeler/Entegrasyon/Application/Entegrasyon.MessageQueue.Commands/Entegrasyon.MessageQueue.Commands.csproj" (target "_CheckForInvalidConfigurationAndPlatform" depends on it):
   5:7>Done building target "_CheckForUnsupportedCppNETCoreVersion" in project "Entegrasyon.MessageQueue.Commands.csproj".
   6:8>Target "_CheckForUnsupportedHostingUsage" in file "/usr/lib64/dotnet/sdk/10.0.101/Sdks/Microsoft.NET.Sdk/targets/Microsoft.NET.RuntimeIdentifierInference.targets" from project "/home/baturhan/Projeler/Entegrasyon/Shared/Shared/Shared.csproj" (target "_CheckForInvalidConfigurationAndPlatform" depends on it):
   6:8>Done building target "_CheckForUnsupportedHostingUsage" in project "Shared.csproj".
   5:7>Target "_CheckForUnsupportedArtifactsPath" in file "/usr/lib64/dotnet/sdk/10.0.101/Sdks/Microsoft.NET.Sdk/targets/Microsoft.NET.DefaultOutputPaths.targets" from project "/home/baturhan/Projeler/Entegrasyon/Application/Entegrasyon.MessageQueue.Commands/Entegrasyon.MessageQueue.Commands.csproj" (target "_CheckForInvalidConfigurationAndPlatform" depends on it):
   5:7>Done building target "_CheckForUnsupportedArtifactsPath" in project "Entegrasyon.MessageQueue.Commands.csproj".
   7:7>Target "CheckForImplicitPackageReferenceOverrides" in file "/usr/lib64/dotnet/sdk/10.0.101/Sdks/Microsoft.NET.Sdk/targets/Microsoft.NET.Sdk.DefaultItems.Shared.targets" from project "/home/baturhan/Projeler/Entegrasyon/Application/Entegrasyon.DataAccess/Entegrasyon.DataAccess.csproj" (target "ApplyImplicitVersions" depends on it):
   7:7>Using "CheckForImplicitPackageReferenceOverrides" task from assembly "/usr/lib64/dotnet/sdk/10.0.101/Sdks/Microsoft.NET.Sdk/targets/../tools/net10.0/Microsoft.NET.Build.Tasks.dll".
   5:7>Target "_CheckForUnsupportedHostingUsage" in file "/usr/lib64/dotnet/sdk/10.0.101/Sdks/Microsoft.NET.Sdk/targets/Microsoft.NET.RuntimeIdentifierInference.targets" from project "/home/baturhan/Projeler/Entegrasyon/Application/Entegrasyon.MessageQueue.Commands/Entegrasyon.MessageQueue.Commands.csproj" (target "_CheckForInvalidConfigurationAndPlatform" depends on it):
   5:7>Done building target "_CheckForUnsupportedHostingUsage" in project "Entegrasyon.MessageQueue.Commands.csproj".
   6:8>Target "_CheckAndUnsetUnsupportedPrefer32Bit" in file "/usr/lib64/dotnet/sdk/10.0.101/Sdks/Microsoft.NET.Sdk/targets/Microsoft.NET.RuntimeIdentifierInference.targets" from project "/home/baturhan/Projeler/Entegrasyon/Shared/Shared/Shared.csproj" (target "_CheckForInvalidConfigurationAndPlatform" depends on it):
   6:8>Done building target "_CheckAndUnsetUnsupportedPrefer32Bit" in project "Shared.csproj".
   7:7>Task "CheckForImplicitPackageReferenceOverrides"
   5:7>Target "_CheckAndUnsetUnsupportedPrefer32Bit" in file "/usr/lib64/dotnet/sdk/10.0.101/Sdks/Microsoft.NET.Sdk/targets/Microsoft.NET.RuntimeIdentifierInference.targets" from project "/home/baturhan/Projeler/Entegrasyon/Application/Entegrasyon.MessageQueue.Commands/Entegrasyon.MessageQueue.Commands.csproj" (target "_CheckForInvalidConfigurationAndPlatform" depends on it):
   5:7>Done building target "_CheckAndUnsetUnsupportedPrefer32Bit" in project "Entegrasyon.MessageQueue.Commands.csproj".
   7:7>Done executing task "CheckForImplicitPackageReferenceOverrides".
   5:7>Target "_CheckForLanguageAndFeatureCombinationSupport" in file "/usr/lib64/dotnet/sdk/10.0.101/Sdks/Microsoft.NET.Sdk/targets/Microsoft.NET.RuntimeIdentifierInference.targets" from project "/home/baturhan/Projeler/Entegrasyon/Application/Entegrasyon.MessageQueue.Commands/Entegrasyon.MessageQueue.Commands.csproj" (target "_CheckForInvalidConfigurationAndPlatform" depends on it):
   5:7>Done building target "_CheckForLanguageAndFeatureCombinationSupport" in project "Entegrasyon.MessageQueue.Commands.csproj".
   6:8>Target "_CheckForLanguageAndFeatureCombinationSupport" in file "/usr/lib64/dotnet/sdk/10.0.101/Sdks/Microsoft.NET.Sdk/targets/Microsoft.NET.RuntimeIdentifierInference.targets" from project "/home/baturhan/Projeler/Entegrasyon/Shared/Shared/Shared.csproj" (target "_CheckForInvalidConfigurationAndPlatform" depends on it):
   6:8>Done building target "_CheckForLanguageAndFeatureCombinationSupport" in project "Shared.csproj".
   7:7>Done building target "CheckForImplicitPackageReferenceOverrides" in project "Entegrasyon.DataAccess.csproj".
   5:7>Target "CheckForImplicitPackageReferenceOverrides" in file "/usr/lib64/dotnet/sdk/10.0.101/Sdks/Microsoft.NET.Sdk/targets/Microsoft.NET.Sdk.DefaultItems.Shared.targets" from project "/home/baturhan/Projeler/Entegrasyon/Application/Entegrasyon.MessageQueue.Commands/Entegrasyon.MessageQueue.Commands.csproj" (target "CollectPackageReferences" depends on it):
   5:7>Using "CheckForImplicitPackageReferenceOverrides" task from assembly "/usr/lib64/dotnet/sdk/10.0.101/Sdks/Microsoft.NET.Sdk/targets/../tools/net10.0/Microsoft.NET.Build.Tasks.dll".
       Task "CheckForImplicitPackageReferenceOverrides"
   3:6>Done executing task "CheckForImplicitPackageReferenceOverrides".
   3:6>Done building target "CheckForImplicitPackageReferenceOverrides" in project "Entegrasyon.MessageQueue.Handler.csproj".
   7:7>Target "ApplyImplicitVersions" in file "/usr/lib64/dotnet/sdk/10.0.101/Sdks/Microsoft.NET.Sdk/targets/Microsoft.NET.Sdk.DefaultItems.Shared.targets" from project "/home/baturhan/Projeler/Entegrasyon/Application/Entegrasyon.DataAccess/Entegrasyon.DataAccess.csproj" (target "CollectPackageReferences" depends on it):
   7:7>Using "ApplyImplicitVersions" task from assembly "/usr/lib64/dotnet/sdk/10.0.101/Sdks/Microsoft.NET.Sdk/targets/../tools/net10.0/Microsoft.NET.Build.Tasks.dll".
   4:6>Done executing task "CheckIfPackageReferenceShouldBeFrameworkReference".
   5:7>Done executing task "CheckForImplicitPackageReferenceOverrides".
   4:6>Task "CheckIfPackageReferenceShouldBeFrameworkReference"
   7:7>Task "ApplyImplicitVersions"
   8:7>Done executing task "AllowEmptyTelemetry".
   4:6>Done executing task "CheckIfPackageReferenceShouldBeFrameworkReference".
   7:7>Done executing task "ApplyImplicitVersions".
   2:8>Task "CheckIfPackageReferenceShouldBeFrameworkReference"
   8:7>Done building target "_CollectTargetFrameworkForTelemetry" in project "Entegrasyon.Entity.csproj".
   7:7>Done building target "ApplyImplicitVersions" in project "Entegrasyon.DataAccess.csproj".
   2:8>Done executing task "CheckIfPackageReferenceShouldBeFrameworkReference".
   2:8>Done building target "UpdateAspNetToFrameworkReference" in project "Entegrasyon.Business.csproj".
   7:7>Target "CheckForImplicitPackageReferenceOverrides" skipped. Previously built successfully.
   2:8>Target "CheckForImplicitPackageReferenceOverrides" in file "/usr/lib64/dotnet/sdk/10.0.101/Sdks/Microsoft.NET.Sdk/targets/Microsoft.NET.Sdk.DefaultItems.Shared.targets" from project "/home/baturhan/Projeler/Entegrasyon/Application/Entegrasyon.Business/Entegrasyon.Business.csproj" (target "ApplyImplicitVersions" depends on it):
   2:8>Using "CheckForImplicitPackageReferenceOverrides" task from assembly "/usr/lib64/dotnet/sdk/10.0.101/Sdks/Microsoft.NET.Sdk/targets/../tools/net10.0/Microsoft.NET.Build.Tasks.dll".
       Task "CheckForImplicitPackageReferenceOverrides"
   8:7>Target "_CheckForUnsupportedNETCoreVersion" in file "/usr/lib64/dotnet/sdk/10.0.101/Sdks/Microsoft.NET.Sdk/targets/Microsoft.NET.TargetFrameworkInference.targets" from project "/home/baturhan/Projeler/Entegrasyon/Application/Entegrasyon.Entity/Entegrasyon.Entity.csproj" (target "_CheckForInvalidConfigurationAndPlatform" depends on it):
   8:7>Done building target "_CheckForUnsupportedNETCoreVersion" in project "Entegrasyon.Entity.csproj".
   8:7>Target "_CheckForUnsupportedCppNETCoreVersion" in file "/usr/lib64/dotnet/sdk/10.0.101/Sdks/Microsoft.NET.Sdk/targets/Microsoft.NET.TargetFrameworkInference.targets" from project "/home/baturhan/Projeler/Entegrasyon/Application/Entegrasyon.Entity/Entegrasyon.Entity.csproj" (target "_CheckForInvalidConfigurationAndPlatform" depends on it):
   8:7>Done building target "_CheckForUnsupportedCppNETCoreVersion" in project "Entegrasyon.Entity.csproj".
   8:7>Target "_CheckForUnsupportedArtifactsPath" in file "/usr/lib64/dotnet/sdk/10.0.101/Sdks/Microsoft.NET.Sdk/targets/Microsoft.NET.DefaultOutputPaths.targets" from project "/home/baturhan/Projeler/Entegrasyon/Application/Entegrasyon.Entity/Entegrasyon.Entity.csproj" (target "_CheckForInvalidConfigurationAndPlatform" depends on it):
   8:7>Done building target "_CheckForUnsupportedArtifactsPath" in project "Entegrasyon.Entity.csproj".
   8:7>Target "_CheckForUnsupportedHostingUsage" in file "/usr/lib64/dotnet/sdk/10.0.101/Sdks/Microsoft.NET.Sdk/targets/Microsoft.NET.RuntimeIdentifierInference.targets" from project "/home/baturhan/Projeler/Entegrasyon/Application/Entegrasyon.Entity/Entegrasyon.Entity.csproj" (target "_CheckForInvalidConfigurationAndPlatform" depends on it):
   8:7>Done building target "_CheckForUnsupportedHostingUsage" in project "Entegrasyon.Entity.csproj".
   8:7>Target "_CheckAndUnsetUnsupportedPrefer32Bit" in file "/usr/lib64/dotnet/sdk/10.0.101/Sdks/Microsoft.NET.Sdk/targets/Microsoft.NET.RuntimeIdentifierInference.targets" from project "/home/baturhan/Projeler/Entegrasyon/Application/Entegrasyon.Entity/Entegrasyon.Entity.csproj" (target "_CheckForInvalidConfigurationAndPlatform" depends on it):
   8:7>Done building target "_CheckAndUnsetUnsupportedPrefer32Bit" in project "Entegrasyon.Entity.csproj".
   7:7>Target "_ComputeToolPackInputsToProcessFrameworkReferences" in file "/usr/lib64/dotnet/sdk/10.0.101/Sdks/Microsoft.NET.Sdk/targets/Microsoft.NET.Publish.targets" from project "/home/baturhan/Projeler/Entegrasyon/Application/Entegrasyon.DataAccess/Entegrasyon.DataAccess.csproj" (target "ProcessFrameworkReferences" depends on it):
   7:7>Done building target "_ComputeToolPackInputsToProcessFrameworkReferences" in project "Entegrasyon.DataAccess.csproj".
   4:6>Done building target "UpdateAspNetToFrameworkReference" in project "Entegrasyon.ApplicationBootstrap.csproj".
   7:7>Target "ProcessFrameworkReferences" in file "/usr/lib64/dotnet/sdk/10.0.101/Sdks/Microsoft.NET.Sdk/targets/Microsoft.NET.Sdk.FrameworkReferenceResolution.targets" from project "/home/baturhan/Projeler/Entegrasyon/Application/Entegrasyon.DataAccess/Entegrasyon.DataAccess.csproj" (target "CollectPackageReferences" depends on it):
   7:7>Using "CheckForDuplicateFrameworkReferences" task from assembly "/usr/lib64/dotnet/sdk/10.0.101/Sdks/Microsoft.NET.Sdk/targets/../tools/net10.0/Microsoft.NET.Build.Tasks.dll".
   4:6>Target "CheckForImplicitPackageReferenceOverrides" in file "/usr/lib64/dotnet/sdk/10.0.101/Sdks/Microsoft.NET.Sdk/targets/Microsoft.NET.Sdk.DefaultItems.Shared.targets" from project "/home/baturhan/Projeler/Entegrasyon/Application/Entegrasyon.ApplicationBootstrap/Entegrasyon.ApplicationBootstrap.csproj" (target "ApplyImplicitVersions" depends on it):
   4:6>Using "CheckForImplicitPackageReferenceOverrides" task from assembly "/usr/lib64/dotnet/sdk/10.0.101/Sdks/Microsoft.NET.Sdk/targets/../tools/net10.0/Microsoft.NET.Build.Tasks.dll".
   3:6>Target "_ComputeToolPackInputsToProcessFrameworkReferences" in file "/usr/lib64/dotnet/sdk/10.0.101/Sdks/Microsoft.NET.Sdk/targets/Microsoft.NET.Publish.targets" from project "/home/baturhan/Projeler/Entegrasyon/Application/Entegrasyon.MessageQueue/Entegrasyon.MessageQueue.Handler.csproj" (target "ProcessFrameworkReferences" depends on it):
   3:6>Done building target "_ComputeToolPackInputsToProcessFrameworkReferences" in project "Entegrasyon.MessageQueue.Handler.csproj".
   5:7>Done building target "CheckForImplicitPackageReferenceOverrides" in project "Entegrasyon.MessageQueue.Commands.csproj".
   6:8>Target "UpdateAspNetToFrameworkReference" in file "/usr/lib64/dotnet/sdk/10.0.101/Sdks/Microsoft.NET.Sdk/targets/Microsoft.NET.Sdk.DefaultItems.Shared.targets" from project "/home/baturhan/Projeler/Entegrasyon/Shared/Shared/Shared.csproj" (target "ApplyImplicitVersions" depends on it):
   6:8>Using "CheckIfPackageReferenceShouldBeFrameworkReference" task from assembly "/usr/lib64/dotnet/sdk/10.0.101/Sdks/Microsoft.NET.Sdk/targets/../tools/net10.0/Microsoft.NET.Build.Tasks.dll".
   2:8>Done executing task "CheckForImplicitPackageReferenceOverrides".
   7:7>Task "CheckForDuplicateFrameworkReferences"
   2:8>Done building target "CheckForImplicitPackageReferenceOverrides" in project "Entegrasyon.Business.csproj".
   4:6>Task "CheckForImplicitPackageReferenceOverrides"
   3:6>Target "ProcessFrameworkReferences" in file "/usr/lib64/dotnet/sdk/10.0.101/Sdks/Microsoft.NET.Sdk/targets/Microsoft.NET.Sdk.FrameworkReferenceResolution.targets" from project "/home/baturhan/Projeler/Entegrasyon/Application/Entegrasyon.MessageQueue/Entegrasyon.MessageQueue.Handler.csproj" (target "CollectPackageReferences" depends on it):
   3:6>Using "CheckForDuplicateFrameworkReferences" task from assembly "/usr/lib64/dotnet/sdk/10.0.101/Sdks/Microsoft.NET.Sdk/targets/../tools/net10.0/Microsoft.NET.Build.Tasks.dll".
   6:8>Task "CheckIfPackageReferenceShouldBeFrameworkReference"
   5:7>Target "_ComputeToolPackInputsToProcessFrameworkReferences" in file "/usr/lib64/dotnet/sdk/10.0.101/Sdks/Microsoft.NET.Sdk/targets/Microsoft.NET.Publish.targets" from project "/home/baturhan/Projeler/Entegrasyon/Application/Entegrasyon.MessageQueue.Commands/Entegrasyon.MessageQueue.Commands.csproj" (target "ProcessFrameworkReferences" depends on it):
   5:7>Done building target "_ComputeToolPackInputsToProcessFrameworkReferences" in project "Entegrasyon.MessageQueue.Commands.csproj".
   3:6>Task "CheckForDuplicateFrameworkReferences"
   4:6>Done executing task "CheckForImplicitPackageReferenceOverrides".
   7:7>Done executing task "CheckForDuplicateFrameworkReferences".
   3:6>Done executing task "CheckForDuplicateFrameworkReferences".
   2:8>Target "ApplyImplicitVersions" in file "/usr/lib64/dotnet/sdk/10.0.101/Sdks/Microsoft.NET.Sdk/targets/Microsoft.NET.Sdk.DefaultItems.Shared.targets" from project "/home/baturhan/Projeler/Entegrasyon/Application/Entegrasyon.Business/Entegrasyon.Business.csproj" (target "CollectPackageReferences" depends on it):
   2:8>Using "ApplyImplicitVersions" task from assembly "/usr/lib64/dotnet/sdk/10.0.101/Sdks/Microsoft.NET.Sdk/targets/../tools/net10.0/Microsoft.NET.Build.Tasks.dll".
   5:7>Target "ProcessFrameworkReferences" in file "/usr/lib64/dotnet/sdk/10.0.101/Sdks/Microsoft.NET.Sdk/targets/Microsoft.NET.Sdk.FrameworkReferenceResolution.targets" from project "/home/baturhan/Projeler/Entegrasyon/Application/Entegrasyon.MessageQueue.Commands/Entegrasyon.MessageQueue.Commands.csproj" (target "CollectPackageReferences" depends on it):
   5:7>Using "CheckForDuplicateFrameworkReferences" task from assembly "/usr/lib64/dotnet/sdk/10.0.101/Sdks/Microsoft.NET.Sdk/targets/../tools/net10.0/Microsoft.NET.Build.Tasks.dll".
   3:6>ProcessFrameworkReferences:
       Using "ProcessFrameworkReferences" task from assembly "/usr/lib64/dotnet/sdk/10.0.101/Sdks/Microsoft.NET.Sdk/targets/../tools/net10.0/Microsoft.NET.Build.Tasks.dll".
   2:8>Task "ApplyImplicitVersions"
   4:6>Done building target "CheckForImplicitPackageReferenceOverrides" in project "Entegrasyon.ApplicationBootstrap.csproj".
   2:8>Done executing task "ApplyImplicitVersions".
   3:6>Task "ProcessFrameworkReferences"
   5:7>Task "CheckForDuplicateFrameworkReferences"
   7:7>ProcessFrameworkReferences:
       Using "ProcessFrameworkReferences" task from assembly "/usr/lib64/dotnet/sdk/10.0.101/Sdks/Microsoft.NET.Sdk/targets/../tools/net10.0/Microsoft.NET.Build.Tasks.dll".
   8:7>Target "_CheckForLanguageAndFeatureCombinationSupport" in file "/usr/lib64/dotnet/sdk/10.0.101/Sdks/Microsoft.NET.Sdk/targets/Microsoft.NET.RuntimeIdentifierInference.targets" from project "/home/baturhan/Projeler/Entegrasyon/Application/Entegrasyon.Entity/Entegrasyon.Entity.csproj" (target "_CheckForInvalidConfigurationAndPlatform" depends on it):
   8:7>Done building target "_CheckForLanguageAndFeatureCombinationSupport" in project "Entegrasyon.Entity.csproj".
   2:8>Done building target "ApplyImplicitVersions" in project "Entegrasyon.Business.csproj".
   5:7>Done executing task "CheckForDuplicateFrameworkReferences".
   6:8>Done executing task "CheckIfPackageReferenceShouldBeFrameworkReference".
   2:8>Target "CheckForImplicitPackageReferenceOverrides" skipped. Previously built successfully.
   5:7>ProcessFrameworkReferences:
       Using "ProcessFrameworkReferences" task from assembly "/usr/lib64/dotnet/sdk/10.0.101/Sdks/Microsoft.NET.Sdk/targets/../tools/net10.0/Microsoft.NET.Build.Tasks.dll".
   7:7>Task "ProcessFrameworkReferences"
   5:7>Task "ProcessFrameworkReferences"
   4:6>Target "ApplyImplicitVersions" in file "/usr/lib64/dotnet/sdk/10.0.101/Sdks/Microsoft.NET.Sdk/targets/Microsoft.NET.Sdk.DefaultItems.Shared.targets" from project "/home/baturhan/Projeler/Entegrasyon/Application/Entegrasyon.ApplicationBootstrap/Entegrasyon.ApplicationBootstrap.csproj" (target "CollectPackageReferences" depends on it):
   4:6>Using "ApplyImplicitVersions" task from assembly "/usr/lib64/dotnet/sdk/10.0.101/Sdks/Microsoft.NET.Sdk/targets/../tools/net10.0/Microsoft.NET.Build.Tasks.dll".
   6:8>Task "CheckIfPackageReferenceShouldBeFrameworkReference"
   2:8>Target "_ComputeToolPackInputsToProcessFrameworkReferences" in file "/usr/lib64/dotnet/sdk/10.0.101/Sdks/Microsoft.NET.Sdk/targets/Microsoft.NET.Publish.targets" from project "/home/baturhan/Projeler/Entegrasyon/Application/Entegrasyon.Business/Entegrasyon.Business.csproj" (target "ProcessFrameworkReferences" depends on it):
   2:8>Done building target "_ComputeToolPackInputsToProcessFrameworkReferences" in project "Entegrasyon.Business.csproj".
   2:8>Target "ProcessFrameworkReferences" in file "/usr/lib64/dotnet/sdk/10.0.101/Sdks/Microsoft.NET.Sdk/targets/Microsoft.NET.Sdk.FrameworkReferenceResolution.targets" from project "/home/baturhan/Projeler/Entegrasyon/Application/Entegrasyon.Business/Entegrasyon.Business.csproj" (target "CollectPackageReferences" depends on it):
       Using "CheckForDuplicateFrameworkReferences" task from assembly "/usr/lib64/dotnet/sdk/10.0.101/Sdks/Microsoft.NET.Sdk/targets/../tools/net10.0/Microsoft.NET.Build.Tasks.dll".
   4:6>Task "ApplyImplicitVersions"
   2:8>Task "CheckForDuplicateFrameworkReferences"
       Done executing task "CheckForDuplicateFrameworkReferences".
   4:6>Done executing task "ApplyImplicitVersions".
   4:6>Done building target "ApplyImplicitVersions" in project "Entegrasyon.ApplicationBootstrap.csproj".
       Target "CheckForImplicitPackageReferenceOverrides" skipped. Previously built successfully.
   2:8>ProcessFrameworkReferences:
       Using "ProcessFrameworkReferences" task from assembly "/usr/lib64/dotnet/sdk/10.0.101/Sdks/Microsoft.NET.Sdk/targets/../tools/net10.0/Microsoft.NET.Build.Tasks.dll".
   5:7>ProcessFrameworkReferences:
         Found 1 known framework references for target framework .NETCoreApp
   2:8>Task "ProcessFrameworkReferences"
   5:7>ProcessFrameworkReferences:
         Found 5 known runtime packs for target framework .NETCoreApp
   4:6>Target "_ComputeToolPackInputsToProcessFrameworkReferences" in file "/usr/lib64/dotnet/sdk/10.0.101/Sdks/Microsoft.NET.Sdk/targets/Microsoft.NET.Publish.targets" from project "/home/baturhan/Projeler/Entegrasyon/Application/Entegrasyon.ApplicationBootstrap/Entegrasyon.ApplicationBootstrap.csproj" (target "ProcessFrameworkReferences" depends on it):
   4:6>Done building target "_ComputeToolPackInputsToProcessFrameworkReferences" in project "Entegrasyon.ApplicationBootstrap.csproj".
   5:7>ProcessFrameworkReferences:
         Selected Microsoft.NETCore.App with RIDs 'linux-arm;linux-arm64;linux-musl-arm64;linux-musl-x64;linux-x64;osx-x64;tizen.4.0.0-armel;tizen.5.0.0-armel;win-arm64;win-x64;win-x86;linux-musl-arm;osx-arm64;linux-s390x;linux-loongarch64;linux-bionic-arm;linux-bionic-arm64;linux-bionic-x64;linux-bionic-x86;linux-ppc64le;freebsd-x64;freebsd-arm64'
   6:8>Done executing task "CheckIfPackageReferenceShouldBeFrameworkReference".
   4:6>Target "ProcessFrameworkReferences" in file "/usr/lib64/dotnet/sdk/10.0.101/Sdks/Microsoft.NET.Sdk/targets/Microsoft.NET.Sdk.FrameworkReferenceResolution.targets" from project "/home/baturhan/Projeler/Entegrasyon/Application/Entegrasyon.ApplicationBootstrap/Entegrasyon.ApplicationBootstrap.csproj" (target "CollectPackageReferences" depends on it):
   4:6>Using "CheckForDuplicateFrameworkReferences" task from assembly "/usr/lib64/dotnet/sdk/10.0.101/Sdks/Microsoft.NET.Sdk/targets/../tools/net10.0/Microsoft.NET.Build.Tasks.dll".
   6:8>Done building target "UpdateAspNetToFrameworkReference" in project "Shared.csproj".
   4:6>Task "CheckForDuplicateFrameworkReferences"
       Done executing task "CheckForDuplicateFrameworkReferences".
   5:7>ProcessFrameworkReferences:
         Selected targeting pack 'Microsoft.NETCore.App@8.0.22'
         Added runtime framework 'Microsoft.NETCore.App@8.0.0'
         Ignoring framework reference to Microsoft.WindowsDesktop.App as it is Windows-only and the current platform is not Windows.
         Ignoring framework reference to Microsoft.WindowsDesktop.App.WPF as it is Windows-only and the current platform is not Windows.
   3:6>ProcessFrameworkReferences:
         Found 1 known framework references for target framework .NETCoreApp
   4:6>ProcessFrameworkReferences:
       Using "ProcessFrameworkReferences" task from assembly "/usr/lib64/dotnet/sdk/10.0.101/Sdks/Microsoft.NET.Sdk/targets/../tools/net10.0/Microsoft.NET.Build.Tasks.dll".
   5:7>ProcessFrameworkReferences:
         Ignoring framework reference to Microsoft.WindowsDesktop.App.WindowsForms as it is Windows-only and the current platform is not Windows.
   3:6>ProcessFrameworkReferences:
         Found 5 known runtime packs for target framework .NETCoreApp
   5:7>ProcessFrameworkReferences:
         Selected Microsoft.AspNetCore.App with RIDs 'win-x64;win-x86;osx-x64;linux-musl-x64;linux-musl-arm64;linux-x64;linux-arm;linux-arm64;linux-musl-arm;win-arm64;osx-arm64;linux-s390x;linux-loongarch64;linux-ppc64le;freebsd-x64;freebsd-arm64'
   4:6>Task "ProcessFrameworkReferences"
   5:7>ProcessFrameworkReferences:
         Selected targeting pack 'Microsoft.AspNetCore.App@8.0.22'
   7:7>ProcessFrameworkReferences:
         Found 1 known framework references for target framework .NETCoreApp
   5:7>ProcessFrameworkReferences:
         Added runtime framework 'Microsoft.AspNetCore.App@8.0.0'
   7:7>ProcessFrameworkReferences:
         Found 5 known runtime packs for target framework .NETCoreApp
   5:7>Done executing task "ProcessFrameworkReferences".
   8:7>Target "UpdateAspNetToFrameworkReference" in file "/usr/lib64/dotnet/sdk/10.0.101/Sdks/Microsoft.NET.Sdk/targets/Microsoft.NET.Sdk.DefaultItems.Shared.targets" from project "/home/baturhan/Projeler/Entegrasyon/Application/Entegrasyon.Entity/Entegrasyon.Entity.csproj" (target "ApplyImplicitVersions" depends on it):
   8:7>Using "CheckIfPackageReferenceShouldBeFrameworkReference" task from assembly "/usr/lib64/dotnet/sdk/10.0.101/Sdks/Microsoft.NET.Sdk/targets/../tools/net10.0/Microsoft.NET.Build.Tasks.dll".
       Task "CheckIfPackageReferenceShouldBeFrameworkReference"
   3:6>ProcessFrameworkReferences:
         Selected Microsoft.NETCore.App with RIDs 'linux-arm;linux-arm64;linux-musl-arm64;linux-musl-x64;linux-x64;osx-x64;tizen.4.0.0-armel;tizen.5.0.0-armel;win-arm64;win-x64;win-x86;linux-musl-arm;osx-arm64;linux-s390x;linux-loongarch64;linux-bionic-arm;linux-bionic-arm64;linux-bionic-x64;linux-bionic-x86;linux-ppc64le;freebsd-x64;freebsd-arm64'
   6:8>Target "CheckForImplicitPackageReferenceOverrides" in file "/usr/lib64/dotnet/sdk/10.0.101/Sdks/Microsoft.NET.Sdk/targets/Microsoft.NET.Sdk.DefaultItems.Shared.targets" from project "/home/baturhan/Projeler/Entegrasyon/Shared/Shared/Shared.csproj" (target "ApplyImplicitVersions" depends on it):
   6:8>Using "CheckForImplicitPackageReferenceOverrides" task from assembly "/usr/lib64/dotnet/sdk/10.0.101/Sdks/Microsoft.NET.Sdk/targets/../tools/net10.0/Microsoft.NET.Build.Tasks.dll".
   7:7>ProcessFrameworkReferences:
         Selected Microsoft.NETCore.App with RIDs 'linux-arm;linux-arm64;linux-musl-arm64;linux-musl-x64;linux-x64;osx-x64;tizen.4.0.0-armel;tizen.5.0.0-armel;win-arm64;win-x64;win-x86;linux-musl-arm;osx-arm64;linux-s390x;linux-loongarch64;linux-bionic-arm;linux-bionic-arm64;linux-bionic-x64;linux-bionic-x86;linux-ppc64le;freebsd-x64;freebsd-arm64'
   6:8>Task "CheckForImplicitPackageReferenceOverrides"
   5:7>ProcessFrameworkReferences:
       Using "ResolveAppHosts" task from assembly "/usr/lib64/dotnet/sdk/10.0.101/Sdks/Microsoft.NET.Sdk/targets/../tools/net10.0/Microsoft.NET.Build.Tasks.dll".
       Task "ResolveAppHosts"
   6:8>Done executing task "CheckForImplicitPackageReferenceOverrides".
   3:6>ProcessFrameworkReferences:
         Selected targeting pack 'Microsoft.NETCore.App@8.0.22'
         Added runtime framework 'Microsoft.NETCore.App@8.0.0'
   7:7>ProcessFrameworkReferences:
         Selected targeting pack 'Microsoft.NETCore.App@8.0.22'
   3:6>ProcessFrameworkReferences:
         Ignoring framework reference to Microsoft.WindowsDesktop.App as it is Windows-only and the current platform is not Windows.
         Ignoring framework reference to Microsoft.WindowsDesktop.App.WPF as it is Windows-only and the current platform is not Windows.
   7:7>ProcessFrameworkReferences:
         Added runtime framework 'Microsoft.NETCore.App@8.0.0'
   6:8>Done building target "CheckForImplicitPackageReferenceOverrides" in project "Shared.csproj".
   3:6>ProcessFrameworkReferences:
         Ignoring framework reference to Microsoft.WindowsDesktop.App.WindowsForms as it is Windows-only and the current platform is not Windows.
   7:7>ProcessFrameworkReferences:
         Ignoring framework reference to Microsoft.WindowsDesktop.App as it is Windows-only and the current platform is not Windows.
         Ignoring framework reference to Microsoft.WindowsDesktop.App.WPF as it is Windows-only and the current platform is not Windows.
         Ignoring framework reference to Microsoft.WindowsDesktop.App.WindowsForms as it is Windows-only and the current platform is not Windows.
   3:6>ProcessFrameworkReferences:
         Selected Microsoft.AspNetCore.App with RIDs 'win-x64;win-x86;osx-x64;linux-musl-x64;linux-musl-arm64;linux-x64;linux-arm;linux-arm64;linux-musl-arm;win-arm64;osx-arm64;linux-s390x;linux-loongarch64;linux-ppc64le;freebsd-x64;freebsd-arm64'
   7:7>ProcessFrameworkReferences:
         Selected Microsoft.AspNetCore.App with RIDs 'win-x64;win-x86;osx-x64;linux-musl-x64;linux-musl-arm64;linux-x64;linux-arm;linux-arm64;linux-musl-arm;win-arm64;osx-arm64;linux-s390x;linux-loongarch64;linux-ppc64le;freebsd-x64;freebsd-arm64'
   3:6>ProcessFrameworkReferences:
         Selected targeting pack 'Microsoft.AspNetCore.App@8.0.22'
   7:7>ProcessFrameworkReferences:
         Selected targeting pack 'Microsoft.AspNetCore.App@8.0.22'
   3:6>ProcessFrameworkReferences:
         Added runtime framework 'Microsoft.AspNetCore.App@8.0.0'
   6:8>Target "ApplyImplicitVersions" in file "/usr/lib64/dotnet/sdk/10.0.101/Sdks/Microsoft.NET.Sdk/targets/Microsoft.NET.Sdk.DefaultItems.Shared.targets" from project "/home/baturhan/Projeler/Entegrasyon/Shared/Shared/Shared.csproj" (target "CollectPackageReferences" depends on it):
   6:8>Using "ApplyImplicitVersions" task from assembly "/usr/lib64/dotnet/sdk/10.0.101/Sdks/Microsoft.NET.Sdk/targets/../tools/net10.0/Microsoft.NET.Build.Tasks.dll".
   7:7>ProcessFrameworkReferences:
         Added runtime framework 'Microsoft.AspNetCore.App@8.0.0'
   8:7>Done executing task "CheckIfPackageReferenceShouldBeFrameworkReference".
   6:8>Task "ApplyImplicitVersions"
   5:7>Done executing task "ResolveAppHosts".
   5:7>Done building target "ProcessFrameworkReferences" in project "Entegrasyon.MessageQueue.Commands.csproj".
   8:7>Task "CheckIfPackageReferenceShouldBeFrameworkReference"
   7:7>Done executing task "ProcessFrameworkReferences".
   5:7>Target "_CheckForObsoleteDotNetCliToolReferences" in file "/usr/lib64/dotnet/sdk/10.0.101/Sdks/Microsoft.NET.Sdk/targets/Microsoft.NET.ObsoleteReferences.targets" from project "/home/baturhan/Projeler/Entegrasyon/Application/Entegrasyon.MessageQueue.Commands/Entegrasyon.MessageQueue.Commands.csproj" (target "CollectPackageReferences" depends on it):
   5:7>Done building target "_CheckForObsoleteDotNetCliToolReferences" in project "Entegrasyon.MessageQueue.Commands.csproj".
   3:6>Done executing task "ProcessFrameworkReferences".
   6:8>Done executing task "ApplyImplicitVersions".
   3:6>ProcessFrameworkReferences:
       Using "ResolveAppHosts" task from assembly "/usr/lib64/dotnet/sdk/10.0.101/Sdks/Microsoft.NET.Sdk/targets/../tools/net10.0/Microsoft.NET.Build.Tasks.dll".
   7:7>ProcessFrameworkReferences:
       Using "ResolveAppHosts" task from assembly "/usr/lib64/dotnet/sdk/10.0.101/Sdks/Microsoft.NET.Sdk/targets/../tools/net10.0/Microsoft.NET.Build.Tasks.dll".
   3:6>Task "ResolveAppHosts"
   5:7>Target "CollectPackageReferences" in file "/usr/lib64/dotnet/sdk/10.0.101/NuGet.targets" from project "/home/baturhan/Projeler/Entegrasyon/Application/Entegrasyon.MessageQueue.Commands/Entegrasyon.MessageQueue.Commands.csproj" (target "_GetRestoreProjectStyle" depends on it):
   5:7>Using "CheckForDuplicateNuGetItemsTask" task from assembly "/usr/lib64/dotnet/sdk/10.0.101/NuGet.Build.Tasks.dll".
   8:7>Done executing task "CheckIfPackageReferenceShouldBeFrameworkReference".
   7:7>Task "ResolveAppHosts"
   6:8>Done building target "ApplyImplicitVersions" in project "Shared.csproj".
   5:7>Task "CheckForDuplicateNuGetItemsTask"
   6:8>Target "CheckForImplicitPackageReferenceOverrides" skipped. Previously built successfully.
   2:8>ProcessFrameworkReferences:
         Found 1 known framework references for target framework .NETCoreApp
         Found 5 known runtime packs for target framework .NETCoreApp
   5:7>Done executing task "CheckForDuplicateNuGetItemsTask".
   2:8>ProcessFrameworkReferences:
         Selected Microsoft.NETCore.App with RIDs 'linux-arm;linux-arm64;linux-musl-arm64;linux-musl-x64;linux-x64;osx-x64;tizen.4.0.0-armel;tizen.5.0.0-armel;win-arm64;win-x64;win-x86;linux-musl-arm;osx-arm64;linux-s390x;linux-loongarch64;linux-bionic-arm;linux-bionic-arm64;linux-bionic-x64;linux-bionic-x86;linux-ppc64le;freebsd-x64;freebsd-arm64'
   4:6>ProcessFrameworkReferences:
         Found 1 known framework references for target framework .NETCoreApp
   5:7>Done building target "CollectPackageReferences" in project "Entegrasyon.MessageQueue.Commands.csproj".
   8:7>Done building target "UpdateAspNetToFrameworkReference" in project "Entegrasyon.Entity.csproj".
   4:6>ProcessFrameworkReferences:
         Found 5 known runtime packs for target framework .NETCoreApp
         Selected Microsoft.NETCore.App with RIDs 'linux-arm;linux-arm64;linux-musl-arm64;linux-musl-x64;linux-x64;osx-x64;tizen.4.0.0-armel;tizen.5.0.0-armel;win-arm64;win-x64;win-x86;linux-musl-arm;osx-arm64;linux-s390x;linux-loongarch64;linux-bionic-arm;linux-bionic-arm64;linux-bionic-x64;linux-bionic-x86;linux-ppc64le;freebsd-x64;freebsd-arm64'
   5:7>Target "_GetRestoreProjectStyle" in file "/usr/lib64/dotnet/sdk/10.0.101/NuGet.targets" from project "/home/baturhan/Projeler/Entegrasyon/Application/Entegrasyon.MessageQueue.Commands/Entegrasyon.MessageQueue.Commands.csproj" (target "EnableIntermediateOutputPathMismatchWarning" depends on it):
   5:7>Using "GetRestoreProjectStyleTask" task from assembly "/usr/lib64/dotnet/sdk/10.0.101/NuGet.Build.Tasks.dll".
       Task "GetRestoreProjectStyleTask"
   2:8>ProcessFrameworkReferences:
         Selected targeting pack 'Microsoft.NETCore.App@8.0.22'
         Added runtime framework 'Microsoft.NETCore.App@8.0.0'
         Ignoring framework reference to Microsoft.WindowsDesktop.App as it is Windows-only and the current platform is not Windows.
   5:7>Done executing task "GetRestoreProjectStyleTask".
   2:8>ProcessFrameworkReferences:
         Ignoring framework reference to Microsoft.WindowsDesktop.App.WPF as it is Windows-only and the current platform is not Windows.
   7:7>Done executing task "ResolveAppHosts".
   2:8>ProcessFrameworkReferences:
         Ignoring framework reference to Microsoft.WindowsDesktop.App.WindowsForms as it is Windows-only and the current platform is not Windows.
         Selected Microsoft.AspNetCore.App with RIDs 'win-x64;win-x86;osx-x64;linux-musl-x64;linux-musl-arm64;linux-x64;linux-arm;linux-arm64;linux-musl-arm;win-arm64;osx-arm64;linux-s390x;linux-loongarch64;linux-ppc64le;freebsd-x64;freebsd-arm64'
   3:6>Done executing task "ResolveAppHosts".
   2:8>ProcessFrameworkReferences:
         Selected targeting pack 'Microsoft.AspNetCore.App@8.0.22'
   4:6>ProcessFrameworkReferences:
         Selected targeting pack 'Microsoft.NETCore.App@8.0.22'
   2:8>ProcessFrameworkReferences:
         Added runtime framework 'Microsoft.AspNetCore.App@8.0.0'
   6:8>Target "_ComputeToolPackInputsToProcessFrameworkReferences" in file "/usr/lib64/dotnet/sdk/10.0.101/Sdks/Microsoft.NET.Sdk/targets/Microsoft.NET.Publish.targets" from project "/home/baturhan/Projeler/Entegrasyon/Shared/Shared/Shared.csproj" (target "ProcessFrameworkReferences" depends on it):
   6:8>Done building target "_ComputeToolPackInputsToProcessFrameworkReferences" in project "Shared.csproj".
   4:6>ProcessFrameworkReferences:
         Added runtime framework 'Microsoft.NETCore.App@8.0.0'
   8:7>Target "CheckForImplicitPackageReferenceOverrides" in file "/usr/lib64/dotnet/sdk/10.0.101/Sdks/Microsoft.NET.Sdk/targets/Microsoft.NET.Sdk.DefaultItems.Shared.targets" from project "/home/baturhan/Projeler/Entegrasyon/Application/Entegrasyon.Entity/Entegrasyon.Entity.csproj" (target "ApplyImplicitVersions" depends on it):
   8:7>Using "CheckForImplicitPackageReferenceOverrides" task from assembly "/usr/lib64/dotnet/sdk/10.0.101/Sdks/Microsoft.NET.Sdk/targets/../tools/net10.0/Microsoft.NET.Build.Tasks.dll".
       Task "CheckForImplicitPackageReferenceOverrides"
   4:6>ProcessFrameworkReferences:
         Ignoring framework reference to Microsoft.WindowsDesktop.App as it is Windows-only and the current platform is not Windows.
   3:6>Done building target "ProcessFrameworkReferences" in project "Entegrasyon.MessageQueue.Handler.csproj".
   7:7>Done building target "ProcessFrameworkReferences" in project "Entegrasyon.DataAccess.csproj".
   4:6>ProcessFrameworkReferences:
         Ignoring framework reference to Microsoft.WindowsDesktop.App.WPF as it is Windows-only and the current platform is not Windows.
   3:6>Target "_CheckForObsoleteDotNetCliToolReferences" in file "/usr/lib64/dotnet/sdk/10.0.101/Sdks/Microsoft.NET.Sdk/targets/Microsoft.NET.ObsoleteReferences.targets" from project "/home/baturhan/Projeler/Entegrasyon/Application/Entegrasyon.MessageQueue/Entegrasyon.MessageQueue.Handler.csproj" (target "CollectPackageReferences" depends on it):
   3:6>Done building target "_CheckForObsoleteDotNetCliToolReferences" in project "Entegrasyon.MessageQueue.Handler.csproj".
   2:8>Done executing task "ProcessFrameworkReferences".
   4:6>ProcessFrameworkReferences:
         Ignoring framework reference to Microsoft.WindowsDesktop.App.WindowsForms as it is Windows-only and the current platform is not Windows.
   7:7>Target "_CheckForObsoleteDotNetCliToolReferences" in file "/usr/lib64/dotnet/sdk/10.0.101/Sdks/Microsoft.NET.Sdk/targets/Microsoft.NET.ObsoleteReferences.targets" from project "/home/baturhan/Projeler/Entegrasyon/Application/Entegrasyon.DataAccess/Entegrasyon.DataAccess.csproj" (target "CollectPackageReferences" depends on it):
   7:7>Done building target "_CheckForObsoleteDotNetCliToolReferences" in project "Entegrasyon.DataAccess.csproj".
   6:8>Target "ProcessFrameworkReferences" in file "/usr/lib64/dotnet/sdk/10.0.101/Sdks/Microsoft.NET.Sdk/targets/Microsoft.NET.Sdk.FrameworkReferenceResolution.targets" from project "/home/baturhan/Projeler/Entegrasyon/Shared/Shared/Shared.csproj" (target "CollectPackageReferences" depends on it):
   6:8>Using "CheckForDuplicateFrameworkReferences" task from assembly "/usr/lib64/dotnet/sdk/10.0.101/Sdks/Microsoft.NET.Sdk/targets/../tools/net10.0/Microsoft.NET.Build.Tasks.dll".
   4:6>ProcessFrameworkReferences:
         Selected Microsoft.AspNetCore.App with RIDs 'win-x64;win-x86;osx-x64;linux-musl-x64;linux-musl-arm64;linux-x64;linux-arm;linux-arm64;linux-musl-arm;win-arm64;osx-arm64;linux-s390x;linux-loongarch64;linux-ppc64le;freebsd-x64;freebsd-arm64'
   6:8>Task "CheckForDuplicateFrameworkReferences"
   4:6>ProcessFrameworkReferences:
         Selected targeting pack 'Microsoft.AspNetCore.App@8.0.22'
         Added runtime framework 'Microsoft.AspNetCore.App@8.0.0'
   6:8>Done executing task "CheckForDuplicateFrameworkReferences".
   5:7>Done building target "_GetRestoreProjectStyle" in project "Entegrasyon.MessageQueue.Commands.csproj".
   5:7>Target "EnableIntermediateOutputPathMismatchWarning" in file "/usr/lib64/dotnet/sdk/10.0.101/NuGet.targets" from project "/home/baturhan/Projeler/Entegrasyon/Application/Entegrasyon.MessageQueue.Commands/Entegrasyon.MessageQueue.Commands.csproj" (target "_CheckForInvalidConfigurationAndPlatform" depends on it):
   5:7>Done building target "EnableIntermediateOutputPathMismatchWarning" in project "Entegrasyon.MessageQueue.Commands.csproj".
   2:8>ProcessFrameworkReferences:
       Using "ResolveAppHosts" task from assembly "/usr/lib64/dotnet/sdk/10.0.101/Sdks/Microsoft.NET.Sdk/targets/../tools/net10.0/Microsoft.NET.Build.Tasks.dll".
   4:6>Done executing task "ProcessFrameworkReferences".
   5:7>Target "CheckForImplicitPackageReferenceOverrides" skipped. Previously built successfully.
   2:8>Task "ResolveAppHosts"
   8:7>Done executing task "CheckForImplicitPackageReferenceOverrides".
   7:7>Target "CollectPackageReferences" in file "/usr/lib64/dotnet/sdk/10.0.101/NuGet.targets" from project "/home/baturhan/Projeler/Entegrasyon/Application/Entegrasyon.DataAccess/Entegrasyon.DataAccess.csproj" (target "_GetRestoreProjectStyle" depends on it):
   7:7>Using "CheckForDuplicateNuGetItemsTask" task from assembly "/usr/lib64/dotnet/sdk/10.0.101/NuGet.Build.Tasks.dll".
   3:6>Target "CollectPackageReferences" in file "/usr/lib64/dotnet/sdk/10.0.101/NuGet.targets" from project "/home/baturhan/Projeler/Entegrasyon/Application/Entegrasyon.MessageQueue/Entegrasyon.MessageQueue.Handler.csproj" (target "_GetRestoreProjectStyle" depends on it):
   3:6>Using "CheckForDuplicateNuGetItemsTask" task from assembly "/usr/lib64/dotnet/sdk/10.0.101/NuGet.Build.Tasks.dll".
   7:7>Task "CheckForDuplicateNuGetItemsTask"
   3:6>Task "CheckForDuplicateNuGetItemsTask"
   5:7>Target "CheckForDuplicateItems" in file "/usr/lib64/dotnet/sdk/10.0.101/Sdks/Microsoft.NET.Sdk/targets/Microsoft.NET.Sdk.DefaultItems.Shared.targets" from project "/home/baturhan/Projeler/Entegrasyon/Application/Entegrasyon.MessageQueue.Commands/Entegrasyon.MessageQueue.Commands.csproj" (target "_CheckForInvalidConfigurationAndPlatform" depends on it):
   5:7>Using "CheckForDuplicateItems" task from assembly "/usr/lib64/dotnet/sdk/10.0.101/Sdks/Microsoft.NET.Sdk/targets/../tools/net10.0/Microsoft.NET.Build.Tasks.dll".
       Task "CheckForDuplicateItems"
   4:6>ProcessFrameworkReferences:
       Using "ResolveAppHosts" task from assembly "/usr/lib64/dotnet/sdk/10.0.101/Sdks/Microsoft.NET.Sdk/targets/../tools/net10.0/Microsoft.NET.Build.Tasks.dll".
       Task "ResolveAppHosts"
   8:7>Done building target "CheckForImplicitPackageReferenceOverrides" in project "Entegrasyon.Entity.csproj".
   7:7>Done executing task "CheckForDuplicateNuGetItemsTask".
   7:7>Done building target "CollectPackageReferences" in project "Entegrasyon.DataAccess.csproj".
   6:8>ProcessFrameworkReferences:
       Using "ProcessFrameworkReferences" task from assembly "/usr/lib64/dotnet/sdk/10.0.101/Sdks/Microsoft.NET.Sdk/targets/../tools/net10.0/Microsoft.NET.Build.Tasks.dll".
   5:7>Done executing task "CheckForDuplicateItems".
   6:8>Task "ProcessFrameworkReferences"
   3:6>Done executing task "CheckForDuplicateNuGetItemsTask".
   3:6>Done building target "CollectPackageReferences" in project "Entegrasyon.MessageQueue.Handler.csproj".
   5:7>Task "CheckForDuplicateItems"
       Done executing task "CheckForDuplicateItems".
   2:8>Done executing task "ResolveAppHosts".
   5:7>Task "CheckForDuplicateItems"
   8:7>Target "ApplyImplicitVersions" in file "/usr/lib64/dotnet/sdk/10.0.101/Sdks/Microsoft.NET.Sdk/targets/Microsoft.NET.Sdk.DefaultItems.Shared.targets" from project "/home/baturhan/Projeler/Entegrasyon/Application/Entegrasyon.Entity/Entegrasyon.Entity.csproj" (target "CollectPackageReferences" depends on it):
   8:7>Using "ApplyImplicitVersions" task from assembly "/usr/lib64/dotnet/sdk/10.0.101/Sdks/Microsoft.NET.Sdk/targets/../tools/net10.0/Microsoft.NET.Build.Tasks.dll".
   5:7>Done executing task "CheckForDuplicateItems".
   8:7>Task "ApplyImplicitVersions"
   7:7>Target "_GetRestoreProjectStyle" in file "/usr/lib64/dotnet/sdk/10.0.101/NuGet.targets" from project "/home/baturhan/Projeler/Entegrasyon/Application/Entegrasyon.DataAccess/Entegrasyon.DataAccess.csproj" (target "EnableIntermediateOutputPathMismatchWarning" depends on it):
   7:7>Using "GetRestoreProjectStyleTask" task from assembly "/usr/lib64/dotnet/sdk/10.0.101/NuGet.Build.Tasks.dll".
       Task "GetRestoreProjectStyleTask"
   5:7>Done building target "CheckForDuplicateItems" in project "Entegrasyon.MessageQueue.Commands.csproj".
   3:6>Target "_GetRestoreProjectStyle" in file "/usr/lib64/dotnet/sdk/10.0.101/NuGet.targets" from project "/home/baturhan/Projeler/Entegrasyon/Application/Entegrasyon.MessageQueue/Entegrasyon.MessageQueue.Handler.csproj" (target "EnableIntermediateOutputPathMismatchWarning" depends on it):
   3:6>Using "GetRestoreProjectStyleTask" task from assembly "/usr/lib64/dotnet/sdk/10.0.101/NuGet.Build.Tasks.dll".
       Task "GetRestoreProjectStyleTask"
   5:7>Target "ProcessFrameworkReferences" skipped. Previously built successfully.
   2:8>Done building target "ProcessFrameworkReferences" in project "Entegrasyon.Business.csproj".
   4:6>Done executing task "ResolveAppHosts".
   7:7>Done executing task "GetRestoreProjectStyleTask".
   2:8>Target "_CheckForObsoleteDotNetCliToolReferences" in file "/usr/lib64/dotnet/sdk/10.0.101/Sdks/Microsoft.NET.Sdk/targets/Microsoft.NET.ObsoleteReferences.targets" from project "/home/baturhan/Projeler/Entegrasyon/Application/Entegrasyon.Business/Entegrasyon.Business.csproj" (target "CollectPackageReferences" depends on it):
   2:8>Done building target "_CheckForObsoleteDotNetCliToolReferences" in project "Entegrasyon.Business.csproj".
   5:7>Target "_CheckForInvalidConfigurationAndPlatform" in file "/usr/lib64/dotnet/sdk/10.0.101/Microsoft.Common.CurrentVersion.targets" from project "/home/baturhan/Projeler/Entegrasyon/Application/Entegrasyon.MessageQueue.Commands/Entegrasyon.MessageQueue.Commands.csproj" (target "BeforeBuild" depends on it):
   5:7>Using "Message" task from assembly "Microsoft.Build.Tasks.Core, Version=15.1.0.0, Culture=neutral, PublicKeyToken=b03f5f7f11d50a3a".
       Task "Message"
         Configuration=Debug
   7:7>Done building target "_GetRestoreProjectStyle" in project "Entegrasyon.DataAccess.csproj".
   3:6>Done executing task "GetRestoreProjectStyleTask".
   5:7>Done executing task "Message".
       Task "Message"
   7:7>Target "EnableIntermediateOutputPathMismatchWarning" in file "/usr/lib64/dotnet/sdk/10.0.101/NuGet.targets" from project "/home/baturhan/Projeler/Entegrasyon/Application/Entegrasyon.DataAccess/Entegrasyon.DataAccess.csproj" (target "_CheckForInvalidConfigurationAndPlatform" depends on it):
   7:7>Done building target "EnableIntermediateOutputPathMismatchWarning" in project "Entegrasyon.DataAccess.csproj".
   3:6>Done building target "_GetRestoreProjectStyle" in project "Entegrasyon.MessageQueue.Handler.csproj".
   7:7>Target "ApplyImplicitVersions" skipped. Previously built successfully.
       Target "CheckForImplicitPackageReferenceOverrides" skipped. Previously built successfully.
   4:6>Done building target "ProcessFrameworkReferences" in project "Entegrasyon.ApplicationBootstrap.csproj".
   3:6>Target "EnableIntermediateOutputPathMismatchWarning" in file "/usr/lib64/dotnet/sdk/10.0.101/NuGet.targets" from project "/home/baturhan/Projeler/Entegrasyon/Application/Entegrasyon.MessageQueue/Entegrasyon.MessageQueue.Handler.csproj" (target "_CheckForInvalidConfigurationAndPlatform" depends on it):
   3:6>Done building target "EnableIntermediateOutputPathMismatchWarning" in project "Entegrasyon.MessageQueue.Handler.csproj".
   8:7>Done executing task "ApplyImplicitVersions".
   4:6>Target "_CheckForObsoleteDotNetCliToolReferences" in file "/usr/lib64/dotnet/sdk/10.0.101/Sdks/Microsoft.NET.Sdk/targets/Microsoft.NET.ObsoleteReferences.targets" from project "/home/baturhan/Projeler/Entegrasyon/Application/Entegrasyon.ApplicationBootstrap/Entegrasyon.ApplicationBootstrap.csproj" (target "CollectPackageReferences" depends on it):
   4:6>Done building target "_CheckForObsoleteDotNetCliToolReferences" in project "Entegrasyon.ApplicationBootstrap.csproj".
   5:7>_CheckForInvalidConfigurationAndPlatform:
         Platform=AnyCPU
   3:6>Target "CheckForImplicitPackageReferenceOverrides" skipped. Previously built successfully.
   5:7>Done executing task "Message".
   7:7>Target "CheckForDuplicateItems" in file "/usr/lib64/dotnet/sdk/10.0.101/Sdks/Microsoft.NET.Sdk/targets/Microsoft.NET.Sdk.DefaultItems.Shared.targets" from project "/home/baturhan/Projeler/Entegrasyon/Application/Entegrasyon.DataAccess/Entegrasyon.DataAccess.csproj" (target "_CheckForInvalidConfigurationAndPlatform" depends on it):
   7:7>Using "CheckForDuplicateItems" task from assembly "/usr/lib64/dotnet/sdk/10.0.101/Sdks/Microsoft.NET.Sdk/targets/../tools/net10.0/Microsoft.NET.Build.Tasks.dll".
       Task "CheckForDuplicateItems"
   2:8>Target "CollectPackageReferences" in file "/usr/lib64/dotnet/sdk/10.0.101/NuGet.targets" from project "/home/baturhan/Projeler/Entegrasyon/Application/Entegrasyon.Business/Entegrasyon.Business.csproj" (target "_GetRestoreProjectStyle" depends on it):
   2:8>Using "CheckForDuplicateNuGetItemsTask" task from assembly "/usr/lib64/dotnet/sdk/10.0.101/NuGet.Build.Tasks.dll".
   3:6>Target "CheckForDuplicateItems" in file "/usr/lib64/dotnet/sdk/10.0.101/Sdks/Microsoft.NET.Sdk/targets/Microsoft.NET.Sdk.DefaultItems.Shared.targets" from project "/home/baturhan/Projeler/Entegrasyon/Application/Entegrasyon.MessageQueue/Entegrasyon.MessageQueue.Handler.csproj" (target "_CheckForInvalidConfigurationAndPlatform" depends on it):
   3:6>Using "CheckForDuplicateItems" task from assembly "/usr/lib64/dotnet/sdk/10.0.101/Sdks/Microsoft.NET.Sdk/targets/../tools/net10.0/Microsoft.NET.Build.Tasks.dll".
   5:7>Done building target "_CheckForInvalidConfigurationAndPlatform" in project "Entegrasyon.MessageQueue.Commands.csproj".
   2:8>Task "CheckForDuplicateNuGetItemsTask"
   3:6>Task "CheckForDuplicateItems"
   5:7>Target "ValidateCommandLineProperties" in file "/usr/lib64/dotnet/sdk/10.0.101/Sdks/Microsoft.NET.Sdk/targets/Microsoft.NET.Sdk.targets" from project "/home/baturhan/Projeler/Entegrasyon/Application/Entegrasyon.MessageQueue.Commands/Entegrasyon.MessageQueue.Commands.csproj" (target "BeforeBuild" depends on it):
   5:7>Done building target "ValidateCommandLineProperties" in project "Entegrasyon.MessageQueue.Commands.csproj".
   8:7>Done building target "ApplyImplicitVersions" in project "Entegrasyon.Entity.csproj".
   5:7>Target "BeforeBuild" in file "/usr/lib64/dotnet/sdk/10.0.101/Microsoft.Common.CurrentVersion.targets" from project "/home/baturhan/Projeler/Entegrasyon/Application/Entegrasyon.MessageQueue.Commands/Entegrasyon.MessageQueue.Commands.csproj" (target "Build" depends on it):
   5:7>Done building target "BeforeBuild" in project "Entegrasyon.MessageQueue.Commands.csproj".
   8:7>Target "CheckForImplicitPackageReferenceOverrides" skipped. Previously built successfully.
   4:6>Target "CollectPackageReferences" in file "/usr/lib64/dotnet/sdk/10.0.101/NuGet.targets" from project "/home/baturhan/Projeler/Entegrasyon/Application/Entegrasyon.ApplicationBootstrap/Entegrasyon.ApplicationBootstrap.csproj" (target "_GetRestoreProjectStyle" depends on it):
   4:6>Using "CheckForDuplicateNuGetItemsTask" task from assembly "/usr/lib64/dotnet/sdk/10.0.101/NuGet.Build.Tasks.dll".
       Task "CheckForDuplicateNuGetItemsTask"
   5:7>Target "BuildOnlySettings" in file "/usr/lib64/dotnet/sdk/10.0.101/Microsoft.Common.CurrentVersion.targets" from project "/home/baturhan/Projeler/Entegrasyon/Application/Entegrasyon.MessageQueue.Commands/Entegrasyon.MessageQueue.Commands.csproj" (target "CoreBuild" depends on it):
   5:7>/usr/lib64/dotnet/sdk/10.0.101/Microsoft.Common.CurrentVersion.targets(1168,7): message : Property reassignment: $(BuildingProject)="true" (previous value: "false") at /usr/lib64/dotnet/sdk/10.0.101/Microsoft.Common.CurrentVersion.targets (1168,7) [/home/baturhan/Projeler/Entegrasyon/Application/Entegrasyon.MessageQueue.Commands/Entegrasyon.MessageQueue.Commands.csproj]
   5:7>Done building target "BuildOnlySettings" in project "Entegrasyon.MessageQueue.Commands.csproj".
   5:7>Target "GetFrameworkPaths" in file "/usr/lib64/dotnet/sdk/10.0.101/Sdks/Microsoft.NET.Sdk/targets/Microsoft.NET.DisableStandardFrameworkResolution.targets" from project "/home/baturhan/Projeler/Entegrasyon/Application/Entegrasyon.MessageQueue.Commands/Entegrasyon.MessageQueue.Commands.csproj" (target "PrepareForBuild" depends on it):
   5:7>Done building target "GetFrameworkPaths" in project "Entegrasyon.MessageQueue.Commands.csproj".
   5:7>Target "GetReferenceAssemblyPaths" in file "/usr/lib64/dotnet/sdk/10.0.101/Sdks/Microsoft.NET.Sdk/targets/Microsoft.NET.DisableStandardFrameworkResolution.targets" from project "/home/baturhan/Projeler/Entegrasyon/Application/Entegrasyon.MessageQueue.Commands/Entegrasyon.MessageQueue.Commands.csproj" (target "PrepareForBuild" depends on it):
   5:7>Done building target "GetReferenceAssemblyPaths" in project "Entegrasyon.MessageQueue.Commands.csproj".
   3:6>Done executing task "CheckForDuplicateItems".
   2:8>Done executing task "CheckForDuplicateNuGetItemsTask".
   3:6>Task "CheckForDuplicateItems"
   2:8>Done building target "CollectPackageReferences" in project "Entegrasyon.Business.csproj".
   5:7>Target "PrepareForBuild" in file "/usr/lib64/dotnet/sdk/10.0.101/Microsoft.Common.CurrentVersion.targets" from project "/home/baturhan/Projeler/Entegrasyon/Application/Entegrasyon.MessageQueue.Commands/Entegrasyon.MessageQueue.Commands.csproj" (target "CoreBuild" depends on it):
   5:7>Using "FindAppConfigFile" task from assembly "Microsoft.Build.Tasks.Core, Version=15.1.0.0, Culture=neutral, PublicKeyToken=b03f5f7f11d50a3a".
       Task "FindAppConfigFile"
   7:7>Done executing task "CheckForDuplicateItems".
   5:7>Done executing task "FindAppConfigFile".
   7:7>Task "CheckForDuplicateItems"
   4:6>Done executing task "CheckForDuplicateNuGetItemsTask".
   5:7>PrepareForBuild:
       Using "MakeDir" task from assembly "Microsoft.Build.Tasks.Core, Version=15.1.0.0, Culture=neutral, PublicKeyToken=b03f5f7f11d50a3a".
   3:6>Done executing task "CheckForDuplicateItems".
   5:7>Task "MakeDir"
   3:6>Task "CheckForDuplicateItems"
   4:6>Done building target "CollectPackageReferences" in project "Entegrasyon.ApplicationBootstrap.csproj".
   2:8>Target "_GetRestoreProjectStyle" in file "/usr/lib64/dotnet/sdk/10.0.101/NuGet.targets" from project "/home/baturhan/Projeler/Entegrasyon/Application/Entegrasyon.Business/Entegrasyon.Business.csproj" (target "EnableIntermediateOutputPathMismatchWarning" depends on it):
   2:8>Using "GetRestoreProjectStyleTask" task from assembly "/usr/lib64/dotnet/sdk/10.0.101/NuGet.Build.Tasks.dll".
   7:7>Done executing task "CheckForDuplicateItems".
   2:8>Task "GetRestoreProjectStyleTask"
   7:7>Task "CheckForDuplicateItems"
   6:8>ProcessFrameworkReferences:
         Found 1 known framework references for target framework .NETCoreApp
         Found 5 known runtime packs for target framework .NETCoreApp
   3:6>Done executing task "CheckForDuplicateItems".
   5:7>Done executing task "MakeDir".
   7:7>Done executing task "CheckForDuplicateItems".
   5:7>Done building target "PrepareForBuild" in project "Entegrasyon.MessageQueue.Commands.csproj".
   3:6>Done building target "CheckForDuplicateItems" in project "Entegrasyon.MessageQueue.Handler.csproj".
   2:8>Done executing task "GetRestoreProjectStyleTask".
   6:8>ProcessFrameworkReferences:
         Selected Microsoft.NETCore.App with RIDs 'linux-arm;linux-arm64;linux-musl-arm64;linux-musl-x64;linux-x64;osx-x64;tizen.4.0.0-armel;tizen.5.0.0-armel;win-arm64;win-x64;win-x86;linux-musl-arm;osx-arm64;linux-s390x;linux-loongarch64;linux-bionic-arm;linux-bionic-arm64;linux-bionic-x64;linux-bionic-x86;linux-ppc64le;freebsd-x64;freebsd-arm64'
   2:8>Done building target "_GetRestoreProjectStyle" in project "Entegrasyon.Business.csproj".
   7:7>Done building target "CheckForDuplicateItems" in project "Entegrasyon.DataAccess.csproj".
   4:6>Target "_GetRestoreProjectStyle" in file "/usr/lib64/dotnet/sdk/10.0.101/NuGet.targets" from project "/home/baturhan/Projeler/Entegrasyon/Application/Entegrasyon.ApplicationBootstrap/Entegrasyon.ApplicationBootstrap.csproj" (target "EnableIntermediateOutputPathMismatchWarning" depends on it):
   4:6>Using "GetRestoreProjectStyleTask" task from assembly "/usr/lib64/dotnet/sdk/10.0.101/NuGet.Build.Tasks.dll".
       Task "GetRestoreProjectStyleTask"
   2:8>Target "EnableIntermediateOutputPathMismatchWarning" in file "/usr/lib64/dotnet/sdk/10.0.101/NuGet.targets" from project "/home/baturhan/Projeler/Entegrasyon/Application/Entegrasyon.Business/Entegrasyon.Business.csproj" (target "_CheckForInvalidConfigurationAndPlatform" depends on it):
   2:8>Done building target "EnableIntermediateOutputPathMismatchWarning" in project "Entegrasyon.Business.csproj".
       Target "ApplyImplicitVersions" skipped. Previously built successfully.
       Target "CheckForImplicitPackageReferenceOverrides" skipped. Previously built successfully.
   5:7>Target "GenerateTargetFrameworkDefineConstants" in file "/usr/lib64/dotnet/sdk/10.0.101/Sdks/Microsoft.NET.Sdk/targets/Microsoft.NET.Sdk.BeforeCommon.targets" from project "/home/baturhan/Projeler/Entegrasyon/Application/Entegrasyon.MessageQueue.Commands/Entegrasyon.MessageQueue.Commands.csproj" (target "AddImplicitDefineConstants" depends on it):
   5:7>Done building target "GenerateTargetFrameworkDefineConstants" in project "Entegrasyon.MessageQueue.Commands.csproj".
   3:6>Target "ProcessFrameworkReferences" skipped. Previously built successfully.
   7:7>Target "ProcessFrameworkReferences" skipped. Previously built successfully.
   4:6>Done executing task "GetRestoreProjectStyleTask".
   4:6>Done building target "_GetRestoreProjectStyle" in project "Entegrasyon.ApplicationBootstrap.csproj".
   3:6>Target "_CheckForInvalidConfigurationAndPlatform" in file "/usr/lib64/dotnet/sdk/10.0.101/Microsoft.Common.CurrentVersion.targets" from project "/home/baturhan/Projeler/Entegrasyon/Application/Entegrasyon.MessageQueue/Entegrasyon.MessageQueue.Handler.csproj" (target "BeforeBuild" depends on it):
   3:6>Task "Message"
   4:6>Target "EnableIntermediateOutputPathMismatchWarning" in file "/usr/lib64/dotnet/sdk/10.0.101/NuGet.targets" from project "/home/baturhan/Projeler/Entegrasyon/Application/Entegrasyon.ApplicationBootstrap/Entegrasyon.ApplicationBootstrap.csproj" (target "_CheckForInvalidConfigurationAndPlatform" depends on it):
   4:6>Done building target "EnableIntermediateOutputPathMismatchWarning" in project "Entegrasyon.ApplicationBootstrap.csproj".
   6:8>ProcessFrameworkReferences:
         Selected targeting pack 'Microsoft.NETCore.App@8.0.22'
   7:7>Target "_CheckForInvalidConfigurationAndPlatform" in file "/usr/lib64/dotnet/sdk/10.0.101/Microsoft.Common.CurrentVersion.targets" from project "/home/baturhan/Projeler/Entegrasyon/Application/Entegrasyon.DataAccess/Entegrasyon.DataAccess.csproj" (target "BeforeBuild" depends on it):
   7:7>Task "Message"
   6:8>ProcessFrameworkReferences:
         Added runtime framework 'Microsoft.NETCore.App@8.0.0'
   4:6>Target "ApplyImplicitVersions" skipped. Previously built successfully.
       Target "CheckForImplicitPackageReferenceOverrides" skipped. Previously built successfully.
   6:8>ProcessFrameworkReferences:
         Ignoring framework reference to Microsoft.WindowsDesktop.App as it is Windows-only and the current platform is not Windows.
         Ignoring framework reference to Microsoft.WindowsDesktop.App.WPF as it is Windows-only and the current platform is not Windows.
         Ignoring framework reference to Microsoft.WindowsDesktop.App.WindowsForms as it is Windows-only and the current platform is not Windows.
         Selected Microsoft.AspNetCore.App with RIDs 'win-x64;win-x86;osx-x64;linux-musl-x64;linux-musl-arm64;linux-x64;linux-arm;linux-arm64;linux-musl-arm;win-arm64;osx-arm64;linux-s390x;linux-loongarch64;linux-ppc64le;freebsd-x64;freebsd-arm64'
   3:6>_CheckForInvalidConfigurationAndPlatform:
         Configuration=Debug
   7:7>_CheckForInvalidConfigurationAndPlatform:
         Configuration=Debug
   3:6>Done executing task "Message".
   7:7>Done executing task "Message".
   6:8>ProcessFrameworkReferences:
         Selected targeting pack 'Microsoft.AspNetCore.App@8.0.22'
   3:6>Task "Message"
   7:7>Task "Message"
   6:8>ProcessFrameworkReferences:
         Added runtime framework 'Microsoft.AspNetCore.App@8.0.0'
   3:6>_CheckForInvalidConfigurationAndPlatform:
         Platform=AnyCPU
   7:7>_CheckForInvalidConfigurationAndPlatform:
         Platform=AnyCPU
   3:6>Done executing task "Message".
   7:7>Done executing task "Message".
   4:6>Target "CheckForDuplicateItems" in file "/usr/lib64/dotnet/sdk/10.0.101/Sdks/Microsoft.NET.Sdk/targets/Microsoft.NET.Sdk.DefaultItems.Shared.targets" from project "/home/baturhan/Projeler/Entegrasyon/Application/Entegrasyon.ApplicationBootstrap/Entegrasyon.ApplicationBootstrap.csproj" (target "_CheckForInvalidConfigurationAndPlatform" depends on it):
   4:6>Using "CheckForDuplicateItems" task from assembly "/usr/lib64/dotnet/sdk/10.0.101/Sdks/Microsoft.NET.Sdk/targets/../tools/net10.0/Microsoft.NET.Build.Tasks.dll".
       Task "CheckForDuplicateItems"
   6:8>Done executing task "ProcessFrameworkReferences".
   8:7>Target "_ComputeToolPackInputsToProcessFrameworkReferences" in file "/usr/lib64/dotnet/sdk/10.0.101/Sdks/Microsoft.NET.Sdk/targets/Microsoft.NET.Publish.targets" from project "/home/baturhan/Projeler/Entegrasyon/Application/Entegrasyon.Entity/Entegrasyon.Entity.csproj" (target "ProcessFrameworkReferences" depends on it):
   8:7>Done building target "_ComputeToolPackInputsToProcessFrameworkReferences" in project "Entegrasyon.Entity.csproj".
   7:7>Done building target "_CheckForInvalidConfigurationAndPlatform" in project "Entegrasyon.DataAccess.csproj".
   4:6>Done executing task "CheckForDuplicateItems".
   3:6>Done building target "_CheckForInvalidConfigurationAndPlatform" in project "Entegrasyon.MessageQueue.Handler.csproj".
   6:8>ProcessFrameworkReferences:
       Using "ResolveAppHosts" task from assembly "/usr/lib64/dotnet/sdk/10.0.101/Sdks/Microsoft.NET.Sdk/targets/../tools/net10.0/Microsoft.NET.Build.Tasks.dll".
   7:7>Target "ValidateCommandLineProperties" in file "/usr/lib64/dotnet/sdk/10.0.101/Sdks/Microsoft.NET.Sdk/targets/Microsoft.NET.Sdk.targets" from project "/home/baturhan/Projeler/Entegrasyon/Application/Entegrasyon.DataAccess/Entegrasyon.DataAccess.csproj" (target "BeforeBuild" depends on it):
   7:7>Done building target "ValidateCommandLineProperties" in project "Entegrasyon.DataAccess.csproj".
   6:8>Task "ResolveAppHosts"
   4:6>Task "CheckForDuplicateItems"
   3:6>Target "ValidateCommandLineProperties" in file "/usr/lib64/dotnet/sdk/10.0.101/Sdks/Microsoft.NET.Sdk/targets/Microsoft.NET.Sdk.targets" from project "/home/baturhan/Projeler/Entegrasyon/Application/Entegrasyon.MessageQueue/Entegrasyon.MessageQueue.Handler.csproj" (target "BeforeBuild" depends on it):
   3:6>Done building target "ValidateCommandLineProperties" in project "Entegrasyon.MessageQueue.Handler.csproj".
   7:7>Target "BeforeBuild" in file "/usr/lib64/dotnet/sdk/10.0.101/Microsoft.Common.CurrentVersion.targets" from project "/home/baturhan/Projeler/Entegrasyon/Application/Entegrasyon.DataAccess/Entegrasyon.DataAccess.csproj" (target "Build" depends on it):
   7:7>Done building target "BeforeBuild" in project "Entegrasyon.DataAccess.csproj".
   5:7>Target "GenerateNETCompatibleDefineConstants" in file "/usr/lib64/dotnet/sdk/10.0.101/Sdks/Microsoft.NET.Sdk/targets/Microsoft.NET.Sdk.BeforeCommon.targets" from project "/home/baturhan/Projeler/Entegrasyon/Application/Entegrasyon.MessageQueue.Commands/Entegrasyon.MessageQueue.Commands.csproj" (target "AddImplicitDefineConstants" depends on it):
   5:7>Done building target "GenerateNETCompatibleDefineConstants" in project "Entegrasyon.MessageQueue.Commands.csproj".
   3:6>Target "BeforeBuild" in file "/usr/lib64/dotnet/sdk/10.0.101/Microsoft.Common.CurrentVersion.targets" from project "/home/baturhan/Projeler/Entegrasyon/Application/Entegrasyon.MessageQueue/Entegrasyon.MessageQueue.Handler.csproj" (target "Build" depends on it):
   3:6>Done building target "BeforeBuild" in project "Entegrasyon.MessageQueue.Handler.csproj".
   5:7>Target "AddImplicitDefineConstants" in file "/usr/lib64/dotnet/sdk/10.0.101/Sdks/Microsoft.NET.Sdk/targets/Microsoft.NET.Sdk.BeforeCommon.targets" from project "/home/baturhan/Projeler/Entegrasyon/Application/Entegrasyon.MessageQueue.Commands/Entegrasyon.MessageQueue.Commands.csproj" (target "CoreBuild" depends on it):
   5:7>/usr/lib64/dotnet/sdk/10.0.101/Sdks/Microsoft.NET.Sdk/targets/Microsoft.NET.Sdk.BeforeCommon.targets(295,7): message : Property reassignment: $(DefineConstants)="TRACE;DEBUG;NET;NET8_0;NETCOREAPP;NET5_0_OR_GREATER;NET6_0_OR_GREATER;NET7_0_OR_GREATER;NET8_0_OR_GREATER;NETCOREAPP1_0_OR_GREATER;NETCOREAPP1_1_OR_GREATER;NETCOREAPP2_0_OR_GREATER;NETCOREAPP2_1_OR_GREATER;NETCOREAPP2_2_OR_GREATER;NETCOREAPP3_0_OR_GREATER;NETCOREAPP3_1_OR_GREATER" (previous value: "TRACE;DEBUG") at /usr/lib64/dotnet/sdk/10.0.101/Sdks/Microsoft.NET.Sdk/targets/Microsoft.NET.Sdk.BeforeCommon.targets (295,7) [/home/baturhan/Projeler/Entegrasyon/Application/Entegrasyon.MessageQueue.Commands/Entegrasyon.MessageQueue.Commands.csproj]
   3:6>Target "BuildOnlySettings" in file "/usr/lib64/dotnet/sdk/10.0.101/Microsoft.Common.CurrentVersion.targets" from project "/home/baturhan/Projeler/Entegrasyon/Application/Entegrasyon.MessageQueue/Entegrasyon.MessageQueue.Handler.csproj" (target "CoreBuild" depends on it):
   3:6>/usr/lib64/dotnet/sdk/10.0.101/Microsoft.Common.CurrentVersion.targets(1168,7): message : Property reassignment: $(BuildingProject)="true" (previous value: "false") at /usr/lib64/dotnet/sdk/10.0.101/Microsoft.Common.CurrentVersion.targets (1168,7) [/home/baturhan/Projeler/Entegrasyon/Application/Entegrasyon.MessageQueue/Entegrasyon.MessageQueue.Handler.csproj]
   5:7>Done building target "AddImplicitDefineConstants" in project "Entegrasyon.MessageQueue.Commands.csproj".
   3:6>Done building target "BuildOnlySettings" in project "Entegrasyon.MessageQueue.Handler.csproj".
   4:6>Done executing task "CheckForDuplicateItems".
       Task "CheckForDuplicateItems"
   3:6>Target "GetFrameworkPaths" in file "/usr/lib64/dotnet/sdk/10.0.101/Sdks/Microsoft.NET.Sdk/targets/Microsoft.NET.DisableStandardFrameworkResolution.targets" from project "/home/baturhan/Projeler/Entegrasyon/Application/Entegrasyon.MessageQueue/Entegrasyon.MessageQueue.Handler.csproj" (target "PrepareForBuild" depends on it):
   3:6>Done building target "GetFrameworkPaths" in project "Entegrasyon.MessageQueue.Handler.csproj".
   7:7>Target "BuildOnlySettings" in file "/usr/lib64/dotnet/sdk/10.0.101/Microsoft.Common.CurrentVersion.targets" from project "/home/baturhan/Projeler/Entegrasyon/Application/Entegrasyon.DataAccess/Entegrasyon.DataAccess.csproj" (target "CoreBuild" depends on it):
   7:7>/usr/lib64/dotnet/sdk/10.0.101/Microsoft.Common.CurrentVersion.targets(1168,7): message : Property reassignment: $(BuildingProject)="true" (previous value: "false") at /usr/lib64/dotnet/sdk/10.0.101/Microsoft.Common.CurrentVersion.targets (1168,7) [/home/baturhan/Projeler/Entegrasyon/Application/Entegrasyon.DataAccess/Entegrasyon.DataAccess.csproj]
   5:7>Target "GenerateGlobalUsings" in file "/usr/lib64/dotnet/sdk/10.0.101/Sdks/Microsoft.NET.Sdk/targets/Microsoft.NET.GenerateGlobalUsings.targets" from project "/home/baturhan/Projeler/Entegrasyon/Application/Entegrasyon.MessageQueue.Commands/Entegrasyon.MessageQueue.Commands.csproj" (target "CoreBuild" depends on it):
   5:7>Using "GenerateGlobalUsings" task from assembly "/usr/lib64/dotnet/sdk/10.0.101/Sdks/Microsoft.NET.Sdk/targets/../tools/net10.0/Microsoft.NET.Build.Tasks.dll".
   7:7>Done building target "BuildOnlySettings" in project "Entegrasyon.DataAccess.csproj".
   5:7>Task "GenerateGlobalUsings"
   3:6>Target "GetReferenceAssemblyPaths" in file "/usr/lib64/dotnet/sdk/10.0.101/Sdks/Microsoft.NET.Sdk/targets/Microsoft.NET.DisableStandardFrameworkResolution.targets" from project "/home/baturhan/Projeler/Entegrasyon/Application/Entegrasyon.MessageQueue/Entegrasyon.MessageQueue.Handler.csproj" (target "PrepareForBuild" depends on it):
   3:6>Done building target "GetReferenceAssemblyPaths" in project "Entegrasyon.MessageQueue.Handler.csproj".
   8:7>Target "ProcessFrameworkReferences" in file "/usr/lib64/dotnet/sdk/10.0.101/Sdks/Microsoft.NET.Sdk/targets/Microsoft.NET.Sdk.FrameworkReferenceResolution.targets" from project "/home/baturhan/Projeler/Entegrasyon/Application/Entegrasyon.Entity/Entegrasyon.Entity.csproj" (target "CollectPackageReferences" depends on it):
   8:7>Using "CheckForDuplicateFrameworkReferences" task from assembly "/usr/lib64/dotnet/sdk/10.0.101/Sdks/Microsoft.NET.Sdk/targets/../tools/net10.0/Microsoft.NET.Build.Tasks.dll".
       Task "CheckForDuplicateFrameworkReferences"
   7:7>Target "GetFrameworkPaths" in file "/usr/lib64/dotnet/sdk/10.0.101/Sdks/Microsoft.NET.Sdk/targets/Microsoft.NET.DisableStandardFrameworkResolution.targets" from project "/home/baturhan/Projeler/Entegrasyon/Application/Entegrasyon.DataAccess/Entegrasyon.DataAccess.csproj" (target "PrepareForBuild" depends on it):
   7:7>Done building target "GetFrameworkPaths" in project "Entegrasyon.DataAccess.csproj".
   4:6>Done executing task "CheckForDuplicateItems".
   7:7>Target "GetReferenceAssemblyPaths" in file "/usr/lib64/dotnet/sdk/10.0.101/Sdks/Microsoft.NET.Sdk/targets/Microsoft.NET.DisableStandardFrameworkResolution.targets" from project "/home/baturhan/Projeler/Entegrasyon/Application/Entegrasyon.DataAccess/Entegrasyon.DataAccess.csproj" (target "PrepareForBuild" depends on it):
   7:7>Done building target "GetReferenceAssemblyPaths" in project "Entegrasyon.DataAccess.csproj".
   4:6>Done building target "CheckForDuplicateItems" in project "Entegrasyon.ApplicationBootstrap.csproj".
   5:7>Done executing task "GenerateGlobalUsings".
   7:7>Target "PrepareForBuild" in file "/usr/lib64/dotnet/sdk/10.0.101/Microsoft.Common.CurrentVersion.targets" from project "/home/baturhan/Projeler/Entegrasyon/Application/Entegrasyon.DataAccess/Entegrasyon.DataAccess.csproj" (target "CoreBuild" depends on it):
   7:7>Task "FindAppConfigFile"
       Done executing task "FindAppConfigFile".
       Task "MakeDir"
   6:8>Done executing task "ResolveAppHosts".
   3:6>Target "PrepareForBuild" in file "/usr/lib64/dotnet/sdk/10.0.101/Microsoft.Common.CurrentVersion.targets" from project "/home/baturhan/Projeler/Entegrasyon/Application/Entegrasyon.MessageQueue/Entegrasyon.MessageQueue.Handler.csproj" (target "CoreBuild" depends on it):
   3:6>Using "FindAppConfigFile" task from assembly "Microsoft.Build.Tasks.Core, Version=15.1.0.0, Culture=neutral, PublicKeyToken=b03f5f7f11d50a3a".
   4:6>Target "ProcessFrameworkReferences" skipped. Previously built successfully.
   5:7>GenerateGlobalUsings:
       Using "WriteLinesToFile" task from assembly "Microsoft.Build.Tasks.Core, Version=15.1.0.0, Culture=neutral, PublicKeyToken=b03f5f7f11d50a3a".
   3:6>Task "FindAppConfigFile"
   8:7>Done executing task "CheckForDuplicateFrameworkReferences".
   5:7>Task "WriteLinesToFile"
   4:6>Target "_CheckForInvalidConfigurationAndPlatform" in file "/usr/lib64/dotnet/sdk/10.0.101/Microsoft.Common.CurrentVersion.targets" from project "/home/baturhan/Projeler/Entegrasyon/Application/Entegrasyon.ApplicationBootstrap/Entegrasyon.ApplicationBootstrap.csproj" (target "BeforeBuild" depends on it):
   4:6>Task "Message"
   3:6>Done executing task "FindAppConfigFile".
   6:8>Done building target "ProcessFrameworkReferences" in project "Shared.csproj".
   6:8>Target "_CheckForObsoleteDotNetCliToolReferences" in file "/usr/lib64/dotnet/sdk/10.0.101/Sdks/Microsoft.NET.Sdk/targets/Microsoft.NET.ObsoleteReferences.targets" from project "/home/baturhan/Projeler/Entegrasyon/Shared/Shared/Shared.csproj" (target "CollectPackageReferences" depends on it):
   6:8>Done building target "_CheckForObsoleteDotNetCliToolReferences" in project "Shared.csproj".
   7:7>Done executing task "MakeDir".
   3:6>PrepareForBuild:
       Using "MakeDir" task from assembly "Microsoft.Build.Tasks.Core, Version=15.1.0.0, Culture=neutral, PublicKeyToken=b03f5f7f11d50a3a".
   7:7>Done building target "PrepareForBuild" in project "Entegrasyon.DataAccess.csproj".
   3:6>Task "MakeDir"
   4:6>_CheckForInvalidConfigurationAndPlatform:
         Configuration=Debug
   5:7>GenerateGlobalUsings:
         Skipping write to file "obj/Debug/net8.0/Entegrasyon.MessageQueue.Commands.GlobalUsings.g.cs" because content would not change.
   4:6>Done executing task "Message".
   5:7>Done executing task "WriteLinesToFile".
   4:6>Task "Message"
   5:7>Done building target "GenerateGlobalUsings" in project "Entegrasyon.MessageQueue.Commands.csproj".
   4:6>_CheckForInvalidConfigurationAndPlatform:
         Platform=AnyCPU
       Done executing task "Message".
   6:8>Target "CollectPackageReferences" in file "/usr/lib64/dotnet/sdk/10.0.101/NuGet.targets" from project "/home/baturhan/Projeler/Entegrasyon/Shared/Shared/Shared.csproj" (target "_GetRestoreProjectStyle" depends on it):
   6:8>Using "CheckForDuplicateNuGetItemsTask" task from assembly "/usr/lib64/dotnet/sdk/10.0.101/NuGet.Build.Tasks.dll".
   5:7>Target "BeforeResolveReferences" in file "/usr/lib64/dotnet/sdk/10.0.101/Microsoft.Common.CurrentVersion.targets" from project "/home/baturhan/Projeler/Entegrasyon/Application/Entegrasyon.MessageQueue.Commands/Entegrasyon.MessageQueue.Commands.csproj" (target "ResolveReferences" depends on it):
   5:7>Done building target "BeforeResolveReferences" in project "Entegrasyon.MessageQueue.Commands.csproj".
   6:8>Task "CheckForDuplicateNuGetItemsTask"
   3:6>Done executing task "MakeDir".
   5:7>Target "IgnoreJavaScriptOutputAssembly" in file "/usr/lib64/dotnet/sdk/10.0.101/Microsoft.Common.CurrentVersion.targets" from project "/home/baturhan/Projeler/Entegrasyon/Application/Entegrasyon.MessageQueue.Commands/Entegrasyon.MessageQueue.Commands.csproj" (target "AssignProjectConfiguration" depends on it):
   5:7>Done building target "IgnoreJavaScriptOutputAssembly" in project "Entegrasyon.MessageQueue.Commands.csproj".
   7:7>Target "GenerateTargetFrameworkDefineConstants" in file "/usr/lib64/dotnet/sdk/10.0.101/Sdks/Microsoft.NET.Sdk/targets/Microsoft.NET.Sdk.BeforeCommon.targets" from project "/home/baturhan/Projeler/Entegrasyon/Application/Entegrasyon.DataAccess/Entegrasyon.DataAccess.csproj" (target "AddImplicitDefineConstants" depends on it):
   7:7>Done building target "GenerateTargetFrameworkDefineConstants" in project "Entegrasyon.DataAccess.csproj".
   3:6>Done building target "PrepareForBuild" in project "Entegrasyon.MessageQueue.Handler.csproj".
   5:7>Target "ProcessFrameworkReferences" skipped. Previously built successfully.
   5:7>Target "_DefaultMicrosoftNETPlatformLibrary" in file "/usr/lib64/dotnet/sdk/10.0.101/Sdks/Microsoft.NET.Sdk/targets/Microsoft.NET.Sdk.Shared.targets" from project "/home/baturhan/Projeler/Entegrasyon/Application/Entegrasyon.MessageQueue.Commands/Entegrasyon.MessageQueue.Commands.csproj" (target "ResolvePackageAssets" depends on it):
   5:7>Done building target "_DefaultMicrosoftNETPlatformLibrary" in project "Entegrasyon.MessageQueue.Commands.csproj".
   4:6>Done building target "_CheckForInvalidConfigurationAndPlatform" in project "Entegrasyon.ApplicationBootstrap.csproj".
   5:7>Target "_ComputePackageReferencePublish" in file "/usr/lib64/dotnet/sdk/10.0.101/Sdks/Microsoft.NET.Sdk/targets/Microsoft.NET.Sdk.Shared.targets" from project "/home/baturhan/Projeler/Entegrasyon/Application/Entegrasyon.MessageQueue.Commands/Entegrasyon.MessageQueue.Commands.csproj" (target "ResolvePackageAssets" depends on it):
   5:7>Done building target "_ComputePackageReferencePublish" in project "Entegrasyon.MessageQueue.Commands.csproj".
   4:6>Target "ValidateCommandLineProperties" in file "/usr/lib64/dotnet/sdk/10.0.101/Sdks/Microsoft.NET.Sdk/targets/Microsoft.NET.Sdk.targets" from project "/home/baturhan/Projeler/Entegrasyon/Application/Entegrasyon.ApplicationBootstrap/Entegrasyon.ApplicationBootstrap.csproj" (target "BeforeBuild" depends on it):
   4:6>Done building target "ValidateCommandLineProperties" in project "Entegrasyon.ApplicationBootstrap.csproj".
   4:6>Target "BeforeBuild" in file "/usr/lib64/dotnet/sdk/10.0.101/Microsoft.Common.CurrentVersion.targets" from project "/home/baturhan/Projeler/Entegrasyon/Application/Entegrasyon.ApplicationBootstrap/Entegrasyon.ApplicationBootstrap.csproj" (target "Build" depends on it):
   4:6>Done building target "BeforeBuild" in project "Entegrasyon.ApplicationBootstrap.csproj".
   6:8>Done executing task "CheckForDuplicateNuGetItemsTask".
   6:8>Done building target "CollectPackageReferences" in project "Shared.csproj".
   8:7>ProcessFrameworkReferences:
       Using "ProcessFrameworkReferences" task from assembly "/usr/lib64/dotnet/sdk/10.0.101/Sdks/Microsoft.NET.Sdk/targets/../tools/net10.0/Microsoft.NET.Build.Tasks.dll".
       Task "ProcessFrameworkReferences"
   3:6>Target "GenerateTargetFrameworkDefineConstants" in file "/usr/lib64/dotnet/sdk/10.0.101/Sdks/Microsoft.NET.Sdk/targets/Microsoft.NET.Sdk.BeforeCommon.targets" from project "/home/baturhan/Projeler/Entegrasyon/Application/Entegrasyon.MessageQueue/Entegrasyon.MessageQueue.Handler.csproj" (target "AddImplicitDefineConstants" depends on it):
   3:6>Done building target "GenerateTargetFrameworkDefineConstants" in project "Entegrasyon.MessageQueue.Handler.csproj".
   6:8>Target "_GetRestoreProjectStyle" in file "/usr/lib64/dotnet/sdk/10.0.101/NuGet.targets" from project "/home/baturhan/Projeler/Entegrasyon/Shared/Shared/Shared.csproj" (target "EnableIntermediateOutputPathMismatchWarning" depends on it):
   6:8>Using "GetRestoreProjectStyleTask" task from assembly "/usr/lib64/dotnet/sdk/10.0.101/NuGet.Build.Tasks.dll".
   5:7>Target "ResolvePackageAssets" in file "/usr/lib64/dotnet/sdk/10.0.101/Sdks/Microsoft.NET.Sdk/targets/Microsoft.PackageDependencyResolution.targets" from project "/home/baturhan/Projeler/Entegrasyon/Application/Entegrasyon.MessageQueue.Commands/Entegrasyon.MessageQueue.Commands.csproj" (target "ResolveLockFileReferences" depends on it):
   5:7>Using "ResolvePackageAssets" task from assembly "/usr/lib64/dotnet/sdk/10.0.101/Sdks/Microsoft.NET.Sdk/targets/../tools/net10.0/Microsoft.NET.Build.Tasks.dll".
       Task "ResolvePackageAssets"
   6:8>Task "GetRestoreProjectStyleTask"
   2:8>Target "CheckForDuplicateItems" in file "/usr/lib64/dotnet/sdk/10.0.101/Sdks/Microsoft.NET.Sdk/targets/Microsoft.NET.Sdk.DefaultItems.Shared.targets" from project "/home/baturhan/Projeler/Entegrasyon/Application/Entegrasyon.Business/Entegrasyon.Business.csproj" (target "_CheckForInvalidConfigurationAndPlatform" depends on it):
   2:8>Using "CheckForDuplicateItems" task from assembly "/usr/lib64/dotnet/sdk/10.0.101/Sdks/Microsoft.NET.Sdk/targets/../tools/net10.0/Microsoft.NET.Build.Tasks.dll".
   6:8>Done executing task "GetRestoreProjectStyleTask".
   2:8>Task "CheckForDuplicateItems"
   6:8>Done building target "_GetRestoreProjectStyle" in project "Shared.csproj".
   2:8>Done executing task "CheckForDuplicateItems".
       Task "CheckForDuplicateItems"
   6:8>Target "EnableIntermediateOutputPathMismatchWarning" in file "/usr/lib64/dotnet/sdk/10.0.101/NuGet.targets" from project "/home/baturhan/Projeler/Entegrasyon/Shared/Shared/Shared.csproj" (target "_CheckForInvalidConfigurationAndPlatform" depends on it):
   6:8>Done building target "EnableIntermediateOutputPathMismatchWarning" in project "Shared.csproj".
   2:8>Done executing task "CheckForDuplicateItems".
   6:8>Target "ApplyImplicitVersions" skipped. Previously built successfully.
   2:8>Task "CheckForDuplicateItems"
       Done executing task "CheckForDuplicateItems".
   4:6>Target "BuildOnlySettings" in file "/usr/lib64/dotnet/sdk/10.0.101/Microsoft.Common.CurrentVersion.targets" from project "/home/baturhan/Projeler/Entegrasyon/Application/Entegrasyon.ApplicationBootstrap/Entegrasyon.ApplicationBootstrap.csproj" (target "CoreBuild" depends on it):
   4:6>/usr/lib64/dotnet/sdk/10.0.101/Microsoft.Common.CurrentVersion.targets(1168,7): message : Property reassignment: $(BuildingProject)="true" (previous value: "false") at /usr/lib64/dotnet/sdk/10.0.101/Microsoft.Common.CurrentVersion.targets (1168,7) [/home/baturhan/Projeler/Entegrasyon/Application/Entegrasyon.ApplicationBootstrap/Entegrasyon.ApplicationBootstrap.csproj]
   6:8>Target "CheckForImplicitPackageReferenceOverrides" skipped. Previously built successfully.
   2:8>Done building target "CheckForDuplicateItems" in project "Entegrasyon.Business.csproj".
   4:6>Done building target "BuildOnlySettings" in project "Entegrasyon.ApplicationBootstrap.csproj".
   2:8>Target "ProcessFrameworkReferences" skipped. Previously built successfully.
   4:6>Target "GetFrameworkPaths" in file "/usr/lib64/dotnet/sdk/10.0.101/Sdks/Microsoft.NET.Sdk/targets/Microsoft.NET.DisableStandardFrameworkResolution.targets" from project "/home/baturhan/Projeler/Entegrasyon/Application/Entegrasyon.ApplicationBootstrap/Entegrasyon.ApplicationBootstrap.csproj" (target "PrepareForBuild" depends on it):
   4:6>Done building target "GetFrameworkPaths" in project "Entegrasyon.ApplicationBootstrap.csproj".
   2:8>Target "_CheckForInvalidConfigurationAndPlatform" in file "/usr/lib64/dotnet/sdk/10.0.101/Microsoft.Common.CurrentVersion.targets" from project "/home/baturhan/Projeler/Entegrasyon/Application/Entegrasyon.Business/Entegrasyon.Business.csproj" (target "BeforeBuild" depends on it):
   2:8>Task "Message"
         Configuration=Debug
       Done executing task "Message".
       Task "Message"
   7:7>Target "GenerateNETCompatibleDefineConstants" in file "/usr/lib64/dotnet/sdk/10.0.101/Sdks/Microsoft.NET.Sdk/targets/Microsoft.NET.Sdk.BeforeCommon.targets" from project "/home/baturhan/Projeler/Entegrasyon/Application/Entegrasyon.DataAccess/Entegrasyon.DataAccess.csproj" (target "AddImplicitDefineConstants" depends on it):
   7:7>Done building target "GenerateNETCompatibleDefineConstants" in project "Entegrasyon.DataAccess.csproj".
   2:8>_CheckForInvalidConfigurationAndPlatform:
         Platform=AnyCPU
   6:8>Target "CheckForDuplicateItems" in file "/usr/lib64/dotnet/sdk/10.0.101/Sdks/Microsoft.NET.Sdk/targets/Microsoft.NET.Sdk.DefaultItems.Shared.targets" from project "/home/baturhan/Projeler/Entegrasyon/Shared/Shared/Shared.csproj" (target "_CheckForInvalidConfigurationAndPlatform" depends on it):
   6:8>Using "CheckForDuplicateItems" task from assembly "/usr/lib64/dotnet/sdk/10.0.101/Sdks/Microsoft.NET.Sdk/targets/../tools/net10.0/Microsoft.NET.Build.Tasks.dll".
   2:8>Done executing task "Message".
   6:8>Task "CheckForDuplicateItems"
   2:8>Done building target "_CheckForInvalidConfigurationAndPlatform" in project "Entegrasyon.Business.csproj".
   7:7>Target "AddImplicitDefineConstants" in file "/usr/lib64/dotnet/sdk/10.0.101/Sdks/Microsoft.NET.Sdk/targets/Microsoft.NET.Sdk.BeforeCommon.targets" from project "/home/baturhan/Projeler/Entegrasyon/Application/Entegrasyon.DataAccess/Entegrasyon.DataAccess.csproj" (target "CoreBuild" depends on it):
   7:7>/usr/lib64/dotnet/sdk/10.0.101/Sdks/Microsoft.NET.Sdk/targets/Microsoft.NET.Sdk.BeforeCommon.targets(295,7): message : Property reassignment: $(DefineConstants)="TRACE;DEBUG;NET;NET8_0;NETCOREAPP;NET5_0_OR_GREATER;NET6_0_OR_GREATER;NET7_0_OR_GREATER;NET8_0_OR_GREATER;NETCOREAPP1_0_OR_GREATER;NETCOREAPP1_1_OR_GREATER;NETCOREAPP2_0_OR_GREATER;NETCOREAPP2_1_OR_GREATER;NETCOREAPP2_2_OR_GREATER;NETCOREAPP3_0_OR_GREATER;NETCOREAPP3_1_OR_GREATER" (previous value: "TRACE;DEBUG") at /usr/lib64/dotnet/sdk/10.0.101/Sdks/Microsoft.NET.Sdk/targets/Microsoft.NET.Sdk.BeforeCommon.targets (295,7) [/home/baturhan/Projeler/Entegrasyon/Application/Entegrasyon.DataAccess/Entegrasyon.DataAccess.csproj]
   7:7>Done building target "AddImplicitDefineConstants" in project "Entegrasyon.DataAccess.csproj".
   2:8>Target "ValidateCommandLineProperties" in file "/usr/lib64/dotnet/sdk/10.0.101/Sdks/Microsoft.NET.Sdk/targets/Microsoft.NET.Sdk.targets" from project "/home/baturhan/Projeler/Entegrasyon/Application/Entegrasyon.Business/Entegrasyon.Business.csproj" (target "BeforeBuild" depends on it):
   2:8>Done building target "ValidateCommandLineProperties" in project "Entegrasyon.Business.csproj".
   4:6>Target "GetReferenceAssemblyPaths" in file "/usr/lib64/dotnet/sdk/10.0.101/Sdks/Microsoft.NET.Sdk/targets/Microsoft.NET.DisableStandardFrameworkResolution.targets" from project "/home/baturhan/Projeler/Entegrasyon/Application/Entegrasyon.ApplicationBootstrap/Entegrasyon.ApplicationBootstrap.csproj" (target "PrepareForBuild" depends on it):
   4:6>Done building target "GetReferenceAssemblyPaths" in project "Entegrasyon.ApplicationBootstrap.csproj".
   2:8>Target "BeforeBuild" in file "/usr/lib64/dotnet/sdk/10.0.101/Microsoft.Common.CurrentVersion.targets" from project "/home/baturhan/Projeler/Entegrasyon/Application/Entegrasyon.Business/Entegrasyon.Business.csproj" (target "Build" depends on it):
   2:8>Done building target "BeforeBuild" in project "Entegrasyon.Business.csproj".
   2:8>Target "BuildOnlySettings" in file "/usr/lib64/dotnet/sdk/10.0.101/Microsoft.Common.CurrentVersion.targets" from project "/home/baturhan/Projeler/Entegrasyon/Application/Entegrasyon.Business/Entegrasyon.Business.csproj" (target "CoreBuild" depends on it):
       /usr/lib64/dotnet/sdk/10.0.101/Microsoft.Common.CurrentVersion.targets(1168,7): message : Property reassignment: $(BuildingProject)="true" (previous value: "false") at /usr/lib64/dotnet/sdk/10.0.101/Microsoft.Common.CurrentVersion.targets (1168,7) [/home/baturhan/Projeler/Entegrasyon/Application/Entegrasyon.Business/Entegrasyon.Business.csproj]
   2:8>Done building target "BuildOnlySettings" in project "Entegrasyon.Business.csproj".
   4:6>Target "PrepareForBuild" in file "/usr/lib64/dotnet/sdk/10.0.101/Microsoft.Common.CurrentVersion.targets" from project "/home/baturhan/Projeler/Entegrasyon/Application/Entegrasyon.ApplicationBootstrap/Entegrasyon.ApplicationBootstrap.csproj" (target "CoreBuild" depends on it):
   4:6>Using "FindAppConfigFile" task from assembly "Microsoft.Build.Tasks.Core, Version=15.1.0.0, Culture=neutral, PublicKeyToken=b03f5f7f11d50a3a".
   2:8>Target "GetFrameworkPaths" in file "/usr/lib64/dotnet/sdk/10.0.101/Sdks/Microsoft.NET.Sdk/targets/Microsoft.NET.DisableStandardFrameworkResolution.targets" from project "/home/baturhan/Projeler/Entegrasyon/Application/Entegrasyon.Business/Entegrasyon.Business.csproj" (target "PrepareForBuild" depends on it):
   2:8>Done building target "GetFrameworkPaths" in project "Entegrasyon.Business.csproj".
   4:6>Task "FindAppConfigFile"
   2:8>Target "GetReferenceAssemblyPaths" in file "/usr/lib64/dotnet/sdk/10.0.101/Sdks/Microsoft.NET.Sdk/targets/Microsoft.NET.DisableStandardFrameworkResolution.targets" from project "/home/baturhan/Projeler/Entegrasyon/Application/Entegrasyon.Business/Entegrasyon.Business.csproj" (target "PrepareForBuild" depends on it):
   2:8>Done building target "GetReferenceAssemblyPaths" in project "Entegrasyon.Business.csproj".
   4:6>Done executing task "FindAppConfigFile".
   2:8>Target "PrepareForBuild" in file "/usr/lib64/dotnet/sdk/10.0.101/Microsoft.Common.CurrentVersion.targets" from project "/home/baturhan/Projeler/Entegrasyon/Application/Entegrasyon.Business/Entegrasyon.Business.csproj" (target "CoreBuild" depends on it):
   2:8>Using "FindAppConfigFile" task from assembly "Microsoft.Build.Tasks.Core, Version=15.1.0.0, Culture=neutral, PublicKeyToken=b03f5f7f11d50a3a".
   4:6>PrepareForBuild:
       Using "MakeDir" task from assembly "Microsoft.Build.Tasks.Core, Version=15.1.0.0, Culture=neutral, PublicKeyToken=b03f5f7f11d50a3a".
   2:8>Task "FindAppConfigFile"
       Done executing task "FindAppConfigFile".
   4:6>Task "MakeDir"
   2:8>PrepareForBuild:
       Using "MakeDir" task from assembly "Microsoft.Build.Tasks.Core, Version=15.1.0.0, Culture=neutral, PublicKeyToken=b03f5f7f11d50a3a".
       Task "MakeDir"
   4:6>Done executing task "MakeDir".
   2:8>Done executing task "MakeDir".
   2:8>Done building target "PrepareForBuild" in project "Entegrasyon.Business.csproj".
   4:6>Done building target "PrepareForBuild" in project "Entegrasyon.ApplicationBootstrap.csproj".
   2:8>Target "GenerateTargetFrameworkDefineConstants" in file "/usr/lib64/dotnet/sdk/10.0.101/Sdks/Microsoft.NET.Sdk/targets/Microsoft.NET.Sdk.BeforeCommon.targets" from project "/home/baturhan/Projeler/Entegrasyon/Application/Entegrasyon.Business/Entegrasyon.Business.csproj" (target "AddImplicitDefineConstants" depends on it):
   2:8>Done building target "GenerateTargetFrameworkDefineConstants" in project "Entegrasyon.Business.csproj".
   4:6>Target "GenerateTargetFrameworkDefineConstants" in file "/usr/lib64/dotnet/sdk/10.0.101/Sdks/Microsoft.NET.Sdk/targets/Microsoft.NET.Sdk.BeforeCommon.targets" from project "/home/baturhan/Projeler/Entegrasyon/Application/Entegrasyon.ApplicationBootstrap/Entegrasyon.ApplicationBootstrap.csproj" (target "AddImplicitDefineConstants" depends on it):
   4:6>Done building target "GenerateTargetFrameworkDefineConstants" in project "Entegrasyon.ApplicationBootstrap.csproj".
   6:8>Done executing task "CheckForDuplicateItems".
       Task "CheckForDuplicateItems"
   3:6>Target "GenerateNETCompatibleDefineConstants" in file "/usr/lib64/dotnet/sdk/10.0.101/Sdks/Microsoft.NET.Sdk/targets/Microsoft.NET.Sdk.BeforeCommon.targets" from project "/home/baturhan/Projeler/Entegrasyon/Application/Entegrasyon.MessageQueue/Entegrasyon.MessageQueue.Handler.csproj" (target "AddImplicitDefineConstants" depends on it):
   3:6>Done building target "GenerateNETCompatibleDefineConstants" in project "Entegrasyon.MessageQueue.Handler.csproj".
   7:7>Target "GenerateGlobalUsings" in file "/usr/lib64/dotnet/sdk/10.0.101/Sdks/Microsoft.NET.Sdk/targets/Microsoft.NET.GenerateGlobalUsings.targets" from project "/home/baturhan/Projeler/Entegrasyon/Application/Entegrasyon.DataAccess/Entegrasyon.DataAccess.csproj" (target "CoreBuild" depends on it):
   7:7>Using "GenerateGlobalUsings" task from assembly "/usr/lib64/dotnet/sdk/10.0.101/Sdks/Microsoft.NET.Sdk/targets/../tools/net10.0/Microsoft.NET.Build.Tasks.dll".
   6:8>Done executing task "CheckForDuplicateItems".
   7:7>Task "GenerateGlobalUsings"
   6:8>Task "CheckForDuplicateItems"
   7:7>Done executing task "GenerateGlobalUsings".
       Task "WriteLinesToFile"
   3:6>Target "AddImplicitDefineConstants" in file "/usr/lib64/dotnet/sdk/10.0.101/Sdks/Microsoft.NET.Sdk/targets/Microsoft.NET.Sdk.BeforeCommon.targets" from project "/home/baturhan/Projeler/Entegrasyon/Application/Entegrasyon.MessageQueue/Entegrasyon.MessageQueue.Handler.csproj" (target "CoreBuild" depends on it):
   3:6>/usr/lib64/dotnet/sdk/10.0.101/Sdks/Microsoft.NET.Sdk/targets/Microsoft.NET.Sdk.BeforeCommon.targets(295,7): message : Property reassignment: $(DefineConstants)="TRACE;DEBUG;NET;NET8_0;NETCOREAPP;NET5_0_OR_GREATER;NET6_0_OR_GREATER;NET7_0_OR_GREATER;NET8_0_OR_GREATER;NETCOREAPP1_0_OR_GREATER;NETCOREAPP1_1_OR_GREATER;NETCOREAPP2_0_OR_GREATER;NETCOREAPP2_1_OR_GREATER;NETCOREAPP2_2_OR_GREATER;NETCOREAPP3_0_OR_GREATER;NETCOREAPP3_1_OR_GREATER" (previous value: "TRACE;DEBUG") at /usr/lib64/dotnet/sdk/10.0.101/Sdks/Microsoft.NET.Sdk/targets/Microsoft.NET.Sdk.BeforeCommon.targets (295,7) [/home/baturhan/Projeler/Entegrasyon/Application/Entegrasyon.MessageQueue/Entegrasyon.MessageQueue.Handler.csproj]
   6:8>Done executing task "CheckForDuplicateItems".
   6:8>Done building target "CheckForDuplicateItems" in project "Shared.csproj".
   3:6>Done building target "AddImplicitDefineConstants" in project "Entegrasyon.MessageQueue.Handler.csproj".
   3:6>Target "GenerateGlobalUsings" in file "/usr/lib64/dotnet/sdk/10.0.101/Sdks/Microsoft.NET.Sdk/targets/Microsoft.NET.GenerateGlobalUsings.targets" from project "/home/baturhan/Projeler/Entegrasyon/Application/Entegrasyon.MessageQueue/Entegrasyon.MessageQueue.Handler.csproj" (target "CoreBuild" depends on it):
       Using "GenerateGlobalUsings" task from assembly "/usr/lib64/dotnet/sdk/10.0.101/Sdks/Microsoft.NET.Sdk/targets/../tools/net10.0/Microsoft.NET.Build.Tasks.dll".
       Task "GenerateGlobalUsings"
       Done executing task "GenerateGlobalUsings".
   6:8>Target "ProcessFrameworkReferences" skipped. Previously built successfully.
   7:7>GenerateGlobalUsings:
         Skipping write to file "obj/Debug/net8.0/Entegrasyon.DataAccess.GlobalUsings.g.cs" because content would not change.
       Done executing task "WriteLinesToFile".
   7:7>Done building target "GenerateGlobalUsings" in project "Entegrasyon.DataAccess.csproj".
   5:7>Done executing task "ResolvePackageAssets".
   3:6>GenerateGlobalUsings:
       Using "WriteLinesToFile" task from assembly "Microsoft.Build.Tasks.Core, Version=15.1.0.0, Culture=neutral, PublicKeyToken=b03f5f7f11d50a3a".
   6:8>Target "_CheckForInvalidConfigurationAndPlatform" in file "/usr/lib64/dotnet/sdk/10.0.101/Microsoft.Common.CurrentVersion.targets" from project "/home/baturhan/Projeler/Entegrasyon/Shared/Shared/Shared.csproj" (target "BeforeBuild" depends on it):
   6:8>Using "Message" task from assembly "Microsoft.Build.Tasks.Core, Version=15.1.0.0, Culture=neutral, PublicKeyToken=b03f5f7f11d50a3a".
   3:6>Task "WriteLinesToFile"
   6:8>Task "Message"
   5:7>Done building target "ResolvePackageAssets" in project "Entegrasyon.MessageQueue.Commands.csproj".
   6:8>_CheckForInvalidConfigurationAndPlatform:
         Configuration=Debug
       Done executing task "Message".
   5:7>Target "_CheckForTransitiveWindowsDesktopDependencies" in file "/usr/lib64/dotnet/sdk/10.0.101/Sdks/Microsoft.NET.Sdk/targets/Microsoft.NET.Sdk.DefaultItems.Shared.targets" from project "/home/baturhan/Projeler/Entegrasyon/Application/Entegrasyon.MessageQueue.Commands/Entegrasyon.MessageQueue.Commands.csproj" (target "ResolveLockFileReferences" depends on it):
   5:7>Done building target "_CheckForTransitiveWindowsDesktopDependencies" in project "Entegrasyon.MessageQueue.Commands.csproj".
   6:8>Task "Message"
         Platform=AnyCPU
   5:7>Target "AddTransitiveFrameworkReferences" in file "/usr/lib64/dotnet/sdk/10.0.101/Sdks/Microsoft.NET.Sdk/targets/Microsoft.NET.Sdk.FrameworkReferenceResolution.targets" from project "/home/baturhan/Projeler/Entegrasyon/Application/Entegrasyon.MessageQueue.Commands/Entegrasyon.MessageQueue.Commands.csproj" (target "ResolveLockFileReferences" depends on it):
   5:7>Done building target "AddTransitiveFrameworkReferences" in project "Entegrasyon.MessageQueue.Commands.csproj".
   2:8>Target "GenerateNETCompatibleDefineConstants" in file "/usr/lib64/dotnet/sdk/10.0.101/Sdks/Microsoft.NET.Sdk/targets/Microsoft.NET.Sdk.BeforeCommon.targets" from project "/home/baturhan/Projeler/Entegrasyon/Application/Entegrasyon.Business/Entegrasyon.Business.csproj" (target "AddImplicitDefineConstants" depends on it):
   2:8>Done building target "GenerateNETCompatibleDefineConstants" in project "Entegrasyon.Business.csproj".
   6:8>Done executing task "Message".
   7:7>Target "BeforeResolveReferences" in file "/usr/lib64/dotnet/sdk/10.0.101/Microsoft.Common.CurrentVersion.targets" from project "/home/baturhan/Projeler/Entegrasyon/Application/Entegrasyon.DataAccess/Entegrasyon.DataAccess.csproj" (target "ResolveReferences" depends on it):
   7:7>Done building target "BeforeResolveReferences" in project "Entegrasyon.DataAccess.csproj".
   2:8>Target "AddImplicitDefineConstants" in file "/usr/lib64/dotnet/sdk/10.0.101/Sdks/Microsoft.NET.Sdk/targets/Microsoft.NET.Sdk.BeforeCommon.targets" from project "/home/baturhan/Projeler/Entegrasyon/Application/Entegrasyon.Business/Entegrasyon.Business.csproj" (target "CoreBuild" depends on it):
   2:8>/usr/lib64/dotnet/sdk/10.0.101/Sdks/Microsoft.NET.Sdk/targets/Microsoft.NET.Sdk.BeforeCommon.targets(295,7): message : Property reassignment: $(DefineConstants)="TRACE;DEBUG;NET;NET8_0;NETCOREAPP;NET5_0_OR_GREATER;NET6_0_OR_GREATER;NET7_0_OR_GREATER;NET8_0_OR_GREATER;NETCOREAPP1_0_OR_GREATER;NETCOREAPP1_1_OR_GREATER;NETCOREAPP2_0_OR_GREATER;NETCOREAPP2_1_OR_GREATER;NETCOREAPP2_2_OR_GREATER;NETCOREAPP3_0_OR_GREATER;NETCOREAPP3_1_OR_GREATER" (previous value: "TRACE;DEBUG") at /usr/lib64/dotnet/sdk/10.0.101/Sdks/Microsoft.NET.Sdk/targets/Microsoft.NET.Sdk.BeforeCommon.targets (295,7) [/home/baturhan/Projeler/Entegrasyon/Application/Entegrasyon.Business/Entegrasyon.Business.csproj]
   2:8>Done building target "AddImplicitDefineConstants" in project "Entegrasyon.Business.csproj".
   7:7>Target "IgnoreJavaScriptOutputAssembly" in file "/usr/lib64/dotnet/sdk/10.0.101/Microsoft.Common.CurrentVersion.targets" from project "/home/baturhan/Projeler/Entegrasyon/Application/Entegrasyon.DataAccess/Entegrasyon.DataAccess.csproj" (target "AssignProjectConfiguration" depends on it):
   7:7>Done building target "IgnoreJavaScriptOutputAssembly" in project "Entegrasyon.DataAccess.csproj".
       Target "ProcessFrameworkReferences" skipped. Previously built successfully.
   4:6>Target "GenerateNETCompatibleDefineConstants" in file "/usr/lib64/dotnet/sdk/10.0.101/Sdks/Microsoft.NET.Sdk/targets/Microsoft.NET.Sdk.BeforeCommon.targets" from project "/home/baturhan/Projeler/Entegrasyon/Application/Entegrasyon.ApplicationBootstrap/Entegrasyon.ApplicationBootstrap.csproj" (target "AddImplicitDefineConstants" depends on it):
   4:6>Done building target "GenerateNETCompatibleDefineConstants" in project "Entegrasyon.ApplicationBootstrap.csproj".
   5:7>Target "ResolveLockFileReferences" in file "/usr/lib64/dotnet/sdk/10.0.101/Sdks/Microsoft.NET.Sdk/targets/Microsoft.PackageDependencyResolution.targets" from project "/home/baturhan/Projeler/Entegrasyon/Application/Entegrasyon.MessageQueue.Commands/Entegrasyon.MessageQueue.Commands.csproj" (target "ResolvePackageDependenciesForBuild" depends on it):
   5:7>Using "JoinItems" task from assembly "/usr/lib64/dotnet/sdk/10.0.101/Sdks/Microsoft.NET.Sdk/targets/../tools/net10.0/Microsoft.NET.Build.Tasks.dll".
       Task "JoinItems"
   3:6>GenerateGlobalUsings:
         Skipping write to file "obj/Debug/net8.0/Entegrasyon.MessageQueue.Handler.GlobalUsings.g.cs" because content would not change.
   4:6>Target "AddImplicitDefineConstants" in file "/usr/lib64/dotnet/sdk/10.0.101/Sdks/Microsoft.NET.Sdk/targets/Microsoft.NET.Sdk.BeforeCommon.targets" from project "/home/baturhan/Projeler/Entegrasyon/Application/Entegrasyon.ApplicationBootstrap/Entegrasyon.ApplicationBootstrap.csproj" (target "CoreBuild" depends on it):
   4:6>/usr/lib64/dotnet/sdk/10.0.101/Sdks/Microsoft.NET.Sdk/targets/Microsoft.NET.Sdk.BeforeCommon.targets(295,7): message : Property reassignment: $(DefineConstants)="TRACE;DEBUG;NET;NET8_0;NETCOREAPP;NET5_0_OR_GREATER;NET6_0_OR_GREATER;NET7_0_OR_GREATER;NET8_0_OR_GREATER;NETCOREAPP1_0_OR_GREATER;NETCOREAPP1_1_OR_GREATER;NETCOREAPP2_0_OR_GREATER;NETCOREAPP2_1_OR_GREATER;NETCOREAPP2_2_OR_GREATER;NETCOREAPP3_0_OR_GREATER;NETCOREAPP3_1_OR_GREATER" (previous value: "TRACE;DEBUG") at /usr/lib64/dotnet/sdk/10.0.101/Sdks/Microsoft.NET.Sdk/targets/Microsoft.NET.Sdk.BeforeCommon.targets (295,7) [/home/baturhan/Projeler/Entegrasyon/Application/Entegrasyon.ApplicationBootstrap/Entegrasyon.ApplicationBootstrap.csproj]
   7:7>Target "_DefaultMicrosoftNETPlatformLibrary" in file "/usr/lib64/dotnet/sdk/10.0.101/Sdks/Microsoft.NET.Sdk/targets/Microsoft.NET.Sdk.Shared.targets" from project "/home/baturhan/Projeler/Entegrasyon/Application/Entegrasyon.DataAccess/Entegrasyon.DataAccess.csproj" (target "ResolvePackageAssets" depends on it):
   7:7>Done building target "_DefaultMicrosoftNETPlatformLibrary" in project "Entegrasyon.DataAccess.csproj".
   3:6>Done executing task "WriteLinesToFile".
   4:6>Done building target "AddImplicitDefineConstants" in project "Entegrasyon.ApplicationBootstrap.csproj".
   3:6>Done building target "GenerateGlobalUsings" in project "Entegrasyon.MessageQueue.Handler.csproj".
   7:7>Target "_ComputePackageReferencePublish" in file "/usr/lib64/dotnet/sdk/10.0.101/Sdks/Microsoft.NET.Sdk/targets/Microsoft.NET.Sdk.Shared.targets" from project "/home/baturhan/Projeler/Entegrasyon/Application/Entegrasyon.DataAccess/Entegrasyon.DataAccess.csproj" (target "ResolvePackageAssets" depends on it):
   7:7>Done building target "_ComputePackageReferencePublish" in project "Entegrasyon.DataAccess.csproj".
   2:8>Target "GenerateGlobalUsings" in file "/usr/lib64/dotnet/sdk/10.0.101/Sdks/Microsoft.NET.Sdk/targets/Microsoft.NET.GenerateGlobalUsings.targets" from project "/home/baturhan/Projeler/Entegrasyon/Application/Entegrasyon.Business/Entegrasyon.Business.csproj" (target "CoreBuild" depends on it):
   2:8>Using "GenerateGlobalUsings" task from assembly "/usr/lib64/dotnet/sdk/10.0.101/Sdks/Microsoft.NET.Sdk/targets/../tools/net10.0/Microsoft.NET.Build.Tasks.dll".
       Task "GenerateGlobalUsings"
   6:8>Done building target "_CheckForInvalidConfigurationAndPlatform" in project "Shared.csproj".
   5:7>Done executing task "JoinItems".
   6:8>Target "ValidateCommandLineProperties" in file "/usr/lib64/dotnet/sdk/10.0.101/Sdks/Microsoft.NET.Sdk/targets/Microsoft.NET.Sdk.targets" from project "/home/baturhan/Projeler/Entegrasyon/Shared/Shared/Shared.csproj" (target "BeforeBuild" depends on it):
   6:8>Done building target "ValidateCommandLineProperties" in project "Shared.csproj".
   6:8>Target "BeforeBuild" in file "/usr/lib64/dotnet/sdk/10.0.101/Microsoft.Common.CurrentVersion.targets" from project "/home/baturhan/Projeler/Entegrasyon/Shared/Shared/Shared.csproj" (target "Build" depends on it):
   6:8>Done building target "BeforeBuild" in project "Shared.csproj".
   3:6>Target "BeforeResolveReferences" in file "/usr/lib64/dotnet/sdk/10.0.101/Microsoft.Common.CurrentVersion.targets" from project "/home/baturhan/Projeler/Entegrasyon/Application/Entegrasyon.MessageQueue/Entegrasyon.MessageQueue.Handler.csproj" (target "ResolveReferences" depends on it):
   3:6>Done building target "BeforeResolveReferences" in project "Entegrasyon.MessageQueue.Handler.csproj".
   4:6>Target "GenerateGlobalUsings" in file "/usr/lib64/dotnet/sdk/10.0.101/Sdks/Microsoft.NET.Sdk/targets/Microsoft.NET.GenerateGlobalUsings.targets" from project "/home/baturhan/Projeler/Entegrasyon/Application/Entegrasyon.ApplicationBootstrap/Entegrasyon.ApplicationBootstrap.csproj" (target "CoreBuild" depends on it):
   4:6>Using "GenerateGlobalUsings" task from assembly "/usr/lib64/dotnet/sdk/10.0.101/Sdks/Microsoft.NET.Sdk/targets/../tools/net10.0/Microsoft.NET.Build.Tasks.dll".
   6:8>Target "BuildOnlySettings" in file "/usr/lib64/dotnet/sdk/10.0.101/Microsoft.Common.CurrentVersion.targets" from project "/home/baturhan/Projeler/Entegrasyon/Shared/Shared/Shared.csproj" (target "CoreBuild" depends on it):
   6:8>/usr/lib64/dotnet/sdk/10.0.101/Microsoft.Common.CurrentVersion.targets(1168,7): message : Property reassignment: $(BuildingProject)="true" (previous value: "false") at /usr/lib64/dotnet/sdk/10.0.101/Microsoft.Common.CurrentVersion.targets (1168,7) [/home/baturhan/Projeler/Entegrasyon/Shared/Shared/Shared.csproj]
   6:8>Done building target "BuildOnlySettings" in project "Shared.csproj".
   4:6>Task "GenerateGlobalUsings"
   3:6>Target "IgnoreJavaScriptOutputAssembly" in file "/usr/lib64/dotnet/sdk/10.0.101/Microsoft.Common.CurrentVersion.targets" from project "/home/baturhan/Projeler/Entegrasyon/Application/Entegrasyon.MessageQueue/Entegrasyon.MessageQueue.Handler.csproj" (target "AssignProjectConfiguration" depends on it):
   3:6>Done building target "IgnoreJavaScriptOutputAssembly" in project "Entegrasyon.MessageQueue.Handler.csproj".
   5:7>Done building target "ResolveLockFileReferences" in project "Entegrasyon.MessageQueue.Commands.csproj".
   6:8>Target "GetFrameworkPaths" in file "/usr/lib64/dotnet/sdk/10.0.101/Sdks/Microsoft.NET.Sdk/targets/Microsoft.NET.DisableStandardFrameworkResolution.targets" from project "/home/baturhan/Projeler/Entegrasyon/Shared/Shared/Shared.csproj" (target "PrepareForBuild" depends on it):
   6:8>Done building target "GetFrameworkPaths" in project "Shared.csproj".
   3:6>Target "ProcessFrameworkReferences" skipped. Previously built successfully.
   5:7>Target "ResolvePackageAssets" skipped. Previously built successfully.
   6:8>Target "GetReferenceAssemblyPaths" in file "/usr/lib64/dotnet/sdk/10.0.101/Sdks/Microsoft.NET.Sdk/targets/Microsoft.NET.DisableStandardFrameworkResolution.targets" from project "/home/baturhan/Projeler/Entegrasyon/Shared/Shared/Shared.csproj" (target "PrepareForBuild" depends on it):
   6:8>Done building target "GetReferenceAssemblyPaths" in project "Shared.csproj".
   3:6>Target "_DefaultMicrosoftNETPlatformLibrary" in file "/usr/lib64/dotnet/sdk/10.0.101/Sdks/Microsoft.NET.Sdk/targets/Microsoft.NET.Sdk.Shared.targets" from project "/home/baturhan/Projeler/Entegrasyon/Application/Entegrasyon.MessageQueue/Entegrasyon.MessageQueue.Handler.csproj" (target "ResolvePackageAssets" depends on it):
   3:6>Done building target "_DefaultMicrosoftNETPlatformLibrary" in project "Entegrasyon.MessageQueue.Handler.csproj".
   5:7>Target "ResolveLockFileAnalyzers" in file "/usr/lib64/dotnet/sdk/10.0.101/Sdks/Microsoft.NET.Sdk/targets/Microsoft.PackageDependencyResolution.targets" from project "/home/baturhan/Projeler/Entegrasyon/Application/Entegrasyon.MessageQueue.Commands/Entegrasyon.MessageQueue.Commands.csproj" (target "ResolvePackageDependenciesForBuild" depends on it):
   5:7>Done building target "ResolveLockFileAnalyzers" in project "Entegrasyon.MessageQueue.Commands.csproj".
   2:8>Done executing task "GenerateGlobalUsings".
   5:7>Target "ResolvePackageAssets" skipped. Previously built successfully.
   3:6>Target "_ComputePackageReferencePublish" in file "/usr/lib64/dotnet/sdk/10.0.101/Sdks/Microsoft.NET.Sdk/targets/Microsoft.NET.Sdk.Shared.targets" from project "/home/baturhan/Projeler/Entegrasyon/Application/Entegrasyon.MessageQueue/Entegrasyon.MessageQueue.Handler.csproj" (target "ResolvePackageAssets" depends on it):
   3:6>Done building target "_ComputePackageReferencePublish" in project "Entegrasyon.MessageQueue.Handler.csproj".
   7:7>Target "ResolvePackageAssets" in file "/usr/lib64/dotnet/sdk/10.0.101/Sdks/Microsoft.NET.Sdk/targets/Microsoft.PackageDependencyResolution.targets" from project "/home/baturhan/Projeler/Entegrasyon/Application/Entegrasyon.DataAccess/Entegrasyon.DataAccess.csproj" (target "ResolveLockFileReferences" depends on it):
   7:7>Using "ResolvePackageAssets" task from assembly "/usr/lib64/dotnet/sdk/10.0.101/Sdks/Microsoft.NET.Sdk/targets/../tools/net10.0/Microsoft.NET.Build.Tasks.dll".
   8:7>ProcessFrameworkReferences:
         Found 1 known framework references for target framework .NETCoreApp
   5:7>Target "ResolveLockFileCopyLocalFiles" in file "/usr/lib64/dotnet/sdk/10.0.101/Sdks/Microsoft.NET.Sdk/targets/Microsoft.PackageDependencyResolution.targets" from project "/home/baturhan/Projeler/Entegrasyon/Application/Entegrasyon.MessageQueue.Commands/Entegrasyon.MessageQueue.Commands.csproj" (target "ResolvePackageDependenciesForBuild" depends on it):
   5:7>Done building target "ResolveLockFileCopyLocalFiles" in project "Entegrasyon.MessageQueue.Commands.csproj".
   7:7>Task "ResolvePackageAssets"
   4:6>Done executing task "GenerateGlobalUsings".
   8:7>ProcessFrameworkReferences:
         Found 5 known runtime packs for target framework .NETCoreApp
   5:7>Target "ResolvePackageAssets" skipped. Previously built successfully.
   5:7>Target "IncludeTransitiveProjectReferences" in file "/usr/lib64/dotnet/sdk/10.0.101/Sdks/Microsoft.NET.Sdk/targets/Microsoft.PackageDependencyResolution.targets" from project "/home/baturhan/Projeler/Entegrasyon/Application/Entegrasyon.MessageQueue.Commands/Entegrasyon.MessageQueue.Commands.csproj" (target "ResolvePackageDependenciesForBuild" depends on it):
   5:7>Done building target "IncludeTransitiveProjectReferences" in project "Entegrasyon.MessageQueue.Commands.csproj".
   2:8>GenerateGlobalUsings:
       Using "WriteLinesToFile" task from assembly "Microsoft.Build.Tasks.Core, Version=15.1.0.0, Culture=neutral, PublicKeyToken=b03f5f7f11d50a3a".
   5:7>Target "ResolvePackageDependenciesForBuild" in file "/usr/lib64/dotnet/sdk/10.0.101/Sdks/Microsoft.NET.Sdk/targets/Microsoft.PackageDependencyResolution.targets" from project "/home/baturhan/Projeler/Entegrasyon/Application/Entegrasyon.MessageQueue.Commands/Entegrasyon.MessageQueue.Commands.csproj" (target "AssignProjectConfiguration" depends on it):
   5:7>Done building target "ResolvePackageDependenciesForBuild" in project "Entegrasyon.MessageQueue.Commands.csproj".
   2:8>Task "WriteLinesToFile"
   6:8>Target "PrepareForBuild" in file "/usr/lib64/dotnet/sdk/10.0.101/Microsoft.Common.CurrentVersion.targets" from project "/home/baturhan/Projeler/Entegrasyon/Shared/Shared/Shared.csproj" (target "CoreBuild" depends on it):
   6:8>Using "FindAppConfigFile" task from assembly "Microsoft.Build.Tasks.Core, Version=15.1.0.0, Culture=neutral, PublicKeyToken=b03f5f7f11d50a3a".
       Task "FindAppConfigFile"
   8:7>ProcessFrameworkReferences:
         Selected Microsoft.NETCore.App with RIDs 'linux-arm;linux-arm64;linux-musl-arm64;linux-musl-x64;linux-x64;osx-x64;tizen.4.0.0-armel;tizen.5.0.0-armel;win-arm64;win-x64;win-x86;linux-musl-arm;osx-arm64;linux-s390x;linux-loongarch64;linux-bionic-arm;linux-bionic-arm64;linux-bionic-x64;linux-bionic-x86;linux-ppc64le;freebsd-x64;freebsd-arm64'
   4:6>GenerateGlobalUsings:
       Using "WriteLinesToFile" task from assembly "Microsoft.Build.Tasks.Core, Version=15.1.0.0, Culture=neutral, PublicKeyToken=b03f5f7f11d50a3a".
       Task "WriteLinesToFile"
   3:6>Target "ResolvePackageAssets" in file "/usr/lib64/dotnet/sdk/10.0.101/Sdks/Microsoft.NET.Sdk/targets/Microsoft.PackageDependencyResolution.targets" from project "/home/baturhan/Projeler/Entegrasyon/Application/Entegrasyon.MessageQueue/Entegrasyon.MessageQueue.Handler.csproj" (target "ResolveLockFileReferences" depends on it):
   3:6>Using "ResolvePackageAssets" task from assembly "/usr/lib64/dotnet/sdk/10.0.101/Sdks/Microsoft.NET.Sdk/targets/../tools/net10.0/Microsoft.NET.Build.Tasks.dll".
   6:8>Done executing task "FindAppConfigFile".
   3:6>Task "ResolvePackageAssets"
   6:8>PrepareForBuild:
       Using "MakeDir" task from assembly "Microsoft.Build.Tasks.Core, Version=15.1.0.0, Culture=neutral, PublicKeyToken=b03f5f7f11d50a3a".
       Task "MakeDir"
   2:8>GenerateGlobalUsings:
         Skipping write to file "obj/Debug/net8.0/Entegrasyon.Business.GlobalUsings.g.cs" because content would not change.
       Done executing task "WriteLinesToFile".
   8:7>ProcessFrameworkReferences:
         Selected targeting pack 'Microsoft.NETCore.App@8.0.22'
   2:8>Done building target "GenerateGlobalUsings" in project "Entegrasyon.Business.csproj".
   8:7>ProcessFrameworkReferences:
         Added runtime framework 'Microsoft.NETCore.App@8.0.0'
         Ignoring framework reference to Microsoft.WindowsDesktop.App as it is Windows-only and the current platform is not Windows.
         Ignoring framework reference to Microsoft.WindowsDesktop.App.WPF as it is Windows-only and the current platform is not Windows.
         Ignoring framework reference to Microsoft.WindowsDesktop.App.WindowsForms as it is Windows-only and the current platform is not Windows.
   6:8>Done executing task "MakeDir".
   4:6>GenerateGlobalUsings:
         Skipping write to file "obj/Debug/net8.0/Entegrasyon.ApplicationBootstrap.GlobalUsings.g.cs" because content would not change.
   6:8>Done building target "PrepareForBuild" in project "Shared.csproj".
   4:6>Done executing task "WriteLinesToFile".
   2:8>Target "BeforeResolveReferences" in file "/usr/lib64/dotnet/sdk/10.0.101/Microsoft.Common.CurrentVersion.targets" from project "/home/baturhan/Projeler/Entegrasyon/Application/Entegrasyon.Business/Entegrasyon.Business.csproj" (target "ResolveReferences" depends on it):
   2:8>Done building target "BeforeResolveReferences" in project "Entegrasyon.Business.csproj".
   8:7>ProcessFrameworkReferences:
         Selected Microsoft.AspNetCore.App with RIDs 'win-x64;win-x86;osx-x64;linux-musl-x64;linux-musl-arm64;linux-x64;linux-arm;linux-arm64;linux-musl-arm;win-arm64;osx-arm64;linux-s390x;linux-loongarch64;linux-ppc64le;freebsd-x64;freebsd-arm64'
   4:6>Done building target "GenerateGlobalUsings" in project "Entegrasyon.ApplicationBootstrap.csproj".
   2:8>Target "IgnoreJavaScriptOutputAssembly" in file "/usr/lib64/dotnet/sdk/10.0.101/Microsoft.Common.CurrentVersion.targets" from project "/home/baturhan/Projeler/Entegrasyon/Application/Entegrasyon.Business/Entegrasyon.Business.csproj" (target "AssignProjectConfiguration" depends on it):
   2:8>Done building target "IgnoreJavaScriptOutputAssembly" in project "Entegrasyon.Business.csproj".
   8:7>ProcessFrameworkReferences:
         Selected targeting pack 'Microsoft.AspNetCore.App@8.0.22'
         Added runtime framework 'Microsoft.AspNetCore.App@8.0.0'
   2:8>Target "ProcessFrameworkReferences" skipped. Previously built successfully.
   4:6>Target "BeforeResolveReferences" in file "/usr/lib64/dotnet/sdk/10.0.101/Microsoft.Common.CurrentVersion.targets" from project "/home/baturhan/Projeler/Entegrasyon/Application/Entegrasyon.ApplicationBootstrap/Entegrasyon.ApplicationBootstrap.csproj" (target "ResolveReferences" depends on it):
   4:6>Done building target "BeforeResolveReferences" in project "Entegrasyon.ApplicationBootstrap.csproj".
   6:8>Target "GenerateTargetFrameworkDefineConstants" in file "/usr/lib64/dotnet/sdk/10.0.101/Sdks/Microsoft.NET.Sdk/targets/Microsoft.NET.Sdk.BeforeCommon.targets" from project "/home/baturhan/Projeler/Entegrasyon/Shared/Shared/Shared.csproj" (target "AddImplicitDefineConstants" depends on it):
   6:8>Done building target "GenerateTargetFrameworkDefineConstants" in project "Shared.csproj".
   2:8>Target "_DefaultMicrosoftNETPlatformLibrary" in file "/usr/lib64/dotnet/sdk/10.0.101/Sdks/Microsoft.NET.Sdk/targets/Microsoft.NET.Sdk.Shared.targets" from project "/home/baturhan/Projeler/Entegrasyon/Application/Entegrasyon.Business/Entegrasyon.Business.csproj" (target "ResolvePackageAssets" depends on it):
   2:8>Done building target "_DefaultMicrosoftNETPlatformLibrary" in project "Entegrasyon.Business.csproj".
   4:6>Target "IgnoreJavaScriptOutputAssembly" in file "/usr/lib64/dotnet/sdk/10.0.101/Microsoft.Common.CurrentVersion.targets" from project "/home/baturhan/Projeler/Entegrasyon/Application/Entegrasyon.ApplicationBootstrap/Entegrasyon.ApplicationBootstrap.csproj" (target "AssignProjectConfiguration" depends on it):
   4:6>Done building target "IgnoreJavaScriptOutputAssembly" in project "Entegrasyon.ApplicationBootstrap.csproj".
       Target "ProcessFrameworkReferences" skipped. Previously built successfully.
   2:8>Target "_ComputePackageReferencePublish" in file "/usr/lib64/dotnet/sdk/10.0.101/Sdks/Microsoft.NET.Sdk/targets/Microsoft.NET.Sdk.Shared.targets" from project "/home/baturhan/Projeler/Entegrasyon/Application/Entegrasyon.Business/Entegrasyon.Business.csproj" (target "ResolvePackageAssets" depends on it):
   2:8>Done building target "_ComputePackageReferencePublish" in project "Entegrasyon.Business.csproj".
   4:6>Target "_DefaultMicrosoftNETPlatformLibrary" in file "/usr/lib64/dotnet/sdk/10.0.101/Sdks/Microsoft.NET.Sdk/targets/Microsoft.NET.Sdk.Shared.targets" from project "/home/baturhan/Projeler/Entegrasyon/Application/Entegrasyon.ApplicationBootstrap/Entegrasyon.ApplicationBootstrap.csproj" (target "ResolvePackageAssets" depends on it):
   4:6>Done building target "_DefaultMicrosoftNETPlatformLibrary" in project "Entegrasyon.ApplicationBootstrap.csproj".
   4:6>Target "_ComputePackageReferencePublish" in file "/usr/lib64/dotnet/sdk/10.0.101/Sdks/Microsoft.NET.Sdk/targets/Microsoft.NET.Sdk.Shared.targets" from project "/home/baturhan/Projeler/Entegrasyon/Application/Entegrasyon.ApplicationBootstrap/Entegrasyon.ApplicationBootstrap.csproj" (target "ResolvePackageAssets" depends on it):
   4:6>Done building target "_ComputePackageReferencePublish" in project "Entegrasyon.ApplicationBootstrap.csproj".
   8:7>Done executing task "ProcessFrameworkReferences".
   2:8>Target "ResolvePackageAssets" in file "/usr/lib64/dotnet/sdk/10.0.101/Sdks/Microsoft.NET.Sdk/targets/Microsoft.PackageDependencyResolution.targets" from project "/home/baturhan/Projeler/Entegrasyon/Application/Entegrasyon.Business/Entegrasyon.Business.csproj" (target "ResolveLockFileReferences" depends on it):
   2:8>Using "ResolvePackageAssets" task from assembly "/usr/lib64/dotnet/sdk/10.0.101/Sdks/Microsoft.NET.Sdk/targets/../tools/net10.0/Microsoft.NET.Build.Tasks.dll".
       Task "ResolvePackageAssets"
   5:7>Target "_Microsoft_Extensions_Configuration_Binder_RemoveAnalyzer" in file "/home/baturhan/.nuget/packages/microsoft.extensions.configuration.binder/8.0.2/buildTransitive/netstandard2.0/Microsoft.Extensions.Configuration.Binder.targets" from project "/home/baturhan/Projeler/Entegrasyon/Application/Entegrasyon.MessageQueue.Commands/Entegrasyon.MessageQueue.Commands.csproj" (target "AssignProjectConfiguration" depends on it):
   5:7>Done building target "_Microsoft_Extensions_Configuration_Binder_RemoveAnalyzer" in project "Entegrasyon.MessageQueue.Commands.csproj".
   5:7>Target "AssignProjectConfiguration" in file "/usr/lib64/dotnet/sdk/10.0.101/Microsoft.Common.CurrentVersion.targets" from project "/home/baturhan/Projeler/Entegrasyon/Application/Entegrasyon.MessageQueue.Commands/Entegrasyon.MessageQueue.Commands.csproj" (target "ResolveReferences" depends on it):
       Using "AssignProjectConfiguration" task from assembly "Microsoft.Build.Tasks.Core, Version=15.1.0.0, Culture=neutral, PublicKeyToken=b03f5f7f11d50a3a".
   4:6>Target "ResolvePackageAssets" in file "/usr/lib64/dotnet/sdk/10.0.101/Sdks/Microsoft.NET.Sdk/targets/Microsoft.PackageDependencyResolution.targets" from project "/home/baturhan/Projeler/Entegrasyon/Application/Entegrasyon.ApplicationBootstrap/Entegrasyon.ApplicationBootstrap.csproj" (target "ResolveLockFileReferences" depends on it):
   4:6>Using "ResolvePackageAssets" task from assembly "/usr/lib64/dotnet/sdk/10.0.101/Sdks/Microsoft.NET.Sdk/targets/../tools/net10.0/Microsoft.NET.Build.Tasks.dll".
   5:7>Task "AssignProjectConfiguration"
   4:6>Task "ResolvePackageAssets"
   5:7>AssignProjectConfiguration:
         Project reference "../Entegrasyon.Entity/Entegrasyon.Entity.csproj" has not been resolved.
         Project reference "../../Shared/Shared/Shared.csproj" has not been resolved.
       Done executing task "AssignProjectConfiguration".
   8:7>ProcessFrameworkReferences:
       Using "ResolveAppHosts" task from assembly "/usr/lib64/dotnet/sdk/10.0.101/Sdks/Microsoft.NET.Sdk/targets/../tools/net10.0/Microsoft.NET.Build.Tasks.dll".
       Task "ResolveAppHosts"
   5:7>Done building target "AssignProjectConfiguration" in project "Entegrasyon.MessageQueue.Commands.csproj".
       Target "AssignProjectConfiguration" skipped. Previously built successfully.
   5:7>Target "_SplitProjectReferencesByFileExistence" in file "/usr/lib64/dotnet/sdk/10.0.101/Microsoft.Common.CurrentVersion.targets" from project "/home/baturhan/Projeler/Entegrasyon/Application/Entegrasyon.MessageQueue.Commands/Entegrasyon.MessageQueue.Commands.csproj" (target "PrepareProjectReferences" depends on it):
   5:7>Done building target "_SplitProjectReferencesByFileExistence" in project "Entegrasyon.MessageQueue.Commands.csproj".
   3:6>Done executing task "ResolvePackageAssets".
   5:7>Target "_AddOutputPathToGlobalPropertiesToRemove" in file "/usr/lib64/dotnet/sdk/10.0.101/Microsoft.Common.CurrentVersion.targets" from project "/home/baturhan/Projeler/Entegrasyon/Application/Entegrasyon.MessageQueue.Commands/Entegrasyon.MessageQueue.Commands.csproj" (target "_GetProjectReferenceTargetFrameworkProperties" depends on it):
   5:7>Done building target "_AddOutputPathToGlobalPropertiesToRemove" in project "Entegrasyon.MessageQueue.Commands.csproj".
   7:7>Done executing task "ResolvePackageAssets".
   6:8>Target "GenerateNETCompatibleDefineConstants" in file "/usr/lib64/dotnet/sdk/10.0.101/Sdks/Microsoft.NET.Sdk/targets/Microsoft.NET.Sdk.BeforeCommon.targets" from project "/home/baturhan/Projeler/Entegrasyon/Shared/Shared/Shared.csproj" (target "AddImplicitDefineConstants" depends on it):
   6:8>Done building target "GenerateNETCompatibleDefineConstants" in project "Shared.csproj".
   5:7>Target "_GetProjectReferenceTargetFrameworkProperties" in file "/usr/lib64/dotnet/sdk/10.0.101/Microsoft.Common.CurrentVersion.targets" from project "/home/baturhan/Projeler/Entegrasyon/Application/Entegrasyon.MessageQueue.Commands/Entegrasyon.MessageQueue.Commands.csproj" (target "PrepareProjectReferences" depends on it):
   5:7>Using "MSBuild" task from assembly "Microsoft.Build.Tasks.Core, Version=15.1.0.0, Culture=neutral, PublicKeyToken=b03f5f7f11d50a3a".
   6:8>Target "AddImplicitDefineConstants" in file "/usr/lib64/dotnet/sdk/10.0.101/Sdks/Microsoft.NET.Sdk/targets/Microsoft.NET.Sdk.BeforeCommon.targets" from project "/home/baturhan/Projeler/Entegrasyon/Shared/Shared/Shared.csproj" (target "CoreBuild" depends on it):
   6:8>/usr/lib64/dotnet/sdk/10.0.101/Sdks/Microsoft.NET.Sdk/targets/Microsoft.NET.Sdk.BeforeCommon.targets(295,7): message : Property reassignment: $(DefineConstants)="TRACE;DEBUG;NET;NET8_0;NETCOREAPP;NET5_0_OR_GREATER;NET6_0_OR_GREATER;NET7_0_OR_GREATER;NET8_0_OR_GREATER;NETCOREAPP1_0_OR_GREATER;NETCOREAPP1_1_OR_GREATER;NETCOREAPP2_0_OR_GREATER;NETCOREAPP2_1_OR_GREATER;NETCOREAPP2_2_OR_GREATER;NETCOREAPP3_0_OR_GREATER;NETCOREAPP3_1_OR_GREATER" (previous value: "TRACE;DEBUG") at /usr/lib64/dotnet/sdk/10.0.101/Sdks/Microsoft.NET.Sdk/targets/Microsoft.NET.Sdk.BeforeCommon.targets (295,7) [/home/baturhan/Projeler/Entegrasyon/Shared/Shared/Shared.csproj]
   3:6>Done building target "ResolvePackageAssets" in project "Entegrasyon.MessageQueue.Handler.csproj".
   6:8>Done building target "AddImplicitDefineConstants" in project "Shared.csproj".
   7:7>Done building target "ResolvePackageAssets" in project "Entegrasyon.DataAccess.csproj".
   5:7>Task "MSBuild"
   3:6>Target "_CheckForTransitiveWindowsDesktopDependencies" in file "/usr/lib64/dotnet/sdk/10.0.101/Sdks/Microsoft.NET.Sdk/targets/Microsoft.NET.Sdk.DefaultItems.Shared.targets" from project "/home/baturhan/Projeler/Entegrasyon/Application/Entegrasyon.MessageQueue/Entegrasyon.MessageQueue.Handler.csproj" (target "ResolveLockFileReferences" depends on it):
   3:6>Done building target "_CheckForTransitiveWindowsDesktopDependencies" in project "Entegrasyon.MessageQueue.Handler.csproj".
   6:8>Target "GenerateGlobalUsings" in file "/usr/lib64/dotnet/sdk/10.0.101/Sdks/Microsoft.NET.Sdk/targets/Microsoft.NET.GenerateGlobalUsings.targets" from project "/home/baturhan/Projeler/Entegrasyon/Shared/Shared/Shared.csproj" (target "CoreBuild" depends on it):
   6:8>Using "GenerateGlobalUsings" task from assembly "/usr/lib64/dotnet/sdk/10.0.101/Sdks/Microsoft.NET.Sdk/targets/../tools/net10.0/Microsoft.NET.Build.Tasks.dll".
   7:7>Target "_CheckForTransitiveWindowsDesktopDependencies" in file "/usr/lib64/dotnet/sdk/10.0.101/Sdks/Microsoft.NET.Sdk/targets/Microsoft.NET.Sdk.DefaultItems.Shared.targets" from project "/home/baturhan/Projeler/Entegrasyon/Application/Entegrasyon.DataAccess/Entegrasyon.DataAccess.csproj" (target "ResolveLockFileReferences" depends on it):
   7:7>Done building target "_CheckForTransitiveWindowsDesktopDependencies" in project "Entegrasyon.DataAccess.csproj".
   6:8>Task "GenerateGlobalUsings"
   7:7>Target "AddTransitiveFrameworkReferences" in file "/usr/lib64/dotnet/sdk/10.0.101/Sdks/Microsoft.NET.Sdk/targets/Microsoft.NET.Sdk.FrameworkReferenceResolution.targets" from project "/home/baturhan/Projeler/Entegrasyon/Application/Entegrasyon.DataAccess/Entegrasyon.DataAccess.csproj" (target "ResolveLockFileReferences" depends on it):
   7:7>Done building target "AddTransitiveFrameworkReferences" in project "Entegrasyon.DataAccess.csproj".
   6:8>Done executing task "GenerateGlobalUsings".
   3:6>Target "AddTransitiveFrameworkReferences" in file "/usr/lib64/dotnet/sdk/10.0.101/Sdks/Microsoft.NET.Sdk/targets/Microsoft.NET.Sdk.FrameworkReferenceResolution.targets" from project "/home/baturhan/Projeler/Entegrasyon/Application/Entegrasyon.MessageQueue/Entegrasyon.MessageQueue.Handler.csproj" (target "ResolveLockFileReferences" depends on it):
   3:6>Done building target "AddTransitiveFrameworkReferences" in project "Entegrasyon.MessageQueue.Handler.csproj".
   8:7>Done executing task "ResolveAppHosts".
   7:7>Target "ResolveLockFileReferences" in file "/usr/lib64/dotnet/sdk/10.0.101/Sdks/Microsoft.NET.Sdk/targets/Microsoft.PackageDependencyResolution.targets" from project "/home/baturhan/Projeler/Entegrasyon/Application/Entegrasyon.DataAccess/Entegrasyon.DataAccess.csproj" (target "ResolvePackageDependenciesForBuild" depends on it):
   7:7>Using "JoinItems" task from assembly "/usr/lib64/dotnet/sdk/10.0.101/Sdks/Microsoft.NET.Sdk/targets/../tools/net10.0/Microsoft.NET.Build.Tasks.dll".
   5:7>_GetProjectReferenceTargetFrameworkProperties:
         Removing Properties:
   7:7>Task "JoinItems"
   3:6>Target "ResolveLockFileReferences" in file "/usr/lib64/dotnet/sdk/10.0.101/Sdks/Microsoft.NET.Sdk/targets/Microsoft.PackageDependencyResolution.targets" from project "/home/baturhan/Projeler/Entegrasyon/Application/Entegrasyon.MessageQueue/Entegrasyon.MessageQueue.Handler.csproj" (target "ResolvePackageDependenciesForBuild" depends on it):
   3:6>Using "JoinItems" task from assembly "/usr/lib64/dotnet/sdk/10.0.101/Sdks/Microsoft.NET.Sdk/targets/../tools/net10.0/Microsoft.NET.Build.Tasks.dll".
   5:7>_GetProjectReferenceTargetFrameworkProperties:
           TargetFramework
   3:6>Task "JoinItems"
   6:8>GenerateGlobalUsings:
       Using "WriteLinesToFile" task from assembly "Microsoft.Build.Tasks.Core, Version=15.1.0.0, Culture=neutral, PublicKeyToken=b03f5f7f11d50a3a".
   5:7>_GetProjectReferenceTargetFrameworkProperties:
           RuntimeIdentifier
   6:8>Task "WriteLinesToFile"
   5:7>_GetProjectReferenceTargetFrameworkProperties:
           SelfContained
   2:8>Done executing task "ResolvePackageAssets".
   7:7>Done executing task "JoinItems".
   2:8>Done building target "ResolvePackageAssets" in project "Entegrasyon.Business.csproj".
   3:6>Done executing task "JoinItems".
   8:7>Done building target "ProcessFrameworkReferences" in project "Entegrasyon.Entity.csproj".
   6:8>GenerateGlobalUsings:
         Skipping write to file "obj/Debug/net8.0/Shared.GlobalUsings.g.cs" because content would not change.
       Done executing task "WriteLinesToFile".
   6:8>Done building target "GenerateGlobalUsings" in project "Shared.csproj".
   7:7>Done building target "ResolveLockFileReferences" in project "Entegrasyon.DataAccess.csproj".
   2:8>Target "_CheckForTransitiveWindowsDesktopDependencies" in file "/usr/lib64/dotnet/sdk/10.0.101/Sdks/Microsoft.NET.Sdk/targets/Microsoft.NET.Sdk.DefaultItems.Shared.targets" from project "/home/baturhan/Projeler/Entegrasyon/Application/Entegrasyon.Business/Entegrasyon.Business.csproj" (target "ResolveLockFileReferences" depends on it):
   2:8>Done building target "_CheckForTransitiveWindowsDesktopDependencies" in project "Entegrasyon.Business.csproj".
   7:7>Target "ResolvePackageAssets" skipped. Previously built successfully.
   7:7>Target "ResolveLockFileAnalyzers" in file "/usr/lib64/dotnet/sdk/10.0.101/Sdks/Microsoft.NET.Sdk/targets/Microsoft.PackageDependencyResolution.targets" from project "/home/baturhan/Projeler/Entegrasyon/Application/Entegrasyon.DataAccess/Entegrasyon.DataAccess.csproj" (target "ResolvePackageDependenciesForBuild" depends on it):
   7:7>Done building target "ResolveLockFileAnalyzers" in project "Entegrasyon.DataAccess.csproj".
   2:8>Target "AddTransitiveFrameworkReferences" in file "/usr/lib64/dotnet/sdk/10.0.101/Sdks/Microsoft.NET.Sdk/targets/Microsoft.NET.Sdk.FrameworkReferenceResolution.targets" from project "/home/baturhan/Projeler/Entegrasyon/Application/Entegrasyon.Business/Entegrasyon.Business.csproj" (target "ResolveLockFileReferences" depends on it):
   2:8>Done building target "AddTransitiveFrameworkReferences" in project "Entegrasyon.Business.csproj".
   7:7>Target "ResolvePackageAssets" skipped. Previously built successfully.
   8:7>Target "_CheckForObsoleteDotNetCliToolReferences" in file "/usr/lib64/dotnet/sdk/10.0.101/Sdks/Microsoft.NET.Sdk/targets/Microsoft.NET.ObsoleteReferences.targets" from project "/home/baturhan/Projeler/Entegrasyon/Application/Entegrasyon.Entity/Entegrasyon.Entity.csproj" (target "CollectPackageReferences" depends on it):
   8:7>Done building target "_CheckForObsoleteDotNetCliToolReferences" in project "Entegrasyon.Entity.csproj".
   6:8>Target "BeforeResolveReferences" in file "/usr/lib64/dotnet/sdk/10.0.101/Microsoft.Common.CurrentVersion.targets" from project "/home/baturhan/Projeler/Entegrasyon/Shared/Shared/Shared.csproj" (target "ResolveReferences" depends on it):
   6:8>Done building target "BeforeResolveReferences" in project "Shared.csproj".
   6:8>Target "IgnoreJavaScriptOutputAssembly" in file "/usr/lib64/dotnet/sdk/10.0.101/Microsoft.Common.CurrentVersion.targets" from project "/home/baturhan/Projeler/Entegrasyon/Shared/Shared/Shared.csproj" (target "AssignProjectConfiguration" depends on it):
   6:8>Done building target "IgnoreJavaScriptOutputAssembly" in project "Shared.csproj".
   3:6>Done building target "ResolveLockFileReferences" in project "Entegrasyon.MessageQueue.Handler.csproj".
       Target "ResolvePackageAssets" skipped. Previously built successfully.
   3:6>Target "ResolveLockFileAnalyzers" in file "/usr/lib64/dotnet/sdk/10.0.101/Sdks/Microsoft.NET.Sdk/targets/Microsoft.PackageDependencyResolution.targets" from project "/home/baturhan/Projeler/Entegrasyon/Application/Entegrasyon.MessageQueue/Entegrasyon.MessageQueue.Handler.csproj" (target "ResolvePackageDependenciesForBuild" depends on it):
   3:6>Done building target "ResolveLockFileAnalyzers" in project "Entegrasyon.MessageQueue.Handler.csproj".
       Target "ResolvePackageAssets" skipped. Previously built successfully.
   6:8>Target "ProcessFrameworkReferences" skipped. Previously built successfully.
   2:8>Target "ResolveLockFileReferences" in file "/usr/lib64/dotnet/sdk/10.0.101/Sdks/Microsoft.NET.Sdk/targets/Microsoft.PackageDependencyResolution.targets" from project "/home/baturhan/Projeler/Entegrasyon/Application/Entegrasyon.Business/Entegrasyon.Business.csproj" (target "ResolvePackageDependenciesForBuild" depends on it):
   2:8>Using "JoinItems" task from assembly "/usr/lib64/dotnet/sdk/10.0.101/Sdks/Microsoft.NET.Sdk/targets/../tools/net10.0/Microsoft.NET.Build.Tasks.dll".
   6:8>Target "_DefaultMicrosoftNETPlatformLibrary" in file "/usr/lib64/dotnet/sdk/10.0.101/Sdks/Microsoft.NET.Sdk/targets/Microsoft.NET.Sdk.Shared.targets" from project "/home/baturhan/Projeler/Entegrasyon/Shared/Shared/Shared.csproj" (target "ResolvePackageAssets" depends on it):
   6:8>Done building target "_DefaultMicrosoftNETPlatformLibrary" in project "Shared.csproj".
   2:8>Task "JoinItems"
   4:6>Done executing task "ResolvePackageAssets".
   7:7>Target "ResolveLockFileCopyLocalFiles" in file "/usr/lib64/dotnet/sdk/10.0.101/Sdks/Microsoft.NET.Sdk/targets/Microsoft.PackageDependencyResolution.targets" from project "/home/baturhan/Projeler/Entegrasyon/Application/Entegrasyon.DataAccess/Entegrasyon.DataAccess.csproj" (target "ResolvePackageDependenciesForBuild" depends on it):
   7:7>Done building target "ResolveLockFileCopyLocalFiles" in project "Entegrasyon.DataAccess.csproj".
   6:8>Target "_ComputePackageReferencePublish" in file "/usr/lib64/dotnet/sdk/10.0.101/Sdks/Microsoft.NET.Sdk/targets/Microsoft.NET.Sdk.Shared.targets" from project "/home/baturhan/Projeler/Entegrasyon/Shared/Shared/Shared.csproj" (target "ResolvePackageAssets" depends on it):
   6:8>Done building target "_ComputePackageReferencePublish" in project "Shared.csproj".
   7:7>Target "ResolvePackageAssets" skipped. Previously built successfully.
   4:6>Done building target "ResolvePackageAssets" in project "Entegrasyon.ApplicationBootstrap.csproj".
   3:6>Target "ResolveLockFileCopyLocalFiles" in file "/usr/lib64/dotnet/sdk/10.0.101/Sdks/Microsoft.NET.Sdk/targets/Microsoft.PackageDependencyResolution.targets" from project "/home/baturhan/Projeler/Entegrasyon/Application/Entegrasyon.MessageQueue/Entegrasyon.MessageQueue.Handler.csproj" (target "ResolvePackageDependenciesForBuild" depends on it):
   3:6>Done building target "ResolveLockFileCopyLocalFiles" in project "Entegrasyon.MessageQueue.Handler.csproj".
   7:7>Target "IncludeTransitiveProjectReferences" in file "/usr/lib64/dotnet/sdk/10.0.101/Sdks/Microsoft.NET.Sdk/targets/Microsoft.PackageDependencyResolution.targets" from project "/home/baturhan/Projeler/Entegrasyon/Application/Entegrasyon.DataAccess/Entegrasyon.DataAccess.csproj" (target "ResolvePackageDependenciesForBuild" depends on it):
   7:7>Done building target "IncludeTransitiveProjectReferences" in project "Entegrasyon.DataAccess.csproj".
   3:6>Target "ResolvePackageAssets" skipped. Previously built successfully.
   3:6>Target "IncludeTransitiveProjectReferences" in file "/usr/lib64/dotnet/sdk/10.0.101/Sdks/Microsoft.NET.Sdk/targets/Microsoft.PackageDependencyResolution.targets" from project "/home/baturhan/Projeler/Entegrasyon/Application/Entegrasyon.MessageQueue/Entegrasyon.MessageQueue.Handler.csproj" (target "ResolvePackageDependenciesForBuild" depends on it):
   3:6>Done building target "IncludeTransitiveProjectReferences" in project "Entegrasyon.MessageQueue.Handler.csproj".
   8:7>Target "CollectPackageReferences" in file "/usr/lib64/dotnet/sdk/10.0.101/NuGet.targets" from project "/home/baturhan/Projeler/Entegrasyon/Application/Entegrasyon.Entity/Entegrasyon.Entity.csproj" (target "_GetRestoreProjectStyle" depends on it):
   8:7>Using "CheckForDuplicateNuGetItemsTask" task from assembly "/usr/lib64/dotnet/sdk/10.0.101/NuGet.Build.Tasks.dll".
       Task "CheckForDuplicateNuGetItemsTask"
   7:7>Target "ResolvePackageDependenciesForBuild" in file "/usr/lib64/dotnet/sdk/10.0.101/Sdks/Microsoft.NET.Sdk/targets/Microsoft.PackageDependencyResolution.targets" from project "/home/baturhan/Projeler/Entegrasyon/Application/Entegrasyon.DataAccess/Entegrasyon.DataAccess.csproj" (target "AssignProjectConfiguration" depends on it):
   7:7>Done building target "ResolvePackageDependenciesForBuild" in project "Entegrasyon.DataAccess.csproj".
   3:6>Target "ResolvePackageDependenciesForBuild" in file "/usr/lib64/dotnet/sdk/10.0.101/Sdks/Microsoft.NET.Sdk/targets/Microsoft.PackageDependencyResolution.targets" from project "/home/baturhan/Projeler/Entegrasyon/Application/Entegrasyon.MessageQueue/Entegrasyon.MessageQueue.Handler.csproj" (target "AssignProjectConfiguration" depends on it):
   3:6>Done building target "ResolvePackageDependenciesForBuild" in project "Entegrasyon.MessageQueue.Handler.csproj".
   5:7>Project "/home/baturhan/Projeler/Entegrasyon/Application/Entegrasyon.MessageQueue.Commands/Entegrasyon.MessageQueue.Commands.csproj" (5:7) is building "/home/baturhan/Projeler/Entegrasyon/Application/Entegrasyon.Entity/Entegrasyon.Entity.csproj" (8:8) on node 1 (GetTargetFrameworks target(s)).
   8:8>Target "NETStandardCompatError_Microsoft_Extensions_Configuration_Binder" skipped. Previously built successfully.
       Target "GetTargetFrameworks" skipped. Previously built successfully.
   2:8>Done executing task "JoinItems".
   8:8>Done Building Project "/home/baturhan/Projeler/Entegrasyon/Application/Entegrasyon.Entity/Entegrasyon.Entity.csproj" (GetTargetFrameworks target(s)).
   2:8>Done building target "ResolveLockFileReferences" in project "Entegrasyon.Business.csproj".
       Target "ResolvePackageAssets" skipped. Previously built successfully.
   5:7>Project "/home/baturhan/Projeler/Entegrasyon/Application/Entegrasyon.MessageQueue.Commands/Entegrasyon.MessageQueue.Commands.csproj" (5:7) is building "/home/baturhan/Projeler/Entegrasyon/Shared/Shared/Shared.csproj" (6:9) on node 6 (GetTargetFrameworks target(s)).
   6:9>Target "NETStandardCompatError_Microsoft_Extensions_Configuration_Binder" skipped. Previously built successfully.
       Target "GetTargetFrameworks" skipped. Previously built successfully.
   6:9>Done Building Project "/home/baturhan/Projeler/Entegrasyon/Shared/Shared/Shared.csproj" (GetTargetFrameworks target(s)).
   7:7>Target "_Microsoft_Extensions_Configuration_Binder_RemoveAnalyzer" in file "/home/baturhan/.nuget/packages/microsoft.extensions.configuration.binder/8.0.2/buildTransitive/netstandard2.0/Microsoft.Extensions.Configuration.Binder.targets" from project "/home/baturhan/Projeler/Entegrasyon/Application/Entegrasyon.DataAccess/Entegrasyon.DataAccess.csproj" (target "AssignProjectConfiguration" depends on it):
   7:7>Done building target "_Microsoft_Extensions_Configuration_Binder_RemoveAnalyzer" in project "Entegrasyon.DataAccess.csproj".
   2:8>Target "ResolveLockFileAnalyzers" in file "/usr/lib64/dotnet/sdk/10.0.101/Sdks/Microsoft.NET.Sdk/targets/Microsoft.PackageDependencyResolution.targets" from project "/home/baturhan/Projeler/Entegrasyon/Application/Entegrasyon.Business/Entegrasyon.Business.csproj" (target "ResolvePackageDependenciesForBuild" depends on it):
   2:8>Done building target "ResolveLockFileAnalyzers" in project "Entegrasyon.Business.csproj".
       Target "ResolvePackageAssets" skipped. Previously built successfully.
   3:6>Target "_Microsoft_Extensions_Configuration_Binder_RemoveAnalyzer" in file "/home/baturhan/.nuget/packages/microsoft.extensions.configuration.binder/8.0.2/buildTransitive/netstandard2.0/Microsoft.Extensions.Configuration.Binder.targets" from project "/home/baturhan/Projeler/Entegrasyon/Application/Entegrasyon.MessageQueue/Entegrasyon.MessageQueue.Handler.csproj" (target "AssignProjectConfiguration" depends on it):
   3:6>Done building target "_Microsoft_Extensions_Configuration_Binder_RemoveAnalyzer" in project "Entegrasyon.MessageQueue.Handler.csproj".
   4:6>Target "_CheckForTransitiveWindowsDesktopDependencies" in file "/usr/lib64/dotnet/sdk/10.0.101/Sdks/Microsoft.NET.Sdk/targets/Microsoft.NET.Sdk.DefaultItems.Shared.targets" from project "/home/baturhan/Projeler/Entegrasyon/Application/Entegrasyon.ApplicationBootstrap/Entegrasyon.ApplicationBootstrap.csproj" (target "ResolveLockFileReferences" depends on it):
   4:6>Done building target "_CheckForTransitiveWindowsDesktopDependencies" in project "Entegrasyon.ApplicationBootstrap.csproj".
   7:7>Target "AssignProjectConfiguration" in file "/usr/lib64/dotnet/sdk/10.0.101/Microsoft.Common.CurrentVersion.targets" from project "/home/baturhan/Projeler/Entegrasyon/Application/Entegrasyon.DataAccess/Entegrasyon.DataAccess.csproj" (target "ResolveReferences" depends on it):
   7:7>Task "AssignProjectConfiguration"
   4:6>Target "AddTransitiveFrameworkReferences" in file "/usr/lib64/dotnet/sdk/10.0.101/Sdks/Microsoft.NET.Sdk/targets/Microsoft.NET.Sdk.FrameworkReferenceResolution.targets" from project "/home/baturhan/Projeler/Entegrasyon/Application/Entegrasyon.ApplicationBootstrap/Entegrasyon.ApplicationBootstrap.csproj" (target "ResolveLockFileReferences" depends on it):
   4:6>Done building target "AddTransitiveFrameworkReferences" in project "Entegrasyon.ApplicationBootstrap.csproj".
   4:6>Target "ResolveLockFileReferences" in file "/usr/lib64/dotnet/sdk/10.0.101/Sdks/Microsoft.NET.Sdk/targets/Microsoft.PackageDependencyResolution.targets" from project "/home/baturhan/Projeler/Entegrasyon/Application/Entegrasyon.ApplicationBootstrap/Entegrasyon.ApplicationBootstrap.csproj" (target "ResolvePackageDependenciesForBuild" depends on it):
       Using "JoinItems" task from assembly "/usr/lib64/dotnet/sdk/10.0.101/Sdks/Microsoft.NET.Sdk/targets/../tools/net10.0/Microsoft.NET.Build.Tasks.dll".
       Task "JoinItems"
   2:8>Target "ResolveLockFileCopyLocalFiles" in file "/usr/lib64/dotnet/sdk/10.0.101/Sdks/Microsoft.NET.Sdk/targets/Microsoft.PackageDependencyResolution.targets" from project "/home/baturhan/Projeler/Entegrasyon/Application/Entegrasyon.Business/Entegrasyon.Business.csproj" (target "ResolvePackageDependenciesForBuild" depends on it):
   2:8>Done building target "ResolveLockFileCopyLocalFiles" in project "Entegrasyon.Business.csproj".
       Target "ResolvePackageAssets" skipped. Previously built successfully.
   2:8>Target "IncludeTransitiveProjectReferences" in file "/usr/lib64/dotnet/sdk/10.0.101/Sdks/Microsoft.NET.Sdk/targets/Microsoft.PackageDependencyResolution.targets" from project "/home/baturhan/Projeler/Entegrasyon/Application/Entegrasyon.Business/Entegrasyon.Business.csproj" (target "ResolvePackageDependenciesForBuild" depends on it):
   2:8>Done building target "IncludeTransitiveProjectReferences" in project "Entegrasyon.Business.csproj".
   2:8>Target "ResolvePackageDependenciesForBuild" in file "/usr/lib64/dotnet/sdk/10.0.101/Sdks/Microsoft.NET.Sdk/targets/Microsoft.PackageDependencyResolution.targets" from project "/home/baturhan/Projeler/Entegrasyon/Application/Entegrasyon.Business/Entegrasyon.Business.csproj" (target "AssignProjectConfiguration" depends on it):
   2:8>Done building target "ResolvePackageDependenciesForBuild" in project "Entegrasyon.Business.csproj".
   6:8>Target "ResolvePackageAssets" in file "/usr/lib64/dotnet/sdk/10.0.101/Sdks/Microsoft.NET.Sdk/targets/Microsoft.PackageDependencyResolution.targets" from project "/home/baturhan/Projeler/Entegrasyon/Shared/Shared/Shared.csproj" (target "ResolveLockFileReferences" depends on it):
   6:8>Using "ResolvePackageAssets" task from assembly "/usr/lib64/dotnet/sdk/10.0.101/Sdks/Microsoft.NET.Sdk/targets/../tools/net10.0/Microsoft.NET.Build.Tasks.dll".
   8:7>Done executing task "CheckForDuplicateNuGetItemsTask".
   6:8>Task "ResolvePackageAssets"
   2:8>Target "_Microsoft_Extensions_Configuration_Binder_RemoveAnalyzer" in file "/home/baturhan/.nuget/packages/microsoft.extensions.configuration.binder/8.0.2/buildTransitive/netstandard2.0/Microsoft.Extensions.Configuration.Binder.targets" from project "/home/baturhan/Projeler/Entegrasyon/Application/Entegrasyon.Business/Entegrasyon.Business.csproj" (target "AssignProjectConfiguration" depends on it):
   2:8>Done building target "_Microsoft_Extensions_Configuration_Binder_RemoveAnalyzer" in project "Entegrasyon.Business.csproj".
   7:7>AssignProjectConfiguration:
         Project reference "../Entegrasyon.Entity/Entegrasyon.Entity.csproj" has not been resolved.
   8:7>Done building target "CollectPackageReferences" in project "Entegrasyon.Entity.csproj".
   7:7>AssignProjectConfiguration:
         Project reference "../../Shared/Shared/Shared.csproj" has not been resolved.
       Done executing task "AssignProjectConfiguration".
   7:7>Done building target "AssignProjectConfiguration" in project "Entegrasyon.DataAccess.csproj".
       Target "AssignProjectConfiguration" skipped. Previously built successfully.
   3:6>Target "AssignProjectConfiguration" in file "/usr/lib64/dotnet/sdk/10.0.101/Microsoft.Common.CurrentVersion.targets" from project "/home/baturhan/Projeler/Entegrasyon/Application/Entegrasyon.MessageQueue/Entegrasyon.MessageQueue.Handler.csproj" (target "ResolveReferences" depends on it):
   3:6>Using "AssignProjectConfiguration" task from assembly "Microsoft.Build.Tasks.Core, Version=15.1.0.0, Culture=neutral, PublicKeyToken=b03f5f7f11d50a3a".
       Task "AssignProjectConfiguration"
   4:6>Done executing task "JoinItems".
   4:6>Done building target "ResolveLockFileReferences" in project "Entegrasyon.ApplicationBootstrap.csproj".
       Target "ResolvePackageAssets" skipped. Previously built successfully.
   4:6>Target "ResolveLockFileAnalyzers" in file "/usr/lib64/dotnet/sdk/10.0.101/Sdks/Microsoft.NET.Sdk/targets/Microsoft.PackageDependencyResolution.targets" from project "/home/baturhan/Projeler/Entegrasyon/Application/Entegrasyon.ApplicationBootstrap/Entegrasyon.ApplicationBootstrap.csproj" (target "ResolvePackageDependenciesForBuild" depends on it):
   4:6>Done building target "ResolveLockFileAnalyzers" in project "Entegrasyon.ApplicationBootstrap.csproj".
       Target "ResolvePackageAssets" skipped. Previously built successfully.
   2:8>Target "AssignProjectConfiguration" in file "/usr/lib64/dotnet/sdk/10.0.101/Microsoft.Common.CurrentVersion.targets" from project "/home/baturhan/Projeler/Entegrasyon/Application/Entegrasyon.Business/Entegrasyon.Business.csproj" (target "ResolveReferences" depends on it):
   2:8>Using "AssignProjectConfiguration" task from assembly "Microsoft.Build.Tasks.Core, Version=15.1.0.0, Culture=neutral, PublicKeyToken=b03f5f7f11d50a3a".
       Task "AssignProjectConfiguration"
   3:6>AssignProjectConfiguration:
         Project reference "../Entegrasyon.Business/Entegrasyon.Business.csproj" has not been resolved.
         Project reference "../Entegrasyon.MessageQueue.Commands/Entegrasyon.MessageQueue.Commands.csproj" has not been resolved.
         Project reference "../Entegrasyon.DataAccess/Entegrasyon.DataAccess.csproj" has not been resolved.
         Project reference "../Entegrasyon.Entity/Entegrasyon.Entity.csproj" has not been resolved.
         Project reference "../../Shared/Shared/Shared.csproj" has not been resolved.
       Done executing task "AssignProjectConfiguration".
   7:7>Target "_SplitProjectReferencesByFileExistence" in file "/usr/lib64/dotnet/sdk/10.0.101/Microsoft.Common.CurrentVersion.targets" from project "/home/baturhan/Projeler/Entegrasyon/Application/Entegrasyon.DataAccess/Entegrasyon.DataAccess.csproj" (target "PrepareProjectReferences" depends on it):
   7:7>Done building target "_SplitProjectReferencesByFileExistence" in project "Entegrasyon.DataAccess.csproj".
   7:7>Target "_AddOutputPathToGlobalPropertiesToRemove" in file "/usr/lib64/dotnet/sdk/10.0.101/Microsoft.Common.CurrentVersion.targets" from project "/home/baturhan/Projeler/Entegrasyon/Application/Entegrasyon.DataAccess/Entegrasyon.DataAccess.csproj" (target "_GetProjectReferenceTargetFrameworkProperties" depends on it):
   7:7>Done building target "_AddOutputPathToGlobalPropertiesToRemove" in project "Entegrasyon.DataAccess.csproj".
   8:7>Target "_GetRestoreProjectStyle" in file "/usr/lib64/dotnet/sdk/10.0.101/NuGet.targets" from project "/home/baturhan/Projeler/Entegrasyon/Application/Entegrasyon.Entity/Entegrasyon.Entity.csproj" (target "EnableIntermediateOutputPathMismatchWarning" depends on it):
   8:7>Using "GetRestoreProjectStyleTask" task from assembly "/usr/lib64/dotnet/sdk/10.0.101/NuGet.Build.Tasks.dll".
       Task "GetRestoreProjectStyleTask"
   4:6>Target "ResolveLockFileCopyLocalFiles" in file "/usr/lib64/dotnet/sdk/10.0.101/Sdks/Microsoft.NET.Sdk/targets/Microsoft.PackageDependencyResolution.targets" from project "/home/baturhan/Projeler/Entegrasyon/Application/Entegrasyon.ApplicationBootstrap/Entegrasyon.ApplicationBootstrap.csproj" (target "ResolvePackageDependenciesForBuild" depends on it):
   4:6>Done building target "ResolveLockFileCopyLocalFiles" in project "Entegrasyon.ApplicationBootstrap.csproj".
       Target "ResolvePackageAssets" skipped. Previously built successfully.
   4:6>Target "IncludeTransitiveProjectReferences" in file "/usr/lib64/dotnet/sdk/10.0.101/Sdks/Microsoft.NET.Sdk/targets/Microsoft.PackageDependencyResolution.targets" from project "/home/baturhan/Projeler/Entegrasyon/Application/Entegrasyon.ApplicationBootstrap/Entegrasyon.ApplicationBootstrap.csproj" (target "ResolvePackageDependenciesForBuild" depends on it):
   4:6>Done building target "IncludeTransitiveProjectReferences" in project "Entegrasyon.ApplicationBootstrap.csproj".
   4:6>Target "ResolvePackageDependenciesForBuild" in file "/usr/lib64/dotnet/sdk/10.0.101/Sdks/Microsoft.NET.Sdk/targets/Microsoft.PackageDependencyResolution.targets" from project "/home/baturhan/Projeler/Entegrasyon/Application/Entegrasyon.ApplicationBootstrap/Entegrasyon.ApplicationBootstrap.csproj" (target "AssignProjectConfiguration" depends on it):
   4:6>Done building target "ResolvePackageDependenciesForBuild" in project "Entegrasyon.ApplicationBootstrap.csproj".
   5:7>Done executing task "MSBuild".
   3:6>Done building target "AssignProjectConfiguration" in project "Entegrasyon.MessageQueue.Handler.csproj".
       Target "AssignProjectConfiguration" skipped. Previously built successfully.
   7:7>Target "_GetProjectReferenceTargetFrameworkProperties" in file "/usr/lib64/dotnet/sdk/10.0.101/Microsoft.Common.CurrentVersion.targets" from project "/home/baturhan/Projeler/Entegrasyon/Application/Entegrasyon.DataAccess/Entegrasyon.DataAccess.csproj" (target "PrepareProjectReferences" depends on it):
   7:7>Task "MSBuild"
   4:6>Target "_Microsoft_Extensions_Configuration_Binder_RemoveAnalyzer" in file "/home/baturhan/.nuget/packages/microsoft.extensions.configuration.binder/8.0.2/buildTransitive/netstandard2.0/Microsoft.Extensions.Configuration.Binder.targets" from project "/home/baturhan/Projeler/Entegrasyon/Application/Entegrasyon.ApplicationBootstrap/Entegrasyon.ApplicationBootstrap.csproj" (target "AssignProjectConfiguration" depends on it):
   4:6>Done building target "_Microsoft_Extensions_Configuration_Binder_RemoveAnalyzer" in project "Entegrasyon.ApplicationBootstrap.csproj".
   2:8>AssignProjectConfiguration:
         Project reference "../Entegrasyon.DataAccess/Entegrasyon.DataAccess.csproj" has not been resolved.
         Project reference "../Entegrasyon.MessageQueue.Commands/Entegrasyon.MessageQueue.Commands.csproj" has not been resolved.
   8:7>Done executing task "GetRestoreProjectStyleTask".
   2:8>AssignProjectConfiguration:
         Project reference "../../Shared/Shared/Shared.csproj" has not been resolved.
         Project reference "../Entegrasyon.Entity/Entegrasyon.Entity.csproj" has not been resolved.
       Done executing task "AssignProjectConfiguration".
   2:8>Done building target "AssignProjectConfiguration" in project "Entegrasyon.Business.csproj".
   8:7>Done building target "_GetRestoreProjectStyle" in project "Entegrasyon.Entity.csproj".
   2:8>Target "AssignProjectConfiguration" skipped. Previously built successfully.
   7:7>_GetProjectReferenceTargetFrameworkProperties:
         Removing Properties:
   4:6>Target "AssignProjectConfiguration" in file "/usr/lib64/dotnet/sdk/10.0.101/Microsoft.Common.CurrentVersion.targets" from project "/home/baturhan/Projeler/Entegrasyon/Application/Entegrasyon.ApplicationBootstrap/Entegrasyon.ApplicationBootstrap.csproj" (target "ResolveReferences" depends on it):
   4:6>Using "AssignProjectConfiguration" task from assembly "Microsoft.Build.Tasks.Core, Version=15.1.0.0, Culture=neutral, PublicKeyToken=b03f5f7f11d50a3a".
   7:7>_GetProjectReferenceTargetFrameworkProperties:
           TargetFramework
   4:6>Task "AssignProjectConfiguration"
   5:7>_GetProjectReferenceTargetFrameworkProperties:
       Using "GetReferenceNearestTargetFrameworkTask" task from assembly "/usr/lib64/dotnet/sdk/10.0.101/NuGet.Build.Tasks.dll".
   8:7>Target "EnableIntermediateOutputPathMismatchWarning" in file "/usr/lib64/dotnet/sdk/10.0.101/NuGet.targets" from project "/home/baturhan/Projeler/Entegrasyon/Application/Entegrasyon.Entity/Entegrasyon.Entity.csproj" (target "_CheckForInvalidConfigurationAndPlatform" depends on it):
   8:7>Done building target "EnableIntermediateOutputPathMismatchWarning" in project "Entegrasyon.Entity.csproj".
   7:7>_GetProjectReferenceTargetFrameworkProperties:
           RuntimeIdentifier
   8:7>Target "ApplyImplicitVersions" skipped. Previously built successfully.
   5:7>Task "GetReferenceNearestTargetFrameworkTask"
   7:7>_GetProjectReferenceTargetFrameworkProperties:
           SelfContained
   8:7>Target "CheckForImplicitPackageReferenceOverrides" skipped. Previously built successfully.
   3:6>Target "_SplitProjectReferencesByFileExistence" in file "/usr/lib64/dotnet/sdk/10.0.101/Microsoft.Common.CurrentVersion.targets" from project "/home/baturhan/Projeler/Entegrasyon/Application/Entegrasyon.MessageQueue/Entegrasyon.MessageQueue.Handler.csproj" (target "PrepareProjectReferences" depends on it):
   3:6>Done building target "_SplitProjectReferencesByFileExistence" in project "Entegrasyon.MessageQueue.Handler.csproj".
   2:8>Target "_SplitProjectReferencesByFileExistence" in file "/usr/lib64/dotnet/sdk/10.0.101/Microsoft.Common.CurrentVersion.targets" from project "/home/baturhan/Projeler/Entegrasyon/Application/Entegrasyon.Business/Entegrasyon.Business.csproj" (target "PrepareProjectReferences" depends on it):
   2:8>Done building target "_SplitProjectReferencesByFileExistence" in project "Entegrasyon.Business.csproj".
   3:6>Target "_AddOutputPathToGlobalPropertiesToRemove" in file "/usr/lib64/dotnet/sdk/10.0.101/Microsoft.Common.CurrentVersion.targets" from project "/home/baturhan/Projeler/Entegrasyon/Application/Entegrasyon.MessageQueue/Entegrasyon.MessageQueue.Handler.csproj" (target "_GetProjectReferenceTargetFrameworkProperties" depends on it):
   3:6>Done building target "_AddOutputPathToGlobalPropertiesToRemove" in project "Entegrasyon.MessageQueue.Handler.csproj".
   2:8>Target "_AddOutputPathToGlobalPropertiesToRemove" in file "/usr/lib64/dotnet/sdk/10.0.101/Microsoft.Common.CurrentVersion.targets" from project "/home/baturhan/Projeler/Entegrasyon/Application/Entegrasyon.Business/Entegrasyon.Business.csproj" (target "_GetProjectReferenceTargetFrameworkProperties" depends on it):
   2:8>Done building target "_AddOutputPathToGlobalPropertiesToRemove" in project "Entegrasyon.Business.csproj".
   4:6>AssignProjectConfiguration:
         Project reference "../../Shared/Shared/Shared.csproj" has not been resolved.
         Project reference "../Entegrasyon.Business/Entegrasyon.Business.csproj" has not been resolved.
         Project reference "../Entegrasyon.DataAccess/Entegrasyon.DataAccess.csproj" has not been resolved.
         Project reference "../Entegrasyon.Entity/Entegrasyon.Entity.csproj" has not been resolved.
         Project reference "../Entegrasyon.MessageQueue.Commands/Entegrasyon.MessageQueue.Commands.csproj" has not been resolved.
       Done executing task "AssignProjectConfiguration".
   5:7>Done executing task "GetReferenceNearestTargetFrameworkTask".
   2:8>Target "_GetProjectReferenceTargetFrameworkProperties" in file "/usr/lib64/dotnet/sdk/10.0.101/Microsoft.Common.CurrentVersion.targets" from project "/home/baturhan/Projeler/Entegrasyon/Application/Entegrasyon.Business/Entegrasyon.Business.csproj" (target "PrepareProjectReferences" depends on it):
   2:8>Task "MSBuild"
   7:7>Project "/home/baturhan/Projeler/Entegrasyon/Application/Entegrasyon.DataAccess/Entegrasyon.DataAccess.csproj" (7:7) is building "/home/baturhan/Projeler/Entegrasyon/Application/Entegrasyon.Entity/Entegrasyon.Entity.csproj" (8:9) on node 1 (GetTargetFrameworks target(s)).
   8:9>Target "NETStandardCompatError_Microsoft_Extensions_Configuration_Binder" skipped. Previously built successfully.
       Target "GetTargetFrameworks" skipped. Previously built successfully.
   8:9>Done Building Project "/home/baturhan/Projeler/Entegrasyon/Application/Entegrasyon.Entity/Entegrasyon.Entity.csproj" (GetTargetFrameworks target(s)).
   5:7>_GetProjectReferenceTargetFrameworkProperties:
       Using "SetRidAgnosticValueForProjects" task from assembly "Microsoft.Build.Tasks.Core, Version=15.1.0.0, Culture=neutral, PublicKeyToken=b03f5f7f11d50a3a".
   7:7>Project "/home/baturhan/Projeler/Entegrasyon/Application/Entegrasyon.DataAccess/Entegrasyon.DataAccess.csproj" (7:7) is building "/home/baturhan/Projeler/Entegrasyon/Shared/Shared/Shared.csproj" (6:10) on node 6 (GetTargetFrameworks target(s)).
  6:10>Target "NETStandardCompatError_Microsoft_Extensions_Configuration_Binder" skipped. Previously built successfully.
   5:7>Task "SetRidAgnosticValueForProjects"
  6:10>Target "GetTargetFrameworks" skipped. Previously built successfully.
  6:10>Done Building Project "/home/baturhan/Projeler/Entegrasyon/Shared/Shared/Shared.csproj" (GetTargetFrameworks target(s)).
   3:6>Target "_GetProjectReferenceTargetFrameworkProperties" in file "/usr/lib64/dotnet/sdk/10.0.101/Microsoft.Common.CurrentVersion.targets" from project "/home/baturhan/Projeler/Entegrasyon/Application/Entegrasyon.MessageQueue/Entegrasyon.MessageQueue.Handler.csproj" (target "PrepareProjectReferences" depends on it):
   3:6>Task "MSBuild"
   6:8>Done executing task "ResolvePackageAssets".
   8:7>Target "CheckForDuplicateItems" in file "/usr/lib64/dotnet/sdk/10.0.101/Sdks/Microsoft.NET.Sdk/targets/Microsoft.NET.Sdk.DefaultItems.Shared.targets" from project "/home/baturhan/Projeler/Entegrasyon/Application/Entegrasyon.Entity/Entegrasyon.Entity.csproj" (target "_CheckForInvalidConfigurationAndPlatform" depends on it):
   8:7>Using "CheckForDuplicateItems" task from assembly "/usr/lib64/dotnet/sdk/10.0.101/Sdks/Microsoft.NET.Sdk/targets/../tools/net10.0/Microsoft.NET.Build.Tasks.dll".
       Task "CheckForDuplicateItems"
   4:6>Done building target "AssignProjectConfiguration" in project "Entegrasyon.ApplicationBootstrap.csproj".
       Target "AssignProjectConfiguration" skipped. Previously built successfully.
   2:8>_GetProjectReferenceTargetFrameworkProperties:
         Removing Properties:
           TargetFramework
   6:8>Done building target "ResolvePackageAssets" in project "Shared.csproj".
   5:7>Done executing task "SetRidAgnosticValueForProjects".
   3:6>_GetProjectReferenceTargetFrameworkProperties:
         Removing Properties:
   2:8>_GetProjectReferenceTargetFrameworkProperties:
           RuntimeIdentifier
   3:6>_GetProjectReferenceTargetFrameworkProperties:
           TargetFramework
   2:8>_GetProjectReferenceTargetFrameworkProperties:
           SelfContained
   3:6>_GetProjectReferenceTargetFrameworkProperties:
           RuntimeIdentifier
           SelfContained
   4:6>Target "_SplitProjectReferencesByFileExistence" in file "/usr/lib64/dotnet/sdk/10.0.101/Microsoft.Common.CurrentVersion.targets" from project "/home/baturhan/Projeler/Entegrasyon/Application/Entegrasyon.ApplicationBootstrap/Entegrasyon.ApplicationBootstrap.csproj" (target "PrepareProjectReferences" depends on it):
   4:6>Done building target "_SplitProjectReferencesByFileExistence" in project "Entegrasyon.ApplicationBootstrap.csproj".
   6:8>Target "_CheckForTransitiveWindowsDesktopDependencies" in file "/usr/lib64/dotnet/sdk/10.0.101/Sdks/Microsoft.NET.Sdk/targets/Microsoft.NET.Sdk.DefaultItems.Shared.targets" from project "/home/baturhan/Projeler/Entegrasyon/Shared/Shared/Shared.csproj" (target "ResolveLockFileReferences" depends on it):
   6:8>Done building target "_CheckForTransitiveWindowsDesktopDependencies" in project "Shared.csproj".
   4:6>Target "_AddOutputPathToGlobalPropertiesToRemove" in file "/usr/lib64/dotnet/sdk/10.0.101/Microsoft.Common.CurrentVersion.targets" from project "/home/baturhan/Projeler/Entegrasyon/Application/Entegrasyon.ApplicationBootstrap/Entegrasyon.ApplicationBootstrap.csproj" (target "_GetProjectReferenceTargetFrameworkProperties" depends on it):
   4:6>Done building target "_AddOutputPathToGlobalPropertiesToRemove" in project "Entegrasyon.ApplicationBootstrap.csproj".
   6:8>Target "AddTransitiveFrameworkReferences" in file "/usr/lib64/dotnet/sdk/10.0.101/Sdks/Microsoft.NET.Sdk/targets/Microsoft.NET.Sdk.FrameworkReferenceResolution.targets" from project "/home/baturhan/Projeler/Entegrasyon/Shared/Shared/Shared.csproj" (target "ResolveLockFileReferences" depends on it):
   6:8>Done building target "AddTransitiveFrameworkReferences" in project "Shared.csproj".
   6:8>Target "ResolveLockFileReferences" in file "/usr/lib64/dotnet/sdk/10.0.101/Sdks/Microsoft.NET.Sdk/targets/Microsoft.PackageDependencyResolution.targets" from project "/home/baturhan/Projeler/Entegrasyon/Shared/Shared/Shared.csproj" (target "ResolvePackageDependenciesForBuild" depends on it):
       Using "JoinItems" task from assembly "/usr/lib64/dotnet/sdk/10.0.101/Sdks/Microsoft.NET.Sdk/targets/../tools/net10.0/Microsoft.NET.Build.Tasks.dll".
       Task "JoinItems"
   4:6>Target "_GetProjectReferenceTargetFrameworkProperties" in file "/usr/lib64/dotnet/sdk/10.0.101/Microsoft.Common.CurrentVersion.targets" from project "/home/baturhan/Projeler/Entegrasyon/Application/Entegrasyon.ApplicationBootstrap/Entegrasyon.ApplicationBootstrap.csproj" (target "PrepareProjectReferences" depends on it):
   4:6>Task "MSBuild"
   5:7>Done building target "_GetProjectReferenceTargetFrameworkProperties" in project "Entegrasyon.MessageQueue.Commands.csproj".
       Target "_CalculateIsVSTestTestProject" skipped. Previously built successfully.
   5:7>Target "ValidateExecutableReferences" in file "/usr/lib64/dotnet/sdk/10.0.101/Sdks/Microsoft.NET.Sdk/targets/Microsoft.NET.Sdk.targets" from project "/home/baturhan/Projeler/Entegrasyon/Application/Entegrasyon.MessageQueue.Commands/Entegrasyon.MessageQueue.Commands.csproj" (target "PrepareProjectReferences" depends on it):
       Using "ValidateExecutableReferences" task from assembly "/usr/lib64/dotnet/sdk/10.0.101/Sdks/Microsoft.NET.Sdk/targets/../tools/net10.0/Microsoft.NET.Build.Tasks.dll".
       Task "ValidateExecutableReferences"
   6:8>Done executing task "JoinItems".
   4:6>_GetProjectReferenceTargetFrameworkProperties:
         Removing Properties:
           TargetFramework
           RuntimeIdentifier
           SelfContained
   6:8>Done building target "ResolveLockFileReferences" in project "Shared.csproj".
       Target "ResolvePackageAssets" skipped. Previously built successfully.
   6:8>Target "ResolveLockFileAnalyzers" in file "/usr/lib64/dotnet/sdk/10.0.101/Sdks/Microsoft.NET.Sdk/targets/Microsoft.PackageDependencyResolution.targets" from project "/home/baturhan/Projeler/Entegrasyon/Shared/Shared/Shared.csproj" (target "ResolvePackageDependenciesForBuild" depends on it):
   6:8>Done building target "ResolveLockFileAnalyzers" in project "Shared.csproj".
       Target "ResolvePackageAssets" skipped. Previously built successfully.
   5:7>Done executing task "ValidateExecutableReferences".
   8:7>Done executing task "CheckForDuplicateItems".
   5:7>Done building target "ValidateExecutableReferences" in project "Entegrasyon.MessageQueue.Commands.csproj".
   7:7>Done executing task "MSBuild".
   5:7>Target "PrepareProjectReferences" in file "/usr/lib64/dotnet/sdk/10.0.101/Microsoft.Common.CurrentVersion.targets" from project "/home/baturhan/Projeler/Entegrasyon/Application/Entegrasyon.MessageQueue.Commands/Entegrasyon.MessageQueue.Commands.csproj" (target "ResolveProjectReferences" depends on it):
   5:7>Done building target "PrepareProjectReferences" in project "Entegrasyon.MessageQueue.Commands.csproj".
   8:7>Task "CheckForDuplicateItems"
   2:8>Project "/home/baturhan/Projeler/Entegrasyon/Application/Entegrasyon.Business/Entegrasyon.Business.csproj" (2:8) is building "/home/baturhan/Projeler/Entegrasyon/Application/Entegrasyon.DataAccess/Entegrasyon.DataAccess.csproj" (7:8) on node 2 (GetTargetFrameworks target(s)).
   7:8>Target "NETStandardCompatError_Microsoft_Extensions_Configuration_Binder" skipped. Previously built successfully.
       Target "GetTargetFrameworks" skipped. Previously built successfully.
   7:8>Done Building Project "/home/baturhan/Projeler/Entegrasyon/Application/Entegrasyon.DataAccess/Entegrasyon.DataAccess.csproj" (GetTargetFrameworks target(s)).
   5:7>Target "ResolveProjectReferences" in file "/usr/lib64/dotnet/sdk/10.0.101/Microsoft.Common.CurrentVersion.targets" from project "/home/baturhan/Projeler/Entegrasyon/Application/Entegrasyon.MessageQueue.Commands/Entegrasyon.MessageQueue.Commands.csproj" (target "ResolveReferences" depends on it):
   5:7>Task "MSBuild"
   6:8>Target "ResolveLockFileCopyLocalFiles" in file "/usr/lib64/dotnet/sdk/10.0.101/Sdks/Microsoft.NET.Sdk/targets/Microsoft.PackageDependencyResolution.targets" from project "/home/baturhan/Projeler/Entegrasyon/Shared/Shared/Shared.csproj" (target "ResolvePackageDependenciesForBuild" depends on it):
   6:8>Done building target "ResolveLockFileCopyLocalFiles" in project "Shared.csproj".
   2:8>Project "/home/baturhan/Projeler/Entegrasyon/Application/Entegrasyon.Business/Entegrasyon.Business.csproj" (2:8) is building "/home/baturhan/Projeler/Entegrasyon/Application/Entegrasyon.MessageQueue.Commands/Entegrasyon.MessageQueue.Commands.csproj" (5:8) on node 7 (GetTargetFrameworks target(s)).
   5:8>Target "NETStandardCompatError_Microsoft_Extensions_Configuration_Binder" skipped. Previously built successfully.
       Target "GetTargetFrameworks" skipped. Previously built successfully.
   5:8>Done Building Project "/home/baturhan/Projeler/Entegrasyon/Application/Entegrasyon.MessageQueue.Commands/Entegrasyon.MessageQueue.Commands.csproj" (GetTargetFrameworks target(s)).
   6:8>Target "ResolvePackageAssets" skipped. Previously built successfully.
   6:8>Target "IncludeTransitiveProjectReferences" in file "/usr/lib64/dotnet/sdk/10.0.101/Sdks/Microsoft.NET.Sdk/targets/Microsoft.PackageDependencyResolution.targets" from project "/home/baturhan/Projeler/Entegrasyon/Shared/Shared/Shared.csproj" (target "ResolvePackageDependenciesForBuild" depends on it):
   6:8>Done building target "IncludeTransitiveProjectReferences" in project "Shared.csproj".
   2:8>Project "/home/baturhan/Projeler/Entegrasyon/Application/Entegrasyon.Business/Entegrasyon.Business.csproj" (2:8) is building "/home/baturhan/Projeler/Entegrasyon/Shared/Shared/Shared.csproj" (6:11) on node 6 (GetTargetFrameworks target(s)).
  6:11>Target "NETStandardCompatError_Microsoft_Extensions_Configuration_Binder" skipped. Previously built successfully.
       Target "GetTargetFrameworks" skipped. Previously built successfully.
  6:11>Done Building Project "/home/baturhan/Projeler/Entegrasyon/Shared/Shared/Shared.csproj" (GetTargetFrameworks target(s)).
   6:8>Target "ResolvePackageDependenciesForBuild" in file "/usr/lib64/dotnet/sdk/10.0.101/Sdks/Microsoft.NET.Sdk/targets/Microsoft.PackageDependencyResolution.targets" from project "/home/baturhan/Projeler/Entegrasyon/Shared/Shared/Shared.csproj" (target "AssignProjectConfiguration" depends on it):
   6:8>Done building target "ResolvePackageDependenciesForBuild" in project "Shared.csproj".
   2:8>Project "/home/baturhan/Projeler/Entegrasyon/Application/Entegrasyon.Business/Entegrasyon.Business.csproj" (2:8) is building "/home/baturhan/Projeler/Entegrasyon/Application/Entegrasyon.Entity/Entegrasyon.Entity.csproj" (8:10) on node 1 (GetTargetFrameworks target(s)).
  8:10>Target "NETStandardCompatError_Microsoft_Extensions_Configuration_Binder" skipped. Previously built successfully.
       Target "GetTargetFrameworks" skipped. Previously built successfully.
  8:10>Done Building Project "/home/baturhan/Projeler/Entegrasyon/Application/Entegrasyon.Entity/Entegrasyon.Entity.csproj" (GetTargetFrameworks target(s)).
   5:7>ResolveProjectReferences:
         Removing Properties for project "../Entegrasyon.Entity/Entegrasyon.Entity.csproj":
   6:8>Target "_Microsoft_Extensions_Configuration_Binder_RemoveAnalyzer" in file "/home/baturhan/.nuget/packages/microsoft.extensions.configuration.binder/8.0.2/buildTransitive/netstandard2.0/Microsoft.Extensions.Configuration.Binder.targets" from project "/home/baturhan/Projeler/Entegrasyon/Shared/Shared/Shared.csproj" (target "AssignProjectConfiguration" depends on it):
   6:8>Done building target "_Microsoft_Extensions_Configuration_Binder_RemoveAnalyzer" in project "Shared.csproj".
   5:7>ResolveProjectReferences:
           TargetFramework
           RuntimeIdentifier
           SelfContained
         Removing Properties for project "../../Shared/Shared/Shared.csproj":
   7:7>_GetProjectReferenceTargetFrameworkProperties:
       Using "GetReferenceNearestTargetFrameworkTask" task from assembly "/usr/lib64/dotnet/sdk/10.0.101/NuGet.Build.Tasks.dll".
   5:7>ResolveProjectReferences:
           TargetFramework
   7:7>Task "GetReferenceNearestTargetFrameworkTask"
   5:7>ResolveProjectReferences:
           RuntimeIdentifier
           SelfContained
   6:8>Target "_SplitProjectReferencesByFileExistence" in file "/usr/lib64/dotnet/sdk/10.0.101/Microsoft.Common.CurrentVersion.targets" from project "/home/baturhan/Projeler/Entegrasyon/Shared/Shared/Shared.csproj" (target "PrepareProjectReferences" depends on it):
   6:8>Done building target "_SplitProjectReferencesByFileExistence" in project "Shared.csproj".
   6:8>Target "_AddOutputPathToGlobalPropertiesToRemove" in file "/usr/lib64/dotnet/sdk/10.0.101/Microsoft.Common.CurrentVersion.targets" from project "/home/baturhan/Projeler/Entegrasyon/Shared/Shared/Shared.csproj" (target "_GetProjectReferenceTargetFrameworkProperties" depends on it):
   6:8>Done building target "_AddOutputPathToGlobalPropertiesToRemove" in project "Shared.csproj".
   7:7>Done executing task "GetReferenceNearestTargetFrameworkTask".
   6:8>Target "_GetProjectReferenceTargetFrameworkProperties" in file "/usr/lib64/dotnet/sdk/10.0.101/Microsoft.Common.CurrentVersion.targets" from project "/home/baturhan/Projeler/Entegrasyon/Shared/Shared/Shared.csproj" (target "PrepareProjectReferences" depends on it):
   6:8>Using "MSBuild" task from assembly "Microsoft.Build.Tasks.Core, Version=15.1.0.0, Culture=neutral, PublicKeyToken=b03f5f7f11d50a3a".
   3:6>Project "/home/baturhan/Projeler/Entegrasyon/Application/Entegrasyon.MessageQueue/Entegrasyon.MessageQueue.Handler.csproj" (3:6) is building "/home/baturhan/Projeler/Entegrasyon/Application/Entegrasyon.Business/Entegrasyon.Business.csproj" (2:9) on node 5 (GetTargetFrameworks target(s)).
   2:9>Target "NETStandardCompatError_Microsoft_Extensions_Configuration_Binder" skipped. Previously built successfully.
       Target "GetTargetFrameworks" skipped. Previously built successfully.
   2:9>Done Building Project "/home/baturhan/Projeler/Entegrasyon/Application/Entegrasyon.Business/Entegrasyon.Business.csproj" (GetTargetFrameworks target(s)).
   3:6>Project "/home/baturhan/Projeler/Entegrasyon/Application/Entegrasyon.MessageQueue/Entegrasyon.MessageQueue.Handler.csproj" (3:6) is building "/home/baturhan/Projeler/Entegrasyon/Application/Entegrasyon.MessageQueue.Commands/Entegrasyon.MessageQueue.Commands.csproj" (5:9) on node 7 (GetTargetFrameworks target(s)).
   5:9>Target "NETStandardCompatError_Microsoft_Extensions_Configuration_Binder" skipped. Previously built successfully.
       Target "GetTargetFrameworks" skipped. Previously built successfully.
   5:9>Done Building Project "/home/baturhan/Projeler/Entegrasyon/Application/Entegrasyon.MessageQueue.Commands/Entegrasyon.MessageQueue.Commands.csproj" (GetTargetFrameworks target(s)).
   6:8>Task "MSBuild"
   7:7>Task "SetRidAgnosticValueForProjects"
   3:6>Project "/home/baturhan/Projeler/Entegrasyon/Application/Entegrasyon.MessageQueue/Entegrasyon.MessageQueue.Handler.csproj" (3:6) is building "/home/baturhan/Projeler/Entegrasyon/Application/Entegrasyon.DataAccess/Entegrasyon.DataAccess.csproj" (7:9) on node 2 (GetTargetFrameworks target(s)).
   7:9>Target "NETStandardCompatError_Microsoft_Extensions_Configuration_Binder" skipped. Previously built successfully.
       Target "GetTargetFrameworks" skipped. Previously built successfully.
   7:9>Done Building Project "/home/baturhan/Projeler/Entegrasyon/Application/Entegrasyon.DataAccess/Entegrasyon.DataAccess.csproj" (GetTargetFrameworks target(s)).
   3:6>Project "/home/baturhan/Projeler/Entegrasyon/Application/Entegrasyon.MessageQueue/Entegrasyon.MessageQueue.Handler.csproj" (3:6) is building "/home/baturhan/Projeler/Entegrasyon/Application/Entegrasyon.Entity/Entegrasyon.Entity.csproj" (8:11) on node 1 (GetTargetFrameworks target(s)).
  8:11>Target "NETStandardCompatError_Microsoft_Extensions_Configuration_Binder" skipped. Previously built successfully.
       Target "GetTargetFrameworks" skipped. Previously built successfully.
  8:11>Done Building Project "/home/baturhan/Projeler/Entegrasyon/Application/Entegrasyon.Entity/Entegrasyon.Entity.csproj" (GetTargetFrameworks target(s)).
   3:6>Project "/home/baturhan/Projeler/Entegrasyon/Application/Entegrasyon.MessageQueue/Entegrasyon.MessageQueue.Handler.csproj" (3:6) is building "/home/baturhan/Projeler/Entegrasyon/Shared/Shared/Shared.csproj" (6:12) on node 6 (GetTargetFrameworks target(s)).
  6:12>Target "NETStandardCompatError_Microsoft_Extensions_Configuration_Binder" skipped. Previously built successfully.
       Target "GetTargetFrameworks" skipped. Previously built successfully.
  6:12>Done Building Project "/home/baturhan/Projeler/Entegrasyon/Shared/Shared/Shared.csproj" (GetTargetFrameworks target(s)).
   7:7>Done executing task "SetRidAgnosticValueForProjects".
   6:8>Done executing task "MSBuild".
       Using "SetRidAgnosticValueForProjects" task from assembly "Microsoft.Build.Tasks.Core, Version=15.1.0.0, Culture=neutral, PublicKeyToken=b03f5f7f11d50a3a".
       Task "SetRidAgnosticValueForProjects"
       Done executing task "SetRidAgnosticValueForProjects".
   2:8>Done executing task "MSBuild".
   4:6>Project "/home/baturhan/Projeler/Entegrasyon/Application/Entegrasyon.ApplicationBootstrap/Entegrasyon.ApplicationBootstrap.csproj" (4:6) is building "/home/baturhan/Projeler/Entegrasyon/Shared/Shared/Shared.csproj" (6:13) on node 6 (GetTargetFrameworks target(s)).
  6:13>Target "NETStandardCompatError_Microsoft_Extensions_Configuration_Binder" skipped. Previously built successfully.
       Target "GetTargetFrameworks" skipped. Previously built successfully.
   6:8>Done building target "_GetProjectReferenceTargetFrameworkProperties" in project "Shared.csproj".
  6:13>Done Building Project "/home/baturhan/Projeler/Entegrasyon/Shared/Shared/Shared.csproj" (GetTargetFrameworks target(s)).
   6:8>Target "_CalculateIsVSTestTestProject" skipped. Previously built successfully.
   4:6>Project "/home/baturhan/Projeler/Entegrasyon/Application/Entegrasyon.ApplicationBootstrap/Entegrasyon.ApplicationBootstrap.csproj" (4:6) is building "/home/baturhan/Projeler/Entegrasyon/Application/Entegrasyon.Business/Entegrasyon.Business.csproj" (2:10) on node 5 (GetTargetFrameworks target(s)).
  2:10>Target "NETStandardCompatError_Microsoft_Extensions_Configuration_Binder" skipped. Previously built successfully.
       Target "GetTargetFrameworks" skipped. Previously built successfully.
  2:10>Done Building Project "/home/baturhan/Projeler/Entegrasyon/Application/Entegrasyon.Business/Entegrasyon.Business.csproj" (GetTargetFrameworks target(s)).
   4:6>Project "/home/baturhan/Projeler/Entegrasyon/Application/Entegrasyon.ApplicationBootstrap/Entegrasyon.ApplicationBootstrap.csproj" (4:6) is building "/home/baturhan/Projeler/Entegrasyon/Application/Entegrasyon.DataAccess/Entegrasyon.DataAccess.csproj" (7:10) on node 2 (GetTargetFrameworks target(s)).
  7:10>Target "NETStandardCompatError_Microsoft_Extensions_Configuration_Binder" skipped. Previously built successfully.
       Target "GetTargetFrameworks" skipped. Previously built successfully.
  7:10>Done Building Project "/home/baturhan/Projeler/Entegrasyon/Application/Entegrasyon.DataAccess/Entegrasyon.DataAccess.csproj" (GetTargetFrameworks target(s)).
   6:8>Target "ValidateExecutableReferences" in file "/usr/lib64/dotnet/sdk/10.0.101/Sdks/Microsoft.NET.Sdk/targets/Microsoft.NET.Sdk.targets" from project "/home/baturhan/Projeler/Entegrasyon/Shared/Shared/Shared.csproj" (target "PrepareProjectReferences" depends on it):
   6:8>Using "ValidateExecutableReferences" task from assembly "/usr/lib64/dotnet/sdk/10.0.101/Sdks/Microsoft.NET.Sdk/targets/../tools/net10.0/Microsoft.NET.Build.Tasks.dll".
   7:7>Done building target "_GetProjectReferenceTargetFrameworkProperties" in project "Entegrasyon.DataAccess.csproj".
   6:8>Task "ValidateExecutableReferences"
   7:7>Target "_CalculateIsVSTestTestProject" skipped. Previously built successfully.
   4:6>Project "/home/baturhan/Projeler/Entegrasyon/Application/Entegrasyon.ApplicationBootstrap/Entegrasyon.ApplicationBootstrap.csproj" (4:6) is building "/home/baturhan/Projeler/Entegrasyon/Application/Entegrasyon.Entity/Entegrasyon.Entity.csproj" (8:12) on node 1 (GetTargetFrameworks target(s)).
  8:12>Target "NETStandardCompatError_Microsoft_Extensions_Configuration_Binder" skipped. Previously built successfully.
       Target "GetTargetFrameworks" skipped. Previously built successfully.
  8:12>Done Building Project "/home/baturhan/Projeler/Entegrasyon/Application/Entegrasyon.Entity/Entegrasyon.Entity.csproj" (GetTargetFrameworks target(s)).
   2:8>_GetProjectReferenceTargetFrameworkProperties:
       Using "GetReferenceNearestTargetFrameworkTask" task from assembly "/usr/lib64/dotnet/sdk/10.0.101/NuGet.Build.Tasks.dll".
   4:6>Project "/home/baturhan/Projeler/Entegrasyon/Application/Entegrasyon.ApplicationBootstrap/Entegrasyon.ApplicationBootstrap.csproj" (4:6) is building "/home/baturhan/Projeler/Entegrasyon/Application/Entegrasyon.MessageQueue.Commands/Entegrasyon.MessageQueue.Commands.csproj" (5:10) on node 7 (GetTargetFrameworks target(s)).
  5:10>Target "NETStandardCompatError_Microsoft_Extensions_Configuration_Binder" skipped. Previously built successfully.
       Target "GetTargetFrameworks" skipped. Previously built successfully.
  5:10>Done Building Project "/home/baturhan/Projeler/Entegrasyon/Application/Entegrasyon.MessageQueue.Commands/Entegrasyon.MessageQueue.Commands.csproj" (GetTargetFrameworks target(s)).
   2:8>Task "GetReferenceNearestTargetFrameworkTask"
   6:8>Done executing task "ValidateExecutableReferences".
   6:8>Done building target "ValidateExecutableReferences" in project "Shared.csproj".
   6:8>Target "PrepareProjectReferences" in file "/usr/lib64/dotnet/sdk/10.0.101/Microsoft.Common.CurrentVersion.targets" from project "/home/baturhan/Projeler/Entegrasyon/Shared/Shared/Shared.csproj" (target "ResolveProjectReferences" depends on it):
   6:8>Done building target "PrepareProjectReferences" in project "Shared.csproj".
   7:7>Target "ValidateExecutableReferences" in file "/usr/lib64/dotnet/sdk/10.0.101/Sdks/Microsoft.NET.Sdk/targets/Microsoft.NET.Sdk.targets" from project "/home/baturhan/Projeler/Entegrasyon/Application/Entegrasyon.DataAccess/Entegrasyon.DataAccess.csproj" (target "PrepareProjectReferences" depends on it):
   7:7>Using "ValidateExecutableReferences" task from assembly "/usr/lib64/dotnet/sdk/10.0.101/Sdks/Microsoft.NET.Sdk/targets/../tools/net10.0/Microsoft.NET.Build.Tasks.dll".
       Task "ValidateExecutableReferences"
       Done executing task "ValidateExecutableReferences".
   6:8>Target "ResolveProjectReferences" in file "/usr/lib64/dotnet/sdk/10.0.101/Microsoft.Common.CurrentVersion.targets" from project "/home/baturhan/Projeler/Entegrasyon/Shared/Shared/Shared.csproj" (target "ResolveReferences" depends on it):
   6:8>Done building target "ResolveProjectReferences" in project "Shared.csproj".
   3:6>Done executing task "MSBuild".
   7:7>Done building target "ValidateExecutableReferences" in project "Entegrasyon.DataAccess.csproj".
   8:7>Done executing task "CheckForDuplicateItems".
   2:8>Done executing task "GetReferenceNearestTargetFrameworkTask".
   7:7>Target "PrepareProjectReferences" in file "/usr/lib64/dotnet/sdk/10.0.101/Microsoft.Common.CurrentVersion.targets" from project "/home/baturhan/Projeler/Entegrasyon/Application/Entegrasyon.DataAccess/Entegrasyon.DataAccess.csproj" (target "ResolveProjectReferences" depends on it):
   7:7>Done building target "PrepareProjectReferences" in project "Entegrasyon.DataAccess.csproj".
   6:8>Target "ResolveProjectReferences" skipped. Previously built successfully.
       Target "GetFrameworkPaths" skipped. Previously built successfully.
       Target "GetReferenceAssemblyPaths" skipped. Previously built successfully.
       Target "PrepareForBuild" skipped. Previously built successfully.
   8:7>Task "CheckForDuplicateItems"
   2:8>_GetProjectReferenceTargetFrameworkProperties:
       Using "SetRidAgnosticValueForProjects" task from assembly "Microsoft.Build.Tasks.Core, Version=15.1.0.0, Culture=neutral, PublicKeyToken=b03f5f7f11d50a3a".
       Task "SetRidAgnosticValueForProjects"
   6:8>Target "ResolveSDKReferences" in file "/usr/lib64/dotnet/sdk/10.0.101/Microsoft.Common.CurrentVersion.targets" from project "/home/baturhan/Projeler/Entegrasyon/Shared/Shared/Shared.csproj" (target "ResolveAssemblyReferences" depends on it):
   6:8>Done building target "ResolveSDKReferences" in project "Shared.csproj".
   7:7>Target "ResolveProjectReferences" in file "/usr/lib64/dotnet/sdk/10.0.101/Microsoft.Common.CurrentVersion.targets" from project "/home/baturhan/Projeler/Entegrasyon/Application/Entegrasyon.DataAccess/Entegrasyon.DataAccess.csproj" (target "ResolveReferences" depends on it):
   7:7>Task "MSBuild"
   6:8>Target "ResolveSDKReferences" skipped. Previously built successfully.
   6:8>Target "ExpandSDKReferences" in file "/usr/lib64/dotnet/sdk/10.0.101/Microsoft.Common.CurrentVersion.targets" from project "/home/baturhan/Projeler/Entegrasyon/Shared/Shared/Shared.csproj" (target "ResolveAssemblyReferences" depends on it):
   6:8>Done building target "ExpandSDKReferences" in project "Shared.csproj".
   2:8>Done executing task "SetRidAgnosticValueForProjects".
   6:8>Target "ResolvePackageDependenciesForBuild" skipped. Previously built successfully.
       Target "GetFrameworkPaths" skipped. Previously built successfully.
       Target "GetReferenceAssemblyPaths" skipped. Previously built successfully.
       Target "ProcessFrameworkReferences" skipped. Previously built successfully.
       Target "ResolvePackageAssets" skipped. Previously built successfully.
   7:7>ResolveProjectReferences:
         Removing Properties for project "../Entegrasyon.Entity/Entegrasyon.Entity.csproj":
           TargetFramework
           RuntimeIdentifier
           SelfContained
         Removing Properties for project "../../Shared/Shared/Shared.csproj":
           TargetFramework
           RuntimeIdentifier
           SelfContained
   6:8>Target "ResolveFrameworkReferences" in file "/usr/lib64/dotnet/sdk/10.0.101/Sdks/Microsoft.NET.Sdk/targets/Microsoft.NET.Sdk.FrameworkReferenceResolution.targets" from project "/home/baturhan/Projeler/Entegrasyon/Shared/Shared/Shared.csproj" (target "ResolveTargetingPackAssets" depends on it):
   6:8>Using "GetPackageDirectory" task from assembly "/usr/lib64/dotnet/sdk/10.0.101/Sdks/Microsoft.NET.Sdk/targets/../tools/net10.0/Microsoft.NET.Build.Tasks.dll".
   3:6>_GetProjectReferenceTargetFrameworkProperties:
       Using "GetReferenceNearestTargetFrameworkTask" task from assembly "/usr/lib64/dotnet/sdk/10.0.101/NuGet.Build.Tasks.dll".
       Task "GetReferenceNearestTargetFrameworkTask"
   6:8>Task "GetPackageDirectory"
       Done executing task "GetPackageDirectory".
   2:8>Done building target "_GetProjectReferenceTargetFrameworkProperties" in project "Entegrasyon.Business.csproj".
   6:8>Task "GetPackageDirectory"
   2:8>Target "_CalculateIsVSTestTestProject" skipped. Previously built successfully.
   6:8>Done executing task "GetPackageDirectory".
       Task "GetPackageDirectory"
   2:8>Target "ValidateExecutableReferences" in file "/usr/lib64/dotnet/sdk/10.0.101/Sdks/Microsoft.NET.Sdk/targets/Microsoft.NET.Sdk.targets" from project "/home/baturhan/Projeler/Entegrasyon/Application/Entegrasyon.Business/Entegrasyon.Business.csproj" (target "PrepareProjectReferences" depends on it):
   2:8>Using "ValidateExecutableReferences" task from assembly "/usr/lib64/dotnet/sdk/10.0.101/Sdks/Microsoft.NET.Sdk/targets/../tools/net10.0/Microsoft.NET.Build.Tasks.dll".
       Task "ValidateExecutableReferences"
       Done executing task "ValidateExecutableReferences".
   4:6>Done executing task "MSBuild".
   2:8>Done building target "ValidateExecutableReferences" in project "Entegrasyon.Business.csproj".
   6:8>Done executing task "GetPackageDirectory".
       Task "GetPackageDirectory"
       Done executing task "GetPackageDirectory".
   2:8>Target "PrepareProjectReferences" in file "/usr/lib64/dotnet/sdk/10.0.101/Microsoft.Common.CurrentVersion.targets" from project "/home/baturhan/Projeler/Entegrasyon/Application/Entegrasyon.Business/Entegrasyon.Business.csproj" (target "ResolveProjectReferences" depends on it):
   2:8>Done building target "PrepareProjectReferences" in project "Entegrasyon.Business.csproj".
   6:8>Task "GetPackageDirectory"
   3:6>Done executing task "GetReferenceNearestTargetFrameworkTask".
   6:8>Done executing task "GetPackageDirectory".
       Task "GetPackageDirectory"
       Done executing task "GetPackageDirectory".
       Task "GetPackageDirectory"
       Done executing task "GetPackageDirectory".
       Task "GetPackageDirectory"
       Done executing task "GetPackageDirectory".
       Task "GetPackageDirectory"
   4:6>_GetProjectReferenceTargetFrameworkProperties:
       Using "GetReferenceNearestTargetFrameworkTask" task from assembly "/usr/lib64/dotnet/sdk/10.0.101/NuGet.Build.Tasks.dll".
   6:8>Done executing task "GetPackageDirectory".
   4:6>Task "GetReferenceNearestTargetFrameworkTask"
   3:6>_GetProjectReferenceTargetFrameworkProperties:
       Using "SetRidAgnosticValueForProjects" task from assembly "Microsoft.Build.Tasks.Core, Version=15.1.0.0, Culture=neutral, PublicKeyToken=b03f5f7f11d50a3a".
       Task "SetRidAgnosticValueForProjects"
       Done executing task "SetRidAgnosticValueForProjects".
   6:8>Task "GetPackageDirectory"
   8:7>Done executing task "CheckForDuplicateItems".
   6:8>Done executing task "GetPackageDirectory".
   8:7>Done building target "CheckForDuplicateItems" in project "Entegrasyon.Entity.csproj".
   6:8>ResolveFrameworkReferences:
       Using "ResolveFrameworkReferences" task from assembly "/usr/lib64/dotnet/sdk/10.0.101/Sdks/Microsoft.NET.Sdk/targets/../tools/net10.0/Microsoft.NET.Build.Tasks.dll".
   4:6>Done executing task "GetReferenceNearestTargetFrameworkTask".
   6:8>Task "ResolveFrameworkReferences"
       Done executing task "ResolveFrameworkReferences".
   6:8>Done building target "ResolveFrameworkReferences" in project "Shared.csproj".
   4:6>_GetProjectReferenceTargetFrameworkProperties:
       Using "SetRidAgnosticValueForProjects" task from assembly "Microsoft.Build.Tasks.Core, Version=15.1.0.0, Culture=neutral, PublicKeyToken=b03f5f7f11d50a3a".
       Task "SetRidAgnosticValueForProjects"
       Done executing task "SetRidAgnosticValueForProjects".
   8:7>Target "ProcessFrameworkReferences" skipped. Previously built successfully.
   6:8>Target "ResolveTargetingPackAssets" in file "/usr/lib64/dotnet/sdk/10.0.101/Sdks/Microsoft.NET.Sdk/targets/Microsoft.NET.Sdk.FrameworkReferenceResolution.targets" from project "/home/baturhan/Projeler/Entegrasyon/Shared/Shared/Shared.csproj" (target "_HandlePackageFileConflicts" depends on it):
   6:8>Using "ResolveTargetingPackAssets" task from assembly "/usr/lib64/dotnet/sdk/10.0.101/Sdks/Microsoft.NET.Sdk/targets/../tools/net10.0/Microsoft.NET.Build.Tasks.dll".
       Task "ResolveTargetingPackAssets"
   8:7>Target "_CheckForInvalidConfigurationAndPlatform" in file "/usr/lib64/dotnet/sdk/10.0.101/Microsoft.Common.CurrentVersion.targets" from project "/home/baturhan/Projeler/Entegrasyon/Application/Entegrasyon.Entity/Entegrasyon.Entity.csproj" (target "BeforeBuild" depends on it):
   8:7>Task "Message"
   3:6>Done building target "_GetProjectReferenceTargetFrameworkProperties" in project "Entegrasyon.MessageQueue.Handler.csproj".
       Target "_CalculateIsVSTestTestProject" skipped. Previously built successfully.
   8:7>_CheckForInvalidConfigurationAndPlatform:
         Configuration=Debug
       Done executing task "Message".
   3:6>Target "ValidateExecutableReferences" in file "/usr/lib64/dotnet/sdk/10.0.101/Sdks/Microsoft.NET.Sdk/targets/Microsoft.NET.Sdk.targets" from project "/home/baturhan/Projeler/Entegrasyon/Application/Entegrasyon.MessageQueue/Entegrasyon.MessageQueue.Handler.csproj" (target "PrepareProjectReferences" depends on it):
   3:6>Using "ValidateExecutableReferences" task from assembly "/usr/lib64/dotnet/sdk/10.0.101/Sdks/Microsoft.NET.Sdk/targets/../tools/net10.0/Microsoft.NET.Build.Tasks.dll".
   8:7>Task "Message"
   3:6>Task "ValidateExecutableReferences"
   8:7>_CheckForInvalidConfigurationAndPlatform:
         Platform=AnyCPU
       Done executing task "Message".
   4:6>Done building target "_GetProjectReferenceTargetFrameworkProperties" in project "Entegrasyon.ApplicationBootstrap.csproj".
       Target "_CalculateIsVSTestTestProject" skipped. Previously built successfully.
   3:6>Done executing task "ValidateExecutableReferences".
   3:6>Done building target "ValidateExecutableReferences" in project "Entegrasyon.MessageQueue.Handler.csproj".
   4:6>Target "ValidateExecutableReferences" in file "/usr/lib64/dotnet/sdk/10.0.101/Sdks/Microsoft.NET.Sdk/targets/Microsoft.NET.Sdk.targets" from project "/home/baturhan/Projeler/Entegrasyon/Application/Entegrasyon.ApplicationBootstrap/Entegrasyon.ApplicationBootstrap.csproj" (target "PrepareProjectReferences" depends on it):
   4:6>Using "ValidateExecutableReferences" task from assembly "/usr/lib64/dotnet/sdk/10.0.101/Sdks/Microsoft.NET.Sdk/targets/../tools/net10.0/Microsoft.NET.Build.Tasks.dll".
       Task "ValidateExecutableReferences"
   3:6>Target "PrepareProjectReferences" in file "/usr/lib64/dotnet/sdk/10.0.101/Microsoft.Common.CurrentVersion.targets" from project "/home/baturhan/Projeler/Entegrasyon/Application/Entegrasyon.MessageQueue/Entegrasyon.MessageQueue.Handler.csproj" (target "ResolveProjectReferences" depends on it):
   3:6>Done building target "PrepareProjectReferences" in project "Entegrasyon.MessageQueue.Handler.csproj".
   4:6>Done executing task "ValidateExecutableReferences".
   3:6>Target "ResolveProjectReferences" in file "/usr/lib64/dotnet/sdk/10.0.101/Microsoft.Common.CurrentVersion.targets" from project "/home/baturhan/Projeler/Entegrasyon/Application/Entegrasyon.MessageQueue/Entegrasyon.MessageQueue.Handler.csproj" (target "ResolveReferences" depends on it):
   3:6>Task "MSBuild"
   4:6>Done building target "ValidateExecutableReferences" in project "Entegrasyon.ApplicationBootstrap.csproj".
   4:6>Target "PrepareProjectReferences" in file "/usr/lib64/dotnet/sdk/10.0.101/Microsoft.Common.CurrentVersion.targets" from project "/home/baturhan/Projeler/Entegrasyon/Application/Entegrasyon.ApplicationBootstrap/Entegrasyon.ApplicationBootstrap.csproj" (target "ResolveProjectReferences" depends on it):
   4:6>Done building target "PrepareProjectReferences" in project "Entegrasyon.ApplicationBootstrap.csproj".
   4:6>Target "ResolveProjectReferences" in file "/usr/lib64/dotnet/sdk/10.0.101/Microsoft.Common.CurrentVersion.targets" from project "/home/baturhan/Projeler/Entegrasyon/Application/Entegrasyon.ApplicationBootstrap/Entegrasyon.ApplicationBootstrap.csproj" (target "ResolveReferences" depends on it):
       Task "MSBuild"
   6:8>Done executing task "ResolveTargetingPackAssets".
   3:6>ResolveProjectReferences:
         Removing Properties for project "../Entegrasyon.Business/Entegrasyon.Business.csproj":
   4:6>ResolveProjectReferences:
         Removing Properties for project "../../Shared/Shared/Shared.csproj":
   3:6>ResolveProjectReferences:
           TargetFramework
   4:6>ResolveProjectReferences:
           TargetFramework
           RuntimeIdentifier
   3:6>ResolveProjectReferences:
           RuntimeIdentifier
   4:6>ResolveProjectReferences:
           SelfContained
         Removing Properties for project "../Entegrasyon.Business/Entegrasyon.Business.csproj":
   3:6>ResolveProjectReferences:
           SelfContained
   4:6>ResolveProjectReferences:
           TargetFramework
           RuntimeIdentifier
   3:6>ResolveProjectReferences:
         Removing Properties for project "../Entegrasyon.MessageQueue.Commands/Entegrasyon.MessageQueue.Commands.csproj":
   4:6>ResolveProjectReferences:
           SelfContained
         Removing Properties for project "../Entegrasyon.DataAccess/Entegrasyon.DataAccess.csproj":
   3:6>ResolveProjectReferences:
           TargetFramework
   4:6>ResolveProjectReferences:
           TargetFramework
           RuntimeIdentifier
   3:6>ResolveProjectReferences:
           RuntimeIdentifier
   4:6>ResolveProjectReferences:
           SelfContained
   8:7>Done building target "_CheckForInvalidConfigurationAndPlatform" in project "Entegrasyon.Entity.csproj".
   4:6>ResolveProjectReferences:
         Removing Properties for project "../Entegrasyon.Entity/Entegrasyon.Entity.csproj":
           TargetFramework
           RuntimeIdentifier
   3:6>ResolveProjectReferences:
           SelfContained
   6:8>Done building target "ResolveTargetingPackAssets" in project "Shared.csproj".
   4:6>ResolveProjectReferences:
           SelfContained
   8:7>Target "ValidateCommandLineProperties" in file "/usr/lib64/dotnet/sdk/10.0.101/Sdks/Microsoft.NET.Sdk/targets/Microsoft.NET.Sdk.targets" from project "/home/baturhan/Projeler/Entegrasyon/Application/Entegrasyon.Entity/Entegrasyon.Entity.csproj" (target "BeforeBuild" depends on it):
   8:7>Done building target "ValidateCommandLineProperties" in project "Entegrasyon.Entity.csproj".
   4:6>ResolveProjectReferences:
         Removing Properties for project "../Entegrasyon.MessageQueue.Commands/Entegrasyon.MessageQueue.Commands.csproj":
   3:6>ResolveProjectReferences:
         Removing Properties for project "../Entegrasyon.DataAccess/Entegrasyon.DataAccess.csproj":
   4:6>ResolveProjectReferences:
           TargetFramework
           RuntimeIdentifier
   8:7>Target "BeforeBuild" in file "/usr/lib64/dotnet/sdk/10.0.101/Microsoft.Common.CurrentVersion.targets" from project "/home/baturhan/Projeler/Entegrasyon/Application/Entegrasyon.Entity/Entegrasyon.Entity.csproj" (target "Build" depends on it):
   8:7>Done building target "BeforeBuild" in project "Entegrasyon.Entity.csproj".
   4:6>ResolveProjectReferences:
           SelfContained
   3:6>ResolveProjectReferences:
           TargetFramework
           RuntimeIdentifier
           SelfContained
         Removing Properties for project "../Entegrasyon.Entity/Entegrasyon.Entity.csproj":
           TargetFramework
           RuntimeIdentifier
   8:7>Target "BuildOnlySettings" in file "/usr/lib64/dotnet/sdk/10.0.101/Microsoft.Common.CurrentVersion.targets" from project "/home/baturhan/Projeler/Entegrasyon/Application/Entegrasyon.Entity/Entegrasyon.Entity.csproj" (target "CoreBuild" depends on it):
   8:7>/usr/lib64/dotnet/sdk/10.0.101/Microsoft.Common.CurrentVersion.targets(1168,7): message : Property reassignment: $(BuildingProject)="true" (previous value: "false") at /usr/lib64/dotnet/sdk/10.0.101/Microsoft.Common.CurrentVersion.targets (1168,7) [/home/baturhan/Projeler/Entegrasyon/Application/Entegrasyon.Entity/Entegrasyon.Entity.csproj]
   3:6>ResolveProjectReferences:
           SelfContained
   8:7>Done building target "BuildOnlySettings" in project "Entegrasyon.Entity.csproj".
   3:6>ResolveProjectReferences:
         Removing Properties for project "../../Shared/Shared/Shared.csproj":
           TargetFramework
           RuntimeIdentifier
   6:8>Target "ResolveOffByDefaultAnalyzers" in file "/usr/lib64/dotnet/sdk/10.0.101/Sdks/Microsoft.NET.Sdk/targets/Microsoft.NET.Sdk.FrameworkReferenceResolution.targets" from project "/home/baturhan/Projeler/Entegrasyon/Shared/Shared/Shared.csproj" (target "_HandlePackageFileConflicts" depends on it):
   6:8>Done building target "ResolveOffByDefaultAnalyzers" in project "Shared.csproj".
   3:6>ResolveProjectReferences:
           SelfContained
   8:7>Target "GetFrameworkPaths" in file "/usr/lib64/dotnet/sdk/10.0.101/Sdks/Microsoft.NET.Sdk/targets/Microsoft.NET.DisableStandardFrameworkResolution.targets" from project "/home/baturhan/Projeler/Entegrasyon/Application/Entegrasyon.Entity/Entegrasyon.Entity.csproj" (target "PrepareForBuild" depends on it):
   8:7>Done building target "GetFrameworkPaths" in project "Entegrasyon.Entity.csproj".
   8:7>Target "GetReferenceAssemblyPaths" in file "/usr/lib64/dotnet/sdk/10.0.101/Sdks/Microsoft.NET.Sdk/targets/Microsoft.NET.DisableStandardFrameworkResolution.targets" from project "/home/baturhan/Projeler/Entegrasyon/Application/Entegrasyon.Entity/Entegrasyon.Entity.csproj" (target "PrepareForBuild" depends on it):
   8:7>Done building target "GetReferenceAssemblyPaths" in project "Entegrasyon.Entity.csproj".
   6:8>Target "_HandlePackageFileConflicts" in file "/usr/lib64/dotnet/sdk/10.0.101/Sdks/Microsoft.NET.Sdk/targets/Microsoft.NET.ConflictResolution.targets" from project "/home/baturhan/Projeler/Entegrasyon/Shared/Shared/Shared.csproj" (target "ResolveAssemblyReferences" depends on it):
   6:8>Using "ResolvePackageFileConflicts" task from assembly "/usr/lib64/dotnet/sdk/10.0.101/Sdks/Microsoft.NET.Sdk/targets/../tools/net10.0/Microsoft.NET.Build.Tasks.dll".
       Task "ResolvePackageFileConflicts"
   8:7>Target "PrepareForBuild" in file "/usr/lib64/dotnet/sdk/10.0.101/Microsoft.Common.CurrentVersion.targets" from project "/home/baturhan/Projeler/Entegrasyon/Application/Entegrasyon.Entity/Entegrasyon.Entity.csproj" (target "CoreBuild" depends on it):
   8:7>Using "FindAppConfigFile" task from assembly "Microsoft.Build.Tasks.Core, Version=15.1.0.0, Culture=neutral, PublicKeyToken=b03f5f7f11d50a3a".
       Task "FindAppConfigFile"
       Done executing task "FindAppConfigFile".
   6:8>_HandlePackageFileConflicts:
         Encountered conflict between 'Reference:/home/baturhan/.nuget/packages/system.diagnostics.diagnosticsource/8.0.0/lib/net8.0/System.Diagnostics.DiagnosticSource.dll' and 'Reference:/usr/lib64/dotnet/packs/Microsoft.NETCore.App.Ref/8.0.22/ref/net8.0/System.Diagnostics.DiagnosticSource.dll'. Choosing 'Reference:/usr/lib64/dotnet/packs/Microsoft.NETCore.App.Ref/8.0.22/ref/net8.0/System.Diagnostics.DiagnosticSource.dll' because file version '8.0.2225.52707' is greater than '8.0.23.53103'.
         Encountered conflict between 'Reference:/home/baturhan/.nuget/packages/system.text.encodings.web/8.0.0/lib/net8.0/System.Text.Encodings.Web.dll' and 'Reference:/usr/lib64/dotnet/packs/Microsoft.NETCore.App.Ref/8.0.22/ref/net8.0/System.Text.Encodings.Web.dll'. Choosing 'Reference:/usr/lib64/dotnet/packs/Microsoft.NETCore.App.Ref/8.0.22/ref/net8.0/System.Text.Encodings.Web.dll' because file version '8.0.2225.52707' is greater than '8.0.23.53103'.
         Encountered conflict between 'Reference:/home/baturhan/.nuget/packages/system.text.json/8.0.0/lib/net8.0/System.Text.Json.dll' and 'Reference:/usr/lib64/dotnet/packs/Microsoft.NETCore.App.Ref/8.0.22/ref/net8.0/System.Text.Json.dll'. Choosing 'Reference:/usr/lib64/dotnet/packs/Microsoft.NETCore.App.Ref/8.0.22/ref/net8.0/System.Text.Json.dll' because file version '8.0.2225.52707' is greater than '8.0.23.53103'.
   8:7>PrepareForBuild:
       Using "MakeDir" task from assembly "Microsoft.Build.Tasks.Core, Version=15.1.0.0, Culture=neutral, PublicKeyToken=b03f5f7f11d50a3a".
       Task "MakeDir"
   6:8>_HandlePackageFileConflicts:
         Encountered conflict between 'Reference:/home/baturhan/.nuget/packages/microsoft.extensions.caching.memory/8.0.1/lib/net8.0/Microsoft.Extensions.Caching.Memory.dll' and 'Reference:/usr/lib64/dotnet/packs/Microsoft.AspNetCore.App.Ref/8.0.22/ref/net8.0/Microsoft.Extensions.Caching.Memory.dll'. Choosing 'Reference:/usr/lib64/dotnet/packs/Microsoft.AspNetCore.App.Ref/8.0.22/ref/net8.0/Microsoft.Extensions.Caching.Memory.dll' because file version '8.0.2225.52707' is greater than '8.0.1024.46610'.
         Encountered conflict between 'Reference:/home/baturhan/.nuget/packages/microsoft.extensions.configuration.binder/8.0.2/lib/net8.0/Microsoft.Extensions.Configuration.Binder.dll' and 'Reference:/usr/lib64/dotnet/packs/Microsoft.AspNetCore.App.Ref/8.0.22/ref/net8.0/Microsoft.Extensions.Configuration.Binder.dll'. Choosing 'Reference:/usr/lib64/dotnet/packs/Microsoft.AspNetCore.App.Ref/8.0.22/ref/net8.0/Microsoft.Extensions.Configuration.Binder.dll' because file version '8.0.2225.52707' is greater than '8.0.724.31311'.
         Encountered conflict between 'Reference:/home/baturhan/.nuget/packages/microsoft.extensions.dependencyinjection.abstractions/8.0.2/lib/net8.0/Microsoft.Extensions.DependencyInjection.Abstractions.dll' and 'Reference:/usr/lib64/dotnet/packs/Microsoft.AspNetCore.App.Ref/8.0.22/ref/net8.0/Microsoft.Extensions.DependencyInjection.Abstractions.dll'. Choosing 'Reference:/usr/lib64/dotnet/packs/Microsoft.AspNetCore.App.Ref/8.0.22/ref/net8.0/Microsoft.Extensions.DependencyInjection.Abstractions.dll' because file version '8.0.2225.52707' is greater than '8.0.1024.46610'.
         Encountered conflict between 'Reference:/home/baturhan/.nuget/packages/microsoft.extensions.dependencyinjection/8.0.1/lib/net8.0/Microsoft.Extensions.DependencyInjection.dll' and 'Reference:/usr/lib64/dotnet/packs/Microsoft.AspNetCore.App.Ref/8.0.22/ref/net8.0/Microsoft.Extensions.DependencyInjection.dll'. Choosing 'Reference:/usr/lib64/dotnet/packs/Microsoft.AspNetCore.App.Ref/8.0.22/ref/net8.0/Microsoft.Extensions.DependencyInjection.dll' because file version '8.0.2225.52707' is greater than '8.0.1024.46610'.
         Encountered conflict between 'Reference:/home/baturhan/.nuget/packages/microsoft.extensions.logging.abstractions/8.0.2/lib/net8.0/Microsoft.Extensions.Logging.Abstractions.dll' and 'Reference:/usr/lib64/dotnet/packs/Microsoft.AspNetCore.App.Ref/8.0.22/ref/net8.0/Microsoft.Extensions.Logging.Abstractions.dll'. Choosing 'Reference:/usr/lib64/dotnet/packs/Microsoft.AspNetCore.App.Ref/8.0.22/ref/net8.0/Microsoft.Extensions.Logging.Abstractions.dll' because file version '8.0.2225.52707' is greater than '8.0.1024.46610'.
         Encountered conflict between 'Reference:/home/baturhan/.nuget/packages/microsoft.extensions.logging/8.0.1/lib/net8.0/Microsoft.Extensions.Logging.dll' and 'Reference:/usr/lib64/dotnet/packs/Microsoft.AspNetCore.App.Ref/8.0.22/ref/net8.0/Microsoft.Extensions.Logging.dll'. Choosing 'Reference:/usr/lib64/dotnet/packs/Microsoft.AspNetCore.App.Ref/8.0.22/ref/net8.0/Microsoft.Extensions.Logging.dll' because file version '8.0.2225.52707' is greater than '8.0.1024.46610'.
         Encountered conflict between 'Reference:/home/baturhan/.nuget/packages/microsoft.extensions.options/8.0.2/lib/net8.0/Microsoft.Extensions.Options.dll' and 'Reference:/usr/lib64/dotnet/packs/Microsoft.AspNetCore.App.Ref/8.0.22/ref/net8.0/Microsoft.Extensions.Options.dll'. Choosing 'Reference:/usr/lib64/dotnet/packs/Microsoft.AspNetCore.App.Ref/8.0.22/ref/net8.0/Microsoft.Extensions.Options.dll' because file version '8.0.2225.52707' is greater than '8.0.224.6711'.
         Encountered conflict between 'Analyzer:/home/baturhan/.nuget/packages/system.text.json/8.0.0/analyzers/dotnet/roslyn4.4/cs/System.Text.Json.SourceGeneration.dll' and 'Analyzer:/usr/lib64/dotnet/packs/Microsoft.NETCore.App.Ref/8.0.22/analyzers/dotnet/cs/System.Text.Json.SourceGeneration.dll'. Choosing 'Analyzer:/usr/lib64/dotnet/packs/Microsoft.NETCore.App.Ref/8.0.22/analyzers/dotnet/cs/System.Text.Json.SourceGeneration.dll' because AssemblyVersion '8.0.13.2707' is greater than '8.0.9.3103'.
         Encountered conflict between 'Analyzer:/home/baturhan/.nuget/packages/microsoft.extensions.logging.abstractions/8.0.2/analyzers/dotnet/roslyn4.4/cs/Microsoft.Extensions.Logging.Generators.dll' and 'Analyzer:/usr/lib64/dotnet/packs/Microsoft.AspNetCore.App.Ref/8.0.22/analyzers/dotnet/roslyn4.4/cs/Microsoft.Extensions.Logging.Generators.dll'. Choosing 'Analyzer:/usr/lib64/dotnet/packs/Microsoft.AspNetCore.App.Ref/8.0.22/analyzers/dotnet/roslyn4.4/cs/Microsoft.Extensions.Logging.Generators.dll' because AssemblyVersion '8.0.13.2707' is greater than '8.0.10.46610'.
   8:7>Done executing task "MakeDir".
   8:7>Done building target "PrepareForBuild" in project "Entegrasyon.Entity.csproj".
   6:8>_HandlePackageFileConflicts:
         Encountered conflict between 'Analyzer:/home/baturhan/.nuget/packages/microsoft.extensions.options/8.0.2/analyzers/dotnet/roslyn4.4/cs/Microsoft.Extensions.Options.SourceGeneration.dll' and 'Analyzer:/usr/lib64/dotnet/packs/Microsoft.AspNetCore.App.Ref/8.0.22/analyzers/dotnet/roslyn4.4/cs/Microsoft.Extensions.Options.SourceGeneration.dll'. Choosing 'Analyzer:/usr/lib64/dotnet/packs/Microsoft.AspNetCore.App.Ref/8.0.22/analyzers/dotnet/roslyn4.4/cs/Microsoft.Extensions.Options.SourceGeneration.dll' because AssemblyVersion '8.0.13.2707' is greater than '8.0.10.6711'.
   8:7>Target "GenerateTargetFrameworkDefineConstants" in file "/usr/lib64/dotnet/sdk/10.0.101/Sdks/Microsoft.NET.Sdk/targets/Microsoft.NET.Sdk.BeforeCommon.targets" from project "/home/baturhan/Projeler/Entegrasyon/Application/Entegrasyon.Entity/Entegrasyon.Entity.csproj" (target "AddImplicitDefineConstants" depends on it):
   8:7>Done building target "GenerateTargetFrameworkDefineConstants" in project "Entegrasyon.Entity.csproj".
   6:8>_HandlePackageFileConflicts:
         Encountered conflict between 'Platform:Microsoft.Extensions.Caching.Memory.dll' and 'Runtime:/home/baturhan/.nuget/packages/microsoft.extensions.caching.memory/8.0.1/lib/net8.0/Microsoft.Extensions.Caching.Memory.dll'. Choosing 'Runtime:/home/baturhan/.nuget/packages/microsoft.extensions.caching.memory/8.0.1/lib/net8.0/Microsoft.Extensions.Caching.Memory.dll' because file version '8.0.1024.46610' is greater than '8.0.23.53103'.
         Encountered conflict between 'Platform:Microsoft.Extensions.Configuration.Binder.dll' and 'Runtime:/home/baturhan/.nuget/packages/microsoft.extensions.configuration.binder/8.0.2/lib/net8.0/Microsoft.Extensions.Configuration.Binder.dll'. Choosing 'Runtime:/home/baturhan/.nuget/packages/microsoft.extensions.configuration.binder/8.0.2/lib/net8.0/Microsoft.Extensions.Configuration.Binder.dll' because file version '8.0.724.31311' is greater than '8.0.23.53103'.
         Encountered conflict between 'Platform:Microsoft.Extensions.DependencyInjection.dll' and 'Runtime:/home/baturhan/.nuget/packages/microsoft.extensions.dependencyinjection/8.0.1/lib/net8.0/Microsoft.Extensions.DependencyInjection.dll'. Choosing 'Runtime:/home/baturhan/.nuget/packages/microsoft.extensions.dependencyinjection/8.0.1/lib/net8.0/Microsoft.Extensions.DependencyInjection.dll' because file version '8.0.1024.46610' is greater than '8.0.23.53103'.
         Encountered conflict between 'Platform:Microsoft.Extensions.DependencyInjection.Abstractions.dll' and 'Runtime:/home/baturhan/.nuget/packages/microsoft.extensions.dependencyinjection.abstractions/8.0.2/lib/net8.0/Microsoft.Extensions.DependencyInjection.Abstractions.dll'. Choosing 'Runtime:/home/baturhan/.nuget/packages/microsoft.extensions.dependencyinjection.abstractions/8.0.2/lib/net8.0/Microsoft.Extensions.DependencyInjection.Abstractions.dll' because file version '8.0.1024.46610' is greater than '8.0.23.53103'.
         Encountered conflict between 'Platform:Microsoft.Extensions.Logging.dll' and 'Runtime:/home/baturhan/.nuget/packages/microsoft.extensions.logging/8.0.1/lib/net8.0/Microsoft.Extensions.Logging.dll'. Choosing 'Runtime:/home/baturhan/.nuget/packages/microsoft.extensions.logging/8.0.1/lib/net8.0/Microsoft.Extensions.Logging.dll' because file version '8.0.1024.46610' is greater than '8.0.23.53103'.
         Encountered conflict between 'Platform:Microsoft.Extensions.Logging.Abstractions.dll' and 'Runtime:/home/baturhan/.nuget/packages/microsoft.extensions.logging.abstractions/8.0.2/lib/net8.0/Microsoft.Extensions.Logging.Abstractions.dll'. Choosing 'Runtime:/home/baturhan/.nuget/packages/microsoft.extensions.logging.abstractions/8.0.2/lib/net8.0/Microsoft.Extensions.Logging.Abstractions.dll' because file version '8.0.1024.46610' is greater than '8.0.23.53103'.
         Encountered conflict between 'Platform:Microsoft.Extensions.Options.dll' and 'Runtime:/home/baturhan/.nuget/packages/microsoft.extensions.options/8.0.2/lib/net8.0/Microsoft.Extensions.Options.dll'. Choosing 'Runtime:/home/baturhan/.nuget/packages/microsoft.extensions.options/8.0.2/lib/net8.0/Microsoft.Extensions.Options.dll' because file version '8.0.224.6711' is greater than '8.0.23.53103'.
         Encountered conflict between 'Platform:System.Diagnostics.DiagnosticSource.dll' and 'Runtime:/home/baturhan/.nuget/packages/system.diagnostics.diagnosticsource/8.0.0/lib/net8.0/System.Diagnostics.DiagnosticSource.dll'. Choosing 'Platform:System.Diagnostics.DiagnosticSource.dll' because file version '8.0.2225.52707' is greater than '8.0.23.53103'.
         Encountered conflict between 'Platform:System.Text.Encodings.Web.dll' and 'Runtime:/home/baturhan/.nuget/packages/system.text.encodings.web/8.0.0/lib/net8.0/System.Text.Encodings.Web.dll'. Choosing 'Platform:System.Text.Encodings.Web.dll' because file version '8.0.2225.52707' is greater than '8.0.23.53103'.
         Encountered conflict between 'Platform:System.Text.Json.dll' and 'Runtime:/home/baturhan/.nuget/packages/system.text.json/8.0.0/lib/net8.0/System.Text.Json.dll'. Choosing 'Platform:System.Text.Json.dll' because file version '8.0.2225.52707' is greater than '8.0.23.53103'.
         Encountered conflict between 'Platform:System.Text.Encodings.Web.dll' and 'Runtime:/home/baturhan/.nuget/packages/system.text.encodings.web/8.0.0/runtimes/browser/lib/net8.0/System.Text.Encodings.Web.dll'. Choosing 'Platform:System.Text.Encodings.Web.dll' because file version '8.0.2225.52707' is greater than '8.0.23.53103'.
         Encountered conflict between 'Platform:mscorlib.dll' and 'Platform:mscorlib.dll'. Could not determine winner due to equal file and assembly versions.
         Encountered conflict between 'Platform:Microsoft.VisualBasic.dll' and 'Platform:Microsoft.VisualBasic.dll'. Could not determine winner due to equal file and assembly versions.
         Encountered conflict between 'Platform:System.dll' and 'Platform:System.dll'. Could not determine winner due to equal file and assembly versions.
         Encountered conflict between 'Platform:System.ComponentModel.DataAnnotations.dll' and 'Platform:System.ComponentModel.DataAnnotations.dll'. Could not determine winner due to equal file and assembly versions.
         Encountered conflict between 'Platform:System.Configuration.dll' and 'Platform:System.Configuration.dll'. Could not determine winner due to equal file and assembly versions.
         Encountered conflict between 'Platform:System.Core.dll' and 'Platform:System.Core.dll'. Could not determine winner due to equal file and assembly versions.
         Encountered conflict between 'Platform:System.Data.dll' and 'Platform:System.Data.dll'. Could not determine winner due to equal file and assembly versions.
         Encountered conflict between 'Platform:System.Drawing.dll' and 'Platform:System.Drawing.dll'. Could not determine winner due to equal file and assembly versions.
         Encountered conflict between 'Platform:System.IO.Compression.FileSystem.dll' and 'Platform:System.IO.Compression.FileSystem.dll'. Could not determine winner due to equal file and assembly versions.
         Encountered conflict between 'Platform:System.Net.dll' and 'Platform:System.Net.dll'. Could not determine winner due to equal file and assembly versions.
         Encountered conflict between 'Platform:System.Numerics.dll' and 'Platform:System.Numerics.dll'. Could not determine winner due to equal file and assembly versions.
         Encountered conflict between 'Platform:System.Runtime.Serialization.dll' and 'Platform:System.Runtime.Serialization.dll'. Could not determine winner due to equal file and assembly versions.
         Encountered conflict between 'Platform:System.Security.dll' and 'Platform:System.Security.dll'. Could not determine winner due to equal file and assembly versions.
         Encountered conflict between 'Platform:System.ServiceProcess.dll' and 'Platform:System.ServiceProcess.dll'. Could not determine winner due to equal file and assembly versions.
         Encountered conflict between 'Platform:System.ServiceModel.Web.dll' and 'Platform:System.ServiceModel.Web.dll'. Could not determine winner due to equal file and assembly versions.
         Encountered conflict between 'Platform:System.Transactions.dll' and 'Platform:System.Transactions.dll'. Could not determine winner due to equal file and assembly versions.
         Encountered conflict between 'Platform:System.Web.dll' and 'Platform:System.Web.dll'. Could not determine winner due to equal file and assembly versions.
         Encountered conflict between 'Platform:System.Windows.dll' and 'Platform:System.Windows.dll'. Could not determine winner due to equal file and assembly versions.
         Encountered conflict between 'Platform:System.Xml.dll' and 'Platform:System.Xml.dll'. Could not determine winner due to equal file and assembly versions.
         Encountered conflict between 'Platform:System.Xml.Serialization.dll' and 'Platform:System.Xml.Serialization.dll'. Could not determine winner due to equal file and assembly versions.
         Encountered conflict between 'Platform:System.Xml.Linq.dll' and 'Platform:System.Xml.Linq.dll'. Could not determine winner due to equal file and assembly versions.
         Encountered conflict between 'Platform:WindowsBase.dll' and 'Platform:WindowsBase.dll'. Could not determine winner due to equal file and assembly versions.
         Encountered conflict between 'Platform:netstandard.dll' and 'Platform:netstandard.dll'. Could not determine winner due to equal file and assembly versions.
         Encountered conflict between 'Platform:System.Private.CoreLib.dll' and 'Platform:System.Private.CoreLib.dll'. Could not determine winner due to equal file and assembly versions.
         Encountered conflict between 'Platform:System.Private.DataContractSerialization.dll' and 'Platform:System.Private.DataContractSerialization.dll'. Could not determine winner due to equal file and assembly versions.
         Encountered conflict between 'Platform:System.Private.Uri.dll' and 'Platform:System.Private.Uri.dll'. Could not determine winner due to equal file and assembly versions.
         Encountered conflict between 'Platform:System.Private.Xml.dll' and 'Platform:System.Private.Xml.dll'. Could not determine winner due to equal file and assembly versions.
         Encountered conflict between 'Platform:System.Private.Xml.Linq.dll' and 'Platform:System.Private.Xml.Linq.dll'. Could not determine winner due to equal file and assembly versions.
         Encountered conflict between 'Platform:mscordaccore_amd64_amd64_8.0.2225.52707.dll' and 'Platform:mscordaccore_amd64_amd64_8.0.2225.52707.dll'. Could not determine winner due to equal file and assembly versions.
       Done executing task "ResolvePackageFileConflicts".
   8:7>Target "GenerateNETCompatibleDefineConstants" in file "/usr/lib64/dotnet/sdk/10.0.101/Sdks/Microsoft.NET.Sdk/targets/Microsoft.NET.Sdk.BeforeCommon.targets" from project "/home/baturhan/Projeler/Entegrasyon/Application/Entegrasyon.Entity/Entegrasyon.Entity.csproj" (target "AddImplicitDefineConstants" depends on it):
   8:7>Done building target "GenerateNETCompatibleDefineConstants" in project "Entegrasyon.Entity.csproj".
   8:7>Target "AddImplicitDefineConstants" in file "/usr/lib64/dotnet/sdk/10.0.101/Sdks/Microsoft.NET.Sdk/targets/Microsoft.NET.Sdk.BeforeCommon.targets" from project "/home/baturhan/Projeler/Entegrasyon/Application/Entegrasyon.Entity/Entegrasyon.Entity.csproj" (target "CoreBuild" depends on it):
       /usr/lib64/dotnet/sdk/10.0.101/Sdks/Microsoft.NET.Sdk/targets/Microsoft.NET.Sdk.BeforeCommon.targets(295,7): message : Property reassignment: $(DefineConstants)="TRACE;DEBUG;NET;NET8_0;NETCOREAPP;NET5_0_OR_GREATER;NET6_0_OR_GREATER;NET7_0_OR_GREATER;NET8_0_OR_GREATER;NETCOREAPP1_0_OR_GREATER;NETCOREAPP1_1_OR_GREATER;NETCOREAPP2_0_OR_GREATER;NETCOREAPP2_1_OR_GREATER;NETCOREAPP2_2_OR_GREATER;NETCOREAPP3_0_OR_GREATER;NETCOREAPP3_1_OR_GREATER" (previous value: "TRACE;DEBUG") at /usr/lib64/dotnet/sdk/10.0.101/Sdks/Microsoft.NET.Sdk/targets/Microsoft.NET.Sdk.BeforeCommon.targets (295,7) [/home/baturhan/Projeler/Entegrasyon/Application/Entegrasyon.Entity/Entegrasyon.Entity.csproj]
   8:7>Done building target "AddImplicitDefineConstants" in project "Entegrasyon.Entity.csproj".
   8:7>Target "GenerateGlobalUsings" in file "/usr/lib64/dotnet/sdk/10.0.101/Sdks/Microsoft.NET.Sdk/targets/Microsoft.NET.GenerateGlobalUsings.targets" from project "/home/baturhan/Projeler/Entegrasyon/Application/Entegrasyon.Entity/Entegrasyon.Entity.csproj" (target "CoreBuild" depends on it):
       Using "GenerateGlobalUsings" task from assembly "/usr/lib64/dotnet/sdk/10.0.101/Sdks/Microsoft.NET.Sdk/targets/../tools/net10.0/Microsoft.NET.Build.Tasks.dll".
       Task "GenerateGlobalUsings"
   6:8>Done building target "_HandlePackageFileConflicts" in project "Shared.csproj".
       Target "ResolveTargetingPackAssets" skipped. Previously built successfully.
   6:8>Target "ResolveAssemblyReferences" in file "/usr/lib64/dotnet/sdk/10.0.101/Microsoft.Common.CurrentVersion.targets" from project "/home/baturhan/Projeler/Entegrasyon/Shared/Shared/Shared.csproj" (target "ResolveReferences" depends on it):
       Using "ResolveAssemblyReference" task from assembly "Microsoft.Build.Tasks.Core, Version=15.1.0.0, Culture=neutral, PublicKeyToken=b03f5f7f11d50a3a".
       Task "ResolveAssemblyReference"
   2:8>Target "ResolveProjectReferences" in file "/usr/lib64/dotnet/sdk/10.0.101/Microsoft.Common.CurrentVersion.targets" from project "/home/baturhan/Projeler/Entegrasyon/Application/Entegrasyon.Business/Entegrasyon.Business.csproj" (target "ResolveReferences" depends on it):
   2:8>Task "MSBuild"
         Removing Properties for project "../Entegrasyon.DataAccess/Entegrasyon.DataAccess.csproj":
           TargetFramework
           RuntimeIdentifier
           SelfContained
         Removing Properties for project "../Entegrasyon.MessageQueue.Commands/Entegrasyon.MessageQueue.Commands.csproj":
           TargetFramework
           RuntimeIdentifier
           SelfContained
         Removing Properties for project "../../Shared/Shared/Shared.csproj":
           TargetFramework
           RuntimeIdentifier
           SelfContained
         Removing Properties for project "../Entegrasyon.Entity/Entegrasyon.Entity.csproj":
           TargetFramework
           RuntimeIdentifier
           SelfContained
   6:8>ResolveAssemblyReferences:
         TargetFrameworkMoniker:
             .NETCoreApp,Version=v8.0
         TargetFrameworkMonikerDisplayName:
             .NET 8.0
         TargetedRuntimeVersion:
             
         Assemblies:
             /home/baturhan/.nuget/packages/castle.core/5.1.1/lib/net6.0/Castle.Core.dll
                 Private = 'false'
                 HintPath = '/home/baturhan/.nuget/packages/castle.core/5.1.1/lib/net6.0/Castle.Core.dll'
             /home/baturhan/.nuget/packages/fluentvalidation/11.9.0/lib/net8.0/FluentValidation.dll
                 Private = 'false'
                 HintPath = '/home/baturhan/.nuget/packages/fluentvalidation/11.9.0/lib/net8.0/FluentValidation.dll'
             /home/baturhan/.nuget/packages/microsoft.entityframeworkcore/8.0.15/lib/net8.0/Microsoft.EntityFrameworkCore.dll
                 Private = 'false'
                 HintPath = '/home/baturhan/.nuget/packages/microsoft.entityframeworkcore/8.0.15/lib/net8.0/Microsoft.EntityFrameworkCore.dll'
             /home/baturhan/.nuget/packages/microsoft.entityframeworkcore.abstractions/8.0.15/lib/net8.0/Microsoft.EntityFrameworkCore.Abstractions.dll
                 Private = 'false'
                 HintPath = '/home/baturhan/.nuget/packages/microsoft.entityframeworkcore.abstractions/8.0.15/lib/net8.0/Microsoft.EntityFrameworkCore.Abstractions.dll'
             /home/baturhan/.nuget/packages/microsoft.entityframeworkcore.proxies/8.0.15/lib/net8.0/Microsoft.EntityFrameworkCore.Proxies.dll
                 Private = 'false'
                 HintPath = '/home/baturhan/.nuget/packages/microsoft.entityframeworkcore.proxies/8.0.15/lib/net8.0/Microsoft.EntityFrameworkCore.Proxies.dll'
             /home/baturhan/.nuget/packages/microsoft.entityframeworkcore.relational/8.0.15/lib/net8.0/Microsoft.EntityFrameworkCore.Relational.dll
                 Private = 'false'
                 HintPath = '/home/baturhan/.nuget/packages/microsoft.entityframeworkcore.relational/8.0.15/lib/net8.0/Microsoft.EntityFrameworkCore.Relational.dll'
             /home/baturhan/.nuget/packages/microsoft.extensions.dependencymodel/8.0.0/lib/net8.0/Microsoft.Extensions.DependencyModel.dll
                 Private = 'false'
                 HintPath = '/home/baturhan/.nuget/packages/microsoft.extensions.dependencymodel/8.0.0/lib/net8.0/Microsoft.Extensions.DependencyModel.dll'
             /home/baturhan/.nuget/packages/microsoft.identitymodel.abstractions/7.4.0/lib/net8.0/Microsoft.IdentityModel.Abstractions.dll
                 Private = 'false'
                 HintPath = '/home/baturhan/.nuget/packages/microsoft.identitymodel.abstractions/7.4.0/lib/net8.0/Microsoft.IdentityModel.Abstractions.dll'
             /home/baturhan/.nuget/packages/microsoft.identitymodel.jsonwebtokens/7.4.0/lib/net8.0/Microsoft.IdentityModel.JsonWebTokens.dll
                 Private = 'false'
                 HintPath = '/home/baturhan/.nuget/packages/microsoft.identitymodel.jsonwebtokens/7.4.0/lib/net8.0/Microsoft.IdentityModel.JsonWebTokens.dll'
             /home/baturhan/.nuget/packages/microsoft.identitymodel.logging/7.4.0/lib/net8.0/Microsoft.IdentityModel.Logging.dll
                 Private = 'false'
                 HintPath = '/home/baturhan/.nuget/packages/microsoft.identitymodel.logging/7.4.0/lib/net8.0/Microsoft.IdentityModel.Logging.dll'
             /home/baturhan/.nuget/packages/microsoft.identitymodel.tokens/7.4.0/lib/net8.0/Microsoft.IdentityModel.Tokens.dll
                 Private = 'false'
                 HintPath = '/home/baturhan/.nuget/packages/microsoft.identitymodel.tokens/7.4.0/lib/net8.0/Microsoft.IdentityModel.Tokens.dll'
             /home/baturhan/.nuget/packages/npgsql/8.0.6/lib/net8.0/Npgsql.dll
                 Private = 'false'
                 HintPath = '/home/baturhan/.nuget/packages/npgsql/8.0.6/lib/net8.0/Npgsql.dll'
             /home/baturhan/.nuget/packages/npgsql.entityframeworkcore.postgresql/8.0.11/lib/net8.0/Npgsql.EntityFrameworkCore.PostgreSQL.dll
                 Private = 'false'
                 HintPath = '/home/baturhan/.nuget/packages/npgsql.entityframeworkcore.postgresql/8.0.11/lib/net8.0/Npgsql.EntityFrameworkCore.PostgreSQL.dll'
             /home/baturhan/.nuget/packages/pipelines.sockets.unofficial/2.2.8/lib/net5.0/Pipelines.Sockets.Unofficial.dll
                 Private = 'false'
                 HintPath = '/home/baturhan/.nuget/packages/pipelines.sockets.unofficial/2.2.8/lib/net5.0/Pipelines.Sockets.Unofficial.dll'
             /home/baturhan/.nuget/packages/serilog/3.1.1/lib/net7.0/Serilog.dll
                 Private = 'false'
                 HintPath = '/home/baturhan/.nuget/packages/serilog/3.1.1/lib/net7.0/Serilog.dll'
             /home/baturhan/.nuget/packages/serilog.aspnetcore/8.0.1/lib/net8.0/Serilog.AspNetCore.dll
                 Private = 'false'
                 HintPath = '/home/baturhan/.nuget/packages/serilog.aspnetcore/8.0.1/lib/net8.0/Serilog.AspNetCore.dll'
             /home/baturhan/.nuget/packages/serilog.extensions.hosting/8.0.0/lib/net8.0/Serilog.Extensions.Hosting.dll
                 Private = 'false'
                 HintPath = '/home/baturhan/.nuget/packages/serilog.extensions.hosting/8.0.0/lib/net8.0/Serilog.Extensions.Hosting.dll'
             /home/baturhan/.nuget/packages/serilog.extensions.logging/8.0.0/lib/net8.0/Serilog.Extensions.Logging.dll
                 Private = 'false'
                 HintPath = '/home/baturhan/.nuget/packages/serilog.extensions.logging/8.0.0/lib/net8.0/Serilog.Extensions.Logging.dll'
             /home/baturhan/.nuget/packages/serilog.formatting.compact/2.0.0/lib/net7.0/Serilog.Formatting.Compact.dll
                 Private = 'false'
                 HintPath = '/home/baturhan/.nuget/packages/serilog.formatting.compact/2.0.0/lib/net7.0/Serilog.Formatting.Compact.dll'
             /home/baturhan/.nuget/packages/serilog.settings.configuration/8.0.0/lib/net8.0/Serilog.Settings.Configuration.dll
                 Private = 'false'
                 HintPath = '/home/baturhan/.nuget/packages/serilog.settings.configuration/8.0.0/lib/net8.0/Serilog.Settings.Configuration.dll'
             /home/baturhan/.nuget/packages/serilog.sinks.console/5.0.1/lib/net7.0/Serilog.Sinks.Console.dll
                 Private = 'false'
                 HintPath = '/home/baturhan/.nuget/packages/serilog.sinks.console/5.0.1/lib/net7.0/Serilog.Sinks.Console.dll'
             /home/baturhan/.nuget/packages/serilog.sinks.debug/2.0.0/lib/netstandard2.1/Serilog.Sinks.Debug.dll
                 Private = 'false'
                 HintPath = '/home/baturhan/.nuget/packages/serilog.sinks.debug/2.0.0/lib/netstandard2.1/Serilog.Sinks.Debug.dll'
             /home/baturhan/.nuget/packages/serilog.sinks.file/5.0.0/lib/net5.0/Serilog.Sinks.File.dll
                 Private = 'false'
                 HintPath = '/home/baturhan/.nuget/packages/serilog.sinks.file/5.0.0/lib/net5.0/Serilog.Sinks.File.dll'
             /home/baturhan/.nuget/packages/stackexchange.redis/2.7.27/lib/net6.0/StackExchange.Redis.dll
                 Private = 'false'
                 HintPath = '/home/baturhan/.nuget/packages/stackexchange.redis/2.7.27/lib/net6.0/StackExchange.Redis.dll'
             /home/baturhan/.nuget/packages/system.identitymodel.tokens.jwt/7.4.0/lib/net8.0/System.IdentityModel.Tokens.Jwt.dll
                 Private = 'false'
                 HintPath = '/home/baturhan/.nuget/packages/system.identitymodel.tokens.jwt/7.4.0/lib/net8.0/System.IdentityModel.Tokens.Jwt.dll'
             /usr/lib64/dotnet/packs/Microsoft.NETCore.App.Ref/8.0.22/ref/net8.0/Microsoft.CSharp.dll
                 Private = 'false'
             /usr/lib64/dotnet/packs/Microsoft.NETCore.App.Ref/8.0.22/ref/net8.0/Microsoft.VisualBasic.Core.dll
                 Private = 'false'
             /usr/lib64/dotnet/packs/Microsoft.NETCore.App.Ref/8.0.22/ref/net8.0/Microsoft.VisualBasic.dll
                 Private = 'false'
             /usr/lib64/dotnet/packs/Microsoft.NETCore.App.Ref/8.0.22/ref/net8.0/Microsoft.Win32.Primitives.dll
                 Private = 'false'
             /usr/lib64/dotnet/packs/Microsoft.NETCore.App.Ref/8.0.22/ref/net8.0/Microsoft.Win32.Registry.dll
                 Private = 'false'
             /usr/lib64/dotnet/packs/Microsoft.NETCore.App.Ref/8.0.22/ref/net8.0/System.AppContext.dll
                 Private = 'false'
             /usr/lib64/dotnet/packs/Microsoft.NETCore.App.Ref/8.0.22/ref/net8.0/System.Buffers.dll
                 Private = 'false'
             /usr/lib64/dotnet/packs/Microsoft.NETCore.App.Ref/8.0.22/ref/net8.0/System.Collections.Concurrent.dll
                 Private = 'false'
             /usr/lib64/dotnet/packs/Microsoft.NETCore.App.Ref/8.0.22/ref/net8.0/System.Collections.Immutable.dll
                 Private = 'false'
             /usr/lib64/dotnet/packs/Microsoft.NETCore.App.Ref/8.0.22/ref/net8.0/System.Collections.NonGeneric.dll
                 Private = 'false'
             /usr/lib64/dotnet/packs/Microsoft.NETCore.App.Ref/8.0.22/ref/net8.0/System.Collections.Specialized.dll
                 Private = 'false'
             /usr/lib64/dotnet/packs/Microsoft.NETCore.App.Ref/8.0.22/ref/net8.0/System.Collections.dll
                 Private = 'false'
             /usr/lib64/dotnet/packs/Microsoft.NETCore.App.Ref/8.0.22/ref/net8.0/System.ComponentModel.Annotations.dll
                 Private = 'false'
             /usr/lib64/dotnet/packs/Microsoft.NETCore.App.Ref/8.0.22/ref/net8.0/System.ComponentModel.DataAnnotations.dll
                 Private = 'false'
             /usr/lib64/dotnet/packs/Microsoft.NETCore.App.Ref/8.0.22/ref/net8.0/System.ComponentModel.EventBasedAsync.dll
                 Private = 'false'
             /usr/lib64/dotnet/packs/Microsoft.NETCore.App.Ref/8.0.22/ref/net8.0/System.ComponentModel.Primitives.dll
                 Private = 'false'
             /usr/lib64/dotnet/packs/Microsoft.NETCore.App.Ref/8.0.22/ref/net8.0/System.ComponentModel.TypeConverter.dll
                 Private = 'false'
             /usr/lib64/dotnet/packs/Microsoft.NETCore.App.Ref/8.0.22/ref/net8.0/System.ComponentModel.dll
                 Private = 'false'
             /usr/lib64/dotnet/packs/Microsoft.NETCore.App.Ref/8.0.22/ref/net8.0/System.Configuration.dll
                 Private = 'false'
             /usr/lib64/dotnet/packs/Microsoft.NETCore.App.Ref/8.0.22/ref/net8.0/System.Console.dll
                 Private = 'false'
             /usr/lib64/dotnet/packs/Microsoft.NETCore.App.Ref/8.0.22/ref/net8.0/System.Core.dll
                 Private = 'false'
             /usr/lib64/dotnet/packs/Microsoft.NETCore.App.Ref/8.0.22/ref/net8.0/System.Data.Common.dll
                 Private = 'false'
             /usr/lib64/dotnet/packs/Microsoft.NETCore.App.Ref/8.0.22/ref/net8.0/System.Data.DataSetExtensions.dll
                 Private = 'false'
             /usr/lib64/dotnet/packs/Microsoft.NETCore.App.Ref/8.0.22/ref/net8.0/System.Data.dll
                 Private = 'false'
             /usr/lib64/dotnet/packs/Microsoft.NETCore.App.Ref/8.0.22/ref/net8.0/System.Diagnostics.Contracts.dll
                 Private = 'false'
             /usr/lib64/dotnet/packs/Microsoft.NETCore.App.Ref/8.0.22/ref/net8.0/System.Diagnostics.Debug.dll
                 Private = 'false'
             /usr/lib64/dotnet/packs/Microsoft.NETCore.App.Ref/8.0.22/ref/net8.0/System.Diagnostics.DiagnosticSource.dll
                 Private = 'false'
             /usr/lib64/dotnet/packs/Microsoft.NETCore.App.Ref/8.0.22/ref/net8.0/System.Diagnostics.FileVersionInfo.dll
                 Private = 'false'
             /usr/lib64/dotnet/packs/Microsoft.NETCore.App.Ref/8.0.22/ref/net8.0/System.Diagnostics.Process.dll
                 Private = 'false'
             /usr/lib64/dotnet/packs/Microsoft.NETCore.App.Ref/8.0.22/ref/net8.0/System.Diagnostics.StackTrace.dll
                 Private = 'false'
             /usr/lib64/dotnet/packs/Microsoft.NETCore.App.Ref/8.0.22/ref/net8.0/System.Diagnostics.TextWriterTraceListener.dll
                 Private = 'false'
             /usr/lib64/dotnet/packs/Microsoft.NETCore.App.Ref/8.0.22/ref/net8.0/System.Diagnostics.Tools.dll
                 Private = 'false'
             /usr/lib64/dotnet/packs/Microsoft.NETCore.App.Ref/8.0.22/ref/net8.0/System.Diagnostics.TraceSource.dll
                 Private = 'false'
             /usr/lib64/dotnet/packs/Microsoft.NETCore.App.Ref/8.0.22/ref/net8.0/System.Diagnostics.Tracing.dll
                 Private = 'false'
             /usr/lib64/dotnet/packs/Microsoft.NETCore.App.Ref/8.0.22/ref/net8.0/System.Drawing.Primitives.dll
                 Private = 'false'
             /usr/lib64/dotnet/packs/Microsoft.NETCore.App.Ref/8.0.22/ref/net8.0/System.Drawing.dll
                 Private = 'false'
             /usr/lib64/dotnet/packs/Microsoft.NETCore.App.Ref/8.0.22/ref/net8.0/System.Dynamic.Runtime.dll
                 Private = 'false'
             /usr/lib64/dotnet/packs/Microsoft.NETCore.App.Ref/8.0.22/ref/net8.0/System.Formats.Asn1.dll
                 Private = 'false'
             /usr/lib64/dotnet/packs/Microsoft.NETCore.App.Ref/8.0.22/ref/net8.0/System.Formats.Tar.dll
                 Private = 'false'
             /usr/lib64/dotnet/packs/Microsoft.NETCore.App.Ref/8.0.22/ref/net8.0/System.Globalization.Calendars.dll
                 Private = 'false'
             /usr/lib64/dotnet/packs/Microsoft.NETCore.App.Ref/8.0.22/ref/net8.0/System.Globalization.Extensions.dll
                 Private = 'false'
             /usr/lib64/dotnet/packs/Microsoft.NETCore.App.Ref/8.0.22/ref/net8.0/System.Globalization.dll
                 Private = 'false'
             /usr/lib64/dotnet/packs/Microsoft.NETCore.App.Ref/8.0.22/ref/net8.0/System.IO.Compression.Brotli.dll
                 Private = 'false'
             /usr/lib64/dotnet/packs/Microsoft.NETCore.App.Ref/8.0.22/ref/net8.0/System.IO.Compression.FileSystem.dll
                 Private = 'false'
             /usr/lib64/dotnet/packs/Microsoft.NETCore.App.Ref/8.0.22/ref/net8.0/System.IO.Compression.ZipFile.dll
                 Private = 'false'
             /usr/lib64/dotnet/packs/Microsoft.NETCore.App.Ref/8.0.22/ref/net8.0/System.IO.Compression.dll
                 Private = 'false'
             /usr/lib64/dotnet/packs/Microsoft.NETCore.App.Ref/8.0.22/ref/net8.0/System.IO.FileSystem.AccessControl.dll
                 Private = 'false'
             /usr/lib64/dotnet/packs/Microsoft.NETCore.App.Ref/8.0.22/ref/net8.0/System.IO.FileSystem.DriveInfo.dll
                 Private = 'false'
             /usr/lib64/dotnet/packs/Microsoft.NETCore.App.Ref/8.0.22/ref/net8.0/System.IO.FileSystem.Primitives.dll
                 Private = 'false'
             /usr/lib64/dotnet/packs/Microsoft.NETCore.App.Ref/8.0.22/ref/net8.0/System.IO.FileSystem.Watcher.dll
                 Private = 'false'
             /usr/lib64/dotnet/packs/Microsoft.NETCore.App.Ref/8.0.22/ref/net8.0/System.IO.FileSystem.dll
                 Private = 'false'
             /usr/lib64/dotnet/packs/Microsoft.NETCore.App.Ref/8.0.22/ref/net8.0/System.IO.IsolatedStorage.dll
                 Private = 'false'
             /usr/lib64/dotnet/packs/Microsoft.NETCore.App.Ref/8.0.22/ref/net8.0/System.IO.MemoryMappedFiles.dll
                 Private = 'false'
             /usr/lib64/dotnet/packs/Microsoft.NETCore.App.Ref/8.0.22/ref/net8.0/System.IO.Pipes.AccessControl.dll
                 Private = 'false'
             /usr/lib64/dotnet/packs/Microsoft.NETCore.App.Ref/8.0.22/ref/net8.0/System.IO.Pipes.dll
                 Private = 'false'
             /usr/lib64/dotnet/packs/Microsoft.NETCore.App.Ref/8.0.22/ref/net8.0/System.IO.UnmanagedMemoryStream.dll
                 Private = 'false'
             /usr/lib64/dotnet/packs/Microsoft.NETCore.App.Ref/8.0.22/ref/net8.0/System.IO.dll
                 Private = 'false'
             /usr/lib64/dotnet/packs/Microsoft.NETCore.App.Ref/8.0.22/ref/net8.0/System.Linq.Expressions.dll
                 Private = 'false'
             /usr/lib64/dotnet/packs/Microsoft.NETCore.App.Ref/8.0.22/ref/net8.0/System.Linq.Parallel.dll
                 Private = 'false'
             /usr/lib64/dotnet/packs/Microsoft.NETCore.App.Ref/8.0.22/ref/net8.0/System.Linq.Queryable.dll
                 Private = 'false'
             /usr/lib64/dotnet/packs/Microsoft.NETCore.App.Ref/8.0.22/ref/net8.0/System.Linq.dll
                 Private = 'false'
             /usr/lib64/dotnet/packs/Microsoft.NETCore.App.Ref/8.0.22/ref/net8.0/System.Memory.dll
                 Private = 'false'
             /usr/lib64/dotnet/packs/Microsoft.NETCore.App.Ref/8.0.22/ref/net8.0/System.Net.Http.Json.dll
                 Private = 'false'
             /usr/lib64/dotnet/packs/Microsoft.NETCore.App.Ref/8.0.22/ref/net8.0/System.Net.Http.dll
                 Private = 'false'
             /usr/lib64/dotnet/packs/Microsoft.NETCore.App.Ref/8.0.22/ref/net8.0/System.Net.HttpListener.dll
                 Private = 'false'
             /usr/lib64/dotnet/packs/Microsoft.NETCore.App.Ref/8.0.22/ref/net8.0/System.Net.Mail.dll
                 Private = 'false'
             /usr/lib64/dotnet/packs/Microsoft.NETCore.App.Ref/8.0.22/ref/net8.0/System.Net.NameResolution.dll
                 Private = 'false'
             /usr/lib64/dotnet/packs/Microsoft.NETCore.App.Ref/8.0.22/ref/net8.0/System.Net.NetworkInformation.dll
                 Private = 'false'
             /usr/lib64/dotnet/packs/Microsoft.NETCore.App.Ref/8.0.22/ref/net8.0/System.Net.Ping.dll
                 Private = 'false'
             /usr/lib64/dotnet/packs/Microsoft.NETCore.App.Ref/8.0.22/ref/net8.0/System.Net.Primitives.dll
                 Private = 'false'
             /usr/lib64/dotnet/packs/Microsoft.NETCore.App.Ref/8.0.22/ref/net8.0/System.Net.Quic.dll
                 Private = 'false'
             /usr/lib64/dotnet/packs/Microsoft.NETCore.App.Ref/8.0.22/ref/net8.0/System.Net.Requests.dll
                 Private = 'false'
             /usr/lib64/dotnet/packs/Microsoft.NETCore.App.Ref/8.0.22/ref/net8.0/System.Net.Security.dll
                 Private = 'false'
             /usr/lib64/dotnet/packs/Microsoft.NETCore.App.Ref/8.0.22/ref/net8.0/System.Net.ServicePoint.dll
                 Private = 'false'
             /usr/lib64/dotnet/packs/Microsoft.NETCore.App.Ref/8.0.22/ref/net8.0/System.Net.Sockets.dll
                 Private = 'false'
             /usr/lib64/dotnet/packs/Microsoft.NETCore.App.Ref/8.0.22/ref/net8.0/System.Net.WebClient.dll
                 Private = 'false'
             /usr/lib64/dotnet/packs/Microsoft.NETCore.App.Ref/8.0.22/ref/net8.0/System.Net.WebHeaderCollection.dll
                 Private = 'false'
             /usr/lib64/dotnet/packs/Microsoft.NETCore.App.Ref/8.0.22/ref/net8.0/System.Net.WebProxy.dll
                 Private = 'false'
             /usr/lib64/dotnet/packs/Microsoft.NETCore.App.Ref/8.0.22/ref/net8.0/System.Net.WebSockets.Client.dll
                 Private = 'false'
             /usr/lib64/dotnet/packs/Microsoft.NETCore.App.Ref/8.0.22/ref/net8.0/System.Net.WebSockets.dll
                 Private = 'false'
             /usr/lib64/dotnet/packs/Microsoft.NETCore.App.Ref/8.0.22/ref/net8.0/System.Net.dll
                 Private = 'false'
             /usr/lib64/dotnet/packs/Microsoft.NETCore.App.Ref/8.0.22/ref/net8.0/System.Numerics.Vectors.dll
                 Private = 'false'
             /usr/lib64/dotnet/packs/Microsoft.NETCore.App.Ref/8.0.22/ref/net8.0/System.Numerics.dll
                 Private = 'false'
             /usr/lib64/dotnet/packs/Microsoft.NETCore.App.Ref/8.0.22/ref/net8.0/System.ObjectModel.dll
                 Private = 'false'
             /usr/lib64/dotnet/packs/Microsoft.NETCore.App.Ref/8.0.22/ref/net8.0/System.Reflection.DispatchProxy.dll
                 Private = 'false'
             /usr/lib64/dotnet/packs/Microsoft.NETCore.App.Ref/8.0.22/ref/net8.0/System.Reflection.Emit.ILGeneration.dll
                 Private = 'false'
             /usr/lib64/dotnet/packs/Microsoft.NETCore.App.Ref/8.0.22/ref/net8.0/System.Reflection.Emit.Lightweight.dll
                 Private = 'false'
             /usr/lib64/dotnet/packs/Microsoft.NETCore.App.Ref/8.0.22/ref/net8.0/System.Reflection.Emit.dll
                 Private = 'false'
             /usr/lib64/dotnet/packs/Microsoft.NETCore.App.Ref/8.0.22/ref/net8.0/System.Reflection.Extensions.dll
                 Private = 'false'
             /usr/lib64/dotnet/packs/Microsoft.NETCore.App.Ref/8.0.22/ref/net8.0/System.Reflection.Metadata.dll
                 Private = 'false'
             /usr/lib64/dotnet/packs/Microsoft.NETCore.App.Ref/8.0.22/ref/net8.0/System.Reflection.Primitives.dll
                 Private = 'false'
             /usr/lib64/dotnet/packs/Microsoft.NETCore.App.Ref/8.0.22/ref/net8.0/System.Reflection.TypeExtensions.dll
                 Private = 'false'
             /usr/lib64/dotnet/packs/Microsoft.NETCore.App.Ref/8.0.22/ref/net8.0/System.Reflection.dll
                 Private = 'false'
             /usr/lib64/dotnet/packs/Microsoft.NETCore.App.Ref/8.0.22/ref/net8.0/System.Resources.Reader.dll
                 Private = 'false'
             /usr/lib64/dotnet/packs/Microsoft.NETCore.App.Ref/8.0.22/ref/net8.0/System.Resources.ResourceManager.dll
                 Private = 'false'
             /usr/lib64/dotnet/packs/Microsoft.NETCore.App.Ref/8.0.22/ref/net8.0/System.Resources.Writer.dll
                 Private = 'false'
             /usr/lib64/dotnet/packs/Microsoft.NETCore.App.Ref/8.0.22/ref/net8.0/System.Runtime.CompilerServices.Unsafe.dll
                 Private = 'false'
             /usr/lib64/dotnet/packs/Microsoft.NETCore.App.Ref/8.0.22/ref/net8.0/System.Runtime.CompilerServices.VisualC.dll
                 Private = 'false'
             /usr/lib64/dotnet/packs/Microsoft.NETCore.App.Ref/8.0.22/ref/net8.0/System.Runtime.Extensions.dll
                 Private = 'false'
             /usr/lib64/dotnet/packs/Microsoft.NETCore.App.Ref/8.0.22/ref/net8.0/System.Runtime.Handles.dll
                 Private = 'false'
             /usr/lib64/dotnet/packs/Microsoft.NETCore.App.Ref/8.0.22/ref/net8.0/System.Runtime.InteropServices.JavaScript.dll
                 Private = 'false'
             /usr/lib64/dotnet/packs/Microsoft.NETCore.App.Ref/8.0.22/ref/net8.0/System.Runtime.InteropServices.RuntimeInformation.dll
                 Private = 'false'
             /usr/lib64/dotnet/packs/Microsoft.NETCore.App.Ref/8.0.22/ref/net8.0/System.Runtime.InteropServices.dll
                 Private = 'false'
             /usr/lib64/dotnet/packs/Microsoft.NETCore.App.Ref/8.0.22/ref/net8.0/System.Runtime.Intrinsics.dll
                 Private = 'false'
             /usr/lib64/dotnet/packs/Microsoft.NETCore.App.Ref/8.0.22/ref/net8.0/System.Runtime.Loader.dll
                 Private = 'false'
             /usr/lib64/dotnet/packs/Microsoft.NETCore.App.Ref/8.0.22/ref/net8.0/System.Runtime.Numerics.dll
                 Private = 'false'
             /usr/lib64/dotnet/packs/Microsoft.NETCore.App.Ref/8.0.22/ref/net8.0/System.Runtime.Serialization.Formatters.dll
                 Private = 'false'
             /usr/lib64/dotnet/packs/Microsoft.NETCore.App.Ref/8.0.22/ref/net8.0/System.Runtime.Serialization.Json.dll
                 Private = 'false'
             /usr/lib64/dotnet/packs/Microsoft.NETCore.App.Ref/8.0.22/ref/net8.0/System.Runtime.Serialization.Primitives.dll
                 Private = 'false'
             /usr/lib64/dotnet/packs/Microsoft.NETCore.App.Ref/8.0.22/ref/net8.0/System.Runtime.Serialization.Xml.dll
                 Private = 'false'
             /usr/lib64/dotnet/packs/Microsoft.NETCore.App.Ref/8.0.22/ref/net8.0/System.Runtime.Serialization.dll
                 Private = 'false'
             /usr/lib64/dotnet/packs/Microsoft.NETCore.App.Ref/8.0.22/ref/net8.0/System.Runtime.dll
                 Private = 'false'
             /usr/lib64/dotnet/packs/Microsoft.NETCore.App.Ref/8.0.22/ref/net8.0/System.Security.AccessControl.dll
                 Private = 'false'
             /usr/lib64/dotnet/packs/Microsoft.NETCore.App.Ref/8.0.22/ref/net8.0/System.Security.Claims.dll
                 Private = 'false'
             /usr/lib64/dotnet/packs/Microsoft.NETCore.App.Ref/8.0.22/ref/net8.0/System.Security.Cryptography.Algorithms.dll
                 Private = 'false'
             /usr/lib64/dotnet/packs/Microsoft.NETCore.App.Ref/8.0.22/ref/net8.0/System.Security.Cryptography.Cng.dll
                 Private = 'false'
             /usr/lib64/dotnet/packs/Microsoft.NETCore.App.Ref/8.0.22/ref/net8.0/System.Security.Cryptography.Csp.dll
                 Private = 'false'
             /usr/lib64/dotnet/packs/Microsoft.NETCore.App.Ref/8.0.22/ref/net8.0/System.Security.Cryptography.Encoding.dll
                 Private = 'false'
             /usr/lib64/dotnet/packs/Microsoft.NETCore.App.Ref/8.0.22/ref/net8.0/System.Security.Cryptography.OpenSsl.dll
                 Private = 'false'
             /usr/lib64/dotnet/packs/Microsoft.NETCore.App.Ref/8.0.22/ref/net8.0/System.Security.Cryptography.Primitives.dll
                 Private = 'false'
             /usr/lib64/dotnet/packs/Microsoft.NETCore.App.Ref/8.0.22/ref/net8.0/System.Security.Cryptography.X509Certificates.dll
                 Private = 'false'
             /usr/lib64/dotnet/packs/Microsoft.NETCore.App.Ref/8.0.22/ref/net8.0/System.Security.Cryptography.dll
                 Private = 'false'
             /usr/lib64/dotnet/packs/Microsoft.NETCore.App.Ref/8.0.22/ref/net8.0/System.Security.Principal.Windows.dll
                 Private = 'false'
             /usr/lib64/dotnet/packs/Microsoft.NETCore.App.Ref/8.0.22/ref/net8.0/System.Security.Principal.dll
                 Private = 'false'
             /usr/lib64/dotnet/packs/Microsoft.NETCore.App.Ref/8.0.22/ref/net8.0/System.Security.SecureString.dll
                 Private = 'false'
             /usr/lib64/dotnet/packs/Microsoft.NETCore.App.Ref/8.0.22/ref/net8.0/System.Security.dll
                 Private = 'false'
             /usr/lib64/dotnet/packs/Microsoft.NETCore.App.Ref/8.0.22/ref/net8.0/System.ServiceModel.Web.dll
                 Private = 'false'
             /usr/lib64/dotnet/packs/Microsoft.NETCore.App.Ref/8.0.22/ref/net8.0/System.ServiceProcess.dll
                 Private = 'false'
             /usr/lib64/dotnet/packs/Microsoft.NETCore.App.Ref/8.0.22/ref/net8.0/System.Text.Encoding.CodePages.dll
                 Private = 'false'
             /usr/lib64/dotnet/packs/Microsoft.NETCore.App.Ref/8.0.22/ref/net8.0/System.Text.Encoding.Extensions.dll
                 Private = 'false'
             /usr/lib64/dotnet/packs/Microsoft.NETCore.App.Ref/8.0.22/ref/net8.0/System.Text.Encoding.dll
                 Private = 'false'
             /usr/lib64/dotnet/packs/Microsoft.NETCore.App.Ref/8.0.22/ref/net8.0/System.Text.Encodings.Web.dll
                 Private = 'false'
             /usr/lib64/dotnet/packs/Microsoft.NETCore.App.Ref/8.0.22/ref/net8.0/System.Text.Json.dll
                 Private = 'false'
             /usr/lib64/dotnet/packs/Microsoft.NETCore.App.Ref/8.0.22/ref/net8.0/System.Text.RegularExpressions.dll
                 Private = 'false'
             /usr/lib64/dotnet/packs/Microsoft.NETCore.App.Ref/8.0.22/ref/net8.0/System.Threading.Channels.dll
                 Private = 'false'
             /usr/lib64/dotnet/packs/Microsoft.NETCore.App.Ref/8.0.22/ref/net8.0/System.Threading.Overlapped.dll
                 Private = 'false'
             /usr/lib64/dotnet/packs/Microsoft.NETCore.App.Ref/8.0.22/ref/net8.0/System.Threading.Tasks.Dataflow.dll
                 Private = 'false'
             /usr/lib64/dotnet/packs/Microsoft.NETCore.App.Ref/8.0.22/ref/net8.0/System.Threading.Tasks.Extensions.dll
                 Private = 'false'
             /usr/lib64/dotnet/packs/Microsoft.NETCore.App.Ref/8.0.22/ref/net8.0/System.Threading.Tasks.Parallel.dll
                 Private = 'false'
             /usr/lib64/dotnet/packs/Microsoft.NETCore.App.Ref/8.0.22/ref/net8.0/System.Threading.Tasks.dll
                 Private = 'false'
             /usr/lib64/dotnet/packs/Microsoft.NETCore.App.Ref/8.0.22/ref/net8.0/System.Threading.Thread.dll
                 Private = 'false'
             /usr/lib64/dotnet/packs/Microsoft.NETCore.App.Ref/8.0.22/ref/net8.0/System.Threading.ThreadPool.dll
                 Private = 'false'
             /usr/lib64/dotnet/packs/Microsoft.NETCore.App.Ref/8.0.22/ref/net8.0/System.Threading.Timer.dll
                 Private = 'false'
             /usr/lib64/dotnet/packs/Microsoft.NETCore.App.Ref/8.0.22/ref/net8.0/System.Threading.dll
                 Private = 'false'
             /usr/lib64/dotnet/packs/Microsoft.NETCore.App.Ref/8.0.22/ref/net8.0/System.Transactions.Local.dll
                 Private = 'false'
             /usr/lib64/dotnet/packs/Microsoft.NETCore.App.Ref/8.0.22/ref/net8.0/System.Transactions.dll
                 Private = 'false'
             /usr/lib64/dotnet/packs/Microsoft.NETCore.App.Ref/8.0.22/ref/net8.0/System.ValueTuple.dll
                 Private = 'false'
             /usr/lib64/dotnet/packs/Microsoft.NETCore.App.Ref/8.0.22/ref/net8.0/System.Web.HttpUtility.dll
                 Private = 'false'
             /usr/lib64/dotnet/packs/Microsoft.NETCore.App.Ref/8.0.22/ref/net8.0/System.Web.dll
                 Private = 'false'
             /usr/lib64/dotnet/packs/Microsoft.NETCore.App.Ref/8.0.22/ref/net8.0/System.Windows.dll
                 Private = 'false'
             /usr/lib64/dotnet/packs/Microsoft.NETCore.App.Ref/8.0.22/ref/net8.0/System.Xml.Linq.dll
                 Private = 'false'
             /usr/lib64/dotnet/packs/Microsoft.NETCore.App.Ref/8.0.22/ref/net8.0/System.Xml.ReaderWriter.dll
                 Private = 'false'
             /usr/lib64/dotnet/packs/Microsoft.NETCore.App.Ref/8.0.22/ref/net8.0/System.Xml.Serialization.dll
                 Private = 'false'
             /usr/lib64/dotnet/packs/Microsoft.NETCore.App.Ref/8.0.22/ref/net8.0/System.Xml.XDocument.dll
                 Private = 'false'
             /usr/lib64/dotnet/packs/Microsoft.NETCore.App.Ref/8.0.22/ref/net8.0/System.Xml.XPath.XDocument.dll
                 Private = 'false'
             /usr/lib64/dotnet/packs/Microsoft.NETCore.App.Ref/8.0.22/ref/net8.0/System.Xml.XPath.dll
                 Private = 'false'
             /usr/lib64/dotnet/packs/Microsoft.NETCore.App.Ref/8.0.22/ref/net8.0/System.Xml.XmlDocument.dll
                 Private = 'false'
             /usr/lib64/dotnet/packs/Microsoft.NETCore.App.Ref/8.0.22/ref/net8.0/System.Xml.XmlSerializer.dll
                 Private = 'false'
             /usr/lib64/dotnet/packs/Microsoft.NETCore.App.Ref/8.0.22/ref/net8.0/System.Xml.dll
                 Private = 'false'
             /usr/lib64/dotnet/packs/Microsoft.NETCore.App.Ref/8.0.22/ref/net8.0/System.dll
                 Private = 'false'
             /usr/lib64/dotnet/packs/Microsoft.NETCore.App.Ref/8.0.22/ref/net8.0/WindowsBase.dll
                 Private = 'false'
             /usr/lib64/dotnet/packs/Microsoft.NETCore.App.Ref/8.0.22/ref/net8.0/mscorlib.dll
                 Private = 'false'
             /usr/lib64/dotnet/packs/Microsoft.NETCore.App.Ref/8.0.22/ref/net8.0/netstandard.dll
                 Private = 'false'
             /usr/lib64/dotnet/packs/Microsoft.AspNetCore.App.Ref/8.0.22/ref/net8.0/Microsoft.AspNetCore.Antiforgery.dll
                 Private = 'false'
             /usr/lib64/dotnet/packs/Microsoft.AspNetCore.App.Ref/8.0.22/ref/net8.0/Microsoft.AspNetCore.Authentication.Abstractions.dll
                 Private = 'false'
             /usr/lib64/dotnet/packs/Microsoft.AspNetCore.App.Ref/8.0.22/ref/net8.0/Microsoft.AspNetCore.Authentication.BearerToken.dll
                 Private = 'false'
             /usr/lib64/dotnet/packs/Microsoft.AspNetCore.App.Ref/8.0.22/ref/net8.0/Microsoft.AspNetCore.Authentication.Cookies.dll
                 Private = 'false'
             /usr/lib64/dotnet/packs/Microsoft.AspNetCore.App.Ref/8.0.22/ref/net8.0/Microsoft.AspNetCore.Authentication.Core.dll
                 Private = 'false'
             /usr/lib64/dotnet/packs/Microsoft.AspNetCore.App.Ref/8.0.22/ref/net8.0/Microsoft.AspNetCore.Authentication.OAuth.dll
                 Private = 'false'
             /usr/lib64/dotnet/packs/Microsoft.AspNetCore.App.Ref/8.0.22/ref/net8.0/Microsoft.AspNetCore.Authentication.dll
                 Private = 'false'
             /usr/lib64/dotnet/packs/Microsoft.AspNetCore.App.Ref/8.0.22/ref/net8.0/Microsoft.AspNetCore.Authorization.Policy.dll
                 Private = 'false'
             /usr/lib64/dotnet/packs/Microsoft.AspNetCore.App.Ref/8.0.22/ref/net8.0/Microsoft.AspNetCore.Authorization.dll
                 Private = 'false'
             /usr/lib64/dotnet/packs/Microsoft.AspNetCore.App.Ref/8.0.22/ref/net8.0/Microsoft.AspNetCore.Components.Authorization.dll
                 Private = 'false'
             /usr/lib64/dotnet/packs/Microsoft.AspNetCore.App.Ref/8.0.22/ref/net8.0/Microsoft.AspNetCore.Components.Endpoints.dll
                 Private = 'false'
             /usr/lib64/dotnet/packs/Microsoft.AspNetCore.App.Ref/8.0.22/ref/net8.0/Microsoft.AspNetCore.Components.Forms.dll
                 Private = 'false'
             /usr/lib64/dotnet/packs/Microsoft.AspNetCore.App.Ref/8.0.22/ref/net8.0/Microsoft.AspNetCore.Components.Server.dll
                 Private = 'false'
             /usr/lib64/dotnet/packs/Microsoft.AspNetCore.App.Ref/8.0.22/ref/net8.0/Microsoft.AspNetCore.Components.Web.dll
                 Private = 'false'
             /usr/lib64/dotnet/packs/Microsoft.AspNetCore.App.Ref/8.0.22/ref/net8.0/Microsoft.AspNetCore.Components.dll
                 Private = 'false'
             /usr/lib64/dotnet/packs/Microsoft.AspNetCore.App.Ref/8.0.22/ref/net8.0/Microsoft.AspNetCore.Connections.Abstractions.dll
                 Private = 'false'
             /usr/lib64/dotnet/packs/Microsoft.AspNetCore.App.Ref/8.0.22/ref/net8.0/Microsoft.AspNetCore.CookiePolicy.dll
                 Private = 'false'
             /usr/lib64/dotnet/packs/Microsoft.AspNetCore.App.Ref/8.0.22/ref/net8.0/Microsoft.AspNetCore.Cors.dll
                 Private = 'false'
             /usr/lib64/dotnet/packs/Microsoft.AspNetCore.App.Ref/8.0.22/ref/net8.0/Microsoft.AspNetCore.Cryptography.Internal.dll
                 Private = 'false'
             /usr/lib64/dotnet/packs/Microsoft.AspNetCore.App.Ref/8.0.22/ref/net8.0/Microsoft.AspNetCore.Cryptography.KeyDerivation.dll
                 Private = 'false'
             /usr/lib64/dotnet/packs/Microsoft.AspNetCore.App.Ref/8.0.22/ref/net8.0/Microsoft.AspNetCore.DataProtection.Abstractions.dll
                 Private = 'false'
             /usr/lib64/dotnet/packs/Microsoft.AspNetCore.App.Ref/8.0.22/ref/net8.0/Microsoft.AspNetCore.DataProtection.Extensions.dll
                 Private = 'false'
             /usr/lib64/dotnet/packs/Microsoft.AspNetCore.App.Ref/8.0.22/ref/net8.0/Microsoft.AspNetCore.DataProtection.dll
                 Private = 'false'
             /usr/lib64/dotnet/packs/Microsoft.AspNetCore.App.Ref/8.0.22/ref/net8.0/Microsoft.AspNetCore.Diagnostics.Abstractions.dll
                 Private = 'false'
             /usr/lib64/dotnet/packs/Microsoft.AspNetCore.App.Ref/8.0.22/ref/net8.0/Microsoft.AspNetCore.Diagnostics.HealthChecks.dll
                 Private = 'false'
             /usr/lib64/dotnet/packs/Microsoft.AspNetCore.App.Ref/8.0.22/ref/net8.0/Microsoft.AspNetCore.Diagnostics.dll
                 Private = 'false'
             /usr/lib64/dotnet/packs/Microsoft.AspNetCore.App.Ref/8.0.22/ref/net8.0/Microsoft.AspNetCore.HostFiltering.dll
                 Private = 'false'
             /usr/lib64/dotnet/packs/Microsoft.AspNetCore.App.Ref/8.0.22/ref/net8.0/Microsoft.AspNetCore.Hosting.Abstractions.dll
                 Private = 'false'
             /usr/lib64/dotnet/packs/Microsoft.AspNetCore.App.Ref/8.0.22/ref/net8.0/Microsoft.AspNetCore.Hosting.Server.Abstractions.dll
                 Private = 'false'
             /usr/lib64/dotnet/packs/Microsoft.AspNetCore.App.Ref/8.0.22/ref/net8.0/Microsoft.AspNetCore.Hosting.dll
                 Private = 'false'
             /usr/lib64/dotnet/packs/Microsoft.AspNetCore.App.Ref/8.0.22/ref/net8.0/Microsoft.AspNetCore.Html.Abstractions.dll
                 Private = 'false'
             /usr/lib64/dotnet/packs/Microsoft.AspNetCore.App.Ref/8.0.22/ref/net8.0/Microsoft.AspNetCore.Http.Abstractions.dll
                 Private = 'false'
             /usr/lib64/dotnet/packs/Microsoft.AspNetCore.App.Ref/8.0.22/ref/net8.0/Microsoft.AspNetCore.Http.Connections.Common.dll
                 Private = 'false'
             /usr/lib64/dotnet/packs/Microsoft.AspNetCore.App.Ref/8.0.22/ref/net8.0/Microsoft.AspNetCore.Http.Connections.dll
                 Private = 'false'
             /usr/lib64/dotnet/packs/Microsoft.AspNetCore.App.Ref/8.0.22/ref/net8.0/Microsoft.AspNetCore.Http.Extensions.dll
                 Private = 'false'
             /usr/lib64/dotnet/packs/Microsoft.AspNetCore.App.Ref/8.0.22/ref/net8.0/Microsoft.AspNetCore.Http.Features.dll
                 Private = 'false'
             /usr/lib64/dotnet/packs/Microsoft.AspNetCore.App.Ref/8.0.22/ref/net8.0/Microsoft.AspNetCore.Http.Results.dll
                 Private = 'false'
             /usr/lib64/dotnet/packs/Microsoft.AspNetCore.App.Ref/8.0.22/ref/net8.0/Microsoft.AspNetCore.Http.dll
                 Private = 'false'
             /usr/lib64/dotnet/packs/Microsoft.AspNetCore.App.Ref/8.0.22/ref/net8.0/Microsoft.AspNetCore.HttpLogging.dll
                 Private = 'false'
             /usr/lib64/dotnet/packs/Microsoft.AspNetCore.App.Ref/8.0.22/ref/net8.0/Microsoft.AspNetCore.HttpOverrides.dll
                 Private = 'false'
             /usr/lib64/dotnet/packs/Microsoft.AspNetCore.App.Ref/8.0.22/ref/net8.0/Microsoft.AspNetCore.HttpsPolicy.dll
                 Private = 'false'
             /usr/lib64/dotnet/packs/Microsoft.AspNetCore.App.Ref/8.0.22/ref/net8.0/Microsoft.AspNetCore.Identity.dll
                 Private = 'false'
             /usr/lib64/dotnet/packs/Microsoft.AspNetCore.App.Ref/8.0.22/ref/net8.0/Microsoft.AspNetCore.Localization.Routing.dll
                 Private = 'false'
             /usr/lib64/dotnet/packs/Microsoft.AspNetCore.App.Ref/8.0.22/ref/net8.0/Microsoft.AspNetCore.Localization.dll
                 Private = 'false'
             /usr/lib64/dotnet/packs/Microsoft.AspNetCore.App.Ref/8.0.22/ref/net8.0/Microsoft.AspNetCore.Metadata.dll
                 Private = 'false'
             /usr/lib64/dotnet/packs/Microsoft.AspNetCore.App.Ref/8.0.22/ref/net8.0/Microsoft.AspNetCore.Mvc.Abstractions.dll
                 Private = 'false'
             /usr/lib64/dotnet/packs/Microsoft.AspNetCore.App.Ref/8.0.22/ref/net8.0/Microsoft.AspNetCore.Mvc.ApiExplorer.dll
                 Private = 'false'
             /usr/lib64/dotnet/packs/Microsoft.AspNetCore.App.Ref/8.0.22/ref/net8.0/Microsoft.AspNetCore.Mvc.Core.dll
                 Private = 'false'
             /usr/lib64/dotnet/packs/Microsoft.AspNetCore.App.Ref/8.0.22/ref/net8.0/Microsoft.AspNetCore.Mvc.Cors.dll
                 Private = 'false'
             /usr/lib64/dotnet/packs/Microsoft.AspNetCore.App.Ref/8.0.22/ref/net8.0/Microsoft.AspNetCore.Mvc.DataAnnotations.dll
                 Private = 'false'
             /usr/lib64/dotnet/packs/Microsoft.AspNetCore.App.Ref/8.0.22/ref/net8.0/Microsoft.AspNetCore.Mvc.Formatters.Json.dll
                 Private = 'false'
             /usr/lib64/dotnet/packs/Microsoft.AspNetCore.App.Ref/8.0.22/ref/net8.0/Microsoft.AspNetCore.Mvc.Formatters.Xml.dll
                 Private = 'false'
             /usr/lib64/dotnet/packs/Microsoft.AspNetCore.App.Ref/8.0.22/ref/net8.0/Microsoft.AspNetCore.Mvc.Localization.dll
                 Private = 'false'
             /usr/lib64/dotnet/packs/Microsoft.AspNetCore.App.Ref/8.0.22/ref/net8.0/Microsoft.AspNetCore.Mvc.Razor.dll
                 Private = 'false'
             /usr/lib64/dotnet/packs/Microsoft.AspNetCore.App.Ref/8.0.22/ref/net8.0/Microsoft.AspNetCore.Mvc.RazorPages.dll
                 Private = 'false'
             /usr/lib64/dotnet/packs/Microsoft.AspNetCore.App.Ref/8.0.22/ref/net8.0/Microsoft.AspNetCore.Mvc.TagHelpers.dll
                 Private = 'false'
             /usr/lib64/dotnet/packs/Microsoft.AspNetCore.App.Ref/8.0.22/ref/net8.0/Microsoft.AspNetCore.Mvc.ViewFeatures.dll
                 Private = 'false'
             /usr/lib64/dotnet/packs/Microsoft.AspNetCore.App.Ref/8.0.22/ref/net8.0/Microsoft.AspNetCore.Mvc.dll
                 Private = 'false'
             /usr/lib64/dotnet/packs/Microsoft.AspNetCore.App.Ref/8.0.22/ref/net8.0/Microsoft.AspNetCore.OutputCaching.dll
                 Private = 'false'
             /usr/lib64/dotnet/packs/Microsoft.AspNetCore.App.Ref/8.0.22/ref/net8.0/Microsoft.AspNetCore.RateLimiting.dll
                 Private = 'false'
             /usr/lib64/dotnet/packs/Microsoft.AspNetCore.App.Ref/8.0.22/ref/net8.0/Microsoft.AspNetCore.Razor.Runtime.dll
                 Private = 'false'
             /usr/lib64/dotnet/packs/Microsoft.AspNetCore.App.Ref/8.0.22/ref/net8.0/Microsoft.AspNetCore.Razor.dll
                 Private = 'false'
             /usr/lib64/dotnet/packs/Microsoft.AspNetCore.App.Ref/8.0.22/ref/net8.0/Microsoft.AspNetCore.RequestDecompression.dll
                 Private = 'false'
             /usr/lib64/dotnet/packs/Microsoft.AspNetCore.App.Ref/8.0.22/ref/net8.0/Microsoft.AspNetCore.ResponseCaching.Abstractions.dll
                 Private = 'false'
             /usr/lib64/dotnet/packs/Microsoft.AspNetCore.App.Ref/8.0.22/ref/net8.0/Microsoft.AspNetCore.ResponseCaching.dll
                 Private = 'false'
             /usr/lib64/dotnet/packs/Microsoft.AspNetCore.App.Ref/8.0.22/ref/net8.0/Microsoft.AspNetCore.ResponseCompression.dll
                 Private = 'false'
             /usr/lib64/dotnet/packs/Microsoft.AspNetCore.App.Ref/8.0.22/ref/net8.0/Microsoft.AspNetCore.Rewrite.dll
                 Private = 'false'
             /usr/lib64/dotnet/packs/Microsoft.AspNetCore.App.Ref/8.0.22/ref/net8.0/Microsoft.AspNetCore.Routing.Abstractions.dll
                 Private = 'false'
             /usr/lib64/dotnet/packs/Microsoft.AspNetCore.App.Ref/8.0.22/ref/net8.0/Microsoft.AspNetCore.Routing.dll
                 Private = 'false'
             /usr/lib64/dotnet/packs/Microsoft.AspNetCore.App.Ref/8.0.22/ref/net8.0/Microsoft.AspNetCore.Server.HttpSys.dll
                 Private = 'false'
             /usr/lib64/dotnet/packs/Microsoft.AspNetCore.App.Ref/8.0.22/ref/net8.0/Microsoft.AspNetCore.Server.IIS.dll
                 Private = 'false'
             /usr/lib64/dotnet/packs/Microsoft.AspNetCore.App.Ref/8.0.22/ref/net8.0/Microsoft.AspNetCore.Server.IISIntegration.dll
                 Private = 'false'
             /usr/lib64/dotnet/packs/Microsoft.AspNetCore.App.Ref/8.0.22/ref/net8.0/Microsoft.AspNetCore.Server.Kestrel.Core.dll
                 Private = 'false'
             /usr/lib64/dotnet/packs/Microsoft.AspNetCore.App.Ref/8.0.22/ref/net8.0/Microsoft.AspNetCore.Server.Kestrel.Transport.NamedPipes.dll
                 Private = 'false'
             /usr/lib64/dotnet/packs/Microsoft.AspNetCore.App.Ref/8.0.22/ref/net8.0/Microsoft.AspNetCore.Server.Kestrel.Transport.Quic.dll
                 Private = 'false'
             /usr/lib64/dotnet/packs/Microsoft.AspNetCore.App.Ref/8.0.22/ref/net8.0/Microsoft.AspNetCore.Server.Kestrel.Transport.Sockets.dll
                 Private = 'false'
             /usr/lib64/dotnet/packs/Microsoft.AspNetCore.App.Ref/8.0.22/ref/net8.0/Microsoft.AspNetCore.Server.Kestrel.dll
                 Private = 'false'
             /usr/lib64/dotnet/packs/Microsoft.AspNetCore.App.Ref/8.0.22/ref/net8.0/Microsoft.AspNetCore.Session.dll
                 Private = 'false'
             /usr/lib64/dotnet/packs/Microsoft.AspNetCore.App.Ref/8.0.22/ref/net8.0/Microsoft.AspNetCore.SignalR.Common.dll
                 Private = 'false'
             /usr/lib64/dotnet/packs/Microsoft.AspNetCore.App.Ref/8.0.22/ref/net8.0/Microsoft.AspNetCore.SignalR.Core.dll
                 Private = 'false'
             /usr/lib64/dotnet/packs/Microsoft.AspNetCore.App.Ref/8.0.22/ref/net8.0/Microsoft.AspNetCore.SignalR.Protocols.Json.dll
                 Private = 'false'
             /usr/lib64/dotnet/packs/Microsoft.AspNetCore.App.Ref/8.0.22/ref/net8.0/Microsoft.AspNetCore.SignalR.dll
                 Private = 'false'
             /usr/lib64/dotnet/packs/Microsoft.AspNetCore.App.Ref/8.0.22/ref/net8.0/Microsoft.AspNetCore.StaticFiles.dll
                 Private = 'false'
             /usr/lib64/dotnet/packs/Microsoft.AspNetCore.App.Ref/8.0.22/ref/net8.0/Microsoft.AspNetCore.WebSockets.dll
                 Private = 'false'
             /usr/lib64/dotnet/packs/Microsoft.AspNetCore.App.Ref/8.0.22/ref/net8.0/Microsoft.AspNetCore.WebUtilities.dll
                 Private = 'false'
             /usr/lib64/dotnet/packs/Microsoft.AspNetCore.App.Ref/8.0.22/ref/net8.0/Microsoft.AspNetCore.dll
                 Private = 'false'
             /usr/lib64/dotnet/packs/Microsoft.AspNetCore.App.Ref/8.0.22/ref/net8.0/Microsoft.Extensions.Caching.Abstractions.dll
                 Private = 'false'
             /usr/lib64/dotnet/packs/Microsoft.AspNetCore.App.Ref/8.0.22/ref/net8.0/Microsoft.Extensions.Caching.Memory.dll
                 Private = 'false'
             /usr/lib64/dotnet/packs/Microsoft.AspNetCore.App.Ref/8.0.22/ref/net8.0/Microsoft.Extensions.Configuration.Abstractions.dll
                 Private = 'false'
             /usr/lib64/dotnet/packs/Microsoft.AspNetCore.App.Ref/8.0.22/ref/net8.0/Microsoft.Extensions.Configuration.Binder.dll
                 Private = 'false'
             /usr/lib64/dotnet/packs/Microsoft.AspNetCore.App.Ref/8.0.22/ref/net8.0/Microsoft.Extensions.Configuration.CommandLine.dll
                 Private = 'false'
             /usr/lib64/dotnet/packs/Microsoft.AspNetCore.App.Ref/8.0.22/ref/net8.0/Microsoft.Extensions.Configuration.EnvironmentVariables.dll
                 Private = 'false'
             /usr/lib64/dotnet/packs/Microsoft.AspNetCore.App.Ref/8.0.22/ref/net8.0/Microsoft.Extensions.Configuration.FileExtensions.dll
                 Private = 'false'
             /usr/lib64/dotnet/packs/Microsoft.AspNetCore.App.Ref/8.0.22/ref/net8.0/Microsoft.Extensions.Configuration.Ini.dll
                 Private = 'false'
             /usr/lib64/dotnet/packs/Microsoft.AspNetCore.App.Ref/8.0.22/ref/net8.0/Microsoft.Extensions.Configuration.Json.dll
                 Private = 'false'
             /usr/lib64/dotnet/packs/Microsoft.AspNetCore.App.Ref/8.0.22/ref/net8.0/Microsoft.Extensions.Configuration.KeyPerFile.dll
                 Private = 'false'
             /usr/lib64/dotnet/packs/Microsoft.AspNetCore.App.Ref/8.0.22/ref/net8.0/Microsoft.Extensions.Configuration.UserSecrets.dll
                 Private = 'false'
             /usr/lib64/dotnet/packs/Microsoft.AspNetCore.App.Ref/8.0.22/ref/net8.0/Microsoft.Extensions.Configuration.Xml.dll
                 Private = 'false'
             /usr/lib64/dotnet/packs/Microsoft.AspNetCore.App.Ref/8.0.22/ref/net8.0/Microsoft.Extensions.Configuration.dll
                 Private = 'false'
             /usr/lib64/dotnet/packs/Microsoft.AspNetCore.App.Ref/8.0.22/ref/net8.0/Microsoft.Extensions.DependencyInjection.Abstractions.dll
                 Private = 'false'
             /usr/lib64/dotnet/packs/Microsoft.AspNetCore.App.Ref/8.0.22/ref/net8.0/Microsoft.Extensions.DependencyInjection.dll
                 Private = 'false'
             /usr/lib64/dotnet/packs/Microsoft.AspNetCore.App.Ref/8.0.22/ref/net8.0/Microsoft.Extensions.Diagnostics.Abstractions.dll
                 Private = 'false'
             /usr/lib64/dotnet/packs/Microsoft.AspNetCore.App.Ref/8.0.22/ref/net8.0/Microsoft.Extensions.Diagnostics.HealthChecks.Abstractions.dll
                 Private = 'false'
             /usr/lib64/dotnet/packs/Microsoft.AspNetCore.App.Ref/8.0.22/ref/net8.0/Microsoft.Extensions.Diagnostics.HealthChecks.dll
                 Private = 'false'
             /usr/lib64/dotnet/packs/Microsoft.AspNetCore.App.Ref/8.0.22/ref/net8.0/Microsoft.Extensions.Diagnostics.dll
                 Private = 'false'
             /usr/lib64/dotnet/packs/Microsoft.AspNetCore.App.Ref/8.0.22/ref/net8.0/Microsoft.Extensions.Features.dll
                 Private = 'false'
             /usr/lib64/dotnet/packs/Microsoft.AspNetCore.App.Ref/8.0.22/ref/net8.0/Microsoft.Extensions.FileProviders.Abstractions.dll
                 Private = 'false'
             /usr/lib64/dotnet/packs/Microsoft.AspNetCore.App.Ref/8.0.22/ref/net8.0/Microsoft.Extensions.FileProviders.Composite.dll
                 Private = 'false'
             /usr/lib64/dotnet/packs/Microsoft.AspNetCore.App.Ref/8.0.22/ref/net8.0/Microsoft.Extensions.FileProviders.Embedded.dll
                 Private = 'false'
             /usr/lib64/dotnet/packs/Microsoft.AspNetCore.App.Ref/8.0.22/ref/net8.0/Microsoft.Extensions.FileProviders.Physical.dll
                 Private = 'false'
             /usr/lib64/dotnet/packs/Microsoft.AspNetCore.App.Ref/8.0.22/ref/net8.0/Microsoft.Extensions.FileSystemGlobbing.dll
                 Private = 'false'
             /usr/lib64/dotnet/packs/Microsoft.AspNetCore.App.Ref/8.0.22/ref/net8.0/Microsoft.Extensions.Hosting.Abstractions.dll
                 Private = 'false'
             /usr/lib64/dotnet/packs/Microsoft.AspNetCore.App.Ref/8.0.22/ref/net8.0/Microsoft.Extensions.Hosting.dll
                 Private = 'false'
             /usr/lib64/dotnet/packs/Microsoft.AspNetCore.App.Ref/8.0.22/ref/net8.0/Microsoft.Extensions.Http.dll
                 Private = 'false'
             /usr/lib64/dotnet/packs/Microsoft.AspNetCore.App.Ref/8.0.22/ref/net8.0/Microsoft.Extensions.Identity.Core.dll
                 Private = 'false'
             /usr/lib64/dotnet/packs/Microsoft.AspNetCore.App.Ref/8.0.22/ref/net8.0/Microsoft.Extensions.Identity.Stores.dll
                 Private = 'false'
             /usr/lib64/dotnet/packs/Microsoft.AspNetCore.App.Ref/8.0.22/ref/net8.0/Microsoft.Extensions.Localization.Abstractions.dll
                 Private = 'false'
             /usr/lib64/dotnet/packs/Microsoft.AspNetCore.App.Ref/8.0.22/ref/net8.0/Microsoft.Extensions.Localization.dll
                 Private = 'false'
             /usr/lib64/dotnet/packs/Microsoft.AspNetCore.App.Ref/8.0.22/ref/net8.0/Microsoft.Extensions.Logging.Abstractions.dll
                 Private = 'false'
             /usr/lib64/dotnet/packs/Microsoft.AspNetCore.App.Ref/8.0.22/ref/net8.0/Microsoft.Extensions.Logging.Configuration.dll
                 Private = 'false'
             /usr/lib64/dotnet/packs/Microsoft.AspNetCore.App.Ref/8.0.22/ref/net8.0/Microsoft.Extensions.Logging.Console.dll
                 Private = 'false'
             /usr/lib64/dotnet/packs/Microsoft.AspNetCore.App.Ref/8.0.22/ref/net8.0/Microsoft.Extensions.Logging.Debug.dll
                 Private = 'false'
             /usr/lib64/dotnet/packs/Microsoft.AspNetCore.App.Ref/8.0.22/ref/net8.0/Microsoft.Extensions.Logging.EventLog.dll
                 Private = 'false'
             /usr/lib64/dotnet/packs/Microsoft.AspNetCore.App.Ref/8.0.22/ref/net8.0/Microsoft.Extensions.Logging.EventSource.dll
                 Private = 'false'
             /usr/lib64/dotnet/packs/Microsoft.AspNetCore.App.Ref/8.0.22/ref/net8.0/Microsoft.Extensions.Logging.TraceSource.dll
                 Private = 'false'
             /usr/lib64/dotnet/packs/Microsoft.AspNetCore.App.Ref/8.0.22/ref/net8.0/Microsoft.Extensions.Logging.dll
                 Private = 'false'
             /usr/lib64/dotnet/packs/Microsoft.AspNetCore.App.Ref/8.0.22/ref/net8.0/Microsoft.Extensions.ObjectPool.dll
                 Private = 'false'
             /usr/lib64/dotnet/packs/Microsoft.AspNetCore.App.Ref/8.0.22/ref/net8.0/Microsoft.Extensions.Options.ConfigurationExtensions.dll
                 Private = 'false'
             /usr/lib64/dotnet/packs/Microsoft.AspNetCore.App.Ref/8.0.22/ref/net8.0/Microsoft.Extensions.Options.DataAnnotations.dll
                 Private = 'false'
             /usr/lib64/dotnet/packs/Microsoft.AspNetCore.App.Ref/8.0.22/ref/net8.0/Microsoft.Extensions.Options.dll
                 Private = 'false'
             /usr/lib64/dotnet/packs/Microsoft.AspNetCore.App.Ref/8.0.22/ref/net8.0/Microsoft.Extensions.Primitives.dll
                 Private = 'false'
             /usr/lib64/dotnet/packs/Microsoft.AspNetCore.App.Ref/8.0.22/ref/net8.0/Microsoft.Extensions.WebEncoders.dll
                 Private = 'false'
             /usr/lib64/dotnet/packs/Microsoft.AspNetCore.App.Ref/8.0.22/ref/net8.0/Microsoft.JSInterop.dll
                 Private = 'false'
             /usr/lib64/dotnet/packs/Microsoft.AspNetCore.App.Ref/8.0.22/ref/net8.0/Microsoft.Net.Http.Headers.dll
                 Private = 'false'
             /usr/lib64/dotnet/packs/Microsoft.AspNetCore.App.Ref/8.0.22/ref/net8.0/System.Diagnostics.EventLog.dll
                 Private = 'false'
             /usr/lib64/dotnet/packs/Microsoft.AspNetCore.App.Ref/8.0.22/ref/net8.0/System.IO.Pipelines.dll
                 Private = 'false'
             /usr/lib64/dotnet/packs/Microsoft.AspNetCore.App.Ref/8.0.22/ref/net8.0/System.Security.Cryptography.Xml.dll
                 Private = 'false'
             /usr/lib64/dotnet/packs/Microsoft.AspNetCore.App.Ref/8.0.22/ref/net8.0/System.Threading.RateLimiting.dll
                 Private = 'false'
         AssemblyFiles:
         CandidateAssemblyFiles:
         TargetFrameworkDirectories:
             
         NonCultureResourceDirectories:
             
         InstalledAssemblyTables:
         IgnoreInstalledAssemblyTable:
             False
         SearchPaths:
             {CandidateAssemblyFiles}
             {HintPathFromItem}
             {TargetFrameworkDirectory}
             {RawFileName}
         AllowedAssemblyExtensions:
             .winmd
             .dll
             .exe
         AllowedRelatedFileExtensions:
             .pdb
             .xml
             .pri
             .dll.config
             .exe.config
         AppConfigFile:
             
         AutoUnify:
             True
         EnableCustomCulture:
             False
         EnableCustomCulture:
             False
         CopyLocalDependenciesWhenParentReferenceInGac:
             True
   8:7>Done executing task "GenerateGlobalUsings".
   6:8>ResolveAssemblyReferences:
         FindDependencies:
             True
         TargetProcessorArchitecture:
             msil
         StateFile:
             obj/Debug/net8.0/Shared.csproj.AssemblyReference.cache
         InstalledAssemblySubsetTables:
         IgnoreInstalledAssemblySubsetTable:
             False
         TargetFrameworkSubsets:
         FullTargetFrameworkSubsetNames:
             Full
         ProfileName:
             
         FullFrameworkFolders:
         LatestTargetFrameworkDirectories:
         ProfileTablesLocation:
   8:7>GenerateGlobalUsings:
       Using "WriteLinesToFile" task from assembly "Microsoft.Build.Tasks.Core, Version=15.1.0.0, Culture=neutral, PublicKeyToken=b03f5f7f11d50a3a".
       Task "WriteLinesToFile"
         Skipping write to file "obj/Debug/net8.0/Entegrasyon.Entity.GlobalUsings.g.cs" because content would not change.
       Done executing task "WriteLinesToFile".
   8:7>Done building target "GenerateGlobalUsings" in project "Entegrasyon.Entity.csproj".
   8:7>Target "BeforeResolveReferences" in file "/usr/lib64/dotnet/sdk/10.0.101/Microsoft.Common.CurrentVersion.targets" from project "/home/baturhan/Projeler/Entegrasyon/Application/Entegrasyon.Entity/Entegrasyon.Entity.csproj" (target "ResolveReferences" depends on it):
   8:7>Done building target "BeforeResolveReferences" in project "Entegrasyon.Entity.csproj".
   8:7>Target "IgnoreJavaScriptOutputAssembly" in file "/usr/lib64/dotnet/sdk/10.0.101/Microsoft.Common.CurrentVersion.targets" from project "/home/baturhan/Projeler/Entegrasyon/Application/Entegrasyon.Entity/Entegrasyon.Entity.csproj" (target "AssignProjectConfiguration" depends on it):
   8:7>Done building target "IgnoreJavaScriptOutputAssembly" in project "Entegrasyon.Entity.csproj".
       Target "ProcessFrameworkReferences" skipped. Previously built successfully.
   8:7>Target "_DefaultMicrosoftNETPlatformLibrary" in file "/usr/lib64/dotnet/sdk/10.0.101/Sdks/Microsoft.NET.Sdk/targets/Microsoft.NET.Sdk.Shared.targets" from project "/home/baturhan/Projeler/Entegrasyon/Application/Entegrasyon.Entity/Entegrasyon.Entity.csproj" (target "ResolvePackageAssets" depends on it):
   8:7>Done building target "_DefaultMicrosoftNETPlatformLibrary" in project "Entegrasyon.Entity.csproj".
   8:7>Target "_ComputePackageReferencePublish" in file "/usr/lib64/dotnet/sdk/10.0.101/Sdks/Microsoft.NET.Sdk/targets/Microsoft.NET.Sdk.Shared.targets" from project "/home/baturhan/Projeler/Entegrasyon/Application/Entegrasyon.Entity/Entegrasyon.Entity.csproj" (target "ResolvePackageAssets" depends on it):
   8:7>Done building target "_ComputePackageReferencePublish" in project "Entegrasyon.Entity.csproj".
   8:7>Target "ResolvePackageAssets" in file "/usr/lib64/dotnet/sdk/10.0.101/Sdks/Microsoft.NET.Sdk/targets/Microsoft.PackageDependencyResolution.targets" from project "/home/baturhan/Projeler/Entegrasyon/Application/Entegrasyon.Entity/Entegrasyon.Entity.csproj" (target "ResolveLockFileReferences" depends on it):
       Using "ResolvePackageAssets" task from assembly "/usr/lib64/dotnet/sdk/10.0.101/Sdks/Microsoft.NET.Sdk/targets/../tools/net10.0/Microsoft.NET.Build.Tasks.dll".
       Task "ResolvePackageAssets"
       Done executing task "ResolvePackageAssets".
   8:7>Done building target "ResolvePackageAssets" in project "Entegrasyon.Entity.csproj".
   8:7>Target "_CheckForTransitiveWindowsDesktopDependencies" in file "/usr/lib64/dotnet/sdk/10.0.101/Sdks/Microsoft.NET.Sdk/targets/Microsoft.NET.Sdk.DefaultItems.Shared.targets" from project "/home/baturhan/Projeler/Entegrasyon/Application/Entegrasyon.Entity/Entegrasyon.Entity.csproj" (target "ResolveLockFileReferences" depends on it):
   8:7>Done building target "_CheckForTransitiveWindowsDesktopDependencies" in project "Entegrasyon.Entity.csproj".
   8:7>Target "AddTransitiveFrameworkReferences" in file "/usr/lib64/dotnet/sdk/10.0.101/Sdks/Microsoft.NET.Sdk/targets/Microsoft.NET.Sdk.FrameworkReferenceResolution.targets" from project "/home/baturhan/Projeler/Entegrasyon/Application/Entegrasyon.Entity/Entegrasyon.Entity.csproj" (target "ResolveLockFileReferences" depends on it):
   8:7>Done building target "AddTransitiveFrameworkReferences" in project "Entegrasyon.Entity.csproj".
   8:7>Target "ResolveLockFileReferences" in file "/usr/lib64/dotnet/sdk/10.0.101/Sdks/Microsoft.NET.Sdk/targets/Microsoft.PackageDependencyResolution.targets" from project "/home/baturhan/Projeler/Entegrasyon/Application/Entegrasyon.Entity/Entegrasyon.Entity.csproj" (target "ResolvePackageDependenciesForBuild" depends on it):
       Using "JoinItems" task from assembly "/usr/lib64/dotnet/sdk/10.0.101/Sdks/Microsoft.NET.Sdk/targets/../tools/net10.0/Microsoft.NET.Build.Tasks.dll".
       Task "JoinItems"
       Done executing task "JoinItems".
   8:7>Done building target "ResolveLockFileReferences" in project "Entegrasyon.Entity.csproj".
       Target "ResolvePackageAssets" skipped. Previously built successfully.
   8:7>Target "ResolveLockFileAnalyzers" in file "/usr/lib64/dotnet/sdk/10.0.101/Sdks/Microsoft.NET.Sdk/targets/Microsoft.PackageDependencyResolution.targets" from project "/home/baturhan/Projeler/Entegrasyon/Application/Entegrasyon.Entity/Entegrasyon.Entity.csproj" (target "ResolvePackageDependenciesForBuild" depends on it):
   8:7>Done building target "ResolveLockFileAnalyzers" in project "Entegrasyon.Entity.csproj".
       Target "ResolvePackageAssets" skipped. Previously built successfully.
   8:7>Target "ResolveLockFileCopyLocalFiles" in file "/usr/lib64/dotnet/sdk/10.0.101/Sdks/Microsoft.NET.Sdk/targets/Microsoft.PackageDependencyResolution.targets" from project "/home/baturhan/Projeler/Entegrasyon/Application/Entegrasyon.Entity/Entegrasyon.Entity.csproj" (target "ResolvePackageDependenciesForBuild" depends on it):
   8:7>Done building target "ResolveLockFileCopyLocalFiles" in project "Entegrasyon.Entity.csproj".
       Target "ResolvePackageAssets" skipped. Previously built successfully.
   8:7>Target "IncludeTransitiveProjectReferences" in file "/usr/lib64/dotnet/sdk/10.0.101/Sdks/Microsoft.NET.Sdk/targets/Microsoft.PackageDependencyResolution.targets" from project "/home/baturhan/Projeler/Entegrasyon/Application/Entegrasyon.Entity/Entegrasyon.Entity.csproj" (target "ResolvePackageDependenciesForBuild" depends on it):
   8:7>Done building target "IncludeTransitiveProjectReferences" in project "Entegrasyon.Entity.csproj".
   8:7>Target "ResolvePackageDependenciesForBuild" in file "/usr/lib64/dotnet/sdk/10.0.101/Sdks/Microsoft.NET.Sdk/targets/Microsoft.PackageDependencyResolution.targets" from project "/home/baturhan/Projeler/Entegrasyon/Application/Entegrasyon.Entity/Entegrasyon.Entity.csproj" (target "AssignProjectConfiguration" depends on it):
   8:7>Done building target "ResolvePackageDependenciesForBuild" in project "Entegrasyon.Entity.csproj".
   8:7>Target "_Microsoft_Extensions_Configuration_Binder_RemoveAnalyzer" in file "/home/baturhan/.nuget/packages/microsoft.extensions.configuration.binder/8.0.2/buildTransitive/netstandard2.0/Microsoft.Extensions.Configuration.Binder.targets" from project "/home/baturhan/Projeler/Entegrasyon/Application/Entegrasyon.Entity/Entegrasyon.Entity.csproj" (target "AssignProjectConfiguration" depends on it):
   8:7>Done building target "_Microsoft_Extensions_Configuration_Binder_RemoveAnalyzer" in project "Entegrasyon.Entity.csproj".
   8:7>Target "AssignProjectConfiguration" in file "/usr/lib64/dotnet/sdk/10.0.101/Microsoft.Common.CurrentVersion.targets" from project "/home/baturhan/Projeler/Entegrasyon/Application/Entegrasyon.Entity/Entegrasyon.Entity.csproj" (target "ResolveReferences" depends on it):
       Using "AssignProjectConfiguration" task from assembly "Microsoft.Build.Tasks.Core, Version=15.1.0.0, Culture=neutral, PublicKeyToken=b03f5f7f11d50a3a".
       Task "AssignProjectConfiguration"
         Project reference "../../Shared/Shared/Shared.csproj" has not been resolved.
       Done executing task "AssignProjectConfiguration".
   8:7>Done building target "AssignProjectConfiguration" in project "Entegrasyon.Entity.csproj".
       Target "AssignProjectConfiguration" skipped. Previously built successfully.
   8:7>Target "_SplitProjectReferencesByFileExistence" in file "/usr/lib64/dotnet/sdk/10.0.101/Microsoft.Common.CurrentVersion.targets" from project "/home/baturhan/Projeler/Entegrasyon/Application/Entegrasyon.Entity/Entegrasyon.Entity.csproj" (target "PrepareProjectReferences" depends on it):
   8:7>Done building target "_SplitProjectReferencesByFileExistence" in project "Entegrasyon.Entity.csproj".
   8:7>Target "_AddOutputPathToGlobalPropertiesToRemove" in file "/usr/lib64/dotnet/sdk/10.0.101/Microsoft.Common.CurrentVersion.targets" from project "/home/baturhan/Projeler/Entegrasyon/Application/Entegrasyon.Entity/Entegrasyon.Entity.csproj" (target "_GetProjectReferenceTargetFrameworkProperties" depends on it):
   8:7>Done building target "_AddOutputPathToGlobalPropertiesToRemove" in project "Entegrasyon.Entity.csproj".
   8:7>Target "_GetProjectReferenceTargetFrameworkProperties" in file "/usr/lib64/dotnet/sdk/10.0.101/Microsoft.Common.CurrentVersion.targets" from project "/home/baturhan/Projeler/Entegrasyon/Application/Entegrasyon.Entity/Entegrasyon.Entity.csproj" (target "PrepareProjectReferences" depends on it):
       Task "MSBuild"
         Removing Properties:
           TargetFramework
           RuntimeIdentifier
           SelfContained
   8:7>Project "/home/baturhan/Projeler/Entegrasyon/Application/Entegrasyon.Entity/Entegrasyon.Entity.csproj" (8:7) is building "/home/baturhan/Projeler/Entegrasyon/Shared/Shared/Shared.csproj" (6:14) on node 1 (GetTargetFrameworks target(s)).
  6:14>Target "NETStandardCompatError_Microsoft_Extensions_Configuration_Binder" skipped. Previously built successfully.
       Target "GetTargetFrameworks" skipped. Previously built successfully.
  6:14>Done Building Project "/home/baturhan/Projeler/Entegrasyon/Shared/Shared/Shared.csproj" (GetTargetFrameworks target(s)).
   8:7>Done executing task "MSBuild".
       Using "GetReferenceNearestTargetFrameworkTask" task from assembly "/usr/lib64/dotnet/sdk/10.0.101/NuGet.Build.Tasks.dll".
       Task "GetReferenceNearestTargetFrameworkTask"
       Done executing task "GetReferenceNearestTargetFrameworkTask".
       Using "SetRidAgnosticValueForProjects" task from assembly "Microsoft.Build.Tasks.Core, Version=15.1.0.0, Culture=neutral, PublicKeyToken=b03f5f7f11d50a3a".
       Task "SetRidAgnosticValueForProjects"
       Done executing task "SetRidAgnosticValueForProjects".
   8:7>Done building target "_GetProjectReferenceTargetFrameworkProperties" in project "Entegrasyon.Entity.csproj".
       Target "_CalculateIsVSTestTestProject" skipped. Previously built successfully.
   8:7>Target "ValidateExecutableReferences" in file "/usr/lib64/dotnet/sdk/10.0.101/Sdks/Microsoft.NET.Sdk/targets/Microsoft.NET.Sdk.targets" from project "/home/baturhan/Projeler/Entegrasyon/Application/Entegrasyon.Entity/Entegrasyon.Entity.csproj" (target "PrepareProjectReferences" depends on it):
       Using "ValidateExecutableReferences" task from assembly "/usr/lib64/dotnet/sdk/10.0.101/Sdks/Microsoft.NET.Sdk/targets/../tools/net10.0/Microsoft.NET.Build.Tasks.dll".
       Task "ValidateExecutableReferences"
       Done executing task "ValidateExecutableReferences".
   8:7>Done building target "ValidateExecutableReferences" in project "Entegrasyon.Entity.csproj".
   8:7>Target "PrepareProjectReferences" in file "/usr/lib64/dotnet/sdk/10.0.101/Microsoft.Common.CurrentVersion.targets" from project "/home/baturhan/Projeler/Entegrasyon/Application/Entegrasyon.Entity/Entegrasyon.Entity.csproj" (target "ResolveProjectReferences" depends on it):
   8:7>Done building target "PrepareProjectReferences" in project "Entegrasyon.Entity.csproj".
   8:7>Target "ResolveProjectReferences" in file "/usr/lib64/dotnet/sdk/10.0.101/Microsoft.Common.CurrentVersion.targets" from project "/home/baturhan/Projeler/Entegrasyon/Application/Entegrasyon.Entity/Entegrasyon.Entity.csproj" (target "ResolveReferences" depends on it):
       Task "MSBuild"
         Removing Properties for project "../../Shared/Shared/Shared.csproj":
           TargetFramework
           RuntimeIdentifier
           SelfContained
   6:8>ResolveAssemblyReferences:
         Primary reference "Castle.Core, Version=5.0.0.0, Culture=neutral, PublicKeyToken=407dd0808d44fbdc".
             Resolved file path is "/home/baturhan/.nuget/packages/castle.core/5.1.1/lib/net6.0/Castle.Core.dll".
             Reference found at search path location "{HintPathFromItem}".
             This reference is not "CopyLocal" because at least one source item had "Private" set to "false" and no source items had "Private" set to "true".
             The ImageRuntimeVersion for this reference is "".
         Primary reference "FluentValidation, Version=11.0.0.0, Culture=neutral, PublicKeyToken=7de548da2fbae0f0".
             Resolved file path is "/home/baturhan/.nuget/packages/fluentvalidation/11.9.0/lib/net8.0/FluentValidation.dll".
             Reference found at search path location "{HintPathFromItem}".
             This reference is not "CopyLocal" because at least one source item had "Private" set to "false" and no source items had "Private" set to "true".
             The ImageRuntimeVersion for this reference is "".
         Primary reference "Microsoft.EntityFrameworkCore, Version=8.0.15.0, Culture=neutral, PublicKeyToken=adb9793829ddae60".
             Resolved file path is "/home/baturhan/.nuget/packages/microsoft.entityframeworkcore/8.0.15/lib/net8.0/Microsoft.EntityFrameworkCore.dll".
             Reference found at search path location "{HintPathFromItem}".
             This reference is not "CopyLocal" because at least one source item had "Private" set to "false" and no source items had "Private" set to "true".
             The ImageRuntimeVersion for this reference is "".
         Primary reference "Microsoft.EntityFrameworkCore.Abstractions, Version=8.0.15.0, Culture=neutral, PublicKeyToken=adb9793829ddae60".
             Resolved file path is "/home/baturhan/.nuget/packages/microsoft.entityframeworkcore.abstractions/8.0.15/lib/net8.0/Microsoft.EntityFrameworkCore.Abstractions.dll".
             Reference found at search path location "{HintPathFromItem}".
             This reference is not "CopyLocal" because at least one source item had "Private" set to "false" and no source items had "Private" set to "true".
             The ImageRuntimeVersion for this reference is "".
         Primary reference "Microsoft.EntityFrameworkCore.Proxies, Version=8.0.15.0, Culture=neutral, PublicKeyToken=adb9793829ddae60".
             Resolved file path is "/home/baturhan/.nuget/packages/microsoft.entityframeworkcore.proxies/8.0.15/lib/net8.0/Microsoft.EntityFrameworkCore.Proxies.dll".
             Reference found at search path location "{HintPathFromItem}".
             This reference is not "CopyLocal" because at least one source item had "Private" set to "false" and no source items had "Private" set to "true".
             The ImageRuntimeVersion for this reference is "".
         Primary reference "Microsoft.EntityFrameworkCore.Relational, Version=8.0.15.0, Culture=neutral, PublicKeyToken=adb9793829ddae60".
             Resolved file path is "/home/baturhan/.nuget/packages/microsoft.entityframeworkcore.relational/8.0.15/lib/net8.0/Microsoft.EntityFrameworkCore.Relational.dll".
             Reference found at search path location "{HintPathFromItem}".
             This reference is not "CopyLocal" because at least one source item had "Private" set to "false" and no source items had "Private" set to "true".
             The ImageRuntimeVersion for this reference is "".
         Primary reference "Microsoft.Extensions.DependencyModel, Version=8.0.0.0, Culture=neutral, PublicKeyToken=adb9793829ddae60".
             Resolved file path is "/home/baturhan/.nuget/packages/microsoft.extensions.dependencymodel/8.0.0/lib/net8.0/Microsoft.Extensions.DependencyModel.dll".
             Reference found at search path location "{HintPathFromItem}".
             This reference is not "CopyLocal" because at least one source item had "Private" set to "false" and no source items had "Private" set to "true".
             The ImageRuntimeVersion for this reference is "".
         Primary reference "Microsoft.IdentityModel.Abstractions, Version=7.4.0.0, Culture=neutral, PublicKeyToken=31bf3856ad364e35".
             Resolved file path is "/home/baturhan/.nuget/packages/microsoft.identitymodel.abstractions/7.4.0/lib/net8.0/Microsoft.IdentityModel.Abstractions.dll".
             Reference found at search path location "{HintPathFromItem}".
             This reference is not "CopyLocal" because at least one source item had "Private" set to "false" and no source items had "Private" set to "true".
             The ImageRuntimeVersion for this reference is "".
         Primary reference "Microsoft.IdentityModel.JsonWebTokens, Version=7.4.0.0, Culture=neutral, PublicKeyToken=31bf3856ad364e35".
             Resolved file path is "/home/baturhan/.nuget/packages/microsoft.identitymodel.jsonwebtokens/7.4.0/lib/net8.0/Microsoft.IdentityModel.JsonWebTokens.dll".
             Reference found at search path location "{HintPathFromItem}".
             This reference is not "CopyLocal" because at least one source item had "Private" set to "false" and no source items had "Private" set to "true".
             The ImageRuntimeVersion for this reference is "".
         Primary reference "Microsoft.IdentityModel.Logging, Version=7.4.0.0, Culture=neutral, PublicKeyToken=31bf3856ad364e35".
             Resolved file path is "/home/baturhan/.nuget/packages/microsoft.identitymodel.logging/7.4.0/lib/net8.0/Microsoft.IdentityModel.Logging.dll".
             Reference found at search path location "{HintPathFromItem}".
             This reference is not "CopyLocal" because at least one source item had "Private" set to "false" and no source items had "Private" set to "true".
             The ImageRuntimeVersion for this reference is "".
         Primary reference "Microsoft.IdentityModel.Tokens, Version=7.4.0.0, Culture=neutral, PublicKeyToken=31bf3856ad364e35".
             Resolved file path is "/home/baturhan/.nuget/packages/microsoft.identitymodel.tokens/7.4.0/lib/net8.0/Microsoft.IdentityModel.Tokens.dll".
             Reference found at search path location "{HintPathFromItem}".
             This reference is not "CopyLocal" because at least one source item had "Private" set to "false" and no source items had "Private" set to "true".
             The ImageRuntimeVersion for this reference is "".
         Primary reference "Npgsql, Version=8.0.6.0, Culture=neutral, PublicKeyToken=5d8b90d52f46fda7".
             Resolved file path is "/home/baturhan/.nuget/packages/npgsql/8.0.6/lib/net8.0/Npgsql.dll".
             Reference found at search path location "{HintPathFromItem}".
             This reference is not "CopyLocal" because at least one source item had "Private" set to "false" and no source items had "Private" set to "true".
             The ImageRuntimeVersion for this reference is "".
         Primary reference "Npgsql.EntityFrameworkCore.PostgreSQL, Version=8.0.11.0, Culture=neutral, PublicKeyToken=5d8b90d52f46fda7".
             Resolved file path is "/home/baturhan/.nuget/packages/npgsql.entityframeworkcore.postgresql/8.0.11/lib/net8.0/Npgsql.EntityFrameworkCore.PostgreSQL.dll".
             Reference found at search path location "{HintPathFromItem}".
             This reference is not "CopyLocal" because at least one source item had "Private" set to "false" and no source items had "Private" set to "true".
             The ImageRuntimeVersion for this reference is "".
         Primary reference "Pipelines.Sockets.Unofficial, Version=1.0.0.0, Culture=neutral, PublicKeyToken=42ea0a778e13fbe2".
             Resolved file path is "/home/baturhan/.nuget/packages/pipelines.sockets.unofficial/2.2.8/lib/net5.0/Pipelines.Sockets.Unofficial.dll".
             Reference found at search path location "{HintPathFromItem}".
             This reference is not "CopyLocal" because at least one source item had "Private" set to "false" and no source items had "Private" set to "true".
             The ImageRuntimeVersion for this reference is "".
         Primary reference "Serilog, Version=2.0.0.0, Culture=neutral, PublicKeyToken=24c2f752a8e58a10".
             Resolved file path is "/home/baturhan/.nuget/packages/serilog/3.1.1/lib/net7.0/Serilog.dll".
             Reference found at search path location "{HintPathFromItem}".
             This reference is not "CopyLocal" because at least one source item had "Private" set to "false" and no source items had "Private" set to "true".
             The ImageRuntimeVersion for this reference is "".
         Primary reference "Serilog.AspNetCore, Version=8.0.1.0, Culture=neutral, PublicKeyToken=24c2f752a8e58a10".
             Resolved file path is "/home/baturhan/.nuget/packages/serilog.aspnetcore/8.0.1/lib/net8.0/Serilog.AspNetCore.dll".
             Reference found at search path location "{HintPathFromItem}".
             This reference is not "CopyLocal" because at least one source item had "Private" set to "false" and no source items had "Private" set to "true".
             The ImageRuntimeVersion for this reference is "".
         Primary reference "Serilog.Extensions.Hosting, Version=7.0.0.0, Culture=neutral, PublicKeyToken=24c2f752a8e58a10".
             Resolved file path is "/home/baturhan/.nuget/packages/serilog.extensions.hosting/8.0.0/lib/net8.0/Serilog.Extensions.Hosting.dll".
             Reference found at search path location "{HintPathFromItem}".
             This reference is not "CopyLocal" because at least one source item had "Private" set to "false" and no source items had "Private" set to "true".
             The ImageRuntimeVersion for this reference is "".
         Primary reference "Serilog.Extensions.Logging, Version=7.0.0.0, Culture=neutral, PublicKeyToken=24c2f752a8e58a10".
             Resolved file path is "/home/baturhan/.nuget/packages/serilog.extensions.logging/8.0.0/lib/net8.0/Serilog.Extensions.Logging.dll".
             Reference found at search path location "{HintPathFromItem}".
             This reference is not "CopyLocal" because at least one source item had "Private" set to "false" and no source items had "Private" set to "true".
             The ImageRuntimeVersion for this reference is "".
         Primary reference "Serilog.Formatting.Compact, Version=2.0.0.0, Culture=neutral, PublicKeyToken=24c2f752a8e58a10".
             Resolved file path is "/home/baturhan/.nuget/packages/serilog.formatting.compact/2.0.0/lib/net7.0/Serilog.Formatting.Compact.dll".
             Reference found at search path location "{HintPathFromItem}".
             This reference is not "CopyLocal" because at least one source item had "Private" set to "false" and no source items had "Private" set to "true".
             The ImageRuntimeVersion for this reference is "".
         Primary reference "Serilog.Settings.Configuration, Version=8.0.0.0, Culture=neutral, PublicKeyToken=24c2f752a8e58a10".
             Resolved file path is "/home/baturhan/.nuget/packages/serilog.settings.configuration/8.0.0/lib/net8.0/Serilog.Settings.Configuration.dll".
             Reference found at search path location "{HintPathFromItem}".
             This reference is not "CopyLocal" because at least one source item had "Private" set to "false" and no source items had "Private" set to "true".
             The ImageRuntimeVersion for this reference is "".
         Primary reference "Serilog.Sinks.Console, Version=5.0.1.0, Culture=neutral, PublicKeyToken=24c2f752a8e58a10".
             Resolved file path is "/home/baturhan/.nuget/packages/serilog.sinks.console/5.0.1/lib/net7.0/Serilog.Sinks.Console.dll".
             Reference found at search path location "{HintPathFromItem}".
             This reference is not "CopyLocal" because at least one source item had "Private" set to "false" and no source items had "Private" set to "true".
             The ImageRuntimeVersion for this reference is "".
         Primary reference "Serilog.Sinks.Debug, Version=2.0.0.0, Culture=neutral, PublicKeyToken=24c2f752a8e58a10".
             Resolved file path is "/home/baturhan/.nuget/packages/serilog.sinks.debug/2.0.0/lib/netstandard2.1/Serilog.Sinks.Debug.dll".
             Reference found at search path location "{HintPathFromItem}".
             This reference is not "CopyLocal" because at least one source item had "Private" set to "false" and no source items had "Private" set to "true".
             The ImageRuntimeVersion for this reference is "".
         Primary reference "Serilog.Sinks.File, Version=5.0.0.0, Culture=neutral, PublicKeyToken=24c2f752a8e58a10".
             Resolved file path is "/home/baturhan/.nuget/packages/serilog.sinks.file/5.0.0/lib/net5.0/Serilog.Sinks.File.dll".
             Reference found at search path location "{HintPathFromItem}".
             This reference is not "CopyLocal" because at least one source item had "Private" set to "false" and no source items had "Private" set to "true".
             The ImageRuntimeVersion for this reference is "".
         Primary reference "StackExchange.Redis, Version=2.0.0.0, Culture=neutral, PublicKeyToken=c219ff1ca8c2ce46".
             Resolved file path is "/home/baturhan/.nuget/packages/stackexchange.redis/2.7.27/lib/net6.0/StackExchange.Redis.dll".
             Reference found at search path location "{HintPathFromItem}".
             This reference is not "CopyLocal" because at least one source item had "Private" set to "false" and no source items had "Private" set to "true".
             The ImageRuntimeVersion for this reference is "".
         Primary reference "System.IdentityModel.Tokens.Jwt, Version=7.4.0.0, Culture=neutral, PublicKeyToken=31bf3856ad364e35".
             Resolved file path is "/home/baturhan/.nuget/packages/system.identitymodel.tokens.jwt/7.4.0/lib/net8.0/System.IdentityModel.Tokens.Jwt.dll".
             Reference found at search path location "{HintPathFromItem}".
             This reference is not "CopyLocal" because at least one source item had "Private" set to "false" and no source items had "Private" set to "true".
             The ImageRuntimeVersion for this reference is "".
         Primary reference "Microsoft.CSharp, Version=8.0.0.0, Culture=neutral, PublicKeyToken=b03f5f7f11d50a3a".
             Resolved file path is "/usr/lib64/dotnet/packs/Microsoft.NETCore.App.Ref/8.0.22/ref/net8.0/Microsoft.CSharp.dll".
             Reference found at search path location "{RawFileName}".
             This reference is not "CopyLocal" because at least one source item had "Private" set to "false" and no source items had "Private" set to "true".
             The ImageRuntimeVersion for this reference is "".
         Primary reference "Microsoft.VisualBasic.Core, Version=13.0.0.0, Culture=neutral, PublicKeyToken=b03f5f7f11d50a3a".
             Resolved file path is "/usr/lib64/dotnet/packs/Microsoft.NETCore.App.Ref/8.0.22/ref/net8.0/Microsoft.VisualBasic.Core.dll".
             Reference found at search path location "{RawFileName}".
             This reference is not "CopyLocal" because at least one source item had "Private" set to "false" and no source items had "Private" set to "true".
             The ImageRuntimeVersion for this reference is "".
         Primary reference "Microsoft.VisualBasic, Version=10.0.0.0, Culture=neutral, PublicKeyToken=b03f5f7f11d50a3a".
             Resolved file path is "/usr/lib64/dotnet/packs/Microsoft.NETCore.App.Ref/8.0.22/ref/net8.0/Microsoft.VisualBasic.dll".
             Reference found at search path location "{RawFileName}".
             This reference is not "CopyLocal" because at least one source item had "Private" set to "false" and no source items had "Private" set to "true".
             The ImageRuntimeVersion for this reference is "".
         Primary reference "Microsoft.Win32.Primitives, Version=8.0.0.0, Culture=neutral, PublicKeyToken=b03f5f7f11d50a3a".
             Resolved file path is "/usr/lib64/dotnet/packs/Microsoft.NETCore.App.Ref/8.0.22/ref/net8.0/Microsoft.Win32.Primitives.dll".
             Reference found at search path location "{RawFileName}".
             This reference is not "CopyLocal" because at least one source item had "Private" set to "false" and no source items had "Private" set to "true".
             The ImageRuntimeVersion for this reference is "".
         Primary reference "Microsoft.Win32.Registry, Version=8.0.0.0, Culture=neutral, PublicKeyToken=b03f5f7f11d50a3a".
             Resolved file path is "/usr/lib64/dotnet/packs/Microsoft.NETCore.App.Ref/8.0.22/ref/net8.0/Microsoft.Win32.Registry.dll".
             Reference found at search path location "{RawFileName}".
             This reference is not "CopyLocal" because at least one source item had "Private" set to "false" and no source items had "Private" set to "true".
             The ImageRuntimeVersion for this reference is "".
         Primary reference "System.AppContext, Version=8.0.0.0, Culture=neutral, PublicKeyToken=b03f5f7f11d50a3a".
             Resolved file path is "/usr/lib64/dotnet/packs/Microsoft.NETCore.App.Ref/8.0.22/ref/net8.0/System.AppContext.dll".
             Reference found at search path location "{RawFileName}".
             This reference is not "CopyLocal" because at least one source item had "Private" set to "false" and no source items had "Private" set to "true".
             The ImageRuntimeVersion for this reference is "".
         Primary reference "System.Buffers, Version=8.0.0.0, Culture=neutral, PublicKeyToken=cc7b13ffcd2ddd51".
             Resolved file path is "/usr/lib64/dotnet/packs/Microsoft.NETCore.App.Ref/8.0.22/ref/net8.0/System.Buffers.dll".
             Reference found at search path location "{RawFileName}".
             This reference is not "CopyLocal" because at least one source item had "Private" set to "false" and no source items had "Private" set to "true".
             The ImageRuntimeVersion for this reference is "".
         Primary reference "System.Collections.Concurrent, Version=8.0.0.0, Culture=neutral, PublicKeyToken=b03f5f7f11d50a3a".
             Resolved file path is "/usr/lib64/dotnet/packs/Microsoft.NETCore.App.Ref/8.0.22/ref/net8.0/System.Collections.Concurrent.dll".
             Reference found at search path location "{RawFileName}".
             This reference is not "CopyLocal" because at least one source item had "Private" set to "false" and no source items had "Private" set to "true".
             The ImageRuntimeVersion for this reference is "".
         Primary reference "System.Collections.Immutable, Version=8.0.0.0, Culture=neutral, PublicKeyToken=b03f5f7f11d50a3a".
             Resolved file path is "/usr/lib64/dotnet/packs/Microsoft.NETCore.App.Ref/8.0.22/ref/net8.0/System.Collections.Immutable.dll".
             Reference found at search path location "{RawFileName}".
             This reference is not "CopyLocal" because at least one source item had "Private" set to "false" and no source items had "Private" set to "true".
             The ImageRuntimeVersion for this reference is "".
         Primary reference "System.Collections.NonGeneric, Version=8.0.0.0, Culture=neutral, PublicKeyToken=b03f5f7f11d50a3a".
             Resolved file path is "/usr/lib64/dotnet/packs/Microsoft.NETCore.App.Ref/8.0.22/ref/net8.0/System.Collections.NonGeneric.dll".
             Reference found at search path location "{RawFileName}".
             This reference is not "CopyLocal" because at least one source item had "Private" set to "false" and no source items had "Private" set to "true".
             The ImageRuntimeVersion for this reference is "".
         Primary reference "System.Collections.Specialized, Version=8.0.0.0, Culture=neutral, PublicKeyToken=b03f5f7f11d50a3a".
             Resolved file path is "/usr/lib64/dotnet/packs/Microsoft.NETCore.App.Ref/8.0.22/ref/net8.0/System.Collections.Specialized.dll".
             Reference found at search path location "{RawFileName}".
             This reference is not "CopyLocal" because at least one source item had "Private" set to "false" and no source items had "Private" set to "true".
             The ImageRuntimeVersion for this reference is "".
         Primary reference "System.Collections, Version=8.0.0.0, Culture=neutral, PublicKeyToken=b03f5f7f11d50a3a".
             Resolved file path is "/usr/lib64/dotnet/packs/Microsoft.NETCore.App.Ref/8.0.22/ref/net8.0/System.Collections.dll".
             Reference found at search path location "{RawFileName}".
             This reference is not "CopyLocal" because at least one source item had "Private" set to "false" and no source items had "Private" set to "true".
             The ImageRuntimeVersion for this reference is "".
         Primary reference "System.ComponentModel.Annotations, Version=8.0.0.0, Culture=neutral, PublicKeyToken=b03f5f7f11d50a3a".
             Resolved file path is "/usr/lib64/dotnet/packs/Microsoft.NETCore.App.Ref/8.0.22/ref/net8.0/System.ComponentModel.Annotations.dll".
             Reference found at search path location "{RawFileName}".
             This reference is not "CopyLocal" because at least one source item had "Private" set to "false" and no source items had "Private" set to "true".
             The ImageRuntimeVersion for this reference is "".
         Primary reference "System.ComponentModel.DataAnnotations, Version=4.0.0.0, Culture=neutral, PublicKeyToken=31bf3856ad364e35".
             Resolved file path is "/usr/lib64/dotnet/packs/Microsoft.NETCore.App.Ref/8.0.22/ref/net8.0/System.ComponentModel.DataAnnotations.dll".
             Reference found at search path location "{RawFileName}".
             This reference is not "CopyLocal" because at least one source item had "Private" set to "false" and no source items had "Private" set to "true".
             The ImageRuntimeVersion for this reference is "".
         Primary reference "System.ComponentModel.EventBasedAsync, Version=8.0.0.0, Culture=neutral, PublicKeyToken=b03f5f7f11d50a3a".
             Resolved file path is "/usr/lib64/dotnet/packs/Microsoft.NETCore.App.Ref/8.0.22/ref/net8.0/System.ComponentModel.EventBasedAsync.dll".
             Reference found at search path location "{RawFileName}".
             This reference is not "CopyLocal" because at least one source item had "Private" set to "false" and no source items had "Private" set to "true".
             The ImageRuntimeVersion for this reference is "".
         Primary reference "System.ComponentModel.Primitives, Version=8.0.0.0, Culture=neutral, PublicKeyToken=b03f5f7f11d50a3a".
             Resolved file path is "/usr/lib64/dotnet/packs/Microsoft.NETCore.App.Ref/8.0.22/ref/net8.0/System.ComponentModel.Primitives.dll".
             Reference found at search path location "{RawFileName}".
             This reference is not "CopyLocal" because at least one source item had "Private" set to "false" and no source items had "Private" set to "true".
             The ImageRuntimeVersion for this reference is "".
         Primary reference "System.ComponentModel.TypeConverter, Version=8.0.0.0, Culture=neutral, PublicKeyToken=b03f5f7f11d50a3a".
             Resolved file path is "/usr/lib64/dotnet/packs/Microsoft.NETCore.App.Ref/8.0.22/ref/net8.0/System.ComponentModel.TypeConverter.dll".
             Reference found at search path location "{RawFileName}".
             This reference is not "CopyLocal" because at least one source item had "Private" set to "false" and no source items had "Private" set to "true".
             The ImageRuntimeVersion for this reference is "".
         Primary reference "System.ComponentModel, Version=8.0.0.0, Culture=neutral, PublicKeyToken=b03f5f7f11d50a3a".
             Resolved file path is "/usr/lib64/dotnet/packs/Microsoft.NETCore.App.Ref/8.0.22/ref/net8.0/System.ComponentModel.dll".
             Reference found at search path location "{RawFileName}".
             This reference is not "CopyLocal" because at least one source item had "Private" set to "false" and no source items had "Private" set to "true".
             The ImageRuntimeVersion for this reference is "".
         Primary reference "System.Configuration, Version=4.0.0.0, Culture=neutral, PublicKeyToken=b03f5f7f11d50a3a".
             Resolved file path is "/usr/lib64/dotnet/packs/Microsoft.NETCore.App.Ref/8.0.22/ref/net8.0/System.Configuration.dll".
             Reference found at search path location "{RawFileName}".
             This reference is not "CopyLocal" because at least one source item had "Private" set to "false" and no source items had "Private" set to "true".
             The ImageRuntimeVersion for this reference is "".
         Primary reference "System.Console, Version=8.0.0.0, Culture=neutral, PublicKeyToken=b03f5f7f11d50a3a".
             Resolved file path is "/usr/lib64/dotnet/packs/Microsoft.NETCore.App.Ref/8.0.22/ref/net8.0/System.Console.dll".
             Reference found at search path location "{RawFileName}".
             This reference is not "CopyLocal" because at least one source item had "Private" set to "false" and no source items had "Private" set to "true".
             The ImageRuntimeVersion for this reference is "".
         Primary reference "System.Core, Version=4.0.0.0, Culture=neutral, PublicKeyToken=b77a5c561934e089".
             Resolved file path is "/usr/lib64/dotnet/packs/Microsoft.NETCore.App.Ref/8.0.22/ref/net8.0/System.Core.dll".
             Reference found at search path location "{RawFileName}".
             This reference is not "CopyLocal" because at least one source item had "Private" set to "false" and no source items had "Private" set to "true".
             The ImageRuntimeVersion for this reference is "".
         Primary reference "System.Data.Common, Version=8.0.0.0, Culture=neutral, PublicKeyToken=b03f5f7f11d50a3a".
             Resolved file path is "/usr/lib64/dotnet/packs/Microsoft.NETCore.App.Ref/8.0.22/ref/net8.0/System.Data.Common.dll".
             Reference found at search path location "{RawFileName}".
             This reference is not "CopyLocal" because at least one source item had "Private" set to "false" and no source items had "Private" set to "true".
             The ImageRuntimeVersion for this reference is "".
         Primary reference "System.Data.DataSetExtensions, Version=8.0.0.0, Culture=neutral, PublicKeyToken=b77a5c561934e089".
             Resolved file path is "/usr/lib64/dotnet/packs/Microsoft.NETCore.App.Ref/8.0.22/ref/net8.0/System.Data.DataSetExtensions.dll".
             Reference found at search path location "{RawFileName}".
             This reference is not "CopyLocal" because at least one source item had "Private" set to "false" and no source items had "Private" set to "true".
             The ImageRuntimeVersion for this reference is "".
         Primary reference "System.Data, Version=4.0.0.0, Culture=neutral, PublicKeyToken=b77a5c561934e089".
             Resolved file path is "/usr/lib64/dotnet/packs/Microsoft.NETCore.App.Ref/8.0.22/ref/net8.0/System.Data.dll".
             Reference found at search path location "{RawFileName}".
             This reference is not "CopyLocal" because at least one source item had "Private" set to "false" and no source items had "Private" set to "true".
             The ImageRuntimeVersion for this reference is "".
         Primary reference "System.Diagnostics.Contracts, Version=8.0.0.0, Culture=neutral, PublicKeyToken=b03f5f7f11d50a3a".
             Resolved file path is "/usr/lib64/dotnet/packs/Microsoft.NETCore.App.Ref/8.0.22/ref/net8.0/System.Diagnostics.Contracts.dll".
             Reference found at search path location "{RawFileName}".
             This reference is not "CopyLocal" because at least one source item had "Private" set to "false" and no source items had "Private" set to "true".
             The ImageRuntimeVersion for this reference is "".
         Primary reference "System.Diagnostics.Debug, Version=8.0.0.0, Culture=neutral, PublicKeyToken=b03f5f7f11d50a3a".
             Resolved file path is "/usr/lib64/dotnet/packs/Microsoft.NETCore.App.Ref/8.0.22/ref/net8.0/System.Diagnostics.Debug.dll".
             Reference found at search path location "{RawFileName}".
             This reference is not "CopyLocal" because at least one source item had "Private" set to "false" and no source items had "Private" set to "true".
             The ImageRuntimeVersion for this reference is "".
         Primary reference "System.Diagnostics.DiagnosticSource, Version=8.0.0.0, Culture=neutral, PublicKeyToken=cc7b13ffcd2ddd51".
             Resolved file path is "/usr/lib64/dotnet/packs/Microsoft.NETCore.App.Ref/8.0.22/ref/net8.0/System.Diagnostics.DiagnosticSource.dll".
             Reference found at search path location "{RawFileName}".
             This reference is not "CopyLocal" because at least one source item had "Private" set to "false" and no source items had "Private" set to "true".
             The ImageRuntimeVersion for this reference is "".
         Primary reference "System.Diagnostics.FileVersionInfo, Version=8.0.0.0, Culture=neutral, PublicKeyToken=b03f5f7f11d50a3a".
             Resolved file path is "/usr/lib64/dotnet/packs/Microsoft.NETCore.App.Ref/8.0.22/ref/net8.0/System.Diagnostics.FileVersionInfo.dll".
             Reference found at search path location "{RawFileName}".
             This reference is not "CopyLocal" because at least one source item had "Private" set to "false" and no source items had "Private" set to "true".
             The ImageRuntimeVersion for this reference is "".
         Primary reference "System.Diagnostics.Process, Version=8.0.0.0, Culture=neutral, PublicKeyToken=b03f5f7f11d50a3a".
             Resolved file path is "/usr/lib64/dotnet/packs/Microsoft.NETCore.App.Ref/8.0.22/ref/net8.0/System.Diagnostics.Process.dll".
             Reference found at search path location "{RawFileName}".
             This reference is not "CopyLocal" because at least one source item had "Private" set to "false" and no source items had "Private" set to "true".
             The ImageRuntimeVersion for this reference is "".
         Primary reference "System.Diagnostics.StackTrace, Version=8.0.0.0, Culture=neutral, PublicKeyToken=b03f5f7f11d50a3a".
             Resolved file path is "/usr/lib64/dotnet/packs/Microsoft.NETCore.App.Ref/8.0.22/ref/net8.0/System.Diagnostics.StackTrace.dll".
             Reference found at search path location "{RawFileName}".
             This reference is not "CopyLocal" because at least one source item had "Private" set to "false" and no source items had "Private" set to "true".
             The ImageRuntimeVersion for this reference is "".
         Primary reference "System.Diagnostics.TextWriterTraceListener, Version=8.0.0.0, Culture=neutral, PublicKeyToken=b03f5f7f11d50a3a".
             Resolved file path is "/usr/lib64/dotnet/packs/Microsoft.NETCore.App.Ref/8.0.22/ref/net8.0/System.Diagnostics.TextWriterTraceListener.dll".
             Reference found at search path location "{RawFileName}".
             This reference is not "CopyLocal" because at least one source item had "Private" set to "false" and no source items had "Private" set to "true".
             The ImageRuntimeVersion for this reference is "".
         Primary reference "System.Diagnostics.Tools, Version=8.0.0.0, Culture=neutral, PublicKeyToken=b03f5f7f11d50a3a".
             Resolved file path is "/usr/lib64/dotnet/packs/Microsoft.NETCore.App.Ref/8.0.22/ref/net8.0/System.Diagnostics.Tools.dll".
             Reference found at search path location "{RawFileName}".
             This reference is not "CopyLocal" because at least one source item had "Private" set to "false" and no source items had "Private" set to "true".
             The ImageRuntimeVersion for this reference is "".
         Primary reference "System.Diagnostics.TraceSource, Version=8.0.0.0, Culture=neutral, PublicKeyToken=b03f5f7f11d50a3a".
             Resolved file path is "/usr/lib64/dotnet/packs/Microsoft.NETCore.App.Ref/8.0.22/ref/net8.0/System.Diagnostics.TraceSource.dll".
             Reference found at search path location "{RawFileName}".
             This reference is not "CopyLocal" because at least one source item had "Private" set to "false" and no source items had "Private" set to "true".
             The ImageRuntimeVersion for this reference is "".
         Primary reference "System.Diagnostics.Tracing, Version=8.0.0.0, Culture=neutral, PublicKeyToken=b03f5f7f11d50a3a".
             Resolved file path is "/usr/lib64/dotnet/packs/Microsoft.NETCore.App.Ref/8.0.22/ref/net8.0/System.Diagnostics.Tracing.dll".
             Reference found at search path location "{RawFileName}".
             This reference is not "CopyLocal" because at least one source item had "Private" set to "false" and no source items had "Private" set to "true".
             The ImageRuntimeVersion for this reference is "".
         Primary reference "System.Drawing.Primitives, Version=8.0.0.0, Culture=neutral, PublicKeyToken=b03f5f7f11d50a3a".
             Resolved file path is "/usr/lib64/dotnet/packs/Microsoft.NETCore.App.Ref/8.0.22/ref/net8.0/System.Drawing.Primitives.dll".
             Reference found at search path location "{RawFileName}".
             This reference is not "CopyLocal" because at least one source item had "Private" set to "false" and no source items had "Private" set to "true".
             The ImageRuntimeVersion for this reference is "".
         Primary reference "System.Drawing, Version=4.0.0.0, Culture=neutral, PublicKeyToken=b03f5f7f11d50a3a".
             Resolved file path is "/usr/lib64/dotnet/packs/Microsoft.NETCore.App.Ref/8.0.22/ref/net8.0/System.Drawing.dll".
             Reference found at search path location "{RawFileName}".
             This reference is not "CopyLocal" because at least one source item had "Private" set to "false" and no source items had "Private" set to "true".
             The ImageRuntimeVersion for this reference is "".
         Primary reference "System.Dynamic.Runtime, Version=8.0.0.0, Culture=neutral, PublicKeyToken=b03f5f7f11d50a3a".
             Resolved file path is "/usr/lib64/dotnet/packs/Microsoft.NETCore.App.Ref/8.0.22/ref/net8.0/System.Dynamic.Runtime.dll".
             Reference found at search path location "{RawFileName}".
             This reference is not "CopyLocal" because at least one source item had "Private" set to "false" and no source items had "Private" set to "true".
             The ImageRuntimeVersion for this reference is "".
         Primary reference "System.Formats.Asn1, Version=8.0.0.0, Culture=neutral, PublicKeyToken=cc7b13ffcd2ddd51".
             Resolved file path is "/usr/lib64/dotnet/packs/Microsoft.NETCore.App.Ref/8.0.22/ref/net8.0/System.Formats.Asn1.dll".
             Reference found at search path location "{RawFileName}".
             This reference is not "CopyLocal" because at least one source item had "Private" set to "false" and no source items had "Private" set to "true".
             The ImageRuntimeVersion for this reference is "".
         Primary reference "System.Formats.Tar, Version=8.0.0.0, Culture=neutral, PublicKeyToken=cc7b13ffcd2ddd51".
             Resolved file path is "/usr/lib64/dotnet/packs/Microsoft.NETCore.App.Ref/8.0.22/ref/net8.0/System.Formats.Tar.dll".
             Reference found at search path location "{RawFileName}".
             This reference is not "CopyLocal" because at least one source item had "Private" set to "false" and no source items had "Private" set to "true".
             The ImageRuntimeVersion for this reference is "".
         Primary reference "System.Globalization.Calendars, Version=8.0.0.0, Culture=neutral, PublicKeyToken=b03f5f7f11d50a3a".
             Resolved file path is "/usr/lib64/dotnet/packs/Microsoft.NETCore.App.Ref/8.0.22/ref/net8.0/System.Globalization.Calendars.dll".
             Reference found at search path location "{RawFileName}".
             This reference is not "CopyLocal" because at least one source item had "Private" set to "false" and no source items had "Private" set to "true".
             The ImageRuntimeVersion for this reference is "".
         Primary reference "System.Globalization.Extensions, Version=8.0.0.0, Culture=neutral, PublicKeyToken=b03f5f7f11d50a3a".
             Resolved file path is "/usr/lib64/dotnet/packs/Microsoft.NETCore.App.Ref/8.0.22/ref/net8.0/System.Globalization.Extensions.dll".
             Reference found at search path location "{RawFileName}".
             This reference is not "CopyLocal" because at least one source item had "Private" set to "false" and no source items had "Private" set to "true".
             The ImageRuntimeVersion for this reference is "".
         Primary reference "System.Globalization, Version=8.0.0.0, Culture=neutral, PublicKeyToken=b03f5f7f11d50a3a".
             Resolved file path is "/usr/lib64/dotnet/packs/Microsoft.NETCore.App.Ref/8.0.22/ref/net8.0/System.Globalization.dll".
             Reference found at search path location "{RawFileName}".
             This reference is not "CopyLocal" because at least one source item had "Private" set to "false" and no source items had "Private" set to "true".
             The ImageRuntimeVersion for this reference is "".
         Primary reference "System.IO.Compression.Brotli, Version=8.0.0.0, Culture=neutral, PublicKeyToken=b77a5c561934e089".
             Resolved file path is "/usr/lib64/dotnet/packs/Microsoft.NETCore.App.Ref/8.0.22/ref/net8.0/System.IO.Compression.Brotli.dll".
             Reference found at search path location "{RawFileName}".
             This reference is not "CopyLocal" because at least one source item had "Private" set to "false" and no source items had "Private" set to "true".
             The ImageRuntimeVersion for this reference is "".
         Primary reference "System.IO.Compression.FileSystem, Version=4.0.0.0, Culture=neutral, PublicKeyToken=b77a5c561934e089".
             Resolved file path is "/usr/lib64/dotnet/packs/Microsoft.NETCore.App.Ref/8.0.22/ref/net8.0/System.IO.Compression.FileSystem.dll".
             Reference found at search path location "{RawFileName}".
             This reference is not "CopyLocal" because at least one source item had "Private" set to "false" and no source items had "Private" set to "true".
             The ImageRuntimeVersion for this reference is "".
         Primary reference "System.IO.Compression.ZipFile, Version=8.0.0.0, Culture=neutral, PublicKeyToken=b77a5c561934e089".
             Resolved file path is "/usr/lib64/dotnet/packs/Microsoft.NETCore.App.Ref/8.0.22/ref/net8.0/System.IO.Compression.ZipFile.dll".
             Reference found at search path location "{RawFileName}".
             This reference is not "CopyLocal" because at least one source item had "Private" set to "false" and no source items had "Private" set to "true".
             The ImageRuntimeVersion for this reference is "".
         Primary reference "System.IO.Compression, Version=8.0.0.0, Culture=neutral, PublicKeyToken=b77a5c561934e089".
             Resolved file path is "/usr/lib64/dotnet/packs/Microsoft.NETCore.App.Ref/8.0.22/ref/net8.0/System.IO.Compression.dll".
             Reference found at search path location "{RawFileName}".
             This reference is not "CopyLocal" because at least one source item had "Private" set to "false" and no source items had "Private" set to "true".
             The ImageRuntimeVersion for this reference is "".
         Primary reference "System.IO.FileSystem.AccessControl, Version=8.0.0.0, Culture=neutral, PublicKeyToken=b03f5f7f11d50a3a".
             Resolved file path is "/usr/lib64/dotnet/packs/Microsoft.NETCore.App.Ref/8.0.22/ref/net8.0/System.IO.FileSystem.AccessControl.dll".
             Reference found at search path location "{RawFileName}".
             This reference is not "CopyLocal" because at least one source item had "Private" set to "false" and no source items had "Private" set to "true".
             The ImageRuntimeVersion for this reference is "".
         Primary reference "System.IO.FileSystem.DriveInfo, Version=8.0.0.0, Culture=neutral, PublicKeyToken=b03f5f7f11d50a3a".
             Resolved file path is "/usr/lib64/dotnet/packs/Microsoft.NETCore.App.Ref/8.0.22/ref/net8.0/System.IO.FileSystem.DriveInfo.dll".
             Reference found at search path location "{RawFileName}".
             This reference is not "CopyLocal" because at least one source item had "Private" set to "false" and no source items had "Private" set to "true".
             The ImageRuntimeVersion for this reference is "".
         Primary reference "System.IO.FileSystem.Primitives, Version=8.0.0.0, Culture=neutral, PublicKeyToken=b03f5f7f11d50a3a".
             Resolved file path is "/usr/lib64/dotnet/packs/Microsoft.NETCore.App.Ref/8.0.22/ref/net8.0/System.IO.FileSystem.Primitives.dll".
             Reference found at search path location "{RawFileName}".
             This reference is not "CopyLocal" because at least one source item had "Private" set to "false" and no source items had "Private" set to "true".
             The ImageRuntimeVersion for this reference is "".
         Primary reference "System.IO.FileSystem.Watcher, Version=8.0.0.0, Culture=neutral, PublicKeyToken=b03f5f7f11d50a3a".
             Resolved file path is "/usr/lib64/dotnet/packs/Microsoft.NETCore.App.Ref/8.0.22/ref/net8.0/System.IO.FileSystem.Watcher.dll".
             Reference found at search path location "{RawFileName}".
             This reference is not "CopyLocal" because at least one source item had "Private" set to "false" and no source items had "Private" set to "true".
             The ImageRuntimeVersion for this reference is "".
         Primary reference "System.IO.FileSystem, Version=8.0.0.0, Culture=neutral, PublicKeyToken=b03f5f7f11d50a3a".
             Resolved file path is "/usr/lib64/dotnet/packs/Microsoft.NETCore.App.Ref/8.0.22/ref/net8.0/System.IO.FileSystem.dll".
             Reference found at search path location "{RawFileName}".
             This reference is not "CopyLocal" because at least one source item had "Private" set to "false" and no source items had "Private" set to "true".
             The ImageRuntimeVersion for this reference is "".
         Primary reference "System.IO.IsolatedStorage, Version=8.0.0.0, Culture=neutral, PublicKeyToken=b03f5f7f11d50a3a".
             Resolved file path is "/usr/lib64/dotnet/packs/Microsoft.NETCore.App.Ref/8.0.22/ref/net8.0/System.IO.IsolatedStorage.dll".
             Reference found at search path location "{RawFileName}".
             This reference is not "CopyLocal" because at least one source item had "Private" set to "false" and no source items had "Private" set to "true".
             The ImageRuntimeVersion for this reference is "".
         Primary reference "System.IO.MemoryMappedFiles, Version=8.0.0.0, Culture=neutral, PublicKeyToken=b03f5f7f11d50a3a".
             Resolved file path is "/usr/lib64/dotnet/packs/Microsoft.NETCore.App.Ref/8.0.22/ref/net8.0/System.IO.MemoryMappedFiles.dll".
             Reference found at search path location "{RawFileName}".
             This reference is not "CopyLocal" because at least one source item had "Private" set to "false" and no source items had "Private" set to "true".
             The ImageRuntimeVersion for this reference is "".
         Primary reference "System.IO.Pipes.AccessControl, Version=8.0.0.0, Culture=neutral, PublicKeyToken=b03f5f7f11d50a3a".
             Resolved file path is "/usr/lib64/dotnet/packs/Microsoft.NETCore.App.Ref/8.0.22/ref/net8.0/System.IO.Pipes.AccessControl.dll".
             Reference found at search path location "{RawFileName}".
             This reference is not "CopyLocal" because at least one source item had "Private" set to "false" and no source items had "Private" set to "true".
             The ImageRuntimeVersion for this reference is "".
         Primary reference "System.IO.Pipes, Version=8.0.0.0, Culture=neutral, PublicKeyToken=b03f5f7f11d50a3a".
             Resolved file path is "/usr/lib64/dotnet/packs/Microsoft.NETCore.App.Ref/8.0.22/ref/net8.0/System.IO.Pipes.dll".
             Reference found at search path location "{RawFileName}".
             This reference is not "CopyLocal" because at least one source item had "Private" set to "false" and no source items had "Private" set to "true".
             The ImageRuntimeVersion for this reference is "".
         Primary reference "System.IO.UnmanagedMemoryStream, Version=8.0.0.0, Culture=neutral, PublicKeyToken=b03f5f7f11d50a3a".
             Resolved file path is "/usr/lib64/dotnet/packs/Microsoft.NETCore.App.Ref/8.0.22/ref/net8.0/System.IO.UnmanagedMemoryStream.dll".
             Reference found at search path location "{RawFileName}".
             This reference is not "CopyLocal" because at least one source item had "Private" set to "false" and no source items had "Private" set to "true".
             The ImageRuntimeVersion for this reference is "".
         Primary reference "System.IO, Version=8.0.0.0, Culture=neutral, PublicKeyToken=b03f5f7f11d50a3a".
             Resolved file path is "/usr/lib64/dotnet/packs/Microsoft.NETCore.App.Ref/8.0.22/ref/net8.0/System.IO.dll".
             Reference found at search path location "{RawFileName}".
             This reference is not "CopyLocal" because at least one source item had "Private" set to "false" and no source items had "Private" set to "true".
             The ImageRuntimeVersion for this reference is "".
         Primary reference "System.Linq.Expressions, Version=8.0.0.0, Culture=neutral, PublicKeyToken=b03f5f7f11d50a3a".
             Resolved file path is "/usr/lib64/dotnet/packs/Microsoft.NETCore.App.Ref/8.0.22/ref/net8.0/System.Linq.Expressions.dll".
             Reference found at search path location "{RawFileName}".
             This reference is not "CopyLocal" because at least one source item had "Private" set to "false" and no source items had "Private" set to "true".
             The ImageRuntimeVersion for this reference is "".
         Primary reference "System.Linq.Parallel, Version=8.0.0.0, Culture=neutral, PublicKeyToken=b03f5f7f11d50a3a".
             Resolved file path is "/usr/lib64/dotnet/packs/Microsoft.NETCore.App.Ref/8.0.22/ref/net8.0/System.Linq.Parallel.dll".
             Reference found at search path location "{RawFileName}".
             This reference is not "CopyLocal" because at least one source item had "Private" set to "false" and no source items had "Private" set to "true".
             The ImageRuntimeVersion for this reference is "".
         Primary reference "System.Linq.Queryable, Version=8.0.0.0, Culture=neutral, PublicKeyToken=b03f5f7f11d50a3a".
             Resolved file path is "/usr/lib64/dotnet/packs/Microsoft.NETCore.App.Ref/8.0.22/ref/net8.0/System.Linq.Queryable.dll".
             Reference found at search path location "{RawFileName}".
             This reference is not "CopyLocal" because at least one source item had "Private" set to "false" and no source items had "Private" set to "true".
             The ImageRuntimeVersion for this reference is "".
         Primary reference "System.Linq, Version=8.0.0.0, Culture=neutral, PublicKeyToken=b03f5f7f11d50a3a".
             Resolved file path is "/usr/lib64/dotnet/packs/Microsoft.NETCore.App.Ref/8.0.22/ref/net8.0/System.Linq.dll".
             Reference found at search path location "{RawFileName}".
             This reference is not "CopyLocal" because at least one source item had "Private" set to "false" and no source items had "Private" set to "true".
             The ImageRuntimeVersion for this reference is "".
         Primary reference "System.Memory, Version=8.0.0.0, Culture=neutral, PublicKeyToken=cc7b13ffcd2ddd51".
             Resolved file path is "/usr/lib64/dotnet/packs/Microsoft.NETCore.App.Ref/8.0.22/ref/net8.0/System.Memory.dll".
             Reference found at search path location "{RawFileName}".
             This reference is not "CopyLocal" because at least one source item had "Private" set to "false" and no source items had "Private" set to "true".
             The ImageRuntimeVersion for this reference is "".
         Primary reference "System.Net.Http.Json, Version=8.0.0.0, Culture=neutral, PublicKeyToken=cc7b13ffcd2ddd51".
             Resolved file path is "/usr/lib64/dotnet/packs/Microsoft.NETCore.App.Ref/8.0.22/ref/net8.0/System.Net.Http.Json.dll".
             Reference found at search path location "{RawFileName}".
             This reference is not "CopyLocal" because at least one source item had "Private" set to "false" and no source items had "Private" set to "true".
             The ImageRuntimeVersion for this reference is "".
         Primary reference "System.Net.Http, Version=8.0.0.0, Culture=neutral, PublicKeyToken=b03f5f7f11d50a3a".
             Resolved file path is "/usr/lib64/dotnet/packs/Microsoft.NETCore.App.Ref/8.0.22/ref/net8.0/System.Net.Http.dll".
             Reference found at search path location "{RawFileName}".
             This reference is not "CopyLocal" because at least one source item had "Private" set to "false" and no source items had "Private" set to "true".
             The ImageRuntimeVersion for this reference is "".
         Primary reference "System.Net.HttpListener, Version=8.0.0.0, Culture=neutral, PublicKeyToken=cc7b13ffcd2ddd51".
             Resolved file path is "/usr/lib64/dotnet/packs/Microsoft.NETCore.App.Ref/8.0.22/ref/net8.0/System.Net.HttpListener.dll".
             Reference found at search path location "{RawFileName}".
             This reference is not "CopyLocal" because at least one source item had "Private" set to "false" and no source items had "Private" set to "true".
             The ImageRuntimeVersion for this reference is "".
         Primary reference "System.Net.Mail, Version=8.0.0.0, Culture=neutral, PublicKeyToken=cc7b13ffcd2ddd51".
             Resolved file path is "/usr/lib64/dotnet/packs/Microsoft.NETCore.App.Ref/8.0.22/ref/net8.0/System.Net.Mail.dll".
             Reference found at search path location "{RawFileName}".
             This reference is not "CopyLocal" because at least one source item had "Private" set to "false" and no source items had "Private" set to "true".
             The ImageRuntimeVersion for this reference is "".
         Primary reference "System.Net.NameResolution, Version=8.0.0.0, Culture=neutral, PublicKeyToken=b03f5f7f11d50a3a".
             Resolved file path is "/usr/lib64/dotnet/packs/Microsoft.NETCore.App.Ref/8.0.22/ref/net8.0/System.Net.NameResolution.dll".
             Reference found at search path location "{RawFileName}".
             This reference is not "CopyLocal" because at least one source item had "Private" set to "false" and no source items had "Private" set to "true".
             The ImageRuntimeVersion for this reference is "".
         Primary reference "System.Net.NetworkInformation, Version=8.0.0.0, Culture=neutral, PublicKeyToken=b03f5f7f11d50a3a".
             Resolved file path is "/usr/lib64/dotnet/packs/Microsoft.NETCore.App.Ref/8.0.22/ref/net8.0/System.Net.NetworkInformation.dll".
             Reference found at search path location "{RawFileName}".
             This reference is not "CopyLocal" because at least one source item had "Private" set to "false" and no source items had "Private" set to "true".
             The ImageRuntimeVersion for this reference is "".
         Primary reference "System.Net.Ping, Version=8.0.0.0, Culture=neutral, PublicKeyToken=b03f5f7f11d50a3a".
             Resolved file path is "/usr/lib64/dotnet/packs/Microsoft.NETCore.App.Ref/8.0.22/ref/net8.0/System.Net.Ping.dll".
             Reference found at search path location "{RawFileName}".
             This reference is not "CopyLocal" because at least one source item had "Private" set to "false" and no source items had "Private" set to "true".
             The ImageRuntimeVersion for this reference is "".
         Primary reference "System.Net.Primitives, Version=8.0.0.0, Culture=neutral, PublicKeyToken=b03f5f7f11d50a3a".
             Resolved file path is "/usr/lib64/dotnet/packs/Microsoft.NETCore.App.Ref/8.0.22/ref/net8.0/System.Net.Primitives.dll".
             Reference found at search path location "{RawFileName}".
             This reference is not "CopyLocal" because at least one source item had "Private" set to "false" and no source items had "Private" set to "true".
             The ImageRuntimeVersion for this reference is "".
         Primary reference "System.Net.Quic, Version=8.0.0.0, Culture=neutral, PublicKeyToken=b03f5f7f11d50a3a".
             Resolved file path is "/usr/lib64/dotnet/packs/Microsoft.NETCore.App.Ref/8.0.22/ref/net8.0/System.Net.Quic.dll".
             Reference found at search path location "{RawFileName}".
             This reference is not "CopyLocal" because at least one source item had "Private" set to "false" and no source items had "Private" set to "true".
             The ImageRuntimeVersion for this reference is "".
         Primary reference "System.Net.Requests, Version=8.0.0.0, Culture=neutral, PublicKeyToken=b03f5f7f11d50a3a".
             Resolved file path is "/usr/lib64/dotnet/packs/Microsoft.NETCore.App.Ref/8.0.22/ref/net8.0/System.Net.Requests.dll".
             Reference found at search path location "{RawFileName}".
             This reference is not "CopyLocal" because at least one source item had "Private" set to "false" and no source items had "Private" set to "true".
             The ImageRuntimeVersion for this reference is "".
         Primary reference "System.Net.Security, Version=8.0.0.0, Culture=neutral, PublicKeyToken=b03f5f7f11d50a3a".
             Resolved file path is "/usr/lib64/dotnet/packs/Microsoft.NETCore.App.Ref/8.0.22/ref/net8.0/System.Net.Security.dll".
             Reference found at search path location "{RawFileName}".
             This reference is not "CopyLocal" because at least one source item had "Private" set to "false" and no source items had "Private" set to "true".
             The ImageRuntimeVersion for this reference is "".
         Primary reference "System.Net.ServicePoint, Version=8.0.0.0, Culture=neutral, PublicKeyToken=cc7b13ffcd2ddd51".
             Resolved file path is "/usr/lib64/dotnet/packs/Microsoft.NETCore.App.Ref/8.0.22/ref/net8.0/System.Net.ServicePoint.dll".
             Reference found at search path location "{RawFileName}".
             This reference is not "CopyLocal" because at least one source item had "Private" set to "false" and no source items had "Private" set to "true".
             The ImageRuntimeVersion for this reference is "".
         Primary reference "System.Net.Sockets, Version=8.0.0.0, Culture=neutral, PublicKeyToken=b03f5f7f11d50a3a".
             Resolved file path is "/usr/lib64/dotnet/packs/Microsoft.NETCore.App.Ref/8.0.22/ref/net8.0/System.Net.Sockets.dll".
             Reference found at search path location "{RawFileName}".
             This reference is not "CopyLocal" because at least one source item had "Private" set to "false" and no source items had "Private" set to "true".
             The ImageRuntimeVersion for this reference is "".
         Primary reference "System.Net.WebClient, Version=8.0.0.0, Culture=neutral, PublicKeyToken=cc7b13ffcd2ddd51".
             Resolved file path is "/usr/lib64/dotnet/packs/Microsoft.NETCore.App.Ref/8.0.22/ref/net8.0/System.Net.WebClient.dll".
             Reference found at search path location "{RawFileName}".
             This reference is not "CopyLocal" because at least one source item had "Private" set to "false" and no source items had "Private" set to "true".
             The ImageRuntimeVersion for this reference is "".
         Primary reference "System.Net.WebHeaderCollection, Version=8.0.0.0, Culture=neutral, PublicKeyToken=b03f5f7f11d50a3a".
             Resolved file path is "/usr/lib64/dotnet/packs/Microsoft.NETCore.App.Ref/8.0.22/ref/net8.0/System.Net.WebHeaderCollection.dll".
             Reference found at search path location "{RawFileName}".
             This reference is not "CopyLocal" because at least one source item had "Private" set to "false" and no source items had "Private" set to "true".
             The ImageRuntimeVersion for this reference is "".
         Primary reference "System.Net.WebProxy, Version=8.0.0.0, Culture=neutral, PublicKeyToken=cc7b13ffcd2ddd51".
             Resolved file path is "/usr/lib64/dotnet/packs/Microsoft.NETCore.App.Ref/8.0.22/ref/net8.0/System.Net.WebProxy.dll".
             Reference found at search path location "{RawFileName}".
             This reference is not "CopyLocal" because at least one source item had "Private" set to "false" and no source items had "Private" set to "true".
             The ImageRuntimeVersion for this reference is "".
         Primary reference "System.Net.WebSockets.Client, Version=8.0.0.0, Culture=neutral, PublicKeyToken=b03f5f7f11d50a3a".
             Resolved file path is "/usr/lib64/dotnet/packs/Microsoft.NETCore.App.Ref/8.0.22/ref/net8.0/System.Net.WebSockets.Client.dll".
             Reference found at search path location "{RawFileName}".
             This reference is not "CopyLocal" because at least one source item had "Private" set to "false" and no source items had "Private" set to "true".
             The ImageRuntimeVersion for this reference is "".
         Primary reference "System.Net.WebSockets, Version=8.0.0.0, Culture=neutral, PublicKeyToken=b03f5f7f11d50a3a".
             Resolved file path is "/usr/lib64/dotnet/packs/Microsoft.NETCore.App.Ref/8.0.22/ref/net8.0/System.Net.WebSockets.dll".
             Reference found at search path location "{RawFileName}".
             This reference is not "CopyLocal" because at least one source item had "Private" set to "false" and no source items had "Private" set to "true".
             The ImageRuntimeVersion for this reference is "".
         Primary reference "System.Net, Version=4.0.0.0, Culture=neutral, PublicKeyToken=b03f5f7f11d50a3a".
             Resolved file path is "/usr/lib64/dotnet/packs/Microsoft.NETCore.App.Ref/8.0.22/ref/net8.0/System.Net.dll".
             Reference found at search path location "{RawFileName}".
             This reference is not "CopyLocal" because at least one source item had "Private" set to "false" and no source items had "Private" set to "true".
             The ImageRuntimeVersion for this reference is "".
         Primary reference "System.Numerics.Vectors, Version=8.0.0.0, Culture=neutral, PublicKeyToken=b03f5f7f11d50a3a".
             Resolved file path is "/usr/lib64/dotnet/packs/Microsoft.NETCore.App.Ref/8.0.22/ref/net8.0/System.Numerics.Vectors.dll".
             Reference found at search path location "{RawFileName}".
             This reference is not "CopyLocal" because at least one source item had "Private" set to "false" and no source items had "Private" set to "true".
             The ImageRuntimeVersion for this reference is "".
         Primary reference "System.Numerics, Version=4.0.0.0, Culture=neutral, PublicKeyToken=b77a5c561934e089".
             Resolved file path is "/usr/lib64/dotnet/packs/Microsoft.NETCore.App.Ref/8.0.22/ref/net8.0/System.Numerics.dll".
             Reference found at search path location "{RawFileName}".
             This reference is not "CopyLocal" because at least one source item had "Private" set to "false" and no source items had "Private" set to "true".
             The ImageRuntimeVersion for this reference is "".
         Primary reference "System.ObjectModel, Version=8.0.0.0, Culture=neutral, PublicKeyToken=b03f5f7f11d50a3a".
             Resolved file path is "/usr/lib64/dotnet/packs/Microsoft.NETCore.App.Ref/8.0.22/ref/net8.0/System.ObjectModel.dll".
             Reference found at search path location "{RawFileName}".
             This reference is not "CopyLocal" because at least one source item had "Private" set to "false" and no source items had "Private" set to "true".
             The ImageRuntimeVersion for this reference is "".
         Primary reference "System.Reflection.DispatchProxy, Version=8.0.0.0, Culture=neutral, PublicKeyToken=b03f5f7f11d50a3a".
             Resolved file path is "/usr/lib64/dotnet/packs/Microsoft.NETCore.App.Ref/8.0.22/ref/net8.0/System.Reflection.DispatchProxy.dll".
             Reference found at search path location "{RawFileName}".
             This reference is not "CopyLocal" because at least one source item had "Private" set to "false" and no source items had "Private" set to "true".
             The ImageRuntimeVersion for this reference is "".
         Primary reference "System.Reflection.Emit.ILGeneration, Version=8.0.0.0, Culture=neutral, PublicKeyToken=b03f5f7f11d50a3a".
             Resolved file path is "/usr/lib64/dotnet/packs/Microsoft.NETCore.App.Ref/8.0.22/ref/net8.0/System.Reflection.Emit.ILGeneration.dll".
             Reference found at search path location "{RawFileName}".
             This reference is not "CopyLocal" because at least one source item had "Private" set to "false" and no source items had "Private" set to "true".
             The ImageRuntimeVersion for this reference is "".
         Primary reference "System.Reflection.Emit.Lightweight, Version=8.0.0.0, Culture=neutral, PublicKeyToken=b03f5f7f11d50a3a".
             Resolved file path is "/usr/lib64/dotnet/packs/Microsoft.NETCore.App.Ref/8.0.22/ref/net8.0/System.Reflection.Emit.Lightweight.dll".
             Reference found at search path location "{RawFileName}".
             This reference is not "CopyLocal" because at least one source item had "Private" set to "false" and no source items had "Private" set to "true".
             The ImageRuntimeVersion for this reference is "".
         Primary reference "System.Reflection.Emit, Version=8.0.0.0, Culture=neutral, PublicKeyToken=b03f5f7f11d50a3a".
             Resolved file path is "/usr/lib64/dotnet/packs/Microsoft.NETCore.App.Ref/8.0.22/ref/net8.0/System.Reflection.Emit.dll".
             Reference found at search path location "{RawFileName}".
             This reference is not "CopyLocal" because at least one source item had "Private" set to "false" and no source items had "Private" set to "true".
             The ImageRuntimeVersion for this reference is "".
         Primary reference "System.Reflection.Extensions, Version=8.0.0.0, Culture=neutral, PublicKeyToken=b03f5f7f11d50a3a".
             Resolved file path is "/usr/lib64/dotnet/packs/Microsoft.NETCore.App.Ref/8.0.22/ref/net8.0/System.Reflection.Extensions.dll".
             Reference found at search path location "{RawFileName}".
             This reference is not "CopyLocal" because at least one source item had "Private" set to "false" and no source items had "Private" set to "true".
             The ImageRuntimeVersion for this reference is "".
         Primary reference "System.Reflection.Metadata, Version=8.0.0.0, Culture=neutral, PublicKeyToken=b03f5f7f11d50a3a".
             Resolved file path is "/usr/lib64/dotnet/packs/Microsoft.NETCore.App.Ref/8.0.22/ref/net8.0/System.Reflection.Metadata.dll".
             Reference found at search path location "{RawFileName}".
             This reference is not "CopyLocal" because at least one source item had "Private" set to "false" and no source items had "Private" set to "true".
             The ImageRuntimeVersion for this reference is "".
         Primary reference "System.Reflection.Primitives, Version=8.0.0.0, Culture=neutral, PublicKeyToken=b03f5f7f11d50a3a".
             Resolved file path is "/usr/lib64/dotnet/packs/Microsoft.NETCore.App.Ref/8.0.22/ref/net8.0/System.Reflection.Primitives.dll".
             Reference found at search path location "{RawFileName}".
             This reference is not "CopyLocal" because at least one source item had "Private" set to "false" and no source items had "Private" set to "true".
             The ImageRuntimeVersion for this reference is "".
         Primary reference "System.Reflection.TypeExtensions, Version=8.0.0.0, Culture=neutral, PublicKeyToken=b03f5f7f11d50a3a".
             Resolved file path is "/usr/lib64/dotnet/packs/Microsoft.NETCore.App.Ref/8.0.22/ref/net8.0/System.Reflection.TypeExtensions.dll".
             Reference found at search path location "{RawFileName}".
             This reference is not "CopyLocal" because at least one source item had "Private" set to "false" and no source items had "Private" set to "true".
             The ImageRuntimeVersion for this reference is "".
         Primary reference "System.Reflection, Version=8.0.0.0, Culture=neutral, PublicKeyToken=b03f5f7f11d50a3a".
             Resolved file path is "/usr/lib64/dotnet/packs/Microsoft.NETCore.App.Ref/8.0.22/ref/net8.0/System.Reflection.dll".
             Reference found at search path location "{RawFileName}".
             This reference is not "CopyLocal" because at least one source item had "Private" set to "false" and no source items had "Private" set to "true".
             The ImageRuntimeVersion for this reference is "".
         Primary reference "System.Resources.Reader, Version=8.0.0.0, Culture=neutral, PublicKeyToken=b03f5f7f11d50a3a".
             Resolved file path is "/usr/lib64/dotnet/packs/Microsoft.NETCore.App.Ref/8.0.22/ref/net8.0/System.Resources.Reader.dll".
             Reference found at search path location "{RawFileName}".
             This reference is not "CopyLocal" because at least one source item had "Private" set to "false" and no source items had "Private" set to "true".
             The ImageRuntimeVersion for this reference is "".
         Primary reference "System.Resources.ResourceManager, Version=8.0.0.0, Culture=neutral, PublicKeyToken=b03f5f7f11d50a3a".
             Resolved file path is "/usr/lib64/dotnet/packs/Microsoft.NETCore.App.Ref/8.0.22/ref/net8.0/System.Resources.ResourceManager.dll".
             Reference found at search path location "{RawFileName}".
             This reference is not "CopyLocal" because at least one source item had "Private" set to "false" and no source items had "Private" set to "true".
             The ImageRuntimeVersion for this reference is "".
         Primary reference "System.Resources.Writer, Version=8.0.0.0, Culture=neutral, PublicKeyToken=b03f5f7f11d50a3a".
             Resolved file path is "/usr/lib64/dotnet/packs/Microsoft.NETCore.App.Ref/8.0.22/ref/net8.0/System.Resources.Writer.dll".
             Reference found at search path location "{RawFileName}".
             This reference is not "CopyLocal" because at least one source item had "Private" set to "false" and no source items had "Private" set to "true".
             The ImageRuntimeVersion for this reference is "".
         Primary reference "System.Runtime.CompilerServices.Unsafe, Version=8.0.0.0, Culture=neutral, PublicKeyToken=b03f5f7f11d50a3a".
             Resolved file path is "/usr/lib64/dotnet/packs/Microsoft.NETCore.App.Ref/8.0.22/ref/net8.0/System.Runtime.CompilerServices.Unsafe.dll".
             Reference found at search path location "{RawFileName}".
             This reference is not "CopyLocal" because at least one source item had "Private" set to "false" and no source items had "Private" set to "true".
             The ImageRuntimeVersion for this reference is "".
         Primary reference "System.Runtime.CompilerServices.VisualC, Version=8.0.0.0, Culture=neutral, PublicKeyToken=b03f5f7f11d50a3a".
             Resolved file path is "/usr/lib64/dotnet/packs/Microsoft.NETCore.App.Ref/8.0.22/ref/net8.0/System.Runtime.CompilerServices.VisualC.dll".
             Reference found at search path location "{RawFileName}".
             This reference is not "CopyLocal" because at least one source item had "Private" set to "false" and no source items had "Private" set to "true".
             The ImageRuntimeVersion for this reference is "".
         Primary reference "System.Runtime.Extensions, Version=8.0.0.0, Culture=neutral, PublicKeyToken=b03f5f7f11d50a3a".
             Resolved file path is "/usr/lib64/dotnet/packs/Microsoft.NETCore.App.Ref/8.0.22/ref/net8.0/System.Runtime.Extensions.dll".
             Reference found at search path location "{RawFileName}".
             This reference is not "CopyLocal" because at least one source item had "Private" set to "false" and no source items had "Private" set to "true".
             The ImageRuntimeVersion for this reference is "".
         Primary reference "System.Runtime.Handles, Version=8.0.0.0, Culture=neutral, PublicKeyToken=b03f5f7f11d50a3a".
             Resolved file path is "/usr/lib64/dotnet/packs/Microsoft.NETCore.App.Ref/8.0.22/ref/net8.0/System.Runtime.Handles.dll".
             Reference found at search path location "{RawFileName}".
             This reference is not "CopyLocal" because at least one source item had "Private" set to "false" and no source items had "Private" set to "true".
             The ImageRuntimeVersion for this reference is "".
         Primary reference "System.Runtime.InteropServices.JavaScript, Version=8.0.0.0, Culture=neutral, PublicKeyToken=b03f5f7f11d50a3a".
             Resolved file path is "/usr/lib64/dotnet/packs/Microsoft.NETCore.App.Ref/8.0.22/ref/net8.0/System.Runtime.InteropServices.JavaScript.dll".
             Reference found at search path location "{RawFileName}".
             This reference is not "CopyLocal" because at least one source item had "Private" set to "false" and no source items had "Private" set to "true".
             The ImageRuntimeVersion for this reference is "".
         Primary reference "System.Runtime.InteropServices.RuntimeInformation, Version=8.0.0.0, Culture=neutral, PublicKeyToken=b03f5f7f11d50a3a".
             Resolved file path is "/usr/lib64/dotnet/packs/Microsoft.NETCore.App.Ref/8.0.22/ref/net8.0/System.Runtime.InteropServices.RuntimeInformation.dll".
             Reference found at search path location "{RawFileName}".
             This reference is not "CopyLocal" because at least one source item had "Private" set to "false" and no source items had "Private" set to "true".
             The ImageRuntimeVersion for this reference is "".
         Primary reference "System.Runtime.InteropServices, Version=8.0.0.0, Culture=neutral, PublicKeyToken=b03f5f7f11d50a3a".
             Resolved file path is "/usr/lib64/dotnet/packs/Microsoft.NETCore.App.Ref/8.0.22/ref/net8.0/System.Runtime.InteropServices.dll".
             Reference found at search path location "{RawFileName}".
             This reference is not "CopyLocal" because at least one source item had "Private" set to "false" and no source items had "Private" set to "true".
             The ImageRuntimeVersion for this reference is "".
         Primary reference "System.Runtime.Intrinsics, Version=8.0.0.0, Culture=neutral, PublicKeyToken=cc7b13ffcd2ddd51".
             Resolved file path is "/usr/lib64/dotnet/packs/Microsoft.NETCore.App.Ref/8.0.22/ref/net8.0/System.Runtime.Intrinsics.dll".
             Reference found at search path location "{RawFileName}".
             This reference is not "CopyLocal" because at least one source item had "Private" set to "false" and no source items had "Private" set to "true".
             The ImageRuntimeVersion for this reference is "".
         Primary reference "System.Runtime.Loader, Version=8.0.0.0, Culture=neutral, PublicKeyToken=b03f5f7f11d50a3a".
             Resolved file path is "/usr/lib64/dotnet/packs/Microsoft.NETCore.App.Ref/8.0.22/ref/net8.0/System.Runtime.Loader.dll".
             Reference found at search path location "{RawFileName}".
             This reference is not "CopyLocal" because at least one source item had "Private" set to "false" and no source items had "Private" set to "true".
             The ImageRuntimeVersion for this reference is "".
         Primary reference "System.Runtime.Numerics, Version=8.0.0.0, Culture=neutral, PublicKeyToken=b03f5f7f11d50a3a".
             Resolved file path is "/usr/lib64/dotnet/packs/Microsoft.NETCore.App.Ref/8.0.22/ref/net8.0/System.Runtime.Numerics.dll".
             Reference found at search path location "{RawFileName}".
             This reference is not "CopyLocal" because at least one source item had "Private" set to "false" and no source items had "Private" set to "true".
             The ImageRuntimeVersion for this reference is "".
         Primary reference "System.Runtime.Serialization.Formatters, Version=8.0.0.0, Culture=neutral, PublicKeyToken=b03f5f7f11d50a3a".
             Resolved file path is "/usr/lib64/dotnet/packs/Microsoft.NETCore.App.Ref/8.0.22/ref/net8.0/System.Runtime.Serialization.Formatters.dll".
             Reference found at search path location "{RawFileName}".
             This reference is not "CopyLocal" because at least one source item had "Private" set to "false" and no source items had "Private" set to "true".
             The ImageRuntimeVersion for this reference is "".
         Primary reference "System.Runtime.Serialization.Json, Version=8.0.0.0, Culture=neutral, PublicKeyToken=b03f5f7f11d50a3a".
             Resolved file path is "/usr/lib64/dotnet/packs/Microsoft.NETCore.App.Ref/8.0.22/ref/net8.0/System.Runtime.Serialization.Json.dll".
             Reference found at search path location "{RawFileName}".
             This reference is not "CopyLocal" because at least one source item had "Private" set to "false" and no source items had "Private" set to "true".
             The ImageRuntimeVersion for this reference is "".
         Primary reference "System.Runtime.Serialization.Primitives, Version=8.0.0.0, Culture=neutral, PublicKeyToken=b03f5f7f11d50a3a".
             Resolved file path is "/usr/lib64/dotnet/packs/Microsoft.NETCore.App.Ref/8.0.22/ref/net8.0/System.Runtime.Serialization.Primitives.dll".
             Reference found at search path location "{RawFileName}".
             This reference is not "CopyLocal" because at least one source item had "Private" set to "false" and no source items had "Private" set to "true".
             The ImageRuntimeVersion for this reference is "".
         Primary reference "System.Runtime.Serialization.Xml, Version=8.0.0.0, Culture=neutral, PublicKeyToken=b03f5f7f11d50a3a".
             Resolved file path is "/usr/lib64/dotnet/packs/Microsoft.NETCore.App.Ref/8.0.22/ref/net8.0/System.Runtime.Serialization.Xml.dll".
             Reference found at search path location "{RawFileName}".
             This reference is not "CopyLocal" because at least one source item had "Private" set to "false" and no source items had "Private" set to "true".
             The ImageRuntimeVersion for this reference is "".
         Primary reference "System.Runtime.Serialization, Version=4.0.0.0, Culture=neutral, PublicKeyToken=b77a5c561934e089".
             Resolved file path is "/usr/lib64/dotnet/packs/Microsoft.NETCore.App.Ref/8.0.22/ref/net8.0/System.Runtime.Serialization.dll".
             Reference found at search path location "{RawFileName}".
             This reference is not "CopyLocal" because at least one source item had "Private" set to "false" and no source items had "Private" set to "true".
             The ImageRuntimeVersion for this reference is "".
         Primary reference "System.Runtime, Version=8.0.0.0, Culture=neutral, PublicKeyToken=b03f5f7f11d50a3a".
             Resolved file path is "/usr/lib64/dotnet/packs/Microsoft.NETCore.App.Ref/8.0.22/ref/net8.0/System.Runtime.dll".
             Reference found at search path location "{RawFileName}".
             This reference is not "CopyLocal" because at least one source item had "Private" set to "false" and no source items had "Private" set to "true".
             The ImageRuntimeVersion for this reference is "".
         Primary reference "System.Security.AccessControl, Version=8.0.0.0, Culture=neutral, PublicKeyToken=b03f5f7f11d50a3a".
             Resolved file path is "/usr/lib64/dotnet/packs/Microsoft.NETCore.App.Ref/8.0.22/ref/net8.0/System.Security.AccessControl.dll".
             Reference found at search path location "{RawFileName}".
             This reference is not "CopyLocal" because at least one source item had "Private" set to "false" and no source items had "Private" set to "true".
             The ImageRuntimeVersion for this reference is "".
         Primary reference "System.Security.Claims, Version=8.0.0.0, Culture=neutral, PublicKeyToken=b03f5f7f11d50a3a".
             Resolved file path is "/usr/lib64/dotnet/packs/Microsoft.NETCore.App.Ref/8.0.22/ref/net8.0/System.Security.Claims.dll".
             Reference found at search path location "{RawFileName}".
             This reference is not "CopyLocal" because at least one source item had "Private" set to "false" and no source items had "Private" set to "true".
             The ImageRuntimeVersion for this reference is "".
         Primary reference "System.Security.Cryptography.Algorithms, Version=8.0.0.0, Culture=neutral, PublicKeyToken=b03f5f7f11d50a3a".
             Resolved file path is "/usr/lib64/dotnet/packs/Microsoft.NETCore.App.Ref/8.0.22/ref/net8.0/System.Security.Cryptography.Algorithms.dll".
             Reference found at search path location "{RawFileName}".
             This reference is not "CopyLocal" because at least one source item had "Private" set to "false" and no source items had "Private" set to "true".
             The ImageRuntimeVersion for this reference is "".
         Primary reference "System.Security.Cryptography.Cng, Version=8.0.0.0, Culture=neutral, PublicKeyToken=b03f5f7f11d50a3a".
             Resolved file path is "/usr/lib64/dotnet/packs/Microsoft.NETCore.App.Ref/8.0.22/ref/net8.0/System.Security.Cryptography.Cng.dll".
             Reference found at search path location "{RawFileName}".
             This reference is not "CopyLocal" because at least one source item had "Private" set to "false" and no source items had "Private" set to "true".
             The ImageRuntimeVersion for this reference is "".
         Primary reference "System.Security.Cryptography.Csp, Version=8.0.0.0, Culture=neutral, PublicKeyToken=b03f5f7f11d50a3a".
             Resolved file path is "/usr/lib64/dotnet/packs/Microsoft.NETCore.App.Ref/8.0.22/ref/net8.0/System.Security.Cryptography.Csp.dll".
             Reference found at search path location "{RawFileName}".
             This reference is not "CopyLocal" because at least one source item had "Private" set to "false" and no source items had "Private" set to "true".
             The ImageRuntimeVersion for this reference is "".
         Primary reference "System.Security.Cryptography.Encoding, Version=8.0.0.0, Culture=neutral, PublicKeyToken=b03f5f7f11d50a3a".
             Resolved file path is "/usr/lib64/dotnet/packs/Microsoft.NETCore.App.Ref/8.0.22/ref/net8.0/System.Security.Cryptography.Encoding.dll".
             Reference found at search path location "{RawFileName}".
             This reference is not "CopyLocal" because at least one source item had "Private" set to "false" and no source items had "Private" set to "true".
             The ImageRuntimeVersion for this reference is "".
         Primary reference "System.Security.Cryptography.OpenSsl, Version=8.0.0.0, Culture=neutral, PublicKeyToken=b03f5f7f11d50a3a".
             Resolved file path is "/usr/lib64/dotnet/packs/Microsoft.NETCore.App.Ref/8.0.22/ref/net8.0/System.Security.Cryptography.OpenSsl.dll".
             Reference found at search path location "{RawFileName}".
             This reference is not "CopyLocal" because at least one source item had "Private" set to "false" and no source items had "Private" set to "true".
             The ImageRuntimeVersion for this reference is "".
         Primary reference "System.Security.Cryptography.Primitives, Version=8.0.0.0, Culture=neutral, PublicKeyToken=b03f5f7f11d50a3a".
             Resolved file path is "/usr/lib64/dotnet/packs/Microsoft.NETCore.App.Ref/8.0.22/ref/net8.0/System.Security.Cryptography.Primitives.dll".
             Reference found at search path location "{RawFileName}".
             This reference is not "CopyLocal" because at least one source item had "Private" set to "false" and no source items had "Private" set to "true".
             The ImageRuntimeVersion for this reference is "".
         Primary reference "System.Security.Cryptography.X509Certificates, Version=8.0.0.0, Culture=neutral, PublicKeyToken=b03f5f7f11d50a3a".
             Resolved file path is "/usr/lib64/dotnet/packs/Microsoft.NETCore.App.Ref/8.0.22/ref/net8.0/System.Security.Cryptography.X509Certificates.dll".
             Reference found at search path location "{RawFileName}".
             This reference is not "CopyLocal" because at least one source item had "Private" set to "false" and no source items had "Private" set to "true".
             The ImageRuntimeVersion for this reference is "".
         Primary reference "System.Security.Cryptography, Version=8.0.0.0, Culture=neutral, PublicKeyToken=b03f5f7f11d50a3a".
             Resolved file path is "/usr/lib64/dotnet/packs/Microsoft.NETCore.App.Ref/8.0.22/ref/net8.0/System.Security.Cryptography.dll".
             Reference found at search path location "{RawFileName}".
             This reference is not "CopyLocal" because at least one source item had "Private" set to "false" and no source items had "Private" set to "true".
             The ImageRuntimeVersion for this reference is "".
         Primary reference "System.Security.Principal.Windows, Version=8.0.0.0, Culture=neutral, PublicKeyToken=b03f5f7f11d50a3a".
             Resolved file path is "/usr/lib64/dotnet/packs/Microsoft.NETCore.App.Ref/8.0.22/ref/net8.0/System.Security.Principal.Windows.dll".
             Reference found at search path location "{RawFileName}".
             This reference is not "CopyLocal" because at least one source item had "Private" set to "false" and no source items had "Private" set to "true".
             The ImageRuntimeVersion for this reference is "".
         Primary reference "System.Security.Principal, Version=8.0.0.0, Culture=neutral, PublicKeyToken=b03f5f7f11d50a3a".
             Resolved file path is "/usr/lib64/dotnet/packs/Microsoft.NETCore.App.Ref/8.0.22/ref/net8.0/System.Security.Principal.dll".
             Reference found at search path location "{RawFileName}".
             This reference is not "CopyLocal" because at least one source item had "Private" set to "false" and no source items had "Private" set to "true".
             The ImageRuntimeVersion for this reference is "".
         Primary reference "System.Security.SecureString, Version=8.0.0.0, Culture=neutral, PublicKeyToken=b03f5f7f11d50a3a".
             Resolved file path is "/usr/lib64/dotnet/packs/Microsoft.NETCore.App.Ref/8.0.22/ref/net8.0/System.Security.SecureString.dll".
             Reference found at search path location "{RawFileName}".
             This reference is not "CopyLocal" because at least one source item had "Private" set to "false" and no source items had "Private" set to "true".
             The ImageRuntimeVersion for this reference is "".
         Primary reference "System.Security, Version=4.0.0.0, Culture=neutral, PublicKeyToken=b03f5f7f11d50a3a".
             Resolved file path is "/usr/lib64/dotnet/packs/Microsoft.NETCore.App.Ref/8.0.22/ref/net8.0/System.Security.dll".
             Reference found at search path location "{RawFileName}".
             This reference is not "CopyLocal" because at least one source item had "Private" set to "false" and no source items had "Private" set to "true".
             The ImageRuntimeVersion for this reference is "".
         Primary reference "System.ServiceModel.Web, Version=4.0.0.0, Culture=neutral, PublicKeyToken=31bf3856ad364e35".
             Resolved file path is "/usr/lib64/dotnet/packs/Microsoft.NETCore.App.Ref/8.0.22/ref/net8.0/System.ServiceModel.Web.dll".
             Reference found at search path location "{RawFileName}".
             This reference is not "CopyLocal" because at least one source item had "Private" set to "false" and no source items had "Private" set to "true".
             The ImageRuntimeVersion for this reference is "".
         Primary reference "System.ServiceProcess, Version=4.0.0.0, Culture=neutral, PublicKeyToken=b03f5f7f11d50a3a".
             Resolved file path is "/usr/lib64/dotnet/packs/Microsoft.NETCore.App.Ref/8.0.22/ref/net8.0/System.ServiceProcess.dll".
             Reference found at search path location "{RawFileName}".
             This reference is not "CopyLocal" because at least one source item had "Private" set to "false" and no source items had "Private" set to "true".
             The ImageRuntimeVersion for this reference is "".
         Primary reference "System.Text.Encoding.CodePages, Version=8.0.0.0, Culture=neutral, PublicKeyToken=b03f5f7f11d50a3a".
             Resolved file path is "/usr/lib64/dotnet/packs/Microsoft.NETCore.App.Ref/8.0.22/ref/net8.0/System.Text.Encoding.CodePages.dll".
             Reference found at search path location "{RawFileName}".
             This reference is not "CopyLocal" because at least one source item had "Private" set to "false" and no source items had "Private" set to "true".
             The ImageRuntimeVersion for this reference is "".
         Primary reference "System.Text.Encoding.Extensions, Version=8.0.0.0, Culture=neutral, PublicKeyToken=b03f5f7f11d50a3a".
             Resolved file path is "/usr/lib64/dotnet/packs/Microsoft.NETCore.App.Ref/8.0.22/ref/net8.0/System.Text.Encoding.Extensions.dll".
             Reference found at search path location "{RawFileName}".
             This reference is not "CopyLocal" because at least one source item had "Private" set to "false" and no source items had "Private" set to "true".
             The ImageRuntimeVersion for this reference is "".
         Primary reference "System.Text.Encoding, Version=8.0.0.0, Culture=neutral, PublicKeyToken=b03f5f7f11d50a3a".
             Resolved file path is "/usr/lib64/dotnet/packs/Microsoft.NETCore.App.Ref/8.0.22/ref/net8.0/System.Text.Encoding.dll".
             Reference found at search path location "{RawFileName}".
             This reference is not "CopyLocal" because at least one source item had "Private" set to "false" and no source items had "Private" set to "true".
             The ImageRuntimeVersion for this reference is "".
         Primary reference "System.Text.Encodings.Web, Version=8.0.0.0, Culture=neutral, PublicKeyToken=cc7b13ffcd2ddd51".
             Resolved file path is "/usr/lib64/dotnet/packs/Microsoft.NETCore.App.Ref/8.0.22/ref/net8.0/System.Text.Encodings.Web.dll".
             Reference found at search path location "{RawFileName}".
             This reference is not "CopyLocal" because at least one source item had "Private" set to "false" and no source items had "Private" set to "true".
             The ImageRuntimeVersion for this reference is "".
         Primary reference "System.Text.Json, Version=8.0.0.0, Culture=neutral, PublicKeyToken=cc7b13ffcd2ddd51".
             Resolved file path is "/usr/lib64/dotnet/packs/Microsoft.NETCore.App.Ref/8.0.22/ref/net8.0/System.Text.Json.dll".
             Reference found at search path location "{RawFileName}".
             This reference is not "CopyLocal" because at least one source item had "Private" set to "false" and no source items had "Private" set to "true".
             The ImageRuntimeVersion for this reference is "".
         Primary reference "System.Text.RegularExpressions, Version=8.0.0.0, Culture=neutral, PublicKeyToken=b03f5f7f11d50a3a".
             Resolved file path is "/usr/lib64/dotnet/packs/Microsoft.NETCore.App.Ref/8.0.22/ref/net8.0/System.Text.RegularExpressions.dll".
             Reference found at search path location "{RawFileName}".
             This reference is not "CopyLocal" because at least one source item had "Private" set to "false" and no source items had "Private" set to "true".
             The ImageRuntimeVersion for this reference is "".
         Primary reference "System.Threading.Channels, Version=8.0.0.0, Culture=neutral, PublicKeyToken=cc7b13ffcd2ddd51".
             Resolved file path is "/usr/lib64/dotnet/packs/Microsoft.NETCore.App.Ref/8.0.22/ref/net8.0/System.Threading.Channels.dll".
             Reference found at search path location "{RawFileName}".
             This reference is not "CopyLocal" because at least one source item had "Private" set to "false" and no source items had "Private" set to "true".
             The ImageRuntimeVersion for this reference is "".
         Primary reference "System.Threading.Overlapped, Version=8.0.0.0, Culture=neutral, PublicKeyToken=b03f5f7f11d50a3a".
             Resolved file path is "/usr/lib64/dotnet/packs/Microsoft.NETCore.App.Ref/8.0.22/ref/net8.0/System.Threading.Overlapped.dll".
             Reference found at search path location "{RawFileName}".
             This reference is not "CopyLocal" because at least one source item had "Private" set to "false" and no source items had "Private" set to "true".
             The ImageRuntimeVersion for this reference is "".
         Primary reference "System.Threading.Tasks.Dataflow, Version=8.0.0.0, Culture=neutral, PublicKeyToken=b03f5f7f11d50a3a".
             Resolved file path is "/usr/lib64/dotnet/packs/Microsoft.NETCore.App.Ref/8.0.22/ref/net8.0/System.Threading.Tasks.Dataflow.dll".
             Reference found at search path location "{RawFileName}".
             This reference is not "CopyLocal" because at least one source item had "Private" set to "false" and no source items had "Private" set to "true".
             The ImageRuntimeVersion for this reference is "".
         Primary reference "System.Threading.Tasks.Extensions, Version=8.0.0.0, Culture=neutral, PublicKeyToken=cc7b13ffcd2ddd51".
             Resolved file path is "/usr/lib64/dotnet/packs/Microsoft.NETCore.App.Ref/8.0.22/ref/net8.0/System.Threading.Tasks.Extensions.dll".
             Reference found at search path location "{RawFileName}".
             This reference is not "CopyLocal" because at least one source item had "Private" set to "false" and no source items had "Private" set to "true".
             The ImageRuntimeVersion for this reference is "".
         Primary reference "System.Threading.Tasks.Parallel, Version=8.0.0.0, Culture=neutral, PublicKeyToken=b03f5f7f11d50a3a".
             Resolved file path is "/usr/lib64/dotnet/packs/Microsoft.NETCore.App.Ref/8.0.22/ref/net8.0/System.Threading.Tasks.Parallel.dll".
             Reference found at search path location "{RawFileName}".
             This reference is not "CopyLocal" because at least one source item had "Private" set to "false" and no source items had "Private" set to "true".
             The ImageRuntimeVersion for this reference is "".
         Primary reference "System.Threading.Tasks, Version=8.0.0.0, Culture=neutral, PublicKeyToken=b03f5f7f11d50a3a".
             Resolved file path is "/usr/lib64/dotnet/packs/Microsoft.NETCore.App.Ref/8.0.22/ref/net8.0/System.Threading.Tasks.dll".
             Reference found at search path location "{RawFileName}".
             This reference is not "CopyLocal" because at least one source item had "Private" set to "false" and no source items had "Private" set to "true".
             The ImageRuntimeVersion for this reference is "".
         Primary reference "System.Threading.Thread, Version=8.0.0.0, Culture=neutral, PublicKeyToken=b03f5f7f11d50a3a".
             Resolved file path is "/usr/lib64/dotnet/packs/Microsoft.NETCore.App.Ref/8.0.22/ref/net8.0/System.Threading.Thread.dll".
             Reference found at search path location "{RawFileName}".
             This reference is not "CopyLocal" because at least one source item had "Private" set to "false" and no source items had "Private" set to "true".
             The ImageRuntimeVersion for this reference is "".
         Primary reference "System.Threading.ThreadPool, Version=8.0.0.0, Culture=neutral, PublicKeyToken=b03f5f7f11d50a3a".
             Resolved file path is "/usr/lib64/dotnet/packs/Microsoft.NETCore.App.Ref/8.0.22/ref/net8.0/System.Threading.ThreadPool.dll".
             Reference found at search path location "{RawFileName}".
             This reference is not "CopyLocal" because at least one source item had "Private" set to "false" and no source items had "Private" set to "true".
             The ImageRuntimeVersion for this reference is "".
         Primary reference "System.Threading.Timer, Version=8.0.0.0, Culture=neutral, PublicKeyToken=b03f5f7f11d50a3a".
             Resolved file path is "/usr/lib64/dotnet/packs/Microsoft.NETCore.App.Ref/8.0.22/ref/net8.0/System.Threading.Timer.dll".
             Reference found at search path location "{RawFileName}".
             This reference is not "CopyLocal" because at least one source item had "Private" set to "false" and no source items had "Private" set to "true".
             The ImageRuntimeVersion for this reference is "".
         Primary reference "System.Threading, Version=8.0.0.0, Culture=neutral, PublicKeyToken=b03f5f7f11d50a3a".
             Resolved file path is "/usr/lib64/dotnet/packs/Microsoft.NETCore.App.Ref/8.0.22/ref/net8.0/System.Threading.dll".
             Reference found at search path location "{RawFileName}".
             This reference is not "CopyLocal" because at least one source item had "Private" set to "false" and no source items had "Private" set to "true".
             The ImageRuntimeVersion for this reference is "".
         Primary reference "System.Transactions.Local, Version=8.0.0.0, Culture=neutral, PublicKeyToken=cc7b13ffcd2ddd51".
             Resolved file path is "/usr/lib64/dotnet/packs/Microsoft.NETCore.App.Ref/8.0.22/ref/net8.0/System.Transactions.Local.dll".
             Reference found at search path location "{RawFileName}".
             This reference is not "CopyLocal" because at least one source item had "Private" set to "false" and no source items had "Private" set to "true".
             The ImageRuntimeVersion for this reference is "".
         Primary reference "System.Transactions, Version=4.0.0.0, Culture=neutral, PublicKeyToken=b77a5c561934e089".
             Resolved file path is "/usr/lib64/dotnet/packs/Microsoft.NETCore.App.Ref/8.0.22/ref/net8.0/System.Transactions.dll".
             Reference found at search path location "{RawFileName}".
             This reference is not "CopyLocal" because at least one source item had "Private" set to "false" and no source items had "Private" set to "true".
             The ImageRuntimeVersion for this reference is "".
         Primary reference "System.ValueTuple, Version=8.0.0.0, Culture=neutral, PublicKeyToken=cc7b13ffcd2ddd51".
             Resolved file path is "/usr/lib64/dotnet/packs/Microsoft.NETCore.App.Ref/8.0.22/ref/net8.0/System.ValueTuple.dll".
             Reference found at search path location "{RawFileName}".
             This reference is not "CopyLocal" because at least one source item had "Private" set to "false" and no source items had "Private" set to "true".
             The ImageRuntimeVersion for this reference is "".
         Primary reference "System.Web.HttpUtility, Version=8.0.0.0, Culture=neutral, PublicKeyToken=cc7b13ffcd2ddd51".
             Resolved file path is "/usr/lib64/dotnet/packs/Microsoft.NETCore.App.Ref/8.0.22/ref/net8.0/System.Web.HttpUtility.dll".
             Reference found at search path location "{RawFileName}".
             This reference is not "CopyLocal" because at least one source item had "Private" set to "false" and no source items had "Private" set to "true".
             The ImageRuntimeVersion for this reference is "".
         Primary reference "System.Web, Version=4.0.0.0, Culture=neutral, PublicKeyToken=b03f5f7f11d50a3a".
             Resolved file path is "/usr/lib64/dotnet/packs/Microsoft.NETCore.App.Ref/8.0.22/ref/net8.0/System.Web.dll".
             Reference found at search path location "{RawFileName}".
             This reference is not "CopyLocal" because at least one source item had "Private" set to "false" and no source items had "Private" set to "true".
             The ImageRuntimeVersion for this reference is "".
         Primary reference "System.Windows, Version=4.0.0.0, Culture=neutral, PublicKeyToken=b03f5f7f11d50a3a".
             Resolved file path is "/usr/lib64/dotnet/packs/Microsoft.NETCore.App.Ref/8.0.22/ref/net8.0/System.Windows.dll".
             Reference found at search path location "{RawFileName}".
             This reference is not "CopyLocal" because at least one source item had "Private" set to "false" and no source items had "Private" set to "true".
             The ImageRuntimeVersion for this reference is "".
         Primary reference "System.Xml.Linq, Version=4.0.0.0, Culture=neutral, PublicKeyToken=b77a5c561934e089".
             Resolved file path is "/usr/lib64/dotnet/packs/Microsoft.NETCore.App.Ref/8.0.22/ref/net8.0/System.Xml.Linq.dll".
             Reference found at search path location "{RawFileName}".
             This reference is not "CopyLocal" because at least one source item had "Private" set to "false" and no source items had "Private" set to "true".
             The ImageRuntimeVersion for this reference is "".
         Primary reference "System.Xml.ReaderWriter, Version=8.0.0.0, Culture=neutral, PublicKeyToken=b03f5f7f11d50a3a".
             Resolved file path is "/usr/lib64/dotnet/packs/Microsoft.NETCore.App.Ref/8.0.22/ref/net8.0/System.Xml.ReaderWriter.dll".
             Reference found at search path location "{RawFileName}".
             This reference is not "CopyLocal" because at least one source item had "Private" set to "false" and no source items had "Private" set to "true".
             The ImageRuntimeVersion for this reference is "".
         Primary reference "System.Xml.Serialization, Version=4.0.0.0, Culture=neutral, PublicKeyToken=b77a5c561934e089".
             Resolved file path is "/usr/lib64/dotnet/packs/Microsoft.NETCore.App.Ref/8.0.22/ref/net8.0/System.Xml.Serialization.dll".
             Reference found at search path location "{RawFileName}".
             This reference is not "CopyLocal" because at least one source item had "Private" set to "false" and no source items had "Private" set to "true".
             The ImageRuntimeVersion for this reference is "".
         Primary reference "System.Xml.XDocument, Version=8.0.0.0, Culture=neutral, PublicKeyToken=b03f5f7f11d50a3a".
             Resolved file path is "/usr/lib64/dotnet/packs/Microsoft.NETCore.App.Ref/8.0.22/ref/net8.0/System.Xml.XDocument.dll".
             Reference found at search path location "{RawFileName}".
             This reference is not "CopyLocal" because at least one source item had "Private" set to "false" and no source items had "Private" set to "true".
             The ImageRuntimeVersion for this reference is "".
         Primary reference "System.Xml.XPath.XDocument, Version=8.0.0.0, Culture=neutral, PublicKeyToken=b03f5f7f11d50a3a".
             Resolved file path is "/usr/lib64/dotnet/packs/Microsoft.NETCore.App.Ref/8.0.22/ref/net8.0/System.Xml.XPath.XDocument.dll".
             Reference found at search path location "{RawFileName}".
             This reference is not "CopyLocal" because at least one source item had "Private" set to "false" and no source items had "Private" set to "true".
             The ImageRuntimeVersion for this reference is "".
         Primary reference "System.Xml.XPath, Version=8.0.0.0, Culture=neutral, PublicKeyToken=b03f5f7f11d50a3a".
             Resolved file path is "/usr/lib64/dotnet/packs/Microsoft.NETCore.App.Ref/8.0.22/ref/net8.0/System.Xml.XPath.dll".
             Reference found at search path location "{RawFileName}".
             This reference is not "CopyLocal" because at least one source item had "Private" set to "false" and no source items had "Private" set to "true".
             The ImageRuntimeVersion for this reference is "".
         Primary reference "System.Xml.XmlDocument, Version=8.0.0.0, Culture=neutral, PublicKeyToken=b03f5f7f11d50a3a".
             Resolved file path is "/usr/lib64/dotnet/packs/Microsoft.NETCore.App.Ref/8.0.22/ref/net8.0/System.Xml.XmlDocument.dll".
             Reference found at search path location "{RawFileName}".
             This reference is not "CopyLocal" because at least one source item had "Private" set to "false" and no source items had "Private" set to "true".
             The ImageRuntimeVersion for this reference is "".
         Primary reference "System.Xml.XmlSerializer, Version=8.0.0.0, Culture=neutral, PublicKeyToken=b03f5f7f11d50a3a".
             Resolved file path is "/usr/lib64/dotnet/packs/Microsoft.NETCore.App.Ref/8.0.22/ref/net8.0/System.Xml.XmlSerializer.dll".
             Reference found at search path location "{RawFileName}".
             This reference is not "CopyLocal" because at least one source item had "Private" set to "false" and no source items had "Private" set to "true".
             The ImageRuntimeVersion for this reference is "".
         Primary reference "System.Xml, Version=4.0.0.0, Culture=neutral, PublicKeyToken=b77a5c561934e089".
             Resolved file path is "/usr/lib64/dotnet/packs/Microsoft.NETCore.App.Ref/8.0.22/ref/net8.0/System.Xml.dll".
             Reference found at search path location "{RawFileName}".
             This reference is not "CopyLocal" because at least one source item had "Private" set to "false" and no source items had "Private" set to "true".
             The ImageRuntimeVersion for this reference is "".
         Primary reference "System, Version=4.0.0.0, Culture=neutral, PublicKeyToken=b77a5c561934e089".
             Resolved file path is "/usr/lib64/dotnet/packs/Microsoft.NETCore.App.Ref/8.0.22/ref/net8.0/System.dll".
             Reference found at search path location "{RawFileName}".
             This reference is not "CopyLocal" because at least one source item had "Private" set to "false" and no source items had "Private" set to "true".
             The ImageRuntimeVersion for this reference is "".
         Primary reference "WindowsBase, Version=4.0.0.0, Culture=neutral, PublicKeyToken=31bf3856ad364e35".
             Resolved file path is "/usr/lib64/dotnet/packs/Microsoft.NETCore.App.Ref/8.0.22/ref/net8.0/WindowsBase.dll".
             Reference found at search path location "{RawFileName}".
             This reference is not "CopyLocal" because at least one source item had "Private" set to "false" and no source items had "Private" set to "true".
             The ImageRuntimeVersion for this reference is "".
         Primary reference "mscorlib, Version=4.0.0.0, Culture=neutral, PublicKeyToken=b77a5c561934e089".
             Resolved file path is "/usr/lib64/dotnet/packs/Microsoft.NETCore.App.Ref/8.0.22/ref/net8.0/mscorlib.dll".
             Reference found at search path location "{RawFileName}".
             This reference is not "CopyLocal" because at least one source item had "Private" set to "false" and no source items had "Private" set to "true".
             The ImageRuntimeVersion for this reference is "".
         Primary reference "netstandard, Version=2.1.0.0, Culture=neutral, PublicKeyToken=cc7b13ffcd2ddd51".
             Resolved file path is "/usr/lib64/dotnet/packs/Microsoft.NETCore.App.Ref/8.0.22/ref/net8.0/netstandard.dll".
             Reference found at search path location "{RawFileName}".
             This reference is not "CopyLocal" because at least one source item had "Private" set to "false" and no source items had "Private" set to "true".
             The ImageRuntimeVersion for this reference is "".
         Primary reference "Microsoft.AspNetCore.Antiforgery, Version=8.0.0.0, Culture=neutral, PublicKeyToken=adb9793829ddae60".
             Resolved file path is "/usr/lib64/dotnet/packs/Microsoft.AspNetCore.App.Ref/8.0.22/ref/net8.0/Microsoft.AspNetCore.Antiforgery.dll".
             Reference found at search path location "{RawFileName}".
             This reference is not "CopyLocal" because at least one source item had "Private" set to "false" and no source items had "Private" set to "true".
             The ImageRuntimeVersion for this reference is "".
         Primary reference "Microsoft.AspNetCore.Authentication.Abstractions, Version=8.0.0.0, Culture=neutral, PublicKeyToken=adb9793829ddae60".
             Resolved file path is "/usr/lib64/dotnet/packs/Microsoft.AspNetCore.App.Ref/8.0.22/ref/net8.0/Microsoft.AspNetCore.Authentication.Abstractions.dll".
             Reference found at search path location "{RawFileName}".
             This reference is not "CopyLocal" because at least one source item had "Private" set to "false" and no source items had "Private" set to "true".
             The ImageRuntimeVersion for this reference is "".
         Primary reference "Microsoft.AspNetCore.Authentication.BearerToken, Version=8.0.0.0, Culture=neutral, PublicKeyToken=adb9793829ddae60".
             Resolved file path is "/usr/lib64/dotnet/packs/Microsoft.AspNetCore.App.Ref/8.0.22/ref/net8.0/Microsoft.AspNetCore.Authentication.BearerToken.dll".
             Reference found at search path location "{RawFileName}".
             This reference is not "CopyLocal" because at least one source item had "Private" set to "false" and no source items had "Private" set to "true".
             The ImageRuntimeVersion for this reference is "".
         Primary reference "Microsoft.AspNetCore.Authentication.Cookies, Version=8.0.0.0, Culture=neutral, PublicKeyToken=adb9793829ddae60".
             Resolved file path is "/usr/lib64/dotnet/packs/Microsoft.AspNetCore.App.Ref/8.0.22/ref/net8.0/Microsoft.AspNetCore.Authentication.Cookies.dll".
             Reference found at search path location "{RawFileName}".
             This reference is not "CopyLocal" because at least one source item had "Private" set to "false" and no source items had "Private" set to "true".
             The ImageRuntimeVersion for this reference is "".
         Primary reference "Microsoft.AspNetCore.Authentication.Core, Version=8.0.0.0, Culture=neutral, PublicKeyToken=adb9793829ddae60".
             Resolved file path is "/usr/lib64/dotnet/packs/Microsoft.AspNetCore.App.Ref/8.0.22/ref/net8.0/Microsoft.AspNetCore.Authentication.Core.dll".
             Reference found at search path location "{RawFileName}".
             This reference is not "CopyLocal" because at least one source item had "Private" set to "false" and no source items had "Private" set to "true".
             The ImageRuntimeVersion for this reference is "".
         Primary reference "Microsoft.AspNetCore.Authentication.OAuth, Version=8.0.0.0, Culture=neutral, PublicKeyToken=adb9793829ddae60".
             Resolved file path is "/usr/lib64/dotnet/packs/Microsoft.AspNetCore.App.Ref/8.0.22/ref/net8.0/Microsoft.AspNetCore.Authentication.OAuth.dll".
             Reference found at search path location "{RawFileName}".
             This reference is not "CopyLocal" because at least one source item had "Private" set to "false" and no source items had "Private" set to "true".
             The ImageRuntimeVersion for this reference is "".
         Primary reference "Microsoft.AspNetCore.Authentication, Version=8.0.0.0, Culture=neutral, PublicKeyToken=adb9793829ddae60".
             Resolved file path is "/usr/lib64/dotnet/packs/Microsoft.AspNetCore.App.Ref/8.0.22/ref/net8.0/Microsoft.AspNetCore.Authentication.dll".
             Reference found at search path location "{RawFileName}".
             This reference is not "CopyLocal" because at least one source item had "Private" set to "false" and no source items had "Private" set to "true".
             The ImageRuntimeVersion for this reference is "".
         Primary reference "Microsoft.AspNetCore.Authorization.Policy, Version=8.0.0.0, Culture=neutral, PublicKeyToken=adb9793829ddae60".
             Resolved file path is "/usr/lib64/dotnet/packs/Microsoft.AspNetCore.App.Ref/8.0.22/ref/net8.0/Microsoft.AspNetCore.Authorization.Policy.dll".
             Reference found at search path location "{RawFileName}".
             This reference is not "CopyLocal" because at least one source item had "Private" set to "false" and no source items had "Private" set to "true".
             The ImageRuntimeVersion for this reference is "".
         Primary reference "Microsoft.AspNetCore.Authorization, Version=8.0.0.0, Culture=neutral, PublicKeyToken=adb9793829ddae60".
             Resolved file path is "/usr/lib64/dotnet/packs/Microsoft.AspNetCore.App.Ref/8.0.22/ref/net8.0/Microsoft.AspNetCore.Authorization.dll".
             Reference found at search path location "{RawFileName}".
             This reference is not "CopyLocal" because at least one source item had "Private" set to "false" and no source items had "Private" set to "true".
             The ImageRuntimeVersion for this reference is "".
         Primary reference "Microsoft.AspNetCore.Components.Authorization, Version=8.0.0.0, Culture=neutral, PublicKeyToken=adb9793829ddae60".
             Resolved file path is "/usr/lib64/dotnet/packs/Microsoft.AspNetCore.App.Ref/8.0.22/ref/net8.0/Microsoft.AspNetCore.Components.Authorization.dll".
             Reference found at search path location "{RawFileName}".
             This reference is not "CopyLocal" because at least one source item had "Private" set to "false" and no source items had "Private" set to "true".
             The ImageRuntimeVersion for this reference is "".
         Primary reference "Microsoft.AspNetCore.Components.Endpoints, Version=8.0.0.0, Culture=neutral, PublicKeyToken=adb9793829ddae60".
             Resolved file path is "/usr/lib64/dotnet/packs/Microsoft.AspNetCore.App.Ref/8.0.22/ref/net8.0/Microsoft.AspNetCore.Components.Endpoints.dll".
             Reference found at search path location "{RawFileName}".
             This reference is not "CopyLocal" because at least one source item had "Private" set to "false" and no source items had "Private" set to "true".
             The ImageRuntimeVersion for this reference is "".
         Primary reference "Microsoft.AspNetCore.Components.Forms, Version=8.0.0.0, Culture=neutral, PublicKeyToken=adb9793829ddae60".
             Resolved file path is "/usr/lib64/dotnet/packs/Microsoft.AspNetCore.App.Ref/8.0.22/ref/net8.0/Microsoft.AspNetCore.Components.Forms.dll".
             Reference found at search path location "{RawFileName}".
             This reference is not "CopyLocal" because at least one source item had "Private" set to "false" and no source items had "Private" set to "true".
             The ImageRuntimeVersion for this reference is "".
         Primary reference "Microsoft.AspNetCore.Components.Server, Version=8.0.0.0, Culture=neutral, PublicKeyToken=adb9793829ddae60".
             Resolved file path is "/usr/lib64/dotnet/packs/Microsoft.AspNetCore.App.Ref/8.0.22/ref/net8.0/Microsoft.AspNetCore.Components.Server.dll".
             Reference found at search path location "{RawFileName}".
             This reference is not "CopyLocal" because at least one source item had "Private" set to "false" and no source items had "Private" set to "true".
             The ImageRuntimeVersion for this reference is "".
         Primary reference "Microsoft.AspNetCore.Components.Web, Version=8.0.0.0, Culture=neutral, PublicKeyToken=adb9793829ddae60".
             Resolved file path is "/usr/lib64/dotnet/packs/Microsoft.AspNetCore.App.Ref/8.0.22/ref/net8.0/Microsoft.AspNetCore.Components.Web.dll".
             Reference found at search path location "{RawFileName}".
             This reference is not "CopyLocal" because at least one source item had "Private" set to "false" and no source items had "Private" set to "true".
             The ImageRuntimeVersion for this reference is "".
         Primary reference "Microsoft.AspNetCore.Components, Version=8.0.0.0, Culture=neutral, PublicKeyToken=adb9793829ddae60".
             Resolved file path is "/usr/lib64/dotnet/packs/Microsoft.AspNetCore.App.Ref/8.0.22/ref/net8.0/Microsoft.AspNetCore.Components.dll".
             Reference found at search path location "{RawFileName}".
             This reference is not "CopyLocal" because at least one source item had "Private" set to "false" and no source items had "Private" set to "true".
             The ImageRuntimeVersion for this reference is "".
         Primary reference "Microsoft.AspNetCore.Connections.Abstractions, Version=8.0.0.0, Culture=neutral, PublicKeyToken=adb9793829ddae60".
             Resolved file path is "/usr/lib64/dotnet/packs/Microsoft.AspNetCore.App.Ref/8.0.22/ref/net8.0/Microsoft.AspNetCore.Connections.Abstractions.dll".
             Reference found at search path location "{RawFileName}".
             This reference is not "CopyLocal" because at least one source item had "Private" set to "false" and no source items had "Private" set to "true".
             The ImageRuntimeVersion for this reference is "".
         Primary reference "Microsoft.AspNetCore.CookiePolicy, Version=8.0.0.0, Culture=neutral, PublicKeyToken=adb9793829ddae60".
             Resolved file path is "/usr/lib64/dotnet/packs/Microsoft.AspNetCore.App.Ref/8.0.22/ref/net8.0/Microsoft.AspNetCore.CookiePolicy.dll".
             Reference found at search path location "{RawFileName}".
             This reference is not "CopyLocal" because at least one source item had "Private" set to "false" and no source items had "Private" set to "true".
             The ImageRuntimeVersion for this reference is "".
         Primary reference "Microsoft.AspNetCore.Cors, Version=8.0.0.0, Culture=neutral, PublicKeyToken=adb9793829ddae60".
             Resolved file path is "/usr/lib64/dotnet/packs/Microsoft.AspNetCore.App.Ref/8.0.22/ref/net8.0/Microsoft.AspNetCore.Cors.dll".
             Reference found at search path location "{RawFileName}".
             This reference is not "CopyLocal" because at least one source item had "Private" set to "false" and no source items had "Private" set to "true".
             The ImageRuntimeVersion for this reference is "".
         Primary reference "Microsoft.AspNetCore.Cryptography.Internal, Version=8.0.0.0, Culture=neutral, PublicKeyToken=adb9793829ddae60".
             Resolved file path is "/usr/lib64/dotnet/packs/Microsoft.AspNetCore.App.Ref/8.0.22/ref/net8.0/Microsoft.AspNetCore.Cryptography.Internal.dll".
             Reference found at search path location "{RawFileName}".
             This reference is not "CopyLocal" because at least one source item had "Private" set to "false" and no source items had "Private" set to "true".
             The ImageRuntimeVersion for this reference is "".
         Primary reference "Microsoft.AspNetCore.Cryptography.KeyDerivation, Version=8.0.0.0, Culture=neutral, PublicKeyToken=adb9793829ddae60".
             Resolved file path is "/usr/lib64/dotnet/packs/Microsoft.AspNetCore.App.Ref/8.0.22/ref/net8.0/Microsoft.AspNetCore.Cryptography.KeyDerivation.dll".
             Reference found at search path location "{RawFileName}".
             This reference is not "CopyLocal" because at least one source item had "Private" set to "false" and no source items had "Private" set to "true".
             The ImageRuntimeVersion for this reference is "".
         Primary reference "Microsoft.AspNetCore.DataProtection.Abstractions, Version=8.0.0.0, Culture=neutral, PublicKeyToken=adb9793829ddae60".
             Resolved file path is "/usr/lib64/dotnet/packs/Microsoft.AspNetCore.App.Ref/8.0.22/ref/net8.0/Microsoft.AspNetCore.DataProtection.Abstractions.dll".
             Reference found at search path location "{RawFileName}".
             This reference is not "CopyLocal" because at least one source item had "Private" set to "false" and no source items had "Private" set to "true".
             The ImageRuntimeVersion for this reference is "".
         Primary reference "Microsoft.AspNetCore.DataProtection.Extensions, Version=8.0.0.0, Culture=neutral, PublicKeyToken=adb9793829ddae60".
             Resolved file path is "/usr/lib64/dotnet/packs/Microsoft.AspNetCore.App.Ref/8.0.22/ref/net8.0/Microsoft.AspNetCore.DataProtection.Extensions.dll".
             Reference found at search path location "{RawFileName}".
             This reference is not "CopyLocal" because at least one source item had "Private" set to "false" and no source items had "Private" set to "true".
             The ImageRuntimeVersion for this reference is "".
         Primary reference "Microsoft.AspNetCore.DataProtection, Version=8.0.0.0, Culture=neutral, PublicKeyToken=adb9793829ddae60".
             Resolved file path is "/usr/lib64/dotnet/packs/Microsoft.AspNetCore.App.Ref/8.0.22/ref/net8.0/Microsoft.AspNetCore.DataProtection.dll".
             Reference found at search path location "{RawFileName}".
             This reference is not "CopyLocal" because at least one source item had "Private" set to "false" and no source items had "Private" set to "true".
             The ImageRuntimeVersion for this reference is "".
         Primary reference "Microsoft.AspNetCore.Diagnostics.Abstractions, Version=8.0.0.0, Culture=neutral, PublicKeyToken=adb9793829ddae60".
             Resolved file path is "/usr/lib64/dotnet/packs/Microsoft.AspNetCore.App.Ref/8.0.22/ref/net8.0/Microsoft.AspNetCore.Diagnostics.Abstractions.dll".
             Reference found at search path location "{RawFileName}".
             This reference is not "CopyLocal" because at least one source item had "Private" set to "false" and no source items had "Private" set to "true".
             The ImageRuntimeVersion for this reference is "".
         Primary reference "Microsoft.AspNetCore.Diagnostics.HealthChecks, Version=8.0.0.0, Culture=neutral, PublicKeyToken=adb9793829ddae60".
             Resolved file path is "/usr/lib64/dotnet/packs/Microsoft.AspNetCore.App.Ref/8.0.22/ref/net8.0/Microsoft.AspNetCore.Diagnostics.HealthChecks.dll".
             Reference found at search path location "{RawFileName}".
             This reference is not "CopyLocal" because at least one source item had "Private" set to "false" and no source items had "Private" set to "true".
             The ImageRuntimeVersion for this reference is "".
         Primary reference "Microsoft.AspNetCore.Diagnostics, Version=8.0.0.0, Culture=neutral, PublicKeyToken=adb9793829ddae60".
             Resolved file path is "/usr/lib64/dotnet/packs/Microsoft.AspNetCore.App.Ref/8.0.22/ref/net8.0/Microsoft.AspNetCore.Diagnostics.dll".
             Reference found at search path location "{RawFileName}".
             This reference is not "CopyLocal" because at least one source item had "Private" set to "false" and no source items had "Private" set to "true".
             The ImageRuntimeVersion for this reference is "".
         Primary reference "Microsoft.AspNetCore.HostFiltering, Version=8.0.0.0, Culture=neutral, PublicKeyToken=adb9793829ddae60".
             Resolved file path is "/usr/lib64/dotnet/packs/Microsoft.AspNetCore.App.Ref/8.0.22/ref/net8.0/Microsoft.AspNetCore.HostFiltering.dll".
             Reference found at search path location "{RawFileName}".
             This reference is not "CopyLocal" because at least one source item had "Private" set to "false" and no source items had "Private" set to "true".
             The ImageRuntimeVersion for this reference is "".
         Primary reference "Microsoft.AspNetCore.Hosting.Abstractions, Version=8.0.0.0, Culture=neutral, PublicKeyToken=adb9793829ddae60".
             Resolved file path is "/usr/lib64/dotnet/packs/Microsoft.AspNetCore.App.Ref/8.0.22/ref/net8.0/Microsoft.AspNetCore.Hosting.Abstractions.dll".
             Reference found at search path location "{RawFileName}".
             This reference is not "CopyLocal" because at least one source item had "Private" set to "false" and no source items had "Private" set to "true".
             The ImageRuntimeVersion for this reference is "".
         Primary reference "Microsoft.AspNetCore.Hosting.Server.Abstractions, Version=8.0.0.0, Culture=neutral, PublicKeyToken=adb9793829ddae60".
             Resolved file path is "/usr/lib64/dotnet/packs/Microsoft.AspNetCore.App.Ref/8.0.22/ref/net8.0/Microsoft.AspNetCore.Hosting.Server.Abstractions.dll".
             Reference found at search path location "{RawFileName}".
             This reference is not "CopyLocal" because at least one source item had "Private" set to "false" and no source items had "Private" set to "true".
             The ImageRuntimeVersion for this reference is "".
         Primary reference "Microsoft.AspNetCore.Hosting, Version=8.0.0.0, Culture=neutral, PublicKeyToken=adb9793829ddae60".
             Resolved file path is "/usr/lib64/dotnet/packs/Microsoft.AspNetCore.App.Ref/8.0.22/ref/net8.0/Microsoft.AspNetCore.Hosting.dll".
             Reference found at search path location "{RawFileName}".
             This reference is not "CopyLocal" because at least one source item had "Private" set to "false" and no source items had "Private" set to "true".
             The ImageRuntimeVersion for this reference is "".
         Primary reference "Microsoft.AspNetCore.Html.Abstractions, Version=8.0.0.0, Culture=neutral, PublicKeyToken=adb9793829ddae60".
             Resolved file path is "/usr/lib64/dotnet/packs/Microsoft.AspNetCore.App.Ref/8.0.22/ref/net8.0/Microsoft.AspNetCore.Html.Abstractions.dll".
             Reference found at search path location "{RawFileName}".
             This reference is not "CopyLocal" because at least one source item had "Private" set to "false" and no source items had "Private" set to "true".
             The ImageRuntimeVersion for this reference is "".
         Primary reference "Microsoft.AspNetCore.Http.Abstractions, Version=8.0.0.0, Culture=neutral, PublicKeyToken=adb9793829ddae60".
             Resolved file path is "/usr/lib64/dotnet/packs/Microsoft.AspNetCore.App.Ref/8.0.22/ref/net8.0/Microsoft.AspNetCore.Http.Abstractions.dll".
             Reference found at search path location "{RawFileName}".
             This reference is not "CopyLocal" because at least one source item had "Private" set to "false" and no source items had "Private" set to "true".
             The ImageRuntimeVersion for this reference is "".
         Primary reference "Microsoft.AspNetCore.Http.Connections.Common, Version=8.0.0.0, Culture=neutral, PublicKeyToken=adb9793829ddae60".
             Resolved file path is "/usr/lib64/dotnet/packs/Microsoft.AspNetCore.App.Ref/8.0.22/ref/net8.0/Microsoft.AspNetCore.Http.Connections.Common.dll".
             Reference found at search path location "{RawFileName}".
             This reference is not "CopyLocal" because at least one source item had "Private" set to "false" and no source items had "Private" set to "true".
             The ImageRuntimeVersion for this reference is "".
         Primary reference "Microsoft.AspNetCore.Http.Connections, Version=8.0.0.0, Culture=neutral, PublicKeyToken=adb9793829ddae60".
             Resolved file path is "/usr/lib64/dotnet/packs/Microsoft.AspNetCore.App.Ref/8.0.22/ref/net8.0/Microsoft.AspNetCore.Http.Connections.dll".
             Reference found at search path location "{RawFileName}".
             This reference is not "CopyLocal" because at least one source item had "Private" set to "false" and no source items had "Private" set to "true".
             The ImageRuntimeVersion for this reference is "".
         Primary reference "Microsoft.AspNetCore.Http.Extensions, Version=8.0.0.0, Culture=neutral, PublicKeyToken=adb9793829ddae60".
             Resolved file path is "/usr/lib64/dotnet/packs/Microsoft.AspNetCore.App.Ref/8.0.22/ref/net8.0/Microsoft.AspNetCore.Http.Extensions.dll".
             Reference found at search path location "{RawFileName}".
             This reference is not "CopyLocal" because at least one source item had "Private" set to "false" and no source items had "Private" set to "true".
             The ImageRuntimeVersion for this reference is "".
         Primary reference "Microsoft.AspNetCore.Http.Features, Version=8.0.0.0, Culture=neutral, PublicKeyToken=adb9793829ddae60".
             Resolved file path is "/usr/lib64/dotnet/packs/Microsoft.AspNetCore.App.Ref/8.0.22/ref/net8.0/Microsoft.AspNetCore.Http.Features.dll".
             Reference found at search path location "{RawFileName}".
             This reference is not "CopyLocal" because at least one source item had "Private" set to "false" and no source items had "Private" set to "true".
             The ImageRuntimeVersion for this reference is "".
         Primary reference "Microsoft.AspNetCore.Http.Results, Version=8.0.0.0, Culture=neutral, PublicKeyToken=adb9793829ddae60".
             Resolved file path is "/usr/lib64/dotnet/packs/Microsoft.AspNetCore.App.Ref/8.0.22/ref/net8.0/Microsoft.AspNetCore.Http.Results.dll".
             Reference found at search path location "{RawFileName}".
             This reference is not "CopyLocal" because at least one source item had "Private" set to "false" and no source items had "Private" set to "true".
             The ImageRuntimeVersion for this reference is "".
         Primary reference "Microsoft.AspNetCore.Http, Version=8.0.0.0, Culture=neutral, PublicKeyToken=adb9793829ddae60".
             Resolved file path is "/usr/lib64/dotnet/packs/Microsoft.AspNetCore.App.Ref/8.0.22/ref/net8.0/Microsoft.AspNetCore.Http.dll".
             Reference found at search path location "{RawFileName}".
             This reference is not "CopyLocal" because at least one source item had "Private" set to "false" and no source items had "Private" set to "true".
             The ImageRuntimeVersion for this reference is "".
         Primary reference "Microsoft.AspNetCore.HttpLogging, Version=8.0.0.0, Culture=neutral, PublicKeyToken=adb9793829ddae60".
             Resolved file path is "/usr/lib64/dotnet/packs/Microsoft.AspNetCore.App.Ref/8.0.22/ref/net8.0/Microsoft.AspNetCore.HttpLogging.dll".
             Reference found at search path location "{RawFileName}".
             This reference is not "CopyLocal" because at least one source item had "Private" set to "false" and no source items had "Private" set to "true".
             The ImageRuntimeVersion for this reference is "".
         Primary reference "Microsoft.AspNetCore.HttpOverrides, Version=8.0.0.0, Culture=neutral, PublicKeyToken=adb9793829ddae60".
             Resolved file path is "/usr/lib64/dotnet/packs/Microsoft.AspNetCore.App.Ref/8.0.22/ref/net8.0/Microsoft.AspNetCore.HttpOverrides.dll".
             Reference found at search path location "{RawFileName}".
             This reference is not "CopyLocal" because at least one source item had "Private" set to "false" and no source items had "Private" set to "true".
             The ImageRuntimeVersion for this reference is "".
         Primary reference "Microsoft.AspNetCore.HttpsPolicy, Version=8.0.0.0, Culture=neutral, PublicKeyToken=adb9793829ddae60".
             Resolved file path is "/usr/lib64/dotnet/packs/Microsoft.AspNetCore.App.Ref/8.0.22/ref/net8.0/Microsoft.AspNetCore.HttpsPolicy.dll".
             Reference found at search path location "{RawFileName}".
             This reference is not "CopyLocal" because at least one source item had "Private" set to "false" and no source items had "Private" set to "true".
             The ImageRuntimeVersion for this reference is "".
         Primary reference "Microsoft.AspNetCore.Identity, Version=8.0.0.0, Culture=neutral, PublicKeyToken=adb9793829ddae60".
             Resolved file path is "/usr/lib64/dotnet/packs/Microsoft.AspNetCore.App.Ref/8.0.22/ref/net8.0/Microsoft.AspNetCore.Identity.dll".
             Reference found at search path location "{RawFileName}".
             This reference is not "CopyLocal" because at least one source item had "Private" set to "false" and no source items had "Private" set to "true".
             The ImageRuntimeVersion for this reference is "".
         Primary reference "Microsoft.AspNetCore.Localization.Routing, Version=8.0.0.0, Culture=neutral, PublicKeyToken=adb9793829ddae60".
             Resolved file path is "/usr/lib64/dotnet/packs/Microsoft.AspNetCore.App.Ref/8.0.22/ref/net8.0/Microsoft.AspNetCore.Localization.Routing.dll".
             Reference found at search path location "{RawFileName}".
             This reference is not "CopyLocal" because at least one source item had "Private" set to "false" and no source items had "Private" set to "true".
             The ImageRuntimeVersion for this reference is "".
         Primary reference "Microsoft.AspNetCore.Localization, Version=8.0.0.0, Culture=neutral, PublicKeyToken=adb9793829ddae60".
             Resolved file path is "/usr/lib64/dotnet/packs/Microsoft.AspNetCore.App.Ref/8.0.22/ref/net8.0/Microsoft.AspNetCore.Localization.dll".
             Reference found at search path location "{RawFileName}".
             This reference is not "CopyLocal" because at least one source item had "Private" set to "false" and no source items had "Private" set to "true".
             The ImageRuntimeVersion for this reference is "".
         Primary reference "Microsoft.AspNetCore.Metadata, Version=8.0.0.0, Culture=neutral, PublicKeyToken=adb9793829ddae60".
             Resolved file path is "/usr/lib64/dotnet/packs/Microsoft.AspNetCore.App.Ref/8.0.22/ref/net8.0/Microsoft.AspNetCore.Metadata.dll".
             Reference found at search path location "{RawFileName}".
             This reference is not "CopyLocal" because at least one source item had "Private" set to "false" and no source items had "Private" set to "true".
             The ImageRuntimeVersion for this reference is "".
         Primary reference "Microsoft.AspNetCore.Mvc.Abstractions, Version=8.0.0.0, Culture=neutral, PublicKeyToken=adb9793829ddae60".
             Resolved file path is "/usr/lib64/dotnet/packs/Microsoft.AspNetCore.App.Ref/8.0.22/ref/net8.0/Microsoft.AspNetCore.Mvc.Abstractions.dll".
             Reference found at search path location "{RawFileName}".
             This reference is not "CopyLocal" because at least one source item had "Private" set to "false" and no source items had "Private" set to "true".
             The ImageRuntimeVersion for this reference is "".
         Primary reference "Microsoft.AspNetCore.Mvc.ApiExplorer, Version=8.0.0.0, Culture=neutral, PublicKeyToken=adb9793829ddae60".
             Resolved file path is "/usr/lib64/dotnet/packs/Microsoft.AspNetCore.App.Ref/8.0.22/ref/net8.0/Microsoft.AspNetCore.Mvc.ApiExplorer.dll".
             Reference found at search path location "{RawFileName}".
             This reference is not "CopyLocal" because at least one source item had "Private" set to "false" and no source items had "Private" set to "true".
             The ImageRuntimeVersion for this reference is "".
         Primary reference "Microsoft.AspNetCore.Mvc.Core, Version=8.0.0.0, Culture=neutral, PublicKeyToken=adb9793829ddae60".
             Resolved file path is "/usr/lib64/dotnet/packs/Microsoft.AspNetCore.App.Ref/8.0.22/ref/net8.0/Microsoft.AspNetCore.Mvc.Core.dll".
             Reference found at search path location "{RawFileName}".
             This reference is not "CopyLocal" because at least one source item had "Private" set to "false" and no source items had "Private" set to "true".
             The ImageRuntimeVersion for this reference is "".
         Primary reference "Microsoft.AspNetCore.Mvc.Cors, Version=8.0.0.0, Culture=neutral, PublicKeyToken=adb9793829ddae60".
             Resolved file path is "/usr/lib64/dotnet/packs/Microsoft.AspNetCore.App.Ref/8.0.22/ref/net8.0/Microsoft.AspNetCore.Mvc.Cors.dll".
             Reference found at search path location "{RawFileName}".
             This reference is not "CopyLocal" because at least one source item had "Private" set to "false" and no source items had "Private" set to "true".
             The ImageRuntimeVersion for this reference is "".
         Primary reference "Microsoft.AspNetCore.Mvc.DataAnnotations, Version=8.0.0.0, Culture=neutral, PublicKeyToken=adb9793829ddae60".
             Resolved file path is "/usr/lib64/dotnet/packs/Microsoft.AspNetCore.App.Ref/8.0.22/ref/net8.0/Microsoft.AspNetCore.Mvc.DataAnnotations.dll".
             Reference found at search path location "{RawFileName}".
             This reference is not "CopyLocal" because at least one source item had "Private" set to "false" and no source items had "Private" set to "true".
             The ImageRuntimeVersion for this reference is "".
         Primary reference "Microsoft.AspNetCore.Mvc.Formatters.Json, Version=8.0.0.0, Culture=neutral, PublicKeyToken=adb9793829ddae60".
             Resolved file path is "/usr/lib64/dotnet/packs/Microsoft.AspNetCore.App.Ref/8.0.22/ref/net8.0/Microsoft.AspNetCore.Mvc.Formatters.Json.dll".
             Reference found at search path location "{RawFileName}".
             This reference is not "CopyLocal" because at least one source item had "Private" set to "false" and no source items had "Private" set to "true".
             The ImageRuntimeVersion for this reference is "".
         Primary reference "Microsoft.AspNetCore.Mvc.Formatters.Xml, Version=8.0.0.0, Culture=neutral, PublicKeyToken=adb9793829ddae60".
             Resolved file path is "/usr/lib64/dotnet/packs/Microsoft.AspNetCore.App.Ref/8.0.22/ref/net8.0/Microsoft.AspNetCore.Mvc.Formatters.Xml.dll".
             Reference found at search path location "{RawFileName}".
             This reference is not "CopyLocal" because at least one source item had "Private" set to "false" and no source items had "Private" set to "true".
             The ImageRuntimeVersion for this reference is "".
         Primary reference "Microsoft.AspNetCore.Mvc.Localization, Version=8.0.0.0, Culture=neutral, PublicKeyToken=adb9793829ddae60".
             Resolved file path is "/usr/lib64/dotnet/packs/Microsoft.AspNetCore.App.Ref/8.0.22/ref/net8.0/Microsoft.AspNetCore.Mvc.Localization.dll".
             Reference found at search path location "{RawFileName}".
             This reference is not "CopyLocal" because at least one source item had "Private" set to "false" and no source items had "Private" set to "true".
             The ImageRuntimeVersion for this reference is "".
         Primary reference "Microsoft.AspNetCore.Mvc.Razor, Version=8.0.0.0, Culture=neutral, PublicKeyToken=adb9793829ddae60".
             Resolved file path is "/usr/lib64/dotnet/packs/Microsoft.AspNetCore.App.Ref/8.0.22/ref/net8.0/Microsoft.AspNetCore.Mvc.Razor.dll".
             Reference found at search path location "{RawFileName}".
             This reference is not "CopyLocal" because at least one source item had "Private" set to "false" and no source items had "Private" set to "true".
             The ImageRuntimeVersion for this reference is "".
         Primary reference "Microsoft.AspNetCore.Mvc.RazorPages, Version=8.0.0.0, Culture=neutral, PublicKeyToken=adb9793829ddae60".
             Resolved file path is "/usr/lib64/dotnet/packs/Microsoft.AspNetCore.App.Ref/8.0.22/ref/net8.0/Microsoft.AspNetCore.Mvc.RazorPages.dll".
             Reference found at search path location "{RawFileName}".
             This reference is not "CopyLocal" because at least one source item had "Private" set to "false" and no source items had "Private" set to "true".
             The ImageRuntimeVersion for this reference is "".
         Primary reference "Microsoft.AspNetCore.Mvc.TagHelpers, Version=8.0.0.0, Culture=neutral, PublicKeyToken=adb9793829ddae60".
             Resolved file path is "/usr/lib64/dotnet/packs/Microsoft.AspNetCore.App.Ref/8.0.22/ref/net8.0/Microsoft.AspNetCore.Mvc.TagHelpers.dll".
             Reference found at search path location "{RawFileName}".
             This reference is not "CopyLocal" because at least one source item had "Private" set to "false" and no source items had "Private" set to "true".
             The ImageRuntimeVersion for this reference is "".
         Primary reference "Microsoft.AspNetCore.Mvc.ViewFeatures, Version=8.0.0.0, Culture=neutral, PublicKeyToken=adb9793829ddae60".
             Resolved file path is "/usr/lib64/dotnet/packs/Microsoft.AspNetCore.App.Ref/8.0.22/ref/net8.0/Microsoft.AspNetCore.Mvc.ViewFeatures.dll".
             Reference found at search path location "{RawFileName}".
             This reference is not "CopyLocal" because at least one source item had "Private" set to "false" and no source items had "Private" set to "true".
             The ImageRuntimeVersion for this reference is "".
         Primary reference "Microsoft.AspNetCore.Mvc, Version=8.0.0.0, Culture=neutral, PublicKeyToken=adb9793829ddae60".
             Resolved file path is "/usr/lib64/dotnet/packs/Microsoft.AspNetCore.App.Ref/8.0.22/ref/net8.0/Microsoft.AspNetCore.Mvc.dll".
             Reference found at search path location "{RawFileName}".
             This reference is not "CopyLocal" because at least one source item had "Private" set to "false" and no source items had "Private" set to "true".
             The ImageRuntimeVersion for this reference is "".
         Primary reference "Microsoft.AspNetCore.OutputCaching, Version=8.0.0.0, Culture=neutral, PublicKeyToken=adb9793829ddae60".
             Resolved file path is "/usr/lib64/dotnet/packs/Microsoft.AspNetCore.App.Ref/8.0.22/ref/net8.0/Microsoft.AspNetCore.OutputCaching.dll".
             Reference found at search path location "{RawFileName}".
             This reference is not "CopyLocal" because at least one source item had "Private" set to "false" and no source items had "Private" set to "true".
             The ImageRuntimeVersion for this reference is "".
         Primary reference "Microsoft.AspNetCore.RateLimiting, Version=8.0.0.0, Culture=neutral, PublicKeyToken=adb9793829ddae60".
             Resolved file path is "/usr/lib64/dotnet/packs/Microsoft.AspNetCore.App.Ref/8.0.22/ref/net8.0/Microsoft.AspNetCore.RateLimiting.dll".
             Reference found at search path location "{RawFileName}".
             This reference is not "CopyLocal" because at least one source item had "Private" set to "false" and no source items had "Private" set to "true".
             The ImageRuntimeVersion for this reference is "".
         Primary reference "Microsoft.AspNetCore.Razor.Runtime, Version=8.0.0.0, Culture=neutral, PublicKeyToken=adb9793829ddae60".
             Resolved file path is "/usr/lib64/dotnet/packs/Microsoft.AspNetCore.App.Ref/8.0.22/ref/net8.0/Microsoft.AspNetCore.Razor.Runtime.dll".
             Reference found at search path location "{RawFileName}".
             This reference is not "CopyLocal" because at least one source item had "Private" set to "false" and no source items had "Private" set to "true".
             The ImageRuntimeVersion for this reference is "".
         Primary reference "Microsoft.AspNetCore.Razor, Version=8.0.0.0, Culture=neutral, PublicKeyToken=adb9793829ddae60".
             Resolved file path is "/usr/lib64/dotnet/packs/Microsoft.AspNetCore.App.Ref/8.0.22/ref/net8.0/Microsoft.AspNetCore.Razor.dll".
             Reference found at search path location "{RawFileName}".
             This reference is not "CopyLocal" because at least one source item had "Private" set to "false" and no source items had "Private" set to "true".
             The ImageRuntimeVersion for this reference is "".
         Primary reference "Microsoft.AspNetCore.RequestDecompression, Version=8.0.0.0, Culture=neutral, PublicKeyToken=adb9793829ddae60".
             Resolved file path is "/usr/lib64/dotnet/packs/Microsoft.AspNetCore.App.Ref/8.0.22/ref/net8.0/Microsoft.AspNetCore.RequestDecompression.dll".
             Reference found at search path location "{RawFileName}".
             This reference is not "CopyLocal" because at least one source item had "Private" set to "false" and no source items had "Private" set to "true".
             The ImageRuntimeVersion for this reference is "".
         Primary reference "Microsoft.AspNetCore.ResponseCaching.Abstractions, Version=8.0.0.0, Culture=neutral, PublicKeyToken=adb9793829ddae60".
             Resolved file path is "/usr/lib64/dotnet/packs/Microsoft.AspNetCore.App.Ref/8.0.22/ref/net8.0/Microsoft.AspNetCore.ResponseCaching.Abstractions.dll".
             Reference found at search path location "{RawFileName}".
             This reference is not "CopyLocal" because at least one source item had "Private" set to "false" and no source items had "Private" set to "true".
             The ImageRuntimeVersion for this reference is "".
         Primary reference "Microsoft.AspNetCore.ResponseCaching, Version=8.0.0.0, Culture=neutral, PublicKeyToken=adb9793829ddae60".
             Resolved file path is "/usr/lib64/dotnet/packs/Microsoft.AspNetCore.App.Ref/8.0.22/ref/net8.0/Microsoft.AspNetCore.ResponseCaching.dll".
             Reference found at search path location "{RawFileName}".
             This reference is not "CopyLocal" because at least one source item had "Private" set to "false" and no source items had "Private" set to "true".
             The ImageRuntimeVersion for this reference is "".
         Primary reference "Microsoft.AspNetCore.ResponseCompression, Version=8.0.0.0, Culture=neutral, PublicKeyToken=adb9793829ddae60".
             Resolved file path is "/usr/lib64/dotnet/packs/Microsoft.AspNetCore.App.Ref/8.0.22/ref/net8.0/Microsoft.AspNetCore.ResponseCompression.dll".
             Reference found at search path location "{RawFileName}".
             This reference is not "CopyLocal" because at least one source item had "Private" set to "false" and no source items had "Private" set to "true".
             The ImageRuntimeVersion for this reference is "".
         Primary reference "Microsoft.AspNetCore.Rewrite, Version=8.0.0.0, Culture=neutral, PublicKeyToken=adb9793829ddae60".
             Resolved file path is "/usr/lib64/dotnet/packs/Microsoft.AspNetCore.App.Ref/8.0.22/ref/net8.0/Microsoft.AspNetCore.Rewrite.dll".
             Reference found at search path location "{RawFileName}".
             This reference is not "CopyLocal" because at least one source item had "Private" set to "false" and no source items had "Private" set to "true".
             The ImageRuntimeVersion for this reference is "".
         Primary reference "Microsoft.AspNetCore.Routing.Abstractions, Version=8.0.0.0, Culture=neutral, PublicKeyToken=adb9793829ddae60".
             Resolved file path is "/usr/lib64/dotnet/packs/Microsoft.AspNetCore.App.Ref/8.0.22/ref/net8.0/Microsoft.AspNetCore.Routing.Abstractions.dll".
             Reference found at search path location "{RawFileName}".
             This reference is not "CopyLocal" because at least one source item had "Private" set to "false" and no source items had "Private" set to "true".
             The ImageRuntimeVersion for this reference is "".
         Primary reference "Microsoft.AspNetCore.Routing, Version=8.0.0.0, Culture=neutral, PublicKeyToken=adb9793829ddae60".
             Resolved file path is "/usr/lib64/dotnet/packs/Microsoft.AspNetCore.App.Ref/8.0.22/ref/net8.0/Microsoft.AspNetCore.Routing.dll".
             Reference found at search path location "{RawFileName}".
             This reference is not "CopyLocal" because at least one source item had "Private" set to "false" and no source items had "Private" set to "true".
             The ImageRuntimeVersion for this reference is "".
         Primary reference "Microsoft.AspNetCore.Server.HttpSys, Version=8.0.0.0, Culture=neutral, PublicKeyToken=adb9793829ddae60".
             Resolved file path is "/usr/lib64/dotnet/packs/Microsoft.AspNetCore.App.Ref/8.0.22/ref/net8.0/Microsoft.AspNetCore.Server.HttpSys.dll".
             Reference found at search path location "{RawFileName}".
             This reference is not "CopyLocal" because at least one source item had "Private" set to "false" and no source items had "Private" set to "true".
             The ImageRuntimeVersion for this reference is "".
         Primary reference "Microsoft.AspNetCore.Server.IIS, Version=8.0.0.0, Culture=neutral, PublicKeyToken=adb9793829ddae60".
             Resolved file path is "/usr/lib64/dotnet/packs/Microsoft.AspNetCore.App.Ref/8.0.22/ref/net8.0/Microsoft.AspNetCore.Server.IIS.dll".
             Reference found at search path location "{RawFileName}".
             This reference is not "CopyLocal" because at least one source item had "Private" set to "false" and no source items had "Private" set to "true".
             The ImageRuntimeVersion for this reference is "".
         Primary reference "Microsoft.AspNetCore.Server.IISIntegration, Version=8.0.0.0, Culture=neutral, PublicKeyToken=adb9793829ddae60".
             Resolved file path is "/usr/lib64/dotnet/packs/Microsoft.AspNetCore.App.Ref/8.0.22/ref/net8.0/Microsoft.AspNetCore.Server.IISIntegration.dll".
             Reference found at search path location "{RawFileName}".
             This reference is not "CopyLocal" because at least one source item had "Private" set to "false" and no source items had "Private" set to "true".
             The ImageRuntimeVersion for this reference is "".
         Primary reference "Microsoft.AspNetCore.Server.Kestrel.Core, Version=8.0.0.0, Culture=neutral, PublicKeyToken=adb9793829ddae60".
             Resolved file path is "/usr/lib64/dotnet/packs/Microsoft.AspNetCore.App.Ref/8.0.22/ref/net8.0/Microsoft.AspNetCore.Server.Kestrel.Core.dll".
             Reference found at search path location "{RawFileName}".
             This reference is not "CopyLocal" because at least one source item had "Private" set to "false" and no source items had "Private" set to "true".
             The ImageRuntimeVersion for this reference is "".
         Primary reference "Microsoft.AspNetCore.Server.Kestrel.Transport.NamedPipes, Version=8.0.0.0, Culture=neutral, PublicKeyToken=adb9793829ddae60".
             Resolved file path is "/usr/lib64/dotnet/packs/Microsoft.AspNetCore.App.Ref/8.0.22/ref/net8.0/Microsoft.AspNetCore.Server.Kestrel.Transport.NamedPipes.dll".
             Reference found at search path location "{RawFileName}".
             This reference is not "CopyLocal" because at least one source item had "Private" set to "false" and no source items had "Private" set to "true".
             The ImageRuntimeVersion for this reference is "".
         Primary reference "Microsoft.AspNetCore.Server.Kestrel.Transport.Quic, Version=8.0.0.0, Culture=neutral, PublicKeyToken=adb9793829ddae60".
             Resolved file path is "/usr/lib64/dotnet/packs/Microsoft.AspNetCore.App.Ref/8.0.22/ref/net8.0/Microsoft.AspNetCore.Server.Kestrel.Transport.Quic.dll".
             Reference found at search path location "{RawFileName}".
             This reference is not "CopyLocal" because at least one source item had "Private" set to "false" and no source items had "Private" set to "true".
             The ImageRuntimeVersion for this reference is "".
         Primary reference "Microsoft.AspNetCore.Server.Kestrel.Transport.Sockets, Version=8.0.0.0, Culture=neutral, PublicKeyToken=adb9793829ddae60".
             Resolved file path is "/usr/lib64/dotnet/packs/Microsoft.AspNetCore.App.Ref/8.0.22/ref/net8.0/Microsoft.AspNetCore.Server.Kestrel.Transport.Sockets.dll".
             Reference found at search path location "{RawFileName}".
             This reference is not "CopyLocal" because at least one source item had "Private" set to "false" and no source items had "Private" set to "true".
             The ImageRuntimeVersion for this reference is "".
         Primary reference "Microsoft.AspNetCore.Server.Kestrel, Version=8.0.0.0, Culture=neutral, PublicKeyToken=adb9793829ddae60".
             Resolved file path is "/usr/lib64/dotnet/packs/Microsoft.AspNetCore.App.Ref/8.0.22/ref/net8.0/Microsoft.AspNetCore.Server.Kestrel.dll".
             Reference found at search path location "{RawFileName}".
             This reference is not "CopyLocal" because at least one source item had "Private" set to "false" and no source items had "Private" set to "true".
             The ImageRuntimeVersion for this reference is "".
         Primary reference "Microsoft.AspNetCore.Session, Version=8.0.0.0, Culture=neutral, PublicKeyToken=adb9793829ddae60".
             Resolved file path is "/usr/lib64/dotnet/packs/Microsoft.AspNetCore.App.Ref/8.0.22/ref/net8.0/Microsoft.AspNetCore.Session.dll".
             Reference found at search path location "{RawFileName}".
             This reference is not "CopyLocal" because at least one source item had "Private" set to "false" and no source items had "Private" set to "true".
             The ImageRuntimeVersion for this reference is "".
         Primary reference "Microsoft.AspNetCore.SignalR.Common, Version=8.0.0.0, Culture=neutral, PublicKeyToken=adb9793829ddae60".
             Resolved file path is "/usr/lib64/dotnet/packs/Microsoft.AspNetCore.App.Ref/8.0.22/ref/net8.0/Microsoft.AspNetCore.SignalR.Common.dll".
             Reference found at search path location "{RawFileName}".
             This reference is not "CopyLocal" because at least one source item had "Private" set to "false" and no source items had "Private" set to "true".
             The ImageRuntimeVersion for this reference is "".
         Primary reference "Microsoft.AspNetCore.SignalR.Core, Version=8.0.0.0, Culture=neutral, PublicKeyToken=adb9793829ddae60".
             Resolved file path is "/usr/lib64/dotnet/packs/Microsoft.AspNetCore.App.Ref/8.0.22/ref/net8.0/Microsoft.AspNetCore.SignalR.Core.dll".
             Reference found at search path location "{RawFileName}".
             This reference is not "CopyLocal" because at least one source item had "Private" set to "false" and no source items had "Private" set to "true".
             The ImageRuntimeVersion for this reference is "".
         Primary reference "Microsoft.AspNetCore.SignalR.Protocols.Json, Version=8.0.0.0, Culture=neutral, PublicKeyToken=adb9793829ddae60".
             Resolved file path is "/usr/lib64/dotnet/packs/Microsoft.AspNetCore.App.Ref/8.0.22/ref/net8.0/Microsoft.AspNetCore.SignalR.Protocols.Json.dll".
             Reference found at search path location "{RawFileName}".
             This reference is not "CopyLocal" because at least one source item had "Private" set to "false" and no source items had "Private" set to "true".
             The ImageRuntimeVersion for this reference is "".
         Primary reference "Microsoft.AspNetCore.SignalR, Version=8.0.0.0, Culture=neutral, PublicKeyToken=adb9793829ddae60".
             Resolved file path is "/usr/lib64/dotnet/packs/Microsoft.AspNetCore.App.Ref/8.0.22/ref/net8.0/Microsoft.AspNetCore.SignalR.dll".
             Reference found at search path location "{RawFileName}".
             This reference is not "CopyLocal" because at least one source item had "Private" set to "false" and no source items had "Private" set to "true".
             The ImageRuntimeVersion for this reference is "".
         Primary reference "Microsoft.AspNetCore.StaticFiles, Version=8.0.0.0, Culture=neutral, PublicKeyToken=adb9793829ddae60".
             Resolved file path is "/usr/lib64/dotnet/packs/Microsoft.AspNetCore.App.Ref/8.0.22/ref/net8.0/Microsoft.AspNetCore.StaticFiles.dll".
             Reference found at search path location "{RawFileName}".
             This reference is not "CopyLocal" because at least one source item had "Private" set to "false" and no source items had "Private" set to "true".
             The ImageRuntimeVersion for this reference is "".
         Primary reference "Microsoft.AspNetCore.WebSockets, Version=8.0.0.0, Culture=neutral, PublicKeyToken=adb9793829ddae60".
             Resolved file path is "/usr/lib64/dotnet/packs/Microsoft.AspNetCore.App.Ref/8.0.22/ref/net8.0/Microsoft.AspNetCore.WebSockets.dll".
             Reference found at search path location "{RawFileName}".
             This reference is not "CopyLocal" because at least one source item had "Private" set to "false" and no source items had "Private" set to "true".
             The ImageRuntimeVersion for this reference is "".
         Primary reference "Microsoft.AspNetCore.WebUtilities, Version=8.0.0.0, Culture=neutral, PublicKeyToken=adb9793829ddae60".
             Resolved file path is "/usr/lib64/dotnet/packs/Microsoft.AspNetCore.App.Ref/8.0.22/ref/net8.0/Microsoft.AspNetCore.WebUtilities.dll".
             Reference found at search path location "{RawFileName}".
             This reference is not "CopyLocal" because at least one source item had "Private" set to "false" and no source items had "Private" set to "true".
             The ImageRuntimeVersion for this reference is "".
         Primary reference "Microsoft.AspNetCore, Version=8.0.0.0, Culture=neutral, PublicKeyToken=adb9793829ddae60".
             Resolved file path is "/usr/lib64/dotnet/packs/Microsoft.AspNetCore.App.Ref/8.0.22/ref/net8.0/Microsoft.AspNetCore.dll".
             Reference found at search path location "{RawFileName}".
             This reference is not "CopyLocal" because at least one source item had "Private" set to "false" and no source items had "Private" set to "true".
             The ImageRuntimeVersion for this reference is "".
         Primary reference "Microsoft.Extensions.Caching.Abstractions, Version=8.0.0.0, Culture=neutral, PublicKeyToken=adb9793829ddae60".
             Resolved file path is "/usr/lib64/dotnet/packs/Microsoft.AspNetCore.App.Ref/8.0.22/ref/net8.0/Microsoft.Extensions.Caching.Abstractions.dll".
             Reference found at search path location "{RawFileName}".
             This reference is not "CopyLocal" because at least one source item had "Private" set to "false" and no source items had "Private" set to "true".
             The ImageRuntimeVersion for this reference is "".
         Primary reference "Microsoft.Extensions.Caching.Memory, Version=8.0.0.0, Culture=neutral, PublicKeyToken=adb9793829ddae60".
             Resolved file path is "/usr/lib64/dotnet/packs/Microsoft.AspNetCore.App.Ref/8.0.22/ref/net8.0/Microsoft.Extensions.Caching.Memory.dll".
             Reference found at search path location "{RawFileName}".
             This reference is not "CopyLocal" because at least one source item had "Private" set to "false" and no source items had "Private" set to "true".
             The ImageRuntimeVersion for this reference is "".
         Primary reference "Microsoft.Extensions.Configuration.Abstractions, Version=8.0.0.0, Culture=neutral, PublicKeyToken=adb9793829ddae60".
             Resolved file path is "/usr/lib64/dotnet/packs/Microsoft.AspNetCore.App.Ref/8.0.22/ref/net8.0/Microsoft.Extensions.Configuration.Abstractions.dll".
             Reference found at search path location "{RawFileName}".
             This reference is not "CopyLocal" because at least one source item had "Private" set to "false" and no source items had "Private" set to "true".
             The ImageRuntimeVersion for this reference is "".
         Primary reference "Microsoft.Extensions.Configuration.Binder, Version=8.0.0.0, Culture=neutral, PublicKeyToken=adb9793829ddae60".
             Resolved file path is "/usr/lib64/dotnet/packs/Microsoft.AspNetCore.App.Ref/8.0.22/ref/net8.0/Microsoft.Extensions.Configuration.Binder.dll".
             Reference found at search path location "{RawFileName}".
             This reference is not "CopyLocal" because at least one source item had "Private" set to "false" and no source items had "Private" set to "true".
             The ImageRuntimeVersion for this reference is "".
         Primary reference "Microsoft.Extensions.Configuration.CommandLine, Version=8.0.0.0, Culture=neutral, PublicKeyToken=adb9793829ddae60".
             Resolved file path is "/usr/lib64/dotnet/packs/Microsoft.AspNetCore.App.Ref/8.0.22/ref/net8.0/Microsoft.Extensions.Configuration.CommandLine.dll".
             Reference found at search path location "{RawFileName}".
             This reference is not "CopyLocal" because at least one source item had "Private" set to "false" and no source items had "Private" set to "true".
             The ImageRuntimeVersion for this reference is "".
         Primary reference "Microsoft.Extensions.Configuration.EnvironmentVariables, Version=8.0.0.0, Culture=neutral, PublicKeyToken=adb9793829ddae60".
             Resolved file path is "/usr/lib64/dotnet/packs/Microsoft.AspNetCore.App.Ref/8.0.22/ref/net8.0/Microsoft.Extensions.Configuration.EnvironmentVariables.dll".
             Reference found at search path location "{RawFileName}".
             This reference is not "CopyLocal" because at least one source item had "Private" set to "false" and no source items had "Private" set to "true".
             The ImageRuntimeVersion for this reference is "".
         Primary reference "Microsoft.Extensions.Configuration.FileExtensions, Version=8.0.0.0, Culture=neutral, PublicKeyToken=adb9793829ddae60".
             Resolved file path is "/usr/lib64/dotnet/packs/Microsoft.AspNetCore.App.Ref/8.0.22/ref/net8.0/Microsoft.Extensions.Configuration.FileExtensions.dll".
             Reference found at search path location "{RawFileName}".
             This reference is not "CopyLocal" because at least one source item had "Private" set to "false" and no source items had "Private" set to "true".
             The ImageRuntimeVersion for this reference is "".
         Primary reference "Microsoft.Extensions.Configuration.Ini, Version=8.0.0.0, Culture=neutral, PublicKeyToken=adb9793829ddae60".
             Resolved file path is "/usr/lib64/dotnet/packs/Microsoft.AspNetCore.App.Ref/8.0.22/ref/net8.0/Microsoft.Extensions.Configuration.Ini.dll".
             Reference found at search path location "{RawFileName}".
             This reference is not "CopyLocal" because at least one source item had "Private" set to "false" and no source items had "Private" set to "true".
             The ImageRuntimeVersion for this reference is "".
         Primary reference "Microsoft.Extensions.Configuration.Json, Version=8.0.0.0, Culture=neutral, PublicKeyToken=adb9793829ddae60".
             Resolved file path is "/usr/lib64/dotnet/packs/Microsoft.AspNetCore.App.Ref/8.0.22/ref/net8.0/Microsoft.Extensions.Configuration.Json.dll".
             Reference found at search path location "{RawFileName}".
             This reference is not "CopyLocal" because at least one source item had "Private" set to "false" and no source items had "Private" set to "true".
             The ImageRuntimeVersion for this reference is "".
         Primary reference "Microsoft.Extensions.Configuration.KeyPerFile, Version=8.0.0.0, Culture=neutral, PublicKeyToken=adb9793829ddae60".
             Resolved file path is "/usr/lib64/dotnet/packs/Microsoft.AspNetCore.App.Ref/8.0.22/ref/net8.0/Microsoft.Extensions.Configuration.KeyPerFile.dll".
             Reference found at search path location "{RawFileName}".
             This reference is not "CopyLocal" because at least one source item had "Private" set to "false" and no source items had "Private" set to "true".
             The ImageRuntimeVersion for this reference is "".
         Primary reference "Microsoft.Extensions.Configuration.UserSecrets, Version=8.0.0.0, Culture=neutral, PublicKeyToken=adb9793829ddae60".
             Resolved file path is "/usr/lib64/dotnet/packs/Microsoft.AspNetCore.App.Ref/8.0.22/ref/net8.0/Microsoft.Extensions.Configuration.UserSecrets.dll".
             Reference found at search path location "{RawFileName}".
             This reference is not "CopyLocal" because at least one source item had "Private" set to "false" and no source items had "Private" set to "true".
             The ImageRuntimeVersion for this reference is "".
         Primary reference "Microsoft.Extensions.Configuration.Xml, Version=8.0.0.0, Culture=neutral, PublicKeyToken=adb9793829ddae60".
             Resolved file path is "/usr/lib64/dotnet/packs/Microsoft.AspNetCore.App.Ref/8.0.22/ref/net8.0/Microsoft.Extensions.Configuration.Xml.dll".
             Reference found at search path location "{RawFileName}".
             This reference is not "CopyLocal" because at least one source item had "Private" set to "false" and no source items had "Private" set to "true".
             The ImageRuntimeVersion for this reference is "".
         Primary reference "Microsoft.Extensions.Configuration, Version=8.0.0.0, Culture=neutral, PublicKeyToken=adb9793829ddae60".
             Resolved file path is "/usr/lib64/dotnet/packs/Microsoft.AspNetCore.App.Ref/8.0.22/ref/net8.0/Microsoft.Extensions.Configuration.dll".
             Reference found at search path location "{RawFileName}".
             This reference is not "CopyLocal" because at least one source item had "Private" set to "false" and no source items had "Private" set to "true".
             The ImageRuntimeVersion for this reference is "".
         Primary reference "Microsoft.Extensions.DependencyInjection.Abstractions, Version=8.0.0.0, Culture=neutral, PublicKeyToken=adb9793829ddae60".
             Resolved file path is "/usr/lib64/dotnet/packs/Microsoft.AspNetCore.App.Ref/8.0.22/ref/net8.0/Microsoft.Extensions.DependencyInjection.Abstractions.dll".
             Reference found at search path location "{RawFileName}".
             This reference is not "CopyLocal" because at least one source item had "Private" set to "false" and no source items had "Private" set to "true".
             The ImageRuntimeVersion for this reference is "".
         Primary reference "Microsoft.Extensions.DependencyInjection, Version=8.0.0.0, Culture=neutral, PublicKeyToken=adb9793829ddae60".
             Resolved file path is "/usr/lib64/dotnet/packs/Microsoft.AspNetCore.App.Ref/8.0.22/ref/net8.0/Microsoft.Extensions.DependencyInjection.dll".
             Reference found at search path location "{RawFileName}".
             This reference is not "CopyLocal" because at least one source item had "Private" set to "false" and no source items had "Private" set to "true".
             The ImageRuntimeVersion for this reference is "".
         Primary reference "Microsoft.Extensions.Diagnostics.Abstractions, Version=8.0.0.0, Culture=neutral, PublicKeyToken=adb9793829ddae60".
             Resolved file path is "/usr/lib64/dotnet/packs/Microsoft.AspNetCore.App.Ref/8.0.22/ref/net8.0/Microsoft.Extensions.Diagnostics.Abstractions.dll".
             Reference found at search path location "{RawFileName}".
             This reference is not "CopyLocal" because at least one source item had "Private" set to "false" and no source items had "Private" set to "true".
             The ImageRuntimeVersion for this reference is "".
         Primary reference "Microsoft.Extensions.Diagnostics.HealthChecks.Abstractions, Version=8.0.0.0, Culture=neutral, PublicKeyToken=adb9793829ddae60".
             Resolved file path is "/usr/lib64/dotnet/packs/Microsoft.AspNetCore.App.Ref/8.0.22/ref/net8.0/Microsoft.Extensions.Diagnostics.HealthChecks.Abstractions.dll".
             Reference found at search path location "{RawFileName}".
             This reference is not "CopyLocal" because at least one source item had "Private" set to "false" and no source items had "Private" set to "true".
             The ImageRuntimeVersion for this reference is "".
         Primary reference "Microsoft.Extensions.Diagnostics.HealthChecks, Version=8.0.0.0, Culture=neutral, PublicKeyToken=adb9793829ddae60".
             Resolved file path is "/usr/lib64/dotnet/packs/Microsoft.AspNetCore.App.Ref/8.0.22/ref/net8.0/Microsoft.Extensions.Diagnostics.HealthChecks.dll".
             Reference found at search path location "{RawFileName}".
             This reference is not "CopyLocal" because at least one source item had "Private" set to "false" and no source items had "Private" set to "true".
             The ImageRuntimeVersion for this reference is "".
         Primary reference "Microsoft.Extensions.Diagnostics, Version=8.0.0.0, Culture=neutral, PublicKeyToken=adb9793829ddae60".
             Resolved file path is "/usr/lib64/dotnet/packs/Microsoft.AspNetCore.App.Ref/8.0.22/ref/net8.0/Microsoft.Extensions.Diagnostics.dll".
             Reference found at search path location "{RawFileName}".
             This reference is not "CopyLocal" because at least one source item had "Private" set to "false" and no source items had "Private" set to "true".
             The ImageRuntimeVersion for this reference is "".
         Primary reference "Microsoft.Extensions.Features, Version=8.0.0.0, Culture=neutral, PublicKeyToken=adb9793829ddae60".
             Resolved file path is "/usr/lib64/dotnet/packs/Microsoft.AspNetCore.App.Ref/8.0.22/ref/net8.0/Microsoft.Extensions.Features.dll".
             Reference found at search path location "{RawFileName}".
             This reference is not "CopyLocal" because at least one source item had "Private" set to "false" and no source items had "Private" set to "true".
             The ImageRuntimeVersion for this reference is "".
         Primary reference "Microsoft.Extensions.FileProviders.Abstractions, Version=8.0.0.0, Culture=neutral, PublicKeyToken=adb9793829ddae60".
             Resolved file path is "/usr/lib64/dotnet/packs/Microsoft.AspNetCore.App.Ref/8.0.22/ref/net8.0/Microsoft.Extensions.FileProviders.Abstractions.dll".
             Reference found at search path location "{RawFileName}".
             This reference is not "CopyLocal" because at least one source item had "Private" set to "false" and no source items had "Private" set to "true".
             The ImageRuntimeVersion for this reference is "".
         Primary reference "Microsoft.Extensions.FileProviders.Composite, Version=8.0.0.0, Culture=neutral, PublicKeyToken=adb9793829ddae60".
             Resolved file path is "/usr/lib64/dotnet/packs/Microsoft.AspNetCore.App.Ref/8.0.22/ref/net8.0/Microsoft.Extensions.FileProviders.Composite.dll".
             Reference found at search path location "{RawFileName}".
             This reference is not "CopyLocal" because at least one source item had "Private" set to "false" and no source items had "Private" set to "true".
             The ImageRuntimeVersion for this reference is "".
         Primary reference "Microsoft.Extensions.FileProviders.Embedded, Version=8.0.0.0, Culture=neutral, PublicKeyToken=adb9793829ddae60".
             Resolved file path is "/usr/lib64/dotnet/packs/Microsoft.AspNetCore.App.Ref/8.0.22/ref/net8.0/Microsoft.Extensions.FileProviders.Embedded.dll".
             Reference found at search path location "{RawFileName}".
             This reference is not "CopyLocal" because at least one source item had "Private" set to "false" and no source items had "Private" set to "true".
             The ImageRuntimeVersion for this reference is "".
         Primary reference "Microsoft.Extensions.FileProviders.Physical, Version=8.0.0.0, Culture=neutral, PublicKeyToken=adb9793829ddae60".
             Resolved file path is "/usr/lib64/dotnet/packs/Microsoft.AspNetCore.App.Ref/8.0.22/ref/net8.0/Microsoft.Extensions.FileProviders.Physical.dll".
             Reference found at search path location "{RawFileName}".
             This reference is not "CopyLocal" because at least one source item had "Private" set to "false" and no source items had "Private" set to "true".
             The ImageRuntimeVersion for this reference is "".
         Primary reference "Microsoft.Extensions.FileSystemGlobbing, Version=8.0.0.0, Culture=neutral, PublicKeyToken=adb9793829ddae60".
             Resolved file path is "/usr/lib64/dotnet/packs/Microsoft.AspNetCore.App.Ref/8.0.22/ref/net8.0/Microsoft.Extensions.FileSystemGlobbing.dll".
             Reference found at search path location "{RawFileName}".
             This reference is not "CopyLocal" because at least one source item had "Private" set to "false" and no source items had "Private" set to "true".
             The ImageRuntimeVersion for this reference is "".
         Primary reference "Microsoft.Extensions.Hosting.Abstractions, Version=8.0.0.0, Culture=neutral, PublicKeyToken=adb9793829ddae60".
             Resolved file path is "/usr/lib64/dotnet/packs/Microsoft.AspNetCore.App.Ref/8.0.22/ref/net8.0/Microsoft.Extensions.Hosting.Abstractions.dll".
             Reference found at search path location "{RawFileName}".
             This reference is not "CopyLocal" because at least one source item had "Private" set to "false" and no source items had "Private" set to "true".
             The ImageRuntimeVersion for this reference is "".
         Primary reference "Microsoft.Extensions.Hosting, Version=8.0.0.0, Culture=neutral, PublicKeyToken=adb9793829ddae60".
             Resolved file path is "/usr/lib64/dotnet/packs/Microsoft.AspNetCore.App.Ref/8.0.22/ref/net8.0/Microsoft.Extensions.Hosting.dll".
             Reference found at search path location "{RawFileName}".
             This reference is not "CopyLocal" because at least one source item had "Private" set to "false" and no source items had "Private" set to "true".
             The ImageRuntimeVersion for this reference is "".
         Primary reference "Microsoft.Extensions.Http, Version=8.0.0.0, Culture=neutral, PublicKeyToken=adb9793829ddae60".
             Resolved file path is "/usr/lib64/dotnet/packs/Microsoft.AspNetCore.App.Ref/8.0.22/ref/net8.0/Microsoft.Extensions.Http.dll".
             Reference found at search path location "{RawFileName}".
             This reference is not "CopyLocal" because at least one source item had "Private" set to "false" and no source items had "Private" set to "true".
             The ImageRuntimeVersion for this reference is "".
         Primary reference "Microsoft.Extensions.Identity.Core, Version=8.0.0.0, Culture=neutral, PublicKeyToken=adb9793829ddae60".
             Resolved file path is "/usr/lib64/dotnet/packs/Microsoft.AspNetCore.App.Ref/8.0.22/ref/net8.0/Microsoft.Extensions.Identity.Core.dll".
             Reference found at search path location "{RawFileName}".
             This reference is not "CopyLocal" because at least one source item had "Private" set to "false" and no source items had "Private" set to "true".
             The ImageRuntimeVersion for this reference is "".
         Primary reference "Microsoft.Extensions.Identity.Stores, Version=8.0.0.0, Culture=neutral, PublicKeyToken=adb9793829ddae60".
             Resolved file path is "/usr/lib64/dotnet/packs/Microsoft.AspNetCore.App.Ref/8.0.22/ref/net8.0/Microsoft.Extensions.Identity.Stores.dll".
             Reference found at search path location "{RawFileName}".
             This reference is not "CopyLocal" because at least one source item had "Private" set to "false" and no source items had "Private" set to "true".
             The ImageRuntimeVersion for this reference is "".
         Primary reference "Microsoft.Extensions.Localization.Abstractions, Version=8.0.0.0, Culture=neutral, PublicKeyToken=adb9793829ddae60".
             Resolved file path is "/usr/lib64/dotnet/packs/Microsoft.AspNetCore.App.Ref/8.0.22/ref/net8.0/Microsoft.Extensions.Localization.Abstractions.dll".
             Reference found at search path location "{RawFileName}".
             This reference is not "CopyLocal" because at least one source item had "Private" set to "false" and no source items had "Private" set to "true".
             The ImageRuntimeVersion for this reference is "".
         Primary reference "Microsoft.Extensions.Localization, Version=8.0.0.0, Culture=neutral, PublicKeyToken=adb9793829ddae60".
             Resolved file path is "/usr/lib64/dotnet/packs/Microsoft.AspNetCore.App.Ref/8.0.22/ref/net8.0/Microsoft.Extensions.Localization.dll".
             Reference found at search path location "{RawFileName}".
             This reference is not "CopyLocal" because at least one source item had "Private" set to "false" and no source items had "Private" set to "true".
             The ImageRuntimeVersion for this reference is "".
         Primary reference "Microsoft.Extensions.Logging.Abstractions, Version=8.0.0.0, Culture=neutral, PublicKeyToken=adb9793829ddae60".
             Resolved file path is "/usr/lib64/dotnet/packs/Microsoft.AspNetCore.App.Ref/8.0.22/ref/net8.0/Microsoft.Extensions.Logging.Abstractions.dll".
             Reference found at search path location "{RawFileName}".
             This reference is not "CopyLocal" because at least one source item had "Private" set to "false" and no source items had "Private" set to "true".
             The ImageRuntimeVersion for this reference is "".
         Primary reference "Microsoft.Extensions.Logging.Configuration, Version=8.0.0.0, Culture=neutral, PublicKeyToken=adb9793829ddae60".
             Resolved file path is "/usr/lib64/dotnet/packs/Microsoft.AspNetCore.App.Ref/8.0.22/ref/net8.0/Microsoft.Extensions.Logging.Configuration.dll".
             Reference found at search path location "{RawFileName}".
             This reference is not "CopyLocal" because at least one source item had "Private" set to "false" and no source items had "Private" set to "true".
             The ImageRuntimeVersion for this reference is "".
         Primary reference "Microsoft.Extensions.Logging.Console, Version=8.0.0.0, Culture=neutral, PublicKeyToken=adb9793829ddae60".
             Resolved file path is "/usr/lib64/dotnet/packs/Microsoft.AspNetCore.App.Ref/8.0.22/ref/net8.0/Microsoft.Extensions.Logging.Console.dll".
             Reference found at search path location "{RawFileName}".
             This reference is not "CopyLocal" because at least one source item had "Private" set to "false" and no source items had "Private" set to "true".
             The ImageRuntimeVersion for this reference is "".
         Primary reference "Microsoft.Extensions.Logging.Debug, Version=8.0.0.0, Culture=neutral, PublicKeyToken=adb9793829ddae60".
             Resolved file path is "/usr/lib64/dotnet/packs/Microsoft.AspNetCore.App.Ref/8.0.22/ref/net8.0/Microsoft.Extensions.Logging.Debug.dll".
             Reference found at search path location "{RawFileName}".
             This reference is not "CopyLocal" because at least one source item had "Private" set to "false" and no source items had "Private" set to "true".
             The ImageRuntimeVersion for this reference is "".
         Primary reference "Microsoft.Extensions.Logging.EventLog, Version=8.0.0.0, Culture=neutral, PublicKeyToken=adb9793829ddae60".
             Resolved file path is "/usr/lib64/dotnet/packs/Microsoft.AspNetCore.App.Ref/8.0.22/ref/net8.0/Microsoft.Extensions.Logging.EventLog.dll".
             Reference found at search path location "{RawFileName}".
             This reference is not "CopyLocal" because at least one source item had "Private" set to "false" and no source items had "Private" set to "true".
             The ImageRuntimeVersion for this reference is "".
         Primary reference "Microsoft.Extensions.Logging.EventSource, Version=8.0.0.0, Culture=neutral, PublicKeyToken=adb9793829ddae60".
             Resolved file path is "/usr/lib64/dotnet/packs/Microsoft.AspNetCore.App.Ref/8.0.22/ref/net8.0/Microsoft.Extensions.Logging.EventSource.dll".
             Reference found at search path location "{RawFileName}".
             This reference is not "CopyLocal" because at least one source item had "Private" set to "false" and no source items had "Private" set to "true".
             The ImageRuntimeVersion for this reference is "".
         Primary reference "Microsoft.Extensions.Logging.TraceSource, Version=8.0.0.0, Culture=neutral, PublicKeyToken=adb9793829ddae60".
             Resolved file path is "/usr/lib64/dotnet/packs/Microsoft.AspNetCore.App.Ref/8.0.22/ref/net8.0/Microsoft.Extensions.Logging.TraceSource.dll".
             Reference found at search path location "{RawFileName}".
             This reference is not "CopyLocal" because at least one source item had "Private" set to "false" and no source items had "Private" set to "true".
             The ImageRuntimeVersion for this reference is "".
         Primary reference "Microsoft.Extensions.Logging, Version=8.0.0.0, Culture=neutral, PublicKeyToken=adb9793829ddae60".
             Resolved file path is "/usr/lib64/dotnet/packs/Microsoft.AspNetCore.App.Ref/8.0.22/ref/net8.0/Microsoft.Extensions.Logging.dll".
             Reference found at search path location "{RawFileName}".
             This reference is not "CopyLocal" because at least one source item had "Private" set to "false" and no source items had "Private" set to "true".
             The ImageRuntimeVersion for this reference is "".
         Primary reference "Microsoft.Extensions.ObjectPool, Version=8.0.0.0, Culture=neutral, PublicKeyToken=adb9793829ddae60".
             Resolved file path is "/usr/lib64/dotnet/packs/Microsoft.AspNetCore.App.Ref/8.0.22/ref/net8.0/Microsoft.Extensions.ObjectPool.dll".
             Reference found at search path location "{RawFileName}".
             This reference is not "CopyLocal" because at least one source item had "Private" set to "false" and no source items had "Private" set to "true".
             The ImageRuntimeVersion for this reference is "".
         Primary reference "Microsoft.Extensions.Options.ConfigurationExtensions, Version=8.0.0.0, Culture=neutral, PublicKeyToken=adb9793829ddae60".
             Resolved file path is "/usr/lib64/dotnet/packs/Microsoft.AspNetCore.App.Ref/8.0.22/ref/net8.0/Microsoft.Extensions.Options.ConfigurationExtensions.dll".
             Reference found at search path location "{RawFileName}".
             This reference is not "CopyLocal" because at least one source item had "Private" set to "false" and no source items had "Private" set to "true".
             The ImageRuntimeVersion for this reference is "".
         Primary reference "Microsoft.Extensions.Options.DataAnnotations, Version=8.0.0.0, Culture=neutral, PublicKeyToken=adb9793829ddae60".
             Resolved file path is "/usr/lib64/dotnet/packs/Microsoft.AspNetCore.App.Ref/8.0.22/ref/net8.0/Microsoft.Extensions.Options.DataAnnotations.dll".
             Reference found at search path location "{RawFileName}".
             This reference is not "CopyLocal" because at least one source item had "Private" set to "false" and no source items had "Private" set to "true".
             The ImageRuntimeVersion for this reference is "".
         Primary reference "Microsoft.Extensions.Options, Version=8.0.0.0, Culture=neutral, PublicKeyToken=adb9793829ddae60".
             Resolved file path is "/usr/lib64/dotnet/packs/Microsoft.AspNetCore.App.Ref/8.0.22/ref/net8.0/Microsoft.Extensions.Options.dll".
             Reference found at search path location "{RawFileName}".
             This reference is not "CopyLocal" because at least one source item had "Private" set to "false" and no source items had "Private" set to "true".
             The ImageRuntimeVersion for this reference is "".
         Primary reference "Microsoft.Extensions.Primitives, Version=8.0.0.0, Culture=neutral, PublicKeyToken=adb9793829ddae60".
             Resolved file path is "/usr/lib64/dotnet/packs/Microsoft.AspNetCore.App.Ref/8.0.22/ref/net8.0/Microsoft.Extensions.Primitives.dll".
             Reference found at search path location "{RawFileName}".
             This reference is not "CopyLocal" because at least one source item had "Private" set to "false" and no source items had "Private" set to "true".
             The ImageRuntimeVersion for this reference is "".
         Primary reference "Microsoft.Extensions.WebEncoders, Version=8.0.0.0, Culture=neutral, PublicKeyToken=adb9793829ddae60".
             Resolved file path is "/usr/lib64/dotnet/packs/Microsoft.AspNetCore.App.Ref/8.0.22/ref/net8.0/Microsoft.Extensions.WebEncoders.dll".
             Reference found at search path location "{RawFileName}".
             This reference is not "CopyLocal" because at least one source item had "Private" set to "false" and no source items had "Private" set to "true".
             The ImageRuntimeVersion for this reference is "".
         Primary reference "Microsoft.JSInterop, Version=8.0.0.0, Culture=neutral, PublicKeyToken=adb9793829ddae60".
             Resolved file path is "/usr/lib64/dotnet/packs/Microsoft.AspNetCore.App.Ref/8.0.22/ref/net8.0/Microsoft.JSInterop.dll".
             Reference found at search path location "{RawFileName}".
             This reference is not "CopyLocal" because at least one source item had "Private" set to "false" and no source items had "Private" set to "true".
             The ImageRuntimeVersion for this reference is "".
         Primary reference "Microsoft.Net.Http.Headers, Version=8.0.0.0, Culture=neutral, PublicKeyToken=adb9793829ddae60".
             Resolved file path is "/usr/lib64/dotnet/packs/Microsoft.AspNetCore.App.Ref/8.0.22/ref/net8.0/Microsoft.Net.Http.Headers.dll".
             Reference found at search path location "{RawFileName}".
             This reference is not "CopyLocal" because at least one source item had "Private" set to "false" and no source items had "Private" set to "true".
             The ImageRuntimeVersion for this reference is "".
         Primary reference "System.Diagnostics.EventLog, Version=8.0.0.0, Culture=neutral, PublicKeyToken=cc7b13ffcd2ddd51".
             Resolved file path is "/usr/lib64/dotnet/packs/Microsoft.AspNetCore.App.Ref/8.0.22/ref/net8.0/System.Diagnostics.EventLog.dll".
             Reference found at search path location "{RawFileName}".
             This reference is not "CopyLocal" because at least one source item had "Private" set to "false" and no source items had "Private" set to "true".
             The ImageRuntimeVersion for this reference is "".
         Primary reference "System.IO.Pipelines, Version=8.0.0.0, Culture=neutral, PublicKeyToken=cc7b13ffcd2ddd51".
             Resolved file path is "/usr/lib64/dotnet/packs/Microsoft.AspNetCore.App.Ref/8.0.22/ref/net8.0/System.IO.Pipelines.dll".
             Reference found at search path location "{RawFileName}".
             This reference is not "CopyLocal" because at least one source item had "Private" set to "false" and no source items had "Private" set to "true".
             The ImageRuntimeVersion for this reference is "".
         Primary reference "System.Security.Cryptography.Xml, Version=8.0.0.0, Culture=neutral, PublicKeyToken=cc7b13ffcd2ddd51".
             Resolved file path is "/usr/lib64/dotnet/packs/Microsoft.AspNetCore.App.Ref/8.0.22/ref/net8.0/System.Security.Cryptography.Xml.dll".
             Reference found at search path location "{RawFileName}".
             This reference is not "CopyLocal" because at least one source item had "Private" set to "false" and no source items had "Private" set to "true".
             The ImageRuntimeVersion for this reference is "".
         Primary reference "System.Threading.RateLimiting, Version=8.0.0.0, Culture=neutral, PublicKeyToken=cc7b13ffcd2ddd51".
             Resolved file path is "/usr/lib64/dotnet/packs/Microsoft.AspNetCore.App.Ref/8.0.22/ref/net8.0/System.Threading.RateLimiting.dll".
             Reference found at search path location "{RawFileName}".
             This reference is not "CopyLocal" because at least one source item had "Private" set to "false" and no source items had "Private" set to "true".
             The ImageRuntimeVersion for this reference is "".
       Done executing task "ResolveAssemblyReference".
   6:8>Done building target "ResolveAssemblyReferences" in project "Shared.csproj".
   6:8>Target "AfterResolveReferences" in file "/usr/lib64/dotnet/sdk/10.0.101/Microsoft.Common.CurrentVersion.targets" from project "/home/baturhan/Projeler/Entegrasyon/Shared/Shared/Shared.csproj" (target "ResolveReferences" depends on it):
   6:8>Done building target "AfterResolveReferences" in project "Shared.csproj".
   6:8>Target "ResolveReferences" in file "/usr/lib64/dotnet/sdk/10.0.101/Microsoft.Common.CurrentVersion.targets" from project "/home/baturhan/Projeler/Entegrasyon/Shared/Shared/Shared.csproj" (target "_BlockWinMDsOnUnsupportedTFMs" depends on it):
   6:8>Done building target "ResolveReferences" in project "Shared.csproj".
   6:8>Target "_BlockWinMDsOnUnsupportedTFMs" in file "/usr/lib64/dotnet/sdk/10.0.101/Sdks/Microsoft.NET.Sdk/targets/Microsoft.NET.Sdk.targets" from project "/home/baturhan/Projeler/Entegrasyon/Shared/Shared/Shared.csproj" (target "CoreBuild" depends on it):
       Using "CheckForUnsupportedWinMDReferences" task from assembly "/usr/lib64/dotnet/sdk/10.0.101/Sdks/Microsoft.NET.Sdk/targets/../tools/net10.0/Microsoft.NET.Build.Tasks.dll".
       Task "CheckForUnsupportedWinMDReferences"
       Done executing task "CheckForUnsupportedWinMDReferences".
   6:8>Done building target "_BlockWinMDsOnUnsupportedTFMs" in project "Shared.csproj".
       Target "ResolveReferences" skipped. Previously built successfully.
       Target "ResolvePackageDependenciesForBuild" skipped. Previously built successfully.
       Target "_HandlePackageFileConflicts" skipped. Previously built successfully.
   6:8>Target "CopyAdditionalFiles" in file "/usr/lib64/dotnet/sdk/10.0.101/Roslyn/Microsoft.Managed.Core.targets" from project "/home/baturhan/Projeler/Entegrasyon/Shared/Shared/Shared.csproj" (target "AssignTargetPaths" depends on it):
   6:8>Done building target "CopyAdditionalFiles" in project "Shared.csproj".
   6:8>Target "_ComputeNETCoreBuildOutputFiles" in file "/usr/lib64/dotnet/sdk/10.0.101/Sdks/Microsoft.NET.Sdk/targets/Microsoft.NET.Sdk.targets" from project "/home/baturhan/Projeler/Entegrasyon/Shared/Shared/Shared.csproj" (target "AssignTargetPaths" depends on it):
   6:8>Done building target "_ComputeNETCoreBuildOutputFiles" in project "Shared.csproj".
   6:8>Target "AssignTargetPaths" in file "/usr/lib64/dotnet/sdk/10.0.101/Microsoft.Common.CurrentVersion.targets" from project "/home/baturhan/Projeler/Entegrasyon/Shared/Shared/Shared.csproj" (target "PrepareResourceNames" depends on it):
       Using "AssignTargetPath" task from assembly "Microsoft.Build.Tasks.Core, Version=15.1.0.0, Culture=neutral, PublicKeyToken=b03f5f7f11d50a3a".
       Task "AssignTargetPath"
       Done executing task "AssignTargetPath".
       Task "AssignTargetPath"
       Done executing task "AssignTargetPath".
       Task "AssignTargetPath"
       Done executing task "AssignTargetPath".
       Task "AssignTargetPath"
       Done executing task "AssignTargetPath".
   6:8>Done building target "AssignTargetPaths" in project "Shared.csproj".
       Target "AssignTargetPaths" skipped. Previously built successfully.
   6:8>Target "SplitResourcesByCulture" in file "/usr/lib64/dotnet/sdk/10.0.101/Microsoft.Common.CurrentVersion.targets" from project "/home/baturhan/Projeler/Entegrasyon/Shared/Shared/Shared.csproj" (target "PrepareResourceNames" depends on it):
       Using "AssignCulture" task from assembly "Microsoft.Build.Tasks.Core, Version=15.1.0.0, Culture=neutral, PublicKeyToken=b03f5f7f11d50a3a".
       Task "AssignCulture"
       Done executing task "AssignCulture".
   6:8>Done building target "SplitResourcesByCulture" in project "Shared.csproj".
   6:8>Target "CreateCustomManifestResourceNames" in file "/usr/lib64/dotnet/sdk/10.0.101/Microsoft.Common.CurrentVersion.targets" from project "/home/baturhan/Projeler/Entegrasyon/Shared/Shared/Shared.csproj" (target "PrepareResourceNames" depends on it):
   6:8>Done building target "CreateCustomManifestResourceNames" in project "Shared.csproj".
   6:8>Target "PrepareResourceNames" in file "/usr/lib64/dotnet/sdk/10.0.101/Microsoft.Common.CurrentVersion.targets" from project "/home/baturhan/Projeler/Entegrasyon/Shared/Shared/Shared.csproj" (target "PrepareResources" depends on it):
   6:8>Done building target "PrepareResourceNames" in project "Shared.csproj".
       Target "ResolveAssemblyReferences" skipped. Previously built successfully.
       Target "SplitResourcesByCulture" skipped. Previously built successfully.
   6:8>Target "BeforeResGen" in file "/usr/lib64/dotnet/sdk/10.0.101/Microsoft.Common.CurrentVersion.targets" from project "/home/baturhan/Projeler/Entegrasyon/Shared/Shared/Shared.csproj" (target "ResGen" depends on it):
   6:8>Done building target "BeforeResGen" in project "Shared.csproj".
       Target "ResolveReferences" skipped. Previously built successfully.
   6:8>Target "FindReferenceAssembliesForReferences" in file "/usr/lib64/dotnet/sdk/10.0.101/Microsoft.Common.CurrentVersion.targets" from project "/home/baturhan/Projeler/Entegrasyon/Shared/Shared/Shared.csproj" (target "CoreResGen" depends on it):
   6:8>Done building target "FindReferenceAssembliesForReferences" in project "Shared.csproj".
   6:8>Target "CoreResGen" in file "/usr/lib64/dotnet/sdk/10.0.101/Microsoft.Common.CurrentVersion.targets" from project "/home/baturhan/Projeler/Entegrasyon/Shared/Shared/Shared.csproj" (target "ResGen" depends on it):
   6:8>Done building target "CoreResGen" in project "Shared.csproj".
   6:8>Target "AfterResGen" in file "/usr/lib64/dotnet/sdk/10.0.101/Microsoft.Common.CurrentVersion.targets" from project "/home/baturhan/Projeler/Entegrasyon/Shared/Shared/Shared.csproj" (target "ResGen" depends on it):
   6:8>Done building target "AfterResGen" in project "Shared.csproj".
   6:8>Target "ResGen" in file "/usr/lib64/dotnet/sdk/10.0.101/Microsoft.Common.CurrentVersion.targets" from project "/home/baturhan/Projeler/Entegrasyon/Shared/Shared/Shared.csproj" (target "PrepareResources" depends on it):
   6:8>Done building target "ResGen" in project "Shared.csproj".
   6:8>Target "PrepareResources" in file "/usr/lib64/dotnet/sdk/10.0.101/Microsoft.Common.CurrentVersion.targets" from project "/home/baturhan/Projeler/Entegrasyon/Shared/Shared/Shared.csproj" (target "CoreBuild" depends on it):
   6:8>Done building target "PrepareResources" in project "Shared.csproj".
       Target "ResolveReferences" skipped. Previously built successfully.
   6:8>Target "_SetEmbeddedWin32ManifestProperties" in file "/usr/lib64/dotnet/sdk/10.0.101/Microsoft.Common.CurrentVersion.targets" from project "/home/baturhan/Projeler/Entegrasyon/Shared/Shared/Shared.csproj" (target "SetWin32ManifestProperties" depends on it):
       Using "GetFrameworkPath" task from assembly "Microsoft.Build.Tasks.Core, Version=15.1.0.0, Culture=neutral, PublicKeyToken=b03f5f7f11d50a3a".
       Task "GetFrameworkPath"
       Done executing task "GetFrameworkPath".
   6:8>Done building target "_SetEmbeddedWin32ManifestProperties" in project "Shared.csproj".
   6:8>Target "SetWin32ManifestProperties" in file "/usr/lib64/dotnet/sdk/10.0.101/Microsoft.Common.CurrentVersion.targets" from project "/home/baturhan/Projeler/Entegrasyon/Shared/Shared/Shared.csproj" (target "Compile" depends on it):
   6:8>Done building target "SetWin32ManifestProperties" in project "Shared.csproj".
       Target "FindReferenceAssembliesForReferences" skipped. Previously built successfully.
   6:8>Target "_GenerateCompileInputs" in file "/usr/lib64/dotnet/sdk/10.0.101/Microsoft.Common.CurrentVersion.targets" from project "/home/baturhan/Projeler/Entegrasyon/Shared/Shared/Shared.csproj" (target "Compile" depends on it):
   6:8>Done building target "_GenerateCompileInputs" in project "Shared.csproj".
       Target "PrepareForBuild" skipped. Previously built successfully.
   6:8>Target "GenerateMSBuildEditorConfigFileShouldRun" in file "/usr/lib64/dotnet/sdk/10.0.101/Roslyn/Microsoft.Managed.Core.targets" from project "/home/baturhan/Projeler/Entegrasyon/Shared/Shared/Shared.csproj" (target "GenerateMSBuildEditorConfigFile" depends on it):
   6:8>Done building target "GenerateMSBuildEditorConfigFileShouldRun" in project "Shared.csproj".
   6:8>Target "AddGlobalAnalyzerConfigForPackage_MicrosoftCodeAnalysisCSharpCodeStyle" in file "/usr/lib64/dotnet/sdk/10.0.101/Sdks/Microsoft.NET.Sdk/codestyle/cs/build/Microsoft.CodeAnalysis.CSharp.CodeStyle.targets" from project "/home/baturhan/Projeler/Entegrasyon/Shared/Shared/Shared.csproj" (target "GenerateMSBuildEditorConfigFileCore" depends on it):
   6:8>Done building target "AddGlobalAnalyzerConfigForPackage_MicrosoftCodeAnalysisCSharpCodeStyle" in project "Shared.csproj".
   6:8>Target "GenerateMSBuildEditorConfigFileCore" in file "/usr/lib64/dotnet/sdk/10.0.101/Roslyn/Microsoft.Managed.Core.targets" from project "/home/baturhan/Projeler/Entegrasyon/Shared/Shared/Shared.csproj" (target "GenerateMSBuildEditorConfigFile" depends on it):
       Building target "GenerateMSBuildEditorConfigFileCore" completely.
       No input files were specified.
       Using "GenerateMSBuildEditorConfig" task from assembly "/usr/lib64/dotnet/sdk/10.0.101/Sdks/Microsoft.NET.Sdk/targets/../../../Roslyn/Microsoft.Build.Tasks.CodeAnalysis.dll".
       Task "GenerateMSBuildEditorConfig"
       Done executing task "GenerateMSBuildEditorConfig".
   6:8>Done building target "GenerateMSBuildEditorConfigFileCore" in project "Shared.csproj".
   6:8>Target "GenerateMSBuildEditorConfigFile" in file "/usr/lib64/dotnet/sdk/10.0.101/Roslyn/Microsoft.Managed.Core.targets" from project "/home/baturhan/Projeler/Entegrasyon/Shared/Shared/Shared.csproj" (target "BeforeCompile" depends on it):
   6:8>Done building target "GenerateMSBuildEditorConfigFile" in project "Shared.csproj".
       Target "PrepareForBuild" skipped. Previously built successfully.
       Target "GetReferenceAssemblyPaths" skipped. Previously built successfully.
   6:8>Target "_SetTargetFrameworkMonikerAttribute" in file "/usr/lib64/dotnet/sdk/10.0.101/Microsoft.CSharp.CurrentVersion.targets" from project "/home/baturhan/Projeler/Entegrasyon/Shared/Shared/Shared.csproj" (target "GenerateTargetFrameworkMonikerAttribute" depends on it):
   6:8>Done building target "_SetTargetFrameworkMonikerAttribute" in project "Shared.csproj".
   6:8>Target "GenerateTargetFrameworkMonikerAttribute" in file "/usr/lib64/dotnet/sdk/10.0.101/Microsoft.Common.CurrentVersion.targets" from project "/home/baturhan/Projeler/Entegrasyon/Shared/Shared/Shared.csproj" (target "BeforeCompile" depends on it):
       Skipping target "GenerateTargetFrameworkMonikerAttribute" because all output files are up-to-date with respect to the input files.
       Input files: /usr/lib64/dotnet/sdk/10.0.101/Microsoft.Common.targets
       Output files: obj/Debug/net8.0/.NETCoreApp,Version=v8.0.AssemblyAttributes.cs
   6:8>Done building target "GenerateTargetFrameworkMonikerAttribute" in project "Shared.csproj".
       Target "PrepareForBuild" skipped. Previously built successfully.
   6:8>Target "GetAssemblyVersion" in file "/usr/lib64/dotnet/sdk/10.0.101/Sdks/Microsoft.NET.Sdk/targets/Microsoft.NET.GenerateAssemblyInfo.targets" from project "/home/baturhan/Projeler/Entegrasyon/Shared/Shared/Shared.csproj" (target "GetAssemblyAttributes" depends on it):
       Using "GetAssemblyVersion" task from assembly "/usr/lib64/dotnet/sdk/10.0.101/Sdks/Microsoft.NET.Sdk/targets/../tools/net10.0/Microsoft.NET.Build.Tasks.dll".
       Task "GetAssemblyVersion"
       Done executing task "GetAssemblyVersion".
   6:8>Done building target "GetAssemblyVersion" in project "Shared.csproj".
   6:8>Target "InitializeSourceControlInformationFromSourceControlManager" in file "/usr/lib64/dotnet/sdk/10.0.101/Sdks/Microsoft.Build.Tasks.Git/build/Microsoft.Build.Tasks.Git.targets" from project "/home/baturhan/Projeler/Entegrasyon/Shared/Shared/Shared.csproj" (target "_InitializeSourceControlInformationFromSourceControlManager" depends on it):
       Using "Microsoft.Build.Tasks.Git.LocateRepository" task from assembly "/usr/lib64/dotnet/sdk/10.0.101/Sdks/Microsoft.Build.Tasks.Git/build/../tools/net/Microsoft.Build.Tasks.Git.dll".
       Task "Microsoft.Build.Tasks.Git.LocateRepository"
         SourceLink: Repository instance not found in cache: '*:/home/baturhan/Projeler/Entegrasyon/.git'
       Done executing task "Microsoft.Build.Tasks.Git.LocateRepository".
   6:8>Done building target "InitializeSourceControlInformationFromSourceControlManager" in project "Shared.csproj".
   6:8>Target "_SourceLinkHasSingleProvider" in file "/usr/lib64/dotnet/sdk/10.0.101/Sdks/Microsoft.SourceLink.Common/build/InitializeSourceControlInformation.targets" from project "/home/baturhan/Projeler/Entegrasyon/Shared/Shared/Shared.csproj" (target "_InitializeSourceControlInformationFromSourceControlManager" depends on it):
       Using "Microsoft.SourceLink.Common.SourceLinkHasSingleProvider" task from assembly "/usr/lib64/dotnet/sdk/10.0.101/Sdks/Microsoft.SourceLink.Common/build/../tools/net/Microsoft.SourceLink.Common.dll".
       Task "Microsoft.SourceLink.Common.SourceLinkHasSingleProvider"
       Done executing task "Microsoft.SourceLink.Common.SourceLinkHasSingleProvider".
   6:8>Done building target "_SourceLinkHasSingleProvider" in project "Shared.csproj".
   6:8>Target "TranslateGitHubUrlsInSourceControlInformation" in file "/usr/lib64/dotnet/sdk/10.0.101/Sdks/Microsoft.SourceLink.GitHub/build/Microsoft.SourceLink.GitHub.targets" from project "/home/baturhan/Projeler/Entegrasyon/Shared/Shared/Shared.csproj" (target "_InitializeSourceControlInformationFromSourceControlManager" depends on it):
       Using "Microsoft.SourceLink.GitHub.TranslateRepositoryUrls" task from assembly "/usr/lib64/dotnet/sdk/10.0.101/Sdks/Microsoft.SourceLink.GitHub/build/../tools/net/Microsoft.SourceLink.GitHub.dll".
       Task "Microsoft.SourceLink.GitHub.TranslateRepositoryUrls"
       Done executing task "Microsoft.SourceLink.GitHub.TranslateRepositoryUrls".
   6:8>Done building target "TranslateGitHubUrlsInSourceControlInformation" in project "Shared.csproj".
   6:8>Target "TranslateGitLabUrlsInSourceControlInformation" in file "/usr/lib64/dotnet/sdk/10.0.101/Sdks/Microsoft.SourceLink.GitLab/build/Microsoft.SourceLink.GitLab.targets" from project "/home/baturhan/Projeler/Entegrasyon/Shared/Shared/Shared.csproj" (target "_InitializeSourceControlInformationFromSourceControlManager" depends on it):
       Using "Microsoft.SourceLink.GitLab.TranslateRepositoryUrls" task from assembly "/usr/lib64/dotnet/sdk/10.0.101/Sdks/Microsoft.SourceLink.GitLab/build/../tools/net/Microsoft.SourceLink.GitLab.dll".
       Task "Microsoft.SourceLink.GitLab.TranslateRepositoryUrls"
       Done executing task "Microsoft.SourceLink.GitLab.TranslateRepositoryUrls".
   6:8>Done building target "TranslateGitLabUrlsInSourceControlInformation" in project "Shared.csproj".
   6:8>Target "TranslateAzureReposGitUrlsInSourceControlInformation" in file "/usr/lib64/dotnet/sdk/10.0.101/Sdks/Microsoft.SourceLink.AzureRepos.Git/build/Microsoft.SourceLink.AzureRepos.Git.targets" from project "/home/baturhan/Projeler/Entegrasyon/Shared/Shared/Shared.csproj" (target "_InitializeSourceControlInformationFromSourceControlManager" depends on it):
       Using "Microsoft.SourceLink.AzureRepos.Git.TranslateRepositoryUrls" task from assembly "/usr/lib64/dotnet/sdk/10.0.101/Sdks/Microsoft.SourceLink.AzureRepos.Git/build/../tools/net/Microsoft.SourceLink.AzureRepos.Git.dll".
       Task "Microsoft.SourceLink.AzureRepos.Git.TranslateRepositoryUrls"
       Done executing task "Microsoft.SourceLink.AzureRepos.Git.TranslateRepositoryUrls".
   6:8>Done building target "TranslateAzureReposGitUrlsInSourceControlInformation" in project "Shared.csproj".
   6:8>Target "TranslateBitbucketGitUrlsInSourceControlInformation" in file "/usr/lib64/dotnet/sdk/10.0.101/Sdks/Microsoft.SourceLink.Bitbucket.Git/build/Microsoft.SourceLink.Bitbucket.Git.targets" from project "/home/baturhan/Projeler/Entegrasyon/Shared/Shared/Shared.csproj" (target "_InitializeSourceControlInformationFromSourceControlManager" depends on it):
       Using "Microsoft.SourceLink.Bitbucket.Git.TranslateRepositoryUrls" task from assembly "/usr/lib64/dotnet/sdk/10.0.101/Sdks/Microsoft.SourceLink.Bitbucket.Git/build/../tools/net/Microsoft.SourceLink.Bitbucket.Git.dll".
       Task "Microsoft.SourceLink.Bitbucket.Git.TranslateRepositoryUrls"
       Done executing task "Microsoft.SourceLink.Bitbucket.Git.TranslateRepositoryUrls".
   6:8>Done building target "TranslateBitbucketGitUrlsInSourceControlInformation" in project "Shared.csproj".
   6:8>Target "SourceControlManagerPublishTranslatedUrls" in file "/usr/lib64/dotnet/sdk/10.0.101/Sdks/Microsoft.SourceLink.Common/build/InitializeSourceControlInformation.targets" from project "/home/baturhan/Projeler/Entegrasyon/Shared/Shared/Shared.csproj" (target "_InitializeSourceControlInformationFromSourceControlManager" depends on it):
   6:8>Done building target "SourceControlManagerPublishTranslatedUrls" in project "Shared.csproj".
   6:8>Target "_InitializeSourceControlInformationFromSourceControlManager" in file "/usr/lib64/dotnet/sdk/10.0.101/Sdks/Microsoft.SourceLink.Common/build/InitializeSourceControlInformation.targets" from project "/home/baturhan/Projeler/Entegrasyon/Shared/Shared/Shared.csproj" (target "InitializeSourceControlInformation" depends on it):
   6:8>Done building target "_InitializeSourceControlInformationFromSourceControlManager" in project "Shared.csproj".
   6:8>Target "InitializeSourceControlInformation" in file "/usr/lib64/dotnet/sdk/10.0.101/Microsoft.Common.CurrentVersion.targets" from project "/home/baturhan/Projeler/Entegrasyon/Shared/Shared/Shared.csproj" (target "GetAssemblyAttributes" depends on it):
   6:8>Done building target "InitializeSourceControlInformation" in project "Shared.csproj".
       Target "GetAssemblyVersion" skipped. Previously built successfully.
       Target "InitializeSourceControlInformation" skipped. Previously built successfully.
   6:8>Target "AddSourceRevisionToInformationalVersion" in file "/usr/lib64/dotnet/sdk/10.0.101/Sdks/Microsoft.NET.Sdk/targets/Microsoft.NET.GenerateAssemblyInfo.targets" from project "/home/baturhan/Projeler/Entegrasyon/Shared/Shared/Shared.csproj" (target "GetAssemblyAttributes" depends on it):
       /usr/lib64/dotnet/sdk/10.0.101/Sdks/Microsoft.NET.Sdk/targets/Microsoft.NET.GenerateAssemblyInfo.targets(70,7): message : Property reassignment: $(InformationalVersion)="1.0.0+b6490b011968657f75d632b3c51367b541aec72d" (previous value: "1.0.0") at /usr/lib64/dotnet/sdk/10.0.101/Sdks/Microsoft.NET.Sdk/targets/Microsoft.NET.GenerateAssemblyInfo.targets (70,7) [/home/baturhan/Projeler/Entegrasyon/Shared/Shared/Shared.csproj]
   6:8>Done building target "AddSourceRevisionToInformationalVersion" in project "Shared.csproj".
   6:8>Target "GetAssemblyAttributes" in file "/usr/lib64/dotnet/sdk/10.0.101/Sdks/Microsoft.NET.Sdk/targets/Microsoft.NET.GenerateAssemblyInfo.targets" from project "/home/baturhan/Projeler/Entegrasyon/Shared/Shared/Shared.csproj" (target "CreateGeneratedAssemblyInfoInputsCacheFile" depends on it):
   6:8>Done building target "GetAssemblyAttributes" in project "Shared.csproj".
   6:8>Target "CreateGeneratedAssemblyInfoInputsCacheFile" in file "/usr/lib64/dotnet/sdk/10.0.101/Sdks/Microsoft.NET.Sdk/targets/Microsoft.NET.GenerateAssemblyInfo.targets" from project "/home/baturhan/Projeler/Entegrasyon/Shared/Shared/Shared.csproj" (target "CoreGenerateAssemblyInfo" depends on it):
       Using "Hash" task from assembly "Microsoft.Build.Tasks.Core, Version=15.1.0.0, Culture=neutral, PublicKeyToken=b03f5f7f11d50a3a".
       Task "Hash"
       Done executing task "Hash".
       Task "WriteLinesToFile"
         Skipping write to file "obj/Debug/net8.0/Shared.AssemblyInfoInputs.cache" because content would not change.
       Done executing task "WriteLinesToFile".
   6:8>Done building target "CreateGeneratedAssemblyInfoInputsCacheFile" in project "Shared.csproj".
   6:8>Target "CoreGenerateAssemblyInfo" in file "/usr/lib64/dotnet/sdk/10.0.101/Sdks/Microsoft.NET.Sdk/targets/Microsoft.NET.GenerateAssemblyInfo.targets" from project "/home/baturhan/Projeler/Entegrasyon/Shared/Shared/Shared.csproj" (target "GenerateAssemblyInfo" depends on it):
       Skipping target "CoreGenerateAssemblyInfo" because all output files are up-to-date with respect to the input files.
       Input files: obj/Debug/net8.0/Shared.AssemblyInfoInputs.cache
       Output files: obj/Debug/net8.0/Shared.AssemblyInfo.cs
   6:8>Done building target "CoreGenerateAssemblyInfo" in project "Shared.csproj".
   6:8>Target "GenerateAssemblyInfo" in file "/usr/lib64/dotnet/sdk/10.0.101/Sdks/Microsoft.NET.Sdk/targets/Microsoft.NET.GenerateAssemblyInfo.targets" from project "/home/baturhan/Projeler/Entegrasyon/Shared/Shared/Shared.csproj" (target "BeforeCompile" depends on it):
   6:8>Done building target "GenerateAssemblyInfo" in project "Shared.csproj".
   6:8>Target "BeforeCompile" in file "/usr/lib64/dotnet/sdk/10.0.101/Microsoft.Common.CurrentVersion.targets" from project "/home/baturhan/Projeler/Entegrasyon/Shared/Shared/Shared.csproj" (target "Compile" depends on it):
   6:8>Done building target "BeforeCompile" in project "Shared.csproj".
       Target "ResolveAssemblyReferences" skipped. Previously built successfully.
       Target "_GenerateCompileInputs" skipped. Previously built successfully.
   6:8>Target "_GenerateCompileDependencyCache" in file "/usr/lib64/dotnet/sdk/10.0.101/Microsoft.Common.CurrentVersion.targets" from project "/home/baturhan/Projeler/Entegrasyon/Shared/Shared/Shared.csproj" (target "Compile" depends on it):
       Task "Hash"
       Done executing task "Hash".
       Task "WriteLinesToFile"
         Skipping write to file "obj/Debug/net8.0/Shared.csproj.CoreCompileInputs.cache" because content would not change.
       Done executing task "WriteLinesToFile".
   6:8>Done building target "_GenerateCompileDependencyCache" in project "Shared.csproj".
   6:8>Target "_BeforeVBCSCoreCompile" in file "/usr/lib64/dotnet/sdk/10.0.101/Roslyn/Microsoft.Managed.Core.targets" from project "/home/baturhan/Projeler/Entegrasyon/Shared/Shared/Shared.csproj" (target "CoreCompile" depends on it):
   6:8>Done building target "_BeforeVBCSCoreCompile" in project "Shared.csproj".
   6:8>Target "_ComputeSkipAnalyzers" in file "/usr/lib64/dotnet/sdk/10.0.101/Roslyn/Microsoft.Managed.Core.targets" from project "/home/baturhan/Projeler/Entegrasyon/Shared/Shared/Shared.csproj" (target "CoreCompile" depends on it):
   6:8>Done building target "_ComputeSkipAnalyzers" in project "Shared.csproj".
       Target "BeforeCompile" skipped. Previously built successfully.
       Target "InitializeSourceControlInformationFromSourceControlManager" skipped. Previously built successfully.
   6:8>Target "SetEmbeddedFilesFromSourceControlManagerUntrackedFiles" in file "/usr/lib64/dotnet/sdk/10.0.101/Sdks/Microsoft.Build.Tasks.Git/build/Microsoft.Build.Tasks.Git.targets" from project "/home/baturhan/Projeler/Entegrasyon/Shared/Shared/Shared.csproj" (target "_SetEmbeddedFilesFromSourceControlManagerUntrackedFiles" depends on it):
       Using "Microsoft.Build.Tasks.Git.GetUntrackedFiles" task from assembly "/usr/lib64/dotnet/sdk/10.0.101/Sdks/Microsoft.Build.Tasks.Git/build/../tools/net/Microsoft.Build.Tasks.Git.dll".
       Task "Microsoft.Build.Tasks.Git.GetUntrackedFiles"
         SourceLink: Reusing cached git repository information.
       Done executing task "Microsoft.Build.Tasks.Git.GetUntrackedFiles".
   6:8>Done building target "SetEmbeddedFilesFromSourceControlManagerUntrackedFiles" in project "Shared.csproj".
   6:8>Target "_SetEmbeddedFilesFromSourceControlManagerUntrackedFiles" in file "/usr/lib64/dotnet/sdk/10.0.101/Sdks/Microsoft.SourceLink.Common/build/Microsoft.SourceLink.Common.targets" from project "/home/baturhan/Projeler/Entegrasyon/Shared/Shared/Shared.csproj" (target "CoreCompile" depends on it):
   6:8>Done building target "_SetEmbeddedFilesFromSourceControlManagerUntrackedFiles" in project "Shared.csproj".
       Target "InitializeSourceControlInformation" skipped. Previously built successfully.
   6:8>Target "_SetSourceLinkFilePath" in file "/usr/lib64/dotnet/sdk/10.0.101/Sdks/Microsoft.SourceLink.Common/build/Microsoft.SourceLink.Common.targets" from project "/home/baturhan/Projeler/Entegrasyon/Shared/Shared/Shared.csproj" (target "_GenerateSourceLinkFile" depends on it):
   6:8>Done building target "_SetSourceLinkFilePath" in project "Shared.csproj".
       Target "InitializeSourceControlInformation" skipped. Previously built successfully.
   6:8>Target "_InitializeSourceRootMappedPathsFromSourceControl" in file "/usr/lib64/dotnet/sdk/10.0.101/Roslyn/Microsoft.Managed.Core.targets" from project "/home/baturhan/Projeler/Entegrasyon/Shared/Shared/Shared.csproj" (target "InitializeSourceRootMappedPaths" depends on it):
   6:8>Done building target "_InitializeSourceRootMappedPathsFromSourceControl" in project "Shared.csproj".
   6:8>Target "InitializeSourceRootMappedPaths" in file "/usr/lib64/dotnet/sdk/10.0.101/Roslyn/Microsoft.Managed.Core.targets" from project "/home/baturhan/Projeler/Entegrasyon/Shared/Shared/Shared.csproj" (target "_InitializeSourceRootMappedPathsOpt" depends on it):
       Using "Microsoft.CodeAnalysis.BuildTasks.MapSourceRoots" task from assembly "/usr/lib64/dotnet/sdk/10.0.101/Sdks/Microsoft.NET.Sdk/targets/../../../Roslyn/Microsoft.Build.Tasks.CodeAnalysis.dll".
       Task "Microsoft.CodeAnalysis.BuildTasks.MapSourceRoots"
       Done executing task "Microsoft.CodeAnalysis.BuildTasks.MapSourceRoots".
   6:8>Done building target "InitializeSourceRootMappedPaths" in project "Shared.csproj".
   6:8>Target "_InitializeSourceRootMappedPathsOpt" in file "/usr/lib64/dotnet/sdk/10.0.101/Sdks/Microsoft.SourceLink.Common/build/Microsoft.SourceLink.Common.targets" from project "/home/baturhan/Projeler/Entegrasyon/Shared/Shared/Shared.csproj" (target "_GenerateSourceLinkFile" depends on it):
   6:8>Done building target "_InitializeSourceRootMappedPathsOpt" in project "Shared.csproj".
   6:8>Target "_InitializeGitHubSourceLinkUrl" in file "/usr/lib64/dotnet/sdk/10.0.101/Sdks/Microsoft.SourceLink.GitHub/build/Microsoft.SourceLink.GitHub.targets" from project "/home/baturhan/Projeler/Entegrasyon/Shared/Shared/Shared.csproj" (target "_GenerateSourceLinkFile" depends on it):
       Building target "_InitializeGitHubSourceLinkUrl" completely.
       No input files were specified.
       Using "Microsoft.SourceLink.GitHub.GetSourceLinkUrl" task from assembly "/usr/lib64/dotnet/sdk/10.0.101/Sdks/Microsoft.SourceLink.GitHub/build/../tools/net/Microsoft.SourceLink.GitHub.dll".
       Task "Microsoft.SourceLink.GitHub.GetSourceLinkUrl"
       Done executing task "Microsoft.SourceLink.GitHub.GetSourceLinkUrl".
   6:8>Done building target "_InitializeGitHubSourceLinkUrl" in project "Shared.csproj".
   6:8>Target "_InitializeGitHubSourceLinkUrl" in file "/usr/lib64/dotnet/sdk/10.0.101/Sdks/Microsoft.SourceLink.GitHub/build/Microsoft.SourceLink.GitHub.targets" from project "/home/baturhan/Projeler/Entegrasyon/Shared/Shared/Shared.csproj" (target "_GenerateSourceLinkFile" depends on it):
       Building target "_InitializeGitHubSourceLinkUrl" completely.
       No input files were specified.
       Task "Microsoft.SourceLink.GitHub.GetSourceLinkUrl"
       Done executing task "Microsoft.SourceLink.GitHub.GetSourceLinkUrl".
   6:8>Done building target "_InitializeGitHubSourceLinkUrl" in project "Shared.csproj".
   6:8>Target "_InitializeGitLabSourceLinkUrl" in file "/usr/lib64/dotnet/sdk/10.0.101/Sdks/Microsoft.SourceLink.GitLab/build/Microsoft.SourceLink.GitLab.targets" from project "/home/baturhan/Projeler/Entegrasyon/Shared/Shared/Shared.csproj" (target "_GenerateSourceLinkFile" depends on it):
       Building target "_InitializeGitLabSourceLinkUrl" completely.
       No input files were specified.
       Using "Microsoft.SourceLink.GitLab.GetSourceLinkUrl" task from assembly "/usr/lib64/dotnet/sdk/10.0.101/Sdks/Microsoft.SourceLink.GitLab/build/../tools/net/Microsoft.SourceLink.GitLab.dll".
       Task "Microsoft.SourceLink.GitLab.GetSourceLinkUrl"
       /usr/lib64/dotnet/sdk/10.0.101/Sdks/Microsoft.SourceLink.GitLab/build/Microsoft.SourceLink.GitLab.targets(37,7): message : Property reassignment: $(_SourceLinkUrlToUpdate)="N/A" (previous value: "https://raw.githubusercontent.com/BaturhanKahraman/Entegrasyon/b6490b011968657f75d632b3c51367b541aec72d/*") at /usr/lib64/dotnet/sdk/10.0.101/Sdks/Microsoft.SourceLink.GitLab/build/Microsoft.SourceLink.GitLab.targets (37,7) [/home/baturhan/Projeler/Entegrasyon/Shared/Shared/Shared.csproj]
       Done executing task "Microsoft.SourceLink.GitLab.GetSourceLinkUrl".
   6:8>Done building target "_InitializeGitLabSourceLinkUrl" in project "Shared.csproj".
   6:8>Target "_InitializeGitLabSourceLinkUrl" in file "/usr/lib64/dotnet/sdk/10.0.101/Sdks/Microsoft.SourceLink.GitLab/build/Microsoft.SourceLink.GitLab.targets" from project "/home/baturhan/Projeler/Entegrasyon/Shared/Shared/Shared.csproj" (target "_GenerateSourceLinkFile" depends on it):
       Building target "_InitializeGitLabSourceLinkUrl" completely.
       No input files were specified.
       Task "Microsoft.SourceLink.GitLab.GetSourceLinkUrl"
       /usr/lib64/dotnet/sdk/10.0.101/Sdks/Microsoft.SourceLink.GitLab/build/Microsoft.SourceLink.GitLab.targets(37,7): message : Property reassignment: $(_SourceLinkUrlToUpdate)="N/A" (previous value: "https://raw.githubusercontent.com/BaturhanKahraman/Entegrasyon/b6490b011968657f75d632b3c51367b541aec72d/*") at /usr/lib64/dotnet/sdk/10.0.101/Sdks/Microsoft.SourceLink.GitLab/build/Microsoft.SourceLink.GitLab.targets (37,7) [/home/baturhan/Projeler/Entegrasyon/Shared/Shared/Shared.csproj]
       Done executing task "Microsoft.SourceLink.GitLab.GetSourceLinkUrl".
   6:8>Done building target "_InitializeGitLabSourceLinkUrl" in project "Shared.csproj".
   6:8>Target "_InitializeAzureReposGitSourceLinkUrl" in file "/usr/lib64/dotnet/sdk/10.0.101/Sdks/Microsoft.SourceLink.AzureRepos.Git/build/Microsoft.SourceLink.AzureRepos.Git.targets" from project "/home/baturhan/Projeler/Entegrasyon/Shared/Shared/Shared.csproj" (target "_GenerateSourceLinkFile" depends on it):
       Building target "_InitializeAzureReposGitSourceLinkUrl" completely.
       No input files were specified.
       Using "Microsoft.SourceLink.AzureRepos.Git.GetSourceLinkUrl" task from assembly "/usr/lib64/dotnet/sdk/10.0.101/Sdks/Microsoft.SourceLink.AzureRepos.Git/build/../tools/net/Microsoft.SourceLink.AzureRepos.Git.dll".
       Task "Microsoft.SourceLink.AzureRepos.Git.GetSourceLinkUrl"
       Done executing task "Microsoft.SourceLink.AzureRepos.Git.GetSourceLinkUrl".
   6:8>Done building target "_InitializeAzureReposGitSourceLinkUrl" in project "Shared.csproj".
   6:8>Target "_InitializeAzureReposGitSourceLinkUrl" in file "/usr/lib64/dotnet/sdk/10.0.101/Sdks/Microsoft.SourceLink.AzureRepos.Git/build/Microsoft.SourceLink.AzureRepos.Git.targets" from project "/home/baturhan/Projeler/Entegrasyon/Shared/Shared/Shared.csproj" (target "_GenerateSourceLinkFile" depends on it):
       Building target "_InitializeAzureReposGitSourceLinkUrl" completely.
       No input files were specified.
       Task "Microsoft.SourceLink.AzureRepos.Git.GetSourceLinkUrl"
       Done executing task "Microsoft.SourceLink.AzureRepos.Git.GetSourceLinkUrl".
   6:8>Done building target "_InitializeAzureReposGitSourceLinkUrl" in project "Shared.csproj".
   6:8>Target "_InitializeBitbucketGitSourceLinkUrl" in file "/usr/lib64/dotnet/sdk/10.0.101/Sdks/Microsoft.SourceLink.Bitbucket.Git/build/Microsoft.SourceLink.Bitbucket.Git.targets" from project "/home/baturhan/Projeler/Entegrasyon/Shared/Shared/Shared.csproj" (target "_GenerateSourceLinkFile" depends on it):
       Building target "_InitializeBitbucketGitSourceLinkUrl" completely.
       No input files were specified.
       Using "Microsoft.SourceLink.Bitbucket.Git.GetSourceLinkUrl" task from assembly "/usr/lib64/dotnet/sdk/10.0.101/Sdks/Microsoft.SourceLink.Bitbucket.Git/build/../tools/net/Microsoft.SourceLink.Bitbucket.Git.dll".
       Task "Microsoft.SourceLink.Bitbucket.Git.GetSourceLinkUrl"
       Done executing task "Microsoft.SourceLink.Bitbucket.Git.GetSourceLinkUrl".
   6:8>Done building target "_InitializeBitbucketGitSourceLinkUrl" in project "Shared.csproj".
   6:8>Target "_InitializeBitbucketGitSourceLinkUrl" in file "/usr/lib64/dotnet/sdk/10.0.101/Sdks/Microsoft.SourceLink.Bitbucket.Git/build/Microsoft.SourceLink.Bitbucket.Git.targets" from project "/home/baturhan/Projeler/Entegrasyon/Shared/Shared/Shared.csproj" (target "_GenerateSourceLinkFile" depends on it):
       Building target "_InitializeBitbucketGitSourceLinkUrl" completely.
       No input files were specified.
       Task "Microsoft.SourceLink.Bitbucket.Git.GetSourceLinkUrl"
       Done executing task "Microsoft.SourceLink.Bitbucket.Git.GetSourceLinkUrl".
   6:8>Done building target "_InitializeBitbucketGitSourceLinkUrl" in project "Shared.csproj".
   6:8>Target "_GenerateSourceLinkFile" in file "/usr/lib64/dotnet/sdk/10.0.101/Sdks/Microsoft.SourceLink.Common/build/Microsoft.SourceLink.Common.targets" from project "/home/baturhan/Projeler/Entegrasyon/Shared/Shared/Shared.csproj" (target "GenerateSourceLinkFile" depends on it):
       Building target "_GenerateSourceLinkFile" completely.
       No input files were specified.
       Using "Microsoft.SourceLink.Common.GenerateSourceLinkFile" task from assembly "/usr/lib64/dotnet/sdk/10.0.101/Sdks/Microsoft.SourceLink.Common/build/../tools/net/Microsoft.SourceLink.Common.dll".
       Task "Microsoft.SourceLink.Common.GenerateSourceLinkFile"
         Source Link file 'obj/Debug/net8.0/Shared.sourcelink.json' is up-to-date.
       Done executing task "Microsoft.SourceLink.Common.GenerateSourceLinkFile".
   6:8>Done building target "_GenerateSourceLinkFile" in project "Shared.csproj".
   6:8>Target "GenerateSourceLinkFile" in file "/usr/lib64/dotnet/sdk/10.0.101/Sdks/Microsoft.SourceLink.Common/build/Microsoft.SourceLink.Common.targets" from project "/home/baturhan/Projeler/Entegrasyon/Shared/Shared/Shared.csproj" (target "CoreCompile" depends on it):
   6:8>Done building target "GenerateSourceLinkFile" in project "Shared.csproj".
   6:8>Target "AddGlobalAnalyzerConfigForPackage_MicrosoftCodeAnalysisNetAnalyzers" in file "/usr/lib64/dotnet/sdk/10.0.101/Sdks/Microsoft.NET.Sdk/analyzers/build/Microsoft.CodeAnalysis.NetAnalyzers.targets" from project "/home/baturhan/Projeler/Entegrasyon/Shared/Shared/Shared.csproj" (target "CoreCompile" depends on it):
   6:8>Done building target "AddGlobalAnalyzerConfigForPackage_MicrosoftCodeAnalysisNetAnalyzers" in project "Shared.csproj".
   6:8>Target "CoreCompile" in file "/usr/lib64/dotnet/sdk/10.0.101/Roslyn/Microsoft.CSharp.Core.targets" from project "/home/baturhan/Projeler/Entegrasyon/Shared/Shared/Shared.csproj" (target "Compile" depends on it):
       Skipping target "CoreCompile" because all output files are up-to-date with respect to the input files.
       Input files: 
           DTO/Attributes/DisplayDtoPropertyNameAttribute.cs
           DTO/Attributes/IgnoreDtoPropertyAttribute.cs
           DTO/DtoProperties.cs
           DTO/DtoValidateObject.cs
           DTO/IDto.cs
           DTO/IValidatebleDto.cs
           DTO/Rule.cs
           DTO/RuleValidation.cs
           DTO/SearchablePageDto.cs
           DTO/Validators/DtoValidationResult.cs
           DTO/Validators/DtoValidator.cs
           Entity/BaseEntity.cs
           Entity/FilterOperator.cs
           Entity/FilterParameter.cs
           Entity/OperatorTypeStorage.cs
           Entity/Pageable.cs
           Entity/PageRequest.cs
           Entity/QueryParameter.cs
           Entity/SortingParameter.cs
           EntityFrameworkCore/EfEntityRepository.cs
           EntityFrameworkCore/IEntityRepository.cs
           Expressions/EntityNameAttribute.cs
           Expressions/ExpressionBuilder.cs
           Extensions/ConfigurationExtension.cs
           Extensions/Constants/AppPermissions.cs
           Extensions/DbContextExtension.cs
           Extensions/EnumerableExtension.cs
           Extensions/ExpressionExtension.cs
           Extensions/HttpContextExtension.cs
           Extensions/LocalViewExtension.cs
           Extensions/QueryableExtensions.cs
           Extensions/ReflectionExtension.cs
           Extensions/ServiceCollectionExtension.cs
           Extensions/StringExtension.cs
           FileStorage/AzureFileStorage.cs
           FileStorage/FileStorageType.cs
           FileStorage/IAwsFileStorage.cs
           FileStorage/IAzureFileStorage.cs
           FileStorage/IFileStorage.cs
           FileStorage/IFileStorageFactory.cs
           FileStorage/ILocalFileStorage.cs
           FileStorage/LocalFileStorage.cs
           FileStorage/Options/AwsFileStorageOption.cs
           FileStorage/Options/AzureFileStorageOption.cs
           FileStorage/Options/LocalFileStorageOption.cs
           Helpers/IRandomGenerator.cs
           Helpers/RandomGenerator.cs
           Logger/Serilog/SerilogExtensions.cs
           Logic/LogicRunner.cs
           Middlewares/ExceptionMiddleware.cs
           Middlewares/MigrateDatabaseMiddleware.cs
           Middlewares/PerformanceMiddleware.cs
           MVC/Attributes/ComparisonType.cs
           MVC/Attributes/RequiredIfAttribute.cs
           Results/DataResult.cs
           Results/ErrorDataResult.cs
           Results/ErrorDetail.cs
           Results/ErrorResult.cs
           Results/IDataResult.cs
           Results/IResult.cs
           Results/Result.cs
           Results/SuccessDataResult.cs
           Results/SuccessResult.cs
           Security/HashingHelper.cs
           obj/Debug/net8.0/Shared.GlobalUsings.g.cs
           obj/Debug/net8.0/.NETCoreApp,Version=v8.0.AssemblyAttributes.cs
           obj/Debug/net8.0/Shared.AssemblyInfo.cs
           /home/baturhan/.nuget/packages/castle.core/5.1.1/lib/net6.0/Castle.Core.dll
           /home/baturhan/.nuget/packages/fluentvalidation/11.9.0/lib/net8.0/FluentValidation.dll
           /usr/lib64/dotnet/packs/Microsoft.AspNetCore.App.Ref/8.0.22/ref/net8.0/Microsoft.AspNetCore.Antiforgery.dll
           /usr/lib64/dotnet/packs/Microsoft.AspNetCore.App.Ref/8.0.22/ref/net8.0/Microsoft.AspNetCore.Authentication.Abstractions.dll
           /usr/lib64/dotnet/packs/Microsoft.AspNetCore.App.Ref/8.0.22/ref/net8.0/Microsoft.AspNetCore.Authentication.BearerToken.dll
           /usr/lib64/dotnet/packs/Microsoft.AspNetCore.App.Ref/8.0.22/ref/net8.0/Microsoft.AspNetCore.Authentication.Cookies.dll
           /usr/lib64/dotnet/packs/Microsoft.AspNetCore.App.Ref/8.0.22/ref/net8.0/Microsoft.AspNetCore.Authentication.Core.dll
           /usr/lib64/dotnet/packs/Microsoft.AspNetCore.App.Ref/8.0.22/ref/net8.0/Microsoft.AspNetCore.Authentication.dll
           /usr/lib64/dotnet/packs/Microsoft.AspNetCore.App.Ref/8.0.22/ref/net8.0/Microsoft.AspNetCore.Authentication.OAuth.dll
           /usr/lib64/dotnet/packs/Microsoft.AspNetCore.App.Ref/8.0.22/ref/net8.0/Microsoft.AspNetCore.Authorization.dll
           /usr/lib64/dotnet/packs/Microsoft.AspNetCore.App.Ref/8.0.22/ref/net8.0/Microsoft.AspNetCore.Authorization.Policy.dll
           /usr/lib64/dotnet/packs/Microsoft.AspNetCore.App.Ref/8.0.22/ref/net8.0/Microsoft.AspNetCore.Components.Authorization.dll
           /usr/lib64/dotnet/packs/Microsoft.AspNetCore.App.Ref/8.0.22/ref/net8.0/Microsoft.AspNetCore.Components.dll
           /usr/lib64/dotnet/packs/Microsoft.AspNetCore.App.Ref/8.0.22/ref/net8.0/Microsoft.AspNetCore.Components.Endpoints.dll
           /usr/lib64/dotnet/packs/Microsoft.AspNetCore.App.Ref/8.0.22/ref/net8.0/Microsoft.AspNetCore.Components.Forms.dll
           /usr/lib64/dotnet/packs/Microsoft.AspNetCore.App.Ref/8.0.22/ref/net8.0/Microsoft.AspNetCore.Components.Server.dll
           /usr/lib64/dotnet/packs/Microsoft.AspNetCore.App.Ref/8.0.22/ref/net8.0/Microsoft.AspNetCore.Components.Web.dll
           /usr/lib64/dotnet/packs/Microsoft.AspNetCore.App.Ref/8.0.22/ref/net8.0/Microsoft.AspNetCore.Connections.Abstractions.dll
           /usr/lib64/dotnet/packs/Microsoft.AspNetCore.App.Ref/8.0.22/ref/net8.0/Microsoft.AspNetCore.CookiePolicy.dll
           /usr/lib64/dotnet/packs/Microsoft.AspNetCore.App.Ref/8.0.22/ref/net8.0/Microsoft.AspNetCore.Cors.dll
           /usr/lib64/dotnet/packs/Microsoft.AspNetCore.App.Ref/8.0.22/ref/net8.0/Microsoft.AspNetCore.Cryptography.Internal.dll
           /usr/lib64/dotnet/packs/Microsoft.AspNetCore.App.Ref/8.0.22/ref/net8.0/Microsoft.AspNetCore.Cryptography.KeyDerivation.dll
           /usr/lib64/dotnet/packs/Microsoft.AspNetCore.App.Ref/8.0.22/ref/net8.0/Microsoft.AspNetCore.DataProtection.Abstractions.dll
           /usr/lib64/dotnet/packs/Microsoft.AspNetCore.App.Ref/8.0.22/ref/net8.0/Microsoft.AspNetCore.DataProtection.dll
           /usr/lib64/dotnet/packs/Microsoft.AspNetCore.App.Ref/8.0.22/ref/net8.0/Microsoft.AspNetCore.DataProtection.Extensions.dll
           /usr/lib64/dotnet/packs/Microsoft.AspNetCore.App.Ref/8.0.22/ref/net8.0/Microsoft.AspNetCore.Diagnostics.Abstractions.dll
           /usr/lib64/dotnet/packs/Microsoft.AspNetCore.App.Ref/8.0.22/ref/net8.0/Microsoft.AspNetCore.Diagnostics.dll
           /usr/lib64/dotnet/packs/Microsoft.AspNetCore.App.Ref/8.0.22/ref/net8.0/Microsoft.AspNetCore.Diagnostics.HealthChecks.dll
           /usr/lib64/dotnet/packs/Microsoft.AspNetCore.App.Ref/8.0.22/ref/net8.0/Microsoft.AspNetCore.dll
           /usr/lib64/dotnet/packs/Microsoft.AspNetCore.App.Ref/8.0.22/ref/net8.0/Microsoft.AspNetCore.HostFiltering.dll
           /usr/lib64/dotnet/packs/Microsoft.AspNetCore.App.Ref/8.0.22/ref/net8.0/Microsoft.AspNetCore.Hosting.Abstractions.dll
           /usr/lib64/dotnet/packs/Microsoft.AspNetCore.App.Ref/8.0.22/ref/net8.0/Microsoft.AspNetCore.Hosting.dll
           /usr/lib64/dotnet/packs/Microsoft.AspNetCore.App.Ref/8.0.22/ref/net8.0/Microsoft.AspNetCore.Hosting.Server.Abstractions.dll
           /usr/lib64/dotnet/packs/Microsoft.AspNetCore.App.Ref/8.0.22/ref/net8.0/Microsoft.AspNetCore.Html.Abstractions.dll
           /usr/lib64/dotnet/packs/Microsoft.AspNetCore.App.Ref/8.0.22/ref/net8.0/Microsoft.AspNetCore.Http.Abstractions.dll
           /usr/lib64/dotnet/packs/Microsoft.AspNetCore.App.Ref/8.0.22/ref/net8.0/Microsoft.AspNetCore.Http.Connections.Common.dll
           /usr/lib64/dotnet/packs/Microsoft.AspNetCore.App.Ref/8.0.22/ref/net8.0/Microsoft.AspNetCore.Http.Connections.dll
           /usr/lib64/dotnet/packs/Microsoft.AspNetCore.App.Ref/8.0.22/ref/net8.0/Microsoft.AspNetCore.Http.dll
           /usr/lib64/dotnet/packs/Microsoft.AspNetCore.App.Ref/8.0.22/ref/net8.0/Microsoft.AspNetCore.Http.Extensions.dll
           /usr/lib64/dotnet/packs/Microsoft.AspNetCore.App.Ref/8.0.22/ref/net8.0/Microsoft.AspNetCore.Http.Features.dll
           /usr/lib64/dotnet/packs/Microsoft.AspNetCore.App.Ref/8.0.22/ref/net8.0/Microsoft.AspNetCore.Http.Results.dll
           /usr/lib64/dotnet/packs/Microsoft.AspNetCore.App.Ref/8.0.22/ref/net8.0/Microsoft.AspNetCore.HttpLogging.dll
           /usr/lib64/dotnet/packs/Microsoft.AspNetCore.App.Ref/8.0.22/ref/net8.0/Microsoft.AspNetCore.HttpOverrides.dll
           /usr/lib64/dotnet/packs/Microsoft.AspNetCore.App.Ref/8.0.22/ref/net8.0/Microsoft.AspNetCore.HttpsPolicy.dll
           /usr/lib64/dotnet/packs/Microsoft.AspNetCore.App.Ref/8.0.22/ref/net8.0/Microsoft.AspNetCore.Identity.dll
           /usr/lib64/dotnet/packs/Microsoft.AspNetCore.App.Ref/8.0.22/ref/net8.0/Microsoft.AspNetCore.Localization.dll
           /usr/lib64/dotnet/packs/Microsoft.AspNetCore.App.Ref/8.0.22/ref/net8.0/Microsoft.AspNetCore.Localization.Routing.dll
           /usr/lib64/dotnet/packs/Microsoft.AspNetCore.App.Ref/8.0.22/ref/net8.0/Microsoft.AspNetCore.Metadata.dll
           /usr/lib64/dotnet/packs/Microsoft.AspNetCore.App.Ref/8.0.22/ref/net8.0/Microsoft.AspNetCore.Mvc.Abstractions.dll
           /usr/lib64/dotnet/packs/Microsoft.AspNetCore.App.Ref/8.0.22/ref/net8.0/Microsoft.AspNetCore.Mvc.ApiExplorer.dll
           /usr/lib64/dotnet/packs/Microsoft.AspNetCore.App.Ref/8.0.22/ref/net8.0/Microsoft.AspNetCore.Mvc.Core.dll
           /usr/lib64/dotnet/packs/Microsoft.AspNetCore.App.Ref/8.0.22/ref/net8.0/Microsoft.AspNetCore.Mvc.Cors.dll
           /usr/lib64/dotnet/packs/Microsoft.AspNetCore.App.Ref/8.0.22/ref/net8.0/Microsoft.AspNetCore.Mvc.DataAnnotations.dll
           /usr/lib64/dotnet/packs/Microsoft.AspNetCore.App.Ref/8.0.22/ref/net8.0/Microsoft.AspNetCore.Mvc.dll
           /usr/lib64/dotnet/packs/Microsoft.AspNetCore.App.Ref/8.0.22/ref/net8.0/Microsoft.AspNetCore.Mvc.Formatters.Json.dll
           /usr/lib64/dotnet/packs/Microsoft.AspNetCore.App.Ref/8.0.22/ref/net8.0/Microsoft.AspNetCore.Mvc.Formatters.Xml.dll
           /usr/lib64/dotnet/packs/Microsoft.AspNetCore.App.Ref/8.0.22/ref/net8.0/Microsoft.AspNetCore.Mvc.Localization.dll
           /usr/lib64/dotnet/packs/Microsoft.AspNetCore.App.Ref/8.0.22/ref/net8.0/Microsoft.AspNetCore.Mvc.Razor.dll
           /usr/lib64/dotnet/packs/Microsoft.AspNetCore.App.Ref/8.0.22/ref/net8.0/Microsoft.AspNetCore.Mvc.RazorPages.dll
           /usr/lib64/dotnet/packs/Microsoft.AspNetCore.App.Ref/8.0.22/ref/net8.0/Microsoft.AspNetCore.Mvc.TagHelpers.dll
           /usr/lib64/dotnet/packs/Microsoft.AspNetCore.App.Ref/8.0.22/ref/net8.0/Microsoft.AspNetCore.Mvc.ViewFeatures.dll
           /usr/lib64/dotnet/packs/Microsoft.AspNetCore.App.Ref/8.0.22/ref/net8.0/Microsoft.AspNetCore.OutputCaching.dll
           /usr/lib64/dotnet/packs/Microsoft.AspNetCore.App.Ref/8.0.22/ref/net8.0/Microsoft.AspNetCore.RateLimiting.dll
           /usr/lib64/dotnet/packs/Microsoft.AspNetCore.App.Ref/8.0.22/ref/net8.0/Microsoft.AspNetCore.Razor.dll
           /usr/lib64/dotnet/packs/Microsoft.AspNetCore.App.Ref/8.0.22/ref/net8.0/Microsoft.AspNetCore.Razor.Runtime.dll
           /usr/lib64/dotnet/packs/Microsoft.AspNetCore.App.Ref/8.0.22/ref/net8.0/Microsoft.AspNetCore.RequestDecompression.dll
           /usr/lib64/dotnet/packs/Microsoft.AspNetCore.App.Ref/8.0.22/ref/net8.0/Microsoft.AspNetCore.ResponseCaching.Abstractions.dll
           /usr/lib64/dotnet/packs/Microsoft.AspNetCore.App.Ref/8.0.22/ref/net8.0/Microsoft.AspNetCore.ResponseCaching.dll
           /usr/lib64/dotnet/packs/Microsoft.AspNetCore.App.Ref/8.0.22/ref/net8.0/Microsoft.AspNetCore.ResponseCompression.dll
           /usr/lib64/dotnet/packs/Microsoft.AspNetCore.App.Ref/8.0.22/ref/net8.0/Microsoft.AspNetCore.Rewrite.dll
           /usr/lib64/dotnet/packs/Microsoft.AspNetCore.App.Ref/8.0.22/ref/net8.0/Microsoft.AspNetCore.Routing.Abstractions.dll
           /usr/lib64/dotnet/packs/Microsoft.AspNetCore.App.Ref/8.0.22/ref/net8.0/Microsoft.AspNetCore.Routing.dll
           /usr/lib64/dotnet/packs/Microsoft.AspNetCore.App.Ref/8.0.22/ref/net8.0/Microsoft.AspNetCore.Server.HttpSys.dll
           /usr/lib64/dotnet/packs/Microsoft.AspNetCore.App.Ref/8.0.22/ref/net8.0/Microsoft.AspNetCore.Server.IIS.dll
           /usr/lib64/dotnet/packs/Microsoft.AspNetCore.App.Ref/8.0.22/ref/net8.0/Microsoft.AspNetCore.Server.IISIntegration.dll
           /usr/lib64/dotnet/packs/Microsoft.AspNetCore.App.Ref/8.0.22/ref/net8.0/Microsoft.AspNetCore.Server.Kestrel.Core.dll
           /usr/lib64/dotnet/packs/Microsoft.AspNetCore.App.Ref/8.0.22/ref/net8.0/Microsoft.AspNetCore.Server.Kestrel.dll
           /usr/lib64/dotnet/packs/Microsoft.AspNetCore.App.Ref/8.0.22/ref/net8.0/Microsoft.AspNetCore.Server.Kestrel.Transport.NamedPipes.dll
           /usr/lib64/dotnet/packs/Microsoft.AspNetCore.App.Ref/8.0.22/ref/net8.0/Microsoft.AspNetCore.Server.Kestrel.Transport.Quic.dll
           /usr/lib64/dotnet/packs/Microsoft.AspNetCore.App.Ref/8.0.22/ref/net8.0/Microsoft.AspNetCore.Server.Kestrel.Transport.Sockets.dll
           /usr/lib64/dotnet/packs/Microsoft.AspNetCore.App.Ref/8.0.22/ref/net8.0/Microsoft.AspNetCore.Session.dll
           /usr/lib64/dotnet/packs/Microsoft.AspNetCore.App.Ref/8.0.22/ref/net8.0/Microsoft.AspNetCore.SignalR.Common.dll
           /usr/lib64/dotnet/packs/Microsoft.AspNetCore.App.Ref/8.0.22/ref/net8.0/Microsoft.AspNetCore.SignalR.Core.dll
           /usr/lib64/dotnet/packs/Microsoft.AspNetCore.App.Ref/8.0.22/ref/net8.0/Microsoft.AspNetCore.SignalR.dll
           /usr/lib64/dotnet/packs/Microsoft.AspNetCore.App.Ref/8.0.22/ref/net8.0/Microsoft.AspNetCore.SignalR.Protocols.Json.dll
           /usr/lib64/dotnet/packs/Microsoft.AspNetCore.App.Ref/8.0.22/ref/net8.0/Microsoft.AspNetCore.StaticFiles.dll
           /usr/lib64/dotnet/packs/Microsoft.AspNetCore.App.Ref/8.0.22/ref/net8.0/Microsoft.AspNetCore.WebSockets.dll
           /usr/lib64/dotnet/packs/Microsoft.AspNetCore.App.Ref/8.0.22/ref/net8.0/Microsoft.AspNetCore.WebUtilities.dll
           /usr/lib64/dotnet/packs/Microsoft.NETCore.App.Ref/8.0.22/ref/net8.0/Microsoft.CSharp.dll
           /home/baturhan/.nuget/packages/microsoft.entityframeworkcore.abstractions/8.0.15/lib/net8.0/Microsoft.EntityFrameworkCore.Abstractions.dll
           /home/baturhan/.nuget/packages/microsoft.entityframeworkcore/8.0.15/lib/net8.0/Microsoft.EntityFrameworkCore.dll
           /home/baturhan/.nuget/packages/microsoft.entityframeworkcore.proxies/8.0.15/lib/net8.0/Microsoft.EntityFrameworkCore.Proxies.dll
           /home/baturhan/.nuget/packages/microsoft.entityframeworkcore.relational/8.0.15/lib/net8.0/Microsoft.EntityFrameworkCore.Relational.dll
           /usr/lib64/dotnet/packs/Microsoft.AspNetCore.App.Ref/8.0.22/ref/net8.0/Microsoft.Extensions.Caching.Abstractions.dll
           /usr/lib64/dotnet/packs/Microsoft.AspNetCore.App.Ref/8.0.22/ref/net8.0/Microsoft.Extensions.Caching.Memory.dll
           /usr/lib64/dotnet/packs/Microsoft.AspNetCore.App.Ref/8.0.22/ref/net8.0/Microsoft.Extensions.Configuration.Abstractions.dll
           /usr/lib64/dotnet/packs/Microsoft.AspNetCore.App.Ref/8.0.22/ref/net8.0/Microsoft.Extensions.Configuration.Binder.dll
           /usr/lib64/dotnet/packs/Microsoft.AspNetCore.App.Ref/8.0.22/ref/net8.0/Microsoft.Extensions.Configuration.CommandLine.dll
           /usr/lib64/dotnet/packs/Microsoft.AspNetCore.App.Ref/8.0.22/ref/net8.0/Microsoft.Extensions.Configuration.dll
           /usr/lib64/dotnet/packs/Microsoft.AspNetCore.App.Ref/8.0.22/ref/net8.0/Microsoft.Extensions.Configuration.EnvironmentVariables.dll
           /usr/lib64/dotnet/packs/Microsoft.AspNetCore.App.Ref/8.0.22/ref/net8.0/Microsoft.Extensions.Configuration.FileExtensions.dll
           /usr/lib64/dotnet/packs/Microsoft.AspNetCore.App.Ref/8.0.22/ref/net8.0/Microsoft.Extensions.Configuration.Ini.dll
           /usr/lib64/dotnet/packs/Microsoft.AspNetCore.App.Ref/8.0.22/ref/net8.0/Microsoft.Extensions.Configuration.Json.dll
           /usr/lib64/dotnet/packs/Microsoft.AspNetCore.App.Ref/8.0.22/ref/net8.0/Microsoft.Extensions.Configuration.KeyPerFile.dll
           /usr/lib64/dotnet/packs/Microsoft.AspNetCore.App.Ref/8.0.22/ref/net8.0/Microsoft.Extensions.Configuration.UserSecrets.dll
           /usr/lib64/dotnet/packs/Microsoft.AspNetCore.App.Ref/8.0.22/ref/net8.0/Microsoft.Extensions.Configuration.Xml.dll
           /usr/lib64/dotnet/packs/Microsoft.AspNetCore.App.Ref/8.0.22/ref/net8.0/Microsoft.Extensions.DependencyInjection.Abstractions.dll
           /usr/lib64/dotnet/packs/Microsoft.AspNetCore.App.Ref/8.0.22/ref/net8.0/Microsoft.Extensions.DependencyInjection.dll
           /home/baturhan/.nuget/packages/microsoft.extensions.dependencymodel/8.0.0/lib/net8.0/Microsoft.Extensions.DependencyModel.dll
           /usr/lib64/dotnet/packs/Microsoft.AspNetCore.App.Ref/8.0.22/ref/net8.0/Microsoft.Extensions.Diagnostics.Abstractions.dll
           /usr/lib64/dotnet/packs/Microsoft.AspNetCore.App.Ref/8.0.22/ref/net8.0/Microsoft.Extensions.Diagnostics.dll
           /usr/lib64/dotnet/packs/Microsoft.AspNetCore.App.Ref/8.0.22/ref/net8.0/Microsoft.Extensions.Diagnostics.HealthChecks.Abstractions.dll
           /usr/lib64/dotnet/packs/Microsoft.AspNetCore.App.Ref/8.0.22/ref/net8.0/Microsoft.Extensions.Diagnostics.HealthChecks.dll
           /usr/lib64/dotnet/packs/Microsoft.AspNetCore.App.Ref/8.0.22/ref/net8.0/Microsoft.Extensions.Features.dll
           /usr/lib64/dotnet/packs/Microsoft.AspNetCore.App.Ref/8.0.22/ref/net8.0/Microsoft.Extensions.FileProviders.Abstractions.dll
           /usr/lib64/dotnet/packs/Microsoft.AspNetCore.App.Ref/8.0.22/ref/net8.0/Microsoft.Extensions.FileProviders.Composite.dll
           /usr/lib64/dotnet/packs/Microsoft.AspNetCore.App.Ref/8.0.22/ref/net8.0/Microsoft.Extensions.FileProviders.Embedded.dll
           /usr/lib64/dotnet/packs/Microsoft.AspNetCore.App.Ref/8.0.22/ref/net8.0/Microsoft.Extensions.FileProviders.Physical.dll
           /usr/lib64/dotnet/packs/Microsoft.AspNetCore.App.Ref/8.0.22/ref/net8.0/Microsoft.Extensions.FileSystemGlobbing.dll
           /usr/lib64/dotnet/packs/Microsoft.AspNetCore.App.Ref/8.0.22/ref/net8.0/Microsoft.Extensions.Hosting.Abstractions.dll
           /usr/lib64/dotnet/packs/Microsoft.AspNetCore.App.Ref/8.0.22/ref/net8.0/Microsoft.Extensions.Hosting.dll
           /usr/lib64/dotnet/packs/Microsoft.AspNetCore.App.Ref/8.0.22/ref/net8.0/Microsoft.Extensions.Http.dll
           /usr/lib64/dotnet/packs/Microsoft.AspNetCore.App.Ref/8.0.22/ref/net8.0/Microsoft.Extensions.Identity.Core.dll
           /usr/lib64/dotnet/packs/Microsoft.AspNetCore.App.Ref/8.0.22/ref/net8.0/Microsoft.Extensions.Identity.Stores.dll
           /usr/lib64/dotnet/packs/Microsoft.AspNetCore.App.Ref/8.0.22/ref/net8.0/Microsoft.Extensions.Localization.Abstractions.dll
           /usr/lib64/dotnet/packs/Microsoft.AspNetCore.App.Ref/8.0.22/ref/net8.0/Microsoft.Extensions.Localization.dll
           /usr/lib64/dotnet/packs/Microsoft.AspNetCore.App.Ref/8.0.22/ref/net8.0/Microsoft.Extensions.Logging.Abstractions.dll
           /usr/lib64/dotnet/packs/Microsoft.AspNetCore.App.Ref/8.0.22/ref/net8.0/Microsoft.Extensions.Logging.Configuration.dll
           /usr/lib64/dotnet/packs/Microsoft.AspNetCore.App.Ref/8.0.22/ref/net8.0/Microsoft.Extensions.Logging.Console.dll
           /usr/lib64/dotnet/packs/Microsoft.AspNetCore.App.Ref/8.0.22/ref/net8.0/Microsoft.Extensions.Logging.Debug.dll
           /usr/lib64/dotnet/packs/Microsoft.AspNetCore.App.Ref/8.0.22/ref/net8.0/Microsoft.Extensions.Logging.dll
           /usr/lib64/dotnet/packs/Microsoft.AspNetCore.App.Ref/8.0.22/ref/net8.0/Microsoft.Extensions.Logging.EventLog.dll
           /usr/lib64/dotnet/packs/Microsoft.AspNetCore.App.Ref/8.0.22/ref/net8.0/Microsoft.Extensions.Logging.EventSource.dll
           /usr/lib64/dotnet/packs/Microsoft.AspNetCore.App.Ref/8.0.22/ref/net8.0/Microsoft.Extensions.Logging.TraceSource.dll
           /usr/lib64/dotnet/packs/Microsoft.AspNetCore.App.Ref/8.0.22/ref/net8.0/Microsoft.Extensions.ObjectPool.dll
           /usr/lib64/dotnet/packs/Microsoft.AspNetCore.App.Ref/8.0.22/ref/net8.0/Microsoft.Extensions.Options.ConfigurationExtensions.dll
           /usr/lib64/dotnet/packs/Microsoft.AspNetCore.App.Ref/8.0.22/ref/net8.0/Microsoft.Extensions.Options.DataAnnotations.dll
           /usr/lib64/dotnet/packs/Microsoft.AspNetCore.App.Ref/8.0.22/ref/net8.0/Microsoft.Extensions.Options.dll
           /usr/lib64/dotnet/packs/Microsoft.AspNetCore.App.Ref/8.0.22/ref/net8.0/Microsoft.Extensions.Primitives.dll
           /usr/lib64/dotnet/packs/Microsoft.AspNetCore.App.Ref/8.0.22/ref/net8.0/Microsoft.Extensions.WebEncoders.dll
           /home/baturhan/.nuget/packages/microsoft.identitymodel.abstractions/7.4.0/lib/net8.0/Microsoft.IdentityModel.Abstractions.dll
           /home/baturhan/.nuget/packages/microsoft.identitymodel.jsonwebtokens/7.4.0/lib/net8.0/Microsoft.IdentityModel.JsonWebTokens.dll
           /home/baturhan/.nuget/packages/microsoft.identitymodel.logging/7.4.0/lib/net8.0/Microsoft.IdentityModel.Logging.dll
           /home/baturhan/.nuget/packages/microsoft.identitymodel.tokens/7.4.0/lib/net8.0/Microsoft.IdentityModel.Tokens.dll
           /usr/lib64/dotnet/packs/Microsoft.AspNetCore.App.Ref/8.0.22/ref/net8.0/Microsoft.JSInterop.dll
           /usr/lib64/dotnet/packs/Microsoft.AspNetCore.App.Ref/8.0.22/ref/net8.0/Microsoft.Net.Http.Headers.dll
           /usr/lib64/dotnet/packs/Microsoft.NETCore.App.Ref/8.0.22/ref/net8.0/Microsoft.VisualBasic.Core.dll
           /usr/lib64/dotnet/packs/Microsoft.NETCore.App.Ref/8.0.22/ref/net8.0/Microsoft.VisualBasic.dll
           /usr/lib64/dotnet/packs/Microsoft.NETCore.App.Ref/8.0.22/ref/net8.0/Microsoft.Win32.Primitives.dll
           /usr/lib64/dotnet/packs/Microsoft.NETCore.App.Ref/8.0.22/ref/net8.0/Microsoft.Win32.Registry.dll
           /usr/lib64/dotnet/packs/Microsoft.NETCore.App.Ref/8.0.22/ref/net8.0/mscorlib.dll
           /usr/lib64/dotnet/packs/Microsoft.NETCore.App.Ref/8.0.22/ref/net8.0/netstandard.dll
           /home/baturhan/.nuget/packages/npgsql/8.0.6/lib/net8.0/Npgsql.dll
           /home/baturhan/.nuget/packages/npgsql.entityframeworkcore.postgresql/8.0.11/lib/net8.0/Npgsql.EntityFrameworkCore.PostgreSQL.dll
           /home/baturhan/.nuget/packages/pipelines.sockets.unofficial/2.2.8/lib/net5.0/Pipelines.Sockets.Unofficial.dll
           /home/baturhan/.nuget/packages/serilog.aspnetcore/8.0.1/lib/net8.0/Serilog.AspNetCore.dll
           /home/baturhan/.nuget/packages/serilog/3.1.1/lib/net7.0/Serilog.dll
           /home/baturhan/.nuget/packages/serilog.extensions.hosting/8.0.0/lib/net8.0/Serilog.Extensions.Hosting.dll
           /home/baturhan/.nuget/packages/serilog.extensions.logging/8.0.0/lib/net8.0/Serilog.Extensions.Logging.dll
           /home/baturhan/.nuget/packages/serilog.formatting.compact/2.0.0/lib/net7.0/Serilog.Formatting.Compact.dll
           /home/baturhan/.nuget/packages/serilog.settings.configuration/8.0.0/lib/net8.0/Serilog.Settings.Configuration.dll
           /home/baturhan/.nuget/packages/serilog.sinks.console/5.0.1/lib/net7.0/Serilog.Sinks.Console.dll
           /home/baturhan/.nuget/packages/serilog.sinks.debug/2.0.0/lib/netstandard2.1/Serilog.Sinks.Debug.dll
           /home/baturhan/.nuget/packages/serilog.sinks.file/5.0.0/lib/net5.0/Serilog.Sinks.File.dll
           /home/baturhan/.nuget/packages/stackexchange.redis/2.7.27/lib/net6.0/StackExchange.Redis.dll
           /usr/lib64/dotnet/packs/Microsoft.NETCore.App.Ref/8.0.22/ref/net8.0/System.AppContext.dll
           /usr/lib64/dotnet/packs/Microsoft.NETCore.App.Ref/8.0.22/ref/net8.0/System.Buffers.dll
           /usr/lib64/dotnet/packs/Microsoft.NETCore.App.Ref/8.0.22/ref/net8.0/System.Collections.Concurrent.dll
           /usr/lib64/dotnet/packs/Microsoft.NETCore.App.Ref/8.0.22/ref/net8.0/System.Collections.dll
           /usr/lib64/dotnet/packs/Microsoft.NETCore.App.Ref/8.0.22/ref/net8.0/System.Collections.Immutable.dll
           /usr/lib64/dotnet/packs/Microsoft.NETCore.App.Ref/8.0.22/ref/net8.0/System.Collections.NonGeneric.dll
           /usr/lib64/dotnet/packs/Microsoft.NETCore.App.Ref/8.0.22/ref/net8.0/System.Collections.Specialized.dll
           /usr/lib64/dotnet/packs/Microsoft.NETCore.App.Ref/8.0.22/ref/net8.0/System.ComponentModel.Annotations.dll
           /usr/lib64/dotnet/packs/Microsoft.NETCore.App.Ref/8.0.22/ref/net8.0/System.ComponentModel.DataAnnotations.dll
           /usr/lib64/dotnet/packs/Microsoft.NETCore.App.Ref/8.0.22/ref/net8.0/System.ComponentModel.dll
           /usr/lib64/dotnet/packs/Microsoft.NETCore.App.Ref/8.0.22/ref/net8.0/System.ComponentModel.EventBasedAsync.dll
           /usr/lib64/dotnet/packs/Microsoft.NETCore.App.Ref/8.0.22/ref/net8.0/System.ComponentModel.Primitives.dll
           /usr/lib64/dotnet/packs/Microsoft.NETCore.App.Ref/8.0.22/ref/net8.0/System.ComponentModel.TypeConverter.dll
           /usr/lib64/dotnet/packs/Microsoft.NETCore.App.Ref/8.0.22/ref/net8.0/System.Configuration.dll
           /usr/lib64/dotnet/packs/Microsoft.NETCore.App.Ref/8.0.22/ref/net8.0/System.Console.dll
           /usr/lib64/dotnet/packs/Microsoft.NETCore.App.Ref/8.0.22/ref/net8.0/System.Core.dll
           /usr/lib64/dotnet/packs/Microsoft.NETCore.App.Ref/8.0.22/ref/net8.0/System.Data.Common.dll
           /usr/lib64/dotnet/packs/Microsoft.NETCore.App.Ref/8.0.22/ref/net8.0/System.Data.DataSetExtensions.dll
           /usr/lib64/dotnet/packs/Microsoft.NETCore.App.Ref/8.0.22/ref/net8.0/System.Data.dll
           /usr/lib64/dotnet/packs/Microsoft.NETCore.App.Ref/8.0.22/ref/net8.0/System.Diagnostics.Contracts.dll
           /usr/lib64/dotnet/packs/Microsoft.NETCore.App.Ref/8.0.22/ref/net8.0/System.Diagnostics.Debug.dll
           /usr/lib64/dotnet/packs/Microsoft.NETCore.App.Ref/8.0.22/ref/net8.0/System.Diagnostics.DiagnosticSource.dll
           /usr/lib64/dotnet/packs/Microsoft.AspNetCore.App.Ref/8.0.22/ref/net8.0/System.Diagnostics.EventLog.dll
           /usr/lib64/dotnet/packs/Microsoft.NETCore.App.Ref/8.0.22/ref/net8.0/System.Diagnostics.FileVersionInfo.dll
           /usr/lib64/dotnet/packs/Microsoft.NETCore.App.Ref/8.0.22/ref/net8.0/System.Diagnostics.Process.dll
           /usr/lib64/dotnet/packs/Microsoft.NETCore.App.Ref/8.0.22/ref/net8.0/System.Diagnostics.StackTrace.dll
           /usr/lib64/dotnet/packs/Microsoft.NETCore.App.Ref/8.0.22/ref/net8.0/System.Diagnostics.TextWriterTraceListener.dll
           /usr/lib64/dotnet/packs/Microsoft.NETCore.App.Ref/8.0.22/ref/net8.0/System.Diagnostics.Tools.dll
           /usr/lib64/dotnet/packs/Microsoft.NETCore.App.Ref/8.0.22/ref/net8.0/System.Diagnostics.TraceSource.dll
           /usr/lib64/dotnet/packs/Microsoft.NETCore.App.Ref/8.0.22/ref/net8.0/System.Diagnostics.Tracing.dll
           /usr/lib64/dotnet/packs/Microsoft.NETCore.App.Ref/8.0.22/ref/net8.0/System.dll
           /usr/lib64/dotnet/packs/Microsoft.NETCore.App.Ref/8.0.22/ref/net8.0/System.Drawing.dll
           /usr/lib64/dotnet/packs/Microsoft.NETCore.App.Ref/8.0.22/ref/net8.0/System.Drawing.Primitives.dll
           /usr/lib64/dotnet/packs/Microsoft.NETCore.App.Ref/8.0.22/ref/net8.0/System.Dynamic.Runtime.dll
           /usr/lib64/dotnet/packs/Microsoft.NETCore.App.Ref/8.0.22/ref/net8.0/System.Formats.Asn1.dll
           /usr/lib64/dotnet/packs/Microsoft.NETCore.App.Ref/8.0.22/ref/net8.0/System.Formats.Tar.dll
           /usr/lib64/dotnet/packs/Microsoft.NETCore.App.Ref/8.0.22/ref/net8.0/System.Globalization.Calendars.dll
           /usr/lib64/dotnet/packs/Microsoft.NETCore.App.Ref/8.0.22/ref/net8.0/System.Globalization.dll
           /usr/lib64/dotnet/packs/Microsoft.NETCore.App.Ref/8.0.22/ref/net8.0/System.Globalization.Extensions.dll
           /home/baturhan/.nuget/packages/system.identitymodel.tokens.jwt/7.4.0/lib/net8.0/System.IdentityModel.Tokens.Jwt.dll
           /usr/lib64/dotnet/packs/Microsoft.NETCore.App.Ref/8.0.22/ref/net8.0/System.IO.Compression.Brotli.dll
           /usr/lib64/dotnet/packs/Microsoft.NETCore.App.Ref/8.0.22/ref/net8.0/System.IO.Compression.dll
           /usr/lib64/dotnet/packs/Microsoft.NETCore.App.Ref/8.0.22/ref/net8.0/System.IO.Compression.FileSystem.dll
           /usr/lib64/dotnet/packs/Microsoft.NETCore.App.Ref/8.0.22/ref/net8.0/System.IO.Compression.ZipFile.dll
           /usr/lib64/dotnet/packs/Microsoft.NETCore.App.Ref/8.0.22/ref/net8.0/System.IO.dll
           /usr/lib64/dotnet/packs/Microsoft.NETCore.App.Ref/8.0.22/ref/net8.0/System.IO.FileSystem.AccessControl.dll
           /usr/lib64/dotnet/packs/Microsoft.NETCore.App.Ref/8.0.22/ref/net8.0/System.IO.FileSystem.dll
           /usr/lib64/dotnet/packs/Microsoft.NETCore.App.Ref/8.0.22/ref/net8.0/System.IO.FileSystem.DriveInfo.dll
           /usr/lib64/dotnet/packs/Microsoft.NETCore.App.Ref/8.0.22/ref/net8.0/System.IO.FileSystem.Primitives.dll
           /usr/lib64/dotnet/packs/Microsoft.NETCore.App.Ref/8.0.22/ref/net8.0/System.IO.FileSystem.Watcher.dll
           /usr/lib64/dotnet/packs/Microsoft.NETCore.App.Ref/8.0.22/ref/net8.0/System.IO.IsolatedStorage.dll
           /usr/lib64/dotnet/packs/Microsoft.NETCore.App.Ref/8.0.22/ref/net8.0/System.IO.MemoryMappedFiles.dll
           /usr/lib64/dotnet/packs/Microsoft.AspNetCore.App.Ref/8.0.22/ref/net8.0/System.IO.Pipelines.dll
           /usr/lib64/dotnet/packs/Microsoft.NETCore.App.Ref/8.0.22/ref/net8.0/System.IO.Pipes.AccessControl.dll
           /usr/lib64/dotnet/packs/Microsoft.NETCore.App.Ref/8.0.22/ref/net8.0/System.IO.Pipes.dll
           /usr/lib64/dotnet/packs/Microsoft.NETCore.App.Ref/8.0.22/ref/net8.0/System.IO.UnmanagedMemoryStream.dll
           /usr/lib64/dotnet/packs/Microsoft.NETCore.App.Ref/8.0.22/ref/net8.0/System.Linq.dll
           /usr/lib64/dotnet/packs/Microsoft.NETCore.App.Ref/8.0.22/ref/net8.0/System.Linq.Expressions.dll
           /usr/lib64/dotnet/packs/Microsoft.NETCore.App.Ref/8.0.22/ref/net8.0/System.Linq.Parallel.dll
           /usr/lib64/dotnet/packs/Microsoft.NETCore.App.Ref/8.0.22/ref/net8.0/System.Linq.Queryable.dll
           /usr/lib64/dotnet/packs/Microsoft.NETCore.App.Ref/8.0.22/ref/net8.0/System.Memory.dll
           /usr/lib64/dotnet/packs/Microsoft.NETCore.App.Ref/8.0.22/ref/net8.0/System.Net.dll
           /usr/lib64/dotnet/packs/Microsoft.NETCore.App.Ref/8.0.22/ref/net8.0/System.Net.Http.dll
           /usr/lib64/dotnet/packs/Microsoft.NETCore.App.Ref/8.0.22/ref/net8.0/System.Net.Http.Json.dll
           /usr/lib64/dotnet/packs/Microsoft.NETCore.App.Ref/8.0.22/ref/net8.0/System.Net.HttpListener.dll
           /usr/lib64/dotnet/packs/Microsoft.NETCore.App.Ref/8.0.22/ref/net8.0/System.Net.Mail.dll
           /usr/lib64/dotnet/packs/Microsoft.NETCore.App.Ref/8.0.22/ref/net8.0/System.Net.NameResolution.dll
           /usr/lib64/dotnet/packs/Microsoft.NETCore.App.Ref/8.0.22/ref/net8.0/System.Net.NetworkInformation.dll
           /usr/lib64/dotnet/packs/Microsoft.NETCore.App.Ref/8.0.22/ref/net8.0/System.Net.Ping.dll
           /usr/lib64/dotnet/packs/Microsoft.NETCore.App.Ref/8.0.22/ref/net8.0/System.Net.Primitives.dll
           /usr/lib64/dotnet/packs/Microsoft.NETCore.App.Ref/8.0.22/ref/net8.0/System.Net.Quic.dll
           /usr/lib64/dotnet/packs/Microsoft.NETCore.App.Ref/8.0.22/ref/net8.0/System.Net.Requests.dll
           /usr/lib64/dotnet/packs/Microsoft.NETCore.App.Ref/8.0.22/ref/net8.0/System.Net.Security.dll
           /usr/lib64/dotnet/packs/Microsoft.NETCore.App.Ref/8.0.22/ref/net8.0/System.Net.ServicePoint.dll
           /usr/lib64/dotnet/packs/Microsoft.NETCore.App.Ref/8.0.22/ref/net8.0/System.Net.Sockets.dll
           /usr/lib64/dotnet/packs/Microsoft.NETCore.App.Ref/8.0.22/ref/net8.0/System.Net.WebClient.dll
           /usr/lib64/dotnet/packs/Microsoft.NETCore.App.Ref/8.0.22/ref/net8.0/System.Net.WebHeaderCollection.dll
           /usr/lib64/dotnet/packs/Microsoft.NETCore.App.Ref/8.0.22/ref/net8.0/System.Net.WebProxy.dll
           /usr/lib64/dotnet/packs/Microsoft.NETCore.App.Ref/8.0.22/ref/net8.0/System.Net.WebSockets.Client.dll
           /usr/lib64/dotnet/packs/Microsoft.NETCore.App.Ref/8.0.22/ref/net8.0/System.Net.WebSockets.dll
           /usr/lib64/dotnet/packs/Microsoft.NETCore.App.Ref/8.0.22/ref/net8.0/System.Numerics.dll
           /usr/lib64/dotnet/packs/Microsoft.NETCore.App.Ref/8.0.22/ref/net8.0/System.Numerics.Vectors.dll
           /usr/lib64/dotnet/packs/Microsoft.NETCore.App.Ref/8.0.22/ref/net8.0/System.ObjectModel.dll
           /usr/lib64/dotnet/packs/Microsoft.NETCore.App.Ref/8.0.22/ref/net8.0/System.Reflection.DispatchProxy.dll
           /usr/lib64/dotnet/packs/Microsoft.NETCore.App.Ref/8.0.22/ref/net8.0/System.Reflection.dll
           /usr/lib64/dotnet/packs/Microsoft.NETCore.App.Ref/8.0.22/ref/net8.0/System.Reflection.Emit.dll
           /usr/lib64/dotnet/packs/Microsoft.NETCore.App.Ref/8.0.22/ref/net8.0/System.Reflection.Emit.ILGeneration.dll
           /usr/lib64/dotnet/packs/Microsoft.NETCore.App.Ref/8.0.22/ref/net8.0/System.Reflection.Emit.Lightweight.dll
           /usr/lib64/dotnet/packs/Microsoft.NETCore.App.Ref/8.0.22/ref/net8.0/System.Reflection.Extensions.dll
           /usr/lib64/dotnet/packs/Microsoft.NETCore.App.Ref/8.0.22/ref/net8.0/System.Reflection.Metadata.dll
           /usr/lib64/dotnet/packs/Microsoft.NETCore.App.Ref/8.0.22/ref/net8.0/System.Reflection.Primitives.dll
           /usr/lib64/dotnet/packs/Microsoft.NETCore.App.Ref/8.0.22/ref/net8.0/System.Reflection.TypeExtensions.dll
           /usr/lib64/dotnet/packs/Microsoft.NETCore.App.Ref/8.0.22/ref/net8.0/System.Resources.Reader.dll
           /usr/lib64/dotnet/packs/Microsoft.NETCore.App.Ref/8.0.22/ref/net8.0/System.Resources.ResourceManager.dll
           /usr/lib64/dotnet/packs/Microsoft.NETCore.App.Ref/8.0.22/ref/net8.0/System.Resources.Writer.dll
           /usr/lib64/dotnet/packs/Microsoft.NETCore.App.Ref/8.0.22/ref/net8.0/System.Runtime.CompilerServices.Unsafe.dll
           /usr/lib64/dotnet/packs/Microsoft.NETCore.App.Ref/8.0.22/ref/net8.0/System.Runtime.CompilerServices.VisualC.dll
           /usr/lib64/dotnet/packs/Microsoft.NETCore.App.Ref/8.0.22/ref/net8.0/System.Runtime.dll
           /usr/lib64/dotnet/packs/Microsoft.NETCore.App.Ref/8.0.22/ref/net8.0/System.Runtime.Extensions.dll
           /usr/lib64/dotnet/packs/Microsoft.NETCore.App.Ref/8.0.22/ref/net8.0/System.Runtime.Handles.dll
           /usr/lib64/dotnet/packs/Microsoft.NETCore.App.Ref/8.0.22/ref/net8.0/System.Runtime.InteropServices.dll
           /usr/lib64/dotnet/packs/Microsoft.NETCore.App.Ref/8.0.22/ref/net8.0/System.Runtime.InteropServices.JavaScript.dll
           /usr/lib64/dotnet/packs/Microsoft.NETCore.App.Ref/8.0.22/ref/net8.0/System.Runtime.InteropServices.RuntimeInformation.dll
           /usr/lib64/dotnet/packs/Microsoft.NETCore.App.Ref/8.0.22/ref/net8.0/System.Runtime.Intrinsics.dll
           /usr/lib64/dotnet/packs/Microsoft.NETCore.App.Ref/8.0.22/ref/net8.0/System.Runtime.Loader.dll
           /usr/lib64/dotnet/packs/Microsoft.NETCore.App.Ref/8.0.22/ref/net8.0/System.Runtime.Numerics.dll
           /usr/lib64/dotnet/packs/Microsoft.NETCore.App.Ref/8.0.22/ref/net8.0/System.Runtime.Serialization.dll
           /usr/lib64/dotnet/packs/Microsoft.NETCore.App.Ref/8.0.22/ref/net8.0/System.Runtime.Serialization.Formatters.dll
           /usr/lib64/dotnet/packs/Microsoft.NETCore.App.Ref/8.0.22/ref/net8.0/System.Runtime.Serialization.Json.dll
           /usr/lib64/dotnet/packs/Microsoft.NETCore.App.Ref/8.0.22/ref/net8.0/System.Runtime.Serialization.Primitives.dll
           /usr/lib64/dotnet/packs/Microsoft.NETCore.App.Ref/8.0.22/ref/net8.0/System.Runtime.Serialization.Xml.dll
           /usr/lib64/dotnet/packs/Microsoft.NETCore.App.Ref/8.0.22/ref/net8.0/System.Security.AccessControl.dll
           /usr/lib64/dotnet/packs/Microsoft.NETCore.App.Ref/8.0.22/ref/net8.0/System.Security.Claims.dll
           /usr/lib64/dotnet/packs/Microsoft.NETCore.App.Ref/8.0.22/ref/net8.0/System.Security.Cryptography.Algorithms.dll
           /usr/lib64/dotnet/packs/Microsoft.NETCore.App.Ref/8.0.22/ref/net8.0/System.Security.Cryptography.Cng.dll
           /usr/lib64/dotnet/packs/Microsoft.NETCore.App.Ref/8.0.22/ref/net8.0/System.Security.Cryptography.Csp.dll
           /usr/lib64/dotnet/packs/Microsoft.NETCore.App.Ref/8.0.22/ref/net8.0/System.Security.Cryptography.dll
           /usr/lib64/dotnet/packs/Microsoft.NETCore.App.Ref/8.0.22/ref/net8.0/System.Security.Cryptography.Encoding.dll
           /usr/lib64/dotnet/packs/Microsoft.NETCore.App.Ref/8.0.22/ref/net8.0/System.Security.Cryptography.OpenSsl.dll
           /usr/lib64/dotnet/packs/Microsoft.NETCore.App.Ref/8.0.22/ref/net8.0/System.Security.Cryptography.Primitives.dll
           /usr/lib64/dotnet/packs/Microsoft.NETCore.App.Ref/8.0.22/ref/net8.0/System.Security.Cryptography.X509Certificates.dll
           /usr/lib64/dotnet/packs/Microsoft.AspNetCore.App.Ref/8.0.22/ref/net8.0/System.Security.Cryptography.Xml.dll
           /usr/lib64/dotnet/packs/Microsoft.NETCore.App.Ref/8.0.22/ref/net8.0/System.Security.dll
           /usr/lib64/dotnet/packs/Microsoft.NETCore.App.Ref/8.0.22/ref/net8.0/System.Security.Principal.dll
           /usr/lib64/dotnet/packs/Microsoft.NETCore.App.Ref/8.0.22/ref/net8.0/System.Security.Principal.Windows.dll
           /usr/lib64/dotnet/packs/Microsoft.NETCore.App.Ref/8.0.22/ref/net8.0/System.Security.SecureString.dll
           /usr/lib64/dotnet/packs/Microsoft.NETCore.App.Ref/8.0.22/ref/net8.0/System.ServiceModel.Web.dll
           /usr/lib64/dotnet/packs/Microsoft.NETCore.App.Ref/8.0.22/ref/net8.0/System.ServiceProcess.dll
           /usr/lib64/dotnet/packs/Microsoft.NETCore.App.Ref/8.0.22/ref/net8.0/System.Text.Encoding.CodePages.dll
           /usr/lib64/dotnet/packs/Microsoft.NETCore.App.Ref/8.0.22/ref/net8.0/System.Text.Encoding.dll
           /usr/lib64/dotnet/packs/Microsoft.NETCore.App.Ref/8.0.22/ref/net8.0/System.Text.Encoding.Extensions.dll
           /usr/lib64/dotnet/packs/Microsoft.NETCore.App.Ref/8.0.22/ref/net8.0/System.Text.Encodings.Web.dll
           /usr/lib64/dotnet/packs/Microsoft.NETCore.App.Ref/8.0.22/ref/net8.0/System.Text.Json.dll
           /usr/lib64/dotnet/packs/Microsoft.NETCore.App.Ref/8.0.22/ref/net8.0/System.Text.RegularExpressions.dll
           /usr/lib64/dotnet/packs/Microsoft.NETCore.App.Ref/8.0.22/ref/net8.0/System.Threading.Channels.dll
           /usr/lib64/dotnet/packs/Microsoft.NETCore.App.Ref/8.0.22/ref/net8.0/System.Threading.dll
           /usr/lib64/dotnet/packs/Microsoft.NETCore.App.Ref/8.0.22/ref/net8.0/System.Threading.Overlapped.dll
           /usr/lib64/dotnet/packs/Microsoft.AspNetCore.App.Ref/8.0.22/ref/net8.0/System.Threading.RateLimiting.dll
           /usr/lib64/dotnet/packs/Microsoft.NETCore.App.Ref/8.0.22/ref/net8.0/System.Threading.Tasks.Dataflow.dll
           /usr/lib64/dotnet/packs/Microsoft.NETCore.App.Ref/8.0.22/ref/net8.0/System.Threading.Tasks.dll
           /usr/lib64/dotnet/packs/Microsoft.NETCore.App.Ref/8.0.22/ref/net8.0/System.Threading.Tasks.Extensions.dll
           /usr/lib64/dotnet/packs/Microsoft.NETCore.App.Ref/8.0.22/ref/net8.0/System.Threading.Tasks.Parallel.dll
           /usr/lib64/dotnet/packs/Microsoft.NETCore.App.Ref/8.0.22/ref/net8.0/System.Threading.Thread.dll
           /usr/lib64/dotnet/packs/Microsoft.NETCore.App.Ref/8.0.22/ref/net8.0/System.Threading.ThreadPool.dll
           /usr/lib64/dotnet/packs/Microsoft.NETCore.App.Ref/8.0.22/ref/net8.0/System.Threading.Timer.dll
           /usr/lib64/dotnet/packs/Microsoft.NETCore.App.Ref/8.0.22/ref/net8.0/System.Transactions.dll
           /usr/lib64/dotnet/packs/Microsoft.NETCore.App.Ref/8.0.22/ref/net8.0/System.Transactions.Local.dll
           /usr/lib64/dotnet/packs/Microsoft.NETCore.App.Ref/8.0.22/ref/net8.0/System.ValueTuple.dll
           /usr/lib64/dotnet/packs/Microsoft.NETCore.App.Ref/8.0.22/ref/net8.0/System.Web.dll
           /usr/lib64/dotnet/packs/Microsoft.NETCore.App.Ref/8.0.22/ref/net8.0/System.Web.HttpUtility.dll
           /usr/lib64/dotnet/packs/Microsoft.NETCore.App.Ref/8.0.22/ref/net8.0/System.Windows.dll
           /usr/lib64/dotnet/packs/Microsoft.NETCore.App.Ref/8.0.22/ref/net8.0/System.Xml.dll
           /usr/lib64/dotnet/packs/Microsoft.NETCore.App.Ref/8.0.22/ref/net8.0/System.Xml.Linq.dll
           /usr/lib64/dotnet/packs/Microsoft.NETCore.App.Ref/8.0.22/ref/net8.0/System.Xml.ReaderWriter.dll
           /usr/lib64/dotnet/packs/Microsoft.NETCore.App.Ref/8.0.22/ref/net8.0/System.Xml.Serialization.dll
           /usr/lib64/dotnet/packs/Microsoft.NETCore.App.Ref/8.0.22/ref/net8.0/System.Xml.XDocument.dll
           /usr/lib64/dotnet/packs/Microsoft.NETCore.App.Ref/8.0.22/ref/net8.0/System.Xml.XmlDocument.dll
           /usr/lib64/dotnet/packs/Microsoft.NETCore.App.Ref/8.0.22/ref/net8.0/System.Xml.XmlSerializer.dll
           /usr/lib64/dotnet/packs/Microsoft.NETCore.App.Ref/8.0.22/ref/net8.0/System.Xml.XPath.dll
           /usr/lib64/dotnet/packs/Microsoft.NETCore.App.Ref/8.0.22/ref/net8.0/System.Xml.XPath.XDocument.dll
           /usr/lib64/dotnet/packs/Microsoft.NETCore.App.Ref/8.0.22/ref/net8.0/WindowsBase.dll
           obj/Debug/net8.0/Shared.csproj.CoreCompileInputs.cache
           /usr/lib64/dotnet/sdk/10.0.101/Sdks/Microsoft.NET.Sdk/targets/../analyzers/Microsoft.CodeAnalysis.CSharp.NetAnalyzers.dll
           /usr/lib64/dotnet/sdk/10.0.101/Sdks/Microsoft.NET.Sdk/targets/../analyzers/Microsoft.CodeAnalysis.NetAnalyzers.dll
           /home/baturhan/.nuget/packages/microsoft.entityframeworkcore.analyzers/8.0.15/analyzers/dotnet/cs/Microsoft.EntityFrameworkCore.Analyzers.dll
           /usr/lib64/dotnet/packs/Microsoft.NETCore.App.Ref/8.0.22/analyzers/dotnet/cs/Microsoft.Interop.ComInterfaceGenerator.dll
           /usr/lib64/dotnet/packs/Microsoft.NETCore.App.Ref/8.0.22/analyzers/dotnet/cs/Microsoft.Interop.JavaScript.JSImportGenerator.dll
           /usr/lib64/dotnet/packs/Microsoft.NETCore.App.Ref/8.0.22/analyzers/dotnet/cs/Microsoft.Interop.LibraryImportGenerator.dll
           /usr/lib64/dotnet/packs/Microsoft.NETCore.App.Ref/8.0.22/analyzers/dotnet/cs/Microsoft.Interop.SourceGeneration.dll
           /usr/lib64/dotnet/packs/Microsoft.NETCore.App.Ref/8.0.22/analyzers/dotnet/cs/System.Text.Json.SourceGeneration.dll
           /usr/lib64/dotnet/packs/Microsoft.NETCore.App.Ref/8.0.22/analyzers/dotnet/cs/System.Text.RegularExpressions.Generator.dll
           /usr/lib64/dotnet/packs/Microsoft.AspNetCore.App.Ref/8.0.22/analyzers/dotnet/cs/Microsoft.AspNetCore.App.Analyzers.dll
           /usr/lib64/dotnet/packs/Microsoft.AspNetCore.App.Ref/8.0.22/analyzers/dotnet/cs/Microsoft.AspNetCore.App.CodeFixes.dll
           /usr/lib64/dotnet/packs/Microsoft.AspNetCore.App.Ref/8.0.22/analyzers/dotnet/cs/Microsoft.AspNetCore.Components.Analyzers.dll
           /usr/lib64/dotnet/packs/Microsoft.AspNetCore.App.Ref/8.0.22/analyzers/dotnet/roslyn4.4/cs/Microsoft.Extensions.Logging.Generators.dll
           /usr/lib64/dotnet/packs/Microsoft.AspNetCore.App.Ref/8.0.22/analyzers/dotnet/roslyn4.4/cs/Microsoft.Extensions.Options.SourceGeneration.dll
           /home/baturhan/Projeler/Entegrasyon/.editorconfig
           obj/Debug/net8.0/Shared.GeneratedMSBuildEditorConfig.editorconfig
           /usr/lib64/dotnet/sdk/10.0.101/Sdks/Microsoft.NET.Sdk/analyzers/build/config/analysislevel_8_default.globalconfig
           /home/baturhan/Projeler/Entegrasyon/Shared/Shared/obj/Shared.csproj.nuget.g.targets
           /usr/lib64/dotnet/sdk/10.0.101/Current/Microsoft.Common.targets/ImportAfter/Microsoft.TestPlatform.ImportAfter.targets
           obj/Debug/net8.0/Shared.sourcelink.json
       Output files: 
           obj/Debug/net8.0/Shared.dll
           obj/Debug/net8.0/refint/Shared.dll
           obj/Debug/net8.0/Shared.pdb
       /usr/lib64/dotnet/sdk/10.0.101/Roslyn/Microsoft.CSharp.Core.targets(66,7): message : Property reassignment: $(NoWarn)="1701;1702;1701;1702" (previous value: "1701;1702") at /usr/lib64/dotnet/sdk/10.0.101/Roslyn/Microsoft.CSharp.Core.targets (66,7) [/home/baturhan/Projeler/Entegrasyon/Shared/Shared/Shared.csproj]
   6:8>Done building target "CoreCompile" in project "Shared.csproj".
   6:8>Target "AfterCompile" in file "/usr/lib64/dotnet/sdk/10.0.101/Microsoft.Common.CurrentVersion.targets" from project "/home/baturhan/Projeler/Entegrasyon/Shared/Shared/Shared.csproj" (target "Compile" depends on it):
   6:8>Done building target "AfterCompile" in project "Shared.csproj".
   6:8>Target "Compile" in file "/usr/lib64/dotnet/sdk/10.0.101/Microsoft.Common.CurrentVersion.targets" from project "/home/baturhan/Projeler/Entegrasyon/Shared/Shared/Shared.csproj" (target "CoreBuild" depends on it):
   6:8>Done building target "Compile" in project "Shared.csproj".
   6:8>Target "_GenerateSatelliteAssemblyInputs" in file "/usr/lib64/dotnet/sdk/10.0.101/Microsoft.Common.CurrentVersion.targets" from project "/home/baturhan/Projeler/Entegrasyon/Shared/Shared/Shared.csproj" (target "CreateSatelliteAssemblies" depends on it):
   6:8>Done building target "_GenerateSatelliteAssemblyInputs" in project "Shared.csproj".
   6:8>Target "CreateSatelliteAssemblies" in file "/usr/lib64/dotnet/sdk/10.0.101/Microsoft.Common.CurrentVersion.targets" from project "/home/baturhan/Projeler/Entegrasyon/Shared/Shared/Shared.csproj" (target "CoreBuild" depends on it):
   6:8>Done building target "CreateSatelliteAssemblies" in project "Shared.csproj".
   6:8>Target "GetTargetPathWithTargetPlatformMoniker" in file "/usr/lib64/dotnet/sdk/10.0.101/Microsoft.Common.CurrentVersion.targets" from project "/home/baturhan/Projeler/Entegrasyon/Shared/Shared/Shared.csproj" (target "GetTargetPath" depends on it):
   6:8>Done building target "GetTargetPathWithTargetPlatformMoniker" in project "Shared.csproj".
   6:8>Target "GetTargetPath" in file "/usr/lib64/dotnet/sdk/10.0.101/Microsoft.Common.CurrentVersion.targets" from project "/home/baturhan/Projeler/Entegrasyon/Shared/Shared/Shared.csproj" (target "CoreBuild" depends on it):
   6:8>Done building target "GetTargetPath" in project "Shared.csproj".
       Target "AssignTargetPaths" skipped. Previously built successfully.
       Target "_SplitProjectReferencesByFileExistence" skipped. Previously built successfully.
       Target "_GetProjectReferenceTargetFrameworkProperties" skipped. Previously built successfully.
   6:8>Target "_PopulateCommonStateForGetCopyToOutputDirectoryItems" in file "/usr/lib64/dotnet/sdk/10.0.101/Microsoft.Common.CurrentVersion.targets" from project "/home/baturhan/Projeler/Entegrasyon/Shared/Shared/Shared.csproj" (target "GetCopyToOutputDirectoryItems" depends on it):
   6:8>Done building target "_PopulateCommonStateForGetCopyToOutputDirectoryItems" in project "Shared.csproj".
   6:8>Target "GetCopyToOutputDirectoryItems" in file "/usr/lib64/dotnet/sdk/10.0.101/Microsoft.Common.CurrentVersion.targets" from project "/home/baturhan/Projeler/Entegrasyon/Shared/Shared/Shared.csproj" (target "_CopySourceItemsToOutputDirectory" depends on it):
       Using "CallTarget" task from assembly "Microsoft.Build.Tasks.Core, Version=15.1.0.0, Culture=neutral, PublicKeyToken=b03f5f7f11d50a3a".
       Task "CallTarget"
       Target "_PopulateCommonStateForGetCopyToOutputDirectoryItems" skipped. Previously built successfully.
       Target "_AddOutputPathToGlobalPropertiesToRemove" skipped. Previously built successfully.
   6:8>Target "_GetCopyToOutputDirectoryItemsFromTransitiveProjectReferences" in file "/usr/lib64/dotnet/sdk/10.0.101/Microsoft.Common.CurrentVersion.targets" from project "/home/baturhan/Projeler/Entegrasyon/Shared/Shared/Shared.csproj" (target "GetCopyToOutputDirectoryItems" depends on it):
       Task "AssignTargetPath"
       Done executing task "AssignTargetPath".
   6:8>Done building target "_GetCopyToOutputDirectoryItemsFromTransitiveProjectReferences" in project "Shared.csproj".
       Done executing task "CallTarget".
       Task "CallTarget"
       Target "AssignTargetPaths" skipped. Previously built successfully.
       Target "_PopulateCommonStateForGetCopyToOutputDirectoryItems" skipped. Previously built successfully.
   6:8>Target "_GetCopyToOutputDirectoryItemsFromThisProject" in file "/usr/lib64/dotnet/sdk/10.0.101/Microsoft.Common.CurrentVersion.targets" from project "/home/baturhan/Projeler/Entegrasyon/Shared/Shared/Shared.csproj" (target "GetCopyToOutputDirectoryItems" depends on it):
       Task "AssignTargetPath"
       Done executing task "AssignTargetPath".
   6:8>Done building target "_GetCopyToOutputDirectoryItemsFromThisProject" in project "Shared.csproj".
       Done executing task "CallTarget".
   6:8>Done building target "GetCopyToOutputDirectoryItems" in project "Shared.csproj".
   6:8>Target "_CopySourceItemsToOutputDirectory" in file "/usr/lib64/dotnet/sdk/10.0.101/Microsoft.Common.CurrentVersion.targets" from project "/home/baturhan/Projeler/Entegrasyon/Shared/Shared/Shared.csproj" (target "CopyFilesToOutputDirectory" depends on it):
   6:8>Done building target "_CopySourceItemsToOutputDirectory" in project "Shared.csproj".
   6:8>Target "_CheckForCompileOutputs" in file "/usr/lib64/dotnet/sdk/10.0.101/Microsoft.Common.CurrentVersion.targets" from project "/home/baturhan/Projeler/Entegrasyon/Shared/Shared/Shared.csproj" (target "CopyFilesToOutputDirectory" depends on it):
   6:8>Done building target "_CheckForCompileOutputs" in project "Shared.csproj".
       Target "_DefaultMicrosoftNETPlatformLibrary" skipped. Previously built successfully.
       Target "_HandlePackageFileConflicts" skipped. Previously built successfully.
       Target "ResolveAssemblyReferences" skipped. Previously built successfully.
   6:8>Target "_ComputeReferenceAssemblies" in file "/usr/lib64/dotnet/sdk/10.0.101/Sdks/Microsoft.NET.Sdk/targets/Microsoft.NET.Sdk.targets" from project "/home/baturhan/Projeler/Entegrasyon/Shared/Shared/Shared.csproj" (target "GenerateBuildDependencyFile" depends on it):
   6:8>Done building target "_ComputeReferenceAssemblies" in project "Shared.csproj".
   6:8>Target "_ComputeUserRuntimeAssemblies" in file "/usr/lib64/dotnet/sdk/10.0.101/Sdks/Microsoft.NET.Sdk/targets/Microsoft.NET.Sdk.targets" from project "/home/baturhan/Projeler/Entegrasyon/Shared/Shared/Shared.csproj" (target "GenerateBuildDependencyFile" depends on it):
   6:8>Done building target "_ComputeUserRuntimeAssemblies" in project "Shared.csproj".
       Target "_ComputePackageReferencePublish" skipped. Previously built successfully.
   6:8>Target "GenerateBuildDependencyFile" in file "/usr/lib64/dotnet/sdk/10.0.101/Sdks/Microsoft.NET.Sdk/targets/Microsoft.NET.Sdk.targets" from project "/home/baturhan/Projeler/Entegrasyon/Shared/Shared/Shared.csproj" (target "CopyFilesToOutputDirectory" depends on it):
       Skipping target "GenerateBuildDependencyFile" because all output files are up-to-date with respect to the input files.
       Input files: 
           /home/baturhan/Projeler/Entegrasyon/Shared/Shared/obj/project.assets.json
           /home/baturhan/Projeler/Entegrasyon/Shared/Shared/obj/Debug/net8.0/Shared.assets.cache
           /home/baturhan/Projeler/Entegrasyon/Shared/Shared/obj/Shared.csproj.nuget.g.targets
           /usr/lib64/dotnet/sdk/10.0.101/Current/Microsoft.Common.targets/ImportAfter/Microsoft.TestPlatform.ImportAfter.targets
       Output files: /home/baturhan/Projeler/Entegrasyon/Shared/Shared/bin/Debug/net8.0/Shared.deps.json
   6:8>Done building target "GenerateBuildDependencyFile" in project "Shared.csproj".
   6:8>Target "CopyFilesToOutputDirectory" in file "/usr/lib64/dotnet/sdk/10.0.101/Microsoft.Common.CurrentVersion.targets" from project "/home/baturhan/Projeler/Entegrasyon/Shared/Shared/Shared.csproj" (target "PrepareForRun" depends on it):
       Using "Copy" task from assembly "Microsoft.Build.Tasks.Core, Version=15.1.0.0, Culture=neutral, PublicKeyToken=b03f5f7f11d50a3a".
       Task "Copy"
         Did not copy from file "obj/Debug/net8.0/Shared.dll" to file "bin/Debug/net8.0/Shared.dll" because the "SkipUnchangedFiles" parameter was set to "true" in the project and the files' sizes and timestamps match.
       Done executing task "Copy".
       Using "CopyRefAssembly" task from assembly "/usr/lib64/dotnet/sdk/10.0.101/Sdks/Microsoft.NET.Sdk/targets/../../../Roslyn/Microsoft.Build.Tasks.CodeAnalysis.dll".
       Task "CopyRefAssembly"
         Reference assembly "/home/baturhan/Projeler/Entegrasyon/Shared/Shared/obj/Debug/net8.0/ref/Shared.dll" already has latest information. Leaving it untouched.
       Done executing task "CopyRefAssembly".
       Task "Message"
         Shared -> /home/baturhan/Projeler/Entegrasyon/Shared/Shared/bin/Debug/net8.0/Shared.dll
       Done executing task "Message".
       Task "Copy"
         Did not copy from file "obj/Debug/net8.0/Shared.pdb" to file "bin/Debug/net8.0/Shared.pdb" because the "SkipUnchangedFiles" parameter was set to "true" in the project and the files' sizes and timestamps match.
       Done executing task "Copy".
   6:8>Done building target "CopyFilesToOutputDirectory" in project "Shared.csproj".
   6:8>Target "PrepareForRun" in file "/usr/lib64/dotnet/sdk/10.0.101/Microsoft.Common.CurrentVersion.targets" from project "/home/baturhan/Projeler/Entegrasyon/Shared/Shared/Shared.csproj" (target "CoreBuild" depends on it):
   6:8>Done building target "PrepareForRun" in project "Shared.csproj".
       Target "_CheckForCompileOutputs" skipped. Previously built successfully.
   6:8>Target "_CleanGetCurrentAndPriorFileWrites" in file "/usr/lib64/dotnet/sdk/10.0.101/Microsoft.Common.CurrentVersion.targets" from project "/home/baturhan/Projeler/Entegrasyon/Shared/Shared/Shared.csproj" (target "IncrementalClean" depends on it):
       Using "ReadLinesFromFile" task from assembly "Microsoft.Build.Tasks.Core, Version=15.1.0.0, Culture=neutral, PublicKeyToken=b03f5f7f11d50a3a".
       Task "ReadLinesFromFile"
       Done executing task "ReadLinesFromFile".
       Using "ConvertToAbsolutePath" task from assembly "Microsoft.Build.Tasks.Core, Version=15.1.0.0, Culture=neutral, PublicKeyToken=b03f5f7f11d50a3a".
       Task "ConvertToAbsolutePath"
       Done executing task "ConvertToAbsolutePath".
       Using "FindUnderPath" task from assembly "Microsoft.Build.Tasks.Core, Version=15.1.0.0, Culture=neutral, PublicKeyToken=b03f5f7f11d50a3a".
       Task "FindUnderPath"
         Comparison path is "/home/baturhan/Projeler/Entegrasyon/Shared/Shared".
       Done executing task "FindUnderPath".
       Task "FindUnderPath"
         Comparison path is "bin/Debug/net8.0/".
       Done executing task "FindUnderPath".
       Task "FindUnderPath"
         Comparison path is "obj/Debug/net8.0/".
       Done executing task "FindUnderPath".
       Using "RemoveDuplicates" task from assembly "Microsoft.Build.Tasks.Core, Version=15.1.0.0, Culture=neutral, PublicKeyToken=b03f5f7f11d50a3a".
       Task "RemoveDuplicates"
       Done executing task "RemoveDuplicates".
   6:8>Done building target "_CleanGetCurrentAndPriorFileWrites" in project "Shared.csproj".
   6:8>Target "IncrementalClean" in file "/usr/lib64/dotnet/sdk/10.0.101/Microsoft.Common.CurrentVersion.targets" from project "/home/baturhan/Projeler/Entegrasyon/Shared/Shared/Shared.csproj" (target "CoreBuild" depends on it):
       Task "FindUnderPath"
         Comparison path is "bin/Debug/net8.0/".
       Done executing task "FindUnderPath".
       Task "FindUnderPath"
         Comparison path is "obj/Debug/net8.0/".
       Done executing task "FindUnderPath".
       Using "Delete" task from assembly "Microsoft.Build.Tasks.Core, Version=15.1.0.0, Culture=neutral, PublicKeyToken=b03f5f7f11d50a3a".
       Task "Delete"
       Done executing task "Delete".
       Task "RemoveDuplicates"
       Done executing task "RemoveDuplicates".
   6:8>Done building target "IncrementalClean" in project "Shared.csproj".
       Target "GenerateBuildDependencyFile" skipped. Previously built successfully.
   6:8>Target "CoreBuild" in file "/usr/lib64/dotnet/sdk/10.0.101/Microsoft.Common.CurrentVersion.targets" from project "/home/baturhan/Projeler/Entegrasyon/Shared/Shared/Shared.csproj" (target "Build" depends on it):
   6:8>Done building target "CoreBuild" in project "Shared.csproj".
   6:8>Target "AfterBuild" in file "/usr/lib64/dotnet/sdk/10.0.101/Microsoft.Common.CurrentVersion.targets" from project "/home/baturhan/Projeler/Entegrasyon/Shared/Shared/Shared.csproj" (target "Build" depends on it):
   6:8>Done building target "AfterBuild" in project "Shared.csproj".
       Target "_CheckForInvalidConfigurationAndPlatform" skipped. Previously built successfully.
       Target "_CheckForInvalidConfigurationAndPlatform" skipped. Previously built successfully.
   6:8>Target "Build" in file "/usr/lib64/dotnet/sdk/10.0.101/Microsoft.Common.CurrentVersion.targets" from project "/home/baturhan/Projeler/Entegrasyon/Shared/Shared/Shared.csproj" (entry point):
   6:8>Done building target "Build" in project "Shared.csproj".
   6:8>Target "_CheckContainersPackage" in file "/usr/lib64/dotnet/sdk/10.0.101/Containers/build/Microsoft.NET.Build.Containers.targets" from project "/home/baturhan/Projeler/Entegrasyon/Shared/Shared/Shared.csproj" (entry point):
   6:8>Done building target "_CheckContainersPackage" in project "Shared.csproj".
   6:8>Done Building Project "/home/baturhan/Projeler/Entegrasyon/Shared/Shared/Shared.csproj" (default targets).
   8:7>Project "/home/baturhan/Projeler/Entegrasyon/Application/Entegrasyon.Entity/Entegrasyon.Entity.csproj" (8:7) is building "/home/baturhan/Projeler/Entegrasyon/Shared/Shared/Shared.csproj" (6:15) on node 6 (default targets).
  6:15>Target "NETStandardCompatError_Microsoft_Extensions_Configuration_Binder" skipped. Previously built successfully.
       Target "Build" skipped. Previously built successfully.
  6:15>Done Building Project "/home/baturhan/Projeler/Entegrasyon/Shared/Shared/Shared.csproj" (default targets).
   2:8>Project "/home/baturhan/Projeler/Entegrasyon/Application/Entegrasyon.Business/Entegrasyon.Business.csproj" (2:8) is building "/home/baturhan/Projeler/Entegrasyon/Shared/Shared/Shared.csproj" (6:16) on node 6 (default targets).
  6:16>Target "NETStandardCompatError_Microsoft_Extensions_Configuration_Binder" skipped. Previously built successfully.
       Target "Build" skipped. Previously built successfully.
  6:16>Done Building Project "/home/baturhan/Projeler/Entegrasyon/Shared/Shared/Shared.csproj" (default targets).
   3:6>Project "/home/baturhan/Projeler/Entegrasyon/Application/Entegrasyon.MessageQueue/Entegrasyon.MessageQueue.Handler.csproj" (3:6) is building "/home/baturhan/Projeler/Entegrasyon/Shared/Shared/Shared.csproj" (6:17) on node 6 (default targets).
  6:17>Target "NETStandardCompatError_Microsoft_Extensions_Configuration_Binder" skipped. Previously built successfully.
       Target "Build" skipped. Previously built successfully.
  6:17>Done Building Project "/home/baturhan/Projeler/Entegrasyon/Shared/Shared/Shared.csproj" (default targets).
   4:6>Project "/home/baturhan/Projeler/Entegrasyon/Application/Entegrasyon.ApplicationBootstrap/Entegrasyon.ApplicationBootstrap.csproj" (4:6) is building "/home/baturhan/Projeler/Entegrasyon/Shared/Shared/Shared.csproj" (6:18) on node 6 (default targets).
  6:18>Target "NETStandardCompatError_Microsoft_Extensions_Configuration_Binder" skipped. Previously built successfully.
       Target "Build" skipped. Previously built successfully.
  6:18>Done Building Project "/home/baturhan/Projeler/Entegrasyon/Shared/Shared/Shared.csproj" (default targets).
   7:7>Project "/home/baturhan/Projeler/Entegrasyon/Application/Entegrasyon.DataAccess/Entegrasyon.DataAccess.csproj" (7:7) is building "/home/baturhan/Projeler/Entegrasyon/Shared/Shared/Shared.csproj" (6:19) on node 6 (default targets).
  6:19>Target "NETStandardCompatError_Microsoft_Extensions_Configuration_Binder" skipped. Previously built successfully.
       Target "Build" skipped. Previously built successfully.
  6:19>Done Building Project "/home/baturhan/Projeler/Entegrasyon/Shared/Shared/Shared.csproj" (default targets).
   5:7>Project "/home/baturhan/Projeler/Entegrasyon/Application/Entegrasyon.MessageQueue.Commands/Entegrasyon.MessageQueue.Commands.csproj" (5:7) is building "/home/baturhan/Projeler/Entegrasyon/Shared/Shared/Shared.csproj" (6:20) on node 6 (default targets).
  6:20>Target "NETStandardCompatError_Microsoft_Extensions_Configuration_Binder" skipped. Previously built successfully.
       Target "Build" skipped. Previously built successfully.
  6:20>Done Building Project "/home/baturhan/Projeler/Entegrasyon/Shared/Shared/Shared.csproj" (default targets).
   8:7>Done executing task "MSBuild".
       Task "MSBuild"
         Removing Properties for project "../../Shared/Shared/Shared.csproj":
           TargetFramework
           RuntimeIdentifier
           SelfContained
   8:7>Project "/home/baturhan/Projeler/Entegrasyon/Application/Entegrasyon.Entity/Entegrasyon.Entity.csproj" (8:7) is building "/home/baturhan/Projeler/Entegrasyon/Shared/Shared/Shared.csproj" (6:21) on node 6 (GetNativeManifest target(s)).
  6:21>Target "NETStandardCompatError_Microsoft_Extensions_Configuration_Binder" skipped. Previously built successfully.
  6:21>Target "GetNativeManifest" in file "/usr/lib64/dotnet/sdk/10.0.101/Microsoft.Common.CurrentVersion.targets" from project "/home/baturhan/Projeler/Entegrasyon/Shared/Shared/Shared.csproj" (entry point):
  6:21>Done building target "GetNativeManifest" in project "Shared.csproj".
  6:21>Done Building Project "/home/baturhan/Projeler/Entegrasyon/Shared/Shared/Shared.csproj" (GetNativeManifest target(s)).
   8:7>Done executing task "MSBuild".
   8:7>Done building target "ResolveProjectReferences" in project "Entegrasyon.Entity.csproj".
       Target "ResolveProjectReferences" skipped. Previously built successfully.
       Target "GetFrameworkPaths" skipped. Previously built successfully.
       Target "GetReferenceAssemblyPaths" skipped. Previously built successfully.
       Target "PrepareForBuild" skipped. Previously built successfully.
   8:7>Target "ResolveSDKReferences" in file "/usr/lib64/dotnet/sdk/10.0.101/Microsoft.Common.CurrentVersion.targets" from project "/home/baturhan/Projeler/Entegrasyon/Application/Entegrasyon.Entity/Entegrasyon.Entity.csproj" (target "ResolveAssemblyReferences" depends on it):
   8:7>Done building target "ResolveSDKReferences" in project "Entegrasyon.Entity.csproj".
       Target "ResolveSDKReferences" skipped. Previously built successfully.
   8:7>Target "ExpandSDKReferences" in file "/usr/lib64/dotnet/sdk/10.0.101/Microsoft.Common.CurrentVersion.targets" from project "/home/baturhan/Projeler/Entegrasyon/Application/Entegrasyon.Entity/Entegrasyon.Entity.csproj" (target "ResolveAssemblyReferences" depends on it):
   8:7>Done building target "ExpandSDKReferences" in project "Entegrasyon.Entity.csproj".
       Target "ResolvePackageDependenciesForBuild" skipped. Previously built successfully.
       Target "GetFrameworkPaths" skipped. Previously built successfully.
       Target "GetReferenceAssemblyPaths" skipped. Previously built successfully.
       Target "ProcessFrameworkReferences" skipped. Previously built successfully.
       Target "ResolvePackageAssets" skipped. Previously built successfully.
   8:7>Target "ResolveFrameworkReferences" in file "/usr/lib64/dotnet/sdk/10.0.101/Sdks/Microsoft.NET.Sdk/targets/Microsoft.NET.Sdk.FrameworkReferenceResolution.targets" from project "/home/baturhan/Projeler/Entegrasyon/Application/Entegrasyon.Entity/Entegrasyon.Entity.csproj" (target "ResolveTargetingPackAssets" depends on it):
       Using "GetPackageDirectory" task from assembly "/usr/lib64/dotnet/sdk/10.0.101/Sdks/Microsoft.NET.Sdk/targets/../tools/net10.0/Microsoft.NET.Build.Tasks.dll".
       Task "GetPackageDirectory"
       Done executing task "GetPackageDirectory".
       Task "GetPackageDirectory"
       Done executing task "GetPackageDirectory".
       Task "GetPackageDirectory"
       Done executing task "GetPackageDirectory".
       Task "GetPackageDirectory"
       Done executing task "GetPackageDirectory".
       Task "GetPackageDirectory"
       Done executing task "GetPackageDirectory".
       Task "GetPackageDirectory"
       Done executing task "GetPackageDirectory".
       Task "GetPackageDirectory"
       Done executing task "GetPackageDirectory".
       Task "GetPackageDirectory"
       Done executing task "GetPackageDirectory".
       Task "GetPackageDirectory"
       Done executing task "GetPackageDirectory".
       Task "GetPackageDirectory"
       Done executing task "GetPackageDirectory".
       Using "ResolveFrameworkReferences" task from assembly "/usr/lib64/dotnet/sdk/10.0.101/Sdks/Microsoft.NET.Sdk/targets/../tools/net10.0/Microsoft.NET.Build.Tasks.dll".
       Task "ResolveFrameworkReferences"
       Done executing task "ResolveFrameworkReferences".
   8:7>Done building target "ResolveFrameworkReferences" in project "Entegrasyon.Entity.csproj".
   8:7>Target "ResolveTargetingPackAssets" in file "/usr/lib64/dotnet/sdk/10.0.101/Sdks/Microsoft.NET.Sdk/targets/Microsoft.NET.Sdk.FrameworkReferenceResolution.targets" from project "/home/baturhan/Projeler/Entegrasyon/Application/Entegrasyon.Entity/Entegrasyon.Entity.csproj" (target "_HandlePackageFileConflicts" depends on it):
       Using "ResolveTargetingPackAssets" task from assembly "/usr/lib64/dotnet/sdk/10.0.101/Sdks/Microsoft.NET.Sdk/targets/../tools/net10.0/Microsoft.NET.Build.Tasks.dll".
       Task "ResolveTargetingPackAssets"
       Done executing task "ResolveTargetingPackAssets".
   8:7>Done building target "ResolveTargetingPackAssets" in project "Entegrasyon.Entity.csproj".
   8:7>Target "ResolveOffByDefaultAnalyzers" in file "/usr/lib64/dotnet/sdk/10.0.101/Sdks/Microsoft.NET.Sdk/targets/Microsoft.NET.Sdk.FrameworkReferenceResolution.targets" from project "/home/baturhan/Projeler/Entegrasyon/Application/Entegrasyon.Entity/Entegrasyon.Entity.csproj" (target "_HandlePackageFileConflicts" depends on it):
   8:7>Done building target "ResolveOffByDefaultAnalyzers" in project "Entegrasyon.Entity.csproj".
   8:7>Target "_HandlePackageFileConflicts" in file "/usr/lib64/dotnet/sdk/10.0.101/Sdks/Microsoft.NET.Sdk/targets/Microsoft.NET.ConflictResolution.targets" from project "/home/baturhan/Projeler/Entegrasyon/Application/Entegrasyon.Entity/Entegrasyon.Entity.csproj" (target "ResolveAssemblyReferences" depends on it):
       Using "ResolvePackageFileConflicts" task from assembly "/usr/lib64/dotnet/sdk/10.0.101/Sdks/Microsoft.NET.Sdk/targets/../tools/net10.0/Microsoft.NET.Build.Tasks.dll".
       Task "ResolvePackageFileConflicts"
         Encountered conflict between 'Reference:/home/baturhan/.nuget/packages/system.diagnostics.diagnosticsource/8.0.0/lib/net8.0/System.Diagnostics.DiagnosticSource.dll' and 'Reference:/usr/lib64/dotnet/packs/Microsoft.NETCore.App.Ref/8.0.22/ref/net8.0/System.Diagnostics.DiagnosticSource.dll'. Choosing 'Reference:/usr/lib64/dotnet/packs/Microsoft.NETCore.App.Ref/8.0.22/ref/net8.0/System.Diagnostics.DiagnosticSource.dll' because file version '8.0.2225.52707' is greater than '8.0.23.53103'.
         Encountered conflict between 'Reference:/home/baturhan/.nuget/packages/system.text.encodings.web/8.0.0/lib/net8.0/System.Text.Encodings.Web.dll' and 'Reference:/usr/lib64/dotnet/packs/Microsoft.NETCore.App.Ref/8.0.22/ref/net8.0/System.Text.Encodings.Web.dll'. Choosing 'Reference:/usr/lib64/dotnet/packs/Microsoft.NETCore.App.Ref/8.0.22/ref/net8.0/System.Text.Encodings.Web.dll' because file version '8.0.2225.52707' is greater than '8.0.23.53103'.
         Encountered conflict between 'Reference:/home/baturhan/.nuget/packages/system.text.json/8.0.0/lib/net8.0/System.Text.Json.dll' and 'Reference:/usr/lib64/dotnet/packs/Microsoft.NETCore.App.Ref/8.0.22/ref/net8.0/System.Text.Json.dll'. Choosing 'Reference:/usr/lib64/dotnet/packs/Microsoft.NETCore.App.Ref/8.0.22/ref/net8.0/System.Text.Json.dll' because file version '8.0.2225.52707' is greater than '8.0.23.53103'.
         Encountered conflict between 'Reference:/home/baturhan/.nuget/packages/microsoft.extensions.caching.memory/8.0.1/lib/net8.0/Microsoft.Extensions.Caching.Memory.dll' and 'Reference:/usr/lib64/dotnet/packs/Microsoft.AspNetCore.App.Ref/8.0.22/ref/net8.0/Microsoft.Extensions.Caching.Memory.dll'. Choosing 'Reference:/usr/lib64/dotnet/packs/Microsoft.AspNetCore.App.Ref/8.0.22/ref/net8.0/Microsoft.Extensions.Caching.Memory.dll' because file version '8.0.2225.52707' is greater than '8.0.1024.46610'.
         Encountered conflict between 'Reference:/home/baturhan/.nuget/packages/microsoft.extensions.configuration.binder/8.0.2/lib/net8.0/Microsoft.Extensions.Configuration.Binder.dll' and 'Reference:/usr/lib64/dotnet/packs/Microsoft.AspNetCore.App.Ref/8.0.22/ref/net8.0/Microsoft.Extensions.Configuration.Binder.dll'. Choosing 'Reference:/usr/lib64/dotnet/packs/Microsoft.AspNetCore.App.Ref/8.0.22/ref/net8.0/Microsoft.Extensions.Configuration.Binder.dll' because file version '8.0.2225.52707' is greater than '8.0.724.31311'.
         Encountered conflict between 'Reference:/home/baturhan/.nuget/packages/microsoft.extensions.dependencyinjection.abstractions/8.0.2/lib/net8.0/Microsoft.Extensions.DependencyInjection.Abstractions.dll' and 'Reference:/usr/lib64/dotnet/packs/Microsoft.AspNetCore.App.Ref/8.0.22/ref/net8.0/Microsoft.Extensions.DependencyInjection.Abstractions.dll'. Choosing 'Reference:/usr/lib64/dotnet/packs/Microsoft.AspNetCore.App.Ref/8.0.22/ref/net8.0/Microsoft.Extensions.DependencyInjection.Abstractions.dll' because file version '8.0.2225.52707' is greater than '8.0.1024.46610'.
         Encountered conflict between 'Reference:/home/baturhan/.nuget/packages/microsoft.extensions.dependencyinjection/8.0.1/lib/net8.0/Microsoft.Extensions.DependencyInjection.dll' and 'Reference:/usr/lib64/dotnet/packs/Microsoft.AspNetCore.App.Ref/8.0.22/ref/net8.0/Microsoft.Extensions.DependencyInjection.dll'. Choosing 'Reference:/usr/lib64/dotnet/packs/Microsoft.AspNetCore.App.Ref/8.0.22/ref/net8.0/Microsoft.Extensions.DependencyInjection.dll' because file version '8.0.2225.52707' is greater than '8.0.1024.46610'.
         Encountered conflict between 'Reference:/home/baturhan/.nuget/packages/microsoft.extensions.logging.abstractions/8.0.2/lib/net8.0/Microsoft.Extensions.Logging.Abstractions.dll' and 'Reference:/usr/lib64/dotnet/packs/Microsoft.AspNetCore.App.Ref/8.0.22/ref/net8.0/Microsoft.Extensions.Logging.Abstractions.dll'. Choosing 'Reference:/usr/lib64/dotnet/packs/Microsoft.AspNetCore.App.Ref/8.0.22/ref/net8.0/Microsoft.Extensions.Logging.Abstractions.dll' because file version '8.0.2225.52707' is greater than '8.0.1024.46610'.
         Encountered conflict between 'Reference:/home/baturhan/.nuget/packages/microsoft.extensions.logging/8.0.1/lib/net8.0/Microsoft.Extensions.Logging.dll' and 'Reference:/usr/lib64/dotnet/packs/Microsoft.AspNetCore.App.Ref/8.0.22/ref/net8.0/Microsoft.Extensions.Logging.dll'. Choosing 'Reference:/usr/lib64/dotnet/packs/Microsoft.AspNetCore.App.Ref/8.0.22/ref/net8.0/Microsoft.Extensions.Logging.dll' because file version '8.0.2225.52707' is greater than '8.0.1024.46610'.
         Encountered conflict between 'Reference:/home/baturhan/.nuget/packages/microsoft.extensions.options/8.0.2/lib/net8.0/Microsoft.Extensions.Options.dll' and 'Reference:/usr/lib64/dotnet/packs/Microsoft.AspNetCore.App.Ref/8.0.22/ref/net8.0/Microsoft.Extensions.Options.dll'. Choosing 'Reference:/usr/lib64/dotnet/packs/Microsoft.AspNetCore.App.Ref/8.0.22/ref/net8.0/Microsoft.Extensions.Options.dll' because file version '8.0.2225.52707' is greater than '8.0.224.6711'.
         Encountered conflict between 'Analyzer:/home/baturhan/.nuget/packages/system.text.json/8.0.0/analyzers/dotnet/roslyn4.4/cs/System.Text.Json.SourceGeneration.dll' and 'Analyzer:/usr/lib64/dotnet/packs/Microsoft.NETCore.App.Ref/8.0.22/analyzers/dotnet/cs/System.Text.Json.SourceGeneration.dll'. Choosing 'Analyzer:/usr/lib64/dotnet/packs/Microsoft.NETCore.App.Ref/8.0.22/analyzers/dotnet/cs/System.Text.Json.SourceGeneration.dll' because AssemblyVersion '8.0.13.2707' is greater than '8.0.9.3103'.
         Encountered conflict between 'Analyzer:/home/baturhan/.nuget/packages/microsoft.extensions.logging.abstractions/8.0.2/analyzers/dotnet/roslyn4.4/cs/Microsoft.Extensions.Logging.Generators.dll' and 'Analyzer:/usr/lib64/dotnet/packs/Microsoft.AspNetCore.App.Ref/8.0.22/analyzers/dotnet/roslyn4.4/cs/Microsoft.Extensions.Logging.Generators.dll'. Choosing 'Analyzer:/usr/lib64/dotnet/packs/Microsoft.AspNetCore.App.Ref/8.0.22/analyzers/dotnet/roslyn4.4/cs/Microsoft.Extensions.Logging.Generators.dll' because AssemblyVersion '8.0.13.2707' is greater than '8.0.10.46610'.
         Encountered conflict between 'Analyzer:/home/baturhan/.nuget/packages/microsoft.extensions.options/8.0.2/analyzers/dotnet/roslyn4.4/cs/Microsoft.Extensions.Options.SourceGeneration.dll' and 'Analyzer:/usr/lib64/dotnet/packs/Microsoft.AspNetCore.App.Ref/8.0.22/analyzers/dotnet/roslyn4.4/cs/Microsoft.Extensions.Options.SourceGeneration.dll'. Choosing 'Analyzer:/usr/lib64/dotnet/packs/Microsoft.AspNetCore.App.Ref/8.0.22/analyzers/dotnet/roslyn4.4/cs/Microsoft.Extensions.Options.SourceGeneration.dll' because AssemblyVersion '8.0.13.2707' is greater than '8.0.10.6711'.
         Encountered conflict between 'Platform:Microsoft.Extensions.Caching.Memory.dll' and 'Runtime:/home/baturhan/.nuget/packages/microsoft.extensions.caching.memory/8.0.1/lib/net8.0/Microsoft.Extensions.Caching.Memory.dll'. Choosing 'Runtime:/home/baturhan/.nuget/packages/microsoft.extensions.caching.memory/8.0.1/lib/net8.0/Microsoft.Extensions.Caching.Memory.dll' because file version '8.0.1024.46610' is greater than '8.0.23.53103'.
         Encountered conflict between 'Platform:Microsoft.Extensions.Configuration.Binder.dll' and 'Runtime:/home/baturhan/.nuget/packages/microsoft.extensions.configuration.binder/8.0.2/lib/net8.0/Microsoft.Extensions.Configuration.Binder.dll'. Choosing 'Runtime:/home/baturhan/.nuget/packages/microsoft.extensions.configuration.binder/8.0.2/lib/net8.0/Microsoft.Extensions.Configuration.Binder.dll' because file version '8.0.724.31311' is greater than '8.0.23.53103'.
         Encountered conflict between 'Platform:Microsoft.Extensions.DependencyInjection.dll' and 'Runtime:/home/baturhan/.nuget/packages/microsoft.extensions.dependencyinjection/8.0.1/lib/net8.0/Microsoft.Extensions.DependencyInjection.dll'. Choosing 'Runtime:/home/baturhan/.nuget/packages/microsoft.extensions.dependencyinjection/8.0.1/lib/net8.0/Microsoft.Extensions.DependencyInjection.dll' because file version '8.0.1024.46610' is greater than '8.0.23.53103'.
         Encountered conflict between 'Platform:Microsoft.Extensions.DependencyInjection.Abstractions.dll' and 'Runtime:/home/baturhan/.nuget/packages/microsoft.extensions.dependencyinjection.abstractions/8.0.2/lib/net8.0/Microsoft.Extensions.DependencyInjection.Abstractions.dll'. Choosing 'Runtime:/home/baturhan/.nuget/packages/microsoft.extensions.dependencyinjection.abstractions/8.0.2/lib/net8.0/Microsoft.Extensions.DependencyInjection.Abstractions.dll' because file version '8.0.1024.46610' is greater than '8.0.23.53103'.
         Encountered conflict between 'Platform:Microsoft.Extensions.Logging.dll' and 'Runtime:/home/baturhan/.nuget/packages/microsoft.extensions.logging/8.0.1/lib/net8.0/Microsoft.Extensions.Logging.dll'. Choosing 'Runtime:/home/baturhan/.nuget/packages/microsoft.extensions.logging/8.0.1/lib/net8.0/Microsoft.Extensions.Logging.dll' because file version '8.0.1024.46610' is greater than '8.0.23.53103'.
         Encountered conflict between 'Platform:Microsoft.Extensions.Logging.Abstractions.dll' and 'Runtime:/home/baturhan/.nuget/packages/microsoft.extensions.logging.abstractions/8.0.2/lib/net8.0/Microsoft.Extensions.Logging.Abstractions.dll'. Choosing 'Runtime:/home/baturhan/.nuget/packages/microsoft.extensions.logging.abstractions/8.0.2/lib/net8.0/Microsoft.Extensions.Logging.Abstractions.dll' because file version '8.0.1024.46610' is greater than '8.0.23.53103'.
         Encountered conflict between 'Platform:Microsoft.Extensions.Options.dll' and 'Runtime:/home/baturhan/.nuget/packages/microsoft.extensions.options/8.0.2/lib/net8.0/Microsoft.Extensions.Options.dll'. Choosing 'Runtime:/home/baturhan/.nuget/packages/microsoft.extensions.options/8.0.2/lib/net8.0/Microsoft.Extensions.Options.dll' because file version '8.0.224.6711' is greater than '8.0.23.53103'.
         Encountered conflict between 'Platform:System.Diagnostics.DiagnosticSource.dll' and 'Runtime:/home/baturhan/.nuget/packages/system.diagnostics.diagnosticsource/8.0.0/lib/net8.0/System.Diagnostics.DiagnosticSource.dll'. Choosing 'Platform:System.Diagnostics.DiagnosticSource.dll' because file version '8.0.2225.52707' is greater than '8.0.23.53103'.
         Encountered conflict between 'Platform:System.Text.Encodings.Web.dll' and 'Runtime:/home/baturhan/.nuget/packages/system.text.encodings.web/8.0.0/lib/net8.0/System.Text.Encodings.Web.dll'. Choosing 'Platform:System.Text.Encodings.Web.dll' because file version '8.0.2225.52707' is greater than '8.0.23.53103'.
         Encountered conflict between 'Platform:System.Text.Json.dll' and 'Runtime:/home/baturhan/.nuget/packages/system.text.json/8.0.0/lib/net8.0/System.Text.Json.dll'. Choosing 'Platform:System.Text.Json.dll' because file version '8.0.2225.52707' is greater than '8.0.23.53103'.
         Encountered conflict between 'Platform:System.Text.Encodings.Web.dll' and 'Runtime:/home/baturhan/.nuget/packages/system.text.encodings.web/8.0.0/runtimes/browser/lib/net8.0/System.Text.Encodings.Web.dll'. Choosing 'Platform:System.Text.Encodings.Web.dll' because file version '8.0.2225.52707' is greater than '8.0.23.53103'.
         Encountered conflict between 'Platform:mscorlib.dll' and 'Platform:mscorlib.dll'. Could not determine winner due to equal file and assembly versions.
         Encountered conflict between 'Platform:Microsoft.VisualBasic.dll' and 'Platform:Microsoft.VisualBasic.dll'. Could not determine winner due to equal file and assembly versions.
         Encountered conflict between 'Platform:System.dll' and 'Platform:System.dll'. Could not determine winner due to equal file and assembly versions.
         Encountered conflict between 'Platform:System.ComponentModel.DataAnnotations.dll' and 'Platform:System.ComponentModel.DataAnnotations.dll'. Could not determine winner due to equal file and assembly versions.
         Encountered conflict between 'Platform:System.Configuration.dll' and 'Platform:System.Configuration.dll'. Could not determine winner due to equal file and assembly versions.
         Encountered conflict between 'Platform:System.Core.dll' and 'Platform:System.Core.dll'. Could not determine winner due to equal file and assembly versions.
         Encountered conflict between 'Platform:System.Data.dll' and 'Platform:System.Data.dll'. Could not determine winner due to equal file and assembly versions.
         Encountered conflict between 'Platform:System.Drawing.dll' and 'Platform:System.Drawing.dll'. Could not determine winner due to equal file and assembly versions.
         Encountered conflict between 'Platform:System.IO.Compression.FileSystem.dll' and 'Platform:System.IO.Compression.FileSystem.dll'. Could not determine winner due to equal file and assembly versions.
         Encountered conflict between 'Platform:System.Net.dll' and 'Platform:System.Net.dll'. Could not determine winner due to equal file and assembly versions.
         Encountered conflict between 'Platform:System.Numerics.dll' and 'Platform:System.Numerics.dll'. Could not determine winner due to equal file and assembly versions.
         Encountered conflict between 'Platform:System.Runtime.Serialization.dll' and 'Platform:System.Runtime.Serialization.dll'. Could not determine winner due to equal file and assembly versions.
         Encountered conflict between 'Platform:System.Security.dll' and 'Platform:System.Security.dll'. Could not determine winner due to equal file and assembly versions.
         Encountered conflict between 'Platform:System.ServiceProcess.dll' and 'Platform:System.ServiceProcess.dll'. Could not determine winner due to equal file and assembly versions.
         Encountered conflict between 'Platform:System.ServiceModel.Web.dll' and 'Platform:System.ServiceModel.Web.dll'. Could not determine winner due to equal file and assembly versions.
         Encountered conflict between 'Platform:System.Transactions.dll' and 'Platform:System.Transactions.dll'. Could not determine winner due to equal file and assembly versions.
         Encountered conflict between 'Platform:System.Web.dll' and 'Platform:System.Web.dll'. Could not determine winner due to equal file and assembly versions.
         Encountered conflict between 'Platform:System.Windows.dll' and 'Platform:System.Windows.dll'. Could not determine winner due to equal file and assembly versions.
         Encountered conflict between 'Platform:System.Xml.dll' and 'Platform:System.Xml.dll'. Could not determine winner due to equal file and assembly versions.
         Encountered conflict between 'Platform:System.Xml.Serialization.dll' and 'Platform:System.Xml.Serialization.dll'. Could not determine winner due to equal file and assembly versions.
         Encountered conflict between 'Platform:System.Xml.Linq.dll' and 'Platform:System.Xml.Linq.dll'. Could not determine winner due to equal file and assembly versions.
         Encountered conflict between 'Platform:WindowsBase.dll' and 'Platform:WindowsBase.dll'. Could not determine winner due to equal file and assembly versions.
         Encountered conflict between 'Platform:netstandard.dll' and 'Platform:netstandard.dll'. Could not determine winner due to equal file and assembly versions.
         Encountered conflict between 'Platform:System.Private.CoreLib.dll' and 'Platform:System.Private.CoreLib.dll'. Could not determine winner due to equal file and assembly versions.
         Encountered conflict between 'Platform:System.Private.DataContractSerialization.dll' and 'Platform:System.Private.DataContractSerialization.dll'. Could not determine winner due to equal file and assembly versions.
         Encountered conflict between 'Platform:System.Private.Uri.dll' and 'Platform:System.Private.Uri.dll'. Could not determine winner due to equal file and assembly versions.
         Encountered conflict between 'Platform:System.Private.Xml.dll' and 'Platform:System.Private.Xml.dll'. Could not determine winner due to equal file and assembly versions.
         Encountered conflict between 'Platform:System.Private.Xml.Linq.dll' and 'Platform:System.Private.Xml.Linq.dll'. Could not determine winner due to equal file and assembly versions.
         Encountered conflict between 'Platform:mscordaccore_amd64_amd64_8.0.2225.52707.dll' and 'Platform:mscordaccore_amd64_amd64_8.0.2225.52707.dll'. Could not determine winner due to equal file and assembly versions.
       Done executing task "ResolvePackageFileConflicts".
   8:7>Done building target "_HandlePackageFileConflicts" in project "Entegrasyon.Entity.csproj".
       Target "ResolveTargetingPackAssets" skipped. Previously built successfully.
   8:7>Target "ResolveAssemblyReferences" in file "/usr/lib64/dotnet/sdk/10.0.101/Microsoft.Common.CurrentVersion.targets" from project "/home/baturhan/Projeler/Entegrasyon/Application/Entegrasyon.Entity/Entegrasyon.Entity.csproj" (target "ResolveReferences" depends on it):
       Using "ResolveAssemblyReference" task from assembly "Microsoft.Build.Tasks.Core, Version=15.1.0.0, Culture=neutral, PublicKeyToken=b03f5f7f11d50a3a".
       Task "ResolveAssemblyReference"
         TargetFrameworkMoniker:
             .NETCoreApp,Version=v8.0
         TargetFrameworkMonikerDisplayName:
             .NET 8.0
         TargetedRuntimeVersion:
             
         Assemblies:
             /home/baturhan/.nuget/packages/castle.core/5.1.1/lib/net6.0/Castle.Core.dll
                 Private = 'false'
                 HintPath = '/home/baturhan/.nuget/packages/castle.core/5.1.1/lib/net6.0/Castle.Core.dll'
             /home/baturhan/.nuget/packages/fluentvalidation/11.9.0/lib/net8.0/FluentValidation.dll
                 Private = 'false'
                 HintPath = '/home/baturhan/.nuget/packages/fluentvalidation/11.9.0/lib/net8.0/FluentValidation.dll'
             /home/baturhan/.nuget/packages/microsoft.entityframeworkcore/8.0.15/lib/net8.0/Microsoft.EntityFrameworkCore.dll
                 Private = 'false'
                 HintPath = '/home/baturhan/.nuget/packages/microsoft.entityframeworkcore/8.0.15/lib/net8.0/Microsoft.EntityFrameworkCore.dll'
             /home/baturhan/.nuget/packages/microsoft.entityframeworkcore.abstractions/8.0.15/lib/net8.0/Microsoft.EntityFrameworkCore.Abstractions.dll
                 Private = 'false'
                 HintPath = '/home/baturhan/.nuget/packages/microsoft.entityframeworkcore.abstractions/8.0.15/lib/net8.0/Microsoft.EntityFrameworkCore.Abstractions.dll'
             /home/baturhan/.nuget/packages/microsoft.entityframeworkcore.proxies/8.0.15/lib/net8.0/Microsoft.EntityFrameworkCore.Proxies.dll
                 Private = 'false'
                 HintPath = '/home/baturhan/.nuget/packages/microsoft.entityframeworkcore.proxies/8.0.15/lib/net8.0/Microsoft.EntityFrameworkCore.Proxies.dll'
             /home/baturhan/.nuget/packages/microsoft.entityframeworkcore.relational/8.0.15/lib/net8.0/Microsoft.EntityFrameworkCore.Relational.dll
                 Private = 'false'
                 HintPath = '/home/baturhan/.nuget/packages/microsoft.entityframeworkcore.relational/8.0.15/lib/net8.0/Microsoft.EntityFrameworkCore.Relational.dll'
             /home/baturhan/.nuget/packages/microsoft.extensions.dependencymodel/8.0.0/lib/net8.0/Microsoft.Extensions.DependencyModel.dll
                 Private = 'false'
                 HintPath = '/home/baturhan/.nuget/packages/microsoft.extensions.dependencymodel/8.0.0/lib/net8.0/Microsoft.Extensions.DependencyModel.dll'
             /home/baturhan/.nuget/packages/microsoft.identitymodel.abstractions/7.4.0/lib/net8.0/Microsoft.IdentityModel.Abstractions.dll
                 Private = 'false'
                 HintPath = '/home/baturhan/.nuget/packages/microsoft.identitymodel.abstractions/7.4.0/lib/net8.0/Microsoft.IdentityModel.Abstractions.dll'
             /home/baturhan/.nuget/packages/microsoft.identitymodel.jsonwebtokens/7.4.0/lib/net8.0/Microsoft.IdentityModel.JsonWebTokens.dll
                 Private = 'false'
                 HintPath = '/home/baturhan/.nuget/packages/microsoft.identitymodel.jsonwebtokens/7.4.0/lib/net8.0/Microsoft.IdentityModel.JsonWebTokens.dll'
             /home/baturhan/.nuget/packages/microsoft.identitymodel.logging/7.4.0/lib/net8.0/Microsoft.IdentityModel.Logging.dll
                 Private = 'false'
                 HintPath = '/home/baturhan/.nuget/packages/microsoft.identitymodel.logging/7.4.0/lib/net8.0/Microsoft.IdentityModel.Logging.dll'
             /home/baturhan/.nuget/packages/microsoft.identitymodel.tokens/7.4.0/lib/net8.0/Microsoft.IdentityModel.Tokens.dll
                 Private = 'false'
                 HintPath = '/home/baturhan/.nuget/packages/microsoft.identitymodel.tokens/7.4.0/lib/net8.0/Microsoft.IdentityModel.Tokens.dll'
             /home/baturhan/.nuget/packages/newtonsoft.json/13.0.3/lib/net6.0/Newtonsoft.Json.dll
                 Private = 'false'
                 HintPath = '/home/baturhan/.nuget/packages/newtonsoft.json/13.0.3/lib/net6.0/Newtonsoft.Json.dll'
             /home/baturhan/.nuget/packages/npgsql/8.0.6/lib/net8.0/Npgsql.dll
                 Private = 'false'
                 HintPath = '/home/baturhan/.nuget/packages/npgsql/8.0.6/lib/net8.0/Npgsql.dll'
             /home/baturhan/.nuget/packages/npgsql.entityframeworkcore.postgresql/8.0.11/lib/net8.0/Npgsql.EntityFrameworkCore.PostgreSQL.dll
                 Private = 'false'
                 HintPath = '/home/baturhan/.nuget/packages/npgsql.entityframeworkcore.postgresql/8.0.11/lib/net8.0/Npgsql.EntityFrameworkCore.PostgreSQL.dll'
             /home/baturhan/.nuget/packages/pipelines.sockets.unofficial/2.2.8/lib/net5.0/Pipelines.Sockets.Unofficial.dll
                 Private = 'false'
                 HintPath = '/home/baturhan/.nuget/packages/pipelines.sockets.unofficial/2.2.8/lib/net5.0/Pipelines.Sockets.Unofficial.dll'
             /home/baturhan/.nuget/packages/serilog/3.1.1/lib/net7.0/Serilog.dll
                 Private = 'false'
                 HintPath = '/home/baturhan/.nuget/packages/serilog/3.1.1/lib/net7.0/Serilog.dll'
             /home/baturhan/.nuget/packages/serilog.aspnetcore/8.0.1/lib/net8.0/Serilog.AspNetCore.dll
                 Private = 'false'
                 HintPath = '/home/baturhan/.nuget/packages/serilog.aspnetcore/8.0.1/lib/net8.0/Serilog.AspNetCore.dll'
             /home/baturhan/.nuget/packages/serilog.extensions.hosting/8.0.0/lib/net8.0/Serilog.Extensions.Hosting.dll
                 Private = 'false'
                 HintPath = '/home/baturhan/.nuget/packages/serilog.extensions.hosting/8.0.0/lib/net8.0/Serilog.Extensions.Hosting.dll'
             /home/baturhan/.nuget/packages/serilog.extensions.logging/8.0.0/lib/net8.0/Serilog.Extensions.Logging.dll
                 Private = 'false'
                 HintPath = '/home/baturhan/.nuget/packages/serilog.extensions.logging/8.0.0/lib/net8.0/Serilog.Extensions.Logging.dll'
             /home/baturhan/.nuget/packages/serilog.formatting.compact/2.0.0/lib/net7.0/Serilog.Formatting.Compact.dll
                 Private = 'false'
                 HintPath = '/home/baturhan/.nuget/packages/serilog.formatting.compact/2.0.0/lib/net7.0/Serilog.Formatting.Compact.dll'
             /home/baturhan/.nuget/packages/serilog.settings.configuration/8.0.0/lib/net8.0/Serilog.Settings.Configuration.dll
                 Private = 'false'
                 HintPath = '/home/baturhan/.nuget/packages/serilog.settings.configuration/8.0.0/lib/net8.0/Serilog.Settings.Configuration.dll'
             /home/baturhan/.nuget/packages/serilog.sinks.console/5.0.1/lib/net7.0/Serilog.Sinks.Console.dll
                 Private = 'false'
                 HintPath = '/home/baturhan/.nuget/packages/serilog.sinks.console/5.0.1/lib/net7.0/Serilog.Sinks.Console.dll'
             /home/baturhan/.nuget/packages/serilog.sinks.debug/2.0.0/lib/netstandard2.1/Serilog.Sinks.Debug.dll
                 Private = 'false'
                 HintPath = '/home/baturhan/.nuget/packages/serilog.sinks.debug/2.0.0/lib/netstandard2.1/Serilog.Sinks.Debug.dll'
             /home/baturhan/.nuget/packages/serilog.sinks.file/5.0.0/lib/net5.0/Serilog.Sinks.File.dll
                 Private = 'false'
                 HintPath = '/home/baturhan/.nuget/packages/serilog.sinks.file/5.0.0/lib/net5.0/Serilog.Sinks.File.dll'
             /home/baturhan/.nuget/packages/stackexchange.redis/2.7.27/lib/net6.0/StackExchange.Redis.dll
                 Private = 'false'
                 HintPath = '/home/baturhan/.nuget/packages/stackexchange.redis/2.7.27/lib/net6.0/StackExchange.Redis.dll'
             /home/baturhan/.nuget/packages/system.identitymodel.tokens.jwt/7.4.0/lib/net8.0/System.IdentityModel.Tokens.Jwt.dll
                 Private = 'false'
                 HintPath = '/home/baturhan/.nuget/packages/system.identitymodel.tokens.jwt/7.4.0/lib/net8.0/System.IdentityModel.Tokens.Jwt.dll'
             /usr/lib64/dotnet/packs/Microsoft.NETCore.App.Ref/8.0.22/ref/net8.0/Microsoft.CSharp.dll
                 Private = 'false'
             /usr/lib64/dotnet/packs/Microsoft.NETCore.App.Ref/8.0.22/ref/net8.0/Microsoft.VisualBasic.Core.dll
                 Private = 'false'
             /usr/lib64/dotnet/packs/Microsoft.NETCore.App.Ref/8.0.22/ref/net8.0/Microsoft.VisualBasic.dll
                 Private = 'false'
             /usr/lib64/dotnet/packs/Microsoft.NETCore.App.Ref/8.0.22/ref/net8.0/Microsoft.Win32.Primitives.dll
                 Private = 'false'
             /usr/lib64/dotnet/packs/Microsoft.NETCore.App.Ref/8.0.22/ref/net8.0/Microsoft.Win32.Registry.dll
                 Private = 'false'
             /usr/lib64/dotnet/packs/Microsoft.NETCore.App.Ref/8.0.22/ref/net8.0/System.AppContext.dll
                 Private = 'false'
             /usr/lib64/dotnet/packs/Microsoft.NETCore.App.Ref/8.0.22/ref/net8.0/System.Buffers.dll
                 Private = 'false'
             /usr/lib64/dotnet/packs/Microsoft.NETCore.App.Ref/8.0.22/ref/net8.0/System.Collections.Concurrent.dll
                 Private = 'false'
             /usr/lib64/dotnet/packs/Microsoft.NETCore.App.Ref/8.0.22/ref/net8.0/System.Collections.Immutable.dll
                 Private = 'false'
             /usr/lib64/dotnet/packs/Microsoft.NETCore.App.Ref/8.0.22/ref/net8.0/System.Collections.NonGeneric.dll
                 Private = 'false'
             /usr/lib64/dotnet/packs/Microsoft.NETCore.App.Ref/8.0.22/ref/net8.0/System.Collections.Specialized.dll
                 Private = 'false'
             /usr/lib64/dotnet/packs/Microsoft.NETCore.App.Ref/8.0.22/ref/net8.0/System.Collections.dll
                 Private = 'false'
             /usr/lib64/dotnet/packs/Microsoft.NETCore.App.Ref/8.0.22/ref/net8.0/System.ComponentModel.Annotations.dll
                 Private = 'false'
             /usr/lib64/dotnet/packs/Microsoft.NETCore.App.Ref/8.0.22/ref/net8.0/System.ComponentModel.DataAnnotations.dll
                 Private = 'false'
             /usr/lib64/dotnet/packs/Microsoft.NETCore.App.Ref/8.0.22/ref/net8.0/System.ComponentModel.EventBasedAsync.dll
                 Private = 'false'
             /usr/lib64/dotnet/packs/Microsoft.NETCore.App.Ref/8.0.22/ref/net8.0/System.ComponentModel.Primitives.dll
                 Private = 'false'
             /usr/lib64/dotnet/packs/Microsoft.NETCore.App.Ref/8.0.22/ref/net8.0/System.ComponentModel.TypeConverter.dll
                 Private = 'false'
             /usr/lib64/dotnet/packs/Microsoft.NETCore.App.Ref/8.0.22/ref/net8.0/System.ComponentModel.dll
                 Private = 'false'
             /usr/lib64/dotnet/packs/Microsoft.NETCore.App.Ref/8.0.22/ref/net8.0/System.Configuration.dll
                 Private = 'false'
             /usr/lib64/dotnet/packs/Microsoft.NETCore.App.Ref/8.0.22/ref/net8.0/System.Console.dll
                 Private = 'false'
             /usr/lib64/dotnet/packs/Microsoft.NETCore.App.Ref/8.0.22/ref/net8.0/System.Core.dll
                 Private = 'false'
             /usr/lib64/dotnet/packs/Microsoft.NETCore.App.Ref/8.0.22/ref/net8.0/System.Data.Common.dll
                 Private = 'false'
             /usr/lib64/dotnet/packs/Microsoft.NETCore.App.Ref/8.0.22/ref/net8.0/System.Data.DataSetExtensions.dll
                 Private = 'false'
             /usr/lib64/dotnet/packs/Microsoft.NETCore.App.Ref/8.0.22/ref/net8.0/System.Data.dll
                 Private = 'false'
             /usr/lib64/dotnet/packs/Microsoft.NETCore.App.Ref/8.0.22/ref/net8.0/System.Diagnostics.Contracts.dll
                 Private = 'false'
             /usr/lib64/dotnet/packs/Microsoft.NETCore.App.Ref/8.0.22/ref/net8.0/System.Diagnostics.Debug.dll
                 Private = 'false'
             /usr/lib64/dotnet/packs/Microsoft.NETCore.App.Ref/8.0.22/ref/net8.0/System.Diagnostics.DiagnosticSource.dll
                 Private = 'false'
             /usr/lib64/dotnet/packs/Microsoft.NETCore.App.Ref/8.0.22/ref/net8.0/System.Diagnostics.FileVersionInfo.dll
                 Private = 'false'
             /usr/lib64/dotnet/packs/Microsoft.NETCore.App.Ref/8.0.22/ref/net8.0/System.Diagnostics.Process.dll
                 Private = 'false'
             /usr/lib64/dotnet/packs/Microsoft.NETCore.App.Ref/8.0.22/ref/net8.0/System.Diagnostics.StackTrace.dll
                 Private = 'false'
             /usr/lib64/dotnet/packs/Microsoft.NETCore.App.Ref/8.0.22/ref/net8.0/System.Diagnostics.TextWriterTraceListener.dll
                 Private = 'false'
             /usr/lib64/dotnet/packs/Microsoft.NETCore.App.Ref/8.0.22/ref/net8.0/System.Diagnostics.Tools.dll
                 Private = 'false'
             /usr/lib64/dotnet/packs/Microsoft.NETCore.App.Ref/8.0.22/ref/net8.0/System.Diagnostics.TraceSource.dll
                 Private = 'false'
             /usr/lib64/dotnet/packs/Microsoft.NETCore.App.Ref/8.0.22/ref/net8.0/System.Diagnostics.Tracing.dll
                 Private = 'false'
             /usr/lib64/dotnet/packs/Microsoft.NETCore.App.Ref/8.0.22/ref/net8.0/System.Drawing.Primitives.dll
                 Private = 'false'
             /usr/lib64/dotnet/packs/Microsoft.NETCore.App.Ref/8.0.22/ref/net8.0/System.Drawing.dll
                 Private = 'false'
             /usr/lib64/dotnet/packs/Microsoft.NETCore.App.Ref/8.0.22/ref/net8.0/System.Dynamic.Runtime.dll
                 Private = 'false'
             /usr/lib64/dotnet/packs/Microsoft.NETCore.App.Ref/8.0.22/ref/net8.0/System.Formats.Asn1.dll
                 Private = 'false'
             /usr/lib64/dotnet/packs/Microsoft.NETCore.App.Ref/8.0.22/ref/net8.0/System.Formats.Tar.dll
                 Private = 'false'
             /usr/lib64/dotnet/packs/Microsoft.NETCore.App.Ref/8.0.22/ref/net8.0/System.Globalization.Calendars.dll
                 Private = 'false'
             /usr/lib64/dotnet/packs/Microsoft.NETCore.App.Ref/8.0.22/ref/net8.0/System.Globalization.Extensions.dll
                 Private = 'false'
             /usr/lib64/dotnet/packs/Microsoft.NETCore.App.Ref/8.0.22/ref/net8.0/System.Globalization.dll
                 Private = 'false'
             /usr/lib64/dotnet/packs/Microsoft.NETCore.App.Ref/8.0.22/ref/net8.0/System.IO.Compression.Brotli.dll
                 Private = 'false'
             /usr/lib64/dotnet/packs/Microsoft.NETCore.App.Ref/8.0.22/ref/net8.0/System.IO.Compression.FileSystem.dll
                 Private = 'false'
             /usr/lib64/dotnet/packs/Microsoft.NETCore.App.Ref/8.0.22/ref/net8.0/System.IO.Compression.ZipFile.dll
                 Private = 'false'
             /usr/lib64/dotnet/packs/Microsoft.NETCore.App.Ref/8.0.22/ref/net8.0/System.IO.Compression.dll
                 Private = 'false'
             /usr/lib64/dotnet/packs/Microsoft.NETCore.App.Ref/8.0.22/ref/net8.0/System.IO.FileSystem.AccessControl.dll
                 Private = 'false'
             /usr/lib64/dotnet/packs/Microsoft.NETCore.App.Ref/8.0.22/ref/net8.0/System.IO.FileSystem.DriveInfo.dll
                 Private = 'false'
             /usr/lib64/dotnet/packs/Microsoft.NETCore.App.Ref/8.0.22/ref/net8.0/System.IO.FileSystem.Primitives.dll
                 Private = 'false'
             /usr/lib64/dotnet/packs/Microsoft.NETCore.App.Ref/8.0.22/ref/net8.0/System.IO.FileSystem.Watcher.dll
                 Private = 'false'
             /usr/lib64/dotnet/packs/Microsoft.NETCore.App.Ref/8.0.22/ref/net8.0/System.IO.FileSystem.dll
                 Private = 'false'
             /usr/lib64/dotnet/packs/Microsoft.NETCore.App.Ref/8.0.22/ref/net8.0/System.IO.IsolatedStorage.dll
                 Private = 'false'
             /usr/lib64/dotnet/packs/Microsoft.NETCore.App.Ref/8.0.22/ref/net8.0/System.IO.MemoryMappedFiles.dll
                 Private = 'false'
             /usr/lib64/dotnet/packs/Microsoft.NETCore.App.Ref/8.0.22/ref/net8.0/System.IO.Pipes.AccessControl.dll
                 Private = 'false'
             /usr/lib64/dotnet/packs/Microsoft.NETCore.App.Ref/8.0.22/ref/net8.0/System.IO.Pipes.dll
                 Private = 'false'
             /usr/lib64/dotnet/packs/Microsoft.NETCore.App.Ref/8.0.22/ref/net8.0/System.IO.UnmanagedMemoryStream.dll
                 Private = 'false'
             /usr/lib64/dotnet/packs/Microsoft.NETCore.App.Ref/8.0.22/ref/net8.0/System.IO.dll
                 Private = 'false'
             /usr/lib64/dotnet/packs/Microsoft.NETCore.App.Ref/8.0.22/ref/net8.0/System.Linq.Expressions.dll
                 Private = 'false'
             /usr/lib64/dotnet/packs/Microsoft.NETCore.App.Ref/8.0.22/ref/net8.0/System.Linq.Parallel.dll
                 Private = 'false'
             /usr/lib64/dotnet/packs/Microsoft.NETCore.App.Ref/8.0.22/ref/net8.0/System.Linq.Queryable.dll
                 Private = 'false'
             /usr/lib64/dotnet/packs/Microsoft.NETCore.App.Ref/8.0.22/ref/net8.0/System.Linq.dll
                 Private = 'false'
             /usr/lib64/dotnet/packs/Microsoft.NETCore.App.Ref/8.0.22/ref/net8.0/System.Memory.dll
                 Private = 'false'
             /usr/lib64/dotnet/packs/Microsoft.NETCore.App.Ref/8.0.22/ref/net8.0/System.Net.Http.Json.dll
                 Private = 'false'
             /usr/lib64/dotnet/packs/Microsoft.NETCore.App.Ref/8.0.22/ref/net8.0/System.Net.Http.dll
                 Private = 'false'
             /usr/lib64/dotnet/packs/Microsoft.NETCore.App.Ref/8.0.22/ref/net8.0/System.Net.HttpListener.dll
                 Private = 'false'
             /usr/lib64/dotnet/packs/Microsoft.NETCore.App.Ref/8.0.22/ref/net8.0/System.Net.Mail.dll
                 Private = 'false'
             /usr/lib64/dotnet/packs/Microsoft.NETCore.App.Ref/8.0.22/ref/net8.0/System.Net.NameResolution.dll
                 Private = 'false'
             /usr/lib64/dotnet/packs/Microsoft.NETCore.App.Ref/8.0.22/ref/net8.0/System.Net.NetworkInformation.dll
                 Private = 'false'
             /usr/lib64/dotnet/packs/Microsoft.NETCore.App.Ref/8.0.22/ref/net8.0/System.Net.Ping.dll
                 Private = 'false'
             /usr/lib64/dotnet/packs/Microsoft.NETCore.App.Ref/8.0.22/ref/net8.0/System.Net.Primitives.dll
                 Private = 'false'
             /usr/lib64/dotnet/packs/Microsoft.NETCore.App.Ref/8.0.22/ref/net8.0/System.Net.Quic.dll
                 Private = 'false'
             /usr/lib64/dotnet/packs/Microsoft.NETCore.App.Ref/8.0.22/ref/net8.0/System.Net.Requests.dll
                 Private = 'false'
             /usr/lib64/dotnet/packs/Microsoft.NETCore.App.Ref/8.0.22/ref/net8.0/System.Net.Security.dll
                 Private = 'false'
             /usr/lib64/dotnet/packs/Microsoft.NETCore.App.Ref/8.0.22/ref/net8.0/System.Net.ServicePoint.dll
                 Private = 'false'
             /usr/lib64/dotnet/packs/Microsoft.NETCore.App.Ref/8.0.22/ref/net8.0/System.Net.Sockets.dll
                 Private = 'false'
             /usr/lib64/dotnet/packs/Microsoft.NETCore.App.Ref/8.0.22/ref/net8.0/System.Net.WebClient.dll
                 Private = 'false'
             /usr/lib64/dotnet/packs/Microsoft.NETCore.App.Ref/8.0.22/ref/net8.0/System.Net.WebHeaderCollection.dll
                 Private = 'false'
             /usr/lib64/dotnet/packs/Microsoft.NETCore.App.Ref/8.0.22/ref/net8.0/System.Net.WebProxy.dll
                 Private = 'false'
             /usr/lib64/dotnet/packs/Microsoft.NETCore.App.Ref/8.0.22/ref/net8.0/System.Net.WebSockets.Client.dll
                 Private = 'false'
             /usr/lib64/dotnet/packs/Microsoft.NETCore.App.Ref/8.0.22/ref/net8.0/System.Net.WebSockets.dll
                 Private = 'false'
             /usr/lib64/dotnet/packs/Microsoft.NETCore.App.Ref/8.0.22/ref/net8.0/System.Net.dll
                 Private = 'false'
             /usr/lib64/dotnet/packs/Microsoft.NETCore.App.Ref/8.0.22/ref/net8.0/System.Numerics.Vectors.dll
                 Private = 'false'
             /usr/lib64/dotnet/packs/Microsoft.NETCore.App.Ref/8.0.22/ref/net8.0/System.Numerics.dll
                 Private = 'false'
             /usr/lib64/dotnet/packs/Microsoft.NETCore.App.Ref/8.0.22/ref/net8.0/System.ObjectModel.dll
                 Private = 'false'
             /usr/lib64/dotnet/packs/Microsoft.NETCore.App.Ref/8.0.22/ref/net8.0/System.Reflection.DispatchProxy.dll
                 Private = 'false'
             /usr/lib64/dotnet/packs/Microsoft.NETCore.App.Ref/8.0.22/ref/net8.0/System.Reflection.Emit.ILGeneration.dll
                 Private = 'false'
             /usr/lib64/dotnet/packs/Microsoft.NETCore.App.Ref/8.0.22/ref/net8.0/System.Reflection.Emit.Lightweight.dll
                 Private = 'false'
             /usr/lib64/dotnet/packs/Microsoft.NETCore.App.Ref/8.0.22/ref/net8.0/System.Reflection.Emit.dll
                 Private = 'false'
             /usr/lib64/dotnet/packs/Microsoft.NETCore.App.Ref/8.0.22/ref/net8.0/System.Reflection.Extensions.dll
                 Private = 'false'
             /usr/lib64/dotnet/packs/Microsoft.NETCore.App.Ref/8.0.22/ref/net8.0/System.Reflection.Metadata.dll
                 Private = 'false'
             /usr/lib64/dotnet/packs/Microsoft.NETCore.App.Ref/8.0.22/ref/net8.0/System.Reflection.Primitives.dll
                 Private = 'false'
             /usr/lib64/dotnet/packs/Microsoft.NETCore.App.Ref/8.0.22/ref/net8.0/System.Reflection.TypeExtensions.dll
                 Private = 'false'
             /usr/lib64/dotnet/packs/Microsoft.NETCore.App.Ref/8.0.22/ref/net8.0/System.Reflection.dll
                 Private = 'false'
             /usr/lib64/dotnet/packs/Microsoft.NETCore.App.Ref/8.0.22/ref/net8.0/System.Resources.Reader.dll
                 Private = 'false'
             /usr/lib64/dotnet/packs/Microsoft.NETCore.App.Ref/8.0.22/ref/net8.0/System.Resources.ResourceManager.dll
                 Private = 'false'
             /usr/lib64/dotnet/packs/Microsoft.NETCore.App.Ref/8.0.22/ref/net8.0/System.Resources.Writer.dll
                 Private = 'false'
             /usr/lib64/dotnet/packs/Microsoft.NETCore.App.Ref/8.0.22/ref/net8.0/System.Runtime.CompilerServices.Unsafe.dll
                 Private = 'false'
             /usr/lib64/dotnet/packs/Microsoft.NETCore.App.Ref/8.0.22/ref/net8.0/System.Runtime.CompilerServices.VisualC.dll
                 Private = 'false'
             /usr/lib64/dotnet/packs/Microsoft.NETCore.App.Ref/8.0.22/ref/net8.0/System.Runtime.Extensions.dll
                 Private = 'false'
             /usr/lib64/dotnet/packs/Microsoft.NETCore.App.Ref/8.0.22/ref/net8.0/System.Runtime.Handles.dll
                 Private = 'false'
             /usr/lib64/dotnet/packs/Microsoft.NETCore.App.Ref/8.0.22/ref/net8.0/System.Runtime.InteropServices.JavaScript.dll
                 Private = 'false'
             /usr/lib64/dotnet/packs/Microsoft.NETCore.App.Ref/8.0.22/ref/net8.0/System.Runtime.InteropServices.RuntimeInformation.dll
                 Private = 'false'
             /usr/lib64/dotnet/packs/Microsoft.NETCore.App.Ref/8.0.22/ref/net8.0/System.Runtime.InteropServices.dll
                 Private = 'false'
             /usr/lib64/dotnet/packs/Microsoft.NETCore.App.Ref/8.0.22/ref/net8.0/System.Runtime.Intrinsics.dll
                 Private = 'false'
             /usr/lib64/dotnet/packs/Microsoft.NETCore.App.Ref/8.0.22/ref/net8.0/System.Runtime.Loader.dll
                 Private = 'false'
             /usr/lib64/dotnet/packs/Microsoft.NETCore.App.Ref/8.0.22/ref/net8.0/System.Runtime.Numerics.dll
                 Private = 'false'
             /usr/lib64/dotnet/packs/Microsoft.NETCore.App.Ref/8.0.22/ref/net8.0/System.Runtime.Serialization.Formatters.dll
                 Private = 'false'
             /usr/lib64/dotnet/packs/Microsoft.NETCore.App.Ref/8.0.22/ref/net8.0/System.Runtime.Serialization.Json.dll
                 Private = 'false'
             /usr/lib64/dotnet/packs/Microsoft.NETCore.App.Ref/8.0.22/ref/net8.0/System.Runtime.Serialization.Primitives.dll
                 Private = 'false'
             /usr/lib64/dotnet/packs/Microsoft.NETCore.App.Ref/8.0.22/ref/net8.0/System.Runtime.Serialization.Xml.dll
                 Private = 'false'
             /usr/lib64/dotnet/packs/Microsoft.NETCore.App.Ref/8.0.22/ref/net8.0/System.Runtime.Serialization.dll
                 Private = 'false'
             /usr/lib64/dotnet/packs/Microsoft.NETCore.App.Ref/8.0.22/ref/net8.0/System.Runtime.dll
                 Private = 'false'
             /usr/lib64/dotnet/packs/Microsoft.NETCore.App.Ref/8.0.22/ref/net8.0/System.Security.AccessControl.dll
                 Private = 'false'
             /usr/lib64/dotnet/packs/Microsoft.NETCore.App.Ref/8.0.22/ref/net8.0/System.Security.Claims.dll
                 Private = 'false'
             /usr/lib64/dotnet/packs/Microsoft.NETCore.App.Ref/8.0.22/ref/net8.0/System.Security.Cryptography.Algorithms.dll
                 Private = 'false'
             /usr/lib64/dotnet/packs/Microsoft.NETCore.App.Ref/8.0.22/ref/net8.0/System.Security.Cryptography.Cng.dll
                 Private = 'false'
             /usr/lib64/dotnet/packs/Microsoft.NETCore.App.Ref/8.0.22/ref/net8.0/System.Security.Cryptography.Csp.dll
                 Private = 'false'
             /usr/lib64/dotnet/packs/Microsoft.NETCore.App.Ref/8.0.22/ref/net8.0/System.Security.Cryptography.Encoding.dll
                 Private = 'false'
             /usr/lib64/dotnet/packs/Microsoft.NETCore.App.Ref/8.0.22/ref/net8.0/System.Security.Cryptography.OpenSsl.dll
                 Private = 'false'
             /usr/lib64/dotnet/packs/Microsoft.NETCore.App.Ref/8.0.22/ref/net8.0/System.Security.Cryptography.Primitives.dll
                 Private = 'false'
             /usr/lib64/dotnet/packs/Microsoft.NETCore.App.Ref/8.0.22/ref/net8.0/System.Security.Cryptography.X509Certificates.dll
                 Private = 'false'
             /usr/lib64/dotnet/packs/Microsoft.NETCore.App.Ref/8.0.22/ref/net8.0/System.Security.Cryptography.dll
                 Private = 'false'
             /usr/lib64/dotnet/packs/Microsoft.NETCore.App.Ref/8.0.22/ref/net8.0/System.Security.Principal.Windows.dll
                 Private = 'false'
             /usr/lib64/dotnet/packs/Microsoft.NETCore.App.Ref/8.0.22/ref/net8.0/System.Security.Principal.dll
                 Private = 'false'
             /usr/lib64/dotnet/packs/Microsoft.NETCore.App.Ref/8.0.22/ref/net8.0/System.Security.SecureString.dll
                 Private = 'false'
             /usr/lib64/dotnet/packs/Microsoft.NETCore.App.Ref/8.0.22/ref/net8.0/System.Security.dll
                 Private = 'false'
             /usr/lib64/dotnet/packs/Microsoft.NETCore.App.Ref/8.0.22/ref/net8.0/System.ServiceModel.Web.dll
                 Private = 'false'
             /usr/lib64/dotnet/packs/Microsoft.NETCore.App.Ref/8.0.22/ref/net8.0/System.ServiceProcess.dll
                 Private = 'false'
             /usr/lib64/dotnet/packs/Microsoft.NETCore.App.Ref/8.0.22/ref/net8.0/System.Text.Encoding.CodePages.dll
                 Private = 'false'
             /usr/lib64/dotnet/packs/Microsoft.NETCore.App.Ref/8.0.22/ref/net8.0/System.Text.Encoding.Extensions.dll
                 Private = 'false'
             /usr/lib64/dotnet/packs/Microsoft.NETCore.App.Ref/8.0.22/ref/net8.0/System.Text.Encoding.dll
                 Private = 'false'
             /usr/lib64/dotnet/packs/Microsoft.NETCore.App.Ref/8.0.22/ref/net8.0/System.Text.Encodings.Web.dll
                 Private = 'false'
             /usr/lib64/dotnet/packs/Microsoft.NETCore.App.Ref/8.0.22/ref/net8.0/System.Text.Json.dll
                 Private = 'false'
             /usr/lib64/dotnet/packs/Microsoft.NETCore.App.Ref/8.0.22/ref/net8.0/System.Text.RegularExpressions.dll
                 Private = 'false'
             /usr/lib64/dotnet/packs/Microsoft.NETCore.App.Ref/8.0.22/ref/net8.0/System.Threading.Channels.dll
                 Private = 'false'
             /usr/lib64/dotnet/packs/Microsoft.NETCore.App.Ref/8.0.22/ref/net8.0/System.Threading.Overlapped.dll
                 Private = 'false'
             /usr/lib64/dotnet/packs/Microsoft.NETCore.App.Ref/8.0.22/ref/net8.0/System.Threading.Tasks.Dataflow.dll
                 Private = 'false'
             /usr/lib64/dotnet/packs/Microsoft.NETCore.App.Ref/8.0.22/ref/net8.0/System.Threading.Tasks.Extensions.dll
                 Private = 'false'
             /usr/lib64/dotnet/packs/Microsoft.NETCore.App.Ref/8.0.22/ref/net8.0/System.Threading.Tasks.Parallel.dll
                 Private = 'false'
             /usr/lib64/dotnet/packs/Microsoft.NETCore.App.Ref/8.0.22/ref/net8.0/System.Threading.Tasks.dll
                 Private = 'false'
             /usr/lib64/dotnet/packs/Microsoft.NETCore.App.Ref/8.0.22/ref/net8.0/System.Threading.Thread.dll
                 Private = 'false'
             /usr/lib64/dotnet/packs/Microsoft.NETCore.App.Ref/8.0.22/ref/net8.0/System.Threading.ThreadPool.dll
                 Private = 'false'
             /usr/lib64/dotnet/packs/Microsoft.NETCore.App.Ref/8.0.22/ref/net8.0/System.Threading.Timer.dll
                 Private = 'false'
             /usr/lib64/dotnet/packs/Microsoft.NETCore.App.Ref/8.0.22/ref/net8.0/System.Threading.dll
                 Private = 'false'
             /usr/lib64/dotnet/packs/Microsoft.NETCore.App.Ref/8.0.22/ref/net8.0/System.Transactions.Local.dll
                 Private = 'false'
             /usr/lib64/dotnet/packs/Microsoft.NETCore.App.Ref/8.0.22/ref/net8.0/System.Transactions.dll
                 Private = 'false'
             /usr/lib64/dotnet/packs/Microsoft.NETCore.App.Ref/8.0.22/ref/net8.0/System.ValueTuple.dll
                 Private = 'false'
             /usr/lib64/dotnet/packs/Microsoft.NETCore.App.Ref/8.0.22/ref/net8.0/System.Web.HttpUtility.dll
                 Private = 'false'
             /usr/lib64/dotnet/packs/Microsoft.NETCore.App.Ref/8.0.22/ref/net8.0/System.Web.dll
                 Private = 'false'
             /usr/lib64/dotnet/packs/Microsoft.NETCore.App.Ref/8.0.22/ref/net8.0/System.Windows.dll
                 Private = 'false'
             /usr/lib64/dotnet/packs/Microsoft.NETCore.App.Ref/8.0.22/ref/net8.0/System.Xml.Linq.dll
                 Private = 'false'
             /usr/lib64/dotnet/packs/Microsoft.NETCore.App.Ref/8.0.22/ref/net8.0/System.Xml.ReaderWriter.dll
                 Private = 'false'
             /usr/lib64/dotnet/packs/Microsoft.NETCore.App.Ref/8.0.22/ref/net8.0/System.Xml.Serialization.dll
                 Private = 'false'
             /usr/lib64/dotnet/packs/Microsoft.NETCore.App.Ref/8.0.22/ref/net8.0/System.Xml.XDocument.dll
                 Private = 'false'
             /usr/lib64/dotnet/packs/Microsoft.NETCore.App.Ref/8.0.22/ref/net8.0/System.Xml.XPath.XDocument.dll
                 Private = 'false'
             /usr/lib64/dotnet/packs/Microsoft.NETCore.App.Ref/8.0.22/ref/net8.0/System.Xml.XPath.dll
                 Private = 'false'
             /usr/lib64/dotnet/packs/Microsoft.NETCore.App.Ref/8.0.22/ref/net8.0/System.Xml.XmlDocument.dll
                 Private = 'false'
             /usr/lib64/dotnet/packs/Microsoft.NETCore.App.Ref/8.0.22/ref/net8.0/System.Xml.XmlSerializer.dll
                 Private = 'false'
             /usr/lib64/dotnet/packs/Microsoft.NETCore.App.Ref/8.0.22/ref/net8.0/System.Xml.dll
                 Private = 'false'
             /usr/lib64/dotnet/packs/Microsoft.NETCore.App.Ref/8.0.22/ref/net8.0/System.dll
                 Private = 'false'
             /usr/lib64/dotnet/packs/Microsoft.NETCore.App.Ref/8.0.22/ref/net8.0/WindowsBase.dll
                 Private = 'false'
             /usr/lib64/dotnet/packs/Microsoft.NETCore.App.Ref/8.0.22/ref/net8.0/mscorlib.dll
                 Private = 'false'
             /usr/lib64/dotnet/packs/Microsoft.NETCore.App.Ref/8.0.22/ref/net8.0/netstandard.dll
                 Private = 'false'
             /usr/lib64/dotnet/packs/Microsoft.AspNetCore.App.Ref/8.0.22/ref/net8.0/Microsoft.AspNetCore.Antiforgery.dll
                 Private = 'false'
             /usr/lib64/dotnet/packs/Microsoft.AspNetCore.App.Ref/8.0.22/ref/net8.0/Microsoft.AspNetCore.Authentication.Abstractions.dll
                 Private = 'false'
             /usr/lib64/dotnet/packs/Microsoft.AspNetCore.App.Ref/8.0.22/ref/net8.0/Microsoft.AspNetCore.Authentication.BearerToken.dll
                 Private = 'false'
             /usr/lib64/dotnet/packs/Microsoft.AspNetCore.App.Ref/8.0.22/ref/net8.0/Microsoft.AspNetCore.Authentication.Cookies.dll
                 Private = 'false'
             /usr/lib64/dotnet/packs/Microsoft.AspNetCore.App.Ref/8.0.22/ref/net8.0/Microsoft.AspNetCore.Authentication.Core.dll
                 Private = 'false'
             /usr/lib64/dotnet/packs/Microsoft.AspNetCore.App.Ref/8.0.22/ref/net8.0/Microsoft.AspNetCore.Authentication.OAuth.dll
                 Private = 'false'
             /usr/lib64/dotnet/packs/Microsoft.AspNetCore.App.Ref/8.0.22/ref/net8.0/Microsoft.AspNetCore.Authentication.dll
                 Private = 'false'
             /usr/lib64/dotnet/packs/Microsoft.AspNetCore.App.Ref/8.0.22/ref/net8.0/Microsoft.AspNetCore.Authorization.Policy.dll
                 Private = 'false'
             /usr/lib64/dotnet/packs/Microsoft.AspNetCore.App.Ref/8.0.22/ref/net8.0/Microsoft.AspNetCore.Authorization.dll
                 Private = 'false'
             /usr/lib64/dotnet/packs/Microsoft.AspNetCore.App.Ref/8.0.22/ref/net8.0/Microsoft.AspNetCore.Components.Authorization.dll
                 Private = 'false'
             /usr/lib64/dotnet/packs/Microsoft.AspNetCore.App.Ref/8.0.22/ref/net8.0/Microsoft.AspNetCore.Components.Endpoints.dll
                 Private = 'false'
             /usr/lib64/dotnet/packs/Microsoft.AspNetCore.App.Ref/8.0.22/ref/net8.0/Microsoft.AspNetCore.Components.Forms.dll
                 Private = 'false'
             /usr/lib64/dotnet/packs/Microsoft.AspNetCore.App.Ref/8.0.22/ref/net8.0/Microsoft.AspNetCore.Components.Server.dll
                 Private = 'false'
             /usr/lib64/dotnet/packs/Microsoft.AspNetCore.App.Ref/8.0.22/ref/net8.0/Microsoft.AspNetCore.Components.Web.dll
                 Private = 'false'
             /usr/lib64/dotnet/packs/Microsoft.AspNetCore.App.Ref/8.0.22/ref/net8.0/Microsoft.AspNetCore.Components.dll
                 Private = 'false'
             /usr/lib64/dotnet/packs/Microsoft.AspNetCore.App.Ref/8.0.22/ref/net8.0/Microsoft.AspNetCore.Connections.Abstractions.dll
                 Private = 'false'
             /usr/lib64/dotnet/packs/Microsoft.AspNetCore.App.Ref/8.0.22/ref/net8.0/Microsoft.AspNetCore.CookiePolicy.dll
                 Private = 'false'
             /usr/lib64/dotnet/packs/Microsoft.AspNetCore.App.Ref/8.0.22/ref/net8.0/Microsoft.AspNetCore.Cors.dll
                 Private = 'false'
             /usr/lib64/dotnet/packs/Microsoft.AspNetCore.App.Ref/8.0.22/ref/net8.0/Microsoft.AspNetCore.Cryptography.Internal.dll
                 Private = 'false'
             /usr/lib64/dotnet/packs/Microsoft.AspNetCore.App.Ref/8.0.22/ref/net8.0/Microsoft.AspNetCore.Cryptography.KeyDerivation.dll
                 Private = 'false'
             /usr/lib64/dotnet/packs/Microsoft.AspNetCore.App.Ref/8.0.22/ref/net8.0/Microsoft.AspNetCore.DataProtection.Abstractions.dll
                 Private = 'false'
             /usr/lib64/dotnet/packs/Microsoft.AspNetCore.App.Ref/8.0.22/ref/net8.0/Microsoft.AspNetCore.DataProtection.Extensions.dll
                 Private = 'false'
             /usr/lib64/dotnet/packs/Microsoft.AspNetCore.App.Ref/8.0.22/ref/net8.0/Microsoft.AspNetCore.DataProtection.dll
                 Private = 'false'
             /usr/lib64/dotnet/packs/Microsoft.AspNetCore.App.Ref/8.0.22/ref/net8.0/Microsoft.AspNetCore.Diagnostics.Abstractions.dll
                 Private = 'false'
             /usr/lib64/dotnet/packs/Microsoft.AspNetCore.App.Ref/8.0.22/ref/net8.0/Microsoft.AspNetCore.Diagnostics.HealthChecks.dll
                 Private = 'false'
             /usr/lib64/dotnet/packs/Microsoft.AspNetCore.App.Ref/8.0.22/ref/net8.0/Microsoft.AspNetCore.Diagnostics.dll
                 Private = 'false'
             /usr/lib64/dotnet/packs/Microsoft.AspNetCore.App.Ref/8.0.22/ref/net8.0/Microsoft.AspNetCore.HostFiltering.dll
                 Private = 'false'
             /usr/lib64/dotnet/packs/Microsoft.AspNetCore.App.Ref/8.0.22/ref/net8.0/Microsoft.AspNetCore.Hosting.Abstractions.dll
                 Private = 'false'
             /usr/lib64/dotnet/packs/Microsoft.AspNetCore.App.Ref/8.0.22/ref/net8.0/Microsoft.AspNetCore.Hosting.Server.Abstractions.dll
                 Private = 'false'
             /usr/lib64/dotnet/packs/Microsoft.AspNetCore.App.Ref/8.0.22/ref/net8.0/Microsoft.AspNetCore.Hosting.dll
                 Private = 'false'
             /usr/lib64/dotnet/packs/Microsoft.AspNetCore.App.Ref/8.0.22/ref/net8.0/Microsoft.AspNetCore.Html.Abstractions.dll
                 Private = 'false'
             /usr/lib64/dotnet/packs/Microsoft.AspNetCore.App.Ref/8.0.22/ref/net8.0/Microsoft.AspNetCore.Http.Abstractions.dll
                 Private = 'false'
             /usr/lib64/dotnet/packs/Microsoft.AspNetCore.App.Ref/8.0.22/ref/net8.0/Microsoft.AspNetCore.Http.Connections.Common.dll
                 Private = 'false'
             /usr/lib64/dotnet/packs/Microsoft.AspNetCore.App.Ref/8.0.22/ref/net8.0/Microsoft.AspNetCore.Http.Connections.dll
                 Private = 'false'
             /usr/lib64/dotnet/packs/Microsoft.AspNetCore.App.Ref/8.0.22/ref/net8.0/Microsoft.AspNetCore.Http.Extensions.dll
                 Private = 'false'
             /usr/lib64/dotnet/packs/Microsoft.AspNetCore.App.Ref/8.0.22/ref/net8.0/Microsoft.AspNetCore.Http.Features.dll
                 Private = 'false'
             /usr/lib64/dotnet/packs/Microsoft.AspNetCore.App.Ref/8.0.22/ref/net8.0/Microsoft.AspNetCore.Http.Results.dll
                 Private = 'false'
             /usr/lib64/dotnet/packs/Microsoft.AspNetCore.App.Ref/8.0.22/ref/net8.0/Microsoft.AspNetCore.Http.dll
                 Private = 'false'
             /usr/lib64/dotnet/packs/Microsoft.AspNetCore.App.Ref/8.0.22/ref/net8.0/Microsoft.AspNetCore.HttpLogging.dll
                 Private = 'false'
             /usr/lib64/dotnet/packs/Microsoft.AspNetCore.App.Ref/8.0.22/ref/net8.0/Microsoft.AspNetCore.HttpOverrides.dll
                 Private = 'false'
             /usr/lib64/dotnet/packs/Microsoft.AspNetCore.App.Ref/8.0.22/ref/net8.0/Microsoft.AspNetCore.HttpsPolicy.dll
                 Private = 'false'
             /usr/lib64/dotnet/packs/Microsoft.AspNetCore.App.Ref/8.0.22/ref/net8.0/Microsoft.AspNetCore.Identity.dll
                 Private = 'false'
             /usr/lib64/dotnet/packs/Microsoft.AspNetCore.App.Ref/8.0.22/ref/net8.0/Microsoft.AspNetCore.Localization.Routing.dll
                 Private = 'false'
             /usr/lib64/dotnet/packs/Microsoft.AspNetCore.App.Ref/8.0.22/ref/net8.0/Microsoft.AspNetCore.Localization.dll
                 Private = 'false'
             /usr/lib64/dotnet/packs/Microsoft.AspNetCore.App.Ref/8.0.22/ref/net8.0/Microsoft.AspNetCore.Metadata.dll
                 Private = 'false'
             /usr/lib64/dotnet/packs/Microsoft.AspNetCore.App.Ref/8.0.22/ref/net8.0/Microsoft.AspNetCore.Mvc.Abstractions.dll
                 Private = 'false'
             /usr/lib64/dotnet/packs/Microsoft.AspNetCore.App.Ref/8.0.22/ref/net8.0/Microsoft.AspNetCore.Mvc.ApiExplorer.dll
                 Private = 'false'
             /usr/lib64/dotnet/packs/Microsoft.AspNetCore.App.Ref/8.0.22/ref/net8.0/Microsoft.AspNetCore.Mvc.Core.dll
                 Private = 'false'
             /usr/lib64/dotnet/packs/Microsoft.AspNetCore.App.Ref/8.0.22/ref/net8.0/Microsoft.AspNetCore.Mvc.Cors.dll
                 Private = 'false'
             /usr/lib64/dotnet/packs/Microsoft.AspNetCore.App.Ref/8.0.22/ref/net8.0/Microsoft.AspNetCore.Mvc.DataAnnotations.dll
                 Private = 'false'
             /usr/lib64/dotnet/packs/Microsoft.AspNetCore.App.Ref/8.0.22/ref/net8.0/Microsoft.AspNetCore.Mvc.Formatters.Json.dll
                 Private = 'false'
             /usr/lib64/dotnet/packs/Microsoft.AspNetCore.App.Ref/8.0.22/ref/net8.0/Microsoft.AspNetCore.Mvc.Formatters.Xml.dll
                 Private = 'false'
             /usr/lib64/dotnet/packs/Microsoft.AspNetCore.App.Ref/8.0.22/ref/net8.0/Microsoft.AspNetCore.Mvc.Localization.dll
                 Private = 'false'
             /usr/lib64/dotnet/packs/Microsoft.AspNetCore.App.Ref/8.0.22/ref/net8.0/Microsoft.AspNetCore.Mvc.Razor.dll
                 Private = 'false'
             /usr/lib64/dotnet/packs/Microsoft.AspNetCore.App.Ref/8.0.22/ref/net8.0/Microsoft.AspNetCore.Mvc.RazorPages.dll
                 Private = 'false'
             /usr/lib64/dotnet/packs/Microsoft.AspNetCore.App.Ref/8.0.22/ref/net8.0/Microsoft.AspNetCore.Mvc.TagHelpers.dll
                 Private = 'false'
             /usr/lib64/dotnet/packs/Microsoft.AspNetCore.App.Ref/8.0.22/ref/net8.0/Microsoft.AspNetCore.Mvc.ViewFeatures.dll
                 Private = 'false'
             /usr/lib64/dotnet/packs/Microsoft.AspNetCore.App.Ref/8.0.22/ref/net8.0/Microsoft.AspNetCore.Mvc.dll
                 Private = 'false'
             /usr/lib64/dotnet/packs/Microsoft.AspNetCore.App.Ref/8.0.22/ref/net8.0/Microsoft.AspNetCore.OutputCaching.dll
                 Private = 'false'
             /usr/lib64/dotnet/packs/Microsoft.AspNetCore.App.Ref/8.0.22/ref/net8.0/Microsoft.AspNetCore.RateLimiting.dll
                 Private = 'false'
             /usr/lib64/dotnet/packs/Microsoft.AspNetCore.App.Ref/8.0.22/ref/net8.0/Microsoft.AspNetCore.Razor.Runtime.dll
                 Private = 'false'
             /usr/lib64/dotnet/packs/Microsoft.AspNetCore.App.Ref/8.0.22/ref/net8.0/Microsoft.AspNetCore.Razor.dll
                 Private = 'false'
             /usr/lib64/dotnet/packs/Microsoft.AspNetCore.App.Ref/8.0.22/ref/net8.0/Microsoft.AspNetCore.RequestDecompression.dll
                 Private = 'false'
             /usr/lib64/dotnet/packs/Microsoft.AspNetCore.App.Ref/8.0.22/ref/net8.0/Microsoft.AspNetCore.ResponseCaching.Abstractions.dll
                 Private = 'false'
             /usr/lib64/dotnet/packs/Microsoft.AspNetCore.App.Ref/8.0.22/ref/net8.0/Microsoft.AspNetCore.ResponseCaching.dll
                 Private = 'false'
             /usr/lib64/dotnet/packs/Microsoft.AspNetCore.App.Ref/8.0.22/ref/net8.0/Microsoft.AspNetCore.ResponseCompression.dll
                 Private = 'false'
             /usr/lib64/dotnet/packs/Microsoft.AspNetCore.App.Ref/8.0.22/ref/net8.0/Microsoft.AspNetCore.Rewrite.dll
                 Private = 'false'
             /usr/lib64/dotnet/packs/Microsoft.AspNetCore.App.Ref/8.0.22/ref/net8.0/Microsoft.AspNetCore.Routing.Abstractions.dll
                 Private = 'false'
             /usr/lib64/dotnet/packs/Microsoft.AspNetCore.App.Ref/8.0.22/ref/net8.0/Microsoft.AspNetCore.Routing.dll
                 Private = 'false'
             /usr/lib64/dotnet/packs/Microsoft.AspNetCore.App.Ref/8.0.22/ref/net8.0/Microsoft.AspNetCore.Server.HttpSys.dll
                 Private = 'false'
             /usr/lib64/dotnet/packs/Microsoft.AspNetCore.App.Ref/8.0.22/ref/net8.0/Microsoft.AspNetCore.Server.IIS.dll
                 Private = 'false'
             /usr/lib64/dotnet/packs/Microsoft.AspNetCore.App.Ref/8.0.22/ref/net8.0/Microsoft.AspNetCore.Server.IISIntegration.dll
                 Private = 'false'
             /usr/lib64/dotnet/packs/Microsoft.AspNetCore.App.Ref/8.0.22/ref/net8.0/Microsoft.AspNetCore.Server.Kestrel.Core.dll
                 Private = 'false'
             /usr/lib64/dotnet/packs/Microsoft.AspNetCore.App.Ref/8.0.22/ref/net8.0/Microsoft.AspNetCore.Server.Kestrel.Transport.NamedPipes.dll
                 Private = 'false'
             /usr/lib64/dotnet/packs/Microsoft.AspNetCore.App.Ref/8.0.22/ref/net8.0/Microsoft.AspNetCore.Server.Kestrel.Transport.Quic.dll
                 Private = 'false'
             /usr/lib64/dotnet/packs/Microsoft.AspNetCore.App.Ref/8.0.22/ref/net8.0/Microsoft.AspNetCore.Server.Kestrel.Transport.Sockets.dll
                 Private = 'false'
             /usr/lib64/dotnet/packs/Microsoft.AspNetCore.App.Ref/8.0.22/ref/net8.0/Microsoft.AspNetCore.Server.Kestrel.dll
                 Private = 'false'
             /usr/lib64/dotnet/packs/Microsoft.AspNetCore.App.Ref/8.0.22/ref/net8.0/Microsoft.AspNetCore.Session.dll
                 Private = 'false'
             /usr/lib64/dotnet/packs/Microsoft.AspNetCore.App.Ref/8.0.22/ref/net8.0/Microsoft.AspNetCore.SignalR.Common.dll
                 Private = 'false'
             /usr/lib64/dotnet/packs/Microsoft.AspNetCore.App.Ref/8.0.22/ref/net8.0/Microsoft.AspNetCore.SignalR.Core.dll
                 Private = 'false'
             /usr/lib64/dotnet/packs/Microsoft.AspNetCore.App.Ref/8.0.22/ref/net8.0/Microsoft.AspNetCore.SignalR.Protocols.Json.dll
                 Private = 'false'
             /usr/lib64/dotnet/packs/Microsoft.AspNetCore.App.Ref/8.0.22/ref/net8.0/Microsoft.AspNetCore.SignalR.dll
                 Private = 'false'
             /usr/lib64/dotnet/packs/Microsoft.AspNetCore.App.Ref/8.0.22/ref/net8.0/Microsoft.AspNetCore.StaticFiles.dll
                 Private = 'false'
             /usr/lib64/dotnet/packs/Microsoft.AspNetCore.App.Ref/8.0.22/ref/net8.0/Microsoft.AspNetCore.WebSockets.dll
                 Private = 'false'
             /usr/lib64/dotnet/packs/Microsoft.AspNetCore.App.Ref/8.0.22/ref/net8.0/Microsoft.AspNetCore.WebUtilities.dll
                 Private = 'false'
             /usr/lib64/dotnet/packs/Microsoft.AspNetCore.App.Ref/8.0.22/ref/net8.0/Microsoft.AspNetCore.dll
                 Private = 'false'
             /usr/lib64/dotnet/packs/Microsoft.AspNetCore.App.Ref/8.0.22/ref/net8.0/Microsoft.Extensions.Caching.Abstractions.dll
                 Private = 'false'
             /usr/lib64/dotnet/packs/Microsoft.AspNetCore.App.Ref/8.0.22/ref/net8.0/Microsoft.Extensions.Caching.Memory.dll
                 Private = 'false'
             /usr/lib64/dotnet/packs/Microsoft.AspNetCore.App.Ref/8.0.22/ref/net8.0/Microsoft.Extensions.Configuration.Abstractions.dll
                 Private = 'false'
             /usr/lib64/dotnet/packs/Microsoft.AspNetCore.App.Ref/8.0.22/ref/net8.0/Microsoft.Extensions.Configuration.Binder.dll
                 Private = 'false'
             /usr/lib64/dotnet/packs/Microsoft.AspNetCore.App.Ref/8.0.22/ref/net8.0/Microsoft.Extensions.Configuration.CommandLine.dll
                 Private = 'false'
             /usr/lib64/dotnet/packs/Microsoft.AspNetCore.App.Ref/8.0.22/ref/net8.0/Microsoft.Extensions.Configuration.EnvironmentVariables.dll
                 Private = 'false'
             /usr/lib64/dotnet/packs/Microsoft.AspNetCore.App.Ref/8.0.22/ref/net8.0/Microsoft.Extensions.Configuration.FileExtensions.dll
                 Private = 'false'
             /usr/lib64/dotnet/packs/Microsoft.AspNetCore.App.Ref/8.0.22/ref/net8.0/Microsoft.Extensions.Configuration.Ini.dll
                 Private = 'false'
             /usr/lib64/dotnet/packs/Microsoft.AspNetCore.App.Ref/8.0.22/ref/net8.0/Microsoft.Extensions.Configuration.Json.dll
                 Private = 'false'
             /usr/lib64/dotnet/packs/Microsoft.AspNetCore.App.Ref/8.0.22/ref/net8.0/Microsoft.Extensions.Configuration.KeyPerFile.dll
                 Private = 'false'
             /usr/lib64/dotnet/packs/Microsoft.AspNetCore.App.Ref/8.0.22/ref/net8.0/Microsoft.Extensions.Configuration.UserSecrets.dll
                 Private = 'false'
             /usr/lib64/dotnet/packs/Microsoft.AspNetCore.App.Ref/8.0.22/ref/net8.0/Microsoft.Extensions.Configuration.Xml.dll
                 Private = 'false'
             /usr/lib64/dotnet/packs/Microsoft.AspNetCore.App.Ref/8.0.22/ref/net8.0/Microsoft.Extensions.Configuration.dll
                 Private = 'false'
             /usr/lib64/dotnet/packs/Microsoft.AspNetCore.App.Ref/8.0.22/ref/net8.0/Microsoft.Extensions.DependencyInjection.Abstractions.dll
                 Private = 'false'
             /usr/lib64/dotnet/packs/Microsoft.AspNetCore.App.Ref/8.0.22/ref/net8.0/Microsoft.Extensions.DependencyInjection.dll
                 Private = 'false'
             /usr/lib64/dotnet/packs/Microsoft.AspNetCore.App.Ref/8.0.22/ref/net8.0/Microsoft.Extensions.Diagnostics.Abstractions.dll
                 Private = 'false'
             /usr/lib64/dotnet/packs/Microsoft.AspNetCore.App.Ref/8.0.22/ref/net8.0/Microsoft.Extensions.Diagnostics.HealthChecks.Abstractions.dll
                 Private = 'false'
             /usr/lib64/dotnet/packs/Microsoft.AspNetCore.App.Ref/8.0.22/ref/net8.0/Microsoft.Extensions.Diagnostics.HealthChecks.dll
                 Private = 'false'
             /usr/lib64/dotnet/packs/Microsoft.AspNetCore.App.Ref/8.0.22/ref/net8.0/Microsoft.Extensions.Diagnostics.dll
                 Private = 'false'
             /usr/lib64/dotnet/packs/Microsoft.AspNetCore.App.Ref/8.0.22/ref/net8.0/Microsoft.Extensions.Features.dll
                 Private = 'false'
             /usr/lib64/dotnet/packs/Microsoft.AspNetCore.App.Ref/8.0.22/ref/net8.0/Microsoft.Extensions.FileProviders.Abstractions.dll
                 Private = 'false'
             /usr/lib64/dotnet/packs/Microsoft.AspNetCore.App.Ref/8.0.22/ref/net8.0/Microsoft.Extensions.FileProviders.Composite.dll
                 Private = 'false'
             /usr/lib64/dotnet/packs/Microsoft.AspNetCore.App.Ref/8.0.22/ref/net8.0/Microsoft.Extensions.FileProviders.Embedded.dll
                 Private = 'false'
             /usr/lib64/dotnet/packs/Microsoft.AspNetCore.App.Ref/8.0.22/ref/net8.0/Microsoft.Extensions.FileProviders.Physical.dll
                 Private = 'false'
             /usr/lib64/dotnet/packs/Microsoft.AspNetCore.App.Ref/8.0.22/ref/net8.0/Microsoft.Extensions.FileSystemGlobbing.dll
                 Private = 'false'
             /usr/lib64/dotnet/packs/Microsoft.AspNetCore.App.Ref/8.0.22/ref/net8.0/Microsoft.Extensions.Hosting.Abstractions.dll
                 Private = 'false'
             /usr/lib64/dotnet/packs/Microsoft.AspNetCore.App.Ref/8.0.22/ref/net8.0/Microsoft.Extensions.Hosting.dll
                 Private = 'false'
             /usr/lib64/dotnet/packs/Microsoft.AspNetCore.App.Ref/8.0.22/ref/net8.0/Microsoft.Extensions.Http.dll
                 Private = 'false'
             /usr/lib64/dotnet/packs/Microsoft.AspNetCore.App.Ref/8.0.22/ref/net8.0/Microsoft.Extensions.Identity.Core.dll
                 Private = 'false'
             /usr/lib64/dotnet/packs/Microsoft.AspNetCore.App.Ref/8.0.22/ref/net8.0/Microsoft.Extensions.Identity.Stores.dll
                 Private = 'false'
             /usr/lib64/dotnet/packs/Microsoft.AspNetCore.App.Ref/8.0.22/ref/net8.0/Microsoft.Extensions.Localization.Abstractions.dll
                 Private = 'false'
             /usr/lib64/dotnet/packs/Microsoft.AspNetCore.App.Ref/8.0.22/ref/net8.0/Microsoft.Extensions.Localization.dll
                 Private = 'false'
             /usr/lib64/dotnet/packs/Microsoft.AspNetCore.App.Ref/8.0.22/ref/net8.0/Microsoft.Extensions.Logging.Abstractions.dll
                 Private = 'false'
             /usr/lib64/dotnet/packs/Microsoft.AspNetCore.App.Ref/8.0.22/ref/net8.0/Microsoft.Extensions.Logging.Configuration.dll
                 Private = 'false'
             /usr/lib64/dotnet/packs/Microsoft.AspNetCore.App.Ref/8.0.22/ref/net8.0/Microsoft.Extensions.Logging.Console.dll
                 Private = 'false'
             /usr/lib64/dotnet/packs/Microsoft.AspNetCore.App.Ref/8.0.22/ref/net8.0/Microsoft.Extensions.Logging.Debug.dll
                 Private = 'false'
             /usr/lib64/dotnet/packs/Microsoft.AspNetCore.App.Ref/8.0.22/ref/net8.0/Microsoft.Extensions.Logging.EventLog.dll
                 Private = 'false'
             /usr/lib64/dotnet/packs/Microsoft.AspNetCore.App.Ref/8.0.22/ref/net8.0/Microsoft.Extensions.Logging.EventSource.dll
                 Private = 'false'
             /usr/lib64/dotnet/packs/Microsoft.AspNetCore.App.Ref/8.0.22/ref/net8.0/Microsoft.Extensions.Logging.TraceSource.dll
                 Private = 'false'
             /usr/lib64/dotnet/packs/Microsoft.AspNetCore.App.Ref/8.0.22/ref/net8.0/Microsoft.Extensions.Logging.dll
                 Private = 'false'
             /usr/lib64/dotnet/packs/Microsoft.AspNetCore.App.Ref/8.0.22/ref/net8.0/Microsoft.Extensions.ObjectPool.dll
                 Private = 'false'
             /usr/lib64/dotnet/packs/Microsoft.AspNetCore.App.Ref/8.0.22/ref/net8.0/Microsoft.Extensions.Options.ConfigurationExtensions.dll
                 Private = 'false'
             /usr/lib64/dotnet/packs/Microsoft.AspNetCore.App.Ref/8.0.22/ref/net8.0/Microsoft.Extensions.Options.DataAnnotations.dll
                 Private = 'false'
             /usr/lib64/dotnet/packs/Microsoft.AspNetCore.App.Ref/8.0.22/ref/net8.0/Microsoft.Extensions.Options.dll
                 Private = 'false'
             /usr/lib64/dotnet/packs/Microsoft.AspNetCore.App.Ref/8.0.22/ref/net8.0/Microsoft.Extensions.Primitives.dll
                 Private = 'false'
             /usr/lib64/dotnet/packs/Microsoft.AspNetCore.App.Ref/8.0.22/ref/net8.0/Microsoft.Extensions.WebEncoders.dll
                 Private = 'false'
             /usr/lib64/dotnet/packs/Microsoft.AspNetCore.App.Ref/8.0.22/ref/net8.0/Microsoft.JSInterop.dll
                 Private = 'false'
             /usr/lib64/dotnet/packs/Microsoft.AspNetCore.App.Ref/8.0.22/ref/net8.0/Microsoft.Net.Http.Headers.dll
                 Private = 'false'
             /usr/lib64/dotnet/packs/Microsoft.AspNetCore.App.Ref/8.0.22/ref/net8.0/System.Diagnostics.EventLog.dll
                 Private = 'false'
             /usr/lib64/dotnet/packs/Microsoft.AspNetCore.App.Ref/8.0.22/ref/net8.0/System.IO.Pipelines.dll
                 Private = 'false'
             /usr/lib64/dotnet/packs/Microsoft.AspNetCore.App.Ref/8.0.22/ref/net8.0/System.Security.Cryptography.Xml.dll
                 Private = 'false'
             /usr/lib64/dotnet/packs/Microsoft.AspNetCore.App.Ref/8.0.22/ref/net8.0/System.Threading.RateLimiting.dll
                 Private = 'false'
         AssemblyFiles:
             /home/baturhan/Projeler/Entegrasyon/Shared/Shared/bin/Debug/net8.0/Shared.dll
         CandidateAssemblyFiles:
         TargetFrameworkDirectories:
             
         NonCultureResourceDirectories:
             
         InstalledAssemblyTables:
         IgnoreInstalledAssemblyTable:
             False
         SearchPaths:
             {CandidateAssemblyFiles}
             {HintPathFromItem}
             {TargetFrameworkDirectory}
             {RawFileName}
         AllowedAssemblyExtensions:
             .winmd
             .dll
             .exe
         AllowedRelatedFileExtensions:
             .pdb
             .xml
             .pri
             .dll.config
             .exe.config
         AppConfigFile:
             
         AutoUnify:
             True
         EnableCustomCulture:
             False
         EnableCustomCulture:
             False
         CopyLocalDependenciesWhenParentReferenceInGac:
             True
         FindDependencies:
             True
         TargetProcessorArchitecture:
             msil
         StateFile:
             obj/Debug/net8.0/Entegrasyon.Entity.csproj.AssemblyReference.cache
         InstalledAssemblySubsetTables:
         IgnoreInstalledAssemblySubsetTable:
             False
         TargetFrameworkSubsets:
         FullTargetFrameworkSubsetNames:
             Full
         ProfileName:
             
         FullFrameworkFolders:
         LatestTargetFrameworkDirectories:
         ProfileTablesLocation:
         Primary reference "Shared, Version=1.0.0.0, Culture=neutral, PublicKeyToken=null".
             Resolved file path is "/home/baturhan/Projeler/Entegrasyon/Shared/Shared/bin/Debug/net8.0/Shared.dll".
             Reference found at search path location "/home/baturhan/Projeler/Entegrasyon/Shared/Shared/bin/Debug/net8.0/Shared.dll".
             Found related file "/home/baturhan/Projeler/Entegrasyon/Shared/Shared/bin/Debug/net8.0/Shared.pdb".
             The ImageRuntimeVersion for this reference is "".
         Primary reference "Castle.Core, Version=5.0.0.0, Culture=neutral, PublicKeyToken=407dd0808d44fbdc".
             Resolved file path is "/home/baturhan/.nuget/packages/castle.core/5.1.1/lib/net6.0/Castle.Core.dll".
             Reference found at search path location "{HintPathFromItem}".
             This reference is not "CopyLocal" because at least one source item had "Private" set to "false" and no source items had "Private" set to "true".
             The ImageRuntimeVersion for this reference is "".
         Primary reference "FluentValidation, Version=11.0.0.0, Culture=neutral, PublicKeyToken=7de548da2fbae0f0".
             Resolved file path is "/home/baturhan/.nuget/packages/fluentvalidation/11.9.0/lib/net8.0/FluentValidation.dll".
             Reference found at search path location "{HintPathFromItem}".
             This reference is not "CopyLocal" because at least one source item had "Private" set to "false" and no source items had "Private" set to "true".
             The ImageRuntimeVersion for this reference is "".
         Primary reference "Microsoft.EntityFrameworkCore, Version=8.0.15.0, Culture=neutral, PublicKeyToken=adb9793829ddae60".
             Resolved file path is "/home/baturhan/.nuget/packages/microsoft.entityframeworkcore/8.0.15/lib/net8.0/Microsoft.EntityFrameworkCore.dll".
             Reference found at search path location "{HintPathFromItem}".
             This reference is not "CopyLocal" because at least one source item had "Private" set to "false" and no source items had "Private" set to "true".
             The ImageRuntimeVersion for this reference is "".
         Primary reference "Microsoft.EntityFrameworkCore.Abstractions, Version=8.0.15.0, Culture=neutral, PublicKeyToken=adb9793829ddae60".
             Resolved file path is "/home/baturhan/.nuget/packages/microsoft.entityframeworkcore.abstractions/8.0.15/lib/net8.0/Microsoft.EntityFrameworkCore.Abstractions.dll".
             Reference found at search path location "{HintPathFromItem}".
             This reference is not "CopyLocal" because at least one source item had "Private" set to "false" and no source items had "Private" set to "true".
             The ImageRuntimeVersion for this reference is "".
         Primary reference "Microsoft.EntityFrameworkCore.Proxies, Version=8.0.15.0, Culture=neutral, PublicKeyToken=adb9793829ddae60".
             Resolved file path is "/home/baturhan/.nuget/packages/microsoft.entityframeworkcore.proxies/8.0.15/lib/net8.0/Microsoft.EntityFrameworkCore.Proxies.dll".
             Reference found at search path location "{HintPathFromItem}".
             This reference is not "CopyLocal" because at least one source item had "Private" set to "false" and no source items had "Private" set to "true".
             The ImageRuntimeVersion for this reference is "".
         Primary reference "Microsoft.EntityFrameworkCore.Relational, Version=8.0.15.0, Culture=neutral, PublicKeyToken=adb9793829ddae60".
             Resolved file path is "/home/baturhan/.nuget/packages/microsoft.entityframeworkcore.relational/8.0.15/lib/net8.0/Microsoft.EntityFrameworkCore.Relational.dll".
             Reference found at search path location "{HintPathFromItem}".
             This reference is not "CopyLocal" because at least one source item had "Private" set to "false" and no source items had "Private" set to "true".
             The ImageRuntimeVersion for this reference is "".
         Primary reference "Microsoft.Extensions.DependencyModel, Version=8.0.0.0, Culture=neutral, PublicKeyToken=adb9793829ddae60".
             Resolved file path is "/home/baturhan/.nuget/packages/microsoft.extensions.dependencymodel/8.0.0/lib/net8.0/Microsoft.Extensions.DependencyModel.dll".
             Reference found at search path location "{HintPathFromItem}".
             This reference is not "CopyLocal" because at least one source item had "Private" set to "false" and no source items had "Private" set to "true".
             The ImageRuntimeVersion for this reference is "".
         Primary reference "Microsoft.IdentityModel.Abstractions, Version=7.4.0.0, Culture=neutral, PublicKeyToken=31bf3856ad364e35".
             Resolved file path is "/home/baturhan/.nuget/packages/microsoft.identitymodel.abstractions/7.4.0/lib/net8.0/Microsoft.IdentityModel.Abstractions.dll".
             Reference found at search path location "{HintPathFromItem}".
             This reference is not "CopyLocal" because at least one source item had "Private" set to "false" and no source items had "Private" set to "true".
             The ImageRuntimeVersion for this reference is "".
         Primary reference "Microsoft.IdentityModel.JsonWebTokens, Version=7.4.0.0, Culture=neutral, PublicKeyToken=31bf3856ad364e35".
             Resolved file path is "/home/baturhan/.nuget/packages/microsoft.identitymodel.jsonwebtokens/7.4.0/lib/net8.0/Microsoft.IdentityModel.JsonWebTokens.dll".
             Reference found at search path location "{HintPathFromItem}".
             This reference is not "CopyLocal" because at least one source item had "Private" set to "false" and no source items had "Private" set to "true".
             The ImageRuntimeVersion for this reference is "".
         Primary reference "Microsoft.IdentityModel.Logging, Version=7.4.0.0, Culture=neutral, PublicKeyToken=31bf3856ad364e35".
             Resolved file path is "/home/baturhan/.nuget/packages/microsoft.identitymodel.logging/7.4.0/lib/net8.0/Microsoft.IdentityModel.Logging.dll".
             Reference found at search path location "{HintPathFromItem}".
             This reference is not "CopyLocal" because at least one source item had "Private" set to "false" and no source items had "Private" set to "true".
             The ImageRuntimeVersion for this reference is "".
         Primary reference "Microsoft.IdentityModel.Tokens, Version=7.4.0.0, Culture=neutral, PublicKeyToken=31bf3856ad364e35".
             Resolved file path is "/home/baturhan/.nuget/packages/microsoft.identitymodel.tokens/7.4.0/lib/net8.0/Microsoft.IdentityModel.Tokens.dll".
             Reference found at search path location "{HintPathFromItem}".
             This reference is not "CopyLocal" because at least one source item had "Private" set to "false" and no source items had "Private" set to "true".
             The ImageRuntimeVersion for this reference is "".
         Primary reference "Newtonsoft.Json, Version=13.0.0.0, Culture=neutral, PublicKeyToken=30ad4fe6b2a6aeed".
             Resolved file path is "/home/baturhan/.nuget/packages/newtonsoft.json/13.0.3/lib/net6.0/Newtonsoft.Json.dll".
             Reference found at search path location "{HintPathFromItem}".
             This reference is not "CopyLocal" because at least one source item had "Private" set to "false" and no source items had "Private" set to "true".
             The ImageRuntimeVersion for this reference is "".
         Primary reference "Npgsql, Version=8.0.6.0, Culture=neutral, PublicKeyToken=5d8b90d52f46fda7".
             Resolved file path is "/home/baturhan/.nuget/packages/npgsql/8.0.6/lib/net8.0/Npgsql.dll".
             Reference found at search path location "{HintPathFromItem}".
             This reference is not "CopyLocal" because at least one source item had "Private" set to "false" and no source items had "Private" set to "true".
             The ImageRuntimeVersion for this reference is "".
         Primary reference "Npgsql.EntityFrameworkCore.PostgreSQL, Version=8.0.11.0, Culture=neutral, PublicKeyToken=5d8b90d52f46fda7".
             Resolved file path is "/home/baturhan/.nuget/packages/npgsql.entityframeworkcore.postgresql/8.0.11/lib/net8.0/Npgsql.EntityFrameworkCore.PostgreSQL.dll".
             Reference found at search path location "{HintPathFromItem}".
             This reference is not "CopyLocal" because at least one source item had "Private" set to "false" and no source items had "Private" set to "true".
             The ImageRuntimeVersion for this reference is "".
         Primary reference "Pipelines.Sockets.Unofficial, Version=1.0.0.0, Culture=neutral, PublicKeyToken=42ea0a778e13fbe2".
             Resolved file path is "/home/baturhan/.nuget/packages/pipelines.sockets.unofficial/2.2.8/lib/net5.0/Pipelines.Sockets.Unofficial.dll".
             Reference found at search path location "{HintPathFromItem}".
             This reference is not "CopyLocal" because at least one source item had "Private" set to "false" and no source items had "Private" set to "true".
             The ImageRuntimeVersion for this reference is "".
         Primary reference "Serilog, Version=2.0.0.0, Culture=neutral, PublicKeyToken=24c2f752a8e58a10".
             Resolved file path is "/home/baturhan/.nuget/packages/serilog/3.1.1/lib/net7.0/Serilog.dll".
             Reference found at search path location "{HintPathFromItem}".
             This reference is not "CopyLocal" because at least one source item had "Private" set to "false" and no source items had "Private" set to "true".
             The ImageRuntimeVersion for this reference is "".
         Primary reference "Serilog.AspNetCore, Version=8.0.1.0, Culture=neutral, PublicKeyToken=24c2f752a8e58a10".
             Resolved file path is "/home/baturhan/.nuget/packages/serilog.aspnetcore/8.0.1/lib/net8.0/Serilog.AspNetCore.dll".
             Reference found at search path location "{HintPathFromItem}".
             This reference is not "CopyLocal" because at least one source item had "Private" set to "false" and no source items had "Private" set to "true".
             The ImageRuntimeVersion for this reference is "".
         Primary reference "Serilog.Extensions.Hosting, Version=7.0.0.0, Culture=neutral, PublicKeyToken=24c2f752a8e58a10".
             Resolved file path is "/home/baturhan/.nuget/packages/serilog.extensions.hosting/8.0.0/lib/net8.0/Serilog.Extensions.Hosting.dll".
             Reference found at search path location "{HintPathFromItem}".
             This reference is not "CopyLocal" because at least one source item had "Private" set to "false" and no source items had "Private" set to "true".
             The ImageRuntimeVersion for this reference is "".
         Primary reference "Serilog.Extensions.Logging, Version=7.0.0.0, Culture=neutral, PublicKeyToken=24c2f752a8e58a10".
             Resolved file path is "/home/baturhan/.nuget/packages/serilog.extensions.logging/8.0.0/lib/net8.0/Serilog.Extensions.Logging.dll".
             Reference found at search path location "{HintPathFromItem}".
             This reference is not "CopyLocal" because at least one source item had "Private" set to "false" and no source items had "Private" set to "true".
             The ImageRuntimeVersion for this reference is "".
         Primary reference "Serilog.Formatting.Compact, Version=2.0.0.0, Culture=neutral, PublicKeyToken=24c2f752a8e58a10".
             Resolved file path is "/home/baturhan/.nuget/packages/serilog.formatting.compact/2.0.0/lib/net7.0/Serilog.Formatting.Compact.dll".
             Reference found at search path location "{HintPathFromItem}".
             This reference is not "CopyLocal" because at least one source item had "Private" set to "false" and no source items had "Private" set to "true".
             The ImageRuntimeVersion for this reference is "".
         Primary reference "Serilog.Settings.Configuration, Version=8.0.0.0, Culture=neutral, PublicKeyToken=24c2f752a8e58a10".
             Resolved file path is "/home/baturhan/.nuget/packages/serilog.settings.configuration/8.0.0/lib/net8.0/Serilog.Settings.Configuration.dll".
             Reference found at search path location "{HintPathFromItem}".
             This reference is not "CopyLocal" because at least one source item had "Private" set to "false" and no source items had "Private" set to "true".
             The ImageRuntimeVersion for this reference is "".
         Primary reference "Serilog.Sinks.Console, Version=5.0.1.0, Culture=neutral, PublicKeyToken=24c2f752a8e58a10".
             Resolved file path is "/home/baturhan/.nuget/packages/serilog.sinks.console/5.0.1/lib/net7.0/Serilog.Sinks.Console.dll".
             Reference found at search path location "{HintPathFromItem}".
             This reference is not "CopyLocal" because at least one source item had "Private" set to "false" and no source items had "Private" set to "true".
             The ImageRuntimeVersion for this reference is "".
         Primary reference "Serilog.Sinks.Debug, Version=2.0.0.0, Culture=neutral, PublicKeyToken=24c2f752a8e58a10".
             Resolved file path is "/home/baturhan/.nuget/packages/serilog.sinks.debug/2.0.0/lib/netstandard2.1/Serilog.Sinks.Debug.dll".
             Reference found at search path location "{HintPathFromItem}".
             This reference is not "CopyLocal" because at least one source item had "Private" set to "false" and no source items had "Private" set to "true".
             The ImageRuntimeVersion for this reference is "".
         Primary reference "Serilog.Sinks.File, Version=5.0.0.0, Culture=neutral, PublicKeyToken=24c2f752a8e58a10".
             Resolved file path is "/home/baturhan/.nuget/packages/serilog.sinks.file/5.0.0/lib/net5.0/Serilog.Sinks.File.dll".
             Reference found at search path location "{HintPathFromItem}".
             This reference is not "CopyLocal" because at least one source item had "Private" set to "false" and no source items had "Private" set to "true".
             The ImageRuntimeVersion for this reference is "".
         Primary reference "StackExchange.Redis, Version=2.0.0.0, Culture=neutral, PublicKeyToken=c219ff1ca8c2ce46".
             Resolved file path is "/home/baturhan/.nuget/packages/stackexchange.redis/2.7.27/lib/net6.0/StackExchange.Redis.dll".
             Reference found at search path location "{HintPathFromItem}".
             This reference is not "CopyLocal" because at least one source item had "Private" set to "false" and no source items had "Private" set to "true".
             The ImageRuntimeVersion for this reference is "".
         Primary reference "System.IdentityModel.Tokens.Jwt, Version=7.4.0.0, Culture=neutral, PublicKeyToken=31bf3856ad364e35".
             Resolved file path is "/home/baturhan/.nuget/packages/system.identitymodel.tokens.jwt/7.4.0/lib/net8.0/System.IdentityModel.Tokens.Jwt.dll".
             Reference found at search path location "{HintPathFromItem}".
             This reference is not "CopyLocal" because at least one source item had "Private" set to "false" and no source items had "Private" set to "true".
             The ImageRuntimeVersion for this reference is "".
         Primary reference "Microsoft.CSharp, Version=8.0.0.0, Culture=neutral, PublicKeyToken=b03f5f7f11d50a3a".
             Resolved file path is "/usr/lib64/dotnet/packs/Microsoft.NETCore.App.Ref/8.0.22/ref/net8.0/Microsoft.CSharp.dll".
             Reference found at search path location "{RawFileName}".
             This reference is not "CopyLocal" because at least one source item had "Private" set to "false" and no source items had "Private" set to "true".
             The ImageRuntimeVersion for this reference is "".
         Primary reference "Microsoft.VisualBasic.Core, Version=13.0.0.0, Culture=neutral, PublicKeyToken=b03f5f7f11d50a3a".
             Resolved file path is "/usr/lib64/dotnet/packs/Microsoft.NETCore.App.Ref/8.0.22/ref/net8.0/Microsoft.VisualBasic.Core.dll".
             Reference found at search path location "{RawFileName}".
             This reference is not "CopyLocal" because at least one source item had "Private" set to "false" and no source items had "Private" set to "true".
             The ImageRuntimeVersion for this reference is "".
         Primary reference "Microsoft.VisualBasic, Version=10.0.0.0, Culture=neutral, PublicKeyToken=b03f5f7f11d50a3a".
             Resolved file path is "/usr/lib64/dotnet/packs/Microsoft.NETCore.App.Ref/8.0.22/ref/net8.0/Microsoft.VisualBasic.dll".
             Reference found at search path location "{RawFileName}".
             This reference is not "CopyLocal" because at least one source item had "Private" set to "false" and no source items had "Private" set to "true".
             The ImageRuntimeVersion for this reference is "".
         Primary reference "Microsoft.Win32.Primitives, Version=8.0.0.0, Culture=neutral, PublicKeyToken=b03f5f7f11d50a3a".
             Resolved file path is "/usr/lib64/dotnet/packs/Microsoft.NETCore.App.Ref/8.0.22/ref/net8.0/Microsoft.Win32.Primitives.dll".
             Reference found at search path location "{RawFileName}".
             This reference is not "CopyLocal" because at least one source item had "Private" set to "false" and no source items had "Private" set to "true".
             The ImageRuntimeVersion for this reference is "".
         Primary reference "Microsoft.Win32.Registry, Version=8.0.0.0, Culture=neutral, PublicKeyToken=b03f5f7f11d50a3a".
             Resolved file path is "/usr/lib64/dotnet/packs/Microsoft.NETCore.App.Ref/8.0.22/ref/net8.0/Microsoft.Win32.Registry.dll".
             Reference found at search path location "{RawFileName}".
             This reference is not "CopyLocal" because at least one source item had "Private" set to "false" and no source items had "Private" set to "true".
             The ImageRuntimeVersion for this reference is "".
         Primary reference "System.AppContext, Version=8.0.0.0, Culture=neutral, PublicKeyToken=b03f5f7f11d50a3a".
             Resolved file path is "/usr/lib64/dotnet/packs/Microsoft.NETCore.App.Ref/8.0.22/ref/net8.0/System.AppContext.dll".
             Reference found at search path location "{RawFileName}".
             This reference is not "CopyLocal" because at least one source item had "Private" set to "false" and no source items had "Private" set to "true".
             The ImageRuntimeVersion for this reference is "".
         Primary reference "System.Buffers, Version=8.0.0.0, Culture=neutral, PublicKeyToken=cc7b13ffcd2ddd51".
             Resolved file path is "/usr/lib64/dotnet/packs/Microsoft.NETCore.App.Ref/8.0.22/ref/net8.0/System.Buffers.dll".
             Reference found at search path location "{RawFileName}".
             This reference is not "CopyLocal" because at least one source item had "Private" set to "false" and no source items had "Private" set to "true".
             The ImageRuntimeVersion for this reference is "".
         Primary reference "System.Collections.Concurrent, Version=8.0.0.0, Culture=neutral, PublicKeyToken=b03f5f7f11d50a3a".
             Resolved file path is "/usr/lib64/dotnet/packs/Microsoft.NETCore.App.Ref/8.0.22/ref/net8.0/System.Collections.Concurrent.dll".
             Reference found at search path location "{RawFileName}".
             This reference is not "CopyLocal" because at least one source item had "Private" set to "false" and no source items had "Private" set to "true".
             The ImageRuntimeVersion for this reference is "".
         Primary reference "System.Collections.Immutable, Version=8.0.0.0, Culture=neutral, PublicKeyToken=b03f5f7f11d50a3a".
             Resolved file path is "/usr/lib64/dotnet/packs/Microsoft.NETCore.App.Ref/8.0.22/ref/net8.0/System.Collections.Immutable.dll".
             Reference found at search path location "{RawFileName}".
             This reference is not "CopyLocal" because at least one source item had "Private" set to "false" and no source items had "Private" set to "true".
             The ImageRuntimeVersion for this reference is "".
         Primary reference "System.Collections.NonGeneric, Version=8.0.0.0, Culture=neutral, PublicKeyToken=b03f5f7f11d50a3a".
             Resolved file path is "/usr/lib64/dotnet/packs/Microsoft.NETCore.App.Ref/8.0.22/ref/net8.0/System.Collections.NonGeneric.dll".
             Reference found at search path location "{RawFileName}".
             This reference is not "CopyLocal" because at least one source item had "Private" set to "false" and no source items had "Private" set to "true".
             The ImageRuntimeVersion for this reference is "".
         Primary reference "System.Collections.Specialized, Version=8.0.0.0, Culture=neutral, PublicKeyToken=b03f5f7f11d50a3a".
             Resolved file path is "/usr/lib64/dotnet/packs/Microsoft.NETCore.App.Ref/8.0.22/ref/net8.0/System.Collections.Specialized.dll".
             Reference found at search path location "{RawFileName}".
             This reference is not "CopyLocal" because at least one source item had "Private" set to "false" and no source items had "Private" set to "true".
             The ImageRuntimeVersion for this reference is "".
         Primary reference "System.Collections, Version=8.0.0.0, Culture=neutral, PublicKeyToken=b03f5f7f11d50a3a".
             Resolved file path is "/usr/lib64/dotnet/packs/Microsoft.NETCore.App.Ref/8.0.22/ref/net8.0/System.Collections.dll".
             Reference found at search path location "{RawFileName}".
             This reference is not "CopyLocal" because at least one source item had "Private" set to "false" and no source items had "Private" set to "true".
             The ImageRuntimeVersion for this reference is "".
         Primary reference "System.ComponentModel.Annotations, Version=8.0.0.0, Culture=neutral, PublicKeyToken=b03f5f7f11d50a3a".
             Resolved file path is "/usr/lib64/dotnet/packs/Microsoft.NETCore.App.Ref/8.0.22/ref/net8.0/System.ComponentModel.Annotations.dll".
             Reference found at search path location "{RawFileName}".
             This reference is not "CopyLocal" because at least one source item had "Private" set to "false" and no source items had "Private" set to "true".
             The ImageRuntimeVersion for this reference is "".
         Primary reference "System.ComponentModel.DataAnnotations, Version=4.0.0.0, Culture=neutral, PublicKeyToken=31bf3856ad364e35".
             Resolved file path is "/usr/lib64/dotnet/packs/Microsoft.NETCore.App.Ref/8.0.22/ref/net8.0/System.ComponentModel.DataAnnotations.dll".
             Reference found at search path location "{RawFileName}".
             This reference is not "CopyLocal" because at least one source item had "Private" set to "false" and no source items had "Private" set to "true".
             The ImageRuntimeVersion for this reference is "".
         Primary reference "System.ComponentModel.EventBasedAsync, Version=8.0.0.0, Culture=neutral, PublicKeyToken=b03f5f7f11d50a3a".
             Resolved file path is "/usr/lib64/dotnet/packs/Microsoft.NETCore.App.Ref/8.0.22/ref/net8.0/System.ComponentModel.EventBasedAsync.dll".
             Reference found at search path location "{RawFileName}".
             This reference is not "CopyLocal" because at least one source item had "Private" set to "false" and no source items had "Private" set to "true".
             The ImageRuntimeVersion for this reference is "".
         Primary reference "System.ComponentModel.Primitives, Version=8.0.0.0, Culture=neutral, PublicKeyToken=b03f5f7f11d50a3a".
             Resolved file path is "/usr/lib64/dotnet/packs/Microsoft.NETCore.App.Ref/8.0.22/ref/net8.0/System.ComponentModel.Primitives.dll".
             Reference found at search path location "{RawFileName}".
             This reference is not "CopyLocal" because at least one source item had "Private" set to "false" and no source items had "Private" set to "true".
             The ImageRuntimeVersion for this reference is "".
         Primary reference "System.ComponentModel.TypeConverter, Version=8.0.0.0, Culture=neutral, PublicKeyToken=b03f5f7f11d50a3a".
             Resolved file path is "/usr/lib64/dotnet/packs/Microsoft.NETCore.App.Ref/8.0.22/ref/net8.0/System.ComponentModel.TypeConverter.dll".
             Reference found at search path location "{RawFileName}".
             This reference is not "CopyLocal" because at least one source item had "Private" set to "false" and no source items had "Private" set to "true".
             The ImageRuntimeVersion for this reference is "".
         Primary reference "System.ComponentModel, Version=8.0.0.0, Culture=neutral, PublicKeyToken=b03f5f7f11d50a3a".
             Resolved file path is "/usr/lib64/dotnet/packs/Microsoft.NETCore.App.Ref/8.0.22/ref/net8.0/System.ComponentModel.dll".
             Reference found at search path location "{RawFileName}".
             This reference is not "CopyLocal" because at least one source item had "Private" set to "false" and no source items had "Private" set to "true".
             The ImageRuntimeVersion for this reference is "".
         Primary reference "System.Configuration, Version=4.0.0.0, Culture=neutral, PublicKeyToken=b03f5f7f11d50a3a".
             Resolved file path is "/usr/lib64/dotnet/packs/Microsoft.NETCore.App.Ref/8.0.22/ref/net8.0/System.Configuration.dll".
             Reference found at search path location "{RawFileName}".
             This reference is not "CopyLocal" because at least one source item had "Private" set to "false" and no source items had "Private" set to "true".
             The ImageRuntimeVersion for this reference is "".
         Primary reference "System.Console, Version=8.0.0.0, Culture=neutral, PublicKeyToken=b03f5f7f11d50a3a".
             Resolved file path is "/usr/lib64/dotnet/packs/Microsoft.NETCore.App.Ref/8.0.22/ref/net8.0/System.Console.dll".
             Reference found at search path location "{RawFileName}".
             This reference is not "CopyLocal" because at least one source item had "Private" set to "false" and no source items had "Private" set to "true".
             The ImageRuntimeVersion for this reference is "".
         Primary reference "System.Core, Version=4.0.0.0, Culture=neutral, PublicKeyToken=b77a5c561934e089".
             Resolved file path is "/usr/lib64/dotnet/packs/Microsoft.NETCore.App.Ref/8.0.22/ref/net8.0/System.Core.dll".
             Reference found at search path location "{RawFileName}".
             This reference is not "CopyLocal" because at least one source item had "Private" set to "false" and no source items had "Private" set to "true".
             The ImageRuntimeVersion for this reference is "".
         Primary reference "System.Data.Common, Version=8.0.0.0, Culture=neutral, PublicKeyToken=b03f5f7f11d50a3a".
             Resolved file path is "/usr/lib64/dotnet/packs/Microsoft.NETCore.App.Ref/8.0.22/ref/net8.0/System.Data.Common.dll".
             Reference found at search path location "{RawFileName}".
             This reference is not "CopyLocal" because at least one source item had "Private" set to "false" and no source items had "Private" set to "true".
             The ImageRuntimeVersion for this reference is "".
         Primary reference "System.Data.DataSetExtensions, Version=8.0.0.0, Culture=neutral, PublicKeyToken=b77a5c561934e089".
             Resolved file path is "/usr/lib64/dotnet/packs/Microsoft.NETCore.App.Ref/8.0.22/ref/net8.0/System.Data.DataSetExtensions.dll".
             Reference found at search path location "{RawFileName}".
             This reference is not "CopyLocal" because at least one source item had "Private" set to "false" and no source items had "Private" set to "true".
             The ImageRuntimeVersion for this reference is "".
         Primary reference "System.Data, Version=4.0.0.0, Culture=neutral, PublicKeyToken=b77a5c561934e089".
             Resolved file path is "/usr/lib64/dotnet/packs/Microsoft.NETCore.App.Ref/8.0.22/ref/net8.0/System.Data.dll".
             Reference found at search path location "{RawFileName}".
             This reference is not "CopyLocal" because at least one source item had "Private" set to "false" and no source items had "Private" set to "true".
             The ImageRuntimeVersion for this reference is "".
         Primary reference "System.Diagnostics.Contracts, Version=8.0.0.0, Culture=neutral, PublicKeyToken=b03f5f7f11d50a3a".
             Resolved file path is "/usr/lib64/dotnet/packs/Microsoft.NETCore.App.Ref/8.0.22/ref/net8.0/System.Diagnostics.Contracts.dll".
             Reference found at search path location "{RawFileName}".
             This reference is not "CopyLocal" because at least one source item had "Private" set to "false" and no source items had "Private" set to "true".
             The ImageRuntimeVersion for this reference is "".
         Primary reference "System.Diagnostics.Debug, Version=8.0.0.0, Culture=neutral, PublicKeyToken=b03f5f7f11d50a3a".
             Resolved file path is "/usr/lib64/dotnet/packs/Microsoft.NETCore.App.Ref/8.0.22/ref/net8.0/System.Diagnostics.Debug.dll".
             Reference found at search path location "{RawFileName}".
             This reference is not "CopyLocal" because at least one source item had "Private" set to "false" and no source items had "Private" set to "true".
             The ImageRuntimeVersion for this reference is "".
         Primary reference "System.Diagnostics.DiagnosticSource, Version=8.0.0.0, Culture=neutral, PublicKeyToken=cc7b13ffcd2ddd51".
             Resolved file path is "/usr/lib64/dotnet/packs/Microsoft.NETCore.App.Ref/8.0.22/ref/net8.0/System.Diagnostics.DiagnosticSource.dll".
             Reference found at search path location "{RawFileName}".
             This reference is not "CopyLocal" because at least one source item had "Private" set to "false" and no source items had "Private" set to "true".
             The ImageRuntimeVersion for this reference is "".
         Primary reference "System.Diagnostics.FileVersionInfo, Version=8.0.0.0, Culture=neutral, PublicKeyToken=b03f5f7f11d50a3a".
             Resolved file path is "/usr/lib64/dotnet/packs/Microsoft.NETCore.App.Ref/8.0.22/ref/net8.0/System.Diagnostics.FileVersionInfo.dll".
             Reference found at search path location "{RawFileName}".
             This reference is not "CopyLocal" because at least one source item had "Private" set to "false" and no source items had "Private" set to "true".
             The ImageRuntimeVersion for this reference is "".
         Primary reference "System.Diagnostics.Process, Version=8.0.0.0, Culture=neutral, PublicKeyToken=b03f5f7f11d50a3a".
             Resolved file path is "/usr/lib64/dotnet/packs/Microsoft.NETCore.App.Ref/8.0.22/ref/net8.0/System.Diagnostics.Process.dll".
             Reference found at search path location "{RawFileName}".
             This reference is not "CopyLocal" because at least one source item had "Private" set to "false" and no source items had "Private" set to "true".
             The ImageRuntimeVersion for this reference is "".
         Primary reference "System.Diagnostics.StackTrace, Version=8.0.0.0, Culture=neutral, PublicKeyToken=b03f5f7f11d50a3a".
             Resolved file path is "/usr/lib64/dotnet/packs/Microsoft.NETCore.App.Ref/8.0.22/ref/net8.0/System.Diagnostics.StackTrace.dll".
             Reference found at search path location "{RawFileName}".
             This reference is not "CopyLocal" because at least one source item had "Private" set to "false" and no source items had "Private" set to "true".
             The ImageRuntimeVersion for this reference is "".
         Primary reference "System.Diagnostics.TextWriterTraceListener, Version=8.0.0.0, Culture=neutral, PublicKeyToken=b03f5f7f11d50a3a".
             Resolved file path is "/usr/lib64/dotnet/packs/Microsoft.NETCore.App.Ref/8.0.22/ref/net8.0/System.Diagnostics.TextWriterTraceListener.dll".
             Reference found at search path location "{RawFileName}".
             This reference is not "CopyLocal" because at least one source item had "Private" set to "false" and no source items had "Private" set to "true".
             The ImageRuntimeVersion for this reference is "".
         Primary reference "System.Diagnostics.Tools, Version=8.0.0.0, Culture=neutral, PublicKeyToken=b03f5f7f11d50a3a".
             Resolved file path is "/usr/lib64/dotnet/packs/Microsoft.NETCore.App.Ref/8.0.22/ref/net8.0/System.Diagnostics.Tools.dll".
             Reference found at search path location "{RawFileName}".
             This reference is not "CopyLocal" because at least one source item had "Private" set to "false" and no source items had "Private" set to "true".
             The ImageRuntimeVersion for this reference is "".
         Primary reference "System.Diagnostics.TraceSource, Version=8.0.0.0, Culture=neutral, PublicKeyToken=b03f5f7f11d50a3a".
             Resolved file path is "/usr/lib64/dotnet/packs/Microsoft.NETCore.App.Ref/8.0.22/ref/net8.0/System.Diagnostics.TraceSource.dll".
             Reference found at search path location "{RawFileName}".
             This reference is not "CopyLocal" because at least one source item had "Private" set to "false" and no source items had "Private" set to "true".
             The ImageRuntimeVersion for this reference is "".
         Primary reference "System.Diagnostics.Tracing, Version=8.0.0.0, Culture=neutral, PublicKeyToken=b03f5f7f11d50a3a".
             Resolved file path is "/usr/lib64/dotnet/packs/Microsoft.NETCore.App.Ref/8.0.22/ref/net8.0/System.Diagnostics.Tracing.dll".
             Reference found at search path location "{RawFileName}".
             This reference is not "CopyLocal" because at least one source item had "Private" set to "false" and no source items had "Private" set to "true".
             The ImageRuntimeVersion for this reference is "".
         Primary reference "System.Drawing.Primitives, Version=8.0.0.0, Culture=neutral, PublicKeyToken=b03f5f7f11d50a3a".
             Resolved file path is "/usr/lib64/dotnet/packs/Microsoft.NETCore.App.Ref/8.0.22/ref/net8.0/System.Drawing.Primitives.dll".
             Reference found at search path location "{RawFileName}".
             This reference is not "CopyLocal" because at least one source item had "Private" set to "false" and no source items had "Private" set to "true".
             The ImageRuntimeVersion for this reference is "".
         Primary reference "System.Drawing, Version=4.0.0.0, Culture=neutral, PublicKeyToken=b03f5f7f11d50a3a".
             Resolved file path is "/usr/lib64/dotnet/packs/Microsoft.NETCore.App.Ref/8.0.22/ref/net8.0/System.Drawing.dll".
             Reference found at search path location "{RawFileName}".
             This reference is not "CopyLocal" because at least one source item had "Private" set to "false" and no source items had "Private" set to "true".
             The ImageRuntimeVersion for this reference is "".
         Primary reference "System.Dynamic.Runtime, Version=8.0.0.0, Culture=neutral, PublicKeyToken=b03f5f7f11d50a3a".
             Resolved file path is "/usr/lib64/dotnet/packs/Microsoft.NETCore.App.Ref/8.0.22/ref/net8.0/System.Dynamic.Runtime.dll".
             Reference found at search path location "{RawFileName}".
             This reference is not "CopyLocal" because at least one source item had "Private" set to "false" and no source items had "Private" set to "true".
             The ImageRuntimeVersion for this reference is "".
         Primary reference "System.Formats.Asn1, Version=8.0.0.0, Culture=neutral, PublicKeyToken=cc7b13ffcd2ddd51".
             Resolved file path is "/usr/lib64/dotnet/packs/Microsoft.NETCore.App.Ref/8.0.22/ref/net8.0/System.Formats.Asn1.dll".
             Reference found at search path location "{RawFileName}".
             This reference is not "CopyLocal" because at least one source item had "Private" set to "false" and no source items had "Private" set to "true".
             The ImageRuntimeVersion for this reference is "".
         Primary reference "System.Formats.Tar, Version=8.0.0.0, Culture=neutral, PublicKeyToken=cc7b13ffcd2ddd51".
             Resolved file path is "/usr/lib64/dotnet/packs/Microsoft.NETCore.App.Ref/8.0.22/ref/net8.0/System.Formats.Tar.dll".
             Reference found at search path location "{RawFileName}".
             This reference is not "CopyLocal" because at least one source item had "Private" set to "false" and no source items had "Private" set to "true".
             The ImageRuntimeVersion for this reference is "".
         Primary reference "System.Globalization.Calendars, Version=8.0.0.0, Culture=neutral, PublicKeyToken=b03f5f7f11d50a3a".
             Resolved file path is "/usr/lib64/dotnet/packs/Microsoft.NETCore.App.Ref/8.0.22/ref/net8.0/System.Globalization.Calendars.dll".
             Reference found at search path location "{RawFileName}".
             This reference is not "CopyLocal" because at least one source item had "Private" set to "false" and no source items had "Private" set to "true".
             The ImageRuntimeVersion for this reference is "".
         Primary reference "System.Globalization.Extensions, Version=8.0.0.0, Culture=neutral, PublicKeyToken=b03f5f7f11d50a3a".
             Resolved file path is "/usr/lib64/dotnet/packs/Microsoft.NETCore.App.Ref/8.0.22/ref/net8.0/System.Globalization.Extensions.dll".
             Reference found at search path location "{RawFileName}".
             This reference is not "CopyLocal" because at least one source item had "Private" set to "false" and no source items had "Private" set to "true".
             The ImageRuntimeVersion for this reference is "".
         Primary reference "System.Globalization, Version=8.0.0.0, Culture=neutral, PublicKeyToken=b03f5f7f11d50a3a".
             Resolved file path is "/usr/lib64/dotnet/packs/Microsoft.NETCore.App.Ref/8.0.22/ref/net8.0/System.Globalization.dll".
             Reference found at search path location "{RawFileName}".
             This reference is not "CopyLocal" because at least one source item had "Private" set to "false" and no source items had "Private" set to "true".
             The ImageRuntimeVersion for this reference is "".
         Primary reference "System.IO.Compression.Brotli, Version=8.0.0.0, Culture=neutral, PublicKeyToken=b77a5c561934e089".
             Resolved file path is "/usr/lib64/dotnet/packs/Microsoft.NETCore.App.Ref/8.0.22/ref/net8.0/System.IO.Compression.Brotli.dll".
             Reference found at search path location "{RawFileName}".
             This reference is not "CopyLocal" because at least one source item had "Private" set to "false" and no source items had "Private" set to "true".
             The ImageRuntimeVersion for this reference is "".
         Primary reference "System.IO.Compression.FileSystem, Version=4.0.0.0, Culture=neutral, PublicKeyToken=b77a5c561934e089".
             Resolved file path is "/usr/lib64/dotnet/packs/Microsoft.NETCore.App.Ref/8.0.22/ref/net8.0/System.IO.Compression.FileSystem.dll".
             Reference found at search path location "{RawFileName}".
             This reference is not "CopyLocal" because at least one source item had "Private" set to "false" and no source items had "Private" set to "true".
             The ImageRuntimeVersion for this reference is "".
         Primary reference "System.IO.Compression.ZipFile, Version=8.0.0.0, Culture=neutral, PublicKeyToken=b77a5c561934e089".
             Resolved file path is "/usr/lib64/dotnet/packs/Microsoft.NETCore.App.Ref/8.0.22/ref/net8.0/System.IO.Compression.ZipFile.dll".
             Reference found at search path location "{RawFileName}".
             This reference is not "CopyLocal" because at least one source item had "Private" set to "false" and no source items had "Private" set to "true".
             The ImageRuntimeVersion for this reference is "".
         Primary reference "System.IO.Compression, Version=8.0.0.0, Culture=neutral, PublicKeyToken=b77a5c561934e089".
             Resolved file path is "/usr/lib64/dotnet/packs/Microsoft.NETCore.App.Ref/8.0.22/ref/net8.0/System.IO.Compression.dll".
             Reference found at search path location "{RawFileName}".
             This reference is not "CopyLocal" because at least one source item had "Private" set to "false" and no source items had "Private" set to "true".
             The ImageRuntimeVersion for this reference is "".
         Primary reference "System.IO.FileSystem.AccessControl, Version=8.0.0.0, Culture=neutral, PublicKeyToken=b03f5f7f11d50a3a".
             Resolved file path is "/usr/lib64/dotnet/packs/Microsoft.NETCore.App.Ref/8.0.22/ref/net8.0/System.IO.FileSystem.AccessControl.dll".
             Reference found at search path location "{RawFileName}".
             This reference is not "CopyLocal" because at least one source item had "Private" set to "false" and no source items had "Private" set to "true".
             The ImageRuntimeVersion for this reference is "".
         Primary reference "System.IO.FileSystem.DriveInfo, Version=8.0.0.0, Culture=neutral, PublicKeyToken=b03f5f7f11d50a3a".
             Resolved file path is "/usr/lib64/dotnet/packs/Microsoft.NETCore.App.Ref/8.0.22/ref/net8.0/System.IO.FileSystem.DriveInfo.dll".
             Reference found at search path location "{RawFileName}".
             This reference is not "CopyLocal" because at least one source item had "Private" set to "false" and no source items had "Private" set to "true".
             The ImageRuntimeVersion for this reference is "".
         Primary reference "System.IO.FileSystem.Primitives, Version=8.0.0.0, Culture=neutral, PublicKeyToken=b03f5f7f11d50a3a".
             Resolved file path is "/usr/lib64/dotnet/packs/Microsoft.NETCore.App.Ref/8.0.22/ref/net8.0/System.IO.FileSystem.Primitives.dll".
             Reference found at search path location "{RawFileName}".
             This reference is not "CopyLocal" because at least one source item had "Private" set to "false" and no source items had "Private" set to "true".
             The ImageRuntimeVersion for this reference is "".
         Primary reference "System.IO.FileSystem.Watcher, Version=8.0.0.0, Culture=neutral, PublicKeyToken=b03f5f7f11d50a3a".
             Resolved file path is "/usr/lib64/dotnet/packs/Microsoft.NETCore.App.Ref/8.0.22/ref/net8.0/System.IO.FileSystem.Watcher.dll".
             Reference found at search path location "{RawFileName}".
             This reference is not "CopyLocal" because at least one source item had "Private" set to "false" and no source items had "Private" set to "true".
             The ImageRuntimeVersion for this reference is "".
         Primary reference "System.IO.FileSystem, Version=8.0.0.0, Culture=neutral, PublicKeyToken=b03f5f7f11d50a3a".
             Resolved file path is "/usr/lib64/dotnet/packs/Microsoft.NETCore.App.Ref/8.0.22/ref/net8.0/System.IO.FileSystem.dll".
             Reference found at search path location "{RawFileName}".
             This reference is not "CopyLocal" because at least one source item had "Private" set to "false" and no source items had "Private" set to "true".
             The ImageRuntimeVersion for this reference is "".
         Primary reference "System.IO.IsolatedStorage, Version=8.0.0.0, Culture=neutral, PublicKeyToken=b03f5f7f11d50a3a".
             Resolved file path is "/usr/lib64/dotnet/packs/Microsoft.NETCore.App.Ref/8.0.22/ref/net8.0/System.IO.IsolatedStorage.dll".
             Reference found at search path location "{RawFileName}".
             This reference is not "CopyLocal" because at least one source item had "Private" set to "false" and no source items had "Private" set to "true".
             The ImageRuntimeVersion for this reference is "".
         Primary reference "System.IO.MemoryMappedFiles, Version=8.0.0.0, Culture=neutral, PublicKeyToken=b03f5f7f11d50a3a".
             Resolved file path is "/usr/lib64/dotnet/packs/Microsoft.NETCore.App.Ref/8.0.22/ref/net8.0/System.IO.MemoryMappedFiles.dll".
             Reference found at search path location "{RawFileName}".
             This reference is not "CopyLocal" because at least one source item had "Private" set to "false" and no source items had "Private" set to "true".
             The ImageRuntimeVersion for this reference is "".
         Primary reference "System.IO.Pipes.AccessControl, Version=8.0.0.0, Culture=neutral, PublicKeyToken=b03f5f7f11d50a3a".
             Resolved file path is "/usr/lib64/dotnet/packs/Microsoft.NETCore.App.Ref/8.0.22/ref/net8.0/System.IO.Pipes.AccessControl.dll".
             Reference found at search path location "{RawFileName}".
             This reference is not "CopyLocal" because at least one source item had "Private" set to "false" and no source items had "Private" set to "true".
             The ImageRuntimeVersion for this reference is "".
         Primary reference "System.IO.Pipes, Version=8.0.0.0, Culture=neutral, PublicKeyToken=b03f5f7f11d50a3a".
             Resolved file path is "/usr/lib64/dotnet/packs/Microsoft.NETCore.App.Ref/8.0.22/ref/net8.0/System.IO.Pipes.dll".
             Reference found at search path location "{RawFileName}".
             This reference is not "CopyLocal" because at least one source item had "Private" set to "false" and no source items had "Private" set to "true".
             The ImageRuntimeVersion for this reference is "".
         Primary reference "System.IO.UnmanagedMemoryStream, Version=8.0.0.0, Culture=neutral, PublicKeyToken=b03f5f7f11d50a3a".
             Resolved file path is "/usr/lib64/dotnet/packs/Microsoft.NETCore.App.Ref/8.0.22/ref/net8.0/System.IO.UnmanagedMemoryStream.dll".
             Reference found at search path location "{RawFileName}".
             This reference is not "CopyLocal" because at least one source item had "Private" set to "false" and no source items had "Private" set to "true".
             The ImageRuntimeVersion for this reference is "".
         Primary reference "System.IO, Version=8.0.0.0, Culture=neutral, PublicKeyToken=b03f5f7f11d50a3a".
             Resolved file path is "/usr/lib64/dotnet/packs/Microsoft.NETCore.App.Ref/8.0.22/ref/net8.0/System.IO.dll".
             Reference found at search path location "{RawFileName}".
             This reference is not "CopyLocal" because at least one source item had "Private" set to "false" and no source items had "Private" set to "true".
             The ImageRuntimeVersion for this reference is "".
         Primary reference "System.Linq.Expressions, Version=8.0.0.0, Culture=neutral, PublicKeyToken=b03f5f7f11d50a3a".
             Resolved file path is "/usr/lib64/dotnet/packs/Microsoft.NETCore.App.Ref/8.0.22/ref/net8.0/System.Linq.Expressions.dll".
             Reference found at search path location "{RawFileName}".
             This reference is not "CopyLocal" because at least one source item had "Private" set to "false" and no source items had "Private" set to "true".
             The ImageRuntimeVersion for this reference is "".
         Primary reference "System.Linq.Parallel, Version=8.0.0.0, Culture=neutral, PublicKeyToken=b03f5f7f11d50a3a".
             Resolved file path is "/usr/lib64/dotnet/packs/Microsoft.NETCore.App.Ref/8.0.22/ref/net8.0/System.Linq.Parallel.dll".
             Reference found at search path location "{RawFileName}".
             This reference is not "CopyLocal" because at least one source item had "Private" set to "false" and no source items had "Private" set to "true".
             The ImageRuntimeVersion for this reference is "".
         Primary reference "System.Linq.Queryable, Version=8.0.0.0, Culture=neutral, PublicKeyToken=b03f5f7f11d50a3a".
             Resolved file path is "/usr/lib64/dotnet/packs/Microsoft.NETCore.App.Ref/8.0.22/ref/net8.0/System.Linq.Queryable.dll".
             Reference found at search path location "{RawFileName}".
             This reference is not "CopyLocal" because at least one source item had "Private" set to "false" and no source items had "Private" set to "true".
             The ImageRuntimeVersion for this reference is "".
         Primary reference "System.Linq, Version=8.0.0.0, Culture=neutral, PublicKeyToken=b03f5f7f11d50a3a".
             Resolved file path is "/usr/lib64/dotnet/packs/Microsoft.NETCore.App.Ref/8.0.22/ref/net8.0/System.Linq.dll".
             Reference found at search path location "{RawFileName}".
             This reference is not "CopyLocal" because at least one source item had "Private" set to "false" and no source items had "Private" set to "true".
             The ImageRuntimeVersion for this reference is "".
         Primary reference "System.Memory, Version=8.0.0.0, Culture=neutral, PublicKeyToken=cc7b13ffcd2ddd51".
             Resolved file path is "/usr/lib64/dotnet/packs/Microsoft.NETCore.App.Ref/8.0.22/ref/net8.0/System.Memory.dll".
             Reference found at search path location "{RawFileName}".
             This reference is not "CopyLocal" because at least one source item had "Private" set to "false" and no source items had "Private" set to "true".
             The ImageRuntimeVersion for this reference is "".
         Primary reference "System.Net.Http.Json, Version=8.0.0.0, Culture=neutral, PublicKeyToken=cc7b13ffcd2ddd51".
             Resolved file path is "/usr/lib64/dotnet/packs/Microsoft.NETCore.App.Ref/8.0.22/ref/net8.0/System.Net.Http.Json.dll".
             Reference found at search path location "{RawFileName}".
             This reference is not "CopyLocal" because at least one source item had "Private" set to "false" and no source items had "Private" set to "true".
             The ImageRuntimeVersion for this reference is "".
         Primary reference "System.Net.Http, Version=8.0.0.0, Culture=neutral, PublicKeyToken=b03f5f7f11d50a3a".
             Resolved file path is "/usr/lib64/dotnet/packs/Microsoft.NETCore.App.Ref/8.0.22/ref/net8.0/System.Net.Http.dll".
             Reference found at search path location "{RawFileName}".
             This reference is not "CopyLocal" because at least one source item had "Private" set to "false" and no source items had "Private" set to "true".
             The ImageRuntimeVersion for this reference is "".
         Primary reference "System.Net.HttpListener, Version=8.0.0.0, Culture=neutral, PublicKeyToken=cc7b13ffcd2ddd51".
             Resolved file path is "/usr/lib64/dotnet/packs/Microsoft.NETCore.App.Ref/8.0.22/ref/net8.0/System.Net.HttpListener.dll".
             Reference found at search path location "{RawFileName}".
             This reference is not "CopyLocal" because at least one source item had "Private" set to "false" and no source items had "Private" set to "true".
             The ImageRuntimeVersion for this reference is "".
         Primary reference "System.Net.Mail, Version=8.0.0.0, Culture=neutral, PublicKeyToken=cc7b13ffcd2ddd51".
             Resolved file path is "/usr/lib64/dotnet/packs/Microsoft.NETCore.App.Ref/8.0.22/ref/net8.0/System.Net.Mail.dll".
             Reference found at search path location "{RawFileName}".
             This reference is not "CopyLocal" because at least one source item had "Private" set to "false" and no source items had "Private" set to "true".
             The ImageRuntimeVersion for this reference is "".
         Primary reference "System.Net.NameResolution, Version=8.0.0.0, Culture=neutral, PublicKeyToken=b03f5f7f11d50a3a".
             Resolved file path is "/usr/lib64/dotnet/packs/Microsoft.NETCore.App.Ref/8.0.22/ref/net8.0/System.Net.NameResolution.dll".
             Reference found at search path location "{RawFileName}".
             This reference is not "CopyLocal" because at least one source item had "Private" set to "false" and no source items had "Private" set to "true".
             The ImageRuntimeVersion for this reference is "".
         Primary reference "System.Net.NetworkInformation, Version=8.0.0.0, Culture=neutral, PublicKeyToken=b03f5f7f11d50a3a".
             Resolved file path is "/usr/lib64/dotnet/packs/Microsoft.NETCore.App.Ref/8.0.22/ref/net8.0/System.Net.NetworkInformation.dll".
             Reference found at search path location "{RawFileName}".
             This reference is not "CopyLocal" because at least one source item had "Private" set to "false" and no source items had "Private" set to "true".
             The ImageRuntimeVersion for this reference is "".
         Primary reference "System.Net.Ping, Version=8.0.0.0, Culture=neutral, PublicKeyToken=b03f5f7f11d50a3a".
             Resolved file path is "/usr/lib64/dotnet/packs/Microsoft.NETCore.App.Ref/8.0.22/ref/net8.0/System.Net.Ping.dll".
             Reference found at search path location "{RawFileName}".
             This reference is not "CopyLocal" because at least one source item had "Private" set to "false" and no source items had "Private" set to "true".
             The ImageRuntimeVersion for this reference is "".
         Primary reference "System.Net.Primitives, Version=8.0.0.0, Culture=neutral, PublicKeyToken=b03f5f7f11d50a3a".
             Resolved file path is "/usr/lib64/dotnet/packs/Microsoft.NETCore.App.Ref/8.0.22/ref/net8.0/System.Net.Primitives.dll".
             Reference found at search path location "{RawFileName}".
             This reference is not "CopyLocal" because at least one source item had "Private" set to "false" and no source items had "Private" set to "true".
             The ImageRuntimeVersion for this reference is "".
         Primary reference "System.Net.Quic, Version=8.0.0.0, Culture=neutral, PublicKeyToken=b03f5f7f11d50a3a".
             Resolved file path is "/usr/lib64/dotnet/packs/Microsoft.NETCore.App.Ref/8.0.22/ref/net8.0/System.Net.Quic.dll".
             Reference found at search path location "{RawFileName}".
             This reference is not "CopyLocal" because at least one source item had "Private" set to "false" and no source items had "Private" set to "true".
             The ImageRuntimeVersion for this reference is "".
         Primary reference "System.Net.Requests, Version=8.0.0.0, Culture=neutral, PublicKeyToken=b03f5f7f11d50a3a".
             Resolved file path is "/usr/lib64/dotnet/packs/Microsoft.NETCore.App.Ref/8.0.22/ref/net8.0/System.Net.Requests.dll".
             Reference found at search path location "{RawFileName}".
             This reference is not "CopyLocal" because at least one source item had "Private" set to "false" and no source items had "Private" set to "true".
             The ImageRuntimeVersion for this reference is "".
         Primary reference "System.Net.Security, Version=8.0.0.0, Culture=neutral, PublicKeyToken=b03f5f7f11d50a3a".
             Resolved file path is "/usr/lib64/dotnet/packs/Microsoft.NETCore.App.Ref/8.0.22/ref/net8.0/System.Net.Security.dll".
             Reference found at search path location "{RawFileName}".
             This reference is not "CopyLocal" because at least one source item had "Private" set to "false" and no source items had "Private" set to "true".
             The ImageRuntimeVersion for this reference is "".
         Primary reference "System.Net.ServicePoint, Version=8.0.0.0, Culture=neutral, PublicKeyToken=cc7b13ffcd2ddd51".
             Resolved file path is "/usr/lib64/dotnet/packs/Microsoft.NETCore.App.Ref/8.0.22/ref/net8.0/System.Net.ServicePoint.dll".
             Reference found at search path location "{RawFileName}".
             This reference is not "CopyLocal" because at least one source item had "Private" set to "false" and no source items had "Private" set to "true".
             The ImageRuntimeVersion for this reference is "".
         Primary reference "System.Net.Sockets, Version=8.0.0.0, Culture=neutral, PublicKeyToken=b03f5f7f11d50a3a".
             Resolved file path is "/usr/lib64/dotnet/packs/Microsoft.NETCore.App.Ref/8.0.22/ref/net8.0/System.Net.Sockets.dll".
             Reference found at search path location "{RawFileName}".
             This reference is not "CopyLocal" because at least one source item had "Private" set to "false" and no source items had "Private" set to "true".
             The ImageRuntimeVersion for this reference is "".
         Primary reference "System.Net.WebClient, Version=8.0.0.0, Culture=neutral, PublicKeyToken=cc7b13ffcd2ddd51".
             Resolved file path is "/usr/lib64/dotnet/packs/Microsoft.NETCore.App.Ref/8.0.22/ref/net8.0/System.Net.WebClient.dll".
             Reference found at search path location "{RawFileName}".
             This reference is not "CopyLocal" because at least one source item had "Private" set to "false" and no source items had "Private" set to "true".
             The ImageRuntimeVersion for this reference is "".
         Primary reference "System.Net.WebHeaderCollection, Version=8.0.0.0, Culture=neutral, PublicKeyToken=b03f5f7f11d50a3a".
             Resolved file path is "/usr/lib64/dotnet/packs/Microsoft.NETCore.App.Ref/8.0.22/ref/net8.0/System.Net.WebHeaderCollection.dll".
             Reference found at search path location "{RawFileName}".
             This reference is not "CopyLocal" because at least one source item had "Private" set to "false" and no source items had "Private" set to "true".
             The ImageRuntimeVersion for this reference is "".
         Primary reference "System.Net.WebProxy, Version=8.0.0.0, Culture=neutral, PublicKeyToken=cc7b13ffcd2ddd51".
             Resolved file path is "/usr/lib64/dotnet/packs/Microsoft.NETCore.App.Ref/8.0.22/ref/net8.0/System.Net.WebProxy.dll".
             Reference found at search path location "{RawFileName}".
             This reference is not "CopyLocal" because at least one source item had "Private" set to "false" and no source items had "Private" set to "true".
             The ImageRuntimeVersion for this reference is "".
         Primary reference "System.Net.WebSockets.Client, Version=8.0.0.0, Culture=neutral, PublicKeyToken=b03f5f7f11d50a3a".
             Resolved file path is "/usr/lib64/dotnet/packs/Microsoft.NETCore.App.Ref/8.0.22/ref/net8.0/System.Net.WebSockets.Client.dll".
             Reference found at search path location "{RawFileName}".
             This reference is not "CopyLocal" because at least one source item had "Private" set to "false" and no source items had "Private" set to "true".
             The ImageRuntimeVersion for this reference is "".
         Primary reference "System.Net.WebSockets, Version=8.0.0.0, Culture=neutral, PublicKeyToken=b03f5f7f11d50a3a".
             Resolved file path is "/usr/lib64/dotnet/packs/Microsoft.NETCore.App.Ref/8.0.22/ref/net8.0/System.Net.WebSockets.dll".
             Reference found at search path location "{RawFileName}".
             This reference is not "CopyLocal" because at least one source item had "Private" set to "false" and no source items had "Private" set to "true".
             The ImageRuntimeVersion for this reference is "".
         Primary reference "System.Net, Version=4.0.0.0, Culture=neutral, PublicKeyToken=b03f5f7f11d50a3a".
             Resolved file path is "/usr/lib64/dotnet/packs/Microsoft.NETCore.App.Ref/8.0.22/ref/net8.0/System.Net.dll".
             Reference found at search path location "{RawFileName}".
             This reference is not "CopyLocal" because at least one source item had "Private" set to "false" and no source items had "Private" set to "true".
             The ImageRuntimeVersion for this reference is "".
         Primary reference "System.Numerics.Vectors, Version=8.0.0.0, Culture=neutral, PublicKeyToken=b03f5f7f11d50a3a".
             Resolved file path is "/usr/lib64/dotnet/packs/Microsoft.NETCore.App.Ref/8.0.22/ref/net8.0/System.Numerics.Vectors.dll".
             Reference found at search path location "{RawFileName}".
             This reference is not "CopyLocal" because at least one source item had "Private" set to "false" and no source items had "Private" set to "true".
             The ImageRuntimeVersion for this reference is "".
         Primary reference "System.Numerics, Version=4.0.0.0, Culture=neutral, PublicKeyToken=b77a5c561934e089".
             Resolved file path is "/usr/lib64/dotnet/packs/Microsoft.NETCore.App.Ref/8.0.22/ref/net8.0/System.Numerics.dll".
             Reference found at search path location "{RawFileName}".
             This reference is not "CopyLocal" because at least one source item had "Private" set to "false" and no source items had "Private" set to "true".
             The ImageRuntimeVersion for this reference is "".
         Primary reference "System.ObjectModel, Version=8.0.0.0, Culture=neutral, PublicKeyToken=b03f5f7f11d50a3a".
             Resolved file path is "/usr/lib64/dotnet/packs/Microsoft.NETCore.App.Ref/8.0.22/ref/net8.0/System.ObjectModel.dll".
             Reference found at search path location "{RawFileName}".
             This reference is not "CopyLocal" because at least one source item had "Private" set to "false" and no source items had "Private" set to "true".
             The ImageRuntimeVersion for this reference is "".
         Primary reference "System.Reflection.DispatchProxy, Version=8.0.0.0, Culture=neutral, PublicKeyToken=b03f5f7f11d50a3a".
             Resolved file path is "/usr/lib64/dotnet/packs/Microsoft.NETCore.App.Ref/8.0.22/ref/net8.0/System.Reflection.DispatchProxy.dll".
             Reference found at search path location "{RawFileName}".
             This reference is not "CopyLocal" because at least one source item had "Private" set to "false" and no source items had "Private" set to "true".
             The ImageRuntimeVersion for this reference is "".
         Primary reference "System.Reflection.Emit.ILGeneration, Version=8.0.0.0, Culture=neutral, PublicKeyToken=b03f5f7f11d50a3a".
             Resolved file path is "/usr/lib64/dotnet/packs/Microsoft.NETCore.App.Ref/8.0.22/ref/net8.0/System.Reflection.Emit.ILGeneration.dll".
             Reference found at search path location "{RawFileName}".
             This reference is not "CopyLocal" because at least one source item had "Private" set to "false" and no source items had "Private" set to "true".
             The ImageRuntimeVersion for this reference is "".
         Primary reference "System.Reflection.Emit.Lightweight, Version=8.0.0.0, Culture=neutral, PublicKeyToken=b03f5f7f11d50a3a".
             Resolved file path is "/usr/lib64/dotnet/packs/Microsoft.NETCore.App.Ref/8.0.22/ref/net8.0/System.Reflection.Emit.Lightweight.dll".
             Reference found at search path location "{RawFileName}".
             This reference is not "CopyLocal" because at least one source item had "Private" set to "false" and no source items had "Private" set to "true".
             The ImageRuntimeVersion for this reference is "".
         Primary reference "System.Reflection.Emit, Version=8.0.0.0, Culture=neutral, PublicKeyToken=b03f5f7f11d50a3a".
             Resolved file path is "/usr/lib64/dotnet/packs/Microsoft.NETCore.App.Ref/8.0.22/ref/net8.0/System.Reflection.Emit.dll".
             Reference found at search path location "{RawFileName}".
             This reference is not "CopyLocal" because at least one source item had "Private" set to "false" and no source items had "Private" set to "true".
             The ImageRuntimeVersion for this reference is "".
         Primary reference "System.Reflection.Extensions, Version=8.0.0.0, Culture=neutral, PublicKeyToken=b03f5f7f11d50a3a".
             Resolved file path is "/usr/lib64/dotnet/packs/Microsoft.NETCore.App.Ref/8.0.22/ref/net8.0/System.Reflection.Extensions.dll".
             Reference found at search path location "{RawFileName}".
             This reference is not "CopyLocal" because at least one source item had "Private" set to "false" and no source items had "Private" set to "true".
             The ImageRuntimeVersion for this reference is "".
         Primary reference "System.Reflection.Metadata, Version=8.0.0.0, Culture=neutral, PublicKeyToken=b03f5f7f11d50a3a".
             Resolved file path is "/usr/lib64/dotnet/packs/Microsoft.NETCore.App.Ref/8.0.22/ref/net8.0/System.Reflection.Metadata.dll".
             Reference found at search path location "{RawFileName}".
             This reference is not "CopyLocal" because at least one source item had "Private" set to "false" and no source items had "Private" set to "true".
             The ImageRuntimeVersion for this reference is "".
         Primary reference "System.Reflection.Primitives, Version=8.0.0.0, Culture=neutral, PublicKeyToken=b03f5f7f11d50a3a".
             Resolved file path is "/usr/lib64/dotnet/packs/Microsoft.NETCore.App.Ref/8.0.22/ref/net8.0/System.Reflection.Primitives.dll".
             Reference found at search path location "{RawFileName}".
             This reference is not "CopyLocal" because at least one source item had "Private" set to "false" and no source items had "Private" set to "true".
             The ImageRuntimeVersion for this reference is "".
         Primary reference "System.Reflection.TypeExtensions, Version=8.0.0.0, Culture=neutral, PublicKeyToken=b03f5f7f11d50a3a".
             Resolved file path is "/usr/lib64/dotnet/packs/Microsoft.NETCore.App.Ref/8.0.22/ref/net8.0/System.Reflection.TypeExtensions.dll".
             Reference found at search path location "{RawFileName}".
             This reference is not "CopyLocal" because at least one source item had "Private" set to "false" and no source items had "Private" set to "true".
             The ImageRuntimeVersion for this reference is "".
         Primary reference "System.Reflection, Version=8.0.0.0, Culture=neutral, PublicKeyToken=b03f5f7f11d50a3a".
             Resolved file path is "/usr/lib64/dotnet/packs/Microsoft.NETCore.App.Ref/8.0.22/ref/net8.0/System.Reflection.dll".
             Reference found at search path location "{RawFileName}".
             This reference is not "CopyLocal" because at least one source item had "Private" set to "false" and no source items had "Private" set to "true".
             The ImageRuntimeVersion for this reference is "".
         Primary reference "System.Resources.Reader, Version=8.0.0.0, Culture=neutral, PublicKeyToken=b03f5f7f11d50a3a".
             Resolved file path is "/usr/lib64/dotnet/packs/Microsoft.NETCore.App.Ref/8.0.22/ref/net8.0/System.Resources.Reader.dll".
             Reference found at search path location "{RawFileName}".
             This reference is not "CopyLocal" because at least one source item had "Private" set to "false" and no source items had "Private" set to "true".
             The ImageRuntimeVersion for this reference is "".
         Primary reference "System.Resources.ResourceManager, Version=8.0.0.0, Culture=neutral, PublicKeyToken=b03f5f7f11d50a3a".
             Resolved file path is "/usr/lib64/dotnet/packs/Microsoft.NETCore.App.Ref/8.0.22/ref/net8.0/System.Resources.ResourceManager.dll".
             Reference found at search path location "{RawFileName}".
             This reference is not "CopyLocal" because at least one source item had "Private" set to "false" and no source items had "Private" set to "true".
             The ImageRuntimeVersion for this reference is "".
         Primary reference "System.Resources.Writer, Version=8.0.0.0, Culture=neutral, PublicKeyToken=b03f5f7f11d50a3a".
             Resolved file path is "/usr/lib64/dotnet/packs/Microsoft.NETCore.App.Ref/8.0.22/ref/net8.0/System.Resources.Writer.dll".
             Reference found at search path location "{RawFileName}".
             This reference is not "CopyLocal" because at least one source item had "Private" set to "false" and no source items had "Private" set to "true".
             The ImageRuntimeVersion for this reference is "".
         Primary reference "System.Runtime.CompilerServices.Unsafe, Version=8.0.0.0, Culture=neutral, PublicKeyToken=b03f5f7f11d50a3a".
             Resolved file path is "/usr/lib64/dotnet/packs/Microsoft.NETCore.App.Ref/8.0.22/ref/net8.0/System.Runtime.CompilerServices.Unsafe.dll".
             Reference found at search path location "{RawFileName}".
             This reference is not "CopyLocal" because at least one source item had "Private" set to "false" and no source items had "Private" set to "true".
             The ImageRuntimeVersion for this reference is "".
         Primary reference "System.Runtime.CompilerServices.VisualC, Version=8.0.0.0, Culture=neutral, PublicKeyToken=b03f5f7f11d50a3a".
             Resolved file path is "/usr/lib64/dotnet/packs/Microsoft.NETCore.App.Ref/8.0.22/ref/net8.0/System.Runtime.CompilerServices.VisualC.dll".
             Reference found at search path location "{RawFileName}".
             This reference is not "CopyLocal" because at least one source item had "Private" set to "false" and no source items had "Private" set to "true".
             The ImageRuntimeVersion for this reference is "".
         Primary reference "System.Runtime.Extensions, Version=8.0.0.0, Culture=neutral, PublicKeyToken=b03f5f7f11d50a3a".
             Resolved file path is "/usr/lib64/dotnet/packs/Microsoft.NETCore.App.Ref/8.0.22/ref/net8.0/System.Runtime.Extensions.dll".
             Reference found at search path location "{RawFileName}".
             This reference is not "CopyLocal" because at least one source item had "Private" set to "false" and no source items had "Private" set to "true".
             The ImageRuntimeVersion for this reference is "".
         Primary reference "System.Runtime.Handles, Version=8.0.0.0, Culture=neutral, PublicKeyToken=b03f5f7f11d50a3a".
             Resolved file path is "/usr/lib64/dotnet/packs/Microsoft.NETCore.App.Ref/8.0.22/ref/net8.0/System.Runtime.Handles.dll".
             Reference found at search path location "{RawFileName}".
             This reference is not "CopyLocal" because at least one source item had "Private" set to "false" and no source items had "Private" set to "true".
             The ImageRuntimeVersion for this reference is "".
         Primary reference "System.Runtime.InteropServices.JavaScript, Version=8.0.0.0, Culture=neutral, PublicKeyToken=b03f5f7f11d50a3a".
             Resolved file path is "/usr/lib64/dotnet/packs/Microsoft.NETCore.App.Ref/8.0.22/ref/net8.0/System.Runtime.InteropServices.JavaScript.dll".
             Reference found at search path location "{RawFileName}".
             This reference is not "CopyLocal" because at least one source item had "Private" set to "false" and no source items had "Private" set to "true".
             The ImageRuntimeVersion for this reference is "".
         Primary reference "System.Runtime.InteropServices.RuntimeInformation, Version=8.0.0.0, Culture=neutral, PublicKeyToken=b03f5f7f11d50a3a".
             Resolved file path is "/usr/lib64/dotnet/packs/Microsoft.NETCore.App.Ref/8.0.22/ref/net8.0/System.Runtime.InteropServices.RuntimeInformation.dll".
             Reference found at search path location "{RawFileName}".
             This reference is not "CopyLocal" because at least one source item had "Private" set to "false" and no source items had "Private" set to "true".
             The ImageRuntimeVersion for this reference is "".
         Primary reference "System.Runtime.InteropServices, Version=8.0.0.0, Culture=neutral, PublicKeyToken=b03f5f7f11d50a3a".
             Resolved file path is "/usr/lib64/dotnet/packs/Microsoft.NETCore.App.Ref/8.0.22/ref/net8.0/System.Runtime.InteropServices.dll".
             Reference found at search path location "{RawFileName}".
             This reference is not "CopyLocal" because at least one source item had "Private" set to "false" and no source items had "Private" set to "true".
             The ImageRuntimeVersion for this reference is "".
         Primary reference "System.Runtime.Intrinsics, Version=8.0.0.0, Culture=neutral, PublicKeyToken=cc7b13ffcd2ddd51".
             Resolved file path is "/usr/lib64/dotnet/packs/Microsoft.NETCore.App.Ref/8.0.22/ref/net8.0/System.Runtime.Intrinsics.dll".
             Reference found at search path location "{RawFileName}".
             This reference is not "CopyLocal" because at least one source item had "Private" set to "false" and no source items had "Private" set to "true".
             The ImageRuntimeVersion for this reference is "".
         Primary reference "System.Runtime.Loader, Version=8.0.0.0, Culture=neutral, PublicKeyToken=b03f5f7f11d50a3a".
             Resolved file path is "/usr/lib64/dotnet/packs/Microsoft.NETCore.App.Ref/8.0.22/ref/net8.0/System.Runtime.Loader.dll".
             Reference found at search path location "{RawFileName}".
             This reference is not "CopyLocal" because at least one source item had "Private" set to "false" and no source items had "Private" set to "true".
             The ImageRuntimeVersion for this reference is "".
         Primary reference "System.Runtime.Numerics, Version=8.0.0.0, Culture=neutral, PublicKeyToken=b03f5f7f11d50a3a".
             Resolved file path is "/usr/lib64/dotnet/packs/Microsoft.NETCore.App.Ref/8.0.22/ref/net8.0/System.Runtime.Numerics.dll".
             Reference found at search path location "{RawFileName}".
             This reference is not "CopyLocal" because at least one source item had "Private" set to "false" and no source items had "Private" set to "true".
             The ImageRuntimeVersion for this reference is "".
         Primary reference "System.Runtime.Serialization.Formatters, Version=8.0.0.0, Culture=neutral, PublicKeyToken=b03f5f7f11d50a3a".
             Resolved file path is "/usr/lib64/dotnet/packs/Microsoft.NETCore.App.Ref/8.0.22/ref/net8.0/System.Runtime.Serialization.Formatters.dll".
             Reference found at search path location "{RawFileName}".
             This reference is not "CopyLocal" because at least one source item had "Private" set to "false" and no source items had "Private" set to "true".
             The ImageRuntimeVersion for this reference is "".
         Primary reference "System.Runtime.Serialization.Json, Version=8.0.0.0, Culture=neutral, PublicKeyToken=b03f5f7f11d50a3a".
             Resolved file path is "/usr/lib64/dotnet/packs/Microsoft.NETCore.App.Ref/8.0.22/ref/net8.0/System.Runtime.Serialization.Json.dll".
             Reference found at search path location "{RawFileName}".
             This reference is not "CopyLocal" because at least one source item had "Private" set to "false" and no source items had "Private" set to "true".
             The ImageRuntimeVersion for this reference is "".
         Primary reference "System.Runtime.Serialization.Primitives, Version=8.0.0.0, Culture=neutral, PublicKeyToken=b03f5f7f11d50a3a".
             Resolved file path is "/usr/lib64/dotnet/packs/Microsoft.NETCore.App.Ref/8.0.22/ref/net8.0/System.Runtime.Serialization.Primitives.dll".
             Reference found at search path location "{RawFileName}".
             This reference is not "CopyLocal" because at least one source item had "Private" set to "false" and no source items had "Private" set to "true".
             The ImageRuntimeVersion for this reference is "".
         Primary reference "System.Runtime.Serialization.Xml, Version=8.0.0.0, Culture=neutral, PublicKeyToken=b03f5f7f11d50a3a".
             Resolved file path is "/usr/lib64/dotnet/packs/Microsoft.NETCore.App.Ref/8.0.22/ref/net8.0/System.Runtime.Serialization.Xml.dll".
             Reference found at search path location "{RawFileName}".
             This reference is not "CopyLocal" because at least one source item had "Private" set to "false" and no source items had "Private" set to "true".
             The ImageRuntimeVersion for this reference is "".
         Primary reference "System.Runtime.Serialization, Version=4.0.0.0, Culture=neutral, PublicKeyToken=b77a5c561934e089".
             Resolved file path is "/usr/lib64/dotnet/packs/Microsoft.NETCore.App.Ref/8.0.22/ref/net8.0/System.Runtime.Serialization.dll".
             Reference found at search path location "{RawFileName}".
             This reference is not "CopyLocal" because at least one source item had "Private" set to "false" and no source items had "Private" set to "true".
             The ImageRuntimeVersion for this reference is "".
         Primary reference "System.Runtime, Version=8.0.0.0, Culture=neutral, PublicKeyToken=b03f5f7f11d50a3a".
             Resolved file path is "/usr/lib64/dotnet/packs/Microsoft.NETCore.App.Ref/8.0.22/ref/net8.0/System.Runtime.dll".
             Reference found at search path location "{RawFileName}".
             This reference is not "CopyLocal" because at least one source item had "Private" set to "false" and no source items had "Private" set to "true".
             The ImageRuntimeVersion for this reference is "".
         Primary reference "System.Security.AccessControl, Version=8.0.0.0, Culture=neutral, PublicKeyToken=b03f5f7f11d50a3a".
             Resolved file path is "/usr/lib64/dotnet/packs/Microsoft.NETCore.App.Ref/8.0.22/ref/net8.0/System.Security.AccessControl.dll".
             Reference found at search path location "{RawFileName}".
             This reference is not "CopyLocal" because at least one source item had "Private" set to "false" and no source items had "Private" set to "true".
             The ImageRuntimeVersion for this reference is "".
         Primary reference "System.Security.Claims, Version=8.0.0.0, Culture=neutral, PublicKeyToken=b03f5f7f11d50a3a".
             Resolved file path is "/usr/lib64/dotnet/packs/Microsoft.NETCore.App.Ref/8.0.22/ref/net8.0/System.Security.Claims.dll".
             Reference found at search path location "{RawFileName}".
             This reference is not "CopyLocal" because at least one source item had "Private" set to "false" and no source items had "Private" set to "true".
             The ImageRuntimeVersion for this reference is "".
         Primary reference "System.Security.Cryptography.Algorithms, Version=8.0.0.0, Culture=neutral, PublicKeyToken=b03f5f7f11d50a3a".
             Resolved file path is "/usr/lib64/dotnet/packs/Microsoft.NETCore.App.Ref/8.0.22/ref/net8.0/System.Security.Cryptography.Algorithms.dll".
             Reference found at search path location "{RawFileName}".
             This reference is not "CopyLocal" because at least one source item had "Private" set to "false" and no source items had "Private" set to "true".
             The ImageRuntimeVersion for this reference is "".
         Primary reference "System.Security.Cryptography.Cng, Version=8.0.0.0, Culture=neutral, PublicKeyToken=b03f5f7f11d50a3a".
             Resolved file path is "/usr/lib64/dotnet/packs/Microsoft.NETCore.App.Ref/8.0.22/ref/net8.0/System.Security.Cryptography.Cng.dll".
             Reference found at search path location "{RawFileName}".
             This reference is not "CopyLocal" because at least one source item had "Private" set to "false" and no source items had "Private" set to "true".
             The ImageRuntimeVersion for this reference is "".
         Primary reference "System.Security.Cryptography.Csp, Version=8.0.0.0, Culture=neutral, PublicKeyToken=b03f5f7f11d50a3a".
             Resolved file path is "/usr/lib64/dotnet/packs/Microsoft.NETCore.App.Ref/8.0.22/ref/net8.0/System.Security.Cryptography.Csp.dll".
             Reference found at search path location "{RawFileName}".
             This reference is not "CopyLocal" because at least one source item had "Private" set to "false" and no source items had "Private" set to "true".
             The ImageRuntimeVersion for this reference is "".
         Primary reference "System.Security.Cryptography.Encoding, Version=8.0.0.0, Culture=neutral, PublicKeyToken=b03f5f7f11d50a3a".
             Resolved file path is "/usr/lib64/dotnet/packs/Microsoft.NETCore.App.Ref/8.0.22/ref/net8.0/System.Security.Cryptography.Encoding.dll".
             Reference found at search path location "{RawFileName}".
             This reference is not "CopyLocal" because at least one source item had "Private" set to "false" and no source items had "Private" set to "true".
             The ImageRuntimeVersion for this reference is "".
         Primary reference "System.Security.Cryptography.OpenSsl, Version=8.0.0.0, Culture=neutral, PublicKeyToken=b03f5f7f11d50a3a".
             Resolved file path is "/usr/lib64/dotnet/packs/Microsoft.NETCore.App.Ref/8.0.22/ref/net8.0/System.Security.Cryptography.OpenSsl.dll".
             Reference found at search path location "{RawFileName}".
             This reference is not "CopyLocal" because at least one source item had "Private" set to "false" and no source items had "Private" set to "true".
             The ImageRuntimeVersion for this reference is "".
         Primary reference "System.Security.Cryptography.Primitives, Version=8.0.0.0, Culture=neutral, PublicKeyToken=b03f5f7f11d50a3a".
             Resolved file path is "/usr/lib64/dotnet/packs/Microsoft.NETCore.App.Ref/8.0.22/ref/net8.0/System.Security.Cryptography.Primitives.dll".
             Reference found at search path location "{RawFileName}".
             This reference is not "CopyLocal" because at least one source item had "Private" set to "false" and no source items had "Private" set to "true".
             The ImageRuntimeVersion for this reference is "".
         Primary reference "System.Security.Cryptography.X509Certificates, Version=8.0.0.0, Culture=neutral, PublicKeyToken=b03f5f7f11d50a3a".
             Resolved file path is "/usr/lib64/dotnet/packs/Microsoft.NETCore.App.Ref/8.0.22/ref/net8.0/System.Security.Cryptography.X509Certificates.dll".
             Reference found at search path location "{RawFileName}".
             This reference is not "CopyLocal" because at least one source item had "Private" set to "false" and no source items had "Private" set to "true".
             The ImageRuntimeVersion for this reference is "".
         Primary reference "System.Security.Cryptography, Version=8.0.0.0, Culture=neutral, PublicKeyToken=b03f5f7f11d50a3a".
             Resolved file path is "/usr/lib64/dotnet/packs/Microsoft.NETCore.App.Ref/8.0.22/ref/net8.0/System.Security.Cryptography.dll".
             Reference found at search path location "{RawFileName}".
             This reference is not "CopyLocal" because at least one source item had "Private" set to "false" and no source items had "Private" set to "true".
             The ImageRuntimeVersion for this reference is "".
         Primary reference "System.Security.Principal.Windows, Version=8.0.0.0, Culture=neutral, PublicKeyToken=b03f5f7f11d50a3a".
             Resolved file path is "/usr/lib64/dotnet/packs/Microsoft.NETCore.App.Ref/8.0.22/ref/net8.0/System.Security.Principal.Windows.dll".
             Reference found at search path location "{RawFileName}".
             This reference is not "CopyLocal" because at least one source item had "Private" set to "false" and no source items had "Private" set to "true".
             The ImageRuntimeVersion for this reference is "".
         Primary reference "System.Security.Principal, Version=8.0.0.0, Culture=neutral, PublicKeyToken=b03f5f7f11d50a3a".
             Resolved file path is "/usr/lib64/dotnet/packs/Microsoft.NETCore.App.Ref/8.0.22/ref/net8.0/System.Security.Principal.dll".
             Reference found at search path location "{RawFileName}".
             This reference is not "CopyLocal" because at least one source item had "Private" set to "false" and no source items had "Private" set to "true".
             The ImageRuntimeVersion for this reference is "".
         Primary reference "System.Security.SecureString, Version=8.0.0.0, Culture=neutral, PublicKeyToken=b03f5f7f11d50a3a".
             Resolved file path is "/usr/lib64/dotnet/packs/Microsoft.NETCore.App.Ref/8.0.22/ref/net8.0/System.Security.SecureString.dll".
             Reference found at search path location "{RawFileName}".
             This reference is not "CopyLocal" because at least one source item had "Private" set to "false" and no source items had "Private" set to "true".
             The ImageRuntimeVersion for this reference is "".
         Primary reference "System.Security, Version=4.0.0.0, Culture=neutral, PublicKeyToken=b03f5f7f11d50a3a".
             Resolved file path is "/usr/lib64/dotnet/packs/Microsoft.NETCore.App.Ref/8.0.22/ref/net8.0/System.Security.dll".
             Reference found at search path location "{RawFileName}".
             This reference is not "CopyLocal" because at least one source item had "Private" set to "false" and no source items had "Private" set to "true".
             The ImageRuntimeVersion for this reference is "".
         Primary reference "System.ServiceModel.Web, Version=4.0.0.0, Culture=neutral, PublicKeyToken=31bf3856ad364e35".
             Resolved file path is "/usr/lib64/dotnet/packs/Microsoft.NETCore.App.Ref/8.0.22/ref/net8.0/System.ServiceModel.Web.dll".
             Reference found at search path location "{RawFileName}".
             This reference is not "CopyLocal" because at least one source item had "Private" set to "false" and no source items had "Private" set to "true".
             The ImageRuntimeVersion for this reference is "".
         Primary reference "System.ServiceProcess, Version=4.0.0.0, Culture=neutral, PublicKeyToken=b03f5f7f11d50a3a".
             Resolved file path is "/usr/lib64/dotnet/packs/Microsoft.NETCore.App.Ref/8.0.22/ref/net8.0/System.ServiceProcess.dll".
             Reference found at search path location "{RawFileName}".
             This reference is not "CopyLocal" because at least one source item had "Private" set to "false" and no source items had "Private" set to "true".
             The ImageRuntimeVersion for this reference is "".
         Primary reference "System.Text.Encoding.CodePages, Version=8.0.0.0, Culture=neutral, PublicKeyToken=b03f5f7f11d50a3a".
             Resolved file path is "/usr/lib64/dotnet/packs/Microsoft.NETCore.App.Ref/8.0.22/ref/net8.0/System.Text.Encoding.CodePages.dll".
             Reference found at search path location "{RawFileName}".
             This reference is not "CopyLocal" because at least one source item had "Private" set to "false" and no source items had "Private" set to "true".
             The ImageRuntimeVersion for this reference is "".
         Primary reference "System.Text.Encoding.Extensions, Version=8.0.0.0, Culture=neutral, PublicKeyToken=b03f5f7f11d50a3a".
             Resolved file path is "/usr/lib64/dotnet/packs/Microsoft.NETCore.App.Ref/8.0.22/ref/net8.0/System.Text.Encoding.Extensions.dll".
             Reference found at search path location "{RawFileName}".
             This reference is not "CopyLocal" because at least one source item had "Private" set to "false" and no source items had "Private" set to "true".
             The ImageRuntimeVersion for this reference is "".
         Primary reference "System.Text.Encoding, Version=8.0.0.0, Culture=neutral, PublicKeyToken=b03f5f7f11d50a3a".
             Resolved file path is "/usr/lib64/dotnet/packs/Microsoft.NETCore.App.Ref/8.0.22/ref/net8.0/System.Text.Encoding.dll".
             Reference found at search path location "{RawFileName}".
             This reference is not "CopyLocal" because at least one source item had "Private" set to "false" and no source items had "Private" set to "true".
             The ImageRuntimeVersion for this reference is "".
         Primary reference "System.Text.Encodings.Web, Version=8.0.0.0, Culture=neutral, PublicKeyToken=cc7b13ffcd2ddd51".
             Resolved file path is "/usr/lib64/dotnet/packs/Microsoft.NETCore.App.Ref/8.0.22/ref/net8.0/System.Text.Encodings.Web.dll".
             Reference found at search path location "{RawFileName}".
             This reference is not "CopyLocal" because at least one source item had "Private" set to "false" and no source items had "Private" set to "true".
             The ImageRuntimeVersion for this reference is "".
         Primary reference "System.Text.Json, Version=8.0.0.0, Culture=neutral, PublicKeyToken=cc7b13ffcd2ddd51".
             Resolved file path is "/usr/lib64/dotnet/packs/Microsoft.NETCore.App.Ref/8.0.22/ref/net8.0/System.Text.Json.dll".
             Reference found at search path location "{RawFileName}".
             This reference is not "CopyLocal" because at least one source item had "Private" set to "false" and no source items had "Private" set to "true".
             The ImageRuntimeVersion for this reference is "".
         Primary reference "System.Text.RegularExpressions, Version=8.0.0.0, Culture=neutral, PublicKeyToken=b03f5f7f11d50a3a".
             Resolved file path is "/usr/lib64/dotnet/packs/Microsoft.NETCore.App.Ref/8.0.22/ref/net8.0/System.Text.RegularExpressions.dll".
             Reference found at search path location "{RawFileName}".
             This reference is not "CopyLocal" because at least one source item had "Private" set to "false" and no source items had "Private" set to "true".
             The ImageRuntimeVersion for this reference is "".
         Primary reference "System.Threading.Channels, Version=8.0.0.0, Culture=neutral, PublicKeyToken=cc7b13ffcd2ddd51".
             Resolved file path is "/usr/lib64/dotnet/packs/Microsoft.NETCore.App.Ref/8.0.22/ref/net8.0/System.Threading.Channels.dll".
             Reference found at search path location "{RawFileName}".
             This reference is not "CopyLocal" because at least one source item had "Private" set to "false" and no source items had "Private" set to "true".
             The ImageRuntimeVersion for this reference is "".
         Primary reference "System.Threading.Overlapped, Version=8.0.0.0, Culture=neutral, PublicKeyToken=b03f5f7f11d50a3a".
             Resolved file path is "/usr/lib64/dotnet/packs/Microsoft.NETCore.App.Ref/8.0.22/ref/net8.0/System.Threading.Overlapped.dll".
             Reference found at search path location "{RawFileName}".
             This reference is not "CopyLocal" because at least one source item had "Private" set to "false" and no source items had "Private" set to "true".
             The ImageRuntimeVersion for this reference is "".
         Primary reference "System.Threading.Tasks.Dataflow, Version=8.0.0.0, Culture=neutral, PublicKeyToken=b03f5f7f11d50a3a".
             Resolved file path is "/usr/lib64/dotnet/packs/Microsoft.NETCore.App.Ref/8.0.22/ref/net8.0/System.Threading.Tasks.Dataflow.dll".
             Reference found at search path location "{RawFileName}".
             This reference is not "CopyLocal" because at least one source item had "Private" set to "false" and no source items had "Private" set to "true".
             The ImageRuntimeVersion for this reference is "".
         Primary reference "System.Threading.Tasks.Extensions, Version=8.0.0.0, Culture=neutral, PublicKeyToken=cc7b13ffcd2ddd51".
             Resolved file path is "/usr/lib64/dotnet/packs/Microsoft.NETCore.App.Ref/8.0.22/ref/net8.0/System.Threading.Tasks.Extensions.dll".
             Reference found at search path location "{RawFileName}".
             This reference is not "CopyLocal" because at least one source item had "Private" set to "false" and no source items had "Private" set to "true".
             The ImageRuntimeVersion for this reference is "".
         Primary reference "System.Threading.Tasks.Parallel, Version=8.0.0.0, Culture=neutral, PublicKeyToken=b03f5f7f11d50a3a".
             Resolved file path is "/usr/lib64/dotnet/packs/Microsoft.NETCore.App.Ref/8.0.22/ref/net8.0/System.Threading.Tasks.Parallel.dll".
             Reference found at search path location "{RawFileName}".
             This reference is not "CopyLocal" because at least one source item had "Private" set to "false" and no source items had "Private" set to "true".
             The ImageRuntimeVersion for this reference is "".
         Primary reference "System.Threading.Tasks, Version=8.0.0.0, Culture=neutral, PublicKeyToken=b03f5f7f11d50a3a".
             Resolved file path is "/usr/lib64/dotnet/packs/Microsoft.NETCore.App.Ref/8.0.22/ref/net8.0/System.Threading.Tasks.dll".
             Reference found at search path location "{RawFileName}".
             This reference is not "CopyLocal" because at least one source item had "Private" set to "false" and no source items had "Private" set to "true".
             The ImageRuntimeVersion for this reference is "".
         Primary reference "System.Threading.Thread, Version=8.0.0.0, Culture=neutral, PublicKeyToken=b03f5f7f11d50a3a".
             Resolved file path is "/usr/lib64/dotnet/packs/Microsoft.NETCore.App.Ref/8.0.22/ref/net8.0/System.Threading.Thread.dll".
             Reference found at search path location "{RawFileName}".
             This reference is not "CopyLocal" because at least one source item had "Private" set to "false" and no source items had "Private" set to "true".
             The ImageRuntimeVersion for this reference is "".
         Primary reference "System.Threading.ThreadPool, Version=8.0.0.0, Culture=neutral, PublicKeyToken=b03f5f7f11d50a3a".
             Resolved file path is "/usr/lib64/dotnet/packs/Microsoft.NETCore.App.Ref/8.0.22/ref/net8.0/System.Threading.ThreadPool.dll".
             Reference found at search path location "{RawFileName}".
             This reference is not "CopyLocal" because at least one source item had "Private" set to "false" and no source items had "Private" set to "true".
             The ImageRuntimeVersion for this reference is "".
         Primary reference "System.Threading.Timer, Version=8.0.0.0, Culture=neutral, PublicKeyToken=b03f5f7f11d50a3a".
             Resolved file path is "/usr/lib64/dotnet/packs/Microsoft.NETCore.App.Ref/8.0.22/ref/net8.0/System.Threading.Timer.dll".
             Reference found at search path location "{RawFileName}".
             This reference is not "CopyLocal" because at least one source item had "Private" set to "false" and no source items had "Private" set to "true".
             The ImageRuntimeVersion for this reference is "".
         Primary reference "System.Threading, Version=8.0.0.0, Culture=neutral, PublicKeyToken=b03f5f7f11d50a3a".
             Resolved file path is "/usr/lib64/dotnet/packs/Microsoft.NETCore.App.Ref/8.0.22/ref/net8.0/System.Threading.dll".
             Reference found at search path location "{RawFileName}".
             This reference is not "CopyLocal" because at least one source item had "Private" set to "false" and no source items had "Private" set to "true".
             The ImageRuntimeVersion for this reference is "".
         Primary reference "System.Transactions.Local, Version=8.0.0.0, Culture=neutral, PublicKeyToken=cc7b13ffcd2ddd51".
             Resolved file path is "/usr/lib64/dotnet/packs/Microsoft.NETCore.App.Ref/8.0.22/ref/net8.0/System.Transactions.Local.dll".
             Reference found at search path location "{RawFileName}".
             This reference is not "CopyLocal" because at least one source item had "Private" set to "false" and no source items had "Private" set to "true".
             The ImageRuntimeVersion for this reference is "".
         Primary reference "System.Transactions, Version=4.0.0.0, Culture=neutral, PublicKeyToken=b77a5c561934e089".
             Resolved file path is "/usr/lib64/dotnet/packs/Microsoft.NETCore.App.Ref/8.0.22/ref/net8.0/System.Transactions.dll".
             Reference found at search path location "{RawFileName}".
             This reference is not "CopyLocal" because at least one source item had "Private" set to "false" and no source items had "Private" set to "true".
             The ImageRuntimeVersion for this reference is "".
         Primary reference "System.ValueTuple, Version=8.0.0.0, Culture=neutral, PublicKeyToken=cc7b13ffcd2ddd51".
             Resolved file path is "/usr/lib64/dotnet/packs/Microsoft.NETCore.App.Ref/8.0.22/ref/net8.0/System.ValueTuple.dll".
             Reference found at search path location "{RawFileName}".
             This reference is not "CopyLocal" because at least one source item had "Private" set to "false" and no source items had "Private" set to "true".
             The ImageRuntimeVersion for this reference is "".
         Primary reference "System.Web.HttpUtility, Version=8.0.0.0, Culture=neutral, PublicKeyToken=cc7b13ffcd2ddd51".
             Resolved file path is "/usr/lib64/dotnet/packs/Microsoft.NETCore.App.Ref/8.0.22/ref/net8.0/System.Web.HttpUtility.dll".
             Reference found at search path location "{RawFileName}".
             This reference is not "CopyLocal" because at least one source item had "Private" set to "false" and no source items had "Private" set to "true".
             The ImageRuntimeVersion for this reference is "".
         Primary reference "System.Web, Version=4.0.0.0, Culture=neutral, PublicKeyToken=b03f5f7f11d50a3a".
             Resolved file path is "/usr/lib64/dotnet/packs/Microsoft.NETCore.App.Ref/8.0.22/ref/net8.0/System.Web.dll".
             Reference found at search path location "{RawFileName}".
             This reference is not "CopyLocal" because at least one source item had "Private" set to "false" and no source items had "Private" set to "true".
             The ImageRuntimeVersion for this reference is "".
         Primary reference "System.Windows, Version=4.0.0.0, Culture=neutral, PublicKeyToken=b03f5f7f11d50a3a".
             Resolved file path is "/usr/lib64/dotnet/packs/Microsoft.NETCore.App.Ref/8.0.22/ref/net8.0/System.Windows.dll".
             Reference found at search path location "{RawFileName}".
             This reference is not "CopyLocal" because at least one source item had "Private" set to "false" and no source items had "Private" set to "true".
             The ImageRuntimeVersion for this reference is "".
         Primary reference "System.Xml.Linq, Version=4.0.0.0, Culture=neutral, PublicKeyToken=b77a5c561934e089".
             Resolved file path is "/usr/lib64/dotnet/packs/Microsoft.NETCore.App.Ref/8.0.22/ref/net8.0/System.Xml.Linq.dll".
             Reference found at search path location "{RawFileName}".
             This reference is not "CopyLocal" because at least one source item had "Private" set to "false" and no source items had "Private" set to "true".
             The ImageRuntimeVersion for this reference is "".
         Primary reference "System.Xml.ReaderWriter, Version=8.0.0.0, Culture=neutral, PublicKeyToken=b03f5f7f11d50a3a".
             Resolved file path is "/usr/lib64/dotnet/packs/Microsoft.NETCore.App.Ref/8.0.22/ref/net8.0/System.Xml.ReaderWriter.dll".
             Reference found at search path location "{RawFileName}".
             This reference is not "CopyLocal" because at least one source item had "Private" set to "false" and no source items had "Private" set to "true".
             The ImageRuntimeVersion for this reference is "".
         Primary reference "System.Xml.Serialization, Version=4.0.0.0, Culture=neutral, PublicKeyToken=b77a5c561934e089".
             Resolved file path is "/usr/lib64/dotnet/packs/Microsoft.NETCore.App.Ref/8.0.22/ref/net8.0/System.Xml.Serialization.dll".
             Reference found at search path location "{RawFileName}".
             This reference is not "CopyLocal" because at least one source item had "Private" set to "false" and no source items had "Private" set to "true".
             The ImageRuntimeVersion for this reference is "".
         Primary reference "System.Xml.XDocument, Version=8.0.0.0, Culture=neutral, PublicKeyToken=b03f5f7f11d50a3a".
             Resolved file path is "/usr/lib64/dotnet/packs/Microsoft.NETCore.App.Ref/8.0.22/ref/net8.0/System.Xml.XDocument.dll".
             Reference found at search path location "{RawFileName}".
             This reference is not "CopyLocal" because at least one source item had "Private" set to "false" and no source items had "Private" set to "true".
             The ImageRuntimeVersion for this reference is "".
         Primary reference "System.Xml.XPath.XDocument, Version=8.0.0.0, Culture=neutral, PublicKeyToken=b03f5f7f11d50a3a".
             Resolved file path is "/usr/lib64/dotnet/packs/Microsoft.NETCore.App.Ref/8.0.22/ref/net8.0/System.Xml.XPath.XDocument.dll".
             Reference found at search path location "{RawFileName}".
             This reference is not "CopyLocal" because at least one source item had "Private" set to "false" and no source items had "Private" set to "true".
             The ImageRuntimeVersion for this reference is "".
         Primary reference "System.Xml.XPath, Version=8.0.0.0, Culture=neutral, PublicKeyToken=b03f5f7f11d50a3a".
             Resolved file path is "/usr/lib64/dotnet/packs/Microsoft.NETCore.App.Ref/8.0.22/ref/net8.0/System.Xml.XPath.dll".
             Reference found at search path location "{RawFileName}".
             This reference is not "CopyLocal" because at least one source item had "Private" set to "false" and no source items had "Private" set to "true".
             The ImageRuntimeVersion for this reference is "".
         Primary reference "System.Xml.XmlDocument, Version=8.0.0.0, Culture=neutral, PublicKeyToken=b03f5f7f11d50a3a".
             Resolved file path is "/usr/lib64/dotnet/packs/Microsoft.NETCore.App.Ref/8.0.22/ref/net8.0/System.Xml.XmlDocument.dll".
             Reference found at search path location "{RawFileName}".
             This reference is not "CopyLocal" because at least one source item had "Private" set to "false" and no source items had "Private" set to "true".
             The ImageRuntimeVersion for this reference is "".
         Primary reference "System.Xml.XmlSerializer, Version=8.0.0.0, Culture=neutral, PublicKeyToken=b03f5f7f11d50a3a".
             Resolved file path is "/usr/lib64/dotnet/packs/Microsoft.NETCore.App.Ref/8.0.22/ref/net8.0/System.Xml.XmlSerializer.dll".
             Reference found at search path location "{RawFileName}".
             This reference is not "CopyLocal" because at least one source item had "Private" set to "false" and no source items had "Private" set to "true".
             The ImageRuntimeVersion for this reference is "".
         Primary reference "System.Xml, Version=4.0.0.0, Culture=neutral, PublicKeyToken=b77a5c561934e089".
             Resolved file path is "/usr/lib64/dotnet/packs/Microsoft.NETCore.App.Ref/8.0.22/ref/net8.0/System.Xml.dll".
             Reference found at search path location "{RawFileName}".
             This reference is not "CopyLocal" because at least one source item had "Private" set to "false" and no source items had "Private" set to "true".
             The ImageRuntimeVersion for this reference is "".
         Primary reference "System, Version=4.0.0.0, Culture=neutral, PublicKeyToken=b77a5c561934e089".
             Resolved file path is "/usr/lib64/dotnet/packs/Microsoft.NETCore.App.Ref/8.0.22/ref/net8.0/System.dll".
             Reference found at search path location "{RawFileName}".
             This reference is not "CopyLocal" because at least one source item had "Private" set to "false" and no source items had "Private" set to "true".
             The ImageRuntimeVersion for this reference is "".
         Primary reference "WindowsBase, Version=4.0.0.0, Culture=neutral, PublicKeyToken=31bf3856ad364e35".
             Resolved file path is "/usr/lib64/dotnet/packs/Microsoft.NETCore.App.Ref/8.0.22/ref/net8.0/WindowsBase.dll".
             Reference found at search path location "{RawFileName}".
             This reference is not "CopyLocal" because at least one source item had "Private" set to "false" and no source items had "Private" set to "true".
             The ImageRuntimeVersion for this reference is "".
         Primary reference "mscorlib, Version=4.0.0.0, Culture=neutral, PublicKeyToken=b77a5c561934e089".
             Resolved file path is "/usr/lib64/dotnet/packs/Microsoft.NETCore.App.Ref/8.0.22/ref/net8.0/mscorlib.dll".
             Reference found at search path location "{RawFileName}".
             This reference is not "CopyLocal" because at least one source item had "Private" set to "false" and no source items had "Private" set to "true".
             The ImageRuntimeVersion for this reference is "".
         Primary reference "netstandard, Version=2.1.0.0, Culture=neutral, PublicKeyToken=cc7b13ffcd2ddd51".
             Resolved file path is "/usr/lib64/dotnet/packs/Microsoft.NETCore.App.Ref/8.0.22/ref/net8.0/netstandard.dll".
             Reference found at search path location "{RawFileName}".
             This reference is not "CopyLocal" because at least one source item had "Private" set to "false" and no source items had "Private" set to "true".
             The ImageRuntimeVersion for this reference is "".
         Primary reference "Microsoft.AspNetCore.Antiforgery, Version=8.0.0.0, Culture=neutral, PublicKeyToken=adb9793829ddae60".
             Resolved file path is "/usr/lib64/dotnet/packs/Microsoft.AspNetCore.App.Ref/8.0.22/ref/net8.0/Microsoft.AspNetCore.Antiforgery.dll".
             Reference found at search path location "{RawFileName}".
             This reference is not "CopyLocal" because at least one source item had "Private" set to "false" and no source items had "Private" set to "true".
             The ImageRuntimeVersion for this reference is "".
         Primary reference "Microsoft.AspNetCore.Authentication.Abstractions, Version=8.0.0.0, Culture=neutral, PublicKeyToken=adb9793829ddae60".
             Resolved file path is "/usr/lib64/dotnet/packs/Microsoft.AspNetCore.App.Ref/8.0.22/ref/net8.0/Microsoft.AspNetCore.Authentication.Abstractions.dll".
             Reference found at search path location "{RawFileName}".
             This reference is not "CopyLocal" because at least one source item had "Private" set to "false" and no source items had "Private" set to "true".
             The ImageRuntimeVersion for this reference is "".
         Primary reference "Microsoft.AspNetCore.Authentication.BearerToken, Version=8.0.0.0, Culture=neutral, PublicKeyToken=adb9793829ddae60".
             Resolved file path is "/usr/lib64/dotnet/packs/Microsoft.AspNetCore.App.Ref/8.0.22/ref/net8.0/Microsoft.AspNetCore.Authentication.BearerToken.dll".
             Reference found at search path location "{RawFileName}".
             This reference is not "CopyLocal" because at least one source item had "Private" set to "false" and no source items had "Private" set to "true".
             The ImageRuntimeVersion for this reference is "".
         Primary reference "Microsoft.AspNetCore.Authentication.Cookies, Version=8.0.0.0, Culture=neutral, PublicKeyToken=adb9793829ddae60".
             Resolved file path is "/usr/lib64/dotnet/packs/Microsoft.AspNetCore.App.Ref/8.0.22/ref/net8.0/Microsoft.AspNetCore.Authentication.Cookies.dll".
             Reference found at search path location "{RawFileName}".
             This reference is not "CopyLocal" because at least one source item had "Private" set to "false" and no source items had "Private" set to "true".
             The ImageRuntimeVersion for this reference is "".
         Primary reference "Microsoft.AspNetCore.Authentication.Core, Version=8.0.0.0, Culture=neutral, PublicKeyToken=adb9793829ddae60".
             Resolved file path is "/usr/lib64/dotnet/packs/Microsoft.AspNetCore.App.Ref/8.0.22/ref/net8.0/Microsoft.AspNetCore.Authentication.Core.dll".
             Reference found at search path location "{RawFileName}".
             This reference is not "CopyLocal" because at least one source item had "Private" set to "false" and no source items had "Private" set to "true".
             The ImageRuntimeVersion for this reference is "".
         Primary reference "Microsoft.AspNetCore.Authentication.OAuth, Version=8.0.0.0, Culture=neutral, PublicKeyToken=adb9793829ddae60".
             Resolved file path is "/usr/lib64/dotnet/packs/Microsoft.AspNetCore.App.Ref/8.0.22/ref/net8.0/Microsoft.AspNetCore.Authentication.OAuth.dll".
             Reference found at search path location "{RawFileName}".
             This reference is not "CopyLocal" because at least one source item had "Private" set to "false" and no source items had "Private" set to "true".
             The ImageRuntimeVersion for this reference is "".
         Primary reference "Microsoft.AspNetCore.Authentication, Version=8.0.0.0, Culture=neutral, PublicKeyToken=adb9793829ddae60".
             Resolved file path is "/usr/lib64/dotnet/packs/Microsoft.AspNetCore.App.Ref/8.0.22/ref/net8.0/Microsoft.AspNetCore.Authentication.dll".
             Reference found at search path location "{RawFileName}".
             This reference is not "CopyLocal" because at least one source item had "Private" set to "false" and no source items had "Private" set to "true".
             The ImageRuntimeVersion for this reference is "".
         Primary reference "Microsoft.AspNetCore.Authorization.Policy, Version=8.0.0.0, Culture=neutral, PublicKeyToken=adb9793829ddae60".
             Resolved file path is "/usr/lib64/dotnet/packs/Microsoft.AspNetCore.App.Ref/8.0.22/ref/net8.0/Microsoft.AspNetCore.Authorization.Policy.dll".
             Reference found at search path location "{RawFileName}".
             This reference is not "CopyLocal" because at least one source item had "Private" set to "false" and no source items had "Private" set to "true".
             The ImageRuntimeVersion for this reference is "".
         Primary reference "Microsoft.AspNetCore.Authorization, Version=8.0.0.0, Culture=neutral, PublicKeyToken=adb9793829ddae60".
             Resolved file path is "/usr/lib64/dotnet/packs/Microsoft.AspNetCore.App.Ref/8.0.22/ref/net8.0/Microsoft.AspNetCore.Authorization.dll".
             Reference found at search path location "{RawFileName}".
             This reference is not "CopyLocal" because at least one source item had "Private" set to "false" and no source items had "Private" set to "true".
             The ImageRuntimeVersion for this reference is "".
         Primary reference "Microsoft.AspNetCore.Components.Authorization, Version=8.0.0.0, Culture=neutral, PublicKeyToken=adb9793829ddae60".
             Resolved file path is "/usr/lib64/dotnet/packs/Microsoft.AspNetCore.App.Ref/8.0.22/ref/net8.0/Microsoft.AspNetCore.Components.Authorization.dll".
             Reference found at search path location "{RawFileName}".
             This reference is not "CopyLocal" because at least one source item had "Private" set to "false" and no source items had "Private" set to "true".
             The ImageRuntimeVersion for this reference is "".
         Primary reference "Microsoft.AspNetCore.Components.Endpoints, Version=8.0.0.0, Culture=neutral, PublicKeyToken=adb9793829ddae60".
             Resolved file path is "/usr/lib64/dotnet/packs/Microsoft.AspNetCore.App.Ref/8.0.22/ref/net8.0/Microsoft.AspNetCore.Components.Endpoints.dll".
             Reference found at search path location "{RawFileName}".
             This reference is not "CopyLocal" because at least one source item had "Private" set to "false" and no source items had "Private" set to "true".
             The ImageRuntimeVersion for this reference is "".
         Primary reference "Microsoft.AspNetCore.Components.Forms, Version=8.0.0.0, Culture=neutral, PublicKeyToken=adb9793829ddae60".
             Resolved file path is "/usr/lib64/dotnet/packs/Microsoft.AspNetCore.App.Ref/8.0.22/ref/net8.0/Microsoft.AspNetCore.Components.Forms.dll".
             Reference found at search path location "{RawFileName}".
             This reference is not "CopyLocal" because at least one source item had "Private" set to "false" and no source items had "Private" set to "true".
             The ImageRuntimeVersion for this reference is "".
         Primary reference "Microsoft.AspNetCore.Components.Server, Version=8.0.0.0, Culture=neutral, PublicKeyToken=adb9793829ddae60".
             Resolved file path is "/usr/lib64/dotnet/packs/Microsoft.AspNetCore.App.Ref/8.0.22/ref/net8.0/Microsoft.AspNetCore.Components.Server.dll".
             Reference found at search path location "{RawFileName}".
             This reference is not "CopyLocal" because at least one source item had "Private" set to "false" and no source items had "Private" set to "true".
             The ImageRuntimeVersion for this reference is "".
         Primary reference "Microsoft.AspNetCore.Components.Web, Version=8.0.0.0, Culture=neutral, PublicKeyToken=adb9793829ddae60".
             Resolved file path is "/usr/lib64/dotnet/packs/Microsoft.AspNetCore.App.Ref/8.0.22/ref/net8.0/Microsoft.AspNetCore.Components.Web.dll".
             Reference found at search path location "{RawFileName}".
             This reference is not "CopyLocal" because at least one source item had "Private" set to "false" and no source items had "Private" set to "true".
             The ImageRuntimeVersion for this reference is "".
         Primary reference "Microsoft.AspNetCore.Components, Version=8.0.0.0, Culture=neutral, PublicKeyToken=adb9793829ddae60".
             Resolved file path is "/usr/lib64/dotnet/packs/Microsoft.AspNetCore.App.Ref/8.0.22/ref/net8.0/Microsoft.AspNetCore.Components.dll".
             Reference found at search path location "{RawFileName}".
             This reference is not "CopyLocal" because at least one source item had "Private" set to "false" and no source items had "Private" set to "true".
             The ImageRuntimeVersion for this reference is "".
         Primary reference "Microsoft.AspNetCore.Connections.Abstractions, Version=8.0.0.0, Culture=neutral, PublicKeyToken=adb9793829ddae60".
             Resolved file path is "/usr/lib64/dotnet/packs/Microsoft.AspNetCore.App.Ref/8.0.22/ref/net8.0/Microsoft.AspNetCore.Connections.Abstractions.dll".
             Reference found at search path location "{RawFileName}".
             This reference is not "CopyLocal" because at least one source item had "Private" set to "false" and no source items had "Private" set to "true".
             The ImageRuntimeVersion for this reference is "".
         Primary reference "Microsoft.AspNetCore.CookiePolicy, Version=8.0.0.0, Culture=neutral, PublicKeyToken=adb9793829ddae60".
             Resolved file path is "/usr/lib64/dotnet/packs/Microsoft.AspNetCore.App.Ref/8.0.22/ref/net8.0/Microsoft.AspNetCore.CookiePolicy.dll".
             Reference found at search path location "{RawFileName}".
             This reference is not "CopyLocal" because at least one source item had "Private" set to "false" and no source items had "Private" set to "true".
             The ImageRuntimeVersion for this reference is "".
         Primary reference "Microsoft.AspNetCore.Cors, Version=8.0.0.0, Culture=neutral, PublicKeyToken=adb9793829ddae60".
             Resolved file path is "/usr/lib64/dotnet/packs/Microsoft.AspNetCore.App.Ref/8.0.22/ref/net8.0/Microsoft.AspNetCore.Cors.dll".
             Reference found at search path location "{RawFileName}".
             This reference is not "CopyLocal" because at least one source item had "Private" set to "false" and no source items had "Private" set to "true".
             The ImageRuntimeVersion for this reference is "".
         Primary reference "Microsoft.AspNetCore.Cryptography.Internal, Version=8.0.0.0, Culture=neutral, PublicKeyToken=adb9793829ddae60".
             Resolved file path is "/usr/lib64/dotnet/packs/Microsoft.AspNetCore.App.Ref/8.0.22/ref/net8.0/Microsoft.AspNetCore.Cryptography.Internal.dll".
             Reference found at search path location "{RawFileName}".
             This reference is not "CopyLocal" because at least one source item had "Private" set to "false" and no source items had "Private" set to "true".
             The ImageRuntimeVersion for this reference is "".
         Primary reference "Microsoft.AspNetCore.Cryptography.KeyDerivation, Version=8.0.0.0, Culture=neutral, PublicKeyToken=adb9793829ddae60".
             Resolved file path is "/usr/lib64/dotnet/packs/Microsoft.AspNetCore.App.Ref/8.0.22/ref/net8.0/Microsoft.AspNetCore.Cryptography.KeyDerivation.dll".
             Reference found at search path location "{RawFileName}".
             This reference is not "CopyLocal" because at least one source item had "Private" set to "false" and no source items had "Private" set to "true".
             The ImageRuntimeVersion for this reference is "".
         Primary reference "Microsoft.AspNetCore.DataProtection.Abstractions, Version=8.0.0.0, Culture=neutral, PublicKeyToken=adb9793829ddae60".
             Resolved file path is "/usr/lib64/dotnet/packs/Microsoft.AspNetCore.App.Ref/8.0.22/ref/net8.0/Microsoft.AspNetCore.DataProtection.Abstractions.dll".
             Reference found at search path location "{RawFileName}".
             This reference is not "CopyLocal" because at least one source item had "Private" set to "false" and no source items had "Private" set to "true".
             The ImageRuntimeVersion for this reference is "".
         Primary reference "Microsoft.AspNetCore.DataProtection.Extensions, Version=8.0.0.0, Culture=neutral, PublicKeyToken=adb9793829ddae60".
             Resolved file path is "/usr/lib64/dotnet/packs/Microsoft.AspNetCore.App.Ref/8.0.22/ref/net8.0/Microsoft.AspNetCore.DataProtection.Extensions.dll".
             Reference found at search path location "{RawFileName}".
             This reference is not "CopyLocal" because at least one source item had "Private" set to "false" and no source items had "Private" set to "true".
             The ImageRuntimeVersion for this reference is "".
         Primary reference "Microsoft.AspNetCore.DataProtection, Version=8.0.0.0, Culture=neutral, PublicKeyToken=adb9793829ddae60".
             Resolved file path is "/usr/lib64/dotnet/packs/Microsoft.AspNetCore.App.Ref/8.0.22/ref/net8.0/Microsoft.AspNetCore.DataProtection.dll".
             Reference found at search path location "{RawFileName}".
             This reference is not "CopyLocal" because at least one source item had "Private" set to "false" and no source items had "Private" set to "true".
             The ImageRuntimeVersion for this reference is "".
         Primary reference "Microsoft.AspNetCore.Diagnostics.Abstractions, Version=8.0.0.0, Culture=neutral, PublicKeyToken=adb9793829ddae60".
             Resolved file path is "/usr/lib64/dotnet/packs/Microsoft.AspNetCore.App.Ref/8.0.22/ref/net8.0/Microsoft.AspNetCore.Diagnostics.Abstractions.dll".
             Reference found at search path location "{RawFileName}".
             This reference is not "CopyLocal" because at least one source item had "Private" set to "false" and no source items had "Private" set to "true".
             The ImageRuntimeVersion for this reference is "".
         Primary reference "Microsoft.AspNetCore.Diagnostics.HealthChecks, Version=8.0.0.0, Culture=neutral, PublicKeyToken=adb9793829ddae60".
             Resolved file path is "/usr/lib64/dotnet/packs/Microsoft.AspNetCore.App.Ref/8.0.22/ref/net8.0/Microsoft.AspNetCore.Diagnostics.HealthChecks.dll".
             Reference found at search path location "{RawFileName}".
             This reference is not "CopyLocal" because at least one source item had "Private" set to "false" and no source items had "Private" set to "true".
             The ImageRuntimeVersion for this reference is "".
         Primary reference "Microsoft.AspNetCore.Diagnostics, Version=8.0.0.0, Culture=neutral, PublicKeyToken=adb9793829ddae60".
             Resolved file path is "/usr/lib64/dotnet/packs/Microsoft.AspNetCore.App.Ref/8.0.22/ref/net8.0/Microsoft.AspNetCore.Diagnostics.dll".
             Reference found at search path location "{RawFileName}".
             This reference is not "CopyLocal" because at least one source item had "Private" set to "false" and no source items had "Private" set to "true".
             The ImageRuntimeVersion for this reference is "".
         Primary reference "Microsoft.AspNetCore.HostFiltering, Version=8.0.0.0, Culture=neutral, PublicKeyToken=adb9793829ddae60".
             Resolved file path is "/usr/lib64/dotnet/packs/Microsoft.AspNetCore.App.Ref/8.0.22/ref/net8.0/Microsoft.AspNetCore.HostFiltering.dll".
             Reference found at search path location "{RawFileName}".
             This reference is not "CopyLocal" because at least one source item had "Private" set to "false" and no source items had "Private" set to "true".
             The ImageRuntimeVersion for this reference is "".
         Primary reference "Microsoft.AspNetCore.Hosting.Abstractions, Version=8.0.0.0, Culture=neutral, PublicKeyToken=adb9793829ddae60".
             Resolved file path is "/usr/lib64/dotnet/packs/Microsoft.AspNetCore.App.Ref/8.0.22/ref/net8.0/Microsoft.AspNetCore.Hosting.Abstractions.dll".
             Reference found at search path location "{RawFileName}".
             This reference is not "CopyLocal" because at least one source item had "Private" set to "false" and no source items had "Private" set to "true".
             The ImageRuntimeVersion for this reference is "".
         Primary reference "Microsoft.AspNetCore.Hosting.Server.Abstractions, Version=8.0.0.0, Culture=neutral, PublicKeyToken=adb9793829ddae60".
             Resolved file path is "/usr/lib64/dotnet/packs/Microsoft.AspNetCore.App.Ref/8.0.22/ref/net8.0/Microsoft.AspNetCore.Hosting.Server.Abstractions.dll".
             Reference found at search path location "{RawFileName}".
             This reference is not "CopyLocal" because at least one source item had "Private" set to "false" and no source items had "Private" set to "true".
             The ImageRuntimeVersion for this reference is "".
         Primary reference "Microsoft.AspNetCore.Hosting, Version=8.0.0.0, Culture=neutral, PublicKeyToken=adb9793829ddae60".
             Resolved file path is "/usr/lib64/dotnet/packs/Microsoft.AspNetCore.App.Ref/8.0.22/ref/net8.0/Microsoft.AspNetCore.Hosting.dll".
             Reference found at search path location "{RawFileName}".
             This reference is not "CopyLocal" because at least one source item had "Private" set to "false" and no source items had "Private" set to "true".
             The ImageRuntimeVersion for this reference is "".
         Primary reference "Microsoft.AspNetCore.Html.Abstractions, Version=8.0.0.0, Culture=neutral, PublicKeyToken=adb9793829ddae60".
             Resolved file path is "/usr/lib64/dotnet/packs/Microsoft.AspNetCore.App.Ref/8.0.22/ref/net8.0/Microsoft.AspNetCore.Html.Abstractions.dll".
             Reference found at search path location "{RawFileName}".
             This reference is not "CopyLocal" because at least one source item had "Private" set to "false" and no source items had "Private" set to "true".
             The ImageRuntimeVersion for this reference is "".
         Primary reference "Microsoft.AspNetCore.Http.Abstractions, Version=8.0.0.0, Culture=neutral, PublicKeyToken=adb9793829ddae60".
             Resolved file path is "/usr/lib64/dotnet/packs/Microsoft.AspNetCore.App.Ref/8.0.22/ref/net8.0/Microsoft.AspNetCore.Http.Abstractions.dll".
             Reference found at search path location "{RawFileName}".
             This reference is not "CopyLocal" because at least one source item had "Private" set to "false" and no source items had "Private" set to "true".
             The ImageRuntimeVersion for this reference is "".
         Primary reference "Microsoft.AspNetCore.Http.Connections.Common, Version=8.0.0.0, Culture=neutral, PublicKeyToken=adb9793829ddae60".
             Resolved file path is "/usr/lib64/dotnet/packs/Microsoft.AspNetCore.App.Ref/8.0.22/ref/net8.0/Microsoft.AspNetCore.Http.Connections.Common.dll".
             Reference found at search path location "{RawFileName}".
             This reference is not "CopyLocal" because at least one source item had "Private" set to "false" and no source items had "Private" set to "true".
             The ImageRuntimeVersion for this reference is "".
         Primary reference "Microsoft.AspNetCore.Http.Connections, Version=8.0.0.0, Culture=neutral, PublicKeyToken=adb9793829ddae60".
             Resolved file path is "/usr/lib64/dotnet/packs/Microsoft.AspNetCore.App.Ref/8.0.22/ref/net8.0/Microsoft.AspNetCore.Http.Connections.dll".
             Reference found at search path location "{RawFileName}".
             This reference is not "CopyLocal" because at least one source item had "Private" set to "false" and no source items had "Private" set to "true".
             The ImageRuntimeVersion for this reference is "".
         Primary reference "Microsoft.AspNetCore.Http.Extensions, Version=8.0.0.0, Culture=neutral, PublicKeyToken=adb9793829ddae60".
             Resolved file path is "/usr/lib64/dotnet/packs/Microsoft.AspNetCore.App.Ref/8.0.22/ref/net8.0/Microsoft.AspNetCore.Http.Extensions.dll".
             Reference found at search path location "{RawFileName}".
             This reference is not "CopyLocal" because at least one source item had "Private" set to "false" and no source items had "Private" set to "true".
             The ImageRuntimeVersion for this reference is "".
         Primary reference "Microsoft.AspNetCore.Http.Features, Version=8.0.0.0, Culture=neutral, PublicKeyToken=adb9793829ddae60".
             Resolved file path is "/usr/lib64/dotnet/packs/Microsoft.AspNetCore.App.Ref/8.0.22/ref/net8.0/Microsoft.AspNetCore.Http.Features.dll".
             Reference found at search path location "{RawFileName}".
             This reference is not "CopyLocal" because at least one source item had "Private" set to "false" and no source items had "Private" set to "true".
             The ImageRuntimeVersion for this reference is "".
         Primary reference "Microsoft.AspNetCore.Http.Results, Version=8.0.0.0, Culture=neutral, PublicKeyToken=adb9793829ddae60".
             Resolved file path is "/usr/lib64/dotnet/packs/Microsoft.AspNetCore.App.Ref/8.0.22/ref/net8.0/Microsoft.AspNetCore.Http.Results.dll".
             Reference found at search path location "{RawFileName}".
             This reference is not "CopyLocal" because at least one source item had "Private" set to "false" and no source items had "Private" set to "true".
             The ImageRuntimeVersion for this reference is "".
         Primary reference "Microsoft.AspNetCore.Http, Version=8.0.0.0, Culture=neutral, PublicKeyToken=adb9793829ddae60".
             Resolved file path is "/usr/lib64/dotnet/packs/Microsoft.AspNetCore.App.Ref/8.0.22/ref/net8.0/Microsoft.AspNetCore.Http.dll".
             Reference found at search path location "{RawFileName}".
             This reference is not "CopyLocal" because at least one source item had "Private" set to "false" and no source items had "Private" set to "true".
             The ImageRuntimeVersion for this reference is "".
         Primary reference "Microsoft.AspNetCore.HttpLogging, Version=8.0.0.0, Culture=neutral, PublicKeyToken=adb9793829ddae60".
             Resolved file path is "/usr/lib64/dotnet/packs/Microsoft.AspNetCore.App.Ref/8.0.22/ref/net8.0/Microsoft.AspNetCore.HttpLogging.dll".
             Reference found at search path location "{RawFileName}".
             This reference is not "CopyLocal" because at least one source item had "Private" set to "false" and no source items had "Private" set to "true".
             The ImageRuntimeVersion for this reference is "".
         Primary reference "Microsoft.AspNetCore.HttpOverrides, Version=8.0.0.0, Culture=neutral, PublicKeyToken=adb9793829ddae60".
             Resolved file path is "/usr/lib64/dotnet/packs/Microsoft.AspNetCore.App.Ref/8.0.22/ref/net8.0/Microsoft.AspNetCore.HttpOverrides.dll".
             Reference found at search path location "{RawFileName}".
             This reference is not "CopyLocal" because at least one source item had "Private" set to "false" and no source items had "Private" set to "true".
             The ImageRuntimeVersion for this reference is "".
         Primary reference "Microsoft.AspNetCore.HttpsPolicy, Version=8.0.0.0, Culture=neutral, PublicKeyToken=adb9793829ddae60".
             Resolved file path is "/usr/lib64/dotnet/packs/Microsoft.AspNetCore.App.Ref/8.0.22/ref/net8.0/Microsoft.AspNetCore.HttpsPolicy.dll".
             Reference found at search path location "{RawFileName}".
             This reference is not "CopyLocal" because at least one source item had "Private" set to "false" and no source items had "Private" set to "true".
             The ImageRuntimeVersion for this reference is "".
         Primary reference "Microsoft.AspNetCore.Identity, Version=8.0.0.0, Culture=neutral, PublicKeyToken=adb9793829ddae60".
             Resolved file path is "/usr/lib64/dotnet/packs/Microsoft.AspNetCore.App.Ref/8.0.22/ref/net8.0/Microsoft.AspNetCore.Identity.dll".
             Reference found at search path location "{RawFileName}".
             This reference is not "CopyLocal" because at least one source item had "Private" set to "false" and no source items had "Private" set to "true".
             The ImageRuntimeVersion for this reference is "".
         Primary reference "Microsoft.AspNetCore.Localization.Routing, Version=8.0.0.0, Culture=neutral, PublicKeyToken=adb9793829ddae60".
             Resolved file path is "/usr/lib64/dotnet/packs/Microsoft.AspNetCore.App.Ref/8.0.22/ref/net8.0/Microsoft.AspNetCore.Localization.Routing.dll".
             Reference found at search path location "{RawFileName}".
             This reference is not "CopyLocal" because at least one source item had "Private" set to "false" and no source items had "Private" set to "true".
             The ImageRuntimeVersion for this reference is "".
         Primary reference "Microsoft.AspNetCore.Localization, Version=8.0.0.0, Culture=neutral, PublicKeyToken=adb9793829ddae60".
             Resolved file path is "/usr/lib64/dotnet/packs/Microsoft.AspNetCore.App.Ref/8.0.22/ref/net8.0/Microsoft.AspNetCore.Localization.dll".
             Reference found at search path location "{RawFileName}".
             This reference is not "CopyLocal" because at least one source item had "Private" set to "false" and no source items had "Private" set to "true".
             The ImageRuntimeVersion for this reference is "".
         Primary reference "Microsoft.AspNetCore.Metadata, Version=8.0.0.0, Culture=neutral, PublicKeyToken=adb9793829ddae60".
             Resolved file path is "/usr/lib64/dotnet/packs/Microsoft.AspNetCore.App.Ref/8.0.22/ref/net8.0/Microsoft.AspNetCore.Metadata.dll".
             Reference found at search path location "{RawFileName}".
             This reference is not "CopyLocal" because at least one source item had "Private" set to "false" and no source items had "Private" set to "true".
             The ImageRuntimeVersion for this reference is "".
         Primary reference "Microsoft.AspNetCore.Mvc.Abstractions, Version=8.0.0.0, Culture=neutral, PublicKeyToken=adb9793829ddae60".
             Resolved file path is "/usr/lib64/dotnet/packs/Microsoft.AspNetCore.App.Ref/8.0.22/ref/net8.0/Microsoft.AspNetCore.Mvc.Abstractions.dll".
             Reference found at search path location "{RawFileName}".
             This reference is not "CopyLocal" because at least one source item had "Private" set to "false" and no source items had "Private" set to "true".
             The ImageRuntimeVersion for this reference is "".
         Primary reference "Microsoft.AspNetCore.Mvc.ApiExplorer, Version=8.0.0.0, Culture=neutral, PublicKeyToken=adb9793829ddae60".
             Resolved file path is "/usr/lib64/dotnet/packs/Microsoft.AspNetCore.App.Ref/8.0.22/ref/net8.0/Microsoft.AspNetCore.Mvc.ApiExplorer.dll".
             Reference found at search path location "{RawFileName}".
             This reference is not "CopyLocal" because at least one source item had "Private" set to "false" and no source items had "Private" set to "true".
             The ImageRuntimeVersion for this reference is "".
         Primary reference "Microsoft.AspNetCore.Mvc.Core, Version=8.0.0.0, Culture=neutral, PublicKeyToken=adb9793829ddae60".
             Resolved file path is "/usr/lib64/dotnet/packs/Microsoft.AspNetCore.App.Ref/8.0.22/ref/net8.0/Microsoft.AspNetCore.Mvc.Core.dll".
             Reference found at search path location "{RawFileName}".
             This reference is not "CopyLocal" because at least one source item had "Private" set to "false" and no source items had "Private" set to "true".
             The ImageRuntimeVersion for this reference is "".
         Primary reference "Microsoft.AspNetCore.Mvc.Cors, Version=8.0.0.0, Culture=neutral, PublicKeyToken=adb9793829ddae60".
             Resolved file path is "/usr/lib64/dotnet/packs/Microsoft.AspNetCore.App.Ref/8.0.22/ref/net8.0/Microsoft.AspNetCore.Mvc.Cors.dll".
             Reference found at search path location "{RawFileName}".
             This reference is not "CopyLocal" because at least one source item had "Private" set to "false" and no source items had "Private" set to "true".
             The ImageRuntimeVersion for this reference is "".
         Primary reference "Microsoft.AspNetCore.Mvc.DataAnnotations, Version=8.0.0.0, Culture=neutral, PublicKeyToken=adb9793829ddae60".
             Resolved file path is "/usr/lib64/dotnet/packs/Microsoft.AspNetCore.App.Ref/8.0.22/ref/net8.0/Microsoft.AspNetCore.Mvc.DataAnnotations.dll".
             Reference found at search path location "{RawFileName}".
             This reference is not "CopyLocal" because at least one source item had "Private" set to "false" and no source items had "Private" set to "true".
             The ImageRuntimeVersion for this reference is "".
         Primary reference "Microsoft.AspNetCore.Mvc.Formatters.Json, Version=8.0.0.0, Culture=neutral, PublicKeyToken=adb9793829ddae60".
             Resolved file path is "/usr/lib64/dotnet/packs/Microsoft.AspNetCore.App.Ref/8.0.22/ref/net8.0/Microsoft.AspNetCore.Mvc.Formatters.Json.dll".
             Reference found at search path location "{RawFileName}".
             This reference is not "CopyLocal" because at least one source item had "Private" set to "false" and no source items had "Private" set to "true".
             The ImageRuntimeVersion for this reference is "".
         Primary reference "Microsoft.AspNetCore.Mvc.Formatters.Xml, Version=8.0.0.0, Culture=neutral, PublicKeyToken=adb9793829ddae60".
             Resolved file path is "/usr/lib64/dotnet/packs/Microsoft.AspNetCore.App.Ref/8.0.22/ref/net8.0/Microsoft.AspNetCore.Mvc.Formatters.Xml.dll".
             Reference found at search path location "{RawFileName}".
             This reference is not "CopyLocal" because at least one source item had "Private" set to "false" and no source items had "Private" set to "true".
             The ImageRuntimeVersion for this reference is "".
         Primary reference "Microsoft.AspNetCore.Mvc.Localization, Version=8.0.0.0, Culture=neutral, PublicKeyToken=adb9793829ddae60".
             Resolved file path is "/usr/lib64/dotnet/packs/Microsoft.AspNetCore.App.Ref/8.0.22/ref/net8.0/Microsoft.AspNetCore.Mvc.Localization.dll".
             Reference found at search path location "{RawFileName}".
             This reference is not "CopyLocal" because at least one source item had "Private" set to "false" and no source items had "Private" set to "true".
             The ImageRuntimeVersion for this reference is "".
         Primary reference "Microsoft.AspNetCore.Mvc.Razor, Version=8.0.0.0, Culture=neutral, PublicKeyToken=adb9793829ddae60".
             Resolved file path is "/usr/lib64/dotnet/packs/Microsoft.AspNetCore.App.Ref/8.0.22/ref/net8.0/Microsoft.AspNetCore.Mvc.Razor.dll".
             Reference found at search path location "{RawFileName}".
             This reference is not "CopyLocal" because at least one source item had "Private" set to "false" and no source items had "Private" set to "true".
             The ImageRuntimeVersion for this reference is "".
         Primary reference "Microsoft.AspNetCore.Mvc.RazorPages, Version=8.0.0.0, Culture=neutral, PublicKeyToken=adb9793829ddae60".
             Resolved file path is "/usr/lib64/dotnet/packs/Microsoft.AspNetCore.App.Ref/8.0.22/ref/net8.0/Microsoft.AspNetCore.Mvc.RazorPages.dll".
             Reference found at search path location "{RawFileName}".
             This reference is not "CopyLocal" because at least one source item had "Private" set to "false" and no source items had "Private" set to "true".
             The ImageRuntimeVersion for this reference is "".
         Primary reference "Microsoft.AspNetCore.Mvc.TagHelpers, Version=8.0.0.0, Culture=neutral, PublicKeyToken=adb9793829ddae60".
             Resolved file path is "/usr/lib64/dotnet/packs/Microsoft.AspNetCore.App.Ref/8.0.22/ref/net8.0/Microsoft.AspNetCore.Mvc.TagHelpers.dll".
             Reference found at search path location "{RawFileName}".
             This reference is not "CopyLocal" because at least one source item had "Private" set to "false" and no source items had "Private" set to "true".
             The ImageRuntimeVersion for this reference is "".
         Primary reference "Microsoft.AspNetCore.Mvc.ViewFeatures, Version=8.0.0.0, Culture=neutral, PublicKeyToken=adb9793829ddae60".
             Resolved file path is "/usr/lib64/dotnet/packs/Microsoft.AspNetCore.App.Ref/8.0.22/ref/net8.0/Microsoft.AspNetCore.Mvc.ViewFeatures.dll".
             Reference found at search path location "{RawFileName}".
             This reference is not "CopyLocal" because at least one source item had "Private" set to "false" and no source items had "Private" set to "true".
             The ImageRuntimeVersion for this reference is "".
         Primary reference "Microsoft.AspNetCore.Mvc, Version=8.0.0.0, Culture=neutral, PublicKeyToken=adb9793829ddae60".
             Resolved file path is "/usr/lib64/dotnet/packs/Microsoft.AspNetCore.App.Ref/8.0.22/ref/net8.0/Microsoft.AspNetCore.Mvc.dll".
             Reference found at search path location "{RawFileName}".
             This reference is not "CopyLocal" because at least one source item had "Private" set to "false" and no source items had "Private" set to "true".
             The ImageRuntimeVersion for this reference is "".
         Primary reference "Microsoft.AspNetCore.OutputCaching, Version=8.0.0.0, Culture=neutral, PublicKeyToken=adb9793829ddae60".
             Resolved file path is "/usr/lib64/dotnet/packs/Microsoft.AspNetCore.App.Ref/8.0.22/ref/net8.0/Microsoft.AspNetCore.OutputCaching.dll".
             Reference found at search path location "{RawFileName}".
             This reference is not "CopyLocal" because at least one source item had "Private" set to "false" and no source items had "Private" set to "true".
             The ImageRuntimeVersion for this reference is "".
         Primary reference "Microsoft.AspNetCore.RateLimiting, Version=8.0.0.0, Culture=neutral, PublicKeyToken=adb9793829ddae60".
             Resolved file path is "/usr/lib64/dotnet/packs/Microsoft.AspNetCore.App.Ref/8.0.22/ref/net8.0/Microsoft.AspNetCore.RateLimiting.dll".
             Reference found at search path location "{RawFileName}".
             This reference is not "CopyLocal" because at least one source item had "Private" set to "false" and no source items had "Private" set to "true".
             The ImageRuntimeVersion for this reference is "".
         Primary reference "Microsoft.AspNetCore.Razor.Runtime, Version=8.0.0.0, Culture=neutral, PublicKeyToken=adb9793829ddae60".
             Resolved file path is "/usr/lib64/dotnet/packs/Microsoft.AspNetCore.App.Ref/8.0.22/ref/net8.0/Microsoft.AspNetCore.Razor.Runtime.dll".
             Reference found at search path location "{RawFileName}".
             This reference is not "CopyLocal" because at least one source item had "Private" set to "false" and no source items had "Private" set to "true".
             The ImageRuntimeVersion for this reference is "".
         Primary reference "Microsoft.AspNetCore.Razor, Version=8.0.0.0, Culture=neutral, PublicKeyToken=adb9793829ddae60".
             Resolved file path is "/usr/lib64/dotnet/packs/Microsoft.AspNetCore.App.Ref/8.0.22/ref/net8.0/Microsoft.AspNetCore.Razor.dll".
             Reference found at search path location "{RawFileName}".
             This reference is not "CopyLocal" because at least one source item had "Private" set to "false" and no source items had "Private" set to "true".
             The ImageRuntimeVersion for this reference is "".
         Primary reference "Microsoft.AspNetCore.RequestDecompression, Version=8.0.0.0, Culture=neutral, PublicKeyToken=adb9793829ddae60".
             Resolved file path is "/usr/lib64/dotnet/packs/Microsoft.AspNetCore.App.Ref/8.0.22/ref/net8.0/Microsoft.AspNetCore.RequestDecompression.dll".
             Reference found at search path location "{RawFileName}".
             This reference is not "CopyLocal" because at least one source item had "Private" set to "false" and no source items had "Private" set to "true".
             The ImageRuntimeVersion for this reference is "".
         Primary reference "Microsoft.AspNetCore.ResponseCaching.Abstractions, Version=8.0.0.0, Culture=neutral, PublicKeyToken=adb9793829ddae60".
             Resolved file path is "/usr/lib64/dotnet/packs/Microsoft.AspNetCore.App.Ref/8.0.22/ref/net8.0/Microsoft.AspNetCore.ResponseCaching.Abstractions.dll".
             Reference found at search path location "{RawFileName}".
             This reference is not "CopyLocal" because at least one source item had "Private" set to "false" and no source items had "Private" set to "true".
             The ImageRuntimeVersion for this reference is "".
         Primary reference "Microsoft.AspNetCore.ResponseCaching, Version=8.0.0.0, Culture=neutral, PublicKeyToken=adb9793829ddae60".
             Resolved file path is "/usr/lib64/dotnet/packs/Microsoft.AspNetCore.App.Ref/8.0.22/ref/net8.0/Microsoft.AspNetCore.ResponseCaching.dll".
             Reference found at search path location "{RawFileName}".
             This reference is not "CopyLocal" because at least one source item had "Private" set to "false" and no source items had "Private" set to "true".
             The ImageRuntimeVersion for this reference is "".
         Primary reference "Microsoft.AspNetCore.ResponseCompression, Version=8.0.0.0, Culture=neutral, PublicKeyToken=adb9793829ddae60".
             Resolved file path is "/usr/lib64/dotnet/packs/Microsoft.AspNetCore.App.Ref/8.0.22/ref/net8.0/Microsoft.AspNetCore.ResponseCompression.dll".
             Reference found at search path location "{RawFileName}".
             This reference is not "CopyLocal" because at least one source item had "Private" set to "false" and no source items had "Private" set to "true".
             The ImageRuntimeVersion for this reference is "".
         Primary reference "Microsoft.AspNetCore.Rewrite, Version=8.0.0.0, Culture=neutral, PublicKeyToken=adb9793829ddae60".
             Resolved file path is "/usr/lib64/dotnet/packs/Microsoft.AspNetCore.App.Ref/8.0.22/ref/net8.0/Microsoft.AspNetCore.Rewrite.dll".
             Reference found at search path location "{RawFileName}".
             This reference is not "CopyLocal" because at least one source item had "Private" set to "false" and no source items had "Private" set to "true".
             The ImageRuntimeVersion for this reference is "".
         Primary reference "Microsoft.AspNetCore.Routing.Abstractions, Version=8.0.0.0, Culture=neutral, PublicKeyToken=adb9793829ddae60".
             Resolved file path is "/usr/lib64/dotnet/packs/Microsoft.AspNetCore.App.Ref/8.0.22/ref/net8.0/Microsoft.AspNetCore.Routing.Abstractions.dll".
             Reference found at search path location "{RawFileName}".
             This reference is not "CopyLocal" because at least one source item had "Private" set to "false" and no source items had "Private" set to "true".
             The ImageRuntimeVersion for this reference is "".
         Primary reference "Microsoft.AspNetCore.Routing, Version=8.0.0.0, Culture=neutral, PublicKeyToken=adb9793829ddae60".
             Resolved file path is "/usr/lib64/dotnet/packs/Microsoft.AspNetCore.App.Ref/8.0.22/ref/net8.0/Microsoft.AspNetCore.Routing.dll".
             Reference found at search path location "{RawFileName}".
             This reference is not "CopyLocal" because at least one source item had "Private" set to "false" and no source items had "Private" set to "true".
             The ImageRuntimeVersion for this reference is "".
         Primary reference "Microsoft.AspNetCore.Server.HttpSys, Version=8.0.0.0, Culture=neutral, PublicKeyToken=adb9793829ddae60".
             Resolved file path is "/usr/lib64/dotnet/packs/Microsoft.AspNetCore.App.Ref/8.0.22/ref/net8.0/Microsoft.AspNetCore.Server.HttpSys.dll".
             Reference found at search path location "{RawFileName}".
             This reference is not "CopyLocal" because at least one source item had "Private" set to "false" and no source items had "Private" set to "true".
             The ImageRuntimeVersion for this reference is "".
         Primary reference "Microsoft.AspNetCore.Server.IIS, Version=8.0.0.0, Culture=neutral, PublicKeyToken=adb9793829ddae60".
             Resolved file path is "/usr/lib64/dotnet/packs/Microsoft.AspNetCore.App.Ref/8.0.22/ref/net8.0/Microsoft.AspNetCore.Server.IIS.dll".
             Reference found at search path location "{RawFileName}".
             This reference is not "CopyLocal" because at least one source item had "Private" set to "false" and no source items had "Private" set to "true".
             The ImageRuntimeVersion for this reference is "".
         Primary reference "Microsoft.AspNetCore.Server.IISIntegration, Version=8.0.0.0, Culture=neutral, PublicKeyToken=adb9793829ddae60".
             Resolved file path is "/usr/lib64/dotnet/packs/Microsoft.AspNetCore.App.Ref/8.0.22/ref/net8.0/Microsoft.AspNetCore.Server.IISIntegration.dll".
             Reference found at search path location "{RawFileName}".
             This reference is not "CopyLocal" because at least one source item had "Private" set to "false" and no source items had "Private" set to "true".
             The ImageRuntimeVersion for this reference is "".
         Primary reference "Microsoft.AspNetCore.Server.Kestrel.Core, Version=8.0.0.0, Culture=neutral, PublicKeyToken=adb9793829ddae60".
             Resolved file path is "/usr/lib64/dotnet/packs/Microsoft.AspNetCore.App.Ref/8.0.22/ref/net8.0/Microsoft.AspNetCore.Server.Kestrel.Core.dll".
             Reference found at search path location "{RawFileName}".
             This reference is not "CopyLocal" because at least one source item had "Private" set to "false" and no source items had "Private" set to "true".
             The ImageRuntimeVersion for this reference is "".
         Primary reference "Microsoft.AspNetCore.Server.Kestrel.Transport.NamedPipes, Version=8.0.0.0, Culture=neutral, PublicKeyToken=adb9793829ddae60".
             Resolved file path is "/usr/lib64/dotnet/packs/Microsoft.AspNetCore.App.Ref/8.0.22/ref/net8.0/Microsoft.AspNetCore.Server.Kestrel.Transport.NamedPipes.dll".
             Reference found at search path location "{RawFileName}".
             This reference is not "CopyLocal" because at least one source item had "Private" set to "false" and no source items had "Private" set to "true".
             The ImageRuntimeVersion for this reference is "".
         Primary reference "Microsoft.AspNetCore.Server.Kestrel.Transport.Quic, Version=8.0.0.0, Culture=neutral, PublicKeyToken=adb9793829ddae60".
             Resolved file path is "/usr/lib64/dotnet/packs/Microsoft.AspNetCore.App.Ref/8.0.22/ref/net8.0/Microsoft.AspNetCore.Server.Kestrel.Transport.Quic.dll".
             Reference found at search path location "{RawFileName}".
             This reference is not "CopyLocal" because at least one source item had "Private" set to "false" and no source items had "Private" set to "true".
             The ImageRuntimeVersion for this reference is "".
         Primary reference "Microsoft.AspNetCore.Server.Kestrel.Transport.Sockets, Version=8.0.0.0, Culture=neutral, PublicKeyToken=adb9793829ddae60".
             Resolved file path is "/usr/lib64/dotnet/packs/Microsoft.AspNetCore.App.Ref/8.0.22/ref/net8.0/Microsoft.AspNetCore.Server.Kestrel.Transport.Sockets.dll".
             Reference found at search path location "{RawFileName}".
             This reference is not "CopyLocal" because at least one source item had "Private" set to "false" and no source items had "Private" set to "true".
             The ImageRuntimeVersion for this reference is "".
         Primary reference "Microsoft.AspNetCore.Server.Kestrel, Version=8.0.0.0, Culture=neutral, PublicKeyToken=adb9793829ddae60".
             Resolved file path is "/usr/lib64/dotnet/packs/Microsoft.AspNetCore.App.Ref/8.0.22/ref/net8.0/Microsoft.AspNetCore.Server.Kestrel.dll".
             Reference found at search path location "{RawFileName}".
             This reference is not "CopyLocal" because at least one source item had "Private" set to "false" and no source items had "Private" set to "true".
             The ImageRuntimeVersion for this reference is "".
         Primary reference "Microsoft.AspNetCore.Session, Version=8.0.0.0, Culture=neutral, PublicKeyToken=adb9793829ddae60".
             Resolved file path is "/usr/lib64/dotnet/packs/Microsoft.AspNetCore.App.Ref/8.0.22/ref/net8.0/Microsoft.AspNetCore.Session.dll".
             Reference found at search path location "{RawFileName}".
             This reference is not "CopyLocal" because at least one source item had "Private" set to "false" and no source items had "Private" set to "true".
             The ImageRuntimeVersion for this reference is "".
         Primary reference "Microsoft.AspNetCore.SignalR.Common, Version=8.0.0.0, Culture=neutral, PublicKeyToken=adb9793829ddae60".
             Resolved file path is "/usr/lib64/dotnet/packs/Microsoft.AspNetCore.App.Ref/8.0.22/ref/net8.0/Microsoft.AspNetCore.SignalR.Common.dll".
             Reference found at search path location "{RawFileName}".
             This reference is not "CopyLocal" because at least one source item had "Private" set to "false" and no source items had "Private" set to "true".
             The ImageRuntimeVersion for this reference is "".
         Primary reference "Microsoft.AspNetCore.SignalR.Core, Version=8.0.0.0, Culture=neutral, PublicKeyToken=adb9793829ddae60".
             Resolved file path is "/usr/lib64/dotnet/packs/Microsoft.AspNetCore.App.Ref/8.0.22/ref/net8.0/Microsoft.AspNetCore.SignalR.Core.dll".
             Reference found at search path location "{RawFileName}".
             This reference is not "CopyLocal" because at least one source item had "Private" set to "false" and no source items had "Private" set to "true".
             The ImageRuntimeVersion for this reference is "".
         Primary reference "Microsoft.AspNetCore.SignalR.Protocols.Json, Version=8.0.0.0, Culture=neutral, PublicKeyToken=adb9793829ddae60".
             Resolved file path is "/usr/lib64/dotnet/packs/Microsoft.AspNetCore.App.Ref/8.0.22/ref/net8.0/Microsoft.AspNetCore.SignalR.Protocols.Json.dll".
             Reference found at search path location "{RawFileName}".
             This reference is not "CopyLocal" because at least one source item had "Private" set to "false" and no source items had "Private" set to "true".
             The ImageRuntimeVersion for this reference is "".
         Primary reference "Microsoft.AspNetCore.SignalR, Version=8.0.0.0, Culture=neutral, PublicKeyToken=adb9793829ddae60".
             Resolved file path is "/usr/lib64/dotnet/packs/Microsoft.AspNetCore.App.Ref/8.0.22/ref/net8.0/Microsoft.AspNetCore.SignalR.dll".
             Reference found at search path location "{RawFileName}".
             This reference is not "CopyLocal" because at least one source item had "Private" set to "false" and no source items had "Private" set to "true".
             The ImageRuntimeVersion for this reference is "".
         Primary reference "Microsoft.AspNetCore.StaticFiles, Version=8.0.0.0, Culture=neutral, PublicKeyToken=adb9793829ddae60".
             Resolved file path is "/usr/lib64/dotnet/packs/Microsoft.AspNetCore.App.Ref/8.0.22/ref/net8.0/Microsoft.AspNetCore.StaticFiles.dll".
             Reference found at search path location "{RawFileName}".
             This reference is not "CopyLocal" because at least one source item had "Private" set to "false" and no source items had "Private" set to "true".
             The ImageRuntimeVersion for this reference is "".
         Primary reference "Microsoft.AspNetCore.WebSockets, Version=8.0.0.0, Culture=neutral, PublicKeyToken=adb9793829ddae60".
             Resolved file path is "/usr/lib64/dotnet/packs/Microsoft.AspNetCore.App.Ref/8.0.22/ref/net8.0/Microsoft.AspNetCore.WebSockets.dll".
             Reference found at search path location "{RawFileName}".
             This reference is not "CopyLocal" because at least one source item had "Private" set to "false" and no source items had "Private" set to "true".
             The ImageRuntimeVersion for this reference is "".
         Primary reference "Microsoft.AspNetCore.WebUtilities, Version=8.0.0.0, Culture=neutral, PublicKeyToken=adb9793829ddae60".
             Resolved file path is "/usr/lib64/dotnet/packs/Microsoft.AspNetCore.App.Ref/8.0.22/ref/net8.0/Microsoft.AspNetCore.WebUtilities.dll".
             Reference found at search path location "{RawFileName}".
             This reference is not "CopyLocal" because at least one source item had "Private" set to "false" and no source items had "Private" set to "true".
             The ImageRuntimeVersion for this reference is "".
         Primary reference "Microsoft.AspNetCore, Version=8.0.0.0, Culture=neutral, PublicKeyToken=adb9793829ddae60".
             Resolved file path is "/usr/lib64/dotnet/packs/Microsoft.AspNetCore.App.Ref/8.0.22/ref/net8.0/Microsoft.AspNetCore.dll".
             Reference found at search path location "{RawFileName}".
             This reference is not "CopyLocal" because at least one source item had "Private" set to "false" and no source items had "Private" set to "true".
             The ImageRuntimeVersion for this reference is "".
         Primary reference "Microsoft.Extensions.Caching.Abstractions, Version=8.0.0.0, Culture=neutral, PublicKeyToken=adb9793829ddae60".
             Resolved file path is "/usr/lib64/dotnet/packs/Microsoft.AspNetCore.App.Ref/8.0.22/ref/net8.0/Microsoft.Extensions.Caching.Abstractions.dll".
             Reference found at search path location "{RawFileName}".
             This reference is not "CopyLocal" because at least one source item had "Private" set to "false" and no source items had "Private" set to "true".
             The ImageRuntimeVersion for this reference is "".
         Primary reference "Microsoft.Extensions.Caching.Memory, Version=8.0.0.0, Culture=neutral, PublicKeyToken=adb9793829ddae60".
             Resolved file path is "/usr/lib64/dotnet/packs/Microsoft.AspNetCore.App.Ref/8.0.22/ref/net8.0/Microsoft.Extensions.Caching.Memory.dll".
             Reference found at search path location "{RawFileName}".
             This reference is not "CopyLocal" because at least one source item had "Private" set to "false" and no source items had "Private" set to "true".
             The ImageRuntimeVersion for this reference is "".
         Primary reference "Microsoft.Extensions.Configuration.Abstractions, Version=8.0.0.0, Culture=neutral, PublicKeyToken=adb9793829ddae60".
             Resolved file path is "/usr/lib64/dotnet/packs/Microsoft.AspNetCore.App.Ref/8.0.22/ref/net8.0/Microsoft.Extensions.Configuration.Abstractions.dll".
             Reference found at search path location "{RawFileName}".
             This reference is not "CopyLocal" because at least one source item had "Private" set to "false" and no source items had "Private" set to "true".
             The ImageRuntimeVersion for this reference is "".
         Primary reference "Microsoft.Extensions.Configuration.Binder, Version=8.0.0.0, Culture=neutral, PublicKeyToken=adb9793829ddae60".
             Resolved file path is "/usr/lib64/dotnet/packs/Microsoft.AspNetCore.App.Ref/8.0.22/ref/net8.0/Microsoft.Extensions.Configuration.Binder.dll".
             Reference found at search path location "{RawFileName}".
             This reference is not "CopyLocal" because at least one source item had "Private" set to "false" and no source items had "Private" set to "true".
             The ImageRuntimeVersion for this reference is "".
         Primary reference "Microsoft.Extensions.Configuration.CommandLine, Version=8.0.0.0, Culture=neutral, PublicKeyToken=adb9793829ddae60".
             Resolved file path is "/usr/lib64/dotnet/packs/Microsoft.AspNetCore.App.Ref/8.0.22/ref/net8.0/Microsoft.Extensions.Configuration.CommandLine.dll".
             Reference found at search path location "{RawFileName}".
             This reference is not "CopyLocal" because at least one source item had "Private" set to "false" and no source items had "Private" set to "true".
             The ImageRuntimeVersion for this reference is "".
         Primary reference "Microsoft.Extensions.Configuration.EnvironmentVariables, Version=8.0.0.0, Culture=neutral, PublicKeyToken=adb9793829ddae60".
             Resolved file path is "/usr/lib64/dotnet/packs/Microsoft.AspNetCore.App.Ref/8.0.22/ref/net8.0/Microsoft.Extensions.Configuration.EnvironmentVariables.dll".
             Reference found at search path location "{RawFileName}".
             This reference is not "CopyLocal" because at least one source item had "Private" set to "false" and no source items had "Private" set to "true".
             The ImageRuntimeVersion for this reference is "".
         Primary reference "Microsoft.Extensions.Configuration.FileExtensions, Version=8.0.0.0, Culture=neutral, PublicKeyToken=adb9793829ddae60".
             Resolved file path is "/usr/lib64/dotnet/packs/Microsoft.AspNetCore.App.Ref/8.0.22/ref/net8.0/Microsoft.Extensions.Configuration.FileExtensions.dll".
             Reference found at search path location "{RawFileName}".
             This reference is not "CopyLocal" because at least one source item had "Private" set to "false" and no source items had "Private" set to "true".
             The ImageRuntimeVersion for this reference is "".
         Primary reference "Microsoft.Extensions.Configuration.Ini, Version=8.0.0.0, Culture=neutral, PublicKeyToken=adb9793829ddae60".
             Resolved file path is "/usr/lib64/dotnet/packs/Microsoft.AspNetCore.App.Ref/8.0.22/ref/net8.0/Microsoft.Extensions.Configuration.Ini.dll".
             Reference found at search path location "{RawFileName}".
             This reference is not "CopyLocal" because at least one source item had "Private" set to "false" and no source items had "Private" set to "true".
             The ImageRuntimeVersion for this reference is "".
         Primary reference "Microsoft.Extensions.Configuration.Json, Version=8.0.0.0, Culture=neutral, PublicKeyToken=adb9793829ddae60".
             Resolved file path is "/usr/lib64/dotnet/packs/Microsoft.AspNetCore.App.Ref/8.0.22/ref/net8.0/Microsoft.Extensions.Configuration.Json.dll".
             Reference found at search path location "{RawFileName}".
             This reference is not "CopyLocal" because at least one source item had "Private" set to "false" and no source items had "Private" set to "true".
             The ImageRuntimeVersion for this reference is "".
         Primary reference "Microsoft.Extensions.Configuration.KeyPerFile, Version=8.0.0.0, Culture=neutral, PublicKeyToken=adb9793829ddae60".
             Resolved file path is "/usr/lib64/dotnet/packs/Microsoft.AspNetCore.App.Ref/8.0.22/ref/net8.0/Microsoft.Extensions.Configuration.KeyPerFile.dll".
             Reference found at search path location "{RawFileName}".
             This reference is not "CopyLocal" because at least one source item had "Private" set to "false" and no source items had "Private" set to "true".
             The ImageRuntimeVersion for this reference is "".
         Primary reference "Microsoft.Extensions.Configuration.UserSecrets, Version=8.0.0.0, Culture=neutral, PublicKeyToken=adb9793829ddae60".
             Resolved file path is "/usr/lib64/dotnet/packs/Microsoft.AspNetCore.App.Ref/8.0.22/ref/net8.0/Microsoft.Extensions.Configuration.UserSecrets.dll".
             Reference found at search path location "{RawFileName}".
             This reference is not "CopyLocal" because at least one source item had "Private" set to "false" and no source items had "Private" set to "true".
             The ImageRuntimeVersion for this reference is "".
         Primary reference "Microsoft.Extensions.Configuration.Xml, Version=8.0.0.0, Culture=neutral, PublicKeyToken=adb9793829ddae60".
             Resolved file path is "/usr/lib64/dotnet/packs/Microsoft.AspNetCore.App.Ref/8.0.22/ref/net8.0/Microsoft.Extensions.Configuration.Xml.dll".
             Reference found at search path location "{RawFileName}".
             This reference is not "CopyLocal" because at least one source item had "Private" set to "false" and no source items had "Private" set to "true".
             The ImageRuntimeVersion for this reference is "".
         Primary reference "Microsoft.Extensions.Configuration, Version=8.0.0.0, Culture=neutral, PublicKeyToken=adb9793829ddae60".
             Resolved file path is "/usr/lib64/dotnet/packs/Microsoft.AspNetCore.App.Ref/8.0.22/ref/net8.0/Microsoft.Extensions.Configuration.dll".
             Reference found at search path location "{RawFileName}".
             This reference is not "CopyLocal" because at least one source item had "Private" set to "false" and no source items had "Private" set to "true".
             The ImageRuntimeVersion for this reference is "".
         Primary reference "Microsoft.Extensions.DependencyInjection.Abstractions, Version=8.0.0.0, Culture=neutral, PublicKeyToken=adb9793829ddae60".
             Resolved file path is "/usr/lib64/dotnet/packs/Microsoft.AspNetCore.App.Ref/8.0.22/ref/net8.0/Microsoft.Extensions.DependencyInjection.Abstractions.dll".
             Reference found at search path location "{RawFileName}".
             This reference is not "CopyLocal" because at least one source item had "Private" set to "false" and no source items had "Private" set to "true".
             The ImageRuntimeVersion for this reference is "".
         Primary reference "Microsoft.Extensions.DependencyInjection, Version=8.0.0.0, Culture=neutral, PublicKeyToken=adb9793829ddae60".
             Resolved file path is "/usr/lib64/dotnet/packs/Microsoft.AspNetCore.App.Ref/8.0.22/ref/net8.0/Microsoft.Extensions.DependencyInjection.dll".
             Reference found at search path location "{RawFileName}".
             This reference is not "CopyLocal" because at least one source item had "Private" set to "false" and no source items had "Private" set to "true".
             The ImageRuntimeVersion for this reference is "".
         Primary reference "Microsoft.Extensions.Diagnostics.Abstractions, Version=8.0.0.0, Culture=neutral, PublicKeyToken=adb9793829ddae60".
             Resolved file path is "/usr/lib64/dotnet/packs/Microsoft.AspNetCore.App.Ref/8.0.22/ref/net8.0/Microsoft.Extensions.Diagnostics.Abstractions.dll".
             Reference found at search path location "{RawFileName}".
             This reference is not "CopyLocal" because at least one source item had "Private" set to "false" and no source items had "Private" set to "true".
             The ImageRuntimeVersion for this reference is "".
         Primary reference "Microsoft.Extensions.Diagnostics.HealthChecks.Abstractions, Version=8.0.0.0, Culture=neutral, PublicKeyToken=adb9793829ddae60".
             Resolved file path is "/usr/lib64/dotnet/packs/Microsoft.AspNetCore.App.Ref/8.0.22/ref/net8.0/Microsoft.Extensions.Diagnostics.HealthChecks.Abstractions.dll".
             Reference found at search path location "{RawFileName}".
             This reference is not "CopyLocal" because at least one source item had "Private" set to "false" and no source items had "Private" set to "true".
             The ImageRuntimeVersion for this reference is "".
         Primary reference "Microsoft.Extensions.Diagnostics.HealthChecks, Version=8.0.0.0, Culture=neutral, PublicKeyToken=adb9793829ddae60".
             Resolved file path is "/usr/lib64/dotnet/packs/Microsoft.AspNetCore.App.Ref/8.0.22/ref/net8.0/Microsoft.Extensions.Diagnostics.HealthChecks.dll".
             Reference found at search path location "{RawFileName}".
             This reference is not "CopyLocal" because at least one source item had "Private" set to "false" and no source items had "Private" set to "true".
             The ImageRuntimeVersion for this reference is "".
         Primary reference "Microsoft.Extensions.Diagnostics, Version=8.0.0.0, Culture=neutral, PublicKeyToken=adb9793829ddae60".
             Resolved file path is "/usr/lib64/dotnet/packs/Microsoft.AspNetCore.App.Ref/8.0.22/ref/net8.0/Microsoft.Extensions.Diagnostics.dll".
             Reference found at search path location "{RawFileName}".
             This reference is not "CopyLocal" because at least one source item had "Private" set to "false" and no source items had "Private" set to "true".
             The ImageRuntimeVersion for this reference is "".
         Primary reference "Microsoft.Extensions.Features, Version=8.0.0.0, Culture=neutral, PublicKeyToken=adb9793829ddae60".
             Resolved file path is "/usr/lib64/dotnet/packs/Microsoft.AspNetCore.App.Ref/8.0.22/ref/net8.0/Microsoft.Extensions.Features.dll".
             Reference found at search path location "{RawFileName}".
             This reference is not "CopyLocal" because at least one source item had "Private" set to "false" and no source items had "Private" set to "true".
             The ImageRuntimeVersion for this reference is "".
         Primary reference "Microsoft.Extensions.FileProviders.Abstractions, Version=8.0.0.0, Culture=neutral, PublicKeyToken=adb9793829ddae60".
             Resolved file path is "/usr/lib64/dotnet/packs/Microsoft.AspNetCore.App.Ref/8.0.22/ref/net8.0/Microsoft.Extensions.FileProviders.Abstractions.dll".
             Reference found at search path location "{RawFileName}".
             This reference is not "CopyLocal" because at least one source item had "Private" set to "false" and no source items had "Private" set to "true".
             The ImageRuntimeVersion for this reference is "".
         Primary reference "Microsoft.Extensions.FileProviders.Composite, Version=8.0.0.0, Culture=neutral, PublicKeyToken=adb9793829ddae60".
             Resolved file path is "/usr/lib64/dotnet/packs/Microsoft.AspNetCore.App.Ref/8.0.22/ref/net8.0/Microsoft.Extensions.FileProviders.Composite.dll".
             Reference found at search path location "{RawFileName}".
             This reference is not "CopyLocal" because at least one source item had "Private" set to "false" and no source items had "Private" set to "true".
             The ImageRuntimeVersion for this reference is "".
         Primary reference "Microsoft.Extensions.FileProviders.Embedded, Version=8.0.0.0, Culture=neutral, PublicKeyToken=adb9793829ddae60".
             Resolved file path is "/usr/lib64/dotnet/packs/Microsoft.AspNetCore.App.Ref/8.0.22/ref/net8.0/Microsoft.Extensions.FileProviders.Embedded.dll".
             Reference found at search path location "{RawFileName}".
             This reference is not "CopyLocal" because at least one source item had "Private" set to "false" and no source items had "Private" set to "true".
             The ImageRuntimeVersion for this reference is "".
         Primary reference "Microsoft.Extensions.FileProviders.Physical, Version=8.0.0.0, Culture=neutral, PublicKeyToken=adb9793829ddae60".
             Resolved file path is "/usr/lib64/dotnet/packs/Microsoft.AspNetCore.App.Ref/8.0.22/ref/net8.0/Microsoft.Extensions.FileProviders.Physical.dll".
             Reference found at search path location "{RawFileName}".
             This reference is not "CopyLocal" because at least one source item had "Private" set to "false" and no source items had "Private" set to "true".
             The ImageRuntimeVersion for this reference is "".
         Primary reference "Microsoft.Extensions.FileSystemGlobbing, Version=8.0.0.0, Culture=neutral, PublicKeyToken=adb9793829ddae60".
             Resolved file path is "/usr/lib64/dotnet/packs/Microsoft.AspNetCore.App.Ref/8.0.22/ref/net8.0/Microsoft.Extensions.FileSystemGlobbing.dll".
             Reference found at search path location "{RawFileName}".
             This reference is not "CopyLocal" because at least one source item had "Private" set to "false" and no source items had "Private" set to "true".
             The ImageRuntimeVersion for this reference is "".
         Primary reference "Microsoft.Extensions.Hosting.Abstractions, Version=8.0.0.0, Culture=neutral, PublicKeyToken=adb9793829ddae60".
             Resolved file path is "/usr/lib64/dotnet/packs/Microsoft.AspNetCore.App.Ref/8.0.22/ref/net8.0/Microsoft.Extensions.Hosting.Abstractions.dll".
             Reference found at search path location "{RawFileName}".
             This reference is not "CopyLocal" because at least one source item had "Private" set to "false" and no source items had "Private" set to "true".
             The ImageRuntimeVersion for this reference is "".
         Primary reference "Microsoft.Extensions.Hosting, Version=8.0.0.0, Culture=neutral, PublicKeyToken=adb9793829ddae60".
             Resolved file path is "/usr/lib64/dotnet/packs/Microsoft.AspNetCore.App.Ref/8.0.22/ref/net8.0/Microsoft.Extensions.Hosting.dll".
             Reference found at search path location "{RawFileName}".
             This reference is not "CopyLocal" because at least one source item had "Private" set to "false" and no source items had "Private" set to "true".
             The ImageRuntimeVersion for this reference is "".
         Primary reference "Microsoft.Extensions.Http, Version=8.0.0.0, Culture=neutral, PublicKeyToken=adb9793829ddae60".
             Resolved file path is "/usr/lib64/dotnet/packs/Microsoft.AspNetCore.App.Ref/8.0.22/ref/net8.0/Microsoft.Extensions.Http.dll".
             Reference found at search path location "{RawFileName}".
             This reference is not "CopyLocal" because at least one source item had "Private" set to "false" and no source items had "Private" set to "true".
             The ImageRuntimeVersion for this reference is "".
         Primary reference "Microsoft.Extensions.Identity.Core, Version=8.0.0.0, Culture=neutral, PublicKeyToken=adb9793829ddae60".
             Resolved file path is "/usr/lib64/dotnet/packs/Microsoft.AspNetCore.App.Ref/8.0.22/ref/net8.0/Microsoft.Extensions.Identity.Core.dll".
             Reference found at search path location "{RawFileName}".
             This reference is not "CopyLocal" because at least one source item had "Private" set to "false" and no source items had "Private" set to "true".
             The ImageRuntimeVersion for this reference is "".
         Primary reference "Microsoft.Extensions.Identity.Stores, Version=8.0.0.0, Culture=neutral, PublicKeyToken=adb9793829ddae60".
             Resolved file path is "/usr/lib64/dotnet/packs/Microsoft.AspNetCore.App.Ref/8.0.22/ref/net8.0/Microsoft.Extensions.Identity.Stores.dll".
             Reference found at search path location "{RawFileName}".
             This reference is not "CopyLocal" because at least one source item had "Private" set to "false" and no source items had "Private" set to "true".
             The ImageRuntimeVersion for this reference is "".
         Primary reference "Microsoft.Extensions.Localization.Abstractions, Version=8.0.0.0, Culture=neutral, PublicKeyToken=adb9793829ddae60".
             Resolved file path is "/usr/lib64/dotnet/packs/Microsoft.AspNetCore.App.Ref/8.0.22/ref/net8.0/Microsoft.Extensions.Localization.Abstractions.dll".
             Reference found at search path location "{RawFileName}".
             This reference is not "CopyLocal" because at least one source item had "Private" set to "false" and no source items had "Private" set to "true".
             The ImageRuntimeVersion for this reference is "".
         Primary reference "Microsoft.Extensions.Localization, Version=8.0.0.0, Culture=neutral, PublicKeyToken=adb9793829ddae60".
             Resolved file path is "/usr/lib64/dotnet/packs/Microsoft.AspNetCore.App.Ref/8.0.22/ref/net8.0/Microsoft.Extensions.Localization.dll".
             Reference found at search path location "{RawFileName}".
             This reference is not "CopyLocal" because at least one source item had "Private" set to "false" and no source items had "Private" set to "true".
             The ImageRuntimeVersion for this reference is "".
         Primary reference "Microsoft.Extensions.Logging.Abstractions, Version=8.0.0.0, Culture=neutral, PublicKeyToken=adb9793829ddae60".
             Resolved file path is "/usr/lib64/dotnet/packs/Microsoft.AspNetCore.App.Ref/8.0.22/ref/net8.0/Microsoft.Extensions.Logging.Abstractions.dll".
             Reference found at search path location "{RawFileName}".
             This reference is not "CopyLocal" because at least one source item had "Private" set to "false" and no source items had "Private" set to "true".
             The ImageRuntimeVersion for this reference is "".
         Primary reference "Microsoft.Extensions.Logging.Configuration, Version=8.0.0.0, Culture=neutral, PublicKeyToken=adb9793829ddae60".
             Resolved file path is "/usr/lib64/dotnet/packs/Microsoft.AspNetCore.App.Ref/8.0.22/ref/net8.0/Microsoft.Extensions.Logging.Configuration.dll".
             Reference found at search path location "{RawFileName}".
             This reference is not "CopyLocal" because at least one source item had "Private" set to "false" and no source items had "Private" set to "true".
             The ImageRuntimeVersion for this reference is "".
         Primary reference "Microsoft.Extensions.Logging.Console, Version=8.0.0.0, Culture=neutral, PublicKeyToken=adb9793829ddae60".
             Resolved file path is "/usr/lib64/dotnet/packs/Microsoft.AspNetCore.App.Ref/8.0.22/ref/net8.0/Microsoft.Extensions.Logging.Console.dll".
             Reference found at search path location "{RawFileName}".
             This reference is not "CopyLocal" because at least one source item had "Private" set to "false" and no source items had "Private" set to "true".
             The ImageRuntimeVersion for this reference is "".
         Primary reference "Microsoft.Extensions.Logging.Debug, Version=8.0.0.0, Culture=neutral, PublicKeyToken=adb9793829ddae60".
             Resolved file path is "/usr/lib64/dotnet/packs/Microsoft.AspNetCore.App.Ref/8.0.22/ref/net8.0/Microsoft.Extensions.Logging.Debug.dll".
             Reference found at search path location "{RawFileName}".
             This reference is not "CopyLocal" because at least one source item had "Private" set to "false" and no source items had "Private" set to "true".
             The ImageRuntimeVersion for this reference is "".
         Primary reference "Microsoft.Extensions.Logging.EventLog, Version=8.0.0.0, Culture=neutral, PublicKeyToken=adb9793829ddae60".
             Resolved file path is "/usr/lib64/dotnet/packs/Microsoft.AspNetCore.App.Ref/8.0.22/ref/net8.0/Microsoft.Extensions.Logging.EventLog.dll".
             Reference found at search path location "{RawFileName}".
             This reference is not "CopyLocal" because at least one source item had "Private" set to "false" and no source items had "Private" set to "true".
             The ImageRuntimeVersion for this reference is "".
         Primary reference "Microsoft.Extensions.Logging.EventSource, Version=8.0.0.0, Culture=neutral, PublicKeyToken=adb9793829ddae60".
             Resolved file path is "/usr/lib64/dotnet/packs/Microsoft.AspNetCore.App.Ref/8.0.22/ref/net8.0/Microsoft.Extensions.Logging.EventSource.dll".
             Reference found at search path location "{RawFileName}".
             This reference is not "CopyLocal" because at least one source item had "Private" set to "false" and no source items had "Private" set to "true".
             The ImageRuntimeVersion for this reference is "".
         Primary reference "Microsoft.Extensions.Logging.TraceSource, Version=8.0.0.0, Culture=neutral, PublicKeyToken=adb9793829ddae60".
             Resolved file path is "/usr/lib64/dotnet/packs/Microsoft.AspNetCore.App.Ref/8.0.22/ref/net8.0/Microsoft.Extensions.Logging.TraceSource.dll".
             Reference found at search path location "{RawFileName}".
             This reference is not "CopyLocal" because at least one source item had "Private" set to "false" and no source items had "Private" set to "true".
             The ImageRuntimeVersion for this reference is "".
         Primary reference "Microsoft.Extensions.Logging, Version=8.0.0.0, Culture=neutral, PublicKeyToken=adb9793829ddae60".
             Resolved file path is "/usr/lib64/dotnet/packs/Microsoft.AspNetCore.App.Ref/8.0.22/ref/net8.0/Microsoft.Extensions.Logging.dll".
             Reference found at search path location "{RawFileName}".
             This reference is not "CopyLocal" because at least one source item had "Private" set to "false" and no source items had "Private" set to "true".
             The ImageRuntimeVersion for this reference is "".
         Primary reference "Microsoft.Extensions.ObjectPool, Version=8.0.0.0, Culture=neutral, PublicKeyToken=adb9793829ddae60".
             Resolved file path is "/usr/lib64/dotnet/packs/Microsoft.AspNetCore.App.Ref/8.0.22/ref/net8.0/Microsoft.Extensions.ObjectPool.dll".
             Reference found at search path location "{RawFileName}".
             This reference is not "CopyLocal" because at least one source item had "Private" set to "false" and no source items had "Private" set to "true".
             The ImageRuntimeVersion for this reference is "".
         Primary reference "Microsoft.Extensions.Options.ConfigurationExtensions, Version=8.0.0.0, Culture=neutral, PublicKeyToken=adb9793829ddae60".
             Resolved file path is "/usr/lib64/dotnet/packs/Microsoft.AspNetCore.App.Ref/8.0.22/ref/net8.0/Microsoft.Extensions.Options.ConfigurationExtensions.dll".
             Reference found at search path location "{RawFileName}".
             This reference is not "CopyLocal" because at least one source item had "Private" set to "false" and no source items had "Private" set to "true".
             The ImageRuntimeVersion for this reference is "".
         Primary reference "Microsoft.Extensions.Options.DataAnnotations, Version=8.0.0.0, Culture=neutral, PublicKeyToken=adb9793829ddae60".
             Resolved file path is "/usr/lib64/dotnet/packs/Microsoft.AspNetCore.App.Ref/8.0.22/ref/net8.0/Microsoft.Extensions.Options.DataAnnotations.dll".
             Reference found at search path location "{RawFileName}".
             This reference is not "CopyLocal" because at least one source item had "Private" set to "false" and no source items had "Private" set to "true".
             The ImageRuntimeVersion for this reference is "".
         Primary reference "Microsoft.Extensions.Options, Version=8.0.0.0, Culture=neutral, PublicKeyToken=adb9793829ddae60".
             Resolved file path is "/usr/lib64/dotnet/packs/Microsoft.AspNetCore.App.Ref/8.0.22/ref/net8.0/Microsoft.Extensions.Options.dll".
             Reference found at search path location "{RawFileName}".
             This reference is not "CopyLocal" because at least one source item had "Private" set to "false" and no source items had "Private" set to "true".
             The ImageRuntimeVersion for this reference is "".
         Primary reference "Microsoft.Extensions.Primitives, Version=8.0.0.0, Culture=neutral, PublicKeyToken=adb9793829ddae60".
             Resolved file path is "/usr/lib64/dotnet/packs/Microsoft.AspNetCore.App.Ref/8.0.22/ref/net8.0/Microsoft.Extensions.Primitives.dll".
             Reference found at search path location "{RawFileName}".
             This reference is not "CopyLocal" because at least one source item had "Private" set to "false" and no source items had "Private" set to "true".
             The ImageRuntimeVersion for this reference is "".
         Primary reference "Microsoft.Extensions.WebEncoders, Version=8.0.0.0, Culture=neutral, PublicKeyToken=adb9793829ddae60".
             Resolved file path is "/usr/lib64/dotnet/packs/Microsoft.AspNetCore.App.Ref/8.0.22/ref/net8.0/Microsoft.Extensions.WebEncoders.dll".
             Reference found at search path location "{RawFileName}".
             This reference is not "CopyLocal" because at least one source item had "Private" set to "false" and no source items had "Private" set to "true".
             The ImageRuntimeVersion for this reference is "".
         Primary reference "Microsoft.JSInterop, Version=8.0.0.0, Culture=neutral, PublicKeyToken=adb9793829ddae60".
             Resolved file path is "/usr/lib64/dotnet/packs/Microsoft.AspNetCore.App.Ref/8.0.22/ref/net8.0/Microsoft.JSInterop.dll".
             Reference found at search path location "{RawFileName}".
             This reference is not "CopyLocal" because at least one source item had "Private" set to "false" and no source items had "Private" set to "true".
             The ImageRuntimeVersion for this reference is "".
         Primary reference "Microsoft.Net.Http.Headers, Version=8.0.0.0, Culture=neutral, PublicKeyToken=adb9793829ddae60".
             Resolved file path is "/usr/lib64/dotnet/packs/Microsoft.AspNetCore.App.Ref/8.0.22/ref/net8.0/Microsoft.Net.Http.Headers.dll".
             Reference found at search path location "{RawFileName}".
             This reference is not "CopyLocal" because at least one source item had "Private" set to "false" and no source items had "Private" set to "true".
             The ImageRuntimeVersion for this reference is "".
         Primary reference "System.Diagnostics.EventLog, Version=8.0.0.0, Culture=neutral, PublicKeyToken=cc7b13ffcd2ddd51".
             Resolved file path is "/usr/lib64/dotnet/packs/Microsoft.AspNetCore.App.Ref/8.0.22/ref/net8.0/System.Diagnostics.EventLog.dll".
             Reference found at search path location "{RawFileName}".
             This reference is not "CopyLocal" because at least one source item had "Private" set to "false" and no source items had "Private" set to "true".
             The ImageRuntimeVersion for this reference is "".
         Primary reference "System.IO.Pipelines, Version=8.0.0.0, Culture=neutral, PublicKeyToken=cc7b13ffcd2ddd51".
             Resolved file path is "/usr/lib64/dotnet/packs/Microsoft.AspNetCore.App.Ref/8.0.22/ref/net8.0/System.IO.Pipelines.dll".
             Reference found at search path location "{RawFileName}".
             This reference is not "CopyLocal" because at least one source item had "Private" set to "false" and no source items had "Private" set to "true".
             The ImageRuntimeVersion for this reference is "".
         Primary reference "System.Security.Cryptography.Xml, Version=8.0.0.0, Culture=neutral, PublicKeyToken=cc7b13ffcd2ddd51".
             Resolved file path is "/usr/lib64/dotnet/packs/Microsoft.AspNetCore.App.Ref/8.0.22/ref/net8.0/System.Security.Cryptography.Xml.dll".
             Reference found at search path location "{RawFileName}".
             This reference is not "CopyLocal" because at least one source item had "Private" set to "false" and no source items had "Private" set to "true".
             The ImageRuntimeVersion for this reference is "".
         Primary reference "System.Threading.RateLimiting, Version=8.0.0.0, Culture=neutral, PublicKeyToken=cc7b13ffcd2ddd51".
             Resolved file path is "/usr/lib64/dotnet/packs/Microsoft.AspNetCore.App.Ref/8.0.22/ref/net8.0/System.Threading.RateLimiting.dll".
             Reference found at search path location "{RawFileName}".
             This reference is not "CopyLocal" because at least one source item had "Private" set to "false" and no source items had "Private" set to "true".
             The ImageRuntimeVersion for this reference is "".
       Done executing task "ResolveAssemblyReference".
   8:7>Done building target "ResolveAssemblyReferences" in project "Entegrasyon.Entity.csproj".
   8:7>Target "AfterResolveReferences" in file "/usr/lib64/dotnet/sdk/10.0.101/Microsoft.Common.CurrentVersion.targets" from project "/home/baturhan/Projeler/Entegrasyon/Application/Entegrasyon.Entity/Entegrasyon.Entity.csproj" (target "ResolveReferences" depends on it):
   8:7>Done building target "AfterResolveReferences" in project "Entegrasyon.Entity.csproj".
   8:7>Target "ResolveReferences" in file "/usr/lib64/dotnet/sdk/10.0.101/Microsoft.Common.CurrentVersion.targets" from project "/home/baturhan/Projeler/Entegrasyon/Application/Entegrasyon.Entity/Entegrasyon.Entity.csproj" (target "_BlockWinMDsOnUnsupportedTFMs" depends on it):
   8:7>Done building target "ResolveReferences" in project "Entegrasyon.Entity.csproj".
   8:7>Target "_BlockWinMDsOnUnsupportedTFMs" in file "/usr/lib64/dotnet/sdk/10.0.101/Sdks/Microsoft.NET.Sdk/targets/Microsoft.NET.Sdk.targets" from project "/home/baturhan/Projeler/Entegrasyon/Application/Entegrasyon.Entity/Entegrasyon.Entity.csproj" (target "CoreBuild" depends on it):
       Using "CheckForUnsupportedWinMDReferences" task from assembly "/usr/lib64/dotnet/sdk/10.0.101/Sdks/Microsoft.NET.Sdk/targets/../tools/net10.0/Microsoft.NET.Build.Tasks.dll".
       Task "CheckForUnsupportedWinMDReferences"
       Done executing task "CheckForUnsupportedWinMDReferences".
   8:7>Done building target "_BlockWinMDsOnUnsupportedTFMs" in project "Entegrasyon.Entity.csproj".
       Target "ResolveReferences" skipped. Previously built successfully.
       Target "ResolvePackageDependenciesForBuild" skipped. Previously built successfully.
       Target "_HandlePackageFileConflicts" skipped. Previously built successfully.
   8:7>Target "CopyAdditionalFiles" in file "/usr/lib64/dotnet/sdk/10.0.101/Roslyn/Microsoft.Managed.Core.targets" from project "/home/baturhan/Projeler/Entegrasyon/Application/Entegrasyon.Entity/Entegrasyon.Entity.csproj" (target "AssignTargetPaths" depends on it):
   8:7>Done building target "CopyAdditionalFiles" in project "Entegrasyon.Entity.csproj".
   8:7>Target "_ComputeNETCoreBuildOutputFiles" in file "/usr/lib64/dotnet/sdk/10.0.101/Sdks/Microsoft.NET.Sdk/targets/Microsoft.NET.Sdk.targets" from project "/home/baturhan/Projeler/Entegrasyon/Application/Entegrasyon.Entity/Entegrasyon.Entity.csproj" (target "AssignTargetPaths" depends on it):
   8:7>Done building target "_ComputeNETCoreBuildOutputFiles" in project "Entegrasyon.Entity.csproj".
   8:7>Target "AssignTargetPaths" in file "/usr/lib64/dotnet/sdk/10.0.101/Microsoft.Common.CurrentVersion.targets" from project "/home/baturhan/Projeler/Entegrasyon/Application/Entegrasyon.Entity/Entegrasyon.Entity.csproj" (target "PrepareResourceNames" depends on it):
       Using "AssignTargetPath" task from assembly "Microsoft.Build.Tasks.Core, Version=15.1.0.0, Culture=neutral, PublicKeyToken=b03f5f7f11d50a3a".
       Task "AssignTargetPath"
       Done executing task "AssignTargetPath".
       Task "AssignTargetPath"
       Done executing task "AssignTargetPath".
       Task "AssignTargetPath"
       Done executing task "AssignTargetPath".
       Task "AssignTargetPath"
       Done executing task "AssignTargetPath".
   8:7>Done building target "AssignTargetPaths" in project "Entegrasyon.Entity.csproj".
       Target "AssignTargetPaths" skipped. Previously built successfully.
   8:7>Target "SplitResourcesByCulture" in file "/usr/lib64/dotnet/sdk/10.0.101/Microsoft.Common.CurrentVersion.targets" from project "/home/baturhan/Projeler/Entegrasyon/Application/Entegrasyon.Entity/Entegrasyon.Entity.csproj" (target "PrepareResourceNames" depends on it):
       Using "AssignCulture" task from assembly "Microsoft.Build.Tasks.Core, Version=15.1.0.0, Culture=neutral, PublicKeyToken=b03f5f7f11d50a3a".
       Task "AssignCulture"
       Done executing task "AssignCulture".
   8:7>Done building target "SplitResourcesByCulture" in project "Entegrasyon.Entity.csproj".
   8:7>Target "CreateCustomManifestResourceNames" in file "/usr/lib64/dotnet/sdk/10.0.101/Microsoft.Common.CurrentVersion.targets" from project "/home/baturhan/Projeler/Entegrasyon/Application/Entegrasyon.Entity/Entegrasyon.Entity.csproj" (target "PrepareResourceNames" depends on it):
   8:7>Done building target "CreateCustomManifestResourceNames" in project "Entegrasyon.Entity.csproj".
   8:7>Target "PrepareResourceNames" in file "/usr/lib64/dotnet/sdk/10.0.101/Microsoft.Common.CurrentVersion.targets" from project "/home/baturhan/Projeler/Entegrasyon/Application/Entegrasyon.Entity/Entegrasyon.Entity.csproj" (target "PrepareResources" depends on it):
   8:7>Done building target "PrepareResourceNames" in project "Entegrasyon.Entity.csproj".
       Target "ResolveAssemblyReferences" skipped. Previously built successfully.
       Target "SplitResourcesByCulture" skipped. Previously built successfully.
   8:7>Target "BeforeResGen" in file "/usr/lib64/dotnet/sdk/10.0.101/Microsoft.Common.CurrentVersion.targets" from project "/home/baturhan/Projeler/Entegrasyon/Application/Entegrasyon.Entity/Entegrasyon.Entity.csproj" (target "ResGen" depends on it):
   8:7>Done building target "BeforeResGen" in project "Entegrasyon.Entity.csproj".
       Target "ResolveReferences" skipped. Previously built successfully.
   8:7>Target "FindReferenceAssembliesForReferences" in file "/usr/lib64/dotnet/sdk/10.0.101/Microsoft.Common.CurrentVersion.targets" from project "/home/baturhan/Projeler/Entegrasyon/Application/Entegrasyon.Entity/Entegrasyon.Entity.csproj" (target "CoreResGen" depends on it):
   8:7>Done building target "FindReferenceAssembliesForReferences" in project "Entegrasyon.Entity.csproj".
   8:7>Target "CoreResGen" in file "/usr/lib64/dotnet/sdk/10.0.101/Microsoft.Common.CurrentVersion.targets" from project "/home/baturhan/Projeler/Entegrasyon/Application/Entegrasyon.Entity/Entegrasyon.Entity.csproj" (target "ResGen" depends on it):
   8:7>Done building target "CoreResGen" in project "Entegrasyon.Entity.csproj".
   8:7>Target "AfterResGen" in file "/usr/lib64/dotnet/sdk/10.0.101/Microsoft.Common.CurrentVersion.targets" from project "/home/baturhan/Projeler/Entegrasyon/Application/Entegrasyon.Entity/Entegrasyon.Entity.csproj" (target "ResGen" depends on it):
   8:7>Done building target "AfterResGen" in project "Entegrasyon.Entity.csproj".
   8:7>Target "ResGen" in file "/usr/lib64/dotnet/sdk/10.0.101/Microsoft.Common.CurrentVersion.targets" from project "/home/baturhan/Projeler/Entegrasyon/Application/Entegrasyon.Entity/Entegrasyon.Entity.csproj" (target "PrepareResources" depends on it):
   8:7>Done building target "ResGen" in project "Entegrasyon.Entity.csproj".
   8:7>Target "PrepareResources" in file "/usr/lib64/dotnet/sdk/10.0.101/Microsoft.Common.CurrentVersion.targets" from project "/home/baturhan/Projeler/Entegrasyon/Application/Entegrasyon.Entity/Entegrasyon.Entity.csproj" (target "CoreBuild" depends on it):
   8:7>Done building target "PrepareResources" in project "Entegrasyon.Entity.csproj".
       Target "ResolveReferences" skipped. Previously built successfully.
   8:7>Target "_SetEmbeddedWin32ManifestProperties" in file "/usr/lib64/dotnet/sdk/10.0.101/Microsoft.Common.CurrentVersion.targets" from project "/home/baturhan/Projeler/Entegrasyon/Application/Entegrasyon.Entity/Entegrasyon.Entity.csproj" (target "SetWin32ManifestProperties" depends on it):
       Using "GetFrameworkPath" task from assembly "Microsoft.Build.Tasks.Core, Version=15.1.0.0, Culture=neutral, PublicKeyToken=b03f5f7f11d50a3a".
       Task "GetFrameworkPath"
       Done executing task "GetFrameworkPath".
   8:7>Done building target "_SetEmbeddedWin32ManifestProperties" in project "Entegrasyon.Entity.csproj".
   8:7>Target "SetWin32ManifestProperties" in file "/usr/lib64/dotnet/sdk/10.0.101/Microsoft.Common.CurrentVersion.targets" from project "/home/baturhan/Projeler/Entegrasyon/Application/Entegrasyon.Entity/Entegrasyon.Entity.csproj" (target "Compile" depends on it):
   8:7>Done building target "SetWin32ManifestProperties" in project "Entegrasyon.Entity.csproj".
       Target "FindReferenceAssembliesForReferences" skipped. Previously built successfully.
   8:7>Target "_GenerateCompileInputs" in file "/usr/lib64/dotnet/sdk/10.0.101/Microsoft.Common.CurrentVersion.targets" from project "/home/baturhan/Projeler/Entegrasyon/Application/Entegrasyon.Entity/Entegrasyon.Entity.csproj" (target "Compile" depends on it):
   8:7>Done building target "_GenerateCompileInputs" in project "Entegrasyon.Entity.csproj".
       Target "PrepareForBuild" skipped. Previously built successfully.
   8:7>Target "GenerateMSBuildEditorConfigFileShouldRun" in file "/usr/lib64/dotnet/sdk/10.0.101/Roslyn/Microsoft.Managed.Core.targets" from project "/home/baturhan/Projeler/Entegrasyon/Application/Entegrasyon.Entity/Entegrasyon.Entity.csproj" (target "GenerateMSBuildEditorConfigFile" depends on it):
   8:7>Done building target "GenerateMSBuildEditorConfigFileShouldRun" in project "Entegrasyon.Entity.csproj".
   8:7>Target "AddGlobalAnalyzerConfigForPackage_MicrosoftCodeAnalysisCSharpCodeStyle" in file "/usr/lib64/dotnet/sdk/10.0.101/Sdks/Microsoft.NET.Sdk/codestyle/cs/build/Microsoft.CodeAnalysis.CSharp.CodeStyle.targets" from project "/home/baturhan/Projeler/Entegrasyon/Application/Entegrasyon.Entity/Entegrasyon.Entity.csproj" (target "GenerateMSBuildEditorConfigFileCore" depends on it):
   8:7>Done building target "AddGlobalAnalyzerConfigForPackage_MicrosoftCodeAnalysisCSharpCodeStyle" in project "Entegrasyon.Entity.csproj".
   8:7>Target "GenerateMSBuildEditorConfigFileCore" in file "/usr/lib64/dotnet/sdk/10.0.101/Roslyn/Microsoft.Managed.Core.targets" from project "/home/baturhan/Projeler/Entegrasyon/Application/Entegrasyon.Entity/Entegrasyon.Entity.csproj" (target "GenerateMSBuildEditorConfigFile" depends on it):
       Building target "GenerateMSBuildEditorConfigFileCore" completely.
       No input files were specified.
       Using "GenerateMSBuildEditorConfig" task from assembly "/usr/lib64/dotnet/sdk/10.0.101/Sdks/Microsoft.NET.Sdk/targets/../../../Roslyn/Microsoft.Build.Tasks.CodeAnalysis.dll".
       Task "GenerateMSBuildEditorConfig"
       Done executing task "GenerateMSBuildEditorConfig".
   8:7>Done building target "GenerateMSBuildEditorConfigFileCore" in project "Entegrasyon.Entity.csproj".
   8:7>Target "GenerateMSBuildEditorConfigFile" in file "/usr/lib64/dotnet/sdk/10.0.101/Roslyn/Microsoft.Managed.Core.targets" from project "/home/baturhan/Projeler/Entegrasyon/Application/Entegrasyon.Entity/Entegrasyon.Entity.csproj" (target "BeforeCompile" depends on it):
   8:7>Done building target "GenerateMSBuildEditorConfigFile" in project "Entegrasyon.Entity.csproj".
       Target "PrepareForBuild" skipped. Previously built successfully.
       Target "GetReferenceAssemblyPaths" skipped. Previously built successfully.
   8:7>Target "_SetTargetFrameworkMonikerAttribute" in file "/usr/lib64/dotnet/sdk/10.0.101/Microsoft.CSharp.CurrentVersion.targets" from project "/home/baturhan/Projeler/Entegrasyon/Application/Entegrasyon.Entity/Entegrasyon.Entity.csproj" (target "GenerateTargetFrameworkMonikerAttribute" depends on it):
   8:7>Done building target "_SetTargetFrameworkMonikerAttribute" in project "Entegrasyon.Entity.csproj".
   8:7>Target "GenerateTargetFrameworkMonikerAttribute" in file "/usr/lib64/dotnet/sdk/10.0.101/Microsoft.Common.CurrentVersion.targets" from project "/home/baturhan/Projeler/Entegrasyon/Application/Entegrasyon.Entity/Entegrasyon.Entity.csproj" (target "BeforeCompile" depends on it):
       Skipping target "GenerateTargetFrameworkMonikerAttribute" because all output files are up-to-date with respect to the input files.
       Input files: /usr/lib64/dotnet/sdk/10.0.101/Microsoft.Common.targets
       Output files: obj/Debug/net8.0/.NETCoreApp,Version=v8.0.AssemblyAttributes.cs
   8:7>Done building target "GenerateTargetFrameworkMonikerAttribute" in project "Entegrasyon.Entity.csproj".
       Target "PrepareForBuild" skipped. Previously built successfully.
   8:7>Target "GetAssemblyVersion" in file "/usr/lib64/dotnet/sdk/10.0.101/Sdks/Microsoft.NET.Sdk/targets/Microsoft.NET.GenerateAssemblyInfo.targets" from project "/home/baturhan/Projeler/Entegrasyon/Application/Entegrasyon.Entity/Entegrasyon.Entity.csproj" (target "GetAssemblyAttributes" depends on it):
       Using "GetAssemblyVersion" task from assembly "/usr/lib64/dotnet/sdk/10.0.101/Sdks/Microsoft.NET.Sdk/targets/../tools/net10.0/Microsoft.NET.Build.Tasks.dll".
       Task "GetAssemblyVersion"
       Done executing task "GetAssemblyVersion".
   8:7>Done building target "GetAssemblyVersion" in project "Entegrasyon.Entity.csproj".
   8:7>Target "InitializeSourceControlInformationFromSourceControlManager" in file "/usr/lib64/dotnet/sdk/10.0.101/Sdks/Microsoft.Build.Tasks.Git/build/Microsoft.Build.Tasks.Git.targets" from project "/home/baturhan/Projeler/Entegrasyon/Application/Entegrasyon.Entity/Entegrasyon.Entity.csproj" (target "_InitializeSourceControlInformationFromSourceControlManager" depends on it):
       Using "Microsoft.Build.Tasks.Git.LocateRepository" task from assembly "/usr/lib64/dotnet/sdk/10.0.101/Sdks/Microsoft.Build.Tasks.Git/build/../tools/net/Microsoft.Build.Tasks.Git.dll".
       Task "Microsoft.Build.Tasks.Git.LocateRepository"
         SourceLink: Repository instance not found in cache: '*:/home/baturhan/Projeler/Entegrasyon/.git'
       Done executing task "Microsoft.Build.Tasks.Git.LocateRepository".
   8:7>Done building target "InitializeSourceControlInformationFromSourceControlManager" in project "Entegrasyon.Entity.csproj".
   8:7>Target "_SourceLinkHasSingleProvider" in file "/usr/lib64/dotnet/sdk/10.0.101/Sdks/Microsoft.SourceLink.Common/build/InitializeSourceControlInformation.targets" from project "/home/baturhan/Projeler/Entegrasyon/Application/Entegrasyon.Entity/Entegrasyon.Entity.csproj" (target "_InitializeSourceControlInformationFromSourceControlManager" depends on it):
       Assembly loaded during TaskRun: Microsoft.SourceLink.Common, Version=10.0.13.7005, Culture=neutral, PublicKeyToken=31bf3856ad364e35 (location: /usr/lib64/dotnet/sdk/10.0.101/Sdks/Microsoft.SourceLink.Common/tools/net/Microsoft.SourceLink.Common.dll, MVID: e114564c-0657-441e-98de-2dfa0c208ab6, AssemblyLoadContext: MSBuild plugin /usr/lib64/dotnet/sdk/10.0.101/Sdks/Microsoft.SourceLink.Common/tools/net/Microsoft.SourceLink.Common.dll)
       Using "Microsoft.SourceLink.Common.SourceLinkHasSingleProvider" task from assembly "/usr/lib64/dotnet/sdk/10.0.101/Sdks/Microsoft.SourceLink.Common/build/../tools/net/Microsoft.SourceLink.Common.dll".
       Task "Microsoft.SourceLink.Common.SourceLinkHasSingleProvider"
       Done executing task "Microsoft.SourceLink.Common.SourceLinkHasSingleProvider".
   8:7>Done building target "_SourceLinkHasSingleProvider" in project "Entegrasyon.Entity.csproj".
   8:7>Target "TranslateGitHubUrlsInSourceControlInformation" in file "/usr/lib64/dotnet/sdk/10.0.101/Sdks/Microsoft.SourceLink.GitHub/build/Microsoft.SourceLink.GitHub.targets" from project "/home/baturhan/Projeler/Entegrasyon/Application/Entegrasyon.Entity/Entegrasyon.Entity.csproj" (target "_InitializeSourceControlInformationFromSourceControlManager" depends on it):
       Assembly loaded during TaskRun: Microsoft.SourceLink.GitHub, Version=10.0.13.7005, Culture=neutral, PublicKeyToken=31bf3856ad364e35 (location: /usr/lib64/dotnet/sdk/10.0.101/Sdks/Microsoft.SourceLink.GitHub/tools/net/Microsoft.SourceLink.GitHub.dll, MVID: a2d4fe47-528d-423c-a4c0-bd5dee22b57f, AssemblyLoadContext: MSBuild plugin /usr/lib64/dotnet/sdk/10.0.101/Sdks/Microsoft.SourceLink.GitHub/tools/net/Microsoft.SourceLink.GitHub.dll)
       Using "Microsoft.SourceLink.GitHub.TranslateRepositoryUrls" task from assembly "/usr/lib64/dotnet/sdk/10.0.101/Sdks/Microsoft.SourceLink.GitHub/build/../tools/net/Microsoft.SourceLink.GitHub.dll".
       Task "Microsoft.SourceLink.GitHub.TranslateRepositoryUrls"
       Done executing task "Microsoft.SourceLink.GitHub.TranslateRepositoryUrls".
   8:7>Done building target "TranslateGitHubUrlsInSourceControlInformation" in project "Entegrasyon.Entity.csproj".
   8:7>Target "TranslateGitLabUrlsInSourceControlInformation" in file "/usr/lib64/dotnet/sdk/10.0.101/Sdks/Microsoft.SourceLink.GitLab/build/Microsoft.SourceLink.GitLab.targets" from project "/home/baturhan/Projeler/Entegrasyon/Application/Entegrasyon.Entity/Entegrasyon.Entity.csproj" (target "_InitializeSourceControlInformationFromSourceControlManager" depends on it):
       Assembly loaded during TaskRun: Microsoft.SourceLink.GitLab, Version=10.0.13.7005, Culture=neutral, PublicKeyToken=31bf3856ad364e35 (location: /usr/lib64/dotnet/sdk/10.0.101/Sdks/Microsoft.SourceLink.GitLab/tools/net/Microsoft.SourceLink.GitLab.dll, MVID: 7a9c43fb-ef31-4adf-a575-b2200621de30, AssemblyLoadContext: MSBuild plugin /usr/lib64/dotnet/sdk/10.0.101/Sdks/Microsoft.SourceLink.GitLab/tools/net/Microsoft.SourceLink.GitLab.dll)
       Using "Microsoft.SourceLink.GitLab.TranslateRepositoryUrls" task from assembly "/usr/lib64/dotnet/sdk/10.0.101/Sdks/Microsoft.SourceLink.GitLab/build/../tools/net/Microsoft.SourceLink.GitLab.dll".
       Task "Microsoft.SourceLink.GitLab.TranslateRepositoryUrls"
       Done executing task "Microsoft.SourceLink.GitLab.TranslateRepositoryUrls".
   8:7>Done building target "TranslateGitLabUrlsInSourceControlInformation" in project "Entegrasyon.Entity.csproj".
   8:7>Target "TranslateAzureReposGitUrlsInSourceControlInformation" in file "/usr/lib64/dotnet/sdk/10.0.101/Sdks/Microsoft.SourceLink.AzureRepos.Git/build/Microsoft.SourceLink.AzureRepos.Git.targets" from project "/home/baturhan/Projeler/Entegrasyon/Application/Entegrasyon.Entity/Entegrasyon.Entity.csproj" (target "_InitializeSourceControlInformationFromSourceControlManager" depends on it):
       Assembly loaded during TaskRun: Microsoft.SourceLink.AzureRepos.Git, Version=10.0.13.7005, Culture=neutral, PublicKeyToken=31bf3856ad364e35 (location: /usr/lib64/dotnet/sdk/10.0.101/Sdks/Microsoft.SourceLink.AzureRepos.Git/tools/net/Microsoft.SourceLink.AzureRepos.Git.dll, MVID: bbd43e8f-b2a0-48d8-8b81-ce00e5b38f16, AssemblyLoadContext: MSBuild plugin /usr/lib64/dotnet/sdk/10.0.101/Sdks/Microsoft.SourceLink.AzureRepos.Git/tools/net/Microsoft.SourceLink.AzureRepos.Git.dll)
       Using "Microsoft.SourceLink.AzureRepos.Git.TranslateRepositoryUrls" task from assembly "/usr/lib64/dotnet/sdk/10.0.101/Sdks/Microsoft.SourceLink.AzureRepos.Git/build/../tools/net/Microsoft.SourceLink.AzureRepos.Git.dll".
       Task "Microsoft.SourceLink.AzureRepos.Git.TranslateRepositoryUrls"
       Done executing task "Microsoft.SourceLink.AzureRepos.Git.TranslateRepositoryUrls".
   8:7>Done building target "TranslateAzureReposGitUrlsInSourceControlInformation" in project "Entegrasyon.Entity.csproj".
   8:7>Target "TranslateBitbucketGitUrlsInSourceControlInformation" in file "/usr/lib64/dotnet/sdk/10.0.101/Sdks/Microsoft.SourceLink.Bitbucket.Git/build/Microsoft.SourceLink.Bitbucket.Git.targets" from project "/home/baturhan/Projeler/Entegrasyon/Application/Entegrasyon.Entity/Entegrasyon.Entity.csproj" (target "_InitializeSourceControlInformationFromSourceControlManager" depends on it):
       Assembly loaded during TaskRun: Microsoft.SourceLink.Bitbucket.Git, Version=10.0.13.7005, Culture=neutral, PublicKeyToken=31bf3856ad364e35 (location: /usr/lib64/dotnet/sdk/10.0.101/Sdks/Microsoft.SourceLink.Bitbucket.Git/tools/net/Microsoft.SourceLink.Bitbucket.Git.dll, MVID: 082b5cdd-1d89-44d3-8141-45c4e9c7464a, AssemblyLoadContext: MSBuild plugin /usr/lib64/dotnet/sdk/10.0.101/Sdks/Microsoft.SourceLink.Bitbucket.Git/tools/net/Microsoft.SourceLink.Bitbucket.Git.dll)
       Using "Microsoft.SourceLink.Bitbucket.Git.TranslateRepositoryUrls" task from assembly "/usr/lib64/dotnet/sdk/10.0.101/Sdks/Microsoft.SourceLink.Bitbucket.Git/build/../tools/net/Microsoft.SourceLink.Bitbucket.Git.dll".
       Task "Microsoft.SourceLink.Bitbucket.Git.TranslateRepositoryUrls"
       Done executing task "Microsoft.SourceLink.Bitbucket.Git.TranslateRepositoryUrls".
   8:7>Done building target "TranslateBitbucketGitUrlsInSourceControlInformation" in project "Entegrasyon.Entity.csproj".
   8:7>Target "SourceControlManagerPublishTranslatedUrls" in file "/usr/lib64/dotnet/sdk/10.0.101/Sdks/Microsoft.SourceLink.Common/build/InitializeSourceControlInformation.targets" from project "/home/baturhan/Projeler/Entegrasyon/Application/Entegrasyon.Entity/Entegrasyon.Entity.csproj" (target "_InitializeSourceControlInformationFromSourceControlManager" depends on it):
   8:7>Done building target "SourceControlManagerPublishTranslatedUrls" in project "Entegrasyon.Entity.csproj".
   8:7>Target "_InitializeSourceControlInformationFromSourceControlManager" in file "/usr/lib64/dotnet/sdk/10.0.101/Sdks/Microsoft.SourceLink.Common/build/InitializeSourceControlInformation.targets" from project "/home/baturhan/Projeler/Entegrasyon/Application/Entegrasyon.Entity/Entegrasyon.Entity.csproj" (target "InitializeSourceControlInformation" depends on it):
   8:7>Done building target "_InitializeSourceControlInformationFromSourceControlManager" in project "Entegrasyon.Entity.csproj".
   8:7>Target "InitializeSourceControlInformation" in file "/usr/lib64/dotnet/sdk/10.0.101/Microsoft.Common.CurrentVersion.targets" from project "/home/baturhan/Projeler/Entegrasyon/Application/Entegrasyon.Entity/Entegrasyon.Entity.csproj" (target "GetAssemblyAttributes" depends on it):
   8:7>Done building target "InitializeSourceControlInformation" in project "Entegrasyon.Entity.csproj".
       Target "GetAssemblyVersion" skipped. Previously built successfully.
       Target "InitializeSourceControlInformation" skipped. Previously built successfully.
   8:7>Target "AddSourceRevisionToInformationalVersion" in file "/usr/lib64/dotnet/sdk/10.0.101/Sdks/Microsoft.NET.Sdk/targets/Microsoft.NET.GenerateAssemblyInfo.targets" from project "/home/baturhan/Projeler/Entegrasyon/Application/Entegrasyon.Entity/Entegrasyon.Entity.csproj" (target "GetAssemblyAttributes" depends on it):
       /usr/lib64/dotnet/sdk/10.0.101/Sdks/Microsoft.NET.Sdk/targets/Microsoft.NET.GenerateAssemblyInfo.targets(70,7): message : Property reassignment: $(InformationalVersion)="1.0.0+b6490b011968657f75d632b3c51367b541aec72d" (previous value: "1.0.0") at /usr/lib64/dotnet/sdk/10.0.101/Sdks/Microsoft.NET.Sdk/targets/Microsoft.NET.GenerateAssemblyInfo.targets (70,7) [/home/baturhan/Projeler/Entegrasyon/Application/Entegrasyon.Entity/Entegrasyon.Entity.csproj]
   8:7>Done building target "AddSourceRevisionToInformationalVersion" in project "Entegrasyon.Entity.csproj".
   8:7>Target "GetAssemblyAttributes" in file "/usr/lib64/dotnet/sdk/10.0.101/Sdks/Microsoft.NET.Sdk/targets/Microsoft.NET.GenerateAssemblyInfo.targets" from project "/home/baturhan/Projeler/Entegrasyon/Application/Entegrasyon.Entity/Entegrasyon.Entity.csproj" (target "CreateGeneratedAssemblyInfoInputsCacheFile" depends on it):
   8:7>Done building target "GetAssemblyAttributes" in project "Entegrasyon.Entity.csproj".
   8:7>Target "CreateGeneratedAssemblyInfoInputsCacheFile" in file "/usr/lib64/dotnet/sdk/10.0.101/Sdks/Microsoft.NET.Sdk/targets/Microsoft.NET.GenerateAssemblyInfo.targets" from project "/home/baturhan/Projeler/Entegrasyon/Application/Entegrasyon.Entity/Entegrasyon.Entity.csproj" (target "CoreGenerateAssemblyInfo" depends on it):
       Using "Hash" task from assembly "Microsoft.Build.Tasks.Core, Version=15.1.0.0, Culture=neutral, PublicKeyToken=b03f5f7f11d50a3a".
       Task "Hash"
       Done executing task "Hash".
       Task "WriteLinesToFile"
         Skipping write to file "obj/Debug/net8.0/Entegrasyon.Entity.AssemblyInfoInputs.cache" because content would not change.
       Done executing task "WriteLinesToFile".
   8:7>Done building target "CreateGeneratedAssemblyInfoInputsCacheFile" in project "Entegrasyon.Entity.csproj".
   8:7>Target "CoreGenerateAssemblyInfo" in file "/usr/lib64/dotnet/sdk/10.0.101/Sdks/Microsoft.NET.Sdk/targets/Microsoft.NET.GenerateAssemblyInfo.targets" from project "/home/baturhan/Projeler/Entegrasyon/Application/Entegrasyon.Entity/Entegrasyon.Entity.csproj" (target "GenerateAssemblyInfo" depends on it):
       Skipping target "CoreGenerateAssemblyInfo" because all output files are up-to-date with respect to the input files.
       Input files: obj/Debug/net8.0/Entegrasyon.Entity.AssemblyInfoInputs.cache
       Output files: obj/Debug/net8.0/Entegrasyon.Entity.AssemblyInfo.cs
   8:7>Done building target "CoreGenerateAssemblyInfo" in project "Entegrasyon.Entity.csproj".
   8:7>Target "GenerateAssemblyInfo" in file "/usr/lib64/dotnet/sdk/10.0.101/Sdks/Microsoft.NET.Sdk/targets/Microsoft.NET.GenerateAssemblyInfo.targets" from project "/home/baturhan/Projeler/Entegrasyon/Application/Entegrasyon.Entity/Entegrasyon.Entity.csproj" (target "BeforeCompile" depends on it):
   8:7>Done building target "GenerateAssemblyInfo" in project "Entegrasyon.Entity.csproj".
   8:7>Target "BeforeCompile" in file "/usr/lib64/dotnet/sdk/10.0.101/Microsoft.Common.CurrentVersion.targets" from project "/home/baturhan/Projeler/Entegrasyon/Application/Entegrasyon.Entity/Entegrasyon.Entity.csproj" (target "Compile" depends on it):
   8:7>Done building target "BeforeCompile" in project "Entegrasyon.Entity.csproj".
       Target "ResolveAssemblyReferences" skipped. Previously built successfully.
       Target "_GenerateCompileInputs" skipped. Previously built successfully.
   8:7>Target "_GenerateCompileDependencyCache" in file "/usr/lib64/dotnet/sdk/10.0.101/Microsoft.Common.CurrentVersion.targets" from project "/home/baturhan/Projeler/Entegrasyon/Application/Entegrasyon.Entity/Entegrasyon.Entity.csproj" (target "Compile" depends on it):
       Task "Hash"
       Done executing task "Hash".
       Task "WriteLinesToFile"
         Skipping write to file "obj/Debug/net8.0/Entegrasyon.Entity.csproj.CoreCompileInputs.cache" because content would not change.
       Done executing task "WriteLinesToFile".
   8:7>Done building target "_GenerateCompileDependencyCache" in project "Entegrasyon.Entity.csproj".
   8:7>Target "_BeforeVBCSCoreCompile" in file "/usr/lib64/dotnet/sdk/10.0.101/Roslyn/Microsoft.Managed.Core.targets" from project "/home/baturhan/Projeler/Entegrasyon/Application/Entegrasyon.Entity/Entegrasyon.Entity.csproj" (target "CoreCompile" depends on it):
   8:7>Done building target "_BeforeVBCSCoreCompile" in project "Entegrasyon.Entity.csproj".
   8:7>Target "_ComputeSkipAnalyzers" in file "/usr/lib64/dotnet/sdk/10.0.101/Roslyn/Microsoft.Managed.Core.targets" from project "/home/baturhan/Projeler/Entegrasyon/Application/Entegrasyon.Entity/Entegrasyon.Entity.csproj" (target "CoreCompile" depends on it):
   8:7>Done building target "_ComputeSkipAnalyzers" in project "Entegrasyon.Entity.csproj".
       Target "BeforeCompile" skipped. Previously built successfully.
       Target "InitializeSourceControlInformationFromSourceControlManager" skipped. Previously built successfully.
   8:7>Target "SetEmbeddedFilesFromSourceControlManagerUntrackedFiles" in file "/usr/lib64/dotnet/sdk/10.0.101/Sdks/Microsoft.Build.Tasks.Git/build/Microsoft.Build.Tasks.Git.targets" from project "/home/baturhan/Projeler/Entegrasyon/Application/Entegrasyon.Entity/Entegrasyon.Entity.csproj" (target "_SetEmbeddedFilesFromSourceControlManagerUntrackedFiles" depends on it):
       Using "Microsoft.Build.Tasks.Git.GetUntrackedFiles" task from assembly "/usr/lib64/dotnet/sdk/10.0.101/Sdks/Microsoft.Build.Tasks.Git/build/../tools/net/Microsoft.Build.Tasks.Git.dll".
       Task "Microsoft.Build.Tasks.Git.GetUntrackedFiles"
         SourceLink: Reusing cached git repository information.
       Done executing task "Microsoft.Build.Tasks.Git.GetUntrackedFiles".
   8:7>Done building target "SetEmbeddedFilesFromSourceControlManagerUntrackedFiles" in project "Entegrasyon.Entity.csproj".
   8:7>Target "_SetEmbeddedFilesFromSourceControlManagerUntrackedFiles" in file "/usr/lib64/dotnet/sdk/10.0.101/Sdks/Microsoft.SourceLink.Common/build/Microsoft.SourceLink.Common.targets" from project "/home/baturhan/Projeler/Entegrasyon/Application/Entegrasyon.Entity/Entegrasyon.Entity.csproj" (target "CoreCompile" depends on it):
   8:7>Done building target "_SetEmbeddedFilesFromSourceControlManagerUntrackedFiles" in project "Entegrasyon.Entity.csproj".
       Target "InitializeSourceControlInformation" skipped. Previously built successfully.
   8:7>Target "_SetSourceLinkFilePath" in file "/usr/lib64/dotnet/sdk/10.0.101/Sdks/Microsoft.SourceLink.Common/build/Microsoft.SourceLink.Common.targets" from project "/home/baturhan/Projeler/Entegrasyon/Application/Entegrasyon.Entity/Entegrasyon.Entity.csproj" (target "_GenerateSourceLinkFile" depends on it):
   8:7>Done building target "_SetSourceLinkFilePath" in project "Entegrasyon.Entity.csproj".
       Target "InitializeSourceControlInformation" skipped. Previously built successfully.
   8:7>Target "_InitializeSourceRootMappedPathsFromSourceControl" in file "/usr/lib64/dotnet/sdk/10.0.101/Roslyn/Microsoft.Managed.Core.targets" from project "/home/baturhan/Projeler/Entegrasyon/Application/Entegrasyon.Entity/Entegrasyon.Entity.csproj" (target "InitializeSourceRootMappedPaths" depends on it):
   8:7>Done building target "_InitializeSourceRootMappedPathsFromSourceControl" in project "Entegrasyon.Entity.csproj".
   8:7>Target "InitializeSourceRootMappedPaths" in file "/usr/lib64/dotnet/sdk/10.0.101/Roslyn/Microsoft.Managed.Core.targets" from project "/home/baturhan/Projeler/Entegrasyon/Application/Entegrasyon.Entity/Entegrasyon.Entity.csproj" (target "_InitializeSourceRootMappedPathsOpt" depends on it):
       Using "Microsoft.CodeAnalysis.BuildTasks.MapSourceRoots" task from assembly "/usr/lib64/dotnet/sdk/10.0.101/Sdks/Microsoft.NET.Sdk/targets/../../../Roslyn/Microsoft.Build.Tasks.CodeAnalysis.dll".
       Task "Microsoft.CodeAnalysis.BuildTasks.MapSourceRoots"
       Done executing task "Microsoft.CodeAnalysis.BuildTasks.MapSourceRoots".
   8:7>Done building target "InitializeSourceRootMappedPaths" in project "Entegrasyon.Entity.csproj".
   8:7>Target "_InitializeSourceRootMappedPathsOpt" in file "/usr/lib64/dotnet/sdk/10.0.101/Sdks/Microsoft.SourceLink.Common/build/Microsoft.SourceLink.Common.targets" from project "/home/baturhan/Projeler/Entegrasyon/Application/Entegrasyon.Entity/Entegrasyon.Entity.csproj" (target "_GenerateSourceLinkFile" depends on it):
   8:7>Done building target "_InitializeSourceRootMappedPathsOpt" in project "Entegrasyon.Entity.csproj".
   8:7>Target "_InitializeGitHubSourceLinkUrl" in file "/usr/lib64/dotnet/sdk/10.0.101/Sdks/Microsoft.SourceLink.GitHub/build/Microsoft.SourceLink.GitHub.targets" from project "/home/baturhan/Projeler/Entegrasyon/Application/Entegrasyon.Entity/Entegrasyon.Entity.csproj" (target "_GenerateSourceLinkFile" depends on it):
       Building target "_InitializeGitHubSourceLinkUrl" completely.
       No input files were specified.
       Using "Microsoft.SourceLink.GitHub.GetSourceLinkUrl" task from assembly "/usr/lib64/dotnet/sdk/10.0.101/Sdks/Microsoft.SourceLink.GitHub/build/../tools/net/Microsoft.SourceLink.GitHub.dll".
       Task "Microsoft.SourceLink.GitHub.GetSourceLinkUrl"
       Done executing task "Microsoft.SourceLink.GitHub.GetSourceLinkUrl".
   8:7>Done building target "_InitializeGitHubSourceLinkUrl" in project "Entegrasyon.Entity.csproj".
   8:7>Target "_InitializeGitHubSourceLinkUrl" in file "/usr/lib64/dotnet/sdk/10.0.101/Sdks/Microsoft.SourceLink.GitHub/build/Microsoft.SourceLink.GitHub.targets" from project "/home/baturhan/Projeler/Entegrasyon/Application/Entegrasyon.Entity/Entegrasyon.Entity.csproj" (target "_GenerateSourceLinkFile" depends on it):
       Building target "_InitializeGitHubSourceLinkUrl" completely.
       No input files were specified.
       Task "Microsoft.SourceLink.GitHub.GetSourceLinkUrl"
       Done executing task "Microsoft.SourceLink.GitHub.GetSourceLinkUrl".
   8:7>Done building target "_InitializeGitHubSourceLinkUrl" in project "Entegrasyon.Entity.csproj".
   8:7>Target "_InitializeGitLabSourceLinkUrl" in file "/usr/lib64/dotnet/sdk/10.0.101/Sdks/Microsoft.SourceLink.GitLab/build/Microsoft.SourceLink.GitLab.targets" from project "/home/baturhan/Projeler/Entegrasyon/Application/Entegrasyon.Entity/Entegrasyon.Entity.csproj" (target "_GenerateSourceLinkFile" depends on it):
       Building target "_InitializeGitLabSourceLinkUrl" completely.
       No input files were specified.
       Using "Microsoft.SourceLink.GitLab.GetSourceLinkUrl" task from assembly "/usr/lib64/dotnet/sdk/10.0.101/Sdks/Microsoft.SourceLink.GitLab/build/../tools/net/Microsoft.SourceLink.GitLab.dll".
       Task "Microsoft.SourceLink.GitLab.GetSourceLinkUrl"
       /usr/lib64/dotnet/sdk/10.0.101/Sdks/Microsoft.SourceLink.GitLab/build/Microsoft.SourceLink.GitLab.targets(37,7): message : Property reassignment: $(_SourceLinkUrlToUpdate)="N/A" (previous value: "https://raw.githubusercontent.com/BaturhanKahraman/Entegrasyon/b6490b011968657f75d632b3c51367b541aec72d/*") at /usr/lib64/dotnet/sdk/10.0.101/Sdks/Microsoft.SourceLink.GitLab/build/Microsoft.SourceLink.GitLab.targets (37,7) [/home/baturhan/Projeler/Entegrasyon/Application/Entegrasyon.Entity/Entegrasyon.Entity.csproj]
       Done executing task "Microsoft.SourceLink.GitLab.GetSourceLinkUrl".
   8:7>Done building target "_InitializeGitLabSourceLinkUrl" in project "Entegrasyon.Entity.csproj".
   8:7>Target "_InitializeGitLabSourceLinkUrl" in file "/usr/lib64/dotnet/sdk/10.0.101/Sdks/Microsoft.SourceLink.GitLab/build/Microsoft.SourceLink.GitLab.targets" from project "/home/baturhan/Projeler/Entegrasyon/Application/Entegrasyon.Entity/Entegrasyon.Entity.csproj" (target "_GenerateSourceLinkFile" depends on it):
       Building target "_InitializeGitLabSourceLinkUrl" completely.
       No input files were specified.
       Task "Microsoft.SourceLink.GitLab.GetSourceLinkUrl"
       /usr/lib64/dotnet/sdk/10.0.101/Sdks/Microsoft.SourceLink.GitLab/build/Microsoft.SourceLink.GitLab.targets(37,7): message : Property reassignment: $(_SourceLinkUrlToUpdate)="N/A" (previous value: "https://raw.githubusercontent.com/BaturhanKahraman/Entegrasyon/b6490b011968657f75d632b3c51367b541aec72d/*") at /usr/lib64/dotnet/sdk/10.0.101/Sdks/Microsoft.SourceLink.GitLab/build/Microsoft.SourceLink.GitLab.targets (37,7) [/home/baturhan/Projeler/Entegrasyon/Application/Entegrasyon.Entity/Entegrasyon.Entity.csproj]
       Done executing task "Microsoft.SourceLink.GitLab.GetSourceLinkUrl".
   8:7>Done building target "_InitializeGitLabSourceLinkUrl" in project "Entegrasyon.Entity.csproj".
   8:7>Target "_InitializeAzureReposGitSourceLinkUrl" in file "/usr/lib64/dotnet/sdk/10.0.101/Sdks/Microsoft.SourceLink.AzureRepos.Git/build/Microsoft.SourceLink.AzureRepos.Git.targets" from project "/home/baturhan/Projeler/Entegrasyon/Application/Entegrasyon.Entity/Entegrasyon.Entity.csproj" (target "_GenerateSourceLinkFile" depends on it):
       Building target "_InitializeAzureReposGitSourceLinkUrl" completely.
       No input files were specified.
       Using "Microsoft.SourceLink.AzureRepos.Git.GetSourceLinkUrl" task from assembly "/usr/lib64/dotnet/sdk/10.0.101/Sdks/Microsoft.SourceLink.AzureRepos.Git/build/../tools/net/Microsoft.SourceLink.AzureRepos.Git.dll".
       Task "Microsoft.SourceLink.AzureRepos.Git.GetSourceLinkUrl"
       Done executing task "Microsoft.SourceLink.AzureRepos.Git.GetSourceLinkUrl".
   8:7>Done building target "_InitializeAzureReposGitSourceLinkUrl" in project "Entegrasyon.Entity.csproj".
   8:7>Target "_InitializeAzureReposGitSourceLinkUrl" in file "/usr/lib64/dotnet/sdk/10.0.101/Sdks/Microsoft.SourceLink.AzureRepos.Git/build/Microsoft.SourceLink.AzureRepos.Git.targets" from project "/home/baturhan/Projeler/Entegrasyon/Application/Entegrasyon.Entity/Entegrasyon.Entity.csproj" (target "_GenerateSourceLinkFile" depends on it):
       Building target "_InitializeAzureReposGitSourceLinkUrl" completely.
       No input files were specified.
       Task "Microsoft.SourceLink.AzureRepos.Git.GetSourceLinkUrl"
       Done executing task "Microsoft.SourceLink.AzureRepos.Git.GetSourceLinkUrl".
   8:7>Done building target "_InitializeAzureReposGitSourceLinkUrl" in project "Entegrasyon.Entity.csproj".
   8:7>Target "_InitializeBitbucketGitSourceLinkUrl" in file "/usr/lib64/dotnet/sdk/10.0.101/Sdks/Microsoft.SourceLink.Bitbucket.Git/build/Microsoft.SourceLink.Bitbucket.Git.targets" from project "/home/baturhan/Projeler/Entegrasyon/Application/Entegrasyon.Entity/Entegrasyon.Entity.csproj" (target "_GenerateSourceLinkFile" depends on it):
       Building target "_InitializeBitbucketGitSourceLinkUrl" completely.
       No input files were specified.
       Using "Microsoft.SourceLink.Bitbucket.Git.GetSourceLinkUrl" task from assembly "/usr/lib64/dotnet/sdk/10.0.101/Sdks/Microsoft.SourceLink.Bitbucket.Git/build/../tools/net/Microsoft.SourceLink.Bitbucket.Git.dll".
       Task "Microsoft.SourceLink.Bitbucket.Git.GetSourceLinkUrl"
       Done executing task "Microsoft.SourceLink.Bitbucket.Git.GetSourceLinkUrl".
   8:7>Done building target "_InitializeBitbucketGitSourceLinkUrl" in project "Entegrasyon.Entity.csproj".
   8:7>Target "_InitializeBitbucketGitSourceLinkUrl" in file "/usr/lib64/dotnet/sdk/10.0.101/Sdks/Microsoft.SourceLink.Bitbucket.Git/build/Microsoft.SourceLink.Bitbucket.Git.targets" from project "/home/baturhan/Projeler/Entegrasyon/Application/Entegrasyon.Entity/Entegrasyon.Entity.csproj" (target "_GenerateSourceLinkFile" depends on it):
       Building target "_InitializeBitbucketGitSourceLinkUrl" completely.
       No input files were specified.
       Task "Microsoft.SourceLink.Bitbucket.Git.GetSourceLinkUrl"
       Done executing task "Microsoft.SourceLink.Bitbucket.Git.GetSourceLinkUrl".
   8:7>Done building target "_InitializeBitbucketGitSourceLinkUrl" in project "Entegrasyon.Entity.csproj".
   8:7>Target "_GenerateSourceLinkFile" in file "/usr/lib64/dotnet/sdk/10.0.101/Sdks/Microsoft.SourceLink.Common/build/Microsoft.SourceLink.Common.targets" from project "/home/baturhan/Projeler/Entegrasyon/Application/Entegrasyon.Entity/Entegrasyon.Entity.csproj" (target "GenerateSourceLinkFile" depends on it):
       Building target "_GenerateSourceLinkFile" completely.
       No input files were specified.
       Using "Microsoft.SourceLink.Common.GenerateSourceLinkFile" task from assembly "/usr/lib64/dotnet/sdk/10.0.101/Sdks/Microsoft.SourceLink.Common/build/../tools/net/Microsoft.SourceLink.Common.dll".
       Task "Microsoft.SourceLink.Common.GenerateSourceLinkFile"
         Source Link file 'obj/Debug/net8.0/Entegrasyon.Entity.sourcelink.json' is up-to-date.
       Done executing task "Microsoft.SourceLink.Common.GenerateSourceLinkFile".
   8:7>Done building target "_GenerateSourceLinkFile" in project "Entegrasyon.Entity.csproj".
   8:7>Target "GenerateSourceLinkFile" in file "/usr/lib64/dotnet/sdk/10.0.101/Sdks/Microsoft.SourceLink.Common/build/Microsoft.SourceLink.Common.targets" from project "/home/baturhan/Projeler/Entegrasyon/Application/Entegrasyon.Entity/Entegrasyon.Entity.csproj" (target "CoreCompile" depends on it):
   8:7>Done building target "GenerateSourceLinkFile" in project "Entegrasyon.Entity.csproj".
   8:7>Target "AddGlobalAnalyzerConfigForPackage_MicrosoftCodeAnalysisNetAnalyzers" in file "/usr/lib64/dotnet/sdk/10.0.101/Sdks/Microsoft.NET.Sdk/analyzers/build/Microsoft.CodeAnalysis.NetAnalyzers.targets" from project "/home/baturhan/Projeler/Entegrasyon/Application/Entegrasyon.Entity/Entegrasyon.Entity.csproj" (target "CoreCompile" depends on it):
   8:7>Done building target "AddGlobalAnalyzerConfigForPackage_MicrosoftCodeAnalysisNetAnalyzers" in project "Entegrasyon.Entity.csproj".
   8:7>Target "CoreCompile" in file "/usr/lib64/dotnet/sdk/10.0.101/Roslyn/Microsoft.CSharp.Core.targets" from project "/home/baturhan/Projeler/Entegrasyon/Application/Entegrasyon.Entity/Entegrasyon.Entity.csproj" (target "Compile" depends on it):
       Skipping target "CoreCompile" because all output files are up-to-date with respect to the input files.
       Input files: 
           Address.cs
           Barcode/TempBarcode.cs
           BranchOffice.cs
           Brands/Brand.cs
           Brands/Import/TrendyolBrand.cs
           CargoCompany.cs
           Categories/AttributeKeyValue.cs
           Categories/Category.cs
           Categories/CategoryAttribute.cs
           Categories/CategoryAttributeCategory.cs
           Categories/CategoryAttributeValue.cs
           Categories/CategoryMarketplace.cs
           Categories/ImportSource.cs
           Customers/CorporateCustomer.cs
           Customers/Customer.cs
           Customers/RetailCustomer.cs
           DiscountVouchers/DiscountVoucher.cs
           Dtos/Attributes/AttributeKeyValueDto.cs
           Dtos/Attributes/VariantAttributeDto.cs
           Dtos/Auth/AssignFirstPasswordDto.cs
           Dtos/Auth/LoginDto.cs
           Dtos/Auth/LoginNewPasswordDto.cs
           Dtos/Auth/UserLoginSuccessDto.cs
           Dtos/Branches/AddBranchDto.cs
           Dtos/Branches/BranchDetailDto.cs
           Dtos/Branches/BranchListDetailDto.cs
           Dtos/Branches/BranchOfficeAddDto.cs
           Dtos/Branches/BranchOfficeEditDto.cs
           Dtos/Brand/AddBrandDto.cs
           Dtos/Brand/BrandDetailDto.cs
           Dtos/Brand/BrandListDetailDto.cs
           Dtos/Brand/EditBrandDto.cs
           Dtos/Brand/GetCategoryDetailsPageDto.cs
           Dtos/CargoCompany/AddCargoCompanyDto.cs
           Dtos/Category/AddCategoryAttributeDto.cs
           Dtos/Category/AddCategoryDto.cs
           Dtos/Category/AddStep/AddCategoryDtoSteps.cs
           Dtos/Category/CategoryAttributeDto.cs
           Dtos/Category/CategoryDetailDto.cs
           Dtos/Category/CategoryEditDetailDto.cs
           Dtos/Category/EditCategoryAttributeDto.cs
           Dtos/Category/EditCategoryDto.cs
           Dtos/Category/Import/TrendyolImport/ImportedTrendyolCategory.cs
           Dtos/Category/Import/TrendyolImport/TrendyolCategory.cs
           Dtos/Category/Import/TrendyolImport/TrendyolImport.cs
           Dtos/Category/Import/TrendyolImport/TrendyolSelectedCategory.cs
           Dtos/Category/UpdateCategoryDto.cs
           Dtos/Customers/CustomerAddDto.cs
           Dtos/Customers/CustomerDetailDto.cs
           Dtos/Customers/UpdateCustomerDto.cs
           Dtos/DiscountVouchers/CreateDiscountVoucherDto.cs
           Dtos/DiscountVouchers/DiscountVoucherDto.cs
           Dtos/Log/ApplicationLogDetailDto.cs
           Dtos/Product/AddBranchOfficeStockDto.cs
           Dtos/Product/AddProductDto.cs
           Dtos/Product/GetProductPageableDto.cs
           Dtos/Product/ProductDetailDto.cs
           Dtos/Product/ProductEditDetailDto.cs
           Dtos/Product/ProductsDetailDto.cs
           Dtos/Product/ProductVariant/AddProductVariantDto.cs
           Dtos/Product/ProductVariant/AttributeKeyValueDetailDto.cs
           Dtos/Product/ProductVariant/EditableImageDto.cs
           Dtos/Product/ProductVariant/EditBranchOfficeStockDto.cs
           Dtos/Product/ProductVariant/ProductVariantDetailDto.cs
           Dtos/Product/ProductVariant/ProductVariantEditDetailDto.cs
           Dtos/Product/ProductVariant/ProductVariantSaleSearchDto.cs
           Dtos/Product/ProductVariant/StockDetailDto.cs
           Dtos/Sale/DecreaseStockDto.cs
           Dtos/Sale/MakeSaleDto.cs
           Dtos/Sale/SaleListDetailDto.cs
           Dtos/Sale/SalePageableDto.cs
           Dtos/Users/AddRoleDto.cs
           Dtos/Users/AddUserDto.cs
           Dtos/Users/EditRoleDto.cs
           Dtos/Users/UserDetailDto.cs
           Dtos/Users/UserDetailListDto.cs
           Dtos/Users/UserEditDto.cs
           Image.cs
           Logs/ApplicationLog.cs
           Logs/LogAction.cs
           Logs/LogType.cs
           MarketPlace.cs
           Matches/BrandMarketPlaceMatch.cs
           Matches/CargoCompanyMarketPlaceMatch.cs
           Matches/CategoryAttributeMarketPlaceMatch.cs
           Matches/CategoryAttributeValueMarketPlaceMatch.cs
           Matches/CategoryMarketPlaceMatch.cs
           Notifications/Notification.cs
           Notifications/NotificationsClaims.cs
           Notifications/NotificationsUsers.cs
           Orders/Order.cs
           Orders/OrderItem.cs
           Products/BranchOfficeStock.cs
           Products/Product.cs
           Products/ProductMapper.cs
           Products/ProductVariant.cs
           Products/ProductVariantAttribute.cs
           Sales/ChangeProduct.cs
           Sales/ReturnProduct.cs
           Sales/Sale.cs
           Sales/SaleItem.cs
           Tenants/ConnectionInfo.cs
           Tenants/DatabaseTypes.cs
           Tenants/MainCustomer.cs
           Tenants/Tenant.cs
           User/ApplicationUser.cs
           User/Login.cs
           User/Role.cs
           User/RolesClaims.cs
           User/UsersClaims.cs
           User/UsersRoles.cs
           obj/Debug/net8.0/Entegrasyon.Entity.GlobalUsings.g.cs
           obj/Debug/net8.0/.NETCoreApp,Version=v8.0.AssemblyAttributes.cs
           obj/Debug/net8.0/Entegrasyon.Entity.AssemblyInfo.cs
           /home/baturhan/.nuget/packages/castle.core/5.1.1/lib/net6.0/Castle.Core.dll
           /home/baturhan/.nuget/packages/fluentvalidation/11.9.0/lib/net8.0/FluentValidation.dll
           /usr/lib64/dotnet/packs/Microsoft.AspNetCore.App.Ref/8.0.22/ref/net8.0/Microsoft.AspNetCore.Antiforgery.dll
           /usr/lib64/dotnet/packs/Microsoft.AspNetCore.App.Ref/8.0.22/ref/net8.0/Microsoft.AspNetCore.Authentication.Abstractions.dll
           /usr/lib64/dotnet/packs/Microsoft.AspNetCore.App.Ref/8.0.22/ref/net8.0/Microsoft.AspNetCore.Authentication.BearerToken.dll
           /usr/lib64/dotnet/packs/Microsoft.AspNetCore.App.Ref/8.0.22/ref/net8.0/Microsoft.AspNetCore.Authentication.Cookies.dll
           /usr/lib64/dotnet/packs/Microsoft.AspNetCore.App.Ref/8.0.22/ref/net8.0/Microsoft.AspNetCore.Authentication.Core.dll
           /usr/lib64/dotnet/packs/Microsoft.AspNetCore.App.Ref/8.0.22/ref/net8.0/Microsoft.AspNetCore.Authentication.dll
           /usr/lib64/dotnet/packs/Microsoft.AspNetCore.App.Ref/8.0.22/ref/net8.0/Microsoft.AspNetCore.Authentication.OAuth.dll
           /usr/lib64/dotnet/packs/Microsoft.AspNetCore.App.Ref/8.0.22/ref/net8.0/Microsoft.AspNetCore.Authorization.dll
           /usr/lib64/dotnet/packs/Microsoft.AspNetCore.App.Ref/8.0.22/ref/net8.0/Microsoft.AspNetCore.Authorization.Policy.dll
           /usr/lib64/dotnet/packs/Microsoft.AspNetCore.App.Ref/8.0.22/ref/net8.0/Microsoft.AspNetCore.Components.Authorization.dll
           /usr/lib64/dotnet/packs/Microsoft.AspNetCore.App.Ref/8.0.22/ref/net8.0/Microsoft.AspNetCore.Components.dll
           /usr/lib64/dotnet/packs/Microsoft.AspNetCore.App.Ref/8.0.22/ref/net8.0/Microsoft.AspNetCore.Components.Endpoints.dll
           /usr/lib64/dotnet/packs/Microsoft.AspNetCore.App.Ref/8.0.22/ref/net8.0/Microsoft.AspNetCore.Components.Forms.dll
           /usr/lib64/dotnet/packs/Microsoft.AspNetCore.App.Ref/8.0.22/ref/net8.0/Microsoft.AspNetCore.Components.Server.dll
           /usr/lib64/dotnet/packs/Microsoft.AspNetCore.App.Ref/8.0.22/ref/net8.0/Microsoft.AspNetCore.Components.Web.dll
           /usr/lib64/dotnet/packs/Microsoft.AspNetCore.App.Ref/8.0.22/ref/net8.0/Microsoft.AspNetCore.Connections.Abstractions.dll
           /usr/lib64/dotnet/packs/Microsoft.AspNetCore.App.Ref/8.0.22/ref/net8.0/Microsoft.AspNetCore.CookiePolicy.dll
           /usr/lib64/dotnet/packs/Microsoft.AspNetCore.App.Ref/8.0.22/ref/net8.0/Microsoft.AspNetCore.Cors.dll
           /usr/lib64/dotnet/packs/Microsoft.AspNetCore.App.Ref/8.0.22/ref/net8.0/Microsoft.AspNetCore.Cryptography.Internal.dll
           /usr/lib64/dotnet/packs/Microsoft.AspNetCore.App.Ref/8.0.22/ref/net8.0/Microsoft.AspNetCore.Cryptography.KeyDerivation.dll
           /usr/lib64/dotnet/packs/Microsoft.AspNetCore.App.Ref/8.0.22/ref/net8.0/Microsoft.AspNetCore.DataProtection.Abstractions.dll
           /usr/lib64/dotnet/packs/Microsoft.AspNetCore.App.Ref/8.0.22/ref/net8.0/Microsoft.AspNetCore.DataProtection.dll
           /usr/lib64/dotnet/packs/Microsoft.AspNetCore.App.Ref/8.0.22/ref/net8.0/Microsoft.AspNetCore.DataProtection.Extensions.dll
           /usr/lib64/dotnet/packs/Microsoft.AspNetCore.App.Ref/8.0.22/ref/net8.0/Microsoft.AspNetCore.Diagnostics.Abstractions.dll
           /usr/lib64/dotnet/packs/Microsoft.AspNetCore.App.Ref/8.0.22/ref/net8.0/Microsoft.AspNetCore.Diagnostics.dll
           /usr/lib64/dotnet/packs/Microsoft.AspNetCore.App.Ref/8.0.22/ref/net8.0/Microsoft.AspNetCore.Diagnostics.HealthChecks.dll
           /usr/lib64/dotnet/packs/Microsoft.AspNetCore.App.Ref/8.0.22/ref/net8.0/Microsoft.AspNetCore.dll
           /usr/lib64/dotnet/packs/Microsoft.AspNetCore.App.Ref/8.0.22/ref/net8.0/Microsoft.AspNetCore.HostFiltering.dll
           /usr/lib64/dotnet/packs/Microsoft.AspNetCore.App.Ref/8.0.22/ref/net8.0/Microsoft.AspNetCore.Hosting.Abstractions.dll
           /usr/lib64/dotnet/packs/Microsoft.AspNetCore.App.Ref/8.0.22/ref/net8.0/Microsoft.AspNetCore.Hosting.dll
           /usr/lib64/dotnet/packs/Microsoft.AspNetCore.App.Ref/8.0.22/ref/net8.0/Microsoft.AspNetCore.Hosting.Server.Abstractions.dll
           /usr/lib64/dotnet/packs/Microsoft.AspNetCore.App.Ref/8.0.22/ref/net8.0/Microsoft.AspNetCore.Html.Abstractions.dll
           /usr/lib64/dotnet/packs/Microsoft.AspNetCore.App.Ref/8.0.22/ref/net8.0/Microsoft.AspNetCore.Http.Abstractions.dll
           /usr/lib64/dotnet/packs/Microsoft.AspNetCore.App.Ref/8.0.22/ref/net8.0/Microsoft.AspNetCore.Http.Connections.Common.dll
           /usr/lib64/dotnet/packs/Microsoft.AspNetCore.App.Ref/8.0.22/ref/net8.0/Microsoft.AspNetCore.Http.Connections.dll
           /usr/lib64/dotnet/packs/Microsoft.AspNetCore.App.Ref/8.0.22/ref/net8.0/Microsoft.AspNetCore.Http.dll
           /usr/lib64/dotnet/packs/Microsoft.AspNetCore.App.Ref/8.0.22/ref/net8.0/Microsoft.AspNetCore.Http.Extensions.dll
           /usr/lib64/dotnet/packs/Microsoft.AspNetCore.App.Ref/8.0.22/ref/net8.0/Microsoft.AspNetCore.Http.Features.dll
           /usr/lib64/dotnet/packs/Microsoft.AspNetCore.App.Ref/8.0.22/ref/net8.0/Microsoft.AspNetCore.Http.Results.dll
           /usr/lib64/dotnet/packs/Microsoft.AspNetCore.App.Ref/8.0.22/ref/net8.0/Microsoft.AspNetCore.HttpLogging.dll
           /usr/lib64/dotnet/packs/Microsoft.AspNetCore.App.Ref/8.0.22/ref/net8.0/Microsoft.AspNetCore.HttpOverrides.dll
           /usr/lib64/dotnet/packs/Microsoft.AspNetCore.App.Ref/8.0.22/ref/net8.0/Microsoft.AspNetCore.HttpsPolicy.dll
           /usr/lib64/dotnet/packs/Microsoft.AspNetCore.App.Ref/8.0.22/ref/net8.0/Microsoft.AspNetCore.Identity.dll
           /usr/lib64/dotnet/packs/Microsoft.AspNetCore.App.Ref/8.0.22/ref/net8.0/Microsoft.AspNetCore.Localization.dll
           /usr/lib64/dotnet/packs/Microsoft.AspNetCore.App.Ref/8.0.22/ref/net8.0/Microsoft.AspNetCore.Localization.Routing.dll
           /usr/lib64/dotnet/packs/Microsoft.AspNetCore.App.Ref/8.0.22/ref/net8.0/Microsoft.AspNetCore.Metadata.dll
           /usr/lib64/dotnet/packs/Microsoft.AspNetCore.App.Ref/8.0.22/ref/net8.0/Microsoft.AspNetCore.Mvc.Abstractions.dll
           /usr/lib64/dotnet/packs/Microsoft.AspNetCore.App.Ref/8.0.22/ref/net8.0/Microsoft.AspNetCore.Mvc.ApiExplorer.dll
           /usr/lib64/dotnet/packs/Microsoft.AspNetCore.App.Ref/8.0.22/ref/net8.0/Microsoft.AspNetCore.Mvc.Core.dll
           /usr/lib64/dotnet/packs/Microsoft.AspNetCore.App.Ref/8.0.22/ref/net8.0/Microsoft.AspNetCore.Mvc.Cors.dll
           /usr/lib64/dotnet/packs/Microsoft.AspNetCore.App.Ref/8.0.22/ref/net8.0/Microsoft.AspNetCore.Mvc.DataAnnotations.dll
           /usr/lib64/dotnet/packs/Microsoft.AspNetCore.App.Ref/8.0.22/ref/net8.0/Microsoft.AspNetCore.Mvc.dll
           /usr/lib64/dotnet/packs/Microsoft.AspNetCore.App.Ref/8.0.22/ref/net8.0/Microsoft.AspNetCore.Mvc.Formatters.Json.dll
           /usr/lib64/dotnet/packs/Microsoft.AspNetCore.App.Ref/8.0.22/ref/net8.0/Microsoft.AspNetCore.Mvc.Formatters.Xml.dll
           /usr/lib64/dotnet/packs/Microsoft.AspNetCore.App.Ref/8.0.22/ref/net8.0/Microsoft.AspNetCore.Mvc.Localization.dll
           /usr/lib64/dotnet/packs/Microsoft.AspNetCore.App.Ref/8.0.22/ref/net8.0/Microsoft.AspNetCore.Mvc.Razor.dll
           /usr/lib64/dotnet/packs/Microsoft.AspNetCore.App.Ref/8.0.22/ref/net8.0/Microsoft.AspNetCore.Mvc.RazorPages.dll
           /usr/lib64/dotnet/packs/Microsoft.AspNetCore.App.Ref/8.0.22/ref/net8.0/Microsoft.AspNetCore.Mvc.TagHelpers.dll
           /usr/lib64/dotnet/packs/Microsoft.AspNetCore.App.Ref/8.0.22/ref/net8.0/Microsoft.AspNetCore.Mvc.ViewFeatures.dll
           /usr/lib64/dotnet/packs/Microsoft.AspNetCore.App.Ref/8.0.22/ref/net8.0/Microsoft.AspNetCore.OutputCaching.dll
           /usr/lib64/dotnet/packs/Microsoft.AspNetCore.App.Ref/8.0.22/ref/net8.0/Microsoft.AspNetCore.RateLimiting.dll
           /usr/lib64/dotnet/packs/Microsoft.AspNetCore.App.Ref/8.0.22/ref/net8.0/Microsoft.AspNetCore.Razor.dll
           /usr/lib64/dotnet/packs/Microsoft.AspNetCore.App.Ref/8.0.22/ref/net8.0/Microsoft.AspNetCore.Razor.Runtime.dll
           /usr/lib64/dotnet/packs/Microsoft.AspNetCore.App.Ref/8.0.22/ref/net8.0/Microsoft.AspNetCore.RequestDecompression.dll
           /usr/lib64/dotnet/packs/Microsoft.AspNetCore.App.Ref/8.0.22/ref/net8.0/Microsoft.AspNetCore.ResponseCaching.Abstractions.dll
           /usr/lib64/dotnet/packs/Microsoft.AspNetCore.App.Ref/8.0.22/ref/net8.0/Microsoft.AspNetCore.ResponseCaching.dll
           /usr/lib64/dotnet/packs/Microsoft.AspNetCore.App.Ref/8.0.22/ref/net8.0/Microsoft.AspNetCore.ResponseCompression.dll
           /usr/lib64/dotnet/packs/Microsoft.AspNetCore.App.Ref/8.0.22/ref/net8.0/Microsoft.AspNetCore.Rewrite.dll
           /usr/lib64/dotnet/packs/Microsoft.AspNetCore.App.Ref/8.0.22/ref/net8.0/Microsoft.AspNetCore.Routing.Abstractions.dll
           /usr/lib64/dotnet/packs/Microsoft.AspNetCore.App.Ref/8.0.22/ref/net8.0/Microsoft.AspNetCore.Routing.dll
           /usr/lib64/dotnet/packs/Microsoft.AspNetCore.App.Ref/8.0.22/ref/net8.0/Microsoft.AspNetCore.Server.HttpSys.dll
           /usr/lib64/dotnet/packs/Microsoft.AspNetCore.App.Ref/8.0.22/ref/net8.0/Microsoft.AspNetCore.Server.IIS.dll
           /usr/lib64/dotnet/packs/Microsoft.AspNetCore.App.Ref/8.0.22/ref/net8.0/Microsoft.AspNetCore.Server.IISIntegration.dll
           /usr/lib64/dotnet/packs/Microsoft.AspNetCore.App.Ref/8.0.22/ref/net8.0/Microsoft.AspNetCore.Server.Kestrel.Core.dll
           /usr/lib64/dotnet/packs/Microsoft.AspNetCore.App.Ref/8.0.22/ref/net8.0/Microsoft.AspNetCore.Server.Kestrel.dll
           /usr/lib64/dotnet/packs/Microsoft.AspNetCore.App.Ref/8.0.22/ref/net8.0/Microsoft.AspNetCore.Server.Kestrel.Transport.NamedPipes.dll
           /usr/lib64/dotnet/packs/Microsoft.AspNetCore.App.Ref/8.0.22/ref/net8.0/Microsoft.AspNetCore.Server.Kestrel.Transport.Quic.dll
           /usr/lib64/dotnet/packs/Microsoft.AspNetCore.App.Ref/8.0.22/ref/net8.0/Microsoft.AspNetCore.Server.Kestrel.Transport.Sockets.dll
           /usr/lib64/dotnet/packs/Microsoft.AspNetCore.App.Ref/8.0.22/ref/net8.0/Microsoft.AspNetCore.Session.dll
           /usr/lib64/dotnet/packs/Microsoft.AspNetCore.App.Ref/8.0.22/ref/net8.0/Microsoft.AspNetCore.SignalR.Common.dll
           /usr/lib64/dotnet/packs/Microsoft.AspNetCore.App.Ref/8.0.22/ref/net8.0/Microsoft.AspNetCore.SignalR.Core.dll
           /usr/lib64/dotnet/packs/Microsoft.AspNetCore.App.Ref/8.0.22/ref/net8.0/Microsoft.AspNetCore.SignalR.dll
           /usr/lib64/dotnet/packs/Microsoft.AspNetCore.App.Ref/8.0.22/ref/net8.0/Microsoft.AspNetCore.SignalR.Protocols.Json.dll
           /usr/lib64/dotnet/packs/Microsoft.AspNetCore.App.Ref/8.0.22/ref/net8.0/Microsoft.AspNetCore.StaticFiles.dll
           /usr/lib64/dotnet/packs/Microsoft.AspNetCore.App.Ref/8.0.22/ref/net8.0/Microsoft.AspNetCore.WebSockets.dll
           /usr/lib64/dotnet/packs/Microsoft.AspNetCore.App.Ref/8.0.22/ref/net8.0/Microsoft.AspNetCore.WebUtilities.dll
           /usr/lib64/dotnet/packs/Microsoft.NETCore.App.Ref/8.0.22/ref/net8.0/Microsoft.CSharp.dll
           /home/baturhan/.nuget/packages/microsoft.entityframeworkcore.abstractions/8.0.15/lib/net8.0/Microsoft.EntityFrameworkCore.Abstractions.dll
           /home/baturhan/.nuget/packages/microsoft.entityframeworkcore/8.0.15/lib/net8.0/Microsoft.EntityFrameworkCore.dll
           /home/baturhan/.nuget/packages/microsoft.entityframeworkcore.proxies/8.0.15/lib/net8.0/Microsoft.EntityFrameworkCore.Proxies.dll
           /home/baturhan/.nuget/packages/microsoft.entityframeworkcore.relational/8.0.15/lib/net8.0/Microsoft.EntityFrameworkCore.Relational.dll
           /usr/lib64/dotnet/packs/Microsoft.AspNetCore.App.Ref/8.0.22/ref/net8.0/Microsoft.Extensions.Caching.Abstractions.dll
           /usr/lib64/dotnet/packs/Microsoft.AspNetCore.App.Ref/8.0.22/ref/net8.0/Microsoft.Extensions.Caching.Memory.dll
           /usr/lib64/dotnet/packs/Microsoft.AspNetCore.App.Ref/8.0.22/ref/net8.0/Microsoft.Extensions.Configuration.Abstractions.dll
           /usr/lib64/dotnet/packs/Microsoft.AspNetCore.App.Ref/8.0.22/ref/net8.0/Microsoft.Extensions.Configuration.Binder.dll
           /usr/lib64/dotnet/packs/Microsoft.AspNetCore.App.Ref/8.0.22/ref/net8.0/Microsoft.Extensions.Configuration.CommandLine.dll
           /usr/lib64/dotnet/packs/Microsoft.AspNetCore.App.Ref/8.0.22/ref/net8.0/Microsoft.Extensions.Configuration.dll
           /usr/lib64/dotnet/packs/Microsoft.AspNetCore.App.Ref/8.0.22/ref/net8.0/Microsoft.Extensions.Configuration.EnvironmentVariables.dll
           /usr/lib64/dotnet/packs/Microsoft.AspNetCore.App.Ref/8.0.22/ref/net8.0/Microsoft.Extensions.Configuration.FileExtensions.dll
           /usr/lib64/dotnet/packs/Microsoft.AspNetCore.App.Ref/8.0.22/ref/net8.0/Microsoft.Extensions.Configuration.Ini.dll
           /usr/lib64/dotnet/packs/Microsoft.AspNetCore.App.Ref/8.0.22/ref/net8.0/Microsoft.Extensions.Configuration.Json.dll
           /usr/lib64/dotnet/packs/Microsoft.AspNetCore.App.Ref/8.0.22/ref/net8.0/Microsoft.Extensions.Configuration.KeyPerFile.dll
           /usr/lib64/dotnet/packs/Microsoft.AspNetCore.App.Ref/8.0.22/ref/net8.0/Microsoft.Extensions.Configuration.UserSecrets.dll
           /usr/lib64/dotnet/packs/Microsoft.AspNetCore.App.Ref/8.0.22/ref/net8.0/Microsoft.Extensions.Configuration.Xml.dll
           /usr/lib64/dotnet/packs/Microsoft.AspNetCore.App.Ref/8.0.22/ref/net8.0/Microsoft.Extensions.DependencyInjection.Abstractions.dll
           /usr/lib64/dotnet/packs/Microsoft.AspNetCore.App.Ref/8.0.22/ref/net8.0/Microsoft.Extensions.DependencyInjection.dll
           /home/baturhan/.nuget/packages/microsoft.extensions.dependencymodel/8.0.0/lib/net8.0/Microsoft.Extensions.DependencyModel.dll
           /usr/lib64/dotnet/packs/Microsoft.AspNetCore.App.Ref/8.0.22/ref/net8.0/Microsoft.Extensions.Diagnostics.Abstractions.dll
           /usr/lib64/dotnet/packs/Microsoft.AspNetCore.App.Ref/8.0.22/ref/net8.0/Microsoft.Extensions.Diagnostics.dll
           /usr/lib64/dotnet/packs/Microsoft.AspNetCore.App.Ref/8.0.22/ref/net8.0/Microsoft.Extensions.Diagnostics.HealthChecks.Abstractions.dll
           /usr/lib64/dotnet/packs/Microsoft.AspNetCore.App.Ref/8.0.22/ref/net8.0/Microsoft.Extensions.Diagnostics.HealthChecks.dll
           /usr/lib64/dotnet/packs/Microsoft.AspNetCore.App.Ref/8.0.22/ref/net8.0/Microsoft.Extensions.Features.dll
           /usr/lib64/dotnet/packs/Microsoft.AspNetCore.App.Ref/8.0.22/ref/net8.0/Microsoft.Extensions.FileProviders.Abstractions.dll
           /usr/lib64/dotnet/packs/Microsoft.AspNetCore.App.Ref/8.0.22/ref/net8.0/Microsoft.Extensions.FileProviders.Composite.dll
           /usr/lib64/dotnet/packs/Microsoft.AspNetCore.App.Ref/8.0.22/ref/net8.0/Microsoft.Extensions.FileProviders.Embedded.dll
           /usr/lib64/dotnet/packs/Microsoft.AspNetCore.App.Ref/8.0.22/ref/net8.0/Microsoft.Extensions.FileProviders.Physical.dll
           /usr/lib64/dotnet/packs/Microsoft.AspNetCore.App.Ref/8.0.22/ref/net8.0/Microsoft.Extensions.FileSystemGlobbing.dll
           /usr/lib64/dotnet/packs/Microsoft.AspNetCore.App.Ref/8.0.22/ref/net8.0/Microsoft.Extensions.Hosting.Abstractions.dll
           /usr/lib64/dotnet/packs/Microsoft.AspNetCore.App.Ref/8.0.22/ref/net8.0/Microsoft.Extensions.Hosting.dll
           /usr/lib64/dotnet/packs/Microsoft.AspNetCore.App.Ref/8.0.22/ref/net8.0/Microsoft.Extensions.Http.dll
           /usr/lib64/dotnet/packs/Microsoft.AspNetCore.App.Ref/8.0.22/ref/net8.0/Microsoft.Extensions.Identity.Core.dll
           /usr/lib64/dotnet/packs/Microsoft.AspNetCore.App.Ref/8.0.22/ref/net8.0/Microsoft.Extensions.Identity.Stores.dll
           /usr/lib64/dotnet/packs/Microsoft.AspNetCore.App.Ref/8.0.22/ref/net8.0/Microsoft.Extensions.Localization.Abstractions.dll
           /usr/lib64/dotnet/packs/Microsoft.AspNetCore.App.Ref/8.0.22/ref/net8.0/Microsoft.Extensions.Localization.dll
           /usr/lib64/dotnet/packs/Microsoft.AspNetCore.App.Ref/8.0.22/ref/net8.0/Microsoft.Extensions.Logging.Abstractions.dll
           /usr/lib64/dotnet/packs/Microsoft.AspNetCore.App.Ref/8.0.22/ref/net8.0/Microsoft.Extensions.Logging.Configuration.dll
           /usr/lib64/dotnet/packs/Microsoft.AspNetCore.App.Ref/8.0.22/ref/net8.0/Microsoft.Extensions.Logging.Console.dll
           /usr/lib64/dotnet/packs/Microsoft.AspNetCore.App.Ref/8.0.22/ref/net8.0/Microsoft.Extensions.Logging.Debug.dll
           /usr/lib64/dotnet/packs/Microsoft.AspNetCore.App.Ref/8.0.22/ref/net8.0/Microsoft.Extensions.Logging.dll
           /usr/lib64/dotnet/packs/Microsoft.AspNetCore.App.Ref/8.0.22/ref/net8.0/Microsoft.Extensions.Logging.EventLog.dll
           /usr/lib64/dotnet/packs/Microsoft.AspNetCore.App.Ref/8.0.22/ref/net8.0/Microsoft.Extensions.Logging.EventSource.dll
           /usr/lib64/dotnet/packs/Microsoft.AspNetCore.App.Ref/8.0.22/ref/net8.0/Microsoft.Extensions.Logging.TraceSource.dll
           /usr/lib64/dotnet/packs/Microsoft.AspNetCore.App.Ref/8.0.22/ref/net8.0/Microsoft.Extensions.ObjectPool.dll
           /usr/lib64/dotnet/packs/Microsoft.AspNetCore.App.Ref/8.0.22/ref/net8.0/Microsoft.Extensions.Options.ConfigurationExtensions.dll
           /usr/lib64/dotnet/packs/Microsoft.AspNetCore.App.Ref/8.0.22/ref/net8.0/Microsoft.Extensions.Options.DataAnnotations.dll
           /usr/lib64/dotnet/packs/Microsoft.AspNetCore.App.Ref/8.0.22/ref/net8.0/Microsoft.Extensions.Options.dll
           /usr/lib64/dotnet/packs/Microsoft.AspNetCore.App.Ref/8.0.22/ref/net8.0/Microsoft.Extensions.Primitives.dll
           /usr/lib64/dotnet/packs/Microsoft.AspNetCore.App.Ref/8.0.22/ref/net8.0/Microsoft.Extensions.WebEncoders.dll
           /home/baturhan/.nuget/packages/microsoft.identitymodel.abstractions/7.4.0/lib/net8.0/Microsoft.IdentityModel.Abstractions.dll
           /home/baturhan/.nuget/packages/microsoft.identitymodel.jsonwebtokens/7.4.0/lib/net8.0/Microsoft.IdentityModel.JsonWebTokens.dll
           /home/baturhan/.nuget/packages/microsoft.identitymodel.logging/7.4.0/lib/net8.0/Microsoft.IdentityModel.Logging.dll
           /home/baturhan/.nuget/packages/microsoft.identitymodel.tokens/7.4.0/lib/net8.0/Microsoft.IdentityModel.Tokens.dll
           /usr/lib64/dotnet/packs/Microsoft.AspNetCore.App.Ref/8.0.22/ref/net8.0/Microsoft.JSInterop.dll
           /usr/lib64/dotnet/packs/Microsoft.AspNetCore.App.Ref/8.0.22/ref/net8.0/Microsoft.Net.Http.Headers.dll
           /usr/lib64/dotnet/packs/Microsoft.NETCore.App.Ref/8.0.22/ref/net8.0/Microsoft.VisualBasic.Core.dll
           /usr/lib64/dotnet/packs/Microsoft.NETCore.App.Ref/8.0.22/ref/net8.0/Microsoft.VisualBasic.dll
           /usr/lib64/dotnet/packs/Microsoft.NETCore.App.Ref/8.0.22/ref/net8.0/Microsoft.Win32.Primitives.dll
           /usr/lib64/dotnet/packs/Microsoft.NETCore.App.Ref/8.0.22/ref/net8.0/Microsoft.Win32.Registry.dll
           /usr/lib64/dotnet/packs/Microsoft.NETCore.App.Ref/8.0.22/ref/net8.0/mscorlib.dll
           /usr/lib64/dotnet/packs/Microsoft.NETCore.App.Ref/8.0.22/ref/net8.0/netstandard.dll
           /home/baturhan/.nuget/packages/newtonsoft.json/13.0.3/lib/net6.0/Newtonsoft.Json.dll
           /home/baturhan/.nuget/packages/npgsql/8.0.6/lib/net8.0/Npgsql.dll
           /home/baturhan/.nuget/packages/npgsql.entityframeworkcore.postgresql/8.0.11/lib/net8.0/Npgsql.EntityFrameworkCore.PostgreSQL.dll
           /home/baturhan/.nuget/packages/pipelines.sockets.unofficial/2.2.8/lib/net5.0/Pipelines.Sockets.Unofficial.dll
           /home/baturhan/.nuget/packages/serilog.aspnetcore/8.0.1/lib/net8.0/Serilog.AspNetCore.dll
           /home/baturhan/.nuget/packages/serilog/3.1.1/lib/net7.0/Serilog.dll
           /home/baturhan/.nuget/packages/serilog.extensions.hosting/8.0.0/lib/net8.0/Serilog.Extensions.Hosting.dll
           /home/baturhan/.nuget/packages/serilog.extensions.logging/8.0.0/lib/net8.0/Serilog.Extensions.Logging.dll
           /home/baturhan/.nuget/packages/serilog.formatting.compact/2.0.0/lib/net7.0/Serilog.Formatting.Compact.dll
           /home/baturhan/.nuget/packages/serilog.settings.configuration/8.0.0/lib/net8.0/Serilog.Settings.Configuration.dll
           /home/baturhan/.nuget/packages/serilog.sinks.console/5.0.1/lib/net7.0/Serilog.Sinks.Console.dll
           /home/baturhan/.nuget/packages/serilog.sinks.debug/2.0.0/lib/netstandard2.1/Serilog.Sinks.Debug.dll
           /home/baturhan/.nuget/packages/serilog.sinks.file/5.0.0/lib/net5.0/Serilog.Sinks.File.dll
           /home/baturhan/Projeler/Entegrasyon/Shared/Shared/obj/Debug/net8.0/ref/Shared.dll
           /home/baturhan/.nuget/packages/stackexchange.redis/2.7.27/lib/net6.0/StackExchange.Redis.dll
           /usr/lib64/dotnet/packs/Microsoft.NETCore.App.Ref/8.0.22/ref/net8.0/System.AppContext.dll
           /usr/lib64/dotnet/packs/Microsoft.NETCore.App.Ref/8.0.22/ref/net8.0/System.Buffers.dll
           /usr/lib64/dotnet/packs/Microsoft.NETCore.App.Ref/8.0.22/ref/net8.0/System.Collections.Concurrent.dll
           /usr/lib64/dotnet/packs/Microsoft.NETCore.App.Ref/8.0.22/ref/net8.0/System.Collections.dll
           /usr/lib64/dotnet/packs/Microsoft.NETCore.App.Ref/8.0.22/ref/net8.0/System.Collections.Immutable.dll
           /usr/lib64/dotnet/packs/Microsoft.NETCore.App.Ref/8.0.22/ref/net8.0/System.Collections.NonGeneric.dll
           /usr/lib64/dotnet/packs/Microsoft.NETCore.App.Ref/8.0.22/ref/net8.0/System.Collections.Specialized.dll
           /usr/lib64/dotnet/packs/Microsoft.NETCore.App.Ref/8.0.22/ref/net8.0/System.ComponentModel.Annotations.dll
           /usr/lib64/dotnet/packs/Microsoft.NETCore.App.Ref/8.0.22/ref/net8.0/System.ComponentModel.DataAnnotations.dll
           /usr/lib64/dotnet/packs/Microsoft.NETCore.App.Ref/8.0.22/ref/net8.0/System.ComponentModel.dll
           /usr/lib64/dotnet/packs/Microsoft.NETCore.App.Ref/8.0.22/ref/net8.0/System.ComponentModel.EventBasedAsync.dll
           /usr/lib64/dotnet/packs/Microsoft.NETCore.App.Ref/8.0.22/ref/net8.0/System.ComponentModel.Primitives.dll
           /usr/lib64/dotnet/packs/Microsoft.NETCore.App.Ref/8.0.22/ref/net8.0/System.ComponentModel.TypeConverter.dll
           /usr/lib64/dotnet/packs/Microsoft.NETCore.App.Ref/8.0.22/ref/net8.0/System.Configuration.dll
           /usr/lib64/dotnet/packs/Microsoft.NETCore.App.Ref/8.0.22/ref/net8.0/System.Console.dll
           /usr/lib64/dotnet/packs/Microsoft.NETCore.App.Ref/8.0.22/ref/net8.0/System.Core.dll
           /usr/lib64/dotnet/packs/Microsoft.NETCore.App.Ref/8.0.22/ref/net8.0/System.Data.Common.dll
           /usr/lib64/dotnet/packs/Microsoft.NETCore.App.Ref/8.0.22/ref/net8.0/System.Data.DataSetExtensions.dll
           /usr/lib64/dotnet/packs/Microsoft.NETCore.App.Ref/8.0.22/ref/net8.0/System.Data.dll
           /usr/lib64/dotnet/packs/Microsoft.NETCore.App.Ref/8.0.22/ref/net8.0/System.Diagnostics.Contracts.dll
           /usr/lib64/dotnet/packs/Microsoft.NETCore.App.Ref/8.0.22/ref/net8.0/System.Diagnostics.Debug.dll
           /usr/lib64/dotnet/packs/Microsoft.NETCore.App.Ref/8.0.22/ref/net8.0/System.Diagnostics.DiagnosticSource.dll
           /usr/lib64/dotnet/packs/Microsoft.AspNetCore.App.Ref/8.0.22/ref/net8.0/System.Diagnostics.EventLog.dll
           /usr/lib64/dotnet/packs/Microsoft.NETCore.App.Ref/8.0.22/ref/net8.0/System.Diagnostics.FileVersionInfo.dll
           /usr/lib64/dotnet/packs/Microsoft.NETCore.App.Ref/8.0.22/ref/net8.0/System.Diagnostics.Process.dll
           /usr/lib64/dotnet/packs/Microsoft.NETCore.App.Ref/8.0.22/ref/net8.0/System.Diagnostics.StackTrace.dll
           /usr/lib64/dotnet/packs/Microsoft.NETCore.App.Ref/8.0.22/ref/net8.0/System.Diagnostics.TextWriterTraceListener.dll
           /usr/lib64/dotnet/packs/Microsoft.NETCore.App.Ref/8.0.22/ref/net8.0/System.Diagnostics.Tools.dll
           /usr/lib64/dotnet/packs/Microsoft.NETCore.App.Ref/8.0.22/ref/net8.0/System.Diagnostics.TraceSource.dll
           /usr/lib64/dotnet/packs/Microsoft.NETCore.App.Ref/8.0.22/ref/net8.0/System.Diagnostics.Tracing.dll
           /usr/lib64/dotnet/packs/Microsoft.NETCore.App.Ref/8.0.22/ref/net8.0/System.dll
           /usr/lib64/dotnet/packs/Microsoft.NETCore.App.Ref/8.0.22/ref/net8.0/System.Drawing.dll
           /usr/lib64/dotnet/packs/Microsoft.NETCore.App.Ref/8.0.22/ref/net8.0/System.Drawing.Primitives.dll
           /usr/lib64/dotnet/packs/Microsoft.NETCore.App.Ref/8.0.22/ref/net8.0/System.Dynamic.Runtime.dll
           /usr/lib64/dotnet/packs/Microsoft.NETCore.App.Ref/8.0.22/ref/net8.0/System.Formats.Asn1.dll
           /usr/lib64/dotnet/packs/Microsoft.NETCore.App.Ref/8.0.22/ref/net8.0/System.Formats.Tar.dll
           /usr/lib64/dotnet/packs/Microsoft.NETCore.App.Ref/8.0.22/ref/net8.0/System.Globalization.Calendars.dll
           /usr/lib64/dotnet/packs/Microsoft.NETCore.App.Ref/8.0.22/ref/net8.0/System.Globalization.dll
           /usr/lib64/dotnet/packs/Microsoft.NETCore.App.Ref/8.0.22/ref/net8.0/System.Globalization.Extensions.dll
           /home/baturhan/.nuget/packages/system.identitymodel.tokens.jwt/7.4.0/lib/net8.0/System.IdentityModel.Tokens.Jwt.dll
           /usr/lib64/dotnet/packs/Microsoft.NETCore.App.Ref/8.0.22/ref/net8.0/System.IO.Compression.Brotli.dll
           /usr/lib64/dotnet/packs/Microsoft.NETCore.App.Ref/8.0.22/ref/net8.0/System.IO.Compression.dll
           /usr/lib64/dotnet/packs/Microsoft.NETCore.App.Ref/8.0.22/ref/net8.0/System.IO.Compression.FileSystem.dll
           /usr/lib64/dotnet/packs/Microsoft.NETCore.App.Ref/8.0.22/ref/net8.0/System.IO.Compression.ZipFile.dll
           /usr/lib64/dotnet/packs/Microsoft.NETCore.App.Ref/8.0.22/ref/net8.0/System.IO.dll
           /usr/lib64/dotnet/packs/Microsoft.NETCore.App.Ref/8.0.22/ref/net8.0/System.IO.FileSystem.AccessControl.dll
           /usr/lib64/dotnet/packs/Microsoft.NETCore.App.Ref/8.0.22/ref/net8.0/System.IO.FileSystem.dll
           /usr/lib64/dotnet/packs/Microsoft.NETCore.App.Ref/8.0.22/ref/net8.0/System.IO.FileSystem.DriveInfo.dll
           /usr/lib64/dotnet/packs/Microsoft.NETCore.App.Ref/8.0.22/ref/net8.0/System.IO.FileSystem.Primitives.dll
           /usr/lib64/dotnet/packs/Microsoft.NETCore.App.Ref/8.0.22/ref/net8.0/System.IO.FileSystem.Watcher.dll
           /usr/lib64/dotnet/packs/Microsoft.NETCore.App.Ref/8.0.22/ref/net8.0/System.IO.IsolatedStorage.dll
           /usr/lib64/dotnet/packs/Microsoft.NETCore.App.Ref/8.0.22/ref/net8.0/System.IO.MemoryMappedFiles.dll
           /usr/lib64/dotnet/packs/Microsoft.AspNetCore.App.Ref/8.0.22/ref/net8.0/System.IO.Pipelines.dll
           /usr/lib64/dotnet/packs/Microsoft.NETCore.App.Ref/8.0.22/ref/net8.0/System.IO.Pipes.AccessControl.dll
           /usr/lib64/dotnet/packs/Microsoft.NETCore.App.Ref/8.0.22/ref/net8.0/System.IO.Pipes.dll
           /usr/lib64/dotnet/packs/Microsoft.NETCore.App.Ref/8.0.22/ref/net8.0/System.IO.UnmanagedMemoryStream.dll
           /usr/lib64/dotnet/packs/Microsoft.NETCore.App.Ref/8.0.22/ref/net8.0/System.Linq.dll
           /usr/lib64/dotnet/packs/Microsoft.NETCore.App.Ref/8.0.22/ref/net8.0/System.Linq.Expressions.dll
           /usr/lib64/dotnet/packs/Microsoft.NETCore.App.Ref/8.0.22/ref/net8.0/System.Linq.Parallel.dll
           /usr/lib64/dotnet/packs/Microsoft.NETCore.App.Ref/8.0.22/ref/net8.0/System.Linq.Queryable.dll
           /usr/lib64/dotnet/packs/Microsoft.NETCore.App.Ref/8.0.22/ref/net8.0/System.Memory.dll
           /usr/lib64/dotnet/packs/Microsoft.NETCore.App.Ref/8.0.22/ref/net8.0/System.Net.dll
           /usr/lib64/dotnet/packs/Microsoft.NETCore.App.Ref/8.0.22/ref/net8.0/System.Net.Http.dll
           /usr/lib64/dotnet/packs/Microsoft.NETCore.App.Ref/8.0.22/ref/net8.0/System.Net.Http.Json.dll
           /usr/lib64/dotnet/packs/Microsoft.NETCore.App.Ref/8.0.22/ref/net8.0/System.Net.HttpListener.dll
           /usr/lib64/dotnet/packs/Microsoft.NETCore.App.Ref/8.0.22/ref/net8.0/System.Net.Mail.dll
           /usr/lib64/dotnet/packs/Microsoft.NETCore.App.Ref/8.0.22/ref/net8.0/System.Net.NameResolution.dll
           /usr/lib64/dotnet/packs/Microsoft.NETCore.App.Ref/8.0.22/ref/net8.0/System.Net.NetworkInformation.dll
           /usr/lib64/dotnet/packs/Microsoft.NETCore.App.Ref/8.0.22/ref/net8.0/System.Net.Ping.dll
           /usr/lib64/dotnet/packs/Microsoft.NETCore.App.Ref/8.0.22/ref/net8.0/System.Net.Primitives.dll
           /usr/lib64/dotnet/packs/Microsoft.NETCore.App.Ref/8.0.22/ref/net8.0/System.Net.Quic.dll
           /usr/lib64/dotnet/packs/Microsoft.NETCore.App.Ref/8.0.22/ref/net8.0/System.Net.Requests.dll
           /usr/lib64/dotnet/packs/Microsoft.NETCore.App.Ref/8.0.22/ref/net8.0/System.Net.Security.dll
           /usr/lib64/dotnet/packs/Microsoft.NETCore.App.Ref/8.0.22/ref/net8.0/System.Net.ServicePoint.dll
           /usr/lib64/dotnet/packs/Microsoft.NETCore.App.Ref/8.0.22/ref/net8.0/System.Net.Sockets.dll
           /usr/lib64/dotnet/packs/Microsoft.NETCore.App.Ref/8.0.22/ref/net8.0/System.Net.WebClient.dll
           /usr/lib64/dotnet/packs/Microsoft.NETCore.App.Ref/8.0.22/ref/net8.0/System.Net.WebHeaderCollection.dll
           /usr/lib64/dotnet/packs/Microsoft.NETCore.App.Ref/8.0.22/ref/net8.0/System.Net.WebProxy.dll
           /usr/lib64/dotnet/packs/Microsoft.NETCore.App.Ref/8.0.22/ref/net8.0/System.Net.WebSockets.Client.dll
           /usr/lib64/dotnet/packs/Microsoft.NETCore.App.Ref/8.0.22/ref/net8.0/System.Net.WebSockets.dll
           /usr/lib64/dotnet/packs/Microsoft.NETCore.App.Ref/8.0.22/ref/net8.0/System.Numerics.dll
           /usr/lib64/dotnet/packs/Microsoft.NETCore.App.Ref/8.0.22/ref/net8.0/System.Numerics.Vectors.dll
           /usr/lib64/dotnet/packs/Microsoft.NETCore.App.Ref/8.0.22/ref/net8.0/System.ObjectModel.dll
           /usr/lib64/dotnet/packs/Microsoft.NETCore.App.Ref/8.0.22/ref/net8.0/System.Reflection.DispatchProxy.dll
           /usr/lib64/dotnet/packs/Microsoft.NETCore.App.Ref/8.0.22/ref/net8.0/System.Reflection.dll
           /usr/lib64/dotnet/packs/Microsoft.NETCore.App.Ref/8.0.22/ref/net8.0/System.Reflection.Emit.dll
           /usr/lib64/dotnet/packs/Microsoft.NETCore.App.Ref/8.0.22/ref/net8.0/System.Reflection.Emit.ILGeneration.dll
           /usr/lib64/dotnet/packs/Microsoft.NETCore.App.Ref/8.0.22/ref/net8.0/System.Reflection.Emit.Lightweight.dll
           /usr/lib64/dotnet/packs/Microsoft.NETCore.App.Ref/8.0.22/ref/net8.0/System.Reflection.Extensions.dll
           /usr/lib64/dotnet/packs/Microsoft.NETCore.App.Ref/8.0.22/ref/net8.0/System.Reflection.Metadata.dll
           /usr/lib64/dotnet/packs/Microsoft.NETCore.App.Ref/8.0.22/ref/net8.0/System.Reflection.Primitives.dll
           /usr/lib64/dotnet/packs/Microsoft.NETCore.App.Ref/8.0.22/ref/net8.0/System.Reflection.TypeExtensions.dll
           /usr/lib64/dotnet/packs/Microsoft.NETCore.App.Ref/8.0.22/ref/net8.0/System.Resources.Reader.dll
           /usr/lib64/dotnet/packs/Microsoft.NETCore.App.Ref/8.0.22/ref/net8.0/System.Resources.ResourceManager.dll
           /usr/lib64/dotnet/packs/Microsoft.NETCore.App.Ref/8.0.22/ref/net8.0/System.Resources.Writer.dll
           /usr/lib64/dotnet/packs/Microsoft.NETCore.App.Ref/8.0.22/ref/net8.0/System.Runtime.CompilerServices.Unsafe.dll
           /usr/lib64/dotnet/packs/Microsoft.NETCore.App.Ref/8.0.22/ref/net8.0/System.Runtime.CompilerServices.VisualC.dll
           /usr/lib64/dotnet/packs/Microsoft.NETCore.App.Ref/8.0.22/ref/net8.0/System.Runtime.dll
           /usr/lib64/dotnet/packs/Microsoft.NETCore.App.Ref/8.0.22/ref/net8.0/System.Runtime.Extensions.dll
           /usr/lib64/dotnet/packs/Microsoft.NETCore.App.Ref/8.0.22/ref/net8.0/System.Runtime.Handles.dll
           /usr/lib64/dotnet/packs/Microsoft.NETCore.App.Ref/8.0.22/ref/net8.0/System.Runtime.InteropServices.dll
           /usr/lib64/dotnet/packs/Microsoft.NETCore.App.Ref/8.0.22/ref/net8.0/System.Runtime.InteropServices.JavaScript.dll
           /usr/lib64/dotnet/packs/Microsoft.NETCore.App.Ref/8.0.22/ref/net8.0/System.Runtime.InteropServices.RuntimeInformation.dll
           /usr/lib64/dotnet/packs/Microsoft.NETCore.App.Ref/8.0.22/ref/net8.0/System.Runtime.Intrinsics.dll
           /usr/lib64/dotnet/packs/Microsoft.NETCore.App.Ref/8.0.22/ref/net8.0/System.Runtime.Loader.dll
           /usr/lib64/dotnet/packs/Microsoft.NETCore.App.Ref/8.0.22/ref/net8.0/System.Runtime.Numerics.dll
           /usr/lib64/dotnet/packs/Microsoft.NETCore.App.Ref/8.0.22/ref/net8.0/System.Runtime.Serialization.dll
           /usr/lib64/dotnet/packs/Microsoft.NETCore.App.Ref/8.0.22/ref/net8.0/System.Runtime.Serialization.Formatters.dll
           /usr/lib64/dotnet/packs/Microsoft.NETCore.App.Ref/8.0.22/ref/net8.0/System.Runtime.Serialization.Json.dll
           /usr/lib64/dotnet/packs/Microsoft.NETCore.App.Ref/8.0.22/ref/net8.0/System.Runtime.Serialization.Primitives.dll
           /usr/lib64/dotnet/packs/Microsoft.NETCore.App.Ref/8.0.22/ref/net8.0/System.Runtime.Serialization.Xml.dll
           /usr/lib64/dotnet/packs/Microsoft.NETCore.App.Ref/8.0.22/ref/net8.0/System.Security.AccessControl.dll
           /usr/lib64/dotnet/packs/Microsoft.NETCore.App.Ref/8.0.22/ref/net8.0/System.Security.Claims.dll
           /usr/lib64/dotnet/packs/Microsoft.NETCore.App.Ref/8.0.22/ref/net8.0/System.Security.Cryptography.Algorithms.dll
           /usr/lib64/dotnet/packs/Microsoft.NETCore.App.Ref/8.0.22/ref/net8.0/System.Security.Cryptography.Cng.dll
           /usr/lib64/dotnet/packs/Microsoft.NETCore.App.Ref/8.0.22/ref/net8.0/System.Security.Cryptography.Csp.dll
           /usr/lib64/dotnet/packs/Microsoft.NETCore.App.Ref/8.0.22/ref/net8.0/System.Security.Cryptography.dll
           /usr/lib64/dotnet/packs/Microsoft.NETCore.App.Ref/8.0.22/ref/net8.0/System.Security.Cryptography.Encoding.dll
           /usr/lib64/dotnet/packs/Microsoft.NETCore.App.Ref/8.0.22/ref/net8.0/System.Security.Cryptography.OpenSsl.dll
           /usr/lib64/dotnet/packs/Microsoft.NETCore.App.Ref/8.0.22/ref/net8.0/System.Security.Cryptography.Primitives.dll
           /usr/lib64/dotnet/packs/Microsoft.NETCore.App.Ref/8.0.22/ref/net8.0/System.Security.Cryptography.X509Certificates.dll
           /usr/lib64/dotnet/packs/Microsoft.AspNetCore.App.Ref/8.0.22/ref/net8.0/System.Security.Cryptography.Xml.dll
           /usr/lib64/dotnet/packs/Microsoft.NETCore.App.Ref/8.0.22/ref/net8.0/System.Security.dll
           /usr/lib64/dotnet/packs/Microsoft.NETCore.App.Ref/8.0.22/ref/net8.0/System.Security.Principal.dll
           /usr/lib64/dotnet/packs/Microsoft.NETCore.App.Ref/8.0.22/ref/net8.0/System.Security.Principal.Windows.dll
           /usr/lib64/dotnet/packs/Microsoft.NETCore.App.Ref/8.0.22/ref/net8.0/System.Security.SecureString.dll
           /usr/lib64/dotnet/packs/Microsoft.NETCore.App.Ref/8.0.22/ref/net8.0/System.ServiceModel.Web.dll
           /usr/lib64/dotnet/packs/Microsoft.NETCore.App.Ref/8.0.22/ref/net8.0/System.ServiceProcess.dll
           /usr/lib64/dotnet/packs/Microsoft.NETCore.App.Ref/8.0.22/ref/net8.0/System.Text.Encoding.CodePages.dll
           /usr/lib64/dotnet/packs/Microsoft.NETCore.App.Ref/8.0.22/ref/net8.0/System.Text.Encoding.dll
           /usr/lib64/dotnet/packs/Microsoft.NETCore.App.Ref/8.0.22/ref/net8.0/System.Text.Encoding.Extensions.dll
           /usr/lib64/dotnet/packs/Microsoft.NETCore.App.Ref/8.0.22/ref/net8.0/System.Text.Encodings.Web.dll
           /usr/lib64/dotnet/packs/Microsoft.NETCore.App.Ref/8.0.22/ref/net8.0/System.Text.Json.dll
           /usr/lib64/dotnet/packs/Microsoft.NETCore.App.Ref/8.0.22/ref/net8.0/System.Text.RegularExpressions.dll
           /usr/lib64/dotnet/packs/Microsoft.NETCore.App.Ref/8.0.22/ref/net8.0/System.Threading.Channels.dll
           /usr/lib64/dotnet/packs/Microsoft.NETCore.App.Ref/8.0.22/ref/net8.0/System.Threading.dll
           /usr/lib64/dotnet/packs/Microsoft.NETCore.App.Ref/8.0.22/ref/net8.0/System.Threading.Overlapped.dll
           /usr/lib64/dotnet/packs/Microsoft.AspNetCore.App.Ref/8.0.22/ref/net8.0/System.Threading.RateLimiting.dll
           /usr/lib64/dotnet/packs/Microsoft.NETCore.App.Ref/8.0.22/ref/net8.0/System.Threading.Tasks.Dataflow.dll
           /usr/lib64/dotnet/packs/Microsoft.NETCore.App.Ref/8.0.22/ref/net8.0/System.Threading.Tasks.dll
           /usr/lib64/dotnet/packs/Microsoft.NETCore.App.Ref/8.0.22/ref/net8.0/System.Threading.Tasks.Extensions.dll
           /usr/lib64/dotnet/packs/Microsoft.NETCore.App.Ref/8.0.22/ref/net8.0/System.Threading.Tasks.Parallel.dll
           /usr/lib64/dotnet/packs/Microsoft.NETCore.App.Ref/8.0.22/ref/net8.0/System.Threading.Thread.dll
           /usr/lib64/dotnet/packs/Microsoft.NETCore.App.Ref/8.0.22/ref/net8.0/System.Threading.ThreadPool.dll
           /usr/lib64/dotnet/packs/Microsoft.NETCore.App.Ref/8.0.22/ref/net8.0/System.Threading.Timer.dll
           /usr/lib64/dotnet/packs/Microsoft.NETCore.App.Ref/8.0.22/ref/net8.0/System.Transactions.dll
           /usr/lib64/dotnet/packs/Microsoft.NETCore.App.Ref/8.0.22/ref/net8.0/System.Transactions.Local.dll
           /usr/lib64/dotnet/packs/Microsoft.NETCore.App.Ref/8.0.22/ref/net8.0/System.ValueTuple.dll
           /usr/lib64/dotnet/packs/Microsoft.NETCore.App.Ref/8.0.22/ref/net8.0/System.Web.dll
           /usr/lib64/dotnet/packs/Microsoft.NETCore.App.Ref/8.0.22/ref/net8.0/System.Web.HttpUtility.dll
           /usr/lib64/dotnet/packs/Microsoft.NETCore.App.Ref/8.0.22/ref/net8.0/System.Windows.dll
           /usr/lib64/dotnet/packs/Microsoft.NETCore.App.Ref/8.0.22/ref/net8.0/System.Xml.dll
           /usr/lib64/dotnet/packs/Microsoft.NETCore.App.Ref/8.0.22/ref/net8.0/System.Xml.Linq.dll
           /usr/lib64/dotnet/packs/Microsoft.NETCore.App.Ref/8.0.22/ref/net8.0/System.Xml.ReaderWriter.dll
           /usr/lib64/dotnet/packs/Microsoft.NETCore.App.Ref/8.0.22/ref/net8.0/System.Xml.Serialization.dll
           /usr/lib64/dotnet/packs/Microsoft.NETCore.App.Ref/8.0.22/ref/net8.0/System.Xml.XDocument.dll
           /usr/lib64/dotnet/packs/Microsoft.NETCore.App.Ref/8.0.22/ref/net8.0/System.Xml.XmlDocument.dll
           /usr/lib64/dotnet/packs/Microsoft.NETCore.App.Ref/8.0.22/ref/net8.0/System.Xml.XmlSerializer.dll
           /usr/lib64/dotnet/packs/Microsoft.NETCore.App.Ref/8.0.22/ref/net8.0/System.Xml.XPath.dll
           /usr/lib64/dotnet/packs/Microsoft.NETCore.App.Ref/8.0.22/ref/net8.0/System.Xml.XPath.XDocument.dll
           /usr/lib64/dotnet/packs/Microsoft.NETCore.App.Ref/8.0.22/ref/net8.0/WindowsBase.dll
           obj/Debug/net8.0/Entegrasyon.Entity.csproj.CoreCompileInputs.cache
           /usr/lib64/dotnet/sdk/10.0.101/Sdks/Microsoft.NET.Sdk/targets/../analyzers/Microsoft.CodeAnalysis.CSharp.NetAnalyzers.dll
           /usr/lib64/dotnet/sdk/10.0.101/Sdks/Microsoft.NET.Sdk/targets/../analyzers/Microsoft.CodeAnalysis.NetAnalyzers.dll
           /home/baturhan/.nuget/packages/microsoft.entityframeworkcore.analyzers/8.0.15/analyzers/dotnet/cs/Microsoft.EntityFrameworkCore.Analyzers.dll
           /usr/lib64/dotnet/packs/Microsoft.NETCore.App.Ref/8.0.22/analyzers/dotnet/cs/Microsoft.Interop.ComInterfaceGenerator.dll
           /usr/lib64/dotnet/packs/Microsoft.NETCore.App.Ref/8.0.22/analyzers/dotnet/cs/Microsoft.Interop.JavaScript.JSImportGenerator.dll
           /usr/lib64/dotnet/packs/Microsoft.NETCore.App.Ref/8.0.22/analyzers/dotnet/cs/Microsoft.Interop.LibraryImportGenerator.dll
           /usr/lib64/dotnet/packs/Microsoft.NETCore.App.Ref/8.0.22/analyzers/dotnet/cs/Microsoft.Interop.SourceGeneration.dll
           /usr/lib64/dotnet/packs/Microsoft.NETCore.App.Ref/8.0.22/analyzers/dotnet/cs/System.Text.Json.SourceGeneration.dll
           /usr/lib64/dotnet/packs/Microsoft.NETCore.App.Ref/8.0.22/analyzers/dotnet/cs/System.Text.RegularExpressions.Generator.dll
           /usr/lib64/dotnet/packs/Microsoft.AspNetCore.App.Ref/8.0.22/analyzers/dotnet/cs/Microsoft.AspNetCore.App.Analyzers.dll
           /usr/lib64/dotnet/packs/Microsoft.AspNetCore.App.Ref/8.0.22/analyzers/dotnet/cs/Microsoft.AspNetCore.App.CodeFixes.dll
           /usr/lib64/dotnet/packs/Microsoft.AspNetCore.App.Ref/8.0.22/analyzers/dotnet/cs/Microsoft.AspNetCore.Components.Analyzers.dll
           /usr/lib64/dotnet/packs/Microsoft.AspNetCore.App.Ref/8.0.22/analyzers/dotnet/roslyn4.4/cs/Microsoft.Extensions.Logging.Generators.dll
           /usr/lib64/dotnet/packs/Microsoft.AspNetCore.App.Ref/8.0.22/analyzers/dotnet/roslyn4.4/cs/Microsoft.Extensions.Options.SourceGeneration.dll
           /home/baturhan/Projeler/Entegrasyon/.editorconfig
           obj/Debug/net8.0/Entegrasyon.Entity.GeneratedMSBuildEditorConfig.editorconfig
           /usr/lib64/dotnet/sdk/10.0.101/Sdks/Microsoft.NET.Sdk/analyzers/build/config/analysislevel_8_default.globalconfig
           /home/baturhan/Projeler/Entegrasyon/Application/Entegrasyon.Entity/obj/Entegrasyon.Entity.csproj.nuget.g.targets
           /usr/lib64/dotnet/sdk/10.0.101/Current/Microsoft.Common.targets/ImportAfter/Microsoft.TestPlatform.ImportAfter.targets
           obj/Debug/net8.0/Entegrasyon.Entity.sourcelink.json
       Output files: 
           obj/Debug/net8.0/Entegrasyon.Entity.dll
           obj/Debug/net8.0/refint/Entegrasyon.Entity.dll
           obj/Debug/net8.0/Entegrasyon.Entity.pdb
       /usr/lib64/dotnet/sdk/10.0.101/Roslyn/Microsoft.CSharp.Core.targets(66,7): message : Property reassignment: $(NoWarn)="1701;1702;1701;1702" (previous value: "1701;1702") at /usr/lib64/dotnet/sdk/10.0.101/Roslyn/Microsoft.CSharp.Core.targets (66,7) [/home/baturhan/Projeler/Entegrasyon/Application/Entegrasyon.Entity/Entegrasyon.Entity.csproj]
   8:7>Done building target "CoreCompile" in project "Entegrasyon.Entity.csproj".
   8:7>Target "AfterCompile" in file "/usr/lib64/dotnet/sdk/10.0.101/Microsoft.Common.CurrentVersion.targets" from project "/home/baturhan/Projeler/Entegrasyon/Application/Entegrasyon.Entity/Entegrasyon.Entity.csproj" (target "Compile" depends on it):
   8:7>Done building target "AfterCompile" in project "Entegrasyon.Entity.csproj".
   8:7>Target "Compile" in file "/usr/lib64/dotnet/sdk/10.0.101/Microsoft.Common.CurrentVersion.targets" from project "/home/baturhan/Projeler/Entegrasyon/Application/Entegrasyon.Entity/Entegrasyon.Entity.csproj" (target "CoreBuild" depends on it):
   8:7>Done building target "Compile" in project "Entegrasyon.Entity.csproj".
   8:7>Target "_GenerateSatelliteAssemblyInputs" in file "/usr/lib64/dotnet/sdk/10.0.101/Microsoft.Common.CurrentVersion.targets" from project "/home/baturhan/Projeler/Entegrasyon/Application/Entegrasyon.Entity/Entegrasyon.Entity.csproj" (target "CreateSatelliteAssemblies" depends on it):
   8:7>Done building target "_GenerateSatelliteAssemblyInputs" in project "Entegrasyon.Entity.csproj".
   8:7>Target "CreateSatelliteAssemblies" in file "/usr/lib64/dotnet/sdk/10.0.101/Microsoft.Common.CurrentVersion.targets" from project "/home/baturhan/Projeler/Entegrasyon/Application/Entegrasyon.Entity/Entegrasyon.Entity.csproj" (target "CoreBuild" depends on it):
   8:7>Done building target "CreateSatelliteAssemblies" in project "Entegrasyon.Entity.csproj".
   8:7>Target "GetTargetPathWithTargetPlatformMoniker" in file "/usr/lib64/dotnet/sdk/10.0.101/Microsoft.Common.CurrentVersion.targets" from project "/home/baturhan/Projeler/Entegrasyon/Application/Entegrasyon.Entity/Entegrasyon.Entity.csproj" (target "GetTargetPath" depends on it):
   8:7>Done building target "GetTargetPathWithTargetPlatformMoniker" in project "Entegrasyon.Entity.csproj".
   8:7>Target "GetTargetPath" in file "/usr/lib64/dotnet/sdk/10.0.101/Microsoft.Common.CurrentVersion.targets" from project "/home/baturhan/Projeler/Entegrasyon/Application/Entegrasyon.Entity/Entegrasyon.Entity.csproj" (target "CoreBuild" depends on it):
   8:7>Done building target "GetTargetPath" in project "Entegrasyon.Entity.csproj".
   8:7>Target "_CopyFilesMarkedCopyLocal" in file "/usr/lib64/dotnet/sdk/10.0.101/Microsoft.Common.CurrentVersion.targets" from project "/home/baturhan/Projeler/Entegrasyon/Application/Entegrasyon.Entity/Entegrasyon.Entity.csproj" (target "CopyFilesToOutputDirectory" depends on it):
       Using "Copy" task from assembly "Microsoft.Build.Tasks.Core, Version=15.1.0.0, Culture=neutral, PublicKeyToken=b03f5f7f11d50a3a".
       Task "Copy"
         Did not copy from file "/home/baturhan/Projeler/Entegrasyon/Shared/Shared/bin/Debug/net8.0/Shared.dll" to file "bin/Debug/net8.0/Shared.dll" because the "SkipUnchangedFiles" parameter was set to "true" in the project and the files' sizes and timestamps match.
         Did not copy from file "/home/baturhan/Projeler/Entegrasyon/Shared/Shared/bin/Debug/net8.0/Shared.pdb" to file "bin/Debug/net8.0/Shared.pdb" because the "SkipUnchangedFiles" parameter was set to "true" in the project and the files' sizes and timestamps match.
       Done executing task "Copy".
   8:7>Done building target "_CopyFilesMarkedCopyLocal" in project "Entegrasyon.Entity.csproj".
       Target "AssignTargetPaths" skipped. Previously built successfully.
       Target "AssignProjectConfiguration" skipped. Previously built successfully.
       Target "_SplitProjectReferencesByFileExistence" skipped. Previously built successfully.
       Target "_GetProjectReferenceTargetFrameworkProperties" skipped. Previously built successfully.
   8:7>Target "_PopulateCommonStateForGetCopyToOutputDirectoryItems" in file "/usr/lib64/dotnet/sdk/10.0.101/Microsoft.Common.CurrentVersion.targets" from project "/home/baturhan/Projeler/Entegrasyon/Application/Entegrasyon.Entity/Entegrasyon.Entity.csproj" (target "GetCopyToOutputDirectoryItems" depends on it):
   8:7>Done building target "_PopulateCommonStateForGetCopyToOutputDirectoryItems" in project "Entegrasyon.Entity.csproj".
   8:7>Target "GetCopyToOutputDirectoryItems" in file "/usr/lib64/dotnet/sdk/10.0.101/Microsoft.Common.CurrentVersion.targets" from project "/home/baturhan/Projeler/Entegrasyon/Application/Entegrasyon.Entity/Entegrasyon.Entity.csproj" (target "_CopySourceItemsToOutputDirectory" depends on it):
       Using "CallTarget" task from assembly "Microsoft.Build.Tasks.Core, Version=15.1.0.0, Culture=neutral, PublicKeyToken=b03f5f7f11d50a3a".
       Task "CallTarget"
       Target "_PopulateCommonStateForGetCopyToOutputDirectoryItems" skipped. Previously built successfully.
       Target "_AddOutputPathToGlobalPropertiesToRemove" skipped. Previously built successfully.
   8:7>Target "_GetCopyToOutputDirectoryItemsFromTransitiveProjectReferences" in file "/usr/lib64/dotnet/sdk/10.0.101/Microsoft.Common.CurrentVersion.targets" from project "/home/baturhan/Projeler/Entegrasyon/Application/Entegrasyon.Entity/Entegrasyon.Entity.csproj" (target "GetCopyToOutputDirectoryItems" depends on it):
       Task "MSBuild"
         Removing Properties for project "../../Shared/Shared/Shared.csproj":
           TargetFramework
           RuntimeIdentifier
           SelfContained
   8:7>Project "/home/baturhan/Projeler/Entegrasyon/Application/Entegrasyon.Entity/Entegrasyon.Entity.csproj" (8:7) is building "/home/baturhan/Projeler/Entegrasyon/Shared/Shared/Shared.csproj" (6:22) on node 6 (GetCopyToOutputDirectoryItems target(s)).
  6:22>Target "NETStandardCompatError_Microsoft_Extensions_Configuration_Binder" skipped. Previously built successfully.
       Target "GetCopyToOutputDirectoryItems" skipped. Previously built successfully.
  6:22>Done Building Project "/home/baturhan/Projeler/Entegrasyon/Shared/Shared/Shared.csproj" (GetCopyToOutputDirectoryItems target(s)).
   8:7>Done executing task "MSBuild".
       Task "AssignTargetPath"
       Done executing task "AssignTargetPath".
   8:7>Done building target "_GetCopyToOutputDirectoryItemsFromTransitiveProjectReferences" in project "Entegrasyon.Entity.csproj".
       Done executing task "CallTarget".
       Task "CallTarget"
       Target "AssignTargetPaths" skipped. Previously built successfully.
       Target "_PopulateCommonStateForGetCopyToOutputDirectoryItems" skipped. Previously built successfully.
   8:7>Target "_GetCopyToOutputDirectoryItemsFromThisProject" in file "/usr/lib64/dotnet/sdk/10.0.101/Microsoft.Common.CurrentVersion.targets" from project "/home/baturhan/Projeler/Entegrasyon/Application/Entegrasyon.Entity/Entegrasyon.Entity.csproj" (target "GetCopyToOutputDirectoryItems" depends on it):
       Task "AssignTargetPath"
       Done executing task "AssignTargetPath".
   8:7>Done building target "_GetCopyToOutputDirectoryItemsFromThisProject" in project "Entegrasyon.Entity.csproj".
       Done executing task "CallTarget".
   8:7>Done building target "GetCopyToOutputDirectoryItems" in project "Entegrasyon.Entity.csproj".
   8:7>Target "_CopySourceItemsToOutputDirectory" in file "/usr/lib64/dotnet/sdk/10.0.101/Microsoft.Common.CurrentVersion.targets" from project "/home/baturhan/Projeler/Entegrasyon/Application/Entegrasyon.Entity/Entegrasyon.Entity.csproj" (target "CopyFilesToOutputDirectory" depends on it):
   8:7>Done building target "_CopySourceItemsToOutputDirectory" in project "Entegrasyon.Entity.csproj".
   8:7>Target "_CheckForCompileOutputs" in file "/usr/lib64/dotnet/sdk/10.0.101/Microsoft.Common.CurrentVersion.targets" from project "/home/baturhan/Projeler/Entegrasyon/Application/Entegrasyon.Entity/Entegrasyon.Entity.csproj" (target "CopyFilesToOutputDirectory" depends on it):
   8:7>Done building target "_CheckForCompileOutputs" in project "Entegrasyon.Entity.csproj".
       Target "_DefaultMicrosoftNETPlatformLibrary" skipped. Previously built successfully.
       Target "_HandlePackageFileConflicts" skipped. Previously built successfully.
       Target "ResolveAssemblyReferences" skipped. Previously built successfully.
   8:7>Target "_ComputeReferenceAssemblies" in file "/usr/lib64/dotnet/sdk/10.0.101/Sdks/Microsoft.NET.Sdk/targets/Microsoft.NET.Sdk.targets" from project "/home/baturhan/Projeler/Entegrasyon/Application/Entegrasyon.Entity/Entegrasyon.Entity.csproj" (target "GenerateBuildDependencyFile" depends on it):
   8:7>Done building target "_ComputeReferenceAssemblies" in project "Entegrasyon.Entity.csproj".
   8:7>Target "_ComputeUserRuntimeAssemblies" in file "/usr/lib64/dotnet/sdk/10.0.101/Sdks/Microsoft.NET.Sdk/targets/Microsoft.NET.Sdk.targets" from project "/home/baturhan/Projeler/Entegrasyon/Application/Entegrasyon.Entity/Entegrasyon.Entity.csproj" (target "GenerateBuildDependencyFile" depends on it):
   8:7>Done building target "_ComputeUserRuntimeAssemblies" in project "Entegrasyon.Entity.csproj".
       Target "_ComputePackageReferencePublish" skipped. Previously built successfully.
   8:7>Target "GenerateBuildDependencyFile" in file "/usr/lib64/dotnet/sdk/10.0.101/Sdks/Microsoft.NET.Sdk/targets/Microsoft.NET.Sdk.targets" from project "/home/baturhan/Projeler/Entegrasyon/Application/Entegrasyon.Entity/Entegrasyon.Entity.csproj" (target "CopyFilesToOutputDirectory" depends on it):
       Skipping target "GenerateBuildDependencyFile" because all output files are up-to-date with respect to the input files.
       Input files: 
           /home/baturhan/Projeler/Entegrasyon/Application/Entegrasyon.Entity/obj/project.assets.json
           /home/baturhan/Projeler/Entegrasyon/Application/Entegrasyon.Entity/obj/Debug/net8.0/Entegrasyon.Entity.assets.cache
           /home/baturhan/Projeler/Entegrasyon/Application/Entegrasyon.Entity/obj/Entegrasyon.Entity.csproj.nuget.g.targets
           /usr/lib64/dotnet/sdk/10.0.101/Current/Microsoft.Common.targets/ImportAfter/Microsoft.TestPlatform.ImportAfter.targets
       Output files: /home/baturhan/Projeler/Entegrasyon/Application/Entegrasyon.Entity/bin/Debug/net8.0/Entegrasyon.Entity.deps.json
   8:7>Done building target "GenerateBuildDependencyFile" in project "Entegrasyon.Entity.csproj".
   8:7>Target "CopyFilesToOutputDirectory" in file "/usr/lib64/dotnet/sdk/10.0.101/Microsoft.Common.CurrentVersion.targets" from project "/home/baturhan/Projeler/Entegrasyon/Application/Entegrasyon.Entity/Entegrasyon.Entity.csproj" (target "PrepareForRun" depends on it):
       Task "Copy"
         Did not copy from file "obj/Debug/net8.0/Entegrasyon.Entity.dll" to file "bin/Debug/net8.0/Entegrasyon.Entity.dll" because the "SkipUnchangedFiles" parameter was set to "true" in the project and the files' sizes and timestamps match.
       Done executing task "Copy".
       Using "CopyRefAssembly" task from assembly "/usr/lib64/dotnet/sdk/10.0.101/Sdks/Microsoft.NET.Sdk/targets/../../../Roslyn/Microsoft.Build.Tasks.CodeAnalysis.dll".
       Task "CopyRefAssembly"
         Reference assembly "/home/baturhan/Projeler/Entegrasyon/Application/Entegrasyon.Entity/obj/Debug/net8.0/ref/Entegrasyon.Entity.dll" already has latest information. Leaving it untouched.
       Done executing task "CopyRefAssembly".
       Task "Message"
         Entegrasyon.Entity -> /home/baturhan/Projeler/Entegrasyon/Application/Entegrasyon.Entity/bin/Debug/net8.0/Entegrasyon.Entity.dll
       Done executing task "Message".
       Task "Copy"
         Did not copy from file "obj/Debug/net8.0/Entegrasyon.Entity.pdb" to file "bin/Debug/net8.0/Entegrasyon.Entity.pdb" because the "SkipUnchangedFiles" parameter was set to "true" in the project and the files' sizes and timestamps match.
       Done executing task "Copy".
   8:7>Done building target "CopyFilesToOutputDirectory" in project "Entegrasyon.Entity.csproj".
   8:7>Target "PrepareForRun" in file "/usr/lib64/dotnet/sdk/10.0.101/Microsoft.Common.CurrentVersion.targets" from project "/home/baturhan/Projeler/Entegrasyon/Application/Entegrasyon.Entity/Entegrasyon.Entity.csproj" (target "CoreBuild" depends on it):
   8:7>Done building target "PrepareForRun" in project "Entegrasyon.Entity.csproj".
       Target "_CheckForCompileOutputs" skipped. Previously built successfully.
   8:7>Target "_CleanGetCurrentAndPriorFileWrites" in file "/usr/lib64/dotnet/sdk/10.0.101/Microsoft.Common.CurrentVersion.targets" from project "/home/baturhan/Projeler/Entegrasyon/Application/Entegrasyon.Entity/Entegrasyon.Entity.csproj" (target "IncrementalClean" depends on it):
       Using "ReadLinesFromFile" task from assembly "Microsoft.Build.Tasks.Core, Version=15.1.0.0, Culture=neutral, PublicKeyToken=b03f5f7f11d50a3a".
       Task "ReadLinesFromFile"
       Done executing task "ReadLinesFromFile".
       Task "ConvertToAbsolutePath"
       Done executing task "ConvertToAbsolutePath".
       Using "FindUnderPath" task from assembly "Microsoft.Build.Tasks.Core, Version=15.1.0.0, Culture=neutral, PublicKeyToken=b03f5f7f11d50a3a".
       Task "FindUnderPath"
         Comparison path is "/home/baturhan/Projeler/Entegrasyon/Application/Entegrasyon.Entity".
       Done executing task "FindUnderPath".
       Task "FindUnderPath"
         Comparison path is "bin/Debug/net8.0/".
       Done executing task "FindUnderPath".
       Task "FindUnderPath"
         Comparison path is "obj/Debug/net8.0/".
       Done executing task "FindUnderPath".
       Task "RemoveDuplicates"
       Done executing task "RemoveDuplicates".
   8:7>Done building target "_CleanGetCurrentAndPriorFileWrites" in project "Entegrasyon.Entity.csproj".
   8:7>Target "IncrementalClean" in file "/usr/lib64/dotnet/sdk/10.0.101/Microsoft.Common.CurrentVersion.targets" from project "/home/baturhan/Projeler/Entegrasyon/Application/Entegrasyon.Entity/Entegrasyon.Entity.csproj" (target "CoreBuild" depends on it):
       Task "FindUnderPath"
         Comparison path is "bin/Debug/net8.0/".
       Done executing task "FindUnderPath".
       Task "FindUnderPath"
         Comparison path is "obj/Debug/net8.0/".
       Done executing task "FindUnderPath".
       Using "Delete" task from assembly "Microsoft.Build.Tasks.Core, Version=15.1.0.0, Culture=neutral, PublicKeyToken=b03f5f7f11d50a3a".
       Task "Delete"
       Done executing task "Delete".
       Task "RemoveDuplicates"
       Done executing task "RemoveDuplicates".
   8:7>Done building target "IncrementalClean" in project "Entegrasyon.Entity.csproj".
       Target "GenerateBuildDependencyFile" skipped. Previously built successfully.
   8:7>Target "CoreBuild" in file "/usr/lib64/dotnet/sdk/10.0.101/Microsoft.Common.CurrentVersion.targets" from project "/home/baturhan/Projeler/Entegrasyon/Application/Entegrasyon.Entity/Entegrasyon.Entity.csproj" (target "Build" depends on it):
   8:7>Done building target "CoreBuild" in project "Entegrasyon.Entity.csproj".
   8:7>Target "AfterBuild" in file "/usr/lib64/dotnet/sdk/10.0.101/Microsoft.Common.CurrentVersion.targets" from project "/home/baturhan/Projeler/Entegrasyon/Application/Entegrasyon.Entity/Entegrasyon.Entity.csproj" (target "Build" depends on it):
   8:7>Done building target "AfterBuild" in project "Entegrasyon.Entity.csproj".
       Target "_CheckForInvalidConfigurationAndPlatform" skipped. Previously built successfully.
       Target "_CheckForInvalidConfigurationAndPlatform" skipped. Previously built successfully.
   8:7>Target "Build" in file "/usr/lib64/dotnet/sdk/10.0.101/Microsoft.Common.CurrentVersion.targets" from project "/home/baturhan/Projeler/Entegrasyon/Application/Entegrasyon.Entity/Entegrasyon.Entity.csproj" (entry point):
   8:7>Done building target "Build" in project "Entegrasyon.Entity.csproj".
   8:7>Target "_CheckContainersPackage" in file "/usr/lib64/dotnet/sdk/10.0.101/Containers/build/Microsoft.NET.Build.Containers.targets" from project "/home/baturhan/Projeler/Entegrasyon/Application/Entegrasyon.Entity/Entegrasyon.Entity.csproj" (entry point):
   8:7>Done building target "_CheckContainersPackage" in project "Entegrasyon.Entity.csproj".
   8:7>Done Building Project "/home/baturhan/Projeler/Entegrasyon/Application/Entegrasyon.Entity/Entegrasyon.Entity.csproj" (default targets).
   2:8>Project "/home/baturhan/Projeler/Entegrasyon/Application/Entegrasyon.Business/Entegrasyon.Business.csproj" (2:8) is building "/home/baturhan/Projeler/Entegrasyon/Application/Entegrasyon.Entity/Entegrasyon.Entity.csproj" (8:13) on node 1 (default targets).
  8:13>Target "NETStandardCompatError_Microsoft_Extensions_Configuration_Binder" skipped. Previously built successfully.
       Target "Build" skipped. Previously built successfully.
  8:13>Done Building Project "/home/baturhan/Projeler/Entegrasyon/Application/Entegrasyon.Entity/Entegrasyon.Entity.csproj" (default targets).
   3:6>Project "/home/baturhan/Projeler/Entegrasyon/Application/Entegrasyon.MessageQueue/Entegrasyon.MessageQueue.Handler.csproj" (3:6) is building "/home/baturhan/Projeler/Entegrasyon/Application/Entegrasyon.Entity/Entegrasyon.Entity.csproj" (8:14) on node 1 (default targets).
  8:14>Target "NETStandardCompatError_Microsoft_Extensions_Configuration_Binder" skipped. Previously built successfully.
       Target "Build" skipped. Previously built successfully.
  8:14>Done Building Project "/home/baturhan/Projeler/Entegrasyon/Application/Entegrasyon.Entity/Entegrasyon.Entity.csproj" (default targets).
   4:6>Project "/home/baturhan/Projeler/Entegrasyon/Application/Entegrasyon.ApplicationBootstrap/Entegrasyon.ApplicationBootstrap.csproj" (4:6) is building "/home/baturhan/Projeler/Entegrasyon/Application/Entegrasyon.Entity/Entegrasyon.Entity.csproj" (8:15) on node 1 (default targets).
  8:15>Target "NETStandardCompatError_Microsoft_Extensions_Configuration_Binder" skipped. Previously built successfully.
       Target "Build" skipped. Previously built successfully.
  8:15>Done Building Project "/home/baturhan/Projeler/Entegrasyon/Application/Entegrasyon.Entity/Entegrasyon.Entity.csproj" (default targets).
   7:7>Project "/home/baturhan/Projeler/Entegrasyon/Application/Entegrasyon.DataAccess/Entegrasyon.DataAccess.csproj" (7:7) is building "/home/baturhan/Projeler/Entegrasyon/Application/Entegrasyon.Entity/Entegrasyon.Entity.csproj" (8:16) on node 1 (default targets).
  8:16>Target "NETStandardCompatError_Microsoft_Extensions_Configuration_Binder" skipped. Previously built successfully.
       Target "Build" skipped. Previously built successfully.
  8:16>Done Building Project "/home/baturhan/Projeler/Entegrasyon/Application/Entegrasyon.Entity/Entegrasyon.Entity.csproj" (default targets).
   5:7>Project "/home/baturhan/Projeler/Entegrasyon/Application/Entegrasyon.MessageQueue.Commands/Entegrasyon.MessageQueue.Commands.csproj" (5:7) is building "/home/baturhan/Projeler/Entegrasyon/Application/Entegrasyon.Entity/Entegrasyon.Entity.csproj" (8:17) on node 1 (default targets).
  8:17>Target "NETStandardCompatError_Microsoft_Extensions_Configuration_Binder" skipped. Previously built successfully.
       Target "Build" skipped. Previously built successfully.
  8:17>Done Building Project "/home/baturhan/Projeler/Entegrasyon/Application/Entegrasyon.Entity/Entegrasyon.Entity.csproj" (default targets).
   7:7>Done executing task "MSBuild".
       Task "MSBuild"
   5:7>Done executing task "MSBuild".
   7:7>ResolveProjectReferences:
         Removing Properties for project "../Entegrasyon.Entity/Entegrasyon.Entity.csproj":
           TargetFramework
           RuntimeIdentifier
           SelfContained
         Removing Properties for project "../../Shared/Shared/Shared.csproj":
           TargetFramework
           RuntimeIdentifier
           SelfContained
   5:7>Task "MSBuild"
   7:7>Project "/home/baturhan/Projeler/Entegrasyon/Application/Entegrasyon.DataAccess/Entegrasyon.DataAccess.csproj" (7:7) is building "/home/baturhan/Projeler/Entegrasyon/Shared/Shared/Shared.csproj" (6:23) on node 6 (GetNativeManifest target(s)).
  6:23>Target "NETStandardCompatError_Microsoft_Extensions_Configuration_Binder" skipped. Previously built successfully.
       Target "GetNativeManifest" skipped. Previously built successfully.
  6:23>Done Building Project "/home/baturhan/Projeler/Entegrasyon/Shared/Shared/Shared.csproj" (GetNativeManifest target(s)).
   5:7>ResolveProjectReferences:
         Removing Properties for project "../Entegrasyon.Entity/Entegrasyon.Entity.csproj":
           TargetFramework
           RuntimeIdentifier
           SelfContained
         Removing Properties for project "../../Shared/Shared/Shared.csproj":
           TargetFramework
           RuntimeIdentifier
           SelfContained
   5:7>Project "/home/baturhan/Projeler/Entegrasyon/Application/Entegrasyon.MessageQueue.Commands/Entegrasyon.MessageQueue.Commands.csproj" (5:7) is building "/home/baturhan/Projeler/Entegrasyon/Shared/Shared/Shared.csproj" (6:24) on node 6 (GetNativeManifest target(s)).
  6:24>Target "NETStandardCompatError_Microsoft_Extensions_Configuration_Binder" skipped. Previously built successfully.
       Target "GetNativeManifest" skipped. Previously built successfully.
  6:24>Done Building Project "/home/baturhan/Projeler/Entegrasyon/Shared/Shared/Shared.csproj" (GetNativeManifest target(s)).
   7:7>Project "/home/baturhan/Projeler/Entegrasyon/Application/Entegrasyon.DataAccess/Entegrasyon.DataAccess.csproj" (7:7) is building "/home/baturhan/Projeler/Entegrasyon/Application/Entegrasyon.Entity/Entegrasyon.Entity.csproj" (8:18) on node 1 (GetNativeManifest target(s)).
  8:18>Target "NETStandardCompatError_Microsoft_Extensions_Configuration_Binder" skipped. Previously built successfully.
  8:18>Target "GetNativeManifest" in file "/usr/lib64/dotnet/sdk/10.0.101/Microsoft.Common.CurrentVersion.targets" from project "/home/baturhan/Projeler/Entegrasyon/Application/Entegrasyon.Entity/Entegrasyon.Entity.csproj" (entry point):
  8:18>Done building target "GetNativeManifest" in project "Entegrasyon.Entity.csproj".
  8:18>Done Building Project "/home/baturhan/Projeler/Entegrasyon/Application/Entegrasyon.Entity/Entegrasyon.Entity.csproj" (GetNativeManifest target(s)).
   5:7>Project "/home/baturhan/Projeler/Entegrasyon/Application/Entegrasyon.MessageQueue.Commands/Entegrasyon.MessageQueue.Commands.csproj" (5:7) is building "/home/baturhan/Projeler/Entegrasyon/Application/Entegrasyon.Entity/Entegrasyon.Entity.csproj" (8:19) on node 1 (GetNativeManifest target(s)).
  8:19>Target "NETStandardCompatError_Microsoft_Extensions_Configuration_Binder" skipped. Previously built successfully.
       Target "GetNativeManifest" skipped. Previously built successfully.
  8:19>Done Building Project "/home/baturhan/Projeler/Entegrasyon/Application/Entegrasyon.Entity/Entegrasyon.Entity.csproj" (GetNativeManifest target(s)).
   5:7>Done executing task "MSBuild".
   7:7>Done executing task "MSBuild".
   5:7>Done building target "ResolveProjectReferences" in project "Entegrasyon.MessageQueue.Commands.csproj".
       Target "ResolveProjectReferences" skipped. Previously built successfully.
       Target "GetFrameworkPaths" skipped. Previously built successfully.
       Target "GetReferenceAssemblyPaths" skipped. Previously built successfully.
   7:7>Done building target "ResolveProjectReferences" in project "Entegrasyon.DataAccess.csproj".
   5:7>Target "PrepareForBuild" skipped. Previously built successfully.
   7:7>Target "ResolveProjectReferences" skipped. Previously built successfully.
   5:7>Target "ResolveSDKReferences" in file "/usr/lib64/dotnet/sdk/10.0.101/Microsoft.Common.CurrentVersion.targets" from project "/home/baturhan/Projeler/Entegrasyon/Application/Entegrasyon.MessageQueue.Commands/Entegrasyon.MessageQueue.Commands.csproj" (target "ResolveAssemblyReferences" depends on it):
   5:7>Done building target "ResolveSDKReferences" in project "Entegrasyon.MessageQueue.Commands.csproj".
   7:7>Target "GetFrameworkPaths" skipped. Previously built successfully.
   5:7>Target "ResolveSDKReferences" skipped. Previously built successfully.
   7:7>Target "GetReferenceAssemblyPaths" skipped. Previously built successfully.
       Target "PrepareForBuild" skipped. Previously built successfully.
   5:7>Target "ExpandSDKReferences" in file "/usr/lib64/dotnet/sdk/10.0.101/Microsoft.Common.CurrentVersion.targets" from project "/home/baturhan/Projeler/Entegrasyon/Application/Entegrasyon.MessageQueue.Commands/Entegrasyon.MessageQueue.Commands.csproj" (target "ResolveAssemblyReferences" depends on it):
   5:7>Done building target "ExpandSDKReferences" in project "Entegrasyon.MessageQueue.Commands.csproj".
       Target "ResolvePackageDependenciesForBuild" skipped. Previously built successfully.
   7:7>Target "ResolveSDKReferences" in file "/usr/lib64/dotnet/sdk/10.0.101/Microsoft.Common.CurrentVersion.targets" from project "/home/baturhan/Projeler/Entegrasyon/Application/Entegrasyon.DataAccess/Entegrasyon.DataAccess.csproj" (target "ResolveAssemblyReferences" depends on it):
   7:7>Done building target "ResolveSDKReferences" in project "Entegrasyon.DataAccess.csproj".
   5:7>Target "GetFrameworkPaths" skipped. Previously built successfully.
   7:7>Target "ResolveSDKReferences" skipped. Previously built successfully.
   5:7>Target "GetReferenceAssemblyPaths" skipped. Previously built successfully.
       Target "ProcessFrameworkReferences" skipped. Previously built successfully.
       Target "ResolvePackageAssets" skipped. Previously built successfully.
   7:7>Target "ExpandSDKReferences" in file "/usr/lib64/dotnet/sdk/10.0.101/Microsoft.Common.CurrentVersion.targets" from project "/home/baturhan/Projeler/Entegrasyon/Application/Entegrasyon.DataAccess/Entegrasyon.DataAccess.csproj" (target "ResolveAssemblyReferences" depends on it):
   7:7>Done building target "ExpandSDKReferences" in project "Entegrasyon.DataAccess.csproj".
       Target "ResolvePackageDependenciesForBuild" skipped. Previously built successfully.
   5:7>Target "ResolveFrameworkReferences" in file "/usr/lib64/dotnet/sdk/10.0.101/Sdks/Microsoft.NET.Sdk/targets/Microsoft.NET.Sdk.FrameworkReferenceResolution.targets" from project "/home/baturhan/Projeler/Entegrasyon/Application/Entegrasyon.MessageQueue.Commands/Entegrasyon.MessageQueue.Commands.csproj" (target "ResolveTargetingPackAssets" depends on it):
   5:7>Using "GetPackageDirectory" task from assembly "/usr/lib64/dotnet/sdk/10.0.101/Sdks/Microsoft.NET.Sdk/targets/../tools/net10.0/Microsoft.NET.Build.Tasks.dll".
   7:7>Target "GetFrameworkPaths" skipped. Previously built successfully.
   5:7>Task "GetPackageDirectory"
   7:7>Target "GetReferenceAssemblyPaths" skipped. Previously built successfully.
   5:7>Done executing task "GetPackageDirectory".
   7:7>Target "ProcessFrameworkReferences" skipped. Previously built successfully.
   5:7>Task "GetPackageDirectory"
   7:7>Target "ResolvePackageAssets" skipped. Previously built successfully.
   5:7>Done executing task "GetPackageDirectory".
   7:7>Target "ResolveFrameworkReferences" in file "/usr/lib64/dotnet/sdk/10.0.101/Sdks/Microsoft.NET.Sdk/targets/Microsoft.NET.Sdk.FrameworkReferenceResolution.targets" from project "/home/baturhan/Projeler/Entegrasyon/Application/Entegrasyon.DataAccess/Entegrasyon.DataAccess.csproj" (target "ResolveTargetingPackAssets" depends on it):
   7:7>Using "GetPackageDirectory" task from assembly "/usr/lib64/dotnet/sdk/10.0.101/Sdks/Microsoft.NET.Sdk/targets/../tools/net10.0/Microsoft.NET.Build.Tasks.dll".
   5:7>Task "GetPackageDirectory"
       Done executing task "GetPackageDirectory".
   7:7>Task "GetPackageDirectory"
   5:7>Task "GetPackageDirectory"
   7:7>Done executing task "GetPackageDirectory".
   5:7>Done executing task "GetPackageDirectory".
   7:7>Task "GetPackageDirectory"
   5:7>Task "GetPackageDirectory"
   7:7>Done executing task "GetPackageDirectory".
   5:7>Done executing task "GetPackageDirectory".
   7:7>Task "GetPackageDirectory"
   5:7>Task "GetPackageDirectory"
   7:7>Done executing task "GetPackageDirectory".
   5:7>Done executing task "GetPackageDirectory".
   7:7>Task "GetPackageDirectory"
   5:7>Task "GetPackageDirectory"
   7:7>Done executing task "GetPackageDirectory".
   5:7>Done executing task "GetPackageDirectory".
   7:7>Task "GetPackageDirectory"
   5:7>Task "GetPackageDirectory"
   7:7>Done executing task "GetPackageDirectory".
   5:7>Done executing task "GetPackageDirectory".
   7:7>Task "GetPackageDirectory"
   5:7>Task "GetPackageDirectory"
   7:7>Done executing task "GetPackageDirectory".
   5:7>Done executing task "GetPackageDirectory".
   7:7>Task "GetPackageDirectory"
   5:7>Task "GetPackageDirectory"
   7:7>Done executing task "GetPackageDirectory".
   5:7>Done executing task "GetPackageDirectory".
   7:7>Task "GetPackageDirectory"
   5:7>ResolveFrameworkReferences:
       Using "ResolveFrameworkReferences" task from assembly "/usr/lib64/dotnet/sdk/10.0.101/Sdks/Microsoft.NET.Sdk/targets/../tools/net10.0/Microsoft.NET.Build.Tasks.dll".
   7:7>Done executing task "GetPackageDirectory".
   5:7>Task "ResolveFrameworkReferences"
   7:7>Task "GetPackageDirectory"
   5:7>Done executing task "ResolveFrameworkReferences".
   7:7>Done executing task "GetPackageDirectory".
   5:7>Done building target "ResolveFrameworkReferences" in project "Entegrasyon.MessageQueue.Commands.csproj".
   7:7>Task "GetPackageDirectory"
       Done executing task "GetPackageDirectory".
   5:7>Target "ResolveTargetingPackAssets" in file "/usr/lib64/dotnet/sdk/10.0.101/Sdks/Microsoft.NET.Sdk/targets/Microsoft.NET.Sdk.FrameworkReferenceResolution.targets" from project "/home/baturhan/Projeler/Entegrasyon/Application/Entegrasyon.MessageQueue.Commands/Entegrasyon.MessageQueue.Commands.csproj" (target "_HandlePackageFileConflicts" depends on it):
   5:7>Using "ResolveTargetingPackAssets" task from assembly "/usr/lib64/dotnet/sdk/10.0.101/Sdks/Microsoft.NET.Sdk/targets/../tools/net10.0/Microsoft.NET.Build.Tasks.dll".
   7:7>ResolveFrameworkReferences:
       Using "ResolveFrameworkReferences" task from assembly "/usr/lib64/dotnet/sdk/10.0.101/Sdks/Microsoft.NET.Sdk/targets/../tools/net10.0/Microsoft.NET.Build.Tasks.dll".
   5:7>Task "ResolveTargetingPackAssets"
   7:7>Task "ResolveFrameworkReferences"
       Done executing task "ResolveFrameworkReferences".
   7:7>Done building target "ResolveFrameworkReferences" in project "Entegrasyon.DataAccess.csproj".
   5:7>Done executing task "ResolveTargetingPackAssets".
   7:7>Target "ResolveTargetingPackAssets" in file "/usr/lib64/dotnet/sdk/10.0.101/Sdks/Microsoft.NET.Sdk/targets/Microsoft.NET.Sdk.FrameworkReferenceResolution.targets" from project "/home/baturhan/Projeler/Entegrasyon/Application/Entegrasyon.DataAccess/Entegrasyon.DataAccess.csproj" (target "_HandlePackageFileConflicts" depends on it):
   7:7>Using "ResolveTargetingPackAssets" task from assembly "/usr/lib64/dotnet/sdk/10.0.101/Sdks/Microsoft.NET.Sdk/targets/../tools/net10.0/Microsoft.NET.Build.Tasks.dll".
       Task "ResolveTargetingPackAssets"
   5:7>Done building target "ResolveTargetingPackAssets" in project "Entegrasyon.MessageQueue.Commands.csproj".
   5:7>Target "ResolveOffByDefaultAnalyzers" in file "/usr/lib64/dotnet/sdk/10.0.101/Sdks/Microsoft.NET.Sdk/targets/Microsoft.NET.Sdk.FrameworkReferenceResolution.targets" from project "/home/baturhan/Projeler/Entegrasyon/Application/Entegrasyon.MessageQueue.Commands/Entegrasyon.MessageQueue.Commands.csproj" (target "_HandlePackageFileConflicts" depends on it):
   5:7>Done building target "ResolveOffByDefaultAnalyzers" in project "Entegrasyon.MessageQueue.Commands.csproj".
   5:7>Target "_HandlePackageFileConflicts" in file "/usr/lib64/dotnet/sdk/10.0.101/Sdks/Microsoft.NET.Sdk/targets/Microsoft.NET.ConflictResolution.targets" from project "/home/baturhan/Projeler/Entegrasyon/Application/Entegrasyon.MessageQueue.Commands/Entegrasyon.MessageQueue.Commands.csproj" (target "ResolveAssemblyReferences" depends on it):
       Using "ResolvePackageFileConflicts" task from assembly "/usr/lib64/dotnet/sdk/10.0.101/Sdks/Microsoft.NET.Sdk/targets/../tools/net10.0/Microsoft.NET.Build.Tasks.dll".
       Task "ResolvePackageFileConflicts"
   7:7>Done executing task "ResolveTargetingPackAssets".
   7:7>Done building target "ResolveTargetingPackAssets" in project "Entegrasyon.DataAccess.csproj".
   7:7>Target "ResolveOffByDefaultAnalyzers" in file "/usr/lib64/dotnet/sdk/10.0.101/Sdks/Microsoft.NET.Sdk/targets/Microsoft.NET.Sdk.FrameworkReferenceResolution.targets" from project "/home/baturhan/Projeler/Entegrasyon/Application/Entegrasyon.DataAccess/Entegrasyon.DataAccess.csproj" (target "_HandlePackageFileConflicts" depends on it):
   7:7>Done building target "ResolveOffByDefaultAnalyzers" in project "Entegrasyon.DataAccess.csproj".
   7:7>Target "_HandlePackageFileConflicts" in file "/usr/lib64/dotnet/sdk/10.0.101/Sdks/Microsoft.NET.Sdk/targets/Microsoft.NET.ConflictResolution.targets" from project "/home/baturhan/Projeler/Entegrasyon/Application/Entegrasyon.DataAccess/Entegrasyon.DataAccess.csproj" (target "ResolveAssemblyReferences" depends on it):
       Using "ResolvePackageFileConflicts" task from assembly "/usr/lib64/dotnet/sdk/10.0.101/Sdks/Microsoft.NET.Sdk/targets/../tools/net10.0/Microsoft.NET.Build.Tasks.dll".
       Task "ResolvePackageFileConflicts"
   5:7>_HandlePackageFileConflicts:
         Encountered conflict between 'Reference:/home/baturhan/.nuget/packages/system.diagnostics.diagnosticsource/8.0.0/lib/net8.0/System.Diagnostics.DiagnosticSource.dll' and 'Reference:/usr/lib64/dotnet/packs/Microsoft.NETCore.App.Ref/8.0.22/ref/net8.0/System.Diagnostics.DiagnosticSource.dll'. Choosing 'Reference:/usr/lib64/dotnet/packs/Microsoft.NETCore.App.Ref/8.0.22/ref/net8.0/System.Diagnostics.DiagnosticSource.dll' because file version '8.0.2225.52707' is greater than '8.0.23.53103'.
         Encountered conflict between 'Reference:/home/baturhan/.nuget/packages/system.text.encodings.web/8.0.0/lib/net8.0/System.Text.Encodings.Web.dll' and 'Reference:/usr/lib64/dotnet/packs/Microsoft.NETCore.App.Ref/8.0.22/ref/net8.0/System.Text.Encodings.Web.dll'. Choosing 'Reference:/usr/lib64/dotnet/packs/Microsoft.NETCore.App.Ref/8.0.22/ref/net8.0/System.Text.Encodings.Web.dll' because file version '8.0.2225.52707' is greater than '8.0.23.53103'.
         Encountered conflict between 'Reference:/home/baturhan/.nuget/packages/system.text.json/8.0.0/lib/net8.0/System.Text.Json.dll' and 'Reference:/usr/lib64/dotnet/packs/Microsoft.NETCore.App.Ref/8.0.22/ref/net8.0/System.Text.Json.dll'. Choosing 'Reference:/usr/lib64/dotnet/packs/Microsoft.NETCore.App.Ref/8.0.22/ref/net8.0/System.Text.Json.dll' because file version '8.0.2225.52707' is greater than '8.0.23.53103'.
         Encountered conflict between 'Reference:/home/baturhan/.nuget/packages/microsoft.extensions.caching.memory/8.0.1/lib/net8.0/Microsoft.Extensions.Caching.Memory.dll' and 'Reference:/usr/lib64/dotnet/packs/Microsoft.AspNetCore.App.Ref/8.0.22/ref/net8.0/Microsoft.Extensions.Caching.Memory.dll'. Choosing 'Reference:/usr/lib64/dotnet/packs/Microsoft.AspNetCore.App.Ref/8.0.22/ref/net8.0/Microsoft.Extensions.Caching.Memory.dll' because file version '8.0.2225.52707' is greater than '8.0.1024.46610'.
         Encountered conflict between 'Reference:/home/baturhan/.nuget/packages/microsoft.extensions.configuration.binder/8.0.2/lib/net8.0/Microsoft.Extensions.Configuration.Binder.dll' and 'Reference:/usr/lib64/dotnet/packs/Microsoft.AspNetCore.App.Ref/8.0.22/ref/net8.0/Microsoft.Extensions.Configuration.Binder.dll'. Choosing 'Reference:/usr/lib64/dotnet/packs/Microsoft.AspNetCore.App.Ref/8.0.22/ref/net8.0/Microsoft.Extensions.Configuration.Binder.dll' because file version '8.0.2225.52707' is greater than '8.0.724.31311'.
         Encountered conflict between 'Reference:/home/baturhan/.nuget/packages/microsoft.extensions.dependencyinjection.abstractions/8.0.2/lib/net8.0/Microsoft.Extensions.DependencyInjection.Abstractions.dll' and 'Reference:/usr/lib64/dotnet/packs/Microsoft.AspNetCore.App.Ref/8.0.22/ref/net8.0/Microsoft.Extensions.DependencyInjection.Abstractions.dll'. Choosing 'Reference:/usr/lib64/dotnet/packs/Microsoft.AspNetCore.App.Ref/8.0.22/ref/net8.0/Microsoft.Extensions.DependencyInjection.Abstractions.dll' because file version '8.0.2225.52707' is greater than '8.0.1024.46610'.
         Encountered conflict between 'Reference:/home/baturhan/.nuget/packages/microsoft.extensions.dependencyinjection/8.0.1/lib/net8.0/Microsoft.Extensions.DependencyInjection.dll' and 'Reference:/usr/lib64/dotnet/packs/Microsoft.AspNetCore.App.Ref/8.0.22/ref/net8.0/Microsoft.Extensions.DependencyInjection.dll'. Choosing 'Reference:/usr/lib64/dotnet/packs/Microsoft.AspNetCore.App.Ref/8.0.22/ref/net8.0/Microsoft.Extensions.DependencyInjection.dll' because file version '8.0.2225.52707' is greater than '8.0.1024.46610'.
         Encountered conflict between 'Reference:/home/baturhan/.nuget/packages/microsoft.extensions.logging.abstractions/8.0.2/lib/net8.0/Microsoft.Extensions.Logging.Abstractions.dll' and 'Reference:/usr/lib64/dotnet/packs/Microsoft.AspNetCore.App.Ref/8.0.22/ref/net8.0/Microsoft.Extensions.Logging.Abstractions.dll'. Choosing 'Reference:/usr/lib64/dotnet/packs/Microsoft.AspNetCore.App.Ref/8.0.22/ref/net8.0/Microsoft.Extensions.Logging.Abstractions.dll' because file version '8.0.2225.52707' is greater than '8.0.1024.46610'.
   7:7>_HandlePackageFileConflicts:
         Encountered conflict between 'Reference:/home/baturhan/.nuget/packages/system.diagnostics.diagnosticsource/8.0.0/lib/net8.0/System.Diagnostics.DiagnosticSource.dll' and 'Reference:/usr/lib64/dotnet/packs/Microsoft.NETCore.App.Ref/8.0.22/ref/net8.0/System.Diagnostics.DiagnosticSource.dll'. Choosing 'Reference:/usr/lib64/dotnet/packs/Microsoft.NETCore.App.Ref/8.0.22/ref/net8.0/System.Diagnostics.DiagnosticSource.dll' because file version '8.0.2225.52707' is greater than '8.0.23.53103'.
   5:7>_HandlePackageFileConflicts:
         Encountered conflict between 'Reference:/home/baturhan/.nuget/packages/microsoft.extensions.logging/8.0.1/lib/net8.0/Microsoft.Extensions.Logging.dll' and 'Reference:/usr/lib64/dotnet/packs/Microsoft.AspNetCore.App.Ref/8.0.22/ref/net8.0/Microsoft.Extensions.Logging.dll'. Choosing 'Reference:/usr/lib64/dotnet/packs/Microsoft.AspNetCore.App.Ref/8.0.22/ref/net8.0/Microsoft.Extensions.Logging.dll' because file version '8.0.2225.52707' is greater than '8.0.1024.46610'.
         Encountered conflict between 'Reference:/home/baturhan/.nuget/packages/microsoft.extensions.options/8.0.2/lib/net8.0/Microsoft.Extensions.Options.dll' and 'Reference:/usr/lib64/dotnet/packs/Microsoft.AspNetCore.App.Ref/8.0.22/ref/net8.0/Microsoft.Extensions.Options.dll'. Choosing 'Reference:/usr/lib64/dotnet/packs/Microsoft.AspNetCore.App.Ref/8.0.22/ref/net8.0/Microsoft.Extensions.Options.dll' because file version '8.0.2225.52707' is greater than '8.0.224.6711'.
   7:7>_HandlePackageFileConflicts:
         Encountered conflict between 'Reference:/home/baturhan/.nuget/packages/microsoft.extensions.caching.memory/8.0.1/lib/net8.0/Microsoft.Extensions.Caching.Memory.dll' and 'Reference:/usr/lib64/dotnet/packs/Microsoft.AspNetCore.App.Ref/8.0.22/ref/net8.0/Microsoft.Extensions.Caching.Memory.dll'. Choosing 'Reference:/usr/lib64/dotnet/packs/Microsoft.AspNetCore.App.Ref/8.0.22/ref/net8.0/Microsoft.Extensions.Caching.Memory.dll' because file version '8.0.2225.52707' is greater than '8.0.1024.46610'.
   5:7>_HandlePackageFileConflicts:
         Encountered conflict between 'Analyzer:/home/baturhan/.nuget/packages/system.text.json/8.0.0/analyzers/dotnet/roslyn4.4/cs/System.Text.Json.SourceGeneration.dll' and 'Analyzer:/usr/lib64/dotnet/packs/Microsoft.NETCore.App.Ref/8.0.22/analyzers/dotnet/cs/System.Text.Json.SourceGeneration.dll'. Choosing 'Analyzer:/usr/lib64/dotnet/packs/Microsoft.NETCore.App.Ref/8.0.22/analyzers/dotnet/cs/System.Text.Json.SourceGeneration.dll' because AssemblyVersion '8.0.13.2707' is greater than '8.0.9.3103'.
         Encountered conflict between 'Analyzer:/home/baturhan/.nuget/packages/microsoft.extensions.logging.abstractions/8.0.2/analyzers/dotnet/roslyn4.4/cs/Microsoft.Extensions.Logging.Generators.dll' and 'Analyzer:/usr/lib64/dotnet/packs/Microsoft.AspNetCore.App.Ref/8.0.22/analyzers/dotnet/roslyn4.4/cs/Microsoft.Extensions.Logging.Generators.dll'. Choosing 'Analyzer:/usr/lib64/dotnet/packs/Microsoft.AspNetCore.App.Ref/8.0.22/analyzers/dotnet/roslyn4.4/cs/Microsoft.Extensions.Logging.Generators.dll' because AssemblyVersion '8.0.13.2707' is greater than '8.0.10.46610'.
         Encountered conflict between 'Analyzer:/home/baturhan/.nuget/packages/microsoft.extensions.options/8.0.2/analyzers/dotnet/roslyn4.4/cs/Microsoft.Extensions.Options.SourceGeneration.dll' and 'Analyzer:/usr/lib64/dotnet/packs/Microsoft.AspNetCore.App.Ref/8.0.22/analyzers/dotnet/roslyn4.4/cs/Microsoft.Extensions.Options.SourceGeneration.dll'. Choosing 'Analyzer:/usr/lib64/dotnet/packs/Microsoft.AspNetCore.App.Ref/8.0.22/analyzers/dotnet/roslyn4.4/cs/Microsoft.Extensions.Options.SourceGeneration.dll' because AssemblyVersion '8.0.13.2707' is greater than '8.0.10.6711'.
   7:7>_HandlePackageFileConflicts:
         Encountered conflict between 'Reference:/home/baturhan/.nuget/packages/microsoft.extensions.configuration.binder/8.0.2/lib/net8.0/Microsoft.Extensions.Configuration.Binder.dll' and 'Reference:/usr/lib64/dotnet/packs/Microsoft.AspNetCore.App.Ref/8.0.22/ref/net8.0/Microsoft.Extensions.Configuration.Binder.dll'. Choosing 'Reference:/usr/lib64/dotnet/packs/Microsoft.AspNetCore.App.Ref/8.0.22/ref/net8.0/Microsoft.Extensions.Configuration.Binder.dll' because file version '8.0.2225.52707' is greater than '8.0.724.31311'.
         Encountered conflict between 'Reference:/home/baturhan/.nuget/packages/microsoft.extensions.dependencyinjection.abstractions/8.0.2/lib/net8.0/Microsoft.Extensions.DependencyInjection.Abstractions.dll' and 'Reference:/usr/lib64/dotnet/packs/Microsoft.AspNetCore.App.Ref/8.0.22/ref/net8.0/Microsoft.Extensions.DependencyInjection.Abstractions.dll'. Choosing 'Reference:/usr/lib64/dotnet/packs/Microsoft.AspNetCore.App.Ref/8.0.22/ref/net8.0/Microsoft.Extensions.DependencyInjection.Abstractions.dll' because file version '8.0.2225.52707' is greater than '8.0.1024.46610'.
         Encountered conflict between 'Reference:/home/baturhan/.nuget/packages/microsoft.extensions.dependencyinjection/8.0.1/lib/net8.0/Microsoft.Extensions.DependencyInjection.dll' and 'Reference:/usr/lib64/dotnet/packs/Microsoft.AspNetCore.App.Ref/8.0.22/ref/net8.0/Microsoft.Extensions.DependencyInjection.dll'. Choosing 'Reference:/usr/lib64/dotnet/packs/Microsoft.AspNetCore.App.Ref/8.0.22/ref/net8.0/Microsoft.Extensions.DependencyInjection.dll' because file version '8.0.2225.52707' is greater than '8.0.1024.46610'.
         Encountered conflict between 'Reference:/home/baturhan/.nuget/packages/microsoft.extensions.logging.abstractions/8.0.2/lib/net8.0/Microsoft.Extensions.Logging.Abstractions.dll' and 'Reference:/usr/lib64/dotnet/packs/Microsoft.AspNetCore.App.Ref/8.0.22/ref/net8.0/Microsoft.Extensions.Logging.Abstractions.dll'. Choosing 'Reference:/usr/lib64/dotnet/packs/Microsoft.AspNetCore.App.Ref/8.0.22/ref/net8.0/Microsoft.Extensions.Logging.Abstractions.dll' because file version '8.0.2225.52707' is greater than '8.0.1024.46610'.
         Encountered conflict between 'Reference:/home/baturhan/.nuget/packages/microsoft.extensions.logging/8.0.1/lib/net8.0/Microsoft.Extensions.Logging.dll' and 'Reference:/usr/lib64/dotnet/packs/Microsoft.AspNetCore.App.Ref/8.0.22/ref/net8.0/Microsoft.Extensions.Logging.dll'. Choosing 'Reference:/usr/lib64/dotnet/packs/Microsoft.AspNetCore.App.Ref/8.0.22/ref/net8.0/Microsoft.Extensions.Logging.dll' because file version '8.0.2225.52707' is greater than '8.0.1024.46610'.
         Encountered conflict between 'Reference:/home/baturhan/.nuget/packages/microsoft.extensions.options/8.0.2/lib/net8.0/Microsoft.Extensions.Options.dll' and 'Reference:/usr/lib64/dotnet/packs/Microsoft.AspNetCore.App.Ref/8.0.22/ref/net8.0/Microsoft.Extensions.Options.dll'. Choosing 'Reference:/usr/lib64/dotnet/packs/Microsoft.AspNetCore.App.Ref/8.0.22/ref/net8.0/Microsoft.Extensions.Options.dll' because file version '8.0.2225.52707' is greater than '8.0.224.6711'.
         Encountered conflict between 'Analyzer:/home/baturhan/.nuget/packages/microsoft.extensions.logging.abstractions/8.0.2/analyzers/dotnet/roslyn4.4/cs/Microsoft.Extensions.Logging.Generators.dll' and 'Analyzer:/usr/lib64/dotnet/packs/Microsoft.AspNetCore.App.Ref/8.0.22/analyzers/dotnet/roslyn4.4/cs/Microsoft.Extensions.Logging.Generators.dll'. Choosing 'Analyzer:/usr/lib64/dotnet/packs/Microsoft.AspNetCore.App.Ref/8.0.22/analyzers/dotnet/roslyn4.4/cs/Microsoft.Extensions.Logging.Generators.dll' because AssemblyVersion '8.0.13.2707' is greater than '8.0.10.46610'.
         Encountered conflict between 'Analyzer:/home/baturhan/.nuget/packages/microsoft.extensions.options/8.0.2/analyzers/dotnet/roslyn4.4/cs/Microsoft.Extensions.Options.SourceGeneration.dll' and 'Analyzer:/usr/lib64/dotnet/packs/Microsoft.AspNetCore.App.Ref/8.0.22/analyzers/dotnet/roslyn4.4/cs/Microsoft.Extensions.Options.SourceGeneration.dll'. Choosing 'Analyzer:/usr/lib64/dotnet/packs/Microsoft.AspNetCore.App.Ref/8.0.22/analyzers/dotnet/roslyn4.4/cs/Microsoft.Extensions.Options.SourceGeneration.dll' because AssemblyVersion '8.0.13.2707' is greater than '8.0.10.6711'.
   5:7>_HandlePackageFileConflicts:
         Encountered conflict between 'Platform:Microsoft.Extensions.Caching.Memory.dll' and 'Runtime:/home/baturhan/.nuget/packages/microsoft.extensions.caching.memory/8.0.1/lib/net8.0/Microsoft.Extensions.Caching.Memory.dll'. Choosing 'Runtime:/home/baturhan/.nuget/packages/microsoft.extensions.caching.memory/8.0.1/lib/net8.0/Microsoft.Extensions.Caching.Memory.dll' because file version '8.0.1024.46610' is greater than '8.0.23.53103'.
         Encountered conflict between 'Platform:Microsoft.Extensions.Configuration.Binder.dll' and 'Runtime:/home/baturhan/.nuget/packages/microsoft.extensions.configuration.binder/8.0.2/lib/net8.0/Microsoft.Extensions.Configuration.Binder.dll'. Choosing 'Runtime:/home/baturhan/.nuget/packages/microsoft.extensions.configuration.binder/8.0.2/lib/net8.0/Microsoft.Extensions.Configuration.Binder.dll' because file version '8.0.724.31311' is greater than '8.0.23.53103'.
         Encountered conflict between 'Platform:Microsoft.Extensions.DependencyInjection.dll' and 'Runtime:/home/baturhan/.nuget/packages/microsoft.extensions.dependencyinjection/8.0.1/lib/net8.0/Microsoft.Extensions.DependencyInjection.dll'. Choosing 'Runtime:/home/baturhan/.nuget/packages/microsoft.extensions.dependencyinjection/8.0.1/lib/net8.0/Microsoft.Extensions.DependencyInjection.dll' because file version '8.0.1024.46610' is greater than '8.0.23.53103'.
         Encountered conflict between 'Platform:Microsoft.Extensions.DependencyInjection.Abstractions.dll' and 'Runtime:/home/baturhan/.nuget/packages/microsoft.extensions.dependencyinjection.abstractions/8.0.2/lib/net8.0/Microsoft.Extensions.DependencyInjection.Abstractions.dll'. Choosing 'Runtime:/home/baturhan/.nuget/packages/microsoft.extensions.dependencyinjection.abstractions/8.0.2/lib/net8.0/Microsoft.Extensions.DependencyInjection.Abstractions.dll' because file version '8.0.1024.46610' is greater than '8.0.23.53103'.
         Encountered conflict between 'Platform:Microsoft.Extensions.Logging.dll' and 'Runtime:/home/baturhan/.nuget/packages/microsoft.extensions.logging/8.0.1/lib/net8.0/Microsoft.Extensions.Logging.dll'. Choosing 'Runtime:/home/baturhan/.nuget/packages/microsoft.extensions.logging/8.0.1/lib/net8.0/Microsoft.Extensions.Logging.dll' because file version '8.0.1024.46610' is greater than '8.0.23.53103'.
         Encountered conflict between 'Platform:Microsoft.Extensions.Logging.Abstractions.dll' and 'Runtime:/home/baturhan/.nuget/packages/microsoft.extensions.logging.abstractions/8.0.2/lib/net8.0/Microsoft.Extensions.Logging.Abstractions.dll'. Choosing 'Runtime:/home/baturhan/.nuget/packages/microsoft.extensions.logging.abstractions/8.0.2/lib/net8.0/Microsoft.Extensions.Logging.Abstractions.dll' because file version '8.0.1024.46610' is greater than '8.0.23.53103'.
         Encountered conflict between 'Platform:Microsoft.Extensions.Options.dll' and 'Runtime:/home/baturhan/.nuget/packages/microsoft.extensions.options/8.0.2/lib/net8.0/Microsoft.Extensions.Options.dll'. Choosing 'Runtime:/home/baturhan/.nuget/packages/microsoft.extensions.options/8.0.2/lib/net8.0/Microsoft.Extensions.Options.dll' because file version '8.0.224.6711' is greater than '8.0.23.53103'.
         Encountered conflict between 'Platform:System.Diagnostics.DiagnosticSource.dll' and 'Runtime:/home/baturhan/.nuget/packages/system.diagnostics.diagnosticsource/8.0.0/lib/net8.0/System.Diagnostics.DiagnosticSource.dll'. Choosing 'Platform:System.Diagnostics.DiagnosticSource.dll' because file version '8.0.2225.52707' is greater than '8.0.23.53103'.
   7:7>_HandlePackageFileConflicts:
         Encountered conflict between 'Platform:Microsoft.Extensions.Caching.Memory.dll' and 'Runtime:/home/baturhan/.nuget/packages/microsoft.extensions.caching.memory/8.0.1/lib/net8.0/Microsoft.Extensions.Caching.Memory.dll'. Choosing 'Runtime:/home/baturhan/.nuget/packages/microsoft.extensions.caching.memory/8.0.1/lib/net8.0/Microsoft.Extensions.Caching.Memory.dll' because file version '8.0.1024.46610' is greater than '8.0.23.53103'.
   5:7>_HandlePackageFileConflicts:
         Encountered conflict between 'Platform:System.Text.Encodings.Web.dll' and 'Runtime:/home/baturhan/.nuget/packages/system.text.encodings.web/8.0.0/lib/net8.0/System.Text.Encodings.Web.dll'. Choosing 'Platform:System.Text.Encodings.Web.dll' because file version '8.0.2225.52707' is greater than '8.0.23.53103'.
   7:7>_HandlePackageFileConflicts:
         Encountered conflict between 'Platform:Microsoft.Extensions.Configuration.Binder.dll' and 'Runtime:/home/baturhan/.nuget/packages/microsoft.extensions.configuration.binder/8.0.2/lib/net8.0/Microsoft.Extensions.Configuration.Binder.dll'. Choosing 'Runtime:/home/baturhan/.nuget/packages/microsoft.extensions.configuration.binder/8.0.2/lib/net8.0/Microsoft.Extensions.Configuration.Binder.dll' because file version '8.0.724.31311' is greater than '8.0.23.53103'.
   5:7>_HandlePackageFileConflicts:
         Encountered conflict between 'Platform:System.Text.Json.dll' and 'Runtime:/home/baturhan/.nuget/packages/system.text.json/8.0.0/lib/net8.0/System.Text.Json.dll'. Choosing 'Platform:System.Text.Json.dll' because file version '8.0.2225.52707' is greater than '8.0.23.53103'.
   7:7>_HandlePackageFileConflicts:
         Encountered conflict between 'Platform:Microsoft.Extensions.DependencyInjection.dll' and 'Runtime:/home/baturhan/.nuget/packages/microsoft.extensions.dependencyinjection/8.0.1/lib/net8.0/Microsoft.Extensions.DependencyInjection.dll'. Choosing 'Runtime:/home/baturhan/.nuget/packages/microsoft.extensions.dependencyinjection/8.0.1/lib/net8.0/Microsoft.Extensions.DependencyInjection.dll' because file version '8.0.1024.46610' is greater than '8.0.23.53103'.
         Encountered conflict between 'Platform:Microsoft.Extensions.DependencyInjection.Abstractions.dll' and 'Runtime:/home/baturhan/.nuget/packages/microsoft.extensions.dependencyinjection.abstractions/8.0.2/lib/net8.0/Microsoft.Extensions.DependencyInjection.Abstractions.dll'. Choosing 'Runtime:/home/baturhan/.nuget/packages/microsoft.extensions.dependencyinjection.abstractions/8.0.2/lib/net8.0/Microsoft.Extensions.DependencyInjection.Abstractions.dll' because file version '8.0.1024.46610' is greater than '8.0.23.53103'.
   5:7>_HandlePackageFileConflicts:
         Encountered conflict between 'Platform:System.Text.Encodings.Web.dll' and 'Runtime:/home/baturhan/.nuget/packages/system.text.encodings.web/8.0.0/runtimes/browser/lib/net8.0/System.Text.Encodings.Web.dll'. Choosing 'Platform:System.Text.Encodings.Web.dll' because file version '8.0.2225.52707' is greater than '8.0.23.53103'.
         Encountered conflict between 'Platform:mscorlib.dll' and 'Platform:mscorlib.dll'. Could not determine winner due to equal file and assembly versions.
   7:7>_HandlePackageFileConflicts:
         Encountered conflict between 'Platform:Microsoft.Extensions.Logging.dll' and 'Runtime:/home/baturhan/.nuget/packages/microsoft.extensions.logging/8.0.1/lib/net8.0/Microsoft.Extensions.Logging.dll'. Choosing 'Runtime:/home/baturhan/.nuget/packages/microsoft.extensions.logging/8.0.1/lib/net8.0/Microsoft.Extensions.Logging.dll' because file version '8.0.1024.46610' is greater than '8.0.23.53103'.
   5:7>_HandlePackageFileConflicts:
         Encountered conflict between 'Platform:Microsoft.VisualBasic.dll' and 'Platform:Microsoft.VisualBasic.dll'. Could not determine winner due to equal file and assembly versions.
         Encountered conflict between 'Platform:System.dll' and 'Platform:System.dll'. Could not determine winner due to equal file and assembly versions.
         Encountered conflict between 'Platform:System.ComponentModel.DataAnnotations.dll' and 'Platform:System.ComponentModel.DataAnnotations.dll'. Could not determine winner due to equal file and assembly versions.
         Encountered conflict between 'Platform:System.Configuration.dll' and 'Platform:System.Configuration.dll'. Could not determine winner due to equal file and assembly versions.
   7:7>_HandlePackageFileConflicts:
         Encountered conflict between 'Platform:Microsoft.Extensions.Logging.Abstractions.dll' and 'Runtime:/home/baturhan/.nuget/packages/microsoft.extensions.logging.abstractions/8.0.2/lib/net8.0/Microsoft.Extensions.Logging.Abstractions.dll'. Choosing 'Runtime:/home/baturhan/.nuget/packages/microsoft.extensions.logging.abstractions/8.0.2/lib/net8.0/Microsoft.Extensions.Logging.Abstractions.dll' because file version '8.0.1024.46610' is greater than '8.0.23.53103'.
   5:7>_HandlePackageFileConflicts:
         Encountered conflict between 'Platform:System.Core.dll' and 'Platform:System.Core.dll'. Could not determine winner due to equal file and assembly versions.
         Encountered conflict between 'Platform:System.Data.dll' and 'Platform:System.Data.dll'. Could not determine winner due to equal file and assembly versions.
         Encountered conflict between 'Platform:System.Drawing.dll' and 'Platform:System.Drawing.dll'. Could not determine winner due to equal file and assembly versions.
         Encountered conflict between 'Platform:System.IO.Compression.FileSystem.dll' and 'Platform:System.IO.Compression.FileSystem.dll'. Could not determine winner due to equal file and assembly versions.
         Encountered conflict between 'Platform:System.Net.dll' and 'Platform:System.Net.dll'. Could not determine winner due to equal file and assembly versions.
         Encountered conflict between 'Platform:System.Numerics.dll' and 'Platform:System.Numerics.dll'. Could not determine winner due to equal file and assembly versions.
         Encountered conflict between 'Platform:System.Runtime.Serialization.dll' and 'Platform:System.Runtime.Serialization.dll'. Could not determine winner due to equal file and assembly versions.
         Encountered conflict between 'Platform:System.Security.dll' and 'Platform:System.Security.dll'. Could not determine winner due to equal file and assembly versions.
         Encountered conflict between 'Platform:System.ServiceProcess.dll' and 'Platform:System.ServiceProcess.dll'. Could not determine winner due to equal file and assembly versions.
         Encountered conflict between 'Platform:System.ServiceModel.Web.dll' and 'Platform:System.ServiceModel.Web.dll'. Could not determine winner due to equal file and assembly versions.
         Encountered conflict between 'Platform:System.Transactions.dll' and 'Platform:System.Transactions.dll'. Could not determine winner due to equal file and assembly versions.
         Encountered conflict between 'Platform:System.Web.dll' and 'Platform:System.Web.dll'. Could not determine winner due to equal file and assembly versions.
         Encountered conflict between 'Platform:System.Windows.dll' and 'Platform:System.Windows.dll'. Could not determine winner due to equal file and assembly versions.
         Encountered conflict between 'Platform:System.Xml.dll' and 'Platform:System.Xml.dll'. Could not determine winner due to equal file and assembly versions.
         Encountered conflict between 'Platform:System.Xml.Serialization.dll' and 'Platform:System.Xml.Serialization.dll'. Could not determine winner due to equal file and assembly versions.
         Encountered conflict between 'Platform:System.Xml.Linq.dll' and 'Platform:System.Xml.Linq.dll'. Could not determine winner due to equal file and assembly versions.
         Encountered conflict between 'Platform:WindowsBase.dll' and 'Platform:WindowsBase.dll'. Could not determine winner due to equal file and assembly versions.
         Encountered conflict between 'Platform:netstandard.dll' and 'Platform:netstandard.dll'. Could not determine winner due to equal file and assembly versions.
         Encountered conflict between 'Platform:System.Private.CoreLib.dll' and 'Platform:System.Private.CoreLib.dll'. Could not determine winner due to equal file and assembly versions.
         Encountered conflict between 'Platform:System.Private.DataContractSerialization.dll' and 'Platform:System.Private.DataContractSerialization.dll'. Could not determine winner due to equal file and assembly versions.
         Encountered conflict between 'Platform:System.Private.Uri.dll' and 'Platform:System.Private.Uri.dll'. Could not determine winner due to equal file and assembly versions.
         Encountered conflict between 'Platform:System.Private.Xml.dll' and 'Platform:System.Private.Xml.dll'. Could not determine winner due to equal file and assembly versions.
         Encountered conflict between 'Platform:System.Private.Xml.Linq.dll' and 'Platform:System.Private.Xml.Linq.dll'. Could not determine winner due to equal file and assembly versions.
         Encountered conflict between 'Platform:mscordaccore_amd64_amd64_8.0.2225.52707.dll' and 'Platform:mscordaccore_amd64_amd64_8.0.2225.52707.dll'. Could not determine winner due to equal file and assembly versions.
   7:7>_HandlePackageFileConflicts:
         Encountered conflict between 'Platform:Microsoft.Extensions.Options.dll' and 'Runtime:/home/baturhan/.nuget/packages/microsoft.extensions.options/8.0.2/lib/net8.0/Microsoft.Extensions.Options.dll'. Choosing 'Runtime:/home/baturhan/.nuget/packages/microsoft.extensions.options/8.0.2/lib/net8.0/Microsoft.Extensions.Options.dll' because file version '8.0.224.6711' is greater than '8.0.23.53103'.
         Encountered conflict between 'Platform:System.Collections.Immutable.dll' and 'Runtime:/home/baturhan/.nuget/packages/system.collections.immutable/6.0.0/lib/net6.0/System.Collections.Immutable.dll'. Choosing 'Platform:System.Collections.Immutable.dll' because AssemblyVersion '8.0.0.0' is greater than '6.0.0.0'.
   5:7>Done executing task "ResolvePackageFileConflicts".
   7:7>_HandlePackageFileConflicts:
         Encountered conflict between 'Platform:System.Diagnostics.DiagnosticSource.dll' and 'Runtime:/home/baturhan/.nuget/packages/system.diagnostics.diagnosticsource/8.0.0/lib/net8.0/System.Diagnostics.DiagnosticSource.dll'. Choosing 'Platform:System.Diagnostics.DiagnosticSource.dll' because file version '8.0.2225.52707' is greater than '8.0.23.53103'.
         Encountered conflict between 'Platform:System.Reflection.Metadata.dll' and 'Runtime:/home/baturhan/.nuget/packages/system.reflection.metadata/6.0.1/lib/net6.0/System.Reflection.Metadata.dll'. Choosing 'Platform:System.Reflection.Metadata.dll' because AssemblyVersion '8.0.0.0' is greater than '6.0.0.0'.
         Encountered conflict between 'Platform:System.Runtime.CompilerServices.Unsafe.dll' and 'Runtime:/home/baturhan/.nuget/packages/system.runtime.compilerservices.unsafe/6.0.0/lib/net6.0/System.Runtime.CompilerServices.Unsafe.dll'. Choosing 'Platform:System.Runtime.CompilerServices.Unsafe.dll' because AssemblyVersion '8.0.0.0' is greater than '6.0.0.0'.
         Encountered conflict between 'Platform:System.Text.Encoding.CodePages.dll' and 'Runtime:/home/baturhan/.nuget/packages/system.text.encoding.codepages/6.0.0/lib/net6.0/System.Text.Encoding.CodePages.dll'. Choosing 'Platform:System.Text.Encoding.CodePages.dll' because AssemblyVersion '8.0.0.0' is greater than '6.0.0.0'.
         Encountered conflict between 'Platform:System.Threading.Channels.dll' and 'Runtime:/home/baturhan/.nuget/packages/system.threading.channels/6.0.0/lib/net6.0/System.Threading.Channels.dll'. Choosing 'Platform:System.Threading.Channels.dll' because AssemblyVersion '8.0.0.0' is greater than '6.0.0.0'.
         Encountered conflict between 'Platform:System.Text.Encoding.CodePages.dll' and 'Runtime:/home/baturhan/.nuget/packages/system.text.encoding.codepages/6.0.0/runtimes/win/lib/net6.0/System.Text.Encoding.CodePages.dll'. Choosing 'Platform:System.Text.Encoding.CodePages.dll' because AssemblyVersion '8.0.0.0' is greater than '6.0.0.0'.
         Encountered conflict between 'Platform:mscorlib.dll' and 'Platform:mscorlib.dll'. Could not determine winner due to equal file and assembly versions.
         Encountered conflict between 'Platform:Microsoft.VisualBasic.dll' and 'Platform:Microsoft.VisualBasic.dll'. Could not determine winner due to equal file and assembly versions.
         Encountered conflict between 'Platform:System.dll' and 'Platform:System.dll'. Could not determine winner due to equal file and assembly versions.
         Encountered conflict between 'Platform:System.ComponentModel.DataAnnotations.dll' and 'Platform:System.ComponentModel.DataAnnotations.dll'. Could not determine winner due to equal file and assembly versions.
         Encountered conflict between 'Platform:System.Configuration.dll' and 'Platform:System.Configuration.dll'. Could not determine winner due to equal file and assembly versions.
         Encountered conflict between 'Platform:System.Core.dll' and 'Platform:System.Core.dll'. Could not determine winner due to equal file and assembly versions.
         Encountered conflict between 'Platform:System.Data.dll' and 'Platform:System.Data.dll'. Could not determine winner due to equal file and assembly versions.
         Encountered conflict between 'Platform:System.Drawing.dll' and 'Platform:System.Drawing.dll'. Could not determine winner due to equal file and assembly versions.
         Encountered conflict between 'Platform:System.IO.Compression.FileSystem.dll' and 'Platform:System.IO.Compression.FileSystem.dll'. Could not determine winner due to equal file and assembly versions.
         Encountered conflict between 'Platform:System.Net.dll' and 'Platform:System.Net.dll'. Could not determine winner due to equal file and assembly versions.
         Encountered conflict between 'Platform:System.Numerics.dll' and 'Platform:System.Numerics.dll'. Could not determine winner due to equal file and assembly versions.
         Encountered conflict between 'Platform:System.Runtime.Serialization.dll' and 'Platform:System.Runtime.Serialization.dll'. Could not determine winner due to equal file and assembly versions.
         Encountered conflict between 'Platform:System.Security.dll' and 'Platform:System.Security.dll'. Could not determine winner due to equal file and assembly versions.
         Encountered conflict between 'Platform:System.ServiceProcess.dll' and 'Platform:System.ServiceProcess.dll'. Could not determine winner due to equal file and assembly versions.
         Encountered conflict between 'Platform:System.ServiceModel.Web.dll' and 'Platform:System.ServiceModel.Web.dll'. Could not determine winner due to equal file and assembly versions.
         Encountered conflict between 'Platform:System.Transactions.dll' and 'Platform:System.Transactions.dll'. Could not determine winner due to equal file and assembly versions.
         Encountered conflict between 'Platform:System.Web.dll' and 'Platform:System.Web.dll'. Could not determine winner due to equal file and assembly versions.
         Encountered conflict between 'Platform:System.Windows.dll' and 'Platform:System.Windows.dll'. Could not determine winner due to equal file and assembly versions.
         Encountered conflict between 'Platform:System.Xml.dll' and 'Platform:System.Xml.dll'. Could not determine winner due to equal file and assembly versions.
         Encountered conflict between 'Platform:System.Xml.Serialization.dll' and 'Platform:System.Xml.Serialization.dll'. Could not determine winner due to equal file and assembly versions.
         Encountered conflict between 'Platform:System.Xml.Linq.dll' and 'Platform:System.Xml.Linq.dll'. Could not determine winner due to equal file and assembly versions.
         Encountered conflict between 'Platform:WindowsBase.dll' and 'Platform:WindowsBase.dll'. Could not determine winner due to equal file and assembly versions.
         Encountered conflict between 'Platform:netstandard.dll' and 'Platform:netstandard.dll'. Could not determine winner due to equal file and assembly versions.
         Encountered conflict between 'Platform:System.Private.CoreLib.dll' and 'Platform:System.Private.CoreLib.dll'. Could not determine winner due to equal file and assembly versions.
         Encountered conflict between 'Platform:System.Private.DataContractSerialization.dll' and 'Platform:System.Private.DataContractSerialization.dll'. Could not determine winner due to equal file and assembly versions.
         Encountered conflict between 'Platform:System.Private.Uri.dll' and 'Platform:System.Private.Uri.dll'. Could not determine winner due to equal file and assembly versions.
         Encountered conflict between 'Platform:System.Private.Xml.dll' and 'Platform:System.Private.Xml.dll'. Could not determine winner due to equal file and assembly versions.
         Encountered conflict between 'Platform:System.Private.Xml.Linq.dll' and 'Platform:System.Private.Xml.Linq.dll'. Could not determine winner due to equal file and assembly versions.
         Encountered conflict between 'Platform:mscordaccore_amd64_amd64_8.0.2225.52707.dll' and 'Platform:mscordaccore_amd64_amd64_8.0.2225.52707.dll'. Could not determine winner due to equal file and assembly versions.
       Done executing task "ResolvePackageFileConflicts".
   5:7>Done building target "_HandlePackageFileConflicts" in project "Entegrasyon.MessageQueue.Commands.csproj".
       Target "ResolveTargetingPackAssets" skipped. Previously built successfully.
   5:7>Target "ResolveAssemblyReferences" in file "/usr/lib64/dotnet/sdk/10.0.101/Microsoft.Common.CurrentVersion.targets" from project "/home/baturhan/Projeler/Entegrasyon/Application/Entegrasyon.MessageQueue.Commands/Entegrasyon.MessageQueue.Commands.csproj" (target "ResolveReferences" depends on it):
       Using "ResolveAssemblyReference" task from assembly "Microsoft.Build.Tasks.Core, Version=15.1.0.0, Culture=neutral, PublicKeyToken=b03f5f7f11d50a3a".
       Task "ResolveAssemblyReference"
         TargetFrameworkMoniker:
             .NETCoreApp,Version=v8.0
         TargetFrameworkMonikerDisplayName:
             .NET 8.0
         TargetedRuntimeVersion:
             
         Assemblies:
             /home/baturhan/.nuget/packages/castle.core/5.1.1/lib/net6.0/Castle.Core.dll
                 Private = 'false'
                 HintPath = '/home/baturhan/.nuget/packages/castle.core/5.1.1/lib/net6.0/Castle.Core.dll'
             /home/baturhan/.nuget/packages/fluentvalidation/11.9.0/lib/net8.0/FluentValidation.dll
                 Private = 'false'
                 HintPath = '/home/baturhan/.nuget/packages/fluentvalidation/11.9.0/lib/net8.0/FluentValidation.dll'
             /home/baturhan/.nuget/packages/microsoft.entityframeworkcore/8.0.15/lib/net8.0/Microsoft.EntityFrameworkCore.dll
                 Private = 'false'
                 HintPath = '/home/baturhan/.nuget/packages/microsoft.entityframeworkcore/8.0.15/lib/net8.0/Microsoft.EntityFrameworkCore.dll'
             /home/baturhan/.nuget/packages/microsoft.entityframeworkcore.abstractions/8.0.15/lib/net8.0/Microsoft.EntityFrameworkCore.Abstractions.dll
                 Private = 'false'
                 HintPath = '/home/baturhan/.nuget/packages/microsoft.entityframeworkcore.abstractions/8.0.15/lib/net8.0/Microsoft.EntityFrameworkCore.Abstractions.dll'
             /home/baturhan/.nuget/packages/microsoft.entityframeworkcore.proxies/8.0.15/lib/net8.0/Microsoft.EntityFrameworkCore.Proxies.dll
                 Private = 'false'
                 HintPath = '/home/baturhan/.nuget/packages/microsoft.entityframeworkcore.proxies/8.0.15/lib/net8.0/Microsoft.EntityFrameworkCore.Proxies.dll'
             /home/baturhan/.nuget/packages/microsoft.entityframeworkcore.relational/8.0.15/lib/net8.0/Microsoft.EntityFrameworkCore.Relational.dll
                 Private = 'false'
                 HintPath = '/home/baturhan/.nuget/packages/microsoft.entityframeworkcore.relational/8.0.15/lib/net8.0/Microsoft.EntityFrameworkCore.Relational.dll'
             /home/baturhan/.nuget/packages/microsoft.extensions.dependencymodel/8.0.0/lib/net8.0/Microsoft.Extensions.DependencyModel.dll
                 Private = 'false'
                 HintPath = '/home/baturhan/.nuget/packages/microsoft.extensions.dependencymodel/8.0.0/lib/net8.0/Microsoft.Extensions.DependencyModel.dll'
             /home/baturhan/.nuget/packages/microsoft.identitymodel.abstractions/7.4.0/lib/net8.0/Microsoft.IdentityModel.Abstractions.dll
                 Private = 'false'
                 HintPath = '/home/baturhan/.nuget/packages/microsoft.identitymodel.abstractions/7.4.0/lib/net8.0/Microsoft.IdentityModel.Abstractions.dll'
             /home/baturhan/.nuget/packages/microsoft.identitymodel.jsonwebtokens/7.4.0/lib/net8.0/Microsoft.IdentityModel.JsonWebTokens.dll
                 Private = 'false'
                 HintPath = '/home/baturhan/.nuget/packages/microsoft.identitymodel.jsonwebtokens/7.4.0/lib/net8.0/Microsoft.IdentityModel.JsonWebTokens.dll'
             /home/baturhan/.nuget/packages/microsoft.identitymodel.logging/7.4.0/lib/net8.0/Microsoft.IdentityModel.Logging.dll
                 Private = 'false'
   7:7>Done building target "_HandlePackageFileConflicts" in project "Entegrasyon.DataAccess.csproj".
       Target "ResolveTargetingPackAssets" skipped. Previously built successfully.
   5:7>ResolveAssemblyReferences:
                 HintPath = '/home/baturhan/.nuget/packages/microsoft.identitymodel.logging/7.4.0/lib/net8.0/Microsoft.IdentityModel.Logging.dll'
             /home/baturhan/.nuget/packages/microsoft.identitymodel.tokens/7.4.0/lib/net8.0/Microsoft.IdentityModel.Tokens.dll
                 Private = 'false'
                 HintPath = '/home/baturhan/.nuget/packages/microsoft.identitymodel.tokens/7.4.0/lib/net8.0/Microsoft.IdentityModel.Tokens.dll'
             /home/baturhan/.nuget/packages/newtonsoft.json/13.0.3/lib/net6.0/Newtonsoft.Json.dll
                 Private = 'false'
                 HintPath = '/home/baturhan/.nuget/packages/newtonsoft.json/13.0.3/lib/net6.0/Newtonsoft.Json.dll'
             /home/baturhan/.nuget/packages/npgsql/8.0.6/lib/net8.0/Npgsql.dll
                 Private = 'false'
                 HintPath = '/home/baturhan/.nuget/packages/npgsql/8.0.6/lib/net8.0/Npgsql.dll'
             /home/baturhan/.nuget/packages/npgsql.entityframeworkcore.postgresql/8.0.11/lib/net8.0/Npgsql.EntityFrameworkCore.PostgreSQL.dll
                 Private = 'false'
                 HintPath = '/home/baturhan/.nuget/packages/npgsql.entityframeworkcore.postgresql/8.0.11/lib/net8.0/Npgsql.EntityFrameworkCore.PostgreSQL.dll'
             /home/baturhan/.nuget/packages/pipelines.sockets.unofficial/2.2.8/lib/net5.0/Pipelines.Sockets.Unofficial.dll
                 Private = 'false'
                 HintPath = '/home/baturhan/.nuget/packages/pipelines.sockets.unofficial/2.2.8/lib/net5.0/Pipelines.Sockets.Unofficial.dll'
             /home/baturhan/.nuget/packages/serilog/3.1.1/lib/net7.0/Serilog.dll
                 Private = 'false'
                 HintPath = '/home/baturhan/.nuget/packages/serilog/3.1.1/lib/net7.0/Serilog.dll'
   7:7>Target "ResolveAssemblyReferences" in file "/usr/lib64/dotnet/sdk/10.0.101/Microsoft.Common.CurrentVersion.targets" from project "/home/baturhan/Projeler/Entegrasyon/Application/Entegrasyon.DataAccess/Entegrasyon.DataAccess.csproj" (target "ResolveReferences" depends on it):
   7:7>Using "ResolveAssemblyReference" task from assembly "Microsoft.Build.Tasks.Core, Version=15.1.0.0, Culture=neutral, PublicKeyToken=b03f5f7f11d50a3a".
       Task "ResolveAssemblyReference"
   5:7>ResolveAssemblyReferences:
             /home/baturhan/.nuget/packages/serilog.aspnetcore/8.0.1/lib/net8.0/Serilog.AspNetCore.dll
                 Private = 'false'
                 HintPath = '/home/baturhan/.nuget/packages/serilog.aspnetcore/8.0.1/lib/net8.0/Serilog.AspNetCore.dll'
             /home/baturhan/.nuget/packages/serilog.extensions.hosting/8.0.0/lib/net8.0/Serilog.Extensions.Hosting.dll
                 Private = 'false'
                 HintPath = '/home/baturhan/.nuget/packages/serilog.extensions.hosting/8.0.0/lib/net8.0/Serilog.Extensions.Hosting.dll'
             /home/baturhan/.nuget/packages/serilog.extensions.logging/8.0.0/lib/net8.0/Serilog.Extensions.Logging.dll
                 Private = 'false'
                 HintPath = '/home/baturhan/.nuget/packages/serilog.extensions.logging/8.0.0/lib/net8.0/Serilog.Extensions.Logging.dll'
             /home/baturhan/.nuget/packages/serilog.formatting.compact/2.0.0/lib/net7.0/Serilog.Formatting.Compact.dll
                 Private = 'false'
                 HintPath = '/home/baturhan/.nuget/packages/serilog.formatting.compact/2.0.0/lib/net7.0/Serilog.Formatting.Compact.dll'
             /home/baturhan/.nuget/packages/serilog.settings.configuration/8.0.0/lib/net8.0/Serilog.Settings.Configuration.dll
                 Private = 'false'
                 HintPath = '/home/baturhan/.nuget/packages/serilog.settings.configuration/8.0.0/lib/net8.0/Serilog.Settings.Configuration.dll'
             /home/baturhan/.nuget/packages/serilog.sinks.console/5.0.1/lib/net7.0/Serilog.Sinks.Console.dll
                 Private = 'false'
                 HintPath = '/home/baturhan/.nuget/packages/serilog.sinks.console/5.0.1/lib/net7.0/Serilog.Sinks.Console.dll'
             /home/baturhan/.nuget/packages/serilog.sinks.debug/2.0.0/lib/netstandard2.1/Serilog.Sinks.Debug.dll
                 Private = 'false'
                 HintPath = '/home/baturhan/.nuget/packages/serilog.sinks.debug/2.0.0/lib/netstandard2.1/Serilog.Sinks.Debug.dll'
             /home/baturhan/.nuget/packages/serilog.sinks.file/5.0.0/lib/net5.0/Serilog.Sinks.File.dll
                 Private = 'false'
                 HintPath = '/home/baturhan/.nuget/packages/serilog.sinks.file/5.0.0/lib/net5.0/Serilog.Sinks.File.dll'
             /home/baturhan/.nuget/packages/stackexchange.redis/2.7.27/lib/net6.0/StackExchange.Redis.dll
                 Private = 'false'
                 HintPath = '/home/baturhan/.nuget/packages/stackexchange.redis/2.7.27/lib/net6.0/StackExchange.Redis.dll'
             /home/baturhan/.nuget/packages/system.identitymodel.tokens.jwt/7.4.0/lib/net8.0/System.IdentityModel.Tokens.Jwt.dll
                 Private = 'false'
                 HintPath = '/home/baturhan/.nuget/packages/system.identitymodel.tokens.jwt/7.4.0/lib/net8.0/System.IdentityModel.Tokens.Jwt.dll'
             /usr/lib64/dotnet/packs/Microsoft.NETCore.App.Ref/8.0.22/ref/net8.0/Microsoft.CSharp.dll
                 Private = 'false'
             /usr/lib64/dotnet/packs/Microsoft.NETCore.App.Ref/8.0.22/ref/net8.0/Microsoft.VisualBasic.Core.dll
                 Private = 'false'
             /usr/lib64/dotnet/packs/Microsoft.NETCore.App.Ref/8.0.22/ref/net8.0/Microsoft.VisualBasic.dll
                 Private = 'false'
             /usr/lib64/dotnet/packs/Microsoft.NETCore.App.Ref/8.0.22/ref/net8.0/Microsoft.Win32.Primitives.dll
                 Private = 'false'
             /usr/lib64/dotnet/packs/Microsoft.NETCore.App.Ref/8.0.22/ref/net8.0/Microsoft.Win32.Registry.dll
                 Private = 'false'
             /usr/lib64/dotnet/packs/Microsoft.NETCore.App.Ref/8.0.22/ref/net8.0/System.AppContext.dll
                 Private = 'false'
             /usr/lib64/dotnet/packs/Microsoft.NETCore.App.Ref/8.0.22/ref/net8.0/System.Buffers.dll
   7:7>ResolveAssemblyReferences:
         TargetFrameworkMoniker:
             .NETCoreApp,Version=v8.0
   5:7>ResolveAssemblyReferences:
                 Private = 'false'
   7:7>ResolveAssemblyReferences:
         TargetFrameworkMonikerDisplayName:
             .NET 8.0
         TargetedRuntimeVersion:
   5:7>ResolveAssemblyReferences:
             /usr/lib64/dotnet/packs/Microsoft.NETCore.App.Ref/8.0.22/ref/net8.0/System.Collections.Concurrent.dll
   7:7>ResolveAssemblyReferences:
             
         Assemblies:
   5:7>ResolveAssemblyReferences:
                 Private = 'false'
   7:7>ResolveAssemblyReferences:
             /home/baturhan/.nuget/packages/castle.core/5.1.1/lib/net6.0/Castle.Core.dll
                 Private = 'false'
                 HintPath = '/home/baturhan/.nuget/packages/castle.core/5.1.1/lib/net6.0/Castle.Core.dll'
   5:7>ResolveAssemblyReferences:
             /usr/lib64/dotnet/packs/Microsoft.NETCore.App.Ref/8.0.22/ref/net8.0/System.Collections.Immutable.dll
   7:7>ResolveAssemblyReferences:
             /home/baturhan/.nuget/packages/fluentvalidation/11.9.0/lib/net8.0/FluentValidation.dll
                 Private = 'false'
                 HintPath = '/home/baturhan/.nuget/packages/fluentvalidation/11.9.0/lib/net8.0/FluentValidation.dll'
   5:7>ResolveAssemblyReferences:
                 Private = 'false'
   7:7>ResolveAssemblyReferences:
             /home/baturhan/.nuget/packages/microsoft.entityframeworkcore/8.0.15/lib/net8.0/Microsoft.EntityFrameworkCore.dll
                 Private = 'false'
   5:7>ResolveAssemblyReferences:
             /usr/lib64/dotnet/packs/Microsoft.NETCore.App.Ref/8.0.22/ref/net8.0/System.Collections.NonGeneric.dll
   7:7>ResolveAssemblyReferences:
                 HintPath = '/home/baturhan/.nuget/packages/microsoft.entityframeworkcore/8.0.15/lib/net8.0/Microsoft.EntityFrameworkCore.dll'
             /home/baturhan/.nuget/packages/microsoft.entityframeworkcore.abstractions/8.0.15/lib/net8.0/Microsoft.EntityFrameworkCore.Abstractions.dll
                 Private = 'false'
   5:7>ResolveAssemblyReferences:
                 Private = 'false'
   7:7>ResolveAssemblyReferences:
                 HintPath = '/home/baturhan/.nuget/packages/microsoft.entityframeworkcore.abstractions/8.0.15/lib/net8.0/Microsoft.EntityFrameworkCore.Abstractions.dll'
             /home/baturhan/.nuget/packages/microsoft.entityframeworkcore.proxies/8.0.15/lib/net8.0/Microsoft.EntityFrameworkCore.Proxies.dll
   5:7>ResolveAssemblyReferences:
             /usr/lib64/dotnet/packs/Microsoft.NETCore.App.Ref/8.0.22/ref/net8.0/System.Collections.Specialized.dll
   7:7>ResolveAssemblyReferences:
                 Private = 'false'
                 HintPath = '/home/baturhan/.nuget/packages/microsoft.entityframeworkcore.proxies/8.0.15/lib/net8.0/Microsoft.EntityFrameworkCore.Proxies.dll'
             /home/baturhan/.nuget/packages/microsoft.entityframeworkcore.relational/8.0.15/lib/net8.0/Microsoft.EntityFrameworkCore.Relational.dll
   5:7>ResolveAssemblyReferences:
                 Private = 'false'
   7:7>ResolveAssemblyReferences:
                 Private = 'false'
                 HintPath = '/home/baturhan/.nuget/packages/microsoft.entityframeworkcore.relational/8.0.15/lib/net8.0/Microsoft.EntityFrameworkCore.Relational.dll'
   5:7>ResolveAssemblyReferences:
             /usr/lib64/dotnet/packs/Microsoft.NETCore.App.Ref/8.0.22/ref/net8.0/System.Collections.dll
   7:7>ResolveAssemblyReferences:
             /home/baturhan/.nuget/packages/microsoft.extensions.dependencymodel/8.0.2/lib/net8.0/Microsoft.Extensions.DependencyModel.dll
                 Private = 'false'
                 HintPath = '/home/baturhan/.nuget/packages/microsoft.extensions.dependencymodel/8.0.2/lib/net8.0/Microsoft.Extensions.DependencyModel.dll'
   5:7>ResolveAssemblyReferences:
                 Private = 'false'
   7:7>ResolveAssemblyReferences:
             /home/baturhan/.nuget/packages/microsoft.identitymodel.abstractions/7.4.0/lib/net8.0/Microsoft.IdentityModel.Abstractions.dll
                 Private = 'false'
   5:7>ResolveAssemblyReferences:
             /usr/lib64/dotnet/packs/Microsoft.NETCore.App.Ref/8.0.22/ref/net8.0/System.ComponentModel.Annotations.dll
   7:7>ResolveAssemblyReferences:
                 HintPath = '/home/baturhan/.nuget/packages/microsoft.identitymodel.abstractions/7.4.0/lib/net8.0/Microsoft.IdentityModel.Abstractions.dll'
             /home/baturhan/.nuget/packages/microsoft.identitymodel.jsonwebtokens/7.4.0/lib/net8.0/Microsoft.IdentityModel.JsonWebTokens.dll
                 Private = 'false'
   5:7>ResolveAssemblyReferences:
                 Private = 'false'
   7:7>ResolveAssemblyReferences:
                 HintPath = '/home/baturhan/.nuget/packages/microsoft.identitymodel.jsonwebtokens/7.4.0/lib/net8.0/Microsoft.IdentityModel.JsonWebTokens.dll'
             /home/baturhan/.nuget/packages/microsoft.identitymodel.logging/7.4.0/lib/net8.0/Microsoft.IdentityModel.Logging.dll
                 Private = 'false'
   5:7>ResolveAssemblyReferences:
             /usr/lib64/dotnet/packs/Microsoft.NETCore.App.Ref/8.0.22/ref/net8.0/System.ComponentModel.DataAnnotations.dll
   7:7>ResolveAssemblyReferences:
                 HintPath = '/home/baturhan/.nuget/packages/microsoft.identitymodel.logging/7.4.0/lib/net8.0/Microsoft.IdentityModel.Logging.dll'
             /home/baturhan/.nuget/packages/microsoft.identitymodel.tokens/7.4.0/lib/net8.0/Microsoft.IdentityModel.Tokens.dll
                 Private = 'false'
                 HintPath = '/home/baturhan/.nuget/packages/microsoft.identitymodel.tokens/7.4.0/lib/net8.0/Microsoft.IdentityModel.Tokens.dll'
   5:7>ResolveAssemblyReferences:
                 Private = 'false'
   7:7>ResolveAssemblyReferences:
             /home/baturhan/.nuget/packages/newtonsoft.json/13.0.3/lib/net6.0/Newtonsoft.Json.dll
                 Private = 'false'
                 HintPath = '/home/baturhan/.nuget/packages/newtonsoft.json/13.0.3/lib/net6.0/Newtonsoft.Json.dll'
   5:7>ResolveAssemblyReferences:
             /usr/lib64/dotnet/packs/Microsoft.NETCore.App.Ref/8.0.22/ref/net8.0/System.ComponentModel.EventBasedAsync.dll
   7:7>ResolveAssemblyReferences:
             /home/baturhan/.nuget/packages/npgsql/8.0.6/lib/net8.0/Npgsql.dll
                 Private = 'false'
                 HintPath = '/home/baturhan/.nuget/packages/npgsql/8.0.6/lib/net8.0/Npgsql.dll'
   5:7>ResolveAssemblyReferences:
                 Private = 'false'
   7:7>ResolveAssemblyReferences:
             /home/baturhan/.nuget/packages/npgsql.entityframeworkcore.postgresql/8.0.11/lib/net8.0/Npgsql.EntityFrameworkCore.PostgreSQL.dll
                 Private = 'false'
                 HintPath = '/home/baturhan/.nuget/packages/npgsql.entityframeworkcore.postgresql/8.0.11/lib/net8.0/Npgsql.EntityFrameworkCore.PostgreSQL.dll'
   5:7>ResolveAssemblyReferences:
             /usr/lib64/dotnet/packs/Microsoft.NETCore.App.Ref/8.0.22/ref/net8.0/System.ComponentModel.Primitives.dll
   7:7>ResolveAssemblyReferences:
             /home/baturhan/.nuget/packages/pipelines.sockets.unofficial/2.2.8/lib/net5.0/Pipelines.Sockets.Unofficial.dll
                 Private = 'false'
                 HintPath = '/home/baturhan/.nuget/packages/pipelines.sockets.unofficial/2.2.8/lib/net5.0/Pipelines.Sockets.Unofficial.dll'
   5:7>ResolveAssemblyReferences:
                 Private = 'false'
   7:7>ResolveAssemblyReferences:
             /home/baturhan/.nuget/packages/serilog/3.1.1/lib/net7.0/Serilog.dll
                 Private = 'false'
   5:7>ResolveAssemblyReferences:
             /usr/lib64/dotnet/packs/Microsoft.NETCore.App.Ref/8.0.22/ref/net8.0/System.ComponentModel.TypeConverter.dll
   7:7>ResolveAssemblyReferences:
                 HintPath = '/home/baturhan/.nuget/packages/serilog/3.1.1/lib/net7.0/Serilog.dll'
             /home/baturhan/.nuget/packages/serilog.aspnetcore/8.0.1/lib/net8.0/Serilog.AspNetCore.dll
                 Private = 'false'
   5:7>ResolveAssemblyReferences:
                 Private = 'false'
   7:7>ResolveAssemblyReferences:
                 HintPath = '/home/baturhan/.nuget/packages/serilog.aspnetcore/8.0.1/lib/net8.0/Serilog.AspNetCore.dll'
             /home/baturhan/.nuget/packages/serilog.extensions.hosting/8.0.0/lib/net8.0/Serilog.Extensions.Hosting.dll
   5:7>ResolveAssemblyReferences:
             /usr/lib64/dotnet/packs/Microsoft.NETCore.App.Ref/8.0.22/ref/net8.0/System.ComponentModel.dll
   7:7>ResolveAssemblyReferences:
                 Private = 'false'
                 HintPath = '/home/baturhan/.nuget/packages/serilog.extensions.hosting/8.0.0/lib/net8.0/Serilog.Extensions.Hosting.dll'
             /home/baturhan/.nuget/packages/serilog.extensions.logging/8.0.0/lib/net8.0/Serilog.Extensions.Logging.dll
   5:7>ResolveAssemblyReferences:
                 Private = 'false'
   7:7>ResolveAssemblyReferences:
                 Private = 'false'
                 HintPath = '/home/baturhan/.nuget/packages/serilog.extensions.logging/8.0.0/lib/net8.0/Serilog.Extensions.Logging.dll'
             /home/baturhan/.nuget/packages/serilog.formatting.compact/2.0.0/lib/net7.0/Serilog.Formatting.Compact.dll
   5:7>ResolveAssemblyReferences:
             /usr/lib64/dotnet/packs/Microsoft.NETCore.App.Ref/8.0.22/ref/net8.0/System.Configuration.dll
   7:7>ResolveAssemblyReferences:
                 Private = 'false'
   5:7>ResolveAssemblyReferences:
                 Private = 'false'
   7:7>ResolveAssemblyReferences:
                 HintPath = '/home/baturhan/.nuget/packages/serilog.formatting.compact/2.0.0/lib/net7.0/Serilog.Formatting.Compact.dll'
             /home/baturhan/.nuget/packages/serilog.settings.configuration/8.0.0/lib/net8.0/Serilog.Settings.Configuration.dll
                 Private = 'false'
   5:7>ResolveAssemblyReferences:
             /usr/lib64/dotnet/packs/Microsoft.NETCore.App.Ref/8.0.22/ref/net8.0/System.Console.dll
   7:7>ResolveAssemblyReferences:
                 HintPath = '/home/baturhan/.nuget/packages/serilog.settings.configuration/8.0.0/lib/net8.0/Serilog.Settings.Configuration.dll'
             /home/baturhan/.nuget/packages/serilog.sinks.console/5.0.1/lib/net7.0/Serilog.Sinks.Console.dll
                 Private = 'false'
   5:7>ResolveAssemblyReferences:
                 Private = 'false'
   7:7>ResolveAssemblyReferences:
                 HintPath = '/home/baturhan/.nuget/packages/serilog.sinks.console/5.0.1/lib/net7.0/Serilog.Sinks.Console.dll'
             /home/baturhan/.nuget/packages/serilog.sinks.debug/2.0.0/lib/netstandard2.1/Serilog.Sinks.Debug.dll
   5:7>ResolveAssemblyReferences:
             /usr/lib64/dotnet/packs/Microsoft.NETCore.App.Ref/8.0.22/ref/net8.0/System.Core.dll
   7:7>ResolveAssemblyReferences:
                 Private = 'false'
                 HintPath = '/home/baturhan/.nuget/packages/serilog.sinks.debug/2.0.0/lib/netstandard2.1/Serilog.Sinks.Debug.dll'
             /home/baturhan/.nuget/packages/serilog.sinks.file/5.0.0/lib/net5.0/Serilog.Sinks.File.dll
   5:7>ResolveAssemblyReferences:
                 Private = 'false'
   7:7>ResolveAssemblyReferences:
                 Private = 'false'
                 HintPath = '/home/baturhan/.nuget/packages/serilog.sinks.file/5.0.0/lib/net5.0/Serilog.Sinks.File.dll'
   5:7>ResolveAssemblyReferences:
             /usr/lib64/dotnet/packs/Microsoft.NETCore.App.Ref/8.0.22/ref/net8.0/System.Data.Common.dll
   7:7>ResolveAssemblyReferences:
             /home/baturhan/.nuget/packages/stackexchange.redis/2.7.27/lib/net6.0/StackExchange.Redis.dll
                 Private = 'false'
                 HintPath = '/home/baturhan/.nuget/packages/stackexchange.redis/2.7.27/lib/net6.0/StackExchange.Redis.dll'
   5:7>ResolveAssemblyReferences:
                 Private = 'false'
   7:7>ResolveAssemblyReferences:
             /home/baturhan/.nuget/packages/system.identitymodel.tokens.jwt/7.4.0/lib/net8.0/System.IdentityModel.Tokens.Jwt.dll
                 Private = 'false'
                 HintPath = '/home/baturhan/.nuget/packages/system.identitymodel.tokens.jwt/7.4.0/lib/net8.0/System.IdentityModel.Tokens.Jwt.dll'
   5:7>ResolveAssemblyReferences:
             /usr/lib64/dotnet/packs/Microsoft.NETCore.App.Ref/8.0.22/ref/net8.0/System.Data.DataSetExtensions.dll
   7:7>ResolveAssemblyReferences:
             /usr/lib64/dotnet/packs/Microsoft.NETCore.App.Ref/8.0.22/ref/net8.0/Microsoft.CSharp.dll
                 Private = 'false'
   5:7>ResolveAssemblyReferences:
                 Private = 'false'
   7:7>ResolveAssemblyReferences:
             /usr/lib64/dotnet/packs/Microsoft.NETCore.App.Ref/8.0.22/ref/net8.0/Microsoft.VisualBasic.Core.dll
                 Private = 'false'
             /usr/lib64/dotnet/packs/Microsoft.NETCore.App.Ref/8.0.22/ref/net8.0/Microsoft.VisualBasic.dll
   5:7>ResolveAssemblyReferences:
             /usr/lib64/dotnet/packs/Microsoft.NETCore.App.Ref/8.0.22/ref/net8.0/System.Data.dll
   7:7>ResolveAssemblyReferences:
                 Private = 'false'
             /usr/lib64/dotnet/packs/Microsoft.NETCore.App.Ref/8.0.22/ref/net8.0/Microsoft.Win32.Primitives.dll
                 Private = 'false'
   5:7>ResolveAssemblyReferences:
                 Private = 'false'
   7:7>ResolveAssemblyReferences:
             /usr/lib64/dotnet/packs/Microsoft.NETCore.App.Ref/8.0.22/ref/net8.0/Microsoft.Win32.Registry.dll
                 Private = 'false'
             /usr/lib64/dotnet/packs/Microsoft.NETCore.App.Ref/8.0.22/ref/net8.0/System.AppContext.dll
   5:7>ResolveAssemblyReferences:
             /usr/lib64/dotnet/packs/Microsoft.NETCore.App.Ref/8.0.22/ref/net8.0/System.Diagnostics.Contracts.dll
   7:7>ResolveAssemblyReferences:
                 Private = 'false'
             /usr/lib64/dotnet/packs/Microsoft.NETCore.App.Ref/8.0.22/ref/net8.0/System.Buffers.dll
   5:7>ResolveAssemblyReferences:
                 Private = 'false'
   7:7>ResolveAssemblyReferences:
                 Private = 'false'
             /usr/lib64/dotnet/packs/Microsoft.NETCore.App.Ref/8.0.22/ref/net8.0/System.Collections.Concurrent.dll
                 Private = 'false'
   5:7>ResolveAssemblyReferences:
             /usr/lib64/dotnet/packs/Microsoft.NETCore.App.Ref/8.0.22/ref/net8.0/System.Diagnostics.Debug.dll
   7:7>ResolveAssemblyReferences:
             /usr/lib64/dotnet/packs/Microsoft.NETCore.App.Ref/8.0.22/ref/net8.0/System.Collections.Immutable.dll
                 Private = 'false'
             /usr/lib64/dotnet/packs/Microsoft.NETCore.App.Ref/8.0.22/ref/net8.0/System.Collections.NonGeneric.dll
   5:7>ResolveAssemblyReferences:
                 Private = 'false'
   7:7>ResolveAssemblyReferences:
                 Private = 'false'
             /usr/lib64/dotnet/packs/Microsoft.NETCore.App.Ref/8.0.22/ref/net8.0/System.Collections.Specialized.dll
                 Private = 'false'
   5:7>ResolveAssemblyReferences:
             /usr/lib64/dotnet/packs/Microsoft.NETCore.App.Ref/8.0.22/ref/net8.0/System.Diagnostics.DiagnosticSource.dll
   7:7>ResolveAssemblyReferences:
             /usr/lib64/dotnet/packs/Microsoft.NETCore.App.Ref/8.0.22/ref/net8.0/System.Collections.dll
                 Private = 'false'
             /usr/lib64/dotnet/packs/Microsoft.NETCore.App.Ref/8.0.22/ref/net8.0/System.ComponentModel.Annotations.dll
   5:7>ResolveAssemblyReferences:
                 Private = 'false'
   7:7>ResolveAssemblyReferences:
                 Private = 'false'
             /usr/lib64/dotnet/packs/Microsoft.NETCore.App.Ref/8.0.22/ref/net8.0/System.ComponentModel.DataAnnotations.dll
   5:7>ResolveAssemblyReferences:
             /usr/lib64/dotnet/packs/Microsoft.NETCore.App.Ref/8.0.22/ref/net8.0/System.Diagnostics.FileVersionInfo.dll
   7:7>ResolveAssemblyReferences:
                 Private = 'false'
             /usr/lib64/dotnet/packs/Microsoft.NETCore.App.Ref/8.0.22/ref/net8.0/System.ComponentModel.EventBasedAsync.dll
                 Private = 'false'
   5:7>ResolveAssemblyReferences:
                 Private = 'false'
   7:7>ResolveAssemblyReferences:
             /usr/lib64/dotnet/packs/Microsoft.NETCore.App.Ref/8.0.22/ref/net8.0/System.ComponentModel.Primitives.dll
                 Private = 'false'
             /usr/lib64/dotnet/packs/Microsoft.NETCore.App.Ref/8.0.22/ref/net8.0/System.ComponentModel.TypeConverter.dll
   5:7>ResolveAssemblyReferences:
             /usr/lib64/dotnet/packs/Microsoft.NETCore.App.Ref/8.0.22/ref/net8.0/System.Diagnostics.Process.dll
   7:7>ResolveAssemblyReferences:
                 Private = 'false'
             /usr/lib64/dotnet/packs/Microsoft.NETCore.App.Ref/8.0.22/ref/net8.0/System.ComponentModel.dll
                 Private = 'false'
   5:7>ResolveAssemblyReferences:
                 Private = 'false'
   7:7>ResolveAssemblyReferences:
             /usr/lib64/dotnet/packs/Microsoft.NETCore.App.Ref/8.0.22/ref/net8.0/System.Configuration.dll
                 Private = 'false'
   5:7>ResolveAssemblyReferences:
             /usr/lib64/dotnet/packs/Microsoft.NETCore.App.Ref/8.0.22/ref/net8.0/System.Diagnostics.StackTrace.dll
   7:7>ResolveAssemblyReferences:
             /usr/lib64/dotnet/packs/Microsoft.NETCore.App.Ref/8.0.22/ref/net8.0/System.Console.dll
                 Private = 'false'
             /usr/lib64/dotnet/packs/Microsoft.NETCore.App.Ref/8.0.22/ref/net8.0/System.Core.dll
   5:7>ResolveAssemblyReferences:
                 Private = 'false'
   7:7>ResolveAssemblyReferences:
                 Private = 'false'
             /usr/lib64/dotnet/packs/Microsoft.NETCore.App.Ref/8.0.22/ref/net8.0/System.Data.Common.dll
   5:7>ResolveAssemblyReferences:
             /usr/lib64/dotnet/packs/Microsoft.NETCore.App.Ref/8.0.22/ref/net8.0/System.Diagnostics.TextWriterTraceListener.dll
   7:7>ResolveAssemblyReferences:
                 Private = 'false'
             /usr/lib64/dotnet/packs/Microsoft.NETCore.App.Ref/8.0.22/ref/net8.0/System.Data.DataSetExtensions.dll
                 Private = 'false'
   5:7>ResolveAssemblyReferences:
                 Private = 'false'
   7:7>ResolveAssemblyReferences:
             /usr/lib64/dotnet/packs/Microsoft.NETCore.App.Ref/8.0.22/ref/net8.0/System.Data.dll
                 Private = 'false'
             /usr/lib64/dotnet/packs/Microsoft.NETCore.App.Ref/8.0.22/ref/net8.0/System.Diagnostics.Contracts.dll
   5:7>ResolveAssemblyReferences:
             /usr/lib64/dotnet/packs/Microsoft.NETCore.App.Ref/8.0.22/ref/net8.0/System.Diagnostics.Tools.dll
   7:7>ResolveAssemblyReferences:
                 Private = 'false'
             /usr/lib64/dotnet/packs/Microsoft.NETCore.App.Ref/8.0.22/ref/net8.0/System.Diagnostics.Debug.dll
                 Private = 'false'
   5:7>ResolveAssemblyReferences:
                 Private = 'false'
   7:7>ResolveAssemblyReferences:
             /usr/lib64/dotnet/packs/Microsoft.NETCore.App.Ref/8.0.22/ref/net8.0/System.Diagnostics.DiagnosticSource.dll
                 Private = 'false'
   5:7>ResolveAssemblyReferences:
             /usr/lib64/dotnet/packs/Microsoft.NETCore.App.Ref/8.0.22/ref/net8.0/System.Diagnostics.TraceSource.dll
   7:7>ResolveAssemblyReferences:
             /usr/lib64/dotnet/packs/Microsoft.NETCore.App.Ref/8.0.22/ref/net8.0/System.Diagnostics.FileVersionInfo.dll
                 Private = 'false'
             /usr/lib64/dotnet/packs/Microsoft.NETCore.App.Ref/8.0.22/ref/net8.0/System.Diagnostics.Process.dll
   5:7>ResolveAssemblyReferences:
                 Private = 'false'
   7:7>ResolveAssemblyReferences:
                 Private = 'false'
             /usr/lib64/dotnet/packs/Microsoft.NETCore.App.Ref/8.0.22/ref/net8.0/System.Diagnostics.StackTrace.dll
   5:7>ResolveAssemblyReferences:
             /usr/lib64/dotnet/packs/Microsoft.NETCore.App.Ref/8.0.22/ref/net8.0/System.Diagnostics.Tracing.dll
   7:7>ResolveAssemblyReferences:
                 Private = 'false'
             /usr/lib64/dotnet/packs/Microsoft.NETCore.App.Ref/8.0.22/ref/net8.0/System.Diagnostics.TextWriterTraceListener.dll
                 Private = 'false'
   5:7>ResolveAssemblyReferences:
                 Private = 'false'
   7:7>ResolveAssemblyReferences:
             /usr/lib64/dotnet/packs/Microsoft.NETCore.App.Ref/8.0.22/ref/net8.0/System.Diagnostics.Tools.dll
                 Private = 'false'
             /usr/lib64/dotnet/packs/Microsoft.NETCore.App.Ref/8.0.22/ref/net8.0/System.Diagnostics.TraceSource.dll
   5:7>ResolveAssemblyReferences:
             /usr/lib64/dotnet/packs/Microsoft.NETCore.App.Ref/8.0.22/ref/net8.0/System.Drawing.Primitives.dll
   7:7>ResolveAssemblyReferences:
                 Private = 'false'
             /usr/lib64/dotnet/packs/Microsoft.NETCore.App.Ref/8.0.22/ref/net8.0/System.Diagnostics.Tracing.dll
                 Private = 'false'
   5:7>ResolveAssemblyReferences:
                 Private = 'false'
   7:7>ResolveAssemblyReferences:
             /usr/lib64/dotnet/packs/Microsoft.NETCore.App.Ref/8.0.22/ref/net8.0/System.Drawing.Primitives.dll
                 Private = 'false'
             /usr/lib64/dotnet/packs/Microsoft.NETCore.App.Ref/8.0.22/ref/net8.0/System.Drawing.dll
   5:7>ResolveAssemblyReferences:
             /usr/lib64/dotnet/packs/Microsoft.NETCore.App.Ref/8.0.22/ref/net8.0/System.Drawing.dll
   7:7>ResolveAssemblyReferences:
                 Private = 'false'
             /usr/lib64/dotnet/packs/Microsoft.NETCore.App.Ref/8.0.22/ref/net8.0/System.Dynamic.Runtime.dll
                 Private = 'false'
   5:7>ResolveAssemblyReferences:
                 Private = 'false'
   7:7>ResolveAssemblyReferences:
             /usr/lib64/dotnet/packs/Microsoft.NETCore.App.Ref/8.0.22/ref/net8.0/System.Formats.Asn1.dll
                 Private = 'false'
   5:7>ResolveAssemblyReferences:
             /usr/lib64/dotnet/packs/Microsoft.NETCore.App.Ref/8.0.22/ref/net8.0/System.Dynamic.Runtime.dll
   7:7>ResolveAssemblyReferences:
             /usr/lib64/dotnet/packs/Microsoft.NETCore.App.Ref/8.0.22/ref/net8.0/System.Formats.Tar.dll
                 Private = 'false'
   5:7>ResolveAssemblyReferences:
                 Private = 'false'
   7:7>ResolveAssemblyReferences:
             /usr/lib64/dotnet/packs/Microsoft.NETCore.App.Ref/8.0.22/ref/net8.0/System.Globalization.Calendars.dll
                 Private = 'false'
             /usr/lib64/dotnet/packs/Microsoft.NETCore.App.Ref/8.0.22/ref/net8.0/System.Globalization.Extensions.dll
   5:7>ResolveAssemblyReferences:
             /usr/lib64/dotnet/packs/Microsoft.NETCore.App.Ref/8.0.22/ref/net8.0/System.Formats.Asn1.dll
   7:7>ResolveAssemblyReferences:
                 Private = 'false'
             /usr/lib64/dotnet/packs/Microsoft.NETCore.App.Ref/8.0.22/ref/net8.0/System.Globalization.dll
                 Private = 'false'
   5:7>ResolveAssemblyReferences:
                 Private = 'false'
   7:7>ResolveAssemblyReferences:
             /usr/lib64/dotnet/packs/Microsoft.NETCore.App.Ref/8.0.22/ref/net8.0/System.IO.Compression.Brotli.dll
                 Private = 'false'
   5:7>ResolveAssemblyReferences:
             /usr/lib64/dotnet/packs/Microsoft.NETCore.App.Ref/8.0.22/ref/net8.0/System.Formats.Tar.dll
   7:7>ResolveAssemblyReferences:
             /usr/lib64/dotnet/packs/Microsoft.NETCore.App.Ref/8.0.22/ref/net8.0/System.IO.Compression.FileSystem.dll
                 Private = 'false'
             /usr/lib64/dotnet/packs/Microsoft.NETCore.App.Ref/8.0.22/ref/net8.0/System.IO.Compression.ZipFile.dll
   5:7>ResolveAssemblyReferences:
                 Private = 'false'
   7:7>ResolveAssemblyReferences:
                 Private = 'false'
             /usr/lib64/dotnet/packs/Microsoft.NETCore.App.Ref/8.0.22/ref/net8.0/System.IO.Compression.dll
                 Private = 'false'
   5:7>ResolveAssemblyReferences:
             /usr/lib64/dotnet/packs/Microsoft.NETCore.App.Ref/8.0.22/ref/net8.0/System.Globalization.Calendars.dll
   7:7>ResolveAssemblyReferences:
             /usr/lib64/dotnet/packs/Microsoft.NETCore.App.Ref/8.0.22/ref/net8.0/System.IO.FileSystem.AccessControl.dll
                 Private = 'false'
   5:7>ResolveAssemblyReferences:
                 Private = 'false'
   7:7>ResolveAssemblyReferences:
             /usr/lib64/dotnet/packs/Microsoft.NETCore.App.Ref/8.0.22/ref/net8.0/System.IO.FileSystem.DriveInfo.dll
                 Private = 'false'
             /usr/lib64/dotnet/packs/Microsoft.NETCore.App.Ref/8.0.22/ref/net8.0/System.IO.FileSystem.Primitives.dll
   5:7>ResolveAssemblyReferences:
             /usr/lib64/dotnet/packs/Microsoft.NETCore.App.Ref/8.0.22/ref/net8.0/System.Globalization.Extensions.dll
   7:7>ResolveAssemblyReferences:
                 Private = 'false'
             /usr/lib64/dotnet/packs/Microsoft.NETCore.App.Ref/8.0.22/ref/net8.0/System.IO.FileSystem.Watcher.dll
                 Private = 'false'
   5:7>ResolveAssemblyReferences:
                 Private = 'false'
   7:7>ResolveAssemblyReferences:
             /usr/lib64/dotnet/packs/Microsoft.NETCore.App.Ref/8.0.22/ref/net8.0/System.IO.FileSystem.dll
                 Private = 'false'
   5:7>ResolveAssemblyReferences:
             /usr/lib64/dotnet/packs/Microsoft.NETCore.App.Ref/8.0.22/ref/net8.0/System.Globalization.dll
   7:7>ResolveAssemblyReferences:
             /usr/lib64/dotnet/packs/Microsoft.NETCore.App.Ref/8.0.22/ref/net8.0/System.IO.IsolatedStorage.dll
                 Private = 'false'
             /usr/lib64/dotnet/packs/Microsoft.NETCore.App.Ref/8.0.22/ref/net8.0/System.IO.MemoryMappedFiles.dll
   5:7>ResolveAssemblyReferences:
                 Private = 'false'
   7:7>ResolveAssemblyReferences:
                 Private = 'false'
             /usr/lib64/dotnet/packs/Microsoft.NETCore.App.Ref/8.0.22/ref/net8.0/System.IO.Pipes.AccessControl.dll
                 Private = 'false'
   5:7>ResolveAssemblyReferences:
             /usr/lib64/dotnet/packs/Microsoft.NETCore.App.Ref/8.0.22/ref/net8.0/System.IO.Compression.Brotli.dll
   7:7>ResolveAssemblyReferences:
             /usr/lib64/dotnet/packs/Microsoft.NETCore.App.Ref/8.0.22/ref/net8.0/System.IO.Pipes.dll
                 Private = 'false'
             /usr/lib64/dotnet/packs/Microsoft.NETCore.App.Ref/8.0.22/ref/net8.0/System.IO.UnmanagedMemoryStream.dll
   5:7>ResolveAssemblyReferences:
                 Private = 'false'
   7:7>ResolveAssemblyReferences:
                 Private = 'false'
             /usr/lib64/dotnet/packs/Microsoft.NETCore.App.Ref/8.0.22/ref/net8.0/System.IO.dll
                 Private = 'false'
   5:7>ResolveAssemblyReferences:
             /usr/lib64/dotnet/packs/Microsoft.NETCore.App.Ref/8.0.22/ref/net8.0/System.IO.Compression.FileSystem.dll
   7:7>ResolveAssemblyReferences:
             /usr/lib64/dotnet/packs/Microsoft.NETCore.App.Ref/8.0.22/ref/net8.0/System.Linq.Expressions.dll
                 Private = 'false'
             /usr/lib64/dotnet/packs/Microsoft.NETCore.App.Ref/8.0.22/ref/net8.0/System.Linq.Parallel.dll
   5:7>ResolveAssemblyReferences:
                 Private = 'false'
   7:7>ResolveAssemblyReferences:
                 Private = 'false'
             /usr/lib64/dotnet/packs/Microsoft.NETCore.App.Ref/8.0.22/ref/net8.0/System.Linq.Queryable.dll
                 Private = 'false'
   5:7>ResolveAssemblyReferences:
             /usr/lib64/dotnet/packs/Microsoft.NETCore.App.Ref/8.0.22/ref/net8.0/System.IO.Compression.ZipFile.dll
   7:7>ResolveAssemblyReferences:
             /usr/lib64/dotnet/packs/Microsoft.NETCore.App.Ref/8.0.22/ref/net8.0/System.Linq.dll
                 Private = 'false'
             /usr/lib64/dotnet/packs/Microsoft.NETCore.App.Ref/8.0.22/ref/net8.0/System.Memory.dll
   5:7>ResolveAssemblyReferences:
                 Private = 'false'
   7:7>ResolveAssemblyReferences:
                 Private = 'false'
             /usr/lib64/dotnet/packs/Microsoft.NETCore.App.Ref/8.0.22/ref/net8.0/System.Net.Http.Json.dll
   5:7>ResolveAssemblyReferences:
             /usr/lib64/dotnet/packs/Microsoft.NETCore.App.Ref/8.0.22/ref/net8.0/System.IO.Compression.dll
   7:7>ResolveAssemblyReferences:
                 Private = 'false'
             /usr/lib64/dotnet/packs/Microsoft.NETCore.App.Ref/8.0.22/ref/net8.0/System.Net.Http.dll
                 Private = 'false'
   5:7>ResolveAssemblyReferences:
                 Private = 'false'
   7:7>ResolveAssemblyReferences:
             /usr/lib64/dotnet/packs/Microsoft.NETCore.App.Ref/8.0.22/ref/net8.0/System.Net.HttpListener.dll
                 Private = 'false'
             /usr/lib64/dotnet/packs/Microsoft.NETCore.App.Ref/8.0.22/ref/net8.0/System.Net.Mail.dll
   5:7>ResolveAssemblyReferences:
             /usr/lib64/dotnet/packs/Microsoft.NETCore.App.Ref/8.0.22/ref/net8.0/System.IO.FileSystem.AccessControl.dll
   7:7>ResolveAssemblyReferences:
                 Private = 'false'
             /usr/lib64/dotnet/packs/Microsoft.NETCore.App.Ref/8.0.22/ref/net8.0/System.Net.NameResolution.dll
                 Private = 'false'
   5:7>ResolveAssemblyReferences:
                 Private = 'false'
   7:7>ResolveAssemblyReferences:
             /usr/lib64/dotnet/packs/Microsoft.NETCore.App.Ref/8.0.22/ref/net8.0/System.Net.NetworkInformation.dll
                 Private = 'false'
             /usr/lib64/dotnet/packs/Microsoft.NETCore.App.Ref/8.0.22/ref/net8.0/System.Net.Ping.dll
   5:7>ResolveAssemblyReferences:
             /usr/lib64/dotnet/packs/Microsoft.NETCore.App.Ref/8.0.22/ref/net8.0/System.IO.FileSystem.DriveInfo.dll
   7:7>ResolveAssemblyReferences:
                 Private = 'false'
             /usr/lib64/dotnet/packs/Microsoft.NETCore.App.Ref/8.0.22/ref/net8.0/System.Net.Primitives.dll
                 Private = 'false'
   5:7>ResolveAssemblyReferences:
                 Private = 'false'
   7:7>ResolveAssemblyReferences:
             /usr/lib64/dotnet/packs/Microsoft.NETCore.App.Ref/8.0.22/ref/net8.0/System.Net.Quic.dll
                 Private = 'false'
   5:7>ResolveAssemblyReferences:
             /usr/lib64/dotnet/packs/Microsoft.NETCore.App.Ref/8.0.22/ref/net8.0/System.IO.FileSystem.Primitives.dll
   7:7>ResolveAssemblyReferences:
             /usr/lib64/dotnet/packs/Microsoft.NETCore.App.Ref/8.0.22/ref/net8.0/System.Net.Requests.dll
                 Private = 'false'
             /usr/lib64/dotnet/packs/Microsoft.NETCore.App.Ref/8.0.22/ref/net8.0/System.Net.Security.dll
   5:7>ResolveAssemblyReferences:
                 Private = 'false'
   7:7>ResolveAssemblyReferences:
                 Private = 'false'
             /usr/lib64/dotnet/packs/Microsoft.NETCore.App.Ref/8.0.22/ref/net8.0/System.Net.ServicePoint.dll
                 Private = 'false'
   5:7>ResolveAssemblyReferences:
             /usr/lib64/dotnet/packs/Microsoft.NETCore.App.Ref/8.0.22/ref/net8.0/System.IO.FileSystem.Watcher.dll
   7:7>ResolveAssemblyReferences:
             /usr/lib64/dotnet/packs/Microsoft.NETCore.App.Ref/8.0.22/ref/net8.0/System.Net.Sockets.dll
                 Private = 'false'
             /usr/lib64/dotnet/packs/Microsoft.NETCore.App.Ref/8.0.22/ref/net8.0/System.Net.WebClient.dll
   5:7>ResolveAssemblyReferences:
                 Private = 'false'
   7:7>ResolveAssemblyReferences:
                 Private = 'false'
             /usr/lib64/dotnet/packs/Microsoft.NETCore.App.Ref/8.0.22/ref/net8.0/System.Net.WebHeaderCollection.dll
                 Private = 'false'
   5:7>ResolveAssemblyReferences:
             /usr/lib64/dotnet/packs/Microsoft.NETCore.App.Ref/8.0.22/ref/net8.0/System.IO.FileSystem.dll
   7:7>ResolveAssemblyReferences:
             /usr/lib64/dotnet/packs/Microsoft.NETCore.App.Ref/8.0.22/ref/net8.0/System.Net.WebProxy.dll
                 Private = 'false'
   5:7>ResolveAssemblyReferences:
                 Private = 'false'
   7:7>ResolveAssemblyReferences:
             /usr/lib64/dotnet/packs/Microsoft.NETCore.App.Ref/8.0.22/ref/net8.0/System.Net.WebSockets.Client.dll
                 Private = 'false'
             /usr/lib64/dotnet/packs/Microsoft.NETCore.App.Ref/8.0.22/ref/net8.0/System.Net.WebSockets.dll
   5:7>ResolveAssemblyReferences:
             /usr/lib64/dotnet/packs/Microsoft.NETCore.App.Ref/8.0.22/ref/net8.0/System.IO.IsolatedStorage.dll
   7:7>ResolveAssemblyReferences:
                 Private = 'false'
             /usr/lib64/dotnet/packs/Microsoft.NETCore.App.Ref/8.0.22/ref/net8.0/System.Net.dll
                 Private = 'false'
   5:7>ResolveAssemblyReferences:
                 Private = 'false'
   7:7>ResolveAssemblyReferences:
             /usr/lib64/dotnet/packs/Microsoft.NETCore.App.Ref/8.0.22/ref/net8.0/System.Numerics.Vectors.dll
                 Private = 'false'
             /usr/lib64/dotnet/packs/Microsoft.NETCore.App.Ref/8.0.22/ref/net8.0/System.Numerics.dll
   5:7>ResolveAssemblyReferences:
             /usr/lib64/dotnet/packs/Microsoft.NETCore.App.Ref/8.0.22/ref/net8.0/System.IO.MemoryMappedFiles.dll
   7:7>ResolveAssemblyReferences:
                 Private = 'false'
             /usr/lib64/dotnet/packs/Microsoft.NETCore.App.Ref/8.0.22/ref/net8.0/System.ObjectModel.dll
                 Private = 'false'
   5:7>ResolveAssemblyReferences:
                 Private = 'false'
   7:7>ResolveAssemblyReferences:
             /usr/lib64/dotnet/packs/Microsoft.NETCore.App.Ref/8.0.22/ref/net8.0/System.Reflection.DispatchProxy.dll
                 Private = 'false'
             /usr/lib64/dotnet/packs/Microsoft.NETCore.App.Ref/8.0.22/ref/net8.0/System.Reflection.Emit.ILGeneration.dll
   5:7>ResolveAssemblyReferences:
             /usr/lib64/dotnet/packs/Microsoft.NETCore.App.Ref/8.0.22/ref/net8.0/System.IO.Pipes.AccessControl.dll
   7:7>ResolveAssemblyReferences:
                 Private = 'false'
             /usr/lib64/dotnet/packs/Microsoft.NETCore.App.Ref/8.0.22/ref/net8.0/System.Reflection.Emit.Lightweight.dll
                 Private = 'false'
   5:7>ResolveAssemblyReferences:
                 Private = 'false'
   7:7>ResolveAssemblyReferences:
             /usr/lib64/dotnet/packs/Microsoft.NETCore.App.Ref/8.0.22/ref/net8.0/System.Reflection.Emit.dll
                 Private = 'false'
             /usr/lib64/dotnet/packs/Microsoft.NETCore.App.Ref/8.0.22/ref/net8.0/System.Reflection.Extensions.dll
   5:7>ResolveAssemblyReferences:
             /usr/lib64/dotnet/packs/Microsoft.NETCore.App.Ref/8.0.22/ref/net8.0/System.IO.Pipes.dll
   7:7>ResolveAssemblyReferences:
                 Private = 'false'
             /usr/lib64/dotnet/packs/Microsoft.NETCore.App.Ref/8.0.22/ref/net8.0/System.Reflection.Metadata.dll
                 Private = 'false'
   5:7>ResolveAssemblyReferences:
                 Private = 'false'
   7:7>ResolveAssemblyReferences:
             /usr/lib64/dotnet/packs/Microsoft.NETCore.App.Ref/8.0.22/ref/net8.0/System.Reflection.Primitives.dll
                 Private = 'false'
             /usr/lib64/dotnet/packs/Microsoft.NETCore.App.Ref/8.0.22/ref/net8.0/System.Reflection.TypeExtensions.dll
   5:7>ResolveAssemblyReferences:
             /usr/lib64/dotnet/packs/Microsoft.NETCore.App.Ref/8.0.22/ref/net8.0/System.IO.UnmanagedMemoryStream.dll
   7:7>ResolveAssemblyReferences:
                 Private = 'false'
             /usr/lib64/dotnet/packs/Microsoft.NETCore.App.Ref/8.0.22/ref/net8.0/System.Reflection.dll
   5:7>ResolveAssemblyReferences:
                 Private = 'false'
   7:7>ResolveAssemblyReferences:
                 Private = 'false'
             /usr/lib64/dotnet/packs/Microsoft.NETCore.App.Ref/8.0.22/ref/net8.0/System.Resources.Reader.dll
                 Private = 'false'
   5:7>ResolveAssemblyReferences:
             /usr/lib64/dotnet/packs/Microsoft.NETCore.App.Ref/8.0.22/ref/net8.0/System.IO.dll
   7:7>ResolveAssemblyReferences:
             /usr/lib64/dotnet/packs/Microsoft.NETCore.App.Ref/8.0.22/ref/net8.0/System.Resources.ResourceManager.dll
                 Private = 'false'
             /usr/lib64/dotnet/packs/Microsoft.NETCore.App.Ref/8.0.22/ref/net8.0/System.Resources.Writer.dll
   5:7>ResolveAssemblyReferences:
                 Private = 'false'
   7:7>ResolveAssemblyReferences:
                 Private = 'false'
             /usr/lib64/dotnet/packs/Microsoft.NETCore.App.Ref/8.0.22/ref/net8.0/System.Runtime.CompilerServices.Unsafe.dll
                 Private = 'false'
   5:7>ResolveAssemblyReferences:
             /usr/lib64/dotnet/packs/Microsoft.NETCore.App.Ref/8.0.22/ref/net8.0/System.Linq.Expressions.dll
   7:7>ResolveAssemblyReferences:
             /usr/lib64/dotnet/packs/Microsoft.NETCore.App.Ref/8.0.22/ref/net8.0/System.Runtime.CompilerServices.VisualC.dll
                 Private = 'false'
             /usr/lib64/dotnet/packs/Microsoft.NETCore.App.Ref/8.0.22/ref/net8.0/System.Runtime.Extensions.dll
   5:7>ResolveAssemblyReferences:
                 Private = 'false'
   7:7>ResolveAssemblyReferences:
                 Private = 'false'
             /usr/lib64/dotnet/packs/Microsoft.NETCore.App.Ref/8.0.22/ref/net8.0/System.Runtime.Handles.dll
   5:7>ResolveAssemblyReferences:
             /usr/lib64/dotnet/packs/Microsoft.NETCore.App.Ref/8.0.22/ref/net8.0/System.Linq.Parallel.dll
   7:7>ResolveAssemblyReferences:
                 Private = 'false'
             /usr/lib64/dotnet/packs/Microsoft.NETCore.App.Ref/8.0.22/ref/net8.0/System.Runtime.InteropServices.JavaScript.dll
                 Private = 'false'
   5:7>ResolveAssemblyReferences:
                 Private = 'false'
   7:7>ResolveAssemblyReferences:
             /usr/lib64/dotnet/packs/Microsoft.NETCore.App.Ref/8.0.22/ref/net8.0/System.Runtime.InteropServices.RuntimeInformation.dll
                 Private = 'false'
             /usr/lib64/dotnet/packs/Microsoft.NETCore.App.Ref/8.0.22/ref/net8.0/System.Runtime.InteropServices.dll
   5:7>ResolveAssemblyReferences:
             /usr/lib64/dotnet/packs/Microsoft.NETCore.App.Ref/8.0.22/ref/net8.0/System.Linq.Queryable.dll
   7:7>ResolveAssemblyReferences:
                 Private = 'false'
             /usr/lib64/dotnet/packs/Microsoft.NETCore.App.Ref/8.0.22/ref/net8.0/System.Runtime.Intrinsics.dll
                 Private = 'false'
   5:7>ResolveAssemblyReferences:
                 Private = 'false'
   7:7>ResolveAssemblyReferences:
             /usr/lib64/dotnet/packs/Microsoft.NETCore.App.Ref/8.0.22/ref/net8.0/System.Runtime.Loader.dll
                 Private = 'false'
   5:7>ResolveAssemblyReferences:
             /usr/lib64/dotnet/packs/Microsoft.NETCore.App.Ref/8.0.22/ref/net8.0/System.Linq.dll
   7:7>ResolveAssemblyReferences:
             /usr/lib64/dotnet/packs/Microsoft.NETCore.App.Ref/8.0.22/ref/net8.0/System.Runtime.Numerics.dll
   5:7>ResolveAssemblyReferences:
                 Private = 'false'
   7:7>ResolveAssemblyReferences:
                 Private = 'false'
             /usr/lib64/dotnet/packs/Microsoft.NETCore.App.Ref/8.0.22/ref/net8.0/System.Runtime.Serialization.Formatters.dll
   5:7>ResolveAssemblyReferences:
             /usr/lib64/dotnet/packs/Microsoft.NETCore.App.Ref/8.0.22/ref/net8.0/System.Memory.dll
   7:7>ResolveAssemblyReferences:
                 Private = 'false'
             /usr/lib64/dotnet/packs/Microsoft.NETCore.App.Ref/8.0.22/ref/net8.0/System.Runtime.Serialization.Json.dll
                 Private = 'false'
   5:7>ResolveAssemblyReferences:
                 Private = 'false'
   7:7>ResolveAssemblyReferences:
             /usr/lib64/dotnet/packs/Microsoft.NETCore.App.Ref/8.0.22/ref/net8.0/System.Runtime.Serialization.Primitives.dll
                 Private = 'false'
   5:7>ResolveAssemblyReferences:
             /usr/lib64/dotnet/packs/Microsoft.NETCore.App.Ref/8.0.22/ref/net8.0/System.Net.Http.Json.dll
   7:7>ResolveAssemblyReferences:
             /usr/lib64/dotnet/packs/Microsoft.NETCore.App.Ref/8.0.22/ref/net8.0/System.Runtime.Serialization.Xml.dll
                 Private = 'false'
             /usr/lib64/dotnet/packs/Microsoft.NETCore.App.Ref/8.0.22/ref/net8.0/System.Runtime.Serialization.dll
   5:7>ResolveAssemblyReferences:
                 Private = 'false'
   7:7>ResolveAssemblyReferences:
                 Private = 'false'
             /usr/lib64/dotnet/packs/Microsoft.NETCore.App.Ref/8.0.22/ref/net8.0/System.Runtime.dll
   5:7>ResolveAssemblyReferences:
             /usr/lib64/dotnet/packs/Microsoft.NETCore.App.Ref/8.0.22/ref/net8.0/System.Net.Http.dll
   7:7>ResolveAssemblyReferences:
                 Private = 'false'
             /usr/lib64/dotnet/packs/Microsoft.NETCore.App.Ref/8.0.22/ref/net8.0/System.Security.AccessControl.dll
                 Private = 'false'
   5:7>ResolveAssemblyReferences:
                 Private = 'false'
   7:7>ResolveAssemblyReferences:
             /usr/lib64/dotnet/packs/Microsoft.NETCore.App.Ref/8.0.22/ref/net8.0/System.Security.Claims.dll
                 Private = 'false'
             /usr/lib64/dotnet/packs/Microsoft.NETCore.App.Ref/8.0.22/ref/net8.0/System.Security.Cryptography.Algorithms.dll
   5:7>ResolveAssemblyReferences:
             /usr/lib64/dotnet/packs/Microsoft.NETCore.App.Ref/8.0.22/ref/net8.0/System.Net.HttpListener.dll
   7:7>ResolveAssemblyReferences:
                 Private = 'false'
             /usr/lib64/dotnet/packs/Microsoft.NETCore.App.Ref/8.0.22/ref/net8.0/System.Security.Cryptography.Cng.dll
                 Private = 'false'
             /usr/lib64/dotnet/packs/Microsoft.NETCore.App.Ref/8.0.22/ref/net8.0/System.Security.Cryptography.Csp.dll
   5:7>ResolveAssemblyReferences:
                 Private = 'false'
   7:7>ResolveAssemblyReferences:
                 Private = 'false'
             /usr/lib64/dotnet/packs/Microsoft.NETCore.App.Ref/8.0.22/ref/net8.0/System.Security.Cryptography.Encoding.dll
   5:7>ResolveAssemblyReferences:
             /usr/lib64/dotnet/packs/Microsoft.NETCore.App.Ref/8.0.22/ref/net8.0/System.Net.Mail.dll
   7:7>ResolveAssemblyReferences:
                 Private = 'false'
             /usr/lib64/dotnet/packs/Microsoft.NETCore.App.Ref/8.0.22/ref/net8.0/System.Security.Cryptography.OpenSsl.dll
                 Private = 'false'
   5:7>ResolveAssemblyReferences:
                 Private = 'false'
   7:7>ResolveAssemblyReferences:
             /usr/lib64/dotnet/packs/Microsoft.NETCore.App.Ref/8.0.22/ref/net8.0/System.Security.Cryptography.Primitives.dll
                 Private = 'false'
             /usr/lib64/dotnet/packs/Microsoft.NETCore.App.Ref/8.0.22/ref/net8.0/System.Security.Cryptography.X509Certificates.dll
   5:7>ResolveAssemblyReferences:
             /usr/lib64/dotnet/packs/Microsoft.NETCore.App.Ref/8.0.22/ref/net8.0/System.Net.NameResolution.dll
   7:7>ResolveAssemblyReferences:
                 Private = 'false'
             /usr/lib64/dotnet/packs/Microsoft.NETCore.App.Ref/8.0.22/ref/net8.0/System.Security.Cryptography.dll
                 Private = 'false'
   5:7>ResolveAssemblyReferences:
                 Private = 'false'
   7:7>ResolveAssemblyReferences:
             /usr/lib64/dotnet/packs/Microsoft.NETCore.App.Ref/8.0.22/ref/net8.0/System.Security.Principal.Windows.dll
                 Private = 'false'
   5:7>ResolveAssemblyReferences:
             /usr/lib64/dotnet/packs/Microsoft.NETCore.App.Ref/8.0.22/ref/net8.0/System.Net.NetworkInformation.dll
   7:7>ResolveAssemblyReferences:
             /usr/lib64/dotnet/packs/Microsoft.NETCore.App.Ref/8.0.22/ref/net8.0/System.Security.Principal.dll
                 Private = 'false'
             /usr/lib64/dotnet/packs/Microsoft.NETCore.App.Ref/8.0.22/ref/net8.0/System.Security.SecureString.dll
   5:7>ResolveAssemblyReferences:
                 Private = 'false'
   7:7>ResolveAssemblyReferences:
                 Private = 'false'
             /usr/lib64/dotnet/packs/Microsoft.NETCore.App.Ref/8.0.22/ref/net8.0/System.Security.dll
                 Private = 'false'
   5:7>ResolveAssemblyReferences:
             /usr/lib64/dotnet/packs/Microsoft.NETCore.App.Ref/8.0.22/ref/net8.0/System.Net.Ping.dll
   7:7>ResolveAssemblyReferences:
             /usr/lib64/dotnet/packs/Microsoft.NETCore.App.Ref/8.0.22/ref/net8.0/System.ServiceModel.Web.dll
                 Private = 'false'
             /usr/lib64/dotnet/packs/Microsoft.NETCore.App.Ref/8.0.22/ref/net8.0/System.ServiceProcess.dll
   5:7>ResolveAssemblyReferences:
                 Private = 'false'
   7:7>ResolveAssemblyReferences:
                 Private = 'false'
             /usr/lib64/dotnet/packs/Microsoft.NETCore.App.Ref/8.0.22/ref/net8.0/System.Text.Encoding.CodePages.dll
                 Private = 'false'
   5:7>ResolveAssemblyReferences:
             /usr/lib64/dotnet/packs/Microsoft.NETCore.App.Ref/8.0.22/ref/net8.0/System.Net.Primitives.dll
   7:7>ResolveAssemblyReferences:
             /usr/lib64/dotnet/packs/Microsoft.NETCore.App.Ref/8.0.22/ref/net8.0/System.Text.Encoding.Extensions.dll
                 Private = 'false'
             /usr/lib64/dotnet/packs/Microsoft.NETCore.App.Ref/8.0.22/ref/net8.0/System.Text.Encoding.dll
   5:7>ResolveAssemblyReferences:
                 Private = 'false'
   7:7>ResolveAssemblyReferences:
                 Private = 'false'
             /usr/lib64/dotnet/packs/Microsoft.NETCore.App.Ref/8.0.22/ref/net8.0/System.Text.Encodings.Web.dll
   5:7>ResolveAssemblyReferences:
             /usr/lib64/dotnet/packs/Microsoft.NETCore.App.Ref/8.0.22/ref/net8.0/System.Net.Quic.dll
   7:7>ResolveAssemblyReferences:
                 Private = 'false'
             /usr/lib64/dotnet/packs/Microsoft.NETCore.App.Ref/8.0.22/ref/net8.0/System.Text.Json.dll
                 Private = 'false'
   5:7>ResolveAssemblyReferences:
                 Private = 'false'
   7:7>ResolveAssemblyReferences:
             /usr/lib64/dotnet/packs/Microsoft.NETCore.App.Ref/8.0.22/ref/net8.0/System.Text.RegularExpressions.dll
                 Private = 'false'
             /usr/lib64/dotnet/packs/Microsoft.NETCore.App.Ref/8.0.22/ref/net8.0/System.Threading.Channels.dll
   5:7>ResolveAssemblyReferences:
             /usr/lib64/dotnet/packs/Microsoft.NETCore.App.Ref/8.0.22/ref/net8.0/System.Net.Requests.dll
   7:7>ResolveAssemblyReferences:
                 Private = 'false'
             /usr/lib64/dotnet/packs/Microsoft.NETCore.App.Ref/8.0.22/ref/net8.0/System.Threading.Overlapped.dll
                 Private = 'false'
   5:7>ResolveAssemblyReferences:
                 Private = 'false'
   7:7>ResolveAssemblyReferences:
             /usr/lib64/dotnet/packs/Microsoft.NETCore.App.Ref/8.0.22/ref/net8.0/System.Threading.Tasks.Dataflow.dll
                 Private = 'false'
             /usr/lib64/dotnet/packs/Microsoft.NETCore.App.Ref/8.0.22/ref/net8.0/System.Threading.Tasks.Extensions.dll
   5:7>ResolveAssemblyReferences:
             /usr/lib64/dotnet/packs/Microsoft.NETCore.App.Ref/8.0.22/ref/net8.0/System.Net.Security.dll
   7:7>ResolveAssemblyReferences:
                 Private = 'false'
             /usr/lib64/dotnet/packs/Microsoft.NETCore.App.Ref/8.0.22/ref/net8.0/System.Threading.Tasks.Parallel.dll
                 Private = 'false'
   5:7>ResolveAssemblyReferences:
                 Private = 'false'
   7:7>ResolveAssemblyReferences:
             /usr/lib64/dotnet/packs/Microsoft.NETCore.App.Ref/8.0.22/ref/net8.0/System.Threading.Tasks.dll
                 Private = 'false'
             /usr/lib64/dotnet/packs/Microsoft.NETCore.App.Ref/8.0.22/ref/net8.0/System.Threading.Thread.dll
   5:7>ResolveAssemblyReferences:
             /usr/lib64/dotnet/packs/Microsoft.NETCore.App.Ref/8.0.22/ref/net8.0/System.Net.ServicePoint.dll
   7:7>ResolveAssemblyReferences:
                 Private = 'false'
             /usr/lib64/dotnet/packs/Microsoft.NETCore.App.Ref/8.0.22/ref/net8.0/System.Threading.ThreadPool.dll
                 Private = 'false'
   5:7>ResolveAssemblyReferences:
                 Private = 'false'
   7:7>ResolveAssemblyReferences:
             /usr/lib64/dotnet/packs/Microsoft.NETCore.App.Ref/8.0.22/ref/net8.0/System.Threading.Timer.dll
                 Private = 'false'
             /usr/lib64/dotnet/packs/Microsoft.NETCore.App.Ref/8.0.22/ref/net8.0/System.Threading.dll
   5:7>ResolveAssemblyReferences:
             /usr/lib64/dotnet/packs/Microsoft.NETCore.App.Ref/8.0.22/ref/net8.0/System.Net.Sockets.dll
   7:7>ResolveAssemblyReferences:
                 Private = 'false'
             /usr/lib64/dotnet/packs/Microsoft.NETCore.App.Ref/8.0.22/ref/net8.0/System.Transactions.Local.dll
                 Private = 'false'
   5:7>ResolveAssemblyReferences:
                 Private = 'false'
   7:7>ResolveAssemblyReferences:
             /usr/lib64/dotnet/packs/Microsoft.NETCore.App.Ref/8.0.22/ref/net8.0/System.Transactions.dll
                 Private = 'false'
             /usr/lib64/dotnet/packs/Microsoft.NETCore.App.Ref/8.0.22/ref/net8.0/System.ValueTuple.dll
                 Private = 'false'
   5:7>ResolveAssemblyReferences:
             /usr/lib64/dotnet/packs/Microsoft.NETCore.App.Ref/8.0.22/ref/net8.0/System.Net.WebClient.dll
   7:7>ResolveAssemblyReferences:
             /usr/lib64/dotnet/packs/Microsoft.NETCore.App.Ref/8.0.22/ref/net8.0/System.Web.HttpUtility.dll
                 Private = 'false'
             /usr/lib64/dotnet/packs/Microsoft.NETCore.App.Ref/8.0.22/ref/net8.0/System.Web.dll
   5:7>ResolveAssemblyReferences:
                 Private = 'false'
   7:7>ResolveAssemblyReferences:
                 Private = 'false'
             /usr/lib64/dotnet/packs/Microsoft.NETCore.App.Ref/8.0.22/ref/net8.0/System.Windows.dll
                 Private = 'false'
   5:7>ResolveAssemblyReferences:
             /usr/lib64/dotnet/packs/Microsoft.NETCore.App.Ref/8.0.22/ref/net8.0/System.Net.WebHeaderCollection.dll
   7:7>ResolveAssemblyReferences:
             /usr/lib64/dotnet/packs/Microsoft.NETCore.App.Ref/8.0.22/ref/net8.0/System.Xml.Linq.dll
                 Private = 'false'
             /usr/lib64/dotnet/packs/Microsoft.NETCore.App.Ref/8.0.22/ref/net8.0/System.Xml.ReaderWriter.dll
   5:7>ResolveAssemblyReferences:
                 Private = 'false'
   7:7>ResolveAssemblyReferences:
                 Private = 'false'
             /usr/lib64/dotnet/packs/Microsoft.NETCore.App.Ref/8.0.22/ref/net8.0/System.Xml.Serialization.dll
                 Private = 'false'
   5:7>ResolveAssemblyReferences:
             /usr/lib64/dotnet/packs/Microsoft.NETCore.App.Ref/8.0.22/ref/net8.0/System.Net.WebProxy.dll
   7:7>ResolveAssemblyReferences:
             /usr/lib64/dotnet/packs/Microsoft.NETCore.App.Ref/8.0.22/ref/net8.0/System.Xml.XDocument.dll
                 Private = 'false'
             /usr/lib64/dotnet/packs/Microsoft.NETCore.App.Ref/8.0.22/ref/net8.0/System.Xml.XPath.XDocument.dll
   5:7>ResolveAssemblyReferences:
                 Private = 'false'
   7:7>ResolveAssemblyReferences:
                 Private = 'false'
             /usr/lib64/dotnet/packs/Microsoft.NETCore.App.Ref/8.0.22/ref/net8.0/System.Xml.XPath.dll
                 Private = 'false'
   5:7>ResolveAssemblyReferences:
             /usr/lib64/dotnet/packs/Microsoft.NETCore.App.Ref/8.0.22/ref/net8.0/System.Net.WebSockets.Client.dll
   7:7>ResolveAssemblyReferences:
             /usr/lib64/dotnet/packs/Microsoft.NETCore.App.Ref/8.0.22/ref/net8.0/System.Xml.XmlDocument.dll
                 Private = 'false'
             /usr/lib64/dotnet/packs/Microsoft.NETCore.App.Ref/8.0.22/ref/net8.0/System.Xml.XmlSerializer.dll
   5:7>ResolveAssemblyReferences:
                 Private = 'false'
   7:7>ResolveAssemblyReferences:
                 Private = 'false'
             /usr/lib64/dotnet/packs/Microsoft.NETCore.App.Ref/8.0.22/ref/net8.0/System.Xml.dll
                 Private = 'false'
   5:7>ResolveAssemblyReferences:
             /usr/lib64/dotnet/packs/Microsoft.NETCore.App.Ref/8.0.22/ref/net8.0/System.Net.WebSockets.dll
   7:7>ResolveAssemblyReferences:
             /usr/lib64/dotnet/packs/Microsoft.NETCore.App.Ref/8.0.22/ref/net8.0/System.dll
                 Private = 'false'
             /usr/lib64/dotnet/packs/Microsoft.NETCore.App.Ref/8.0.22/ref/net8.0/WindowsBase.dll
   5:7>ResolveAssemblyReferences:
                 Private = 'false'
   7:7>ResolveAssemblyReferences:
                 Private = 'false'
             /usr/lib64/dotnet/packs/Microsoft.NETCore.App.Ref/8.0.22/ref/net8.0/mscorlib.dll
                 Private = 'false'
   5:7>ResolveAssemblyReferences:
             /usr/lib64/dotnet/packs/Microsoft.NETCore.App.Ref/8.0.22/ref/net8.0/System.Net.dll
   7:7>ResolveAssemblyReferences:
             /usr/lib64/dotnet/packs/Microsoft.NETCore.App.Ref/8.0.22/ref/net8.0/netstandard.dll
                 Private = 'false'
             /usr/lib64/dotnet/packs/Microsoft.AspNetCore.App.Ref/8.0.22/ref/net8.0/Microsoft.AspNetCore.Antiforgery.dll
   5:7>ResolveAssemblyReferences:
                 Private = 'false'
   7:7>ResolveAssemblyReferences:
                 Private = 'false'
             /usr/lib64/dotnet/packs/Microsoft.AspNetCore.App.Ref/8.0.22/ref/net8.0/Microsoft.AspNetCore.Authentication.Abstractions.dll
                 Private = 'false'
             /usr/lib64/dotnet/packs/Microsoft.AspNetCore.App.Ref/8.0.22/ref/net8.0/Microsoft.AspNetCore.Authentication.BearerToken.dll
   5:7>ResolveAssemblyReferences:
             /usr/lib64/dotnet/packs/Microsoft.NETCore.App.Ref/8.0.22/ref/net8.0/System.Numerics.Vectors.dll
   7:7>ResolveAssemblyReferences:
                 Private = 'false'
             /usr/lib64/dotnet/packs/Microsoft.AspNetCore.App.Ref/8.0.22/ref/net8.0/Microsoft.AspNetCore.Authentication.Cookies.dll
                 Private = 'false'
   5:7>ResolveAssemblyReferences:
                 Private = 'false'
   7:7>ResolveAssemblyReferences:
             /usr/lib64/dotnet/packs/Microsoft.AspNetCore.App.Ref/8.0.22/ref/net8.0/Microsoft.AspNetCore.Authentication.Core.dll
                 Private = 'false'
             /usr/lib64/dotnet/packs/Microsoft.AspNetCore.App.Ref/8.0.22/ref/net8.0/Microsoft.AspNetCore.Authentication.OAuth.dll
                 Private = 'false'
   5:7>ResolveAssemblyReferences:
             /usr/lib64/dotnet/packs/Microsoft.NETCore.App.Ref/8.0.22/ref/net8.0/System.Numerics.dll
   7:7>ResolveAssemblyReferences:
             /usr/lib64/dotnet/packs/Microsoft.AspNetCore.App.Ref/8.0.22/ref/net8.0/Microsoft.AspNetCore.Authentication.dll
                 Private = 'false'
             /usr/lib64/dotnet/packs/Microsoft.AspNetCore.App.Ref/8.0.22/ref/net8.0/Microsoft.AspNetCore.Authorization.Policy.dll
   5:7>ResolveAssemblyReferences:
                 Private = 'false'
   7:7>ResolveAssemblyReferences:
                 Private = 'false'
             /usr/lib64/dotnet/packs/Microsoft.AspNetCore.App.Ref/8.0.22/ref/net8.0/Microsoft.AspNetCore.Authorization.dll
                 Private = 'false'
   5:7>ResolveAssemblyReferences:
             /usr/lib64/dotnet/packs/Microsoft.NETCore.App.Ref/8.0.22/ref/net8.0/System.ObjectModel.dll
   7:7>ResolveAssemblyReferences:
             /usr/lib64/dotnet/packs/Microsoft.AspNetCore.App.Ref/8.0.22/ref/net8.0/Microsoft.AspNetCore.Components.Authorization.dll
                 Private = 'false'
             /usr/lib64/dotnet/packs/Microsoft.AspNetCore.App.Ref/8.0.22/ref/net8.0/Microsoft.AspNetCore.Components.Endpoints.dll
   5:7>ResolveAssemblyReferences:
                 Private = 'false'
   7:7>ResolveAssemblyReferences:
                 Private = 'false'
             /usr/lib64/dotnet/packs/Microsoft.AspNetCore.App.Ref/8.0.22/ref/net8.0/Microsoft.AspNetCore.Components.Forms.dll
                 Private = 'false'
   5:7>ResolveAssemblyReferences:
             /usr/lib64/dotnet/packs/Microsoft.NETCore.App.Ref/8.0.22/ref/net8.0/System.Reflection.DispatchProxy.dll
   7:7>ResolveAssemblyReferences:
             /usr/lib64/dotnet/packs/Microsoft.AspNetCore.App.Ref/8.0.22/ref/net8.0/Microsoft.AspNetCore.Components.Server.dll
                 Private = 'false'
             /usr/lib64/dotnet/packs/Microsoft.AspNetCore.App.Ref/8.0.22/ref/net8.0/Microsoft.AspNetCore.Components.Web.dll
   5:7>ResolveAssemblyReferences:
                 Private = 'false'
   7:7>ResolveAssemblyReferences:
                 Private = 'false'
             /usr/lib64/dotnet/packs/Microsoft.AspNetCore.App.Ref/8.0.22/ref/net8.0/Microsoft.AspNetCore.Components.dll
                 Private = 'false'
   5:7>ResolveAssemblyReferences:
             /usr/lib64/dotnet/packs/Microsoft.NETCore.App.Ref/8.0.22/ref/net8.0/System.Reflection.Emit.ILGeneration.dll
   7:7>ResolveAssemblyReferences:
             /usr/lib64/dotnet/packs/Microsoft.AspNetCore.App.Ref/8.0.22/ref/net8.0/Microsoft.AspNetCore.Connections.Abstractions.dll
                 Private = 'false'
             /usr/lib64/dotnet/packs/Microsoft.AspNetCore.App.Ref/8.0.22/ref/net8.0/Microsoft.AspNetCore.CookiePolicy.dll
                 Private = 'false'
   5:7>ResolveAssemblyReferences:
                 Private = 'false'
   7:7>ResolveAssemblyReferences:
             /usr/lib64/dotnet/packs/Microsoft.AspNetCore.App.Ref/8.0.22/ref/net8.0/Microsoft.AspNetCore.Cors.dll
                 Private = 'false'
             /usr/lib64/dotnet/packs/Microsoft.AspNetCore.App.Ref/8.0.22/ref/net8.0/Microsoft.AspNetCore.Cryptography.Internal.dll
   5:7>ResolveAssemblyReferences:
             /usr/lib64/dotnet/packs/Microsoft.NETCore.App.Ref/8.0.22/ref/net8.0/System.Reflection.Emit.Lightweight.dll
   7:7>ResolveAssemblyReferences:
                 Private = 'false'
             /usr/lib64/dotnet/packs/Microsoft.AspNetCore.App.Ref/8.0.22/ref/net8.0/Microsoft.AspNetCore.Cryptography.KeyDerivation.dll
                 Private = 'false'
   5:7>ResolveAssemblyReferences:
                 Private = 'false'
             /usr/lib64/dotnet/packs/Microsoft.NETCore.App.Ref/8.0.22/ref/net8.0/System.Reflection.Emit.dll
   7:7>ResolveAssemblyReferences:
             /usr/lib64/dotnet/packs/Microsoft.AspNetCore.App.Ref/8.0.22/ref/net8.0/Microsoft.AspNetCore.DataProtection.Abstractions.dll
                 Private = 'false'
             /usr/lib64/dotnet/packs/Microsoft.AspNetCore.App.Ref/8.0.22/ref/net8.0/Microsoft.AspNetCore.DataProtection.Extensions.dll
   5:7>ResolveAssemblyReferences:
                 Private = 'false'
   7:7>ResolveAssemblyReferences:
                 Private = 'false'
             /usr/lib64/dotnet/packs/Microsoft.AspNetCore.App.Ref/8.0.22/ref/net8.0/Microsoft.AspNetCore.DataProtection.dll
                 Private = 'false'
   5:7>ResolveAssemblyReferences:
             /usr/lib64/dotnet/packs/Microsoft.NETCore.App.Ref/8.0.22/ref/net8.0/System.Reflection.Extensions.dll
   7:7>ResolveAssemblyReferences:
             /usr/lib64/dotnet/packs/Microsoft.AspNetCore.App.Ref/8.0.22/ref/net8.0/Microsoft.AspNetCore.Diagnostics.Abstractions.dll
                 Private = 'false'
   5:7>ResolveAssemblyReferences:
                 Private = 'false'
   7:7>ResolveAssemblyReferences:
             /usr/lib64/dotnet/packs/Microsoft.AspNetCore.App.Ref/8.0.22/ref/net8.0/Microsoft.AspNetCore.Diagnostics.HealthChecks.dll
                 Private = 'false'
             /usr/lib64/dotnet/packs/Microsoft.AspNetCore.App.Ref/8.0.22/ref/net8.0/Microsoft.AspNetCore.Diagnostics.dll
   5:7>ResolveAssemblyReferences:
             /usr/lib64/dotnet/packs/Microsoft.NETCore.App.Ref/8.0.22/ref/net8.0/System.Reflection.Metadata.dll
   7:7>ResolveAssemblyReferences:
                 Private = 'false'
             /usr/lib64/dotnet/packs/Microsoft.AspNetCore.App.Ref/8.0.22/ref/net8.0/Microsoft.AspNetCore.HostFiltering.dll
                 Private = 'false'
             /usr/lib64/dotnet/packs/Microsoft.AspNetCore.App.Ref/8.0.22/ref/net8.0/Microsoft.AspNetCore.Hosting.Abstractions.dll
   5:7>ResolveAssemblyReferences:
                 Private = 'false'
   7:7>ResolveAssemblyReferences:
                 Private = 'false'
             /usr/lib64/dotnet/packs/Microsoft.AspNetCore.App.Ref/8.0.22/ref/net8.0/Microsoft.AspNetCore.Hosting.Server.Abstractions.dll
                 Private = 'false'
   5:7>ResolveAssemblyReferences:
             /usr/lib64/dotnet/packs/Microsoft.NETCore.App.Ref/8.0.22/ref/net8.0/System.Reflection.Primitives.dll
   7:7>ResolveAssemblyReferences:
             /usr/lib64/dotnet/packs/Microsoft.AspNetCore.App.Ref/8.0.22/ref/net8.0/Microsoft.AspNetCore.Hosting.dll
                 Private = 'false'
             /usr/lib64/dotnet/packs/Microsoft.AspNetCore.App.Ref/8.0.22/ref/net8.0/Microsoft.AspNetCore.Html.Abstractions.dll
   5:7>ResolveAssemblyReferences:
                 Private = 'false'
   7:7>ResolveAssemblyReferences:
                 Private = 'false'
             /usr/lib64/dotnet/packs/Microsoft.AspNetCore.App.Ref/8.0.22/ref/net8.0/Microsoft.AspNetCore.Http.Abstractions.dll
                 Private = 'false'
   5:7>ResolveAssemblyReferences:
             /usr/lib64/dotnet/packs/Microsoft.NETCore.App.Ref/8.0.22/ref/net8.0/System.Reflection.TypeExtensions.dll
   7:7>ResolveAssemblyReferences:
             /usr/lib64/dotnet/packs/Microsoft.AspNetCore.App.Ref/8.0.22/ref/net8.0/Microsoft.AspNetCore.Http.Connections.Common.dll
                 Private = 'false'
             /usr/lib64/dotnet/packs/Microsoft.AspNetCore.App.Ref/8.0.22/ref/net8.0/Microsoft.AspNetCore.Http.Connections.dll
   5:7>ResolveAssemblyReferences:
                 Private = 'false'
   7:7>ResolveAssemblyReferences:
                 Private = 'false'
             /usr/lib64/dotnet/packs/Microsoft.AspNetCore.App.Ref/8.0.22/ref/net8.0/Microsoft.AspNetCore.Http.Extensions.dll
                 Private = 'false'
   5:7>ResolveAssemblyReferences:
             /usr/lib64/dotnet/packs/Microsoft.NETCore.App.Ref/8.0.22/ref/net8.0/System.Reflection.dll
   7:7>ResolveAssemblyReferences:
             /usr/lib64/dotnet/packs/Microsoft.AspNetCore.App.Ref/8.0.22/ref/net8.0/Microsoft.AspNetCore.Http.Features.dll
                 Private = 'false'
             /usr/lib64/dotnet/packs/Microsoft.AspNetCore.App.Ref/8.0.22/ref/net8.0/Microsoft.AspNetCore.Http.Results.dll
   5:7>ResolveAssemblyReferences:
                 Private = 'false'
   7:7>ResolveAssemblyReferences:
                 Private = 'false'
             /usr/lib64/dotnet/packs/Microsoft.AspNetCore.App.Ref/8.0.22/ref/net8.0/Microsoft.AspNetCore.Http.dll
                 Private = 'false'
   5:7>ResolveAssemblyReferences:
             /usr/lib64/dotnet/packs/Microsoft.NETCore.App.Ref/8.0.22/ref/net8.0/System.Resources.Reader.dll
   7:7>ResolveAssemblyReferences:
             /usr/lib64/dotnet/packs/Microsoft.AspNetCore.App.Ref/8.0.22/ref/net8.0/Microsoft.AspNetCore.HttpLogging.dll
                 Private = 'false'
             /usr/lib64/dotnet/packs/Microsoft.AspNetCore.App.Ref/8.0.22/ref/net8.0/Microsoft.AspNetCore.HttpOverrides.dll
   5:7>ResolveAssemblyReferences:
                 Private = 'false'
   7:7>ResolveAssemblyReferences:
                 Private = 'false'
             /usr/lib64/dotnet/packs/Microsoft.AspNetCore.App.Ref/8.0.22/ref/net8.0/Microsoft.AspNetCore.HttpsPolicy.dll
                 Private = 'false'
   5:7>ResolveAssemblyReferences:
             /usr/lib64/dotnet/packs/Microsoft.NETCore.App.Ref/8.0.22/ref/net8.0/System.Resources.ResourceManager.dll
   7:7>ResolveAssemblyReferences:
             /usr/lib64/dotnet/packs/Microsoft.AspNetCore.App.Ref/8.0.22/ref/net8.0/Microsoft.AspNetCore.Identity.dll
                 Private = 'false'
             /usr/lib64/dotnet/packs/Microsoft.AspNetCore.App.Ref/8.0.22/ref/net8.0/Microsoft.AspNetCore.Localization.Routing.dll
                 Private = 'false'
   5:7>ResolveAssemblyReferences:
                 Private = 'false'
   7:7>ResolveAssemblyReferences:
             /usr/lib64/dotnet/packs/Microsoft.AspNetCore.App.Ref/8.0.22/ref/net8.0/Microsoft.AspNetCore.Localization.dll
                 Private = 'false'
             /usr/lib64/dotnet/packs/Microsoft.AspNetCore.App.Ref/8.0.22/ref/net8.0/Microsoft.AspNetCore.Metadata.dll
   5:7>ResolveAssemblyReferences:
             /usr/lib64/dotnet/packs/Microsoft.NETCore.App.Ref/8.0.22/ref/net8.0/System.Resources.Writer.dll
   7:7>ResolveAssemblyReferences:
                 Private = 'false'
             /usr/lib64/dotnet/packs/Microsoft.AspNetCore.App.Ref/8.0.22/ref/net8.0/Microsoft.AspNetCore.Mvc.Abstractions.dll
                 Private = 'false'
             /usr/lib64/dotnet/packs/Microsoft.AspNetCore.App.Ref/8.0.22/ref/net8.0/Microsoft.AspNetCore.Mvc.ApiExplorer.dll
   5:7>ResolveAssemblyReferences:
                 Private = 'false'
   7:7>ResolveAssemblyReferences:
                 Private = 'false'
             /usr/lib64/dotnet/packs/Microsoft.AspNetCore.App.Ref/8.0.22/ref/net8.0/Microsoft.AspNetCore.Mvc.Core.dll
                 Private = 'false'
   5:7>ResolveAssemblyReferences:
             /usr/lib64/dotnet/packs/Microsoft.NETCore.App.Ref/8.0.22/ref/net8.0/System.Runtime.CompilerServices.Unsafe.dll
   7:7>ResolveAssemblyReferences:
             /usr/lib64/dotnet/packs/Microsoft.AspNetCore.App.Ref/8.0.22/ref/net8.0/Microsoft.AspNetCore.Mvc.Cors.dll
                 Private = 'false'
             /usr/lib64/dotnet/packs/Microsoft.AspNetCore.App.Ref/8.0.22/ref/net8.0/Microsoft.AspNetCore.Mvc.DataAnnotations.dll
   5:7>ResolveAssemblyReferences:
                 Private = 'false'
   7:7>ResolveAssemblyReferences:
                 Private = 'false'
             /usr/lib64/dotnet/packs/Microsoft.AspNetCore.App.Ref/8.0.22/ref/net8.0/Microsoft.AspNetCore.Mvc.Formatters.Json.dll
                 Private = 'false'
             /usr/lib64/dotnet/packs/Microsoft.AspNetCore.App.Ref/8.0.22/ref/net8.0/Microsoft.AspNetCore.Mvc.Formatters.Xml.dll
   5:7>ResolveAssemblyReferences:
             /usr/lib64/dotnet/packs/Microsoft.NETCore.App.Ref/8.0.22/ref/net8.0/System.Runtime.CompilerServices.VisualC.dll
   7:7>ResolveAssemblyReferences:
                 Private = 'false'
             /usr/lib64/dotnet/packs/Microsoft.AspNetCore.App.Ref/8.0.22/ref/net8.0/Microsoft.AspNetCore.Mvc.Localization.dll
                 Private = 'false'
   5:7>ResolveAssemblyReferences:
                 Private = 'false'
   7:7>ResolveAssemblyReferences:
             /usr/lib64/dotnet/packs/Microsoft.AspNetCore.App.Ref/8.0.22/ref/net8.0/Microsoft.AspNetCore.Mvc.Razor.dll
                 Private = 'false'
             /usr/lib64/dotnet/packs/Microsoft.AspNetCore.App.Ref/8.0.22/ref/net8.0/Microsoft.AspNetCore.Mvc.RazorPages.dll
   5:7>ResolveAssemblyReferences:
             /usr/lib64/dotnet/packs/Microsoft.NETCore.App.Ref/8.0.22/ref/net8.0/System.Runtime.Extensions.dll
   7:7>ResolveAssemblyReferences:
                 Private = 'false'
             /usr/lib64/dotnet/packs/Microsoft.AspNetCore.App.Ref/8.0.22/ref/net8.0/Microsoft.AspNetCore.Mvc.TagHelpers.dll
                 Private = 'false'
             /usr/lib64/dotnet/packs/Microsoft.AspNetCore.App.Ref/8.0.22/ref/net8.0/Microsoft.AspNetCore.Mvc.ViewFeatures.dll
   5:7>ResolveAssemblyReferences:
                 Private = 'false'
   7:7>ResolveAssemblyReferences:
                 Private = 'false'
             /usr/lib64/dotnet/packs/Microsoft.AspNetCore.App.Ref/8.0.22/ref/net8.0/Microsoft.AspNetCore.Mvc.dll
                 Private = 'false'
   5:7>ResolveAssemblyReferences:
             /usr/lib64/dotnet/packs/Microsoft.NETCore.App.Ref/8.0.22/ref/net8.0/System.Runtime.Handles.dll
   7:7>ResolveAssemblyReferences:
             /usr/lib64/dotnet/packs/Microsoft.AspNetCore.App.Ref/8.0.22/ref/net8.0/Microsoft.AspNetCore.OutputCaching.dll
                 Private = 'false'
             /usr/lib64/dotnet/packs/Microsoft.AspNetCore.App.Ref/8.0.22/ref/net8.0/Microsoft.AspNetCore.RateLimiting.dll
   5:7>ResolveAssemblyReferences:
                 Private = 'false'
   7:7>ResolveAssemblyReferences:
                 Private = 'false'
             /usr/lib64/dotnet/packs/Microsoft.AspNetCore.App.Ref/8.0.22/ref/net8.0/Microsoft.AspNetCore.Razor.Runtime.dll
                 Private = 'false'
   5:7>ResolveAssemblyReferences:
             /usr/lib64/dotnet/packs/Microsoft.NETCore.App.Ref/8.0.22/ref/net8.0/System.Runtime.InteropServices.JavaScript.dll
   7:7>ResolveAssemblyReferences:
             /usr/lib64/dotnet/packs/Microsoft.AspNetCore.App.Ref/8.0.22/ref/net8.0/Microsoft.AspNetCore.Razor.dll
                 Private = 'false'
             /usr/lib64/dotnet/packs/Microsoft.AspNetCore.App.Ref/8.0.22/ref/net8.0/Microsoft.AspNetCore.RequestDecompression.dll
                 Private = 'false'
   5:7>ResolveAssemblyReferences:
                 Private = 'false'
   7:7>ResolveAssemblyReferences:
             /usr/lib64/dotnet/packs/Microsoft.AspNetCore.App.Ref/8.0.22/ref/net8.0/Microsoft.AspNetCore.ResponseCaching.Abstractions.dll
                 Private = 'false'
             /usr/lib64/dotnet/packs/Microsoft.AspNetCore.App.Ref/8.0.22/ref/net8.0/Microsoft.AspNetCore.ResponseCaching.dll
   5:7>ResolveAssemblyReferences:
             /usr/lib64/dotnet/packs/Microsoft.NETCore.App.Ref/8.0.22/ref/net8.0/System.Runtime.InteropServices.RuntimeInformation.dll
   7:7>ResolveAssemblyReferences:
                 Private = 'false'
             /usr/lib64/dotnet/packs/Microsoft.AspNetCore.App.Ref/8.0.22/ref/net8.0/Microsoft.AspNetCore.ResponseCompression.dll
                 Private = 'false'
   5:7>ResolveAssemblyReferences:
                 Private = 'false'
   7:7>ResolveAssemblyReferences:
             /usr/lib64/dotnet/packs/Microsoft.AspNetCore.App.Ref/8.0.22/ref/net8.0/Microsoft.AspNetCore.Rewrite.dll
                 Private = 'false'
             /usr/lib64/dotnet/packs/Microsoft.AspNetCore.App.Ref/8.0.22/ref/net8.0/Microsoft.AspNetCore.Routing.Abstractions.dll
                 Private = 'false'
   5:7>ResolveAssemblyReferences:
             /usr/lib64/dotnet/packs/Microsoft.NETCore.App.Ref/8.0.22/ref/net8.0/System.Runtime.InteropServices.dll
   7:7>ResolveAssemblyReferences:
             /usr/lib64/dotnet/packs/Microsoft.AspNetCore.App.Ref/8.0.22/ref/net8.0/Microsoft.AspNetCore.Routing.dll
                 Private = 'false'
             /usr/lib64/dotnet/packs/Microsoft.AspNetCore.App.Ref/8.0.22/ref/net8.0/Microsoft.AspNetCore.Server.HttpSys.dll
   5:7>ResolveAssemblyReferences:
                 Private = 'false'
   7:7>ResolveAssemblyReferences:
                 Private = 'false'
             /usr/lib64/dotnet/packs/Microsoft.AspNetCore.App.Ref/8.0.22/ref/net8.0/Microsoft.AspNetCore.Server.IIS.dll
                 Private = 'false'
   5:7>ResolveAssemblyReferences:
             /usr/lib64/dotnet/packs/Microsoft.NETCore.App.Ref/8.0.22/ref/net8.0/System.Runtime.Intrinsics.dll
   7:7>ResolveAssemblyReferences:
             /usr/lib64/dotnet/packs/Microsoft.AspNetCore.App.Ref/8.0.22/ref/net8.0/Microsoft.AspNetCore.Server.IISIntegration.dll
                 Private = 'false'
             /usr/lib64/dotnet/packs/Microsoft.AspNetCore.App.Ref/8.0.22/ref/net8.0/Microsoft.AspNetCore.Server.Kestrel.Core.dll
   5:7>ResolveAssemblyReferences:
                 Private = 'false'
   7:7>ResolveAssemblyReferences:
                 Private = 'false'
             /usr/lib64/dotnet/packs/Microsoft.AspNetCore.App.Ref/8.0.22/ref/net8.0/Microsoft.AspNetCore.Server.Kestrel.Transport.NamedPipes.dll
                 Private = 'false'
   5:7>ResolveAssemblyReferences:
             /usr/lib64/dotnet/packs/Microsoft.NETCore.App.Ref/8.0.22/ref/net8.0/System.Runtime.Loader.dll
   7:7>ResolveAssemblyReferences:
             /usr/lib64/dotnet/packs/Microsoft.AspNetCore.App.Ref/8.0.22/ref/net8.0/Microsoft.AspNetCore.Server.Kestrel.Transport.Quic.dll
                 Private = 'false'
             /usr/lib64/dotnet/packs/Microsoft.AspNetCore.App.Ref/8.0.22/ref/net8.0/Microsoft.AspNetCore.Server.Kestrel.Transport.Sockets.dll
                 Private = 'false'
   5:7>ResolveAssemblyReferences:
                 Private = 'false'
   7:7>ResolveAssemblyReferences:
             /usr/lib64/dotnet/packs/Microsoft.AspNetCore.App.Ref/8.0.22/ref/net8.0/Microsoft.AspNetCore.Server.Kestrel.dll
                 Private = 'false'
             /usr/lib64/dotnet/packs/Microsoft.AspNetCore.App.Ref/8.0.22/ref/net8.0/Microsoft.AspNetCore.Session.dll
   5:7>ResolveAssemblyReferences:
             /usr/lib64/dotnet/packs/Microsoft.NETCore.App.Ref/8.0.22/ref/net8.0/System.Runtime.Numerics.dll
   7:7>ResolveAssemblyReferences:
                 Private = 'false'
             /usr/lib64/dotnet/packs/Microsoft.AspNetCore.App.Ref/8.0.22/ref/net8.0/Microsoft.AspNetCore.SignalR.Common.dll
                 Private = 'false'
   5:7>ResolveAssemblyReferences:
                 Private = 'false'
   7:7>ResolveAssemblyReferences:
             /usr/lib64/dotnet/packs/Microsoft.AspNetCore.App.Ref/8.0.22/ref/net8.0/Microsoft.AspNetCore.SignalR.Core.dll
                 Private = 'false'
             /usr/lib64/dotnet/packs/Microsoft.AspNetCore.App.Ref/8.0.22/ref/net8.0/Microsoft.AspNetCore.SignalR.Protocols.Json.dll
                 Private = 'false'
   5:7>ResolveAssemblyReferences:
             /usr/lib64/dotnet/packs/Microsoft.NETCore.App.Ref/8.0.22/ref/net8.0/System.Runtime.Serialization.Formatters.dll
   7:7>ResolveAssemblyReferences:
             /usr/lib64/dotnet/packs/Microsoft.AspNetCore.App.Ref/8.0.22/ref/net8.0/Microsoft.AspNetCore.SignalR.dll
                 Private = 'false'
             /usr/lib64/dotnet/packs/Microsoft.AspNetCore.App.Ref/8.0.22/ref/net8.0/Microsoft.AspNetCore.StaticFiles.dll
   5:7>ResolveAssemblyReferences:
                 Private = 'false'
   7:7>ResolveAssemblyReferences:
                 Private = 'false'
             /usr/lib64/dotnet/packs/Microsoft.AspNetCore.App.Ref/8.0.22/ref/net8.0/Microsoft.AspNetCore.WebSockets.dll
                 Private = 'false'
   5:7>ResolveAssemblyReferences:
             /usr/lib64/dotnet/packs/Microsoft.NETCore.App.Ref/8.0.22/ref/net8.0/System.Runtime.Serialization.Json.dll
   7:7>ResolveAssemblyReferences:
             /usr/lib64/dotnet/packs/Microsoft.AspNetCore.App.Ref/8.0.22/ref/net8.0/Microsoft.AspNetCore.WebUtilities.dll
                 Private = 'false'
             /usr/lib64/dotnet/packs/Microsoft.AspNetCore.App.Ref/8.0.22/ref/net8.0/Microsoft.AspNetCore.dll
                 Private = 'false'
   5:7>ResolveAssemblyReferences:
                 Private = 'false'
   7:7>ResolveAssemblyReferences:
             /usr/lib64/dotnet/packs/Microsoft.AspNetCore.App.Ref/8.0.22/ref/net8.0/Microsoft.Extensions.Caching.Abstractions.dll
                 Private = 'false'
             /usr/lib64/dotnet/packs/Microsoft.AspNetCore.App.Ref/8.0.22/ref/net8.0/Microsoft.Extensions.Caching.Memory.dll
   5:7>ResolveAssemblyReferences:
             /usr/lib64/dotnet/packs/Microsoft.NETCore.App.Ref/8.0.22/ref/net8.0/System.Runtime.Serialization.Primitives.dll
   7:7>ResolveAssemblyReferences:
                 Private = 'false'
             /usr/lib64/dotnet/packs/Microsoft.AspNetCore.App.Ref/8.0.22/ref/net8.0/Microsoft.Extensions.Configuration.Abstractions.dll
                 Private = 'false'
   5:7>ResolveAssemblyReferences:
                 Private = 'false'
   7:7>ResolveAssemblyReferences:
             /usr/lib64/dotnet/packs/Microsoft.AspNetCore.App.Ref/8.0.22/ref/net8.0/Microsoft.Extensions.Configuration.Binder.dll
                 Private = 'false'
             /usr/lib64/dotnet/packs/Microsoft.AspNetCore.App.Ref/8.0.22/ref/net8.0/Microsoft.Extensions.Configuration.CommandLine.dll
                 Private = 'false'
   5:7>ResolveAssemblyReferences:
             /usr/lib64/dotnet/packs/Microsoft.NETCore.App.Ref/8.0.22/ref/net8.0/System.Runtime.Serialization.Xml.dll
   7:7>ResolveAssemblyReferences:
             /usr/lib64/dotnet/packs/Microsoft.AspNetCore.App.Ref/8.0.22/ref/net8.0/Microsoft.Extensions.Configuration.EnvironmentVariables.dll
                 Private = 'false'
             /usr/lib64/dotnet/packs/Microsoft.AspNetCore.App.Ref/8.0.22/ref/net8.0/Microsoft.Extensions.Configuration.FileExtensions.dll
   5:7>ResolveAssemblyReferences:
                 Private = 'false'
   7:7>ResolveAssemblyReferences:
                 Private = 'false'
             /usr/lib64/dotnet/packs/Microsoft.AspNetCore.App.Ref/8.0.22/ref/net8.0/Microsoft.Extensions.Configuration.Ini.dll
                 Private = 'false'
   5:7>ResolveAssemblyReferences:
             /usr/lib64/dotnet/packs/Microsoft.NETCore.App.Ref/8.0.22/ref/net8.0/System.Runtime.Serialization.dll
   7:7>ResolveAssemblyReferences:
             /usr/lib64/dotnet/packs/Microsoft.AspNetCore.App.Ref/8.0.22/ref/net8.0/Microsoft.Extensions.Configuration.Json.dll
                 Private = 'false'
             /usr/lib64/dotnet/packs/Microsoft.AspNetCore.App.Ref/8.0.22/ref/net8.0/Microsoft.Extensions.Configuration.KeyPerFile.dll
                 Private = 'false'
   5:7>ResolveAssemblyReferences:
                 Private = 'false'
   7:7>ResolveAssemblyReferences:
             /usr/lib64/dotnet/packs/Microsoft.AspNetCore.App.Ref/8.0.22/ref/net8.0/Microsoft.Extensions.Configuration.UserSecrets.dll
                 Private = 'false'
             /usr/lib64/dotnet/packs/Microsoft.AspNetCore.App.Ref/8.0.22/ref/net8.0/Microsoft.Extensions.Configuration.Xml.dll
   5:7>ResolveAssemblyReferences:
             /usr/lib64/dotnet/packs/Microsoft.NETCore.App.Ref/8.0.22/ref/net8.0/System.Runtime.dll
   7:7>ResolveAssemblyReferences:
                 Private = 'false'
             /usr/lib64/dotnet/packs/Microsoft.AspNetCore.App.Ref/8.0.22/ref/net8.0/Microsoft.Extensions.Configuration.dll
                 Private = 'false'
   5:7>ResolveAssemblyReferences:
                 Private = 'false'
   7:7>ResolveAssemblyReferences:
             /usr/lib64/dotnet/packs/Microsoft.AspNetCore.App.Ref/8.0.22/ref/net8.0/Microsoft.Extensions.DependencyInjection.Abstractions.dll
                 Private = 'false'
             /usr/lib64/dotnet/packs/Microsoft.AspNetCore.App.Ref/8.0.22/ref/net8.0/Microsoft.Extensions.DependencyInjection.dll
   5:7>ResolveAssemblyReferences:
             /usr/lib64/dotnet/packs/Microsoft.NETCore.App.Ref/8.0.22/ref/net8.0/System.Security.AccessControl.dll
   7:7>ResolveAssemblyReferences:
                 Private = 'false'
             /usr/lib64/dotnet/packs/Microsoft.AspNetCore.App.Ref/8.0.22/ref/net8.0/Microsoft.Extensions.Diagnostics.Abstractions.dll
                 Private = 'false'
   5:7>ResolveAssemblyReferences:
                 Private = 'false'
   7:7>ResolveAssemblyReferences:
             /usr/lib64/dotnet/packs/Microsoft.AspNetCore.App.Ref/8.0.22/ref/net8.0/Microsoft.Extensions.Diagnostics.HealthChecks.Abstractions.dll
                 Private = 'false'
             /usr/lib64/dotnet/packs/Microsoft.AspNetCore.App.Ref/8.0.22/ref/net8.0/Microsoft.Extensions.Diagnostics.HealthChecks.dll
   5:7>ResolveAssemblyReferences:
             /usr/lib64/dotnet/packs/Microsoft.NETCore.App.Ref/8.0.22/ref/net8.0/System.Security.Claims.dll
   7:7>ResolveAssemblyReferences:
                 Private = 'false'
             /usr/lib64/dotnet/packs/Microsoft.AspNetCore.App.Ref/8.0.22/ref/net8.0/Microsoft.Extensions.Diagnostics.dll
                 Private = 'false'
             /usr/lib64/dotnet/packs/Microsoft.AspNetCore.App.Ref/8.0.22/ref/net8.0/Microsoft.Extensions.Features.dll
   5:7>ResolveAssemblyReferences:
                 Private = 'false'
   7:7>ResolveAssemblyReferences:
                 Private = 'false'
             /usr/lib64/dotnet/packs/Microsoft.AspNetCore.App.Ref/8.0.22/ref/net8.0/Microsoft.Extensions.FileProviders.Abstractions.dll
   5:7>ResolveAssemblyReferences:
             /usr/lib64/dotnet/packs/Microsoft.NETCore.App.Ref/8.0.22/ref/net8.0/System.Security.Cryptography.Algorithms.dll
   7:7>ResolveAssemblyReferences:
                 Private = 'false'
             /usr/lib64/dotnet/packs/Microsoft.AspNetCore.App.Ref/8.0.22/ref/net8.0/Microsoft.Extensions.FileProviders.Composite.dll
                 Private = 'false'
   5:7>ResolveAssemblyReferences:
                 Private = 'false'
   7:7>ResolveAssemblyReferences:
             /usr/lib64/dotnet/packs/Microsoft.AspNetCore.App.Ref/8.0.22/ref/net8.0/Microsoft.Extensions.FileProviders.Embedded.dll
                 Private = 'false'
             /usr/lib64/dotnet/packs/Microsoft.AspNetCore.App.Ref/8.0.22/ref/net8.0/Microsoft.Extensions.FileProviders.Physical.dll
   5:7>ResolveAssemblyReferences:
             /usr/lib64/dotnet/packs/Microsoft.NETCore.App.Ref/8.0.22/ref/net8.0/System.Security.Cryptography.Cng.dll
   7:7>ResolveAssemblyReferences:
                 Private = 'false'
             /usr/lib64/dotnet/packs/Microsoft.AspNetCore.App.Ref/8.0.22/ref/net8.0/Microsoft.Extensions.FileSystemGlobbing.dll
                 Private = 'false'
             /usr/lib64/dotnet/packs/Microsoft.AspNetCore.App.Ref/8.0.22/ref/net8.0/Microsoft.Extensions.Hosting.Abstractions.dll
   5:7>ResolveAssemblyReferences:
                 Private = 'false'
   7:7>ResolveAssemblyReferences:
                 Private = 'false'
             /usr/lib64/dotnet/packs/Microsoft.AspNetCore.App.Ref/8.0.22/ref/net8.0/Microsoft.Extensions.Hosting.dll
                 Private = 'false'
   5:7>ResolveAssemblyReferences:
             /usr/lib64/dotnet/packs/Microsoft.NETCore.App.Ref/8.0.22/ref/net8.0/System.Security.Cryptography.Csp.dll
   7:7>ResolveAssemblyReferences:
             /usr/lib64/dotnet/packs/Microsoft.AspNetCore.App.Ref/8.0.22/ref/net8.0/Microsoft.Extensions.Http.dll
                 Private = 'false'
             /usr/lib64/dotnet/packs/Microsoft.AspNetCore.App.Ref/8.0.22/ref/net8.0/Microsoft.Extensions.Identity.Core.dll
   5:7>ResolveAssemblyReferences:
                 Private = 'false'
   7:7>ResolveAssemblyReferences:
                 Private = 'false'
             /usr/lib64/dotnet/packs/Microsoft.AspNetCore.App.Ref/8.0.22/ref/net8.0/Microsoft.Extensions.Identity.Stores.dll
                 Private = 'false'
             /usr/lib64/dotnet/packs/Microsoft.AspNetCore.App.Ref/8.0.22/ref/net8.0/Microsoft.Extensions.Localization.Abstractions.dll
   5:7>ResolveAssemblyReferences:
             /usr/lib64/dotnet/packs/Microsoft.NETCore.App.Ref/8.0.22/ref/net8.0/System.Security.Cryptography.Encoding.dll
   7:7>ResolveAssemblyReferences:
                 Private = 'false'
             /usr/lib64/dotnet/packs/Microsoft.AspNetCore.App.Ref/8.0.22/ref/net8.0/Microsoft.Extensions.Localization.dll
                 Private = 'false'
   5:7>ResolveAssemblyReferences:
                 Private = 'false'
   7:7>ResolveAssemblyReferences:
             /usr/lib64/dotnet/packs/Microsoft.AspNetCore.App.Ref/8.0.22/ref/net8.0/Microsoft.Extensions.Logging.Abstractions.dll
                 Private = 'false'
             /usr/lib64/dotnet/packs/Microsoft.AspNetCore.App.Ref/8.0.22/ref/net8.0/Microsoft.Extensions.Logging.Configuration.dll
   5:7>ResolveAssemblyReferences:
             /usr/lib64/dotnet/packs/Microsoft.NETCore.App.Ref/8.0.22/ref/net8.0/System.Security.Cryptography.OpenSsl.dll
   7:7>ResolveAssemblyReferences:
                 Private = 'false'
             /usr/lib64/dotnet/packs/Microsoft.AspNetCore.App.Ref/8.0.22/ref/net8.0/Microsoft.Extensions.Logging.Console.dll
                 Private = 'false'
   5:7>ResolveAssemblyReferences:
                 Private = 'false'
   7:7>ResolveAssemblyReferences:
             /usr/lib64/dotnet/packs/Microsoft.AspNetCore.App.Ref/8.0.22/ref/net8.0/Microsoft.Extensions.Logging.Debug.dll
                 Private = 'false'
             /usr/lib64/dotnet/packs/Microsoft.AspNetCore.App.Ref/8.0.22/ref/net8.0/Microsoft.Extensions.Logging.EventLog.dll
   5:7>ResolveAssemblyReferences:
             /usr/lib64/dotnet/packs/Microsoft.NETCore.App.Ref/8.0.22/ref/net8.0/System.Security.Cryptography.Primitives.dll
   7:7>ResolveAssemblyReferences:
                 Private = 'false'
             /usr/lib64/dotnet/packs/Microsoft.AspNetCore.App.Ref/8.0.22/ref/net8.0/Microsoft.Extensions.Logging.EventSource.dll
                 Private = 'false'
   5:7>ResolveAssemblyReferences:
                 Private = 'false'
   7:7>ResolveAssemblyReferences:
             /usr/lib64/dotnet/packs/Microsoft.AspNetCore.App.Ref/8.0.22/ref/net8.0/Microsoft.Extensions.Logging.TraceSource.dll
                 Private = 'false'
             /usr/lib64/dotnet/packs/Microsoft.AspNetCore.App.Ref/8.0.22/ref/net8.0/Microsoft.Extensions.Logging.dll
   5:7>ResolveAssemblyReferences:
             /usr/lib64/dotnet/packs/Microsoft.NETCore.App.Ref/8.0.22/ref/net8.0/System.Security.Cryptography.X509Certificates.dll
   7:7>ResolveAssemblyReferences:
                 Private = 'false'
             /usr/lib64/dotnet/packs/Microsoft.AspNetCore.App.Ref/8.0.22/ref/net8.0/Microsoft.Extensions.ObjectPool.dll
                 Private = 'false'
   5:7>ResolveAssemblyReferences:
                 Private = 'false'
   7:7>ResolveAssemblyReferences:
             /usr/lib64/dotnet/packs/Microsoft.AspNetCore.App.Ref/8.0.22/ref/net8.0/Microsoft.Extensions.Options.ConfigurationExtensions.dll
                 Private = 'false'
             /usr/lib64/dotnet/packs/Microsoft.AspNetCore.App.Ref/8.0.22/ref/net8.0/Microsoft.Extensions.Options.DataAnnotations.dll
   5:7>ResolveAssemblyReferences:
             /usr/lib64/dotnet/packs/Microsoft.NETCore.App.Ref/8.0.22/ref/net8.0/System.Security.Cryptography.dll
   7:7>ResolveAssemblyReferences:
                 Private = 'false'
             /usr/lib64/dotnet/packs/Microsoft.AspNetCore.App.Ref/8.0.22/ref/net8.0/Microsoft.Extensions.Options.dll
                 Private = 'false'
             /usr/lib64/dotnet/packs/Microsoft.AspNetCore.App.Ref/8.0.22/ref/net8.0/Microsoft.Extensions.Primitives.dll
   5:7>ResolveAssemblyReferences:
                 Private = 'false'
   7:7>ResolveAssemblyReferences:
                 Private = 'false'
             /usr/lib64/dotnet/packs/Microsoft.AspNetCore.App.Ref/8.0.22/ref/net8.0/Microsoft.Extensions.WebEncoders.dll
                 Private = 'false'
   5:7>ResolveAssemblyReferences:
             /usr/lib64/dotnet/packs/Microsoft.NETCore.App.Ref/8.0.22/ref/net8.0/System.Security.Principal.Windows.dll
   7:7>ResolveAssemblyReferences:
             /usr/lib64/dotnet/packs/Microsoft.AspNetCore.App.Ref/8.0.22/ref/net8.0/Microsoft.JSInterop.dll
                 Private = 'false'
             /usr/lib64/dotnet/packs/Microsoft.AspNetCore.App.Ref/8.0.22/ref/net8.0/Microsoft.Net.Http.Headers.dll
   5:7>ResolveAssemblyReferences:
                 Private = 'false'
   7:7>ResolveAssemblyReferences:
                 Private = 'false'
             /usr/lib64/dotnet/packs/Microsoft.AspNetCore.App.Ref/8.0.22/ref/net8.0/System.Diagnostics.EventLog.dll
                 Private = 'false'
   5:7>ResolveAssemblyReferences:
             /usr/lib64/dotnet/packs/Microsoft.NETCore.App.Ref/8.0.22/ref/net8.0/System.Security.Principal.dll
   7:7>ResolveAssemblyReferences:
             /usr/lib64/dotnet/packs/Microsoft.AspNetCore.App.Ref/8.0.22/ref/net8.0/System.IO.Pipelines.dll
                 Private = 'false'
             /usr/lib64/dotnet/packs/Microsoft.AspNetCore.App.Ref/8.0.22/ref/net8.0/System.Security.Cryptography.Xml.dll
   5:7>ResolveAssemblyReferences:
                 Private = 'false'
   7:7>ResolveAssemblyReferences:
                 Private = 'false'
             /usr/lib64/dotnet/packs/Microsoft.AspNetCore.App.Ref/8.0.22/ref/net8.0/System.Threading.RateLimiting.dll
                 Private = 'false'
   5:7>ResolveAssemblyReferences:
             /usr/lib64/dotnet/packs/Microsoft.NETCore.App.Ref/8.0.22/ref/net8.0/System.Security.SecureString.dll
   7:7>ResolveAssemblyReferences:
         AssemblyFiles:
             /home/baturhan/Projeler/Entegrasyon/Application/Entegrasyon.Entity/bin/Debug/net8.0/Entegrasyon.Entity.dll
             /home/baturhan/Projeler/Entegrasyon/Shared/Shared/bin/Debug/net8.0/Shared.dll
   5:7>ResolveAssemblyReferences:
                 Private = 'false'
   7:7>ResolveAssemblyReferences:
         CandidateAssemblyFiles:
         TargetFrameworkDirectories:
             
   5:7>ResolveAssemblyReferences:
             /usr/lib64/dotnet/packs/Microsoft.NETCore.App.Ref/8.0.22/ref/net8.0/System.Security.dll
   7:7>ResolveAssemblyReferences:
         NonCultureResourceDirectories:
             
         InstalledAssemblyTables:
   5:7>ResolveAssemblyReferences:
                 Private = 'false'
   7:7>ResolveAssemblyReferences:
         IgnoreInstalledAssemblyTable:
   5:7>ResolveAssemblyReferences:
             /usr/lib64/dotnet/packs/Microsoft.NETCore.App.Ref/8.0.22/ref/net8.0/System.ServiceModel.Web.dll
                 Private = 'false'
             /usr/lib64/dotnet/packs/Microsoft.NETCore.App.Ref/8.0.22/ref/net8.0/System.ServiceProcess.dll
                 Private = 'false'
             /usr/lib64/dotnet/packs/Microsoft.NETCore.App.Ref/8.0.22/ref/net8.0/System.Text.Encoding.CodePages.dll
                 Private = 'false'
             /usr/lib64/dotnet/packs/Microsoft.NETCore.App.Ref/8.0.22/ref/net8.0/System.Text.Encoding.Extensions.dll
                 Private = 'false'
             /usr/lib64/dotnet/packs/Microsoft.NETCore.App.Ref/8.0.22/ref/net8.0/System.Text.Encoding.dll
                 Private = 'false'
             /usr/lib64/dotnet/packs/Microsoft.NETCore.App.Ref/8.0.22/ref/net8.0/System.Text.Encodings.Web.dll
                 Private = 'false'
             /usr/lib64/dotnet/packs/Microsoft.NETCore.App.Ref/8.0.22/ref/net8.0/System.Text.Json.dll
                 Private = 'false'
             /usr/lib64/dotnet/packs/Microsoft.NETCore.App.Ref/8.0.22/ref/net8.0/System.Text.RegularExpressions.dll
                 Private = 'false'
             /usr/lib64/dotnet/packs/Microsoft.NETCore.App.Ref/8.0.22/ref/net8.0/System.Threading.Channels.dll
                 Private = 'false'
             /usr/lib64/dotnet/packs/Microsoft.NETCore.App.Ref/8.0.22/ref/net8.0/System.Threading.Overlapped.dll
                 Private = 'false'
             /usr/lib64/dotnet/packs/Microsoft.NETCore.App.Ref/8.0.22/ref/net8.0/System.Threading.Tasks.Dataflow.dll
                 Private = 'false'
             /usr/lib64/dotnet/packs/Microsoft.NETCore.App.Ref/8.0.22/ref/net8.0/System.Threading.Tasks.Extensions.dll
                 Private = 'false'
             /usr/lib64/dotnet/packs/Microsoft.NETCore.App.Ref/8.0.22/ref/net8.0/System.Threading.Tasks.Parallel.dll
                 Private = 'false'
             /usr/lib64/dotnet/packs/Microsoft.NETCore.App.Ref/8.0.22/ref/net8.0/System.Threading.Tasks.dll
                 Private = 'false'
             /usr/lib64/dotnet/packs/Microsoft.NETCore.App.Ref/8.0.22/ref/net8.0/System.Threading.Thread.dll
                 Private = 'false'
             /usr/lib64/dotnet/packs/Microsoft.NETCore.App.Ref/8.0.22/ref/net8.0/System.Threading.ThreadPool.dll
                 Private = 'false'
             /usr/lib64/dotnet/packs/Microsoft.NETCore.App.Ref/8.0.22/ref/net8.0/System.Threading.Timer.dll
                 Private = 'false'
             /usr/lib64/dotnet/packs/Microsoft.NETCore.App.Ref/8.0.22/ref/net8.0/System.Threading.dll
                 Private = 'false'
             /usr/lib64/dotnet/packs/Microsoft.NETCore.App.Ref/8.0.22/ref/net8.0/System.Transactions.Local.dll
                 Private = 'false'
             /usr/lib64/dotnet/packs/Microsoft.NETCore.App.Ref/8.0.22/ref/net8.0/System.Transactions.dll
                 Private = 'false'
             /usr/lib64/dotnet/packs/Microsoft.NETCore.App.Ref/8.0.22/ref/net8.0/System.ValueTuple.dll
                 Private = 'false'
             /usr/lib64/dotnet/packs/Microsoft.NETCore.App.Ref/8.0.22/ref/net8.0/System.Web.HttpUtility.dll
                 Private = 'false'
             /usr/lib64/dotnet/packs/Microsoft.NETCore.App.Ref/8.0.22/ref/net8.0/System.Web.dll
                 Private = 'false'
             /usr/lib64/dotnet/packs/Microsoft.NETCore.App.Ref/8.0.22/ref/net8.0/System.Windows.dll
                 Private = 'false'
             /usr/lib64/dotnet/packs/Microsoft.NETCore.App.Ref/8.0.22/ref/net8.0/System.Xml.Linq.dll
                 Private = 'false'
             /usr/lib64/dotnet/packs/Microsoft.NETCore.App.Ref/8.0.22/ref/net8.0/System.Xml.ReaderWriter.dll
                 Private = 'false'
             /usr/lib64/dotnet/packs/Microsoft.NETCore.App.Ref/8.0.22/ref/net8.0/System.Xml.Serialization.dll
                 Private = 'false'
             /usr/lib64/dotnet/packs/Microsoft.NETCore.App.Ref/8.0.22/ref/net8.0/System.Xml.XDocument.dll
                 Private = 'false'
             /usr/lib64/dotnet/packs/Microsoft.NETCore.App.Ref/8.0.22/ref/net8.0/System.Xml.XPath.XDocument.dll
                 Private = 'false'
             /usr/lib64/dotnet/packs/Microsoft.NETCore.App.Ref/8.0.22/ref/net8.0/System.Xml.XPath.dll
                 Private = 'false'
             /usr/lib64/dotnet/packs/Microsoft.NETCore.App.Ref/8.0.22/ref/net8.0/System.Xml.XmlDocument.dll
                 Private = 'false'
             /usr/lib64/dotnet/packs/Microsoft.NETCore.App.Ref/8.0.22/ref/net8.0/System.Xml.XmlSerializer.dll
                 Private = 'false'
             /usr/lib64/dotnet/packs/Microsoft.NETCore.App.Ref/8.0.22/ref/net8.0/System.Xml.dll
                 Private = 'false'
             /usr/lib64/dotnet/packs/Microsoft.NETCore.App.Ref/8.0.22/ref/net8.0/System.dll
                 Private = 'false'
             /usr/lib64/dotnet/packs/Microsoft.NETCore.App.Ref/8.0.22/ref/net8.0/WindowsBase.dll
                 Private = 'false'
             /usr/lib64/dotnet/packs/Microsoft.NETCore.App.Ref/8.0.22/ref/net8.0/mscorlib.dll
                 Private = 'false'
             /usr/lib64/dotnet/packs/Microsoft.NETCore.App.Ref/8.0.22/ref/net8.0/netstandard.dll
                 Private = 'false'
             /usr/lib64/dotnet/packs/Microsoft.AspNetCore.App.Ref/8.0.22/ref/net8.0/Microsoft.AspNetCore.Antiforgery.dll
                 Private = 'false'
             /usr/lib64/dotnet/packs/Microsoft.AspNetCore.App.Ref/8.0.22/ref/net8.0/Microsoft.AspNetCore.Authentication.Abstractions.dll
                 Private = 'false'
             /usr/lib64/dotnet/packs/Microsoft.AspNetCore.App.Ref/8.0.22/ref/net8.0/Microsoft.AspNetCore.Authentication.BearerToken.dll
                 Private = 'false'
             /usr/lib64/dotnet/packs/Microsoft.AspNetCore.App.Ref/8.0.22/ref/net8.0/Microsoft.AspNetCore.Authentication.Cookies.dll
                 Private = 'false'
             /usr/lib64/dotnet/packs/Microsoft.AspNetCore.App.Ref/8.0.22/ref/net8.0/Microsoft.AspNetCore.Authentication.Core.dll
                 Private = 'false'
             /usr/lib64/dotnet/packs/Microsoft.AspNetCore.App.Ref/8.0.22/ref/net8.0/Microsoft.AspNetCore.Authentication.OAuth.dll
                 Private = 'false'
             /usr/lib64/dotnet/packs/Microsoft.AspNetCore.App.Ref/8.0.22/ref/net8.0/Microsoft.AspNetCore.Authentication.dll
                 Private = 'false'
             /usr/lib64/dotnet/packs/Microsoft.AspNetCore.App.Ref/8.0.22/ref/net8.0/Microsoft.AspNetCore.Authorization.Policy.dll
                 Private = 'false'
             /usr/lib64/dotnet/packs/Microsoft.AspNetCore.App.Ref/8.0.22/ref/net8.0/Microsoft.AspNetCore.Authorization.dll
                 Private = 'false'
             /usr/lib64/dotnet/packs/Microsoft.AspNetCore.App.Ref/8.0.22/ref/net8.0/Microsoft.AspNetCore.Components.Authorization.dll
                 Private = 'false'
             /usr/lib64/dotnet/packs/Microsoft.AspNetCore.App.Ref/8.0.22/ref/net8.0/Microsoft.AspNetCore.Components.Endpoints.dll
                 Private = 'false'
             /usr/lib64/dotnet/packs/Microsoft.AspNetCore.App.Ref/8.0.22/ref/net8.0/Microsoft.AspNetCore.Components.Forms.dll
                 Private = 'false'
             /usr/lib64/dotnet/packs/Microsoft.AspNetCore.App.Ref/8.0.22/ref/net8.0/Microsoft.AspNetCore.Components.Server.dll
                 Private = 'false'
             /usr/lib64/dotnet/packs/Microsoft.AspNetCore.App.Ref/8.0.22/ref/net8.0/Microsoft.AspNetCore.Components.Web.dll
                 Private = 'false'
             /usr/lib64/dotnet/packs/Microsoft.AspNetCore.App.Ref/8.0.22/ref/net8.0/Microsoft.AspNetCore.Components.dll
                 Private = 'false'
             /usr/lib64/dotnet/packs/Microsoft.AspNetCore.App.Ref/8.0.22/ref/net8.0/Microsoft.AspNetCore.Connections.Abstractions.dll
                 Private = 'false'
             /usr/lib64/dotnet/packs/Microsoft.AspNetCore.App.Ref/8.0.22/ref/net8.0/Microsoft.AspNetCore.CookiePolicy.dll
                 Private = 'false'
             /usr/lib64/dotnet/packs/Microsoft.AspNetCore.App.Ref/8.0.22/ref/net8.0/Microsoft.AspNetCore.Cors.dll
                 Private = 'false'
             /usr/lib64/dotnet/packs/Microsoft.AspNetCore.App.Ref/8.0.22/ref/net8.0/Microsoft.AspNetCore.Cryptography.Internal.dll
                 Private = 'false'
             /usr/lib64/dotnet/packs/Microsoft.AspNetCore.App.Ref/8.0.22/ref/net8.0/Microsoft.AspNetCore.Cryptography.KeyDerivation.dll
                 Private = 'false'
             /usr/lib64/dotnet/packs/Microsoft.AspNetCore.App.Ref/8.0.22/ref/net8.0/Microsoft.AspNetCore.DataProtection.Abstractions.dll
                 Private = 'false'
             /usr/lib64/dotnet/packs/Microsoft.AspNetCore.App.Ref/8.0.22/ref/net8.0/Microsoft.AspNetCore.DataProtection.Extensions.dll
                 Private = 'false'
             /usr/lib64/dotnet/packs/Microsoft.AspNetCore.App.Ref/8.0.22/ref/net8.0/Microsoft.AspNetCore.DataProtection.dll
                 Private = 'false'
             /usr/lib64/dotnet/packs/Microsoft.AspNetCore.App.Ref/8.0.22/ref/net8.0/Microsoft.AspNetCore.Diagnostics.Abstractions.dll
                 Private = 'false'
             /usr/lib64/dotnet/packs/Microsoft.AspNetCore.App.Ref/8.0.22/ref/net8.0/Microsoft.AspNetCore.Diagnostics.HealthChecks.dll
                 Private = 'false'
             /usr/lib64/dotnet/packs/Microsoft.AspNetCore.App.Ref/8.0.22/ref/net8.0/Microsoft.AspNetCore.Diagnostics.dll
                 Private = 'false'
             /usr/lib64/dotnet/packs/Microsoft.AspNetCore.App.Ref/8.0.22/ref/net8.0/Microsoft.AspNetCore.HostFiltering.dll
                 Private = 'false'
             /usr/lib64/dotnet/packs/Microsoft.AspNetCore.App.Ref/8.0.22/ref/net8.0/Microsoft.AspNetCore.Hosting.Abstractions.dll
                 Private = 'false'
             /usr/lib64/dotnet/packs/Microsoft.AspNetCore.App.Ref/8.0.22/ref/net8.0/Microsoft.AspNetCore.Hosting.Server.Abstractions.dll
                 Private = 'false'
             /usr/lib64/dotnet/packs/Microsoft.AspNetCore.App.Ref/8.0.22/ref/net8.0/Microsoft.AspNetCore.Hosting.dll
                 Private = 'false'
             /usr/lib64/dotnet/packs/Microsoft.AspNetCore.App.Ref/8.0.22/ref/net8.0/Microsoft.AspNetCore.Html.Abstractions.dll
                 Private = 'false'
             /usr/lib64/dotnet/packs/Microsoft.AspNetCore.App.Ref/8.0.22/ref/net8.0/Microsoft.AspNetCore.Http.Abstractions.dll
                 Private = 'false'
             /usr/lib64/dotnet/packs/Microsoft.AspNetCore.App.Ref/8.0.22/ref/net8.0/Microsoft.AspNetCore.Http.Connections.Common.dll
                 Private = 'false'
             /usr/lib64/dotnet/packs/Microsoft.AspNetCore.App.Ref/8.0.22/ref/net8.0/Microsoft.AspNetCore.Http.Connections.dll
                 Private = 'false'
             /usr/lib64/dotnet/packs/Microsoft.AspNetCore.App.Ref/8.0.22/ref/net8.0/Microsoft.AspNetCore.Http.Extensions.dll
                 Private = 'false'
             /usr/lib64/dotnet/packs/Microsoft.AspNetCore.App.Ref/8.0.22/ref/net8.0/Microsoft.AspNetCore.Http.Features.dll
                 Private = 'false'
             /usr/lib64/dotnet/packs/Microsoft.AspNetCore.App.Ref/8.0.22/ref/net8.0/Microsoft.AspNetCore.Http.Results.dll
                 Private = 'false'
             /usr/lib64/dotnet/packs/Microsoft.AspNetCore.App.Ref/8.0.22/ref/net8.0/Microsoft.AspNetCore.Http.dll
                 Private = 'false'
             /usr/lib64/dotnet/packs/Microsoft.AspNetCore.App.Ref/8.0.22/ref/net8.0/Microsoft.AspNetCore.HttpLogging.dll
                 Private = 'false'
             /usr/lib64/dotnet/packs/Microsoft.AspNetCore.App.Ref/8.0.22/ref/net8.0/Microsoft.AspNetCore.HttpOverrides.dll
                 Private = 'false'
             /usr/lib64/dotnet/packs/Microsoft.AspNetCore.App.Ref/8.0.22/ref/net8.0/Microsoft.AspNetCore.HttpsPolicy.dll
                 Private = 'false'
             /usr/lib64/dotnet/packs/Microsoft.AspNetCore.App.Ref/8.0.22/ref/net8.0/Microsoft.AspNetCore.Identity.dll
                 Private = 'false'
             /usr/lib64/dotnet/packs/Microsoft.AspNetCore.App.Ref/8.0.22/ref/net8.0/Microsoft.AspNetCore.Localization.Routing.dll
                 Private = 'false'
             /usr/lib64/dotnet/packs/Microsoft.AspNetCore.App.Ref/8.0.22/ref/net8.0/Microsoft.AspNetCore.Localization.dll
                 Private = 'false'
             /usr/lib64/dotnet/packs/Microsoft.AspNetCore.App.Ref/8.0.22/ref/net8.0/Microsoft.AspNetCore.Metadata.dll
                 Private = 'false'
             /usr/lib64/dotnet/packs/Microsoft.AspNetCore.App.Ref/8.0.22/ref/net8.0/Microsoft.AspNetCore.Mvc.Abstractions.dll
                 Private = 'false'
             /usr/lib64/dotnet/packs/Microsoft.AspNetCore.App.Ref/8.0.22/ref/net8.0/Microsoft.AspNetCore.Mvc.ApiExplorer.dll
                 Private = 'false'
             /usr/lib64/dotnet/packs/Microsoft.AspNetCore.App.Ref/8.0.22/ref/net8.0/Microsoft.AspNetCore.Mvc.Core.dll
                 Private = 'false'
             /usr/lib64/dotnet/packs/Microsoft.AspNetCore.App.Ref/8.0.22/ref/net8.0/Microsoft.AspNetCore.Mvc.Cors.dll
                 Private = 'false'
             /usr/lib64/dotnet/packs/Microsoft.AspNetCore.App.Ref/8.0.22/ref/net8.0/Microsoft.AspNetCore.Mvc.DataAnnotations.dll
                 Private = 'false'
             /usr/lib64/dotnet/packs/Microsoft.AspNetCore.App.Ref/8.0.22/ref/net8.0/Microsoft.AspNetCore.Mvc.Formatters.Json.dll
   7:7>ResolveAssemblyReferences:
             False
         SearchPaths:
             {CandidateAssemblyFiles}
             {HintPathFromItem}
             {TargetFrameworkDirectory}
             {RawFileName}
         AllowedAssemblyExtensions:
             .winmd
             .dll
             .exe
         AllowedRelatedFileExtensions:
             .pdb
             .xml
             .pri
             .dll.config
             .exe.config
         AppConfigFile:
             
         AutoUnify:
             True
         EnableCustomCulture:
             False
         EnableCustomCulture:
             False
         CopyLocalDependenciesWhenParentReferenceInGac:
             True
         FindDependencies:
             True
         TargetProcessorArchitecture:
             msil
         StateFile:
             obj/Debug/net8.0/Entegrasyon.DataAccess.csproj.AssemblyReference.cache
         InstalledAssemblySubsetTables:
         IgnoreInstalledAssemblySubsetTable:
             False
         TargetFrameworkSubsets:
         FullTargetFrameworkSubsetNames:
             Full
         ProfileName:
             
         FullFrameworkFolders:
         LatestTargetFrameworkDirectories:
         ProfileTablesLocation:
         Primary reference "Entegrasyon.Entity, Version=1.0.0.0, Culture=neutral, PublicKeyToken=null".
             Resolved file path is "/home/baturhan/Projeler/Entegrasyon/Application/Entegrasyon.Entity/bin/Debug/net8.0/Entegrasyon.Entity.dll".
             Reference found at search path location "/home/baturhan/Projeler/Entegrasyon/Application/Entegrasyon.Entity/bin/Debug/net8.0/Entegrasyon.Entity.dll".
             Found related file "/home/baturhan/Projeler/Entegrasyon/Application/Entegrasyon.Entity/bin/Debug/net8.0/Entegrasyon.Entity.pdb".
             The ImageRuntimeVersion for this reference is "".
         Primary reference "Shared, Version=1.0.0.0, Culture=neutral, PublicKeyToken=null".
             Resolved file path is "/home/baturhan/Projeler/Entegrasyon/Shared/Shared/bin/Debug/net8.0/Shared.dll".
             Reference found at search path location "/home/baturhan/Projeler/Entegrasyon/Shared/Shared/bin/Debug/net8.0/Shared.dll".
             Found related file "/home/baturhan/Projeler/Entegrasyon/Shared/Shared/bin/Debug/net8.0/Shared.pdb".
             The ImageRuntimeVersion for this reference is "".
         Primary reference "Castle.Core, Version=5.0.0.0, Culture=neutral, PublicKeyToken=407dd0808d44fbdc".
             Resolved file path is "/home/baturhan/.nuget/packages/castle.core/5.1.1/lib/net6.0/Castle.Core.dll".
             Reference found at search path location "{HintPathFromItem}".
             This reference is not "CopyLocal" because at least one source item had "Private" set to "false" and no source items had "Private" set to "true".
             The ImageRuntimeVersion for this reference is "".
         Primary reference "FluentValidation, Version=11.0.0.0, Culture=neutral, PublicKeyToken=7de548da2fbae0f0".
             Resolved file path is "/home/baturhan/.nuget/packages/fluentvalidation/11.9.0/lib/net8.0/FluentValidation.dll".
             Reference found at search path location "{HintPathFromItem}".
             This reference is not "CopyLocal" because at least one source item had "Private" set to "false" and no source items had "Private" set to "true".
             The ImageRuntimeVersion for this reference is "".
         Primary reference "Microsoft.EntityFrameworkCore, Version=8.0.15.0, Culture=neutral, PublicKeyToken=adb9793829ddae60".
             Resolved file path is "/home/baturhan/.nuget/packages/microsoft.entityframeworkcore/8.0.15/lib/net8.0/Microsoft.EntityFrameworkCore.dll".
             Reference found at search path location "{HintPathFromItem}".
             This reference is not "CopyLocal" because at least one source item had "Private" set to "false" and no source items had "Private" set to "true".
             The ImageRuntimeVersion for this reference is "".
         Primary reference "Microsoft.EntityFrameworkCore.Abstractions, Version=8.0.15.0, Culture=neutral, PublicKeyToken=adb9793829ddae60".
             Resolved file path is "/home/baturhan/.nuget/packages/microsoft.entityframeworkcore.abstractions/8.0.15/lib/net8.0/Microsoft.EntityFrameworkCore.Abstractions.dll".
             Reference found at search path location "{HintPathFromItem}".
             This reference is not "CopyLocal" because at least one source item had "Private" set to "false" and no source items had "Private" set to "true".
             The ImageRuntimeVersion for this reference is "".
         Primary reference "Microsoft.EntityFrameworkCore.Proxies, Version=8.0.15.0, Culture=neutral, PublicKeyToken=adb9793829ddae60".
             Resolved file path is "/home/baturhan/.nuget/packages/microsoft.entityframeworkcore.proxies/8.0.15/lib/net8.0/Microsoft.EntityFrameworkCore.Proxies.dll".
             Reference found at search path location "{HintPathFromItem}".
             This reference is not "CopyLocal" because at least one source item had "Private" set to "false" and no source items had "Private" set to "true".
             The ImageRuntimeVersion for this reference is "".
         Primary reference "Microsoft.EntityFrameworkCore.Relational, Version=8.0.15.0, Culture=neutral, PublicKeyToken=adb9793829ddae60".
             Resolved file path is "/home/baturhan/.nuget/packages/microsoft.entityframeworkcore.relational/8.0.15/lib/net8.0/Microsoft.EntityFrameworkCore.Relational.dll".
             Reference found at search path location "{HintPathFromItem}".
             This reference is not "CopyLocal" because at least one source item had "Private" set to "false" and no source items had "Private" set to "true".
             The ImageRuntimeVersion for this reference is "".
         Primary reference "Microsoft.Extensions.DependencyModel, Version=8.0.0.2, Culture=neutral, PublicKeyToken=adb9793829ddae60".
             Resolved file path is "/home/baturhan/.nuget/packages/microsoft.extensions.dependencymodel/8.0.2/lib/net8.0/Microsoft.Extensions.DependencyModel.dll".
             Reference found at search path location "{HintPathFromItem}".
             This reference is not "CopyLocal" because at least one source item had "Private" set to "false" and no source items had "Private" set to "true".
             The ImageRuntimeVersion for this reference is "".
         Primary reference "Microsoft.IdentityModel.Abstractions, Version=7.4.0.0, Culture=neutral, PublicKeyToken=31bf3856ad364e35".
             Resolved file path is "/home/baturhan/.nuget/packages/microsoft.identitymodel.abstractions/7.4.0/lib/net8.0/Microsoft.IdentityModel.Abstractions.dll".
             Reference found at search path location "{HintPathFromItem}".
             This reference is not "CopyLocal" because at least one source item had "Private" set to "false" and no source items had "Private" set to "true".
             The ImageRuntimeVersion for this reference is "".
         Primary reference "Microsoft.IdentityModel.JsonWebTokens, Version=7.4.0.0, Culture=neutral, PublicKeyToken=31bf3856ad364e35".
             Resolved file path is "/home/baturhan/.nuget/packages/microsoft.identitymodel.jsonwebtokens/7.4.0/lib/net8.0/Microsoft.IdentityModel.JsonWebTokens.dll".
             Reference found at search path location "{HintPathFromItem}".
             This reference is not "CopyLocal" because at least one source item had "Private" set to "false" and no source items had "Private" set to "true".
             The ImageRuntimeVersion for this reference is "".
         Primary reference "Microsoft.IdentityModel.Logging, Version=7.4.0.0, Culture=neutral, PublicKeyToken=31bf3856ad364e35".
             Resolved file path is "/home/baturhan/.nuget/packages/microsoft.identitymodel.logging/7.4.0/lib/net8.0/Microsoft.IdentityModel.Logging.dll".
             Reference found at search path location "{HintPathFromItem}".
             This reference is not "CopyLocal" because at least one source item had "Private" set to "false" and no source items had "Private" set to "true".
             The ImageRuntimeVersion for this reference is "".
         Primary reference "Microsoft.IdentityModel.Tokens, Version=7.4.0.0, Culture=neutral, PublicKeyToken=31bf3856ad364e35".
             Resolved file path is "/home/baturhan/.nuget/packages/microsoft.identitymodel.tokens/7.4.0/lib/net8.0/Microsoft.IdentityModel.Tokens.dll".
             Reference found at search path location "{HintPathFromItem}".
             This reference is not "CopyLocal" because at least one source item had "Private" set to "false" and no source items had "Private" set to "true".
             The ImageRuntimeVersion for this reference is "".
         Primary reference "Newtonsoft.Json, Version=13.0.0.0, Culture=neutral, PublicKeyToken=30ad4fe6b2a6aeed".
             Resolved file path is "/home/baturhan/.nuget/packages/newtonsoft.json/13.0.3/lib/net6.0/Newtonsoft.Json.dll".
             Reference found at search path location "{HintPathFromItem}".
             This reference is not "CopyLocal" because at least one source item had "Private" set to "false" and no source items had "Private" set to "true".
             The ImageRuntimeVersion for this reference is "".
         Primary reference "Npgsql, Version=8.0.6.0, Culture=neutral, PublicKeyToken=5d8b90d52f46fda7".
             Resolved file path is "/home/baturhan/.nuget/packages/npgsql/8.0.6/lib/net8.0/Npgsql.dll".
             Reference found at search path location "{HintPathFromItem}".
             This reference is not "CopyLocal" because at least one source item had "Private" set to "false" and no source items had "Private" set to "true".
             The ImageRuntimeVersion for this reference is "".
         Primary reference "Npgsql.EntityFrameworkCore.PostgreSQL, Version=8.0.11.0, Culture=neutral, PublicKeyToken=5d8b90d52f46fda7".
             Resolved file path is "/home/baturhan/.nuget/packages/npgsql.entityframeworkcore.postgresql/8.0.11/lib/net8.0/Npgsql.EntityFrameworkCore.PostgreSQL.dll".
             Reference found at search path location "{HintPathFromItem}".
             This reference is not "CopyLocal" because at least one source item had "Private" set to "false" and no source items had "Private" set to "true".
             The ImageRuntimeVersion for this reference is "".
         Primary reference "Pipelines.Sockets.Unofficial, Version=1.0.0.0, Culture=neutral, PublicKeyToken=42ea0a778e13fbe2".
             Resolved file path is "/home/baturhan/.nuget/packages/pipelines.sockets.unofficial/2.2.8/lib/net5.0/Pipelines.Sockets.Unofficial.dll".
             Reference found at search path location "{HintPathFromItem}".
             This reference is not "CopyLocal" because at least one source item had "Private" set to "false" and no source items had "Private" set to "true".
             The ImageRuntimeVersion for this reference is "".
         Primary reference "Serilog, Version=2.0.0.0, Culture=neutral, PublicKeyToken=24c2f752a8e58a10".
             Resolved file path is "/home/baturhan/.nuget/packages/serilog/3.1.1/lib/net7.0/Serilog.dll".
             Reference found at search path location "{HintPathFromItem}".
             This reference is not "CopyLocal" because at least one source item had "Private" set to "false" and no source items had "Private" set to "true".
             The ImageRuntimeVersion for this reference is "".
         Primary reference "Serilog.AspNetCore, Version=8.0.1.0, Culture=neutral, PublicKeyToken=24c2f752a8e58a10".
             Resolved file path is "/home/baturhan/.nuget/packages/serilog.aspnetcore/8.0.1/lib/net8.0/Serilog.AspNetCore.dll".
             Reference found at search path location "{HintPathFromItem}".
             This reference is not "CopyLocal" because at least one source item had "Private" set to "false" and no source items had "Private" set to "true".
             The ImageRuntimeVersion for this reference is "".
         Primary reference "Serilog.Extensions.Hosting, Version=7.0.0.0, Culture=neutral, PublicKeyToken=24c2f752a8e58a10".
             Resolved file path is "/home/baturhan/.nuget/packages/serilog.extensions.hosting/8.0.0/lib/net8.0/Serilog.Extensions.Hosting.dll".
             Reference found at search path location "{HintPathFromItem}".
             This reference is not "CopyLocal" because at least one source item had "Private" set to "false" and no source items had "Private" set to "true".
             The ImageRuntimeVersion for this reference is "".
         Primary reference "Serilog.Extensions.Logging, Version=7.0.0.0, Culture=neutral, PublicKeyToken=24c2f752a8e58a10".
             Resolved file path is "/home/baturhan/.nuget/packages/serilog.extensions.logging/8.0.0/lib/net8.0/Serilog.Extensions.Logging.dll".
             Reference found at search path location "{HintPathFromItem}".
             This reference is not "CopyLocal" because at least one source item had "Private" set to "false" and no source items had "Private" set to "true".
             The ImageRuntimeVersion for this reference is "".
         Primary reference "Serilog.Formatting.Compact, Version=2.0.0.0, Culture=neutral, PublicKeyToken=24c2f752a8e58a10".
             Resolved file path is "/home/baturhan/.nuget/packages/serilog.formatting.compact/2.0.0/lib/net7.0/Serilog.Formatting.Compact.dll".
             Reference found at search path location "{HintPathFromItem}".
             This reference is not "CopyLocal" because at least one source item had "Private" set to "false" and no source items had "Private" set to "true".
             The ImageRuntimeVersion for this reference is "".
         Primary reference "Serilog.Settings.Configuration, Version=8.0.0.0, Culture=neutral, PublicKeyToken=24c2f752a8e58a10".
             Resolved file path is "/home/baturhan/.nuget/packages/serilog.settings.configuration/8.0.0/lib/net8.0/Serilog.Settings.Configuration.dll".
             Reference found at search path location "{HintPathFromItem}".
             This reference is not "CopyLocal" because at least one source item had "Private" set to "false" and no source items had "Private" set to "true".
             The ImageRuntimeVersion for this reference is "".
         Primary reference "Serilog.Sinks.Console, Version=5.0.1.0, Culture=neutral, PublicKeyToken=24c2f752a8e58a10".
             Resolved file path is "/home/baturhan/.nuget/packages/serilog.sinks.console/5.0.1/lib/net7.0/Serilog.Sinks.Console.dll".
             Reference found at search path location "{HintPathFromItem}".
             This reference is not "CopyLocal" because at least one source item had "Private" set to "false" and no source items had "Private" set to "true".
             The ImageRuntimeVersion for this reference is "".
         Primary reference "Serilog.Sinks.Debug, Version=2.0.0.0, Culture=neutral, PublicKeyToken=24c2f752a8e58a10".
             Resolved file path is "/home/baturhan/.nuget/packages/serilog.sinks.debug/2.0.0/lib/netstandard2.1/Serilog.Sinks.Debug.dll".
             Reference found at search path location "{HintPathFromItem}".
             This reference is not "CopyLocal" because at least one source item had "Private" set to "false" and no source items had "Private" set to "true".
             The ImageRuntimeVersion for this reference is "".
         Primary reference "Serilog.Sinks.File, Version=5.0.0.0, Culture=neutral, PublicKeyToken=24c2f752a8e58a10".
             Resolved file path is "/home/baturhan/.nuget/packages/serilog.sinks.file/5.0.0/lib/net5.0/Serilog.Sinks.File.dll".
             Reference found at search path location "{HintPathFromItem}".
             This reference is not "CopyLocal" because at least one source item had "Private" set to "false" and no source items had "Private" set to "true".
             The ImageRuntimeVersion for this reference is "".
         Primary reference "StackExchange.Redis, Version=2.0.0.0, Culture=neutral, PublicKeyToken=c219ff1ca8c2ce46".
             Resolved file path is "/home/baturhan/.nuget/packages/stackexchange.redis/2.7.27/lib/net6.0/StackExchange.Redis.dll".
             Reference found at search path location "{HintPathFromItem}".
             This reference is not "CopyLocal" because at least one source item had "Private" set to "false" and no source items had "Private" set to "true".
             The ImageRuntimeVersion for this reference is "".
         Primary reference "System.IdentityModel.Tokens.Jwt, Version=7.4.0.0, Culture=neutral, PublicKeyToken=31bf3856ad364e35".
             Resolved file path is "/home/baturhan/.nuget/packages/system.identitymodel.tokens.jwt/7.4.0/lib/net8.0/System.IdentityModel.Tokens.Jwt.dll".
             Reference found at search path location "{HintPathFromItem}".
             This reference is not "CopyLocal" because at least one source item had "Private" set to "false" and no source items had "Private" set to "true".
             The ImageRuntimeVersion for this reference is "".
         Primary reference "Microsoft.CSharp, Version=8.0.0.0, Culture=neutral, PublicKeyToken=b03f5f7f11d50a3a".
             Resolved file path is "/usr/lib64/dotnet/packs/Microsoft.NETCore.App.Ref/8.0.22/ref/net8.0/Microsoft.CSharp.dll".
             Reference found at search path location "{RawFileName}".
             This reference is not "CopyLocal" because at least one source item had "Private" set to "false" and no source items had "Private" set to "true".
             The ImageRuntimeVersion for this reference is "".
         Primary reference "Microsoft.VisualBasic.Core, Version=13.0.0.0, Culture=neutral, PublicKeyToken=b03f5f7f11d50a3a".
             Resolved file path is "/usr/lib64/dotnet/packs/Microsoft.NETCore.App.Ref/8.0.22/ref/net8.0/Microsoft.VisualBasic.Core.dll".
             Reference found at search path location "{RawFileName}".
             This reference is not "CopyLocal" because at least one source item had "Private" set to "false" and no source items had "Private" set to "true".
             The ImageRuntimeVersion for this reference is "".
         Primary reference "Microsoft.VisualBasic, Version=10.0.0.0, Culture=neutral, PublicKeyToken=b03f5f7f11d50a3a".
             Resolved file path is "/usr/lib64/dotnet/packs/Microsoft.NETCore.App.Ref/8.0.22/ref/net8.0/Microsoft.VisualBasic.dll".
             Reference found at search path location "{RawFileName}".
             This reference is not "CopyLocal" because at least one source item had "Private" set to "false" and no source items had "Private" set to "true".
             The ImageRuntimeVersion for this reference is "".
         Primary reference "Microsoft.Win32.Primitives, Version=8.0.0.0, Culture=neutral, PublicKeyToken=b03f5f7f11d50a3a".
             Resolved file path is "/usr/lib64/dotnet/packs/Microsoft.NETCore.App.Ref/8.0.22/ref/net8.0/Microsoft.Win32.Primitives.dll".
             Reference found at search path location "{RawFileName}".
             This reference is not "CopyLocal" because at least one source item had "Private" set to "false" and no source items had "Private" set to "true".
   5:7>ResolveAssemblyReferences:
                 Private = 'false'
   7:7>ResolveAssemblyReferences:
             The ImageRuntimeVersion for this reference is "".
   5:7>ResolveAssemblyReferences:
             /usr/lib64/dotnet/packs/Microsoft.AspNetCore.App.Ref/8.0.22/ref/net8.0/Microsoft.AspNetCore.Mvc.Formatters.Xml.dll
                 Private = 'false'
   7:7>ResolveAssemblyReferences:
         Primary reference "Microsoft.Win32.Registry, Version=8.0.0.0, Culture=neutral, PublicKeyToken=b03f5f7f11d50a3a".
   5:7>ResolveAssemblyReferences:
             /usr/lib64/dotnet/packs/Microsoft.AspNetCore.App.Ref/8.0.22/ref/net8.0/Microsoft.AspNetCore.Mvc.Localization.dll
                 Private = 'false'
   7:7>ResolveAssemblyReferences:
             Resolved file path is "/usr/lib64/dotnet/packs/Microsoft.NETCore.App.Ref/8.0.22/ref/net8.0/Microsoft.Win32.Registry.dll".
   5:7>ResolveAssemblyReferences:
             /usr/lib64/dotnet/packs/Microsoft.AspNetCore.App.Ref/8.0.22/ref/net8.0/Microsoft.AspNetCore.Mvc.Razor.dll
                 Private = 'false'
   7:7>ResolveAssemblyReferences:
             Reference found at search path location "{RawFileName}".
   5:7>ResolveAssemblyReferences:
             /usr/lib64/dotnet/packs/Microsoft.AspNetCore.App.Ref/8.0.22/ref/net8.0/Microsoft.AspNetCore.Mvc.RazorPages.dll
                 Private = 'false'
   7:7>ResolveAssemblyReferences:
             This reference is not "CopyLocal" because at least one source item had "Private" set to "false" and no source items had "Private" set to "true".
   5:7>ResolveAssemblyReferences:
             /usr/lib64/dotnet/packs/Microsoft.AspNetCore.App.Ref/8.0.22/ref/net8.0/Microsoft.AspNetCore.Mvc.TagHelpers.dll
                 Private = 'false'
   7:7>ResolveAssemblyReferences:
             The ImageRuntimeVersion for this reference is "".
   5:7>ResolveAssemblyReferences:
             /usr/lib64/dotnet/packs/Microsoft.AspNetCore.App.Ref/8.0.22/ref/net8.0/Microsoft.AspNetCore.Mvc.ViewFeatures.dll
                 Private = 'false'
             /usr/lib64/dotnet/packs/Microsoft.AspNetCore.App.Ref/8.0.22/ref/net8.0/Microsoft.AspNetCore.Mvc.dll
   7:7>ResolveAssemblyReferences:
         Primary reference "System.AppContext, Version=8.0.0.0, Culture=neutral, PublicKeyToken=b03f5f7f11d50a3a".
   5:7>ResolveAssemblyReferences:
                 Private = 'false'
             /usr/lib64/dotnet/packs/Microsoft.AspNetCore.App.Ref/8.0.22/ref/net8.0/Microsoft.AspNetCore.OutputCaching.dll
                 Private = 'false'
   7:7>ResolveAssemblyReferences:
             Resolved file path is "/usr/lib64/dotnet/packs/Microsoft.NETCore.App.Ref/8.0.22/ref/net8.0/System.AppContext.dll".
   5:7>ResolveAssemblyReferences:
             /usr/lib64/dotnet/packs/Microsoft.AspNetCore.App.Ref/8.0.22/ref/net8.0/Microsoft.AspNetCore.RateLimiting.dll
                 Private = 'false'
   7:7>ResolveAssemblyReferences:
             Reference found at search path location "{RawFileName}".
   5:7>ResolveAssemblyReferences:
             /usr/lib64/dotnet/packs/Microsoft.AspNetCore.App.Ref/8.0.22/ref/net8.0/Microsoft.AspNetCore.Razor.Runtime.dll
   7:7>ResolveAssemblyReferences:
             This reference is not "CopyLocal" because at least one source item had "Private" set to "false" and no source items had "Private" set to "true".
   5:7>ResolveAssemblyReferences:
                 Private = 'false'
             /usr/lib64/dotnet/packs/Microsoft.AspNetCore.App.Ref/8.0.22/ref/net8.0/Microsoft.AspNetCore.Razor.dll
                 Private = 'false'
   7:7>ResolveAssemblyReferences:
             The ImageRuntimeVersion for this reference is "".
   5:7>ResolveAssemblyReferences:
             /usr/lib64/dotnet/packs/Microsoft.AspNetCore.App.Ref/8.0.22/ref/net8.0/Microsoft.AspNetCore.RequestDecompression.dll
                 Private = 'false'
   7:7>ResolveAssemblyReferences:
         Primary reference "System.Buffers, Version=8.0.0.0, Culture=neutral, PublicKeyToken=cc7b13ffcd2ddd51".
   5:7>ResolveAssemblyReferences:
             /usr/lib64/dotnet/packs/Microsoft.AspNetCore.App.Ref/8.0.22/ref/net8.0/Microsoft.AspNetCore.ResponseCaching.Abstractions.dll
                 Private = 'false'
             /usr/lib64/dotnet/packs/Microsoft.AspNetCore.App.Ref/8.0.22/ref/net8.0/Microsoft.AspNetCore.ResponseCaching.dll
   7:7>ResolveAssemblyReferences:
             Resolved file path is "/usr/lib64/dotnet/packs/Microsoft.NETCore.App.Ref/8.0.22/ref/net8.0/System.Buffers.dll".
   5:7>ResolveAssemblyReferences:
                 Private = 'false'
             /usr/lib64/dotnet/packs/Microsoft.AspNetCore.App.Ref/8.0.22/ref/net8.0/Microsoft.AspNetCore.ResponseCompression.dll
                 Private = 'false'
   7:7>ResolveAssemblyReferences:
             Reference found at search path location "{RawFileName}".
   5:7>ResolveAssemblyReferences:
             /usr/lib64/dotnet/packs/Microsoft.AspNetCore.App.Ref/8.0.22/ref/net8.0/Microsoft.AspNetCore.Rewrite.dll
                 Private = 'false'
             /usr/lib64/dotnet/packs/Microsoft.AspNetCore.App.Ref/8.0.22/ref/net8.0/Microsoft.AspNetCore.Routing.Abstractions.dll
                 Private = 'false'
   7:7>ResolveAssemblyReferences:
             This reference is not "CopyLocal" because at least one source item had "Private" set to "false" and no source items had "Private" set to "true".
   5:7>ResolveAssemblyReferences:
             /usr/lib64/dotnet/packs/Microsoft.AspNetCore.App.Ref/8.0.22/ref/net8.0/Microsoft.AspNetCore.Routing.dll
                 Private = 'false'
   7:7>ResolveAssemblyReferences:
             The ImageRuntimeVersion for this reference is "".
   5:7>ResolveAssemblyReferences:
             /usr/lib64/dotnet/packs/Microsoft.AspNetCore.App.Ref/8.0.22/ref/net8.0/Microsoft.AspNetCore.Server.HttpSys.dll
                 Private = 'false'
             /usr/lib64/dotnet/packs/Microsoft.AspNetCore.App.Ref/8.0.22/ref/net8.0/Microsoft.AspNetCore.Server.IIS.dll
   7:7>ResolveAssemblyReferences:
         Primary reference "System.Collections.Concurrent, Version=8.0.0.0, Culture=neutral, PublicKeyToken=b03f5f7f11d50a3a".
   5:7>ResolveAssemblyReferences:
                 Private = 'false'
             /usr/lib64/dotnet/packs/Microsoft.AspNetCore.App.Ref/8.0.22/ref/net8.0/Microsoft.AspNetCore.Server.IISIntegration.dll
   7:7>ResolveAssemblyReferences:
             Resolved file path is "/usr/lib64/dotnet/packs/Microsoft.NETCore.App.Ref/8.0.22/ref/net8.0/System.Collections.Concurrent.dll".
   5:7>ResolveAssemblyReferences:
                 Private = 'false'
             /usr/lib64/dotnet/packs/Microsoft.AspNetCore.App.Ref/8.0.22/ref/net8.0/Microsoft.AspNetCore.Server.Kestrel.Core.dll
                 Private = 'false'
   7:7>ResolveAssemblyReferences:
             Reference found at search path location "{RawFileName}".
   5:7>ResolveAssemblyReferences:
             /usr/lib64/dotnet/packs/Microsoft.AspNetCore.App.Ref/8.0.22/ref/net8.0/Microsoft.AspNetCore.Server.Kestrel.Transport.NamedPipes.dll
                 Private = 'false'
   7:7>ResolveAssemblyReferences:
             This reference is not "CopyLocal" because at least one source item had "Private" set to "false" and no source items had "Private" set to "true".
   5:7>ResolveAssemblyReferences:
             /usr/lib64/dotnet/packs/Microsoft.AspNetCore.App.Ref/8.0.22/ref/net8.0/Microsoft.AspNetCore.Server.Kestrel.Transport.Quic.dll
                 Private = 'false'
             /usr/lib64/dotnet/packs/Microsoft.AspNetCore.App.Ref/8.0.22/ref/net8.0/Microsoft.AspNetCore.Server.Kestrel.Transport.Sockets.dll
   7:7>ResolveAssemblyReferences:
             The ImageRuntimeVersion for this reference is "".
   5:7>ResolveAssemblyReferences:
                 Private = 'false'
             /usr/lib64/dotnet/packs/Microsoft.AspNetCore.App.Ref/8.0.22/ref/net8.0/Microsoft.AspNetCore.Server.Kestrel.dll
                 Private = 'false'
   7:7>ResolveAssemblyReferences:
         Primary reference "System.Collections.Immutable, Version=8.0.0.0, Culture=neutral, PublicKeyToken=b03f5f7f11d50a3a".
   5:7>ResolveAssemblyReferences:
             /usr/lib64/dotnet/packs/Microsoft.AspNetCore.App.Ref/8.0.22/ref/net8.0/Microsoft.AspNetCore.Session.dll
                 Private = 'false'
   7:7>ResolveAssemblyReferences:
             Resolved file path is "/usr/lib64/dotnet/packs/Microsoft.NETCore.App.Ref/8.0.22/ref/net8.0/System.Collections.Immutable.dll".
   5:7>ResolveAssemblyReferences:
             /usr/lib64/dotnet/packs/Microsoft.AspNetCore.App.Ref/8.0.22/ref/net8.0/Microsoft.AspNetCore.SignalR.Common.dll
                 Private = 'false'
             /usr/lib64/dotnet/packs/Microsoft.AspNetCore.App.Ref/8.0.22/ref/net8.0/Microsoft.AspNetCore.SignalR.Core.dll
   7:7>ResolveAssemblyReferences:
             Reference found at search path location "{RawFileName}".
   5:7>ResolveAssemblyReferences:
                 Private = 'false'
             /usr/lib64/dotnet/packs/Microsoft.AspNetCore.App.Ref/8.0.22/ref/net8.0/Microsoft.AspNetCore.SignalR.Protocols.Json.dll
   7:7>ResolveAssemblyReferences:
             This reference is not "CopyLocal" because at least one source item had "Private" set to "false" and no source items had "Private" set to "true".
   5:7>ResolveAssemblyReferences:
                 Private = 'false'
             /usr/lib64/dotnet/packs/Microsoft.AspNetCore.App.Ref/8.0.22/ref/net8.0/Microsoft.AspNetCore.SignalR.dll
   7:7>ResolveAssemblyReferences:
             The ImageRuntimeVersion for this reference is "".
   5:7>ResolveAssemblyReferences:
                 Private = 'false'
             /usr/lib64/dotnet/packs/Microsoft.AspNetCore.App.Ref/8.0.22/ref/net8.0/Microsoft.AspNetCore.StaticFiles.dll
                 Private = 'false'
   7:7>ResolveAssemblyReferences:
         Primary reference "System.Collections.NonGeneric, Version=8.0.0.0, Culture=neutral, PublicKeyToken=b03f5f7f11d50a3a".
   5:7>ResolveAssemblyReferences:
             /usr/lib64/dotnet/packs/Microsoft.AspNetCore.App.Ref/8.0.22/ref/net8.0/Microsoft.AspNetCore.WebSockets.dll
                 Private = 'false'
             /usr/lib64/dotnet/packs/Microsoft.AspNetCore.App.Ref/8.0.22/ref/net8.0/Microsoft.AspNetCore.WebUtilities.dll
   7:7>ResolveAssemblyReferences:
             Resolved file path is "/usr/lib64/dotnet/packs/Microsoft.NETCore.App.Ref/8.0.22/ref/net8.0/System.Collections.NonGeneric.dll".
   5:7>ResolveAssemblyReferences:
                 Private = 'false'
             /usr/lib64/dotnet/packs/Microsoft.AspNetCore.App.Ref/8.0.22/ref/net8.0/Microsoft.AspNetCore.dll
   7:7>ResolveAssemblyReferences:
             Reference found at search path location "{RawFileName}".
   5:7>ResolveAssemblyReferences:
                 Private = 'false'
             /usr/lib64/dotnet/packs/Microsoft.AspNetCore.App.Ref/8.0.22/ref/net8.0/Microsoft.Extensions.Caching.Abstractions.dll
                 Private = 'false'
   7:7>ResolveAssemblyReferences:
             This reference is not "CopyLocal" because at least one source item had "Private" set to "false" and no source items had "Private" set to "true".
   5:7>ResolveAssemblyReferences:
             /usr/lib64/dotnet/packs/Microsoft.AspNetCore.App.Ref/8.0.22/ref/net8.0/Microsoft.Extensions.Caching.Memory.dll
                 Private = 'false'
   7:7>ResolveAssemblyReferences:
             The ImageRuntimeVersion for this reference is "".
   5:7>ResolveAssemblyReferences:
             /usr/lib64/dotnet/packs/Microsoft.AspNetCore.App.Ref/8.0.22/ref/net8.0/Microsoft.Extensions.Configuration.Abstractions.dll
                 Private = 'false'
   7:7>ResolveAssemblyReferences:
         Primary reference "System.Collections.Specialized, Version=8.0.0.0, Culture=neutral, PublicKeyToken=b03f5f7f11d50a3a".
   5:7>ResolveAssemblyReferences:
             /usr/lib64/dotnet/packs/Microsoft.AspNetCore.App.Ref/8.0.22/ref/net8.0/Microsoft.Extensions.Configuration.Binder.dll
                 Private = 'false'
             /usr/lib64/dotnet/packs/Microsoft.AspNetCore.App.Ref/8.0.22/ref/net8.0/Microsoft.Extensions.Configuration.CommandLine.dll
   7:7>ResolveAssemblyReferences:
             Resolved file path is "/usr/lib64/dotnet/packs/Microsoft.NETCore.App.Ref/8.0.22/ref/net8.0/System.Collections.Specialized.dll".
   5:7>ResolveAssemblyReferences:
                 Private = 'false'
             /usr/lib64/dotnet/packs/Microsoft.AspNetCore.App.Ref/8.0.22/ref/net8.0/Microsoft.Extensions.Configuration.EnvironmentVariables.dll
   7:7>ResolveAssemblyReferences:
             Reference found at search path location "{RawFileName}".
   5:7>ResolveAssemblyReferences:
                 Private = 'false'
             /usr/lib64/dotnet/packs/Microsoft.AspNetCore.App.Ref/8.0.22/ref/net8.0/Microsoft.Extensions.Configuration.FileExtensions.dll
                 Private = 'false'
   7:7>ResolveAssemblyReferences:
             This reference is not "CopyLocal" because at least one source item had "Private" set to "false" and no source items had "Private" set to "true".
   5:7>ResolveAssemblyReferences:
             /usr/lib64/dotnet/packs/Microsoft.AspNetCore.App.Ref/8.0.22/ref/net8.0/Microsoft.Extensions.Configuration.Ini.dll
                 Private = 'false'
   7:7>ResolveAssemblyReferences:
             The ImageRuntimeVersion for this reference is "".
   5:7>ResolveAssemblyReferences:
             /usr/lib64/dotnet/packs/Microsoft.AspNetCore.App.Ref/8.0.22/ref/net8.0/Microsoft.Extensions.Configuration.Json.dll
                 Private = 'false'
             /usr/lib64/dotnet/packs/Microsoft.AspNetCore.App.Ref/8.0.22/ref/net8.0/Microsoft.Extensions.Configuration.KeyPerFile.dll
   7:7>ResolveAssemblyReferences:
         Primary reference "System.Collections, Version=8.0.0.0, Culture=neutral, PublicKeyToken=b03f5f7f11d50a3a".
   5:7>ResolveAssemblyReferences:
                 Private = 'false'
             /usr/lib64/dotnet/packs/Microsoft.AspNetCore.App.Ref/8.0.22/ref/net8.0/Microsoft.Extensions.Configuration.UserSecrets.dll
   7:7>ResolveAssemblyReferences:
             Resolved file path is "/usr/lib64/dotnet/packs/Microsoft.NETCore.App.Ref/8.0.22/ref/net8.0/System.Collections.dll".
   5:7>ResolveAssemblyReferences:
                 Private = 'false'
             /usr/lib64/dotnet/packs/Microsoft.AspNetCore.App.Ref/8.0.22/ref/net8.0/Microsoft.Extensions.Configuration.Xml.dll
                 Private = 'false'
   7:7>ResolveAssemblyReferences:
             Reference found at search path location "{RawFileName}".
   5:7>ResolveAssemblyReferences:
             /usr/lib64/dotnet/packs/Microsoft.AspNetCore.App.Ref/8.0.22/ref/net8.0/Microsoft.Extensions.Configuration.dll
                 Private = 'false'
             /usr/lib64/dotnet/packs/Microsoft.AspNetCore.App.Ref/8.0.22/ref/net8.0/Microsoft.Extensions.DependencyInjection.Abstractions.dll
   7:7>ResolveAssemblyReferences:
             This reference is not "CopyLocal" because at least one source item had "Private" set to "false" and no source items had "Private" set to "true".
   5:7>ResolveAssemblyReferences:
                 Private = 'false'
             /usr/lib64/dotnet/packs/Microsoft.AspNetCore.App.Ref/8.0.22/ref/net8.0/Microsoft.Extensions.DependencyInjection.dll
                 Private = 'false'
   7:7>ResolveAssemblyReferences:
             The ImageRuntimeVersion for this reference is "".
   5:7>ResolveAssemblyReferences:
             /usr/lib64/dotnet/packs/Microsoft.AspNetCore.App.Ref/8.0.22/ref/net8.0/Microsoft.Extensions.Diagnostics.Abstractions.dll
                 Private = 'false'
   7:7>ResolveAssemblyReferences:
         Primary reference "System.ComponentModel.Annotations, Version=8.0.0.0, Culture=neutral, PublicKeyToken=b03f5f7f11d50a3a".
   5:7>ResolveAssemblyReferences:
             /usr/lib64/dotnet/packs/Microsoft.AspNetCore.App.Ref/8.0.22/ref/net8.0/Microsoft.Extensions.Diagnostics.HealthChecks.Abstractions.dll
                 Private = 'false'
             /usr/lib64/dotnet/packs/Microsoft.AspNetCore.App.Ref/8.0.22/ref/net8.0/Microsoft.Extensions.Diagnostics.HealthChecks.dll
   7:7>ResolveAssemblyReferences:
             Resolved file path is "/usr/lib64/dotnet/packs/Microsoft.NETCore.App.Ref/8.0.22/ref/net8.0/System.ComponentModel.Annotations.dll".
   5:7>ResolveAssemblyReferences:
                 Private = 'false'
             /usr/lib64/dotnet/packs/Microsoft.AspNetCore.App.Ref/8.0.22/ref/net8.0/Microsoft.Extensions.Diagnostics.dll
   7:7>ResolveAssemblyReferences:
             Reference found at search path location "{RawFileName}".
   5:7>ResolveAssemblyReferences:
                 Private = 'false'
             /usr/lib64/dotnet/packs/Microsoft.AspNetCore.App.Ref/8.0.22/ref/net8.0/Microsoft.Extensions.Features.dll
                 Private = 'false'
   7:7>ResolveAssemblyReferences:
             This reference is not "CopyLocal" because at least one source item had "Private" set to "false" and no source items had "Private" set to "true".
   5:7>ResolveAssemblyReferences:
             /usr/lib64/dotnet/packs/Microsoft.AspNetCore.App.Ref/8.0.22/ref/net8.0/Microsoft.Extensions.FileProviders.Abstractions.dll
                 Private = 'false'
   7:7>ResolveAssemblyReferences:
             The ImageRuntimeVersion for this reference is "".
   5:7>ResolveAssemblyReferences:
             /usr/lib64/dotnet/packs/Microsoft.AspNetCore.App.Ref/8.0.22/ref/net8.0/Microsoft.Extensions.FileProviders.Composite.dll
                 Private = 'false'
             /usr/lib64/dotnet/packs/Microsoft.AspNetCore.App.Ref/8.0.22/ref/net8.0/Microsoft.Extensions.FileProviders.Embedded.dll
   7:7>ResolveAssemblyReferences:
         Primary reference "System.ComponentModel.DataAnnotations, Version=4.0.0.0, Culture=neutral, PublicKeyToken=31bf3856ad364e35".
   5:7>ResolveAssemblyReferences:
                 Private = 'false'
             /usr/lib64/dotnet/packs/Microsoft.AspNetCore.App.Ref/8.0.22/ref/net8.0/Microsoft.Extensions.FileProviders.Physical.dll
                 Private = 'false'
   7:7>ResolveAssemblyReferences:
             Resolved file path is "/usr/lib64/dotnet/packs/Microsoft.NETCore.App.Ref/8.0.22/ref/net8.0/System.ComponentModel.DataAnnotations.dll".
   5:7>ResolveAssemblyReferences:
             /usr/lib64/dotnet/packs/Microsoft.AspNetCore.App.Ref/8.0.22/ref/net8.0/Microsoft.Extensions.FileSystemGlobbing.dll
                 Private = 'false'
   7:7>ResolveAssemblyReferences:
             Reference found at search path location "{RawFileName}".
   5:7>ResolveAssemblyReferences:
             /usr/lib64/dotnet/packs/Microsoft.AspNetCore.App.Ref/8.0.22/ref/net8.0/Microsoft.Extensions.Hosting.Abstractions.dll
                 Private = 'false'
   7:7>ResolveAssemblyReferences:
             This reference is not "CopyLocal" because at least one source item had "Private" set to "false" and no source items had "Private" set to "true".
   5:7>ResolveAssemblyReferences:
             /usr/lib64/dotnet/packs/Microsoft.AspNetCore.App.Ref/8.0.22/ref/net8.0/Microsoft.Extensions.Hosting.dll
                 Private = 'false'
             /usr/lib64/dotnet/packs/Microsoft.AspNetCore.App.Ref/8.0.22/ref/net8.0/Microsoft.Extensions.Http.dll
   7:7>ResolveAssemblyReferences:
             The ImageRuntimeVersion for this reference is "".
   5:7>ResolveAssemblyReferences:
                 Private = 'false'
             /usr/lib64/dotnet/packs/Microsoft.AspNetCore.App.Ref/8.0.22/ref/net8.0/Microsoft.Extensions.Identity.Core.dll
   7:7>ResolveAssemblyReferences:
         Primary reference "System.ComponentModel.EventBasedAsync, Version=8.0.0.0, Culture=neutral, PublicKeyToken=b03f5f7f11d50a3a".
   5:7>ResolveAssemblyReferences:
                 Private = 'false'
             /usr/lib64/dotnet/packs/Microsoft.AspNetCore.App.Ref/8.0.22/ref/net8.0/Microsoft.Extensions.Identity.Stores.dll
                 Private = 'false'
   7:7>ResolveAssemblyReferences:
             Resolved file path is "/usr/lib64/dotnet/packs/Microsoft.NETCore.App.Ref/8.0.22/ref/net8.0/System.ComponentModel.EventBasedAsync.dll".
   5:7>ResolveAssemblyReferences:
             /usr/lib64/dotnet/packs/Microsoft.AspNetCore.App.Ref/8.0.22/ref/net8.0/Microsoft.Extensions.Localization.Abstractions.dll
                 Private = 'false'
   7:7>ResolveAssemblyReferences:
             Reference found at search path location "{RawFileName}".
   5:7>ResolveAssemblyReferences:
             /usr/lib64/dotnet/packs/Microsoft.AspNetCore.App.Ref/8.0.22/ref/net8.0/Microsoft.Extensions.Localization.dll
                 Private = 'false'
             /usr/lib64/dotnet/packs/Microsoft.AspNetCore.App.Ref/8.0.22/ref/net8.0/Microsoft.Extensions.Logging.Abstractions.dll
   7:7>ResolveAssemblyReferences:
             This reference is not "CopyLocal" because at least one source item had "Private" set to "false" and no source items had "Private" set to "true".
   5:7>ResolveAssemblyReferences:
                 Private = 'false'
             /usr/lib64/dotnet/packs/Microsoft.AspNetCore.App.Ref/8.0.22/ref/net8.0/Microsoft.Extensions.Logging.Configuration.dll
   7:7>ResolveAssemblyReferences:
             The ImageRuntimeVersion for this reference is "".
   5:7>ResolveAssemblyReferences:
                 Private = 'false'
             /usr/lib64/dotnet/packs/Microsoft.AspNetCore.App.Ref/8.0.22/ref/net8.0/Microsoft.Extensions.Logging.Console.dll
                 Private = 'false'
   7:7>ResolveAssemblyReferences:
         Primary reference "System.ComponentModel.Primitives, Version=8.0.0.0, Culture=neutral, PublicKeyToken=b03f5f7f11d50a3a".
   5:7>ResolveAssemblyReferences:
             /usr/lib64/dotnet/packs/Microsoft.AspNetCore.App.Ref/8.0.22/ref/net8.0/Microsoft.Extensions.Logging.Debug.dll
                 Private = 'false'
   7:7>ResolveAssemblyReferences:
             Resolved file path is "/usr/lib64/dotnet/packs/Microsoft.NETCore.App.Ref/8.0.22/ref/net8.0/System.ComponentModel.Primitives.dll".
   5:7>ResolveAssemblyReferences:
             /usr/lib64/dotnet/packs/Microsoft.AspNetCore.App.Ref/8.0.22/ref/net8.0/Microsoft.Extensions.Logging.EventLog.dll
                 Private = 'false'
             /usr/lib64/dotnet/packs/Microsoft.AspNetCore.App.Ref/8.0.22/ref/net8.0/Microsoft.Extensions.Logging.EventSource.dll
   7:7>ResolveAssemblyReferences:
             Reference found at search path location "{RawFileName}".
   5:7>ResolveAssemblyReferences:
                 Private = 'false'
             /usr/lib64/dotnet/packs/Microsoft.AspNetCore.App.Ref/8.0.22/ref/net8.0/Microsoft.Extensions.Logging.TraceSource.dll
   7:7>ResolveAssemblyReferences:
             This reference is not "CopyLocal" because at least one source item had "Private" set to "false" and no source items had "Private" set to "true".
   5:7>ResolveAssemblyReferences:
                 Private = 'false'
             /usr/lib64/dotnet/packs/Microsoft.AspNetCore.App.Ref/8.0.22/ref/net8.0/Microsoft.Extensions.Logging.dll
                 Private = 'false'
   7:7>ResolveAssemblyReferences:
             The ImageRuntimeVersion for this reference is "".
   5:7>ResolveAssemblyReferences:
             /usr/lib64/dotnet/packs/Microsoft.AspNetCore.App.Ref/8.0.22/ref/net8.0/Microsoft.Extensions.ObjectPool.dll
                 Private = 'false'
   7:7>ResolveAssemblyReferences:
         Primary reference "System.ComponentModel.TypeConverter, Version=8.0.0.0, Culture=neutral, PublicKeyToken=b03f5f7f11d50a3a".
   5:7>ResolveAssemblyReferences:
             /usr/lib64/dotnet/packs/Microsoft.AspNetCore.App.Ref/8.0.22/ref/net8.0/Microsoft.Extensions.Options.ConfigurationExtensions.dll
                 Private = 'false'
             /usr/lib64/dotnet/packs/Microsoft.AspNetCore.App.Ref/8.0.22/ref/net8.0/Microsoft.Extensions.Options.DataAnnotations.dll
   7:7>ResolveAssemblyReferences:
             Resolved file path is "/usr/lib64/dotnet/packs/Microsoft.NETCore.App.Ref/8.0.22/ref/net8.0/System.ComponentModel.TypeConverter.dll".
   5:7>ResolveAssemblyReferences:
                 Private = 'false'
             /usr/lib64/dotnet/packs/Microsoft.AspNetCore.App.Ref/8.0.22/ref/net8.0/Microsoft.Extensions.Options.dll
                 Private = 'false'
   7:7>ResolveAssemblyReferences:
             Reference found at search path location "{RawFileName}".
   5:7>ResolveAssemblyReferences:
             /usr/lib64/dotnet/packs/Microsoft.AspNetCore.App.Ref/8.0.22/ref/net8.0/Microsoft.Extensions.Primitives.dll
                 Private = 'false'
   7:7>ResolveAssemblyReferences:
             This reference is not "CopyLocal" because at least one source item had "Private" set to "false" and no source items had "Private" set to "true".
   5:7>ResolveAssemblyReferences:
             /usr/lib64/dotnet/packs/Microsoft.AspNetCore.App.Ref/8.0.22/ref/net8.0/Microsoft.Extensions.WebEncoders.dll
                 Private = 'false'
   7:7>ResolveAssemblyReferences:
             The ImageRuntimeVersion for this reference is "".
   5:7>ResolveAssemblyReferences:
             /usr/lib64/dotnet/packs/Microsoft.AspNetCore.App.Ref/8.0.22/ref/net8.0/Microsoft.JSInterop.dll
                 Private = 'false'
             /usr/lib64/dotnet/packs/Microsoft.AspNetCore.App.Ref/8.0.22/ref/net8.0/Microsoft.Net.Http.Headers.dll
   7:7>ResolveAssemblyReferences:
         Primary reference "System.ComponentModel, Version=8.0.0.0, Culture=neutral, PublicKeyToken=b03f5f7f11d50a3a".
   5:7>ResolveAssemblyReferences:
                 Private = 'false'
             /usr/lib64/dotnet/packs/Microsoft.AspNetCore.App.Ref/8.0.22/ref/net8.0/System.Diagnostics.EventLog.dll
   7:7>ResolveAssemblyReferences:
             Resolved file path is "/usr/lib64/dotnet/packs/Microsoft.NETCore.App.Ref/8.0.22/ref/net8.0/System.ComponentModel.dll".
   5:7>ResolveAssemblyReferences:
                 Private = 'false'
             /usr/lib64/dotnet/packs/Microsoft.AspNetCore.App.Ref/8.0.22/ref/net8.0/System.IO.Pipelines.dll
   7:7>ResolveAssemblyReferences:
             Reference found at search path location "{RawFileName}".
   5:7>ResolveAssemblyReferences:
                 Private = 'false'
             /usr/lib64/dotnet/packs/Microsoft.AspNetCore.App.Ref/8.0.22/ref/net8.0/System.Security.Cryptography.Xml.dll
                 Private = 'false'
   7:7>ResolveAssemblyReferences:
             This reference is not "CopyLocal" because at least one source item had "Private" set to "false" and no source items had "Private" set to "true".
   5:7>ResolveAssemblyReferences:
             /usr/lib64/dotnet/packs/Microsoft.AspNetCore.App.Ref/8.0.22/ref/net8.0/System.Threading.RateLimiting.dll
                 Private = 'false'
   7:7>ResolveAssemblyReferences:
             The ImageRuntimeVersion for this reference is "".
   5:7>ResolveAssemblyReferences:
         AssemblyFiles:
             /home/baturhan/Projeler/Entegrasyon/Application/Entegrasyon.Entity/bin/Debug/net8.0/Entegrasyon.Entity.dll
             /home/baturhan/Projeler/Entegrasyon/Shared/Shared/bin/Debug/net8.0/Shared.dll
   7:7>ResolveAssemblyReferences:
         Primary reference "System.Configuration, Version=4.0.0.0, Culture=neutral, PublicKeyToken=b03f5f7f11d50a3a".
   5:7>ResolveAssemblyReferences:
         CandidateAssemblyFiles:
         TargetFrameworkDirectories:
             
   7:7>ResolveAssemblyReferences:
             Resolved file path is "/usr/lib64/dotnet/packs/Microsoft.NETCore.App.Ref/8.0.22/ref/net8.0/System.Configuration.dll".
   5:7>ResolveAssemblyReferences:
         NonCultureResourceDirectories:
             
         InstalledAssemblyTables:
   7:7>ResolveAssemblyReferences:
             Reference found at search path location "{RawFileName}".
   5:7>ResolveAssemblyReferences:
         IgnoreInstalledAssemblyTable:
             False
   7:7>ResolveAssemblyReferences:
             This reference is not "CopyLocal" because at least one source item had "Private" set to "false" and no source items had "Private" set to "true".
   5:7>ResolveAssemblyReferences:
         SearchPaths:
             {CandidateAssemblyFiles}
             {HintPathFromItem}
   7:7>ResolveAssemblyReferences:
             The ImageRuntimeVersion for this reference is "".
   5:7>ResolveAssemblyReferences:
             {TargetFrameworkDirectory}
             {RawFileName}
         AllowedAssemblyExtensions:
   7:7>ResolveAssemblyReferences:
         Primary reference "System.Console, Version=8.0.0.0, Culture=neutral, PublicKeyToken=b03f5f7f11d50a3a".
   5:7>ResolveAssemblyReferences:
             .winmd
             .dll
   7:7>ResolveAssemblyReferences:
             Resolved file path is "/usr/lib64/dotnet/packs/Microsoft.NETCore.App.Ref/8.0.22/ref/net8.0/System.Console.dll".
   5:7>ResolveAssemblyReferences:
             .exe
         AllowedRelatedFileExtensions:
             .pdb
   7:7>ResolveAssemblyReferences:
             Reference found at search path location "{RawFileName}".
   5:7>ResolveAssemblyReferences:
             .xml
             .pri
             .dll.config
   7:7>ResolveAssemblyReferences:
             This reference is not "CopyLocal" because at least one source item had "Private" set to "false" and no source items had "Private" set to "true".
   5:7>ResolveAssemblyReferences:
             .exe.config
         AppConfigFile:
   7:7>ResolveAssemblyReferences:
             The ImageRuntimeVersion for this reference is "".
   5:7>ResolveAssemblyReferences:
             
         AutoUnify:
             True
         EnableCustomCulture:
   7:7>ResolveAssemblyReferences:
         Primary reference "System.Core, Version=4.0.0.0, Culture=neutral, PublicKeyToken=b77a5c561934e089".
   5:7>ResolveAssemblyReferences:
             False
         EnableCustomCulture:
   7:7>ResolveAssemblyReferences:
             Resolved file path is "/usr/lib64/dotnet/packs/Microsoft.NETCore.App.Ref/8.0.22/ref/net8.0/System.Core.dll".
   5:7>ResolveAssemblyReferences:
             False
         CopyLocalDependenciesWhenParentReferenceInGac:
   7:7>ResolveAssemblyReferences:
             Reference found at search path location "{RawFileName}".
   5:7>ResolveAssemblyReferences:
             True
         FindDependencies:
   7:7>ResolveAssemblyReferences:
             This reference is not "CopyLocal" because at least one source item had "Private" set to "false" and no source items had "Private" set to "true".
   5:7>ResolveAssemblyReferences:
             True
         TargetProcessorArchitecture:
             msil
   7:7>ResolveAssemblyReferences:
             The ImageRuntimeVersion for this reference is "".
   5:7>ResolveAssemblyReferences:
         StateFile:
             obj/Debug/net8.0/Entegrasyon.MessageQueue.Commands.csproj.AssemblyReference.cache
   7:7>ResolveAssemblyReferences:
         Primary reference "System.Data.Common, Version=8.0.0.0, Culture=neutral, PublicKeyToken=b03f5f7f11d50a3a".
   5:7>ResolveAssemblyReferences:
         InstalledAssemblySubsetTables:
         IgnoreInstalledAssemblySubsetTable:
             False
   7:7>ResolveAssemblyReferences:
             Resolved file path is "/usr/lib64/dotnet/packs/Microsoft.NETCore.App.Ref/8.0.22/ref/net8.0/System.Data.Common.dll".
   5:7>ResolveAssemblyReferences:
         TargetFrameworkSubsets:
         FullTargetFrameworkSubsetNames:
   7:7>ResolveAssemblyReferences:
             Reference found at search path location "{RawFileName}".
   5:7>ResolveAssemblyReferences:
             Full
         ProfileName:
             
   7:7>ResolveAssemblyReferences:
             This reference is not "CopyLocal" because at least one source item had "Private" set to "false" and no source items had "Private" set to "true".
   5:7>ResolveAssemblyReferences:
         FullFrameworkFolders:
         LatestTargetFrameworkDirectories:
         ProfileTablesLocation:
   7:7>ResolveAssemblyReferences:
             The ImageRuntimeVersion for this reference is "".
   5:7>ResolveAssemblyReferences:
         Primary reference "Entegrasyon.Entity, Version=1.0.0.0, Culture=neutral, PublicKeyToken=null".
             Resolved file path is "/home/baturhan/Projeler/Entegrasyon/Application/Entegrasyon.Entity/bin/Debug/net8.0/Entegrasyon.Entity.dll".
   7:7>ResolveAssemblyReferences:
         Primary reference "System.Data.DataSetExtensions, Version=8.0.0.0, Culture=neutral, PublicKeyToken=b77a5c561934e089".
   5:7>ResolveAssemblyReferences:
             Reference found at search path location "/home/baturhan/Projeler/Entegrasyon/Application/Entegrasyon.Entity/bin/Debug/net8.0/Entegrasyon.Entity.dll".
             Found related file "/home/baturhan/Projeler/Entegrasyon/Application/Entegrasyon.Entity/bin/Debug/net8.0/Entegrasyon.Entity.pdb".
             The ImageRuntimeVersion for this reference is "".
   7:7>ResolveAssemblyReferences:
             Resolved file path is "/usr/lib64/dotnet/packs/Microsoft.NETCore.App.Ref/8.0.22/ref/net8.0/System.Data.DataSetExtensions.dll".
   5:7>ResolveAssemblyReferences:
         Primary reference "Shared, Version=1.0.0.0, Culture=neutral, PublicKeyToken=null".
             Resolved file path is "/home/baturhan/Projeler/Entegrasyon/Shared/Shared/bin/Debug/net8.0/Shared.dll".
   7:7>ResolveAssemblyReferences:
             Reference found at search path location "{RawFileName}".
   5:7>ResolveAssemblyReferences:
             Reference found at search path location "/home/baturhan/Projeler/Entegrasyon/Shared/Shared/bin/Debug/net8.0/Shared.dll".
             Found related file "/home/baturhan/Projeler/Entegrasyon/Shared/Shared/bin/Debug/net8.0/Shared.pdb".
             The ImageRuntimeVersion for this reference is "".
   7:7>ResolveAssemblyReferences:
             This reference is not "CopyLocal" because at least one source item had "Private" set to "false" and no source items had "Private" set to "true".
   5:7>ResolveAssemblyReferences:
         Primary reference "Castle.Core, Version=5.0.0.0, Culture=neutral, PublicKeyToken=407dd0808d44fbdc".
             Resolved file path is "/home/baturhan/.nuget/packages/castle.core/5.1.1/lib/net6.0/Castle.Core.dll".
   7:7>ResolveAssemblyReferences:
             The ImageRuntimeVersion for this reference is "".
   5:7>ResolveAssemblyReferences:
             Reference found at search path location "{HintPathFromItem}".
             This reference is not "CopyLocal" because at least one source item had "Private" set to "false" and no source items had "Private" set to "true".
             The ImageRuntimeVersion for this reference is "".
   7:7>ResolveAssemblyReferences:
         Primary reference "System.Data, Version=4.0.0.0, Culture=neutral, PublicKeyToken=b77a5c561934e089".
   5:7>ResolveAssemblyReferences:
         Primary reference "FluentValidation, Version=11.0.0.0, Culture=neutral, PublicKeyToken=7de548da2fbae0f0".
             Resolved file path is "/home/baturhan/.nuget/packages/fluentvalidation/11.9.0/lib/net8.0/FluentValidation.dll".
   7:7>ResolveAssemblyReferences:
             Resolved file path is "/usr/lib64/dotnet/packs/Microsoft.NETCore.App.Ref/8.0.22/ref/net8.0/System.Data.dll".
   5:7>ResolveAssemblyReferences:
             Reference found at search path location "{HintPathFromItem}".
             This reference is not "CopyLocal" because at least one source item had "Private" set to "false" and no source items had "Private" set to "true".
             The ImageRuntimeVersion for this reference is "".
   7:7>ResolveAssemblyReferences:
             Reference found at search path location "{RawFileName}".
   5:7>ResolveAssemblyReferences:
         Primary reference "Microsoft.EntityFrameworkCore, Version=8.0.15.0, Culture=neutral, PublicKeyToken=adb9793829ddae60".
             Resolved file path is "/home/baturhan/.nuget/packages/microsoft.entityframeworkcore/8.0.15/lib/net8.0/Microsoft.EntityFrameworkCore.dll".
   7:7>ResolveAssemblyReferences:
             This reference is not "CopyLocal" because at least one source item had "Private" set to "false" and no source items had "Private" set to "true".
   5:7>ResolveAssemblyReferences:
             Reference found at search path location "{HintPathFromItem}".
             This reference is not "CopyLocal" because at least one source item had "Private" set to "false" and no source items had "Private" set to "true".
             The ImageRuntimeVersion for this reference is "".
   7:7>ResolveAssemblyReferences:
             The ImageRuntimeVersion for this reference is "".
   5:7>ResolveAssemblyReferences:
         Primary reference "Microsoft.EntityFrameworkCore.Abstractions, Version=8.0.15.0, Culture=neutral, PublicKeyToken=adb9793829ddae60".
             Resolved file path is "/home/baturhan/.nuget/packages/microsoft.entityframeworkcore.abstractions/8.0.15/lib/net8.0/Microsoft.EntityFrameworkCore.Abstractions.dll".
             Reference found at search path location "{HintPathFromItem}".
             This reference is not "CopyLocal" because at least one source item had "Private" set to "false" and no source items had "Private" set to "true".
   7:7>ResolveAssemblyReferences:
         Primary reference "System.Diagnostics.Contracts, Version=8.0.0.0, Culture=neutral, PublicKeyToken=b03f5f7f11d50a3a".
   5:7>ResolveAssemblyReferences:
             The ImageRuntimeVersion for this reference is "".
         Primary reference "Microsoft.EntityFrameworkCore.Proxies, Version=8.0.15.0, Culture=neutral, PublicKeyToken=adb9793829ddae60".
             Resolved file path is "/home/baturhan/.nuget/packages/microsoft.entityframeworkcore.proxies/8.0.15/lib/net8.0/Microsoft.EntityFrameworkCore.Proxies.dll".
   7:7>ResolveAssemblyReferences:
             Resolved file path is "/usr/lib64/dotnet/packs/Microsoft.NETCore.App.Ref/8.0.22/ref/net8.0/System.Diagnostics.Contracts.dll".
   5:7>ResolveAssemblyReferences:
             Reference found at search path location "{HintPathFromItem}".
             This reference is not "CopyLocal" because at least one source item had "Private" set to "false" and no source items had "Private" set to "true".
   7:7>ResolveAssemblyReferences:
             Reference found at search path location "{RawFileName}".
   5:7>ResolveAssemblyReferences:
             The ImageRuntimeVersion for this reference is "".
         Primary reference "Microsoft.EntityFrameworkCore.Relational, Version=8.0.15.0, Culture=neutral, PublicKeyToken=adb9793829ddae60".
             Resolved file path is "/home/baturhan/.nuget/packages/microsoft.entityframeworkcore.relational/8.0.15/lib/net8.0/Microsoft.EntityFrameworkCore.Relational.dll".
   7:7>ResolveAssemblyReferences:
             This reference is not "CopyLocal" because at least one source item had "Private" set to "false" and no source items had "Private" set to "true".
   5:7>ResolveAssemblyReferences:
             Reference found at search path location "{HintPathFromItem}".
             This reference is not "CopyLocal" because at least one source item had "Private" set to "false" and no source items had "Private" set to "true".
             The ImageRuntimeVersion for this reference is "".
   7:7>ResolveAssemblyReferences:
             The ImageRuntimeVersion for this reference is "".
   5:7>ResolveAssemblyReferences:
         Primary reference "Microsoft.Extensions.DependencyModel, Version=8.0.0.0, Culture=neutral, PublicKeyToken=adb9793829ddae60".
             Resolved file path is "/home/baturhan/.nuget/packages/microsoft.extensions.dependencymodel/8.0.0/lib/net8.0/Microsoft.Extensions.DependencyModel.dll".
   7:7>ResolveAssemblyReferences:
         Primary reference "System.Diagnostics.Debug, Version=8.0.0.0, Culture=neutral, PublicKeyToken=b03f5f7f11d50a3a".
   5:7>ResolveAssemblyReferences:
             Reference found at search path location "{HintPathFromItem}".
             This reference is not "CopyLocal" because at least one source item had "Private" set to "false" and no source items had "Private" set to "true".
             The ImageRuntimeVersion for this reference is "".
   7:7>ResolveAssemblyReferences:
             Resolved file path is "/usr/lib64/dotnet/packs/Microsoft.NETCore.App.Ref/8.0.22/ref/net8.0/System.Diagnostics.Debug.dll".
   5:7>ResolveAssemblyReferences:
         Primary reference "Microsoft.IdentityModel.Abstractions, Version=7.4.0.0, Culture=neutral, PublicKeyToken=31bf3856ad364e35".
             Resolved file path is "/home/baturhan/.nuget/packages/microsoft.identitymodel.abstractions/7.4.0/lib/net8.0/Microsoft.IdentityModel.Abstractions.dll".
             Reference found at search path location "{HintPathFromItem}".
   7:7>ResolveAssemblyReferences:
             Reference found at search path location "{RawFileName}".
   5:7>ResolveAssemblyReferences:
             This reference is not "CopyLocal" because at least one source item had "Private" set to "false" and no source items had "Private" set to "true".
             The ImageRuntimeVersion for this reference is "".
         Primary reference "Microsoft.IdentityModel.JsonWebTokens, Version=7.4.0.0, Culture=neutral, PublicKeyToken=31bf3856ad364e35".
   7:7>ResolveAssemblyReferences:
             This reference is not "CopyLocal" because at least one source item had "Private" set to "false" and no source items had "Private" set to "true".
   5:7>ResolveAssemblyReferences:
             Resolved file path is "/home/baturhan/.nuget/packages/microsoft.identitymodel.jsonwebtokens/7.4.0/lib/net8.0/Microsoft.IdentityModel.JsonWebTokens.dll".
             Reference found at search path location "{HintPathFromItem}".
   7:7>ResolveAssemblyReferences:
             The ImageRuntimeVersion for this reference is "".
   5:7>ResolveAssemblyReferences:
             This reference is not "CopyLocal" because at least one source item had "Private" set to "false" and no source items had "Private" set to "true".
             The ImageRuntimeVersion for this reference is "".
         Primary reference "Microsoft.IdentityModel.Logging, Version=7.4.0.0, Culture=neutral, PublicKeyToken=31bf3856ad364e35".
   7:7>ResolveAssemblyReferences:
         Primary reference "System.Diagnostics.DiagnosticSource, Version=8.0.0.0, Culture=neutral, PublicKeyToken=cc7b13ffcd2ddd51".
   5:7>ResolveAssemblyReferences:
             Resolved file path is "/home/baturhan/.nuget/packages/microsoft.identitymodel.logging/7.4.0/lib/net8.0/Microsoft.IdentityModel.Logging.dll".
             Reference found at search path location "{HintPathFromItem}".
             This reference is not "CopyLocal" because at least one source item had "Private" set to "false" and no source items had "Private" set to "true".
   7:7>ResolveAssemblyReferences:
             Resolved file path is "/usr/lib64/dotnet/packs/Microsoft.NETCore.App.Ref/8.0.22/ref/net8.0/System.Diagnostics.DiagnosticSource.dll".
   5:7>ResolveAssemblyReferences:
             The ImageRuntimeVersion for this reference is "".
         Primary reference "Microsoft.IdentityModel.Tokens, Version=7.4.0.0, Culture=neutral, PublicKeyToken=31bf3856ad364e35".
   7:7>ResolveAssemblyReferences:
             Reference found at search path location "{RawFileName}".
   5:7>ResolveAssemblyReferences:
             Resolved file path is "/home/baturhan/.nuget/packages/microsoft.identitymodel.tokens/7.4.0/lib/net8.0/Microsoft.IdentityModel.Tokens.dll".
             Reference found at search path location "{HintPathFromItem}".
             This reference is not "CopyLocal" because at least one source item had "Private" set to "false" and no source items had "Private" set to "true".
   7:7>ResolveAssemblyReferences:
             This reference is not "CopyLocal" because at least one source item had "Private" set to "false" and no source items had "Private" set to "true".
   5:7>ResolveAssemblyReferences:
             The ImageRuntimeVersion for this reference is "".
         Primary reference "Newtonsoft.Json, Version=13.0.0.0, Culture=neutral, PublicKeyToken=30ad4fe6b2a6aeed".
   7:7>ResolveAssemblyReferences:
             The ImageRuntimeVersion for this reference is "".
   5:7>ResolveAssemblyReferences:
             Resolved file path is "/home/baturhan/.nuget/packages/newtonsoft.json/13.0.3/lib/net6.0/Newtonsoft.Json.dll".
             Reference found at search path location "{HintPathFromItem}".
             This reference is not "CopyLocal" because at least one source item had "Private" set to "false" and no source items had "Private" set to "true".
   7:7>ResolveAssemblyReferences:
         Primary reference "System.Diagnostics.FileVersionInfo, Version=8.0.0.0, Culture=neutral, PublicKeyToken=b03f5f7f11d50a3a".
   5:7>ResolveAssemblyReferences:
             The ImageRuntimeVersion for this reference is "".
         Primary reference "Npgsql, Version=8.0.6.0, Culture=neutral, PublicKeyToken=5d8b90d52f46fda7".
             Resolved file path is "/home/baturhan/.nuget/packages/npgsql/8.0.6/lib/net8.0/Npgsql.dll".
   7:7>ResolveAssemblyReferences:
             Resolved file path is "/usr/lib64/dotnet/packs/Microsoft.NETCore.App.Ref/8.0.22/ref/net8.0/System.Diagnostics.FileVersionInfo.dll".
   5:7>ResolveAssemblyReferences:
             Reference found at search path location "{HintPathFromItem}".
             This reference is not "CopyLocal" because at least one source item had "Private" set to "false" and no source items had "Private" set to "true".
   7:7>ResolveAssemblyReferences:
             Reference found at search path location "{RawFileName}".
   5:7>ResolveAssemblyReferences:
             The ImageRuntimeVersion for this reference is "".
         Primary reference "Npgsql.EntityFrameworkCore.PostgreSQL, Version=8.0.11.0, Culture=neutral, PublicKeyToken=5d8b90d52f46fda7".
   7:7>ResolveAssemblyReferences:
             This reference is not "CopyLocal" because at least one source item had "Private" set to "false" and no source items had "Private" set to "true".
   5:7>ResolveAssemblyReferences:
             Resolved file path is "/home/baturhan/.nuget/packages/npgsql.entityframeworkcore.postgresql/8.0.11/lib/net8.0/Npgsql.EntityFrameworkCore.PostgreSQL.dll".
             Reference found at search path location "{HintPathFromItem}".
             This reference is not "CopyLocal" because at least one source item had "Private" set to "false" and no source items had "Private" set to "true".
   7:7>ResolveAssemblyReferences:
             The ImageRuntimeVersion for this reference is "".
   5:7>ResolveAssemblyReferences:
             The ImageRuntimeVersion for this reference is "".
         Primary reference "Pipelines.Sockets.Unofficial, Version=1.0.0.0, Culture=neutral, PublicKeyToken=42ea0a778e13fbe2".
             Resolved file path is "/home/baturhan/.nuget/packages/pipelines.sockets.unofficial/2.2.8/lib/net5.0/Pipelines.Sockets.Unofficial.dll".
   7:7>ResolveAssemblyReferences:
         Primary reference "System.Diagnostics.Process, Version=8.0.0.0, Culture=neutral, PublicKeyToken=b03f5f7f11d50a3a".
   5:7>ResolveAssemblyReferences:
             Reference found at search path location "{HintPathFromItem}".
             This reference is not "CopyLocal" because at least one source item had "Private" set to "false" and no source items had "Private" set to "true".
             The ImageRuntimeVersion for this reference is "".
   7:7>ResolveAssemblyReferences:
             Resolved file path is "/usr/lib64/dotnet/packs/Microsoft.NETCore.App.Ref/8.0.22/ref/net8.0/System.Diagnostics.Process.dll".
   5:7>ResolveAssemblyReferences:
         Primary reference "Serilog, Version=2.0.0.0, Culture=neutral, PublicKeyToken=24c2f752a8e58a10".
             Resolved file path is "/home/baturhan/.nuget/packages/serilog/3.1.1/lib/net7.0/Serilog.dll".
             Reference found at search path location "{HintPathFromItem}".
   7:7>ResolveAssemblyReferences:
             Reference found at search path location "{RawFileName}".
   5:7>ResolveAssemblyReferences:
             This reference is not "CopyLocal" because at least one source item had "Private" set to "false" and no source items had "Private" set to "true".
             The ImageRuntimeVersion for this reference is "".
         Primary reference "Serilog.AspNetCore, Version=8.0.1.0, Culture=neutral, PublicKeyToken=24c2f752a8e58a10".
   7:7>ResolveAssemblyReferences:
             This reference is not "CopyLocal" because at least one source item had "Private" set to "false" and no source items had "Private" set to "true".
   5:7>ResolveAssemblyReferences:
             Resolved file path is "/home/baturhan/.nuget/packages/serilog.aspnetcore/8.0.1/lib/net8.0/Serilog.AspNetCore.dll".
             Reference found at search path location "{HintPathFromItem}".
   7:7>ResolveAssemblyReferences:
             The ImageRuntimeVersion for this reference is "".
   5:7>ResolveAssemblyReferences:
             This reference is not "CopyLocal" because at least one source item had "Private" set to "false" and no source items had "Private" set to "true".
             The ImageRuntimeVersion for this reference is "".
         Primary reference "Serilog.Extensions.Hosting, Version=7.0.0.0, Culture=neutral, PublicKeyToken=24c2f752a8e58a10".
   7:7>ResolveAssemblyReferences:
         Primary reference "System.Diagnostics.StackTrace, Version=8.0.0.0, Culture=neutral, PublicKeyToken=b03f5f7f11d50a3a".
   5:7>ResolveAssemblyReferences:
             Resolved file path is "/home/baturhan/.nuget/packages/serilog.extensions.hosting/8.0.0/lib/net8.0/Serilog.Extensions.Hosting.dll".
             Reference found at search path location "{HintPathFromItem}".
             This reference is not "CopyLocal" because at least one source item had "Private" set to "false" and no source items had "Private" set to "true".
   7:7>ResolveAssemblyReferences:
             Resolved file path is "/usr/lib64/dotnet/packs/Microsoft.NETCore.App.Ref/8.0.22/ref/net8.0/System.Diagnostics.StackTrace.dll".
   5:7>ResolveAssemblyReferences:
             The ImageRuntimeVersion for this reference is "".
         Primary reference "Serilog.Extensions.Logging, Version=7.0.0.0, Culture=neutral, PublicKeyToken=24c2f752a8e58a10".
   7:7>ResolveAssemblyReferences:
             Reference found at search path location "{RawFileName}".
   5:7>ResolveAssemblyReferences:
             Resolved file path is "/home/baturhan/.nuget/packages/serilog.extensions.logging/8.0.0/lib/net8.0/Serilog.Extensions.Logging.dll".
             Reference found at search path location "{HintPathFromItem}".
             This reference is not "CopyLocal" because at least one source item had "Private" set to "false" and no source items had "Private" set to "true".
   7:7>ResolveAssemblyReferences:
             This reference is not "CopyLocal" because at least one source item had "Private" set to "false" and no source items had "Private" set to "true".
   5:7>ResolveAssemblyReferences:
             The ImageRuntimeVersion for this reference is "".
         Primary reference "Serilog.Formatting.Compact, Version=2.0.0.0, Culture=neutral, PublicKeyToken=24c2f752a8e58a10".
             Resolved file path is "/home/baturhan/.nuget/packages/serilog.formatting.compact/2.0.0/lib/net7.0/Serilog.Formatting.Compact.dll".
   7:7>ResolveAssemblyReferences:
             The ImageRuntimeVersion for this reference is "".
   5:7>ResolveAssemblyReferences:
             Reference found at search path location "{HintPathFromItem}".
             This reference is not "CopyLocal" because at least one source item had "Private" set to "false" and no source items had "Private" set to "true".
             The ImageRuntimeVersion for this reference is "".
   7:7>ResolveAssemblyReferences:
         Primary reference "System.Diagnostics.TextWriterTraceListener, Version=8.0.0.0, Culture=neutral, PublicKeyToken=b03f5f7f11d50a3a".
   5:7>ResolveAssemblyReferences:
         Primary reference "Serilog.Settings.Configuration, Version=8.0.0.0, Culture=neutral, PublicKeyToken=24c2f752a8e58a10".
             Resolved file path is "/home/baturhan/.nuget/packages/serilog.settings.configuration/8.0.0/lib/net8.0/Serilog.Settings.Configuration.dll".
             Reference found at search path location "{HintPathFromItem}".
   7:7>ResolveAssemblyReferences:
             Resolved file path is "/usr/lib64/dotnet/packs/Microsoft.NETCore.App.Ref/8.0.22/ref/net8.0/System.Diagnostics.TextWriterTraceListener.dll".
   5:7>ResolveAssemblyReferences:
             This reference is not "CopyLocal" because at least one source item had "Private" set to "false" and no source items had "Private" set to "true".
             The ImageRuntimeVersion for this reference is "".
         Primary reference "Serilog.Sinks.Console, Version=5.0.1.0, Culture=neutral, PublicKeyToken=24c2f752a8e58a10".
   7:7>ResolveAssemblyReferences:
             Reference found at search path location "{RawFileName}".
   5:7>ResolveAssemblyReferences:
             Resolved file path is "/home/baturhan/.nuget/packages/serilog.sinks.console/5.0.1/lib/net7.0/Serilog.Sinks.Console.dll".
             Reference found at search path location "{HintPathFromItem}".
             This reference is not "CopyLocal" because at least one source item had "Private" set to "false" and no source items had "Private" set to "true".
   7:7>ResolveAssemblyReferences:
             This reference is not "CopyLocal" because at least one source item had "Private" set to "false" and no source items had "Private" set to "true".
   5:7>ResolveAssemblyReferences:
             The ImageRuntimeVersion for this reference is "".
         Primary reference "Serilog.Sinks.Debug, Version=2.0.0.0, Culture=neutral, PublicKeyToken=24c2f752a8e58a10".
             Resolved file path is "/home/baturhan/.nuget/packages/serilog.sinks.debug/2.0.0/lib/netstandard2.1/Serilog.Sinks.Debug.dll".
   7:7>ResolveAssemblyReferences:
             The ImageRuntimeVersion for this reference is "".
   5:7>ResolveAssemblyReferences:
             Reference found at search path location "{HintPathFromItem}".
             This reference is not "CopyLocal" because at least one source item had "Private" set to "false" and no source items had "Private" set to "true".
             The ImageRuntimeVersion for this reference is "".
   7:7>ResolveAssemblyReferences:
         Primary reference "System.Diagnostics.Tools, Version=8.0.0.0, Culture=neutral, PublicKeyToken=b03f5f7f11d50a3a".
   5:7>ResolveAssemblyReferences:
         Primary reference "Serilog.Sinks.File, Version=5.0.0.0, Culture=neutral, PublicKeyToken=24c2f752a8e58a10".
             Resolved file path is "/home/baturhan/.nuget/packages/serilog.sinks.file/5.0.0/lib/net5.0/Serilog.Sinks.File.dll".
             Reference found at search path location "{HintPathFromItem}".
   7:7>ResolveAssemblyReferences:
             Resolved file path is "/usr/lib64/dotnet/packs/Microsoft.NETCore.App.Ref/8.0.22/ref/net8.0/System.Diagnostics.Tools.dll".
   5:7>ResolveAssemblyReferences:
             This reference is not "CopyLocal" because at least one source item had "Private" set to "false" and no source items had "Private" set to "true".
             The ImageRuntimeVersion for this reference is "".
         Primary reference "StackExchange.Redis, Version=2.0.0.0, Culture=neutral, PublicKeyToken=c219ff1ca8c2ce46".
   7:7>ResolveAssemblyReferences:
             Reference found at search path location "{RawFileName}".
   5:7>ResolveAssemblyReferences:
             Resolved file path is "/home/baturhan/.nuget/packages/stackexchange.redis/2.7.27/lib/net6.0/StackExchange.Redis.dll".
             Reference found at search path location "{HintPathFromItem}".
             This reference is not "CopyLocal" because at least one source item had "Private" set to "false" and no source items had "Private" set to "true".
   7:7>ResolveAssemblyReferences:
             This reference is not "CopyLocal" because at least one source item had "Private" set to "false" and no source items had "Private" set to "true".
   5:7>ResolveAssemblyReferences:
             The ImageRuntimeVersion for this reference is "".
         Primary reference "System.IdentityModel.Tokens.Jwt, Version=7.4.0.0, Culture=neutral, PublicKeyToken=31bf3856ad364e35".
             Resolved file path is "/home/baturhan/.nuget/packages/system.identitymodel.tokens.jwt/7.4.0/lib/net8.0/System.IdentityModel.Tokens.Jwt.dll".
   7:7>ResolveAssemblyReferences:
             The ImageRuntimeVersion for this reference is "".
   5:7>ResolveAssemblyReferences:
             Reference found at search path location "{HintPathFromItem}".
             This reference is not "CopyLocal" because at least one source item had "Private" set to "false" and no source items had "Private" set to "true".
             The ImageRuntimeVersion for this reference is "".
   7:7>ResolveAssemblyReferences:
         Primary reference "System.Diagnostics.TraceSource, Version=8.0.0.0, Culture=neutral, PublicKeyToken=b03f5f7f11d50a3a".
   5:7>ResolveAssemblyReferences:
         Primary reference "Microsoft.CSharp, Version=8.0.0.0, Culture=neutral, PublicKeyToken=b03f5f7f11d50a3a".
             Resolved file path is "/usr/lib64/dotnet/packs/Microsoft.NETCore.App.Ref/8.0.22/ref/net8.0/Microsoft.CSharp.dll".
             Reference found at search path location "{RawFileName}".
   7:7>ResolveAssemblyReferences:
             Resolved file path is "/usr/lib64/dotnet/packs/Microsoft.NETCore.App.Ref/8.0.22/ref/net8.0/System.Diagnostics.TraceSource.dll".
   5:7>ResolveAssemblyReferences:
             This reference is not "CopyLocal" because at least one source item had "Private" set to "false" and no source items had "Private" set to "true".
             The ImageRuntimeVersion for this reference is "".
         Primary reference "Microsoft.VisualBasic.Core, Version=13.0.0.0, Culture=neutral, PublicKeyToken=b03f5f7f11d50a3a".
             Resolved file path is "/usr/lib64/dotnet/packs/Microsoft.NETCore.App.Ref/8.0.22/ref/net8.0/Microsoft.VisualBasic.Core.dll".
   7:7>ResolveAssemblyReferences:
             Reference found at search path location "{RawFileName}".
   5:7>ResolveAssemblyReferences:
             Reference found at search path location "{RawFileName}".
             This reference is not "CopyLocal" because at least one source item had "Private" set to "false" and no source items had "Private" set to "true".
             The ImageRuntimeVersion for this reference is "".
   7:7>ResolveAssemblyReferences:
             This reference is not "CopyLocal" because at least one source item had "Private" set to "false" and no source items had "Private" set to "true".
   5:7>ResolveAssemblyReferences:
         Primary reference "Microsoft.VisualBasic, Version=10.0.0.0, Culture=neutral, PublicKeyToken=b03f5f7f11d50a3a".
             Resolved file path is "/usr/lib64/dotnet/packs/Microsoft.NETCore.App.Ref/8.0.22/ref/net8.0/Microsoft.VisualBasic.dll".
             Reference found at search path location "{RawFileName}".
   7:7>ResolveAssemblyReferences:
             The ImageRuntimeVersion for this reference is "".
   5:7>ResolveAssemblyReferences:
             This reference is not "CopyLocal" because at least one source item had "Private" set to "false" and no source items had "Private" set to "true".
             The ImageRuntimeVersion for this reference is "".
         Primary reference "Microsoft.Win32.Primitives, Version=8.0.0.0, Culture=neutral, PublicKeyToken=b03f5f7f11d50a3a".
   7:7>ResolveAssemblyReferences:
         Primary reference "System.Diagnostics.Tracing, Version=8.0.0.0, Culture=neutral, PublicKeyToken=b03f5f7f11d50a3a".
   5:7>ResolveAssemblyReferences:
             Resolved file path is "/usr/lib64/dotnet/packs/Microsoft.NETCore.App.Ref/8.0.22/ref/net8.0/Microsoft.Win32.Primitives.dll".
             Reference found at search path location "{RawFileName}".
             This reference is not "CopyLocal" because at least one source item had "Private" set to "false" and no source items had "Private" set to "true".
   7:7>ResolveAssemblyReferences:
             Resolved file path is "/usr/lib64/dotnet/packs/Microsoft.NETCore.App.Ref/8.0.22/ref/net8.0/System.Diagnostics.Tracing.dll".
   5:7>ResolveAssemblyReferences:
             The ImageRuntimeVersion for this reference is "".
         Primary reference "Microsoft.Win32.Registry, Version=8.0.0.0, Culture=neutral, PublicKeyToken=b03f5f7f11d50a3a".
             Resolved file path is "/usr/lib64/dotnet/packs/Microsoft.NETCore.App.Ref/8.0.22/ref/net8.0/Microsoft.Win32.Registry.dll".
   7:7>ResolveAssemblyReferences:
             Reference found at search path location "{RawFileName}".
   5:7>ResolveAssemblyReferences:
             Reference found at search path location "{RawFileName}".
             This reference is not "CopyLocal" because at least one source item had "Private" set to "false" and no source items had "Private" set to "true".
             The ImageRuntimeVersion for this reference is "".
   7:7>ResolveAssemblyReferences:
             This reference is not "CopyLocal" because at least one source item had "Private" set to "false" and no source items had "Private" set to "true".
   5:7>ResolveAssemblyReferences:
         Primary reference "System.AppContext, Version=8.0.0.0, Culture=neutral, PublicKeyToken=b03f5f7f11d50a3a".
             Resolved file path is "/usr/lib64/dotnet/packs/Microsoft.NETCore.App.Ref/8.0.22/ref/net8.0/System.AppContext.dll".
             Reference found at search path location "{RawFileName}".
   7:7>ResolveAssemblyReferences:
             The ImageRuntimeVersion for this reference is "".
   5:7>ResolveAssemblyReferences:
             This reference is not "CopyLocal" because at least one source item had "Private" set to "false" and no source items had "Private" set to "true".
             The ImageRuntimeVersion for this reference is "".
         Primary reference "System.Buffers, Version=8.0.0.0, Culture=neutral, PublicKeyToken=cc7b13ffcd2ddd51".
   7:7>ResolveAssemblyReferences:
         Primary reference "System.Drawing.Primitives, Version=8.0.0.0, Culture=neutral, PublicKeyToken=b03f5f7f11d50a3a".
   5:7>ResolveAssemblyReferences:
             Resolved file path is "/usr/lib64/dotnet/packs/Microsoft.NETCore.App.Ref/8.0.22/ref/net8.0/System.Buffers.dll".
             Reference found at search path location "{RawFileName}".
             This reference is not "CopyLocal" because at least one source item had "Private" set to "false" and no source items had "Private" set to "true".
   7:7>ResolveAssemblyReferences:
             Resolved file path is "/usr/lib64/dotnet/packs/Microsoft.NETCore.App.Ref/8.0.22/ref/net8.0/System.Drawing.Primitives.dll".
   5:7>ResolveAssemblyReferences:
             The ImageRuntimeVersion for this reference is "".
         Primary reference "System.Collections.Concurrent, Version=8.0.0.0, Culture=neutral, PublicKeyToken=b03f5f7f11d50a3a".
             Resolved file path is "/usr/lib64/dotnet/packs/Microsoft.NETCore.App.Ref/8.0.22/ref/net8.0/System.Collections.Concurrent.dll".
   7:7>ResolveAssemblyReferences:
             Reference found at search path location "{RawFileName}".
   5:7>ResolveAssemblyReferences:
             Reference found at search path location "{RawFileName}".
             This reference is not "CopyLocal" because at least one source item had "Private" set to "false" and no source items had "Private" set to "true".
             The ImageRuntimeVersion for this reference is "".
   7:7>ResolveAssemblyReferences:
             This reference is not "CopyLocal" because at least one source item had "Private" set to "false" and no source items had "Private" set to "true".
   5:7>ResolveAssemblyReferences:
         Primary reference "System.Collections.Immutable, Version=8.0.0.0, Culture=neutral, PublicKeyToken=b03f5f7f11d50a3a".
             Resolved file path is "/usr/lib64/dotnet/packs/Microsoft.NETCore.App.Ref/8.0.22/ref/net8.0/System.Collections.Immutable.dll".
   7:7>ResolveAssemblyReferences:
             The ImageRuntimeVersion for this reference is "".
   5:7>ResolveAssemblyReferences:
             Reference found at search path location "{RawFileName}".
             This reference is not "CopyLocal" because at least one source item had "Private" set to "false" and no source items had "Private" set to "true".
             The ImageRuntimeVersion for this reference is "".
         Primary reference "System.Collections.NonGeneric, Version=8.0.0.0, Culture=neutral, PublicKeyToken=b03f5f7f11d50a3a".
   7:7>ResolveAssemblyReferences:
         Primary reference "System.Drawing, Version=4.0.0.0, Culture=neutral, PublicKeyToken=b03f5f7f11d50a3a".
   5:7>ResolveAssemblyReferences:
             Resolved file path is "/usr/lib64/dotnet/packs/Microsoft.NETCore.App.Ref/8.0.22/ref/net8.0/System.Collections.NonGeneric.dll".
             Reference found at search path location "{RawFileName}".
   7:7>ResolveAssemblyReferences:
             Resolved file path is "/usr/lib64/dotnet/packs/Microsoft.NETCore.App.Ref/8.0.22/ref/net8.0/System.Drawing.dll".
   5:7>ResolveAssemblyReferences:
             This reference is not "CopyLocal" because at least one source item had "Private" set to "false" and no source items had "Private" set to "true".
             The ImageRuntimeVersion for this reference is "".
         Primary reference "System.Collections.Specialized, Version=8.0.0.0, Culture=neutral, PublicKeyToken=b03f5f7f11d50a3a".
   7:7>ResolveAssemblyReferences:
             Reference found at search path location "{RawFileName}".
   5:7>ResolveAssemblyReferences:
             Resolved file path is "/usr/lib64/dotnet/packs/Microsoft.NETCore.App.Ref/8.0.22/ref/net8.0/System.Collections.Specialized.dll".
             Reference found at search path location "{RawFileName}".
   7:7>ResolveAssemblyReferences:
             This reference is not "CopyLocal" because at least one source item had "Private" set to "false" and no source items had "Private" set to "true".
   5:7>ResolveAssemblyReferences:
             This reference is not "CopyLocal" because at least one source item had "Private" set to "false" and no source items had "Private" set to "true".
             The ImageRuntimeVersion for this reference is "".
         Primary reference "System.Collections, Version=8.0.0.0, Culture=neutral, PublicKeyToken=b03f5f7f11d50a3a".
   7:7>ResolveAssemblyReferences:
             The ImageRuntimeVersion for this reference is "".
   5:7>ResolveAssemblyReferences:
             Resolved file path is "/usr/lib64/dotnet/packs/Microsoft.NETCore.App.Ref/8.0.22/ref/net8.0/System.Collections.dll".
             Reference found at search path location "{RawFileName}".
             This reference is not "CopyLocal" because at least one source item had "Private" set to "false" and no source items had "Private" set to "true".
   7:7>ResolveAssemblyReferences:
         Primary reference "System.Dynamic.Runtime, Version=8.0.0.0, Culture=neutral, PublicKeyToken=b03f5f7f11d50a3a".
   5:7>ResolveAssemblyReferences:
             The ImageRuntimeVersion for this reference is "".
         Primary reference "System.ComponentModel.Annotations, Version=8.0.0.0, Culture=neutral, PublicKeyToken=b03f5f7f11d50a3a".
             Resolved file path is "/usr/lib64/dotnet/packs/Microsoft.NETCore.App.Ref/8.0.22/ref/net8.0/System.ComponentModel.Annotations.dll".
             Reference found at search path location "{RawFileName}".
   7:7>ResolveAssemblyReferences:
             Resolved file path is "/usr/lib64/dotnet/packs/Microsoft.NETCore.App.Ref/8.0.22/ref/net8.0/System.Dynamic.Runtime.dll".
   5:7>ResolveAssemblyReferences:
             This reference is not "CopyLocal" because at least one source item had "Private" set to "false" and no source items had "Private" set to "true".
             The ImageRuntimeVersion for this reference is "".
         Primary reference "System.ComponentModel.DataAnnotations, Version=4.0.0.0, Culture=neutral, PublicKeyToken=31bf3856ad364e35".
   7:7>ResolveAssemblyReferences:
             Reference found at search path location "{RawFileName}".
   5:7>ResolveAssemblyReferences:
             Resolved file path is "/usr/lib64/dotnet/packs/Microsoft.NETCore.App.Ref/8.0.22/ref/net8.0/System.ComponentModel.DataAnnotations.dll".
             Reference found at search path location "{RawFileName}".
   7:7>ResolveAssemblyReferences:
             This reference is not "CopyLocal" because at least one source item had "Private" set to "false" and no source items had "Private" set to "true".
   5:7>ResolveAssemblyReferences:
             This reference is not "CopyLocal" because at least one source item had "Private" set to "false" and no source items had "Private" set to "true".
             The ImageRuntimeVersion for this reference is "".
         Primary reference "System.ComponentModel.EventBasedAsync, Version=8.0.0.0, Culture=neutral, PublicKeyToken=b03f5f7f11d50a3a".
   7:7>ResolveAssemblyReferences:
             The ImageRuntimeVersion for this reference is "".
   5:7>ResolveAssemblyReferences:
             Resolved file path is "/usr/lib64/dotnet/packs/Microsoft.NETCore.App.Ref/8.0.22/ref/net8.0/System.ComponentModel.EventBasedAsync.dll".
             Reference found at search path location "{RawFileName}".
             This reference is not "CopyLocal" because at least one source item had "Private" set to "false" and no source items had "Private" set to "true".
   7:7>ResolveAssemblyReferences:
         Primary reference "System.Formats.Asn1, Version=8.0.0.0, Culture=neutral, PublicKeyToken=cc7b13ffcd2ddd51".
   5:7>ResolveAssemblyReferences:
             The ImageRuntimeVersion for this reference is "".
         Primary reference "System.ComponentModel.Primitives, Version=8.0.0.0, Culture=neutral, PublicKeyToken=b03f5f7f11d50a3a".
             Resolved file path is "/usr/lib64/dotnet/packs/Microsoft.NETCore.App.Ref/8.0.22/ref/net8.0/System.ComponentModel.Primitives.dll".
   7:7>ResolveAssemblyReferences:
             Resolved file path is "/usr/lib64/dotnet/packs/Microsoft.NETCore.App.Ref/8.0.22/ref/net8.0/System.Formats.Asn1.dll".
   5:7>ResolveAssemblyReferences:
             Reference found at search path location "{RawFileName}".
             This reference is not "CopyLocal" because at least one source item had "Private" set to "false" and no source items had "Private" set to "true".
             The ImageRuntimeVersion for this reference is "".
   7:7>ResolveAssemblyReferences:
             Reference found at search path location "{RawFileName}".
   5:7>ResolveAssemblyReferences:
         Primary reference "System.ComponentModel.TypeConverter, Version=8.0.0.0, Culture=neutral, PublicKeyToken=b03f5f7f11d50a3a".
             Resolved file path is "/usr/lib64/dotnet/packs/Microsoft.NETCore.App.Ref/8.0.22/ref/net8.0/System.ComponentModel.TypeConverter.dll".
             Reference found at search path location "{RawFileName}".
   7:7>ResolveAssemblyReferences:
             This reference is not "CopyLocal" because at least one source item had "Private" set to "false" and no source items had "Private" set to "true".
   5:7>ResolveAssemblyReferences:
             This reference is not "CopyLocal" because at least one source item had "Private" set to "false" and no source items had "Private" set to "true".
             The ImageRuntimeVersion for this reference is "".
         Primary reference "System.ComponentModel, Version=8.0.0.0, Culture=neutral, PublicKeyToken=b03f5f7f11d50a3a".
   7:7>ResolveAssemblyReferences:
             The ImageRuntimeVersion for this reference is "".
   5:7>ResolveAssemblyReferences:
             Resolved file path is "/usr/lib64/dotnet/packs/Microsoft.NETCore.App.Ref/8.0.22/ref/net8.0/System.ComponentModel.dll".
             Reference found at search path location "{RawFileName}".
             This reference is not "CopyLocal" because at least one source item had "Private" set to "false" and no source items had "Private" set to "true".
   7:7>ResolveAssemblyReferences:
         Primary reference "System.Formats.Tar, Version=8.0.0.0, Culture=neutral, PublicKeyToken=cc7b13ffcd2ddd51".
   5:7>ResolveAssemblyReferences:
             The ImageRuntimeVersion for this reference is "".
         Primary reference "System.Configuration, Version=4.0.0.0, Culture=neutral, PublicKeyToken=b03f5f7f11d50a3a".
             Resolved file path is "/usr/lib64/dotnet/packs/Microsoft.NETCore.App.Ref/8.0.22/ref/net8.0/System.Configuration.dll".
   7:7>ResolveAssemblyReferences:
             Resolved file path is "/usr/lib64/dotnet/packs/Microsoft.NETCore.App.Ref/8.0.22/ref/net8.0/System.Formats.Tar.dll".
   5:7>ResolveAssemblyReferences:
             Reference found at search path location "{RawFileName}".
             This reference is not "CopyLocal" because at least one source item had "Private" set to "false" and no source items had "Private" set to "true".
   7:7>ResolveAssemblyReferences:
             Reference found at search path location "{RawFileName}".
   5:7>ResolveAssemblyReferences:
             The ImageRuntimeVersion for this reference is "".
         Primary reference "System.Console, Version=8.0.0.0, Culture=neutral, PublicKeyToken=b03f5f7f11d50a3a".
             Resolved file path is "/usr/lib64/dotnet/packs/Microsoft.NETCore.App.Ref/8.0.22/ref/net8.0/System.Console.dll".
   7:7>ResolveAssemblyReferences:
             This reference is not "CopyLocal" because at least one source item had "Private" set to "false" and no source items had "Private" set to "true".
   5:7>ResolveAssemblyReferences:
             Reference found at search path location "{RawFileName}".
             This reference is not "CopyLocal" because at least one source item had "Private" set to "false" and no source items had "Private" set to "true".
   7:7>ResolveAssemblyReferences:
             The ImageRuntimeVersion for this reference is "".
   5:7>ResolveAssemblyReferences:
             The ImageRuntimeVersion for this reference is "".
         Primary reference "System.Core, Version=4.0.0.0, Culture=neutral, PublicKeyToken=b77a5c561934e089".
             Resolved file path is "/usr/lib64/dotnet/packs/Microsoft.NETCore.App.Ref/8.0.22/ref/net8.0/System.Core.dll".
   7:7>ResolveAssemblyReferences:
         Primary reference "System.Globalization.Calendars, Version=8.0.0.0, Culture=neutral, PublicKeyToken=b03f5f7f11d50a3a".
   5:7>ResolveAssemblyReferences:
             Reference found at search path location "{RawFileName}".
             This reference is not "CopyLocal" because at least one source item had "Private" set to "false" and no source items had "Private" set to "true".
             The ImageRuntimeVersion for this reference is "".
   7:7>ResolveAssemblyReferences:
             Resolved file path is "/usr/lib64/dotnet/packs/Microsoft.NETCore.App.Ref/8.0.22/ref/net8.0/System.Globalization.Calendars.dll".
   5:7>ResolveAssemblyReferences:
         Primary reference "System.Data.Common, Version=8.0.0.0, Culture=neutral, PublicKeyToken=b03f5f7f11d50a3a".
             Resolved file path is "/usr/lib64/dotnet/packs/Microsoft.NETCore.App.Ref/8.0.22/ref/net8.0/System.Data.Common.dll".
             Reference found at search path location "{RawFileName}".
   7:7>ResolveAssemblyReferences:
             Reference found at search path location "{RawFileName}".
   5:7>ResolveAssemblyReferences:
             This reference is not "CopyLocal" because at least one source item had "Private" set to "false" and no source items had "Private" set to "true".
             The ImageRuntimeVersion for this reference is "".
         Primary reference "System.Data.DataSetExtensions, Version=8.0.0.0, Culture=neutral, PublicKeyToken=b77a5c561934e089".
   7:7>ResolveAssemblyReferences:
             This reference is not "CopyLocal" because at least one source item had "Private" set to "false" and no source items had "Private" set to "true".
   5:7>ResolveAssemblyReferences:
             Resolved file path is "/usr/lib64/dotnet/packs/Microsoft.NETCore.App.Ref/8.0.22/ref/net8.0/System.Data.DataSetExtensions.dll".
             Reference found at search path location "{RawFileName}".
             This reference is not "CopyLocal" because at least one source item had "Private" set to "false" and no source items had "Private" set to "true".
   7:7>ResolveAssemblyReferences:
             The ImageRuntimeVersion for this reference is "".
   5:7>ResolveAssemblyReferences:
             The ImageRuntimeVersion for this reference is "".
         Primary reference "System.Data, Version=4.0.0.0, Culture=neutral, PublicKeyToken=b77a5c561934e089".
   7:7>ResolveAssemblyReferences:
         Primary reference "System.Globalization.Extensions, Version=8.0.0.0, Culture=neutral, PublicKeyToken=b03f5f7f11d50a3a".
   5:7>ResolveAssemblyReferences:
             Resolved file path is "/usr/lib64/dotnet/packs/Microsoft.NETCore.App.Ref/8.0.22/ref/net8.0/System.Data.dll".
             Reference found at search path location "{RawFileName}".
             This reference is not "CopyLocal" because at least one source item had "Private" set to "false" and no source items had "Private" set to "true".
             The ImageRuntimeVersion for this reference is "".
   7:7>ResolveAssemblyReferences:
             Resolved file path is "/usr/lib64/dotnet/packs/Microsoft.NETCore.App.Ref/8.0.22/ref/net8.0/System.Globalization.Extensions.dll".
   5:7>ResolveAssemblyReferences:
         Primary reference "System.Diagnostics.Contracts, Version=8.0.0.0, Culture=neutral, PublicKeyToken=b03f5f7f11d50a3a".
             Resolved file path is "/usr/lib64/dotnet/packs/Microsoft.NETCore.App.Ref/8.0.22/ref/net8.0/System.Diagnostics.Contracts.dll".
             Reference found at search path location "{RawFileName}".
   7:7>ResolveAssemblyReferences:
             Reference found at search path location "{RawFileName}".
   5:7>ResolveAssemblyReferences:
             This reference is not "CopyLocal" because at least one source item had "Private" set to "false" and no source items had "Private" set to "true".
             The ImageRuntimeVersion for this reference is "".
         Primary reference "System.Diagnostics.Debug, Version=8.0.0.0, Culture=neutral, PublicKeyToken=b03f5f7f11d50a3a".
   7:7>ResolveAssemblyReferences:
             This reference is not "CopyLocal" because at least one source item had "Private" set to "false" and no source items had "Private" set to "true".
   5:7>ResolveAssemblyReferences:
             Resolved file path is "/usr/lib64/dotnet/packs/Microsoft.NETCore.App.Ref/8.0.22/ref/net8.0/System.Diagnostics.Debug.dll".
             Reference found at search path location "{RawFileName}".
   7:7>ResolveAssemblyReferences:
             The ImageRuntimeVersion for this reference is "".
   5:7>ResolveAssemblyReferences:
             This reference is not "CopyLocal" because at least one source item had "Private" set to "false" and no source items had "Private" set to "true".
             The ImageRuntimeVersion for this reference is "".
         Primary reference "System.Diagnostics.DiagnosticSource, Version=8.0.0.0, Culture=neutral, PublicKeyToken=cc7b13ffcd2ddd51".
             Resolved file path is "/usr/lib64/dotnet/packs/Microsoft.NETCore.App.Ref/8.0.22/ref/net8.0/System.Diagnostics.DiagnosticSource.dll".
   7:7>ResolveAssemblyReferences:
         Primary reference "System.Globalization, Version=8.0.0.0, Culture=neutral, PublicKeyToken=b03f5f7f11d50a3a".
   5:7>ResolveAssemblyReferences:
             Reference found at search path location "{RawFileName}".
             This reference is not "CopyLocal" because at least one source item had "Private" set to "false" and no source items had "Private" set to "true".
             The ImageRuntimeVersion for this reference is "".
   7:7>ResolveAssemblyReferences:
             Resolved file path is "/usr/lib64/dotnet/packs/Microsoft.NETCore.App.Ref/8.0.22/ref/net8.0/System.Globalization.dll".
   5:7>ResolveAssemblyReferences:
         Primary reference "System.Diagnostics.FileVersionInfo, Version=8.0.0.0, Culture=neutral, PublicKeyToken=b03f5f7f11d50a3a".
             Resolved file path is "/usr/lib64/dotnet/packs/Microsoft.NETCore.App.Ref/8.0.22/ref/net8.0/System.Diagnostics.FileVersionInfo.dll".
   7:7>ResolveAssemblyReferences:
             Reference found at search path location "{RawFileName}".
   5:7>ResolveAssemblyReferences:
             Reference found at search path location "{RawFileName}".
             This reference is not "CopyLocal" because at least one source item had "Private" set to "false" and no source items had "Private" set to "true".
             The ImageRuntimeVersion for this reference is "".
         Primary reference "System.Diagnostics.Process, Version=8.0.0.0, Culture=neutral, PublicKeyToken=b03f5f7f11d50a3a".
   7:7>ResolveAssemblyReferences:
             This reference is not "CopyLocal" because at least one source item had "Private" set to "false" and no source items had "Private" set to "true".
   5:7>ResolveAssemblyReferences:
             Resolved file path is "/usr/lib64/dotnet/packs/Microsoft.NETCore.App.Ref/8.0.22/ref/net8.0/System.Diagnostics.Process.dll".
             Reference found at search path location "{RawFileName}".
   7:7>ResolveAssemblyReferences:
             The ImageRuntimeVersion for this reference is "".
   5:7>ResolveAssemblyReferences:
             This reference is not "CopyLocal" because at least one source item had "Private" set to "false" and no source items had "Private" set to "true".
             The ImageRuntimeVersion for this reference is "".
         Primary reference "System.Diagnostics.StackTrace, Version=8.0.0.0, Culture=neutral, PublicKeyToken=b03f5f7f11d50a3a".
   7:7>ResolveAssemblyReferences:
         Primary reference "System.IO.Compression.Brotli, Version=8.0.0.0, Culture=neutral, PublicKeyToken=b77a5c561934e089".
   5:7>ResolveAssemblyReferences:
             Resolved file path is "/usr/lib64/dotnet/packs/Microsoft.NETCore.App.Ref/8.0.22/ref/net8.0/System.Diagnostics.StackTrace.dll".
             Reference found at search path location "{RawFileName}".
             This reference is not "CopyLocal" because at least one source item had "Private" set to "false" and no source items had "Private" set to "true".
   7:7>ResolveAssemblyReferences:
             Resolved file path is "/usr/lib64/dotnet/packs/Microsoft.NETCore.App.Ref/8.0.22/ref/net8.0/System.IO.Compression.Brotli.dll".
   5:7>ResolveAssemblyReferences:
             The ImageRuntimeVersion for this reference is "".
         Primary reference "System.Diagnostics.TextWriterTraceListener, Version=8.0.0.0, Culture=neutral, PublicKeyToken=b03f5f7f11d50a3a".
             Resolved file path is "/usr/lib64/dotnet/packs/Microsoft.NETCore.App.Ref/8.0.22/ref/net8.0/System.Diagnostics.TextWriterTraceListener.dll".
   7:7>ResolveAssemblyReferences:
             Reference found at search path location "{RawFileName}".
   5:7>ResolveAssemblyReferences:
             Reference found at search path location "{RawFileName}".
             This reference is not "CopyLocal" because at least one source item had "Private" set to "false" and no source items had "Private" set to "true".
             The ImageRuntimeVersion for this reference is "".
   7:7>ResolveAssemblyReferences:
             This reference is not "CopyLocal" because at least one source item had "Private" set to "false" and no source items had "Private" set to "true".
   5:7>ResolveAssemblyReferences:
         Primary reference "System.Diagnostics.Tools, Version=8.0.0.0, Culture=neutral, PublicKeyToken=b03f5f7f11d50a3a".
             Resolved file path is "/usr/lib64/dotnet/packs/Microsoft.NETCore.App.Ref/8.0.22/ref/net8.0/System.Diagnostics.Tools.dll".
             Reference found at search path location "{RawFileName}".
   7:7>ResolveAssemblyReferences:
             The ImageRuntimeVersion for this reference is "".
   5:7>ResolveAssemblyReferences:
             This reference is not "CopyLocal" because at least one source item had "Private" set to "false" and no source items had "Private" set to "true".
             The ImageRuntimeVersion for this reference is "".
         Primary reference "System.Diagnostics.TraceSource, Version=8.0.0.0, Culture=neutral, PublicKeyToken=b03f5f7f11d50a3a".
             Resolved file path is "/usr/lib64/dotnet/packs/Microsoft.NETCore.App.Ref/8.0.22/ref/net8.0/System.Diagnostics.TraceSource.dll".
   7:7>ResolveAssemblyReferences:
         Primary reference "System.IO.Compression.FileSystem, Version=4.0.0.0, Culture=neutral, PublicKeyToken=b77a5c561934e089".
   5:7>ResolveAssemblyReferences:
             Reference found at search path location "{RawFileName}".
             This reference is not "CopyLocal" because at least one source item had "Private" set to "false" and no source items had "Private" set to "true".
             The ImageRuntimeVersion for this reference is "".
   7:7>ResolveAssemblyReferences:
             Resolved file path is "/usr/lib64/dotnet/packs/Microsoft.NETCore.App.Ref/8.0.22/ref/net8.0/System.IO.Compression.FileSystem.dll".
   5:7>ResolveAssemblyReferences:
         Primary reference "System.Diagnostics.Tracing, Version=8.0.0.0, Culture=neutral, PublicKeyToken=b03f5f7f11d50a3a".
             Resolved file path is "/usr/lib64/dotnet/packs/Microsoft.NETCore.App.Ref/8.0.22/ref/net8.0/System.Diagnostics.Tracing.dll".
   7:7>ResolveAssemblyReferences:
             Reference found at search path location "{RawFileName}".
   5:7>ResolveAssemblyReferences:
             Reference found at search path location "{RawFileName}".
             This reference is not "CopyLocal" because at least one source item had "Private" set to "false" and no source items had "Private" set to "true".
             The ImageRuntimeVersion for this reference is "".
   7:7>ResolveAssemblyReferences:
             This reference is not "CopyLocal" because at least one source item had "Private" set to "false" and no source items had "Private" set to "true".
   5:7>ResolveAssemblyReferences:
         Primary reference "System.Drawing.Primitives, Version=8.0.0.0, Culture=neutral, PublicKeyToken=b03f5f7f11d50a3a".
             Resolved file path is "/usr/lib64/dotnet/packs/Microsoft.NETCore.App.Ref/8.0.22/ref/net8.0/System.Drawing.Primitives.dll".
             Reference found at search path location "{RawFileName}".
   7:7>ResolveAssemblyReferences:
             The ImageRuntimeVersion for this reference is "".
   5:7>ResolveAssemblyReferences:
             This reference is not "CopyLocal" because at least one source item had "Private" set to "false" and no source items had "Private" set to "true".
             The ImageRuntimeVersion for this reference is "".
         Primary reference "System.Drawing, Version=4.0.0.0, Culture=neutral, PublicKeyToken=b03f5f7f11d50a3a".
   7:7>ResolveAssemblyReferences:
         Primary reference "System.IO.Compression.ZipFile, Version=8.0.0.0, Culture=neutral, PublicKeyToken=b77a5c561934e089".
   5:7>ResolveAssemblyReferences:
             Resolved file path is "/usr/lib64/dotnet/packs/Microsoft.NETCore.App.Ref/8.0.22/ref/net8.0/System.Drawing.dll".
             Reference found at search path location "{RawFileName}".
             This reference is not "CopyLocal" because at least one source item had "Private" set to "false" and no source items had "Private" set to "true".
             The ImageRuntimeVersion for this reference is "".
   7:7>ResolveAssemblyReferences:
             Resolved file path is "/usr/lib64/dotnet/packs/Microsoft.NETCore.App.Ref/8.0.22/ref/net8.0/System.IO.Compression.ZipFile.dll".
   5:7>ResolveAssemblyReferences:
         Primary reference "System.Dynamic.Runtime, Version=8.0.0.0, Culture=neutral, PublicKeyToken=b03f5f7f11d50a3a".
             Resolved file path is "/usr/lib64/dotnet/packs/Microsoft.NETCore.App.Ref/8.0.22/ref/net8.0/System.Dynamic.Runtime.dll".
             Reference found at search path location "{RawFileName}".
   7:7>ResolveAssemblyReferences:
             Reference found at search path location "{RawFileName}".
   5:7>ResolveAssemblyReferences:
             This reference is not "CopyLocal" because at least one source item had "Private" set to "false" and no source items had "Private" set to "true".
             The ImageRuntimeVersion for this reference is "".
         Primary reference "System.Formats.Asn1, Version=8.0.0.0, Culture=neutral, PublicKeyToken=cc7b13ffcd2ddd51".
   7:7>ResolveAssemblyReferences:
             This reference is not "CopyLocal" because at least one source item had "Private" set to "false" and no source items had "Private" set to "true".
   5:7>ResolveAssemblyReferences:
             Resolved file path is "/usr/lib64/dotnet/packs/Microsoft.NETCore.App.Ref/8.0.22/ref/net8.0/System.Formats.Asn1.dll".
             Reference found at search path location "{RawFileName}".
             This reference is not "CopyLocal" because at least one source item had "Private" set to "false" and no source items had "Private" set to "true".
   7:7>ResolveAssemblyReferences:
             The ImageRuntimeVersion for this reference is "".
   5:7>ResolveAssemblyReferences:
             The ImageRuntimeVersion for this reference is "".
         Primary reference "System.Formats.Tar, Version=8.0.0.0, Culture=neutral, PublicKeyToken=cc7b13ffcd2ddd51".
             Resolved file path is "/usr/lib64/dotnet/packs/Microsoft.NETCore.App.Ref/8.0.22/ref/net8.0/System.Formats.Tar.dll".
   7:7>ResolveAssemblyReferences:
         Primary reference "System.IO.Compression, Version=8.0.0.0, Culture=neutral, PublicKeyToken=b77a5c561934e089".
   5:7>ResolveAssemblyReferences:
             Reference found at search path location "{RawFileName}".
             This reference is not "CopyLocal" because at least one source item had "Private" set to "false" and no source items had "Private" set to "true".
             The ImageRuntimeVersion for this reference is "".
   7:7>ResolveAssemblyReferences:
             Resolved file path is "/usr/lib64/dotnet/packs/Microsoft.NETCore.App.Ref/8.0.22/ref/net8.0/System.IO.Compression.dll".
   5:7>ResolveAssemblyReferences:
         Primary reference "System.Globalization.Calendars, Version=8.0.0.0, Culture=neutral, PublicKeyToken=b03f5f7f11d50a3a".
             Resolved file path is "/usr/lib64/dotnet/packs/Microsoft.NETCore.App.Ref/8.0.22/ref/net8.0/System.Globalization.Calendars.dll".
   7:7>ResolveAssemblyReferences:
             Reference found at search path location "{RawFileName}".
   5:7>ResolveAssemblyReferences:
             Reference found at search path location "{RawFileName}".
             This reference is not "CopyLocal" because at least one source item had "Private" set to "false" and no source items had "Private" set to "true".
             The ImageRuntimeVersion for this reference is "".
   7:7>ResolveAssemblyReferences:
             This reference is not "CopyLocal" because at least one source item had "Private" set to "false" and no source items had "Private" set to "true".
   5:7>ResolveAssemblyReferences:
         Primary reference "System.Globalization.Extensions, Version=8.0.0.0, Culture=neutral, PublicKeyToken=b03f5f7f11d50a3a".
             Resolved file path is "/usr/lib64/dotnet/packs/Microsoft.NETCore.App.Ref/8.0.22/ref/net8.0/System.Globalization.Extensions.dll".
             Reference found at search path location "{RawFileName}".
   7:7>ResolveAssemblyReferences:
             The ImageRuntimeVersion for this reference is "".
   5:7>ResolveAssemblyReferences:
             This reference is not "CopyLocal" because at least one source item had "Private" set to "false" and no source items had "Private" set to "true".
             The ImageRuntimeVersion for this reference is "".
         Primary reference "System.Globalization, Version=8.0.0.0, Culture=neutral, PublicKeyToken=b03f5f7f11d50a3a".
   7:7>ResolveAssemblyReferences:
         Primary reference "System.IO.FileSystem.AccessControl, Version=8.0.0.0, Culture=neutral, PublicKeyToken=b03f5f7f11d50a3a".
   5:7>ResolveAssemblyReferences:
             Resolved file path is "/usr/lib64/dotnet/packs/Microsoft.NETCore.App.Ref/8.0.22/ref/net8.0/System.Globalization.dll".
             Reference found at search path location "{RawFileName}".
             This reference is not "CopyLocal" because at least one source item had "Private" set to "false" and no source items had "Private" set to "true".
   7:7>ResolveAssemblyReferences:
             Resolved file path is "/usr/lib64/dotnet/packs/Microsoft.NETCore.App.Ref/8.0.22/ref/net8.0/System.IO.FileSystem.AccessControl.dll".
   5:7>ResolveAssemblyReferences:
             The ImageRuntimeVersion for this reference is "".
         Primary reference "System.IO.Compression.Brotli, Version=8.0.0.0, Culture=neutral, PublicKeyToken=b77a5c561934e089".
             Resolved file path is "/usr/lib64/dotnet/packs/Microsoft.NETCore.App.Ref/8.0.22/ref/net8.0/System.IO.Compression.Brotli.dll".
   7:7>ResolveAssemblyReferences:
             Reference found at search path location "{RawFileName}".
   5:7>ResolveAssemblyReferences:
             Reference found at search path location "{RawFileName}".
             This reference is not "CopyLocal" because at least one source item had "Private" set to "false" and no source items had "Private" set to "true".
             The ImageRuntimeVersion for this reference is "".
   7:7>ResolveAssemblyReferences:
             This reference is not "CopyLocal" because at least one source item had "Private" set to "false" and no source items had "Private" set to "true".
   5:7>ResolveAssemblyReferences:
         Primary reference "System.IO.Compression.FileSystem, Version=4.0.0.0, Culture=neutral, PublicKeyToken=b77a5c561934e089".
             Resolved file path is "/usr/lib64/dotnet/packs/Microsoft.NETCore.App.Ref/8.0.22/ref/net8.0/System.IO.Compression.FileSystem.dll".
             Reference found at search path location "{RawFileName}".
   7:7>ResolveAssemblyReferences:
             The ImageRuntimeVersion for this reference is "".
   5:7>ResolveAssemblyReferences:
             This reference is not "CopyLocal" because at least one source item had "Private" set to "false" and no source items had "Private" set to "true".
             The ImageRuntimeVersion for this reference is "".
         Primary reference "System.IO.Compression.ZipFile, Version=8.0.0.0, Culture=neutral, PublicKeyToken=b77a5c561934e089".
   7:7>ResolveAssemblyReferences:
         Primary reference "System.IO.FileSystem.DriveInfo, Version=8.0.0.0, Culture=neutral, PublicKeyToken=b03f5f7f11d50a3a".
   5:7>ResolveAssemblyReferences:
             Resolved file path is "/usr/lib64/dotnet/packs/Microsoft.NETCore.App.Ref/8.0.22/ref/net8.0/System.IO.Compression.ZipFile.dll".
             Reference found at search path location "{RawFileName}".
             This reference is not "CopyLocal" because at least one source item had "Private" set to "false" and no source items had "Private" set to "true".
   7:7>ResolveAssemblyReferences:
             Resolved file path is "/usr/lib64/dotnet/packs/Microsoft.NETCore.App.Ref/8.0.22/ref/net8.0/System.IO.FileSystem.DriveInfo.dll".
   5:7>ResolveAssemblyReferences:
             The ImageRuntimeVersion for this reference is "".
         Primary reference "System.IO.Compression, Version=8.0.0.0, Culture=neutral, PublicKeyToken=b77a5c561934e089".
   7:7>ResolveAssemblyReferences:
             Reference found at search path location "{RawFileName}".
   5:7>ResolveAssemblyReferences:
             Resolved file path is "/usr/lib64/dotnet/packs/Microsoft.NETCore.App.Ref/8.0.22/ref/net8.0/System.IO.Compression.dll".
             Reference found at search path location "{RawFileName}".
             This reference is not "CopyLocal" because at least one source item had "Private" set to "false" and no source items had "Private" set to "true".
   7:7>ResolveAssemblyReferences:
             This reference is not "CopyLocal" because at least one source item had "Private" set to "false" and no source items had "Private" set to "true".
   5:7>ResolveAssemblyReferences:
             The ImageRuntimeVersion for this reference is "".
         Primary reference "System.IO.FileSystem.AccessControl, Version=8.0.0.0, Culture=neutral, PublicKeyToken=b03f5f7f11d50a3a".
             Resolved file path is "/usr/lib64/dotnet/packs/Microsoft.NETCore.App.Ref/8.0.22/ref/net8.0/System.IO.FileSystem.AccessControl.dll".
   7:7>ResolveAssemblyReferences:
             The ImageRuntimeVersion for this reference is "".
   5:7>ResolveAssemblyReferences:
             Reference found at search path location "{RawFileName}".
             This reference is not "CopyLocal" because at least one source item had "Private" set to "false" and no source items had "Private" set to "true".
             The ImageRuntimeVersion for this reference is "".
   7:7>ResolveAssemblyReferences:
         Primary reference "System.IO.FileSystem.Primitives, Version=8.0.0.0, Culture=neutral, PublicKeyToken=b03f5f7f11d50a3a".
   5:7>ResolveAssemblyReferences:
         Primary reference "System.IO.FileSystem.DriveInfo, Version=8.0.0.0, Culture=neutral, PublicKeyToken=b03f5f7f11d50a3a".
             Resolved file path is "/usr/lib64/dotnet/packs/Microsoft.NETCore.App.Ref/8.0.22/ref/net8.0/System.IO.FileSystem.DriveInfo.dll".
             Reference found at search path location "{RawFileName}".
             This reference is not "CopyLocal" because at least one source item had "Private" set to "false" and no source items had "Private" set to "true".
   7:7>ResolveAssemblyReferences:
             Resolved file path is "/usr/lib64/dotnet/packs/Microsoft.NETCore.App.Ref/8.0.22/ref/net8.0/System.IO.FileSystem.Primitives.dll".
   5:7>ResolveAssemblyReferences:
             The ImageRuntimeVersion for this reference is "".
         Primary reference "System.IO.FileSystem.Primitives, Version=8.0.0.0, Culture=neutral, PublicKeyToken=b03f5f7f11d50a3a".
             Resolved file path is "/usr/lib64/dotnet/packs/Microsoft.NETCore.App.Ref/8.0.22/ref/net8.0/System.IO.FileSystem.Primitives.dll".
   7:7>ResolveAssemblyReferences:
             Reference found at search path location "{RawFileName}".
   5:7>ResolveAssemblyReferences:
             Reference found at search path location "{RawFileName}".
             This reference is not "CopyLocal" because at least one source item had "Private" set to "false" and no source items had "Private" set to "true".
             The ImageRuntimeVersion for this reference is "".
   7:7>ResolveAssemblyReferences:
             This reference is not "CopyLocal" because at least one source item had "Private" set to "false" and no source items had "Private" set to "true".
   5:7>ResolveAssemblyReferences:
         Primary reference "System.IO.FileSystem.Watcher, Version=8.0.0.0, Culture=neutral, PublicKeyToken=b03f5f7f11d50a3a".
             Resolved file path is "/usr/lib64/dotnet/packs/Microsoft.NETCore.App.Ref/8.0.22/ref/net8.0/System.IO.FileSystem.Watcher.dll".
   7:7>ResolveAssemblyReferences:
             The ImageRuntimeVersion for this reference is "".
   5:7>ResolveAssemblyReferences:
             Reference found at search path location "{RawFileName}".
             This reference is not "CopyLocal" because at least one source item had "Private" set to "false" and no source items had "Private" set to "true".
             The ImageRuntimeVersion for this reference is "".
   7:7>ResolveAssemblyReferences:
         Primary reference "System.IO.FileSystem.Watcher, Version=8.0.0.0, Culture=neutral, PublicKeyToken=b03f5f7f11d50a3a".
   5:7>ResolveAssemblyReferences:
         Primary reference "System.IO.FileSystem, Version=8.0.0.0, Culture=neutral, PublicKeyToken=b03f5f7f11d50a3a".
             Resolved file path is "/usr/lib64/dotnet/packs/Microsoft.NETCore.App.Ref/8.0.22/ref/net8.0/System.IO.FileSystem.dll".
             Reference found at search path location "{RawFileName}".
   7:7>ResolveAssemblyReferences:
             Resolved file path is "/usr/lib64/dotnet/packs/Microsoft.NETCore.App.Ref/8.0.22/ref/net8.0/System.IO.FileSystem.Watcher.dll".
   5:7>ResolveAssemblyReferences:
             This reference is not "CopyLocal" because at least one source item had "Private" set to "false" and no source items had "Private" set to "true".
             The ImageRuntimeVersion for this reference is "".
         Primary reference "System.IO.IsolatedStorage, Version=8.0.0.0, Culture=neutral, PublicKeyToken=b03f5f7f11d50a3a".
   7:7>ResolveAssemblyReferences:
             Reference found at search path location "{RawFileName}".
   5:7>ResolveAssemblyReferences:
             Resolved file path is "/usr/lib64/dotnet/packs/Microsoft.NETCore.App.Ref/8.0.22/ref/net8.0/System.IO.IsolatedStorage.dll".
             Reference found at search path location "{RawFileName}".
             This reference is not "CopyLocal" because at least one source item had "Private" set to "false" and no source items had "Private" set to "true".
   7:7>ResolveAssemblyReferences:
             This reference is not "CopyLocal" because at least one source item had "Private" set to "false" and no source items had "Private" set to "true".
   5:7>ResolveAssemblyReferences:
             The ImageRuntimeVersion for this reference is "".
         Primary reference "System.IO.MemoryMappedFiles, Version=8.0.0.0, Culture=neutral, PublicKeyToken=b03f5f7f11d50a3a".
             Resolved file path is "/usr/lib64/dotnet/packs/Microsoft.NETCore.App.Ref/8.0.22/ref/net8.0/System.IO.MemoryMappedFiles.dll".
   7:7>ResolveAssemblyReferences:
             The ImageRuntimeVersion for this reference is "".
   5:7>ResolveAssemblyReferences:
             Reference found at search path location "{RawFileName}".
             This reference is not "CopyLocal" because at least one source item had "Private" set to "false" and no source items had "Private" set to "true".
             The ImageRuntimeVersion for this reference is "".
   7:7>ResolveAssemblyReferences:
         Primary reference "System.IO.FileSystem, Version=8.0.0.0, Culture=neutral, PublicKeyToken=b03f5f7f11d50a3a".
   5:7>ResolveAssemblyReferences:
         Primary reference "System.IO.Pipes.AccessControl, Version=8.0.0.0, Culture=neutral, PublicKeyToken=b03f5f7f11d50a3a".
             Resolved file path is "/usr/lib64/dotnet/packs/Microsoft.NETCore.App.Ref/8.0.22/ref/net8.0/System.IO.Pipes.AccessControl.dll".
             Reference found at search path location "{RawFileName}".
   7:7>ResolveAssemblyReferences:
             Resolved file path is "/usr/lib64/dotnet/packs/Microsoft.NETCore.App.Ref/8.0.22/ref/net8.0/System.IO.FileSystem.dll".
   5:7>ResolveAssemblyReferences:
             This reference is not "CopyLocal" because at least one source item had "Private" set to "false" and no source items had "Private" set to "true".
             The ImageRuntimeVersion for this reference is "".
         Primary reference "System.IO.Pipes, Version=8.0.0.0, Culture=neutral, PublicKeyToken=b03f5f7f11d50a3a".
   7:7>ResolveAssemblyReferences:
             Reference found at search path location "{RawFileName}".
   5:7>ResolveAssemblyReferences:
             Resolved file path is "/usr/lib64/dotnet/packs/Microsoft.NETCore.App.Ref/8.0.22/ref/net8.0/System.IO.Pipes.dll".
             Reference found at search path location "{RawFileName}".
             This reference is not "CopyLocal" because at least one source item had "Private" set to "false" and no source items had "Private" set to "true".
   7:7>ResolveAssemblyReferences:
             This reference is not "CopyLocal" because at least one source item had "Private" set to "false" and no source items had "Private" set to "true".
   5:7>ResolveAssemblyReferences:
             The ImageRuntimeVersion for this reference is "".
         Primary reference "System.IO.UnmanagedMemoryStream, Version=8.0.0.0, Culture=neutral, PublicKeyToken=b03f5f7f11d50a3a".
             Resolved file path is "/usr/lib64/dotnet/packs/Microsoft.NETCore.App.Ref/8.0.22/ref/net8.0/System.IO.UnmanagedMemoryStream.dll".
   7:7>ResolveAssemblyReferences:
             The ImageRuntimeVersion for this reference is "".
   5:7>ResolveAssemblyReferences:
             Reference found at search path location "{RawFileName}".
             This reference is not "CopyLocal" because at least one source item had "Private" set to "false" and no source items had "Private" set to "true".
             The ImageRuntimeVersion for this reference is "".
   7:7>ResolveAssemblyReferences:
         Primary reference "System.IO.IsolatedStorage, Version=8.0.0.0, Culture=neutral, PublicKeyToken=b03f5f7f11d50a3a".
   5:7>ResolveAssemblyReferences:
         Primary reference "System.IO, Version=8.0.0.0, Culture=neutral, PublicKeyToken=b03f5f7f11d50a3a".
             Resolved file path is "/usr/lib64/dotnet/packs/Microsoft.NETCore.App.Ref/8.0.22/ref/net8.0/System.IO.dll".
             Reference found at search path location "{RawFileName}".
   7:7>ResolveAssemblyReferences:
             Resolved file path is "/usr/lib64/dotnet/packs/Microsoft.NETCore.App.Ref/8.0.22/ref/net8.0/System.IO.IsolatedStorage.dll".
   5:7>ResolveAssemblyReferences:
             This reference is not "CopyLocal" because at least one source item had "Private" set to "false" and no source items had "Private" set to "true".
             The ImageRuntimeVersion for this reference is "".
   7:7>ResolveAssemblyReferences:
             Reference found at search path location "{RawFileName}".
   5:7>ResolveAssemblyReferences:
         Primary reference "System.Linq.Expressions, Version=8.0.0.0, Culture=neutral, PublicKeyToken=b03f5f7f11d50a3a".
             Resolved file path is "/usr/lib64/dotnet/packs/Microsoft.NETCore.App.Ref/8.0.22/ref/net8.0/System.Linq.Expressions.dll".
             Reference found at search path location "{RawFileName}".
   7:7>ResolveAssemblyReferences:
             This reference is not "CopyLocal" because at least one source item had "Private" set to "false" and no source items had "Private" set to "true".
   5:7>ResolveAssemblyReferences:
             This reference is not "CopyLocal" because at least one source item had "Private" set to "false" and no source items had "Private" set to "true".
             The ImageRuntimeVersion for this reference is "".
         Primary reference "System.Linq.Parallel, Version=8.0.0.0, Culture=neutral, PublicKeyToken=b03f5f7f11d50a3a".
   7:7>ResolveAssemblyReferences:
             The ImageRuntimeVersion for this reference is "".
   5:7>ResolveAssemblyReferences:
             Resolved file path is "/usr/lib64/dotnet/packs/Microsoft.NETCore.App.Ref/8.0.22/ref/net8.0/System.Linq.Parallel.dll".
             Reference found at search path location "{RawFileName}".
             This reference is not "CopyLocal" because at least one source item had "Private" set to "false" and no source items had "Private" set to "true".
   7:7>ResolveAssemblyReferences:
         Primary reference "System.IO.MemoryMappedFiles, Version=8.0.0.0, Culture=neutral, PublicKeyToken=b03f5f7f11d50a3a".
   5:7>ResolveAssemblyReferences:
             The ImageRuntimeVersion for this reference is "".
         Primary reference "System.Linq.Queryable, Version=8.0.0.0, Culture=neutral, PublicKeyToken=b03f5f7f11d50a3a".
             Resolved file path is "/usr/lib64/dotnet/packs/Microsoft.NETCore.App.Ref/8.0.22/ref/net8.0/System.Linq.Queryable.dll".
   7:7>ResolveAssemblyReferences:
             Resolved file path is "/usr/lib64/dotnet/packs/Microsoft.NETCore.App.Ref/8.0.22/ref/net8.0/System.IO.MemoryMappedFiles.dll".
   5:7>ResolveAssemblyReferences:
             Reference found at search path location "{RawFileName}".
             This reference is not "CopyLocal" because at least one source item had "Private" set to "false" and no source items had "Private" set to "true".
             The ImageRuntimeVersion for this reference is "".
   7:7>ResolveAssemblyReferences:
             Reference found at search path location "{RawFileName}".
   5:7>ResolveAssemblyReferences:
         Primary reference "System.Linq, Version=8.0.0.0, Culture=neutral, PublicKeyToken=b03f5f7f11d50a3a".
             Resolved file path is "/usr/lib64/dotnet/packs/Microsoft.NETCore.App.Ref/8.0.22/ref/net8.0/System.Linq.dll".
             Reference found at search path location "{RawFileName}".
   7:7>ResolveAssemblyReferences:
             This reference is not "CopyLocal" because at least one source item had "Private" set to "false" and no source items had "Private" set to "true".
   5:7>ResolveAssemblyReferences:
             This reference is not "CopyLocal" because at least one source item had "Private" set to "false" and no source items had "Private" set to "true".
             The ImageRuntimeVersion for this reference is "".
         Primary reference "System.Memory, Version=8.0.0.0, Culture=neutral, PublicKeyToken=cc7b13ffcd2ddd51".
   7:7>ResolveAssemblyReferences:
             The ImageRuntimeVersion for this reference is "".
   5:7>ResolveAssemblyReferences:
             Resolved file path is "/usr/lib64/dotnet/packs/Microsoft.NETCore.App.Ref/8.0.22/ref/net8.0/System.Memory.dll".
             Reference found at search path location "{RawFileName}".
             This reference is not "CopyLocal" because at least one source item had "Private" set to "false" and no source items had "Private" set to "true".
   7:7>ResolveAssemblyReferences:
         Primary reference "System.IO.Pipes.AccessControl, Version=8.0.0.0, Culture=neutral, PublicKeyToken=b03f5f7f11d50a3a".
   5:7>ResolveAssemblyReferences:
             The ImageRuntimeVersion for this reference is "".
         Primary reference "System.Net.Http.Json, Version=8.0.0.0, Culture=neutral, PublicKeyToken=cc7b13ffcd2ddd51".
             Resolved file path is "/usr/lib64/dotnet/packs/Microsoft.NETCore.App.Ref/8.0.22/ref/net8.0/System.Net.Http.Json.dll".
   7:7>ResolveAssemblyReferences:
             Resolved file path is "/usr/lib64/dotnet/packs/Microsoft.NETCore.App.Ref/8.0.22/ref/net8.0/System.IO.Pipes.AccessControl.dll".
   5:7>ResolveAssemblyReferences:
             Reference found at search path location "{RawFileName}".
             This reference is not "CopyLocal" because at least one source item had "Private" set to "false" and no source items had "Private" set to "true".
             The ImageRuntimeVersion for this reference is "".
   7:7>ResolveAssemblyReferences:
             Reference found at search path location "{RawFileName}".
   5:7>ResolveAssemblyReferences:
         Primary reference "System.Net.Http, Version=8.0.0.0, Culture=neutral, PublicKeyToken=b03f5f7f11d50a3a".
             Resolved file path is "/usr/lib64/dotnet/packs/Microsoft.NETCore.App.Ref/8.0.22/ref/net8.0/System.Net.Http.dll".
             Reference found at search path location "{RawFileName}".
   7:7>ResolveAssemblyReferences:
             This reference is not "CopyLocal" because at least one source item had "Private" set to "false" and no source items had "Private" set to "true".
   5:7>ResolveAssemblyReferences:
             This reference is not "CopyLocal" because at least one source item had "Private" set to "false" and no source items had "Private" set to "true".
             The ImageRuntimeVersion for this reference is "".
         Primary reference "System.Net.HttpListener, Version=8.0.0.0, Culture=neutral, PublicKeyToken=cc7b13ffcd2ddd51".
   7:7>ResolveAssemblyReferences:
             The ImageRuntimeVersion for this reference is "".
   5:7>ResolveAssemblyReferences:
             Resolved file path is "/usr/lib64/dotnet/packs/Microsoft.NETCore.App.Ref/8.0.22/ref/net8.0/System.Net.HttpListener.dll".
             Reference found at search path location "{RawFileName}".
             This reference is not "CopyLocal" because at least one source item had "Private" set to "false" and no source items had "Private" set to "true".
   7:7>ResolveAssemblyReferences:
         Primary reference "System.IO.Pipes, Version=8.0.0.0, Culture=neutral, PublicKeyToken=b03f5f7f11d50a3a".
   5:7>ResolveAssemblyReferences:
             The ImageRuntimeVersion for this reference is "".
         Primary reference "System.Net.Mail, Version=8.0.0.0, Culture=neutral, PublicKeyToken=cc7b13ffcd2ddd51".
             Resolved file path is "/usr/lib64/dotnet/packs/Microsoft.NETCore.App.Ref/8.0.22/ref/net8.0/System.Net.Mail.dll".
   7:7>ResolveAssemblyReferences:
             Resolved file path is "/usr/lib64/dotnet/packs/Microsoft.NETCore.App.Ref/8.0.22/ref/net8.0/System.IO.Pipes.dll".
   5:7>ResolveAssemblyReferences:
             Reference found at search path location "{RawFileName}".
             This reference is not "CopyLocal" because at least one source item had "Private" set to "false" and no source items had "Private" set to "true".
             The ImageRuntimeVersion for this reference is "".
   7:7>ResolveAssemblyReferences:
             Reference found at search path location "{RawFileName}".
   5:7>ResolveAssemblyReferences:
         Primary reference "System.Net.NameResolution, Version=8.0.0.0, Culture=neutral, PublicKeyToken=b03f5f7f11d50a3a".
             Resolved file path is "/usr/lib64/dotnet/packs/Microsoft.NETCore.App.Ref/8.0.22/ref/net8.0/System.Net.NameResolution.dll".
             Reference found at search path location "{RawFileName}".
   7:7>ResolveAssemblyReferences:
             This reference is not "CopyLocal" because at least one source item had "Private" set to "false" and no source items had "Private" set to "true".
   5:7>ResolveAssemblyReferences:
             This reference is not "CopyLocal" because at least one source item had "Private" set to "false" and no source items had "Private" set to "true".
             The ImageRuntimeVersion for this reference is "".
         Primary reference "System.Net.NetworkInformation, Version=8.0.0.0, Culture=neutral, PublicKeyToken=b03f5f7f11d50a3a".
   7:7>ResolveAssemblyReferences:
             The ImageRuntimeVersion for this reference is "".
   5:7>ResolveAssemblyReferences:
             Resolved file path is "/usr/lib64/dotnet/packs/Microsoft.NETCore.App.Ref/8.0.22/ref/net8.0/System.Net.NetworkInformation.dll".
             Reference found at search path location "{RawFileName}".
             This reference is not "CopyLocal" because at least one source item had "Private" set to "false" and no source items had "Private" set to "true".
   7:7>ResolveAssemblyReferences:
         Primary reference "System.IO.UnmanagedMemoryStream, Version=8.0.0.0, Culture=neutral, PublicKeyToken=b03f5f7f11d50a3a".
   5:7>ResolveAssemblyReferences:
             The ImageRuntimeVersion for this reference is "".
         Primary reference "System.Net.Ping, Version=8.0.0.0, Culture=neutral, PublicKeyToken=b03f5f7f11d50a3a".
   7:7>ResolveAssemblyReferences:
             Resolved file path is "/usr/lib64/dotnet/packs/Microsoft.NETCore.App.Ref/8.0.22/ref/net8.0/System.IO.UnmanagedMemoryStream.dll".
   5:7>ResolveAssemblyReferences:
             Resolved file path is "/usr/lib64/dotnet/packs/Microsoft.NETCore.App.Ref/8.0.22/ref/net8.0/System.Net.Ping.dll".
             Reference found at search path location "{RawFileName}".
             This reference is not "CopyLocal" because at least one source item had "Private" set to "false" and no source items had "Private" set to "true".
   7:7>ResolveAssemblyReferences:
             Reference found at search path location "{RawFileName}".
   5:7>ResolveAssemblyReferences:
             The ImageRuntimeVersion for this reference is "".
         Primary reference "System.Net.Primitives, Version=8.0.0.0, Culture=neutral, PublicKeyToken=b03f5f7f11d50a3a".
             Resolved file path is "/usr/lib64/dotnet/packs/Microsoft.NETCore.App.Ref/8.0.22/ref/net8.0/System.Net.Primitives.dll".
   7:7>ResolveAssemblyReferences:
             This reference is not "CopyLocal" because at least one source item had "Private" set to "false" and no source items had "Private" set to "true".
   5:7>ResolveAssemblyReferences:
             Reference found at search path location "{RawFileName}".
             This reference is not "CopyLocal" because at least one source item had "Private" set to "false" and no source items had "Private" set to "true".
             The ImageRuntimeVersion for this reference is "".
   7:7>ResolveAssemblyReferences:
             The ImageRuntimeVersion for this reference is "".
   5:7>ResolveAssemblyReferences:
         Primary reference "System.Net.Quic, Version=8.0.0.0, Culture=neutral, PublicKeyToken=b03f5f7f11d50a3a".
             Resolved file path is "/usr/lib64/dotnet/packs/Microsoft.NETCore.App.Ref/8.0.22/ref/net8.0/System.Net.Quic.dll".
             Reference found at search path location "{RawFileName}".
   7:7>ResolveAssemblyReferences:
         Primary reference "System.IO, Version=8.0.0.0, Culture=neutral, PublicKeyToken=b03f5f7f11d50a3a".
   5:7>ResolveAssemblyReferences:
             This reference is not "CopyLocal" because at least one source item had "Private" set to "false" and no source items had "Private" set to "true".
             The ImageRuntimeVersion for this reference is "".
         Primary reference "System.Net.Requests, Version=8.0.0.0, Culture=neutral, PublicKeyToken=b03f5f7f11d50a3a".
   7:7>ResolveAssemblyReferences:
             Resolved file path is "/usr/lib64/dotnet/packs/Microsoft.NETCore.App.Ref/8.0.22/ref/net8.0/System.IO.dll".
   5:7>ResolveAssemblyReferences:
             Resolved file path is "/usr/lib64/dotnet/packs/Microsoft.NETCore.App.Ref/8.0.22/ref/net8.0/System.Net.Requests.dll".
             Reference found at search path location "{RawFileName}".
             This reference is not "CopyLocal" because at least one source item had "Private" set to "false" and no source items had "Private" set to "true".
   7:7>ResolveAssemblyReferences:
             Reference found at search path location "{RawFileName}".
   5:7>ResolveAssemblyReferences:
             The ImageRuntimeVersion for this reference is "".
         Primary reference "System.Net.Security, Version=8.0.0.0, Culture=neutral, PublicKeyToken=b03f5f7f11d50a3a".
             Resolved file path is "/usr/lib64/dotnet/packs/Microsoft.NETCore.App.Ref/8.0.22/ref/net8.0/System.Net.Security.dll".
   7:7>ResolveAssemblyReferences:
             This reference is not "CopyLocal" because at least one source item had "Private" set to "false" and no source items had "Private" set to "true".
   5:7>ResolveAssemblyReferences:
             Reference found at search path location "{RawFileName}".
             This reference is not "CopyLocal" because at least one source item had "Private" set to "false" and no source items had "Private" set to "true".
             The ImageRuntimeVersion for this reference is "".
   7:7>ResolveAssemblyReferences:
             The ImageRuntimeVersion for this reference is "".
   5:7>ResolveAssemblyReferences:
         Primary reference "System.Net.ServicePoint, Version=8.0.0.0, Culture=neutral, PublicKeyToken=cc7b13ffcd2ddd51".
             Resolved file path is "/usr/lib64/dotnet/packs/Microsoft.NETCore.App.Ref/8.0.22/ref/net8.0/System.Net.ServicePoint.dll".
   7:7>ResolveAssemblyReferences:
         Primary reference "System.Linq.Expressions, Version=8.0.0.0, Culture=neutral, PublicKeyToken=b03f5f7f11d50a3a".
   5:7>ResolveAssemblyReferences:
             Reference found at search path location "{RawFileName}".
             This reference is not "CopyLocal" because at least one source item had "Private" set to "false" and no source items had "Private" set to "true".
             The ImageRuntimeVersion for this reference is "".
   7:7>ResolveAssemblyReferences:
             Resolved file path is "/usr/lib64/dotnet/packs/Microsoft.NETCore.App.Ref/8.0.22/ref/net8.0/System.Linq.Expressions.dll".
   5:7>ResolveAssemblyReferences:
         Primary reference "System.Net.Sockets, Version=8.0.0.0, Culture=neutral, PublicKeyToken=b03f5f7f11d50a3a".
             Resolved file path is "/usr/lib64/dotnet/packs/Microsoft.NETCore.App.Ref/8.0.22/ref/net8.0/System.Net.Sockets.dll".
             Reference found at search path location "{RawFileName}".
   7:7>ResolveAssemblyReferences:
             Reference found at search path location "{RawFileName}".
   5:7>ResolveAssemblyReferences:
             This reference is not "CopyLocal" because at least one source item had "Private" set to "false" and no source items had "Private" set to "true".
             The ImageRuntimeVersion for this reference is "".
         Primary reference "System.Net.WebClient, Version=8.0.0.0, Culture=neutral, PublicKeyToken=cc7b13ffcd2ddd51".
   7:7>ResolveAssemblyReferences:
             This reference is not "CopyLocal" because at least one source item had "Private" set to "false" and no source items had "Private" set to "true".
   5:7>ResolveAssemblyReferences:
             Resolved file path is "/usr/lib64/dotnet/packs/Microsoft.NETCore.App.Ref/8.0.22/ref/net8.0/System.Net.WebClient.dll".
             Reference found at search path location "{RawFileName}".
   7:7>ResolveAssemblyReferences:
             The ImageRuntimeVersion for this reference is "".
   5:7>ResolveAssemblyReferences:
             This reference is not "CopyLocal" because at least one source item had "Private" set to "false" and no source items had "Private" set to "true".
             The ImageRuntimeVersion for this reference is "".
         Primary reference "System.Net.WebHeaderCollection, Version=8.0.0.0, Culture=neutral, PublicKeyToken=b03f5f7f11d50a3a".
   7:7>ResolveAssemblyReferences:
         Primary reference "System.Linq.Parallel, Version=8.0.0.0, Culture=neutral, PublicKeyToken=b03f5f7f11d50a3a".
   5:7>ResolveAssemblyReferences:
             Resolved file path is "/usr/lib64/dotnet/packs/Microsoft.NETCore.App.Ref/8.0.22/ref/net8.0/System.Net.WebHeaderCollection.dll".
             Reference found at search path location "{RawFileName}".
             This reference is not "CopyLocal" because at least one source item had "Private" set to "false" and no source items had "Private" set to "true".
   7:7>ResolveAssemblyReferences:
             Resolved file path is "/usr/lib64/dotnet/packs/Microsoft.NETCore.App.Ref/8.0.22/ref/net8.0/System.Linq.Parallel.dll".
   5:7>ResolveAssemblyReferences:
             The ImageRuntimeVersion for this reference is "".
         Primary reference "System.Net.WebProxy, Version=8.0.0.0, Culture=neutral, PublicKeyToken=cc7b13ffcd2ddd51".
             Resolved file path is "/usr/lib64/dotnet/packs/Microsoft.NETCore.App.Ref/8.0.22/ref/net8.0/System.Net.WebProxy.dll".
   7:7>ResolveAssemblyReferences:
             Reference found at search path location "{RawFileName}".
   5:7>ResolveAssemblyReferences:
             Reference found at search path location "{RawFileName}".
             This reference is not "CopyLocal" because at least one source item had "Private" set to "false" and no source items had "Private" set to "true".
             The ImageRuntimeVersion for this reference is "".
   7:7>ResolveAssemblyReferences:
             This reference is not "CopyLocal" because at least one source item had "Private" set to "false" and no source items had "Private" set to "true".
   5:7>ResolveAssemblyReferences:
         Primary reference "System.Net.WebSockets.Client, Version=8.0.0.0, Culture=neutral, PublicKeyToken=b03f5f7f11d50a3a".
             Resolved file path is "/usr/lib64/dotnet/packs/Microsoft.NETCore.App.Ref/8.0.22/ref/net8.0/System.Net.WebSockets.Client.dll".
             Reference found at search path location "{RawFileName}".
   7:7>ResolveAssemblyReferences:
             The ImageRuntimeVersion for this reference is "".
   5:7>ResolveAssemblyReferences:
             This reference is not "CopyLocal" because at least one source item had "Private" set to "false" and no source items had "Private" set to "true".
             The ImageRuntimeVersion for this reference is "".
         Primary reference "System.Net.WebSockets, Version=8.0.0.0, Culture=neutral, PublicKeyToken=b03f5f7f11d50a3a".
   7:7>ResolveAssemblyReferences:
         Primary reference "System.Linq.Queryable, Version=8.0.0.0, Culture=neutral, PublicKeyToken=b03f5f7f11d50a3a".
   5:7>ResolveAssemblyReferences:
             Resolved file path is "/usr/lib64/dotnet/packs/Microsoft.NETCore.App.Ref/8.0.22/ref/net8.0/System.Net.WebSockets.dll".
             Reference found at search path location "{RawFileName}".
             This reference is not "CopyLocal" because at least one source item had "Private" set to "false" and no source items had "Private" set to "true".
   7:7>ResolveAssemblyReferences:
             Resolved file path is "/usr/lib64/dotnet/packs/Microsoft.NETCore.App.Ref/8.0.22/ref/net8.0/System.Linq.Queryable.dll".
   5:7>ResolveAssemblyReferences:
             The ImageRuntimeVersion for this reference is "".
         Primary reference "System.Net, Version=4.0.0.0, Culture=neutral, PublicKeyToken=b03f5f7f11d50a3a".
             Resolved file path is "/usr/lib64/dotnet/packs/Microsoft.NETCore.App.Ref/8.0.22/ref/net8.0/System.Net.dll".
   7:7>ResolveAssemblyReferences:
             Reference found at search path location "{RawFileName}".
   5:7>ResolveAssemblyReferences:
             Reference found at search path location "{RawFileName}".
             This reference is not "CopyLocal" because at least one source item had "Private" set to "false" and no source items had "Private" set to "true".
             The ImageRuntimeVersion for this reference is "".
   7:7>ResolveAssemblyReferences:
             This reference is not "CopyLocal" because at least one source item had "Private" set to "false" and no source items had "Private" set to "true".
   5:7>ResolveAssemblyReferences:
         Primary reference "System.Numerics.Vectors, Version=8.0.0.0, Culture=neutral, PublicKeyToken=b03f5f7f11d50a3a".
             Resolved file path is "/usr/lib64/dotnet/packs/Microsoft.NETCore.App.Ref/8.0.22/ref/net8.0/System.Numerics.Vectors.dll".
             Reference found at search path location "{RawFileName}".
   7:7>ResolveAssemblyReferences:
             The ImageRuntimeVersion for this reference is "".
   5:7>ResolveAssemblyReferences:
             This reference is not "CopyLocal" because at least one source item had "Private" set to "false" and no source items had "Private" set to "true".
             The ImageRuntimeVersion for this reference is "".
         Primary reference "System.Numerics, Version=4.0.0.0, Culture=neutral, PublicKeyToken=b77a5c561934e089".
   7:7>ResolveAssemblyReferences:
         Primary reference "System.Linq, Version=8.0.0.0, Culture=neutral, PublicKeyToken=b03f5f7f11d50a3a".
   5:7>ResolveAssemblyReferences:
             Resolved file path is "/usr/lib64/dotnet/packs/Microsoft.NETCore.App.Ref/8.0.22/ref/net8.0/System.Numerics.dll".
             Reference found at search path location "{RawFileName}".
             This reference is not "CopyLocal" because at least one source item had "Private" set to "false" and no source items had "Private" set to "true".
   7:7>ResolveAssemblyReferences:
             Resolved file path is "/usr/lib64/dotnet/packs/Microsoft.NETCore.App.Ref/8.0.22/ref/net8.0/System.Linq.dll".
   5:7>ResolveAssemblyReferences:
             The ImageRuntimeVersion for this reference is "".
         Primary reference "System.ObjectModel, Version=8.0.0.0, Culture=neutral, PublicKeyToken=b03f5f7f11d50a3a".
             Resolved file path is "/usr/lib64/dotnet/packs/Microsoft.NETCore.App.Ref/8.0.22/ref/net8.0/System.ObjectModel.dll".
   7:7>ResolveAssemblyReferences:
             Reference found at search path location "{RawFileName}".
   5:7>ResolveAssemblyReferences:
             Reference found at search path location "{RawFileName}".
             This reference is not "CopyLocal" because at least one source item had "Private" set to "false" and no source items had "Private" set to "true".
             The ImageRuntimeVersion for this reference is "".
   7:7>ResolveAssemblyReferences:
             This reference is not "CopyLocal" because at least one source item had "Private" set to "false" and no source items had "Private" set to "true".
   5:7>ResolveAssemblyReferences:
         Primary reference "System.Reflection.DispatchProxy, Version=8.0.0.0, Culture=neutral, PublicKeyToken=b03f5f7f11d50a3a".
             Resolved file path is "/usr/lib64/dotnet/packs/Microsoft.NETCore.App.Ref/8.0.22/ref/net8.0/System.Reflection.DispatchProxy.dll".
             Reference found at search path location "{RawFileName}".
   7:7>ResolveAssemblyReferences:
             The ImageRuntimeVersion for this reference is "".
   5:7>ResolveAssemblyReferences:
             This reference is not "CopyLocal" because at least one source item had "Private" set to "false" and no source items had "Private" set to "true".
             The ImageRuntimeVersion for this reference is "".
         Primary reference "System.Reflection.Emit.ILGeneration, Version=8.0.0.0, Culture=neutral, PublicKeyToken=b03f5f7f11d50a3a".
   7:7>ResolveAssemblyReferences:
         Primary reference "System.Memory, Version=8.0.0.0, Culture=neutral, PublicKeyToken=cc7b13ffcd2ddd51".
   5:7>ResolveAssemblyReferences:
             Resolved file path is "/usr/lib64/dotnet/packs/Microsoft.NETCore.App.Ref/8.0.22/ref/net8.0/System.Reflection.Emit.ILGeneration.dll".
             Reference found at search path location "{RawFileName}".
             This reference is not "CopyLocal" because at least one source item had "Private" set to "false" and no source items had "Private" set to "true".
   7:7>ResolveAssemblyReferences:
             Resolved file path is "/usr/lib64/dotnet/packs/Microsoft.NETCore.App.Ref/8.0.22/ref/net8.0/System.Memory.dll".
   5:7>ResolveAssemblyReferences:
             The ImageRuntimeVersion for this reference is "".
         Primary reference "System.Reflection.Emit.Lightweight, Version=8.0.0.0, Culture=neutral, PublicKeyToken=b03f5f7f11d50a3a".
             Resolved file path is "/usr/lib64/dotnet/packs/Microsoft.NETCore.App.Ref/8.0.22/ref/net8.0/System.Reflection.Emit.Lightweight.dll".
   7:7>ResolveAssemblyReferences:
             Reference found at search path location "{RawFileName}".
   5:7>ResolveAssemblyReferences:
             Reference found at search path location "{RawFileName}".
             This reference is not "CopyLocal" because at least one source item had "Private" set to "false" and no source items had "Private" set to "true".
             The ImageRuntimeVersion for this reference is "".
   7:7>ResolveAssemblyReferences:
             This reference is not "CopyLocal" because at least one source item had "Private" set to "false" and no source items had "Private" set to "true".
   5:7>ResolveAssemblyReferences:
         Primary reference "System.Reflection.Emit, Version=8.0.0.0, Culture=neutral, PublicKeyToken=b03f5f7f11d50a3a".
             Resolved file path is "/usr/lib64/dotnet/packs/Microsoft.NETCore.App.Ref/8.0.22/ref/net8.0/System.Reflection.Emit.dll".
             Reference found at search path location "{RawFileName}".
   7:7>ResolveAssemblyReferences:
             The ImageRuntimeVersion for this reference is "".
   5:7>ResolveAssemblyReferences:
             This reference is not "CopyLocal" because at least one source item had "Private" set to "false" and no source items had "Private" set to "true".
             The ImageRuntimeVersion for this reference is "".
         Primary reference "System.Reflection.Extensions, Version=8.0.0.0, Culture=neutral, PublicKeyToken=b03f5f7f11d50a3a".
   7:7>ResolveAssemblyReferences:
         Primary reference "System.Net.Http.Json, Version=8.0.0.0, Culture=neutral, PublicKeyToken=cc7b13ffcd2ddd51".
   5:7>ResolveAssemblyReferences:
             Resolved file path is "/usr/lib64/dotnet/packs/Microsoft.NETCore.App.Ref/8.0.22/ref/net8.0/System.Reflection.Extensions.dll".
             Reference found at search path location "{RawFileName}".
             This reference is not "CopyLocal" because at least one source item had "Private" set to "false" and no source items had "Private" set to "true".
   7:7>ResolveAssemblyReferences:
             Resolved file path is "/usr/lib64/dotnet/packs/Microsoft.NETCore.App.Ref/8.0.22/ref/net8.0/System.Net.Http.Json.dll".
   5:7>ResolveAssemblyReferences:
             The ImageRuntimeVersion for this reference is "".
         Primary reference "System.Reflection.Metadata, Version=8.0.0.0, Culture=neutral, PublicKeyToken=b03f5f7f11d50a3a".
   7:7>ResolveAssemblyReferences:
             Reference found at search path location "{RawFileName}".
   5:7>ResolveAssemblyReferences:
             Resolved file path is "/usr/lib64/dotnet/packs/Microsoft.NETCore.App.Ref/8.0.22/ref/net8.0/System.Reflection.Metadata.dll".
             Reference found at search path location "{RawFileName}".
             This reference is not "CopyLocal" because at least one source item had "Private" set to "false" and no source items had "Private" set to "true".
   7:7>ResolveAssemblyReferences:
             This reference is not "CopyLocal" because at least one source item had "Private" set to "false" and no source items had "Private" set to "true".
   5:7>ResolveAssemblyReferences:
             The ImageRuntimeVersion for this reference is "".
         Primary reference "System.Reflection.Primitives, Version=8.0.0.0, Culture=neutral, PublicKeyToken=b03f5f7f11d50a3a".
             Resolved file path is "/usr/lib64/dotnet/packs/Microsoft.NETCore.App.Ref/8.0.22/ref/net8.0/System.Reflection.Primitives.dll".
   7:7>ResolveAssemblyReferences:
             The ImageRuntimeVersion for this reference is "".
   5:7>ResolveAssemblyReferences:
             Reference found at search path location "{RawFileName}".
             This reference is not "CopyLocal" because at least one source item had "Private" set to "false" and no source items had "Private" set to "true".
             The ImageRuntimeVersion for this reference is "".
   7:7>ResolveAssemblyReferences:
         Primary reference "System.Net.Http, Version=8.0.0.0, Culture=neutral, PublicKeyToken=b03f5f7f11d50a3a".
   5:7>ResolveAssemblyReferences:
         Primary reference "System.Reflection.TypeExtensions, Version=8.0.0.0, Culture=neutral, PublicKeyToken=b03f5f7f11d50a3a".
             Resolved file path is "/usr/lib64/dotnet/packs/Microsoft.NETCore.App.Ref/8.0.22/ref/net8.0/System.Reflection.TypeExtensions.dll".
             Reference found at search path location "{RawFileName}".
   7:7>ResolveAssemblyReferences:
             Resolved file path is "/usr/lib64/dotnet/packs/Microsoft.NETCore.App.Ref/8.0.22/ref/net8.0/System.Net.Http.dll".
   5:7>ResolveAssemblyReferences:
             This reference is not "CopyLocal" because at least one source item had "Private" set to "false" and no source items had "Private" set to "true".
             The ImageRuntimeVersion for this reference is "".
         Primary reference "System.Reflection, Version=8.0.0.0, Culture=neutral, PublicKeyToken=b03f5f7f11d50a3a".
   7:7>ResolveAssemblyReferences:
             Reference found at search path location "{RawFileName}".
   5:7>ResolveAssemblyReferences:
             Resolved file path is "/usr/lib64/dotnet/packs/Microsoft.NETCore.App.Ref/8.0.22/ref/net8.0/System.Reflection.dll".
             Reference found at search path location "{RawFileName}".
             This reference is not "CopyLocal" because at least one source item had "Private" set to "false" and no source items had "Private" set to "true".
   7:7>ResolveAssemblyReferences:
             This reference is not "CopyLocal" because at least one source item had "Private" set to "false" and no source items had "Private" set to "true".
   5:7>ResolveAssemblyReferences:
             The ImageRuntimeVersion for this reference is "".
         Primary reference "System.Resources.Reader, Version=8.0.0.0, Culture=neutral, PublicKeyToken=b03f5f7f11d50a3a".
             Resolved file path is "/usr/lib64/dotnet/packs/Microsoft.NETCore.App.Ref/8.0.22/ref/net8.0/System.Resources.Reader.dll".
   7:7>ResolveAssemblyReferences:
             The ImageRuntimeVersion for this reference is "".
   5:7>ResolveAssemblyReferences:
             Reference found at search path location "{RawFileName}".
             This reference is not "CopyLocal" because at least one source item had "Private" set to "false" and no source items had "Private" set to "true".
             The ImageRuntimeVersion for this reference is "".
   7:7>ResolveAssemblyReferences:
         Primary reference "System.Net.HttpListener, Version=8.0.0.0, Culture=neutral, PublicKeyToken=cc7b13ffcd2ddd51".
   5:7>ResolveAssemblyReferences:
         Primary reference "System.Resources.ResourceManager, Version=8.0.0.0, Culture=neutral, PublicKeyToken=b03f5f7f11d50a3a".
             Resolved file path is "/usr/lib64/dotnet/packs/Microsoft.NETCore.App.Ref/8.0.22/ref/net8.0/System.Resources.ResourceManager.dll".
             Reference found at search path location "{RawFileName}".
   7:7>ResolveAssemblyReferences:
             Resolved file path is "/usr/lib64/dotnet/packs/Microsoft.NETCore.App.Ref/8.0.22/ref/net8.0/System.Net.HttpListener.dll".
   5:7>ResolveAssemblyReferences:
             This reference is not "CopyLocal" because at least one source item had "Private" set to "false" and no source items had "Private" set to "true".
             The ImageRuntimeVersion for this reference is "".
         Primary reference "System.Resources.Writer, Version=8.0.0.0, Culture=neutral, PublicKeyToken=b03f5f7f11d50a3a".
   7:7>ResolveAssemblyReferences:
             Reference found at search path location "{RawFileName}".
   5:7>ResolveAssemblyReferences:
             Resolved file path is "/usr/lib64/dotnet/packs/Microsoft.NETCore.App.Ref/8.0.22/ref/net8.0/System.Resources.Writer.dll".
             Reference found at search path location "{RawFileName}".
             This reference is not "CopyLocal" because at least one source item had "Private" set to "false" and no source items had "Private" set to "true".
   7:7>ResolveAssemblyReferences:
             This reference is not "CopyLocal" because at least one source item had "Private" set to "false" and no source items had "Private" set to "true".
   5:7>ResolveAssemblyReferences:
             The ImageRuntimeVersion for this reference is "".
         Primary reference "System.Runtime.CompilerServices.Unsafe, Version=8.0.0.0, Culture=neutral, PublicKeyToken=b03f5f7f11d50a3a".
             Resolved file path is "/usr/lib64/dotnet/packs/Microsoft.NETCore.App.Ref/8.0.22/ref/net8.0/System.Runtime.CompilerServices.Unsafe.dll".
   7:7>ResolveAssemblyReferences:
             The ImageRuntimeVersion for this reference is "".
   5:7>ResolveAssemblyReferences:
             Reference found at search path location "{RawFileName}".
             This reference is not "CopyLocal" because at least one source item had "Private" set to "false" and no source items had "Private" set to "true".
             The ImageRuntimeVersion for this reference is "".
   7:7>ResolveAssemblyReferences:
         Primary reference "System.Net.Mail, Version=8.0.0.0, Culture=neutral, PublicKeyToken=cc7b13ffcd2ddd51".
   5:7>ResolveAssemblyReferences:
         Primary reference "System.Runtime.CompilerServices.VisualC, Version=8.0.0.0, Culture=neutral, PublicKeyToken=b03f5f7f11d50a3a".
             Resolved file path is "/usr/lib64/dotnet/packs/Microsoft.NETCore.App.Ref/8.0.22/ref/net8.0/System.Runtime.CompilerServices.VisualC.dll".
             Reference found at search path location "{RawFileName}".
   7:7>ResolveAssemblyReferences:
             Resolved file path is "/usr/lib64/dotnet/packs/Microsoft.NETCore.App.Ref/8.0.22/ref/net8.0/System.Net.Mail.dll".
   5:7>ResolveAssemblyReferences:
             This reference is not "CopyLocal" because at least one source item had "Private" set to "false" and no source items had "Private" set to "true".
             The ImageRuntimeVersion for this reference is "".
         Primary reference "System.Runtime.Extensions, Version=8.0.0.0, Culture=neutral, PublicKeyToken=b03f5f7f11d50a3a".
   7:7>ResolveAssemblyReferences:
             Reference found at search path location "{RawFileName}".
   5:7>ResolveAssemblyReferences:
             Resolved file path is "/usr/lib64/dotnet/packs/Microsoft.NETCore.App.Ref/8.0.22/ref/net8.0/System.Runtime.Extensions.dll".
             Reference found at search path location "{RawFileName}".
             This reference is not "CopyLocal" because at least one source item had "Private" set to "false" and no source items had "Private" set to "true".
   7:7>ResolveAssemblyReferences:
             This reference is not "CopyLocal" because at least one source item had "Private" set to "false" and no source items had "Private" set to "true".
   5:7>ResolveAssemblyReferences:
             The ImageRuntimeVersion for this reference is "".
         Primary reference "System.Runtime.Handles, Version=8.0.0.0, Culture=neutral, PublicKeyToken=b03f5f7f11d50a3a".
             Resolved file path is "/usr/lib64/dotnet/packs/Microsoft.NETCore.App.Ref/8.0.22/ref/net8.0/System.Runtime.Handles.dll".
   7:7>ResolveAssemblyReferences:
             The ImageRuntimeVersion for this reference is "".
   5:7>ResolveAssemblyReferences:
             Reference found at search path location "{RawFileName}".
             This reference is not "CopyLocal" because at least one source item had "Private" set to "false" and no source items had "Private" set to "true".
             The ImageRuntimeVersion for this reference is "".
   7:7>ResolveAssemblyReferences:
         Primary reference "System.Net.NameResolution, Version=8.0.0.0, Culture=neutral, PublicKeyToken=b03f5f7f11d50a3a".
   5:7>ResolveAssemblyReferences:
         Primary reference "System.Runtime.InteropServices.JavaScript, Version=8.0.0.0, Culture=neutral, PublicKeyToken=b03f5f7f11d50a3a".
             Resolved file path is "/usr/lib64/dotnet/packs/Microsoft.NETCore.App.Ref/8.0.22/ref/net8.0/System.Runtime.InteropServices.JavaScript.dll".
             Reference found at search path location "{RawFileName}".
   7:7>ResolveAssemblyReferences:
             Resolved file path is "/usr/lib64/dotnet/packs/Microsoft.NETCore.App.Ref/8.0.22/ref/net8.0/System.Net.NameResolution.dll".
   5:7>ResolveAssemblyReferences:
             This reference is not "CopyLocal" because at least one source item had "Private" set to "false" and no source items had "Private" set to "true".
             The ImageRuntimeVersion for this reference is "".
         Primary reference "System.Runtime.InteropServices.RuntimeInformation, Version=8.0.0.0, Culture=neutral, PublicKeyToken=b03f5f7f11d50a3a".
   7:7>ResolveAssemblyReferences:
             Reference found at search path location "{RawFileName}".
   5:7>ResolveAssemblyReferences:
             Resolved file path is "/usr/lib64/dotnet/packs/Microsoft.NETCore.App.Ref/8.0.22/ref/net8.0/System.Runtime.InteropServices.RuntimeInformation.dll".
             Reference found at search path location "{RawFileName}".
   7:7>ResolveAssemblyReferences:
             This reference is not "CopyLocal" because at least one source item had "Private" set to "false" and no source items had "Private" set to "true".
   5:7>ResolveAssemblyReferences:
             This reference is not "CopyLocal" because at least one source item had "Private" set to "false" and no source items had "Private" set to "true".
             The ImageRuntimeVersion for this reference is "".
         Primary reference "System.Runtime.InteropServices, Version=8.0.0.0, Culture=neutral, PublicKeyToken=b03f5f7f11d50a3a".
   7:7>ResolveAssemblyReferences:
             The ImageRuntimeVersion for this reference is "".
   5:7>ResolveAssemblyReferences:
             Resolved file path is "/usr/lib64/dotnet/packs/Microsoft.NETCore.App.Ref/8.0.22/ref/net8.0/System.Runtime.InteropServices.dll".
             Reference found at search path location "{RawFileName}".
             This reference is not "CopyLocal" because at least one source item had "Private" set to "false" and no source items had "Private" set to "true".
             The ImageRuntimeVersion for this reference is "".
   7:7>ResolveAssemblyReferences:
         Primary reference "System.Net.NetworkInformation, Version=8.0.0.0, Culture=neutral, PublicKeyToken=b03f5f7f11d50a3a".
   5:7>ResolveAssemblyReferences:
         Primary reference "System.Runtime.Intrinsics, Version=8.0.0.0, Culture=neutral, PublicKeyToken=cc7b13ffcd2ddd51".
             Resolved file path is "/usr/lib64/dotnet/packs/Microsoft.NETCore.App.Ref/8.0.22/ref/net8.0/System.Runtime.Intrinsics.dll".
             Reference found at search path location "{RawFileName}".
   7:7>ResolveAssemblyReferences:
             Resolved file path is "/usr/lib64/dotnet/packs/Microsoft.NETCore.App.Ref/8.0.22/ref/net8.0/System.Net.NetworkInformation.dll".
   5:7>ResolveAssemblyReferences:
             This reference is not "CopyLocal" because at least one source item had "Private" set to "false" and no source items had "Private" set to "true".
             The ImageRuntimeVersion for this reference is "".
         Primary reference "System.Runtime.Loader, Version=8.0.0.0, Culture=neutral, PublicKeyToken=b03f5f7f11d50a3a".
             Resolved file path is "/usr/lib64/dotnet/packs/Microsoft.NETCore.App.Ref/8.0.22/ref/net8.0/System.Runtime.Loader.dll".
   7:7>ResolveAssemblyReferences:
             Reference found at search path location "{RawFileName}".
   5:7>ResolveAssemblyReferences:
             Reference found at search path location "{RawFileName}".
             This reference is not "CopyLocal" because at least one source item had "Private" set to "false" and no source items had "Private" set to "true".
             The ImageRuntimeVersion for this reference is "".
   7:7>ResolveAssemblyReferences:
             This reference is not "CopyLocal" because at least one source item had "Private" set to "false" and no source items had "Private" set to "true".
   5:7>ResolveAssemblyReferences:
         Primary reference "System.Runtime.Numerics, Version=8.0.0.0, Culture=neutral, PublicKeyToken=b03f5f7f11d50a3a".
             Resolved file path is "/usr/lib64/dotnet/packs/Microsoft.NETCore.App.Ref/8.0.22/ref/net8.0/System.Runtime.Numerics.dll".
             Reference found at search path location "{RawFileName}".
   7:7>ResolveAssemblyReferences:
             The ImageRuntimeVersion for this reference is "".
   5:7>ResolveAssemblyReferences:
             This reference is not "CopyLocal" because at least one source item had "Private" set to "false" and no source items had "Private" set to "true".
             The ImageRuntimeVersion for this reference is "".
         Primary reference "System.Runtime.Serialization.Formatters, Version=8.0.0.0, Culture=neutral, PublicKeyToken=b03f5f7f11d50a3a".
   7:7>ResolveAssemblyReferences:
         Primary reference "System.Net.Ping, Version=8.0.0.0, Culture=neutral, PublicKeyToken=b03f5f7f11d50a3a".
   5:7>ResolveAssemblyReferences:
             Resolved file path is "/usr/lib64/dotnet/packs/Microsoft.NETCore.App.Ref/8.0.22/ref/net8.0/System.Runtime.Serialization.Formatters.dll".
             Reference found at search path location "{RawFileName}".
             This reference is not "CopyLocal" because at least one source item had "Private" set to "false" and no source items had "Private" set to "true".
             The ImageRuntimeVersion for this reference is "".
   7:7>ResolveAssemblyReferences:
             Resolved file path is "/usr/lib64/dotnet/packs/Microsoft.NETCore.App.Ref/8.0.22/ref/net8.0/System.Net.Ping.dll".
   5:7>ResolveAssemblyReferences:
         Primary reference "System.Runtime.Serialization.Json, Version=8.0.0.0, Culture=neutral, PublicKeyToken=b03f5f7f11d50a3a".
             Resolved file path is "/usr/lib64/dotnet/packs/Microsoft.NETCore.App.Ref/8.0.22/ref/net8.0/System.Runtime.Serialization.Json.dll".
             Reference found at search path location "{RawFileName}".
   7:7>ResolveAssemblyReferences:
             Reference found at search path location "{RawFileName}".
   5:7>ResolveAssemblyReferences:
             This reference is not "CopyLocal" because at least one source item had "Private" set to "false" and no source items had "Private" set to "true".
             The ImageRuntimeVersion for this reference is "".
         Primary reference "System.Runtime.Serialization.Primitives, Version=8.0.0.0, Culture=neutral, PublicKeyToken=b03f5f7f11d50a3a".
   7:7>ResolveAssemblyReferences:
             This reference is not "CopyLocal" because at least one source item had "Private" set to "false" and no source items had "Private" set to "true".
   5:7>ResolveAssemblyReferences:
             Resolved file path is "/usr/lib64/dotnet/packs/Microsoft.NETCore.App.Ref/8.0.22/ref/net8.0/System.Runtime.Serialization.Primitives.dll".
             Reference found at search path location "{RawFileName}".
             This reference is not "CopyLocal" because at least one source item had "Private" set to "false" and no source items had "Private" set to "true".
             The ImageRuntimeVersion for this reference is "".
   7:7>ResolveAssemblyReferences:
             The ImageRuntimeVersion for this reference is "".
   5:7>ResolveAssemblyReferences:
         Primary reference "System.Runtime.Serialization.Xml, Version=8.0.0.0, Culture=neutral, PublicKeyToken=b03f5f7f11d50a3a".
             Resolved file path is "/usr/lib64/dotnet/packs/Microsoft.NETCore.App.Ref/8.0.22/ref/net8.0/System.Runtime.Serialization.Xml.dll".
             Reference found at search path location "{RawFileName}".
   7:7>ResolveAssemblyReferences:
         Primary reference "System.Net.Primitives, Version=8.0.0.0, Culture=neutral, PublicKeyToken=b03f5f7f11d50a3a".
   5:7>ResolveAssemblyReferences:
             This reference is not "CopyLocal" because at least one source item had "Private" set to "false" and no source items had "Private" set to "true".
             The ImageRuntimeVersion for this reference is "".
         Primary reference "System.Runtime.Serialization, Version=4.0.0.0, Culture=neutral, PublicKeyToken=b77a5c561934e089".
   7:7>ResolveAssemblyReferences:
             Resolved file path is "/usr/lib64/dotnet/packs/Microsoft.NETCore.App.Ref/8.0.22/ref/net8.0/System.Net.Primitives.dll".
   5:7>ResolveAssemblyReferences:
             Resolved file path is "/usr/lib64/dotnet/packs/Microsoft.NETCore.App.Ref/8.0.22/ref/net8.0/System.Runtime.Serialization.dll".
             Reference found at search path location "{RawFileName}".
             This reference is not "CopyLocal" because at least one source item had "Private" set to "false" and no source items had "Private" set to "true".
   7:7>ResolveAssemblyReferences:
             Reference found at search path location "{RawFileName}".
   5:7>ResolveAssemblyReferences:
             The ImageRuntimeVersion for this reference is "".
         Primary reference "System.Runtime, Version=8.0.0.0, Culture=neutral, PublicKeyToken=b03f5f7f11d50a3a".
             Resolved file path is "/usr/lib64/dotnet/packs/Microsoft.NETCore.App.Ref/8.0.22/ref/net8.0/System.Runtime.dll".
   7:7>ResolveAssemblyReferences:
             This reference is not "CopyLocal" because at least one source item had "Private" set to "false" and no source items had "Private" set to "true".
   5:7>ResolveAssemblyReferences:
             Reference found at search path location "{RawFileName}".
             This reference is not "CopyLocal" because at least one source item had "Private" set to "false" and no source items had "Private" set to "true".
             The ImageRuntimeVersion for this reference is "".
   7:7>ResolveAssemblyReferences:
             The ImageRuntimeVersion for this reference is "".
   5:7>ResolveAssemblyReferences:
         Primary reference "System.Security.AccessControl, Version=8.0.0.0, Culture=neutral, PublicKeyToken=b03f5f7f11d50a3a".
             Resolved file path is "/usr/lib64/dotnet/packs/Microsoft.NETCore.App.Ref/8.0.22/ref/net8.0/System.Security.AccessControl.dll".
             Reference found at search path location "{RawFileName}".
   7:7>ResolveAssemblyReferences:
         Primary reference "System.Net.Quic, Version=8.0.0.0, Culture=neutral, PublicKeyToken=b03f5f7f11d50a3a".
   5:7>ResolveAssemblyReferences:
             This reference is not "CopyLocal" because at least one source item had "Private" set to "false" and no source items had "Private" set to "true".
             The ImageRuntimeVersion for this reference is "".
         Primary reference "System.Security.Claims, Version=8.0.0.0, Culture=neutral, PublicKeyToken=b03f5f7f11d50a3a".
   7:7>ResolveAssemblyReferences:
             Resolved file path is "/usr/lib64/dotnet/packs/Microsoft.NETCore.App.Ref/8.0.22/ref/net8.0/System.Net.Quic.dll".
   5:7>ResolveAssemblyReferences:
             Resolved file path is "/usr/lib64/dotnet/packs/Microsoft.NETCore.App.Ref/8.0.22/ref/net8.0/System.Security.Claims.dll".
             Reference found at search path location "{RawFileName}".
             This reference is not "CopyLocal" because at least one source item had "Private" set to "false" and no source items had "Private" set to "true".
   7:7>ResolveAssemblyReferences:
             Reference found at search path location "{RawFileName}".
   5:7>ResolveAssemblyReferences:
             The ImageRuntimeVersion for this reference is "".
         Primary reference "System.Security.Cryptography.Algorithms, Version=8.0.0.0, Culture=neutral, PublicKeyToken=b03f5f7f11d50a3a".
             Resolved file path is "/usr/lib64/dotnet/packs/Microsoft.NETCore.App.Ref/8.0.22/ref/net8.0/System.Security.Cryptography.Algorithms.dll".
   7:7>ResolveAssemblyReferences:
             This reference is not "CopyLocal" because at least one source item had "Private" set to "false" and no source items had "Private" set to "true".
   5:7>ResolveAssemblyReferences:
             Reference found at search path location "{RawFileName}".
             This reference is not "CopyLocal" because at least one source item had "Private" set to "false" and no source items had "Private" set to "true".
             The ImageRuntimeVersion for this reference is "".
   7:7>ResolveAssemblyReferences:
             The ImageRuntimeVersion for this reference is "".
   5:7>ResolveAssemblyReferences:
         Primary reference "System.Security.Cryptography.Cng, Version=8.0.0.0, Culture=neutral, PublicKeyToken=b03f5f7f11d50a3a".
             Resolved file path is "/usr/lib64/dotnet/packs/Microsoft.NETCore.App.Ref/8.0.22/ref/net8.0/System.Security.Cryptography.Cng.dll".
             Reference found at search path location "{RawFileName}".
   7:7>ResolveAssemblyReferences:
         Primary reference "System.Net.Requests, Version=8.0.0.0, Culture=neutral, PublicKeyToken=b03f5f7f11d50a3a".
   5:7>ResolveAssemblyReferences:
             This reference is not "CopyLocal" because at least one source item had "Private" set to "false" and no source items had "Private" set to "true".
             The ImageRuntimeVersion for this reference is "".
         Primary reference "System.Security.Cryptography.Csp, Version=8.0.0.0, Culture=neutral, PublicKeyToken=b03f5f7f11d50a3a".
   7:7>ResolveAssemblyReferences:
             Resolved file path is "/usr/lib64/dotnet/packs/Microsoft.NETCore.App.Ref/8.0.22/ref/net8.0/System.Net.Requests.dll".
   5:7>ResolveAssemblyReferences:
             Resolved file path is "/usr/lib64/dotnet/packs/Microsoft.NETCore.App.Ref/8.0.22/ref/net8.0/System.Security.Cryptography.Csp.dll".
             Reference found at search path location "{RawFileName}".
             This reference is not "CopyLocal" because at least one source item had "Private" set to "false" and no source items had "Private" set to "true".
             The ImageRuntimeVersion for this reference is "".
   7:7>ResolveAssemblyReferences:
             Reference found at search path location "{RawFileName}".
   5:7>ResolveAssemblyReferences:
         Primary reference "System.Security.Cryptography.Encoding, Version=8.0.0.0, Culture=neutral, PublicKeyToken=b03f5f7f11d50a3a".
             Resolved file path is "/usr/lib64/dotnet/packs/Microsoft.NETCore.App.Ref/8.0.22/ref/net8.0/System.Security.Cryptography.Encoding.dll".
             Reference found at search path location "{RawFileName}".
   7:7>ResolveAssemblyReferences:
             This reference is not "CopyLocal" because at least one source item had "Private" set to "false" and no source items had "Private" set to "true".
   5:7>ResolveAssemblyReferences:
             This reference is not "CopyLocal" because at least one source item had "Private" set to "false" and no source items had "Private" set to "true".
             The ImageRuntimeVersion for this reference is "".
         Primary reference "System.Security.Cryptography.OpenSsl, Version=8.0.0.0, Culture=neutral, PublicKeyToken=b03f5f7f11d50a3a".
   7:7>ResolveAssemblyReferences:
             The ImageRuntimeVersion for this reference is "".
   5:7>ResolveAssemblyReferences:
             Resolved file path is "/usr/lib64/dotnet/packs/Microsoft.NETCore.App.Ref/8.0.22/ref/net8.0/System.Security.Cryptography.OpenSsl.dll".
             Reference found at search path location "{RawFileName}".
             This reference is not "CopyLocal" because at least one source item had "Private" set to "false" and no source items had "Private" set to "true".
   7:7>ResolveAssemblyReferences:
         Primary reference "System.Net.Security, Version=8.0.0.0, Culture=neutral, PublicKeyToken=b03f5f7f11d50a3a".
   5:7>ResolveAssemblyReferences:
             The ImageRuntimeVersion for this reference is "".
         Primary reference "System.Security.Cryptography.Primitives, Version=8.0.0.0, Culture=neutral, PublicKeyToken=b03f5f7f11d50a3a".
             Resolved file path is "/usr/lib64/dotnet/packs/Microsoft.NETCore.App.Ref/8.0.22/ref/net8.0/System.Security.Cryptography.Primitives.dll".
   7:7>ResolveAssemblyReferences:
             Resolved file path is "/usr/lib64/dotnet/packs/Microsoft.NETCore.App.Ref/8.0.22/ref/net8.0/System.Net.Security.dll".
   5:7>ResolveAssemblyReferences:
             Reference found at search path location "{RawFileName}".
             This reference is not "CopyLocal" because at least one source item had "Private" set to "false" and no source items had "Private" set to "true".
             The ImageRuntimeVersion for this reference is "".
   7:7>ResolveAssemblyReferences:
             Reference found at search path location "{RawFileName}".
   5:7>ResolveAssemblyReferences:
         Primary reference "System.Security.Cryptography.X509Certificates, Version=8.0.0.0, Culture=neutral, PublicKeyToken=b03f5f7f11d50a3a".
             Resolved file path is "/usr/lib64/dotnet/packs/Microsoft.NETCore.App.Ref/8.0.22/ref/net8.0/System.Security.Cryptography.X509Certificates.dll".
             Reference found at search path location "{RawFileName}".
   7:7>ResolveAssemblyReferences:
             This reference is not "CopyLocal" because at least one source item had "Private" set to "false" and no source items had "Private" set to "true".
   5:7>ResolveAssemblyReferences:
             This reference is not "CopyLocal" because at least one source item had "Private" set to "false" and no source items had "Private" set to "true".
             The ImageRuntimeVersion for this reference is "".
         Primary reference "System.Security.Cryptography, Version=8.0.0.0, Culture=neutral, PublicKeyToken=b03f5f7f11d50a3a".
   7:7>ResolveAssemblyReferences:
             The ImageRuntimeVersion for this reference is "".
   5:7>ResolveAssemblyReferences:
             Resolved file path is "/usr/lib64/dotnet/packs/Microsoft.NETCore.App.Ref/8.0.22/ref/net8.0/System.Security.Cryptography.dll".
             Reference found at search path location "{RawFileName}".
             This reference is not "CopyLocal" because at least one source item had "Private" set to "false" and no source items had "Private" set to "true".
             The ImageRuntimeVersion for this reference is "".
   7:7>ResolveAssemblyReferences:
         Primary reference "System.Net.ServicePoint, Version=8.0.0.0, Culture=neutral, PublicKeyToken=cc7b13ffcd2ddd51".
   5:7>ResolveAssemblyReferences:
         Primary reference "System.Security.Principal.Windows, Version=8.0.0.0, Culture=neutral, PublicKeyToken=b03f5f7f11d50a3a".
             Resolved file path is "/usr/lib64/dotnet/packs/Microsoft.NETCore.App.Ref/8.0.22/ref/net8.0/System.Security.Principal.Windows.dll".
             Reference found at search path location "{RawFileName}".
   7:7>ResolveAssemblyReferences:
             Resolved file path is "/usr/lib64/dotnet/packs/Microsoft.NETCore.App.Ref/8.0.22/ref/net8.0/System.Net.ServicePoint.dll".
   5:7>ResolveAssemblyReferences:
             This reference is not "CopyLocal" because at least one source item had "Private" set to "false" and no source items had "Private" set to "true".
             The ImageRuntimeVersion for this reference is "".
         Primary reference "System.Security.Principal, Version=8.0.0.0, Culture=neutral, PublicKeyToken=b03f5f7f11d50a3a".
   7:7>ResolveAssemblyReferences:
             Reference found at search path location "{RawFileName}".
   5:7>ResolveAssemblyReferences:
             Resolved file path is "/usr/lib64/dotnet/packs/Microsoft.NETCore.App.Ref/8.0.22/ref/net8.0/System.Security.Principal.dll".
             Reference found at search path location "{RawFileName}".
             This reference is not "CopyLocal" because at least one source item had "Private" set to "false" and no source items had "Private" set to "true".
   7:7>ResolveAssemblyReferences:
             This reference is not "CopyLocal" because at least one source item had "Private" set to "false" and no source items had "Private" set to "true".
   5:7>ResolveAssemblyReferences:
             The ImageRuntimeVersion for this reference is "".
         Primary reference "System.Security.SecureString, Version=8.0.0.0, Culture=neutral, PublicKeyToken=b03f5f7f11d50a3a".
             Resolved file path is "/usr/lib64/dotnet/packs/Microsoft.NETCore.App.Ref/8.0.22/ref/net8.0/System.Security.SecureString.dll".
   7:7>ResolveAssemblyReferences:
             The ImageRuntimeVersion for this reference is "".
   5:7>ResolveAssemblyReferences:
             Reference found at search path location "{RawFileName}".
             This reference is not "CopyLocal" because at least one source item had "Private" set to "false" and no source items had "Private" set to "true".
             The ImageRuntimeVersion for this reference is "".
         Primary reference "System.Security, Version=4.0.0.0, Culture=neutral, PublicKeyToken=b03f5f7f11d50a3a".
   7:7>ResolveAssemblyReferences:
         Primary reference "System.Net.Sockets, Version=8.0.0.0, Culture=neutral, PublicKeyToken=b03f5f7f11d50a3a".
   5:7>ResolveAssemblyReferences:
             Resolved file path is "/usr/lib64/dotnet/packs/Microsoft.NETCore.App.Ref/8.0.22/ref/net8.0/System.Security.dll".
             Reference found at search path location "{RawFileName}".
   7:7>ResolveAssemblyReferences:
             Resolved file path is "/usr/lib64/dotnet/packs/Microsoft.NETCore.App.Ref/8.0.22/ref/net8.0/System.Net.Sockets.dll".
   5:7>ResolveAssemblyReferences:
             This reference is not "CopyLocal" because at least one source item had "Private" set to "false" and no source items had "Private" set to "true".
             The ImageRuntimeVersion for this reference is "".
   7:7>ResolveAssemblyReferences:
             Reference found at search path location "{RawFileName}".
   5:7>ResolveAssemblyReferences:
         Primary reference "System.ServiceModel.Web, Version=4.0.0.0, Culture=neutral, PublicKeyToken=31bf3856ad364e35".
             Resolved file path is "/usr/lib64/dotnet/packs/Microsoft.NETCore.App.Ref/8.0.22/ref/net8.0/System.ServiceModel.Web.dll".
             Reference found at search path location "{RawFileName}".
             This reference is not "CopyLocal" because at least one source item had "Private" set to "false" and no source items had "Private" set to "true".
             The ImageRuntimeVersion for this reference is "".
         Primary reference "System.ServiceProcess, Version=4.0.0.0, Culture=neutral, PublicKeyToken=b03f5f7f11d50a3a".
             Resolved file path is "/usr/lib64/dotnet/packs/Microsoft.NETCore.App.Ref/8.0.22/ref/net8.0/System.ServiceProcess.dll".
             Reference found at search path location "{RawFileName}".
   7:7>ResolveAssemblyReferences:
             This reference is not "CopyLocal" because at least one source item had "Private" set to "false" and no source items had "Private" set to "true".
   5:7>ResolveAssemblyReferences:
             This reference is not "CopyLocal" because at least one source item had "Private" set to "false" and no source items had "Private" set to "true".
             The ImageRuntimeVersion for this reference is "".
         Primary reference "System.Text.Encoding.CodePages, Version=8.0.0.0, Culture=neutral, PublicKeyToken=b03f5f7f11d50a3a".
             Resolved file path is "/usr/lib64/dotnet/packs/Microsoft.NETCore.App.Ref/8.0.22/ref/net8.0/System.Text.Encoding.CodePages.dll".
             Reference found at search path location "{RawFileName}".
   7:7>ResolveAssemblyReferences:
             The ImageRuntimeVersion for this reference is "".
   5:7>ResolveAssemblyReferences:
             This reference is not "CopyLocal" because at least one source item had "Private" set to "false" and no source items had "Private" set to "true".
             The ImageRuntimeVersion for this reference is "".
   7:7>ResolveAssemblyReferences:
         Primary reference "System.Net.WebClient, Version=8.0.0.0, Culture=neutral, PublicKeyToken=cc7b13ffcd2ddd51".
   5:7>ResolveAssemblyReferences:
         Primary reference "System.Text.Encoding.Extensions, Version=8.0.0.0, Culture=neutral, PublicKeyToken=b03f5f7f11d50a3a".
   7:7>ResolveAssemblyReferences:
             Resolved file path is "/usr/lib64/dotnet/packs/Microsoft.NETCore.App.Ref/8.0.22/ref/net8.0/System.Net.WebClient.dll".
   5:7>ResolveAssemblyReferences:
             Resolved file path is "/usr/lib64/dotnet/packs/Microsoft.NETCore.App.Ref/8.0.22/ref/net8.0/System.Text.Encoding.Extensions.dll".
   7:7>ResolveAssemblyReferences:
             Reference found at search path location "{RawFileName}".
   5:7>ResolveAssemblyReferences:
             Reference found at search path location "{RawFileName}".
   7:7>ResolveAssemblyReferences:
             This reference is not "CopyLocal" because at least one source item had "Private" set to "false" and no source items had "Private" set to "true".
   5:7>ResolveAssemblyReferences:
             This reference is not "CopyLocal" because at least one source item had "Private" set to "false" and no source items had "Private" set to "true".
   7:7>ResolveAssemblyReferences:
             The ImageRuntimeVersion for this reference is "".
   5:7>ResolveAssemblyReferences:
             The ImageRuntimeVersion for this reference is "".
   7:7>ResolveAssemblyReferences:
         Primary reference "System.Net.WebHeaderCollection, Version=8.0.0.0, Culture=neutral, PublicKeyToken=b03f5f7f11d50a3a".
   5:7>ResolveAssemblyReferences:
         Primary reference "System.Text.Encoding, Version=8.0.0.0, Culture=neutral, PublicKeyToken=b03f5f7f11d50a3a".
   7:7>ResolveAssemblyReferences:
             Resolved file path is "/usr/lib64/dotnet/packs/Microsoft.NETCore.App.Ref/8.0.22/ref/net8.0/System.Net.WebHeaderCollection.dll".
   5:7>ResolveAssemblyReferences:
             Resolved file path is "/usr/lib64/dotnet/packs/Microsoft.NETCore.App.Ref/8.0.22/ref/net8.0/System.Text.Encoding.dll".
   7:7>ResolveAssemblyReferences:
             Reference found at search path location "{RawFileName}".
   5:7>ResolveAssemblyReferences:
             Reference found at search path location "{RawFileName}".
   7:7>ResolveAssemblyReferences:
             This reference is not "CopyLocal" because at least one source item had "Private" set to "false" and no source items had "Private" set to "true".
   5:7>ResolveAssemblyReferences:
             This reference is not "CopyLocal" because at least one source item had "Private" set to "false" and no source items had "Private" set to "true".
   7:7>ResolveAssemblyReferences:
             The ImageRuntimeVersion for this reference is "".
   5:7>ResolveAssemblyReferences:
             The ImageRuntimeVersion for this reference is "".
   7:7>ResolveAssemblyReferences:
         Primary reference "System.Net.WebProxy, Version=8.0.0.0, Culture=neutral, PublicKeyToken=cc7b13ffcd2ddd51".
   5:7>ResolveAssemblyReferences:
         Primary reference "System.Text.Encodings.Web, Version=8.0.0.0, Culture=neutral, PublicKeyToken=cc7b13ffcd2ddd51".
   7:7>ResolveAssemblyReferences:
             Resolved file path is "/usr/lib64/dotnet/packs/Microsoft.NETCore.App.Ref/8.0.22/ref/net8.0/System.Net.WebProxy.dll".
   5:7>ResolveAssemblyReferences:
             Resolved file path is "/usr/lib64/dotnet/packs/Microsoft.NETCore.App.Ref/8.0.22/ref/net8.0/System.Text.Encodings.Web.dll".
             Reference found at search path location "{RawFileName}".
   7:7>ResolveAssemblyReferences:
             Reference found at search path location "{RawFileName}".
   5:7>ResolveAssemblyReferences:
             This reference is not "CopyLocal" because at least one source item had "Private" set to "false" and no source items had "Private" set to "true".
             The ImageRuntimeVersion for this reference is "".
         Primary reference "System.Text.Json, Version=8.0.0.0, Culture=neutral, PublicKeyToken=cc7b13ffcd2ddd51".
             Resolved file path is "/usr/lib64/dotnet/packs/Microsoft.NETCore.App.Ref/8.0.22/ref/net8.0/System.Text.Json.dll".
   7:7>ResolveAssemblyReferences:
             This reference is not "CopyLocal" because at least one source item had "Private" set to "false" and no source items had "Private" set to "true".
   5:7>ResolveAssemblyReferences:
             Reference found at search path location "{RawFileName}".
   7:7>ResolveAssemblyReferences:
             The ImageRuntimeVersion for this reference is "".
   5:7>ResolveAssemblyReferences:
             This reference is not "CopyLocal" because at least one source item had "Private" set to "false" and no source items had "Private" set to "true".
   7:7>ResolveAssemblyReferences:
         Primary reference "System.Net.WebSockets.Client, Version=8.0.0.0, Culture=neutral, PublicKeyToken=b03f5f7f11d50a3a".
   5:7>ResolveAssemblyReferences:
             The ImageRuntimeVersion for this reference is "".
   7:7>ResolveAssemblyReferences:
             Resolved file path is "/usr/lib64/dotnet/packs/Microsoft.NETCore.App.Ref/8.0.22/ref/net8.0/System.Net.WebSockets.Client.dll".
   5:7>ResolveAssemblyReferences:
         Primary reference "System.Text.RegularExpressions, Version=8.0.0.0, Culture=neutral, PublicKeyToken=b03f5f7f11d50a3a".
   7:7>ResolveAssemblyReferences:
             Reference found at search path location "{RawFileName}".
   5:7>ResolveAssemblyReferences:
             Resolved file path is "/usr/lib64/dotnet/packs/Microsoft.NETCore.App.Ref/8.0.22/ref/net8.0/System.Text.RegularExpressions.dll".
   7:7>ResolveAssemblyReferences:
             This reference is not "CopyLocal" because at least one source item had "Private" set to "false" and no source items had "Private" set to "true".
   5:7>ResolveAssemblyReferences:
             Reference found at search path location "{RawFileName}".
   7:7>ResolveAssemblyReferences:
             The ImageRuntimeVersion for this reference is "".
   5:7>ResolveAssemblyReferences:
             This reference is not "CopyLocal" because at least one source item had "Private" set to "false" and no source items had "Private" set to "true".
   7:7>ResolveAssemblyReferences:
         Primary reference "System.Net.WebSockets, Version=8.0.0.0, Culture=neutral, PublicKeyToken=b03f5f7f11d50a3a".
   5:7>ResolveAssemblyReferences:
             The ImageRuntimeVersion for this reference is "".
   7:7>ResolveAssemblyReferences:
             Resolved file path is "/usr/lib64/dotnet/packs/Microsoft.NETCore.App.Ref/8.0.22/ref/net8.0/System.Net.WebSockets.dll".
   5:7>ResolveAssemblyReferences:
         Primary reference "System.Threading.Channels, Version=8.0.0.0, Culture=neutral, PublicKeyToken=cc7b13ffcd2ddd51".
   7:7>ResolveAssemblyReferences:
             Reference found at search path location "{RawFileName}".
   5:7>ResolveAssemblyReferences:
             Resolved file path is "/usr/lib64/dotnet/packs/Microsoft.NETCore.App.Ref/8.0.22/ref/net8.0/System.Threading.Channels.dll".
   7:7>ResolveAssemblyReferences:
             This reference is not "CopyLocal" because at least one source item had "Private" set to "false" and no source items had "Private" set to "true".
   5:7>ResolveAssemblyReferences:
             Reference found at search path location "{RawFileName}".
   7:7>ResolveAssemblyReferences:
             The ImageRuntimeVersion for this reference is "".
   5:7>ResolveAssemblyReferences:
             This reference is not "CopyLocal" because at least one source item had "Private" set to "false" and no source items had "Private" set to "true".
   7:7>ResolveAssemblyReferences:
         Primary reference "System.Net, Version=4.0.0.0, Culture=neutral, PublicKeyToken=b03f5f7f11d50a3a".
   5:7>ResolveAssemblyReferences:
             The ImageRuntimeVersion for this reference is "".
   7:7>ResolveAssemblyReferences:
             Resolved file path is "/usr/lib64/dotnet/packs/Microsoft.NETCore.App.Ref/8.0.22/ref/net8.0/System.Net.dll".
   5:7>ResolveAssemblyReferences:
         Primary reference "System.Threading.Overlapped, Version=8.0.0.0, Culture=neutral, PublicKeyToken=b03f5f7f11d50a3a".
   7:7>ResolveAssemblyReferences:
             Reference found at search path location "{RawFileName}".
   5:7>ResolveAssemblyReferences:
             Resolved file path is "/usr/lib64/dotnet/packs/Microsoft.NETCore.App.Ref/8.0.22/ref/net8.0/System.Threading.Overlapped.dll".
   7:7>ResolveAssemblyReferences:
             This reference is not "CopyLocal" because at least one source item had "Private" set to "false" and no source items had "Private" set to "true".
   5:7>ResolveAssemblyReferences:
             Reference found at search path location "{RawFileName}".
   7:7>ResolveAssemblyReferences:
             The ImageRuntimeVersion for this reference is "".
   5:7>ResolveAssemblyReferences:
             This reference is not "CopyLocal" because at least one source item had "Private" set to "false" and no source items had "Private" set to "true".
   7:7>ResolveAssemblyReferences:
         Primary reference "System.Numerics.Vectors, Version=8.0.0.0, Culture=neutral, PublicKeyToken=b03f5f7f11d50a3a".
   5:7>ResolveAssemblyReferences:
             The ImageRuntimeVersion for this reference is "".
   7:7>ResolveAssemblyReferences:
             Resolved file path is "/usr/lib64/dotnet/packs/Microsoft.NETCore.App.Ref/8.0.22/ref/net8.0/System.Numerics.Vectors.dll".
   5:7>ResolveAssemblyReferences:
         Primary reference "System.Threading.Tasks.Dataflow, Version=8.0.0.0, Culture=neutral, PublicKeyToken=b03f5f7f11d50a3a".
   7:7>ResolveAssemblyReferences:
             Reference found at search path location "{RawFileName}".
   5:7>ResolveAssemblyReferences:
             Resolved file path is "/usr/lib64/dotnet/packs/Microsoft.NETCore.App.Ref/8.0.22/ref/net8.0/System.Threading.Tasks.Dataflow.dll".
   7:7>ResolveAssemblyReferences:
             This reference is not "CopyLocal" because at least one source item had "Private" set to "false" and no source items had "Private" set to "true".
   5:7>ResolveAssemblyReferences:
             Reference found at search path location "{RawFileName}".
   7:7>ResolveAssemblyReferences:
             The ImageRuntimeVersion for this reference is "".
   5:7>ResolveAssemblyReferences:
             This reference is not "CopyLocal" because at least one source item had "Private" set to "false" and no source items had "Private" set to "true".
   7:7>ResolveAssemblyReferences:
         Primary reference "System.Numerics, Version=4.0.0.0, Culture=neutral, PublicKeyToken=b77a5c561934e089".
   5:7>ResolveAssemblyReferences:
             The ImageRuntimeVersion for this reference is "".
   7:7>ResolveAssemblyReferences:
             Resolved file path is "/usr/lib64/dotnet/packs/Microsoft.NETCore.App.Ref/8.0.22/ref/net8.0/System.Numerics.dll".
   5:7>ResolveAssemblyReferences:
         Primary reference "System.Threading.Tasks.Extensions, Version=8.0.0.0, Culture=neutral, PublicKeyToken=cc7b13ffcd2ddd51".
   7:7>ResolveAssemblyReferences:
             Reference found at search path location "{RawFileName}".
   5:7>ResolveAssemblyReferences:
             Resolved file path is "/usr/lib64/dotnet/packs/Microsoft.NETCore.App.Ref/8.0.22/ref/net8.0/System.Threading.Tasks.Extensions.dll".
   7:7>ResolveAssemblyReferences:
             This reference is not "CopyLocal" because at least one source item had "Private" set to "false" and no source items had "Private" set to "true".
   5:7>ResolveAssemblyReferences:
             Reference found at search path location "{RawFileName}".
   7:7>ResolveAssemblyReferences:
             The ImageRuntimeVersion for this reference is "".
   5:7>ResolveAssemblyReferences:
             This reference is not "CopyLocal" because at least one source item had "Private" set to "false" and no source items had "Private" set to "true".
   7:7>ResolveAssemblyReferences:
         Primary reference "System.ObjectModel, Version=8.0.0.0, Culture=neutral, PublicKeyToken=b03f5f7f11d50a3a".
   5:7>ResolveAssemblyReferences:
             The ImageRuntimeVersion for this reference is "".
   7:7>ResolveAssemblyReferences:
             Resolved file path is "/usr/lib64/dotnet/packs/Microsoft.NETCore.App.Ref/8.0.22/ref/net8.0/System.ObjectModel.dll".
   5:7>ResolveAssemblyReferences:
         Primary reference "System.Threading.Tasks.Parallel, Version=8.0.0.0, Culture=neutral, PublicKeyToken=b03f5f7f11d50a3a".
   7:7>ResolveAssemblyReferences:
             Reference found at search path location "{RawFileName}".
   5:7>ResolveAssemblyReferences:
             Resolved file path is "/usr/lib64/dotnet/packs/Microsoft.NETCore.App.Ref/8.0.22/ref/net8.0/System.Threading.Tasks.Parallel.dll".
   7:7>ResolveAssemblyReferences:
             This reference is not "CopyLocal" because at least one source item had "Private" set to "false" and no source items had "Private" set to "true".
             The ImageRuntimeVersion for this reference is "".
   5:7>ResolveAssemblyReferences:
             Reference found at search path location "{RawFileName}".
   7:7>ResolveAssemblyReferences:
         Primary reference "System.Reflection.DispatchProxy, Version=8.0.0.0, Culture=neutral, PublicKeyToken=b03f5f7f11d50a3a".
   5:7>ResolveAssemblyReferences:
             This reference is not "CopyLocal" because at least one source item had "Private" set to "false" and no source items had "Private" set to "true".
   7:7>ResolveAssemblyReferences:
             Resolved file path is "/usr/lib64/dotnet/packs/Microsoft.NETCore.App.Ref/8.0.22/ref/net8.0/System.Reflection.DispatchProxy.dll".
   5:7>ResolveAssemblyReferences:
             The ImageRuntimeVersion for this reference is "".
   7:7>ResolveAssemblyReferences:
             Reference found at search path location "{RawFileName}".
   5:7>ResolveAssemblyReferences:
         Primary reference "System.Threading.Tasks, Version=8.0.0.0, Culture=neutral, PublicKeyToken=b03f5f7f11d50a3a".
   7:7>ResolveAssemblyReferences:
             This reference is not "CopyLocal" because at least one source item had "Private" set to "false" and no source items had "Private" set to "true".
   5:7>ResolveAssemblyReferences:
             Resolved file path is "/usr/lib64/dotnet/packs/Microsoft.NETCore.App.Ref/8.0.22/ref/net8.0/System.Threading.Tasks.dll".
   7:7>ResolveAssemblyReferences:
             The ImageRuntimeVersion for this reference is "".
   5:7>ResolveAssemblyReferences:
             Reference found at search path location "{RawFileName}".
   7:7>ResolveAssemblyReferences:
         Primary reference "System.Reflection.Emit.ILGeneration, Version=8.0.0.0, Culture=neutral, PublicKeyToken=b03f5f7f11d50a3a".
   5:7>ResolveAssemblyReferences:
             This reference is not "CopyLocal" because at least one source item had "Private" set to "false" and no source items had "Private" set to "true".
   7:7>ResolveAssemblyReferences:
             Resolved file path is "/usr/lib64/dotnet/packs/Microsoft.NETCore.App.Ref/8.0.22/ref/net8.0/System.Reflection.Emit.ILGeneration.dll".
   5:7>ResolveAssemblyReferences:
             The ImageRuntimeVersion for this reference is "".
   7:7>ResolveAssemblyReferences:
             Reference found at search path location "{RawFileName}".
   5:7>ResolveAssemblyReferences:
         Primary reference "System.Threading.Thread, Version=8.0.0.0, Culture=neutral, PublicKeyToken=b03f5f7f11d50a3a".
   7:7>ResolveAssemblyReferences:
             This reference is not "CopyLocal" because at least one source item had "Private" set to "false" and no source items had "Private" set to "true".
   5:7>ResolveAssemblyReferences:
             Resolved file path is "/usr/lib64/dotnet/packs/Microsoft.NETCore.App.Ref/8.0.22/ref/net8.0/System.Threading.Thread.dll".
   7:7>ResolveAssemblyReferences:
             The ImageRuntimeVersion for this reference is "".
   5:7>ResolveAssemblyReferences:
             Reference found at search path location "{RawFileName}".
   7:7>ResolveAssemblyReferences:
         Primary reference "System.Reflection.Emit.Lightweight, Version=8.0.0.0, Culture=neutral, PublicKeyToken=b03f5f7f11d50a3a".
   5:7>ResolveAssemblyReferences:
             This reference is not "CopyLocal" because at least one source item had "Private" set to "false" and no source items had "Private" set to "true".
   7:7>ResolveAssemblyReferences:
             Resolved file path is "/usr/lib64/dotnet/packs/Microsoft.NETCore.App.Ref/8.0.22/ref/net8.0/System.Reflection.Emit.Lightweight.dll".
   5:7>ResolveAssemblyReferences:
             The ImageRuntimeVersion for this reference is "".
   7:7>ResolveAssemblyReferences:
             Reference found at search path location "{RawFileName}".
   5:7>ResolveAssemblyReferences:
         Primary reference "System.Threading.ThreadPool, Version=8.0.0.0, Culture=neutral, PublicKeyToken=b03f5f7f11d50a3a".
   7:7>ResolveAssemblyReferences:
             This reference is not "CopyLocal" because at least one source item had "Private" set to "false" and no source items had "Private" set to "true".
   5:7>ResolveAssemblyReferences:
             Resolved file path is "/usr/lib64/dotnet/packs/Microsoft.NETCore.App.Ref/8.0.22/ref/net8.0/System.Threading.ThreadPool.dll".
   7:7>ResolveAssemblyReferences:
             The ImageRuntimeVersion for this reference is "".
   5:7>ResolveAssemblyReferences:
             Reference found at search path location "{RawFileName}".
   7:7>ResolveAssemblyReferences:
         Primary reference "System.Reflection.Emit, Version=8.0.0.0, Culture=neutral, PublicKeyToken=b03f5f7f11d50a3a".
   5:7>ResolveAssemblyReferences:
             This reference is not "CopyLocal" because at least one source item had "Private" set to "false" and no source items had "Private" set to "true".
   7:7>ResolveAssemblyReferences:
             Resolved file path is "/usr/lib64/dotnet/packs/Microsoft.NETCore.App.Ref/8.0.22/ref/net8.0/System.Reflection.Emit.dll".
   5:7>ResolveAssemblyReferences:
             The ImageRuntimeVersion for this reference is "".
   7:7>ResolveAssemblyReferences:
             Reference found at search path location "{RawFileName}".
   5:7>ResolveAssemblyReferences:
         Primary reference "System.Threading.Timer, Version=8.0.0.0, Culture=neutral, PublicKeyToken=b03f5f7f11d50a3a".
   7:7>ResolveAssemblyReferences:
             This reference is not "CopyLocal" because at least one source item had "Private" set to "false" and no source items had "Private" set to "true".
   5:7>ResolveAssemblyReferences:
             Resolved file path is "/usr/lib64/dotnet/packs/Microsoft.NETCore.App.Ref/8.0.22/ref/net8.0/System.Threading.Timer.dll".
   7:7>ResolveAssemblyReferences:
             The ImageRuntimeVersion for this reference is "".
   5:7>ResolveAssemblyReferences:
             Reference found at search path location "{RawFileName}".
   7:7>ResolveAssemblyReferences:
         Primary reference "System.Reflection.Extensions, Version=8.0.0.0, Culture=neutral, PublicKeyToken=b03f5f7f11d50a3a".
   5:7>ResolveAssemblyReferences:
             This reference is not "CopyLocal" because at least one source item had "Private" set to "false" and no source items had "Private" set to "true".
   7:7>ResolveAssemblyReferences:
             Resolved file path is "/usr/lib64/dotnet/packs/Microsoft.NETCore.App.Ref/8.0.22/ref/net8.0/System.Reflection.Extensions.dll".
   5:7>ResolveAssemblyReferences:
             The ImageRuntimeVersion for this reference is "".
   7:7>ResolveAssemblyReferences:
             Reference found at search path location "{RawFileName}".
   5:7>ResolveAssemblyReferences:
         Primary reference "System.Threading, Version=8.0.0.0, Culture=neutral, PublicKeyToken=b03f5f7f11d50a3a".
   7:7>ResolveAssemblyReferences:
             This reference is not "CopyLocal" because at least one source item had "Private" set to "false" and no source items had "Private" set to "true".
   5:7>ResolveAssemblyReferences:
             Resolved file path is "/usr/lib64/dotnet/packs/Microsoft.NETCore.App.Ref/8.0.22/ref/net8.0/System.Threading.dll".
   7:7>ResolveAssemblyReferences:
             The ImageRuntimeVersion for this reference is "".
   5:7>ResolveAssemblyReferences:
             Reference found at search path location "{RawFileName}".
   7:7>ResolveAssemblyReferences:
         Primary reference "System.Reflection.Metadata, Version=8.0.0.0, Culture=neutral, PublicKeyToken=b03f5f7f11d50a3a".
   5:7>ResolveAssemblyReferences:
             This reference is not "CopyLocal" because at least one source item had "Private" set to "false" and no source items had "Private" set to "true".
             The ImageRuntimeVersion for this reference is "".
   7:7>ResolveAssemblyReferences:
             Resolved file path is "/usr/lib64/dotnet/packs/Microsoft.NETCore.App.Ref/8.0.22/ref/net8.0/System.Reflection.Metadata.dll".
   5:7>ResolveAssemblyReferences:
         Primary reference "System.Transactions.Local, Version=8.0.0.0, Culture=neutral, PublicKeyToken=cc7b13ffcd2ddd51".
   7:7>ResolveAssemblyReferences:
             Reference found at search path location "{RawFileName}".
   5:7>ResolveAssemblyReferences:
             Resolved file path is "/usr/lib64/dotnet/packs/Microsoft.NETCore.App.Ref/8.0.22/ref/net8.0/System.Transactions.Local.dll".
   7:7>ResolveAssemblyReferences:
             This reference is not "CopyLocal" because at least one source item had "Private" set to "false" and no source items had "Private" set to "true".
   5:7>ResolveAssemblyReferences:
             Reference found at search path location "{RawFileName}".
   7:7>ResolveAssemblyReferences:
             The ImageRuntimeVersion for this reference is "".
   5:7>ResolveAssemblyReferences:
             This reference is not "CopyLocal" because at least one source item had "Private" set to "false" and no source items had "Private" set to "true".
   7:7>ResolveAssemblyReferences:
         Primary reference "System.Reflection.Primitives, Version=8.0.0.0, Culture=neutral, PublicKeyToken=b03f5f7f11d50a3a".
   5:7>ResolveAssemblyReferences:
             The ImageRuntimeVersion for this reference is "".
   7:7>ResolveAssemblyReferences:
             Resolved file path is "/usr/lib64/dotnet/packs/Microsoft.NETCore.App.Ref/8.0.22/ref/net8.0/System.Reflection.Primitives.dll".
   5:7>ResolveAssemblyReferences:
         Primary reference "System.Transactions, Version=4.0.0.0, Culture=neutral, PublicKeyToken=b77a5c561934e089".
   7:7>ResolveAssemblyReferences:
             Reference found at search path location "{RawFileName}".
   5:7>ResolveAssemblyReferences:
             Resolved file path is "/usr/lib64/dotnet/packs/Microsoft.NETCore.App.Ref/8.0.22/ref/net8.0/System.Transactions.dll".
   7:7>ResolveAssemblyReferences:
             This reference is not "CopyLocal" because at least one source item had "Private" set to "false" and no source items had "Private" set to "true".
             The ImageRuntimeVersion for this reference is "".
   5:7>ResolveAssemblyReferences:
             Reference found at search path location "{RawFileName}".
             This reference is not "CopyLocal" because at least one source item had "Private" set to "false" and no source items had "Private" set to "true".
   7:7>ResolveAssemblyReferences:
         Primary reference "System.Reflection.TypeExtensions, Version=8.0.0.0, Culture=neutral, PublicKeyToken=b03f5f7f11d50a3a".
   5:7>ResolveAssemblyReferences:
             The ImageRuntimeVersion for this reference is "".
   7:7>ResolveAssemblyReferences:
             Resolved file path is "/usr/lib64/dotnet/packs/Microsoft.NETCore.App.Ref/8.0.22/ref/net8.0/System.Reflection.TypeExtensions.dll".
   5:7>ResolveAssemblyReferences:
         Primary reference "System.ValueTuple, Version=8.0.0.0, Culture=neutral, PublicKeyToken=cc7b13ffcd2ddd51".
   7:7>ResolveAssemblyReferences:
             Reference found at search path location "{RawFileName}".
             This reference is not "CopyLocal" because at least one source item had "Private" set to "false" and no source items had "Private" set to "true".
   5:7>ResolveAssemblyReferences:
             Resolved file path is "/usr/lib64/dotnet/packs/Microsoft.NETCore.App.Ref/8.0.22/ref/net8.0/System.ValueTuple.dll".
   7:7>ResolveAssemblyReferences:
             The ImageRuntimeVersion for this reference is "".
   5:7>ResolveAssemblyReferences:
             Reference found at search path location "{RawFileName}".
   7:7>ResolveAssemblyReferences:
         Primary reference "System.Reflection, Version=8.0.0.0, Culture=neutral, PublicKeyToken=b03f5f7f11d50a3a".
   5:7>ResolveAssemblyReferences:
             This reference is not "CopyLocal" because at least one source item had "Private" set to "false" and no source items had "Private" set to "true".
   7:7>ResolveAssemblyReferences:
             Resolved file path is "/usr/lib64/dotnet/packs/Microsoft.NETCore.App.Ref/8.0.22/ref/net8.0/System.Reflection.dll".
   5:7>ResolveAssemblyReferences:
             The ImageRuntimeVersion for this reference is "".
   7:7>ResolveAssemblyReferences:
             Reference found at search path location "{RawFileName}".
             This reference is not "CopyLocal" because at least one source item had "Private" set to "false" and no source items had "Private" set to "true".
   5:7>ResolveAssemblyReferences:
         Primary reference "System.Web.HttpUtility, Version=8.0.0.0, Culture=neutral, PublicKeyToken=cc7b13ffcd2ddd51".
   7:7>ResolveAssemblyReferences:
             The ImageRuntimeVersion for this reference is "".
   5:7>ResolveAssemblyReferences:
             Resolved file path is "/usr/lib64/dotnet/packs/Microsoft.NETCore.App.Ref/8.0.22/ref/net8.0/System.Web.HttpUtility.dll".
   7:7>ResolveAssemblyReferences:
         Primary reference "System.Resources.Reader, Version=8.0.0.0, Culture=neutral, PublicKeyToken=b03f5f7f11d50a3a".
   5:7>ResolveAssemblyReferences:
             Reference found at search path location "{RawFileName}".
   7:7>ResolveAssemblyReferences:
             Resolved file path is "/usr/lib64/dotnet/packs/Microsoft.NETCore.App.Ref/8.0.22/ref/net8.0/System.Resources.Reader.dll".
   5:7>ResolveAssemblyReferences:
             This reference is not "CopyLocal" because at least one source item had "Private" set to "false" and no source items had "Private" set to "true".
   7:7>ResolveAssemblyReferences:
             Reference found at search path location "{RawFileName}".
   5:7>ResolveAssemblyReferences:
             The ImageRuntimeVersion for this reference is "".
   7:7>ResolveAssemblyReferences:
             This reference is not "CopyLocal" because at least one source item had "Private" set to "false" and no source items had "Private" set to "true".
   5:7>ResolveAssemblyReferences:
         Primary reference "System.Web, Version=4.0.0.0, Culture=neutral, PublicKeyToken=b03f5f7f11d50a3a".
   7:7>ResolveAssemblyReferences:
             The ImageRuntimeVersion for this reference is "".
   5:7>ResolveAssemblyReferences:
             Resolved file path is "/usr/lib64/dotnet/packs/Microsoft.NETCore.App.Ref/8.0.22/ref/net8.0/System.Web.dll".
   7:7>ResolveAssemblyReferences:
         Primary reference "System.Resources.ResourceManager, Version=8.0.0.0, Culture=neutral, PublicKeyToken=b03f5f7f11d50a3a".
   5:7>ResolveAssemblyReferences:
             Reference found at search path location "{RawFileName}".
   7:7>ResolveAssemblyReferences:
             Resolved file path is "/usr/lib64/dotnet/packs/Microsoft.NETCore.App.Ref/8.0.22/ref/net8.0/System.Resources.ResourceManager.dll".
   5:7>ResolveAssemblyReferences:
             This reference is not "CopyLocal" because at least one source item had "Private" set to "false" and no source items had "Private" set to "true".
   7:7>ResolveAssemblyReferences:
             Reference found at search path location "{RawFileName}".
   5:7>ResolveAssemblyReferences:
             The ImageRuntimeVersion for this reference is "".
   7:7>ResolveAssemblyReferences:
             This reference is not "CopyLocal" because at least one source item had "Private" set to "false" and no source items had "Private" set to "true".
   5:7>ResolveAssemblyReferences:
         Primary reference "System.Windows, Version=4.0.0.0, Culture=neutral, PublicKeyToken=b03f5f7f11d50a3a".
   7:7>ResolveAssemblyReferences:
             The ImageRuntimeVersion for this reference is "".
   5:7>ResolveAssemblyReferences:
             Resolved file path is "/usr/lib64/dotnet/packs/Microsoft.NETCore.App.Ref/8.0.22/ref/net8.0/System.Windows.dll".
   7:7>ResolveAssemblyReferences:
         Primary reference "System.Resources.Writer, Version=8.0.0.0, Culture=neutral, PublicKeyToken=b03f5f7f11d50a3a".
   5:7>ResolveAssemblyReferences:
             Reference found at search path location "{RawFileName}".
   7:7>ResolveAssemblyReferences:
             Resolved file path is "/usr/lib64/dotnet/packs/Microsoft.NETCore.App.Ref/8.0.22/ref/net8.0/System.Resources.Writer.dll".
   5:7>ResolveAssemblyReferences:
             This reference is not "CopyLocal" because at least one source item had "Private" set to "false" and no source items had "Private" set to "true".
   7:7>ResolveAssemblyReferences:
             Reference found at search path location "{RawFileName}".
   5:7>ResolveAssemblyReferences:
             The ImageRuntimeVersion for this reference is "".
   7:7>ResolveAssemblyReferences:
             This reference is not "CopyLocal" because at least one source item had "Private" set to "false" and no source items had "Private" set to "true".
   5:7>ResolveAssemblyReferences:
         Primary reference "System.Xml.Linq, Version=4.0.0.0, Culture=neutral, PublicKeyToken=b77a5c561934e089".
   7:7>ResolveAssemblyReferences:
             The ImageRuntimeVersion for this reference is "".
   5:7>ResolveAssemblyReferences:
             Resolved file path is "/usr/lib64/dotnet/packs/Microsoft.NETCore.App.Ref/8.0.22/ref/net8.0/System.Xml.Linq.dll".
   7:7>ResolveAssemblyReferences:
         Primary reference "System.Runtime.CompilerServices.Unsafe, Version=8.0.0.0, Culture=neutral, PublicKeyToken=b03f5f7f11d50a3a".
   5:7>ResolveAssemblyReferences:
             Reference found at search path location "{RawFileName}".
   7:7>ResolveAssemblyReferences:
             Resolved file path is "/usr/lib64/dotnet/packs/Microsoft.NETCore.App.Ref/8.0.22/ref/net8.0/System.Runtime.CompilerServices.Unsafe.dll".
   5:7>ResolveAssemblyReferences:
             This reference is not "CopyLocal" because at least one source item had "Private" set to "false" and no source items had "Private" set to "true".
   7:7>ResolveAssemblyReferences:
             Reference found at search path location "{RawFileName}".
   5:7>ResolveAssemblyReferences:
             The ImageRuntimeVersion for this reference is "".
   7:7>ResolveAssemblyReferences:
             This reference is not "CopyLocal" because at least one source item had "Private" set to "false" and no source items had "Private" set to "true".
   5:7>ResolveAssemblyReferences:
         Primary reference "System.Xml.ReaderWriter, Version=8.0.0.0, Culture=neutral, PublicKeyToken=b03f5f7f11d50a3a".
   7:7>ResolveAssemblyReferences:
             The ImageRuntimeVersion for this reference is "".
   5:7>ResolveAssemblyReferences:
             Resolved file path is "/usr/lib64/dotnet/packs/Microsoft.NETCore.App.Ref/8.0.22/ref/net8.0/System.Xml.ReaderWriter.dll".
   7:7>ResolveAssemblyReferences:
         Primary reference "System.Runtime.CompilerServices.VisualC, Version=8.0.0.0, Culture=neutral, PublicKeyToken=b03f5f7f11d50a3a".
   5:7>ResolveAssemblyReferences:
             Reference found at search path location "{RawFileName}".
   7:7>ResolveAssemblyReferences:
             Resolved file path is "/usr/lib64/dotnet/packs/Microsoft.NETCore.App.Ref/8.0.22/ref/net8.0/System.Runtime.CompilerServices.VisualC.dll".
   5:7>ResolveAssemblyReferences:
             This reference is not "CopyLocal" because at least one source item had "Private" set to "false" and no source items had "Private" set to "true".
   7:7>ResolveAssemblyReferences:
             Reference found at search path location "{RawFileName}".
   5:7>ResolveAssemblyReferences:
             The ImageRuntimeVersion for this reference is "".
   7:7>ResolveAssemblyReferences:
             This reference is not "CopyLocal" because at least one source item had "Private" set to "false" and no source items had "Private" set to "true".
   5:7>ResolveAssemblyReferences:
         Primary reference "System.Xml.Serialization, Version=4.0.0.0, Culture=neutral, PublicKeyToken=b77a5c561934e089".
   7:7>ResolveAssemblyReferences:
             The ImageRuntimeVersion for this reference is "".
   5:7>ResolveAssemblyReferences:
             Resolved file path is "/usr/lib64/dotnet/packs/Microsoft.NETCore.App.Ref/8.0.22/ref/net8.0/System.Xml.Serialization.dll".
   7:7>ResolveAssemblyReferences:
         Primary reference "System.Runtime.Extensions, Version=8.0.0.0, Culture=neutral, PublicKeyToken=b03f5f7f11d50a3a".
   5:7>ResolveAssemblyReferences:
             Reference found at search path location "{RawFileName}".
   7:7>ResolveAssemblyReferences:
             Resolved file path is "/usr/lib64/dotnet/packs/Microsoft.NETCore.App.Ref/8.0.22/ref/net8.0/System.Runtime.Extensions.dll".
   5:7>ResolveAssemblyReferences:
             This reference is not "CopyLocal" because at least one source item had "Private" set to "false" and no source items had "Private" set to "true".
   7:7>ResolveAssemblyReferences:
             Reference found at search path location "{RawFileName}".
   5:7>ResolveAssemblyReferences:
             The ImageRuntimeVersion for this reference is "".
   7:7>ResolveAssemblyReferences:
             This reference is not "CopyLocal" because at least one source item had "Private" set to "false" and no source items had "Private" set to "true".
   5:7>ResolveAssemblyReferences:
         Primary reference "System.Xml.XDocument, Version=8.0.0.0, Culture=neutral, PublicKeyToken=b03f5f7f11d50a3a".
   7:7>ResolveAssemblyReferences:
             The ImageRuntimeVersion for this reference is "".
   5:7>ResolveAssemblyReferences:
             Resolved file path is "/usr/lib64/dotnet/packs/Microsoft.NETCore.App.Ref/8.0.22/ref/net8.0/System.Xml.XDocument.dll".
   7:7>ResolveAssemblyReferences:
         Primary reference "System.Runtime.Handles, Version=8.0.0.0, Culture=neutral, PublicKeyToken=b03f5f7f11d50a3a".
   5:7>ResolveAssemblyReferences:
             Reference found at search path location "{RawFileName}".
   7:7>ResolveAssemblyReferences:
             Resolved file path is "/usr/lib64/dotnet/packs/Microsoft.NETCore.App.Ref/8.0.22/ref/net8.0/System.Runtime.Handles.dll".
   5:7>ResolveAssemblyReferences:
             This reference is not "CopyLocal" because at least one source item had "Private" set to "false" and no source items had "Private" set to "true".
   7:7>ResolveAssemblyReferences:
             Reference found at search path location "{RawFileName}".
   5:7>ResolveAssemblyReferences:
             The ImageRuntimeVersion for this reference is "".
   7:7>ResolveAssemblyReferences:
             This reference is not "CopyLocal" because at least one source item had "Private" set to "false" and no source items had "Private" set to "true".
   5:7>ResolveAssemblyReferences:
         Primary reference "System.Xml.XPath.XDocument, Version=8.0.0.0, Culture=neutral, PublicKeyToken=b03f5f7f11d50a3a".
   7:7>ResolveAssemblyReferences:
             The ImageRuntimeVersion for this reference is "".
   5:7>ResolveAssemblyReferences:
             Resolved file path is "/usr/lib64/dotnet/packs/Microsoft.NETCore.App.Ref/8.0.22/ref/net8.0/System.Xml.XPath.XDocument.dll".
   7:7>ResolveAssemblyReferences:
         Primary reference "System.Runtime.InteropServices.JavaScript, Version=8.0.0.0, Culture=neutral, PublicKeyToken=b03f5f7f11d50a3a".
   5:7>ResolveAssemblyReferences:
             Reference found at search path location "{RawFileName}".
   7:7>ResolveAssemblyReferences:
             Resolved file path is "/usr/lib64/dotnet/packs/Microsoft.NETCore.App.Ref/8.0.22/ref/net8.0/System.Runtime.InteropServices.JavaScript.dll".
   5:7>ResolveAssemblyReferences:
             This reference is not "CopyLocal" because at least one source item had "Private" set to "false" and no source items had "Private" set to "true".
   7:7>ResolveAssemblyReferences:
             Reference found at search path location "{RawFileName}".
   5:7>ResolveAssemblyReferences:
             The ImageRuntimeVersion for this reference is "".
   7:7>ResolveAssemblyReferences:
             This reference is not "CopyLocal" because at least one source item had "Private" set to "false" and no source items had "Private" set to "true".
   5:7>ResolveAssemblyReferences:
         Primary reference "System.Xml.XPath, Version=8.0.0.0, Culture=neutral, PublicKeyToken=b03f5f7f11d50a3a".
   7:7>ResolveAssemblyReferences:
             The ImageRuntimeVersion for this reference is "".
   5:7>ResolveAssemblyReferences:
             Resolved file path is "/usr/lib64/dotnet/packs/Microsoft.NETCore.App.Ref/8.0.22/ref/net8.0/System.Xml.XPath.dll".
   7:7>ResolveAssemblyReferences:
         Primary reference "System.Runtime.InteropServices.RuntimeInformation, Version=8.0.0.0, Culture=neutral, PublicKeyToken=b03f5f7f11d50a3a".
   5:7>ResolveAssemblyReferences:
             Reference found at search path location "{RawFileName}".
   7:7>ResolveAssemblyReferences:
             Resolved file path is "/usr/lib64/dotnet/packs/Microsoft.NETCore.App.Ref/8.0.22/ref/net8.0/System.Runtime.InteropServices.RuntimeInformation.dll".
   5:7>ResolveAssemblyReferences:
             This reference is not "CopyLocal" because at least one source item had "Private" set to "false" and no source items had "Private" set to "true".
   7:7>ResolveAssemblyReferences:
             Reference found at search path location "{RawFileName}".
   5:7>ResolveAssemblyReferences:
             The ImageRuntimeVersion for this reference is "".
   7:7>ResolveAssemblyReferences:
             This reference is not "CopyLocal" because at least one source item had "Private" set to "false" and no source items had "Private" set to "true".
   5:7>ResolveAssemblyReferences:
         Primary reference "System.Xml.XmlDocument, Version=8.0.0.0, Culture=neutral, PublicKeyToken=b03f5f7f11d50a3a".
   7:7>ResolveAssemblyReferences:
             The ImageRuntimeVersion for this reference is "".
   5:7>ResolveAssemblyReferences:
             Resolved file path is "/usr/lib64/dotnet/packs/Microsoft.NETCore.App.Ref/8.0.22/ref/net8.0/System.Xml.XmlDocument.dll".
   7:7>ResolveAssemblyReferences:
         Primary reference "System.Runtime.InteropServices, Version=8.0.0.0, Culture=neutral, PublicKeyToken=b03f5f7f11d50a3a".
   5:7>ResolveAssemblyReferences:
             Reference found at search path location "{RawFileName}".
   7:7>ResolveAssemblyReferences:
             Resolved file path is "/usr/lib64/dotnet/packs/Microsoft.NETCore.App.Ref/8.0.22/ref/net8.0/System.Runtime.InteropServices.dll".
   5:7>ResolveAssemblyReferences:
             This reference is not "CopyLocal" because at least one source item had "Private" set to "false" and no source items had "Private" set to "true".
   7:7>ResolveAssemblyReferences:
             Reference found at search path location "{RawFileName}".
   5:7>ResolveAssemblyReferences:
             The ImageRuntimeVersion for this reference is "".
   7:7>ResolveAssemblyReferences:
             This reference is not "CopyLocal" because at least one source item had "Private" set to "false" and no source items had "Private" set to "true".
   5:7>ResolveAssemblyReferences:
         Primary reference "System.Xml.XmlSerializer, Version=8.0.0.0, Culture=neutral, PublicKeyToken=b03f5f7f11d50a3a".
   7:7>ResolveAssemblyReferences:
             The ImageRuntimeVersion for this reference is "".
   5:7>ResolveAssemblyReferences:
             Resolved file path is "/usr/lib64/dotnet/packs/Microsoft.NETCore.App.Ref/8.0.22/ref/net8.0/System.Xml.XmlSerializer.dll".
   7:7>ResolveAssemblyReferences:
         Primary reference "System.Runtime.Intrinsics, Version=8.0.0.0, Culture=neutral, PublicKeyToken=cc7b13ffcd2ddd51".
   5:7>ResolveAssemblyReferences:
             Reference found at search path location "{RawFileName}".
   7:7>ResolveAssemblyReferences:
             Resolved file path is "/usr/lib64/dotnet/packs/Microsoft.NETCore.App.Ref/8.0.22/ref/net8.0/System.Runtime.Intrinsics.dll".
   5:7>ResolveAssemblyReferences:
             This reference is not "CopyLocal" because at least one source item had "Private" set to "false" and no source items had "Private" set to "true".
   7:7>ResolveAssemblyReferences:
             Reference found at search path location "{RawFileName}".
   5:7>ResolveAssemblyReferences:
             The ImageRuntimeVersion for this reference is "".
   7:7>ResolveAssemblyReferences:
             This reference is not "CopyLocal" because at least one source item had "Private" set to "false" and no source items had "Private" set to "true".
   5:7>ResolveAssemblyReferences:
         Primary reference "System.Xml, Version=4.0.0.0, Culture=neutral, PublicKeyToken=b77a5c561934e089".
   7:7>ResolveAssemblyReferences:
             The ImageRuntimeVersion for this reference is "".
   5:7>ResolveAssemblyReferences:
             Resolved file path is "/usr/lib64/dotnet/packs/Microsoft.NETCore.App.Ref/8.0.22/ref/net8.0/System.Xml.dll".
   7:7>ResolveAssemblyReferences:
         Primary reference "System.Runtime.Loader, Version=8.0.0.0, Culture=neutral, PublicKeyToken=b03f5f7f11d50a3a".
   5:7>ResolveAssemblyReferences:
             Reference found at search path location "{RawFileName}".
   7:7>ResolveAssemblyReferences:
             Resolved file path is "/usr/lib64/dotnet/packs/Microsoft.NETCore.App.Ref/8.0.22/ref/net8.0/System.Runtime.Loader.dll".
   5:7>ResolveAssemblyReferences:
             This reference is not "CopyLocal" because at least one source item had "Private" set to "false" and no source items had "Private" set to "true".
   7:7>ResolveAssemblyReferences:
             Reference found at search path location "{RawFileName}".
   5:7>ResolveAssemblyReferences:
             The ImageRuntimeVersion for this reference is "".
   7:7>ResolveAssemblyReferences:
             This reference is not "CopyLocal" because at least one source item had "Private" set to "false" and no source items had "Private" set to "true".
   5:7>ResolveAssemblyReferences:
         Primary reference "System, Version=4.0.0.0, Culture=neutral, PublicKeyToken=b77a5c561934e089".
   7:7>ResolveAssemblyReferences:
             The ImageRuntimeVersion for this reference is "".
   5:7>ResolveAssemblyReferences:
             Resolved file path is "/usr/lib64/dotnet/packs/Microsoft.NETCore.App.Ref/8.0.22/ref/net8.0/System.dll".
   7:7>ResolveAssemblyReferences:
         Primary reference "System.Runtime.Numerics, Version=8.0.0.0, Culture=neutral, PublicKeyToken=b03f5f7f11d50a3a".
   5:7>ResolveAssemblyReferences:
             Reference found at search path location "{RawFileName}".
   7:7>ResolveAssemblyReferences:
             Resolved file path is "/usr/lib64/dotnet/packs/Microsoft.NETCore.App.Ref/8.0.22/ref/net8.0/System.Runtime.Numerics.dll".
             Reference found at search path location "{RawFileName}".
   5:7>ResolveAssemblyReferences:
             This reference is not "CopyLocal" because at least one source item had "Private" set to "false" and no source items had "Private" set to "true".
   7:7>ResolveAssemblyReferences:
             This reference is not "CopyLocal" because at least one source item had "Private" set to "false" and no source items had "Private" set to "true".
   5:7>ResolveAssemblyReferences:
             The ImageRuntimeVersion for this reference is "".
   7:7>ResolveAssemblyReferences:
             The ImageRuntimeVersion for this reference is "".
         Primary reference "System.Runtime.Serialization.Formatters, Version=8.0.0.0, Culture=neutral, PublicKeyToken=b03f5f7f11d50a3a".
   5:7>ResolveAssemblyReferences:
         Primary reference "WindowsBase, Version=4.0.0.0, Culture=neutral, PublicKeyToken=31bf3856ad364e35".
   7:7>ResolveAssemblyReferences:
             Resolved file path is "/usr/lib64/dotnet/packs/Microsoft.NETCore.App.Ref/8.0.22/ref/net8.0/System.Runtime.Serialization.Formatters.dll".
   5:7>ResolveAssemblyReferences:
             Resolved file path is "/usr/lib64/dotnet/packs/Microsoft.NETCore.App.Ref/8.0.22/ref/net8.0/WindowsBase.dll".
   7:7>ResolveAssemblyReferences:
             Reference found at search path location "{RawFileName}".
   5:7>ResolveAssemblyReferences:
             Reference found at search path location "{RawFileName}".
   7:7>ResolveAssemblyReferences:
             This reference is not "CopyLocal" because at least one source item had "Private" set to "false" and no source items had "Private" set to "true".
             The ImageRuntimeVersion for this reference is "".
   5:7>ResolveAssemblyReferences:
             This reference is not "CopyLocal" because at least one source item had "Private" set to "false" and no source items had "Private" set to "true".
             The ImageRuntimeVersion for this reference is "".
         Primary reference "mscorlib, Version=4.0.0.0, Culture=neutral, PublicKeyToken=b77a5c561934e089".
   7:7>ResolveAssemblyReferences:
         Primary reference "System.Runtime.Serialization.Json, Version=8.0.0.0, Culture=neutral, PublicKeyToken=b03f5f7f11d50a3a".
   5:7>ResolveAssemblyReferences:
             Resolved file path is "/usr/lib64/dotnet/packs/Microsoft.NETCore.App.Ref/8.0.22/ref/net8.0/mscorlib.dll".
   7:7>ResolveAssemblyReferences:
             Resolved file path is "/usr/lib64/dotnet/packs/Microsoft.NETCore.App.Ref/8.0.22/ref/net8.0/System.Runtime.Serialization.Json.dll".
   5:7>ResolveAssemblyReferences:
             Reference found at search path location "{RawFileName}".
   7:7>ResolveAssemblyReferences:
             Reference found at search path location "{RawFileName}".
   5:7>ResolveAssemblyReferences:
             This reference is not "CopyLocal" because at least one source item had "Private" set to "false" and no source items had "Private" set to "true".
   7:7>ResolveAssemblyReferences:
             This reference is not "CopyLocal" because at least one source item had "Private" set to "false" and no source items had "Private" set to "true".
   5:7>ResolveAssemblyReferences:
             The ImageRuntimeVersion for this reference is "".
   7:7>ResolveAssemblyReferences:
             The ImageRuntimeVersion for this reference is "".
   5:7>ResolveAssemblyReferences:
         Primary reference "netstandard, Version=2.1.0.0, Culture=neutral, PublicKeyToken=cc7b13ffcd2ddd51".
   7:7>ResolveAssemblyReferences:
         Primary reference "System.Runtime.Serialization.Primitives, Version=8.0.0.0, Culture=neutral, PublicKeyToken=b03f5f7f11d50a3a".
   5:7>ResolveAssemblyReferences:
             Resolved file path is "/usr/lib64/dotnet/packs/Microsoft.NETCore.App.Ref/8.0.22/ref/net8.0/netstandard.dll".
   7:7>ResolveAssemblyReferences:
             Resolved file path is "/usr/lib64/dotnet/packs/Microsoft.NETCore.App.Ref/8.0.22/ref/net8.0/System.Runtime.Serialization.Primitives.dll".
   5:7>ResolveAssemblyReferences:
             Reference found at search path location "{RawFileName}".
   7:7>ResolveAssemblyReferences:
             Reference found at search path location "{RawFileName}".
   5:7>ResolveAssemblyReferences:
             This reference is not "CopyLocal" because at least one source item had "Private" set to "false" and no source items had "Private" set to "true".
   7:7>ResolveAssemblyReferences:
             This reference is not "CopyLocal" because at least one source item had "Private" set to "false" and no source items had "Private" set to "true".
             The ImageRuntimeVersion for this reference is "".
   5:7>ResolveAssemblyReferences:
             The ImageRuntimeVersion for this reference is "".
   7:7>ResolveAssemblyReferences:
         Primary reference "System.Runtime.Serialization.Xml, Version=8.0.0.0, Culture=neutral, PublicKeyToken=b03f5f7f11d50a3a".
   5:7>ResolveAssemblyReferences:
         Primary reference "Microsoft.AspNetCore.Antiforgery, Version=8.0.0.0, Culture=neutral, PublicKeyToken=adb9793829ddae60".
   7:7>ResolveAssemblyReferences:
             Resolved file path is "/usr/lib64/dotnet/packs/Microsoft.NETCore.App.Ref/8.0.22/ref/net8.0/System.Runtime.Serialization.Xml.dll".
   5:7>ResolveAssemblyReferences:
             Resolved file path is "/usr/lib64/dotnet/packs/Microsoft.AspNetCore.App.Ref/8.0.22/ref/net8.0/Microsoft.AspNetCore.Antiforgery.dll".
   7:7>ResolveAssemblyReferences:
             Reference found at search path location "{RawFileName}".
   5:7>ResolveAssemblyReferences:
             Reference found at search path location "{RawFileName}".
   7:7>ResolveAssemblyReferences:
             This reference is not "CopyLocal" because at least one source item had "Private" set to "false" and no source items had "Private" set to "true".
   5:7>ResolveAssemblyReferences:
             This reference is not "CopyLocal" because at least one source item had "Private" set to "false" and no source items had "Private" set to "true".
   7:7>ResolveAssemblyReferences:
             The ImageRuntimeVersion for this reference is "".
   5:7>ResolveAssemblyReferences:
             The ImageRuntimeVersion for this reference is "".
   7:7>ResolveAssemblyReferences:
         Primary reference "System.Runtime.Serialization, Version=4.0.0.0, Culture=neutral, PublicKeyToken=b77a5c561934e089".
   5:7>ResolveAssemblyReferences:
         Primary reference "Microsoft.AspNetCore.Authentication.Abstractions, Version=8.0.0.0, Culture=neutral, PublicKeyToken=adb9793829ddae60".
   7:7>ResolveAssemblyReferences:
             Resolved file path is "/usr/lib64/dotnet/packs/Microsoft.NETCore.App.Ref/8.0.22/ref/net8.0/System.Runtime.Serialization.dll".
   5:7>ResolveAssemblyReferences:
             Resolved file path is "/usr/lib64/dotnet/packs/Microsoft.AspNetCore.App.Ref/8.0.22/ref/net8.0/Microsoft.AspNetCore.Authentication.Abstractions.dll".
   7:7>ResolveAssemblyReferences:
             Reference found at search path location "{RawFileName}".
   5:7>ResolveAssemblyReferences:
             Reference found at search path location "{RawFileName}".
   7:7>ResolveAssemblyReferences:
             This reference is not "CopyLocal" because at least one source item had "Private" set to "false" and no source items had "Private" set to "true".
   5:7>ResolveAssemblyReferences:
             This reference is not "CopyLocal" because at least one source item had "Private" set to "false" and no source items had "Private" set to "true".
   7:7>ResolveAssemblyReferences:
             The ImageRuntimeVersion for this reference is "".
   5:7>ResolveAssemblyReferences:
             The ImageRuntimeVersion for this reference is "".
   7:7>ResolveAssemblyReferences:
         Primary reference "System.Runtime, Version=8.0.0.0, Culture=neutral, PublicKeyToken=b03f5f7f11d50a3a".
   5:7>ResolveAssemblyReferences:
         Primary reference "Microsoft.AspNetCore.Authentication.BearerToken, Version=8.0.0.0, Culture=neutral, PublicKeyToken=adb9793829ddae60".
   7:7>ResolveAssemblyReferences:
             Resolved file path is "/usr/lib64/dotnet/packs/Microsoft.NETCore.App.Ref/8.0.22/ref/net8.0/System.Runtime.dll".
   5:7>ResolveAssemblyReferences:
             Resolved file path is "/usr/lib64/dotnet/packs/Microsoft.AspNetCore.App.Ref/8.0.22/ref/net8.0/Microsoft.AspNetCore.Authentication.BearerToken.dll".
   7:7>ResolveAssemblyReferences:
             Reference found at search path location "{RawFileName}".
   5:7>ResolveAssemblyReferences:
             Reference found at search path location "{RawFileName}".
   7:7>ResolveAssemblyReferences:
             This reference is not "CopyLocal" because at least one source item had "Private" set to "false" and no source items had "Private" set to "true".
   5:7>ResolveAssemblyReferences:
             This reference is not "CopyLocal" because at least one source item had "Private" set to "false" and no source items had "Private" set to "true".
   7:7>ResolveAssemblyReferences:
             The ImageRuntimeVersion for this reference is "".
   5:7>ResolveAssemblyReferences:
             The ImageRuntimeVersion for this reference is "".
   7:7>ResolveAssemblyReferences:
         Primary reference "System.Security.AccessControl, Version=8.0.0.0, Culture=neutral, PublicKeyToken=b03f5f7f11d50a3a".
   5:7>ResolveAssemblyReferences:
         Primary reference "Microsoft.AspNetCore.Authentication.Cookies, Version=8.0.0.0, Culture=neutral, PublicKeyToken=adb9793829ddae60".
   7:7>ResolveAssemblyReferences:
             Resolved file path is "/usr/lib64/dotnet/packs/Microsoft.NETCore.App.Ref/8.0.22/ref/net8.0/System.Security.AccessControl.dll".
   5:7>ResolveAssemblyReferences:
             Resolved file path is "/usr/lib64/dotnet/packs/Microsoft.AspNetCore.App.Ref/8.0.22/ref/net8.0/Microsoft.AspNetCore.Authentication.Cookies.dll".
   7:7>ResolveAssemblyReferences:
             Reference found at search path location "{RawFileName}".
   5:7>ResolveAssemblyReferences:
             Reference found at search path location "{RawFileName}".
   7:7>ResolveAssemblyReferences:
             This reference is not "CopyLocal" because at least one source item had "Private" set to "false" and no source items had "Private" set to "true".
   5:7>ResolveAssemblyReferences:
             This reference is not "CopyLocal" because at least one source item had "Private" set to "false" and no source items had "Private" set to "true".
   7:7>ResolveAssemblyReferences:
             The ImageRuntimeVersion for this reference is "".
   5:7>ResolveAssemblyReferences:
             The ImageRuntimeVersion for this reference is "".
   7:7>ResolveAssemblyReferences:
         Primary reference "System.Security.Claims, Version=8.0.0.0, Culture=neutral, PublicKeyToken=b03f5f7f11d50a3a".
   5:7>ResolveAssemblyReferences:
         Primary reference "Microsoft.AspNetCore.Authentication.Core, Version=8.0.0.0, Culture=neutral, PublicKeyToken=adb9793829ddae60".
   7:7>ResolveAssemblyReferences:
             Resolved file path is "/usr/lib64/dotnet/packs/Microsoft.NETCore.App.Ref/8.0.22/ref/net8.0/System.Security.Claims.dll".
   5:7>ResolveAssemblyReferences:
             Resolved file path is "/usr/lib64/dotnet/packs/Microsoft.AspNetCore.App.Ref/8.0.22/ref/net8.0/Microsoft.AspNetCore.Authentication.Core.dll".
   7:7>ResolveAssemblyReferences:
             Reference found at search path location "{RawFileName}".
   5:7>ResolveAssemblyReferences:
             Reference found at search path location "{RawFileName}".
   7:7>ResolveAssemblyReferences:
             This reference is not "CopyLocal" because at least one source item had "Private" set to "false" and no source items had "Private" set to "true".
   5:7>ResolveAssemblyReferences:
             This reference is not "CopyLocal" because at least one source item had "Private" set to "false" and no source items had "Private" set to "true".
             The ImageRuntimeVersion for this reference is "".
   7:7>ResolveAssemblyReferences:
             The ImageRuntimeVersion for this reference is "".
   5:7>ResolveAssemblyReferences:
         Primary reference "Microsoft.AspNetCore.Authentication.OAuth, Version=8.0.0.0, Culture=neutral, PublicKeyToken=adb9793829ddae60".
   7:7>ResolveAssemblyReferences:
         Primary reference "System.Security.Cryptography.Algorithms, Version=8.0.0.0, Culture=neutral, PublicKeyToken=b03f5f7f11d50a3a".
   5:7>ResolveAssemblyReferences:
             Resolved file path is "/usr/lib64/dotnet/packs/Microsoft.AspNetCore.App.Ref/8.0.22/ref/net8.0/Microsoft.AspNetCore.Authentication.OAuth.dll".
   7:7>ResolveAssemblyReferences:
             Resolved file path is "/usr/lib64/dotnet/packs/Microsoft.NETCore.App.Ref/8.0.22/ref/net8.0/System.Security.Cryptography.Algorithms.dll".
   5:7>ResolveAssemblyReferences:
             Reference found at search path location "{RawFileName}".
             This reference is not "CopyLocal" because at least one source item had "Private" set to "false" and no source items had "Private" set to "true".
   7:7>ResolveAssemblyReferences:
             Reference found at search path location "{RawFileName}".
   5:7>ResolveAssemblyReferences:
             The ImageRuntimeVersion for this reference is "".
   7:7>ResolveAssemblyReferences:
             This reference is not "CopyLocal" because at least one source item had "Private" set to "false" and no source items had "Private" set to "true".
   5:7>ResolveAssemblyReferences:
         Primary reference "Microsoft.AspNetCore.Authentication, Version=8.0.0.0, Culture=neutral, PublicKeyToken=adb9793829ddae60".
             Resolved file path is "/usr/lib64/dotnet/packs/Microsoft.AspNetCore.App.Ref/8.0.22/ref/net8.0/Microsoft.AspNetCore.Authentication.dll".
   7:7>ResolveAssemblyReferences:
             The ImageRuntimeVersion for this reference is "".
   5:7>ResolveAssemblyReferences:
             Reference found at search path location "{RawFileName}".
   7:7>ResolveAssemblyReferences:
         Primary reference "System.Security.Cryptography.Cng, Version=8.0.0.0, Culture=neutral, PublicKeyToken=b03f5f7f11d50a3a".
   5:7>ResolveAssemblyReferences:
             This reference is not "CopyLocal" because at least one source item had "Private" set to "false" and no source items had "Private" set to "true".
   7:7>ResolveAssemblyReferences:
             Resolved file path is "/usr/lib64/dotnet/packs/Microsoft.NETCore.App.Ref/8.0.22/ref/net8.0/System.Security.Cryptography.Cng.dll".
   5:7>ResolveAssemblyReferences:
             The ImageRuntimeVersion for this reference is "".
   7:7>ResolveAssemblyReferences:
             Reference found at search path location "{RawFileName}".
   5:7>ResolveAssemblyReferences:
         Primary reference "Microsoft.AspNetCore.Authorization.Policy, Version=8.0.0.0, Culture=neutral, PublicKeyToken=adb9793829ddae60".
   7:7>ResolveAssemblyReferences:
             This reference is not "CopyLocal" because at least one source item had "Private" set to "false" and no source items had "Private" set to "true".
             The ImageRuntimeVersion for this reference is "".
   5:7>ResolveAssemblyReferences:
             Resolved file path is "/usr/lib64/dotnet/packs/Microsoft.AspNetCore.App.Ref/8.0.22/ref/net8.0/Microsoft.AspNetCore.Authorization.Policy.dll".
   7:7>ResolveAssemblyReferences:
         Primary reference "System.Security.Cryptography.Csp, Version=8.0.0.0, Culture=neutral, PublicKeyToken=b03f5f7f11d50a3a".
   5:7>ResolveAssemblyReferences:
             Reference found at search path location "{RawFileName}".
   7:7>ResolveAssemblyReferences:
             Resolved file path is "/usr/lib64/dotnet/packs/Microsoft.NETCore.App.Ref/8.0.22/ref/net8.0/System.Security.Cryptography.Csp.dll".
   5:7>ResolveAssemblyReferences:
             This reference is not "CopyLocal" because at least one source item had "Private" set to "false" and no source items had "Private" set to "true".
   7:7>ResolveAssemblyReferences:
             Reference found at search path location "{RawFileName}".
   5:7>ResolveAssemblyReferences:
             The ImageRuntimeVersion for this reference is "".
   7:7>ResolveAssemblyReferences:
             This reference is not "CopyLocal" because at least one source item had "Private" set to "false" and no source items had "Private" set to "true".
   5:7>ResolveAssemblyReferences:
         Primary reference "Microsoft.AspNetCore.Authorization, Version=8.0.0.0, Culture=neutral, PublicKeyToken=adb9793829ddae60".
   7:7>ResolveAssemblyReferences:
             The ImageRuntimeVersion for this reference is "".
   5:7>ResolveAssemblyReferences:
             Resolved file path is "/usr/lib64/dotnet/packs/Microsoft.AspNetCore.App.Ref/8.0.22/ref/net8.0/Microsoft.AspNetCore.Authorization.dll".
   7:7>ResolveAssemblyReferences:
         Primary reference "System.Security.Cryptography.Encoding, Version=8.0.0.0, Culture=neutral, PublicKeyToken=b03f5f7f11d50a3a".
   5:7>ResolveAssemblyReferences:
             Reference found at search path location "{RawFileName}".
   7:7>ResolveAssemblyReferences:
             Resolved file path is "/usr/lib64/dotnet/packs/Microsoft.NETCore.App.Ref/8.0.22/ref/net8.0/System.Security.Cryptography.Encoding.dll".
   5:7>ResolveAssemblyReferences:
             This reference is not "CopyLocal" because at least one source item had "Private" set to "false" and no source items had "Private" set to "true".
   7:7>ResolveAssemblyReferences:
             Reference found at search path location "{RawFileName}".
   5:7>ResolveAssemblyReferences:
             The ImageRuntimeVersion for this reference is "".
   7:7>ResolveAssemblyReferences:
             This reference is not "CopyLocal" because at least one source item had "Private" set to "false" and no source items had "Private" set to "true".
   5:7>ResolveAssemblyReferences:
         Primary reference "Microsoft.AspNetCore.Components.Authorization, Version=8.0.0.0, Culture=neutral, PublicKeyToken=adb9793829ddae60".
   7:7>ResolveAssemblyReferences:
             The ImageRuntimeVersion for this reference is "".
   5:7>ResolveAssemblyReferences:
             Resolved file path is "/usr/lib64/dotnet/packs/Microsoft.AspNetCore.App.Ref/8.0.22/ref/net8.0/Microsoft.AspNetCore.Components.Authorization.dll".
   7:7>ResolveAssemblyReferences:
         Primary reference "System.Security.Cryptography.OpenSsl, Version=8.0.0.0, Culture=neutral, PublicKeyToken=b03f5f7f11d50a3a".
   5:7>ResolveAssemblyReferences:
             Reference found at search path location "{RawFileName}".
   7:7>ResolveAssemblyReferences:
             Resolved file path is "/usr/lib64/dotnet/packs/Microsoft.NETCore.App.Ref/8.0.22/ref/net8.0/System.Security.Cryptography.OpenSsl.dll".
   5:7>ResolveAssemblyReferences:
             This reference is not "CopyLocal" because at least one source item had "Private" set to "false" and no source items had "Private" set to "true".
             The ImageRuntimeVersion for this reference is "".
   7:7>ResolveAssemblyReferences:
             Reference found at search path location "{RawFileName}".
             This reference is not "CopyLocal" because at least one source item had "Private" set to "false" and no source items had "Private" set to "true".
   5:7>ResolveAssemblyReferences:
         Primary reference "Microsoft.AspNetCore.Components.Endpoints, Version=8.0.0.0, Culture=neutral, PublicKeyToken=adb9793829ddae60".
   7:7>ResolveAssemblyReferences:
             The ImageRuntimeVersion for this reference is "".
   5:7>ResolveAssemblyReferences:
             Resolved file path is "/usr/lib64/dotnet/packs/Microsoft.AspNetCore.App.Ref/8.0.22/ref/net8.0/Microsoft.AspNetCore.Components.Endpoints.dll".
   7:7>ResolveAssemblyReferences:
         Primary reference "System.Security.Cryptography.Primitives, Version=8.0.0.0, Culture=neutral, PublicKeyToken=b03f5f7f11d50a3a".
   5:7>ResolveAssemblyReferences:
             Reference found at search path location "{RawFileName}".
   7:7>ResolveAssemblyReferences:
             Resolved file path is "/usr/lib64/dotnet/packs/Microsoft.NETCore.App.Ref/8.0.22/ref/net8.0/System.Security.Cryptography.Primitives.dll".
   5:7>ResolveAssemblyReferences:
             This reference is not "CopyLocal" because at least one source item had "Private" set to "false" and no source items had "Private" set to "true".
   7:7>ResolveAssemblyReferences:
             Reference found at search path location "{RawFileName}".
   5:7>ResolveAssemblyReferences:
             The ImageRuntimeVersion for this reference is "".
   7:7>ResolveAssemblyReferences:
             This reference is not "CopyLocal" because at least one source item had "Private" set to "false" and no source items had "Private" set to "true".
   5:7>ResolveAssemblyReferences:
         Primary reference "Microsoft.AspNetCore.Components.Forms, Version=8.0.0.0, Culture=neutral, PublicKeyToken=adb9793829ddae60".
   7:7>ResolveAssemblyReferences:
             The ImageRuntimeVersion for this reference is "".
   5:7>ResolveAssemblyReferences:
             Resolved file path is "/usr/lib64/dotnet/packs/Microsoft.AspNetCore.App.Ref/8.0.22/ref/net8.0/Microsoft.AspNetCore.Components.Forms.dll".
   7:7>ResolveAssemblyReferences:
         Primary reference "System.Security.Cryptography.X509Certificates, Version=8.0.0.0, Culture=neutral, PublicKeyToken=b03f5f7f11d50a3a".
   5:7>ResolveAssemblyReferences:
             Reference found at search path location "{RawFileName}".
   7:7>ResolveAssemblyReferences:
             Resolved file path is "/usr/lib64/dotnet/packs/Microsoft.NETCore.App.Ref/8.0.22/ref/net8.0/System.Security.Cryptography.X509Certificates.dll".
   5:7>ResolveAssemblyReferences:
             This reference is not "CopyLocal" because at least one source item had "Private" set to "false" and no source items had "Private" set to "true".
   7:7>ResolveAssemblyReferences:
             Reference found at search path location "{RawFileName}".
   5:7>ResolveAssemblyReferences:
             The ImageRuntimeVersion for this reference is "".
   7:7>ResolveAssemblyReferences:
             This reference is not "CopyLocal" because at least one source item had "Private" set to "false" and no source items had "Private" set to "true".
   5:7>ResolveAssemblyReferences:
         Primary reference "Microsoft.AspNetCore.Components.Server, Version=8.0.0.0, Culture=neutral, PublicKeyToken=adb9793829ddae60".
   7:7>ResolveAssemblyReferences:
             The ImageRuntimeVersion for this reference is "".
   5:7>ResolveAssemblyReferences:
             Resolved file path is "/usr/lib64/dotnet/packs/Microsoft.AspNetCore.App.Ref/8.0.22/ref/net8.0/Microsoft.AspNetCore.Components.Server.dll".
   7:7>ResolveAssemblyReferences:
         Primary reference "System.Security.Cryptography, Version=8.0.0.0, Culture=neutral, PublicKeyToken=b03f5f7f11d50a3a".
   5:7>ResolveAssemblyReferences:
             Reference found at search path location "{RawFileName}".
   7:7>ResolveAssemblyReferences:
             Resolved file path is "/usr/lib64/dotnet/packs/Microsoft.NETCore.App.Ref/8.0.22/ref/net8.0/System.Security.Cryptography.dll".
   5:7>ResolveAssemblyReferences:
             This reference is not "CopyLocal" because at least one source item had "Private" set to "false" and no source items had "Private" set to "true".
   7:7>ResolveAssemblyReferences:
             Reference found at search path location "{RawFileName}".
   5:7>ResolveAssemblyReferences:
             The ImageRuntimeVersion for this reference is "".
   7:7>ResolveAssemblyReferences:
             This reference is not "CopyLocal" because at least one source item had "Private" set to "false" and no source items had "Private" set to "true".
   5:7>ResolveAssemblyReferences:
         Primary reference "Microsoft.AspNetCore.Components.Web, Version=8.0.0.0, Culture=neutral, PublicKeyToken=adb9793829ddae60".
   7:7>ResolveAssemblyReferences:
             The ImageRuntimeVersion for this reference is "".
   5:7>ResolveAssemblyReferences:
             Resolved file path is "/usr/lib64/dotnet/packs/Microsoft.AspNetCore.App.Ref/8.0.22/ref/net8.0/Microsoft.AspNetCore.Components.Web.dll".
   7:7>ResolveAssemblyReferences:
         Primary reference "System.Security.Principal.Windows, Version=8.0.0.0, Culture=neutral, PublicKeyToken=b03f5f7f11d50a3a".
   5:7>ResolveAssemblyReferences:
             Reference found at search path location "{RawFileName}".
   7:7>ResolveAssemblyReferences:
             Resolved file path is "/usr/lib64/dotnet/packs/Microsoft.NETCore.App.Ref/8.0.22/ref/net8.0/System.Security.Principal.Windows.dll".
   5:7>ResolveAssemblyReferences:
             This reference is not "CopyLocal" because at least one source item had "Private" set to "false" and no source items had "Private" set to "true".
   7:7>ResolveAssemblyReferences:
             Reference found at search path location "{RawFileName}".
   5:7>ResolveAssemblyReferences:
             The ImageRuntimeVersion for this reference is "".
   7:7>ResolveAssemblyReferences:
             This reference is not "CopyLocal" because at least one source item had "Private" set to "false" and no source items had "Private" set to "true".
   5:7>ResolveAssemblyReferences:
         Primary reference "Microsoft.AspNetCore.Components, Version=8.0.0.0, Culture=neutral, PublicKeyToken=adb9793829ddae60".
   7:7>ResolveAssemblyReferences:
             The ImageRuntimeVersion for this reference is "".
   5:7>ResolveAssemblyReferences:
             Resolved file path is "/usr/lib64/dotnet/packs/Microsoft.AspNetCore.App.Ref/8.0.22/ref/net8.0/Microsoft.AspNetCore.Components.dll".
   7:7>ResolveAssemblyReferences:
         Primary reference "System.Security.Principal, Version=8.0.0.0, Culture=neutral, PublicKeyToken=b03f5f7f11d50a3a".
   5:7>ResolveAssemblyReferences:
             Reference found at search path location "{RawFileName}".
   7:7>ResolveAssemblyReferences:
             Resolved file path is "/usr/lib64/dotnet/packs/Microsoft.NETCore.App.Ref/8.0.22/ref/net8.0/System.Security.Principal.dll".
   5:7>ResolveAssemblyReferences:
             This reference is not "CopyLocal" because at least one source item had "Private" set to "false" and no source items had "Private" set to "true".
   7:7>ResolveAssemblyReferences:
             Reference found at search path location "{RawFileName}".
   5:7>ResolveAssemblyReferences:
             The ImageRuntimeVersion for this reference is "".
   7:7>ResolveAssemblyReferences:
             This reference is not "CopyLocal" because at least one source item had "Private" set to "false" and no source items had "Private" set to "true".
   5:7>ResolveAssemblyReferences:
         Primary reference "Microsoft.AspNetCore.Connections.Abstractions, Version=8.0.0.0, Culture=neutral, PublicKeyToken=adb9793829ddae60".
   7:7>ResolveAssemblyReferences:
             The ImageRuntimeVersion for this reference is "".
   5:7>ResolveAssemblyReferences:
             Resolved file path is "/usr/lib64/dotnet/packs/Microsoft.AspNetCore.App.Ref/8.0.22/ref/net8.0/Microsoft.AspNetCore.Connections.Abstractions.dll".
   7:7>ResolveAssemblyReferences:
         Primary reference "System.Security.SecureString, Version=8.0.0.0, Culture=neutral, PublicKeyToken=b03f5f7f11d50a3a".
             Resolved file path is "/usr/lib64/dotnet/packs/Microsoft.NETCore.App.Ref/8.0.22/ref/net8.0/System.Security.SecureString.dll".
   5:7>ResolveAssemblyReferences:
             Reference found at search path location "{RawFileName}".
   7:7>ResolveAssemblyReferences:
             Reference found at search path location "{RawFileName}".
   5:7>ResolveAssemblyReferences:
             This reference is not "CopyLocal" because at least one source item had "Private" set to "false" and no source items had "Private" set to "true".
   7:7>ResolveAssemblyReferences:
             This reference is not "CopyLocal" because at least one source item had "Private" set to "false" and no source items had "Private" set to "true".
   5:7>ResolveAssemblyReferences:
             The ImageRuntimeVersion for this reference is "".
   7:7>ResolveAssemblyReferences:
             The ImageRuntimeVersion for this reference is "".
   5:7>ResolveAssemblyReferences:
         Primary reference "Microsoft.AspNetCore.CookiePolicy, Version=8.0.0.0, Culture=neutral, PublicKeyToken=adb9793829ddae60".
   7:7>ResolveAssemblyReferences:
         Primary reference "System.Security, Version=4.0.0.0, Culture=neutral, PublicKeyToken=b03f5f7f11d50a3a".
   5:7>ResolveAssemblyReferences:
             Resolved file path is "/usr/lib64/dotnet/packs/Microsoft.AspNetCore.App.Ref/8.0.22/ref/net8.0/Microsoft.AspNetCore.CookiePolicy.dll".
   7:7>ResolveAssemblyReferences:
             Resolved file path is "/usr/lib64/dotnet/packs/Microsoft.NETCore.App.Ref/8.0.22/ref/net8.0/System.Security.dll".
   5:7>ResolveAssemblyReferences:
             Reference found at search path location "{RawFileName}".
   7:7>ResolveAssemblyReferences:
             Reference found at search path location "{RawFileName}".
   5:7>ResolveAssemblyReferences:
             This reference is not "CopyLocal" because at least one source item had "Private" set to "false" and no source items had "Private" set to "true".
   7:7>ResolveAssemblyReferences:
             This reference is not "CopyLocal" because at least one source item had "Private" set to "false" and no source items had "Private" set to "true".
   5:7>ResolveAssemblyReferences:
             The ImageRuntimeVersion for this reference is "".
   7:7>ResolveAssemblyReferences:
             The ImageRuntimeVersion for this reference is "".
   5:7>ResolveAssemblyReferences:
         Primary reference "Microsoft.AspNetCore.Cors, Version=8.0.0.0, Culture=neutral, PublicKeyToken=adb9793829ddae60".
   7:7>ResolveAssemblyReferences:
         Primary reference "System.ServiceModel.Web, Version=4.0.0.0, Culture=neutral, PublicKeyToken=31bf3856ad364e35".
   5:7>ResolveAssemblyReferences:
             Resolved file path is "/usr/lib64/dotnet/packs/Microsoft.AspNetCore.App.Ref/8.0.22/ref/net8.0/Microsoft.AspNetCore.Cors.dll".
   7:7>ResolveAssemblyReferences:
             Resolved file path is "/usr/lib64/dotnet/packs/Microsoft.NETCore.App.Ref/8.0.22/ref/net8.0/System.ServiceModel.Web.dll".
   5:7>ResolveAssemblyReferences:
             Reference found at search path location "{RawFileName}".
   7:7>ResolveAssemblyReferences:
             Reference found at search path location "{RawFileName}".
   5:7>ResolveAssemblyReferences:
             This reference is not "CopyLocal" because at least one source item had "Private" set to "false" and no source items had "Private" set to "true".
   7:7>ResolveAssemblyReferences:
             This reference is not "CopyLocal" because at least one source item had "Private" set to "false" and no source items had "Private" set to "true".
   5:7>ResolveAssemblyReferences:
             The ImageRuntimeVersion for this reference is "".
   7:7>ResolveAssemblyReferences:
             The ImageRuntimeVersion for this reference is "".
   5:7>ResolveAssemblyReferences:
         Primary reference "Microsoft.AspNetCore.Cryptography.Internal, Version=8.0.0.0, Culture=neutral, PublicKeyToken=adb9793829ddae60".
   7:7>ResolveAssemblyReferences:
         Primary reference "System.ServiceProcess, Version=4.0.0.0, Culture=neutral, PublicKeyToken=b03f5f7f11d50a3a".
   5:7>ResolveAssemblyReferences:
             Resolved file path is "/usr/lib64/dotnet/packs/Microsoft.AspNetCore.App.Ref/8.0.22/ref/net8.0/Microsoft.AspNetCore.Cryptography.Internal.dll".
   7:7>ResolveAssemblyReferences:
             Resolved file path is "/usr/lib64/dotnet/packs/Microsoft.NETCore.App.Ref/8.0.22/ref/net8.0/System.ServiceProcess.dll".
   5:7>ResolveAssemblyReferences:
             Reference found at search path location "{RawFileName}".
   7:7>ResolveAssemblyReferences:
             Reference found at search path location "{RawFileName}".
   5:7>ResolveAssemblyReferences:
             This reference is not "CopyLocal" because at least one source item had "Private" set to "false" and no source items had "Private" set to "true".
   7:7>ResolveAssemblyReferences:
             This reference is not "CopyLocal" because at least one source item had "Private" set to "false" and no source items had "Private" set to "true".
   5:7>ResolveAssemblyReferences:
             The ImageRuntimeVersion for this reference is "".
   7:7>ResolveAssemblyReferences:
             The ImageRuntimeVersion for this reference is "".
   5:7>ResolveAssemblyReferences:
         Primary reference "Microsoft.AspNetCore.Cryptography.KeyDerivation, Version=8.0.0.0, Culture=neutral, PublicKeyToken=adb9793829ddae60".
   7:7>ResolveAssemblyReferences:
         Primary reference "System.Text.Encoding.CodePages, Version=8.0.0.0, Culture=neutral, PublicKeyToken=b03f5f7f11d50a3a".
   5:7>ResolveAssemblyReferences:
             Resolved file path is "/usr/lib64/dotnet/packs/Microsoft.AspNetCore.App.Ref/8.0.22/ref/net8.0/Microsoft.AspNetCore.Cryptography.KeyDerivation.dll".
   7:7>ResolveAssemblyReferences:
             Resolved file path is "/usr/lib64/dotnet/packs/Microsoft.NETCore.App.Ref/8.0.22/ref/net8.0/System.Text.Encoding.CodePages.dll".
   5:7>ResolveAssemblyReferences:
             Reference found at search path location "{RawFileName}".
   7:7>ResolveAssemblyReferences:
             Reference found at search path location "{RawFileName}".
   5:7>ResolveAssemblyReferences:
             This reference is not "CopyLocal" because at least one source item had "Private" set to "false" and no source items had "Private" set to "true".
   7:7>ResolveAssemblyReferences:
             This reference is not "CopyLocal" because at least one source item had "Private" set to "false" and no source items had "Private" set to "true".
   5:7>ResolveAssemblyReferences:
             The ImageRuntimeVersion for this reference is "".
   7:7>ResolveAssemblyReferences:
             The ImageRuntimeVersion for this reference is "".
   5:7>ResolveAssemblyReferences:
         Primary reference "Microsoft.AspNetCore.DataProtection.Abstractions, Version=8.0.0.0, Culture=neutral, PublicKeyToken=adb9793829ddae60".
   7:7>ResolveAssemblyReferences:
         Primary reference "System.Text.Encoding.Extensions, Version=8.0.0.0, Culture=neutral, PublicKeyToken=b03f5f7f11d50a3a".
   5:7>ResolveAssemblyReferences:
             Resolved file path is "/usr/lib64/dotnet/packs/Microsoft.AspNetCore.App.Ref/8.0.22/ref/net8.0/Microsoft.AspNetCore.DataProtection.Abstractions.dll".
   7:7>ResolveAssemblyReferences:
             Resolved file path is "/usr/lib64/dotnet/packs/Microsoft.NETCore.App.Ref/8.0.22/ref/net8.0/System.Text.Encoding.Extensions.dll".
   5:7>ResolveAssemblyReferences:
             Reference found at search path location "{RawFileName}".
   7:7>ResolveAssemblyReferences:
             Reference found at search path location "{RawFileName}".
   5:7>ResolveAssemblyReferences:
             This reference is not "CopyLocal" because at least one source item had "Private" set to "false" and no source items had "Private" set to "true".
   7:7>ResolveAssemblyReferences:
             This reference is not "CopyLocal" because at least one source item had "Private" set to "false" and no source items had "Private" set to "true".
   5:7>ResolveAssemblyReferences:
             The ImageRuntimeVersion for this reference is "".
   7:7>ResolveAssemblyReferences:
             The ImageRuntimeVersion for this reference is "".
   5:7>ResolveAssemblyReferences:
         Primary reference "Microsoft.AspNetCore.DataProtection.Extensions, Version=8.0.0.0, Culture=neutral, PublicKeyToken=adb9793829ddae60".
   7:7>ResolveAssemblyReferences:
         Primary reference "System.Text.Encoding, Version=8.0.0.0, Culture=neutral, PublicKeyToken=b03f5f7f11d50a3a".
   5:7>ResolveAssemblyReferences:
             Resolved file path is "/usr/lib64/dotnet/packs/Microsoft.AspNetCore.App.Ref/8.0.22/ref/net8.0/Microsoft.AspNetCore.DataProtection.Extensions.dll".
   7:7>ResolveAssemblyReferences:
             Resolved file path is "/usr/lib64/dotnet/packs/Microsoft.NETCore.App.Ref/8.0.22/ref/net8.0/System.Text.Encoding.dll".
   5:7>ResolveAssemblyReferences:
             Reference found at search path location "{RawFileName}".
   7:7>ResolveAssemblyReferences:
             Reference found at search path location "{RawFileName}".
   5:7>ResolveAssemblyReferences:
             This reference is not "CopyLocal" because at least one source item had "Private" set to "false" and no source items had "Private" set to "true".
   7:7>ResolveAssemblyReferences:
             This reference is not "CopyLocal" because at least one source item had "Private" set to "false" and no source items had "Private" set to "true".
   5:7>ResolveAssemblyReferences:
             The ImageRuntimeVersion for this reference is "".
   7:7>ResolveAssemblyReferences:
             The ImageRuntimeVersion for this reference is "".
   5:7>ResolveAssemblyReferences:
         Primary reference "Microsoft.AspNetCore.DataProtection, Version=8.0.0.0, Culture=neutral, PublicKeyToken=adb9793829ddae60".
   7:7>ResolveAssemblyReferences:
         Primary reference "System.Text.Encodings.Web, Version=8.0.0.0, Culture=neutral, PublicKeyToken=cc7b13ffcd2ddd51".
   5:7>ResolveAssemblyReferences:
             Resolved file path is "/usr/lib64/dotnet/packs/Microsoft.AspNetCore.App.Ref/8.0.22/ref/net8.0/Microsoft.AspNetCore.DataProtection.dll".
   7:7>ResolveAssemblyReferences:
             Resolved file path is "/usr/lib64/dotnet/packs/Microsoft.NETCore.App.Ref/8.0.22/ref/net8.0/System.Text.Encodings.Web.dll".
   5:7>ResolveAssemblyReferences:
             Reference found at search path location "{RawFileName}".
   7:7>ResolveAssemblyReferences:
             Reference found at search path location "{RawFileName}".
   5:7>ResolveAssemblyReferences:
             This reference is not "CopyLocal" because at least one source item had "Private" set to "false" and no source items had "Private" set to "true".
   7:7>ResolveAssemblyReferences:
             This reference is not "CopyLocal" because at least one source item had "Private" set to "false" and no source items had "Private" set to "true".
   5:7>ResolveAssemblyReferences:
             The ImageRuntimeVersion for this reference is "".
   7:7>ResolveAssemblyReferences:
             The ImageRuntimeVersion for this reference is "".
   5:7>ResolveAssemblyReferences:
         Primary reference "Microsoft.AspNetCore.Diagnostics.Abstractions, Version=8.0.0.0, Culture=neutral, PublicKeyToken=adb9793829ddae60".
   7:7>ResolveAssemblyReferences:
         Primary reference "System.Text.Json, Version=8.0.0.0, Culture=neutral, PublicKeyToken=cc7b13ffcd2ddd51".
   5:7>ResolveAssemblyReferences:
             Resolved file path is "/usr/lib64/dotnet/packs/Microsoft.AspNetCore.App.Ref/8.0.22/ref/net8.0/Microsoft.AspNetCore.Diagnostics.Abstractions.dll".
   7:7>ResolveAssemblyReferences:
             Resolved file path is "/usr/lib64/dotnet/packs/Microsoft.NETCore.App.Ref/8.0.22/ref/net8.0/System.Text.Json.dll".
   5:7>ResolveAssemblyReferences:
             Reference found at search path location "{RawFileName}".
   7:7>ResolveAssemblyReferences:
             Reference found at search path location "{RawFileName}".
   5:7>ResolveAssemblyReferences:
             This reference is not "CopyLocal" because at least one source item had "Private" set to "false" and no source items had "Private" set to "true".
   7:7>ResolveAssemblyReferences:
             This reference is not "CopyLocal" because at least one source item had "Private" set to "false" and no source items had "Private" set to "true".
   5:7>ResolveAssemblyReferences:
             The ImageRuntimeVersion for this reference is "".
   7:7>ResolveAssemblyReferences:
             The ImageRuntimeVersion for this reference is "".
   5:7>ResolveAssemblyReferences:
         Primary reference "Microsoft.AspNetCore.Diagnostics.HealthChecks, Version=8.0.0.0, Culture=neutral, PublicKeyToken=adb9793829ddae60".
   7:7>ResolveAssemblyReferences:
         Primary reference "System.Text.RegularExpressions, Version=8.0.0.0, Culture=neutral, PublicKeyToken=b03f5f7f11d50a3a".
             Resolved file path is "/usr/lib64/dotnet/packs/Microsoft.NETCore.App.Ref/8.0.22/ref/net8.0/System.Text.RegularExpressions.dll".
   5:7>ResolveAssemblyReferences:
             Resolved file path is "/usr/lib64/dotnet/packs/Microsoft.AspNetCore.App.Ref/8.0.22/ref/net8.0/Microsoft.AspNetCore.Diagnostics.HealthChecks.dll".
   7:7>ResolveAssemblyReferences:
             Reference found at search path location "{RawFileName}".
   5:7>ResolveAssemblyReferences:
             Reference found at search path location "{RawFileName}".
   7:7>ResolveAssemblyReferences:
             This reference is not "CopyLocal" because at least one source item had "Private" set to "false" and no source items had "Private" set to "true".
   5:7>ResolveAssemblyReferences:
             This reference is not "CopyLocal" because at least one source item had "Private" set to "false" and no source items had "Private" set to "true".
   7:7>ResolveAssemblyReferences:
             The ImageRuntimeVersion for this reference is "".
   5:7>ResolveAssemblyReferences:
             The ImageRuntimeVersion for this reference is "".
   7:7>ResolveAssemblyReferences:
         Primary reference "System.Threading.Channels, Version=8.0.0.0, Culture=neutral, PublicKeyToken=cc7b13ffcd2ddd51".
   5:7>ResolveAssemblyReferences:
         Primary reference "Microsoft.AspNetCore.Diagnostics, Version=8.0.0.0, Culture=neutral, PublicKeyToken=adb9793829ddae60".
   7:7>ResolveAssemblyReferences:
             Resolved file path is "/usr/lib64/dotnet/packs/Microsoft.NETCore.App.Ref/8.0.22/ref/net8.0/System.Threading.Channels.dll".
   5:7>ResolveAssemblyReferences:
             Resolved file path is "/usr/lib64/dotnet/packs/Microsoft.AspNetCore.App.Ref/8.0.22/ref/net8.0/Microsoft.AspNetCore.Diagnostics.dll".
   7:7>ResolveAssemblyReferences:
             Reference found at search path location "{RawFileName}".
   5:7>ResolveAssemblyReferences:
             Reference found at search path location "{RawFileName}".
   7:7>ResolveAssemblyReferences:
             This reference is not "CopyLocal" because at least one source item had "Private" set to "false" and no source items had "Private" set to "true".
   5:7>ResolveAssemblyReferences:
             This reference is not "CopyLocal" because at least one source item had "Private" set to "false" and no source items had "Private" set to "true".
   7:7>ResolveAssemblyReferences:
             The ImageRuntimeVersion for this reference is "".
   5:7>ResolveAssemblyReferences:
             The ImageRuntimeVersion for this reference is "".
         Primary reference "Microsoft.AspNetCore.HostFiltering, Version=8.0.0.0, Culture=neutral, PublicKeyToken=adb9793829ddae60".
   7:7>ResolveAssemblyReferences:
         Primary reference "System.Threading.Overlapped, Version=8.0.0.0, Culture=neutral, PublicKeyToken=b03f5f7f11d50a3a".
   5:7>ResolveAssemblyReferences:
             Resolved file path is "/usr/lib64/dotnet/packs/Microsoft.AspNetCore.App.Ref/8.0.22/ref/net8.0/Microsoft.AspNetCore.HostFiltering.dll".
   7:7>ResolveAssemblyReferences:
             Resolved file path is "/usr/lib64/dotnet/packs/Microsoft.NETCore.App.Ref/8.0.22/ref/net8.0/System.Threading.Overlapped.dll".
   5:7>ResolveAssemblyReferences:
             Reference found at search path location "{RawFileName}".
   7:7>ResolveAssemblyReferences:
             Reference found at search path location "{RawFileName}".
   5:7>ResolveAssemblyReferences:
             This reference is not "CopyLocal" because at least one source item had "Private" set to "false" and no source items had "Private" set to "true".
   7:7>ResolveAssemblyReferences:
             This reference is not "CopyLocal" because at least one source item had "Private" set to "false" and no source items had "Private" set to "true".
   5:7>ResolveAssemblyReferences:
             The ImageRuntimeVersion for this reference is "".
   7:7>ResolveAssemblyReferences:
             The ImageRuntimeVersion for this reference is "".
         Primary reference "System.Threading.Tasks.Dataflow, Version=8.0.0.0, Culture=neutral, PublicKeyToken=b03f5f7f11d50a3a".
   5:7>ResolveAssemblyReferences:
         Primary reference "Microsoft.AspNetCore.Hosting.Abstractions, Version=8.0.0.0, Culture=neutral, PublicKeyToken=adb9793829ddae60".
   7:7>ResolveAssemblyReferences:
             Resolved file path is "/usr/lib64/dotnet/packs/Microsoft.NETCore.App.Ref/8.0.22/ref/net8.0/System.Threading.Tasks.Dataflow.dll".
   5:7>ResolveAssemblyReferences:
             Resolved file path is "/usr/lib64/dotnet/packs/Microsoft.AspNetCore.App.Ref/8.0.22/ref/net8.0/Microsoft.AspNetCore.Hosting.Abstractions.dll".
   7:7>ResolveAssemblyReferences:
             Reference found at search path location "{RawFileName}".
   5:7>ResolveAssemblyReferences:
             Reference found at search path location "{RawFileName}".
   7:7>ResolveAssemblyReferences:
             This reference is not "CopyLocal" because at least one source item had "Private" set to "false" and no source items had "Private" set to "true".
   5:7>ResolveAssemblyReferences:
             This reference is not "CopyLocal" because at least one source item had "Private" set to "false" and no source items had "Private" set to "true".
   7:7>ResolveAssemblyReferences:
             The ImageRuntimeVersion for this reference is "".
   5:7>ResolveAssemblyReferences:
             The ImageRuntimeVersion for this reference is "".
   7:7>ResolveAssemblyReferences:
         Primary reference "System.Threading.Tasks.Extensions, Version=8.0.0.0, Culture=neutral, PublicKeyToken=cc7b13ffcd2ddd51".
   5:7>ResolveAssemblyReferences:
         Primary reference "Microsoft.AspNetCore.Hosting.Server.Abstractions, Version=8.0.0.0, Culture=neutral, PublicKeyToken=adb9793829ddae60".
   7:7>ResolveAssemblyReferences:
             Resolved file path is "/usr/lib64/dotnet/packs/Microsoft.NETCore.App.Ref/8.0.22/ref/net8.0/System.Threading.Tasks.Extensions.dll".
   5:7>ResolveAssemblyReferences:
             Resolved file path is "/usr/lib64/dotnet/packs/Microsoft.AspNetCore.App.Ref/8.0.22/ref/net8.0/Microsoft.AspNetCore.Hosting.Server.Abstractions.dll".
   7:7>ResolveAssemblyReferences:
             Reference found at search path location "{RawFileName}".
   5:7>ResolveAssemblyReferences:
             Reference found at search path location "{RawFileName}".
   7:7>ResolveAssemblyReferences:
             This reference is not "CopyLocal" because at least one source item had "Private" set to "false" and no source items had "Private" set to "true".
   5:7>ResolveAssemblyReferences:
             This reference is not "CopyLocal" because at least one source item had "Private" set to "false" and no source items had "Private" set to "true".
   7:7>ResolveAssemblyReferences:
             The ImageRuntimeVersion for this reference is "".
   5:7>ResolveAssemblyReferences:
             The ImageRuntimeVersion for this reference is "".
   7:7>ResolveAssemblyReferences:
         Primary reference "System.Threading.Tasks.Parallel, Version=8.0.0.0, Culture=neutral, PublicKeyToken=b03f5f7f11d50a3a".
   5:7>ResolveAssemblyReferences:
         Primary reference "Microsoft.AspNetCore.Hosting, Version=8.0.0.0, Culture=neutral, PublicKeyToken=adb9793829ddae60".
   7:7>ResolveAssemblyReferences:
             Resolved file path is "/usr/lib64/dotnet/packs/Microsoft.NETCore.App.Ref/8.0.22/ref/net8.0/System.Threading.Tasks.Parallel.dll".
   5:7>ResolveAssemblyReferences:
             Resolved file path is "/usr/lib64/dotnet/packs/Microsoft.AspNetCore.App.Ref/8.0.22/ref/net8.0/Microsoft.AspNetCore.Hosting.dll".
   7:7>ResolveAssemblyReferences:
             Reference found at search path location "{RawFileName}".
   5:7>ResolveAssemblyReferences:
             Reference found at search path location "{RawFileName}".
   7:7>ResolveAssemblyReferences:
             This reference is not "CopyLocal" because at least one source item had "Private" set to "false" and no source items had "Private" set to "true".
   5:7>ResolveAssemblyReferences:
             This reference is not "CopyLocal" because at least one source item had "Private" set to "false" and no source items had "Private" set to "true".
   7:7>ResolveAssemblyReferences:
             The ImageRuntimeVersion for this reference is "".
   5:7>ResolveAssemblyReferences:
             The ImageRuntimeVersion for this reference is "".
   7:7>ResolveAssemblyReferences:
         Primary reference "System.Threading.Tasks, Version=8.0.0.0, Culture=neutral, PublicKeyToken=b03f5f7f11d50a3a".
   5:7>ResolveAssemblyReferences:
         Primary reference "Microsoft.AspNetCore.Html.Abstractions, Version=8.0.0.0, Culture=neutral, PublicKeyToken=adb9793829ddae60".
             Resolved file path is "/usr/lib64/dotnet/packs/Microsoft.AspNetCore.App.Ref/8.0.22/ref/net8.0/Microsoft.AspNetCore.Html.Abstractions.dll".
             Reference found at search path location "{RawFileName}".
   7:7>ResolveAssemblyReferences:
             Resolved file path is "/usr/lib64/dotnet/packs/Microsoft.NETCore.App.Ref/8.0.22/ref/net8.0/System.Threading.Tasks.dll".
   5:7>ResolveAssemblyReferences:
             This reference is not "CopyLocal" because at least one source item had "Private" set to "false" and no source items had "Private" set to "true".
   7:7>ResolveAssemblyReferences:
             Reference found at search path location "{RawFileName}".
   5:7>ResolveAssemblyReferences:
             The ImageRuntimeVersion for this reference is "".
   7:7>ResolveAssemblyReferences:
             This reference is not "CopyLocal" because at least one source item had "Private" set to "false" and no source items had "Private" set to "true".
   5:7>ResolveAssemblyReferences:
         Primary reference "Microsoft.AspNetCore.Http.Abstractions, Version=8.0.0.0, Culture=neutral, PublicKeyToken=adb9793829ddae60".
   7:7>ResolveAssemblyReferences:
             The ImageRuntimeVersion for this reference is "".
   5:7>ResolveAssemblyReferences:
             Resolved file path is "/usr/lib64/dotnet/packs/Microsoft.AspNetCore.App.Ref/8.0.22/ref/net8.0/Microsoft.AspNetCore.Http.Abstractions.dll".
   7:7>ResolveAssemblyReferences:
         Primary reference "System.Threading.Thread, Version=8.0.0.0, Culture=neutral, PublicKeyToken=b03f5f7f11d50a3a".
   5:7>ResolveAssemblyReferences:
             Reference found at search path location "{RawFileName}".
   7:7>ResolveAssemblyReferences:
             Resolved file path is "/usr/lib64/dotnet/packs/Microsoft.NETCore.App.Ref/8.0.22/ref/net8.0/System.Threading.Thread.dll".
   5:7>ResolveAssemblyReferences:
             This reference is not "CopyLocal" because at least one source item had "Private" set to "false" and no source items had "Private" set to "true".
   7:7>ResolveAssemblyReferences:
             Reference found at search path location "{RawFileName}".
   5:7>ResolveAssemblyReferences:
             The ImageRuntimeVersion for this reference is "".
   7:7>ResolveAssemblyReferences:
             This reference is not "CopyLocal" because at least one source item had "Private" set to "false" and no source items had "Private" set to "true".
             The ImageRuntimeVersion for this reference is "".
   5:7>ResolveAssemblyReferences:
         Primary reference "Microsoft.AspNetCore.Http.Connections.Common, Version=8.0.0.0, Culture=neutral, PublicKeyToken=adb9793829ddae60".
   7:7>ResolveAssemblyReferences:
         Primary reference "System.Threading.ThreadPool, Version=8.0.0.0, Culture=neutral, PublicKeyToken=b03f5f7f11d50a3a".
   5:7>ResolveAssemblyReferences:
             Resolved file path is "/usr/lib64/dotnet/packs/Microsoft.AspNetCore.App.Ref/8.0.22/ref/net8.0/Microsoft.AspNetCore.Http.Connections.Common.dll".
   7:7>ResolveAssemblyReferences:
             Resolved file path is "/usr/lib64/dotnet/packs/Microsoft.NETCore.App.Ref/8.0.22/ref/net8.0/System.Threading.ThreadPool.dll".
   5:7>ResolveAssemblyReferences:
             Reference found at search path location "{RawFileName}".
   7:7>ResolveAssemblyReferences:
             Reference found at search path location "{RawFileName}".
   5:7>ResolveAssemblyReferences:
             This reference is not "CopyLocal" because at least one source item had "Private" set to "false" and no source items had "Private" set to "true".
   7:7>ResolveAssemblyReferences:
             This reference is not "CopyLocal" because at least one source item had "Private" set to "false" and no source items had "Private" set to "true".
   5:7>ResolveAssemblyReferences:
             The ImageRuntimeVersion for this reference is "".
   7:7>ResolveAssemblyReferences:
             The ImageRuntimeVersion for this reference is "".
   5:7>ResolveAssemblyReferences:
         Primary reference "Microsoft.AspNetCore.Http.Connections, Version=8.0.0.0, Culture=neutral, PublicKeyToken=adb9793829ddae60".
   7:7>ResolveAssemblyReferences:
         Primary reference "System.Threading.Timer, Version=8.0.0.0, Culture=neutral, PublicKeyToken=b03f5f7f11d50a3a".
   5:7>ResolveAssemblyReferences:
             Resolved file path is "/usr/lib64/dotnet/packs/Microsoft.AspNetCore.App.Ref/8.0.22/ref/net8.0/Microsoft.AspNetCore.Http.Connections.dll".
   7:7>ResolveAssemblyReferences:
             Resolved file path is "/usr/lib64/dotnet/packs/Microsoft.NETCore.App.Ref/8.0.22/ref/net8.0/System.Threading.Timer.dll".
   5:7>ResolveAssemblyReferences:
             Reference found at search path location "{RawFileName}".
   7:7>ResolveAssemblyReferences:
             Reference found at search path location "{RawFileName}".
   5:7>ResolveAssemblyReferences:
             This reference is not "CopyLocal" because at least one source item had "Private" set to "false" and no source items had "Private" set to "true".
   7:7>ResolveAssemblyReferences:
             This reference is not "CopyLocal" because at least one source item had "Private" set to "false" and no source items had "Private" set to "true".
   5:7>ResolveAssemblyReferences:
             The ImageRuntimeVersion for this reference is "".
   7:7>ResolveAssemblyReferences:
             The ImageRuntimeVersion for this reference is "".
   5:7>ResolveAssemblyReferences:
         Primary reference "Microsoft.AspNetCore.Http.Extensions, Version=8.0.0.0, Culture=neutral, PublicKeyToken=adb9793829ddae60".
   7:7>ResolveAssemblyReferences:
         Primary reference "System.Threading, Version=8.0.0.0, Culture=neutral, PublicKeyToken=b03f5f7f11d50a3a".
   5:7>ResolveAssemblyReferences:
             Resolved file path is "/usr/lib64/dotnet/packs/Microsoft.AspNetCore.App.Ref/8.0.22/ref/net8.0/Microsoft.AspNetCore.Http.Extensions.dll".
   7:7>ResolveAssemblyReferences:
             Resolved file path is "/usr/lib64/dotnet/packs/Microsoft.NETCore.App.Ref/8.0.22/ref/net8.0/System.Threading.dll".
   5:7>ResolveAssemblyReferences:
             Reference found at search path location "{RawFileName}".
   7:7>ResolveAssemblyReferences:
             Reference found at search path location "{RawFileName}".
   5:7>ResolveAssemblyReferences:
             This reference is not "CopyLocal" because at least one source item had "Private" set to "false" and no source items had "Private" set to "true".
   7:7>ResolveAssemblyReferences:
             This reference is not "CopyLocal" because at least one source item had "Private" set to "false" and no source items had "Private" set to "true".
   5:7>ResolveAssemblyReferences:
             The ImageRuntimeVersion for this reference is "".
   7:7>ResolveAssemblyReferences:
             The ImageRuntimeVersion for this reference is "".
   5:7>ResolveAssemblyReferences:
         Primary reference "Microsoft.AspNetCore.Http.Features, Version=8.0.0.0, Culture=neutral, PublicKeyToken=adb9793829ddae60".
   7:7>ResolveAssemblyReferences:
         Primary reference "System.Transactions.Local, Version=8.0.0.0, Culture=neutral, PublicKeyToken=cc7b13ffcd2ddd51".
   5:7>ResolveAssemblyReferences:
             Resolved file path is "/usr/lib64/dotnet/packs/Microsoft.AspNetCore.App.Ref/8.0.22/ref/net8.0/Microsoft.AspNetCore.Http.Features.dll".
   7:7>ResolveAssemblyReferences:
             Resolved file path is "/usr/lib64/dotnet/packs/Microsoft.NETCore.App.Ref/8.0.22/ref/net8.0/System.Transactions.Local.dll".
   5:7>ResolveAssemblyReferences:
             Reference found at search path location "{RawFileName}".
   7:7>ResolveAssemblyReferences:
             Reference found at search path location "{RawFileName}".
   5:7>ResolveAssemblyReferences:
             This reference is not "CopyLocal" because at least one source item had "Private" set to "false" and no source items had "Private" set to "true".
   7:7>ResolveAssemblyReferences:
             This reference is not "CopyLocal" because at least one source item had "Private" set to "false" and no source items had "Private" set to "true".
   5:7>ResolveAssemblyReferences:
             The ImageRuntimeVersion for this reference is "".
   7:7>ResolveAssemblyReferences:
             The ImageRuntimeVersion for this reference is "".
   5:7>ResolveAssemblyReferences:
         Primary reference "Microsoft.AspNetCore.Http.Results, Version=8.0.0.0, Culture=neutral, PublicKeyToken=adb9793829ddae60".
   7:7>ResolveAssemblyReferences:
         Primary reference "System.Transactions, Version=4.0.0.0, Culture=neutral, PublicKeyToken=b77a5c561934e089".
   5:7>ResolveAssemblyReferences:
             Resolved file path is "/usr/lib64/dotnet/packs/Microsoft.AspNetCore.App.Ref/8.0.22/ref/net8.0/Microsoft.AspNetCore.Http.Results.dll".
   7:7>ResolveAssemblyReferences:
             Resolved file path is "/usr/lib64/dotnet/packs/Microsoft.NETCore.App.Ref/8.0.22/ref/net8.0/System.Transactions.dll".
   5:7>ResolveAssemblyReferences:
             Reference found at search path location "{RawFileName}".
   7:7>ResolveAssemblyReferences:
             Reference found at search path location "{RawFileName}".
   5:7>ResolveAssemblyReferences:
             This reference is not "CopyLocal" because at least one source item had "Private" set to "false" and no source items had "Private" set to "true".
   7:7>ResolveAssemblyReferences:
             This reference is not "CopyLocal" because at least one source item had "Private" set to "false" and no source items had "Private" set to "true".
   5:7>ResolveAssemblyReferences:
             The ImageRuntimeVersion for this reference is "".
   7:7>ResolveAssemblyReferences:
             The ImageRuntimeVersion for this reference is "".
   5:7>ResolveAssemblyReferences:
         Primary reference "Microsoft.AspNetCore.Http, Version=8.0.0.0, Culture=neutral, PublicKeyToken=adb9793829ddae60".
   7:7>ResolveAssemblyReferences:
         Primary reference "System.ValueTuple, Version=8.0.0.0, Culture=neutral, PublicKeyToken=cc7b13ffcd2ddd51".
   5:7>ResolveAssemblyReferences:
             Resolved file path is "/usr/lib64/dotnet/packs/Microsoft.AspNetCore.App.Ref/8.0.22/ref/net8.0/Microsoft.AspNetCore.Http.dll".
   7:7>ResolveAssemblyReferences:
             Resolved file path is "/usr/lib64/dotnet/packs/Microsoft.NETCore.App.Ref/8.0.22/ref/net8.0/System.ValueTuple.dll".
   5:7>ResolveAssemblyReferences:
             Reference found at search path location "{RawFileName}".
   7:7>ResolveAssemblyReferences:
             Reference found at search path location "{RawFileName}".
   5:7>ResolveAssemblyReferences:
             This reference is not "CopyLocal" because at least one source item had "Private" set to "false" and no source items had "Private" set to "true".
   7:7>ResolveAssemblyReferences:
             This reference is not "CopyLocal" because at least one source item had "Private" set to "false" and no source items had "Private" set to "true".
   5:7>ResolveAssemblyReferences:
             The ImageRuntimeVersion for this reference is "".
   7:7>ResolveAssemblyReferences:
             The ImageRuntimeVersion for this reference is "".
   5:7>ResolveAssemblyReferences:
         Primary reference "Microsoft.AspNetCore.HttpLogging, Version=8.0.0.0, Culture=neutral, PublicKeyToken=adb9793829ddae60".
   7:7>ResolveAssemblyReferences:
         Primary reference "System.Web.HttpUtility, Version=8.0.0.0, Culture=neutral, PublicKeyToken=cc7b13ffcd2ddd51".
   5:7>ResolveAssemblyReferences:
             Resolved file path is "/usr/lib64/dotnet/packs/Microsoft.AspNetCore.App.Ref/8.0.22/ref/net8.0/Microsoft.AspNetCore.HttpLogging.dll".
   7:7>ResolveAssemblyReferences:
             Resolved file path is "/usr/lib64/dotnet/packs/Microsoft.NETCore.App.Ref/8.0.22/ref/net8.0/System.Web.HttpUtility.dll".
   5:7>ResolveAssemblyReferences:
             Reference found at search path location "{RawFileName}".
   7:7>ResolveAssemblyReferences:
             Reference found at search path location "{RawFileName}".
   5:7>ResolveAssemblyReferences:
             This reference is not "CopyLocal" because at least one source item had "Private" set to "false" and no source items had "Private" set to "true".
   7:7>ResolveAssemblyReferences:
             This reference is not "CopyLocal" because at least one source item had "Private" set to "false" and no source items had "Private" set to "true".
   5:7>ResolveAssemblyReferences:
             The ImageRuntimeVersion for this reference is "".
   7:7>ResolveAssemblyReferences:
             The ImageRuntimeVersion for this reference is "".
   5:7>ResolveAssemblyReferences:
         Primary reference "Microsoft.AspNetCore.HttpOverrides, Version=8.0.0.0, Culture=neutral, PublicKeyToken=adb9793829ddae60".
   7:7>ResolveAssemblyReferences:
         Primary reference "System.Web, Version=4.0.0.0, Culture=neutral, PublicKeyToken=b03f5f7f11d50a3a".
   5:7>ResolveAssemblyReferences:
             Resolved file path is "/usr/lib64/dotnet/packs/Microsoft.AspNetCore.App.Ref/8.0.22/ref/net8.0/Microsoft.AspNetCore.HttpOverrides.dll".
   7:7>ResolveAssemblyReferences:
             Resolved file path is "/usr/lib64/dotnet/packs/Microsoft.NETCore.App.Ref/8.0.22/ref/net8.0/System.Web.dll".
   5:7>ResolveAssemblyReferences:
             Reference found at search path location "{RawFileName}".
   7:7>ResolveAssemblyReferences:
             Reference found at search path location "{RawFileName}".
   5:7>ResolveAssemblyReferences:
             This reference is not "CopyLocal" because at least one source item had "Private" set to "false" and no source items had "Private" set to "true".
   7:7>ResolveAssemblyReferences:
             This reference is not "CopyLocal" because at least one source item had "Private" set to "false" and no source items had "Private" set to "true".
   5:7>ResolveAssemblyReferences:
             The ImageRuntimeVersion for this reference is "".
   7:7>ResolveAssemblyReferences:
             The ImageRuntimeVersion for this reference is "".
   5:7>ResolveAssemblyReferences:
         Primary reference "Microsoft.AspNetCore.HttpsPolicy, Version=8.0.0.0, Culture=neutral, PublicKeyToken=adb9793829ddae60".
   7:7>ResolveAssemblyReferences:
         Primary reference "System.Windows, Version=4.0.0.0, Culture=neutral, PublicKeyToken=b03f5f7f11d50a3a".
   5:7>ResolveAssemblyReferences:
             Resolved file path is "/usr/lib64/dotnet/packs/Microsoft.AspNetCore.App.Ref/8.0.22/ref/net8.0/Microsoft.AspNetCore.HttpsPolicy.dll".
   7:7>ResolveAssemblyReferences:
             Resolved file path is "/usr/lib64/dotnet/packs/Microsoft.NETCore.App.Ref/8.0.22/ref/net8.0/System.Windows.dll".
   5:7>ResolveAssemblyReferences:
             Reference found at search path location "{RawFileName}".
   7:7>ResolveAssemblyReferences:
             Reference found at search path location "{RawFileName}".
   5:7>ResolveAssemblyReferences:
             This reference is not "CopyLocal" because at least one source item had "Private" set to "false" and no source items had "Private" set to "true".
   7:7>ResolveAssemblyReferences:
             This reference is not "CopyLocal" because at least one source item had "Private" set to "false" and no source items had "Private" set to "true".
   5:7>ResolveAssemblyReferences:
             The ImageRuntimeVersion for this reference is "".
   7:7>ResolveAssemblyReferences:
             The ImageRuntimeVersion for this reference is "".
   5:7>ResolveAssemblyReferences:
         Primary reference "Microsoft.AspNetCore.Identity, Version=8.0.0.0, Culture=neutral, PublicKeyToken=adb9793829ddae60".
   7:7>ResolveAssemblyReferences:
         Primary reference "System.Xml.Linq, Version=4.0.0.0, Culture=neutral, PublicKeyToken=b77a5c561934e089".
   5:7>ResolveAssemblyReferences:
             Resolved file path is "/usr/lib64/dotnet/packs/Microsoft.AspNetCore.App.Ref/8.0.22/ref/net8.0/Microsoft.AspNetCore.Identity.dll".
   7:7>ResolveAssemblyReferences:
             Resolved file path is "/usr/lib64/dotnet/packs/Microsoft.NETCore.App.Ref/8.0.22/ref/net8.0/System.Xml.Linq.dll".
   5:7>ResolveAssemblyReferences:
             Reference found at search path location "{RawFileName}".
   7:7>ResolveAssemblyReferences:
             Reference found at search path location "{RawFileName}".
   5:7>ResolveAssemblyReferences:
             This reference is not "CopyLocal" because at least one source item had "Private" set to "false" and no source items had "Private" set to "true".
   7:7>ResolveAssemblyReferences:
             This reference is not "CopyLocal" because at least one source item had "Private" set to "false" and no source items had "Private" set to "true".
   5:7>ResolveAssemblyReferences:
             The ImageRuntimeVersion for this reference is "".
         Primary reference "Microsoft.AspNetCore.Localization.Routing, Version=8.0.0.0, Culture=neutral, PublicKeyToken=adb9793829ddae60".
   7:7>ResolveAssemblyReferences:
             The ImageRuntimeVersion for this reference is "".
   5:7>ResolveAssemblyReferences:
             Resolved file path is "/usr/lib64/dotnet/packs/Microsoft.AspNetCore.App.Ref/8.0.22/ref/net8.0/Microsoft.AspNetCore.Localization.Routing.dll".
   7:7>ResolveAssemblyReferences:
         Primary reference "System.Xml.ReaderWriter, Version=8.0.0.0, Culture=neutral, PublicKeyToken=b03f5f7f11d50a3a".
   5:7>ResolveAssemblyReferences:
             Reference found at search path location "{RawFileName}".
   7:7>ResolveAssemblyReferences:
             Resolved file path is "/usr/lib64/dotnet/packs/Microsoft.NETCore.App.Ref/8.0.22/ref/net8.0/System.Xml.ReaderWriter.dll".
   5:7>ResolveAssemblyReferences:
             This reference is not "CopyLocal" because at least one source item had "Private" set to "false" and no source items had "Private" set to "true".
   7:7>ResolveAssemblyReferences:
             Reference found at search path location "{RawFileName}".
   5:7>ResolveAssemblyReferences:
             The ImageRuntimeVersion for this reference is "".
   7:7>ResolveAssemblyReferences:
             This reference is not "CopyLocal" because at least one source item had "Private" set to "false" and no source items had "Private" set to "true".
   5:7>ResolveAssemblyReferences:
         Primary reference "Microsoft.AspNetCore.Localization, Version=8.0.0.0, Culture=neutral, PublicKeyToken=adb9793829ddae60".
   7:7>ResolveAssemblyReferences:
             The ImageRuntimeVersion for this reference is "".
   5:7>ResolveAssemblyReferences:
             Resolved file path is "/usr/lib64/dotnet/packs/Microsoft.AspNetCore.App.Ref/8.0.22/ref/net8.0/Microsoft.AspNetCore.Localization.dll".
   7:7>ResolveAssemblyReferences:
         Primary reference "System.Xml.Serialization, Version=4.0.0.0, Culture=neutral, PublicKeyToken=b77a5c561934e089".
   5:7>ResolveAssemblyReferences:
             Reference found at search path location "{RawFileName}".
   7:7>ResolveAssemblyReferences:
             Resolved file path is "/usr/lib64/dotnet/packs/Microsoft.NETCore.App.Ref/8.0.22/ref/net8.0/System.Xml.Serialization.dll".
   5:7>ResolveAssemblyReferences:
             This reference is not "CopyLocal" because at least one source item had "Private" set to "false" and no source items had "Private" set to "true".
   7:7>ResolveAssemblyReferences:
             Reference found at search path location "{RawFileName}".
   5:7>ResolveAssemblyReferences:
             The ImageRuntimeVersion for this reference is "".
   7:7>ResolveAssemblyReferences:
             This reference is not "CopyLocal" because at least one source item had "Private" set to "false" and no source items had "Private" set to "true".
   5:7>ResolveAssemblyReferences:
         Primary reference "Microsoft.AspNetCore.Metadata, Version=8.0.0.0, Culture=neutral, PublicKeyToken=adb9793829ddae60".
   7:7>ResolveAssemblyReferences:
             The ImageRuntimeVersion for this reference is "".
   5:7>ResolveAssemblyReferences:
             Resolved file path is "/usr/lib64/dotnet/packs/Microsoft.AspNetCore.App.Ref/8.0.22/ref/net8.0/Microsoft.AspNetCore.Metadata.dll".
   7:7>ResolveAssemblyReferences:
         Primary reference "System.Xml.XDocument, Version=8.0.0.0, Culture=neutral, PublicKeyToken=b03f5f7f11d50a3a".
   5:7>ResolveAssemblyReferences:
             Reference found at search path location "{RawFileName}".
   7:7>ResolveAssemblyReferences:
             Resolved file path is "/usr/lib64/dotnet/packs/Microsoft.NETCore.App.Ref/8.0.22/ref/net8.0/System.Xml.XDocument.dll".
   5:7>ResolveAssemblyReferences:
             This reference is not "CopyLocal" because at least one source item had "Private" set to "false" and no source items had "Private" set to "true".
   7:7>ResolveAssemblyReferences:
             Reference found at search path location "{RawFileName}".
   5:7>ResolveAssemblyReferences:
             The ImageRuntimeVersion for this reference is "".
   7:7>ResolveAssemblyReferences:
             This reference is not "CopyLocal" because at least one source item had "Private" set to "false" and no source items had "Private" set to "true".
   5:7>ResolveAssemblyReferences:
         Primary reference "Microsoft.AspNetCore.Mvc.Abstractions, Version=8.0.0.0, Culture=neutral, PublicKeyToken=adb9793829ddae60".
   7:7>ResolveAssemblyReferences:
             The ImageRuntimeVersion for this reference is "".
   5:7>ResolveAssemblyReferences:
             Resolved file path is "/usr/lib64/dotnet/packs/Microsoft.AspNetCore.App.Ref/8.0.22/ref/net8.0/Microsoft.AspNetCore.Mvc.Abstractions.dll".
   7:7>ResolveAssemblyReferences:
         Primary reference "System.Xml.XPath.XDocument, Version=8.0.0.0, Culture=neutral, PublicKeyToken=b03f5f7f11d50a3a".
   5:7>ResolveAssemblyReferences:
             Reference found at search path location "{RawFileName}".
   7:7>ResolveAssemblyReferences:
             Resolved file path is "/usr/lib64/dotnet/packs/Microsoft.NETCore.App.Ref/8.0.22/ref/net8.0/System.Xml.XPath.XDocument.dll".
   5:7>ResolveAssemblyReferences:
             This reference is not "CopyLocal" because at least one source item had "Private" set to "false" and no source items had "Private" set to "true".
   7:7>ResolveAssemblyReferences:
             Reference found at search path location "{RawFileName}".
             This reference is not "CopyLocal" because at least one source item had "Private" set to "false" and no source items had "Private" set to "true".
   5:7>ResolveAssemblyReferences:
             The ImageRuntimeVersion for this reference is "".
   7:7>ResolveAssemblyReferences:
             The ImageRuntimeVersion for this reference is "".
   5:7>ResolveAssemblyReferences:
         Primary reference "Microsoft.AspNetCore.Mvc.ApiExplorer, Version=8.0.0.0, Culture=neutral, PublicKeyToken=adb9793829ddae60".
   7:7>ResolveAssemblyReferences:
         Primary reference "System.Xml.XPath, Version=8.0.0.0, Culture=neutral, PublicKeyToken=b03f5f7f11d50a3a".
   5:7>ResolveAssemblyReferences:
             Resolved file path is "/usr/lib64/dotnet/packs/Microsoft.AspNetCore.App.Ref/8.0.22/ref/net8.0/Microsoft.AspNetCore.Mvc.ApiExplorer.dll".
   7:7>ResolveAssemblyReferences:
             Resolved file path is "/usr/lib64/dotnet/packs/Microsoft.NETCore.App.Ref/8.0.22/ref/net8.0/System.Xml.XPath.dll".
   5:7>ResolveAssemblyReferences:
             Reference found at search path location "{RawFileName}".
   7:7>ResolveAssemblyReferences:
             Reference found at search path location "{RawFileName}".
   5:7>ResolveAssemblyReferences:
             This reference is not "CopyLocal" because at least one source item had "Private" set to "false" and no source items had "Private" set to "true".
   7:7>ResolveAssemblyReferences:
             This reference is not "CopyLocal" because at least one source item had "Private" set to "false" and no source items had "Private" set to "true".
   5:7>ResolveAssemblyReferences:
             The ImageRuntimeVersion for this reference is "".
   7:7>ResolveAssemblyReferences:
             The ImageRuntimeVersion for this reference is "".
   5:7>ResolveAssemblyReferences:
         Primary reference "Microsoft.AspNetCore.Mvc.Core, Version=8.0.0.0, Culture=neutral, PublicKeyToken=adb9793829ddae60".
   7:7>ResolveAssemblyReferences:
         Primary reference "System.Xml.XmlDocument, Version=8.0.0.0, Culture=neutral, PublicKeyToken=b03f5f7f11d50a3a".
   5:7>ResolveAssemblyReferences:
             Resolved file path is "/usr/lib64/dotnet/packs/Microsoft.AspNetCore.App.Ref/8.0.22/ref/net8.0/Microsoft.AspNetCore.Mvc.Core.dll".
   7:7>ResolveAssemblyReferences:
             Resolved file path is "/usr/lib64/dotnet/packs/Microsoft.NETCore.App.Ref/8.0.22/ref/net8.0/System.Xml.XmlDocument.dll".
   5:7>ResolveAssemblyReferences:
             Reference found at search path location "{RawFileName}".
   7:7>ResolveAssemblyReferences:
             Reference found at search path location "{RawFileName}".
   5:7>ResolveAssemblyReferences:
             This reference is not "CopyLocal" because at least one source item had "Private" set to "false" and no source items had "Private" set to "true".
   7:7>ResolveAssemblyReferences:
             This reference is not "CopyLocal" because at least one source item had "Private" set to "false" and no source items had "Private" set to "true".
   5:7>ResolveAssemblyReferences:
             The ImageRuntimeVersion for this reference is "".
   7:7>ResolveAssemblyReferences:
             The ImageRuntimeVersion for this reference is "".
   5:7>ResolveAssemblyReferences:
         Primary reference "Microsoft.AspNetCore.Mvc.Cors, Version=8.0.0.0, Culture=neutral, PublicKeyToken=adb9793829ddae60".
   7:7>ResolveAssemblyReferences:
         Primary reference "System.Xml.XmlSerializer, Version=8.0.0.0, Culture=neutral, PublicKeyToken=b03f5f7f11d50a3a".
   5:7>ResolveAssemblyReferences:
             Resolved file path is "/usr/lib64/dotnet/packs/Microsoft.AspNetCore.App.Ref/8.0.22/ref/net8.0/Microsoft.AspNetCore.Mvc.Cors.dll".
   7:7>ResolveAssemblyReferences:
             Resolved file path is "/usr/lib64/dotnet/packs/Microsoft.NETCore.App.Ref/8.0.22/ref/net8.0/System.Xml.XmlSerializer.dll".
   5:7>ResolveAssemblyReferences:
             Reference found at search path location "{RawFileName}".
   7:7>ResolveAssemblyReferences:
             Reference found at search path location "{RawFileName}".
             This reference is not "CopyLocal" because at least one source item had "Private" set to "false" and no source items had "Private" set to "true".
   5:7>ResolveAssemblyReferences:
             This reference is not "CopyLocal" because at least one source item had "Private" set to "false" and no source items had "Private" set to "true".
   7:7>ResolveAssemblyReferences:
             The ImageRuntimeVersion for this reference is "".
   5:7>ResolveAssemblyReferences:
             The ImageRuntimeVersion for this reference is "".
   7:7>ResolveAssemblyReferences:
         Primary reference "System.Xml, Version=4.0.0.0, Culture=neutral, PublicKeyToken=b77a5c561934e089".
   5:7>ResolveAssemblyReferences:
         Primary reference "Microsoft.AspNetCore.Mvc.DataAnnotations, Version=8.0.0.0, Culture=neutral, PublicKeyToken=adb9793829ddae60".
             Resolved file path is "/usr/lib64/dotnet/packs/Microsoft.AspNetCore.App.Ref/8.0.22/ref/net8.0/Microsoft.AspNetCore.Mvc.DataAnnotations.dll".
   7:7>ResolveAssemblyReferences:
             Resolved file path is "/usr/lib64/dotnet/packs/Microsoft.NETCore.App.Ref/8.0.22/ref/net8.0/System.Xml.dll".
   5:7>ResolveAssemblyReferences:
             Reference found at search path location "{RawFileName}".
   7:7>ResolveAssemblyReferences:
             Reference found at search path location "{RawFileName}".
   5:7>ResolveAssemblyReferences:
             This reference is not "CopyLocal" because at least one source item had "Private" set to "false" and no source items had "Private" set to "true".
   7:7>ResolveAssemblyReferences:
             This reference is not "CopyLocal" because at least one source item had "Private" set to "false" and no source items had "Private" set to "true".
   5:7>ResolveAssemblyReferences:
             The ImageRuntimeVersion for this reference is "".
   7:7>ResolveAssemblyReferences:
             The ImageRuntimeVersion for this reference is "".
   5:7>ResolveAssemblyReferences:
         Primary reference "Microsoft.AspNetCore.Mvc.Formatters.Json, Version=8.0.0.0, Culture=neutral, PublicKeyToken=adb9793829ddae60".
   7:7>ResolveAssemblyReferences:
         Primary reference "System, Version=4.0.0.0, Culture=neutral, PublicKeyToken=b77a5c561934e089".
   5:7>ResolveAssemblyReferences:
             Resolved file path is "/usr/lib64/dotnet/packs/Microsoft.AspNetCore.App.Ref/8.0.22/ref/net8.0/Microsoft.AspNetCore.Mvc.Formatters.Json.dll".
             Reference found at search path location "{RawFileName}".
   7:7>ResolveAssemblyReferences:
             Resolved file path is "/usr/lib64/dotnet/packs/Microsoft.NETCore.App.Ref/8.0.22/ref/net8.0/System.dll".
   5:7>ResolveAssemblyReferences:
             This reference is not "CopyLocal" because at least one source item had "Private" set to "false" and no source items had "Private" set to "true".
   7:7>ResolveAssemblyReferences:
             Reference found at search path location "{RawFileName}".
   5:7>ResolveAssemblyReferences:
             The ImageRuntimeVersion for this reference is "".
         Primary reference "Microsoft.AspNetCore.Mvc.Formatters.Xml, Version=8.0.0.0, Culture=neutral, PublicKeyToken=adb9793829ddae60".
   7:7>ResolveAssemblyReferences:
             This reference is not "CopyLocal" because at least one source item had "Private" set to "false" and no source items had "Private" set to "true".
   5:7>ResolveAssemblyReferences:
             Resolved file path is "/usr/lib64/dotnet/packs/Microsoft.AspNetCore.App.Ref/8.0.22/ref/net8.0/Microsoft.AspNetCore.Mvc.Formatters.Xml.dll".
   7:7>ResolveAssemblyReferences:
             The ImageRuntimeVersion for this reference is "".
   5:7>ResolveAssemblyReferences:
             Reference found at search path location "{RawFileName}".
   7:7>ResolveAssemblyReferences:
         Primary reference "WindowsBase, Version=4.0.0.0, Culture=neutral, PublicKeyToken=31bf3856ad364e35".
   5:7>ResolveAssemblyReferences:
             This reference is not "CopyLocal" because at least one source item had "Private" set to "false" and no source items had "Private" set to "true".
   7:7>ResolveAssemblyReferences:
             Resolved file path is "/usr/lib64/dotnet/packs/Microsoft.NETCore.App.Ref/8.0.22/ref/net8.0/WindowsBase.dll".
   5:7>ResolveAssemblyReferences:
             The ImageRuntimeVersion for this reference is "".
   7:7>ResolveAssemblyReferences:
             Reference found at search path location "{RawFileName}".
   5:7>ResolveAssemblyReferences:
         Primary reference "Microsoft.AspNetCore.Mvc.Localization, Version=8.0.0.0, Culture=neutral, PublicKeyToken=adb9793829ddae60".
   7:7>ResolveAssemblyReferences:
             This reference is not "CopyLocal" because at least one source item had "Private" set to "false" and no source items had "Private" set to "true".
   5:7>ResolveAssemblyReferences:
             Resolved file path is "/usr/lib64/dotnet/packs/Microsoft.AspNetCore.App.Ref/8.0.22/ref/net8.0/Microsoft.AspNetCore.Mvc.Localization.dll".
   7:7>ResolveAssemblyReferences:
             The ImageRuntimeVersion for this reference is "".
   5:7>ResolveAssemblyReferences:
             Reference found at search path location "{RawFileName}".
   7:7>ResolveAssemblyReferences:
         Primary reference "mscorlib, Version=4.0.0.0, Culture=neutral, PublicKeyToken=b77a5c561934e089".
   5:7>ResolveAssemblyReferences:
             This reference is not "CopyLocal" because at least one source item had "Private" set to "false" and no source items had "Private" set to "true".
   7:7>ResolveAssemblyReferences:
             Resolved file path is "/usr/lib64/dotnet/packs/Microsoft.NETCore.App.Ref/8.0.22/ref/net8.0/mscorlib.dll".
   5:7>ResolveAssemblyReferences:
             The ImageRuntimeVersion for this reference is "".
   7:7>ResolveAssemblyReferences:
             Reference found at search path location "{RawFileName}".
   5:7>ResolveAssemblyReferences:
         Primary reference "Microsoft.AspNetCore.Mvc.Razor, Version=8.0.0.0, Culture=neutral, PublicKeyToken=adb9793829ddae60".
   7:7>ResolveAssemblyReferences:
             This reference is not "CopyLocal" because at least one source item had "Private" set to "false" and no source items had "Private" set to "true".
             The ImageRuntimeVersion for this reference is "".
   5:7>ResolveAssemblyReferences:
             Resolved file path is "/usr/lib64/dotnet/packs/Microsoft.AspNetCore.App.Ref/8.0.22/ref/net8.0/Microsoft.AspNetCore.Mvc.Razor.dll".
   7:7>ResolveAssemblyReferences:
         Primary reference "netstandard, Version=2.1.0.0, Culture=neutral, PublicKeyToken=cc7b13ffcd2ddd51".
   5:7>ResolveAssemblyReferences:
             Reference found at search path location "{RawFileName}".
   7:7>ResolveAssemblyReferences:
             Resolved file path is "/usr/lib64/dotnet/packs/Microsoft.NETCore.App.Ref/8.0.22/ref/net8.0/netstandard.dll".
   5:7>ResolveAssemblyReferences:
             This reference is not "CopyLocal" because at least one source item had "Private" set to "false" and no source items had "Private" set to "true".
   7:7>ResolveAssemblyReferences:
             Reference found at search path location "{RawFileName}".
   5:7>ResolveAssemblyReferences:
             The ImageRuntimeVersion for this reference is "".
   7:7>ResolveAssemblyReferences:
             This reference is not "CopyLocal" because at least one source item had "Private" set to "false" and no source items had "Private" set to "true".
   5:7>ResolveAssemblyReferences:
         Primary reference "Microsoft.AspNetCore.Mvc.RazorPages, Version=8.0.0.0, Culture=neutral, PublicKeyToken=adb9793829ddae60".
   7:7>ResolveAssemblyReferences:
             The ImageRuntimeVersion for this reference is "".
   5:7>ResolveAssemblyReferences:
             Resolved file path is "/usr/lib64/dotnet/packs/Microsoft.AspNetCore.App.Ref/8.0.22/ref/net8.0/Microsoft.AspNetCore.Mvc.RazorPages.dll".
   7:7>ResolveAssemblyReferences:
         Primary reference "Microsoft.AspNetCore.Antiforgery, Version=8.0.0.0, Culture=neutral, PublicKeyToken=adb9793829ddae60".
   5:7>ResolveAssemblyReferences:
             Reference found at search path location "{RawFileName}".
   7:7>ResolveAssemblyReferences:
             Resolved file path is "/usr/lib64/dotnet/packs/Microsoft.AspNetCore.App.Ref/8.0.22/ref/net8.0/Microsoft.AspNetCore.Antiforgery.dll".
   5:7>ResolveAssemblyReferences:
             This reference is not "CopyLocal" because at least one source item had "Private" set to "false" and no source items had "Private" set to "true".
   7:7>ResolveAssemblyReferences:
             Reference found at search path location "{RawFileName}".
   5:7>ResolveAssemblyReferences:
             The ImageRuntimeVersion for this reference is "".
   7:7>ResolveAssemblyReferences:
             This reference is not "CopyLocal" because at least one source item had "Private" set to "false" and no source items had "Private" set to "true".
   5:7>ResolveAssemblyReferences:
         Primary reference "Microsoft.AspNetCore.Mvc.TagHelpers, Version=8.0.0.0, Culture=neutral, PublicKeyToken=adb9793829ddae60".
   7:7>ResolveAssemblyReferences:
             The ImageRuntimeVersion for this reference is "".
   5:7>ResolveAssemblyReferences:
             Resolved file path is "/usr/lib64/dotnet/packs/Microsoft.AspNetCore.App.Ref/8.0.22/ref/net8.0/Microsoft.AspNetCore.Mvc.TagHelpers.dll".
   7:7>ResolveAssemblyReferences:
         Primary reference "Microsoft.AspNetCore.Authentication.Abstractions, Version=8.0.0.0, Culture=neutral, PublicKeyToken=adb9793829ddae60".
   5:7>ResolveAssemblyReferences:
             Reference found at search path location "{RawFileName}".
   7:7>ResolveAssemblyReferences:
             Resolved file path is "/usr/lib64/dotnet/packs/Microsoft.AspNetCore.App.Ref/8.0.22/ref/net8.0/Microsoft.AspNetCore.Authentication.Abstractions.dll".
   5:7>ResolveAssemblyReferences:
             This reference is not "CopyLocal" because at least one source item had "Private" set to "false" and no source items had "Private" set to "true".
   7:7>ResolveAssemblyReferences:
             Reference found at search path location "{RawFileName}".
   5:7>ResolveAssemblyReferences:
             The ImageRuntimeVersion for this reference is "".
   7:7>ResolveAssemblyReferences:
             This reference is not "CopyLocal" because at least one source item had "Private" set to "false" and no source items had "Private" set to "true".
   5:7>ResolveAssemblyReferences:
         Primary reference "Microsoft.AspNetCore.Mvc.ViewFeatures, Version=8.0.0.0, Culture=neutral, PublicKeyToken=adb9793829ddae60".
   7:7>ResolveAssemblyReferences:
             The ImageRuntimeVersion for this reference is "".
   5:7>ResolveAssemblyReferences:
             Resolved file path is "/usr/lib64/dotnet/packs/Microsoft.AspNetCore.App.Ref/8.0.22/ref/net8.0/Microsoft.AspNetCore.Mvc.ViewFeatures.dll".
   7:7>ResolveAssemblyReferences:
         Primary reference "Microsoft.AspNetCore.Authentication.BearerToken, Version=8.0.0.0, Culture=neutral, PublicKeyToken=adb9793829ddae60".
   5:7>ResolveAssemblyReferences:
             Reference found at search path location "{RawFileName}".
   7:7>ResolveAssemblyReferences:
             Resolved file path is "/usr/lib64/dotnet/packs/Microsoft.AspNetCore.App.Ref/8.0.22/ref/net8.0/Microsoft.AspNetCore.Authentication.BearerToken.dll".
   5:7>ResolveAssemblyReferences:
             This reference is not "CopyLocal" because at least one source item had "Private" set to "false" and no source items had "Private" set to "true".
   7:7>ResolveAssemblyReferences:
             Reference found at search path location "{RawFileName}".
             This reference is not "CopyLocal" because at least one source item had "Private" set to "false" and no source items had "Private" set to "true".
   5:7>ResolveAssemblyReferences:
             The ImageRuntimeVersion for this reference is "".
   7:7>ResolveAssemblyReferences:
             The ImageRuntimeVersion for this reference is "".
   5:7>ResolveAssemblyReferences:
         Primary reference "Microsoft.AspNetCore.Mvc, Version=8.0.0.0, Culture=neutral, PublicKeyToken=adb9793829ddae60".
   7:7>ResolveAssemblyReferences:
         Primary reference "Microsoft.AspNetCore.Authentication.Cookies, Version=8.0.0.0, Culture=neutral, PublicKeyToken=adb9793829ddae60".
   5:7>ResolveAssemblyReferences:
             Resolved file path is "/usr/lib64/dotnet/packs/Microsoft.AspNetCore.App.Ref/8.0.22/ref/net8.0/Microsoft.AspNetCore.Mvc.dll".
             Reference found at search path location "{RawFileName}".
   7:7>ResolveAssemblyReferences:
             Resolved file path is "/usr/lib64/dotnet/packs/Microsoft.AspNetCore.App.Ref/8.0.22/ref/net8.0/Microsoft.AspNetCore.Authentication.Cookies.dll".
   5:7>ResolveAssemblyReferences:
             This reference is not "CopyLocal" because at least one source item had "Private" set to "false" and no source items had "Private" set to "true".
   7:7>ResolveAssemblyReferences:
             Reference found at search path location "{RawFileName}".
   5:7>ResolveAssemblyReferences:
             The ImageRuntimeVersion for this reference is "".
   7:7>ResolveAssemblyReferences:
             This reference is not "CopyLocal" because at least one source item had "Private" set to "false" and no source items had "Private" set to "true".
   5:7>ResolveAssemblyReferences:
         Primary reference "Microsoft.AspNetCore.OutputCaching, Version=8.0.0.0, Culture=neutral, PublicKeyToken=adb9793829ddae60".
   7:7>ResolveAssemblyReferences:
             The ImageRuntimeVersion for this reference is "".
   5:7>ResolveAssemblyReferences:
             Resolved file path is "/usr/lib64/dotnet/packs/Microsoft.AspNetCore.App.Ref/8.0.22/ref/net8.0/Microsoft.AspNetCore.OutputCaching.dll".
   7:7>ResolveAssemblyReferences:
         Primary reference "Microsoft.AspNetCore.Authentication.Core, Version=8.0.0.0, Culture=neutral, PublicKeyToken=adb9793829ddae60".
             Resolved file path is "/usr/lib64/dotnet/packs/Microsoft.AspNetCore.App.Ref/8.0.22/ref/net8.0/Microsoft.AspNetCore.Authentication.Core.dll".
   5:7>ResolveAssemblyReferences:
             Reference found at search path location "{RawFileName}".
   7:7>ResolveAssemblyReferences:
             Reference found at search path location "{RawFileName}".
   5:7>ResolveAssemblyReferences:
             This reference is not "CopyLocal" because at least one source item had "Private" set to "false" and no source items had "Private" set to "true".
             The ImageRuntimeVersion for this reference is "".
   7:7>ResolveAssemblyReferences:
             This reference is not "CopyLocal" because at least one source item had "Private" set to "false" and no source items had "Private" set to "true".
             The ImageRuntimeVersion for this reference is "".
   5:7>ResolveAssemblyReferences:
         Primary reference "Microsoft.AspNetCore.RateLimiting, Version=8.0.0.0, Culture=neutral, PublicKeyToken=adb9793829ddae60".
   7:7>ResolveAssemblyReferences:
         Primary reference "Microsoft.AspNetCore.Authentication.OAuth, Version=8.0.0.0, Culture=neutral, PublicKeyToken=adb9793829ddae60".
   5:7>ResolveAssemblyReferences:
             Resolved file path is "/usr/lib64/dotnet/packs/Microsoft.AspNetCore.App.Ref/8.0.22/ref/net8.0/Microsoft.AspNetCore.RateLimiting.dll".
   7:7>ResolveAssemblyReferences:
             Resolved file path is "/usr/lib64/dotnet/packs/Microsoft.AspNetCore.App.Ref/8.0.22/ref/net8.0/Microsoft.AspNetCore.Authentication.OAuth.dll".
   5:7>ResolveAssemblyReferences:
             Reference found at search path location "{RawFileName}".
   7:7>ResolveAssemblyReferences:
             Reference found at search path location "{RawFileName}".
   5:7>ResolveAssemblyReferences:
             This reference is not "CopyLocal" because at least one source item had "Private" set to "false" and no source items had "Private" set to "true".
             The ImageRuntimeVersion for this reference is "".
   7:7>ResolveAssemblyReferences:
             This reference is not "CopyLocal" because at least one source item had "Private" set to "false" and no source items had "Private" set to "true".
             The ImageRuntimeVersion for this reference is "".
   5:7>ResolveAssemblyReferences:
         Primary reference "Microsoft.AspNetCore.Razor.Runtime, Version=8.0.0.0, Culture=neutral, PublicKeyToken=adb9793829ddae60".
   7:7>ResolveAssemblyReferences:
         Primary reference "Microsoft.AspNetCore.Authentication, Version=8.0.0.0, Culture=neutral, PublicKeyToken=adb9793829ddae60".
   5:7>ResolveAssemblyReferences:
             Resolved file path is "/usr/lib64/dotnet/packs/Microsoft.AspNetCore.App.Ref/8.0.22/ref/net8.0/Microsoft.AspNetCore.Razor.Runtime.dll".
   7:7>ResolveAssemblyReferences:
             Resolved file path is "/usr/lib64/dotnet/packs/Microsoft.AspNetCore.App.Ref/8.0.22/ref/net8.0/Microsoft.AspNetCore.Authentication.dll".
   5:7>ResolveAssemblyReferences:
             Reference found at search path location "{RawFileName}".
   7:7>ResolveAssemblyReferences:
             Reference found at search path location "{RawFileName}".
   5:7>ResolveAssemblyReferences:
             This reference is not "CopyLocal" because at least one source item had "Private" set to "false" and no source items had "Private" set to "true".
   7:7>ResolveAssemblyReferences:
             This reference is not "CopyLocal" because at least one source item had "Private" set to "false" and no source items had "Private" set to "true".
   5:7>ResolveAssemblyReferences:
             The ImageRuntimeVersion for this reference is "".
   7:7>ResolveAssemblyReferences:
             The ImageRuntimeVersion for this reference is "".
   5:7>ResolveAssemblyReferences:
         Primary reference "Microsoft.AspNetCore.Razor, Version=8.0.0.0, Culture=neutral, PublicKeyToken=adb9793829ddae60".
   7:7>ResolveAssemblyReferences:
         Primary reference "Microsoft.AspNetCore.Authorization.Policy, Version=8.0.0.0, Culture=neutral, PublicKeyToken=adb9793829ddae60".
   5:7>ResolveAssemblyReferences:
             Resolved file path is "/usr/lib64/dotnet/packs/Microsoft.AspNetCore.App.Ref/8.0.22/ref/net8.0/Microsoft.AspNetCore.Razor.dll".
   7:7>ResolveAssemblyReferences:
             Resolved file path is "/usr/lib64/dotnet/packs/Microsoft.AspNetCore.App.Ref/8.0.22/ref/net8.0/Microsoft.AspNetCore.Authorization.Policy.dll".
   5:7>ResolveAssemblyReferences:
             Reference found at search path location "{RawFileName}".
   7:7>ResolveAssemblyReferences:
             Reference found at search path location "{RawFileName}".
   5:7>ResolveAssemblyReferences:
             This reference is not "CopyLocal" because at least one source item had "Private" set to "false" and no source items had "Private" set to "true".
   7:7>ResolveAssemblyReferences:
             This reference is not "CopyLocal" because at least one source item had "Private" set to "false" and no source items had "Private" set to "true".
   5:7>ResolveAssemblyReferences:
             The ImageRuntimeVersion for this reference is "".
   7:7>ResolveAssemblyReferences:
             The ImageRuntimeVersion for this reference is "".
   5:7>ResolveAssemblyReferences:
         Primary reference "Microsoft.AspNetCore.RequestDecompression, Version=8.0.0.0, Culture=neutral, PublicKeyToken=adb9793829ddae60".
   7:7>ResolveAssemblyReferences:
         Primary reference "Microsoft.AspNetCore.Authorization, Version=8.0.0.0, Culture=neutral, PublicKeyToken=adb9793829ddae60".
   5:7>ResolveAssemblyReferences:
             Resolved file path is "/usr/lib64/dotnet/packs/Microsoft.AspNetCore.App.Ref/8.0.22/ref/net8.0/Microsoft.AspNetCore.RequestDecompression.dll".
   7:7>ResolveAssemblyReferences:
             Resolved file path is "/usr/lib64/dotnet/packs/Microsoft.AspNetCore.App.Ref/8.0.22/ref/net8.0/Microsoft.AspNetCore.Authorization.dll".
   5:7>ResolveAssemblyReferences:
             Reference found at search path location "{RawFileName}".
   7:7>ResolveAssemblyReferences:
             Reference found at search path location "{RawFileName}".
   5:7>ResolveAssemblyReferences:
             This reference is not "CopyLocal" because at least one source item had "Private" set to "false" and no source items had "Private" set to "true".
   7:7>ResolveAssemblyReferences:
             This reference is not "CopyLocal" because at least one source item had "Private" set to "false" and no source items had "Private" set to "true".
   5:7>ResolveAssemblyReferences:
             The ImageRuntimeVersion for this reference is "".
   7:7>ResolveAssemblyReferences:
             The ImageRuntimeVersion for this reference is "".
   5:7>ResolveAssemblyReferences:
         Primary reference "Microsoft.AspNetCore.ResponseCaching.Abstractions, Version=8.0.0.0, Culture=neutral, PublicKeyToken=adb9793829ddae60".
   7:7>ResolveAssemblyReferences:
         Primary reference "Microsoft.AspNetCore.Components.Authorization, Version=8.0.0.0, Culture=neutral, PublicKeyToken=adb9793829ddae60".
   5:7>ResolveAssemblyReferences:
             Resolved file path is "/usr/lib64/dotnet/packs/Microsoft.AspNetCore.App.Ref/8.0.22/ref/net8.0/Microsoft.AspNetCore.ResponseCaching.Abstractions.dll".
   7:7>ResolveAssemblyReferences:
             Resolved file path is "/usr/lib64/dotnet/packs/Microsoft.AspNetCore.App.Ref/8.0.22/ref/net8.0/Microsoft.AspNetCore.Components.Authorization.dll".
   5:7>ResolveAssemblyReferences:
             Reference found at search path location "{RawFileName}".
   7:7>ResolveAssemblyReferences:
             Reference found at search path location "{RawFileName}".
   5:7>ResolveAssemblyReferences:
             This reference is not "CopyLocal" because at least one source item had "Private" set to "false" and no source items had "Private" set to "true".
   7:7>ResolveAssemblyReferences:
             This reference is not "CopyLocal" because at least one source item had "Private" set to "false" and no source items had "Private" set to "true".
   5:7>ResolveAssemblyReferences:
             The ImageRuntimeVersion for this reference is "".
   7:7>ResolveAssemblyReferences:
             The ImageRuntimeVersion for this reference is "".
   5:7>ResolveAssemblyReferences:
         Primary reference "Microsoft.AspNetCore.ResponseCaching, Version=8.0.0.0, Culture=neutral, PublicKeyToken=adb9793829ddae60".
   7:7>ResolveAssemblyReferences:
         Primary reference "Microsoft.AspNetCore.Components.Endpoints, Version=8.0.0.0, Culture=neutral, PublicKeyToken=adb9793829ddae60".
   5:7>ResolveAssemblyReferences:
             Resolved file path is "/usr/lib64/dotnet/packs/Microsoft.AspNetCore.App.Ref/8.0.22/ref/net8.0/Microsoft.AspNetCore.ResponseCaching.dll".
   7:7>ResolveAssemblyReferences:
             Resolved file path is "/usr/lib64/dotnet/packs/Microsoft.AspNetCore.App.Ref/8.0.22/ref/net8.0/Microsoft.AspNetCore.Components.Endpoints.dll".
   5:7>ResolveAssemblyReferences:
             Reference found at search path location "{RawFileName}".
   7:7>ResolveAssemblyReferences:
             Reference found at search path location "{RawFileName}".
   5:7>ResolveAssemblyReferences:
             This reference is not "CopyLocal" because at least one source item had "Private" set to "false" and no source items had "Private" set to "true".
   7:7>ResolveAssemblyReferences:
             This reference is not "CopyLocal" because at least one source item had "Private" set to "false" and no source items had "Private" set to "true".
   5:7>ResolveAssemblyReferences:
             The ImageRuntimeVersion for this reference is "".
   7:7>ResolveAssemblyReferences:
             The ImageRuntimeVersion for this reference is "".
   5:7>ResolveAssemblyReferences:
         Primary reference "Microsoft.AspNetCore.ResponseCompression, Version=8.0.0.0, Culture=neutral, PublicKeyToken=adb9793829ddae60".
   7:7>ResolveAssemblyReferences:
         Primary reference "Microsoft.AspNetCore.Components.Forms, Version=8.0.0.0, Culture=neutral, PublicKeyToken=adb9793829ddae60".
   5:7>ResolveAssemblyReferences:
             Resolved file path is "/usr/lib64/dotnet/packs/Microsoft.AspNetCore.App.Ref/8.0.22/ref/net8.0/Microsoft.AspNetCore.ResponseCompression.dll".
   7:7>ResolveAssemblyReferences:
             Resolved file path is "/usr/lib64/dotnet/packs/Microsoft.AspNetCore.App.Ref/8.0.22/ref/net8.0/Microsoft.AspNetCore.Components.Forms.dll".
   5:7>ResolveAssemblyReferences:
             Reference found at search path location "{RawFileName}".
   7:7>ResolveAssemblyReferences:
             Reference found at search path location "{RawFileName}".
   5:7>ResolveAssemblyReferences:
             This reference is not "CopyLocal" because at least one source item had "Private" set to "false" and no source items had "Private" set to "true".
   7:7>ResolveAssemblyReferences:
             This reference is not "CopyLocal" because at least one source item had "Private" set to "false" and no source items had "Private" set to "true".
   5:7>ResolveAssemblyReferences:
             The ImageRuntimeVersion for this reference is "".
   7:7>ResolveAssemblyReferences:
             The ImageRuntimeVersion for this reference is "".
   5:7>ResolveAssemblyReferences:
         Primary reference "Microsoft.AspNetCore.Rewrite, Version=8.0.0.0, Culture=neutral, PublicKeyToken=adb9793829ddae60".
   7:7>ResolveAssemblyReferences:
         Primary reference "Microsoft.AspNetCore.Components.Server, Version=8.0.0.0, Culture=neutral, PublicKeyToken=adb9793829ddae60".
   5:7>ResolveAssemblyReferences:
             Resolved file path is "/usr/lib64/dotnet/packs/Microsoft.AspNetCore.App.Ref/8.0.22/ref/net8.0/Microsoft.AspNetCore.Rewrite.dll".
   7:7>ResolveAssemblyReferences:
             Resolved file path is "/usr/lib64/dotnet/packs/Microsoft.AspNetCore.App.Ref/8.0.22/ref/net8.0/Microsoft.AspNetCore.Components.Server.dll".
   5:7>ResolveAssemblyReferences:
             Reference found at search path location "{RawFileName}".
   7:7>ResolveAssemblyReferences:
             Reference found at search path location "{RawFileName}".
   5:7>ResolveAssemblyReferences:
             This reference is not "CopyLocal" because at least one source item had "Private" set to "false" and no source items had "Private" set to "true".
   7:7>ResolveAssemblyReferences:
             This reference is not "CopyLocal" because at least one source item had "Private" set to "false" and no source items had "Private" set to "true".
   5:7>ResolveAssemblyReferences:
             The ImageRuntimeVersion for this reference is "".
   7:7>ResolveAssemblyReferences:
             The ImageRuntimeVersion for this reference is "".
         Primary reference "Microsoft.AspNetCore.Components.Web, Version=8.0.0.0, Culture=neutral, PublicKeyToken=adb9793829ddae60".
   5:7>ResolveAssemblyReferences:
         Primary reference "Microsoft.AspNetCore.Routing.Abstractions, Version=8.0.0.0, Culture=neutral, PublicKeyToken=adb9793829ddae60".
   7:7>ResolveAssemblyReferences:
             Resolved file path is "/usr/lib64/dotnet/packs/Microsoft.AspNetCore.App.Ref/8.0.22/ref/net8.0/Microsoft.AspNetCore.Components.Web.dll".
   5:7>ResolveAssemblyReferences:
             Resolved file path is "/usr/lib64/dotnet/packs/Microsoft.AspNetCore.App.Ref/8.0.22/ref/net8.0/Microsoft.AspNetCore.Routing.Abstractions.dll".
   7:7>ResolveAssemblyReferences:
             Reference found at search path location "{RawFileName}".
   5:7>ResolveAssemblyReferences:
             Reference found at search path location "{RawFileName}".
             This reference is not "CopyLocal" because at least one source item had "Private" set to "false" and no source items had "Private" set to "true".
   7:7>ResolveAssemblyReferences:
             This reference is not "CopyLocal" because at least one source item had "Private" set to "false" and no source items had "Private" set to "true".
   5:7>ResolveAssemblyReferences:
             The ImageRuntimeVersion for this reference is "".
   7:7>ResolveAssemblyReferences:
             The ImageRuntimeVersion for this reference is "".
   5:7>ResolveAssemblyReferences:
         Primary reference "Microsoft.AspNetCore.Routing, Version=8.0.0.0, Culture=neutral, PublicKeyToken=adb9793829ddae60".
   7:7>ResolveAssemblyReferences:
         Primary reference "Microsoft.AspNetCore.Components, Version=8.0.0.0, Culture=neutral, PublicKeyToken=adb9793829ddae60".
   5:7>ResolveAssemblyReferences:
             Resolved file path is "/usr/lib64/dotnet/packs/Microsoft.AspNetCore.App.Ref/8.0.22/ref/net8.0/Microsoft.AspNetCore.Routing.dll".
   7:7>ResolveAssemblyReferences:
             Resolved file path is "/usr/lib64/dotnet/packs/Microsoft.AspNetCore.App.Ref/8.0.22/ref/net8.0/Microsoft.AspNetCore.Components.dll".
   5:7>ResolveAssemblyReferences:
             Reference found at search path location "{RawFileName}".
   7:7>ResolveAssemblyReferences:
             Reference found at search path location "{RawFileName}".
   5:7>ResolveAssemblyReferences:
             This reference is not "CopyLocal" because at least one source item had "Private" set to "false" and no source items had "Private" set to "true".
   7:7>ResolveAssemblyReferences:
             This reference is not "CopyLocal" because at least one source item had "Private" set to "false" and no source items had "Private" set to "true".
   5:7>ResolveAssemblyReferences:
             The ImageRuntimeVersion for this reference is "".
   7:7>ResolveAssemblyReferences:
             The ImageRuntimeVersion for this reference is "".
   5:7>ResolveAssemblyReferences:
         Primary reference "Microsoft.AspNetCore.Server.HttpSys, Version=8.0.0.0, Culture=neutral, PublicKeyToken=adb9793829ddae60".
   7:7>ResolveAssemblyReferences:
         Primary reference "Microsoft.AspNetCore.Connections.Abstractions, Version=8.0.0.0, Culture=neutral, PublicKeyToken=adb9793829ddae60".
             Resolved file path is "/usr/lib64/dotnet/packs/Microsoft.AspNetCore.App.Ref/8.0.22/ref/net8.0/Microsoft.AspNetCore.Connections.Abstractions.dll".
   5:7>ResolveAssemblyReferences:
             Resolved file path is "/usr/lib64/dotnet/packs/Microsoft.AspNetCore.App.Ref/8.0.22/ref/net8.0/Microsoft.AspNetCore.Server.HttpSys.dll".
             Reference found at search path location "{RawFileName}".
   7:7>ResolveAssemblyReferences:
             Reference found at search path location "{RawFileName}".
   5:7>ResolveAssemblyReferences:
             This reference is not "CopyLocal" because at least one source item had "Private" set to "false" and no source items had "Private" set to "true".
   7:7>ResolveAssemblyReferences:
             This reference is not "CopyLocal" because at least one source item had "Private" set to "false" and no source items had "Private" set to "true".
   5:7>ResolveAssemblyReferences:
             The ImageRuntimeVersion for this reference is "".
   7:7>ResolveAssemblyReferences:
             The ImageRuntimeVersion for this reference is "".
   5:7>ResolveAssemblyReferences:
         Primary reference "Microsoft.AspNetCore.Server.IIS, Version=8.0.0.0, Culture=neutral, PublicKeyToken=adb9793829ddae60".
   7:7>ResolveAssemblyReferences:
         Primary reference "Microsoft.AspNetCore.CookiePolicy, Version=8.0.0.0, Culture=neutral, PublicKeyToken=adb9793829ddae60".
   5:7>ResolveAssemblyReferences:
             Resolved file path is "/usr/lib64/dotnet/packs/Microsoft.AspNetCore.App.Ref/8.0.22/ref/net8.0/Microsoft.AspNetCore.Server.IIS.dll".
   7:7>ResolveAssemblyReferences:
             Resolved file path is "/usr/lib64/dotnet/packs/Microsoft.AspNetCore.App.Ref/8.0.22/ref/net8.0/Microsoft.AspNetCore.CookiePolicy.dll".
   5:7>ResolveAssemblyReferences:
             Reference found at search path location "{RawFileName}".
   7:7>ResolveAssemblyReferences:
             Reference found at search path location "{RawFileName}".
   5:7>ResolveAssemblyReferences:
             This reference is not "CopyLocal" because at least one source item had "Private" set to "false" and no source items had "Private" set to "true".
   7:7>ResolveAssemblyReferences:
             This reference is not "CopyLocal" because at least one source item had "Private" set to "false" and no source items had "Private" set to "true".
   5:7>ResolveAssemblyReferences:
             The ImageRuntimeVersion for this reference is "".
   7:7>ResolveAssemblyReferences:
             The ImageRuntimeVersion for this reference is "".
   5:7>ResolveAssemblyReferences:
         Primary reference "Microsoft.AspNetCore.Server.IISIntegration, Version=8.0.0.0, Culture=neutral, PublicKeyToken=adb9793829ddae60".
   7:7>ResolveAssemblyReferences:
         Primary reference "Microsoft.AspNetCore.Cors, Version=8.0.0.0, Culture=neutral, PublicKeyToken=adb9793829ddae60".
             Resolved file path is "/usr/lib64/dotnet/packs/Microsoft.AspNetCore.App.Ref/8.0.22/ref/net8.0/Microsoft.AspNetCore.Cors.dll".
   5:7>ResolveAssemblyReferences:
             Resolved file path is "/usr/lib64/dotnet/packs/Microsoft.AspNetCore.App.Ref/8.0.22/ref/net8.0/Microsoft.AspNetCore.Server.IISIntegration.dll".
   7:7>ResolveAssemblyReferences:
             Reference found at search path location "{RawFileName}".
   5:7>ResolveAssemblyReferences:
             Reference found at search path location "{RawFileName}".
   7:7>ResolveAssemblyReferences:
             This reference is not "CopyLocal" because at least one source item had "Private" set to "false" and no source items had "Private" set to "true".
   5:7>ResolveAssemblyReferences:
             This reference is not "CopyLocal" because at least one source item had "Private" set to "false" and no source items had "Private" set to "true".
   7:7>ResolveAssemblyReferences:
             The ImageRuntimeVersion for this reference is "".
   5:7>ResolveAssemblyReferences:
             The ImageRuntimeVersion for this reference is "".
   7:7>ResolveAssemblyReferences:
         Primary reference "Microsoft.AspNetCore.Cryptography.Internal, Version=8.0.0.0, Culture=neutral, PublicKeyToken=adb9793829ddae60".
   5:7>ResolveAssemblyReferences:
         Primary reference "Microsoft.AspNetCore.Server.Kestrel.Core, Version=8.0.0.0, Culture=neutral, PublicKeyToken=adb9793829ddae60".
   7:7>ResolveAssemblyReferences:
             Resolved file path is "/usr/lib64/dotnet/packs/Microsoft.AspNetCore.App.Ref/8.0.22/ref/net8.0/Microsoft.AspNetCore.Cryptography.Internal.dll".
   5:7>ResolveAssemblyReferences:
             Resolved file path is "/usr/lib64/dotnet/packs/Microsoft.AspNetCore.App.Ref/8.0.22/ref/net8.0/Microsoft.AspNetCore.Server.Kestrel.Core.dll".
   7:7>ResolveAssemblyReferences:
             Reference found at search path location "{RawFileName}".
   5:7>ResolveAssemblyReferences:
             Reference found at search path location "{RawFileName}".
   7:7>ResolveAssemblyReferences:
             This reference is not "CopyLocal" because at least one source item had "Private" set to "false" and no source items had "Private" set to "true".
   5:7>ResolveAssemblyReferences:
             This reference is not "CopyLocal" because at least one source item had "Private" set to "false" and no source items had "Private" set to "true".
   7:7>ResolveAssemblyReferences:
             The ImageRuntimeVersion for this reference is "".
   5:7>ResolveAssemblyReferences:
             The ImageRuntimeVersion for this reference is "".
   7:7>ResolveAssemblyReferences:
         Primary reference "Microsoft.AspNetCore.Cryptography.KeyDerivation, Version=8.0.0.0, Culture=neutral, PublicKeyToken=adb9793829ddae60".
   5:7>ResolveAssemblyReferences:
         Primary reference "Microsoft.AspNetCore.Server.Kestrel.Transport.NamedPipes, Version=8.0.0.0, Culture=neutral, PublicKeyToken=adb9793829ddae60".
   7:7>ResolveAssemblyReferences:
             Resolved file path is "/usr/lib64/dotnet/packs/Microsoft.AspNetCore.App.Ref/8.0.22/ref/net8.0/Microsoft.AspNetCore.Cryptography.KeyDerivation.dll".
   5:7>ResolveAssemblyReferences:
             Resolved file path is "/usr/lib64/dotnet/packs/Microsoft.AspNetCore.App.Ref/8.0.22/ref/net8.0/Microsoft.AspNetCore.Server.Kestrel.Transport.NamedPipes.dll".
   7:7>ResolveAssemblyReferences:
             Reference found at search path location "{RawFileName}".
   5:7>ResolveAssemblyReferences:
             Reference found at search path location "{RawFileName}".
   7:7>ResolveAssemblyReferences:
             This reference is not "CopyLocal" because at least one source item had "Private" set to "false" and no source items had "Private" set to "true".
   5:7>ResolveAssemblyReferences:
             This reference is not "CopyLocal" because at least one source item had "Private" set to "false" and no source items had "Private" set to "true".
   7:7>ResolveAssemblyReferences:
             The ImageRuntimeVersion for this reference is "".
   5:7>ResolveAssemblyReferences:
             The ImageRuntimeVersion for this reference is "".
   7:7>ResolveAssemblyReferences:
         Primary reference "Microsoft.AspNetCore.DataProtection.Abstractions, Version=8.0.0.0, Culture=neutral, PublicKeyToken=adb9793829ddae60".
   5:7>ResolveAssemblyReferences:
         Primary reference "Microsoft.AspNetCore.Server.Kestrel.Transport.Quic, Version=8.0.0.0, Culture=neutral, PublicKeyToken=adb9793829ddae60".
   7:7>ResolveAssemblyReferences:
             Resolved file path is "/usr/lib64/dotnet/packs/Microsoft.AspNetCore.App.Ref/8.0.22/ref/net8.0/Microsoft.AspNetCore.DataProtection.Abstractions.dll".
   5:7>ResolveAssemblyReferences:
             Resolved file path is "/usr/lib64/dotnet/packs/Microsoft.AspNetCore.App.Ref/8.0.22/ref/net8.0/Microsoft.AspNetCore.Server.Kestrel.Transport.Quic.dll".
   7:7>ResolveAssemblyReferences:
             Reference found at search path location "{RawFileName}".
   5:7>ResolveAssemblyReferences:
             Reference found at search path location "{RawFileName}".
   7:7>ResolveAssemblyReferences:
             This reference is not "CopyLocal" because at least one source item had "Private" set to "false" and no source items had "Private" set to "true".
             The ImageRuntimeVersion for this reference is "".
   5:7>ResolveAssemblyReferences:
             This reference is not "CopyLocal" because at least one source item had "Private" set to "false" and no source items had "Private" set to "true".
             The ImageRuntimeVersion for this reference is "".
   7:7>ResolveAssemblyReferences:
         Primary reference "Microsoft.AspNetCore.DataProtection.Extensions, Version=8.0.0.0, Culture=neutral, PublicKeyToken=adb9793829ddae60".
   5:7>ResolveAssemblyReferences:
         Primary reference "Microsoft.AspNetCore.Server.Kestrel.Transport.Sockets, Version=8.0.0.0, Culture=neutral, PublicKeyToken=adb9793829ddae60".
   7:7>ResolveAssemblyReferences:
             Resolved file path is "/usr/lib64/dotnet/packs/Microsoft.AspNetCore.App.Ref/8.0.22/ref/net8.0/Microsoft.AspNetCore.DataProtection.Extensions.dll".
   5:7>ResolveAssemblyReferences:
             Resolved file path is "/usr/lib64/dotnet/packs/Microsoft.AspNetCore.App.Ref/8.0.22/ref/net8.0/Microsoft.AspNetCore.Server.Kestrel.Transport.Sockets.dll".
   7:7>ResolveAssemblyReferences:
             Reference found at search path location "{RawFileName}".
   5:7>ResolveAssemblyReferences:
             Reference found at search path location "{RawFileName}".
   7:7>ResolveAssemblyReferences:
             This reference is not "CopyLocal" because at least one source item had "Private" set to "false" and no source items had "Private" set to "true".
   5:7>ResolveAssemblyReferences:
             This reference is not "CopyLocal" because at least one source item had "Private" set to "false" and no source items had "Private" set to "true".
   7:7>ResolveAssemblyReferences:
             The ImageRuntimeVersion for this reference is "".
   5:7>ResolveAssemblyReferences:
             The ImageRuntimeVersion for this reference is "".
   7:7>ResolveAssemblyReferences:
         Primary reference "Microsoft.AspNetCore.DataProtection, Version=8.0.0.0, Culture=neutral, PublicKeyToken=adb9793829ddae60".
             Resolved file path is "/usr/lib64/dotnet/packs/Microsoft.AspNetCore.App.Ref/8.0.22/ref/net8.0/Microsoft.AspNetCore.DataProtection.dll".
   5:7>ResolveAssemblyReferences:
         Primary reference "Microsoft.AspNetCore.Server.Kestrel, Version=8.0.0.0, Culture=neutral, PublicKeyToken=adb9793829ddae60".
   7:7>ResolveAssemblyReferences:
             Reference found at search path location "{RawFileName}".
   5:7>ResolveAssemblyReferences:
             Resolved file path is "/usr/lib64/dotnet/packs/Microsoft.AspNetCore.App.Ref/8.0.22/ref/net8.0/Microsoft.AspNetCore.Server.Kestrel.dll".
   7:7>ResolveAssemblyReferences:
             This reference is not "CopyLocal" because at least one source item had "Private" set to "false" and no source items had "Private" set to "true".
   5:7>ResolveAssemblyReferences:
             Reference found at search path location "{RawFileName}".
   7:7>ResolveAssemblyReferences:
             The ImageRuntimeVersion for this reference is "".
   5:7>ResolveAssemblyReferences:
             This reference is not "CopyLocal" because at least one source item had "Private" set to "false" and no source items had "Private" set to "true".
   7:7>ResolveAssemblyReferences:
         Primary reference "Microsoft.AspNetCore.Diagnostics.Abstractions, Version=8.0.0.0, Culture=neutral, PublicKeyToken=adb9793829ddae60".
   5:7>ResolveAssemblyReferences:
             The ImageRuntimeVersion for this reference is "".
   7:7>ResolveAssemblyReferences:
             Resolved file path is "/usr/lib64/dotnet/packs/Microsoft.AspNetCore.App.Ref/8.0.22/ref/net8.0/Microsoft.AspNetCore.Diagnostics.Abstractions.dll".
   5:7>ResolveAssemblyReferences:
         Primary reference "Microsoft.AspNetCore.Session, Version=8.0.0.0, Culture=neutral, PublicKeyToken=adb9793829ddae60".
   7:7>ResolveAssemblyReferences:
             Reference found at search path location "{RawFileName}".
   5:7>ResolveAssemblyReferences:
             Resolved file path is "/usr/lib64/dotnet/packs/Microsoft.AspNetCore.App.Ref/8.0.22/ref/net8.0/Microsoft.AspNetCore.Session.dll".
   7:7>ResolveAssemblyReferences:
             This reference is not "CopyLocal" because at least one source item had "Private" set to "false" and no source items had "Private" set to "true".
   5:7>ResolveAssemblyReferences:
             Reference found at search path location "{RawFileName}".
   7:7>ResolveAssemblyReferences:
             The ImageRuntimeVersion for this reference is "".
   5:7>ResolveAssemblyReferences:
             This reference is not "CopyLocal" because at least one source item had "Private" set to "false" and no source items had "Private" set to "true".
   7:7>ResolveAssemblyReferences:
         Primary reference "Microsoft.AspNetCore.Diagnostics.HealthChecks, Version=8.0.0.0, Culture=neutral, PublicKeyToken=adb9793829ddae60".
   5:7>ResolveAssemblyReferences:
             The ImageRuntimeVersion for this reference is "".
   7:7>ResolveAssemblyReferences:
             Resolved file path is "/usr/lib64/dotnet/packs/Microsoft.AspNetCore.App.Ref/8.0.22/ref/net8.0/Microsoft.AspNetCore.Diagnostics.HealthChecks.dll".
   5:7>ResolveAssemblyReferences:
         Primary reference "Microsoft.AspNetCore.SignalR.Common, Version=8.0.0.0, Culture=neutral, PublicKeyToken=adb9793829ddae60".
   7:7>ResolveAssemblyReferences:
             Reference found at search path location "{RawFileName}".
   5:7>ResolveAssemblyReferences:
             Resolved file path is "/usr/lib64/dotnet/packs/Microsoft.AspNetCore.App.Ref/8.0.22/ref/net8.0/Microsoft.AspNetCore.SignalR.Common.dll".
   7:7>ResolveAssemblyReferences:
             This reference is not "CopyLocal" because at least one source item had "Private" set to "false" and no source items had "Private" set to "true".
   5:7>ResolveAssemblyReferences:
             Reference found at search path location "{RawFileName}".
   7:7>ResolveAssemblyReferences:
             The ImageRuntimeVersion for this reference is "".
   5:7>ResolveAssemblyReferences:
             This reference is not "CopyLocal" because at least one source item had "Private" set to "false" and no source items had "Private" set to "true".
   7:7>ResolveAssemblyReferences:
         Primary reference "Microsoft.AspNetCore.Diagnostics, Version=8.0.0.0, Culture=neutral, PublicKeyToken=adb9793829ddae60".
   5:7>ResolveAssemblyReferences:
             The ImageRuntimeVersion for this reference is "".
   7:7>ResolveAssemblyReferences:
             Resolved file path is "/usr/lib64/dotnet/packs/Microsoft.AspNetCore.App.Ref/8.0.22/ref/net8.0/Microsoft.AspNetCore.Diagnostics.dll".
   5:7>ResolveAssemblyReferences:
         Primary reference "Microsoft.AspNetCore.SignalR.Core, Version=8.0.0.0, Culture=neutral, PublicKeyToken=adb9793829ddae60".
   7:7>ResolveAssemblyReferences:
             Reference found at search path location "{RawFileName}".
             This reference is not "CopyLocal" because at least one source item had "Private" set to "false" and no source items had "Private" set to "true".
             The ImageRuntimeVersion for this reference is "".
   5:7>ResolveAssemblyReferences:
             Resolved file path is "/usr/lib64/dotnet/packs/Microsoft.AspNetCore.App.Ref/8.0.22/ref/net8.0/Microsoft.AspNetCore.SignalR.Core.dll".
   7:7>ResolveAssemblyReferences:
         Primary reference "Microsoft.AspNetCore.HostFiltering, Version=8.0.0.0, Culture=neutral, PublicKeyToken=adb9793829ddae60".
   5:7>ResolveAssemblyReferences:
             Reference found at search path location "{RawFileName}".
   7:7>ResolveAssemblyReferences:
             Resolved file path is "/usr/lib64/dotnet/packs/Microsoft.AspNetCore.App.Ref/8.0.22/ref/net8.0/Microsoft.AspNetCore.HostFiltering.dll".
   5:7>ResolveAssemblyReferences:
             This reference is not "CopyLocal" because at least one source item had "Private" set to "false" and no source items had "Private" set to "true".
   7:7>ResolveAssemblyReferences:
             Reference found at search path location "{RawFileName}".
   5:7>ResolveAssemblyReferences:
             The ImageRuntimeVersion for this reference is "".
   7:7>ResolveAssemblyReferences:
             This reference is not "CopyLocal" because at least one source item had "Private" set to "false" and no source items had "Private" set to "true".
   5:7>ResolveAssemblyReferences:
         Primary reference "Microsoft.AspNetCore.SignalR.Protocols.Json, Version=8.0.0.0, Culture=neutral, PublicKeyToken=adb9793829ddae60".
   7:7>ResolveAssemblyReferences:
             The ImageRuntimeVersion for this reference is "".
   5:7>ResolveAssemblyReferences:
             Resolved file path is "/usr/lib64/dotnet/packs/Microsoft.AspNetCore.App.Ref/8.0.22/ref/net8.0/Microsoft.AspNetCore.SignalR.Protocols.Json.dll".
   7:7>ResolveAssemblyReferences:
         Primary reference "Microsoft.AspNetCore.Hosting.Abstractions, Version=8.0.0.0, Culture=neutral, PublicKeyToken=adb9793829ddae60".
   5:7>ResolveAssemblyReferences:
             Reference found at search path location "{RawFileName}".
   7:7>ResolveAssemblyReferences:
             Resolved file path is "/usr/lib64/dotnet/packs/Microsoft.AspNetCore.App.Ref/8.0.22/ref/net8.0/Microsoft.AspNetCore.Hosting.Abstractions.dll".
   5:7>ResolveAssemblyReferences:
             This reference is not "CopyLocal" because at least one source item had "Private" set to "false" and no source items had "Private" set to "true".
             The ImageRuntimeVersion for this reference is "".
   7:7>ResolveAssemblyReferences:
             Reference found at search path location "{RawFileName}".
   5:7>ResolveAssemblyReferences:
         Primary reference "Microsoft.AspNetCore.SignalR, Version=8.0.0.0, Culture=neutral, PublicKeyToken=adb9793829ddae60".
   7:7>ResolveAssemblyReferences:
             This reference is not "CopyLocal" because at least one source item had "Private" set to "false" and no source items had "Private" set to "true".
   5:7>ResolveAssemblyReferences:
             Resolved file path is "/usr/lib64/dotnet/packs/Microsoft.AspNetCore.App.Ref/8.0.22/ref/net8.0/Microsoft.AspNetCore.SignalR.dll".
   7:7>ResolveAssemblyReferences:
             The ImageRuntimeVersion for this reference is "".
   5:7>ResolveAssemblyReferences:
             Reference found at search path location "{RawFileName}".
   7:7>ResolveAssemblyReferences:
         Primary reference "Microsoft.AspNetCore.Hosting.Server.Abstractions, Version=8.0.0.0, Culture=neutral, PublicKeyToken=adb9793829ddae60".
   5:7>ResolveAssemblyReferences:
             This reference is not "CopyLocal" because at least one source item had "Private" set to "false" and no source items had "Private" set to "true".
   7:7>ResolveAssemblyReferences:
             Resolved file path is "/usr/lib64/dotnet/packs/Microsoft.AspNetCore.App.Ref/8.0.22/ref/net8.0/Microsoft.AspNetCore.Hosting.Server.Abstractions.dll".
   5:7>ResolveAssemblyReferences:
             The ImageRuntimeVersion for this reference is "".
   7:7>ResolveAssemblyReferences:
             Reference found at search path location "{RawFileName}".
   5:7>ResolveAssemblyReferences:
         Primary reference "Microsoft.AspNetCore.StaticFiles, Version=8.0.0.0, Culture=neutral, PublicKeyToken=adb9793829ddae60".
   7:7>ResolveAssemblyReferences:
             This reference is not "CopyLocal" because at least one source item had "Private" set to "false" and no source items had "Private" set to "true".
   5:7>ResolveAssemblyReferences:
             Resolved file path is "/usr/lib64/dotnet/packs/Microsoft.AspNetCore.App.Ref/8.0.22/ref/net8.0/Microsoft.AspNetCore.StaticFiles.dll".
   7:7>ResolveAssemblyReferences:
             The ImageRuntimeVersion for this reference is "".
   5:7>ResolveAssemblyReferences:
             Reference found at search path location "{RawFileName}".
   7:7>ResolveAssemblyReferences:
         Primary reference "Microsoft.AspNetCore.Hosting, Version=8.0.0.0, Culture=neutral, PublicKeyToken=adb9793829ddae60".
   5:7>ResolveAssemblyReferences:
             This reference is not "CopyLocal" because at least one source item had "Private" set to "false" and no source items had "Private" set to "true".
   7:7>ResolveAssemblyReferences:
             Resolved file path is "/usr/lib64/dotnet/packs/Microsoft.AspNetCore.App.Ref/8.0.22/ref/net8.0/Microsoft.AspNetCore.Hosting.dll".
   5:7>ResolveAssemblyReferences:
             The ImageRuntimeVersion for this reference is "".
   7:7>ResolveAssemblyReferences:
             Reference found at search path location "{RawFileName}".
   5:7>ResolveAssemblyReferences:
         Primary reference "Microsoft.AspNetCore.WebSockets, Version=8.0.0.0, Culture=neutral, PublicKeyToken=adb9793829ddae60".
             Resolved file path is "/usr/lib64/dotnet/packs/Microsoft.AspNetCore.App.Ref/8.0.22/ref/net8.0/Microsoft.AspNetCore.WebSockets.dll".
   7:7>ResolveAssemblyReferences:
             This reference is not "CopyLocal" because at least one source item had "Private" set to "false" and no source items had "Private" set to "true".
   5:7>ResolveAssemblyReferences:
             Reference found at search path location "{RawFileName}".
   7:7>ResolveAssemblyReferences:
             The ImageRuntimeVersion for this reference is "".
   5:7>ResolveAssemblyReferences:
             This reference is not "CopyLocal" because at least one source item had "Private" set to "false" and no source items had "Private" set to "true".
   7:7>ResolveAssemblyReferences:
         Primary reference "Microsoft.AspNetCore.Html.Abstractions, Version=8.0.0.0, Culture=neutral, PublicKeyToken=adb9793829ddae60".
   5:7>ResolveAssemblyReferences:
             The ImageRuntimeVersion for this reference is "".
   7:7>ResolveAssemblyReferences:
             Resolved file path is "/usr/lib64/dotnet/packs/Microsoft.AspNetCore.App.Ref/8.0.22/ref/net8.0/Microsoft.AspNetCore.Html.Abstractions.dll".
             Reference found at search path location "{RawFileName}".
   5:7>ResolveAssemblyReferences:
         Primary reference "Microsoft.AspNetCore.WebUtilities, Version=8.0.0.0, Culture=neutral, PublicKeyToken=adb9793829ddae60".
   7:7>ResolveAssemblyReferences:
             This reference is not "CopyLocal" because at least one source item had "Private" set to "false" and no source items had "Private" set to "true".
   5:7>ResolveAssemblyReferences:
             Resolved file path is "/usr/lib64/dotnet/packs/Microsoft.AspNetCore.App.Ref/8.0.22/ref/net8.0/Microsoft.AspNetCore.WebUtilities.dll".
   7:7>ResolveAssemblyReferences:
             The ImageRuntimeVersion for this reference is "".
   5:7>ResolveAssemblyReferences:
             Reference found at search path location "{RawFileName}".
   7:7>ResolveAssemblyReferences:
         Primary reference "Microsoft.AspNetCore.Http.Abstractions, Version=8.0.0.0, Culture=neutral, PublicKeyToken=adb9793829ddae60".
   5:7>ResolveAssemblyReferences:
             This reference is not "CopyLocal" because at least one source item had "Private" set to "false" and no source items had "Private" set to "true".
   7:7>ResolveAssemblyReferences:
             Resolved file path is "/usr/lib64/dotnet/packs/Microsoft.AspNetCore.App.Ref/8.0.22/ref/net8.0/Microsoft.AspNetCore.Http.Abstractions.dll".
   5:7>ResolveAssemblyReferences:
             The ImageRuntimeVersion for this reference is "".
   7:7>ResolveAssemblyReferences:
             Reference found at search path location "{RawFileName}".
   5:7>ResolveAssemblyReferences:
         Primary reference "Microsoft.AspNetCore, Version=8.0.0.0, Culture=neutral, PublicKeyToken=adb9793829ddae60".
   7:7>ResolveAssemblyReferences:
             This reference is not "CopyLocal" because at least one source item had "Private" set to "false" and no source items had "Private" set to "true".
   5:7>ResolveAssemblyReferences:
             Resolved file path is "/usr/lib64/dotnet/packs/Microsoft.AspNetCore.App.Ref/8.0.22/ref/net8.0/Microsoft.AspNetCore.dll".
   7:7>ResolveAssemblyReferences:
             The ImageRuntimeVersion for this reference is "".
   5:7>ResolveAssemblyReferences:
             Reference found at search path location "{RawFileName}".
   7:7>ResolveAssemblyReferences:
         Primary reference "Microsoft.AspNetCore.Http.Connections.Common, Version=8.0.0.0, Culture=neutral, PublicKeyToken=adb9793829ddae60".
   5:7>ResolveAssemblyReferences:
             This reference is not "CopyLocal" because at least one source item had "Private" set to "false" and no source items had "Private" set to "true".
   7:7>ResolveAssemblyReferences:
             Resolved file path is "/usr/lib64/dotnet/packs/Microsoft.AspNetCore.App.Ref/8.0.22/ref/net8.0/Microsoft.AspNetCore.Http.Connections.Common.dll".
   5:7>ResolveAssemblyReferences:
             The ImageRuntimeVersion for this reference is "".
   7:7>ResolveAssemblyReferences:
             Reference found at search path location "{RawFileName}".
   5:7>ResolveAssemblyReferences:
         Primary reference "Microsoft.Extensions.Caching.Abstractions, Version=8.0.0.0, Culture=neutral, PublicKeyToken=adb9793829ddae60".
   7:7>ResolveAssemblyReferences:
             This reference is not "CopyLocal" because at least one source item had "Private" set to "false" and no source items had "Private" set to "true".
   5:7>ResolveAssemblyReferences:
             Resolved file path is "/usr/lib64/dotnet/packs/Microsoft.AspNetCore.App.Ref/8.0.22/ref/net8.0/Microsoft.Extensions.Caching.Abstractions.dll".
   7:7>ResolveAssemblyReferences:
             The ImageRuntimeVersion for this reference is "".
   5:7>ResolveAssemblyReferences:
             Reference found at search path location "{RawFileName}".
   7:7>ResolveAssemblyReferences:
         Primary reference "Microsoft.AspNetCore.Http.Connections, Version=8.0.0.0, Culture=neutral, PublicKeyToken=adb9793829ddae60".
   5:7>ResolveAssemblyReferences:
             This reference is not "CopyLocal" because at least one source item had "Private" set to "false" and no source items had "Private" set to "true".
   7:7>ResolveAssemblyReferences:
             Resolved file path is "/usr/lib64/dotnet/packs/Microsoft.AspNetCore.App.Ref/8.0.22/ref/net8.0/Microsoft.AspNetCore.Http.Connections.dll".
   5:7>ResolveAssemblyReferences:
             The ImageRuntimeVersion for this reference is "".
   7:7>ResolveAssemblyReferences:
             Reference found at search path location "{RawFileName}".
   5:7>ResolveAssemblyReferences:
         Primary reference "Microsoft.Extensions.Caching.Memory, Version=8.0.0.0, Culture=neutral, PublicKeyToken=adb9793829ddae60".
   7:7>ResolveAssemblyReferences:
             This reference is not "CopyLocal" because at least one source item had "Private" set to "false" and no source items had "Private" set to "true".
   5:7>ResolveAssemblyReferences:
             Resolved file path is "/usr/lib64/dotnet/packs/Microsoft.AspNetCore.App.Ref/8.0.22/ref/net8.0/Microsoft.Extensions.Caching.Memory.dll".
   7:7>ResolveAssemblyReferences:
             The ImageRuntimeVersion for this reference is "".
   5:7>ResolveAssemblyReferences:
             Reference found at search path location "{RawFileName}".
   7:7>ResolveAssemblyReferences:
         Primary reference "Microsoft.AspNetCore.Http.Extensions, Version=8.0.0.0, Culture=neutral, PublicKeyToken=adb9793829ddae60".
   5:7>ResolveAssemblyReferences:
             This reference is not "CopyLocal" because at least one source item had "Private" set to "false" and no source items had "Private" set to "true".
   7:7>ResolveAssemblyReferences:
             Resolved file path is "/usr/lib64/dotnet/packs/Microsoft.AspNetCore.App.Ref/8.0.22/ref/net8.0/Microsoft.AspNetCore.Http.Extensions.dll".
   5:7>ResolveAssemblyReferences:
             The ImageRuntimeVersion for this reference is "".
   7:7>ResolveAssemblyReferences:
             Reference found at search path location "{RawFileName}".
   5:7>ResolveAssemblyReferences:
         Primary reference "Microsoft.Extensions.Configuration.Abstractions, Version=8.0.0.0, Culture=neutral, PublicKeyToken=adb9793829ddae60".
   7:7>ResolveAssemblyReferences:
             This reference is not "CopyLocal" because at least one source item had "Private" set to "false" and no source items had "Private" set to "true".
             The ImageRuntimeVersion for this reference is "".
   5:7>ResolveAssemblyReferences:
             Resolved file path is "/usr/lib64/dotnet/packs/Microsoft.AspNetCore.App.Ref/8.0.22/ref/net8.0/Microsoft.Extensions.Configuration.Abstractions.dll".
   7:7>ResolveAssemblyReferences:
         Primary reference "Microsoft.AspNetCore.Http.Features, Version=8.0.0.0, Culture=neutral, PublicKeyToken=adb9793829ddae60".
   5:7>ResolveAssemblyReferences:
             Reference found at search path location "{RawFileName}".
   7:7>ResolveAssemblyReferences:
             Resolved file path is "/usr/lib64/dotnet/packs/Microsoft.AspNetCore.App.Ref/8.0.22/ref/net8.0/Microsoft.AspNetCore.Http.Features.dll".
   5:7>ResolveAssemblyReferences:
             This reference is not "CopyLocal" because at least one source item had "Private" set to "false" and no source items had "Private" set to "true".
   7:7>ResolveAssemblyReferences:
             Reference found at search path location "{RawFileName}".
   5:7>ResolveAssemblyReferences:
             The ImageRuntimeVersion for this reference is "".
   7:7>ResolveAssemblyReferences:
             This reference is not "CopyLocal" because at least one source item had "Private" set to "false" and no source items had "Private" set to "true".
   5:7>ResolveAssemblyReferences:
         Primary reference "Microsoft.Extensions.Configuration.Binder, Version=8.0.0.0, Culture=neutral, PublicKeyToken=adb9793829ddae60".
   7:7>ResolveAssemblyReferences:
             The ImageRuntimeVersion for this reference is "".
   5:7>ResolveAssemblyReferences:
             Resolved file path is "/usr/lib64/dotnet/packs/Microsoft.AspNetCore.App.Ref/8.0.22/ref/net8.0/Microsoft.Extensions.Configuration.Binder.dll".
   7:7>ResolveAssemblyReferences:
         Primary reference "Microsoft.AspNetCore.Http.Results, Version=8.0.0.0, Culture=neutral, PublicKeyToken=adb9793829ddae60".
   5:7>ResolveAssemblyReferences:
             Reference found at search path location "{RawFileName}".
   7:7>ResolveAssemblyReferences:
             Resolved file path is "/usr/lib64/dotnet/packs/Microsoft.AspNetCore.App.Ref/8.0.22/ref/net8.0/Microsoft.AspNetCore.Http.Results.dll".
   5:7>ResolveAssemblyReferences:
             This reference is not "CopyLocal" because at least one source item had "Private" set to "false" and no source items had "Private" set to "true".
   7:7>ResolveAssemblyReferences:
             Reference found at search path location "{RawFileName}".
   5:7>ResolveAssemblyReferences:
             The ImageRuntimeVersion for this reference is "".
   7:7>ResolveAssemblyReferences:
             This reference is not "CopyLocal" because at least one source item had "Private" set to "false" and no source items had "Private" set to "true".
   5:7>ResolveAssemblyReferences:
         Primary reference "Microsoft.Extensions.Configuration.CommandLine, Version=8.0.0.0, Culture=neutral, PublicKeyToken=adb9793829ddae60".
   7:7>ResolveAssemblyReferences:
             The ImageRuntimeVersion for this reference is "".
   5:7>ResolveAssemblyReferences:
             Resolved file path is "/usr/lib64/dotnet/packs/Microsoft.AspNetCore.App.Ref/8.0.22/ref/net8.0/Microsoft.Extensions.Configuration.CommandLine.dll".
   7:7>ResolveAssemblyReferences:
         Primary reference "Microsoft.AspNetCore.Http, Version=8.0.0.0, Culture=neutral, PublicKeyToken=adb9793829ddae60".
   5:7>ResolveAssemblyReferences:
             Reference found at search path location "{RawFileName}".
   7:7>ResolveAssemblyReferences:
             Resolved file path is "/usr/lib64/dotnet/packs/Microsoft.AspNetCore.App.Ref/8.0.22/ref/net8.0/Microsoft.AspNetCore.Http.dll".
   5:7>ResolveAssemblyReferences:
             This reference is not "CopyLocal" because at least one source item had "Private" set to "false" and no source items had "Private" set to "true".
   7:7>ResolveAssemblyReferences:
             Reference found at search path location "{RawFileName}".
   5:7>ResolveAssemblyReferences:
             The ImageRuntimeVersion for this reference is "".
   7:7>ResolveAssemblyReferences:
             This reference is not "CopyLocal" because at least one source item had "Private" set to "false" and no source items had "Private" set to "true".
   5:7>ResolveAssemblyReferences:
         Primary reference "Microsoft.Extensions.Configuration.EnvironmentVariables, Version=8.0.0.0, Culture=neutral, PublicKeyToken=adb9793829ddae60".
   7:7>ResolveAssemblyReferences:
             The ImageRuntimeVersion for this reference is "".
   5:7>ResolveAssemblyReferences:
             Resolved file path is "/usr/lib64/dotnet/packs/Microsoft.AspNetCore.App.Ref/8.0.22/ref/net8.0/Microsoft.Extensions.Configuration.EnvironmentVariables.dll".
   7:7>ResolveAssemblyReferences:
         Primary reference "Microsoft.AspNetCore.HttpLogging, Version=8.0.0.0, Culture=neutral, PublicKeyToken=adb9793829ddae60".
   5:7>ResolveAssemblyReferences:
             Reference found at search path location "{RawFileName}".
   7:7>ResolveAssemblyReferences:
             Resolved file path is "/usr/lib64/dotnet/packs/Microsoft.AspNetCore.App.Ref/8.0.22/ref/net8.0/Microsoft.AspNetCore.HttpLogging.dll".
   5:7>ResolveAssemblyReferences:
             This reference is not "CopyLocal" because at least one source item had "Private" set to "false" and no source items had "Private" set to "true".
   7:7>ResolveAssemblyReferences:
             Reference found at search path location "{RawFileName}".
   5:7>ResolveAssemblyReferences:
             The ImageRuntimeVersion for this reference is "".
   7:7>ResolveAssemblyReferences:
             This reference is not "CopyLocal" because at least one source item had "Private" set to "false" and no source items had "Private" set to "true".
   5:7>ResolveAssemblyReferences:
         Primary reference "Microsoft.Extensions.Configuration.FileExtensions, Version=8.0.0.0, Culture=neutral, PublicKeyToken=adb9793829ddae60".
   7:7>ResolveAssemblyReferences:
             The ImageRuntimeVersion for this reference is "".
   5:7>ResolveAssemblyReferences:
             Resolved file path is "/usr/lib64/dotnet/packs/Microsoft.AspNetCore.App.Ref/8.0.22/ref/net8.0/Microsoft.Extensions.Configuration.FileExtensions.dll".
   7:7>ResolveAssemblyReferences:
         Primary reference "Microsoft.AspNetCore.HttpOverrides, Version=8.0.0.0, Culture=neutral, PublicKeyToken=adb9793829ddae60".
   5:7>ResolveAssemblyReferences:
             Reference found at search path location "{RawFileName}".
   7:7>ResolveAssemblyReferences:
             Resolved file path is "/usr/lib64/dotnet/packs/Microsoft.AspNetCore.App.Ref/8.0.22/ref/net8.0/Microsoft.AspNetCore.HttpOverrides.dll".
   5:7>ResolveAssemblyReferences:
             This reference is not "CopyLocal" because at least one source item had "Private" set to "false" and no source items had "Private" set to "true".
   7:7>ResolveAssemblyReferences:
             Reference found at search path location "{RawFileName}".
   5:7>ResolveAssemblyReferences:
             The ImageRuntimeVersion for this reference is "".
   7:7>ResolveAssemblyReferences:
             This reference is not "CopyLocal" because at least one source item had "Private" set to "false" and no source items had "Private" set to "true".
   5:7>ResolveAssemblyReferences:
         Primary reference "Microsoft.Extensions.Configuration.Ini, Version=8.0.0.0, Culture=neutral, PublicKeyToken=adb9793829ddae60".
   7:7>ResolveAssemblyReferences:
             The ImageRuntimeVersion for this reference is "".
   5:7>ResolveAssemblyReferences:
             Resolved file path is "/usr/lib64/dotnet/packs/Microsoft.AspNetCore.App.Ref/8.0.22/ref/net8.0/Microsoft.Extensions.Configuration.Ini.dll".
   7:7>ResolveAssemblyReferences:
         Primary reference "Microsoft.AspNetCore.HttpsPolicy, Version=8.0.0.0, Culture=neutral, PublicKeyToken=adb9793829ddae60".
             Resolved file path is "/usr/lib64/dotnet/packs/Microsoft.AspNetCore.App.Ref/8.0.22/ref/net8.0/Microsoft.AspNetCore.HttpsPolicy.dll".
   5:7>ResolveAssemblyReferences:
             Reference found at search path location "{RawFileName}".
   7:7>ResolveAssemblyReferences:
             Reference found at search path location "{RawFileName}".
   5:7>ResolveAssemblyReferences:
             This reference is not "CopyLocal" because at least one source item had "Private" set to "false" and no source items had "Private" set to "true".
   7:7>ResolveAssemblyReferences:
             This reference is not "CopyLocal" because at least one source item had "Private" set to "false" and no source items had "Private" set to "true".
   5:7>ResolveAssemblyReferences:
             The ImageRuntimeVersion for this reference is "".
   7:7>ResolveAssemblyReferences:
             The ImageRuntimeVersion for this reference is "".
   5:7>ResolveAssemblyReferences:
         Primary reference "Microsoft.Extensions.Configuration.Json, Version=8.0.0.0, Culture=neutral, PublicKeyToken=adb9793829ddae60".
   7:7>ResolveAssemblyReferences:
         Primary reference "Microsoft.AspNetCore.Identity, Version=8.0.0.0, Culture=neutral, PublicKeyToken=adb9793829ddae60".
   5:7>ResolveAssemblyReferences:
             Resolved file path is "/usr/lib64/dotnet/packs/Microsoft.AspNetCore.App.Ref/8.0.22/ref/net8.0/Microsoft.Extensions.Configuration.Json.dll".
   7:7>ResolveAssemblyReferences:
             Resolved file path is "/usr/lib64/dotnet/packs/Microsoft.AspNetCore.App.Ref/8.0.22/ref/net8.0/Microsoft.AspNetCore.Identity.dll".
   5:7>ResolveAssemblyReferences:
             Reference found at search path location "{RawFileName}".
             This reference is not "CopyLocal" because at least one source item had "Private" set to "false" and no source items had "Private" set to "true".
   7:7>ResolveAssemblyReferences:
             Reference found at search path location "{RawFileName}".
   5:7>ResolveAssemblyReferences:
             The ImageRuntimeVersion for this reference is "".
   7:7>ResolveAssemblyReferences:
             This reference is not "CopyLocal" because at least one source item had "Private" set to "false" and no source items had "Private" set to "true".
   5:7>ResolveAssemblyReferences:
         Primary reference "Microsoft.Extensions.Configuration.KeyPerFile, Version=8.0.0.0, Culture=neutral, PublicKeyToken=adb9793829ddae60".
             Resolved file path is "/usr/lib64/dotnet/packs/Microsoft.AspNetCore.App.Ref/8.0.22/ref/net8.0/Microsoft.Extensions.Configuration.KeyPerFile.dll".
   7:7>ResolveAssemblyReferences:
             The ImageRuntimeVersion for this reference is "".
   5:7>ResolveAssemblyReferences:
             Reference found at search path location "{RawFileName}".
   7:7>ResolveAssemblyReferences:
         Primary reference "Microsoft.AspNetCore.Localization.Routing, Version=8.0.0.0, Culture=neutral, PublicKeyToken=adb9793829ddae60".
   5:7>ResolveAssemblyReferences:
             This reference is not "CopyLocal" because at least one source item had "Private" set to "false" and no source items had "Private" set to "true".
   7:7>ResolveAssemblyReferences:
             Resolved file path is "/usr/lib64/dotnet/packs/Microsoft.AspNetCore.App.Ref/8.0.22/ref/net8.0/Microsoft.AspNetCore.Localization.Routing.dll".
   5:7>ResolveAssemblyReferences:
             The ImageRuntimeVersion for this reference is "".
   7:7>ResolveAssemblyReferences:
             Reference found at search path location "{RawFileName}".
   5:7>ResolveAssemblyReferences:
         Primary reference "Microsoft.Extensions.Configuration.UserSecrets, Version=8.0.0.0, Culture=neutral, PublicKeyToken=adb9793829ddae60".
   7:7>ResolveAssemblyReferences:
             This reference is not "CopyLocal" because at least one source item had "Private" set to "false" and no source items had "Private" set to "true".
   5:7>ResolveAssemblyReferences:
             Resolved file path is "/usr/lib64/dotnet/packs/Microsoft.AspNetCore.App.Ref/8.0.22/ref/net8.0/Microsoft.Extensions.Configuration.UserSecrets.dll".
   7:7>ResolveAssemblyReferences:
             The ImageRuntimeVersion for this reference is "".
   5:7>ResolveAssemblyReferences:
             Reference found at search path location "{RawFileName}".
   7:7>ResolveAssemblyReferences:
         Primary reference "Microsoft.AspNetCore.Localization, Version=8.0.0.0, Culture=neutral, PublicKeyToken=adb9793829ddae60".
   5:7>ResolveAssemblyReferences:
             This reference is not "CopyLocal" because at least one source item had "Private" set to "false" and no source items had "Private" set to "true".
   7:7>ResolveAssemblyReferences:
             Resolved file path is "/usr/lib64/dotnet/packs/Microsoft.AspNetCore.App.Ref/8.0.22/ref/net8.0/Microsoft.AspNetCore.Localization.dll".
   5:7>ResolveAssemblyReferences:
             The ImageRuntimeVersion for this reference is "".
   7:7>ResolveAssemblyReferences:
             Reference found at search path location "{RawFileName}".
   5:7>ResolveAssemblyReferences:
         Primary reference "Microsoft.Extensions.Configuration.Xml, Version=8.0.0.0, Culture=neutral, PublicKeyToken=adb9793829ddae60".
   7:7>ResolveAssemblyReferences:
             This reference is not "CopyLocal" because at least one source item had "Private" set to "false" and no source items had "Private" set to "true".
   5:7>ResolveAssemblyReferences:
             Resolved file path is "/usr/lib64/dotnet/packs/Microsoft.AspNetCore.App.Ref/8.0.22/ref/net8.0/Microsoft.Extensions.Configuration.Xml.dll".
   7:7>ResolveAssemblyReferences:
             The ImageRuntimeVersion for this reference is "".
   5:7>ResolveAssemblyReferences:
             Reference found at search path location "{RawFileName}".
   7:7>ResolveAssemblyReferences:
         Primary reference "Microsoft.AspNetCore.Metadata, Version=8.0.0.0, Culture=neutral, PublicKeyToken=adb9793829ddae60".
   5:7>ResolveAssemblyReferences:
             This reference is not "CopyLocal" because at least one source item had "Private" set to "false" and no source items had "Private" set to "true".
   7:7>ResolveAssemblyReferences:
             Resolved file path is "/usr/lib64/dotnet/packs/Microsoft.AspNetCore.App.Ref/8.0.22/ref/net8.0/Microsoft.AspNetCore.Metadata.dll".
   5:7>ResolveAssemblyReferences:
             The ImageRuntimeVersion for this reference is "".
   7:7>ResolveAssemblyReferences:
             Reference found at search path location "{RawFileName}".
   5:7>ResolveAssemblyReferences:
         Primary reference "Microsoft.Extensions.Configuration, Version=8.0.0.0, Culture=neutral, PublicKeyToken=adb9793829ddae60".
   7:7>ResolveAssemblyReferences:
             This reference is not "CopyLocal" because at least one source item had "Private" set to "false" and no source items had "Private" set to "true".
   5:7>ResolveAssemblyReferences:
             Resolved file path is "/usr/lib64/dotnet/packs/Microsoft.AspNetCore.App.Ref/8.0.22/ref/net8.0/Microsoft.Extensions.Configuration.dll".
   7:7>ResolveAssemblyReferences:
             The ImageRuntimeVersion for this reference is "".
   5:7>ResolveAssemblyReferences:
             Reference found at search path location "{RawFileName}".
   7:7>ResolveAssemblyReferences:
         Primary reference "Microsoft.AspNetCore.Mvc.Abstractions, Version=8.0.0.0, Culture=neutral, PublicKeyToken=adb9793829ddae60".
   5:7>ResolveAssemblyReferences:
             This reference is not "CopyLocal" because at least one source item had "Private" set to "false" and no source items had "Private" set to "true".
   7:7>ResolveAssemblyReferences:
             Resolved file path is "/usr/lib64/dotnet/packs/Microsoft.AspNetCore.App.Ref/8.0.22/ref/net8.0/Microsoft.AspNetCore.Mvc.Abstractions.dll".
   5:7>ResolveAssemblyReferences:
             The ImageRuntimeVersion for this reference is "".
   7:7>ResolveAssemblyReferences:
             Reference found at search path location "{RawFileName}".
             This reference is not "CopyLocal" because at least one source item had "Private" set to "false" and no source items had "Private" set to "true".
   5:7>ResolveAssemblyReferences:
         Primary reference "Microsoft.Extensions.DependencyInjection.Abstractions, Version=8.0.0.0, Culture=neutral, PublicKeyToken=adb9793829ddae60".
   7:7>ResolveAssemblyReferences:
             The ImageRuntimeVersion for this reference is "".
   5:7>ResolveAssemblyReferences:
             Resolved file path is "/usr/lib64/dotnet/packs/Microsoft.AspNetCore.App.Ref/8.0.22/ref/net8.0/Microsoft.Extensions.DependencyInjection.Abstractions.dll".
   7:7>ResolveAssemblyReferences:
         Primary reference "Microsoft.AspNetCore.Mvc.ApiExplorer, Version=8.0.0.0, Culture=neutral, PublicKeyToken=adb9793829ddae60".
   5:7>ResolveAssemblyReferences:
             Reference found at search path location "{RawFileName}".
   7:7>ResolveAssemblyReferences:
             Resolved file path is "/usr/lib64/dotnet/packs/Microsoft.AspNetCore.App.Ref/8.0.22/ref/net8.0/Microsoft.AspNetCore.Mvc.ApiExplorer.dll".
   5:7>ResolveAssemblyReferences:
             This reference is not "CopyLocal" because at least one source item had "Private" set to "false" and no source items had "Private" set to "true".
   7:7>ResolveAssemblyReferences:
             Reference found at search path location "{RawFileName}".
   5:7>ResolveAssemblyReferences:
             The ImageRuntimeVersion for this reference is "".
   7:7>ResolveAssemblyReferences:
             This reference is not "CopyLocal" because at least one source item had "Private" set to "false" and no source items had "Private" set to "true".
   5:7>ResolveAssemblyReferences:
         Primary reference "Microsoft.Extensions.DependencyInjection, Version=8.0.0.0, Culture=neutral, PublicKeyToken=adb9793829ddae60".
   7:7>ResolveAssemblyReferences:
             The ImageRuntimeVersion for this reference is "".
   5:7>ResolveAssemblyReferences:
             Resolved file path is "/usr/lib64/dotnet/packs/Microsoft.AspNetCore.App.Ref/8.0.22/ref/net8.0/Microsoft.Extensions.DependencyInjection.dll".
   7:7>ResolveAssemblyReferences:
         Primary reference "Microsoft.AspNetCore.Mvc.Core, Version=8.0.0.0, Culture=neutral, PublicKeyToken=adb9793829ddae60".
   5:7>ResolveAssemblyReferences:
             Reference found at search path location "{RawFileName}".
   7:7>ResolveAssemblyReferences:
             Resolved file path is "/usr/lib64/dotnet/packs/Microsoft.AspNetCore.App.Ref/8.0.22/ref/net8.0/Microsoft.AspNetCore.Mvc.Core.dll".
   5:7>ResolveAssemblyReferences:
             This reference is not "CopyLocal" because at least one source item had "Private" set to "false" and no source items had "Private" set to "true".
   7:7>ResolveAssemblyReferences:
             Reference found at search path location "{RawFileName}".
   5:7>ResolveAssemblyReferences:
             The ImageRuntimeVersion for this reference is "".
   7:7>ResolveAssemblyReferences:
             This reference is not "CopyLocal" because at least one source item had "Private" set to "false" and no source items had "Private" set to "true".
   5:7>ResolveAssemblyReferences:
         Primary reference "Microsoft.Extensions.Diagnostics.Abstractions, Version=8.0.0.0, Culture=neutral, PublicKeyToken=adb9793829ddae60".
   7:7>ResolveAssemblyReferences:
             The ImageRuntimeVersion for this reference is "".
   5:7>ResolveAssemblyReferences:
             Resolved file path is "/usr/lib64/dotnet/packs/Microsoft.AspNetCore.App.Ref/8.0.22/ref/net8.0/Microsoft.Extensions.Diagnostics.Abstractions.dll".
   7:7>ResolveAssemblyReferences:
         Primary reference "Microsoft.AspNetCore.Mvc.Cors, Version=8.0.0.0, Culture=neutral, PublicKeyToken=adb9793829ddae60".
   5:7>ResolveAssemblyReferences:
             Reference found at search path location "{RawFileName}".
   7:7>ResolveAssemblyReferences:
             Resolved file path is "/usr/lib64/dotnet/packs/Microsoft.AspNetCore.App.Ref/8.0.22/ref/net8.0/Microsoft.AspNetCore.Mvc.Cors.dll".
   5:7>ResolveAssemblyReferences:
             This reference is not "CopyLocal" because at least one source item had "Private" set to "false" and no source items had "Private" set to "true".
   7:7>ResolveAssemblyReferences:
             Reference found at search path location "{RawFileName}".
   5:7>ResolveAssemblyReferences:
             The ImageRuntimeVersion for this reference is "".
   7:7>ResolveAssemblyReferences:
             This reference is not "CopyLocal" because at least one source item had "Private" set to "false" and no source items had "Private" set to "true".
   5:7>ResolveAssemblyReferences:
         Primary reference "Microsoft.Extensions.Diagnostics.HealthChecks.Abstractions, Version=8.0.0.0, Culture=neutral, PublicKeyToken=adb9793829ddae60".
   7:7>ResolveAssemblyReferences:
             The ImageRuntimeVersion for this reference is "".
         Primary reference "Microsoft.AspNetCore.Mvc.DataAnnotations, Version=8.0.0.0, Culture=neutral, PublicKeyToken=adb9793829ddae60".
   5:7>ResolveAssemblyReferences:
             Resolved file path is "/usr/lib64/dotnet/packs/Microsoft.AspNetCore.App.Ref/8.0.22/ref/net8.0/Microsoft.Extensions.Diagnostics.HealthChecks.Abstractions.dll".
   7:7>ResolveAssemblyReferences:
             Resolved file path is "/usr/lib64/dotnet/packs/Microsoft.AspNetCore.App.Ref/8.0.22/ref/net8.0/Microsoft.AspNetCore.Mvc.DataAnnotations.dll".
   5:7>ResolveAssemblyReferences:
             Reference found at search path location "{RawFileName}".
   7:7>ResolveAssemblyReferences:
             Reference found at search path location "{RawFileName}".
   5:7>ResolveAssemblyReferences:
             This reference is not "CopyLocal" because at least one source item had "Private" set to "false" and no source items had "Private" set to "true".
   7:7>ResolveAssemblyReferences:
             This reference is not "CopyLocal" because at least one source item had "Private" set to "false" and no source items had "Private" set to "true".
   5:7>ResolveAssemblyReferences:
             The ImageRuntimeVersion for this reference is "".
   7:7>ResolveAssemblyReferences:
             The ImageRuntimeVersion for this reference is "".
   5:7>ResolveAssemblyReferences:
         Primary reference "Microsoft.Extensions.Diagnostics.HealthChecks, Version=8.0.0.0, Culture=neutral, PublicKeyToken=adb9793829ddae60".
   7:7>ResolveAssemblyReferences:
         Primary reference "Microsoft.AspNetCore.Mvc.Formatters.Json, Version=8.0.0.0, Culture=neutral, PublicKeyToken=adb9793829ddae60".
   5:7>ResolveAssemblyReferences:
             Resolved file path is "/usr/lib64/dotnet/packs/Microsoft.AspNetCore.App.Ref/8.0.22/ref/net8.0/Microsoft.Extensions.Diagnostics.HealthChecks.dll".
   7:7>ResolveAssemblyReferences:
             Resolved file path is "/usr/lib64/dotnet/packs/Microsoft.AspNetCore.App.Ref/8.0.22/ref/net8.0/Microsoft.AspNetCore.Mvc.Formatters.Json.dll".
   5:7>ResolveAssemblyReferences:
             Reference found at search path location "{RawFileName}".
   7:7>ResolveAssemblyReferences:
             Reference found at search path location "{RawFileName}".
             This reference is not "CopyLocal" because at least one source item had "Private" set to "false" and no source items had "Private" set to "true".
   5:7>ResolveAssemblyReferences:
             This reference is not "CopyLocal" because at least one source item had "Private" set to "false" and no source items had "Private" set to "true".
   7:7>ResolveAssemblyReferences:
             The ImageRuntimeVersion for this reference is "".
   5:7>ResolveAssemblyReferences:
             The ImageRuntimeVersion for this reference is "".
   7:7>ResolveAssemblyReferences:
         Primary reference "Microsoft.AspNetCore.Mvc.Formatters.Xml, Version=8.0.0.0, Culture=neutral, PublicKeyToken=adb9793829ddae60".
   5:7>ResolveAssemblyReferences:
         Primary reference "Microsoft.Extensions.Diagnostics, Version=8.0.0.0, Culture=neutral, PublicKeyToken=adb9793829ddae60".
   7:7>ResolveAssemblyReferences:
             Resolved file path is "/usr/lib64/dotnet/packs/Microsoft.AspNetCore.App.Ref/8.0.22/ref/net8.0/Microsoft.AspNetCore.Mvc.Formatters.Xml.dll".
   5:7>ResolveAssemblyReferences:
             Resolved file path is "/usr/lib64/dotnet/packs/Microsoft.AspNetCore.App.Ref/8.0.22/ref/net8.0/Microsoft.Extensions.Diagnostics.dll".
   7:7>ResolveAssemblyReferences:
             Reference found at search path location "{RawFileName}".
   5:7>ResolveAssemblyReferences:
             Reference found at search path location "{RawFileName}".
   7:7>ResolveAssemblyReferences:
             This reference is not "CopyLocal" because at least one source item had "Private" set to "false" and no source items had "Private" set to "true".
   5:7>ResolveAssemblyReferences:
             This reference is not "CopyLocal" because at least one source item had "Private" set to "false" and no source items had "Private" set to "true".
   7:7>ResolveAssemblyReferences:
             The ImageRuntimeVersion for this reference is "".
   5:7>ResolveAssemblyReferences:
             The ImageRuntimeVersion for this reference is "".
   7:7>ResolveAssemblyReferences:
         Primary reference "Microsoft.AspNetCore.Mvc.Localization, Version=8.0.0.0, Culture=neutral, PublicKeyToken=adb9793829ddae60".
   5:7>ResolveAssemblyReferences:
         Primary reference "Microsoft.Extensions.Features, Version=8.0.0.0, Culture=neutral, PublicKeyToken=adb9793829ddae60".
   7:7>ResolveAssemblyReferences:
             Resolved file path is "/usr/lib64/dotnet/packs/Microsoft.AspNetCore.App.Ref/8.0.22/ref/net8.0/Microsoft.AspNetCore.Mvc.Localization.dll".
   5:7>ResolveAssemblyReferences:
             Resolved file path is "/usr/lib64/dotnet/packs/Microsoft.AspNetCore.App.Ref/8.0.22/ref/net8.0/Microsoft.Extensions.Features.dll".
   7:7>ResolveAssemblyReferences:
             Reference found at search path location "{RawFileName}".
   5:7>ResolveAssemblyReferences:
             Reference found at search path location "{RawFileName}".
   7:7>ResolveAssemblyReferences:
             This reference is not "CopyLocal" because at least one source item had "Private" set to "false" and no source items had "Private" set to "true".
   5:7>ResolveAssemblyReferences:
             This reference is not "CopyLocal" because at least one source item had "Private" set to "false" and no source items had "Private" set to "true".
   7:7>ResolveAssemblyReferences:
             The ImageRuntimeVersion for this reference is "".
   5:7>ResolveAssemblyReferences:
             The ImageRuntimeVersion for this reference is "".
   7:7>ResolveAssemblyReferences:
         Primary reference "Microsoft.AspNetCore.Mvc.Razor, Version=8.0.0.0, Culture=neutral, PublicKeyToken=adb9793829ddae60".
   5:7>ResolveAssemblyReferences:
         Primary reference "Microsoft.Extensions.FileProviders.Abstractions, Version=8.0.0.0, Culture=neutral, PublicKeyToken=adb9793829ddae60".
   7:7>ResolveAssemblyReferences:
             Resolved file path is "/usr/lib64/dotnet/packs/Microsoft.AspNetCore.App.Ref/8.0.22/ref/net8.0/Microsoft.AspNetCore.Mvc.Razor.dll".
   5:7>ResolveAssemblyReferences:
             Resolved file path is "/usr/lib64/dotnet/packs/Microsoft.AspNetCore.App.Ref/8.0.22/ref/net8.0/Microsoft.Extensions.FileProviders.Abstractions.dll".
   7:7>ResolveAssemblyReferences:
             Reference found at search path location "{RawFileName}".
   5:7>ResolveAssemblyReferences:
             Reference found at search path location "{RawFileName}".
   7:7>ResolveAssemblyReferences:
             This reference is not "CopyLocal" because at least one source item had "Private" set to "false" and no source items had "Private" set to "true".
   5:7>ResolveAssemblyReferences:
             This reference is not "CopyLocal" because at least one source item had "Private" set to "false" and no source items had "Private" set to "true".
   7:7>ResolveAssemblyReferences:
             The ImageRuntimeVersion for this reference is "".
   5:7>ResolveAssemblyReferences:
             The ImageRuntimeVersion for this reference is "".
   7:7>ResolveAssemblyReferences:
         Primary reference "Microsoft.AspNetCore.Mvc.RazorPages, Version=8.0.0.0, Culture=neutral, PublicKeyToken=adb9793829ddae60".
             Resolved file path is "/usr/lib64/dotnet/packs/Microsoft.AspNetCore.App.Ref/8.0.22/ref/net8.0/Microsoft.AspNetCore.Mvc.RazorPages.dll".
   5:7>ResolveAssemblyReferences:
         Primary reference "Microsoft.Extensions.FileProviders.Composite, Version=8.0.0.0, Culture=neutral, PublicKeyToken=adb9793829ddae60".
   7:7>ResolveAssemblyReferences:
             Reference found at search path location "{RawFileName}".
   5:7>ResolveAssemblyReferences:
             Resolved file path is "/usr/lib64/dotnet/packs/Microsoft.AspNetCore.App.Ref/8.0.22/ref/net8.0/Microsoft.Extensions.FileProviders.Composite.dll".
   7:7>ResolveAssemblyReferences:
             This reference is not "CopyLocal" because at least one source item had "Private" set to "false" and no source items had "Private" set to "true".
   5:7>ResolveAssemblyReferences:
             Reference found at search path location "{RawFileName}".
   7:7>ResolveAssemblyReferences:
             The ImageRuntimeVersion for this reference is "".
   5:7>ResolveAssemblyReferences:
             This reference is not "CopyLocal" because at least one source item had "Private" set to "false" and no source items had "Private" set to "true".
   7:7>ResolveAssemblyReferences:
         Primary reference "Microsoft.AspNetCore.Mvc.TagHelpers, Version=8.0.0.0, Culture=neutral, PublicKeyToken=adb9793829ddae60".
   5:7>ResolveAssemblyReferences:
             The ImageRuntimeVersion for this reference is "".
   7:7>ResolveAssemblyReferences:
             Resolved file path is "/usr/lib64/dotnet/packs/Microsoft.AspNetCore.App.Ref/8.0.22/ref/net8.0/Microsoft.AspNetCore.Mvc.TagHelpers.dll".
   5:7>ResolveAssemblyReferences:
         Primary reference "Microsoft.Extensions.FileProviders.Embedded, Version=8.0.0.0, Culture=neutral, PublicKeyToken=adb9793829ddae60".
   7:7>ResolveAssemblyReferences:
             Reference found at search path location "{RawFileName}".
   5:7>ResolveAssemblyReferences:
             Resolved file path is "/usr/lib64/dotnet/packs/Microsoft.AspNetCore.App.Ref/8.0.22/ref/net8.0/Microsoft.Extensions.FileProviders.Embedded.dll".
   7:7>ResolveAssemblyReferences:
             This reference is not "CopyLocal" because at least one source item had "Private" set to "false" and no source items had "Private" set to "true".
   5:7>ResolveAssemblyReferences:
             Reference found at search path location "{RawFileName}".
   7:7>ResolveAssemblyReferences:
             The ImageRuntimeVersion for this reference is "".
   5:7>ResolveAssemblyReferences:
             This reference is not "CopyLocal" because at least one source item had "Private" set to "false" and no source items had "Private" set to "true".
   7:7>ResolveAssemblyReferences:
         Primary reference "Microsoft.AspNetCore.Mvc.ViewFeatures, Version=8.0.0.0, Culture=neutral, PublicKeyToken=adb9793829ddae60".
   5:7>ResolveAssemblyReferences:
             The ImageRuntimeVersion for this reference is "".
   7:7>ResolveAssemblyReferences:
             Resolved file path is "/usr/lib64/dotnet/packs/Microsoft.AspNetCore.App.Ref/8.0.22/ref/net8.0/Microsoft.AspNetCore.Mvc.ViewFeatures.dll".
   5:7>ResolveAssemblyReferences:
         Primary reference "Microsoft.Extensions.FileProviders.Physical, Version=8.0.0.0, Culture=neutral, PublicKeyToken=adb9793829ddae60".
   7:7>ResolveAssemblyReferences:
             Reference found at search path location "{RawFileName}".
   5:7>ResolveAssemblyReferences:
             Resolved file path is "/usr/lib64/dotnet/packs/Microsoft.AspNetCore.App.Ref/8.0.22/ref/net8.0/Microsoft.Extensions.FileProviders.Physical.dll".
   7:7>ResolveAssemblyReferences:
             This reference is not "CopyLocal" because at least one source item had "Private" set to "false" and no source items had "Private" set to "true".
   5:7>ResolveAssemblyReferences:
             Reference found at search path location "{RawFileName}".
   7:7>ResolveAssemblyReferences:
             The ImageRuntimeVersion for this reference is "".
   5:7>ResolveAssemblyReferences:
             This reference is not "CopyLocal" because at least one source item had "Private" set to "false" and no source items had "Private" set to "true".
   7:7>ResolveAssemblyReferences:
         Primary reference "Microsoft.AspNetCore.Mvc, Version=8.0.0.0, Culture=neutral, PublicKeyToken=adb9793829ddae60".
             Resolved file path is "/usr/lib64/dotnet/packs/Microsoft.AspNetCore.App.Ref/8.0.22/ref/net8.0/Microsoft.AspNetCore.Mvc.dll".
   5:7>ResolveAssemblyReferences:
             The ImageRuntimeVersion for this reference is "".
   7:7>ResolveAssemblyReferences:
             Reference found at search path location "{RawFileName}".
   5:7>ResolveAssemblyReferences:
         Primary reference "Microsoft.Extensions.FileSystemGlobbing, Version=8.0.0.0, Culture=neutral, PublicKeyToken=adb9793829ddae60".
   7:7>ResolveAssemblyReferences:
             This reference is not "CopyLocal" because at least one source item had "Private" set to "false" and no source items had "Private" set to "true".
   5:7>ResolveAssemblyReferences:
             Resolved file path is "/usr/lib64/dotnet/packs/Microsoft.AspNetCore.App.Ref/8.0.22/ref/net8.0/Microsoft.Extensions.FileSystemGlobbing.dll".
   7:7>ResolveAssemblyReferences:
             The ImageRuntimeVersion for this reference is "".
   5:7>ResolveAssemblyReferences:
             Reference found at search path location "{RawFileName}".
   7:7>ResolveAssemblyReferences:
         Primary reference "Microsoft.AspNetCore.OutputCaching, Version=8.0.0.0, Culture=neutral, PublicKeyToken=adb9793829ddae60".
   5:7>ResolveAssemblyReferences:
             This reference is not "CopyLocal" because at least one source item had "Private" set to "false" and no source items had "Private" set to "true".
   7:7>ResolveAssemblyReferences:
             Resolved file path is "/usr/lib64/dotnet/packs/Microsoft.AspNetCore.App.Ref/8.0.22/ref/net8.0/Microsoft.AspNetCore.OutputCaching.dll".
   5:7>ResolveAssemblyReferences:
             The ImageRuntimeVersion for this reference is "".
   7:7>ResolveAssemblyReferences:
             Reference found at search path location "{RawFileName}".
   5:7>ResolveAssemblyReferences:
         Primary reference "Microsoft.Extensions.Hosting.Abstractions, Version=8.0.0.0, Culture=neutral, PublicKeyToken=adb9793829ddae60".
   7:7>ResolveAssemblyReferences:
             This reference is not "CopyLocal" because at least one source item had "Private" set to "false" and no source items had "Private" set to "true".
   5:7>ResolveAssemblyReferences:
             Resolved file path is "/usr/lib64/dotnet/packs/Microsoft.AspNetCore.App.Ref/8.0.22/ref/net8.0/Microsoft.Extensions.Hosting.Abstractions.dll".
   7:7>ResolveAssemblyReferences:
             The ImageRuntimeVersion for this reference is "".
   5:7>ResolveAssemblyReferences:
             Reference found at search path location "{RawFileName}".
   7:7>ResolveAssemblyReferences:
         Primary reference "Microsoft.AspNetCore.RateLimiting, Version=8.0.0.0, Culture=neutral, PublicKeyToken=adb9793829ddae60".
   5:7>ResolveAssemblyReferences:
             This reference is not "CopyLocal" because at least one source item had "Private" set to "false" and no source items had "Private" set to "true".
   7:7>ResolveAssemblyReferences:
             Resolved file path is "/usr/lib64/dotnet/packs/Microsoft.AspNetCore.App.Ref/8.0.22/ref/net8.0/Microsoft.AspNetCore.RateLimiting.dll".
   5:7>ResolveAssemblyReferences:
             The ImageRuntimeVersion for this reference is "".
   7:7>ResolveAssemblyReferences:
             Reference found at search path location "{RawFileName}".
             This reference is not "CopyLocal" because at least one source item had "Private" set to "false" and no source items had "Private" set to "true".
   5:7>ResolveAssemblyReferences:
         Primary reference "Microsoft.Extensions.Hosting, Version=8.0.0.0, Culture=neutral, PublicKeyToken=adb9793829ddae60".
   7:7>ResolveAssemblyReferences:
             The ImageRuntimeVersion for this reference is "".
   5:7>ResolveAssemblyReferences:
             Resolved file path is "/usr/lib64/dotnet/packs/Microsoft.AspNetCore.App.Ref/8.0.22/ref/net8.0/Microsoft.Extensions.Hosting.dll".
   7:7>ResolveAssemblyReferences:
         Primary reference "Microsoft.AspNetCore.Razor.Runtime, Version=8.0.0.0, Culture=neutral, PublicKeyToken=adb9793829ddae60".
   5:7>ResolveAssemblyReferences:
             Reference found at search path location "{RawFileName}".
   7:7>ResolveAssemblyReferences:
             Resolved file path is "/usr/lib64/dotnet/packs/Microsoft.AspNetCore.App.Ref/8.0.22/ref/net8.0/Microsoft.AspNetCore.Razor.Runtime.dll".
   5:7>ResolveAssemblyReferences:
             This reference is not "CopyLocal" because at least one source item had "Private" set to "false" and no source items had "Private" set to "true".
   7:7>ResolveAssemblyReferences:
             Reference found at search path location "{RawFileName}".
   5:7>ResolveAssemblyReferences:
             The ImageRuntimeVersion for this reference is "".
   7:7>ResolveAssemblyReferences:
             This reference is not "CopyLocal" because at least one source item had "Private" set to "false" and no source items had "Private" set to "true".
   5:7>ResolveAssemblyReferences:
         Primary reference "Microsoft.Extensions.Http, Version=8.0.0.0, Culture=neutral, PublicKeyToken=adb9793829ddae60".
   7:7>ResolveAssemblyReferences:
             The ImageRuntimeVersion for this reference is "".
   5:7>ResolveAssemblyReferences:
             Resolved file path is "/usr/lib64/dotnet/packs/Microsoft.AspNetCore.App.Ref/8.0.22/ref/net8.0/Microsoft.Extensions.Http.dll".
   7:7>ResolveAssemblyReferences:
         Primary reference "Microsoft.AspNetCore.Razor, Version=8.0.0.0, Culture=neutral, PublicKeyToken=adb9793829ddae60".
   5:7>ResolveAssemblyReferences:
             Reference found at search path location "{RawFileName}".
             This reference is not "CopyLocal" because at least one source item had "Private" set to "false" and no source items had "Private" set to "true".
   7:7>ResolveAssemblyReferences:
             Resolved file path is "/usr/lib64/dotnet/packs/Microsoft.AspNetCore.App.Ref/8.0.22/ref/net8.0/Microsoft.AspNetCore.Razor.dll".
   5:7>ResolveAssemblyReferences:
             The ImageRuntimeVersion for this reference is "".
   7:7>ResolveAssemblyReferences:
             Reference found at search path location "{RawFileName}".
   5:7>ResolveAssemblyReferences:
         Primary reference "Microsoft.Extensions.Identity.Core, Version=8.0.0.0, Culture=neutral, PublicKeyToken=adb9793829ddae60".
   7:7>ResolveAssemblyReferences:
             This reference is not "CopyLocal" because at least one source item had "Private" set to "false" and no source items had "Private" set to "true".
   5:7>ResolveAssemblyReferences:
             Resolved file path is "/usr/lib64/dotnet/packs/Microsoft.AspNetCore.App.Ref/8.0.22/ref/net8.0/Microsoft.Extensions.Identity.Core.dll".
   7:7>ResolveAssemblyReferences:
             The ImageRuntimeVersion for this reference is "".
   5:7>ResolveAssemblyReferences:
             Reference found at search path location "{RawFileName}".
   7:7>ResolveAssemblyReferences:
         Primary reference "Microsoft.AspNetCore.RequestDecompression, Version=8.0.0.0, Culture=neutral, PublicKeyToken=adb9793829ddae60".
   5:7>ResolveAssemblyReferences:
             This reference is not "CopyLocal" because at least one source item had "Private" set to "false" and no source items had "Private" set to "true".
   7:7>ResolveAssemblyReferences:
             Resolved file path is "/usr/lib64/dotnet/packs/Microsoft.AspNetCore.App.Ref/8.0.22/ref/net8.0/Microsoft.AspNetCore.RequestDecompression.dll".
   5:7>ResolveAssemblyReferences:
             The ImageRuntimeVersion for this reference is "".
   7:7>ResolveAssemblyReferences:
             Reference found at search path location "{RawFileName}".
   5:7>ResolveAssemblyReferences:
         Primary reference "Microsoft.Extensions.Identity.Stores, Version=8.0.0.0, Culture=neutral, PublicKeyToken=adb9793829ddae60".
   7:7>ResolveAssemblyReferences:
             This reference is not "CopyLocal" because at least one source item had "Private" set to "false" and no source items had "Private" set to "true".
   5:7>ResolveAssemblyReferences:
             Resolved file path is "/usr/lib64/dotnet/packs/Microsoft.AspNetCore.App.Ref/8.0.22/ref/net8.0/Microsoft.Extensions.Identity.Stores.dll".
   7:7>ResolveAssemblyReferences:
             The ImageRuntimeVersion for this reference is "".
         Primary reference "Microsoft.AspNetCore.ResponseCaching.Abstractions, Version=8.0.0.0, Culture=neutral, PublicKeyToken=adb9793829ddae60".
   5:7>ResolveAssemblyReferences:
             Reference found at search path location "{RawFileName}".
   7:7>ResolveAssemblyReferences:
             Resolved file path is "/usr/lib64/dotnet/packs/Microsoft.AspNetCore.App.Ref/8.0.22/ref/net8.0/Microsoft.AspNetCore.ResponseCaching.Abstractions.dll".
   5:7>ResolveAssemblyReferences:
             This reference is not "CopyLocal" because at least one source item had "Private" set to "false" and no source items had "Private" set to "true".
   7:7>ResolveAssemblyReferences:
             Reference found at search path location "{RawFileName}".
   5:7>ResolveAssemblyReferences:
             The ImageRuntimeVersion for this reference is "".
   7:7>ResolveAssemblyReferences:
             This reference is not "CopyLocal" because at least one source item had "Private" set to "false" and no source items had "Private" set to "true".
   5:7>ResolveAssemblyReferences:
         Primary reference "Microsoft.Extensions.Localization.Abstractions, Version=8.0.0.0, Culture=neutral, PublicKeyToken=adb9793829ddae60".
   7:7>ResolveAssemblyReferences:
             The ImageRuntimeVersion for this reference is "".
   5:7>ResolveAssemblyReferences:
             Resolved file path is "/usr/lib64/dotnet/packs/Microsoft.AspNetCore.App.Ref/8.0.22/ref/net8.0/Microsoft.Extensions.Localization.Abstractions.dll".
   7:7>ResolveAssemblyReferences:
         Primary reference "Microsoft.AspNetCore.ResponseCaching, Version=8.0.0.0, Culture=neutral, PublicKeyToken=adb9793829ddae60".
   5:7>ResolveAssemblyReferences:
             Reference found at search path location "{RawFileName}".
   7:7>ResolveAssemblyReferences:
             Resolved file path is "/usr/lib64/dotnet/packs/Microsoft.AspNetCore.App.Ref/8.0.22/ref/net8.0/Microsoft.AspNetCore.ResponseCaching.dll".
   5:7>ResolveAssemblyReferences:
             This reference is not "CopyLocal" because at least one source item had "Private" set to "false" and no source items had "Private" set to "true".
   7:7>ResolveAssemblyReferences:
             Reference found at search path location "{RawFileName}".
   5:7>ResolveAssemblyReferences:
             The ImageRuntimeVersion for this reference is "".
   7:7>ResolveAssemblyReferences:
             This reference is not "CopyLocal" because at least one source item had "Private" set to "false" and no source items had "Private" set to "true".
   5:7>ResolveAssemblyReferences:
         Primary reference "Microsoft.Extensions.Localization, Version=8.0.0.0, Culture=neutral, PublicKeyToken=adb9793829ddae60".
   7:7>ResolveAssemblyReferences:
             The ImageRuntimeVersion for this reference is "".
   5:7>ResolveAssemblyReferences:
             Resolved file path is "/usr/lib64/dotnet/packs/Microsoft.AspNetCore.App.Ref/8.0.22/ref/net8.0/Microsoft.Extensions.Localization.dll".
   7:7>ResolveAssemblyReferences:
         Primary reference "Microsoft.AspNetCore.ResponseCompression, Version=8.0.0.0, Culture=neutral, PublicKeyToken=adb9793829ddae60".
   5:7>ResolveAssemblyReferences:
             Reference found at search path location "{RawFileName}".
   7:7>ResolveAssemblyReferences:
             Resolved file path is "/usr/lib64/dotnet/packs/Microsoft.AspNetCore.App.Ref/8.0.22/ref/net8.0/Microsoft.AspNetCore.ResponseCompression.dll".
   5:7>ResolveAssemblyReferences:
             This reference is not "CopyLocal" because at least one source item had "Private" set to "false" and no source items had "Private" set to "true".
   7:7>ResolveAssemblyReferences:
             Reference found at search path location "{RawFileName}".
   5:7>ResolveAssemblyReferences:
             The ImageRuntimeVersion for this reference is "".
   7:7>ResolveAssemblyReferences:
             This reference is not "CopyLocal" because at least one source item had "Private" set to "false" and no source items had "Private" set to "true".
             The ImageRuntimeVersion for this reference is "".
   5:7>ResolveAssemblyReferences:
         Primary reference "Microsoft.Extensions.Logging.Abstractions, Version=8.0.0.0, Culture=neutral, PublicKeyToken=adb9793829ddae60".
   7:7>ResolveAssemblyReferences:
         Primary reference "Microsoft.AspNetCore.Rewrite, Version=8.0.0.0, Culture=neutral, PublicKeyToken=adb9793829ddae60".
   5:7>ResolveAssemblyReferences:
             Resolved file path is "/usr/lib64/dotnet/packs/Microsoft.AspNetCore.App.Ref/8.0.22/ref/net8.0/Microsoft.Extensions.Logging.Abstractions.dll".
             Reference found at search path location "{RawFileName}".
   7:7>ResolveAssemblyReferences:
             Resolved file path is "/usr/lib64/dotnet/packs/Microsoft.AspNetCore.App.Ref/8.0.22/ref/net8.0/Microsoft.AspNetCore.Rewrite.dll".
   5:7>ResolveAssemblyReferences:
             This reference is not "CopyLocal" because at least one source item had "Private" set to "false" and no source items had "Private" set to "true".
   7:7>ResolveAssemblyReferences:
             Reference found at search path location "{RawFileName}".
   5:7>ResolveAssemblyReferences:
             The ImageRuntimeVersion for this reference is "".
   7:7>ResolveAssemblyReferences:
             This reference is not "CopyLocal" because at least one source item had "Private" set to "false" and no source items had "Private" set to "true".
   5:7>ResolveAssemblyReferences:
         Primary reference "Microsoft.Extensions.Logging.Configuration, Version=8.0.0.0, Culture=neutral, PublicKeyToken=adb9793829ddae60".
   7:7>ResolveAssemblyReferences:
             The ImageRuntimeVersion for this reference is "".
   5:7>ResolveAssemblyReferences:
             Resolved file path is "/usr/lib64/dotnet/packs/Microsoft.AspNetCore.App.Ref/8.0.22/ref/net8.0/Microsoft.Extensions.Logging.Configuration.dll".
   7:7>ResolveAssemblyReferences:
         Primary reference "Microsoft.AspNetCore.Routing.Abstractions, Version=8.0.0.0, Culture=neutral, PublicKeyToken=adb9793829ddae60".
   5:7>ResolveAssemblyReferences:
             Reference found at search path location "{RawFileName}".
   7:7>ResolveAssemblyReferences:
             Resolved file path is "/usr/lib64/dotnet/packs/Microsoft.AspNetCore.App.Ref/8.0.22/ref/net8.0/Microsoft.AspNetCore.Routing.Abstractions.dll".
   5:7>ResolveAssemblyReferences:
             This reference is not "CopyLocal" because at least one source item had "Private" set to "false" and no source items had "Private" set to "true".
   7:7>ResolveAssemblyReferences:
             Reference found at search path location "{RawFileName}".
   5:7>ResolveAssemblyReferences:
             The ImageRuntimeVersion for this reference is "".
   7:7>ResolveAssemblyReferences:
             This reference is not "CopyLocal" because at least one source item had "Private" set to "false" and no source items had "Private" set to "true".
   5:7>ResolveAssemblyReferences:
         Primary reference "Microsoft.Extensions.Logging.Console, Version=8.0.0.0, Culture=neutral, PublicKeyToken=adb9793829ddae60".
   7:7>ResolveAssemblyReferences:
             The ImageRuntimeVersion for this reference is "".
   5:7>ResolveAssemblyReferences:
             Resolved file path is "/usr/lib64/dotnet/packs/Microsoft.AspNetCore.App.Ref/8.0.22/ref/net8.0/Microsoft.Extensions.Logging.Console.dll".
   7:7>ResolveAssemblyReferences:
         Primary reference "Microsoft.AspNetCore.Routing, Version=8.0.0.0, Culture=neutral, PublicKeyToken=adb9793829ddae60".
   5:7>ResolveAssemblyReferences:
             Reference found at search path location "{RawFileName}".
   7:7>ResolveAssemblyReferences:
             Resolved file path is "/usr/lib64/dotnet/packs/Microsoft.AspNetCore.App.Ref/8.0.22/ref/net8.0/Microsoft.AspNetCore.Routing.dll".
   5:7>ResolveAssemblyReferences:
             This reference is not "CopyLocal" because at least one source item had "Private" set to "false" and no source items had "Private" set to "true".
             The ImageRuntimeVersion for this reference is "".
   7:7>ResolveAssemblyReferences:
             Reference found at search path location "{RawFileName}".
   5:7>ResolveAssemblyReferences:
         Primary reference "Microsoft.Extensions.Logging.Debug, Version=8.0.0.0, Culture=neutral, PublicKeyToken=adb9793829ddae60".
   7:7>ResolveAssemblyReferences:
             This reference is not "CopyLocal" because at least one source item had "Private" set to "false" and no source items had "Private" set to "true".
   5:7>ResolveAssemblyReferences:
             Resolved file path is "/usr/lib64/dotnet/packs/Microsoft.AspNetCore.App.Ref/8.0.22/ref/net8.0/Microsoft.Extensions.Logging.Debug.dll".
   7:7>ResolveAssemblyReferences:
             The ImageRuntimeVersion for this reference is "".
   5:7>ResolveAssemblyReferences:
             Reference found at search path location "{RawFileName}".
   7:7>ResolveAssemblyReferences:
         Primary reference "Microsoft.AspNetCore.Server.HttpSys, Version=8.0.0.0, Culture=neutral, PublicKeyToken=adb9793829ddae60".
   5:7>ResolveAssemblyReferences:
             This reference is not "CopyLocal" because at least one source item had "Private" set to "false" and no source items had "Private" set to "true".
   7:7>ResolveAssemblyReferences:
             Resolved file path is "/usr/lib64/dotnet/packs/Microsoft.AspNetCore.App.Ref/8.0.22/ref/net8.0/Microsoft.AspNetCore.Server.HttpSys.dll".
   5:7>ResolveAssemblyReferences:
             The ImageRuntimeVersion for this reference is "".
   7:7>ResolveAssemblyReferences:
             Reference found at search path location "{RawFileName}".
             This reference is not "CopyLocal" because at least one source item had "Private" set to "false" and no source items had "Private" set to "true".
   5:7>ResolveAssemblyReferences:
         Primary reference "Microsoft.Extensions.Logging.EventLog, Version=8.0.0.0, Culture=neutral, PublicKeyToken=adb9793829ddae60".
   7:7>ResolveAssemblyReferences:
             The ImageRuntimeVersion for this reference is "".
   5:7>ResolveAssemblyReferences:
             Resolved file path is "/usr/lib64/dotnet/packs/Microsoft.AspNetCore.App.Ref/8.0.22/ref/net8.0/Microsoft.Extensions.Logging.EventLog.dll".
   7:7>ResolveAssemblyReferences:
         Primary reference "Microsoft.AspNetCore.Server.IIS, Version=8.0.0.0, Culture=neutral, PublicKeyToken=adb9793829ddae60".
   5:7>ResolveAssemblyReferences:
             Reference found at search path location "{RawFileName}".
   7:7>ResolveAssemblyReferences:
             Resolved file path is "/usr/lib64/dotnet/packs/Microsoft.AspNetCore.App.Ref/8.0.22/ref/net8.0/Microsoft.AspNetCore.Server.IIS.dll".
   5:7>ResolveAssemblyReferences:
             This reference is not "CopyLocal" because at least one source item had "Private" set to "false" and no source items had "Private" set to "true".
   7:7>ResolveAssemblyReferences:
             Reference found at search path location "{RawFileName}".
   5:7>ResolveAssemblyReferences:
             The ImageRuntimeVersion for this reference is "".
   7:7>ResolveAssemblyReferences:
             This reference is not "CopyLocal" because at least one source item had "Private" set to "false" and no source items had "Private" set to "true".
   5:7>ResolveAssemblyReferences:
         Primary reference "Microsoft.Extensions.Logging.EventSource, Version=8.0.0.0, Culture=neutral, PublicKeyToken=adb9793829ddae60".
   7:7>ResolveAssemblyReferences:
             The ImageRuntimeVersion for this reference is "".
   5:7>ResolveAssemblyReferences:
             Resolved file path is "/usr/lib64/dotnet/packs/Microsoft.AspNetCore.App.Ref/8.0.22/ref/net8.0/Microsoft.Extensions.Logging.EventSource.dll".
   7:7>ResolveAssemblyReferences:
         Primary reference "Microsoft.AspNetCore.Server.IISIntegration, Version=8.0.0.0, Culture=neutral, PublicKeyToken=adb9793829ddae60".
   5:7>ResolveAssemblyReferences:
             Reference found at search path location "{RawFileName}".
   7:7>ResolveAssemblyReferences:
             Resolved file path is "/usr/lib64/dotnet/packs/Microsoft.AspNetCore.App.Ref/8.0.22/ref/net8.0/Microsoft.AspNetCore.Server.IISIntegration.dll".
   5:7>ResolveAssemblyReferences:
             This reference is not "CopyLocal" because at least one source item had "Private" set to "false" and no source items had "Private" set to "true".
   7:7>ResolveAssemblyReferences:
             Reference found at search path location "{RawFileName}".
   5:7>ResolveAssemblyReferences:
             The ImageRuntimeVersion for this reference is "".
   7:7>ResolveAssemblyReferences:
             This reference is not "CopyLocal" because at least one source item had "Private" set to "false" and no source items had "Private" set to "true".
             The ImageRuntimeVersion for this reference is "".
   5:7>ResolveAssemblyReferences:
         Primary reference "Microsoft.Extensions.Logging.TraceSource, Version=8.0.0.0, Culture=neutral, PublicKeyToken=adb9793829ddae60".
   7:7>ResolveAssemblyReferences:
         Primary reference "Microsoft.AspNetCore.Server.Kestrel.Core, Version=8.0.0.0, Culture=neutral, PublicKeyToken=adb9793829ddae60".
   5:7>ResolveAssemblyReferences:
             Resolved file path is "/usr/lib64/dotnet/packs/Microsoft.AspNetCore.App.Ref/8.0.22/ref/net8.0/Microsoft.Extensions.Logging.TraceSource.dll".
   7:7>ResolveAssemblyReferences:
             Resolved file path is "/usr/lib64/dotnet/packs/Microsoft.AspNetCore.App.Ref/8.0.22/ref/net8.0/Microsoft.AspNetCore.Server.Kestrel.Core.dll".
   5:7>ResolveAssemblyReferences:
             Reference found at search path location "{RawFileName}".
   7:7>ResolveAssemblyReferences:
             Reference found at search path location "{RawFileName}".
   5:7>ResolveAssemblyReferences:
             This reference is not "CopyLocal" because at least one source item had "Private" set to "false" and no source items had "Private" set to "true".
   7:7>ResolveAssemblyReferences:
             This reference is not "CopyLocal" because at least one source item had "Private" set to "false" and no source items had "Private" set to "true".
   5:7>ResolveAssemblyReferences:
             The ImageRuntimeVersion for this reference is "".
   7:7>ResolveAssemblyReferences:
             The ImageRuntimeVersion for this reference is "".
   5:7>ResolveAssemblyReferences:
         Primary reference "Microsoft.Extensions.Logging, Version=8.0.0.0, Culture=neutral, PublicKeyToken=adb9793829ddae60".
   7:7>ResolveAssemblyReferences:
         Primary reference "Microsoft.AspNetCore.Server.Kestrel.Transport.NamedPipes, Version=8.0.0.0, Culture=neutral, PublicKeyToken=adb9793829ddae60".
   5:7>ResolveAssemblyReferences:
             Resolved file path is "/usr/lib64/dotnet/packs/Microsoft.AspNetCore.App.Ref/8.0.22/ref/net8.0/Microsoft.Extensions.Logging.dll".
   7:7>ResolveAssemblyReferences:
             Resolved file path is "/usr/lib64/dotnet/packs/Microsoft.AspNetCore.App.Ref/8.0.22/ref/net8.0/Microsoft.AspNetCore.Server.Kestrel.Transport.NamedPipes.dll".
   5:7>ResolveAssemblyReferences:
             Reference found at search path location "{RawFileName}".
   7:7>ResolveAssemblyReferences:
             Reference found at search path location "{RawFileName}".
   5:7>ResolveAssemblyReferences:
             This reference is not "CopyLocal" because at least one source item had "Private" set to "false" and no source items had "Private" set to "true".
   7:7>ResolveAssemblyReferences:
             This reference is not "CopyLocal" because at least one source item had "Private" set to "false" and no source items had "Private" set to "true".
             The ImageRuntimeVersion for this reference is "".
   5:7>ResolveAssemblyReferences:
             The ImageRuntimeVersion for this reference is "".
   7:7>ResolveAssemblyReferences:
         Primary reference "Microsoft.AspNetCore.Server.Kestrel.Transport.Quic, Version=8.0.0.0, Culture=neutral, PublicKeyToken=adb9793829ddae60".
   5:7>ResolveAssemblyReferences:
         Primary reference "Microsoft.Extensions.ObjectPool, Version=8.0.0.0, Culture=neutral, PublicKeyToken=adb9793829ddae60".
   7:7>ResolveAssemblyReferences:
             Resolved file path is "/usr/lib64/dotnet/packs/Microsoft.AspNetCore.App.Ref/8.0.22/ref/net8.0/Microsoft.AspNetCore.Server.Kestrel.Transport.Quic.dll".
   5:7>ResolveAssemblyReferences:
             Resolved file path is "/usr/lib64/dotnet/packs/Microsoft.AspNetCore.App.Ref/8.0.22/ref/net8.0/Microsoft.Extensions.ObjectPool.dll".
   7:7>ResolveAssemblyReferences:
             Reference found at search path location "{RawFileName}".
   5:7>ResolveAssemblyReferences:
             Reference found at search path location "{RawFileName}".
   7:7>ResolveAssemblyReferences:
             This reference is not "CopyLocal" because at least one source item had "Private" set to "false" and no source items had "Private" set to "true".
   5:7>ResolveAssemblyReferences:
             This reference is not "CopyLocal" because at least one source item had "Private" set to "false" and no source items had "Private" set to "true".
   7:7>ResolveAssemblyReferences:
             The ImageRuntimeVersion for this reference is "".
   5:7>ResolveAssemblyReferences:
             The ImageRuntimeVersion for this reference is "".
         Primary reference "Microsoft.Extensions.Options.ConfigurationExtensions, Version=8.0.0.0, Culture=neutral, PublicKeyToken=adb9793829ddae60".
   7:7>ResolveAssemblyReferences:
         Primary reference "Microsoft.AspNetCore.Server.Kestrel.Transport.Sockets, Version=8.0.0.0, Culture=neutral, PublicKeyToken=adb9793829ddae60".
   5:7>ResolveAssemblyReferences:
             Resolved file path is "/usr/lib64/dotnet/packs/Microsoft.AspNetCore.App.Ref/8.0.22/ref/net8.0/Microsoft.Extensions.Options.ConfigurationExtensions.dll".
   7:7>ResolveAssemblyReferences:
             Resolved file path is "/usr/lib64/dotnet/packs/Microsoft.AspNetCore.App.Ref/8.0.22/ref/net8.0/Microsoft.AspNetCore.Server.Kestrel.Transport.Sockets.dll".
   5:7>ResolveAssemblyReferences:
             Reference found at search path location "{RawFileName}".
   7:7>ResolveAssemblyReferences:
             Reference found at search path location "{RawFileName}".
   5:7>ResolveAssemblyReferences:
             This reference is not "CopyLocal" because at least one source item had "Private" set to "false" and no source items had "Private" set to "true".
   7:7>ResolveAssemblyReferences:
             This reference is not "CopyLocal" because at least one source item had "Private" set to "false" and no source items had "Private" set to "true".
   5:7>ResolveAssemblyReferences:
             The ImageRuntimeVersion for this reference is "".
   7:7>ResolveAssemblyReferences:
             The ImageRuntimeVersion for this reference is "".
   5:7>ResolveAssemblyReferences:
         Primary reference "Microsoft.Extensions.Options.DataAnnotations, Version=8.0.0.0, Culture=neutral, PublicKeyToken=adb9793829ddae60".
             Resolved file path is "/usr/lib64/dotnet/packs/Microsoft.AspNetCore.App.Ref/8.0.22/ref/net8.0/Microsoft.Extensions.Options.DataAnnotations.dll".
   7:7>ResolveAssemblyReferences:
         Primary reference "Microsoft.AspNetCore.Server.Kestrel, Version=8.0.0.0, Culture=neutral, PublicKeyToken=adb9793829ddae60".
   5:7>ResolveAssemblyReferences:
             Reference found at search path location "{RawFileName}".
   7:7>ResolveAssemblyReferences:
             Resolved file path is "/usr/lib64/dotnet/packs/Microsoft.AspNetCore.App.Ref/8.0.22/ref/net8.0/Microsoft.AspNetCore.Server.Kestrel.dll".
   5:7>ResolveAssemblyReferences:
             This reference is not "CopyLocal" because at least one source item had "Private" set to "false" and no source items had "Private" set to "true".
   7:7>ResolveAssemblyReferences:
             Reference found at search path location "{RawFileName}".
             This reference is not "CopyLocal" because at least one source item had "Private" set to "false" and no source items had "Private" set to "true".
   5:7>ResolveAssemblyReferences:
             The ImageRuntimeVersion for this reference is "".
   7:7>ResolveAssemblyReferences:
             The ImageRuntimeVersion for this reference is "".
   5:7>ResolveAssemblyReferences:
         Primary reference "Microsoft.Extensions.Options, Version=8.0.0.0, Culture=neutral, PublicKeyToken=adb9793829ddae60".
   7:7>ResolveAssemblyReferences:
         Primary reference "Microsoft.AspNetCore.Session, Version=8.0.0.0, Culture=neutral, PublicKeyToken=adb9793829ddae60".
   5:7>ResolveAssemblyReferences:
             Resolved file path is "/usr/lib64/dotnet/packs/Microsoft.AspNetCore.App.Ref/8.0.22/ref/net8.0/Microsoft.Extensions.Options.dll".
             Reference found at search path location "{RawFileName}".
   7:7>ResolveAssemblyReferences:
             Resolved file path is "/usr/lib64/dotnet/packs/Microsoft.AspNetCore.App.Ref/8.0.22/ref/net8.0/Microsoft.AspNetCore.Session.dll".
   5:7>ResolveAssemblyReferences:
             This reference is not "CopyLocal" because at least one source item had "Private" set to "false" and no source items had "Private" set to "true".
   7:7>ResolveAssemblyReferences:
             Reference found at search path location "{RawFileName}".
   5:7>ResolveAssemblyReferences:
             The ImageRuntimeVersion for this reference is "".
   7:7>ResolveAssemblyReferences:
             This reference is not "CopyLocal" because at least one source item had "Private" set to "false" and no source items had "Private" set to "true".
   5:7>ResolveAssemblyReferences:
         Primary reference "Microsoft.Extensions.Primitives, Version=8.0.0.0, Culture=neutral, PublicKeyToken=adb9793829ddae60".
             Resolved file path is "/usr/lib64/dotnet/packs/Microsoft.AspNetCore.App.Ref/8.0.22/ref/net8.0/Microsoft.Extensions.Primitives.dll".
   7:7>ResolveAssemblyReferences:
             The ImageRuntimeVersion for this reference is "".
         Primary reference "Microsoft.AspNetCore.SignalR.Common, Version=8.0.0.0, Culture=neutral, PublicKeyToken=adb9793829ddae60".
   5:7>ResolveAssemblyReferences:
             Reference found at search path location "{RawFileName}".
   7:7>ResolveAssemblyReferences:
             Resolved file path is "/usr/lib64/dotnet/packs/Microsoft.AspNetCore.App.Ref/8.0.22/ref/net8.0/Microsoft.AspNetCore.SignalR.Common.dll".
   5:7>ResolveAssemblyReferences:
             This reference is not "CopyLocal" because at least one source item had "Private" set to "false" and no source items had "Private" set to "true".
   7:7>ResolveAssemblyReferences:
             Reference found at search path location "{RawFileName}".
   5:7>ResolveAssemblyReferences:
             The ImageRuntimeVersion for this reference is "".
   7:7>ResolveAssemblyReferences:
             This reference is not "CopyLocal" because at least one source item had "Private" set to "false" and no source items had "Private" set to "true".
   5:7>ResolveAssemblyReferences:
         Primary reference "Microsoft.Extensions.WebEncoders, Version=8.0.0.0, Culture=neutral, PublicKeyToken=adb9793829ddae60".
   7:7>ResolveAssemblyReferences:
             The ImageRuntimeVersion for this reference is "".
   5:7>ResolveAssemblyReferences:
             Resolved file path is "/usr/lib64/dotnet/packs/Microsoft.AspNetCore.App.Ref/8.0.22/ref/net8.0/Microsoft.Extensions.WebEncoders.dll".
   7:7>ResolveAssemblyReferences:
         Primary reference "Microsoft.AspNetCore.SignalR.Core, Version=8.0.0.0, Culture=neutral, PublicKeyToken=adb9793829ddae60".
   5:7>ResolveAssemblyReferences:
             Reference found at search path location "{RawFileName}".
   7:7>ResolveAssemblyReferences:
             Resolved file path is "/usr/lib64/dotnet/packs/Microsoft.AspNetCore.App.Ref/8.0.22/ref/net8.0/Microsoft.AspNetCore.SignalR.Core.dll".
   5:7>ResolveAssemblyReferences:
             This reference is not "CopyLocal" because at least one source item had "Private" set to "false" and no source items had "Private" set to "true".
   7:7>ResolveAssemblyReferences:
             Reference found at search path location "{RawFileName}".
   5:7>ResolveAssemblyReferences:
             The ImageRuntimeVersion for this reference is "".
   7:7>ResolveAssemblyReferences:
             This reference is not "CopyLocal" because at least one source item had "Private" set to "false" and no source items had "Private" set to "true".
   5:7>ResolveAssemblyReferences:
         Primary reference "Microsoft.JSInterop, Version=8.0.0.0, Culture=neutral, PublicKeyToken=adb9793829ddae60".
   7:7>ResolveAssemblyReferences:
             The ImageRuntimeVersion for this reference is "".
   5:7>ResolveAssemblyReferences:
             Resolved file path is "/usr/lib64/dotnet/packs/Microsoft.AspNetCore.App.Ref/8.0.22/ref/net8.0/Microsoft.JSInterop.dll".
   7:7>ResolveAssemblyReferences:
         Primary reference "Microsoft.AspNetCore.SignalR.Protocols.Json, Version=8.0.0.0, Culture=neutral, PublicKeyToken=adb9793829ddae60".
   5:7>ResolveAssemblyReferences:
             Reference found at search path location "{RawFileName}".
   7:7>ResolveAssemblyReferences:
             Resolved file path is "/usr/lib64/dotnet/packs/Microsoft.AspNetCore.App.Ref/8.0.22/ref/net8.0/Microsoft.AspNetCore.SignalR.Protocols.Json.dll".
   5:7>ResolveAssemblyReferences:
             This reference is not "CopyLocal" because at least one source item had "Private" set to "false" and no source items had "Private" set to "true".
   7:7>ResolveAssemblyReferences:
             Reference found at search path location "{RawFileName}".
   5:7>ResolveAssemblyReferences:
             The ImageRuntimeVersion for this reference is "".
   7:7>ResolveAssemblyReferences:
             This reference is not "CopyLocal" because at least one source item had "Private" set to "false" and no source items had "Private" set to "true".
   5:7>ResolveAssemblyReferences:
         Primary reference "Microsoft.Net.Http.Headers, Version=8.0.0.0, Culture=neutral, PublicKeyToken=adb9793829ddae60".
   7:7>ResolveAssemblyReferences:
             The ImageRuntimeVersion for this reference is "".
   5:7>ResolveAssemblyReferences:
             Resolved file path is "/usr/lib64/dotnet/packs/Microsoft.AspNetCore.App.Ref/8.0.22/ref/net8.0/Microsoft.Net.Http.Headers.dll".
             Reference found at search path location "{RawFileName}".
   7:7>ResolveAssemblyReferences:
         Primary reference "Microsoft.AspNetCore.SignalR, Version=8.0.0.0, Culture=neutral, PublicKeyToken=adb9793829ddae60".
             Resolved file path is "/usr/lib64/dotnet/packs/Microsoft.AspNetCore.App.Ref/8.0.22/ref/net8.0/Microsoft.AspNetCore.SignalR.dll".
   5:7>ResolveAssemblyReferences:
             This reference is not "CopyLocal" because at least one source item had "Private" set to "false" and no source items had "Private" set to "true".
   7:7>ResolveAssemblyReferences:
             Reference found at search path location "{RawFileName}".
   5:7>ResolveAssemblyReferences:
             The ImageRuntimeVersion for this reference is "".
   7:7>ResolveAssemblyReferences:
             This reference is not "CopyLocal" because at least one source item had "Private" set to "false" and no source items had "Private" set to "true".
   5:7>ResolveAssemblyReferences:
         Primary reference "System.Diagnostics.EventLog, Version=8.0.0.0, Culture=neutral, PublicKeyToken=cc7b13ffcd2ddd51".
   7:7>ResolveAssemblyReferences:
             The ImageRuntimeVersion for this reference is "".
   5:7>ResolveAssemblyReferences:
             Resolved file path is "/usr/lib64/dotnet/packs/Microsoft.AspNetCore.App.Ref/8.0.22/ref/net8.0/System.Diagnostics.EventLog.dll".
   7:7>ResolveAssemblyReferences:
         Primary reference "Microsoft.AspNetCore.StaticFiles, Version=8.0.0.0, Culture=neutral, PublicKeyToken=adb9793829ddae60".
   5:7>ResolveAssemblyReferences:
             Reference found at search path location "{RawFileName}".
   7:7>ResolveAssemblyReferences:
             Resolved file path is "/usr/lib64/dotnet/packs/Microsoft.AspNetCore.App.Ref/8.0.22/ref/net8.0/Microsoft.AspNetCore.StaticFiles.dll".
   5:7>ResolveAssemblyReferences:
             This reference is not "CopyLocal" because at least one source item had "Private" set to "false" and no source items had "Private" set to "true".
   7:7>ResolveAssemblyReferences:
             Reference found at search path location "{RawFileName}".
   5:7>ResolveAssemblyReferences:
             The ImageRuntimeVersion for this reference is "".
   7:7>ResolveAssemblyReferences:
             This reference is not "CopyLocal" because at least one source item had "Private" set to "false" and no source items had "Private" set to "true".
   5:7>ResolveAssemblyReferences:
         Primary reference "System.IO.Pipelines, Version=8.0.0.0, Culture=neutral, PublicKeyToken=cc7b13ffcd2ddd51".
   7:7>ResolveAssemblyReferences:
             The ImageRuntimeVersion for this reference is "".
   5:7>ResolveAssemblyReferences:
             Resolved file path is "/usr/lib64/dotnet/packs/Microsoft.AspNetCore.App.Ref/8.0.22/ref/net8.0/System.IO.Pipelines.dll".
   7:7>ResolveAssemblyReferences:
         Primary reference "Microsoft.AspNetCore.WebSockets, Version=8.0.0.0, Culture=neutral, PublicKeyToken=adb9793829ddae60".
   5:7>ResolveAssemblyReferences:
             Reference found at search path location "{RawFileName}".
   7:7>ResolveAssemblyReferences:
             Resolved file path is "/usr/lib64/dotnet/packs/Microsoft.AspNetCore.App.Ref/8.0.22/ref/net8.0/Microsoft.AspNetCore.WebSockets.dll".
   5:7>ResolveAssemblyReferences:
             This reference is not "CopyLocal" because at least one source item had "Private" set to "false" and no source items had "Private" set to "true".
   7:7>ResolveAssemblyReferences:
             Reference found at search path location "{RawFileName}".
   5:7>ResolveAssemblyReferences:
             The ImageRuntimeVersion for this reference is "".
   7:7>ResolveAssemblyReferences:
             This reference is not "CopyLocal" because at least one source item had "Private" set to "false" and no source items had "Private" set to "true".
   5:7>ResolveAssemblyReferences:
         Primary reference "System.Security.Cryptography.Xml, Version=8.0.0.0, Culture=neutral, PublicKeyToken=cc7b13ffcd2ddd51".
   7:7>ResolveAssemblyReferences:
             The ImageRuntimeVersion for this reference is "".
   5:7>ResolveAssemblyReferences:
             Resolved file path is "/usr/lib64/dotnet/packs/Microsoft.AspNetCore.App.Ref/8.0.22/ref/net8.0/System.Security.Cryptography.Xml.dll".
   7:7>ResolveAssemblyReferences:
         Primary reference "Microsoft.AspNetCore.WebUtilities, Version=8.0.0.0, Culture=neutral, PublicKeyToken=adb9793829ddae60".
   5:7>ResolveAssemblyReferences:
             Reference found at search path location "{RawFileName}".
   7:7>ResolveAssemblyReferences:
             Resolved file path is "/usr/lib64/dotnet/packs/Microsoft.AspNetCore.App.Ref/8.0.22/ref/net8.0/Microsoft.AspNetCore.WebUtilities.dll".
   5:7>ResolveAssemblyReferences:
             This reference is not "CopyLocal" because at least one source item had "Private" set to "false" and no source items had "Private" set to "true".
   7:7>ResolveAssemblyReferences:
             Reference found at search path location "{RawFileName}".
   5:7>ResolveAssemblyReferences:
             The ImageRuntimeVersion for this reference is "".
         Primary reference "System.Threading.RateLimiting, Version=8.0.0.0, Culture=neutral, PublicKeyToken=cc7b13ffcd2ddd51".
   7:7>ResolveAssemblyReferences:
             This reference is not "CopyLocal" because at least one source item had "Private" set to "false" and no source items had "Private" set to "true".
   5:7>ResolveAssemblyReferences:
             Resolved file path is "/usr/lib64/dotnet/packs/Microsoft.AspNetCore.App.Ref/8.0.22/ref/net8.0/System.Threading.RateLimiting.dll".
   7:7>ResolveAssemblyReferences:
             The ImageRuntimeVersion for this reference is "".
   5:7>ResolveAssemblyReferences:
             Reference found at search path location "{RawFileName}".
   7:7>ResolveAssemblyReferences:
         Primary reference "Microsoft.AspNetCore, Version=8.0.0.0, Culture=neutral, PublicKeyToken=adb9793829ddae60".
             Resolved file path is "/usr/lib64/dotnet/packs/Microsoft.AspNetCore.App.Ref/8.0.22/ref/net8.0/Microsoft.AspNetCore.dll".
   5:7>ResolveAssemblyReferences:
             This reference is not "CopyLocal" because at least one source item had "Private" set to "false" and no source items had "Private" set to "true".
   7:7>ResolveAssemblyReferences:
             Reference found at search path location "{RawFileName}".
   5:7>ResolveAssemblyReferences:
             The ImageRuntimeVersion for this reference is "".
   7:7>ResolveAssemblyReferences:
             This reference is not "CopyLocal" because at least one source item had "Private" set to "false" and no source items had "Private" set to "true".
             The ImageRuntimeVersion for this reference is "".
   5:7>Done executing task "ResolveAssemblyReference".
   7:7>ResolveAssemblyReferences:
         Primary reference "Microsoft.Extensions.Caching.Abstractions, Version=8.0.0.0, Culture=neutral, PublicKeyToken=adb9793829ddae60".
   5:7>Done building target "ResolveAssemblyReferences" in project "Entegrasyon.MessageQueue.Commands.csproj".
   7:7>ResolveAssemblyReferences:
             Resolved file path is "/usr/lib64/dotnet/packs/Microsoft.AspNetCore.App.Ref/8.0.22/ref/net8.0/Microsoft.Extensions.Caching.Abstractions.dll".
             Reference found at search path location "{RawFileName}".
   5:7>Target "AfterResolveReferences" in file "/usr/lib64/dotnet/sdk/10.0.101/Microsoft.Common.CurrentVersion.targets" from project "/home/baturhan/Projeler/Entegrasyon/Application/Entegrasyon.MessageQueue.Commands/Entegrasyon.MessageQueue.Commands.csproj" (target "ResolveReferences" depends on it):
   5:7>Done building target "AfterResolveReferences" in project "Entegrasyon.MessageQueue.Commands.csproj".
   7:7>ResolveAssemblyReferences:
             This reference is not "CopyLocal" because at least one source item had "Private" set to "false" and no source items had "Private" set to "true".
             The ImageRuntimeVersion for this reference is "".
   5:7>Target "ResolveReferences" in file "/usr/lib64/dotnet/sdk/10.0.101/Microsoft.Common.CurrentVersion.targets" from project "/home/baturhan/Projeler/Entegrasyon/Application/Entegrasyon.MessageQueue.Commands/Entegrasyon.MessageQueue.Commands.csproj" (target "_BlockWinMDsOnUnsupportedTFMs" depends on it):
   5:7>Done building target "ResolveReferences" in project "Entegrasyon.MessageQueue.Commands.csproj".
   7:7>ResolveAssemblyReferences:
         Primary reference "Microsoft.Extensions.Caching.Memory, Version=8.0.0.0, Culture=neutral, PublicKeyToken=adb9793829ddae60".
             Resolved file path is "/usr/lib64/dotnet/packs/Microsoft.AspNetCore.App.Ref/8.0.22/ref/net8.0/Microsoft.Extensions.Caching.Memory.dll".
   5:7>Target "_BlockWinMDsOnUnsupportedTFMs" in file "/usr/lib64/dotnet/sdk/10.0.101/Sdks/Microsoft.NET.Sdk/targets/Microsoft.NET.Sdk.targets" from project "/home/baturhan/Projeler/Entegrasyon/Application/Entegrasyon.MessageQueue.Commands/Entegrasyon.MessageQueue.Commands.csproj" (target "CoreBuild" depends on it):
   5:7>Using "CheckForUnsupportedWinMDReferences" task from assembly "/usr/lib64/dotnet/sdk/10.0.101/Sdks/Microsoft.NET.Sdk/targets/../tools/net10.0/Microsoft.NET.Build.Tasks.dll".
   7:7>ResolveAssemblyReferences:
             Reference found at search path location "{RawFileName}".
   5:7>Task "CheckForUnsupportedWinMDReferences"
   7:7>ResolveAssemblyReferences:
             This reference is not "CopyLocal" because at least one source item had "Private" set to "false" and no source items had "Private" set to "true".
   5:7>Done executing task "CheckForUnsupportedWinMDReferences".
   7:7>ResolveAssemblyReferences:
             The ImageRuntimeVersion for this reference is "".
   5:7>Done building target "_BlockWinMDsOnUnsupportedTFMs" in project "Entegrasyon.MessageQueue.Commands.csproj".
   7:7>ResolveAssemblyReferences:
         Primary reference "Microsoft.Extensions.Configuration.Abstractions, Version=8.0.0.0, Culture=neutral, PublicKeyToken=adb9793829ddae60".
             Resolved file path is "/usr/lib64/dotnet/packs/Microsoft.AspNetCore.App.Ref/8.0.22/ref/net8.0/Microsoft.Extensions.Configuration.Abstractions.dll".
   5:7>Target "ResolveReferences" skipped. Previously built successfully.
   7:7>ResolveAssemblyReferences:
             Reference found at search path location "{RawFileName}".
   5:7>Target "ResolvePackageDependenciesForBuild" skipped. Previously built successfully.
   7:7>ResolveAssemblyReferences:
             This reference is not "CopyLocal" because at least one source item had "Private" set to "false" and no source items had "Private" set to "true".
   5:7>Target "_HandlePackageFileConflicts" skipped. Previously built successfully.
   7:7>ResolveAssemblyReferences:
             The ImageRuntimeVersion for this reference is "".
         Primary reference "Microsoft.Extensions.Configuration.Binder, Version=8.0.0.0, Culture=neutral, PublicKeyToken=adb9793829ddae60".
   5:7>Target "CopyAdditionalFiles" in file "/usr/lib64/dotnet/sdk/10.0.101/Roslyn/Microsoft.Managed.Core.targets" from project "/home/baturhan/Projeler/Entegrasyon/Application/Entegrasyon.MessageQueue.Commands/Entegrasyon.MessageQueue.Commands.csproj" (target "AssignTargetPaths" depends on it):
   5:7>Done building target "CopyAdditionalFiles" in project "Entegrasyon.MessageQueue.Commands.csproj".
   7:7>ResolveAssemblyReferences:
             Resolved file path is "/usr/lib64/dotnet/packs/Microsoft.AspNetCore.App.Ref/8.0.22/ref/net8.0/Microsoft.Extensions.Configuration.Binder.dll".
             Reference found at search path location "{RawFileName}".
   5:7>Target "_ComputeNETCoreBuildOutputFiles" in file "/usr/lib64/dotnet/sdk/10.0.101/Sdks/Microsoft.NET.Sdk/targets/Microsoft.NET.Sdk.targets" from project "/home/baturhan/Projeler/Entegrasyon/Application/Entegrasyon.MessageQueue.Commands/Entegrasyon.MessageQueue.Commands.csproj" (target "AssignTargetPaths" depends on it):
   5:7>Done building target "_ComputeNETCoreBuildOutputFiles" in project "Entegrasyon.MessageQueue.Commands.csproj".
   7:7>ResolveAssemblyReferences:
             This reference is not "CopyLocal" because at least one source item had "Private" set to "false" and no source items had "Private" set to "true".
             The ImageRuntimeVersion for this reference is "".
   5:7>Target "AssignTargetPaths" in file "/usr/lib64/dotnet/sdk/10.0.101/Microsoft.Common.CurrentVersion.targets" from project "/home/baturhan/Projeler/Entegrasyon/Application/Entegrasyon.MessageQueue.Commands/Entegrasyon.MessageQueue.Commands.csproj" (target "PrepareResourceNames" depends on it):
   5:7>Using "AssignTargetPath" task from assembly "Microsoft.Build.Tasks.Core, Version=15.1.0.0, Culture=neutral, PublicKeyToken=b03f5f7f11d50a3a".
   7:7>ResolveAssemblyReferences:
         Primary reference "Microsoft.Extensions.Configuration.CommandLine, Version=8.0.0.0, Culture=neutral, PublicKeyToken=adb9793829ddae60".
             Resolved file path is "/usr/lib64/dotnet/packs/Microsoft.AspNetCore.App.Ref/8.0.22/ref/net8.0/Microsoft.Extensions.Configuration.CommandLine.dll".
   5:7>Task "AssignTargetPath"
       Done executing task "AssignTargetPath".
   7:7>ResolveAssemblyReferences:
             Reference found at search path location "{RawFileName}".
             This reference is not "CopyLocal" because at least one source item had "Private" set to "false" and no source items had "Private" set to "true".
   5:7>Task "AssignTargetPath"
   7:7>ResolveAssemblyReferences:
             The ImageRuntimeVersion for this reference is "".
   5:7>Done executing task "AssignTargetPath".
   7:7>ResolveAssemblyReferences:
         Primary reference "Microsoft.Extensions.Configuration.EnvironmentVariables, Version=8.0.0.0, Culture=neutral, PublicKeyToken=adb9793829ddae60".
   5:7>Task "AssignTargetPath"
   7:7>ResolveAssemblyReferences:
             Resolved file path is "/usr/lib64/dotnet/packs/Microsoft.AspNetCore.App.Ref/8.0.22/ref/net8.0/Microsoft.Extensions.Configuration.EnvironmentVariables.dll".
   5:7>Done executing task "AssignTargetPath".
   7:7>ResolveAssemblyReferences:
             Reference found at search path location "{RawFileName}".
   5:7>Task "AssignTargetPath"
   7:7>ResolveAssemblyReferences:
             This reference is not "CopyLocal" because at least one source item had "Private" set to "false" and no source items had "Private" set to "true".
   5:7>Done executing task "AssignTargetPath".
   7:7>ResolveAssemblyReferences:
             The ImageRuntimeVersion for this reference is "".
   5:7>Done building target "AssignTargetPaths" in project "Entegrasyon.MessageQueue.Commands.csproj".
   7:7>ResolveAssemblyReferences:
         Primary reference "Microsoft.Extensions.Configuration.FileExtensions, Version=8.0.0.0, Culture=neutral, PublicKeyToken=adb9793829ddae60".
   5:7>Target "AssignTargetPaths" skipped. Previously built successfully.
   7:7>ResolveAssemblyReferences:
             Resolved file path is "/usr/lib64/dotnet/packs/Microsoft.AspNetCore.App.Ref/8.0.22/ref/net8.0/Microsoft.Extensions.Configuration.FileExtensions.dll".
             Reference found at search path location "{RawFileName}".
   5:7>Target "SplitResourcesByCulture" in file "/usr/lib64/dotnet/sdk/10.0.101/Microsoft.Common.CurrentVersion.targets" from project "/home/baturhan/Projeler/Entegrasyon/Application/Entegrasyon.MessageQueue.Commands/Entegrasyon.MessageQueue.Commands.csproj" (target "PrepareResourceNames" depends on it):
   5:7>Using "AssignCulture" task from assembly "Microsoft.Build.Tasks.Core, Version=15.1.0.0, Culture=neutral, PublicKeyToken=b03f5f7f11d50a3a".
   7:7>ResolveAssemblyReferences:
             This reference is not "CopyLocal" because at least one source item had "Private" set to "false" and no source items had "Private" set to "true".
   5:7>Task "AssignCulture"
   7:7>ResolveAssemblyReferences:
             The ImageRuntimeVersion for this reference is "".
   5:7>Done executing task "AssignCulture".
   7:7>ResolveAssemblyReferences:
         Primary reference "Microsoft.Extensions.Configuration.Ini, Version=8.0.0.0, Culture=neutral, PublicKeyToken=adb9793829ddae60".
   5:7>Done building target "SplitResourcesByCulture" in project "Entegrasyon.MessageQueue.Commands.csproj".
   7:7>ResolveAssemblyReferences:
             Resolved file path is "/usr/lib64/dotnet/packs/Microsoft.AspNetCore.App.Ref/8.0.22/ref/net8.0/Microsoft.Extensions.Configuration.Ini.dll".
             Reference found at search path location "{RawFileName}".
   5:7>Target "CreateCustomManifestResourceNames" in file "/usr/lib64/dotnet/sdk/10.0.101/Microsoft.Common.CurrentVersion.targets" from project "/home/baturhan/Projeler/Entegrasyon/Application/Entegrasyon.MessageQueue.Commands/Entegrasyon.MessageQueue.Commands.csproj" (target "PrepareResourceNames" depends on it):
   5:7>Done building target "CreateCustomManifestResourceNames" in project "Entegrasyon.MessageQueue.Commands.csproj".
   7:7>ResolveAssemblyReferences:
             This reference is not "CopyLocal" because at least one source item had "Private" set to "false" and no source items had "Private" set to "true".
             The ImageRuntimeVersion for this reference is "".
   5:7>Target "PrepareResourceNames" in file "/usr/lib64/dotnet/sdk/10.0.101/Microsoft.Common.CurrentVersion.targets" from project "/home/baturhan/Projeler/Entegrasyon/Application/Entegrasyon.MessageQueue.Commands/Entegrasyon.MessageQueue.Commands.csproj" (target "PrepareResources" depends on it):
   5:7>Done building target "PrepareResourceNames" in project "Entegrasyon.MessageQueue.Commands.csproj".
   7:7>ResolveAssemblyReferences:
         Primary reference "Microsoft.Extensions.Configuration.Json, Version=8.0.0.0, Culture=neutral, PublicKeyToken=adb9793829ddae60".
   5:7>Target "ResolveAssemblyReferences" skipped. Previously built successfully.
   7:7>ResolveAssemblyReferences:
             Resolved file path is "/usr/lib64/dotnet/packs/Microsoft.AspNetCore.App.Ref/8.0.22/ref/net8.0/Microsoft.Extensions.Configuration.Json.dll".
   5:7>Target "SplitResourcesByCulture" skipped. Previously built successfully.
   7:7>ResolveAssemblyReferences:
             Reference found at search path location "{RawFileName}".
             This reference is not "CopyLocal" because at least one source item had "Private" set to "false" and no source items had "Private" set to "true".
   5:7>Target "BeforeResGen" in file "/usr/lib64/dotnet/sdk/10.0.101/Microsoft.Common.CurrentVersion.targets" from project "/home/baturhan/Projeler/Entegrasyon/Application/Entegrasyon.MessageQueue.Commands/Entegrasyon.MessageQueue.Commands.csproj" (target "ResGen" depends on it):
   5:7>Done building target "BeforeResGen" in project "Entegrasyon.MessageQueue.Commands.csproj".
   7:7>ResolveAssemblyReferences:
             The ImageRuntimeVersion for this reference is "".
   5:7>Target "ResolveReferences" skipped. Previously built successfully.
   7:7>ResolveAssemblyReferences:
         Primary reference "Microsoft.Extensions.Configuration.KeyPerFile, Version=8.0.0.0, Culture=neutral, PublicKeyToken=adb9793829ddae60".
             Resolved file path is "/usr/lib64/dotnet/packs/Microsoft.AspNetCore.App.Ref/8.0.22/ref/net8.0/Microsoft.Extensions.Configuration.KeyPerFile.dll".
             Reference found at search path location "{RawFileName}".
   5:7>Target "FindReferenceAssembliesForReferences" in file "/usr/lib64/dotnet/sdk/10.0.101/Microsoft.Common.CurrentVersion.targets" from project "/home/baturhan/Projeler/Entegrasyon/Application/Entegrasyon.MessageQueue.Commands/Entegrasyon.MessageQueue.Commands.csproj" (target "CoreResGen" depends on it):
   5:7>Done building target "FindReferenceAssembliesForReferences" in project "Entegrasyon.MessageQueue.Commands.csproj".
   7:7>ResolveAssemblyReferences:
             This reference is not "CopyLocal" because at least one source item had "Private" set to "false" and no source items had "Private" set to "true".
             The ImageRuntimeVersion for this reference is "".
   5:7>Target "CoreResGen" in file "/usr/lib64/dotnet/sdk/10.0.101/Microsoft.Common.CurrentVersion.targets" from project "/home/baturhan/Projeler/Entegrasyon/Application/Entegrasyon.MessageQueue.Commands/Entegrasyon.MessageQueue.Commands.csproj" (target "ResGen" depends on it):
   5:7>Done building target "CoreResGen" in project "Entegrasyon.MessageQueue.Commands.csproj".
   7:7>ResolveAssemblyReferences:
         Primary reference "Microsoft.Extensions.Configuration.UserSecrets, Version=8.0.0.0, Culture=neutral, PublicKeyToken=adb9793829ddae60".
             Resolved file path is "/usr/lib64/dotnet/packs/Microsoft.AspNetCore.App.Ref/8.0.22/ref/net8.0/Microsoft.Extensions.Configuration.UserSecrets.dll".
             Reference found at search path location "{RawFileName}".
   5:7>Target "AfterResGen" in file "/usr/lib64/dotnet/sdk/10.0.101/Microsoft.Common.CurrentVersion.targets" from project "/home/baturhan/Projeler/Entegrasyon/Application/Entegrasyon.MessageQueue.Commands/Entegrasyon.MessageQueue.Commands.csproj" (target "ResGen" depends on it):
   5:7>Done building target "AfterResGen" in project "Entegrasyon.MessageQueue.Commands.csproj".
   7:7>ResolveAssemblyReferences:
             This reference is not "CopyLocal" because at least one source item had "Private" set to "false" and no source items had "Private" set to "true".
             The ImageRuntimeVersion for this reference is "".
   5:7>Target "ResGen" in file "/usr/lib64/dotnet/sdk/10.0.101/Microsoft.Common.CurrentVersion.targets" from project "/home/baturhan/Projeler/Entegrasyon/Application/Entegrasyon.MessageQueue.Commands/Entegrasyon.MessageQueue.Commands.csproj" (target "PrepareResources" depends on it):
   5:7>Done building target "ResGen" in project "Entegrasyon.MessageQueue.Commands.csproj".
   7:7>ResolveAssemblyReferences:
         Primary reference "Microsoft.Extensions.Configuration.Xml, Version=8.0.0.0, Culture=neutral, PublicKeyToken=adb9793829ddae60".
             Resolved file path is "/usr/lib64/dotnet/packs/Microsoft.AspNetCore.App.Ref/8.0.22/ref/net8.0/Microsoft.Extensions.Configuration.Xml.dll".
   5:7>Target "PrepareResources" in file "/usr/lib64/dotnet/sdk/10.0.101/Microsoft.Common.CurrentVersion.targets" from project "/home/baturhan/Projeler/Entegrasyon/Application/Entegrasyon.MessageQueue.Commands/Entegrasyon.MessageQueue.Commands.csproj" (target "CoreBuild" depends on it):
   5:7>Done building target "PrepareResources" in project "Entegrasyon.MessageQueue.Commands.csproj".
   7:7>ResolveAssemblyReferences:
             Reference found at search path location "{RawFileName}".
             This reference is not "CopyLocal" because at least one source item had "Private" set to "false" and no source items had "Private" set to "true".
   5:7>Target "ResolveReferences" skipped. Previously built successfully.
   7:7>ResolveAssemblyReferences:
             The ImageRuntimeVersion for this reference is "".
         Primary reference "Microsoft.Extensions.Configuration, Version=8.0.0.0, Culture=neutral, PublicKeyToken=adb9793829ddae60".
   5:7>Target "_SetEmbeddedWin32ManifestProperties" in file "/usr/lib64/dotnet/sdk/10.0.101/Microsoft.Common.CurrentVersion.targets" from project "/home/baturhan/Projeler/Entegrasyon/Application/Entegrasyon.MessageQueue.Commands/Entegrasyon.MessageQueue.Commands.csproj" (target "SetWin32ManifestProperties" depends on it):
   5:7>Using "GetFrameworkPath" task from assembly "Microsoft.Build.Tasks.Core, Version=15.1.0.0, Culture=neutral, PublicKeyToken=b03f5f7f11d50a3a".
   7:7>ResolveAssemblyReferences:
             Resolved file path is "/usr/lib64/dotnet/packs/Microsoft.AspNetCore.App.Ref/8.0.22/ref/net8.0/Microsoft.Extensions.Configuration.dll".
   5:7>Task "GetFrameworkPath"
   7:7>ResolveAssemblyReferences:
             Reference found at search path location "{RawFileName}".
             This reference is not "CopyLocal" because at least one source item had "Private" set to "false" and no source items had "Private" set to "true".
   5:7>Done executing task "GetFrameworkPath".
   7:7>ResolveAssemblyReferences:
             The ImageRuntimeVersion for this reference is "".
   5:7>Done building target "_SetEmbeddedWin32ManifestProperties" in project "Entegrasyon.MessageQueue.Commands.csproj".
   7:7>ResolveAssemblyReferences:
         Primary reference "Microsoft.Extensions.DependencyInjection.Abstractions, Version=8.0.0.0, Culture=neutral, PublicKeyToken=adb9793829ddae60".
             Resolved file path is "/usr/lib64/dotnet/packs/Microsoft.AspNetCore.App.Ref/8.0.22/ref/net8.0/Microsoft.Extensions.DependencyInjection.Abstractions.dll".
             Reference found at search path location "{RawFileName}".
   5:7>Target "SetWin32ManifestProperties" in file "/usr/lib64/dotnet/sdk/10.0.101/Microsoft.Common.CurrentVersion.targets" from project "/home/baturhan/Projeler/Entegrasyon/Application/Entegrasyon.MessageQueue.Commands/Entegrasyon.MessageQueue.Commands.csproj" (target "Compile" depends on it):
   5:7>Done building target "SetWin32ManifestProperties" in project "Entegrasyon.MessageQueue.Commands.csproj".
   7:7>ResolveAssemblyReferences:
             This reference is not "CopyLocal" because at least one source item had "Private" set to "false" and no source items had "Private" set to "true".
             The ImageRuntimeVersion for this reference is "".
   5:7>Target "FindReferenceAssembliesForReferences" skipped. Previously built successfully.
   7:7>ResolveAssemblyReferences:
         Primary reference "Microsoft.Extensions.DependencyInjection, Version=8.0.0.0, Culture=neutral, PublicKeyToken=adb9793829ddae60".
             Resolved file path is "/usr/lib64/dotnet/packs/Microsoft.AspNetCore.App.Ref/8.0.22/ref/net8.0/Microsoft.Extensions.DependencyInjection.dll".
             Reference found at search path location "{RawFileName}".
   5:7>Target "_GenerateCompileInputs" in file "/usr/lib64/dotnet/sdk/10.0.101/Microsoft.Common.CurrentVersion.targets" from project "/home/baturhan/Projeler/Entegrasyon/Application/Entegrasyon.MessageQueue.Commands/Entegrasyon.MessageQueue.Commands.csproj" (target "Compile" depends on it):
   5:7>Done building target "_GenerateCompileInputs" in project "Entegrasyon.MessageQueue.Commands.csproj".
   7:7>ResolveAssemblyReferences:
             This reference is not "CopyLocal" because at least one source item had "Private" set to "false" and no source items had "Private" set to "true".
   5:7>Target "PrepareForBuild" skipped. Previously built successfully.
   7:7>ResolveAssemblyReferences:
             The ImageRuntimeVersion for this reference is "".
         Primary reference "Microsoft.Extensions.Diagnostics.Abstractions, Version=8.0.0.0, Culture=neutral, PublicKeyToken=adb9793829ddae60".
             Resolved file path is "/usr/lib64/dotnet/packs/Microsoft.AspNetCore.App.Ref/8.0.22/ref/net8.0/Microsoft.Extensions.Diagnostics.Abstractions.dll".
   5:7>Target "GenerateMSBuildEditorConfigFileShouldRun" in file "/usr/lib64/dotnet/sdk/10.0.101/Roslyn/Microsoft.Managed.Core.targets" from project "/home/baturhan/Projeler/Entegrasyon/Application/Entegrasyon.MessageQueue.Commands/Entegrasyon.MessageQueue.Commands.csproj" (target "GenerateMSBuildEditorConfigFile" depends on it):
   5:7>Done building target "GenerateMSBuildEditorConfigFileShouldRun" in project "Entegrasyon.MessageQueue.Commands.csproj".
   7:7>ResolveAssemblyReferences:
             Reference found at search path location "{RawFileName}".
             This reference is not "CopyLocal" because at least one source item had "Private" set to "false" and no source items had "Private" set to "true".
             The ImageRuntimeVersion for this reference is "".
   5:7>Target "AddGlobalAnalyzerConfigForPackage_MicrosoftCodeAnalysisCSharpCodeStyle" in file "/usr/lib64/dotnet/sdk/10.0.101/Sdks/Microsoft.NET.Sdk/codestyle/cs/build/Microsoft.CodeAnalysis.CSharp.CodeStyle.targets" from project "/home/baturhan/Projeler/Entegrasyon/Application/Entegrasyon.MessageQueue.Commands/Entegrasyon.MessageQueue.Commands.csproj" (target "GenerateMSBuildEditorConfigFileCore" depends on it):
   5:7>Done building target "AddGlobalAnalyzerConfigForPackage_MicrosoftCodeAnalysisCSharpCodeStyle" in project "Entegrasyon.MessageQueue.Commands.csproj".
   7:7>ResolveAssemblyReferences:
         Primary reference "Microsoft.Extensions.Diagnostics.HealthChecks.Abstractions, Version=8.0.0.0, Culture=neutral, PublicKeyToken=adb9793829ddae60".
             Resolved file path is "/usr/lib64/dotnet/packs/Microsoft.AspNetCore.App.Ref/8.0.22/ref/net8.0/Microsoft.Extensions.Diagnostics.HealthChecks.Abstractions.dll".
   5:7>Target "GenerateMSBuildEditorConfigFileCore" in file "/usr/lib64/dotnet/sdk/10.0.101/Roslyn/Microsoft.Managed.Core.targets" from project "/home/baturhan/Projeler/Entegrasyon/Application/Entegrasyon.MessageQueue.Commands/Entegrasyon.MessageQueue.Commands.csproj" (target "GenerateMSBuildEditorConfigFile" depends on it):
   5:7>Building target "GenerateMSBuildEditorConfigFileCore" completely.
   7:7>ResolveAssemblyReferences:
             Reference found at search path location "{RawFileName}".
   5:7>GenerateMSBuildEditorConfigFileCore:
       No input files were specified.
   7:7>ResolveAssemblyReferences:
             This reference is not "CopyLocal" because at least one source item had "Private" set to "false" and no source items had "Private" set to "true".
   5:7>GenerateMSBuildEditorConfigFileCore:
       Using "GenerateMSBuildEditorConfig" task from assembly "/usr/lib64/dotnet/sdk/10.0.101/Sdks/Microsoft.NET.Sdk/targets/../../../Roslyn/Microsoft.Build.Tasks.CodeAnalysis.dll".
   7:7>ResolveAssemblyReferences:
             The ImageRuntimeVersion for this reference is "".
         Primary reference "Microsoft.Extensions.Diagnostics.HealthChecks, Version=8.0.0.0, Culture=neutral, PublicKeyToken=adb9793829ddae60".
   5:7>Task "GenerateMSBuildEditorConfig"
   7:7>ResolveAssemblyReferences:
             Resolved file path is "/usr/lib64/dotnet/packs/Microsoft.AspNetCore.App.Ref/8.0.22/ref/net8.0/Microsoft.Extensions.Diagnostics.HealthChecks.dll".
   5:7>Done executing task "GenerateMSBuildEditorConfig".
   7:7>ResolveAssemblyReferences:
             Reference found at search path location "{RawFileName}".
   5:7>Done building target "GenerateMSBuildEditorConfigFileCore" in project "Entegrasyon.MessageQueue.Commands.csproj".
   7:7>ResolveAssemblyReferences:
             This reference is not "CopyLocal" because at least one source item had "Private" set to "false" and no source items had "Private" set to "true".
             The ImageRuntimeVersion for this reference is "".
         Primary reference "Microsoft.Extensions.Diagnostics, Version=8.0.0.0, Culture=neutral, PublicKeyToken=adb9793829ddae60".
   5:7>Target "GenerateMSBuildEditorConfigFile" in file "/usr/lib64/dotnet/sdk/10.0.101/Roslyn/Microsoft.Managed.Core.targets" from project "/home/baturhan/Projeler/Entegrasyon/Application/Entegrasyon.MessageQueue.Commands/Entegrasyon.MessageQueue.Commands.csproj" (target "BeforeCompile" depends on it):
   5:7>Done building target "GenerateMSBuildEditorConfigFile" in project "Entegrasyon.MessageQueue.Commands.csproj".
       Target "PrepareForBuild" skipped. Previously built successfully.
   7:7>ResolveAssemblyReferences:
             Resolved file path is "/usr/lib64/dotnet/packs/Microsoft.AspNetCore.App.Ref/8.0.22/ref/net8.0/Microsoft.Extensions.Diagnostics.dll".
   5:7>Target "GetReferenceAssemblyPaths" skipped. Previously built successfully.
   7:7>ResolveAssemblyReferences:
             Reference found at search path location "{RawFileName}".
             This reference is not "CopyLocal" because at least one source item had "Private" set to "false" and no source items had "Private" set to "true".
             The ImageRuntimeVersion for this reference is "".
   5:7>Target "_SetTargetFrameworkMonikerAttribute" in file "/usr/lib64/dotnet/sdk/10.0.101/Microsoft.CSharp.CurrentVersion.targets" from project "/home/baturhan/Projeler/Entegrasyon/Application/Entegrasyon.MessageQueue.Commands/Entegrasyon.MessageQueue.Commands.csproj" (target "GenerateTargetFrameworkMonikerAttribute" depends on it):
   5:7>Done building target "_SetTargetFrameworkMonikerAttribute" in project "Entegrasyon.MessageQueue.Commands.csproj".
   7:7>ResolveAssemblyReferences:
         Primary reference "Microsoft.Extensions.Features, Version=8.0.0.0, Culture=neutral, PublicKeyToken=adb9793829ddae60".
             Resolved file path is "/usr/lib64/dotnet/packs/Microsoft.AspNetCore.App.Ref/8.0.22/ref/net8.0/Microsoft.Extensions.Features.dll".
   5:7>Target "GenerateTargetFrameworkMonikerAttribute" in file "/usr/lib64/dotnet/sdk/10.0.101/Microsoft.Common.CurrentVersion.targets" from project "/home/baturhan/Projeler/Entegrasyon/Application/Entegrasyon.MessageQueue.Commands/Entegrasyon.MessageQueue.Commands.csproj" (target "BeforeCompile" depends on it):
   5:7>Skipping target "GenerateTargetFrameworkMonikerAttribute" because all output files are up-to-date with respect to the input files.
   7:7>ResolveAssemblyReferences:
             Reference found at search path location "{RawFileName}".
             This reference is not "CopyLocal" because at least one source item had "Private" set to "false" and no source items had "Private" set to "true".
   5:7>GenerateTargetFrameworkMonikerAttribute:
       Input files: /usr/lib64/dotnet/sdk/10.0.101/Microsoft.Common.targets
   7:7>ResolveAssemblyReferences:
             The ImageRuntimeVersion for this reference is "".
   5:7>GenerateTargetFrameworkMonikerAttribute:
       Output files: obj/Debug/net8.0/.NETCoreApp,Version=v8.0.AssemblyAttributes.cs
   7:7>ResolveAssemblyReferences:
         Primary reference "Microsoft.Extensions.FileProviders.Abstractions, Version=8.0.0.0, Culture=neutral, PublicKeyToken=adb9793829ddae60".
             Resolved file path is "/usr/lib64/dotnet/packs/Microsoft.AspNetCore.App.Ref/8.0.22/ref/net8.0/Microsoft.Extensions.FileProviders.Abstractions.dll".
   5:7>Done building target "GenerateTargetFrameworkMonikerAttribute" in project "Entegrasyon.MessageQueue.Commands.csproj".
   7:7>ResolveAssemblyReferences:
             Reference found at search path location "{RawFileName}".
   5:7>Target "PrepareForBuild" skipped. Previously built successfully.
   7:7>ResolveAssemblyReferences:
             This reference is not "CopyLocal" because at least one source item had "Private" set to "false" and no source items had "Private" set to "true".
             The ImageRuntimeVersion for this reference is "".
   5:7>Target "GetAssemblyVersion" in file "/usr/lib64/dotnet/sdk/10.0.101/Sdks/Microsoft.NET.Sdk/targets/Microsoft.NET.GenerateAssemblyInfo.targets" from project "/home/baturhan/Projeler/Entegrasyon/Application/Entegrasyon.MessageQueue.Commands/Entegrasyon.MessageQueue.Commands.csproj" (target "GetAssemblyAttributes" depends on it):
   5:7>Using "GetAssemblyVersion" task from assembly "/usr/lib64/dotnet/sdk/10.0.101/Sdks/Microsoft.NET.Sdk/targets/../tools/net10.0/Microsoft.NET.Build.Tasks.dll".
   7:7>ResolveAssemblyReferences:
         Primary reference "Microsoft.Extensions.FileProviders.Composite, Version=8.0.0.0, Culture=neutral, PublicKeyToken=adb9793829ddae60".
             Resolved file path is "/usr/lib64/dotnet/packs/Microsoft.AspNetCore.App.Ref/8.0.22/ref/net8.0/Microsoft.Extensions.FileProviders.Composite.dll".
   5:7>Task "GetAssemblyVersion"
   7:7>ResolveAssemblyReferences:
             Reference found at search path location "{RawFileName}".
   5:7>Done executing task "GetAssemblyVersion".
   7:7>ResolveAssemblyReferences:
             This reference is not "CopyLocal" because at least one source item had "Private" set to "false" and no source items had "Private" set to "true".
   5:7>Done building target "GetAssemblyVersion" in project "Entegrasyon.MessageQueue.Commands.csproj".
   7:7>ResolveAssemblyReferences:
             The ImageRuntimeVersion for this reference is "".
         Primary reference "Microsoft.Extensions.FileProviders.Embedded, Version=8.0.0.0, Culture=neutral, PublicKeyToken=adb9793829ddae60".
             Resolved file path is "/usr/lib64/dotnet/packs/Microsoft.AspNetCore.App.Ref/8.0.22/ref/net8.0/Microsoft.Extensions.FileProviders.Embedded.dll".
   5:7>Target "InitializeSourceControlInformationFromSourceControlManager" in file "/usr/lib64/dotnet/sdk/10.0.101/Sdks/Microsoft.Build.Tasks.Git/build/Microsoft.Build.Tasks.Git.targets" from project "/home/baturhan/Projeler/Entegrasyon/Application/Entegrasyon.MessageQueue.Commands/Entegrasyon.MessageQueue.Commands.csproj" (target "_InitializeSourceControlInformationFromSourceControlManager" depends on it):
   5:7>Using "Microsoft.Build.Tasks.Git.LocateRepository" task from assembly "/usr/lib64/dotnet/sdk/10.0.101/Sdks/Microsoft.Build.Tasks.Git/build/../tools/net/Microsoft.Build.Tasks.Git.dll".
   7:7>ResolveAssemblyReferences:
             Reference found at search path location "{RawFileName}".
   5:7>Task "Microsoft.Build.Tasks.Git.LocateRepository"
   7:7>ResolveAssemblyReferences:
             This reference is not "CopyLocal" because at least one source item had "Private" set to "false" and no source items had "Private" set to "true".
             The ImageRuntimeVersion for this reference is "".
   5:7>InitializeSourceControlInformationFromSourceControlManager:
         SourceLink: Repository instance not found in cache: '*:/home/baturhan/Projeler/Entegrasyon/.git'
   7:7>ResolveAssemblyReferences:
         Primary reference "Microsoft.Extensions.FileProviders.Physical, Version=8.0.0.0, Culture=neutral, PublicKeyToken=adb9793829ddae60".
   5:7>Done executing task "Microsoft.Build.Tasks.Git.LocateRepository".
   7:7>ResolveAssemblyReferences:
             Resolved file path is "/usr/lib64/dotnet/packs/Microsoft.AspNetCore.App.Ref/8.0.22/ref/net8.0/Microsoft.Extensions.FileProviders.Physical.dll".
   5:7>Done building target "InitializeSourceControlInformationFromSourceControlManager" in project "Entegrasyon.MessageQueue.Commands.csproj".
   7:7>ResolveAssemblyReferences:
             Reference found at search path location "{RawFileName}".
             This reference is not "CopyLocal" because at least one source item had "Private" set to "false" and no source items had "Private" set to "true".
             The ImageRuntimeVersion for this reference is "".
   5:7>Target "_SourceLinkHasSingleProvider" in file "/usr/lib64/dotnet/sdk/10.0.101/Sdks/Microsoft.SourceLink.Common/build/InitializeSourceControlInformation.targets" from project "/home/baturhan/Projeler/Entegrasyon/Application/Entegrasyon.MessageQueue.Commands/Entegrasyon.MessageQueue.Commands.csproj" (target "_InitializeSourceControlInformationFromSourceControlManager" depends on it):
   5:7>Using "Microsoft.SourceLink.Common.SourceLinkHasSingleProvider" task from assembly "/usr/lib64/dotnet/sdk/10.0.101/Sdks/Microsoft.SourceLink.Common/build/../tools/net/Microsoft.SourceLink.Common.dll".
   7:7>ResolveAssemblyReferences:
         Primary reference "Microsoft.Extensions.FileSystemGlobbing, Version=8.0.0.0, Culture=neutral, PublicKeyToken=adb9793829ddae60".
   5:7>Task "Microsoft.SourceLink.Common.SourceLinkHasSingleProvider"
       Done executing task "Microsoft.SourceLink.Common.SourceLinkHasSingleProvider".
   7:7>ResolveAssemblyReferences:
             Resolved file path is "/usr/lib64/dotnet/packs/Microsoft.AspNetCore.App.Ref/8.0.22/ref/net8.0/Microsoft.Extensions.FileSystemGlobbing.dll".
             Reference found at search path location "{RawFileName}".
   5:7>Done building target "_SourceLinkHasSingleProvider" in project "Entegrasyon.MessageQueue.Commands.csproj".
   7:7>ResolveAssemblyReferences:
             This reference is not "CopyLocal" because at least one source item had "Private" set to "false" and no source items had "Private" set to "true".
             The ImageRuntimeVersion for this reference is "".
   5:7>Target "TranslateGitHubUrlsInSourceControlInformation" in file "/usr/lib64/dotnet/sdk/10.0.101/Sdks/Microsoft.SourceLink.GitHub/build/Microsoft.SourceLink.GitHub.targets" from project "/home/baturhan/Projeler/Entegrasyon/Application/Entegrasyon.MessageQueue.Commands/Entegrasyon.MessageQueue.Commands.csproj" (target "_InitializeSourceControlInformationFromSourceControlManager" depends on it):
   5:7>Using "Microsoft.SourceLink.GitHub.TranslateRepositoryUrls" task from assembly "/usr/lib64/dotnet/sdk/10.0.101/Sdks/Microsoft.SourceLink.GitHub/build/../tools/net/Microsoft.SourceLink.GitHub.dll".
   7:7>ResolveAssemblyReferences:
         Primary reference "Microsoft.Extensions.Hosting.Abstractions, Version=8.0.0.0, Culture=neutral, PublicKeyToken=adb9793829ddae60".
             Resolved file path is "/usr/lib64/dotnet/packs/Microsoft.AspNetCore.App.Ref/8.0.22/ref/net8.0/Microsoft.Extensions.Hosting.Abstractions.dll".
   5:7>Task "Microsoft.SourceLink.GitHub.TranslateRepositoryUrls"
   7:7>ResolveAssemblyReferences:
             Reference found at search path location "{RawFileName}".
   5:7>Done executing task "Microsoft.SourceLink.GitHub.TranslateRepositoryUrls".
   5:7>Done building target "TranslateGitHubUrlsInSourceControlInformation" in project "Entegrasyon.MessageQueue.Commands.csproj".
   7:7>ResolveAssemblyReferences:
             This reference is not "CopyLocal" because at least one source item had "Private" set to "false" and no source items had "Private" set to "true".
             The ImageRuntimeVersion for this reference is "".
         Primary reference "Microsoft.Extensions.Hosting, Version=8.0.0.0, Culture=neutral, PublicKeyToken=adb9793829ddae60".
   5:7>Target "TranslateGitLabUrlsInSourceControlInformation" in file "/usr/lib64/dotnet/sdk/10.0.101/Sdks/Microsoft.SourceLink.GitLab/build/Microsoft.SourceLink.GitLab.targets" from project "/home/baturhan/Projeler/Entegrasyon/Application/Entegrasyon.MessageQueue.Commands/Entegrasyon.MessageQueue.Commands.csproj" (target "_InitializeSourceControlInformationFromSourceControlManager" depends on it):
   5:7>Using "Microsoft.SourceLink.GitLab.TranslateRepositoryUrls" task from assembly "/usr/lib64/dotnet/sdk/10.0.101/Sdks/Microsoft.SourceLink.GitLab/build/../tools/net/Microsoft.SourceLink.GitLab.dll".
   7:7>ResolveAssemblyReferences:
             Resolved file path is "/usr/lib64/dotnet/packs/Microsoft.AspNetCore.App.Ref/8.0.22/ref/net8.0/Microsoft.Extensions.Hosting.dll".
   5:7>Task "Microsoft.SourceLink.GitLab.TranslateRepositoryUrls"
   7:7>ResolveAssemblyReferences:
             Reference found at search path location "{RawFileName}".
   5:7>Done executing task "Microsoft.SourceLink.GitLab.TranslateRepositoryUrls".
   7:7>ResolveAssemblyReferences:
             This reference is not "CopyLocal" because at least one source item had "Private" set to "false" and no source items had "Private" set to "true".
             The ImageRuntimeVersion for this reference is "".
   5:7>Done building target "TranslateGitLabUrlsInSourceControlInformation" in project "Entegrasyon.MessageQueue.Commands.csproj".
   7:7>ResolveAssemblyReferences:
         Primary reference "Microsoft.Extensions.Http, Version=8.0.0.0, Culture=neutral, PublicKeyToken=adb9793829ddae60".
             Resolved file path is "/usr/lib64/dotnet/packs/Microsoft.AspNetCore.App.Ref/8.0.22/ref/net8.0/Microsoft.Extensions.Http.dll".
   5:7>Target "TranslateAzureReposGitUrlsInSourceControlInformation" in file "/usr/lib64/dotnet/sdk/10.0.101/Sdks/Microsoft.SourceLink.AzureRepos.Git/build/Microsoft.SourceLink.AzureRepos.Git.targets" from project "/home/baturhan/Projeler/Entegrasyon/Application/Entegrasyon.MessageQueue.Commands/Entegrasyon.MessageQueue.Commands.csproj" (target "_InitializeSourceControlInformationFromSourceControlManager" depends on it):
   5:7>Using "Microsoft.SourceLink.AzureRepos.Git.TranslateRepositoryUrls" task from assembly "/usr/lib64/dotnet/sdk/10.0.101/Sdks/Microsoft.SourceLink.AzureRepos.Git/build/../tools/net/Microsoft.SourceLink.AzureRepos.Git.dll".
   7:7>ResolveAssemblyReferences:
             Reference found at search path location "{RawFileName}".
   5:7>Task "Microsoft.SourceLink.AzureRepos.Git.TranslateRepositoryUrls"
   7:7>ResolveAssemblyReferences:
             This reference is not "CopyLocal" because at least one source item had "Private" set to "false" and no source items had "Private" set to "true".
             The ImageRuntimeVersion for this reference is "".
         Primary reference "Microsoft.Extensions.Identity.Core, Version=8.0.0.0, Culture=neutral, PublicKeyToken=adb9793829ddae60".
             Resolved file path is "/usr/lib64/dotnet/packs/Microsoft.AspNetCore.App.Ref/8.0.22/ref/net8.0/Microsoft.Extensions.Identity.Core.dll".
             Reference found at search path location "{RawFileName}".
             This reference is not "CopyLocal" because at least one source item had "Private" set to "false" and no source items had "Private" set to "true".
             The ImageRuntimeVersion for this reference is "".
         Primary reference "Microsoft.Extensions.Identity.Stores, Version=8.0.0.0, Culture=neutral, PublicKeyToken=adb9793829ddae60".
             Resolved file path is "/usr/lib64/dotnet/packs/Microsoft.AspNetCore.App.Ref/8.0.22/ref/net8.0/Microsoft.Extensions.Identity.Stores.dll".
             Reference found at search path location "{RawFileName}".
             This reference is not "CopyLocal" because at least one source item had "Private" set to "false" and no source items had "Private" set to "true".
             The ImageRuntimeVersion for this reference is "".
         Primary reference "Microsoft.Extensions.Localization.Abstractions, Version=8.0.0.0, Culture=neutral, PublicKeyToken=adb9793829ddae60".
             Resolved file path is "/usr/lib64/dotnet/packs/Microsoft.AspNetCore.App.Ref/8.0.22/ref/net8.0/Microsoft.Extensions.Localization.Abstractions.dll".
             Reference found at search path location "{RawFileName}".
             This reference is not "CopyLocal" because at least one source item had "Private" set to "false" and no source items had "Private" set to "true".
             The ImageRuntimeVersion for this reference is "".
         Primary reference "Microsoft.Extensions.Localization, Version=8.0.0.0, Culture=neutral, PublicKeyToken=adb9793829ddae60".
   5:7>Done executing task "Microsoft.SourceLink.AzureRepos.Git.TranslateRepositoryUrls".
   7:7>ResolveAssemblyReferences:
             Resolved file path is "/usr/lib64/dotnet/packs/Microsoft.AspNetCore.App.Ref/8.0.22/ref/net8.0/Microsoft.Extensions.Localization.dll".
             Reference found at search path location "{RawFileName}".
             This reference is not "CopyLocal" because at least one source item had "Private" set to "false" and no source items had "Private" set to "true".
             The ImageRuntimeVersion for this reference is "".
         Primary reference "Microsoft.Extensions.Logging.Abstractions, Version=8.0.0.0, Culture=neutral, PublicKeyToken=adb9793829ddae60".
   5:7>Done building target "TranslateAzureReposGitUrlsInSourceControlInformation" in project "Entegrasyon.MessageQueue.Commands.csproj".
   7:7>ResolveAssemblyReferences:
             Resolved file path is "/usr/lib64/dotnet/packs/Microsoft.AspNetCore.App.Ref/8.0.22/ref/net8.0/Microsoft.Extensions.Logging.Abstractions.dll".
             Reference found at search path location "{RawFileName}".
             This reference is not "CopyLocal" because at least one source item had "Private" set to "false" and no source items had "Private" set to "true".
             The ImageRuntimeVersion for this reference is "".
         Primary reference "Microsoft.Extensions.Logging.Configuration, Version=8.0.0.0, Culture=neutral, PublicKeyToken=adb9793829ddae60".
             Resolved file path is "/usr/lib64/dotnet/packs/Microsoft.AspNetCore.App.Ref/8.0.22/ref/net8.0/Microsoft.Extensions.Logging.Configuration.dll".
             Reference found at search path location "{RawFileName}".
             This reference is not "CopyLocal" because at least one source item had "Private" set to "false" and no source items had "Private" set to "true".
   5:7>Target "TranslateBitbucketGitUrlsInSourceControlInformation" in file "/usr/lib64/dotnet/sdk/10.0.101/Sdks/Microsoft.SourceLink.Bitbucket.Git/build/Microsoft.SourceLink.Bitbucket.Git.targets" from project "/home/baturhan/Projeler/Entegrasyon/Application/Entegrasyon.MessageQueue.Commands/Entegrasyon.MessageQueue.Commands.csproj" (target "_InitializeSourceControlInformationFromSourceControlManager" depends on it):
   5:7>Using "Microsoft.SourceLink.Bitbucket.Git.TranslateRepositoryUrls" task from assembly "/usr/lib64/dotnet/sdk/10.0.101/Sdks/Microsoft.SourceLink.Bitbucket.Git/build/../tools/net/Microsoft.SourceLink.Bitbucket.Git.dll".
   7:7>ResolveAssemblyReferences:
             The ImageRuntimeVersion for this reference is "".
         Primary reference "Microsoft.Extensions.Logging.Console, Version=8.0.0.0, Culture=neutral, PublicKeyToken=adb9793829ddae60".
             Resolved file path is "/usr/lib64/dotnet/packs/Microsoft.AspNetCore.App.Ref/8.0.22/ref/net8.0/Microsoft.Extensions.Logging.Console.dll".
             Reference found at search path location "{RawFileName}".
             This reference is not "CopyLocal" because at least one source item had "Private" set to "false" and no source items had "Private" set to "true".
   5:7>Task "Microsoft.SourceLink.Bitbucket.Git.TranslateRepositoryUrls"
   7:7>ResolveAssemblyReferences:
             The ImageRuntimeVersion for this reference is "".
         Primary reference "Microsoft.Extensions.Logging.Debug, Version=8.0.0.0, Culture=neutral, PublicKeyToken=adb9793829ddae60".
             Resolved file path is "/usr/lib64/dotnet/packs/Microsoft.AspNetCore.App.Ref/8.0.22/ref/net8.0/Microsoft.Extensions.Logging.Debug.dll".
             Reference found at search path location "{RawFileName}".
   5:7>Done executing task "Microsoft.SourceLink.Bitbucket.Git.TranslateRepositoryUrls".
   7:7>ResolveAssemblyReferences:
             This reference is not "CopyLocal" because at least one source item had "Private" set to "false" and no source items had "Private" set to "true".
             The ImageRuntimeVersion for this reference is "".
         Primary reference "Microsoft.Extensions.Logging.EventLog, Version=8.0.0.0, Culture=neutral, PublicKeyToken=adb9793829ddae60".
             Resolved file path is "/usr/lib64/dotnet/packs/Microsoft.AspNetCore.App.Ref/8.0.22/ref/net8.0/Microsoft.Extensions.Logging.EventLog.dll".
   5:7>Done building target "TranslateBitbucketGitUrlsInSourceControlInformation" in project "Entegrasyon.MessageQueue.Commands.csproj".
   7:7>ResolveAssemblyReferences:
             Reference found at search path location "{RawFileName}".
             This reference is not "CopyLocal" because at least one source item had "Private" set to "false" and no source items had "Private" set to "true".
             The ImageRuntimeVersion for this reference is "".
         Primary reference "Microsoft.Extensions.Logging.EventSource, Version=8.0.0.0, Culture=neutral, PublicKeyToken=adb9793829ddae60".
             Resolved file path is "/usr/lib64/dotnet/packs/Microsoft.AspNetCore.App.Ref/8.0.22/ref/net8.0/Microsoft.Extensions.Logging.EventSource.dll".
             Reference found at search path location "{RawFileName}".
             This reference is not "CopyLocal" because at least one source item had "Private" set to "false" and no source items had "Private" set to "true".
             The ImageRuntimeVersion for this reference is "".
   5:7>Target "SourceControlManagerPublishTranslatedUrls" in file "/usr/lib64/dotnet/sdk/10.0.101/Sdks/Microsoft.SourceLink.Common/build/InitializeSourceControlInformation.targets" from project "/home/baturhan/Projeler/Entegrasyon/Application/Entegrasyon.MessageQueue.Commands/Entegrasyon.MessageQueue.Commands.csproj" (target "_InitializeSourceControlInformationFromSourceControlManager" depends on it):
   5:7>Done building target "SourceControlManagerPublishTranslatedUrls" in project "Entegrasyon.MessageQueue.Commands.csproj".
   7:7>ResolveAssemblyReferences:
         Primary reference "Microsoft.Extensions.Logging.TraceSource, Version=8.0.0.0, Culture=neutral, PublicKeyToken=adb9793829ddae60".
             Resolved file path is "/usr/lib64/dotnet/packs/Microsoft.AspNetCore.App.Ref/8.0.22/ref/net8.0/Microsoft.Extensions.Logging.TraceSource.dll".
             Reference found at search path location "{RawFileName}".
             This reference is not "CopyLocal" because at least one source item had "Private" set to "false" and no source items had "Private" set to "true".
             The ImageRuntimeVersion for this reference is "".
         Primary reference "Microsoft.Extensions.Logging, Version=8.0.0.0, Culture=neutral, PublicKeyToken=adb9793829ddae60".
             Resolved file path is "/usr/lib64/dotnet/packs/Microsoft.AspNetCore.App.Ref/8.0.22/ref/net8.0/Microsoft.Extensions.Logging.dll".
             Reference found at search path location "{RawFileName}".
   5:7>Target "_InitializeSourceControlInformationFromSourceControlManager" in file "/usr/lib64/dotnet/sdk/10.0.101/Sdks/Microsoft.SourceLink.Common/build/InitializeSourceControlInformation.targets" from project "/home/baturhan/Projeler/Entegrasyon/Application/Entegrasyon.MessageQueue.Commands/Entegrasyon.MessageQueue.Commands.csproj" (target "InitializeSourceControlInformation" depends on it):
   5:7>Done building target "_InitializeSourceControlInformationFromSourceControlManager" in project "Entegrasyon.MessageQueue.Commands.csproj".
   7:7>ResolveAssemblyReferences:
             This reference is not "CopyLocal" because at least one source item had "Private" set to "false" and no source items had "Private" set to "true".
             The ImageRuntimeVersion for this reference is "".
         Primary reference "Microsoft.Extensions.ObjectPool, Version=8.0.0.0, Culture=neutral, PublicKeyToken=adb9793829ddae60".
             Resolved file path is "/usr/lib64/dotnet/packs/Microsoft.AspNetCore.App.Ref/8.0.22/ref/net8.0/Microsoft.Extensions.ObjectPool.dll".
             Reference found at search path location "{RawFileName}".
             This reference is not "CopyLocal" because at least one source item had "Private" set to "false" and no source items had "Private" set to "true".
             The ImageRuntimeVersion for this reference is "".
         Primary reference "Microsoft.Extensions.Options.ConfigurationExtensions, Version=8.0.0.0, Culture=neutral, PublicKeyToken=adb9793829ddae60".
   5:7>Target "InitializeSourceControlInformation" in file "/usr/lib64/dotnet/sdk/10.0.101/Microsoft.Common.CurrentVersion.targets" from project "/home/baturhan/Projeler/Entegrasyon/Application/Entegrasyon.MessageQueue.Commands/Entegrasyon.MessageQueue.Commands.csproj" (target "GetAssemblyAttributes" depends on it):
   5:7>Done building target "InitializeSourceControlInformation" in project "Entegrasyon.MessageQueue.Commands.csproj".
   7:7>ResolveAssemblyReferences:
             Resolved file path is "/usr/lib64/dotnet/packs/Microsoft.AspNetCore.App.Ref/8.0.22/ref/net8.0/Microsoft.Extensions.Options.ConfigurationExtensions.dll".
             Reference found at search path location "{RawFileName}".
             This reference is not "CopyLocal" because at least one source item had "Private" set to "false" and no source items had "Private" set to "true".
             The ImageRuntimeVersion for this reference is "".
   5:7>Target "GetAssemblyVersion" skipped. Previously built successfully.
   7:7>ResolveAssemblyReferences:
         Primary reference "Microsoft.Extensions.Options.DataAnnotations, Version=8.0.0.0, Culture=neutral, PublicKeyToken=adb9793829ddae60".
             Resolved file path is "/usr/lib64/dotnet/packs/Microsoft.AspNetCore.App.Ref/8.0.22/ref/net8.0/Microsoft.Extensions.Options.DataAnnotations.dll".
             Reference found at search path location "{RawFileName}".
             This reference is not "CopyLocal" because at least one source item had "Private" set to "false" and no source items had "Private" set to "true".
   5:7>Target "InitializeSourceControlInformation" skipped. Previously built successfully.
   7:7>ResolveAssemblyReferences:
             The ImageRuntimeVersion for this reference is "".
         Primary reference "Microsoft.Extensions.Options, Version=8.0.0.0, Culture=neutral, PublicKeyToken=adb9793829ddae60".
             Resolved file path is "/usr/lib64/dotnet/packs/Microsoft.AspNetCore.App.Ref/8.0.22/ref/net8.0/Microsoft.Extensions.Options.dll".
             Reference found at search path location "{RawFileName}".
             This reference is not "CopyLocal" because at least one source item had "Private" set to "false" and no source items had "Private" set to "true".
             The ImageRuntimeVersion for this reference is "".
         Primary reference "Microsoft.Extensions.Primitives, Version=8.0.0.0, Culture=neutral, PublicKeyToken=adb9793829ddae60".
   5:7>Target "AddSourceRevisionToInformationalVersion" in file "/usr/lib64/dotnet/sdk/10.0.101/Sdks/Microsoft.NET.Sdk/targets/Microsoft.NET.GenerateAssemblyInfo.targets" from project "/home/baturhan/Projeler/Entegrasyon/Application/Entegrasyon.MessageQueue.Commands/Entegrasyon.MessageQueue.Commands.csproj" (target "GetAssemblyAttributes" depends on it):
   5:7>/usr/lib64/dotnet/sdk/10.0.101/Sdks/Microsoft.NET.Sdk/targets/Microsoft.NET.GenerateAssemblyInfo.targets(70,7): message : Property reassignment: $(InformationalVersion)="1.0.0+b6490b011968657f75d632b3c51367b541aec72d" (previous value: "1.0.0") at /usr/lib64/dotnet/sdk/10.0.101/Sdks/Microsoft.NET.Sdk/targets/Microsoft.NET.GenerateAssemblyInfo.targets (70,7) [/home/baturhan/Projeler/Entegrasyon/Application/Entegrasyon.MessageQueue.Commands/Entegrasyon.MessageQueue.Commands.csproj]
   7:7>ResolveAssemblyReferences:
             Resolved file path is "/usr/lib64/dotnet/packs/Microsoft.AspNetCore.App.Ref/8.0.22/ref/net8.0/Microsoft.Extensions.Primitives.dll".
             Reference found at search path location "{RawFileName}".
             This reference is not "CopyLocal" because at least one source item had "Private" set to "false" and no source items had "Private" set to "true".
             The ImageRuntimeVersion for this reference is "".
   5:7>Done building target "AddSourceRevisionToInformationalVersion" in project "Entegrasyon.MessageQueue.Commands.csproj".
   7:7>ResolveAssemblyReferences:
         Primary reference "Microsoft.Extensions.WebEncoders, Version=8.0.0.0, Culture=neutral, PublicKeyToken=adb9793829ddae60".
             Resolved file path is "/usr/lib64/dotnet/packs/Microsoft.AspNetCore.App.Ref/8.0.22/ref/net8.0/Microsoft.Extensions.WebEncoders.dll".
             Reference found at search path location "{RawFileName}".
             This reference is not "CopyLocal" because at least one source item had "Private" set to "false" and no source items had "Private" set to "true".
             The ImageRuntimeVersion for this reference is "".
         Primary reference "Microsoft.JSInterop, Version=8.0.0.0, Culture=neutral, PublicKeyToken=adb9793829ddae60".
             Resolved file path is "/usr/lib64/dotnet/packs/Microsoft.AspNetCore.App.Ref/8.0.22/ref/net8.0/Microsoft.JSInterop.dll".
             Reference found at search path location "{RawFileName}".
   5:7>Target "GetAssemblyAttributes" in file "/usr/lib64/dotnet/sdk/10.0.101/Sdks/Microsoft.NET.Sdk/targets/Microsoft.NET.GenerateAssemblyInfo.targets" from project "/home/baturhan/Projeler/Entegrasyon/Application/Entegrasyon.MessageQueue.Commands/Entegrasyon.MessageQueue.Commands.csproj" (target "CreateGeneratedAssemblyInfoInputsCacheFile" depends on it):
   5:7>Done building target "GetAssemblyAttributes" in project "Entegrasyon.MessageQueue.Commands.csproj".
   7:7>ResolveAssemblyReferences:
             This reference is not "CopyLocal" because at least one source item had "Private" set to "false" and no source items had "Private" set to "true".
             The ImageRuntimeVersion for this reference is "".
         Primary reference "Microsoft.Net.Http.Headers, Version=8.0.0.0, Culture=neutral, PublicKeyToken=adb9793829ddae60".
             Resolved file path is "/usr/lib64/dotnet/packs/Microsoft.AspNetCore.App.Ref/8.0.22/ref/net8.0/Microsoft.Net.Http.Headers.dll".
             Reference found at search path location "{RawFileName}".
   5:7>Target "CreateGeneratedAssemblyInfoInputsCacheFile" in file "/usr/lib64/dotnet/sdk/10.0.101/Sdks/Microsoft.NET.Sdk/targets/Microsoft.NET.GenerateAssemblyInfo.targets" from project "/home/baturhan/Projeler/Entegrasyon/Application/Entegrasyon.MessageQueue.Commands/Entegrasyon.MessageQueue.Commands.csproj" (target "CoreGenerateAssemblyInfo" depends on it):
   5:7>Using "Hash" task from assembly "Microsoft.Build.Tasks.Core, Version=15.1.0.0, Culture=neutral, PublicKeyToken=b03f5f7f11d50a3a".
   7:7>ResolveAssemblyReferences:
             This reference is not "CopyLocal" because at least one source item had "Private" set to "false" and no source items had "Private" set to "true".
             The ImageRuntimeVersion for this reference is "".
         Primary reference "System.Diagnostics.EventLog, Version=8.0.0.0, Culture=neutral, PublicKeyToken=cc7b13ffcd2ddd51".
   5:7>Task "Hash"
   7:7>ResolveAssemblyReferences:
             Resolved file path is "/usr/lib64/dotnet/packs/Microsoft.AspNetCore.App.Ref/8.0.22/ref/net8.0/System.Diagnostics.EventLog.dll".
             Reference found at search path location "{RawFileName}".
             This reference is not "CopyLocal" because at least one source item had "Private" set to "false" and no source items had "Private" set to "true".
             The ImageRuntimeVersion for this reference is "".
   5:7>Done executing task "Hash".
   7:7>ResolveAssemblyReferences:
         Primary reference "System.IO.Pipelines, Version=8.0.0.0, Culture=neutral, PublicKeyToken=cc7b13ffcd2ddd51".
             Resolved file path is "/usr/lib64/dotnet/packs/Microsoft.AspNetCore.App.Ref/8.0.22/ref/net8.0/System.IO.Pipelines.dll".
             Reference found at search path location "{RawFileName}".
   5:7>Task "WriteLinesToFile"
   7:7>ResolveAssemblyReferences:
             This reference is not "CopyLocal" because at least one source item had "Private" set to "false" and no source items had "Private" set to "true".
             The ImageRuntimeVersion for this reference is "".
         Primary reference "System.Security.Cryptography.Xml, Version=8.0.0.0, Culture=neutral, PublicKeyToken=cc7b13ffcd2ddd51".
             Resolved file path is "/usr/lib64/dotnet/packs/Microsoft.AspNetCore.App.Ref/8.0.22/ref/net8.0/System.Security.Cryptography.Xml.dll".
   5:7>CreateGeneratedAssemblyInfoInputsCacheFile:
         Skipping write to file "obj/Debug/net8.0/Entegrasyon.MessageQueue.Commands.AssemblyInfoInputs.cache" because content would not change.
   7:7>ResolveAssemblyReferences:
             Reference found at search path location "{RawFileName}".
             This reference is not "CopyLocal" because at least one source item had "Private" set to "false" and no source items had "Private" set to "true".
             The ImageRuntimeVersion for this reference is "".
         Primary reference "System.Threading.RateLimiting, Version=8.0.0.0, Culture=neutral, PublicKeyToken=cc7b13ffcd2ddd51".
   5:7>Done executing task "WriteLinesToFile".
   7:7>ResolveAssemblyReferences:
             Resolved file path is "/usr/lib64/dotnet/packs/Microsoft.AspNetCore.App.Ref/8.0.22/ref/net8.0/System.Threading.RateLimiting.dll".
             Reference found at search path location "{RawFileName}".
             This reference is not "CopyLocal" because at least one source item had "Private" set to "false" and no source items had "Private" set to "true".
   5:7>Done building target "CreateGeneratedAssemblyInfoInputsCacheFile" in project "Entegrasyon.MessageQueue.Commands.csproj".
   7:7>ResolveAssemblyReferences:
             The ImageRuntimeVersion for this reference is "".
       Done executing task "ResolveAssemblyReference".
   7:7>Done building target "ResolveAssemblyReferences" in project "Entegrasyon.DataAccess.csproj".
   7:7>Target "AfterResolveReferences" in file "/usr/lib64/dotnet/sdk/10.0.101/Microsoft.Common.CurrentVersion.targets" from project "/home/baturhan/Projeler/Entegrasyon/Application/Entegrasyon.DataAccess/Entegrasyon.DataAccess.csproj" (target "ResolveReferences" depends on it):
   7:7>Done building target "AfterResolveReferences" in project "Entegrasyon.DataAccess.csproj".
   5:7>Target "CoreGenerateAssemblyInfo" in file "/usr/lib64/dotnet/sdk/10.0.101/Sdks/Microsoft.NET.Sdk/targets/Microsoft.NET.GenerateAssemblyInfo.targets" from project "/home/baturhan/Projeler/Entegrasyon/Application/Entegrasyon.MessageQueue.Commands/Entegrasyon.MessageQueue.Commands.csproj" (target "GenerateAssemblyInfo" depends on it):
   5:7>Skipping target "CoreGenerateAssemblyInfo" because all output files are up-to-date with respect to the input files.
   7:7>Target "ResolveReferences" in file "/usr/lib64/dotnet/sdk/10.0.101/Microsoft.Common.CurrentVersion.targets" from project "/home/baturhan/Projeler/Entegrasyon/Application/Entegrasyon.DataAccess/Entegrasyon.DataAccess.csproj" (target "_BlockWinMDsOnUnsupportedTFMs" depends on it):
   7:7>Done building target "ResolveReferences" in project "Entegrasyon.DataAccess.csproj".
   7:7>Target "_BlockWinMDsOnUnsupportedTFMs" in file "/usr/lib64/dotnet/sdk/10.0.101/Sdks/Microsoft.NET.Sdk/targets/Microsoft.NET.Sdk.targets" from project "/home/baturhan/Projeler/Entegrasyon/Application/Entegrasyon.DataAccess/Entegrasyon.DataAccess.csproj" (target "CoreBuild" depends on it):
       Using "CheckForUnsupportedWinMDReferences" task from assembly "/usr/lib64/dotnet/sdk/10.0.101/Sdks/Microsoft.NET.Sdk/targets/../tools/net10.0/Microsoft.NET.Build.Tasks.dll".
   5:7>CoreGenerateAssemblyInfo:
       Input files: obj/Debug/net8.0/Entegrasyon.MessageQueue.Commands.AssemblyInfoInputs.cache
   7:7>Task "CheckForUnsupportedWinMDReferences"
       Done executing task "CheckForUnsupportedWinMDReferences".
   7:7>Done building target "_BlockWinMDsOnUnsupportedTFMs" in project "Entegrasyon.DataAccess.csproj".
   5:7>CoreGenerateAssemblyInfo:
       Output files: obj/Debug/net8.0/Entegrasyon.MessageQueue.Commands.AssemblyInfo.cs
   7:7>Target "ResolveReferences" skipped. Previously built successfully.
       Target "ResolvePackageDependenciesForBuild" skipped. Previously built successfully.
       Target "_HandlePackageFileConflicts" skipped. Previously built successfully.
   5:7>Done building target "CoreGenerateAssemblyInfo" in project "Entegrasyon.MessageQueue.Commands.csproj".
   7:7>Target "CopyAdditionalFiles" in file "/usr/lib64/dotnet/sdk/10.0.101/Roslyn/Microsoft.Managed.Core.targets" from project "/home/baturhan/Projeler/Entegrasyon/Application/Entegrasyon.DataAccess/Entegrasyon.DataAccess.csproj" (target "AssignTargetPaths" depends on it):
   7:7>Done building target "CopyAdditionalFiles" in project "Entegrasyon.DataAccess.csproj".
   7:7>Target "_ComputeNETCoreBuildOutputFiles" in file "/usr/lib64/dotnet/sdk/10.0.101/Sdks/Microsoft.NET.Sdk/targets/Microsoft.NET.Sdk.targets" from project "/home/baturhan/Projeler/Entegrasyon/Application/Entegrasyon.DataAccess/Entegrasyon.DataAccess.csproj" (target "AssignTargetPaths" depends on it):
   7:7>Done building target "_ComputeNETCoreBuildOutputFiles" in project "Entegrasyon.DataAccess.csproj".
   7:7>Target "AssignTargetPaths" in file "/usr/lib64/dotnet/sdk/10.0.101/Microsoft.Common.CurrentVersion.targets" from project "/home/baturhan/Projeler/Entegrasyon/Application/Entegrasyon.DataAccess/Entegrasyon.DataAccess.csproj" (target "PrepareResourceNames" depends on it):
       Using "AssignTargetPath" task from assembly "Microsoft.Build.Tasks.Core, Version=15.1.0.0, Culture=neutral, PublicKeyToken=b03f5f7f11d50a3a".
   5:7>Target "GenerateAssemblyInfo" in file "/usr/lib64/dotnet/sdk/10.0.101/Sdks/Microsoft.NET.Sdk/targets/Microsoft.NET.GenerateAssemblyInfo.targets" from project "/home/baturhan/Projeler/Entegrasyon/Application/Entegrasyon.MessageQueue.Commands/Entegrasyon.MessageQueue.Commands.csproj" (target "BeforeCompile" depends on it):
   5:7>Done building target "GenerateAssemblyInfo" in project "Entegrasyon.MessageQueue.Commands.csproj".
   7:7>Task "AssignTargetPath"
       Done executing task "AssignTargetPath".
       Task "AssignTargetPath"
       Done executing task "AssignTargetPath".
       Task "AssignTargetPath"
       Done executing task "AssignTargetPath".
   5:7>Target "BeforeCompile" in file "/usr/lib64/dotnet/sdk/10.0.101/Microsoft.Common.CurrentVersion.targets" from project "/home/baturhan/Projeler/Entegrasyon/Application/Entegrasyon.MessageQueue.Commands/Entegrasyon.MessageQueue.Commands.csproj" (target "Compile" depends on it):
   5:7>Done building target "BeforeCompile" in project "Entegrasyon.MessageQueue.Commands.csproj".
   7:7>Task "AssignTargetPath"
       Done executing task "AssignTargetPath".
   7:7>Done building target "AssignTargetPaths" in project "Entegrasyon.DataAccess.csproj".
   5:7>Target "ResolveAssemblyReferences" skipped. Previously built successfully.
   7:7>Target "AssignTargetPaths" skipped. Previously built successfully.
   7:7>Target "SplitResourcesByCulture" in file "/usr/lib64/dotnet/sdk/10.0.101/Microsoft.Common.CurrentVersion.targets" from project "/home/baturhan/Projeler/Entegrasyon/Application/Entegrasyon.DataAccess/Entegrasyon.DataAccess.csproj" (target "PrepareResourceNames" depends on it):
       Using "AssignCulture" task from assembly "Microsoft.Build.Tasks.Core, Version=15.1.0.0, Culture=neutral, PublicKeyToken=b03f5f7f11d50a3a".
       Task "AssignCulture"
   5:7>Target "_GenerateCompileInputs" skipped. Previously built successfully.
   7:7>Done executing task "AssignCulture".
   7:7>Done building target "SplitResourcesByCulture" in project "Entegrasyon.DataAccess.csproj".
   7:7>Target "CreateCustomManifestResourceNames" in file "/usr/lib64/dotnet/sdk/10.0.101/Microsoft.Common.CurrentVersion.targets" from project "/home/baturhan/Projeler/Entegrasyon/Application/Entegrasyon.DataAccess/Entegrasyon.DataAccess.csproj" (target "PrepareResourceNames" depends on it):
   7:7>Done building target "CreateCustomManifestResourceNames" in project "Entegrasyon.DataAccess.csproj".
   7:7>Target "PrepareResourceNames" in file "/usr/lib64/dotnet/sdk/10.0.101/Microsoft.Common.CurrentVersion.targets" from project "/home/baturhan/Projeler/Entegrasyon/Application/Entegrasyon.DataAccess/Entegrasyon.DataAccess.csproj" (target "PrepareResources" depends on it):
   7:7>Done building target "PrepareResourceNames" in project "Entegrasyon.DataAccess.csproj".
   5:7>Target "_GenerateCompileDependencyCache" in file "/usr/lib64/dotnet/sdk/10.0.101/Microsoft.Common.CurrentVersion.targets" from project "/home/baturhan/Projeler/Entegrasyon/Application/Entegrasyon.MessageQueue.Commands/Entegrasyon.MessageQueue.Commands.csproj" (target "Compile" depends on it):
   5:7>Task "Hash"
   7:7>Target "ResolveAssemblyReferences" skipped. Previously built successfully.
       Target "SplitResourcesByCulture" skipped. Previously built successfully.
   7:7>Target "BeforeResGen" in file "/usr/lib64/dotnet/sdk/10.0.101/Microsoft.Common.CurrentVersion.targets" from project "/home/baturhan/Projeler/Entegrasyon/Application/Entegrasyon.DataAccess/Entegrasyon.DataAccess.csproj" (target "ResGen" depends on it):
   7:7>Done building target "BeforeResGen" in project "Entegrasyon.DataAccess.csproj".
       Target "ResolveReferences" skipped. Previously built successfully.
   7:7>Target "FindReferenceAssembliesForReferences" in file "/usr/lib64/dotnet/sdk/10.0.101/Microsoft.Common.CurrentVersion.targets" from project "/home/baturhan/Projeler/Entegrasyon/Application/Entegrasyon.DataAccess/Entegrasyon.DataAccess.csproj" (target "CoreResGen" depends on it):
   7:7>Done building target "FindReferenceAssembliesForReferences" in project "Entegrasyon.DataAccess.csproj".
   7:7>Target "CoreResGen" in file "/usr/lib64/dotnet/sdk/10.0.101/Microsoft.Common.CurrentVersion.targets" from project "/home/baturhan/Projeler/Entegrasyon/Application/Entegrasyon.DataAccess/Entegrasyon.DataAccess.csproj" (target "ResGen" depends on it):
   7:7>Done building target "CoreResGen" in project "Entegrasyon.DataAccess.csproj".
   7:7>Target "AfterResGen" in file "/usr/lib64/dotnet/sdk/10.0.101/Microsoft.Common.CurrentVersion.targets" from project "/home/baturhan/Projeler/Entegrasyon/Application/Entegrasyon.DataAccess/Entegrasyon.DataAccess.csproj" (target "ResGen" depends on it):
   7:7>Done building target "AfterResGen" in project "Entegrasyon.DataAccess.csproj".
   7:7>Target "ResGen" in file "/usr/lib64/dotnet/sdk/10.0.101/Microsoft.Common.CurrentVersion.targets" from project "/home/baturhan/Projeler/Entegrasyon/Application/Entegrasyon.DataAccess/Entegrasyon.DataAccess.csproj" (target "PrepareResources" depends on it):
   7:7>Done building target "ResGen" in project "Entegrasyon.DataAccess.csproj".
   7:7>Target "PrepareResources" in file "/usr/lib64/dotnet/sdk/10.0.101/Microsoft.Common.CurrentVersion.targets" from project "/home/baturhan/Projeler/Entegrasyon/Application/Entegrasyon.DataAccess/Entegrasyon.DataAccess.csproj" (target "CoreBuild" depends on it):
   7:7>Done building target "PrepareResources" in project "Entegrasyon.DataAccess.csproj".
       Target "ResolveReferences" skipped. Previously built successfully.
   7:7>Target "_SetEmbeddedWin32ManifestProperties" in file "/usr/lib64/dotnet/sdk/10.0.101/Microsoft.Common.CurrentVersion.targets" from project "/home/baturhan/Projeler/Entegrasyon/Application/Entegrasyon.DataAccess/Entegrasyon.DataAccess.csproj" (target "SetWin32ManifestProperties" depends on it):
       Using "GetFrameworkPath" task from assembly "Microsoft.Build.Tasks.Core, Version=15.1.0.0, Culture=neutral, PublicKeyToken=b03f5f7f11d50a3a".
       Task "GetFrameworkPath"
       Done executing task "GetFrameworkPath".
   7:7>Done building target "_SetEmbeddedWin32ManifestProperties" in project "Entegrasyon.DataAccess.csproj".
   7:7>Target "SetWin32ManifestProperties" in file "/usr/lib64/dotnet/sdk/10.0.101/Microsoft.Common.CurrentVersion.targets" from project "/home/baturhan/Projeler/Entegrasyon/Application/Entegrasyon.DataAccess/Entegrasyon.DataAccess.csproj" (target "Compile" depends on it):
   7:7>Done building target "SetWin32ManifestProperties" in project "Entegrasyon.DataAccess.csproj".
       Target "FindReferenceAssembliesForReferences" skipped. Previously built successfully.
   7:7>Target "_GenerateCompileInputs" in file "/usr/lib64/dotnet/sdk/10.0.101/Microsoft.Common.CurrentVersion.targets" from project "/home/baturhan/Projeler/Entegrasyon/Application/Entegrasyon.DataAccess/Entegrasyon.DataAccess.csproj" (target "Compile" depends on it):
   7:7>Done building target "_GenerateCompileInputs" in project "Entegrasyon.DataAccess.csproj".
       Target "PrepareForBuild" skipped. Previously built successfully.
   7:7>Target "GenerateMSBuildEditorConfigFileShouldRun" in file "/usr/lib64/dotnet/sdk/10.0.101/Roslyn/Microsoft.Managed.Core.targets" from project "/home/baturhan/Projeler/Entegrasyon/Application/Entegrasyon.DataAccess/Entegrasyon.DataAccess.csproj" (target "GenerateMSBuildEditorConfigFile" depends on it):
   7:7>Done building target "GenerateMSBuildEditorConfigFileShouldRun" in project "Entegrasyon.DataAccess.csproj".
   7:7>Target "AddGlobalAnalyzerConfigForPackage_MicrosoftCodeAnalysisCSharpCodeStyle" in file "/usr/lib64/dotnet/sdk/10.0.101/Sdks/Microsoft.NET.Sdk/codestyle/cs/build/Microsoft.CodeAnalysis.CSharp.CodeStyle.targets" from project "/home/baturhan/Projeler/Entegrasyon/Application/Entegrasyon.DataAccess/Entegrasyon.DataAccess.csproj" (target "GenerateMSBuildEditorConfigFileCore" depends on it):
   7:7>Done building target "AddGlobalAnalyzerConfigForPackage_MicrosoftCodeAnalysisCSharpCodeStyle" in project "Entegrasyon.DataAccess.csproj".
   7:7>Target "GenerateMSBuildEditorConfigFileCore" in file "/usr/lib64/dotnet/sdk/10.0.101/Roslyn/Microsoft.Managed.Core.targets" from project "/home/baturhan/Projeler/Entegrasyon/Application/Entegrasyon.DataAccess/Entegrasyon.DataAccess.csproj" (target "GenerateMSBuildEditorConfigFile" depends on it):
       Building target "GenerateMSBuildEditorConfigFileCore" completely.
       No input files were specified.
       Using "GenerateMSBuildEditorConfig" task from assembly "/usr/lib64/dotnet/sdk/10.0.101/Sdks/Microsoft.NET.Sdk/targets/../../../Roslyn/Microsoft.Build.Tasks.CodeAnalysis.dll".
       Task "GenerateMSBuildEditorConfig"
   5:7>Done executing task "Hash".
   7:7>Done executing task "GenerateMSBuildEditorConfig".
   7:7>Done building target "GenerateMSBuildEditorConfigFileCore" in project "Entegrasyon.DataAccess.csproj".
   7:7>Target "GenerateMSBuildEditorConfigFile" in file "/usr/lib64/dotnet/sdk/10.0.101/Roslyn/Microsoft.Managed.Core.targets" from project "/home/baturhan/Projeler/Entegrasyon/Application/Entegrasyon.DataAccess/Entegrasyon.DataAccess.csproj" (target "BeforeCompile" depends on it):
   7:7>Done building target "GenerateMSBuildEditorConfigFile" in project "Entegrasyon.DataAccess.csproj".
       Target "PrepareForBuild" skipped. Previously built successfully.
   5:7>Task "WriteLinesToFile"
   7:7>Target "GetReferenceAssemblyPaths" skipped. Previously built successfully.
   7:7>Target "_SetTargetFrameworkMonikerAttribute" in file "/usr/lib64/dotnet/sdk/10.0.101/Microsoft.CSharp.CurrentVersion.targets" from project "/home/baturhan/Projeler/Entegrasyon/Application/Entegrasyon.DataAccess/Entegrasyon.DataAccess.csproj" (target "GenerateTargetFrameworkMonikerAttribute" depends on it):
   7:7>Done building target "_SetTargetFrameworkMonikerAttribute" in project "Entegrasyon.DataAccess.csproj".
   5:7>_GenerateCompileDependencyCache:
         Skipping write to file "obj/Debug/net8.0/Entegrasyon.MessageQueue.Commands.csproj.CoreCompileInputs.cache" because content would not change.
   7:7>Target "GenerateTargetFrameworkMonikerAttribute" in file "/usr/lib64/dotnet/sdk/10.0.101/Microsoft.Common.CurrentVersion.targets" from project "/home/baturhan/Projeler/Entegrasyon/Application/Entegrasyon.DataAccess/Entegrasyon.DataAccess.csproj" (target "BeforeCompile" depends on it):
   7:7>Skipping target "GenerateTargetFrameworkMonikerAttribute" because all output files are up-to-date with respect to the input files.
       Input files: /usr/lib64/dotnet/sdk/10.0.101/Microsoft.Common.targets
       Output files: obj/Debug/net8.0/.NETCoreApp,Version=v8.0.AssemblyAttributes.cs
   5:7>Done executing task "WriteLinesToFile".
   7:7>Done building target "GenerateTargetFrameworkMonikerAttribute" in project "Entegrasyon.DataAccess.csproj".
       Target "PrepareForBuild" skipped. Previously built successfully.
   7:7>Target "GetAssemblyVersion" in file "/usr/lib64/dotnet/sdk/10.0.101/Sdks/Microsoft.NET.Sdk/targets/Microsoft.NET.GenerateAssemblyInfo.targets" from project "/home/baturhan/Projeler/Entegrasyon/Application/Entegrasyon.DataAccess/Entegrasyon.DataAccess.csproj" (target "GetAssemblyAttributes" depends on it):
       Using "GetAssemblyVersion" task from assembly "/usr/lib64/dotnet/sdk/10.0.101/Sdks/Microsoft.NET.Sdk/targets/../tools/net10.0/Microsoft.NET.Build.Tasks.dll".
   5:7>Done building target "_GenerateCompileDependencyCache" in project "Entegrasyon.MessageQueue.Commands.csproj".
   7:7>Task "GetAssemblyVersion"
       Done executing task "GetAssemblyVersion".
   7:7>Done building target "GetAssemblyVersion" in project "Entegrasyon.DataAccess.csproj".
   7:7>Target "InitializeSourceControlInformationFromSourceControlManager" in file "/usr/lib64/dotnet/sdk/10.0.101/Sdks/Microsoft.Build.Tasks.Git/build/Microsoft.Build.Tasks.Git.targets" from project "/home/baturhan/Projeler/Entegrasyon/Application/Entegrasyon.DataAccess/Entegrasyon.DataAccess.csproj" (target "_InitializeSourceControlInformationFromSourceControlManager" depends on it):
       Using "Microsoft.Build.Tasks.Git.LocateRepository" task from assembly "/usr/lib64/dotnet/sdk/10.0.101/Sdks/Microsoft.Build.Tasks.Git/build/../tools/net/Microsoft.Build.Tasks.Git.dll".
       Task "Microsoft.Build.Tasks.Git.LocateRepository"
         SourceLink: Repository instance not found in cache: '*:/home/baturhan/Projeler/Entegrasyon/.git'
       Done executing task "Microsoft.Build.Tasks.Git.LocateRepository".
   7:7>Done building target "InitializeSourceControlInformationFromSourceControlManager" in project "Entegrasyon.DataAccess.csproj".
   5:7>Target "_BeforeVBCSCoreCompile" in file "/usr/lib64/dotnet/sdk/10.0.101/Roslyn/Microsoft.Managed.Core.targets" from project "/home/baturhan/Projeler/Entegrasyon/Application/Entegrasyon.MessageQueue.Commands/Entegrasyon.MessageQueue.Commands.csproj" (target "CoreCompile" depends on it):
   5:7>Done building target "_BeforeVBCSCoreCompile" in project "Entegrasyon.MessageQueue.Commands.csproj".
   7:7>Target "_SourceLinkHasSingleProvider" in file "/usr/lib64/dotnet/sdk/10.0.101/Sdks/Microsoft.SourceLink.Common/build/InitializeSourceControlInformation.targets" from project "/home/baturhan/Projeler/Entegrasyon/Application/Entegrasyon.DataAccess/Entegrasyon.DataAccess.csproj" (target "_InitializeSourceControlInformationFromSourceControlManager" depends on it):
   7:7>Using "Microsoft.SourceLink.Common.SourceLinkHasSingleProvider" task from assembly "/usr/lib64/dotnet/sdk/10.0.101/Sdks/Microsoft.SourceLink.Common/build/../tools/net/Microsoft.SourceLink.Common.dll".
       Task "Microsoft.SourceLink.Common.SourceLinkHasSingleProvider"
       Done executing task "Microsoft.SourceLink.Common.SourceLinkHasSingleProvider".
   7:7>Done building target "_SourceLinkHasSingleProvider" in project "Entegrasyon.DataAccess.csproj".
   7:7>Target "TranslateGitHubUrlsInSourceControlInformation" in file "/usr/lib64/dotnet/sdk/10.0.101/Sdks/Microsoft.SourceLink.GitHub/build/Microsoft.SourceLink.GitHub.targets" from project "/home/baturhan/Projeler/Entegrasyon/Application/Entegrasyon.DataAccess/Entegrasyon.DataAccess.csproj" (target "_InitializeSourceControlInformationFromSourceControlManager" depends on it):
       Using "Microsoft.SourceLink.GitHub.TranslateRepositoryUrls" task from assembly "/usr/lib64/dotnet/sdk/10.0.101/Sdks/Microsoft.SourceLink.GitHub/build/../tools/net/Microsoft.SourceLink.GitHub.dll".
       Task "Microsoft.SourceLink.GitHub.TranslateRepositoryUrls"
   5:7>Target "_ComputeSkipAnalyzers" in file "/usr/lib64/dotnet/sdk/10.0.101/Roslyn/Microsoft.Managed.Core.targets" from project "/home/baturhan/Projeler/Entegrasyon/Application/Entegrasyon.MessageQueue.Commands/Entegrasyon.MessageQueue.Commands.csproj" (target "CoreCompile" depends on it):
   5:7>Done building target "_ComputeSkipAnalyzers" in project "Entegrasyon.MessageQueue.Commands.csproj".
   7:7>Done executing task "Microsoft.SourceLink.GitHub.TranslateRepositoryUrls".
   7:7>Done building target "TranslateGitHubUrlsInSourceControlInformation" in project "Entegrasyon.DataAccess.csproj".
   5:7>Target "BeforeCompile" skipped. Previously built successfully.
   7:7>Target "TranslateGitLabUrlsInSourceControlInformation" in file "/usr/lib64/dotnet/sdk/10.0.101/Sdks/Microsoft.SourceLink.GitLab/build/Microsoft.SourceLink.GitLab.targets" from project "/home/baturhan/Projeler/Entegrasyon/Application/Entegrasyon.DataAccess/Entegrasyon.DataAccess.csproj" (target "_InitializeSourceControlInformationFromSourceControlManager" depends on it):
   7:7>Using "Microsoft.SourceLink.GitLab.TranslateRepositoryUrls" task from assembly "/usr/lib64/dotnet/sdk/10.0.101/Sdks/Microsoft.SourceLink.GitLab/build/../tools/net/Microsoft.SourceLink.GitLab.dll".
       Task "Microsoft.SourceLink.GitLab.TranslateRepositoryUrls"
       Done executing task "Microsoft.SourceLink.GitLab.TranslateRepositoryUrls".
   7:7>Done building target "TranslateGitLabUrlsInSourceControlInformation" in project "Entegrasyon.DataAccess.csproj".
   5:7>Target "InitializeSourceControlInformationFromSourceControlManager" skipped. Previously built successfully.
   7:7>Target "TranslateAzureReposGitUrlsInSourceControlInformation" in file "/usr/lib64/dotnet/sdk/10.0.101/Sdks/Microsoft.SourceLink.AzureRepos.Git/build/Microsoft.SourceLink.AzureRepos.Git.targets" from project "/home/baturhan/Projeler/Entegrasyon/Application/Entegrasyon.DataAccess/Entegrasyon.DataAccess.csproj" (target "_InitializeSourceControlInformationFromSourceControlManager" depends on it):
   7:7>Using "Microsoft.SourceLink.AzureRepos.Git.TranslateRepositoryUrls" task from assembly "/usr/lib64/dotnet/sdk/10.0.101/Sdks/Microsoft.SourceLink.AzureRepos.Git/build/../tools/net/Microsoft.SourceLink.AzureRepos.Git.dll".
       Task "Microsoft.SourceLink.AzureRepos.Git.TranslateRepositoryUrls"
       Done executing task "Microsoft.SourceLink.AzureRepos.Git.TranslateRepositoryUrls".
   7:7>Done building target "TranslateAzureReposGitUrlsInSourceControlInformation" in project "Entegrasyon.DataAccess.csproj".
   7:7>Target "TranslateBitbucketGitUrlsInSourceControlInformation" in file "/usr/lib64/dotnet/sdk/10.0.101/Sdks/Microsoft.SourceLink.Bitbucket.Git/build/Microsoft.SourceLink.Bitbucket.Git.targets" from project "/home/baturhan/Projeler/Entegrasyon/Application/Entegrasyon.DataAccess/Entegrasyon.DataAccess.csproj" (target "_InitializeSourceControlInformationFromSourceControlManager" depends on it):
       Using "Microsoft.SourceLink.Bitbucket.Git.TranslateRepositoryUrls" task from assembly "/usr/lib64/dotnet/sdk/10.0.101/Sdks/Microsoft.SourceLink.Bitbucket.Git/build/../tools/net/Microsoft.SourceLink.Bitbucket.Git.dll".
   5:7>Target "SetEmbeddedFilesFromSourceControlManagerUntrackedFiles" in file "/usr/lib64/dotnet/sdk/10.0.101/Sdks/Microsoft.Build.Tasks.Git/build/Microsoft.Build.Tasks.Git.targets" from project "/home/baturhan/Projeler/Entegrasyon/Application/Entegrasyon.MessageQueue.Commands/Entegrasyon.MessageQueue.Commands.csproj" (target "_SetEmbeddedFilesFromSourceControlManagerUntrackedFiles" depends on it):
   5:7>Using "Microsoft.Build.Tasks.Git.GetUntrackedFiles" task from assembly "/usr/lib64/dotnet/sdk/10.0.101/Sdks/Microsoft.Build.Tasks.Git/build/../tools/net/Microsoft.Build.Tasks.Git.dll".
   7:7>Task "Microsoft.SourceLink.Bitbucket.Git.TranslateRepositoryUrls"
       Done executing task "Microsoft.SourceLink.Bitbucket.Git.TranslateRepositoryUrls".
   7:7>Done building target "TranslateBitbucketGitUrlsInSourceControlInformation" in project "Entegrasyon.DataAccess.csproj".
   5:7>Task "Microsoft.Build.Tasks.Git.GetUntrackedFiles"
   7:7>Target "SourceControlManagerPublishTranslatedUrls" in file "/usr/lib64/dotnet/sdk/10.0.101/Sdks/Microsoft.SourceLink.Common/build/InitializeSourceControlInformation.targets" from project "/home/baturhan/Projeler/Entegrasyon/Application/Entegrasyon.DataAccess/Entegrasyon.DataAccess.csproj" (target "_InitializeSourceControlInformationFromSourceControlManager" depends on it):
   7:7>Done building target "SourceControlManagerPublishTranslatedUrls" in project "Entegrasyon.DataAccess.csproj".
   7:7>Target "_InitializeSourceControlInformationFromSourceControlManager" in file "/usr/lib64/dotnet/sdk/10.0.101/Sdks/Microsoft.SourceLink.Common/build/InitializeSourceControlInformation.targets" from project "/home/baturhan/Projeler/Entegrasyon/Application/Entegrasyon.DataAccess/Entegrasyon.DataAccess.csproj" (target "InitializeSourceControlInformation" depends on it):
   7:7>Done building target "_InitializeSourceControlInformationFromSourceControlManager" in project "Entegrasyon.DataAccess.csproj".
   5:7>SetEmbeddedFilesFromSourceControlManagerUntrackedFiles:
         SourceLink: Reusing cached git repository information.
   7:7>Target "InitializeSourceControlInformation" in file "/usr/lib64/dotnet/sdk/10.0.101/Microsoft.Common.CurrentVersion.targets" from project "/home/baturhan/Projeler/Entegrasyon/Application/Entegrasyon.DataAccess/Entegrasyon.DataAccess.csproj" (target "GetAssemblyAttributes" depends on it):
   7:7>Done building target "InitializeSourceControlInformation" in project "Entegrasyon.DataAccess.csproj".
       Target "GetAssemblyVersion" skipped. Previously built successfully.
       Target "InitializeSourceControlInformation" skipped. Previously built successfully.
   7:7>Target "AddSourceRevisionToInformationalVersion" in file "/usr/lib64/dotnet/sdk/10.0.101/Sdks/Microsoft.NET.Sdk/targets/Microsoft.NET.GenerateAssemblyInfo.targets" from project "/home/baturhan/Projeler/Entegrasyon/Application/Entegrasyon.DataAccess/Entegrasyon.DataAccess.csproj" (target "GetAssemblyAttributes" depends on it):
       /usr/lib64/dotnet/sdk/10.0.101/Sdks/Microsoft.NET.Sdk/targets/Microsoft.NET.GenerateAssemblyInfo.targets(70,7): message : Property reassignment: $(InformationalVersion)="1.0.0+b6490b011968657f75d632b3c51367b541aec72d" (previous value: "1.0.0") at /usr/lib64/dotnet/sdk/10.0.101/Sdks/Microsoft.NET.Sdk/targets/Microsoft.NET.GenerateAssemblyInfo.targets (70,7) [/home/baturhan/Projeler/Entegrasyon/Application/Entegrasyon.DataAccess/Entegrasyon.DataAccess.csproj]
   7:7>Done building target "AddSourceRevisionToInformationalVersion" in project "Entegrasyon.DataAccess.csproj".
   7:7>Target "GetAssemblyAttributes" in file "/usr/lib64/dotnet/sdk/10.0.101/Sdks/Microsoft.NET.Sdk/targets/Microsoft.NET.GenerateAssemblyInfo.targets" from project "/home/baturhan/Projeler/Entegrasyon/Application/Entegrasyon.DataAccess/Entegrasyon.DataAccess.csproj" (target "CreateGeneratedAssemblyInfoInputsCacheFile" depends on it):
   7:7>Done building target "GetAssemblyAttributes" in project "Entegrasyon.DataAccess.csproj".
   7:7>Target "CreateGeneratedAssemblyInfoInputsCacheFile" in file "/usr/lib64/dotnet/sdk/10.0.101/Sdks/Microsoft.NET.Sdk/targets/Microsoft.NET.GenerateAssemblyInfo.targets" from project "/home/baturhan/Projeler/Entegrasyon/Application/Entegrasyon.DataAccess/Entegrasyon.DataAccess.csproj" (target "CoreGenerateAssemblyInfo" depends on it):
       Using "Hash" task from assembly "Microsoft.Build.Tasks.Core, Version=15.1.0.0, Culture=neutral, PublicKeyToken=b03f5f7f11d50a3a".
       Task "Hash"
       Done executing task "Hash".
       Task "WriteLinesToFile"
         Skipping write to file "obj/Debug/net8.0/Entegrasyon.DataAccess.AssemblyInfoInputs.cache" because content would not change.
       Done executing task "WriteLinesToFile".
   7:7>Done building target "CreateGeneratedAssemblyInfoInputsCacheFile" in project "Entegrasyon.DataAccess.csproj".
   7:7>Target "CoreGenerateAssemblyInfo" in file "/usr/lib64/dotnet/sdk/10.0.101/Sdks/Microsoft.NET.Sdk/targets/Microsoft.NET.GenerateAssemblyInfo.targets" from project "/home/baturhan/Projeler/Entegrasyon/Application/Entegrasyon.DataAccess/Entegrasyon.DataAccess.csproj" (target "GenerateAssemblyInfo" depends on it):
       Skipping target "CoreGenerateAssemblyInfo" because all output files are up-to-date with respect to the input files.
       Input files: obj/Debug/net8.0/Entegrasyon.DataAccess.AssemblyInfoInputs.cache
       Output files: obj/Debug/net8.0/Entegrasyon.DataAccess.AssemblyInfo.cs
   7:7>Done building target "CoreGenerateAssemblyInfo" in project "Entegrasyon.DataAccess.csproj".
   7:7>Target "GenerateAssemblyInfo" in file "/usr/lib64/dotnet/sdk/10.0.101/Sdks/Microsoft.NET.Sdk/targets/Microsoft.NET.GenerateAssemblyInfo.targets" from project "/home/baturhan/Projeler/Entegrasyon/Application/Entegrasyon.DataAccess/Entegrasyon.DataAccess.csproj" (target "BeforeCompile" depends on it):
   7:7>Done building target "GenerateAssemblyInfo" in project "Entegrasyon.DataAccess.csproj".
   7:7>Target "BeforeCompile" in file "/usr/lib64/dotnet/sdk/10.0.101/Microsoft.Common.CurrentVersion.targets" from project "/home/baturhan/Projeler/Entegrasyon/Application/Entegrasyon.DataAccess/Entegrasyon.DataAccess.csproj" (target "Compile" depends on it):
   7:7>Done building target "BeforeCompile" in project "Entegrasyon.DataAccess.csproj".
       Target "ResolveAssemblyReferences" skipped. Previously built successfully.
       Target "_GenerateCompileInputs" skipped. Previously built successfully.
   7:7>Target "_GenerateCompileDependencyCache" in file "/usr/lib64/dotnet/sdk/10.0.101/Microsoft.Common.CurrentVersion.targets" from project "/home/baturhan/Projeler/Entegrasyon/Application/Entegrasyon.DataAccess/Entegrasyon.DataAccess.csproj" (target "Compile" depends on it):
       Task "Hash"
       Done executing task "Hash".
       Task "WriteLinesToFile"
         Skipping write to file "obj/Debug/net8.0/Entegrasyon.DataAccess.csproj.CoreCompileInputs.cache" because content would not change.
       Done executing task "WriteLinesToFile".
   7:7>Done building target "_GenerateCompileDependencyCache" in project "Entegrasyon.DataAccess.csproj".
   7:7>Target "_BeforeVBCSCoreCompile" in file "/usr/lib64/dotnet/sdk/10.0.101/Roslyn/Microsoft.Managed.Core.targets" from project "/home/baturhan/Projeler/Entegrasyon/Application/Entegrasyon.DataAccess/Entegrasyon.DataAccess.csproj" (target "CoreCompile" depends on it):
   7:7>Done building target "_BeforeVBCSCoreCompile" in project "Entegrasyon.DataAccess.csproj".
   7:7>Target "_ComputeSkipAnalyzers" in file "/usr/lib64/dotnet/sdk/10.0.101/Roslyn/Microsoft.Managed.Core.targets" from project "/home/baturhan/Projeler/Entegrasyon/Application/Entegrasyon.DataAccess/Entegrasyon.DataAccess.csproj" (target "CoreCompile" depends on it):
   7:7>Done building target "_ComputeSkipAnalyzers" in project "Entegrasyon.DataAccess.csproj".
       Target "BeforeCompile" skipped. Previously built successfully.
       Target "InitializeSourceControlInformationFromSourceControlManager" skipped. Previously built successfully.
   7:7>Target "SetEmbeddedFilesFromSourceControlManagerUntrackedFiles" in file "/usr/lib64/dotnet/sdk/10.0.101/Sdks/Microsoft.Build.Tasks.Git/build/Microsoft.Build.Tasks.Git.targets" from project "/home/baturhan/Projeler/Entegrasyon/Application/Entegrasyon.DataAccess/Entegrasyon.DataAccess.csproj" (target "_SetEmbeddedFilesFromSourceControlManagerUntrackedFiles" depends on it):
       Using "Microsoft.Build.Tasks.Git.GetUntrackedFiles" task from assembly "/usr/lib64/dotnet/sdk/10.0.101/Sdks/Microsoft.Build.Tasks.Git/build/../tools/net/Microsoft.Build.Tasks.Git.dll".
       Task "Microsoft.Build.Tasks.Git.GetUntrackedFiles"
         SourceLink: Reusing cached git repository information.
       Done executing task "Microsoft.Build.Tasks.Git.GetUntrackedFiles".
   7:7>Done building target "SetEmbeddedFilesFromSourceControlManagerUntrackedFiles" in project "Entegrasyon.DataAccess.csproj".
   7:7>Target "_SetEmbeddedFilesFromSourceControlManagerUntrackedFiles" in file "/usr/lib64/dotnet/sdk/10.0.101/Sdks/Microsoft.SourceLink.Common/build/Microsoft.SourceLink.Common.targets" from project "/home/baturhan/Projeler/Entegrasyon/Application/Entegrasyon.DataAccess/Entegrasyon.DataAccess.csproj" (target "CoreCompile" depends on it):
   7:7>Done building target "_SetEmbeddedFilesFromSourceControlManagerUntrackedFiles" in project "Entegrasyon.DataAccess.csproj".
       Target "InitializeSourceControlInformation" skipped. Previously built successfully.
   7:7>Target "_SetSourceLinkFilePath" in file "/usr/lib64/dotnet/sdk/10.0.101/Sdks/Microsoft.SourceLink.Common/build/Microsoft.SourceLink.Common.targets" from project "/home/baturhan/Projeler/Entegrasyon/Application/Entegrasyon.DataAccess/Entegrasyon.DataAccess.csproj" (target "_GenerateSourceLinkFile" depends on it):
   7:7>Done building target "_SetSourceLinkFilePath" in project "Entegrasyon.DataAccess.csproj".
       Target "InitializeSourceControlInformation" skipped. Previously built successfully.
   7:7>Target "_InitializeSourceRootMappedPathsFromSourceControl" in file "/usr/lib64/dotnet/sdk/10.0.101/Roslyn/Microsoft.Managed.Core.targets" from project "/home/baturhan/Projeler/Entegrasyon/Application/Entegrasyon.DataAccess/Entegrasyon.DataAccess.csproj" (target "InitializeSourceRootMappedPaths" depends on it):
   7:7>Done building target "_InitializeSourceRootMappedPathsFromSourceControl" in project "Entegrasyon.DataAccess.csproj".
   7:7>Target "InitializeSourceRootMappedPaths" in file "/usr/lib64/dotnet/sdk/10.0.101/Roslyn/Microsoft.Managed.Core.targets" from project "/home/baturhan/Projeler/Entegrasyon/Application/Entegrasyon.DataAccess/Entegrasyon.DataAccess.csproj" (target "_InitializeSourceRootMappedPathsOpt" depends on it):
       Using "Microsoft.CodeAnalysis.BuildTasks.MapSourceRoots" task from assembly "/usr/lib64/dotnet/sdk/10.0.101/Sdks/Microsoft.NET.Sdk/targets/../../../Roslyn/Microsoft.Build.Tasks.CodeAnalysis.dll".
       Task "Microsoft.CodeAnalysis.BuildTasks.MapSourceRoots"
       Done executing task "Microsoft.CodeAnalysis.BuildTasks.MapSourceRoots".
   7:7>Done building target "InitializeSourceRootMappedPaths" in project "Entegrasyon.DataAccess.csproj".
   7:7>Target "_InitializeSourceRootMappedPathsOpt" in file "/usr/lib64/dotnet/sdk/10.0.101/Sdks/Microsoft.SourceLink.Common/build/Microsoft.SourceLink.Common.targets" from project "/home/baturhan/Projeler/Entegrasyon/Application/Entegrasyon.DataAccess/Entegrasyon.DataAccess.csproj" (target "_GenerateSourceLinkFile" depends on it):
   7:7>Done building target "_InitializeSourceRootMappedPathsOpt" in project "Entegrasyon.DataAccess.csproj".
   7:7>Target "_InitializeGitHubSourceLinkUrl" in file "/usr/lib64/dotnet/sdk/10.0.101/Sdks/Microsoft.SourceLink.GitHub/build/Microsoft.SourceLink.GitHub.targets" from project "/home/baturhan/Projeler/Entegrasyon/Application/Entegrasyon.DataAccess/Entegrasyon.DataAccess.csproj" (target "_GenerateSourceLinkFile" depends on it):
       Building target "_InitializeGitHubSourceLinkUrl" completely.
       No input files were specified.
       Using "Microsoft.SourceLink.GitHub.GetSourceLinkUrl" task from assembly "/usr/lib64/dotnet/sdk/10.0.101/Sdks/Microsoft.SourceLink.GitHub/build/../tools/net/Microsoft.SourceLink.GitHub.dll".
       Task "Microsoft.SourceLink.GitHub.GetSourceLinkUrl"
       Done executing task "Microsoft.SourceLink.GitHub.GetSourceLinkUrl".
   7:7>Done building target "_InitializeGitHubSourceLinkUrl" in project "Entegrasyon.DataAccess.csproj".
   7:7>Target "_InitializeGitHubSourceLinkUrl" in file "/usr/lib64/dotnet/sdk/10.0.101/Sdks/Microsoft.SourceLink.GitHub/build/Microsoft.SourceLink.GitHub.targets" from project "/home/baturhan/Projeler/Entegrasyon/Application/Entegrasyon.DataAccess/Entegrasyon.DataAccess.csproj" (target "_GenerateSourceLinkFile" depends on it):
       Building target "_InitializeGitHubSourceLinkUrl" completely.
       No input files were specified.
   5:7>Done executing task "Microsoft.Build.Tasks.Git.GetUntrackedFiles".
   7:7>Task "Microsoft.SourceLink.GitHub.GetSourceLinkUrl"
       Done executing task "Microsoft.SourceLink.GitHub.GetSourceLinkUrl".
   5:7>Done building target "SetEmbeddedFilesFromSourceControlManagerUntrackedFiles" in project "Entegrasyon.MessageQueue.Commands.csproj".
   7:7>Done building target "_InitializeGitHubSourceLinkUrl" in project "Entegrasyon.DataAccess.csproj".
   7:7>Target "_InitializeGitLabSourceLinkUrl" in file "/usr/lib64/dotnet/sdk/10.0.101/Sdks/Microsoft.SourceLink.GitLab/build/Microsoft.SourceLink.GitLab.targets" from project "/home/baturhan/Projeler/Entegrasyon/Application/Entegrasyon.DataAccess/Entegrasyon.DataAccess.csproj" (target "_GenerateSourceLinkFile" depends on it):
       Building target "_InitializeGitLabSourceLinkUrl" completely.
       No input files were specified.
   5:7>Target "_SetEmbeddedFilesFromSourceControlManagerUntrackedFiles" in file "/usr/lib64/dotnet/sdk/10.0.101/Sdks/Microsoft.SourceLink.Common/build/Microsoft.SourceLink.Common.targets" from project "/home/baturhan/Projeler/Entegrasyon/Application/Entegrasyon.MessageQueue.Commands/Entegrasyon.MessageQueue.Commands.csproj" (target "CoreCompile" depends on it):
   5:7>Done building target "_SetEmbeddedFilesFromSourceControlManagerUntrackedFiles" in project "Entegrasyon.MessageQueue.Commands.csproj".
   7:7>_InitializeGitLabSourceLinkUrl:
       Using "Microsoft.SourceLink.GitLab.GetSourceLinkUrl" task from assembly "/usr/lib64/dotnet/sdk/10.0.101/Sdks/Microsoft.SourceLink.GitLab/build/../tools/net/Microsoft.SourceLink.GitLab.dll".
   5:7>Target "InitializeSourceControlInformation" skipped. Previously built successfully.
   7:7>Task "Microsoft.SourceLink.GitLab.GetSourceLinkUrl"
       /usr/lib64/dotnet/sdk/10.0.101/Sdks/Microsoft.SourceLink.GitLab/build/Microsoft.SourceLink.GitLab.targets(37,7): message : Property reassignment: $(_SourceLinkUrlToUpdate)="N/A" (previous value: "https://raw.githubusercontent.com/BaturhanKahraman/Entegrasyon/b6490b011968657f75d632b3c51367b541aec72d/*") at /usr/lib64/dotnet/sdk/10.0.101/Sdks/Microsoft.SourceLink.GitLab/build/Microsoft.SourceLink.GitLab.targets (37,7) [/home/baturhan/Projeler/Entegrasyon/Application/Entegrasyon.DataAccess/Entegrasyon.DataAccess.csproj]
   5:7>Target "_SetSourceLinkFilePath" in file "/usr/lib64/dotnet/sdk/10.0.101/Sdks/Microsoft.SourceLink.Common/build/Microsoft.SourceLink.Common.targets" from project "/home/baturhan/Projeler/Entegrasyon/Application/Entegrasyon.MessageQueue.Commands/Entegrasyon.MessageQueue.Commands.csproj" (target "_GenerateSourceLinkFile" depends on it):
   5:7>Done building target "_SetSourceLinkFilePath" in project "Entegrasyon.MessageQueue.Commands.csproj".
   7:7>Done executing task "Microsoft.SourceLink.GitLab.GetSourceLinkUrl".
   5:7>Target "InitializeSourceControlInformation" skipped. Previously built successfully.
   7:7>Done building target "_InitializeGitLabSourceLinkUrl" in project "Entegrasyon.DataAccess.csproj".
   5:7>Target "_InitializeSourceRootMappedPathsFromSourceControl" in file "/usr/lib64/dotnet/sdk/10.0.101/Roslyn/Microsoft.Managed.Core.targets" from project "/home/baturhan/Projeler/Entegrasyon/Application/Entegrasyon.MessageQueue.Commands/Entegrasyon.MessageQueue.Commands.csproj" (target "InitializeSourceRootMappedPaths" depends on it):
   5:7>Done building target "_InitializeSourceRootMappedPathsFromSourceControl" in project "Entegrasyon.MessageQueue.Commands.csproj".
   7:7>Target "_InitializeGitLabSourceLinkUrl" in file "/usr/lib64/dotnet/sdk/10.0.101/Sdks/Microsoft.SourceLink.GitLab/build/Microsoft.SourceLink.GitLab.targets" from project "/home/baturhan/Projeler/Entegrasyon/Application/Entegrasyon.DataAccess/Entegrasyon.DataAccess.csproj" (target "_GenerateSourceLinkFile" depends on it):
   7:7>Building target "_InitializeGitLabSourceLinkUrl" completely.
       No input files were specified.
       Task "Microsoft.SourceLink.GitLab.GetSourceLinkUrl"
   5:7>Target "InitializeSourceRootMappedPaths" in file "/usr/lib64/dotnet/sdk/10.0.101/Roslyn/Microsoft.Managed.Core.targets" from project "/home/baturhan/Projeler/Entegrasyon/Application/Entegrasyon.MessageQueue.Commands/Entegrasyon.MessageQueue.Commands.csproj" (target "_InitializeSourceRootMappedPathsOpt" depends on it):
   5:7>Using "Microsoft.CodeAnalysis.BuildTasks.MapSourceRoots" task from assembly "/usr/lib64/dotnet/sdk/10.0.101/Sdks/Microsoft.NET.Sdk/targets/../../../Roslyn/Microsoft.Build.Tasks.CodeAnalysis.dll".
   7:7>_InitializeGitLabSourceLinkUrl:
       /usr/lib64/dotnet/sdk/10.0.101/Sdks/Microsoft.SourceLink.GitLab/build/Microsoft.SourceLink.GitLab.targets(37,7): message : Property reassignment: $(_SourceLinkUrlToUpdate)="N/A" (previous value: "https://raw.githubusercontent.com/BaturhanKahraman/Entegrasyon/b6490b011968657f75d632b3c51367b541aec72d/*") at /usr/lib64/dotnet/sdk/10.0.101/Sdks/Microsoft.SourceLink.GitLab/build/Microsoft.SourceLink.GitLab.targets (37,7) [/home/baturhan/Projeler/Entegrasyon/Application/Entegrasyon.DataAccess/Entegrasyon.DataAccess.csproj]
       Done executing task "Microsoft.SourceLink.GitLab.GetSourceLinkUrl".
   5:7>Task "Microsoft.CodeAnalysis.BuildTasks.MapSourceRoots"
   7:7>Done building target "_InitializeGitLabSourceLinkUrl" in project "Entegrasyon.DataAccess.csproj".
   5:7>Done executing task "Microsoft.CodeAnalysis.BuildTasks.MapSourceRoots".
   7:7>Target "_InitializeAzureReposGitSourceLinkUrl" in file "/usr/lib64/dotnet/sdk/10.0.101/Sdks/Microsoft.SourceLink.AzureRepos.Git/build/Microsoft.SourceLink.AzureRepos.Git.targets" from project "/home/baturhan/Projeler/Entegrasyon/Application/Entegrasyon.DataAccess/Entegrasyon.DataAccess.csproj" (target "_GenerateSourceLinkFile" depends on it):
   7:7>Building target "_InitializeAzureReposGitSourceLinkUrl" completely.
       No input files were specified.
       Using "Microsoft.SourceLink.AzureRepos.Git.GetSourceLinkUrl" task from assembly "/usr/lib64/dotnet/sdk/10.0.101/Sdks/Microsoft.SourceLink.AzureRepos.Git/build/../tools/net/Microsoft.SourceLink.AzureRepos.Git.dll".
       Task "Microsoft.SourceLink.AzureRepos.Git.GetSourceLinkUrl"
       Done executing task "Microsoft.SourceLink.AzureRepos.Git.GetSourceLinkUrl".
   7:7>Done building target "_InitializeAzureReposGitSourceLinkUrl" in project "Entegrasyon.DataAccess.csproj".
   5:7>Done building target "InitializeSourceRootMappedPaths" in project "Entegrasyon.MessageQueue.Commands.csproj".
   7:7>Target "_InitializeAzureReposGitSourceLinkUrl" in file "/usr/lib64/dotnet/sdk/10.0.101/Sdks/Microsoft.SourceLink.AzureRepos.Git/build/Microsoft.SourceLink.AzureRepos.Git.targets" from project "/home/baturhan/Projeler/Entegrasyon/Application/Entegrasyon.DataAccess/Entegrasyon.DataAccess.csproj" (target "_GenerateSourceLinkFile" depends on it):
   7:7>Building target "_InitializeAzureReposGitSourceLinkUrl" completely.
       No input files were specified.
       Task "Microsoft.SourceLink.AzureRepos.Git.GetSourceLinkUrl"
       Done executing task "Microsoft.SourceLink.AzureRepos.Git.GetSourceLinkUrl".
   7:7>Done building target "_InitializeAzureReposGitSourceLinkUrl" in project "Entegrasyon.DataAccess.csproj".
   5:7>Target "_InitializeSourceRootMappedPathsOpt" in file "/usr/lib64/dotnet/sdk/10.0.101/Sdks/Microsoft.SourceLink.Common/build/Microsoft.SourceLink.Common.targets" from project "/home/baturhan/Projeler/Entegrasyon/Application/Entegrasyon.MessageQueue.Commands/Entegrasyon.MessageQueue.Commands.csproj" (target "_GenerateSourceLinkFile" depends on it):
   5:7>Done building target "_InitializeSourceRootMappedPathsOpt" in project "Entegrasyon.MessageQueue.Commands.csproj".
   7:7>Target "_InitializeBitbucketGitSourceLinkUrl" in file "/usr/lib64/dotnet/sdk/10.0.101/Sdks/Microsoft.SourceLink.Bitbucket.Git/build/Microsoft.SourceLink.Bitbucket.Git.targets" from project "/home/baturhan/Projeler/Entegrasyon/Application/Entegrasyon.DataAccess/Entegrasyon.DataAccess.csproj" (target "_GenerateSourceLinkFile" depends on it):
   7:7>Building target "_InitializeBitbucketGitSourceLinkUrl" completely.
       No input files were specified.
       Using "Microsoft.SourceLink.Bitbucket.Git.GetSourceLinkUrl" task from assembly "/usr/lib64/dotnet/sdk/10.0.101/Sdks/Microsoft.SourceLink.Bitbucket.Git/build/../tools/net/Microsoft.SourceLink.Bitbucket.Git.dll".
       Task "Microsoft.SourceLink.Bitbucket.Git.GetSourceLinkUrl"
       Done executing task "Microsoft.SourceLink.Bitbucket.Git.GetSourceLinkUrl".
   5:7>Target "_InitializeGitHubSourceLinkUrl" in file "/usr/lib64/dotnet/sdk/10.0.101/Sdks/Microsoft.SourceLink.GitHub/build/Microsoft.SourceLink.GitHub.targets" from project "/home/baturhan/Projeler/Entegrasyon/Application/Entegrasyon.MessageQueue.Commands/Entegrasyon.MessageQueue.Commands.csproj" (target "_GenerateSourceLinkFile" depends on it):
   5:7>Building target "_InitializeGitHubSourceLinkUrl" completely.
   7:7>Done building target "_InitializeBitbucketGitSourceLinkUrl" in project "Entegrasyon.DataAccess.csproj".
   7:7>Target "_InitializeBitbucketGitSourceLinkUrl" in file "/usr/lib64/dotnet/sdk/10.0.101/Sdks/Microsoft.SourceLink.Bitbucket.Git/build/Microsoft.SourceLink.Bitbucket.Git.targets" from project "/home/baturhan/Projeler/Entegrasyon/Application/Entegrasyon.DataAccess/Entegrasyon.DataAccess.csproj" (target "_GenerateSourceLinkFile" depends on it):
       Building target "_InitializeBitbucketGitSourceLinkUrl" completely.
   5:7>_InitializeGitHubSourceLinkUrl:
       No input files were specified.
   7:7>_InitializeBitbucketGitSourceLinkUrl:
       No input files were specified.
       Task "Microsoft.SourceLink.Bitbucket.Git.GetSourceLinkUrl"
       Done executing task "Microsoft.SourceLink.Bitbucket.Git.GetSourceLinkUrl".
   5:7>_InitializeGitHubSourceLinkUrl:
       Using "Microsoft.SourceLink.GitHub.GetSourceLinkUrl" task from assembly "/usr/lib64/dotnet/sdk/10.0.101/Sdks/Microsoft.SourceLink.GitHub/build/../tools/net/Microsoft.SourceLink.GitHub.dll".
   7:7>Done building target "_InitializeBitbucketGitSourceLinkUrl" in project "Entegrasyon.DataAccess.csproj".
   7:7>Target "_GenerateSourceLinkFile" in file "/usr/lib64/dotnet/sdk/10.0.101/Sdks/Microsoft.SourceLink.Common/build/Microsoft.SourceLink.Common.targets" from project "/home/baturhan/Projeler/Entegrasyon/Application/Entegrasyon.DataAccess/Entegrasyon.DataAccess.csproj" (target "GenerateSourceLinkFile" depends on it):
       Building target "_GenerateSourceLinkFile" completely.
   5:7>Task "Microsoft.SourceLink.GitHub.GetSourceLinkUrl"
   7:7>_GenerateSourceLinkFile:
       No input files were specified.
       Using "Microsoft.SourceLink.Common.GenerateSourceLinkFile" task from assembly "/usr/lib64/dotnet/sdk/10.0.101/Sdks/Microsoft.SourceLink.Common/build/../tools/net/Microsoft.SourceLink.Common.dll".
   5:7>Done executing task "Microsoft.SourceLink.GitHub.GetSourceLinkUrl".
   7:7>Task "Microsoft.SourceLink.Common.GenerateSourceLinkFile"
         Source Link file 'obj/Debug/net8.0/Entegrasyon.DataAccess.sourcelink.json' is up-to-date.
       Done executing task "Microsoft.SourceLink.Common.GenerateSourceLinkFile".
   5:7>Done building target "_InitializeGitHubSourceLinkUrl" in project "Entegrasyon.MessageQueue.Commands.csproj".
   7:7>Done building target "_GenerateSourceLinkFile" in project "Entegrasyon.DataAccess.csproj".
   7:7>Target "GenerateSourceLinkFile" in file "/usr/lib64/dotnet/sdk/10.0.101/Sdks/Microsoft.SourceLink.Common/build/Microsoft.SourceLink.Common.targets" from project "/home/baturhan/Projeler/Entegrasyon/Application/Entegrasyon.DataAccess/Entegrasyon.DataAccess.csproj" (target "CoreCompile" depends on it):
   7:7>Done building target "GenerateSourceLinkFile" in project "Entegrasyon.DataAccess.csproj".
   7:7>Target "AddGlobalAnalyzerConfigForPackage_MicrosoftCodeAnalysisNetAnalyzers" in file "/usr/lib64/dotnet/sdk/10.0.101/Sdks/Microsoft.NET.Sdk/analyzers/build/Microsoft.CodeAnalysis.NetAnalyzers.targets" from project "/home/baturhan/Projeler/Entegrasyon/Application/Entegrasyon.DataAccess/Entegrasyon.DataAccess.csproj" (target "CoreCompile" depends on it):
   7:7>Done building target "AddGlobalAnalyzerConfigForPackage_MicrosoftCodeAnalysisNetAnalyzers" in project "Entegrasyon.DataAccess.csproj".
   5:7>Target "_InitializeGitHubSourceLinkUrl" in file "/usr/lib64/dotnet/sdk/10.0.101/Sdks/Microsoft.SourceLink.GitHub/build/Microsoft.SourceLink.GitHub.targets" from project "/home/baturhan/Projeler/Entegrasyon/Application/Entegrasyon.MessageQueue.Commands/Entegrasyon.MessageQueue.Commands.csproj" (target "_GenerateSourceLinkFile" depends on it):
   5:7>Building target "_InitializeGitHubSourceLinkUrl" completely.
       No input files were specified.
       Task "Microsoft.SourceLink.GitHub.GetSourceLinkUrl"
       Done executing task "Microsoft.SourceLink.GitHub.GetSourceLinkUrl".
   5:7>Done building target "_InitializeGitHubSourceLinkUrl" in project "Entegrasyon.MessageQueue.Commands.csproj".
   5:7>Target "_InitializeGitLabSourceLinkUrl" in file "/usr/lib64/dotnet/sdk/10.0.101/Sdks/Microsoft.SourceLink.GitLab/build/Microsoft.SourceLink.GitLab.targets" from project "/home/baturhan/Projeler/Entegrasyon/Application/Entegrasyon.MessageQueue.Commands/Entegrasyon.MessageQueue.Commands.csproj" (target "_GenerateSourceLinkFile" depends on it):
       Building target "_InitializeGitLabSourceLinkUrl" completely.
       No input files were specified.
       Using "Microsoft.SourceLink.GitLab.GetSourceLinkUrl" task from assembly "/usr/lib64/dotnet/sdk/10.0.101/Sdks/Microsoft.SourceLink.GitLab/build/../tools/net/Microsoft.SourceLink.GitLab.dll".
       Task "Microsoft.SourceLink.GitLab.GetSourceLinkUrl"
       /usr/lib64/dotnet/sdk/10.0.101/Sdks/Microsoft.SourceLink.GitLab/build/Microsoft.SourceLink.GitLab.targets(37,7): message : Property reassignment: $(_SourceLinkUrlToUpdate)="N/A" (previous value: "https://raw.githubusercontent.com/BaturhanKahraman/Entegrasyon/b6490b011968657f75d632b3c51367b541aec72d/*") at /usr/lib64/dotnet/sdk/10.0.101/Sdks/Microsoft.SourceLink.GitLab/build/Microsoft.SourceLink.GitLab.targets (37,7) [/home/baturhan/Projeler/Entegrasyon/Application/Entegrasyon.MessageQueue.Commands/Entegrasyon.MessageQueue.Commands.csproj]
       Done executing task "Microsoft.SourceLink.GitLab.GetSourceLinkUrl".
   5:7>Done building target "_InitializeGitLabSourceLinkUrl" in project "Entegrasyon.MessageQueue.Commands.csproj".
   5:7>Target "_InitializeGitLabSourceLinkUrl" in file "/usr/lib64/dotnet/sdk/10.0.101/Sdks/Microsoft.SourceLink.GitLab/build/Microsoft.SourceLink.GitLab.targets" from project "/home/baturhan/Projeler/Entegrasyon/Application/Entegrasyon.MessageQueue.Commands/Entegrasyon.MessageQueue.Commands.csproj" (target "_GenerateSourceLinkFile" depends on it):
       Building target "_InitializeGitLabSourceLinkUrl" completely.
       No input files were specified.
       Task "Microsoft.SourceLink.GitLab.GetSourceLinkUrl"
       /usr/lib64/dotnet/sdk/10.0.101/Sdks/Microsoft.SourceLink.GitLab/build/Microsoft.SourceLink.GitLab.targets(37,7): message : Property reassignment: $(_SourceLinkUrlToUpdate)="N/A" (previous value: "https://raw.githubusercontent.com/BaturhanKahraman/Entegrasyon/b6490b011968657f75d632b3c51367b541aec72d/*") at /usr/lib64/dotnet/sdk/10.0.101/Sdks/Microsoft.SourceLink.GitLab/build/Microsoft.SourceLink.GitLab.targets (37,7) [/home/baturhan/Projeler/Entegrasyon/Application/Entegrasyon.MessageQueue.Commands/Entegrasyon.MessageQueue.Commands.csproj]
       Done executing task "Microsoft.SourceLink.GitLab.GetSourceLinkUrl".
   5:7>Done building target "_InitializeGitLabSourceLinkUrl" in project "Entegrasyon.MessageQueue.Commands.csproj".
   7:7>Target "CoreCompile" in file "/usr/lib64/dotnet/sdk/10.0.101/Roslyn/Microsoft.CSharp.Core.targets" from project "/home/baturhan/Projeler/Entegrasyon/Application/Entegrasyon.DataAccess/Entegrasyon.DataAccess.csproj" (target "Compile" depends on it):
   7:7>Skipping target "CoreCompile" because all output files are up-to-date with respect to the input files.
   5:7>Target "_InitializeAzureReposGitSourceLinkUrl" in file "/usr/lib64/dotnet/sdk/10.0.101/Sdks/Microsoft.SourceLink.AzureRepos.Git/build/Microsoft.SourceLink.AzureRepos.Git.targets" from project "/home/baturhan/Projeler/Entegrasyon/Application/Entegrasyon.MessageQueue.Commands/Entegrasyon.MessageQueue.Commands.csproj" (target "_GenerateSourceLinkFile" depends on it):
   5:7>Building target "_InitializeAzureReposGitSourceLinkUrl" completely.
       No input files were specified.
       Using "Microsoft.SourceLink.AzureRepos.Git.GetSourceLinkUrl" task from assembly "/usr/lib64/dotnet/sdk/10.0.101/Sdks/Microsoft.SourceLink.AzureRepos.Git/build/../tools/net/Microsoft.SourceLink.AzureRepos.Git.dll".
       Task "Microsoft.SourceLink.AzureRepos.Git.GetSourceLinkUrl"
       Done executing task "Microsoft.SourceLink.AzureRepos.Git.GetSourceLinkUrl".
   5:7>Done building target "_InitializeAzureReposGitSourceLinkUrl" in project "Entegrasyon.MessageQueue.Commands.csproj".
   5:7>Target "_InitializeAzureReposGitSourceLinkUrl" in file "/usr/lib64/dotnet/sdk/10.0.101/Sdks/Microsoft.SourceLink.AzureRepos.Git/build/Microsoft.SourceLink.AzureRepos.Git.targets" from project "/home/baturhan/Projeler/Entegrasyon/Application/Entegrasyon.MessageQueue.Commands/Entegrasyon.MessageQueue.Commands.csproj" (target "_GenerateSourceLinkFile" depends on it):
       Building target "_InitializeAzureReposGitSourceLinkUrl" completely.
       No input files were specified.
       Task "Microsoft.SourceLink.AzureRepos.Git.GetSourceLinkUrl"
       Done executing task "Microsoft.SourceLink.AzureRepos.Git.GetSourceLinkUrl".
   5:7>Done building target "_InitializeAzureReposGitSourceLinkUrl" in project "Entegrasyon.MessageQueue.Commands.csproj".
   7:7>CoreCompile:
       Input files: 
           Abstract/EfRetailCustomerDal.cs
           Abstract/IAddressDal.cs
           Abstract/IApplicationCustomerDal.cs
           Abstract/IApplicationLogDal.cs
           Abstract/IApplicationUserDal.cs
           Abstract/IAttributeKeyValueDal.cs
           Abstract/IBranchOfficeDal.cs
           Abstract/IBranchOfficeStockDal.cs
           Abstract/IBrandDal.cs
           Abstract/IBrandMarketPlaceMatchDal.cs
           Abstract/ICargoCompanyDal.cs
           Abstract/ICategoryAttributeCategoryDal.cs
           Abstract/ICategoryAttributeDal.cs
           Abstract/ICategoryAttributeValueDal.cs
           Abstract/ICategoryDal.cs
           Abstract/ICategoryMarketPlaceMatchDal.cs
           Abstract/IDiscountVoucherDal.cs
           Abstract/IEfCorporateCustomerDal.cs
           Abstract/IEfProductVariantDal.cs
           Abstract/IImageDal.cs
           Abstract/ILogDal.cs
           Abstract/IMainProductDal.cs
           Abstract/IMarketPlaceDal.cs
           Abstract/INotificationDal.cs
           Abstract/IOrderDal.cs
           Abstract/IOrderItemDal.cs
           Abstract/IReturnProductDal.cs
           Abstract/ISaleDal.cs
           Abstract/ISaleItemDal.cs
           Abstract/ITempBarcodeDal.cs
           Abstract/IUnitOfWork.cs
           Concrete/EntityFrameworkCore/Contexts/IntegrationDbContext.cs
           Concrete/EntityFrameworkCore/Contexts/Seed/IntegrationDbContextSeed.cs
           Concrete/EntityFrameworkCore/Contexts/TenantDbContext.cs
           Concrete/EntityFrameworkCore/EfAddressDal.cs
           Concrete/EntityFrameworkCore/EfApplicationCustomerDal.cs
           Concrete/EntityFrameworkCore/EfApplicationLogDal.cs
           Concrete/EntityFrameworkCore/EfApplicationUserDal.cs
           Concrete/EntityFrameworkCore/EfAttributeValueDal.cs
           Concrete/EntityFrameworkCore/EfBranchOfficeDal.cs
           Concrete/EntityFrameworkCore/EfBranchOfficeStockDal.cs
           Concrete/EntityFrameworkCore/EfBrandDal.cs
           Concrete/EntityFrameworkCore/EfBrandMarketPlaceMatchDal.cs
           Concrete/EntityFrameworkCore/EfCargoCompanyDal.cs
           Concrete/EntityFrameworkCore/EfCategoryAttributeCategoryDal.cs
           Concrete/EntityFrameworkCore/EfCategoryAttributeDal.cs
           Concrete/EntityFrameworkCore/EfCategoryAttributeValueDal.cs
           Concrete/EntityFrameworkCore/EfCategoryDal.cs
           Concrete/EntityFrameworkCore/EfCategoryMarketPlaceMatchDal.cs
           Concrete/EntityFrameworkCore/EfCorporateCustomerDal.cs
           Concrete/EntityFrameworkCore/EfDiscountVoucherDal.cs
           Concrete/EntityFrameworkCore/EfImageDal.cs
           Concrete/EntityFrameworkCore/EfLogDal.cs
           Concrete/EntityFrameworkCore/EfMainProductDal.cs
           Concrete/EntityFrameworkCore/EfMarketPlaceDal.cs
           Concrete/EntityFrameworkCore/EfNotificationDal.cs
           Concrete/EntityFrameworkCore/EfOrderDal.cs
           Concrete/EntityFrameworkCore/EfOrderItemDal.cs
           Concrete/EntityFrameworkCore/EfProductVariantDal.cs
           Concrete/EntityFrameworkCore/EfRetailCustomerDal.cs
           Concrete/EntityFrameworkCore/EfReturnProductDal.cs
           Concrete/EntityFrameworkCore/EfSaleDal.cs
           Concrete/EntityFrameworkCore/EfSaleItemDal.cs
           Concrete/EntityFrameworkCore/EfTempBarcodeDal.cs
           Concrete/EntityFrameworkCore/EntityConfigurations/ApplicationLogEntityConfiguration.cs
           Concrete/EntityFrameworkCore/EntityConfigurations/ApplicationUserEntityConfiguration.cs
           Concrete/EntityFrameworkCore/EntityConfigurations/AttributeKeyValueEntityConfiguration.cs
           Concrete/EntityFrameworkCore/EntityConfigurations/BranchEntityConfiguration.cs
           Concrete/EntityFrameworkCore/EntityConfigurations/BranchOfficeStockEntityConfiguration.cs
           Concrete/EntityFrameworkCore/EntityConfigurations/BrandEntityConfiguration.cs
           Concrete/EntityFrameworkCore/EntityConfigurations/BrandMarketPlaceMatchEntityConfiguration.cs
           Concrete/EntityFrameworkCore/EntityConfigurations/CargoCompanyEntityConfiguration.cs
           Concrete/EntityFrameworkCore/EntityConfigurations/CargoCompanyMarketPlaceMatchEntityConfiguration.cs
           Concrete/EntityFrameworkCore/EntityConfigurations/CategoryAttributeCategoryEntityConfigurations.cs
           Concrete/EntityFrameworkCore/EntityConfigurations/CategoryAttributeEntityConfiguration.cs
           Concrete/EntityFrameworkCore/EntityConfigurations/CategoryAttributeMarketPlaceMatchEntityConfiguration.cs
           Concrete/EntityFrameworkCore/EntityConfigurations/CategoryAttributeValueMarketPlaceMatchEntityConfiguration.cs
           Concrete/EntityFrameworkCore/EntityConfigurations/CategoryEntityConfiguration.cs
           Concrete/EntityFrameworkCore/EntityConfigurations/CategoryMarketplaceEntityConfiguration.cs
           Concrete/EntityFrameworkCore/EntityConfigurations/CategoryMarketPlaceMatchEntityConfiguration.cs
           Concrete/EntityFrameworkCore/EntityConfigurations/CustomerEntityConfiguration.cs
           Concrete/EntityFrameworkCore/EntityConfigurations/DiscountVoucherEntityConfiguration.cs
           Concrete/EntityFrameworkCore/EntityConfigurations/ImageEntityConfiguration.cs
           Concrete/EntityFrameworkCore/EntityConfigurations/MarketPlaceEntityConfiguration.cs
           Concrete/EntityFrameworkCore/EntityConfigurations/NotificationEntityConfiguration.cs
           Concrete/EntityFrameworkCore/EntityConfigurations/NotificationsClaimsEntityConfiguration.cs
           Concrete/EntityFrameworkCore/EntityConfigurations/OrderEntityConfiguration.cs
           Concrete/EntityFrameworkCore/EntityConfigurations/ProductEntityConfiguration.cs
           Concrete/EntityFrameworkCore/EntityConfigurations/ProductVariantEntityConfiguration.cs
           Concrete/EntityFrameworkCore/EntityConfigurations/RoleEntityConfiguration.cs
           Concrete/EntityFrameworkCore/EntityConfigurations/RolesClaimsEntityConfiguration.cs
           Concrete/EntityFrameworkCore/EntityConfigurations/TempBarcodeEntityConfiguration.cs
           Concrete/EntityFrameworkCore/EntityConfigurations/UsersClaimsEntityConfiguration.cs
           Concrete/EntityFrameworkCore/Migrations/20250423143217_InitialCreate.cs
           Concrete/EntityFrameworkCore/Migrations/20250423143217_InitialCreate.Designer.cs
           Concrete/EntityFrameworkCore/Migrations/20260104111338_AddCategoryImportFields.cs
           Concrete/EntityFrameworkCore/Migrations/20260104111338_AddCategoryImportFields.Designer.cs
           Concrete/EntityFrameworkCore/Migrations/IntegrationDbContextModelSnapshot.cs
           Concrete/EntityFrameworkCore/UnitOfWork.cs
           obj/Debug/net8.0/Entegrasyon.DataAccess.GlobalUsings.g.cs
           obj/Debug/net8.0/.NETCoreApp,Version=v8.0.AssemblyAttributes.cs
           obj/Debug/net8.0/Entegrasyon.DataAccess.AssemblyInfo.cs
           /home/baturhan/.nuget/packages/castle.core/5.1.1/lib/net6.0/Castle.Core.dll
           /home/baturhan/Projeler/Entegrasyon/Application/Entegrasyon.Entity/obj/Debug/net8.0/ref/Entegrasyon.Entity.dll
           /home/baturhan/.nuget/packages/fluentvalidation/11.9.0/lib/net8.0/FluentValidation.dll
           /usr/lib64/dotnet/packs/Microsoft.AspNetCore.App.Ref/8.0.22/ref/net8.0/Microsoft.AspNetCore.Antiforgery.dll
           /usr/lib64/dotnet/packs/Microsoft.AspNetCore.App.Ref/8.0.22/ref/net8.0/Microsoft.AspNetCore.Authentication.Abstractions.dll
           /usr/lib64/dotnet/packs/Microsoft.AspNetCore.App.Ref/8.0.22/ref/net8.0/Microsoft.AspNetCore.Authentication.BearerToken.dll
           /usr/lib64/dotnet/packs/Microsoft.AspNetCore.App.Ref/8.0.22/ref/net8.0/Microsoft.AspNetCore.Authentication.Cookies.dll
           /usr/lib64/dotnet/packs/Microsoft.AspNetCore.App.Ref/8.0.22/ref/net8.0/Microsoft.AspNetCore.Authentication.Core.dll
           /usr/lib64/dotnet/packs/Microsoft.AspNetCore.App.Ref/8.0.22/ref/net8.0/Microsoft.AspNetCore.Authentication.dll
           /usr/lib64/dotnet/packs/Microsoft.AspNetCore.App.Ref/8.0.22/ref/net8.0/Microsoft.AspNetCore.Authentication.OAuth.dll
           /usr/lib64/dotnet/packs/Microsoft.AspNetCore.App.Ref/8.0.22/ref/net8.0/Microsoft.AspNetCore.Authorization.dll
           /usr/lib64/dotnet/packs/Microsoft.AspNetCore.App.Ref/8.0.22/ref/net8.0/Microsoft.AspNetCore.Authorization.Policy.dll
           /usr/lib64/dotnet/packs/Microsoft.AspNetCore.App.Ref/8.0.22/ref/net8.0/Microsoft.AspNetCore.Components.Authorization.dll
           /usr/lib64/dotnet/packs/Microsoft.AspNetCore.App.Ref/8.0.22/ref/net8.0/Microsoft.AspNetCore.Components.dll
           /usr/lib64/dotnet/packs/Microsoft.AspNetCore.App.Ref/8.0.22/ref/net8.0/Microsoft.AspNetCore.Components.Endpoints.dll
           /usr/lib64/dotnet/packs/Microsoft.AspNetCore.App.Ref/8.0.22/ref/net8.0/Microsoft.AspNetCore.Components.Forms.dll
           /usr/lib64/dotnet/packs/Microsoft.AspNetCore.App.Ref/8.0.22/ref/net8.0/Microsoft.AspNetCore.Components.Server.dll
           /usr/lib64/dotnet/packs/Microsoft.AspNetCore.App.Ref/8.0.22/ref/net8.0/Microsoft.AspNetCore.Components.Web.dll
           /usr/lib64/dotnet/packs/Microsoft.AspNetCore.App.Ref/8.0.22/ref/net8.0/Microsoft.AspNetCore.Connections.Abstractions.dll
           /usr/lib64/dotnet/packs/Microsoft.AspNetCore.App.Ref/8.0.22/ref/net8.0/Microsoft.AspNetCore.CookiePolicy.dll
           /usr/lib64/dotnet/packs/Microsoft.AspNetCore.App.Ref/8.0.22/ref/net8.0/Microsoft.AspNetCore.Cors.dll
           /usr/lib64/dotnet/packs/Microsoft.AspNetCore.App.Ref/8.0.22/ref/net8.0/Microsoft.AspNetCore.Cryptography.Internal.dll
           /usr/lib64/dotnet/packs/Microsoft.AspNetCore.App.Ref/8.0.22/ref/net8.0/Microsoft.AspNetCore.Cryptography.KeyDerivation.dll
           /usr/lib64/dotnet/packs/Microsoft.AspNetCore.App.Ref/8.0.22/ref/net8.0/Microsoft.AspNetCore.DataProtection.Abstractions.dll
           /usr/lib64/dotnet/packs/Microsoft.AspNetCore.App.Ref/8.0.22/ref/net8.0/Microsoft.AspNetCore.DataProtection.dll
           /usr/lib64/dotnet/packs/Microsoft.AspNetCore.App.Ref/8.0.22/ref/net8.0/Microsoft.AspNetCore.DataProtection.Extensions.dll
           /usr/lib64/dotnet/packs/Microsoft.AspNetCore.App.Ref/8.0.22/ref/net8.0/Microsoft.AspNetCore.Diagnostics.Abstractions.dll
           /usr/lib64/dotnet/packs/Microsoft.AspNetCore.App.Ref/8.0.22/ref/net8.0/Microsoft.AspNetCore.Diagnostics.dll
           /usr/lib64/dotnet/packs/Microsoft.AspNetCore.App.Ref/8.0.22/ref/net8.0/Microsoft.AspNetCore.Diagnostics.HealthChecks.dll
           /usr/lib64/dotnet/packs/Microsoft.AspNetCore.App.Ref/8.0.22/ref/net8.0/Microsoft.AspNetCore.dll
           /usr/lib64/dotnet/packs/Microsoft.AspNetCore.App.Ref/8.0.22/ref/net8.0/Microsoft.AspNetCore.HostFiltering.dll
           /usr/lib64/dotnet/packs/Microsoft.AspNetCore.App.Ref/8.0.22/ref/net8.0/Microsoft.AspNetCore.Hosting.Abstractions.dll
           /usr/lib64/dotnet/packs/Microsoft.AspNetCore.App.Ref/8.0.22/ref/net8.0/Microsoft.AspNetCore.Hosting.dll
           /usr/lib64/dotnet/packs/Microsoft.AspNetCore.App.Ref/8.0.22/ref/net8.0/Microsoft.AspNetCore.Hosting.Server.Abstractions.dll
           /usr/lib64/dotnet/packs/Microsoft.AspNetCore.App.Ref/8.0.22/ref/net8.0/Microsoft.AspNetCore.Html.Abstractions.dll
           /usr/lib64/dotnet/packs/Microsoft.AspNetCore.App.Ref/8.0.22/ref/net8.0/Microsoft.AspNetCore.Http.Abstractions.dll
           /usr/lib64/dotnet/packs/Microsoft.AspNetCore.App.Ref/8.0.22/ref/net8.0/Microsoft.AspNetCore.Http.Connections.Common.dll
           /usr/lib64/dotnet/packs/Microsoft.AspNetCore.App.Ref/8.0.22/ref/net8.0/Microsoft.AspNetCore.Http.Connections.dll
           /usr/lib64/dotnet/packs/Microsoft.AspNetCore.App.Ref/8.0.22/ref/net8.0/Microsoft.AspNetCore.Http.dll
           /usr/lib64/dotnet/packs/Microsoft.AspNetCore.App.Ref/8.0.22/ref/net8.0/Microsoft.AspNetCore.Http.Extensions.dll
           /usr/lib64/dotnet/packs/Microsoft.AspNetCore.App.Ref/8.0.22/ref/net8.0/Microsoft.AspNetCore.Http.Features.dll
           /usr/lib64/dotnet/packs/Microsoft.AspNetCore.App.Ref/8.0.22/ref/net8.0/Microsoft.AspNetCore.Http.Results.dll
           /usr/lib64/dotnet/packs/Microsoft.AspNetCore.App.Ref/8.0.22/ref/net8.0/Microsoft.AspNetCore.HttpLogging.dll
           /usr/lib64/dotnet/packs/Microsoft.AspNetCore.App.Ref/8.0.22/ref/net8.0/Microsoft.AspNetCore.HttpOverrides.dll
           /usr/lib64/dotnet/packs/Microsoft.AspNetCore.App.Ref/8.0.22/ref/net8.0/Microsoft.AspNetCore.HttpsPolicy.dll
           /usr/lib64/dotnet/packs/Microsoft.AspNetCore.App.Ref/8.0.22/ref/net8.0/Microsoft.AspNetCore.Identity.dll
           /usr/lib64/dotnet/packs/Microsoft.AspNetCore.App.Ref/8.0.22/ref/net8.0/Microsoft.AspNetCore.Localization.dll
           /usr/lib64/dotnet/packs/Microsoft.AspNetCore.App.Ref/8.0.22/ref/net8.0/Microsoft.AspNetCore.Localization.Routing.dll
           /usr/lib64/dotnet/packs/Microsoft.AspNetCore.App.Ref/8.0.22/ref/net8.0/Microsoft.AspNetCore.Metadata.dll
           /usr/lib64/dotnet/packs/Microsoft.AspNetCore.App.Ref/8.0.22/ref/net8.0/Microsoft.AspNetCore.Mvc.Abstractions.dll
           /usr/lib64/dotnet/packs/Microsoft.AspNetCore.App.Ref/8.0.22/ref/net8.0/Microsoft.AspNetCore.Mvc.ApiExplorer.dll
           /usr/lib64/dotnet/packs/Microsoft.AspNetCore.App.Ref/8.0.22/ref/net8.0/Microsoft.AspNetCore.Mvc.Core.dll
           /usr/lib64/dotnet/packs/Microsoft.AspNetCore.App.Ref/8.0.22/ref/net8.0/Microsoft.AspNetCore.Mvc.Cors.dll
           /usr/lib64/dotnet/packs/Microsoft.AspNetCore.App.Ref/8.0.22/ref/net8.0/Microsoft.AspNetCore.Mvc.DataAnnotations.dll
           /usr/lib64/dotnet/packs/Microsoft.AspNetCore.App.Ref/8.0.22/ref/net8.0/Microsoft.AspNetCore.Mvc.dll
           /usr/lib64/dotnet/packs/Microsoft.AspNetCore.App.Ref/8.0.22/ref/net8.0/Microsoft.AspNetCore.Mvc.Formatters.Json.dll
           /usr/lib64/dotnet/packs/Microsoft.AspNetCore.App.Ref/8.0.22/ref/net8.0/Microsoft.AspNetCore.Mvc.Formatters.Xml.dll
           /usr/lib64/dotnet/packs/Microsoft.AspNetCore.App.Ref/8.0.22/ref/net8.0/Microsoft.AspNetCore.Mvc.Localization.dll
           /usr/lib64/dotnet/packs/Microsoft.AspNetCore.App.Ref/8.0.22/ref/net8.0/Microsoft.AspNetCore.Mvc.Razor.dll
           /usr/lib64/dotnet/packs/Microsoft.AspNetCore.App.Ref/8.0.22/ref/net8.0/Microsoft.AspNetCore.Mvc.RazorPages.dll
           /usr/lib64/dotnet/packs/Microsoft.AspNetCore.App.Ref/8.0.22/ref/net8.0/Microsoft.AspNetCore.Mvc.TagHelpers.dll
           /usr/lib64/dotnet/packs/Microsoft.AspNetCore.App.Ref/8.0.22/ref/net8.0/Microsoft.AspNetCore.Mvc.ViewFeatures.dll
           /usr/lib64/dotnet/packs/Microsoft.AspNetCore.App.Ref/8.0.22/ref/net8.0/Microsoft.AspNetCore.OutputCaching.dll
           /usr/lib64/dotnet/packs/Microsoft.AspNetCore.App.Ref/8.0.22/ref/net8.0/Microsoft.AspNetCore.RateLimiting.dll
           /usr/lib64/dotnet/packs/Microsoft.AspNetCore.App.Ref/8.0.22/ref/net8.0/Microsoft.AspNetCore.Razor.dll
           /usr/lib64/dotnet/packs/Microsoft.AspNetCore.App.Ref/8.0.22/ref/net8.0/Microsoft.AspNetCore.Razor.Runtime.dll
           /usr/lib64/dotnet/packs/Microsoft.AspNetCore.App.Ref/8.0.22/ref/net8.0/Microsoft.AspNetCore.RequestDecompression.dll
           /usr/lib64/dotnet/packs/Microsoft.AspNetCore.App.Ref/8.0.22/ref/net8.0/Microsoft.AspNetCore.ResponseCaching.Abstractions.dll
           /usr/lib64/dotnet/packs/Microsoft.AspNetCore.App.Ref/8.0.22/ref/net8.0/Microsoft.AspNetCore.ResponseCaching.dll
           /usr/lib64/dotnet/packs/Microsoft.AspNetCore.App.Ref/8.0.22/ref/net8.0/Microsoft.AspNetCore.ResponseCompression.dll
           /usr/lib64/dotnet/packs/Microsoft.AspNetCore.App.Ref/8.0.22/ref/net8.0/Microsoft.AspNetCore.Rewrite.dll
           /usr/lib64/dotnet/packs/Microsoft.AspNetCore.App.Ref/8.0.22/ref/net8.0/Microsoft.AspNetCore.Routing.Abstractions.dll
           /usr/lib64/dotnet/packs/Microsoft.AspNetCore.App.Ref/8.0.22/ref/net8.0/Microsoft.AspNetCore.Routing.dll
           /usr/lib64/dotnet/packs/Microsoft.AspNetCore.App.Ref/8.0.22/ref/net8.0/Microsoft.AspNetCore.Server.HttpSys.dll
           /usr/lib64/dotnet/packs/Microsoft.AspNetCore.App.Ref/8.0.22/ref/net8.0/Microsoft.AspNetCore.Server.IIS.dll
           /usr/lib64/dotnet/packs/Microsoft.AspNetCore.App.Ref/8.0.22/ref/net8.0/Microsoft.AspNetCore.Server.IISIntegration.dll
           /usr/lib64/dotnet/packs/Microsoft.AspNetCore.App.Ref/8.0.22/ref/net8.0/Microsoft.AspNetCore.Server.Kestrel.Core.dll
           /usr/lib64/dotnet/packs/Microsoft.AspNetCore.App.Ref/8.0.22/ref/net8.0/Microsoft.AspNetCore.Server.Kestrel.dll
           /usr/lib64/dotnet/packs/Microsoft.AspNetCore.App.Ref/8.0.22/ref/net8.0/Microsoft.AspNetCore.Server.Kestrel.Transport.NamedPipes.dll
           /usr/lib64/dotnet/packs/Microsoft.AspNetCore.App.Ref/8.0.22/ref/net8.0/Microsoft.AspNetCore.Server.Kestrel.Transport.Quic.dll
           /usr/lib64/dotnet/packs/Microsoft.AspNetCore.App.Ref/8.0.22/ref/net8.0/Microsoft.AspNetCore.Server.Kestrel.Transport.Sockets.dll
           /usr/lib64/dotnet/packs/Microsoft.AspNetCore.App.Ref/8.0.22/ref/net8.0/Microsoft.AspNetCore.Session.dll
           /usr/lib64/dotnet/packs/Microsoft.AspNetCore.App.Ref/8.0.22/ref/net8.0/Microsoft.AspNetCore.SignalR.Common.dll
           /usr/lib64/dotnet/packs/Microsoft.AspNetCore.App.Ref/8.0.22/ref/net8.0/Microsoft.AspNetCore.SignalR.Core.dll
           /usr/lib64/dotnet/packs/Microsoft.AspNetCore.App.Ref/8.0.22/ref/net8.0/Microsoft.AspNetCore.SignalR.dll
           /usr/lib64/dotnet/packs/Microsoft.AspNetCore.App.Ref/8.0.22/ref/net8.0/Microsoft.AspNetCore.SignalR.Protocols.Json.dll
           /usr/lib64/dotnet/packs/Microsoft.AspNetCore.App.Ref/8.0.22/ref/net8.0/Microsoft.AspNetCore.StaticFiles.dll
           /usr/lib64/dotnet/packs/Microsoft.AspNetCore.App.Ref/8.0.22/ref/net8.0/Microsoft.AspNetCore.WebSockets.dll
           /usr/lib64/dotnet/packs/Microsoft.AspNetCore.App.Ref/8.0.22/ref/net8.0/Microsoft.AspNetCore.WebUtilities.dll
           /usr/lib64/dotnet/packs/Microsoft.NETCore.App.Ref/8.0.22/ref/net8.0/Microsoft.CSharp.dll
           /home/baturhan/.nuget/packages/microsoft.entityframeworkcore.abstractions/8.0.15/lib/net8.0/Microsoft.EntityFrameworkCore.Abstractions.dll
           /home/baturhan/.nuget/packages/microsoft.entityframeworkcore/8.0.15/lib/net8.0/Microsoft.EntityFrameworkCore.dll
           /home/baturhan/.nuget/packages/microsoft.entityframeworkcore.proxies/8.0.15/lib/net8.0/Microsoft.EntityFrameworkCore.Proxies.dll
           /home/baturhan/.nuget/packages/microsoft.entityframeworkcore.relational/8.0.15/lib/net8.0/Microsoft.EntityFrameworkCore.Relational.dll
           /usr/lib64/dotnet/packs/Microsoft.AspNetCore.App.Ref/8.0.22/ref/net8.0/Microsoft.Extensions.Caching.Abstractions.dll
           /usr/lib64/dotnet/packs/Microsoft.AspNetCore.App.Ref/8.0.22/ref/net8.0/Microsoft.Extensions.Caching.Memory.dll
           /usr/lib64/dotnet/packs/Microsoft.AspNetCore.App.Ref/8.0.22/ref/net8.0/Microsoft.Extensions.Configuration.Abstractions.dll
           /usr/lib64/dotnet/packs/Microsoft.AspNetCore.App.Ref/8.0.22/ref/net8.0/Microsoft.Extensions.Configuration.Binder.dll
           /usr/lib64/dotnet/packs/Microsoft.AspNetCore.App.Ref/8.0.22/ref/net8.0/Microsoft.Extensions.Configuration.CommandLine.dll
           /usr/lib64/dotnet/packs/Microsoft.AspNetCore.App.Ref/8.0.22/ref/net8.0/Microsoft.Extensions.Configuration.dll
           /usr/lib64/dotnet/packs/Microsoft.AspNetCore.App.Ref/8.0.22/ref/net8.0/Microsoft.Extensions.Configuration.EnvironmentVariables.dll
           /usr/lib64/dotnet/packs/Microsoft.AspNetCore.App.Ref/8.0.22/ref/net8.0/Microsoft.Extensions.Configuration.FileExtensions.dll
           /usr/lib64/dotnet/packs/Microsoft.AspNetCore.App.Ref/8.0.22/ref/net8.0/Microsoft.Extensions.Configuration.Ini.dll
           /usr/lib64/dotnet/packs/Microsoft.AspNetCore.App.Ref/8.0.22/ref/net8.0/Microsoft.Extensions.Configuration.Json.dll
           /usr/lib64/dotnet/packs/Microsoft.AspNetCore.App.Ref/8.0.22/ref/net8.0/Microsoft.Extensions.Configuration.KeyPerFile.dll
           /usr/lib64/dotnet/packs/Microsoft.AspNetCore.App.Ref/8.0.22/ref/net8.0/Microsoft.Extensions.Configuration.UserSecrets.dll
           /usr/lib64/dotnet/packs/Microsoft.AspNetCore.App.Ref/8.0.22/ref/net8.0/Microsoft.Extensions.Configuration.Xml.dll
           /usr/lib64/dotnet/packs/Microsoft.AspNetCore.App.Ref/8.0.22/ref/net8.0/Microsoft.Extensions.DependencyInjection.Abstractions.dll
           /usr/lib64/dotnet/packs/Microsoft.AspNetCore.App.Ref/8.0.22/ref/net8.0/Microsoft.Extensions.DependencyInjection.dll
           /home/baturhan/.nuget/packages/microsoft.extensions.dependencymodel/8.0.2/lib/net8.0/Microsoft.Extensions.DependencyModel.dll
           /usr/lib64/dotnet/packs/Microsoft.AspNetCore.App.Ref/8.0.22/ref/net8.0/Microsoft.Extensions.Diagnostics.Abstractions.dll
           /usr/lib64/dotnet/packs/Microsoft.AspNetCore.App.Ref/8.0.22/ref/net8.0/Microsoft.Extensions.Diagnostics.dll
           /usr/lib64/dotnet/packs/Microsoft.AspNetCore.App.Ref/8.0.22/ref/net8.0/Microsoft.Extensions.Diagnostics.HealthChecks.Abstractions.dll
           /usr/lib64/dotnet/packs/Microsoft.AspNetCore.App.Ref/8.0.22/ref/net8.0/Microsoft.Extensions.Diagnostics.HealthChecks.dll
           /usr/lib64/dotnet/packs/Microsoft.AspNetCore.App.Ref/8.0.22/ref/net8.0/Microsoft.Extensions.Features.dll
           /usr/lib64/dotnet/packs/Microsoft.AspNetCore.App.Ref/8.0.22/ref/net8.0/Microsoft.Extensions.FileProviders.Abstractions.dll
           /usr/lib64/dotnet/packs/Microsoft.AspNetCore.App.Ref/8.0.22/ref/net8.0/Microsoft.Extensions.FileProviders.Composite.dll
           /usr/lib64/dotnet/packs/Microsoft.AspNetCore.App.Ref/8.0.22/ref/net8.0/Microsoft.Extensions.FileProviders.Embedded.dll
           /usr/lib64/dotnet/packs/Microsoft.AspNetCore.App.Ref/8.0.22/ref/net8.0/Microsoft.Extensions.FileProviders.Physical.dll
           /usr/lib64/dotnet/packs/Microsoft.AspNetCore.App.Ref/8.0.22/ref/net8.0/Microsoft.Extensions.FileSystemGlobbing.dll
           /usr/lib64/dotnet/packs/Microsoft.AspNetCore.App.Ref/8.0.22/ref/net8.0/Microsoft.Extensions.Hosting.Abstractions.dll
           /usr/lib64/dotnet/packs/Microsoft.AspNetCore.App.Ref/8.0.22/ref/net8.0/Microsoft.Extensions.Hosting.dll
           /usr/lib64/dotnet/packs/Microsoft.AspNetCore.App.Ref/8.0.22/ref/net8.0/Microsoft.Extensions.Http.dll
           /usr/lib64/dotnet/packs/Microsoft.AspNetCore.App.Ref/8.0.22/ref/net8.0/Microsoft.Extensions.Identity.Core.dll
           /usr/lib64/dotnet/packs/Microsoft.AspNetCore.App.Ref/8.0.22/ref/net8.0/Microsoft.Extensions.Identity.Stores.dll
           /usr/lib64/dotnet/packs/Microsoft.AspNetCore.App.Ref/8.0.22/ref/net8.0/Microsoft.Extensions.Localization.Abstractions.dll
           /usr/lib64/dotnet/packs/Microsoft.AspNetCore.App.Ref/8.0.22/ref/net8.0/Microsoft.Extensions.Localization.dll
           /usr/lib64/dotnet/packs/Microsoft.AspNetCore.App.Ref/8.0.22/ref/net8.0/Microsoft.Extensions.Logging.Abstractions.dll
           /usr/lib64/dotnet/packs/Microsoft.AspNetCore.App.Ref/8.0.22/ref/net8.0/Microsoft.Extensions.Logging.Configuration.dll
           /usr/lib64/dotnet/packs/Microsoft.AspNetCore.App.Ref/8.0.22/ref/net8.0/Microsoft.Extensions.Logging.Console.dll
           /usr/lib64/dotnet/packs/Microsoft.AspNetCore.App.Ref/8.0.22/ref/net8.0/Microsoft.Extensions.Logging.Debug.dll
           /usr/lib64/dotnet/packs/Microsoft.AspNetCore.App.Ref/8.0.22/ref/net8.0/Microsoft.Extensions.Logging.dll
           /usr/lib64/dotnet/packs/Microsoft.AspNetCore.App.Ref/8.0.22/ref/net8.0/Microsoft.Extensions.Logging.EventLog.dll
           /usr/lib64/dotnet/packs/Microsoft.AspNetCore.App.Ref/8.0.22/ref/net8.0/Microsoft.Extensions.Logging.EventSource.dll
           /usr/lib64/dotnet/packs/Microsoft.AspNetCore.App.Ref/8.0.22/ref/net8.0/Microsoft.Extensions.Logging.TraceSource.dll
           /usr/lib64/dotnet/packs/Microsoft.AspNetCore.App.Ref/8.0.22/ref/net8.0/Microsoft.Extensions.ObjectPool.dll
           /usr/lib64/dotnet/packs/Microsoft.AspNetCore.App.Ref/8.0.22/ref/net8.0/Microsoft.Extensions.Options.ConfigurationExtensions.dll
           /usr/lib64/dotnet/packs/Microsoft.AspNetCore.App.Ref/8.0.22/ref/net8.0/Microsoft.Extensions.Options.DataAnnotations.dll
           /usr/lib64/dotnet/packs/Microsoft.AspNetCore.App.Ref/8.0.22/ref/net8.0/Microsoft.Extensions.Options.dll
           /usr/lib64/dotnet/packs/Microsoft.AspNetCore.App.Ref/8.0.22/ref/net8.0/Microsoft.Extensions.Primitives.dll
           /usr/lib64/dotnet/packs/Microsoft.AspNetCore.App.Ref/8.0.22/ref/net8.0/Microsoft.Extensions.WebEncoders.dll
           /home/baturhan/.nuget/packages/microsoft.identitymodel.abstractions/7.4.0/lib/net8.0/Microsoft.IdentityModel.Abstractions.dll
           /home/baturhan/.nuget/packages/microsoft.identitymodel.jsonwebtokens/7.4.0/lib/net8.0/Microsoft.IdentityModel.JsonWebTokens.dll
           /home/baturhan/.nuget/packages/microsoft.identitymodel.logging/7.4.0/lib/net8.0/Microsoft.IdentityModel.Logging.dll
           /home/baturhan/.nuget/packages/microsoft.identitymodel.tokens/7.4.0/lib/net8.0/Microsoft.IdentityModel.Tokens.dll
           /usr/lib64/dotnet/packs/Microsoft.AspNetCore.App.Ref/8.0.22/ref/net8.0/Microsoft.JSInterop.dll
           /usr/lib64/dotnet/packs/Microsoft.AspNetCore.App.Ref/8.0.22/ref/net8.0/Microsoft.Net.Http.Headers.dll
           /usr/lib64/dotnet/packs/Microsoft.NETCore.App.Ref/8.0.22/ref/net8.0/Microsoft.VisualBasic.Core.dll
           /usr/lib64/dotnet/packs/Microsoft.NETCore.App.Ref/8.0.22/ref/net8.0/Microsoft.VisualBasic.dll
           /usr/lib64/dotnet/packs/Microsoft.NETCore.App.Ref/8.0.22/ref/net8.0/Microsoft.Win32.Primitives.dll
           /usr/lib64/dotnet/packs/Microsoft.NETCore.App.Ref/8.0.22/ref/net8.0/Microsoft.Win32.Registry.dll
           /usr/lib64/dotnet/packs/Microsoft.NETCore.App.Ref/8.0.22/ref/net8.0/mscorlib.dll
           /usr/lib64/dotnet/packs/Microsoft.NETCore.App.Ref/8.0.22/ref/net8.0/netstandard.dll
           /home/baturhan/.nuget/packages/newtonsoft.json/13.0.3/lib/net6.0/Newtonsoft.Json.dll
           /home/baturhan/.nuget/packages/npgsql/8.0.6/lib/net8.0/Npgsql.dll
           /home/baturhan/.nuget/packages/npgsql.entityframeworkcore.postgresql/8.0.11/lib/net8.0/Npgsql.EntityFrameworkCore.PostgreSQL.dll
           /home/baturhan/.nuget/packages/pipelines.sockets.unofficial/2.2.8/lib/net5.0/Pipelines.Sockets.Unofficial.dll
           /home/baturhan/.nuget/packages/serilog.aspnetcore/8.0.1/lib/net8.0/Serilog.AspNetCore.dll
           /home/baturhan/.nuget/packages/serilog/3.1.1/lib/net7.0/Serilog.dll
           /home/baturhan/.nuget/packages/serilog.extensions.hosting/8.0.0/lib/net8.0/Serilog.Extensions.Hosting.dll
           /home/baturhan/.nuget/packages/serilog.extensions.logging/8.0.0/lib/net8.0/Serilog.Extensions.Logging.dll
           /home/baturhan/.nuget/packages/serilog.formatting.compact/2.0.0/lib/net7.0/Serilog.Formatting.Compact.dll
           /home/baturhan/.nuget/packages/serilog.settings.configuration/8.0.0/lib/net8.0/Serilog.Settings.Configuration.dll
           /home/baturhan/.nuget/packages/serilog.sinks.console/5.0.1/lib/net7.0/Serilog.Sinks.Console.dll
           /home/baturhan/.nuget/packages/serilog.sinks.debug/2.0.0/lib/netstandard2.1/Serilog.Sinks.Debug.dll
           /home/baturhan/.nuget/packages/serilog.sinks.file/5.0.0/lib/net5.0/Serilog.Sinks.File.dll
           /home/baturhan/Projeler/Entegrasyon/Shared/Shared/obj/Debug/net8.0/ref/Shared.dll
           /home/baturhan/.nuget/packages/stackexchange.redis/2.7.27/lib/net6.0/StackExchange.Redis.dll
           /usr/lib64/dotnet/packs/Microsoft.NETCore.App.Ref/8.0.22/ref/net8.0/System.AppContext.dll
           /usr/lib64/dotnet/packs/Microsoft.NETCore.App.Ref/8.0.22/ref/net8.0/System.Buffers.dll
           /usr/lib64/dotnet/packs/Microsoft.NETCore.App.Ref/8.0.22/ref/net8.0/System.Collections.Concurrent.dll
           /usr/lib64/dotnet/packs/Microsoft.NETCore.App.Ref/8.0.22/ref/net8.0/System.Collections.dll
           /usr/lib64/dotnet/packs/Microsoft.NETCore.App.Ref/8.0.22/ref/net8.0/System.Collections.Immutable.dll
           /usr/lib64/dotnet/packs/Microsoft.NETCore.App.Ref/8.0.22/ref/net8.0/System.Collections.NonGeneric.dll
           /usr/lib64/dotnet/packs/Microsoft.NETCore.App.Ref/8.0.22/ref/net8.0/System.Collections.Specialized.dll
           /usr/lib64/dotnet/packs/Microsoft.NETCore.App.Ref/8.0.22/ref/net8.0/System.ComponentModel.Annotations.dll
           /usr/lib64/dotnet/packs/Microsoft.NETCore.App.Ref/8.0.22/ref/net8.0/System.ComponentModel.DataAnnotations.dll
           /usr/lib64/dotnet/packs/Microsoft.NETCore.App.Ref/8.0.22/ref/net8.0/System.ComponentModel.dll
           /usr/lib64/dotnet/packs/Microsoft.NETCore.App.Ref/8.0.22/ref/net8.0/System.ComponentModel.EventBasedAsync.dll
           /usr/lib64/dotnet/packs/Microsoft.NETCore.App.Ref/8.0.22/ref/net8.0/System.ComponentModel.Primitives.dll
           /usr/lib64/dotnet/packs/Microsoft.NETCore.App.Ref/8.0.22/ref/net8.0/System.ComponentModel.TypeConverter.dll
           /usr/lib64/dotnet/packs/Microsoft.NETCore.App.Ref/8.0.22/ref/net8.0/System.Configuration.dll
           /usr/lib64/dotnet/packs/Microsoft.NETCore.App.Ref/8.0.22/ref/net8.0/System.Console.dll
           /usr/lib64/dotnet/packs/Microsoft.NETCore.App.Ref/8.0.22/ref/net8.0/System.Core.dll
           /usr/lib64/dotnet/packs/Microsoft.NETCore.App.Ref/8.0.22/ref/net8.0/System.Data.Common.dll
           /usr/lib64/dotnet/packs/Microsoft.NETCore.App.Ref/8.0.22/ref/net8.0/System.Data.DataSetExtensions.dll
           /usr/lib64/dotnet/packs/Microsoft.NETCore.App.Ref/8.0.22/ref/net8.0/System.Data.dll
           /usr/lib64/dotnet/packs/Microsoft.NETCore.App.Ref/8.0.22/ref/net8.0/System.Diagnostics.Contracts.dll
           /usr/lib64/dotnet/packs/Microsoft.NETCore.App.Ref/8.0.22/ref/net8.0/System.Diagnostics.Debug.dll
           /usr/lib64/dotnet/packs/Microsoft.NETCore.App.Ref/8.0.22/ref/net8.0/System.Diagnostics.DiagnosticSource.dll
           /usr/lib64/dotnet/packs/Microsoft.AspNetCore.App.Ref/8.0.22/ref/net8.0/System.Diagnostics.EventLog.dll
           /usr/lib64/dotnet/packs/Microsoft.NETCore.App.Ref/8.0.22/ref/net8.0/System.Diagnostics.FileVersionInfo.dll
           /usr/lib64/dotnet/packs/Microsoft.NETCore.App.Ref/8.0.22/ref/net8.0/System.Diagnostics.Process.dll
           /usr/lib64/dotnet/packs/Microsoft.NETCore.App.Ref/8.0.22/ref/net8.0/System.Diagnostics.StackTrace.dll
           /usr/lib64/dotnet/packs/Microsoft.NETCore.App.Ref/8.0.22/ref/net8.0/System.Diagnostics.TextWriterTraceListener.dll
           /usr/lib64/dotnet/packs/Microsoft.NETCore.App.Ref/8.0.22/ref/net8.0/System.Diagnostics.Tools.dll
           /usr/lib64/dotnet/packs/Microsoft.NETCore.App.Ref/8.0.22/ref/net8.0/System.Diagnostics.TraceSource.dll
           /usr/lib64/dotnet/packs/Microsoft.NETCore.App.Ref/8.0.22/ref/net8.0/System.Diagnostics.Tracing.dll
           /usr/lib64/dotnet/packs/Microsoft.NETCore.App.Ref/8.0.22/ref/net8.0/System.dll
           /usr/lib64/dotnet/packs/Microsoft.NETCore.App.Ref/8.0.22/ref/net8.0/System.Drawing.dll
           /usr/lib64/dotnet/packs/Microsoft.NETCore.App.Ref/8.0.22/ref/net8.0/System.Drawing.Primitives.dll
           /usr/lib64/dotnet/packs/Microsoft.NETCore.App.Ref/8.0.22/ref/net8.0/System.Dynamic.Runtime.dll
           /usr/lib64/dotnet/packs/Microsoft.NETCore.App.Ref/8.0.22/ref/net8.0/System.Formats.Asn1.dll
           /usr/lib64/dotnet/packs/Microsoft.NETCore.App.Ref/8.0.22/ref/net8.0/System.Formats.Tar.dll
           /usr/lib64/dotnet/packs/Microsoft.NETCore.App.Ref/8.0.22/ref/net8.0/System.Globalization.Calendars.dll
           /usr/lib64/dotnet/packs/Microsoft.NETCore.App.Ref/8.0.22/ref/net8.0/System.Globalization.dll
           /usr/lib64/dotnet/packs/Microsoft.NETCore.App.Ref/8.0.22/ref/net8.0/System.Globalization.Extensions.dll
           /home/baturhan/.nuget/packages/system.identitymodel.tokens.jwt/7.4.0/lib/net8.0/System.IdentityModel.Tokens.Jwt.dll
           /usr/lib64/dotnet/packs/Microsoft.NETCore.App.Ref/8.0.22/ref/net8.0/System.IO.Compression.Brotli.dll
           /usr/lib64/dotnet/packs/Microsoft.NETCore.App.Ref/8.0.22/ref/net8.0/System.IO.Compression.dll
           /usr/lib64/dotnet/packs/Microsoft.NETCore.App.Ref/8.0.22/ref/net8.0/System.IO.Compression.FileSystem.dll
           /usr/lib64/dotnet/packs/Microsoft.NETCore.App.Ref/8.0.22/ref/net8.0/System.IO.Compression.ZipFile.dll
           /usr/lib64/dotnet/packs/Microsoft.NETCore.App.Ref/8.0.22/ref/net8.0/System.IO.dll
           /usr/lib64/dotnet/packs/Microsoft.NETCore.App.Ref/8.0.22/ref/net8.0/System.IO.FileSystem.AccessControl.dll
           /usr/lib64/dotnet/packs/Microsoft.NETCore.App.Ref/8.0.22/ref/net8.0/System.IO.FileSystem.dll
           /usr/lib64/dotnet/packs/Microsoft.NETCore.App.Ref/8.0.22/ref/net8.0/System.IO.FileSystem.DriveInfo.dll
           /usr/lib64/dotnet/packs/Microsoft.NETCore.App.Ref/8.0.22/ref/net8.0/System.IO.FileSystem.Primitives.dll
           /usr/lib64/dotnet/packs/Microsoft.NETCore.App.Ref/8.0.22/ref/net8.0/System.IO.FileSystem.Watcher.dll
           /usr/lib64/dotnet/packs/Microsoft.NETCore.App.Ref/8.0.22/ref/net8.0/System.IO.IsolatedStorage.dll
           /usr/lib64/dotnet/packs/Microsoft.NETCore.App.Ref/8.0.22/ref/net8.0/System.IO.MemoryMappedFiles.dll
           /usr/lib64/dotnet/packs/Microsoft.AspNetCore.App.Ref/8.0.22/ref/net8.0/System.IO.Pipelines.dll
           /usr/lib64/dotnet/packs/Microsoft.NETCore.App.Ref/8.0.22/ref/net8.0/System.IO.Pipes.AccessControl.dll
           /usr/lib64/dotnet/packs/Microsoft.NETCore.App.Ref/8.0.22/ref/net8.0/System.IO.Pipes.dll
           /usr/lib64/dotnet/packs/Microsoft.NETCore.App.Ref/8.0.22/ref/net8.0/System.IO.UnmanagedMemoryStream.dll
           /usr/lib64/dotnet/packs/Microsoft.NETCore.App.Ref/8.0.22/ref/net8.0/System.Linq.dll
           /usr/lib64/dotnet/packs/Microsoft.NETCore.App.Ref/8.0.22/ref/net8.0/System.Linq.Expressions.dll
           /usr/lib64/dotnet/packs/Microsoft.NETCore.App.Ref/8.0.22/ref/net8.0/System.Linq.Parallel.dll
           /usr/lib64/dotnet/packs/Microsoft.NETCore.App.Ref/8.0.22/ref/net8.0/System.Linq.Queryable.dll
           /usr/lib64/dotnet/packs/Microsoft.NETCore.App.Ref/8.0.22/ref/net8.0/System.Memory.dll
           /usr/lib64/dotnet/packs/Microsoft.NETCore.App.Ref/8.0.22/ref/net8.0/System.Net.dll
           /usr/lib64/dotnet/packs/Microsoft.NETCore.App.Ref/8.0.22/ref/net8.0/System.Net.Http.dll
           /usr/lib64/dotnet/packs/Microsoft.NETCore.App.Ref/8.0.22/ref/net8.0/System.Net.Http.Json.dll
           /usr/lib64/dotnet/packs/Microsoft.NETCore.App.Ref/8.0.22/ref/net8.0/System.Net.HttpListener.dll
           /usr/lib64/dotnet/packs/Microsoft.NETCore.App.Ref/8.0.22/ref/net8.0/System.Net.Mail.dll
           /usr/lib64/dotnet/packs/Microsoft.NETCore.App.Ref/8.0.22/ref/net8.0/System.Net.NameResolution.dll
           /usr/lib64/dotnet/packs/Microsoft.NETCore.App.Ref/8.0.22/ref/net8.0/System.Net.NetworkInformation.dll
           /usr/lib64/dotnet/packs/Microsoft.NETCore.App.Ref/8.0.22/ref/net8.0/System.Net.Ping.dll
           /usr/lib64/dotnet/packs/Microsoft.NETCore.App.Ref/8.0.22/ref/net8.0/System.Net.Primitives.dll
           /usr/lib64/dotnet/packs/Microsoft.NETCore.App.Ref/8.0.22/ref/net8.0/System.Net.Quic.dll
           /usr/lib64/dotnet/packs/Microsoft.NETCore.App.Ref/8.0.22/ref/net8.0/System.Net.Requests.dll
           /usr/lib64/dotnet/packs/Microsoft.NETCore.App.Ref/8.0.22/ref/net8.0/System.Net.Security.dll
           /usr/lib64/dotnet/packs/Microsoft.NETCore.App.Ref/8.0.22/ref/net8.0/System.Net.ServicePoint.dll
           /usr/lib64/dotnet/packs/Microsoft.NETCore.App.Ref/8.0.22/ref/net8.0/System.Net.Sockets.dll
           /usr/lib64/dotnet/packs/Microsoft.NETCore.App.Ref/8.0.22/ref/net8.0/System.Net.WebClient.dll
           /usr/lib64/dotnet/packs/Microsoft.NETCore.App.Ref/8.0.22/ref/net8.0/System.Net.WebHeaderCollection.dll
           /usr/lib64/dotnet/packs/Microsoft.NETCore.App.Ref/8.0.22/ref/net8.0/System.Net.WebProxy.dll
           /usr/lib64/dotnet/packs/Microsoft.NETCore.App.Ref/8.0.22/ref/net8.0/System.Net.WebSockets.Client.dll
           /usr/lib64/dotnet/packs/Microsoft.NETCore.App.Ref/8.0.22/ref/net8.0/System.Net.WebSockets.dll
           /usr/lib64/dotnet/packs/Microsoft.NETCore.App.Ref/8.0.22/ref/net8.0/System.Numerics.dll
           /usr/lib64/dotnet/packs/Microsoft.NETCore.App.Ref/8.0.22/ref/net8.0/System.Numerics.Vectors.dll
           /usr/lib64/dotnet/packs/Microsoft.NETCore.App.Ref/8.0.22/ref/net8.0/System.ObjectModel.dll
           /usr/lib64/dotnet/packs/Microsoft.NETCore.App.Ref/8.0.22/ref/net8.0/System.Reflection.DispatchProxy.dll
           /usr/lib64/dotnet/packs/Microsoft.NETCore.App.Ref/8.0.22/ref/net8.0/System.Reflection.dll
           /usr/lib64/dotnet/packs/Microsoft.NETCore.App.Ref/8.0.22/ref/net8.0/System.Reflection.Emit.dll
           /usr/lib64/dotnet/packs/Microsoft.NETCore.App.Ref/8.0.22/ref/net8.0/System.Reflection.Emit.ILGeneration.dll
           /usr/lib64/dotnet/packs/Microsoft.NETCore.App.Ref/8.0.22/ref/net8.0/System.Reflection.Emit.Lightweight.dll
           /usr/lib64/dotnet/packs/Microsoft.NETCore.App.Ref/8.0.22/ref/net8.0/System.Reflection.Extensions.dll
           /usr/lib64/dotnet/packs/Microsoft.NETCore.App.Ref/8.0.22/ref/net8.0/System.Reflection.Metadata.dll
           /usr/lib64/dotnet/packs/Microsoft.NETCore.App.Ref/8.0.22/ref/net8.0/System.Reflection.Primitives.dll
           /usr/lib64/dotnet/packs/Microsoft.NETCore.App.Ref/8.0.22/ref/net8.0/System.Reflection.TypeExtensions.dll
           /usr/lib64/dotnet/packs/Microsoft.NETCore.App.Ref/8.0.22/ref/net8.0/System.Resources.Reader.dll
           /usr/lib64/dotnet/packs/Microsoft.NETCore.App.Ref/8.0.22/ref/net8.0/System.Resources.ResourceManager.dll
           /usr/lib64/dotnet/packs/Microsoft.NETCore.App.Ref/8.0.22/ref/net8.0/System.Resources.Writer.dll
           /usr/lib64/dotnet/packs/Microsoft.NETCore.App.Ref/8.0.22/ref/net8.0/System.Runtime.CompilerServices.Unsafe.dll
           /usr/lib64/dotnet/packs/Microsoft.NETCore.App.Ref/8.0.22/ref/net8.0/System.Runtime.CompilerServices.VisualC.dll
           /usr/lib64/dotnet/packs/Microsoft.NETCore.App.Ref/8.0.22/ref/net8.0/System.Runtime.dll
           /usr/lib64/dotnet/packs/Microsoft.NETCore.App.Ref/8.0.22/ref/net8.0/System.Runtime.Extensions.dll
           /usr/lib64/dotnet/packs/Microsoft.NETCore.App.Ref/8.0.22/ref/net8.0/System.Runtime.Handles.dll
           /usr/lib64/dotnet/packs/Microsoft.NETCore.App.Ref/8.0.22/ref/net8.0/System.Runtime.InteropServices.dll
           /usr/lib64/dotnet/packs/Microsoft.NETCore.App.Ref/8.0.22/ref/net8.0/System.Runtime.InteropServices.JavaScript.dll
           /usr/lib64/dotnet/packs/Microsoft.NETCore.App.Ref/8.0.22/ref/net8.0/System.Runtime.InteropServices.RuntimeInformation.dll
           /usr/lib64/dotnet/packs/Microsoft.NETCore.App.Ref/8.0.22/ref/net8.0/System.Runtime.Intrinsics.dll
           /usr/lib64/dotnet/packs/Microsoft.NETCore.App.Ref/8.0.22/ref/net8.0/System.Runtime.Loader.dll
           /usr/lib64/dotnet/packs/Microsoft.NETCore.App.Ref/8.0.22/ref/net8.0/System.Runtime.Numerics.dll
           /usr/lib64/dotnet/packs/Microsoft.NETCore.App.Ref/8.0.22/ref/net8.0/System.Runtime.Serialization.dll
           /usr/lib64/dotnet/packs/Microsoft.NETCore.App.Ref/8.0.22/ref/net8.0/System.Runtime.Serialization.Formatters.dll
           /usr/lib64/dotnet/packs/Microsoft.NETCore.App.Ref/8.0.22/ref/net8.0/System.Runtime.Serialization.Json.dll
           /usr/lib64/dotnet/packs/Microsoft.NETCore.App.Ref/8.0.22/ref/net8.0/System.Runtime.Serialization.Primitives.dll
           /usr/lib64/dotnet/packs/Microsoft.NETCore.App.Ref/8.0.22/ref/net8.0/System.Runtime.Serialization.Xml.dll
           /usr/lib64/dotnet/packs/Microsoft.NETCore.App.Ref/8.0.22/ref/net8.0/System.Security.AccessControl.dll
           /usr/lib64/dotnet/packs/Microsoft.NETCore.App.Ref/8.0.22/ref/net8.0/System.Security.Claims.dll
           /usr/lib64/dotnet/packs/Microsoft.NETCore.App.Ref/8.0.22/ref/net8.0/System.Security.Cryptography.Algorithms.dll
           /usr/lib64/dotnet/packs/Microsoft.NETCore.App.Ref/8.0.22/ref/net8.0/System.Security.Cryptography.Cng.dll
           /usr/lib64/dotnet/packs/Microsoft.NETCore.App.Ref/8.0.22/ref/net8.0/System.Security.Cryptography.Csp.dll
           /usr/lib64/dotnet/packs/Microsoft.NETCore.App.Ref/8.0.22/ref/net8.0/System.Security.Cryptography.dll
           /usr/lib64/dotnet/packs/Microsoft.NETCore.App.Ref/8.0.22/ref/net8.0/System.Security.Cryptography.Encoding.dll
           /usr/lib64/dotnet/packs/Microsoft.NETCore.App.Ref/8.0.22/ref/net8.0/System.Security.Cryptography.OpenSsl.dll
           /usr/lib64/dotnet/packs/Microsoft.NETCore.App.Ref/8.0.22/ref/net8.0/System.Security.Cryptography.Primitives.dll
           /usr/lib64/dotnet/packs/Microsoft.NETCore.App.Ref/8.0.22/ref/net8.0/System.Security.Cryptography.X509Certificates.dll
           /usr/lib64/dotnet/packs/Microsoft.AspNetCore.App.Ref/8.0.22/ref/net8.0/System.Security.Cryptography.Xml.dll
           /usr/lib64/dotnet/packs/Microsoft.NETCore.App.Ref/8.0.22/ref/net8.0/System.Security.dll
           /usr/lib64/dotnet/packs/Microsoft.NETCore.App.Ref/8.0.22/ref/net8.0/System.Security.Principal.dll
           /usr/lib64/dotnet/packs/Microsoft.NETCore.App.Ref/8.0.22/ref/net8.0/System.Security.Principal.Windows.dll
           /usr/lib64/dotnet/packs/Microsoft.NETCore.App.Ref/8.0.22/ref/net8.0/System.Security.SecureString.dll
           /usr/lib64/dotnet/packs/Microsoft.NETCore.App.Ref/8.0.22/ref/net8.0/System.ServiceModel.Web.dll
           /usr/lib64/dotnet/packs/Microsoft.NETCore.App.Ref/8.0.22/ref/net8.0/System.ServiceProcess.dll
           /usr/lib64/dotnet/packs/Microsoft.NETCore.App.Ref/8.0.22/ref/net8.0/System.Text.Encoding.CodePages.dll
           /usr/lib64/dotnet/packs/Microsoft.NETCore.App.Ref/8.0.22/ref/net8.0/System.Text.Encoding.dll
           /usr/lib64/dotnet/packs/Microsoft.NETCore.App.Ref/8.0.22/ref/net8.0/System.Text.Encoding.Extensions.dll
           /usr/lib64/dotnet/packs/Microsoft.NETCore.App.Ref/8.0.22/ref/net8.0/System.Text.Encodings.Web.dll
           /usr/lib64/dotnet/packs/Microsoft.NETCore.App.Ref/8.0.22/ref/net8.0/System.Text.Json.dll
           /usr/lib64/dotnet/packs/Microsoft.NETCore.App.Ref/8.0.22/ref/net8.0/System.Text.RegularExpressions.dll
           /usr/lib64/dotnet/packs/Microsoft.NETCore.App.Ref/8.0.22/ref/net8.0/System.Threading.Channels.dll
           /usr/lib64/dotnet/packs/Microsoft.NETCore.App.Ref/8.0.22/ref/net8.0/System.Threading.dll
           /usr/lib64/dotnet/packs/Microsoft.NETCore.App.Ref/8.0.22/ref/net8.0/System.Threading.Overlapped.dll
           /usr/lib64/dotnet/packs/Microsoft.AspNetCore.App.Ref/8.0.22/ref/net8.0/System.Threading.RateLimiting.dll
           /usr/lib64/dotnet/packs/Microsoft.NETCore.App.Ref/8.0.22/ref/net8.0/System.Threading.Tasks.Dataflow.dll
           /usr/lib64/dotnet/packs/Microsoft.NETCore.App.Ref/8.0.22/ref/net8.0/System.Threading.Tasks.dll
           /usr/lib64/dotnet/packs/Microsoft.NETCore.App.Ref/8.0.22/ref/net8.0/System.Threading.Tasks.Extensions.dll
           /usr/lib64/dotnet/packs/Microsoft.NETCore.App.Ref/8.0.22/ref/net8.0/System.Threading.Tasks.Parallel.dll
           /usr/lib64/dotnet/packs/Microsoft.NETCore.App.Ref/8.0.22/ref/net8.0/System.Threading.Thread.dll
           /usr/lib64/dotnet/packs/Microsoft.NETCore.App.Ref/8.0.22/ref/net8.0/System.Threading.ThreadPool.dll
           /usr/lib64/dotnet/packs/Microsoft.NETCore.App.Ref/8.0.22/ref/net8.0/System.Threading.Timer.dll
           /usr/lib64/dotnet/packs/Microsoft.NETCore.App.Ref/8.0.22/ref/net8.0/System.Transactions.dll
           /usr/lib64/dotnet/packs/Microsoft.NETCore.App.Ref/8.0.22/ref/net8.0/System.Transactions.Local.dll
           /usr/lib64/dotnet/packs/Microsoft.NETCore.App.Ref/8.0.22/ref/net8.0/System.ValueTuple.dll
           /usr/lib64/dotnet/packs/Microsoft.NETCore.App.Ref/8.0.22/ref/net8.0/System.Web.dll
           /usr/lib64/dotnet/packs/Microsoft.NETCore.App.Ref/8.0.22/ref/net8.0/System.Web.HttpUtility.dll
           /usr/lib64/dotnet/packs/Microsoft.NETCore.App.Ref/8.0.22/ref/net8.0/System.Windows.dll
           /usr/lib64/dotnet/packs/Microsoft.NETCore.App.Ref/8.0.22/ref/net8.0/System.Xml.dll
           /usr/lib64/dotnet/packs/Microsoft.NETCore.App.Ref/8.0.22/ref/net8.0/System.Xml.Linq.dll
           /usr/lib64/dotnet/packs/Microsoft.NETCore.App.Ref/8.0.22/ref/net8.0/System.Xml.ReaderWriter.dll
           /usr/lib64/dotnet/packs/Microsoft.NETCore.App.Ref/8.0.22/ref/net8.0/System.Xml.Serialization.dll
           /usr/lib64/dotnet/packs/Microsoft.NETCore.App.Ref/8.0.22/ref/net8.0/System.Xml.XDocument.dll
           /usr/lib64/dotnet/packs/Microsoft.NETCore.App.Ref/8.0.22/ref/net8.0/System.Xml.XmlDocument.dll
           /usr/lib64/dotnet/packs/Microsoft.NETCore.App.Ref/8.0.22/ref/net8.0/System.Xml.XmlSerializer.dll
           /usr/lib64/dotnet/packs/Microsoft.NETCore.App.Ref/8.0.22/ref/net8.0/System.Xml.XPath.dll
           /usr/lib64/dotnet/packs/Microsoft.NETCore.App.Ref/8.0.22/ref/net8.0/System.Xml.XPath.XDocument.dll
           /usr/lib64/dotnet/packs/Microsoft.NETCore.App.Ref/8.0.22/ref/net8.0/WindowsBase.dll
           obj/Debug/net8.0/Entegrasyon.DataAccess.csproj.CoreCompileInputs.cache
           /usr/lib64/dotnet/sdk/10.0.101/Sdks/Microsoft.NET.Sdk/targets/../analyzers/Microsoft.CodeAnalysis.CSharp.NetAnalyzers.dll
           /usr/lib64/dotnet/sdk/10.0.101/Sdks/Microsoft.NET.Sdk/targets/../analyzers/Microsoft.CodeAnalysis.NetAnalyzers.dll
           /home/baturhan/.nuget/packages/microsoft.codeanalysis.analyzers/3.3.3/analyzers/dotnet/cs/Microsoft.CodeAnalysis.Analyzers.dll
           /home/baturhan/.nuget/packages/microsoft.codeanalysis.analyzers/3.3.3/analyzers/dotnet/cs/Microsoft.CodeAnalysis.CSharp.Analyzers.dll
           /home/baturhan/.nuget/packages/microsoft.entityframeworkcore.analyzers/8.0.15/analyzers/dotnet/cs/Microsoft.EntityFrameworkCore.Analyzers.dll
           /usr/lib64/dotnet/packs/Microsoft.NETCore.App.Ref/8.0.22/analyzers/dotnet/cs/Microsoft.Interop.ComInterfaceGenerator.dll
           /usr/lib64/dotnet/packs/Microsoft.NETCore.App.Ref/8.0.22/analyzers/dotnet/cs/Microsoft.Interop.JavaScript.JSImportGenerator.dll
           /usr/lib64/dotnet/packs/Microsoft.NETCore.App.Ref/8.0.22/analyzers/dotnet/cs/Microsoft.Interop.LibraryImportGenerator.dll
           /usr/lib64/dotnet/packs/Microsoft.NETCore.App.Ref/8.0.22/analyzers/dotnet/cs/Microsoft.Interop.SourceGeneration.dll
           /usr/lib64/dotnet/packs/Microsoft.NETCore.App.Ref/8.0.22/analyzers/dotnet/cs/System.Text.Json.SourceGeneration.dll
           /usr/lib64/dotnet/packs/Microsoft.NETCore.App.Ref/8.0.22/analyzers/dotnet/cs/System.Text.RegularExpressions.Generator.dll
           /usr/lib64/dotnet/packs/Microsoft.AspNetCore.App.Ref/8.0.22/analyzers/dotnet/cs/Microsoft.AspNetCore.App.Analyzers.dll
           /usr/lib64/dotnet/packs/Microsoft.AspNetCore.App.Ref/8.0.22/analyzers/dotnet/cs/Microsoft.AspNetCore.App.CodeFixes.dll
           /usr/lib64/dotnet/packs/Microsoft.AspNetCore.App.Ref/8.0.22/analyzers/dotnet/cs/Microsoft.AspNetCore.Components.Analyzers.dll
           /usr/lib64/dotnet/packs/Microsoft.AspNetCore.App.Ref/8.0.22/analyzers/dotnet/roslyn4.4/cs/Microsoft.Extensions.Logging.Generators.dll
           /usr/lib64/dotnet/packs/Microsoft.AspNetCore.App.Ref/8.0.22/analyzers/dotnet/roslyn4.4/cs/Microsoft.Extensions.Options.SourceGeneration.dll
           /home/baturhan/Projeler/Entegrasyon/.editorconfig
           obj/Debug/net8.0/Entegrasyon.DataAccess.GeneratedMSBuildEditorConfig.editorconfig
           /usr/lib64/dotnet/sdk/10.0.101/Sdks/Microsoft.NET.Sdk/analyzers/build/config/analysislevel_8_default.globalconfig
           /home/baturhan/Projeler/Entegrasyon/Application/Entegrasyon.DataAccess/obj/Entegrasyon.DataAccess.csproj.EntityFrameworkCore.targets
           /usr/lib64/dotnet/sdk/10.0.101/Current/Microsoft.Common.targets/ImportAfter/Microsoft.TestPlatform.ImportAfter.targets
           obj/Debug/net8.0/Entegrasyon.DataAccess.sourcelink.json
   5:7>Target "_InitializeBitbucketGitSourceLinkUrl" in file "/usr/lib64/dotnet/sdk/10.0.101/Sdks/Microsoft.SourceLink.Bitbucket.Git/build/Microsoft.SourceLink.Bitbucket.Git.targets" from project "/home/baturhan/Projeler/Entegrasyon/Application/Entegrasyon.MessageQueue.Commands/Entegrasyon.MessageQueue.Commands.csproj" (target "_GenerateSourceLinkFile" depends on it):
   5:7>Building target "_InitializeBitbucketGitSourceLinkUrl" completely.
   7:7>CoreCompile:
       Output files: 
           obj/Debug/net8.0/Entegrasyon.DataAccess.dll
           obj/Debug/net8.0/refint/Entegrasyon.DataAccess.dll
           obj/Debug/net8.0/Entegrasyon.DataAccess.pdb
       /usr/lib64/dotnet/sdk/10.0.101/Roslyn/Microsoft.CSharp.Core.targets(66,7): message : Property reassignment: $(NoWarn)="1701;1702;1701;1702" (previous value: "1701;1702") at /usr/lib64/dotnet/sdk/10.0.101/Roslyn/Microsoft.CSharp.Core.targets (66,7) [/home/baturhan/Projeler/Entegrasyon/Application/Entegrasyon.DataAccess/Entegrasyon.DataAccess.csproj]
   5:7>_InitializeBitbucketGitSourceLinkUrl:
       No input files were specified.
   7:7>Done building target "CoreCompile" in project "Entegrasyon.DataAccess.csproj".
   7:7>Target "AfterCompile" in file "/usr/lib64/dotnet/sdk/10.0.101/Microsoft.Common.CurrentVersion.targets" from project "/home/baturhan/Projeler/Entegrasyon/Application/Entegrasyon.DataAccess/Entegrasyon.DataAccess.csproj" (target "Compile" depends on it):
   7:7>Done building target "AfterCompile" in project "Entegrasyon.DataAccess.csproj".
   5:7>_InitializeBitbucketGitSourceLinkUrl:
       Using "Microsoft.SourceLink.Bitbucket.Git.GetSourceLinkUrl" task from assembly "/usr/lib64/dotnet/sdk/10.0.101/Sdks/Microsoft.SourceLink.Bitbucket.Git/build/../tools/net/Microsoft.SourceLink.Bitbucket.Git.dll".
   7:7>Target "Compile" in file "/usr/lib64/dotnet/sdk/10.0.101/Microsoft.Common.CurrentVersion.targets" from project "/home/baturhan/Projeler/Entegrasyon/Application/Entegrasyon.DataAccess/Entegrasyon.DataAccess.csproj" (target "CoreBuild" depends on it):
   7:7>Done building target "Compile" in project "Entegrasyon.DataAccess.csproj".
   5:7>Task "Microsoft.SourceLink.Bitbucket.Git.GetSourceLinkUrl"
   7:7>Target "_GenerateSatelliteAssemblyInputs" in file "/usr/lib64/dotnet/sdk/10.0.101/Microsoft.Common.CurrentVersion.targets" from project "/home/baturhan/Projeler/Entegrasyon/Application/Entegrasyon.DataAccess/Entegrasyon.DataAccess.csproj" (target "CreateSatelliteAssemblies" depends on it):
   7:7>Done building target "_GenerateSatelliteAssemblyInputs" in project "Entegrasyon.DataAccess.csproj".
   7:7>Target "CreateSatelliteAssemblies" in file "/usr/lib64/dotnet/sdk/10.0.101/Microsoft.Common.CurrentVersion.targets" from project "/home/baturhan/Projeler/Entegrasyon/Application/Entegrasyon.DataAccess/Entegrasyon.DataAccess.csproj" (target "CoreBuild" depends on it):
   7:7>Done building target "CreateSatelliteAssemblies" in project "Entegrasyon.DataAccess.csproj".
   5:7>Done executing task "Microsoft.SourceLink.Bitbucket.Git.GetSourceLinkUrl".
   7:7>Target "GetTargetPathWithTargetPlatformMoniker" in file "/usr/lib64/dotnet/sdk/10.0.101/Microsoft.Common.CurrentVersion.targets" from project "/home/baturhan/Projeler/Entegrasyon/Application/Entegrasyon.DataAccess/Entegrasyon.DataAccess.csproj" (target "GetTargetPath" depends on it):
   7:7>Done building target "GetTargetPathWithTargetPlatformMoniker" in project "Entegrasyon.DataAccess.csproj".
   5:7>Done building target "_InitializeBitbucketGitSourceLinkUrl" in project "Entegrasyon.MessageQueue.Commands.csproj".
   7:7>Target "GetTargetPath" in file "/usr/lib64/dotnet/sdk/10.0.101/Microsoft.Common.CurrentVersion.targets" from project "/home/baturhan/Projeler/Entegrasyon/Application/Entegrasyon.DataAccess/Entegrasyon.DataAccess.csproj" (target "CoreBuild" depends on it):
   7:7>Done building target "GetTargetPath" in project "Entegrasyon.DataAccess.csproj".
   7:7>Target "_CopyFilesMarkedCopyLocal" in file "/usr/lib64/dotnet/sdk/10.0.101/Microsoft.Common.CurrentVersion.targets" from project "/home/baturhan/Projeler/Entegrasyon/Application/Entegrasyon.DataAccess/Entegrasyon.DataAccess.csproj" (target "CopyFilesToOutputDirectory" depends on it):
       Using "Copy" task from assembly "Microsoft.Build.Tasks.Core, Version=15.1.0.0, Culture=neutral, PublicKeyToken=b03f5f7f11d50a3a".
       Task "Copy"
   5:7>Target "_InitializeBitbucketGitSourceLinkUrl" in file "/usr/lib64/dotnet/sdk/10.0.101/Sdks/Microsoft.SourceLink.Bitbucket.Git/build/Microsoft.SourceLink.Bitbucket.Git.targets" from project "/home/baturhan/Projeler/Entegrasyon/Application/Entegrasyon.MessageQueue.Commands/Entegrasyon.MessageQueue.Commands.csproj" (target "_GenerateSourceLinkFile" depends on it):
   5:7>Building target "_InitializeBitbucketGitSourceLinkUrl" completely.
       No input files were specified.
       Task "Microsoft.SourceLink.Bitbucket.Git.GetSourceLinkUrl"
       Done executing task "Microsoft.SourceLink.Bitbucket.Git.GetSourceLinkUrl".
   5:7>Done building target "_InitializeBitbucketGitSourceLinkUrl" in project "Entegrasyon.MessageQueue.Commands.csproj".
   5:7>Target "_GenerateSourceLinkFile" in file "/usr/lib64/dotnet/sdk/10.0.101/Sdks/Microsoft.SourceLink.Common/build/Microsoft.SourceLink.Common.targets" from project "/home/baturhan/Projeler/Entegrasyon/Application/Entegrasyon.MessageQueue.Commands/Entegrasyon.MessageQueue.Commands.csproj" (target "GenerateSourceLinkFile" depends on it):
       Building target "_GenerateSourceLinkFile" completely.
       No input files were specified.
       Using "Microsoft.SourceLink.Common.GenerateSourceLinkFile" task from assembly "/usr/lib64/dotnet/sdk/10.0.101/Sdks/Microsoft.SourceLink.Common/build/../tools/net/Microsoft.SourceLink.Common.dll".
       Task "Microsoft.SourceLink.Common.GenerateSourceLinkFile"
         Source Link file 'obj/Debug/net8.0/Entegrasyon.MessageQueue.Commands.sourcelink.json' is up-to-date.
   7:7>_CopyFilesMarkedCopyLocal:
         Did not copy from file "/home/baturhan/Projeler/Entegrasyon/Application/Entegrasyon.Entity/bin/Debug/net8.0/Entegrasyon.Entity.dll" to file "bin/Debug/net8.0/Entegrasyon.Entity.dll" because the "SkipUnchangedFiles" parameter was set to "true" in the project and the files' sizes and timestamps match.
         Did not copy from file "/home/baturhan/Projeler/Entegrasyon/Application/Entegrasyon.Entity/bin/Debug/net8.0/Entegrasyon.Entity.pdb" to file "bin/Debug/net8.0/Entegrasyon.Entity.pdb" because the "SkipUnchangedFiles" parameter was set to "true" in the project and the files' sizes and timestamps match.
         Did not copy from file "/home/baturhan/Projeler/Entegrasyon/Shared/Shared/bin/Debug/net8.0/Shared.dll" to file "bin/Debug/net8.0/Shared.dll" because the "SkipUnchangedFiles" parameter was set to "true" in the project and the files' sizes and timestamps match.
   5:7>Done executing task "Microsoft.SourceLink.Common.GenerateSourceLinkFile".
   7:7>_CopyFilesMarkedCopyLocal:
         Did not copy from file "/home/baturhan/Projeler/Entegrasyon/Shared/Shared/bin/Debug/net8.0/Shared.pdb" to file "bin/Debug/net8.0/Shared.pdb" because the "SkipUnchangedFiles" parameter was set to "true" in the project and the files' sizes and timestamps match.
   5:7>Done building target "_GenerateSourceLinkFile" in project "Entegrasyon.MessageQueue.Commands.csproj".
   7:7>Done executing task "Copy".
   7:7>Done building target "_CopyFilesMarkedCopyLocal" in project "Entegrasyon.DataAccess.csproj".
   5:7>Target "GenerateSourceLinkFile" in file "/usr/lib64/dotnet/sdk/10.0.101/Sdks/Microsoft.SourceLink.Common/build/Microsoft.SourceLink.Common.targets" from project "/home/baturhan/Projeler/Entegrasyon/Application/Entegrasyon.MessageQueue.Commands/Entegrasyon.MessageQueue.Commands.csproj" (target "CoreCompile" depends on it):
   5:7>Done building target "GenerateSourceLinkFile" in project "Entegrasyon.MessageQueue.Commands.csproj".
   7:7>Target "AssignTargetPaths" skipped. Previously built successfully.
       Target "AssignProjectConfiguration" skipped. Previously built successfully.
       Target "_SplitProjectReferencesByFileExistence" skipped. Previously built successfully.
       Target "_GetProjectReferenceTargetFrameworkProperties" skipped. Previously built successfully.
   5:7>Target "AddGlobalAnalyzerConfigForPackage_MicrosoftCodeAnalysisNetAnalyzers" in file "/usr/lib64/dotnet/sdk/10.0.101/Sdks/Microsoft.NET.Sdk/analyzers/build/Microsoft.CodeAnalysis.NetAnalyzers.targets" from project "/home/baturhan/Projeler/Entegrasyon/Application/Entegrasyon.MessageQueue.Commands/Entegrasyon.MessageQueue.Commands.csproj" (target "CoreCompile" depends on it):
   5:7>Done building target "AddGlobalAnalyzerConfigForPackage_MicrosoftCodeAnalysisNetAnalyzers" in project "Entegrasyon.MessageQueue.Commands.csproj".
   7:7>Target "_PopulateCommonStateForGetCopyToOutputDirectoryItems" in file "/usr/lib64/dotnet/sdk/10.0.101/Microsoft.Common.CurrentVersion.targets" from project "/home/baturhan/Projeler/Entegrasyon/Application/Entegrasyon.DataAccess/Entegrasyon.DataAccess.csproj" (target "GetCopyToOutputDirectoryItems" depends on it):
   7:7>Done building target "_PopulateCommonStateForGetCopyToOutputDirectoryItems" in project "Entegrasyon.DataAccess.csproj".
   7:7>Target "GetCopyToOutputDirectoryItems" in file "/usr/lib64/dotnet/sdk/10.0.101/Microsoft.Common.CurrentVersion.targets" from project "/home/baturhan/Projeler/Entegrasyon/Application/Entegrasyon.DataAccess/Entegrasyon.DataAccess.csproj" (target "_CopySourceItemsToOutputDirectory" depends on it):
       Using "CallTarget" task from assembly "Microsoft.Build.Tasks.Core, Version=15.1.0.0, Culture=neutral, PublicKeyToken=b03f5f7f11d50a3a".
   5:7>Target "CoreCompile" in file "/usr/lib64/dotnet/sdk/10.0.101/Roslyn/Microsoft.CSharp.Core.targets" from project "/home/baturhan/Projeler/Entegrasyon/Application/Entegrasyon.MessageQueue.Commands/Entegrasyon.MessageQueue.Commands.csproj" (target "Compile" depends on it):
   5:7>Skipping target "CoreCompile" because all output files are up-to-date with respect to the input files.
   7:7>Task "CallTarget"
       Target "_PopulateCommonStateForGetCopyToOutputDirectoryItems" skipped. Previously built successfully.
       Target "_AddOutputPathToGlobalPropertiesToRemove" skipped. Previously built successfully.
   7:7>Target "_GetCopyToOutputDirectoryItemsFromTransitiveProjectReferences" in file "/usr/lib64/dotnet/sdk/10.0.101/Microsoft.Common.CurrentVersion.targets" from project "/home/baturhan/Projeler/Entegrasyon/Application/Entegrasyon.DataAccess/Entegrasyon.DataAccess.csproj" (target "GetCopyToOutputDirectoryItems" depends on it):
       Task "MSBuild"
         Removing Properties for project "../Entegrasyon.Entity/Entegrasyon.Entity.csproj":
           TargetFramework
           RuntimeIdentifier
           SelfContained
         Removing Properties for project "../../Shared/Shared/Shared.csproj":
           TargetFramework
           RuntimeIdentifier
           SelfContained
   5:7>CoreCompile:
       Input files: 
           Trendyol/Import/TrendyolCategoryImportCommand.cs
           obj/Debug/net8.0/Entegrasyon.MessageQueue.Commands.GlobalUsings.g.cs
           obj/Debug/net8.0/.NETCoreApp,Version=v8.0.AssemblyAttributes.cs
           obj/Debug/net8.0/Entegrasyon.MessageQueue.Commands.AssemblyInfo.cs
           /home/baturhan/.nuget/packages/castle.core/5.1.1/lib/net6.0/Castle.Core.dll
           /home/baturhan/Projeler/Entegrasyon/Application/Entegrasyon.Entity/obj/Debug/net8.0/ref/Entegrasyon.Entity.dll
           /home/baturhan/.nuget/packages/fluentvalidation/11.9.0/lib/net8.0/FluentValidation.dll
           /usr/lib64/dotnet/packs/Microsoft.AspNetCore.App.Ref/8.0.22/ref/net8.0/Microsoft.AspNetCore.Antiforgery.dll
           /usr/lib64/dotnet/packs/Microsoft.AspNetCore.App.Ref/8.0.22/ref/net8.0/Microsoft.AspNetCore.Authentication.Abstractions.dll
           /usr/lib64/dotnet/packs/Microsoft.AspNetCore.App.Ref/8.0.22/ref/net8.0/Microsoft.AspNetCore.Authentication.BearerToken.dll
           /usr/lib64/dotnet/packs/Microsoft.AspNetCore.App.Ref/8.0.22/ref/net8.0/Microsoft.AspNetCore.Authentication.Cookies.dll
           /usr/lib64/dotnet/packs/Microsoft.AspNetCore.App.Ref/8.0.22/ref/net8.0/Microsoft.AspNetCore.Authentication.Core.dll
           /usr/lib64/dotnet/packs/Microsoft.AspNetCore.App.Ref/8.0.22/ref/net8.0/Microsoft.AspNetCore.Authentication.dll
           /usr/lib64/dotnet/packs/Microsoft.AspNetCore.App.Ref/8.0.22/ref/net8.0/Microsoft.AspNetCore.Authentication.OAuth.dll
           /usr/lib64/dotnet/packs/Microsoft.AspNetCore.App.Ref/8.0.22/ref/net8.0/Microsoft.AspNetCore.Authorization.dll
           /usr/lib64/dotnet/packs/Microsoft.AspNetCore.App.Ref/8.0.22/ref/net8.0/Microsoft.AspNetCore.Authorization.Policy.dll
           /usr/lib64/dotnet/packs/Microsoft.AspNetCore.App.Ref/8.0.22/ref/net8.0/Microsoft.AspNetCore.Components.Authorization.dll
           /usr/lib64/dotnet/packs/Microsoft.AspNetCore.App.Ref/8.0.22/ref/net8.0/Microsoft.AspNetCore.Components.dll
           /usr/lib64/dotnet/packs/Microsoft.AspNetCore.App.Ref/8.0.22/ref/net8.0/Microsoft.AspNetCore.Components.Endpoints.dll
           /usr/lib64/dotnet/packs/Microsoft.AspNetCore.App.Ref/8.0.22/ref/net8.0/Microsoft.AspNetCore.Components.Forms.dll
           /usr/lib64/dotnet/packs/Microsoft.AspNetCore.App.Ref/8.0.22/ref/net8.0/Microsoft.AspNetCore.Components.Server.dll
           /usr/lib64/dotnet/packs/Microsoft.AspNetCore.App.Ref/8.0.22/ref/net8.0/Microsoft.AspNetCore.Components.Web.dll
           /usr/lib64/dotnet/packs/Microsoft.AspNetCore.App.Ref/8.0.22/ref/net8.0/Microsoft.AspNetCore.Connections.Abstractions.dll
           /usr/lib64/dotnet/packs/Microsoft.AspNetCore.App.Ref/8.0.22/ref/net8.0/Microsoft.AspNetCore.CookiePolicy.dll
           /usr/lib64/dotnet/packs/Microsoft.AspNetCore.App.Ref/8.0.22/ref/net8.0/Microsoft.AspNetCore.Cors.dll
           /usr/lib64/dotnet/packs/Microsoft.AspNetCore.App.Ref/8.0.22/ref/net8.0/Microsoft.AspNetCore.Cryptography.Internal.dll
           /usr/lib64/dotnet/packs/Microsoft.AspNetCore.App.Ref/8.0.22/ref/net8.0/Microsoft.AspNetCore.Cryptography.KeyDerivation.dll
           /usr/lib64/dotnet/packs/Microsoft.AspNetCore.App.Ref/8.0.22/ref/net8.0/Microsoft.AspNetCore.DataProtection.Abstractions.dll
           /usr/lib64/dotnet/packs/Microsoft.AspNetCore.App.Ref/8.0.22/ref/net8.0/Microsoft.AspNetCore.DataProtection.dll
           /usr/lib64/dotnet/packs/Microsoft.AspNetCore.App.Ref/8.0.22/ref/net8.0/Microsoft.AspNetCore.DataProtection.Extensions.dll
           /usr/lib64/dotnet/packs/Microsoft.AspNetCore.App.Ref/8.0.22/ref/net8.0/Microsoft.AspNetCore.Diagnostics.Abstractions.dll
           /usr/lib64/dotnet/packs/Microsoft.AspNetCore.App.Ref/8.0.22/ref/net8.0/Microsoft.AspNetCore.Diagnostics.dll
           /usr/lib64/dotnet/packs/Microsoft.AspNetCore.App.Ref/8.0.22/ref/net8.0/Microsoft.AspNetCore.Diagnostics.HealthChecks.dll
           /usr/lib64/dotnet/packs/Microsoft.AspNetCore.App.Ref/8.0.22/ref/net8.0/Microsoft.AspNetCore.dll
           /usr/lib64/dotnet/packs/Microsoft.AspNetCore.App.Ref/8.0.22/ref/net8.0/Microsoft.AspNetCore.HostFiltering.dll
           /usr/lib64/dotnet/packs/Microsoft.AspNetCore.App.Ref/8.0.22/ref/net8.0/Microsoft.AspNetCore.Hosting.Abstractions.dll
           /usr/lib64/dotnet/packs/Microsoft.AspNetCore.App.Ref/8.0.22/ref/net8.0/Microsoft.AspNetCore.Hosting.dll
           /usr/lib64/dotnet/packs/Microsoft.AspNetCore.App.Ref/8.0.22/ref/net8.0/Microsoft.AspNetCore.Hosting.Server.Abstractions.dll
           /usr/lib64/dotnet/packs/Microsoft.AspNetCore.App.Ref/8.0.22/ref/net8.0/Microsoft.AspNetCore.Html.Abstractions.dll
           /usr/lib64/dotnet/packs/Microsoft.AspNetCore.App.Ref/8.0.22/ref/net8.0/Microsoft.AspNetCore.Http.Abstractions.dll
           /usr/lib64/dotnet/packs/Microsoft.AspNetCore.App.Ref/8.0.22/ref/net8.0/Microsoft.AspNetCore.Http.Connections.Common.dll
           /usr/lib64/dotnet/packs/Microsoft.AspNetCore.App.Ref/8.0.22/ref/net8.0/Microsoft.AspNetCore.Http.Connections.dll
           /usr/lib64/dotnet/packs/Microsoft.AspNetCore.App.Ref/8.0.22/ref/net8.0/Microsoft.AspNetCore.Http.dll
           /usr/lib64/dotnet/packs/Microsoft.AspNetCore.App.Ref/8.0.22/ref/net8.0/Microsoft.AspNetCore.Http.Extensions.dll
           /usr/lib64/dotnet/packs/Microsoft.AspNetCore.App.Ref/8.0.22/ref/net8.0/Microsoft.AspNetCore.Http.Features.dll
           /usr/lib64/dotnet/packs/Microsoft.AspNetCore.App.Ref/8.0.22/ref/net8.0/Microsoft.AspNetCore.Http.Results.dll
           /usr/lib64/dotnet/packs/Microsoft.AspNetCore.App.Ref/8.0.22/ref/net8.0/Microsoft.AspNetCore.HttpLogging.dll
           /usr/lib64/dotnet/packs/Microsoft.AspNetCore.App.Ref/8.0.22/ref/net8.0/Microsoft.AspNetCore.HttpOverrides.dll
           /usr/lib64/dotnet/packs/Microsoft.AspNetCore.App.Ref/8.0.22/ref/net8.0/Microsoft.AspNetCore.HttpsPolicy.dll
           /usr/lib64/dotnet/packs/Microsoft.AspNetCore.App.Ref/8.0.22/ref/net8.0/Microsoft.AspNetCore.Identity.dll
           /usr/lib64/dotnet/packs/Microsoft.AspNetCore.App.Ref/8.0.22/ref/net8.0/Microsoft.AspNetCore.Localization.dll
           /usr/lib64/dotnet/packs/Microsoft.AspNetCore.App.Ref/8.0.22/ref/net8.0/Microsoft.AspNetCore.Localization.Routing.dll
           /usr/lib64/dotnet/packs/Microsoft.AspNetCore.App.Ref/8.0.22/ref/net8.0/Microsoft.AspNetCore.Metadata.dll
           /usr/lib64/dotnet/packs/Microsoft.AspNetCore.App.Ref/8.0.22/ref/net8.0/Microsoft.AspNetCore.Mvc.Abstractions.dll
           /usr/lib64/dotnet/packs/Microsoft.AspNetCore.App.Ref/8.0.22/ref/net8.0/Microsoft.AspNetCore.Mvc.ApiExplorer.dll
           /usr/lib64/dotnet/packs/Microsoft.AspNetCore.App.Ref/8.0.22/ref/net8.0/Microsoft.AspNetCore.Mvc.Core.dll
           /usr/lib64/dotnet/packs/Microsoft.AspNetCore.App.Ref/8.0.22/ref/net8.0/Microsoft.AspNetCore.Mvc.Cors.dll
           /usr/lib64/dotnet/packs/Microsoft.AspNetCore.App.Ref/8.0.22/ref/net8.0/Microsoft.AspNetCore.Mvc.DataAnnotations.dll
           /usr/lib64/dotnet/packs/Microsoft.AspNetCore.App.Ref/8.0.22/ref/net8.0/Microsoft.AspNetCore.Mvc.dll
           /usr/lib64/dotnet/packs/Microsoft.AspNetCore.App.Ref/8.0.22/ref/net8.0/Microsoft.AspNetCore.Mvc.Formatters.Json.dll
           /usr/lib64/dotnet/packs/Microsoft.AspNetCore.App.Ref/8.0.22/ref/net8.0/Microsoft.AspNetCore.Mvc.Formatters.Xml.dll
           /usr/lib64/dotnet/packs/Microsoft.AspNetCore.App.Ref/8.0.22/ref/net8.0/Microsoft.AspNetCore.Mvc.Localization.dll
           /usr/lib64/dotnet/packs/Microsoft.AspNetCore.App.Ref/8.0.22/ref/net8.0/Microsoft.AspNetCore.Mvc.Razor.dll
           /usr/lib64/dotnet/packs/Microsoft.AspNetCore.App.Ref/8.0.22/ref/net8.0/Microsoft.AspNetCore.Mvc.RazorPages.dll
           /usr/lib64/dotnet/packs/Microsoft.AspNetCore.App.Ref/8.0.22/ref/net8.0/Microsoft.AspNetCore.Mvc.TagHelpers.dll
           /usr/lib64/dotnet/packs/Microsoft.AspNetCore.App.Ref/8.0.22/ref/net8.0/Microsoft.AspNetCore.Mvc.ViewFeatures.dll
           /usr/lib64/dotnet/packs/Microsoft.AspNetCore.App.Ref/8.0.22/ref/net8.0/Microsoft.AspNetCore.OutputCaching.dll
           /usr/lib64/dotnet/packs/Microsoft.AspNetCore.App.Ref/8.0.22/ref/net8.0/Microsoft.AspNetCore.RateLimiting.dll
           /usr/lib64/dotnet/packs/Microsoft.AspNetCore.App.Ref/8.0.22/ref/net8.0/Microsoft.AspNetCore.Razor.dll
           /usr/lib64/dotnet/packs/Microsoft.AspNetCore.App.Ref/8.0.22/ref/net8.0/Microsoft.AspNetCore.Razor.Runtime.dll
           /usr/lib64/dotnet/packs/Microsoft.AspNetCore.App.Ref/8.0.22/ref/net8.0/Microsoft.AspNetCore.RequestDecompression.dll
           /usr/lib64/dotnet/packs/Microsoft.AspNetCore.App.Ref/8.0.22/ref/net8.0/Microsoft.AspNetCore.ResponseCaching.Abstractions.dll
           /usr/lib64/dotnet/packs/Microsoft.AspNetCore.App.Ref/8.0.22/ref/net8.0/Microsoft.AspNetCore.ResponseCaching.dll
           /usr/lib64/dotnet/packs/Microsoft.AspNetCore.App.Ref/8.0.22/ref/net8.0/Microsoft.AspNetCore.ResponseCompression.dll
           /usr/lib64/dotnet/packs/Microsoft.AspNetCore.App.Ref/8.0.22/ref/net8.0/Microsoft.AspNetCore.Rewrite.dll
           /usr/lib64/dotnet/packs/Microsoft.AspNetCore.App.Ref/8.0.22/ref/net8.0/Microsoft.AspNetCore.Routing.Abstractions.dll
           /usr/lib64/dotnet/packs/Microsoft.AspNetCore.App.Ref/8.0.22/ref/net8.0/Microsoft.AspNetCore.Routing.dll
           /usr/lib64/dotnet/packs/Microsoft.AspNetCore.App.Ref/8.0.22/ref/net8.0/Microsoft.AspNetCore.Server.HttpSys.dll
           /usr/lib64/dotnet/packs/Microsoft.AspNetCore.App.Ref/8.0.22/ref/net8.0/Microsoft.AspNetCore.Server.IIS.dll
           /usr/lib64/dotnet/packs/Microsoft.AspNetCore.App.Ref/8.0.22/ref/net8.0/Microsoft.AspNetCore.Server.IISIntegration.dll
           /usr/lib64/dotnet/packs/Microsoft.AspNetCore.App.Ref/8.0.22/ref/net8.0/Microsoft.AspNetCore.Server.Kestrel.Core.dll
           /usr/lib64/dotnet/packs/Microsoft.AspNetCore.App.Ref/8.0.22/ref/net8.0/Microsoft.AspNetCore.Server.Kestrel.dll
           /usr/lib64/dotnet/packs/Microsoft.AspNetCore.App.Ref/8.0.22/ref/net8.0/Microsoft.AspNetCore.Server.Kestrel.Transport.NamedPipes.dll
           /usr/lib64/dotnet/packs/Microsoft.AspNetCore.App.Ref/8.0.22/ref/net8.0/Microsoft.AspNetCore.Server.Kestrel.Transport.Quic.dll
           /usr/lib64/dotnet/packs/Microsoft.AspNetCore.App.Ref/8.0.22/ref/net8.0/Microsoft.AspNetCore.Server.Kestrel.Transport.Sockets.dll
           /usr/lib64/dotnet/packs/Microsoft.AspNetCore.App.Ref/8.0.22/ref/net8.0/Microsoft.AspNetCore.Session.dll
           /usr/lib64/dotnet/packs/Microsoft.AspNetCore.App.Ref/8.0.22/ref/net8.0/Microsoft.AspNetCore.SignalR.Common.dll
           /usr/lib64/dotnet/packs/Microsoft.AspNetCore.App.Ref/8.0.22/ref/net8.0/Microsoft.AspNetCore.SignalR.Core.dll
           /usr/lib64/dotnet/packs/Microsoft.AspNetCore.App.Ref/8.0.22/ref/net8.0/Microsoft.AspNetCore.SignalR.dll
           /usr/lib64/dotnet/packs/Microsoft.AspNetCore.App.Ref/8.0.22/ref/net8.0/Microsoft.AspNetCore.SignalR.Protocols.Json.dll
           /usr/lib64/dotnet/packs/Microsoft.AspNetCore.App.Ref/8.0.22/ref/net8.0/Microsoft.AspNetCore.StaticFiles.dll
           /usr/lib64/dotnet/packs/Microsoft.AspNetCore.App.Ref/8.0.22/ref/net8.0/Microsoft.AspNetCore.WebSockets.dll
           /usr/lib64/dotnet/packs/Microsoft.AspNetCore.App.Ref/8.0.22/ref/net8.0/Microsoft.AspNetCore.WebUtilities.dll
           /usr/lib64/dotnet/packs/Microsoft.NETCore.App.Ref/8.0.22/ref/net8.0/Microsoft.CSharp.dll
           /home/baturhan/.nuget/packages/microsoft.entityframeworkcore.abstractions/8.0.15/lib/net8.0/Microsoft.EntityFrameworkCore.Abstractions.dll
           /home/baturhan/.nuget/packages/microsoft.entityframeworkcore/8.0.15/lib/net8.0/Microsoft.EntityFrameworkCore.dll
           /home/baturhan/.nuget/packages/microsoft.entityframeworkcore.proxies/8.0.15/lib/net8.0/Microsoft.EntityFrameworkCore.Proxies.dll
           /home/baturhan/.nuget/packages/microsoft.entityframeworkcore.relational/8.0.15/lib/net8.0/Microsoft.EntityFrameworkCore.Relational.dll
           /usr/lib64/dotnet/packs/Microsoft.AspNetCore.App.Ref/8.0.22/ref/net8.0/Microsoft.Extensions.Caching.Abstractions.dll
           /usr/lib64/dotnet/packs/Microsoft.AspNetCore.App.Ref/8.0.22/ref/net8.0/Microsoft.Extensions.Caching.Memory.dll
           /usr/lib64/dotnet/packs/Microsoft.AspNetCore.App.Ref/8.0.22/ref/net8.0/Microsoft.Extensions.Configuration.Abstractions.dll
           /usr/lib64/dotnet/packs/Microsoft.AspNetCore.App.Ref/8.0.22/ref/net8.0/Microsoft.Extensions.Configuration.Binder.dll
           /usr/lib64/dotnet/packs/Microsoft.AspNetCore.App.Ref/8.0.22/ref/net8.0/Microsoft.Extensions.Configuration.CommandLine.dll
           /usr/lib64/dotnet/packs/Microsoft.AspNetCore.App.Ref/8.0.22/ref/net8.0/Microsoft.Extensions.Configuration.dll
           /usr/lib64/dotnet/packs/Microsoft.AspNetCore.App.Ref/8.0.22/ref/net8.0/Microsoft.Extensions.Configuration.EnvironmentVariables.dll
           /usr/lib64/dotnet/packs/Microsoft.AspNetCore.App.Ref/8.0.22/ref/net8.0/Microsoft.Extensions.Configuration.FileExtensions.dll
           /usr/lib64/dotnet/packs/Microsoft.AspNetCore.App.Ref/8.0.22/ref/net8.0/Microsoft.Extensions.Configuration.Ini.dll
           /usr/lib64/dotnet/packs/Microsoft.AspNetCore.App.Ref/8.0.22/ref/net8.0/Microsoft.Extensions.Configuration.Json.dll
           /usr/lib64/dotnet/packs/Microsoft.AspNetCore.App.Ref/8.0.22/ref/net8.0/Microsoft.Extensions.Configuration.KeyPerFile.dll
           /usr/lib64/dotnet/packs/Microsoft.AspNetCore.App.Ref/8.0.22/ref/net8.0/Microsoft.Extensions.Configuration.UserSecrets.dll
           /usr/lib64/dotnet/packs/Microsoft.AspNetCore.App.Ref/8.0.22/ref/net8.0/Microsoft.Extensions.Configuration.Xml.dll
           /usr/lib64/dotnet/packs/Microsoft.AspNetCore.App.Ref/8.0.22/ref/net8.0/Microsoft.Extensions.DependencyInjection.Abstractions.dll
           /usr/lib64/dotnet/packs/Microsoft.AspNetCore.App.Ref/8.0.22/ref/net8.0/Microsoft.Extensions.DependencyInjection.dll
           /home/baturhan/.nuget/packages/microsoft.extensions.dependencymodel/8.0.0/lib/net8.0/Microsoft.Extensions.DependencyModel.dll
           /usr/lib64/dotnet/packs/Microsoft.AspNetCore.App.Ref/8.0.22/ref/net8.0/Microsoft.Extensions.Diagnostics.Abstractions.dll
           /usr/lib64/dotnet/packs/Microsoft.AspNetCore.App.Ref/8.0.22/ref/net8.0/Microsoft.Extensions.Diagnostics.dll
           /usr/lib64/dotnet/packs/Microsoft.AspNetCore.App.Ref/8.0.22/ref/net8.0/Microsoft.Extensions.Diagnostics.HealthChecks.Abstractions.dll
           /usr/lib64/dotnet/packs/Microsoft.AspNetCore.App.Ref/8.0.22/ref/net8.0/Microsoft.Extensions.Diagnostics.HealthChecks.dll
           /usr/lib64/dotnet/packs/Microsoft.AspNetCore.App.Ref/8.0.22/ref/net8.0/Microsoft.Extensions.Features.dll
           /usr/lib64/dotnet/packs/Microsoft.AspNetCore.App.Ref/8.0.22/ref/net8.0/Microsoft.Extensions.FileProviders.Abstractions.dll
           /usr/lib64/dotnet/packs/Microsoft.AspNetCore.App.Ref/8.0.22/ref/net8.0/Microsoft.Extensions.FileProviders.Composite.dll
           /usr/lib64/dotnet/packs/Microsoft.AspNetCore.App.Ref/8.0.22/ref/net8.0/Microsoft.Extensions.FileProviders.Embedded.dll
           /usr/lib64/dotnet/packs/Microsoft.AspNetCore.App.Ref/8.0.22/ref/net8.0/Microsoft.Extensions.FileProviders.Physical.dll
           /usr/lib64/dotnet/packs/Microsoft.AspNetCore.App.Ref/8.0.22/ref/net8.0/Microsoft.Extensions.FileSystemGlobbing.dll
           /usr/lib64/dotnet/packs/Microsoft.AspNetCore.App.Ref/8.0.22/ref/net8.0/Microsoft.Extensions.Hosting.Abstractions.dll
           /usr/lib64/dotnet/packs/Microsoft.AspNetCore.App.Ref/8.0.22/ref/net8.0/Microsoft.Extensions.Hosting.dll
           /usr/lib64/dotnet/packs/Microsoft.AspNetCore.App.Ref/8.0.22/ref/net8.0/Microsoft.Extensions.Http.dll
           /usr/lib64/dotnet/packs/Microsoft.AspNetCore.App.Ref/8.0.22/ref/net8.0/Microsoft.Extensions.Identity.Core.dll
           /usr/lib64/dotnet/packs/Microsoft.AspNetCore.App.Ref/8.0.22/ref/net8.0/Microsoft.Extensions.Identity.Stores.dll
           /usr/lib64/dotnet/packs/Microsoft.AspNetCore.App.Ref/8.0.22/ref/net8.0/Microsoft.Extensions.Localization.Abstractions.dll
           /usr/lib64/dotnet/packs/Microsoft.AspNetCore.App.Ref/8.0.22/ref/net8.0/Microsoft.Extensions.Localization.dll
           /usr/lib64/dotnet/packs/Microsoft.AspNetCore.App.Ref/8.0.22/ref/net8.0/Microsoft.Extensions.Logging.Abstractions.dll
           /usr/lib64/dotnet/packs/Microsoft.AspNetCore.App.Ref/8.0.22/ref/net8.0/Microsoft.Extensions.Logging.Configuration.dll
           /usr/lib64/dotnet/packs/Microsoft.AspNetCore.App.Ref/8.0.22/ref/net8.0/Microsoft.Extensions.Logging.Console.dll
           /usr/lib64/dotnet/packs/Microsoft.AspNetCore.App.Ref/8.0.22/ref/net8.0/Microsoft.Extensions.Logging.Debug.dll
           /usr/lib64/dotnet/packs/Microsoft.AspNetCore.App.Ref/8.0.22/ref/net8.0/Microsoft.Extensions.Logging.dll
           /usr/lib64/dotnet/packs/Microsoft.AspNetCore.App.Ref/8.0.22/ref/net8.0/Microsoft.Extensions.Logging.EventLog.dll
           /usr/lib64/dotnet/packs/Microsoft.AspNetCore.App.Ref/8.0.22/ref/net8.0/Microsoft.Extensions.Logging.EventSource.dll
           /usr/lib64/dotnet/packs/Microsoft.AspNetCore.App.Ref/8.0.22/ref/net8.0/Microsoft.Extensions.Logging.TraceSource.dll
           /usr/lib64/dotnet/packs/Microsoft.AspNetCore.App.Ref/8.0.22/ref/net8.0/Microsoft.Extensions.ObjectPool.dll
           /usr/lib64/dotnet/packs/Microsoft.AspNetCore.App.Ref/8.0.22/ref/net8.0/Microsoft.Extensions.Options.ConfigurationExtensions.dll
           /usr/lib64/dotnet/packs/Microsoft.AspNetCore.App.Ref/8.0.22/ref/net8.0/Microsoft.Extensions.Options.DataAnnotations.dll
           /usr/lib64/dotnet/packs/Microsoft.AspNetCore.App.Ref/8.0.22/ref/net8.0/Microsoft.Extensions.Options.dll
           /usr/lib64/dotnet/packs/Microsoft.AspNetCore.App.Ref/8.0.22/ref/net8.0/Microsoft.Extensions.Primitives.dll
           /usr/lib64/dotnet/packs/Microsoft.AspNetCore.App.Ref/8.0.22/ref/net8.0/Microsoft.Extensions.WebEncoders.dll
           /home/baturhan/.nuget/packages/microsoft.identitymodel.abstractions/7.4.0/lib/net8.0/Microsoft.IdentityModel.Abstractions.dll
           /home/baturhan/.nuget/packages/microsoft.identitymodel.jsonwebtokens/7.4.0/lib/net8.0/Microsoft.IdentityModel.JsonWebTokens.dll
           /home/baturhan/.nuget/packages/microsoft.identitymodel.logging/7.4.0/lib/net8.0/Microsoft.IdentityModel.Logging.dll
           /home/baturhan/.nuget/packages/microsoft.identitymodel.tokens/7.4.0/lib/net8.0/Microsoft.IdentityModel.Tokens.dll
           /usr/lib64/dotnet/packs/Microsoft.AspNetCore.App.Ref/8.0.22/ref/net8.0/Microsoft.JSInterop.dll
           /usr/lib64/dotnet/packs/Microsoft.AspNetCore.App.Ref/8.0.22/ref/net8.0/Microsoft.Net.Http.Headers.dll
           /usr/lib64/dotnet/packs/Microsoft.NETCore.App.Ref/8.0.22/ref/net8.0/Microsoft.VisualBasic.Core.dll
           /usr/lib64/dotnet/packs/Microsoft.NETCore.App.Ref/8.0.22/ref/net8.0/Microsoft.VisualBasic.dll
           /usr/lib64/dotnet/packs/Microsoft.NETCore.App.Ref/8.0.22/ref/net8.0/Microsoft.Win32.Primitives.dll
           /usr/lib64/dotnet/packs/Microsoft.NETCore.App.Ref/8.0.22/ref/net8.0/Microsoft.Win32.Registry.dll
           /usr/lib64/dotnet/packs/Microsoft.NETCore.App.Ref/8.0.22/ref/net8.0/mscorlib.dll
           /usr/lib64/dotnet/packs/Microsoft.NETCore.App.Ref/8.0.22/ref/net8.0/netstandard.dll
           /home/baturhan/.nuget/packages/newtonsoft.json/13.0.3/lib/net6.0/Newtonsoft.Json.dll
           /home/baturhan/.nuget/packages/npgsql/8.0.6/lib/net8.0/Npgsql.dll
           /home/baturhan/.nuget/packages/npgsql.entityframeworkcore.postgresql/8.0.11/lib/net8.0/Npgsql.EntityFrameworkCore.PostgreSQL.dll
           /home/baturhan/.nuget/packages/pipelines.sockets.unofficial/2.2.8/lib/net5.0/Pipelines.Sockets.Unofficial.dll
           /home/baturhan/.nuget/packages/serilog.aspnetcore/8.0.1/lib/net8.0/Serilog.AspNetCore.dll
           /home/baturhan/.nuget/packages/serilog/3.1.1/lib/net7.0/Serilog.dll
           /home/baturhan/.nuget/packages/serilog.extensions.hosting/8.0.0/lib/net8.0/Serilog.Extensions.Hosting.dll
           /home/baturhan/.nuget/packages/serilog.extensions.logging/8.0.0/lib/net8.0/Serilog.Extensions.Logging.dll
           /home/baturhan/.nuget/packages/serilog.formatting.compact/2.0.0/lib/net7.0/Serilog.Formatting.Compact.dll
           /home/baturhan/.nuget/packages/serilog.settings.configuration/8.0.0/lib/net8.0/Serilog.Settings.Configuration.dll
           /home/baturhan/.nuget/packages/serilog.sinks.console/5.0.1/lib/net7.0/Serilog.Sinks.Console.dll
           /home/baturhan/.nuget/packages/serilog.sinks.debug/2.0.0/lib/netstandard2.1/Serilog.Sinks.Debug.dll
           /home/baturhan/.nuget/packages/serilog.sinks.file/5.0.0/lib/net5.0/Serilog.Sinks.File.dll
           /home/baturhan/Projeler/Entegrasyon/Shared/Shared/obj/Debug/net8.0/ref/Shared.dll
           /home/baturhan/.nuget/packages/stackexchange.redis/2.7.27/lib/net6.0/StackExchange.Redis.dll
           /usr/lib64/dotnet/packs/Microsoft.NETCore.App.Ref/8.0.22/ref/net8.0/System.AppContext.dll
           /usr/lib64/dotnet/packs/Microsoft.NETCore.App.Ref/8.0.22/ref/net8.0/System.Buffers.dll
           /usr/lib64/dotnet/packs/Microsoft.NETCore.App.Ref/8.0.22/ref/net8.0/System.Collections.Concurrent.dll
           /usr/lib64/dotnet/packs/Microsoft.NETCore.App.Ref/8.0.22/ref/net8.0/System.Collections.dll
           /usr/lib64/dotnet/packs/Microsoft.NETCore.App.Ref/8.0.22/ref/net8.0/System.Collections.Immutable.dll
           /usr/lib64/dotnet/packs/Microsoft.NETCore.App.Ref/8.0.22/ref/net8.0/System.Collections.NonGeneric.dll
           /usr/lib64/dotnet/packs/Microsoft.NETCore.App.Ref/8.0.22/ref/net8.0/System.Collections.Specialized.dll
           /usr/lib64/dotnet/packs/Microsoft.NETCore.App.Ref/8.0.22/ref/net8.0/System.ComponentModel.Annotations.dll
           /usr/lib64/dotnet/packs/Microsoft.NETCore.App.Ref/8.0.22/ref/net8.0/System.ComponentModel.DataAnnotations.dll
           /usr/lib64/dotnet/packs/Microsoft.NETCore.App.Ref/8.0.22/ref/net8.0/System.ComponentModel.dll
           /usr/lib64/dotnet/packs/Microsoft.NETCore.App.Ref/8.0.22/ref/net8.0/System.ComponentModel.EventBasedAsync.dll
           /usr/lib64/dotnet/packs/Microsoft.NETCore.App.Ref/8.0.22/ref/net8.0/System.ComponentModel.Primitives.dll
           /usr/lib64/dotnet/packs/Microsoft.NETCore.App.Ref/8.0.22/ref/net8.0/System.ComponentModel.TypeConverter.dll
           /usr/lib64/dotnet/packs/Microsoft.NETCore.App.Ref/8.0.22/ref/net8.0/System.Configuration.dll
           /usr/lib64/dotnet/packs/Microsoft.NETCore.App.Ref/8.0.22/ref/net8.0/System.Console.dll
           /usr/lib64/dotnet/packs/Microsoft.NETCore.App.Ref/8.0.22/ref/net8.0/System.Core.dll
           /usr/lib64/dotnet/packs/Microsoft.NETCore.App.Ref/8.0.22/ref/net8.0/System.Data.Common.dll
           /usr/lib64/dotnet/packs/Microsoft.NETCore.App.Ref/8.0.22/ref/net8.0/System.Data.DataSetExtensions.dll
           /usr/lib64/dotnet/packs/Microsoft.NETCore.App.Ref/8.0.22/ref/net8.0/System.Data.dll
           /usr/lib64/dotnet/packs/Microsoft.NETCore.App.Ref/8.0.22/ref/net8.0/System.Diagnostics.Contracts.dll
           /usr/lib64/dotnet/packs/Microsoft.NETCore.App.Ref/8.0.22/ref/net8.0/System.Diagnostics.Debug.dll
           /usr/lib64/dotnet/packs/Microsoft.NETCore.App.Ref/8.0.22/ref/net8.0/System.Diagnostics.DiagnosticSource.dll
           /usr/lib64/dotnet/packs/Microsoft.AspNetCore.App.Ref/8.0.22/ref/net8.0/System.Diagnostics.EventLog.dll
           /usr/lib64/dotnet/packs/Microsoft.NETCore.App.Ref/8.0.22/ref/net8.0/System.Diagnostics.FileVersionInfo.dll
           /usr/lib64/dotnet/packs/Microsoft.NETCore.App.Ref/8.0.22/ref/net8.0/System.Diagnostics.Process.dll
           /usr/lib64/dotnet/packs/Microsoft.NETCore.App.Ref/8.0.22/ref/net8.0/System.Diagnostics.StackTrace.dll
           /usr/lib64/dotnet/packs/Microsoft.NETCore.App.Ref/8.0.22/ref/net8.0/System.Diagnostics.TextWriterTraceListener.dll
           /usr/lib64/dotnet/packs/Microsoft.NETCore.App.Ref/8.0.22/ref/net8.0/System.Diagnostics.Tools.dll
           /usr/lib64/dotnet/packs/Microsoft.NETCore.App.Ref/8.0.22/ref/net8.0/System.Diagnostics.TraceSource.dll
           /usr/lib64/dotnet/packs/Microsoft.NETCore.App.Ref/8.0.22/ref/net8.0/System.Diagnostics.Tracing.dll
           /usr/lib64/dotnet/packs/Microsoft.NETCore.App.Ref/8.0.22/ref/net8.0/System.dll
           /usr/lib64/dotnet/packs/Microsoft.NETCore.App.Ref/8.0.22/ref/net8.0/System.Drawing.dll
           /usr/lib64/dotnet/packs/Microsoft.NETCore.App.Ref/8.0.22/ref/net8.0/System.Drawing.Primitives.dll
           /usr/lib64/dotnet/packs/Microsoft.NETCore.App.Ref/8.0.22/ref/net8.0/System.Dynamic.Runtime.dll
           /usr/lib64/dotnet/packs/Microsoft.NETCore.App.Ref/8.0.22/ref/net8.0/System.Formats.Asn1.dll
           /usr/lib64/dotnet/packs/Microsoft.NETCore.App.Ref/8.0.22/ref/net8.0/System.Formats.Tar.dll
           /usr/lib64/dotnet/packs/Microsoft.NETCore.App.Ref/8.0.22/ref/net8.0/System.Globalization.Calendars.dll
           /usr/lib64/dotnet/packs/Microsoft.NETCore.App.Ref/8.0.22/ref/net8.0/System.Globalization.dll
           /usr/lib64/dotnet/packs/Microsoft.NETCore.App.Ref/8.0.22/ref/net8.0/System.Globalization.Extensions.dll
           /home/baturhan/.nuget/packages/system.identitymodel.tokens.jwt/7.4.0/lib/net8.0/System.IdentityModel.Tokens.Jwt.dll
           /usr/lib64/dotnet/packs/Microsoft.NETCore.App.Ref/8.0.22/ref/net8.0/System.IO.Compression.Brotli.dll
           /usr/lib64/dotnet/packs/Microsoft.NETCore.App.Ref/8.0.22/ref/net8.0/System.IO.Compression.dll
           /usr/lib64/dotnet/packs/Microsoft.NETCore.App.Ref/8.0.22/ref/net8.0/System.IO.Compression.FileSystem.dll
           /usr/lib64/dotnet/packs/Microsoft.NETCore.App.Ref/8.0.22/ref/net8.0/System.IO.Compression.ZipFile.dll
           /usr/lib64/dotnet/packs/Microsoft.NETCore.App.Ref/8.0.22/ref/net8.0/System.IO.dll
           /usr/lib64/dotnet/packs/Microsoft.NETCore.App.Ref/8.0.22/ref/net8.0/System.IO.FileSystem.AccessControl.dll
           /usr/lib64/dotnet/packs/Microsoft.NETCore.App.Ref/8.0.22/ref/net8.0/System.IO.FileSystem.dll
           /usr/lib64/dotnet/packs/Microsoft.NETCore.App.Ref/8.0.22/ref/net8.0/System.IO.FileSystem.DriveInfo.dll
           /usr/lib64/dotnet/packs/Microsoft.NETCore.App.Ref/8.0.22/ref/net8.0/System.IO.FileSystem.Primitives.dll
           /usr/lib64/dotnet/packs/Microsoft.NETCore.App.Ref/8.0.22/ref/net8.0/System.IO.FileSystem.Watcher.dll
           /usr/lib64/dotnet/packs/Microsoft.NETCore.App.Ref/8.0.22/ref/net8.0/System.IO.IsolatedStorage.dll
           /usr/lib64/dotnet/packs/Microsoft.NETCore.App.Ref/8.0.22/ref/net8.0/System.IO.MemoryMappedFiles.dll
           /usr/lib64/dotnet/packs/Microsoft.AspNetCore.App.Ref/8.0.22/ref/net8.0/System.IO.Pipelines.dll
           /usr/lib64/dotnet/packs/Microsoft.NETCore.App.Ref/8.0.22/ref/net8.0/System.IO.Pipes.AccessControl.dll
           /usr/lib64/dotnet/packs/Microsoft.NETCore.App.Ref/8.0.22/ref/net8.0/System.IO.Pipes.dll
           /usr/lib64/dotnet/packs/Microsoft.NETCore.App.Ref/8.0.22/ref/net8.0/System.IO.UnmanagedMemoryStream.dll
           /usr/lib64/dotnet/packs/Microsoft.NETCore.App.Ref/8.0.22/ref/net8.0/System.Linq.dll
           /usr/lib64/dotnet/packs/Microsoft.NETCore.App.Ref/8.0.22/ref/net8.0/System.Linq.Expressions.dll
           /usr/lib64/dotnet/packs/Microsoft.NETCore.App.Ref/8.0.22/ref/net8.0/System.Linq.Parallel.dll
           /usr/lib64/dotnet/packs/Microsoft.NETCore.App.Ref/8.0.22/ref/net8.0/System.Linq.Queryable.dll
           /usr/lib64/dotnet/packs/Microsoft.NETCore.App.Ref/8.0.22/ref/net8.0/System.Memory.dll
           /usr/lib64/dotnet/packs/Microsoft.NETCore.App.Ref/8.0.22/ref/net8.0/System.Net.dll
           /usr/lib64/dotnet/packs/Microsoft.NETCore.App.Ref/8.0.22/ref/net8.0/System.Net.Http.dll
           /usr/lib64/dotnet/packs/Microsoft.NETCore.App.Ref/8.0.22/ref/net8.0/System.Net.Http.Json.dll
           /usr/lib64/dotnet/packs/Microsoft.NETCore.App.Ref/8.0.22/ref/net8.0/System.Net.HttpListener.dll
           /usr/lib64/dotnet/packs/Microsoft.NETCore.App.Ref/8.0.22/ref/net8.0/System.Net.Mail.dll
           /usr/lib64/dotnet/packs/Microsoft.NETCore.App.Ref/8.0.22/ref/net8.0/System.Net.NameResolution.dll
           /usr/lib64/dotnet/packs/Microsoft.NETCore.App.Ref/8.0.22/ref/net8.0/System.Net.NetworkInformation.dll
           /usr/lib64/dotnet/packs/Microsoft.NETCore.App.Ref/8.0.22/ref/net8.0/System.Net.Ping.dll
           /usr/lib64/dotnet/packs/Microsoft.NETCore.App.Ref/8.0.22/ref/net8.0/System.Net.Primitives.dll
           /usr/lib64/dotnet/packs/Microsoft.NETCore.App.Ref/8.0.22/ref/net8.0/System.Net.Quic.dll
           /usr/lib64/dotnet/packs/Microsoft.NETCore.App.Ref/8.0.22/ref/net8.0/System.Net.Requests.dll
           /usr/lib64/dotnet/packs/Microsoft.NETCore.App.Ref/8.0.22/ref/net8.0/System.Net.Security.dll
           /usr/lib64/dotnet/packs/Microsoft.NETCore.App.Ref/8.0.22/ref/net8.0/System.Net.ServicePoint.dll
           /usr/lib64/dotnet/packs/Microsoft.NETCore.App.Ref/8.0.22/ref/net8.0/System.Net.Sockets.dll
           /usr/lib64/dotnet/packs/Microsoft.NETCore.App.Ref/8.0.22/ref/net8.0/System.Net.WebClient.dll
           /usr/lib64/dotnet/packs/Microsoft.NETCore.App.Ref/8.0.22/ref/net8.0/System.Net.WebHeaderCollection.dll
           /usr/lib64/dotnet/packs/Microsoft.NETCore.App.Ref/8.0.22/ref/net8.0/System.Net.WebProxy.dll
           /usr/lib64/dotnet/packs/Microsoft.NETCore.App.Ref/8.0.22/ref/net8.0/System.Net.WebSockets.Client.dll
           /usr/lib64/dotnet/packs/Microsoft.NETCore.App.Ref/8.0.22/ref/net8.0/System.Net.WebSockets.dll
           /usr/lib64/dotnet/packs/Microsoft.NETCore.App.Ref/8.0.22/ref/net8.0/System.Numerics.dll
           /usr/lib64/dotnet/packs/Microsoft.NETCore.App.Ref/8.0.22/ref/net8.0/System.Numerics.Vectors.dll
           /usr/lib64/dotnet/packs/Microsoft.NETCore.App.Ref/8.0.22/ref/net8.0/System.ObjectModel.dll
           /usr/lib64/dotnet/packs/Microsoft.NETCore.App.Ref/8.0.22/ref/net8.0/System.Reflection.DispatchProxy.dll
           /usr/lib64/dotnet/packs/Microsoft.NETCore.App.Ref/8.0.22/ref/net8.0/System.Reflection.dll
           /usr/lib64/dotnet/packs/Microsoft.NETCore.App.Ref/8.0.22/ref/net8.0/System.Reflection.Emit.dll
           /usr/lib64/dotnet/packs/Microsoft.NETCore.App.Ref/8.0.22/ref/net8.0/System.Reflection.Emit.ILGeneration.dll
           /usr/lib64/dotnet/packs/Microsoft.NETCore.App.Ref/8.0.22/ref/net8.0/System.Reflection.Emit.Lightweight.dll
           /usr/lib64/dotnet/packs/Microsoft.NETCore.App.Ref/8.0.22/ref/net8.0/System.Reflection.Extensions.dll
           /usr/lib64/dotnet/packs/Microsoft.NETCore.App.Ref/8.0.22/ref/net8.0/System.Reflection.Metadata.dll
           /usr/lib64/dotnet/packs/Microsoft.NETCore.App.Ref/8.0.22/ref/net8.0/System.Reflection.Primitives.dll
           /usr/lib64/dotnet/packs/Microsoft.NETCore.App.Ref/8.0.22/ref/net8.0/System.Reflection.TypeExtensions.dll
           /usr/lib64/dotnet/packs/Microsoft.NETCore.App.Ref/8.0.22/ref/net8.0/System.Resources.Reader.dll
           /usr/lib64/dotnet/packs/Microsoft.NETCore.App.Ref/8.0.22/ref/net8.0/System.Resources.ResourceManager.dll
           /usr/lib64/dotnet/packs/Microsoft.NETCore.App.Ref/8.0.22/ref/net8.0/System.Resources.Writer.dll
           /usr/lib64/dotnet/packs/Microsoft.NETCore.App.Ref/8.0.22/ref/net8.0/System.Runtime.CompilerServices.Unsafe.dll
           /usr/lib64/dotnet/packs/Microsoft.NETCore.App.Ref/8.0.22/ref/net8.0/System.Runtime.CompilerServices.VisualC.dll
           /usr/lib64/dotnet/packs/Microsoft.NETCore.App.Ref/8.0.22/ref/net8.0/System.Runtime.dll
           /usr/lib64/dotnet/packs/Microsoft.NETCore.App.Ref/8.0.22/ref/net8.0/System.Runtime.Extensions.dll
           /usr/lib64/dotnet/packs/Microsoft.NETCore.App.Ref/8.0.22/ref/net8.0/System.Runtime.Handles.dll
           /usr/lib64/dotnet/packs/Microsoft.NETCore.App.Ref/8.0.22/ref/net8.0/System.Runtime.InteropServices.dll
           /usr/lib64/dotnet/packs/Microsoft.NETCore.App.Ref/8.0.22/ref/net8.0/System.Runtime.InteropServices.JavaScript.dll
           /usr/lib64/dotnet/packs/Microsoft.NETCore.App.Ref/8.0.22/ref/net8.0/System.Runtime.InteropServices.RuntimeInformation.dll
           /usr/lib64/dotnet/packs/Microsoft.NETCore.App.Ref/8.0.22/ref/net8.0/System.Runtime.Intrinsics.dll
           /usr/lib64/dotnet/packs/Microsoft.NETCore.App.Ref/8.0.22/ref/net8.0/System.Runtime.Loader.dll
           /usr/lib64/dotnet/packs/Microsoft.NETCore.App.Ref/8.0.22/ref/net8.0/System.Runtime.Numerics.dll
           /usr/lib64/dotnet/packs/Microsoft.NETCore.App.Ref/8.0.22/ref/net8.0/System.Runtime.Serialization.dll
           /usr/lib64/dotnet/packs/Microsoft.NETCore.App.Ref/8.0.22/ref/net8.0/System.Runtime.Serialization.Formatters.dll
           /usr/lib64/dotnet/packs/Microsoft.NETCore.App.Ref/8.0.22/ref/net8.0/System.Runtime.Serialization.Json.dll
           /usr/lib64/dotnet/packs/Microsoft.NETCore.App.Ref/8.0.22/ref/net8.0/System.Runtime.Serialization.Primitives.dll
           /usr/lib64/dotnet/packs/Microsoft.NETCore.App.Ref/8.0.22/ref/net8.0/System.Runtime.Serialization.Xml.dll
           /usr/lib64/dotnet/packs/Microsoft.NETCore.App.Ref/8.0.22/ref/net8.0/System.Security.AccessControl.dll
           /usr/lib64/dotnet/packs/Microsoft.NETCore.App.Ref/8.0.22/ref/net8.0/System.Security.Claims.dll
           /usr/lib64/dotnet/packs/Microsoft.NETCore.App.Ref/8.0.22/ref/net8.0/System.Security.Cryptography.Algorithms.dll
           /usr/lib64/dotnet/packs/Microsoft.NETCore.App.Ref/8.0.22/ref/net8.0/System.Security.Cryptography.Cng.dll
           /usr/lib64/dotnet/packs/Microsoft.NETCore.App.Ref/8.0.22/ref/net8.0/System.Security.Cryptography.Csp.dll
           /usr/lib64/dotnet/packs/Microsoft.NETCore.App.Ref/8.0.22/ref/net8.0/System.Security.Cryptography.dll
           /usr/lib64/dotnet/packs/Microsoft.NETCore.App.Ref/8.0.22/ref/net8.0/System.Security.Cryptography.Encoding.dll
           /usr/lib64/dotnet/packs/Microsoft.NETCore.App.Ref/8.0.22/ref/net8.0/System.Security.Cryptography.OpenSsl.dll
           /usr/lib64/dotnet/packs/Microsoft.NETCore.App.Ref/8.0.22/ref/net8.0/System.Security.Cryptography.Primitives.dll
           /usr/lib64/dotnet/packs/Microsoft.NETCore.App.Ref/8.0.22/ref/net8.0/System.Security.Cryptography.X509Certificates.dll
           /usr/lib64/dotnet/packs/Microsoft.AspNetCore.App.Ref/8.0.22/ref/net8.0/System.Security.Cryptography.Xml.dll
           /usr/lib64/dotnet/packs/Microsoft.NETCore.App.Ref/8.0.22/ref/net8.0/System.Security.dll
           /usr/lib64/dotnet/packs/Microsoft.NETCore.App.Ref/8.0.22/ref/net8.0/System.Security.Principal.dll
           /usr/lib64/dotnet/packs/Microsoft.NETCore.App.Ref/8.0.22/ref/net8.0/System.Security.Principal.Windows.dll
           /usr/lib64/dotnet/packs/Microsoft.NETCore.App.Ref/8.0.22/ref/net8.0/System.Security.SecureString.dll
           /usr/lib64/dotnet/packs/Microsoft.NETCore.App.Ref/8.0.22/ref/net8.0/System.ServiceModel.Web.dll
           /usr/lib64/dotnet/packs/Microsoft.NETCore.App.Ref/8.0.22/ref/net8.0/System.ServiceProcess.dll
           /usr/lib64/dotnet/packs/Microsoft.NETCore.App.Ref/8.0.22/ref/net8.0/System.Text.Encoding.CodePages.dll
           /usr/lib64/dotnet/packs/Microsoft.NETCore.App.Ref/8.0.22/ref/net8.0/System.Text.Encoding.dll
           /usr/lib64/dotnet/packs/Microsoft.NETCore.App.Ref/8.0.22/ref/net8.0/System.Text.Encoding.Extensions.dll
           /usr/lib64/dotnet/packs/Microsoft.NETCore.App.Ref/8.0.22/ref/net8.0/System.Text.Encodings.Web.dll
           /usr/lib64/dotnet/packs/Microsoft.NETCore.App.Ref/8.0.22/ref/net8.0/System.Text.Json.dll
           /usr/lib64/dotnet/packs/Microsoft.NETCore.App.Ref/8.0.22/ref/net8.0/System.Text.RegularExpressions.dll
           /usr/lib64/dotnet/packs/Microsoft.NETCore.App.Ref/8.0.22/ref/net8.0/System.Threading.Channels.dll
           /usr/lib64/dotnet/packs/Microsoft.NETCore.App.Ref/8.0.22/ref/net8.0/System.Threading.dll
           /usr/lib64/dotnet/packs/Microsoft.NETCore.App.Ref/8.0.22/ref/net8.0/System.Threading.Overlapped.dll
           /usr/lib64/dotnet/packs/Microsoft.AspNetCore.App.Ref/8.0.22/ref/net8.0/System.Threading.RateLimiting.dll
           /usr/lib64/dotnet/packs/Microsoft.NETCore.App.Ref/8.0.22/ref/net8.0/System.Threading.Tasks.Dataflow.dll
           /usr/lib64/dotnet/packs/Microsoft.NETCore.App.Ref/8.0.22/ref/net8.0/System.Threading.Tasks.dll
           /usr/lib64/dotnet/packs/Microsoft.NETCore.App.Ref/8.0.22/ref/net8.0/System.Threading.Tasks.Extensions.dll
           /usr/lib64/dotnet/packs/Microsoft.NETCore.App.Ref/8.0.22/ref/net8.0/System.Threading.Tasks.Parallel.dll
           /usr/lib64/dotnet/packs/Microsoft.NETCore.App.Ref/8.0.22/ref/net8.0/System.Threading.Thread.dll
           /usr/lib64/dotnet/packs/Microsoft.NETCore.App.Ref/8.0.22/ref/net8.0/System.Threading.ThreadPool.dll
           /usr/lib64/dotnet/packs/Microsoft.NETCore.App.Ref/8.0.22/ref/net8.0/System.Threading.Timer.dll
           /usr/lib64/dotnet/packs/Microsoft.NETCore.App.Ref/8.0.22/ref/net8.0/System.Transactions.dll
           /usr/lib64/dotnet/packs/Microsoft.NETCore.App.Ref/8.0.22/ref/net8.0/System.Transactions.Local.dll
           /usr/lib64/dotnet/packs/Microsoft.NETCore.App.Ref/8.0.22/ref/net8.0/System.ValueTuple.dll
           /usr/lib64/dotnet/packs/Microsoft.NETCore.App.Ref/8.0.22/ref/net8.0/System.Web.dll
           /usr/lib64/dotnet/packs/Microsoft.NETCore.App.Ref/8.0.22/ref/net8.0/System.Web.HttpUtility.dll
           /usr/lib64/dotnet/packs/Microsoft.NETCore.App.Ref/8.0.22/ref/net8.0/System.Windows.dll
           /usr/lib64/dotnet/packs/Microsoft.NETCore.App.Ref/8.0.22/ref/net8.0/System.Xml.dll
           /usr/lib64/dotnet/packs/Microsoft.NETCore.App.Ref/8.0.22/ref/net8.0/System.Xml.Linq.dll
           /usr/lib64/dotnet/packs/Microsoft.NETCore.App.Ref/8.0.22/ref/net8.0/System.Xml.ReaderWriter.dll
           /usr/lib64/dotnet/packs/Microsoft.NETCore.App.Ref/8.0.22/ref/net8.0/System.Xml.Serialization.dll
           /usr/lib64/dotnet/packs/Microsoft.NETCore.App.Ref/8.0.22/ref/net8.0/System.Xml.XDocument.dll
           /usr/lib64/dotnet/packs/Microsoft.NETCore.App.Ref/8.0.22/ref/net8.0/System.Xml.XmlDocument.dll
           /usr/lib64/dotnet/packs/Microsoft.NETCore.App.Ref/8.0.22/ref/net8.0/System.Xml.XmlSerializer.dll
           /usr/lib64/dotnet/packs/Microsoft.NETCore.App.Ref/8.0.22/ref/net8.0/System.Xml.XPath.dll
           /usr/lib64/dotnet/packs/Microsoft.NETCore.App.Ref/8.0.22/ref/net8.0/System.Xml.XPath.XDocument.dll
           /usr/lib64/dotnet/packs/Microsoft.NETCore.App.Ref/8.0.22/ref/net8.0/WindowsBase.dll
           obj/Debug/net8.0/Entegrasyon.MessageQueue.Commands.csproj.CoreCompileInputs.cache
           /usr/lib64/dotnet/sdk/10.0.101/Sdks/Microsoft.NET.Sdk/targets/../analyzers/Microsoft.CodeAnalysis.CSharp.NetAnalyzers.dll
           /usr/lib64/dotnet/sdk/10.0.101/Sdks/Microsoft.NET.Sdk/targets/../analyzers/Microsoft.CodeAnalysis.NetAnalyzers.dll
           /home/baturhan/.nuget/packages/microsoft.entityframeworkcore.analyzers/8.0.15/analyzers/dotnet/cs/Microsoft.EntityFrameworkCore.Analyzers.dll
           /usr/lib64/dotnet/packs/Microsoft.NETCore.App.Ref/8.0.22/analyzers/dotnet/cs/Microsoft.Interop.ComInterfaceGenerator.dll
           /usr/lib64/dotnet/packs/Microsoft.NETCore.App.Ref/8.0.22/analyzers/dotnet/cs/Microsoft.Interop.JavaScript.JSImportGenerator.dll
           /usr/lib64/dotnet/packs/Microsoft.NETCore.App.Ref/8.0.22/analyzers/dotnet/cs/Microsoft.Interop.LibraryImportGenerator.dll
           /usr/lib64/dotnet/packs/Microsoft.NETCore.App.Ref/8.0.22/analyzers/dotnet/cs/Microsoft.Interop.SourceGeneration.dll
           /usr/lib64/dotnet/packs/Microsoft.NETCore.App.Ref/8.0.22/analyzers/dotnet/cs/System.Text.Json.SourceGeneration.dll
           /usr/lib64/dotnet/packs/Microsoft.NETCore.App.Ref/8.0.22/analyzers/dotnet/cs/System.Text.RegularExpressions.Generator.dll
           /usr/lib64/dotnet/packs/Microsoft.AspNetCore.App.Ref/8.0.22/analyzers/dotnet/cs/Microsoft.AspNetCore.App.Analyzers.dll
           /usr/lib64/dotnet/packs/Microsoft.AspNetCore.App.Ref/8.0.22/analyzers/dotnet/cs/Microsoft.AspNetCore.App.CodeFixes.dll
           /usr/lib64/dotnet/packs/Microsoft.AspNetCore.App.Ref/8.0.22/analyzers/dotnet/cs/Microsoft.AspNetCore.Components.Analyzers.dll
           /usr/lib64/dotnet/packs/Microsoft.AspNetCore.App.Ref/8.0.22/analyzers/dotnet/roslyn4.4/cs/Microsoft.Extensions.Logging.Generators.dll
           /usr/lib64/dotnet/packs/Microsoft.AspNetCore.App.Ref/8.0.22/analyzers/dotnet/roslyn4.4/cs/Microsoft.Extensions.Options.SourceGeneration.dll
           /home/baturhan/Projeler/Entegrasyon/.editorconfig
           obj/Debug/net8.0/Entegrasyon.MessageQueue.Commands.GeneratedMSBuildEditorConfig.editorconfig
           /usr/lib64/dotnet/sdk/10.0.101/Sdks/Microsoft.NET.Sdk/analyzers/build/config/analysislevel_8_default.globalconfig
           /home/baturhan/Projeler/Entegrasyon/Application/Entegrasyon.MessageQueue.Commands/obj/Entegrasyon.MessageQueue.Commands.csproj.nuget.g.targets
           /usr/lib64/dotnet/sdk/10.0.101/Current/Microsoft.Common.targets/ImportAfter/Microsoft.TestPlatform.ImportAfter.targets
           obj/Debug/net8.0/Entegrasyon.MessageQueue.Commands.sourcelink.json
       Output files: 
           obj/Debug/net8.0/Entegrasyon.MessageQueue.Commands.dll
           obj/Debug/net8.0/refint/Entegrasyon.MessageQueue.Commands.dll
           obj/Debug/net8.0/Entegrasyon.MessageQueue.Commands.pdb
       /usr/lib64/dotnet/sdk/10.0.101/Roslyn/Microsoft.CSharp.Core.targets(66,7): message : Property reassignment: $(NoWarn)="1701;1702;1701;1702" (previous value: "1701;1702") at /usr/lib64/dotnet/sdk/10.0.101/Roslyn/Microsoft.CSharp.Core.targets (66,7) [/home/baturhan/Projeler/Entegrasyon/Application/Entegrasyon.MessageQueue.Commands/Entegrasyon.MessageQueue.Commands.csproj]
   5:7>Done building target "CoreCompile" in project "Entegrasyon.MessageQueue.Commands.csproj".
   5:7>Target "AfterCompile" in file "/usr/lib64/dotnet/sdk/10.0.101/Microsoft.Common.CurrentVersion.targets" from project "/home/baturhan/Projeler/Entegrasyon/Application/Entegrasyon.MessageQueue.Commands/Entegrasyon.MessageQueue.Commands.csproj" (target "Compile" depends on it):
   5:7>Done building target "AfterCompile" in project "Entegrasyon.MessageQueue.Commands.csproj".
   7:7>Project "/home/baturhan/Projeler/Entegrasyon/Application/Entegrasyon.DataAccess/Entegrasyon.DataAccess.csproj" (7:7) is building "/home/baturhan/Projeler/Entegrasyon/Application/Entegrasyon.Entity/Entegrasyon.Entity.csproj" (8:20) on node 1 (GetCopyToOutputDirectoryItems target(s)).
  8:20>Target "NETStandardCompatError_Microsoft_Extensions_Configuration_Binder" skipped. Previously built successfully.
       Target "GetCopyToOutputDirectoryItems" skipped. Previously built successfully.
  8:20>Done Building Project "/home/baturhan/Projeler/Entegrasyon/Application/Entegrasyon.Entity/Entegrasyon.Entity.csproj" (GetCopyToOutputDirectoryItems target(s)).
   5:7>Target "Compile" in file "/usr/lib64/dotnet/sdk/10.0.101/Microsoft.Common.CurrentVersion.targets" from project "/home/baturhan/Projeler/Entegrasyon/Application/Entegrasyon.MessageQueue.Commands/Entegrasyon.MessageQueue.Commands.csproj" (target "CoreBuild" depends on it):
   5:7>Done building target "Compile" in project "Entegrasyon.MessageQueue.Commands.csproj".
   7:7>Project "/home/baturhan/Projeler/Entegrasyon/Application/Entegrasyon.DataAccess/Entegrasyon.DataAccess.csproj" (7:7) is building "/home/baturhan/Projeler/Entegrasyon/Shared/Shared/Shared.csproj" (6:25) on node 6 (GetCopyToOutputDirectoryItems target(s)).
  6:25>Target "NETStandardCompatError_Microsoft_Extensions_Configuration_Binder" skipped. Previously built successfully.
       Target "GetCopyToOutputDirectoryItems" skipped. Previously built successfully.
  6:25>Done Building Project "/home/baturhan/Projeler/Entegrasyon/Shared/Shared/Shared.csproj" (GetCopyToOutputDirectoryItems target(s)).
   5:7>Target "_GenerateSatelliteAssemblyInputs" in file "/usr/lib64/dotnet/sdk/10.0.101/Microsoft.Common.CurrentVersion.targets" from project "/home/baturhan/Projeler/Entegrasyon/Application/Entegrasyon.MessageQueue.Commands/Entegrasyon.MessageQueue.Commands.csproj" (target "CreateSatelliteAssemblies" depends on it):
   5:7>Done building target "_GenerateSatelliteAssemblyInputs" in project "Entegrasyon.MessageQueue.Commands.csproj".
   5:7>Target "CreateSatelliteAssemblies" in file "/usr/lib64/dotnet/sdk/10.0.101/Microsoft.Common.CurrentVersion.targets" from project "/home/baturhan/Projeler/Entegrasyon/Application/Entegrasyon.MessageQueue.Commands/Entegrasyon.MessageQueue.Commands.csproj" (target "CoreBuild" depends on it):
   5:7>Done building target "CreateSatelliteAssemblies" in project "Entegrasyon.MessageQueue.Commands.csproj".
   5:7>Target "GetTargetPathWithTargetPlatformMoniker" in file "/usr/lib64/dotnet/sdk/10.0.101/Microsoft.Common.CurrentVersion.targets" from project "/home/baturhan/Projeler/Entegrasyon/Application/Entegrasyon.MessageQueue.Commands/Entegrasyon.MessageQueue.Commands.csproj" (target "GetTargetPath" depends on it):
   5:7>Done building target "GetTargetPathWithTargetPlatformMoniker" in project "Entegrasyon.MessageQueue.Commands.csproj".
   5:7>Target "GetTargetPath" in file "/usr/lib64/dotnet/sdk/10.0.101/Microsoft.Common.CurrentVersion.targets" from project "/home/baturhan/Projeler/Entegrasyon/Application/Entegrasyon.MessageQueue.Commands/Entegrasyon.MessageQueue.Commands.csproj" (target "CoreBuild" depends on it):
   5:7>Done building target "GetTargetPath" in project "Entegrasyon.MessageQueue.Commands.csproj".
   5:7>Target "_CopyFilesMarkedCopyLocal" in file "/usr/lib64/dotnet/sdk/10.0.101/Microsoft.Common.CurrentVersion.targets" from project "/home/baturhan/Projeler/Entegrasyon/Application/Entegrasyon.MessageQueue.Commands/Entegrasyon.MessageQueue.Commands.csproj" (target "CopyFilesToOutputDirectory" depends on it):
       Using "Copy" task from assembly "Microsoft.Build.Tasks.Core, Version=15.1.0.0, Culture=neutral, PublicKeyToken=b03f5f7f11d50a3a".
       Task "Copy"
   7:7>Done executing task "MSBuild".
       Task "AssignTargetPath"
       Done executing task "AssignTargetPath".
   7:7>Done building target "_GetCopyToOutputDirectoryItemsFromTransitiveProjectReferences" in project "Entegrasyon.DataAccess.csproj".
       Done executing task "CallTarget".
   5:7>_CopyFilesMarkedCopyLocal:
         Did not copy from file "/home/baturhan/Projeler/Entegrasyon/Application/Entegrasyon.Entity/bin/Debug/net8.0/Entegrasyon.Entity.dll" to file "bin/Debug/net8.0/Entegrasyon.Entity.dll" because the "SkipUnchangedFiles" parameter was set to "true" in the project and the files' sizes and timestamps match.
         Did not copy from file "/home/baturhan/Projeler/Entegrasyon/Shared/Shared/bin/Debug/net8.0/Shared.dll" to file "bin/Debug/net8.0/Shared.dll" because the "SkipUnchangedFiles" parameter was set to "true" in the project and the files' sizes and timestamps match.
   7:7>Task "CallTarget"
   5:7>_CopyFilesMarkedCopyLocal:
         Did not copy from file "/home/baturhan/Projeler/Entegrasyon/Shared/Shared/bin/Debug/net8.0/Shared.pdb" to file "bin/Debug/net8.0/Shared.pdb" because the "SkipUnchangedFiles" parameter was set to "true" in the project and the files' sizes and timestamps match.
   7:7>Target "AssignTargetPaths" skipped. Previously built successfully.
   5:7>_CopyFilesMarkedCopyLocal:
         Did not copy from file "/home/baturhan/Projeler/Entegrasyon/Application/Entegrasyon.Entity/bin/Debug/net8.0/Entegrasyon.Entity.pdb" to file "bin/Debug/net8.0/Entegrasyon.Entity.pdb" because the "SkipUnchangedFiles" parameter was set to "true" in the project and the files' sizes and timestamps match.
   7:7>Target "_PopulateCommonStateForGetCopyToOutputDirectoryItems" skipped. Previously built successfully.
   7:7>Target "_GetCopyToOutputDirectoryItemsFromThisProject" in file "/usr/lib64/dotnet/sdk/10.0.101/Microsoft.Common.CurrentVersion.targets" from project "/home/baturhan/Projeler/Entegrasyon/Application/Entegrasyon.DataAccess/Entegrasyon.DataAccess.csproj" (target "GetCopyToOutputDirectoryItems" depends on it):
       Task "AssignTargetPath"
       Done executing task "AssignTargetPath".
   7:7>Done building target "_GetCopyToOutputDirectoryItemsFromThisProject" in project "Entegrasyon.DataAccess.csproj".
       Done executing task "CallTarget".
   7:7>Done building target "GetCopyToOutputDirectoryItems" in project "Entegrasyon.DataAccess.csproj".
   7:7>Target "_CopySourceItemsToOutputDirectory" in file "/usr/lib64/dotnet/sdk/10.0.101/Microsoft.Common.CurrentVersion.targets" from project "/home/baturhan/Projeler/Entegrasyon/Application/Entegrasyon.DataAccess/Entegrasyon.DataAccess.csproj" (target "CopyFilesToOutputDirectory" depends on it):
   7:7>Done building target "_CopySourceItemsToOutputDirectory" in project "Entegrasyon.DataAccess.csproj".
   7:7>Target "_CheckForCompileOutputs" in file "/usr/lib64/dotnet/sdk/10.0.101/Microsoft.Common.CurrentVersion.targets" from project "/home/baturhan/Projeler/Entegrasyon/Application/Entegrasyon.DataAccess/Entegrasyon.DataAccess.csproj" (target "CopyFilesToOutputDirectory" depends on it):
   7:7>Done building target "_CheckForCompileOutputs" in project "Entegrasyon.DataAccess.csproj".
       Target "_DefaultMicrosoftNETPlatformLibrary" skipped. Previously built successfully.
       Target "_HandlePackageFileConflicts" skipped. Previously built successfully.
       Target "ResolveAssemblyReferences" skipped. Previously built successfully.
   5:7>Done executing task "Copy".
   5:7>Done building target "_CopyFilesMarkedCopyLocal" in project "Entegrasyon.MessageQueue.Commands.csproj".
       Target "AssignTargetPaths" skipped. Previously built successfully.
       Target "AssignProjectConfiguration" skipped. Previously built successfully.
       Target "_SplitProjectReferencesByFileExistence" skipped. Previously built successfully.
       Target "_GetProjectReferenceTargetFrameworkProperties" skipped. Previously built successfully.
   5:7>Target "_PopulateCommonStateForGetCopyToOutputDirectoryItems" in file "/usr/lib64/dotnet/sdk/10.0.101/Microsoft.Common.CurrentVersion.targets" from project "/home/baturhan/Projeler/Entegrasyon/Application/Entegrasyon.MessageQueue.Commands/Entegrasyon.MessageQueue.Commands.csproj" (target "GetCopyToOutputDirectoryItems" depends on it):
   5:7>Done building target "_PopulateCommonStateForGetCopyToOutputDirectoryItems" in project "Entegrasyon.MessageQueue.Commands.csproj".
   5:7>Target "GetCopyToOutputDirectoryItems" in file "/usr/lib64/dotnet/sdk/10.0.101/Microsoft.Common.CurrentVersion.targets" from project "/home/baturhan/Projeler/Entegrasyon/Application/Entegrasyon.MessageQueue.Commands/Entegrasyon.MessageQueue.Commands.csproj" (target "_CopySourceItemsToOutputDirectory" depends on it):
       Using "CallTarget" task from assembly "Microsoft.Build.Tasks.Core, Version=15.1.0.0, Culture=neutral, PublicKeyToken=b03f5f7f11d50a3a".
       Task "CallTarget"
       Target "_PopulateCommonStateForGetCopyToOutputDirectoryItems" skipped. Previously built successfully.
       Target "_AddOutputPathToGlobalPropertiesToRemove" skipped. Previously built successfully.
   5:7>Target "_GetCopyToOutputDirectoryItemsFromTransitiveProjectReferences" in file "/usr/lib64/dotnet/sdk/10.0.101/Microsoft.Common.CurrentVersion.targets" from project "/home/baturhan/Projeler/Entegrasyon/Application/Entegrasyon.MessageQueue.Commands/Entegrasyon.MessageQueue.Commands.csproj" (target "GetCopyToOutputDirectoryItems" depends on it):
       Task "MSBuild"
         Removing Properties for project "../Entegrasyon.Entity/Entegrasyon.Entity.csproj":
           TargetFramework
           RuntimeIdentifier
           SelfContained
         Removing Properties for project "../../Shared/Shared/Shared.csproj":
           TargetFramework
           RuntimeIdentifier
           SelfContained
   7:7>Target "_ComputeReferenceAssemblies" in file "/usr/lib64/dotnet/sdk/10.0.101/Sdks/Microsoft.NET.Sdk/targets/Microsoft.NET.Sdk.targets" from project "/home/baturhan/Projeler/Entegrasyon/Application/Entegrasyon.DataAccess/Entegrasyon.DataAccess.csproj" (target "GenerateBuildDependencyFile" depends on it):
   7:7>Done building target "_ComputeReferenceAssemblies" in project "Entegrasyon.DataAccess.csproj".
   5:7>Project "/home/baturhan/Projeler/Entegrasyon/Application/Entegrasyon.MessageQueue.Commands/Entegrasyon.MessageQueue.Commands.csproj" (5:7) is building "/home/baturhan/Projeler/Entegrasyon/Application/Entegrasyon.Entity/Entegrasyon.Entity.csproj" (8:21) on node 1 (GetCopyToOutputDirectoryItems target(s)).
  8:21>Target "NETStandardCompatError_Microsoft_Extensions_Configuration_Binder" skipped. Previously built successfully.
       Target "GetCopyToOutputDirectoryItems" skipped. Previously built successfully.
  8:21>Done Building Project "/home/baturhan/Projeler/Entegrasyon/Application/Entegrasyon.Entity/Entegrasyon.Entity.csproj" (GetCopyToOutputDirectoryItems target(s)).
   5:7>Project "/home/baturhan/Projeler/Entegrasyon/Application/Entegrasyon.MessageQueue.Commands/Entegrasyon.MessageQueue.Commands.csproj" (5:7) is building "/home/baturhan/Projeler/Entegrasyon/Shared/Shared/Shared.csproj" (6:26) on node 6 (GetCopyToOutputDirectoryItems target(s)).
  6:26>Target "NETStandardCompatError_Microsoft_Extensions_Configuration_Binder" skipped. Previously built successfully.
       Target "GetCopyToOutputDirectoryItems" skipped. Previously built successfully.
  6:26>Done Building Project "/home/baturhan/Projeler/Entegrasyon/Shared/Shared/Shared.csproj" (GetCopyToOutputDirectoryItems target(s)).
   7:7>Target "_ComputeUserRuntimeAssemblies" in file "/usr/lib64/dotnet/sdk/10.0.101/Sdks/Microsoft.NET.Sdk/targets/Microsoft.NET.Sdk.targets" from project "/home/baturhan/Projeler/Entegrasyon/Application/Entegrasyon.DataAccess/Entegrasyon.DataAccess.csproj" (target "GenerateBuildDependencyFile" depends on it):
   7:7>Done building target "_ComputeUserRuntimeAssemblies" in project "Entegrasyon.DataAccess.csproj".
       Target "_ComputePackageReferencePublish" skipped. Previously built successfully.
   7:7>Target "GenerateBuildDependencyFile" in file "/usr/lib64/dotnet/sdk/10.0.101/Sdks/Microsoft.NET.Sdk/targets/Microsoft.NET.Sdk.targets" from project "/home/baturhan/Projeler/Entegrasyon/Application/Entegrasyon.DataAccess/Entegrasyon.DataAccess.csproj" (target "CopyFilesToOutputDirectory" depends on it):
       Skipping target "GenerateBuildDependencyFile" because all output files are up-to-date with respect to the input files.
       Input files: 
           /home/baturhan/Projeler/Entegrasyon/Application/Entegrasyon.DataAccess/obj/project.assets.json
           /home/baturhan/Projeler/Entegrasyon/Application/Entegrasyon.DataAccess/obj/Debug/net8.0/Entegrasyon.DataAccess.assets.cache
           /home/baturhan/Projeler/Entegrasyon/Application/Entegrasyon.DataAccess/obj/Entegrasyon.DataAccess.csproj.EntityFrameworkCore.targets
           /usr/lib64/dotnet/sdk/10.0.101/Current/Microsoft.Common.targets/ImportAfter/Microsoft.TestPlatform.ImportAfter.targets
       Output files: /home/baturhan/Projeler/Entegrasyon/Application/Entegrasyon.DataAccess/bin/Debug/net8.0/Entegrasyon.DataAccess.deps.json
   7:7>Done building target "GenerateBuildDependencyFile" in project "Entegrasyon.DataAccess.csproj".
       Target "_DefaultMicrosoftNETPlatformLibrary" skipped. Previously built successfully.
   7:7>Target "_GenerateRuntimeConfigurationFilesInputCache" in file "/usr/lib64/dotnet/sdk/10.0.101/Sdks/Microsoft.NET.Sdk/targets/Microsoft.NET.Sdk.targets" from project "/home/baturhan/Projeler/Entegrasyon/Application/Entegrasyon.DataAccess/Entegrasyon.DataAccess.csproj" (target "GenerateBuildRuntimeConfigurationFiles" depends on it):
       Task "Hash"
       Done executing task "Hash".
       Task "WriteLinesToFile"
         Skipping write to file "/home/baturhan/Projeler/Entegrasyon/Application/Entegrasyon.DataAccess/obj/Debug/net8.0/Entegrasyon.DataAccess.genruntimeconfig.cache" because content would not change.
       Done executing task "WriteLinesToFile".
   7:7>Done building target "_GenerateRuntimeConfigurationFilesInputCache" in project "Entegrasyon.DataAccess.csproj".
   7:7>Target "GenerateBuildRuntimeConfigurationFiles" in file "/usr/lib64/dotnet/sdk/10.0.101/Sdks/Microsoft.NET.Sdk/targets/Microsoft.NET.Sdk.targets" from project "/home/baturhan/Projeler/Entegrasyon/Application/Entegrasyon.DataAccess/Entegrasyon.DataAccess.csproj" (target "CopyFilesToOutputDirectory" depends on it):
       Skipping target "GenerateBuildRuntimeConfigurationFiles" because all output files are up-to-date with respect to the input files.
       Input files: 
           /home/baturhan/Projeler/Entegrasyon/Application/Entegrasyon.DataAccess/obj/project.assets.json
           /home/baturhan/Projeler/Entegrasyon/Application/Entegrasyon.DataAccess/obj/Debug/net8.0/Entegrasyon.DataAccess.assets.cache
           /home/baturhan/Projeler/Entegrasyon/Application/Entegrasyon.DataAccess/obj/Debug/net8.0/Entegrasyon.DataAccess.genruntimeconfig.cache
       Output files: /home/baturhan/Projeler/Entegrasyon/Application/Entegrasyon.DataAccess/bin/Debug/net8.0/Entegrasyon.DataAccess.runtimeconfig.json
   7:7>Done building target "GenerateBuildRuntimeConfigurationFiles" in project "Entegrasyon.DataAccess.csproj".
   7:7>Target "CopyFilesToOutputDirectory" in file "/usr/lib64/dotnet/sdk/10.0.101/Microsoft.Common.CurrentVersion.targets" from project "/home/baturhan/Projeler/Entegrasyon/Application/Entegrasyon.DataAccess/Entegrasyon.DataAccess.csproj" (target "PrepareForRun" depends on it):
       Task "Copy"
         Did not copy from file "obj/Debug/net8.0/Entegrasyon.DataAccess.dll" to file "bin/Debug/net8.0/Entegrasyon.DataAccess.dll" because the "SkipUnchangedFiles" parameter was set to "true" in the project and the files' sizes and timestamps match.
       Done executing task "Copy".
       Using "CopyRefAssembly" task from assembly "/usr/lib64/dotnet/sdk/10.0.101/Sdks/Microsoft.NET.Sdk/targets/../../../Roslyn/Microsoft.Build.Tasks.CodeAnalysis.dll".
       Task "CopyRefAssembly"
   5:7>Done executing task "MSBuild".
   7:7>CopyFilesToOutputDirectory:
         Reference assembly "/home/baturhan/Projeler/Entegrasyon/Application/Entegrasyon.DataAccess/obj/Debug/net8.0/ref/Entegrasyon.DataAccess.dll" already has latest information. Leaving it untouched.
       Done executing task "CopyRefAssembly".
       Task "Message"
   5:7>Task "AssignTargetPath"
   7:7>CopyFilesToOutputDirectory:
         Entegrasyon.DataAccess -> /home/baturhan/Projeler/Entegrasyon/Application/Entegrasyon.DataAccess/bin/Debug/net8.0/Entegrasyon.DataAccess.dll
       Done executing task "Message".
       Task "Copy"
         Did not copy from file "obj/Debug/net8.0/Entegrasyon.DataAccess.pdb" to file "bin/Debug/net8.0/Entegrasyon.DataAccess.pdb" because the "SkipUnchangedFiles" parameter was set to "true" in the project and the files' sizes and timestamps match.
   5:7>Done executing task "AssignTargetPath".
   7:7>Done executing task "Copy".
   7:7>Done building target "CopyFilesToOutputDirectory" in project "Entegrasyon.DataAccess.csproj".
   5:7>Done building target "_GetCopyToOutputDirectoryItemsFromTransitiveProjectReferences" in project "Entegrasyon.MessageQueue.Commands.csproj".
   7:7>Target "PrepareForRun" in file "/usr/lib64/dotnet/sdk/10.0.101/Microsoft.Common.CurrentVersion.targets" from project "/home/baturhan/Projeler/Entegrasyon/Application/Entegrasyon.DataAccess/Entegrasyon.DataAccess.csproj" (target "CoreBuild" depends on it):
   7:7>Done building target "PrepareForRun" in project "Entegrasyon.DataAccess.csproj".
       Target "_CheckForCompileOutputs" skipped. Previously built successfully.
   7:7>Target "_CleanGetCurrentAndPriorFileWrites" in file "/usr/lib64/dotnet/sdk/10.0.101/Microsoft.Common.CurrentVersion.targets" from project "/home/baturhan/Projeler/Entegrasyon/Application/Entegrasyon.DataAccess/Entegrasyon.DataAccess.csproj" (target "IncrementalClean" depends on it):
       Using "ReadLinesFromFile" task from assembly "Microsoft.Build.Tasks.Core, Version=15.1.0.0, Culture=neutral, PublicKeyToken=b03f5f7f11d50a3a".
       Task "ReadLinesFromFile"
       Done executing task "ReadLinesFromFile".
       Task "ConvertToAbsolutePath"
       Done executing task "ConvertToAbsolutePath".
       Using "FindUnderPath" task from assembly "Microsoft.Build.Tasks.Core, Version=15.1.0.0, Culture=neutral, PublicKeyToken=b03f5f7f11d50a3a".
       Task "FindUnderPath"
         Comparison path is "/home/baturhan/Projeler/Entegrasyon/Application/Entegrasyon.DataAccess".
       Done executing task "FindUnderPath".
       Task "FindUnderPath"
         Comparison path is "bin/Debug/net8.0/".
       Done executing task "FindUnderPath".
       Task "FindUnderPath"
   5:7>Done executing task "CallTarget".
       Task "CallTarget"
   7:7>_CleanGetCurrentAndPriorFileWrites:
         Comparison path is "obj/Debug/net8.0/".
       Done executing task "FindUnderPath".
   5:7>Target "AssignTargetPaths" skipped. Previously built successfully.
       Target "_PopulateCommonStateForGetCopyToOutputDirectoryItems" skipped. Previously built successfully.
   5:7>Target "_GetCopyToOutputDirectoryItemsFromThisProject" in file "/usr/lib64/dotnet/sdk/10.0.101/Microsoft.Common.CurrentVersion.targets" from project "/home/baturhan/Projeler/Entegrasyon/Application/Entegrasyon.MessageQueue.Commands/Entegrasyon.MessageQueue.Commands.csproj" (target "GetCopyToOutputDirectoryItems" depends on it):
       Task "AssignTargetPath"
       Done executing task "AssignTargetPath".
   5:7>Done building target "_GetCopyToOutputDirectoryItemsFromThisProject" in project "Entegrasyon.MessageQueue.Commands.csproj".
       Done executing task "CallTarget".
   7:7>Task "RemoveDuplicates"
       Done executing task "RemoveDuplicates".
   5:7>Done building target "GetCopyToOutputDirectoryItems" in project "Entegrasyon.MessageQueue.Commands.csproj".
   5:7>Target "_CopySourceItemsToOutputDirectory" in file "/usr/lib64/dotnet/sdk/10.0.101/Microsoft.Common.CurrentVersion.targets" from project "/home/baturhan/Projeler/Entegrasyon/Application/Entegrasyon.MessageQueue.Commands/Entegrasyon.MessageQueue.Commands.csproj" (target "CopyFilesToOutputDirectory" depends on it):
   5:7>Done building target "_CopySourceItemsToOutputDirectory" in project "Entegrasyon.MessageQueue.Commands.csproj".
   7:7>Done building target "_CleanGetCurrentAndPriorFileWrites" in project "Entegrasyon.DataAccess.csproj".
   7:7>Target "IncrementalClean" in file "/usr/lib64/dotnet/sdk/10.0.101/Microsoft.Common.CurrentVersion.targets" from project "/home/baturhan/Projeler/Entegrasyon/Application/Entegrasyon.DataAccess/Entegrasyon.DataAccess.csproj" (target "CoreBuild" depends on it):
       Task "FindUnderPath"
   5:7>Target "_CheckForCompileOutputs" in file "/usr/lib64/dotnet/sdk/10.0.101/Microsoft.Common.CurrentVersion.targets" from project "/home/baturhan/Projeler/Entegrasyon/Application/Entegrasyon.MessageQueue.Commands/Entegrasyon.MessageQueue.Commands.csproj" (target "CopyFilesToOutputDirectory" depends on it):
   5:7>Done building target "_CheckForCompileOutputs" in project "Entegrasyon.MessageQueue.Commands.csproj".
       Target "_DefaultMicrosoftNETPlatformLibrary" skipped. Previously built successfully.
   7:7>IncrementalClean:
         Comparison path is "bin/Debug/net8.0/".
       Done executing task "FindUnderPath".
       Task "FindUnderPath"
   5:7>Target "_HandlePackageFileConflicts" skipped. Previously built successfully.
   7:7>IncrementalClean:
         Comparison path is "obj/Debug/net8.0/".
   5:7>Target "ResolveAssemblyReferences" skipped. Previously built successfully.
   7:7>Done executing task "FindUnderPath".
       Using "Delete" task from assembly "Microsoft.Build.Tasks.Core, Version=15.1.0.0, Culture=neutral, PublicKeyToken=b03f5f7f11d50a3a".
       Task "Delete"
   5:7>Target "_ComputeReferenceAssemblies" in file "/usr/lib64/dotnet/sdk/10.0.101/Sdks/Microsoft.NET.Sdk/targets/Microsoft.NET.Sdk.targets" from project "/home/baturhan/Projeler/Entegrasyon/Application/Entegrasyon.MessageQueue.Commands/Entegrasyon.MessageQueue.Commands.csproj" (target "GenerateBuildDependencyFile" depends on it):
   5:7>Done building target "_ComputeReferenceAssemblies" in project "Entegrasyon.MessageQueue.Commands.csproj".
   7:7>Done executing task "Delete".
       Task "RemoveDuplicates"
       Done executing task "RemoveDuplicates".
   7:7>Done building target "IncrementalClean" in project "Entegrasyon.DataAccess.csproj".
       Target "GenerateBuildDependencyFile" skipped. Previously built successfully.
       Target "GenerateBuildRuntimeConfigurationFiles" skipped. Previously built successfully.
   7:7>Target "CoreBuild" in file "/usr/lib64/dotnet/sdk/10.0.101/Microsoft.Common.CurrentVersion.targets" from project "/home/baturhan/Projeler/Entegrasyon/Application/Entegrasyon.DataAccess/Entegrasyon.DataAccess.csproj" (target "Build" depends on it):
   7:7>Done building target "CoreBuild" in project "Entegrasyon.DataAccess.csproj".
   7:7>Target "AfterBuild" in file "/usr/lib64/dotnet/sdk/10.0.101/Microsoft.Common.CurrentVersion.targets" from project "/home/baturhan/Projeler/Entegrasyon/Application/Entegrasyon.DataAccess/Entegrasyon.DataAccess.csproj" (target "Build" depends on it):
   7:7>Done building target "AfterBuild" in project "Entegrasyon.DataAccess.csproj".
       Target "_CheckForInvalidConfigurationAndPlatform" skipped. Previously built successfully.
   5:7>Target "_ComputeUserRuntimeAssemblies" in file "/usr/lib64/dotnet/sdk/10.0.101/Sdks/Microsoft.NET.Sdk/targets/Microsoft.NET.Sdk.targets" from project "/home/baturhan/Projeler/Entegrasyon/Application/Entegrasyon.MessageQueue.Commands/Entegrasyon.MessageQueue.Commands.csproj" (target "GenerateBuildDependencyFile" depends on it):
   5:7>Done building target "_ComputeUserRuntimeAssemblies" in project "Entegrasyon.MessageQueue.Commands.csproj".
   7:7>Target "_CheckForInvalidConfigurationAndPlatform" skipped. Previously built successfully.
   5:7>Target "_ComputePackageReferencePublish" skipped. Previously built successfully.
   7:7>Target "Build" in file "/usr/lib64/dotnet/sdk/10.0.101/Microsoft.Common.CurrentVersion.targets" from project "/home/baturhan/Projeler/Entegrasyon/Application/Entegrasyon.DataAccess/Entegrasyon.DataAccess.csproj" (entry point):
   7:7>Done building target "Build" in project "Entegrasyon.DataAccess.csproj".
   5:7>Target "GenerateBuildDependencyFile" in file "/usr/lib64/dotnet/sdk/10.0.101/Sdks/Microsoft.NET.Sdk/targets/Microsoft.NET.Sdk.targets" from project "/home/baturhan/Projeler/Entegrasyon/Application/Entegrasyon.MessageQueue.Commands/Entegrasyon.MessageQueue.Commands.csproj" (target "CopyFilesToOutputDirectory" depends on it):
   5:7>Skipping target "GenerateBuildDependencyFile" because all output files are up-to-date with respect to the input files.
       Input files: 
           /home/baturhan/Projeler/Entegrasyon/Application/Entegrasyon.MessageQueue.Commands/obj/project.assets.json
           /home/baturhan/Projeler/Entegrasyon/Application/Entegrasyon.MessageQueue.Commands/obj/Debug/net8.0/Entegrasyon.MessageQueue.Commands.assets.cache
           /home/baturhan/Projeler/Entegrasyon/Application/Entegrasyon.MessageQueue.Commands/obj/Entegrasyon.MessageQueue.Commands.csproj.nuget.g.targets
           /usr/lib64/dotnet/sdk/10.0.101/Current/Microsoft.Common.targets/ImportAfter/Microsoft.TestPlatform.ImportAfter.targets
   7:7>Target "_CheckContainersPackage" in file "/usr/lib64/dotnet/sdk/10.0.101/Containers/build/Microsoft.NET.Build.Containers.targets" from project "/home/baturhan/Projeler/Entegrasyon/Application/Entegrasyon.DataAccess/Entegrasyon.DataAccess.csproj" (entry point):
   7:7>Done building target "_CheckContainersPackage" in project "Entegrasyon.DataAccess.csproj".
   5:7>GenerateBuildDependencyFile:
       Output files: /home/baturhan/Projeler/Entegrasyon/Application/Entegrasyon.MessageQueue.Commands/bin/Debug/net8.0/Entegrasyon.MessageQueue.Commands.deps.json
   7:7>Done Building Project "/home/baturhan/Projeler/Entegrasyon/Application/Entegrasyon.DataAccess/Entegrasyon.DataAccess.csproj" (default targets).
   5:7>Done building target "GenerateBuildDependencyFile" in project "Entegrasyon.MessageQueue.Commands.csproj".
   5:7>Target "CopyFilesToOutputDirectory" in file "/usr/lib64/dotnet/sdk/10.0.101/Microsoft.Common.CurrentVersion.targets" from project "/home/baturhan/Projeler/Entegrasyon/Application/Entegrasyon.MessageQueue.Commands/Entegrasyon.MessageQueue.Commands.csproj" (target "PrepareForRun" depends on it):
       Task "Copy"
         Did not copy from file "obj/Debug/net8.0/Entegrasyon.MessageQueue.Commands.dll" to file "bin/Debug/net8.0/Entegrasyon.MessageQueue.Commands.dll" because the "SkipUnchangedFiles" parameter was set to "true" in the project and the files' sizes and timestamps match.
       Done executing task "Copy".
       Using "CopyRefAssembly" task from assembly "/usr/lib64/dotnet/sdk/10.0.101/Sdks/Microsoft.NET.Sdk/targets/../../../Roslyn/Microsoft.Build.Tasks.CodeAnalysis.dll".
   2:8>Project "/home/baturhan/Projeler/Entegrasyon/Application/Entegrasyon.Business/Entegrasyon.Business.csproj" (2:8) is building "/home/baturhan/Projeler/Entegrasyon/Application/Entegrasyon.DataAccess/Entegrasyon.DataAccess.csproj" (7:11) on node 2 (default targets).
  7:11>Target "NETStandardCompatError_Microsoft_Extensions_Configuration_Binder" skipped. Previously built successfully.
       Target "Build" skipped. Previously built successfully.
  7:11>Done Building Project "/home/baturhan/Projeler/Entegrasyon/Application/Entegrasyon.DataAccess/Entegrasyon.DataAccess.csproj" (default targets).
   5:7>Task "CopyRefAssembly"
   3:6>Project "/home/baturhan/Projeler/Entegrasyon/Application/Entegrasyon.MessageQueue/Entegrasyon.MessageQueue.Handler.csproj" (3:6) is building "/home/baturhan/Projeler/Entegrasyon/Application/Entegrasyon.DataAccess/Entegrasyon.DataAccess.csproj" (7:12) on node 2 (default targets).
  7:12>Target "NETStandardCompatError_Microsoft_Extensions_Configuration_Binder" skipped. Previously built successfully.
       Target "Build" skipped. Previously built successfully.
  7:12>Done Building Project "/home/baturhan/Projeler/Entegrasyon/Application/Entegrasyon.DataAccess/Entegrasyon.DataAccess.csproj" (default targets).
   4:6>Project "/home/baturhan/Projeler/Entegrasyon/Application/Entegrasyon.ApplicationBootstrap/Entegrasyon.ApplicationBootstrap.csproj" (4:6) is building "/home/baturhan/Projeler/Entegrasyon/Application/Entegrasyon.DataAccess/Entegrasyon.DataAccess.csproj" (7:13) on node 2 (default targets).
  7:13>Target "NETStandardCompatError_Microsoft_Extensions_Configuration_Binder" skipped. Previously built successfully.
       Target "Build" skipped. Previously built successfully.
  7:13>Done Building Project "/home/baturhan/Projeler/Entegrasyon/Application/Entegrasyon.DataAccess/Entegrasyon.DataAccess.csproj" (default targets).
   5:7>CopyFilesToOutputDirectory:
         Reference assembly "/home/baturhan/Projeler/Entegrasyon/Application/Entegrasyon.MessageQueue.Commands/obj/Debug/net8.0/ref/Entegrasyon.MessageQueue.Commands.dll" already has latest information. Leaving it untouched.
       Done executing task "CopyRefAssembly".
       Task "Message"
         Entegrasyon.MessageQueue.Commands -> /home/baturhan/Projeler/Entegrasyon/Application/Entegrasyon.MessageQueue.Commands/bin/Debug/net8.0/Entegrasyon.MessageQueue.Commands.dll
       Done executing task "Message".
       Task "Copy"
         Did not copy from file "obj/Debug/net8.0/Entegrasyon.MessageQueue.Commands.pdb" to file "bin/Debug/net8.0/Entegrasyon.MessageQueue.Commands.pdb" because the "SkipUnchangedFiles" parameter was set to "true" in the project and the files' sizes and timestamps match.
       Done executing task "Copy".
   5:7>Done building target "CopyFilesToOutputDirectory" in project "Entegrasyon.MessageQueue.Commands.csproj".
   5:7>Target "PrepareForRun" in file "/usr/lib64/dotnet/sdk/10.0.101/Microsoft.Common.CurrentVersion.targets" from project "/home/baturhan/Projeler/Entegrasyon/Application/Entegrasyon.MessageQueue.Commands/Entegrasyon.MessageQueue.Commands.csproj" (target "CoreBuild" depends on it):
   5:7>Done building target "PrepareForRun" in project "Entegrasyon.MessageQueue.Commands.csproj".
       Target "_CheckForCompileOutputs" skipped. Previously built successfully.
   5:7>Target "_CleanGetCurrentAndPriorFileWrites" in file "/usr/lib64/dotnet/sdk/10.0.101/Microsoft.Common.CurrentVersion.targets" from project "/home/baturhan/Projeler/Entegrasyon/Application/Entegrasyon.MessageQueue.Commands/Entegrasyon.MessageQueue.Commands.csproj" (target "IncrementalClean" depends on it):
       Using "ReadLinesFromFile" task from assembly "Microsoft.Build.Tasks.Core, Version=15.1.0.0, Culture=neutral, PublicKeyToken=b03f5f7f11d50a3a".
       Task "ReadLinesFromFile"
       Done executing task "ReadLinesFromFile".
       Using "ConvertToAbsolutePath" task from assembly "Microsoft.Build.Tasks.Core, Version=15.1.0.0, Culture=neutral, PublicKeyToken=b03f5f7f11d50a3a".
       Task "ConvertToAbsolutePath"
       Done executing task "ConvertToAbsolutePath".
       Using "FindUnderPath" task from assembly "Microsoft.Build.Tasks.Core, Version=15.1.0.0, Culture=neutral, PublicKeyToken=b03f5f7f11d50a3a".
       Task "FindUnderPath"
         Comparison path is "/home/baturhan/Projeler/Entegrasyon/Application/Entegrasyon.MessageQueue.Commands".
       Done executing task "FindUnderPath".
       Task "FindUnderPath"
         Comparison path is "bin/Debug/net8.0/".
       Done executing task "FindUnderPath".
       Task "FindUnderPath"
         Comparison path is "obj/Debug/net8.0/".
       Done executing task "FindUnderPath".
       Using "RemoveDuplicates" task from assembly "Microsoft.Build.Tasks.Core, Version=15.1.0.0, Culture=neutral, PublicKeyToken=b03f5f7f11d50a3a".
       Task "RemoveDuplicates"
       Done executing task "RemoveDuplicates".
   5:7>Done building target "_CleanGetCurrentAndPriorFileWrites" in project "Entegrasyon.MessageQueue.Commands.csproj".
   5:7>Target "IncrementalClean" in file "/usr/lib64/dotnet/sdk/10.0.101/Microsoft.Common.CurrentVersion.targets" from project "/home/baturhan/Projeler/Entegrasyon/Application/Entegrasyon.MessageQueue.Commands/Entegrasyon.MessageQueue.Commands.csproj" (target "CoreBuild" depends on it):
       Task "FindUnderPath"
         Comparison path is "bin/Debug/net8.0/".
       Done executing task "FindUnderPath".
       Task "FindUnderPath"
         Comparison path is "obj/Debug/net8.0/".
       Done executing task "FindUnderPath".
       Using "Delete" task from assembly "Microsoft.Build.Tasks.Core, Version=15.1.0.0, Culture=neutral, PublicKeyToken=b03f5f7f11d50a3a".
       Task "Delete"
       Done executing task "Delete".
       Task "RemoveDuplicates"
       Done executing task "RemoveDuplicates".
   5:7>Done building target "IncrementalClean" in project "Entegrasyon.MessageQueue.Commands.csproj".
       Target "GenerateBuildDependencyFile" skipped. Previously built successfully.
   5:7>Target "CoreBuild" in file "/usr/lib64/dotnet/sdk/10.0.101/Microsoft.Common.CurrentVersion.targets" from project "/home/baturhan/Projeler/Entegrasyon/Application/Entegrasyon.MessageQueue.Commands/Entegrasyon.MessageQueue.Commands.csproj" (target "Build" depends on it):
   5:7>Done building target "CoreBuild" in project "Entegrasyon.MessageQueue.Commands.csproj".
   5:7>Target "AfterBuild" in file "/usr/lib64/dotnet/sdk/10.0.101/Microsoft.Common.CurrentVersion.targets" from project "/home/baturhan/Projeler/Entegrasyon/Application/Entegrasyon.MessageQueue.Commands/Entegrasyon.MessageQueue.Commands.csproj" (target "Build" depends on it):
   5:7>Done building target "AfterBuild" in project "Entegrasyon.MessageQueue.Commands.csproj".
       Target "_CheckForInvalidConfigurationAndPlatform" skipped. Previously built successfully.
       Target "_CheckForInvalidConfigurationAndPlatform" skipped. Previously built successfully.
   5:7>Target "Build" in file "/usr/lib64/dotnet/sdk/10.0.101/Microsoft.Common.CurrentVersion.targets" from project "/home/baturhan/Projeler/Entegrasyon/Application/Entegrasyon.MessageQueue.Commands/Entegrasyon.MessageQueue.Commands.csproj" (entry point):
   5:7>Done building target "Build" in project "Entegrasyon.MessageQueue.Commands.csproj".
   5:7>Target "_CheckContainersPackage" in file "/usr/lib64/dotnet/sdk/10.0.101/Containers/build/Microsoft.NET.Build.Containers.targets" from project "/home/baturhan/Projeler/Entegrasyon/Application/Entegrasyon.MessageQueue.Commands/Entegrasyon.MessageQueue.Commands.csproj" (entry point):
   5:7>Done building target "_CheckContainersPackage" in project "Entegrasyon.MessageQueue.Commands.csproj".
   5:7>Done Building Project "/home/baturhan/Projeler/Entegrasyon/Application/Entegrasyon.MessageQueue.Commands/Entegrasyon.MessageQueue.Commands.csproj" (default targets).
   2:8>Project "/home/baturhan/Projeler/Entegrasyon/Application/Entegrasyon.Business/Entegrasyon.Business.csproj" (2:8) is building "/home/baturhan/Projeler/Entegrasyon/Application/Entegrasyon.MessageQueue.Commands/Entegrasyon.MessageQueue.Commands.csproj" (5:11) on node 7 (default targets).
  5:11>Target "NETStandardCompatError_Microsoft_Extensions_Configuration_Binder" skipped. Previously built successfully.
       Target "Build" skipped. Previously built successfully.
  5:11>Done Building Project "/home/baturhan/Projeler/Entegrasyon/Application/Entegrasyon.MessageQueue.Commands/Entegrasyon.MessageQueue.Commands.csproj" (default targets).
   3:6>Project "/home/baturhan/Projeler/Entegrasyon/Application/Entegrasyon.MessageQueue/Entegrasyon.MessageQueue.Handler.csproj" (3:6) is building "/home/baturhan/Projeler/Entegrasyon/Application/Entegrasyon.MessageQueue.Commands/Entegrasyon.MessageQueue.Commands.csproj" (5:12) on node 7 (default targets).
  5:12>Target "NETStandardCompatError_Microsoft_Extensions_Configuration_Binder" skipped. Previously built successfully.
       Target "Build" skipped. Previously built successfully.
  5:12>Done Building Project "/home/baturhan/Projeler/Entegrasyon/Application/Entegrasyon.MessageQueue.Commands/Entegrasyon.MessageQueue.Commands.csproj" (default targets).
   4:6>Project "/home/baturhan/Projeler/Entegrasyon/Application/Entegrasyon.ApplicationBootstrap/Entegrasyon.ApplicationBootstrap.csproj" (4:6) is building "/home/baturhan/Projeler/Entegrasyon/Application/Entegrasyon.MessageQueue.Commands/Entegrasyon.MessageQueue.Commands.csproj" (5:13) on node 7 (default targets).
  5:13>Target "NETStandardCompatError_Microsoft_Extensions_Configuration_Binder" skipped. Previously built successfully.
       Target "Build" skipped. Previously built successfully.
  5:13>Done Building Project "/home/baturhan/Projeler/Entegrasyon/Application/Entegrasyon.MessageQueue.Commands/Entegrasyon.MessageQueue.Commands.csproj" (default targets).
   2:8>Done executing task "MSBuild".
       Task "MSBuild"
         Removing Properties for project "../Entegrasyon.DataAccess/Entegrasyon.DataAccess.csproj":
           TargetFramework
           RuntimeIdentifier
           SelfContained
         Removing Properties for project "../Entegrasyon.MessageQueue.Commands/Entegrasyon.MessageQueue.Commands.csproj":
           TargetFramework
           RuntimeIdentifier
           SelfContained
         Removing Properties for project "../../Shared/Shared/Shared.csproj":
           TargetFramework
           RuntimeIdentifier
           SelfContained
         Removing Properties for project "../Entegrasyon.Entity/Entegrasyon.Entity.csproj":
           TargetFramework
           RuntimeIdentifier
           SelfContained
   2:8>Project "/home/baturhan/Projeler/Entegrasyon/Application/Entegrasyon.Business/Entegrasyon.Business.csproj" (2:8) is building "/home/baturhan/Projeler/Entegrasyon/Shared/Shared/Shared.csproj" (6:27) on node 6 (GetNativeManifest target(s)).
  6:27>Target "NETStandardCompatError_Microsoft_Extensions_Configuration_Binder" skipped. Previously built successfully.
       Target "GetNativeManifest" skipped. Previously built successfully.
  6:27>Done Building Project "/home/baturhan/Projeler/Entegrasyon/Shared/Shared/Shared.csproj" (GetNativeManifest target(s)).
   2:8>Project "/home/baturhan/Projeler/Entegrasyon/Application/Entegrasyon.Business/Entegrasyon.Business.csproj" (2:8) is building "/home/baturhan/Projeler/Entegrasyon/Application/Entegrasyon.Entity/Entegrasyon.Entity.csproj" (8:22) on node 1 (GetNativeManifest target(s)).
  8:22>Target "NETStandardCompatError_Microsoft_Extensions_Configuration_Binder" skipped. Previously built successfully.
       Target "GetNativeManifest" skipped. Previously built successfully.
  8:22>Done Building Project "/home/baturhan/Projeler/Entegrasyon/Application/Entegrasyon.Entity/Entegrasyon.Entity.csproj" (GetNativeManifest target(s)).
   2:8>Project "/home/baturhan/Projeler/Entegrasyon/Application/Entegrasyon.Business/Entegrasyon.Business.csproj" (2:8) is building "/home/baturhan/Projeler/Entegrasyon/Application/Entegrasyon.DataAccess/Entegrasyon.DataAccess.csproj" (7:14) on node 2 (GetNativeManifest target(s)).
  7:14>Target "NETStandardCompatError_Microsoft_Extensions_Configuration_Binder" skipped. Previously built successfully.
   2:8>Project "/home/baturhan/Projeler/Entegrasyon/Application/Entegrasyon.Business/Entegrasyon.Business.csproj" (2:8) is building "/home/baturhan/Projeler/Entegrasyon/Application/Entegrasyon.MessageQueue.Commands/Entegrasyon.MessageQueue.Commands.csproj" (5:14) on node 7 (GetNativeManifest target(s)).
  5:14>Target "NETStandardCompatError_Microsoft_Extensions_Configuration_Binder" skipped. Previously built successfully.
  7:14>Target "GetNativeManifest" in file "/usr/lib64/dotnet/sdk/10.0.101/Microsoft.Common.CurrentVersion.targets" from project "/home/baturhan/Projeler/Entegrasyon/Application/Entegrasyon.DataAccess/Entegrasyon.DataAccess.csproj" (entry point):
  7:14>Done building target "GetNativeManifest" in project "Entegrasyon.DataAccess.csproj".
  7:14>Done Building Project "/home/baturhan/Projeler/Entegrasyon/Application/Entegrasyon.DataAccess/Entegrasyon.DataAccess.csproj" (GetNativeManifest target(s)).
  5:14>Target "GetNativeManifest" in file "/usr/lib64/dotnet/sdk/10.0.101/Microsoft.Common.CurrentVersion.targets" from project "/home/baturhan/Projeler/Entegrasyon/Application/Entegrasyon.MessageQueue.Commands/Entegrasyon.MessageQueue.Commands.csproj" (entry point):
  5:14>Done building target "GetNativeManifest" in project "Entegrasyon.MessageQueue.Commands.csproj".
  5:14>Done Building Project "/home/baturhan/Projeler/Entegrasyon/Application/Entegrasyon.MessageQueue.Commands/Entegrasyon.MessageQueue.Commands.csproj" (GetNativeManifest target(s)).
   2:8>Done executing task "MSBuild".
   2:8>Done building target "ResolveProjectReferences" in project "Entegrasyon.Business.csproj".
       Target "ResolveProjectReferences" skipped. Previously built successfully.
       Target "GetFrameworkPaths" skipped. Previously built successfully.
       Target "GetReferenceAssemblyPaths" skipped. Previously built successfully.
       Target "PrepareForBuild" skipped. Previously built successfully.
   2:8>Target "ResolveSDKReferences" in file "/usr/lib64/dotnet/sdk/10.0.101/Microsoft.Common.CurrentVersion.targets" from project "/home/baturhan/Projeler/Entegrasyon/Application/Entegrasyon.Business/Entegrasyon.Business.csproj" (target "ResolveAssemblyReferences" depends on it):
   2:8>Done building target "ResolveSDKReferences" in project "Entegrasyon.Business.csproj".
       Target "ResolveSDKReferences" skipped. Previously built successfully.
   2:8>Target "ExpandSDKReferences" in file "/usr/lib64/dotnet/sdk/10.0.101/Microsoft.Common.CurrentVersion.targets" from project "/home/baturhan/Projeler/Entegrasyon/Application/Entegrasyon.Business/Entegrasyon.Business.csproj" (target "ResolveAssemblyReferences" depends on it):
   2:8>Done building target "ExpandSDKReferences" in project "Entegrasyon.Business.csproj".
       Target "ResolvePackageDependenciesForBuild" skipped. Previously built successfully.
       Target "GetFrameworkPaths" skipped. Previously built successfully.
       Target "GetReferenceAssemblyPaths" skipped. Previously built successfully.
       Target "ProcessFrameworkReferences" skipped. Previously built successfully.
       Target "ResolvePackageAssets" skipped. Previously built successfully.
   2:8>Target "ResolveFrameworkReferences" in file "/usr/lib64/dotnet/sdk/10.0.101/Sdks/Microsoft.NET.Sdk/targets/Microsoft.NET.Sdk.FrameworkReferenceResolution.targets" from project "/home/baturhan/Projeler/Entegrasyon/Application/Entegrasyon.Business/Entegrasyon.Business.csproj" (target "ResolveTargetingPackAssets" depends on it):
       Using "GetPackageDirectory" task from assembly "/usr/lib64/dotnet/sdk/10.0.101/Sdks/Microsoft.NET.Sdk/targets/../tools/net10.0/Microsoft.NET.Build.Tasks.dll".
       Task "GetPackageDirectory"
       Done executing task "GetPackageDirectory".
       Task "GetPackageDirectory"
       Done executing task "GetPackageDirectory".
       Task "GetPackageDirectory"
       Done executing task "GetPackageDirectory".
       Task "GetPackageDirectory"
       Done executing task "GetPackageDirectory".
       Task "GetPackageDirectory"
       Done executing task "GetPackageDirectory".
       Task "GetPackageDirectory"
       Done executing task "GetPackageDirectory".
       Task "GetPackageDirectory"
       Done executing task "GetPackageDirectory".
       Task "GetPackageDirectory"
       Done executing task "GetPackageDirectory".
       Task "GetPackageDirectory"
       Done executing task "GetPackageDirectory".
       Task "GetPackageDirectory"
       Done executing task "GetPackageDirectory".
       Using "ResolveFrameworkReferences" task from assembly "/usr/lib64/dotnet/sdk/10.0.101/Sdks/Microsoft.NET.Sdk/targets/../tools/net10.0/Microsoft.NET.Build.Tasks.dll".
       Task "ResolveFrameworkReferences"
       Done executing task "ResolveFrameworkReferences".
   2:8>Done building target "ResolveFrameworkReferences" in project "Entegrasyon.Business.csproj".
   2:8>Target "ResolveTargetingPackAssets" in file "/usr/lib64/dotnet/sdk/10.0.101/Sdks/Microsoft.NET.Sdk/targets/Microsoft.NET.Sdk.FrameworkReferenceResolution.targets" from project "/home/baturhan/Projeler/Entegrasyon/Application/Entegrasyon.Business/Entegrasyon.Business.csproj" (target "_HandlePackageFileConflicts" depends on it):
       Using "ResolveTargetingPackAssets" task from assembly "/usr/lib64/dotnet/sdk/10.0.101/Sdks/Microsoft.NET.Sdk/targets/../tools/net10.0/Microsoft.NET.Build.Tasks.dll".
       Task "ResolveTargetingPackAssets"
       Done executing task "ResolveTargetingPackAssets".
   2:8>Done building target "ResolveTargetingPackAssets" in project "Entegrasyon.Business.csproj".
   2:8>Target "ResolveOffByDefaultAnalyzers" in file "/usr/lib64/dotnet/sdk/10.0.101/Sdks/Microsoft.NET.Sdk/targets/Microsoft.NET.Sdk.FrameworkReferenceResolution.targets" from project "/home/baturhan/Projeler/Entegrasyon/Application/Entegrasyon.Business/Entegrasyon.Business.csproj" (target "_HandlePackageFileConflicts" depends on it):
   2:8>Done building target "ResolveOffByDefaultAnalyzers" in project "Entegrasyon.Business.csproj".
   2:8>Target "_HandlePackageFileConflicts" in file "/usr/lib64/dotnet/sdk/10.0.101/Sdks/Microsoft.NET.Sdk/targets/Microsoft.NET.ConflictResolution.targets" from project "/home/baturhan/Projeler/Entegrasyon/Application/Entegrasyon.Business/Entegrasyon.Business.csproj" (target "ResolveAssemblyReferences" depends on it):
       Using "ResolvePackageFileConflicts" task from assembly "/usr/lib64/dotnet/sdk/10.0.101/Sdks/Microsoft.NET.Sdk/targets/../tools/net10.0/Microsoft.NET.Build.Tasks.dll".
       Task "ResolvePackageFileConflicts"
         Encountered conflict between 'Reference:/home/baturhan/.nuget/packages/system.diagnostics.diagnosticsource/8.0.0/lib/net8.0/System.Diagnostics.DiagnosticSource.dll' and 'Reference:/usr/lib64/dotnet/packs/Microsoft.NETCore.App.Ref/8.0.22/ref/net8.0/System.Diagnostics.DiagnosticSource.dll'. Choosing 'Reference:/usr/lib64/dotnet/packs/Microsoft.NETCore.App.Ref/8.0.22/ref/net8.0/System.Diagnostics.DiagnosticSource.dll' because file version '8.0.2225.52707' is greater than '8.0.23.53103'.
         Encountered conflict between 'Reference:/home/baturhan/.nuget/packages/system.text.encodings.web/8.0.0/lib/net8.0/System.Text.Encodings.Web.dll' and 'Reference:/usr/lib64/dotnet/packs/Microsoft.NETCore.App.Ref/8.0.22/ref/net8.0/System.Text.Encodings.Web.dll'. Choosing 'Reference:/usr/lib64/dotnet/packs/Microsoft.NETCore.App.Ref/8.0.22/ref/net8.0/System.Text.Encodings.Web.dll' because file version '8.0.2225.52707' is greater than '8.0.23.53103'.
         Encountered conflict between 'Reference:/home/baturhan/.nuget/packages/system.text.json/8.0.0/lib/net8.0/System.Text.Json.dll' and 'Reference:/usr/lib64/dotnet/packs/Microsoft.NETCore.App.Ref/8.0.22/ref/net8.0/System.Text.Json.dll'. Choosing 'Reference:/usr/lib64/dotnet/packs/Microsoft.NETCore.App.Ref/8.0.22/ref/net8.0/System.Text.Json.dll' because file version '8.0.2225.52707' is greater than '8.0.23.53103'.
         Encountered conflict between 'Reference:/home/baturhan/.nuget/packages/microsoft.extensions.caching.memory/8.0.1/lib/net8.0/Microsoft.Extensions.Caching.Memory.dll' and 'Reference:/usr/lib64/dotnet/packs/Microsoft.AspNetCore.App.Ref/8.0.22/ref/net8.0/Microsoft.Extensions.Caching.Memory.dll'. Choosing 'Reference:/usr/lib64/dotnet/packs/Microsoft.AspNetCore.App.Ref/8.0.22/ref/net8.0/Microsoft.Extensions.Caching.Memory.dll' because file version '8.0.2225.52707' is greater than '8.0.1024.46610'.
         Encountered conflict between 'Reference:/home/baturhan/.nuget/packages/microsoft.extensions.configuration.binder/8.0.2/lib/net8.0/Microsoft.Extensions.Configuration.Binder.dll' and 'Reference:/usr/lib64/dotnet/packs/Microsoft.AspNetCore.App.Ref/8.0.22/ref/net8.0/Microsoft.Extensions.Configuration.Binder.dll'. Choosing 'Reference:/usr/lib64/dotnet/packs/Microsoft.AspNetCore.App.Ref/8.0.22/ref/net8.0/Microsoft.Extensions.Configuration.Binder.dll' because file version '8.0.2225.52707' is greater than '8.0.724.31311'.
         Encountered conflict between 'Reference:/home/baturhan/.nuget/packages/microsoft.extensions.dependencyinjection.abstractions/8.0.2/lib/net8.0/Microsoft.Extensions.DependencyInjection.Abstractions.dll' and 'Reference:/usr/lib64/dotnet/packs/Microsoft.AspNetCore.App.Ref/8.0.22/ref/net8.0/Microsoft.Extensions.DependencyInjection.Abstractions.dll'. Choosing 'Reference:/usr/lib64/dotnet/packs/Microsoft.AspNetCore.App.Ref/8.0.22/ref/net8.0/Microsoft.Extensions.DependencyInjection.Abstractions.dll' because file version '8.0.2225.52707' is greater than '8.0.1024.46610'.
         Encountered conflict between 'Reference:/home/baturhan/.nuget/packages/microsoft.extensions.dependencyinjection/8.0.1/lib/net8.0/Microsoft.Extensions.DependencyInjection.dll' and 'Reference:/usr/lib64/dotnet/packs/Microsoft.AspNetCore.App.Ref/8.0.22/ref/net8.0/Microsoft.Extensions.DependencyInjection.dll'. Choosing 'Reference:/usr/lib64/dotnet/packs/Microsoft.AspNetCore.App.Ref/8.0.22/ref/net8.0/Microsoft.Extensions.DependencyInjection.dll' because file version '8.0.2225.52707' is greater than '8.0.1024.46610'.
         Encountered conflict between 'Reference:/home/baturhan/.nuget/packages/microsoft.extensions.logging.abstractions/8.0.2/lib/net8.0/Microsoft.Extensions.Logging.Abstractions.dll' and 'Reference:/usr/lib64/dotnet/packs/Microsoft.AspNetCore.App.Ref/8.0.22/ref/net8.0/Microsoft.Extensions.Logging.Abstractions.dll'. Choosing 'Reference:/usr/lib64/dotnet/packs/Microsoft.AspNetCore.App.Ref/8.0.22/ref/net8.0/Microsoft.Extensions.Logging.Abstractions.dll' because file version '8.0.2225.52707' is greater than '8.0.1024.46610'.
         Encountered conflict between 'Reference:/home/baturhan/.nuget/packages/microsoft.extensions.logging/8.0.1/lib/net8.0/Microsoft.Extensions.Logging.dll' and 'Reference:/usr/lib64/dotnet/packs/Microsoft.AspNetCore.App.Ref/8.0.22/ref/net8.0/Microsoft.Extensions.Logging.dll'. Choosing 'Reference:/usr/lib64/dotnet/packs/Microsoft.AspNetCore.App.Ref/8.0.22/ref/net8.0/Microsoft.Extensions.Logging.dll' because file version '8.0.2225.52707' is greater than '8.0.1024.46610'.
         Encountered conflict between 'Reference:/home/baturhan/.nuget/packages/microsoft.extensions.options/8.0.2/lib/net8.0/Microsoft.Extensions.Options.dll' and 'Reference:/usr/lib64/dotnet/packs/Microsoft.AspNetCore.App.Ref/8.0.22/ref/net8.0/Microsoft.Extensions.Options.dll'. Choosing 'Reference:/usr/lib64/dotnet/packs/Microsoft.AspNetCore.App.Ref/8.0.22/ref/net8.0/Microsoft.Extensions.Options.dll' because file version '8.0.2225.52707' is greater than '8.0.224.6711'.
         Encountered conflict between 'Analyzer:/home/baturhan/.nuget/packages/system.text.json/8.0.0/analyzers/dotnet/roslyn4.4/cs/System.Text.Json.SourceGeneration.dll' and 'Analyzer:/usr/lib64/dotnet/packs/Microsoft.NETCore.App.Ref/8.0.22/analyzers/dotnet/cs/System.Text.Json.SourceGeneration.dll'. Choosing 'Analyzer:/usr/lib64/dotnet/packs/Microsoft.NETCore.App.Ref/8.0.22/analyzers/dotnet/cs/System.Text.Json.SourceGeneration.dll' because AssemblyVersion '8.0.13.2707' is greater than '8.0.9.3103'.
         Encountered conflict between 'Analyzer:/home/baturhan/.nuget/packages/microsoft.extensions.logging.abstractions/8.0.2/analyzers/dotnet/roslyn4.4/cs/Microsoft.Extensions.Logging.Generators.dll' and 'Analyzer:/usr/lib64/dotnet/packs/Microsoft.AspNetCore.App.Ref/8.0.22/analyzers/dotnet/roslyn4.4/cs/Microsoft.Extensions.Logging.Generators.dll'. Choosing 'Analyzer:/usr/lib64/dotnet/packs/Microsoft.AspNetCore.App.Ref/8.0.22/analyzers/dotnet/roslyn4.4/cs/Microsoft.Extensions.Logging.Generators.dll' because AssemblyVersion '8.0.13.2707' is greater than '8.0.10.46610'.
         Encountered conflict between 'Analyzer:/home/baturhan/.nuget/packages/microsoft.extensions.options/8.0.2/analyzers/dotnet/roslyn4.4/cs/Microsoft.Extensions.Options.SourceGeneration.dll' and 'Analyzer:/usr/lib64/dotnet/packs/Microsoft.AspNetCore.App.Ref/8.0.22/analyzers/dotnet/roslyn4.4/cs/Microsoft.Extensions.Options.SourceGeneration.dll'. Choosing 'Analyzer:/usr/lib64/dotnet/packs/Microsoft.AspNetCore.App.Ref/8.0.22/analyzers/dotnet/roslyn4.4/cs/Microsoft.Extensions.Options.SourceGeneration.dll' because AssemblyVersion '8.0.13.2707' is greater than '8.0.10.6711'.
         Encountered conflict between 'Platform:Microsoft.Extensions.Caching.Memory.dll' and 'Runtime:/home/baturhan/.nuget/packages/microsoft.extensions.caching.memory/8.0.1/lib/net8.0/Microsoft.Extensions.Caching.Memory.dll'. Choosing 'Runtime:/home/baturhan/.nuget/packages/microsoft.extensions.caching.memory/8.0.1/lib/net8.0/Microsoft.Extensions.Caching.Memory.dll' because file version '8.0.1024.46610' is greater than '8.0.23.53103'.
         Encountered conflict between 'Platform:Microsoft.Extensions.Configuration.Binder.dll' and 'Runtime:/home/baturhan/.nuget/packages/microsoft.extensions.configuration.binder/8.0.2/lib/net8.0/Microsoft.Extensions.Configuration.Binder.dll'. Choosing 'Runtime:/home/baturhan/.nuget/packages/microsoft.extensions.configuration.binder/8.0.2/lib/net8.0/Microsoft.Extensions.Configuration.Binder.dll' because file version '8.0.724.31311' is greater than '8.0.23.53103'.
         Encountered conflict between 'Platform:Microsoft.Extensions.DependencyInjection.dll' and 'Runtime:/home/baturhan/.nuget/packages/microsoft.extensions.dependencyinjection/8.0.1/lib/net8.0/Microsoft.Extensions.DependencyInjection.dll'. Choosing 'Runtime:/home/baturhan/.nuget/packages/microsoft.extensions.dependencyinjection/8.0.1/lib/net8.0/Microsoft.Extensions.DependencyInjection.dll' because file version '8.0.1024.46610' is greater than '8.0.23.53103'.
         Encountered conflict between 'Platform:Microsoft.Extensions.DependencyInjection.Abstractions.dll' and 'Runtime:/home/baturhan/.nuget/packages/microsoft.extensions.dependencyinjection.abstractions/8.0.2/lib/net8.0/Microsoft.Extensions.DependencyInjection.Abstractions.dll'. Choosing 'Runtime:/home/baturhan/.nuget/packages/microsoft.extensions.dependencyinjection.abstractions/8.0.2/lib/net8.0/Microsoft.Extensions.DependencyInjection.Abstractions.dll' because file version '8.0.1024.46610' is greater than '8.0.23.53103'.
         Encountered conflict between 'Platform:Microsoft.Extensions.Logging.dll' and 'Runtime:/home/baturhan/.nuget/packages/microsoft.extensions.logging/8.0.1/lib/net8.0/Microsoft.Extensions.Logging.dll'. Choosing 'Runtime:/home/baturhan/.nuget/packages/microsoft.extensions.logging/8.0.1/lib/net8.0/Microsoft.Extensions.Logging.dll' because file version '8.0.1024.46610' is greater than '8.0.23.53103'.
         Encountered conflict between 'Platform:Microsoft.Extensions.Logging.Abstractions.dll' and 'Runtime:/home/baturhan/.nuget/packages/microsoft.extensions.logging.abstractions/8.0.2/lib/net8.0/Microsoft.Extensions.Logging.Abstractions.dll'. Choosing 'Runtime:/home/baturhan/.nuget/packages/microsoft.extensions.logging.abstractions/8.0.2/lib/net8.0/Microsoft.Extensions.Logging.Abstractions.dll' because file version '8.0.1024.46610' is greater than '8.0.23.53103'.
         Encountered conflict between 'Platform:Microsoft.Extensions.Options.dll' and 'Runtime:/home/baturhan/.nuget/packages/microsoft.extensions.options/8.0.2/lib/net8.0/Microsoft.Extensions.Options.dll'. Choosing 'Runtime:/home/baturhan/.nuget/packages/microsoft.extensions.options/8.0.2/lib/net8.0/Microsoft.Extensions.Options.dll' because file version '8.0.224.6711' is greater than '8.0.23.53103'.
         Encountered conflict between 'Platform:System.Diagnostics.DiagnosticSource.dll' and 'Runtime:/home/baturhan/.nuget/packages/system.diagnostics.diagnosticsource/8.0.0/lib/net8.0/System.Diagnostics.DiagnosticSource.dll'. Choosing 'Platform:System.Diagnostics.DiagnosticSource.dll' because file version '8.0.2225.52707' is greater than '8.0.23.53103'.
         Encountered conflict between 'Platform:System.Text.Encodings.Web.dll' and 'Runtime:/home/baturhan/.nuget/packages/system.text.encodings.web/8.0.0/lib/net8.0/System.Text.Encodings.Web.dll'. Choosing 'Platform:System.Text.Encodings.Web.dll' because file version '8.0.2225.52707' is greater than '8.0.23.53103'.
         Encountered conflict between 'Platform:System.Text.Json.dll' and 'Runtime:/home/baturhan/.nuget/packages/system.text.json/8.0.0/lib/net8.0/System.Text.Json.dll'. Choosing 'Platform:System.Text.Json.dll' because file version '8.0.2225.52707' is greater than '8.0.23.53103'.
         Encountered conflict between 'Platform:System.Text.Encodings.Web.dll' and 'Runtime:/home/baturhan/.nuget/packages/system.text.encodings.web/8.0.0/runtimes/browser/lib/net8.0/System.Text.Encodings.Web.dll'. Choosing 'Platform:System.Text.Encodings.Web.dll' because file version '8.0.2225.52707' is greater than '8.0.23.53103'.
         Encountered conflict between 'Platform:mscorlib.dll' and 'Platform:mscorlib.dll'. Could not determine winner due to equal file and assembly versions.
         Encountered conflict between 'Platform:Microsoft.VisualBasic.dll' and 'Platform:Microsoft.VisualBasic.dll'. Could not determine winner due to equal file and assembly versions.
         Encountered conflict between 'Platform:System.dll' and 'Platform:System.dll'. Could not determine winner due to equal file and assembly versions.
         Encountered conflict between 'Platform:System.ComponentModel.DataAnnotations.dll' and 'Platform:System.ComponentModel.DataAnnotations.dll'. Could not determine winner due to equal file and assembly versions.
         Encountered conflict between 'Platform:System.Configuration.dll' and 'Platform:System.Configuration.dll'. Could not determine winner due to equal file and assembly versions.
         Encountered conflict between 'Platform:System.Core.dll' and 'Platform:System.Core.dll'. Could not determine winner due to equal file and assembly versions.
         Encountered conflict between 'Platform:System.Data.dll' and 'Platform:System.Data.dll'. Could not determine winner due to equal file and assembly versions.
         Encountered conflict between 'Platform:System.Drawing.dll' and 'Platform:System.Drawing.dll'. Could not determine winner due to equal file and assembly versions.
         Encountered conflict between 'Platform:System.IO.Compression.FileSystem.dll' and 'Platform:System.IO.Compression.FileSystem.dll'. Could not determine winner due to equal file and assembly versions.
         Encountered conflict between 'Platform:System.Net.dll' and 'Platform:System.Net.dll'. Could not determine winner due to equal file and assembly versions.
         Encountered conflict between 'Platform:System.Numerics.dll' and 'Platform:System.Numerics.dll'. Could not determine winner due to equal file and assembly versions.
         Encountered conflict between 'Platform:System.Runtime.Serialization.dll' and 'Platform:System.Runtime.Serialization.dll'. Could not determine winner due to equal file and assembly versions.
         Encountered conflict between 'Platform:System.Security.dll' and 'Platform:System.Security.dll'. Could not determine winner due to equal file and assembly versions.
         Encountered conflict between 'Platform:System.ServiceProcess.dll' and 'Platform:System.ServiceProcess.dll'. Could not determine winner due to equal file and assembly versions.
         Encountered conflict between 'Platform:System.ServiceModel.Web.dll' and 'Platform:System.ServiceModel.Web.dll'. Could not determine winner due to equal file and assembly versions.
         Encountered conflict between 'Platform:System.Transactions.dll' and 'Platform:System.Transactions.dll'. Could not determine winner due to equal file and assembly versions.
         Encountered conflict between 'Platform:System.Web.dll' and 'Platform:System.Web.dll'. Could not determine winner due to equal file and assembly versions.
         Encountered conflict between 'Platform:System.Windows.dll' and 'Platform:System.Windows.dll'. Could not determine winner due to equal file and assembly versions.
         Encountered conflict between 'Platform:System.Xml.dll' and 'Platform:System.Xml.dll'. Could not determine winner due to equal file and assembly versions.
         Encountered conflict between 'Platform:System.Xml.Serialization.dll' and 'Platform:System.Xml.Serialization.dll'. Could not determine winner due to equal file and assembly versions.
         Encountered conflict between 'Platform:System.Xml.Linq.dll' and 'Platform:System.Xml.Linq.dll'. Could not determine winner due to equal file and assembly versions.
         Encountered conflict between 'Platform:WindowsBase.dll' and 'Platform:WindowsBase.dll'. Could not determine winner due to equal file and assembly versions.
         Encountered conflict between 'Platform:netstandard.dll' and 'Platform:netstandard.dll'. Could not determine winner due to equal file and assembly versions.
         Encountered conflict between 'Platform:System.Private.CoreLib.dll' and 'Platform:System.Private.CoreLib.dll'. Could not determine winner due to equal file and assembly versions.
         Encountered conflict between 'Platform:System.Private.DataContractSerialization.dll' and 'Platform:System.Private.DataContractSerialization.dll'. Could not determine winner due to equal file and assembly versions.
         Encountered conflict between 'Platform:System.Private.Uri.dll' and 'Platform:System.Private.Uri.dll'. Could not determine winner due to equal file and assembly versions.
         Encountered conflict between 'Platform:System.Private.Xml.dll' and 'Platform:System.Private.Xml.dll'. Could not determine winner due to equal file and assembly versions.
         Encountered conflict between 'Platform:System.Private.Xml.Linq.dll' and 'Platform:System.Private.Xml.Linq.dll'. Could not determine winner due to equal file and assembly versions.
         Encountered conflict between 'Platform:mscordaccore_amd64_amd64_8.0.2225.52707.dll' and 'Platform:mscordaccore_amd64_amd64_8.0.2225.52707.dll'. Could not determine winner due to equal file and assembly versions.
       Done executing task "ResolvePackageFileConflicts".
   2:8>Done building target "_HandlePackageFileConflicts" in project "Entegrasyon.Business.csproj".
       Target "ResolveTargetingPackAssets" skipped. Previously built successfully.
   2:8>Target "ResolveAssemblyReferences" in file "/usr/lib64/dotnet/sdk/10.0.101/Microsoft.Common.CurrentVersion.targets" from project "/home/baturhan/Projeler/Entegrasyon/Application/Entegrasyon.Business/Entegrasyon.Business.csproj" (target "ResolveReferences" depends on it):
       Using "ResolveAssemblyReference" task from assembly "Microsoft.Build.Tasks.Core, Version=15.1.0.0, Culture=neutral, PublicKeyToken=b03f5f7f11d50a3a".
       Task "ResolveAssemblyReference"
         TargetFrameworkMoniker:
             .NETCoreApp,Version=v8.0
         TargetFrameworkMonikerDisplayName:
             .NET 8.0
         TargetedRuntimeVersion:
             
         Assemblies:
             /home/baturhan/.nuget/packages/castle.core/5.1.1/lib/net6.0/Castle.Core.dll
                 Private = 'false'
                 HintPath = '/home/baturhan/.nuget/packages/castle.core/5.1.1/lib/net6.0/Castle.Core.dll'
             /home/baturhan/.nuget/packages/fluentvalidation/11.9.0/lib/net8.0/FluentValidation.dll
                 Private = 'false'
                 HintPath = '/home/baturhan/.nuget/packages/fluentvalidation/11.9.0/lib/net8.0/FluentValidation.dll'
             /home/baturhan/.nuget/packages/mapster/7.4.0/lib/net7.0/Mapster.dll
                 Private = 'false'
                 HintPath = '/home/baturhan/.nuget/packages/mapster/7.4.0/lib/net7.0/Mapster.dll'
             /home/baturhan/.nuget/packages/mapster.core/1.2.1/lib/net7.0/Mapster.Core.dll
                 Private = 'false'
                 HintPath = '/home/baturhan/.nuget/packages/mapster.core/1.2.1/lib/net7.0/Mapster.Core.dll'
             /home/baturhan/.nuget/packages/mapster.dependencyinjection/1.0.1/lib/net7.0/Mapster.DependencyInjection.dll
                 Private = 'false'
                 HintPath = '/home/baturhan/.nuget/packages/mapster.dependencyinjection/1.0.1/lib/net7.0/Mapster.DependencyInjection.dll'
             /home/baturhan/.nuget/packages/microsoft.entityframeworkcore/8.0.15/lib/net8.0/Microsoft.EntityFrameworkCore.dll
                 Private = 'false'
                 HintPath = '/home/baturhan/.nuget/packages/microsoft.entityframeworkcore/8.0.15/lib/net8.0/Microsoft.EntityFrameworkCore.dll'
             /home/baturhan/.nuget/packages/microsoft.entityframeworkcore.abstractions/8.0.15/lib/net8.0/Microsoft.EntityFrameworkCore.Abstractions.dll
                 Private = 'false'
                 HintPath = '/home/baturhan/.nuget/packages/microsoft.entityframeworkcore.abstractions/8.0.15/lib/net8.0/Microsoft.EntityFrameworkCore.Abstractions.dll'
             /home/baturhan/.nuget/packages/microsoft.entityframeworkcore.proxies/8.0.15/lib/net8.0/Microsoft.EntityFrameworkCore.Proxies.dll
                 Private = 'false'
                 HintPath = '/home/baturhan/.nuget/packages/microsoft.entityframeworkcore.proxies/8.0.15/lib/net8.0/Microsoft.EntityFrameworkCore.Proxies.dll'
             /home/baturhan/.nuget/packages/microsoft.entityframeworkcore.relational/8.0.15/lib/net8.0/Microsoft.EntityFrameworkCore.Relational.dll
                 Private = 'false'
                 HintPath = '/home/baturhan/.nuget/packages/microsoft.entityframeworkcore.relational/8.0.15/lib/net8.0/Microsoft.EntityFrameworkCore.Relational.dll'
             /home/baturhan/.nuget/packages/microsoft.extensions.dependencymodel/8.0.0/lib/net8.0/Microsoft.Extensions.DependencyModel.dll
                 Private = 'false'
                 HintPath = '/home/baturhan/.nuget/packages/microsoft.extensions.dependencymodel/8.0.0/lib/net8.0/Microsoft.Extensions.DependencyModel.dll'
             /home/baturhan/.nuget/packages/microsoft.identitymodel.abstractions/7.4.0/lib/net8.0/Microsoft.IdentityModel.Abstractions.dll
                 Private = 'false'
                 HintPath = '/home/baturhan/.nuget/packages/microsoft.identitymodel.abstractions/7.4.0/lib/net8.0/Microsoft.IdentityModel.Abstractions.dll'
             /home/baturhan/.nuget/packages/microsoft.identitymodel.jsonwebtokens/7.4.0/lib/net8.0/Microsoft.IdentityModel.JsonWebTokens.dll
                 Private = 'false'
                 HintPath = '/home/baturhan/.nuget/packages/microsoft.identitymodel.jsonwebtokens/7.4.0/lib/net8.0/Microsoft.IdentityModel.JsonWebTokens.dll'
             /home/baturhan/.nuget/packages/microsoft.identitymodel.logging/7.4.0/lib/net8.0/Microsoft.IdentityModel.Logging.dll
                 Private = 'false'
                 HintPath = '/home/baturhan/.nuget/packages/microsoft.identitymodel.logging/7.4.0/lib/net8.0/Microsoft.IdentityModel.Logging.dll'
             /home/baturhan/.nuget/packages/microsoft.identitymodel.tokens/7.4.0/lib/net8.0/Microsoft.IdentityModel.Tokens.dll
                 Private = 'false'
                 HintPath = '/home/baturhan/.nuget/packages/microsoft.identitymodel.tokens/7.4.0/lib/net8.0/Microsoft.IdentityModel.Tokens.dll'
             /home/baturhan/.nuget/packages/newtonsoft.json/13.0.3/lib/net6.0/Newtonsoft.Json.dll
                 Private = 'false'
                 HintPath = '/home/baturhan/.nuget/packages/newtonsoft.json/13.0.3/lib/net6.0/Newtonsoft.Json.dll'
             /home/baturhan/.nuget/packages/npgsql/8.0.6/lib/net8.0/Npgsql.dll
                 Private = 'false'
                 HintPath = '/home/baturhan/.nuget/packages/npgsql/8.0.6/lib/net8.0/Npgsql.dll'
             /home/baturhan/.nuget/packages/npgsql.entityframeworkcore.postgresql/8.0.11/lib/net8.0/Npgsql.EntityFrameworkCore.PostgreSQL.dll
                 Private = 'false'
                 HintPath = '/home/baturhan/.nuget/packages/npgsql.entityframeworkcore.postgresql/8.0.11/lib/net8.0/Npgsql.EntityFrameworkCore.PostgreSQL.dll'
             /home/baturhan/.nuget/packages/pipelines.sockets.unofficial/2.2.8/lib/net5.0/Pipelines.Sockets.Unofficial.dll
                 Private = 'false'
                 HintPath = '/home/baturhan/.nuget/packages/pipelines.sockets.unofficial/2.2.8/lib/net5.0/Pipelines.Sockets.Unofficial.dll'
             /home/baturhan/.nuget/packages/serilog/3.1.1/lib/net7.0/Serilog.dll
                 Private = 'false'
                 HintPath = '/home/baturhan/.nuget/packages/serilog/3.1.1/lib/net7.0/Serilog.dll'
             /home/baturhan/.nuget/packages/serilog.aspnetcore/8.0.1/lib/net8.0/Serilog.AspNetCore.dll
                 Private = 'false'
                 HintPath = '/home/baturhan/.nuget/packages/serilog.aspnetcore/8.0.1/lib/net8.0/Serilog.AspNetCore.dll'
             /home/baturhan/.nuget/packages/serilog.extensions.hosting/8.0.0/lib/net8.0/Serilog.Extensions.Hosting.dll
                 Private = 'false'
                 HintPath = '/home/baturhan/.nuget/packages/serilog.extensions.hosting/8.0.0/lib/net8.0/Serilog.Extensions.Hosting.dll'
             /home/baturhan/.nuget/packages/serilog.extensions.logging/8.0.0/lib/net8.0/Serilog.Extensions.Logging.dll
                 Private = 'false'
                 HintPath = '/home/baturhan/.nuget/packages/serilog.extensions.logging/8.0.0/lib/net8.0/Serilog.Extensions.Logging.dll'
             /home/baturhan/.nuget/packages/serilog.formatting.compact/2.0.0/lib/net7.0/Serilog.Formatting.Compact.dll
                 Private = 'false'
                 HintPath = '/home/baturhan/.nuget/packages/serilog.formatting.compact/2.0.0/lib/net7.0/Serilog.Formatting.Compact.dll'
             /home/baturhan/.nuget/packages/serilog.settings.configuration/8.0.0/lib/net8.0/Serilog.Settings.Configuration.dll
                 Private = 'false'
                 HintPath = '/home/baturhan/.nuget/packages/serilog.settings.configuration/8.0.0/lib/net8.0/Serilog.Settings.Configuration.dll'
             /home/baturhan/.nuget/packages/serilog.sinks.console/5.0.1/lib/net7.0/Serilog.Sinks.Console.dll
                 Private = 'false'
                 HintPath = '/home/baturhan/.nuget/packages/serilog.sinks.console/5.0.1/lib/net7.0/Serilog.Sinks.Console.dll'
             /home/baturhan/.nuget/packages/serilog.sinks.debug/2.0.0/lib/netstandard2.1/Serilog.Sinks.Debug.dll
                 Private = 'false'
                 HintPath = '/home/baturhan/.nuget/packages/serilog.sinks.debug/2.0.0/lib/netstandard2.1/Serilog.Sinks.Debug.dll'
             /home/baturhan/.nuget/packages/serilog.sinks.file/5.0.0/lib/net5.0/Serilog.Sinks.File.dll
                 Private = 'false'
                 HintPath = '/home/baturhan/.nuget/packages/serilog.sinks.file/5.0.0/lib/net5.0/Serilog.Sinks.File.dll'
             /home/baturhan/.nuget/packages/stackexchange.redis/2.7.27/lib/net6.0/StackExchange.Redis.dll
                 Private = 'false'
                 HintPath = '/home/baturhan/.nuget/packages/stackexchange.redis/2.7.27/lib/net6.0/StackExchange.Redis.dll'
             /home/baturhan/.nuget/packages/system.identitymodel.tokens.jwt/7.4.0/lib/net8.0/System.IdentityModel.Tokens.Jwt.dll
                 Private = 'false'
                 HintPath = '/home/baturhan/.nuget/packages/system.identitymodel.tokens.jwt/7.4.0/lib/net8.0/System.IdentityModel.Tokens.Jwt.dll'
             /usr/lib64/dotnet/packs/Microsoft.NETCore.App.Ref/8.0.22/ref/net8.0/Microsoft.CSharp.dll
                 Private = 'false'
             /usr/lib64/dotnet/packs/Microsoft.NETCore.App.Ref/8.0.22/ref/net8.0/Microsoft.VisualBasic.Core.dll
                 Private = 'false'
             /usr/lib64/dotnet/packs/Microsoft.NETCore.App.Ref/8.0.22/ref/net8.0/Microsoft.VisualBasic.dll
                 Private = 'false'
             /usr/lib64/dotnet/packs/Microsoft.NETCore.App.Ref/8.0.22/ref/net8.0/Microsoft.Win32.Primitives.dll
                 Private = 'false'
             /usr/lib64/dotnet/packs/Microsoft.NETCore.App.Ref/8.0.22/ref/net8.0/Microsoft.Win32.Registry.dll
                 Private = 'false'
             /usr/lib64/dotnet/packs/Microsoft.NETCore.App.Ref/8.0.22/ref/net8.0/System.AppContext.dll
                 Private = 'false'
             /usr/lib64/dotnet/packs/Microsoft.NETCore.App.Ref/8.0.22/ref/net8.0/System.Buffers.dll
                 Private = 'false'
             /usr/lib64/dotnet/packs/Microsoft.NETCore.App.Ref/8.0.22/ref/net8.0/System.Collections.Concurrent.dll
                 Private = 'false'
             /usr/lib64/dotnet/packs/Microsoft.NETCore.App.Ref/8.0.22/ref/net8.0/System.Collections.Immutable.dll
                 Private = 'false'
             /usr/lib64/dotnet/packs/Microsoft.NETCore.App.Ref/8.0.22/ref/net8.0/System.Collections.NonGeneric.dll
                 Private = 'false'
             /usr/lib64/dotnet/packs/Microsoft.NETCore.App.Ref/8.0.22/ref/net8.0/System.Collections.Specialized.dll
                 Private = 'false'
             /usr/lib64/dotnet/packs/Microsoft.NETCore.App.Ref/8.0.22/ref/net8.0/System.Collections.dll
                 Private = 'false'
             /usr/lib64/dotnet/packs/Microsoft.NETCore.App.Ref/8.0.22/ref/net8.0/System.ComponentModel.Annotations.dll
                 Private = 'false'
             /usr/lib64/dotnet/packs/Microsoft.NETCore.App.Ref/8.0.22/ref/net8.0/System.ComponentModel.DataAnnotations.dll
                 Private = 'false'
             /usr/lib64/dotnet/packs/Microsoft.NETCore.App.Ref/8.0.22/ref/net8.0/System.ComponentModel.EventBasedAsync.dll
                 Private = 'false'
             /usr/lib64/dotnet/packs/Microsoft.NETCore.App.Ref/8.0.22/ref/net8.0/System.ComponentModel.Primitives.dll
                 Private = 'false'
             /usr/lib64/dotnet/packs/Microsoft.NETCore.App.Ref/8.0.22/ref/net8.0/System.ComponentModel.TypeConverter.dll
                 Private = 'false'
             /usr/lib64/dotnet/packs/Microsoft.NETCore.App.Ref/8.0.22/ref/net8.0/System.ComponentModel.dll
                 Private = 'false'
             /usr/lib64/dotnet/packs/Microsoft.NETCore.App.Ref/8.0.22/ref/net8.0/System.Configuration.dll
                 Private = 'false'
             /usr/lib64/dotnet/packs/Microsoft.NETCore.App.Ref/8.0.22/ref/net8.0/System.Console.dll
                 Private = 'false'
             /usr/lib64/dotnet/packs/Microsoft.NETCore.App.Ref/8.0.22/ref/net8.0/System.Core.dll
                 Private = 'false'
             /usr/lib64/dotnet/packs/Microsoft.NETCore.App.Ref/8.0.22/ref/net8.0/System.Data.Common.dll
                 Private = 'false'
             /usr/lib64/dotnet/packs/Microsoft.NETCore.App.Ref/8.0.22/ref/net8.0/System.Data.DataSetExtensions.dll
                 Private = 'false'
             /usr/lib64/dotnet/packs/Microsoft.NETCore.App.Ref/8.0.22/ref/net8.0/System.Data.dll
                 Private = 'false'
             /usr/lib64/dotnet/packs/Microsoft.NETCore.App.Ref/8.0.22/ref/net8.0/System.Diagnostics.Contracts.dll
                 Private = 'false'
             /usr/lib64/dotnet/packs/Microsoft.NETCore.App.Ref/8.0.22/ref/net8.0/System.Diagnostics.Debug.dll
                 Private = 'false'
             /usr/lib64/dotnet/packs/Microsoft.NETCore.App.Ref/8.0.22/ref/net8.0/System.Diagnostics.DiagnosticSource.dll
                 Private = 'false'
             /usr/lib64/dotnet/packs/Microsoft.NETCore.App.Ref/8.0.22/ref/net8.0/System.Diagnostics.FileVersionInfo.dll
                 Private = 'false'
             /usr/lib64/dotnet/packs/Microsoft.NETCore.App.Ref/8.0.22/ref/net8.0/System.Diagnostics.Process.dll
                 Private = 'false'
             /usr/lib64/dotnet/packs/Microsoft.NETCore.App.Ref/8.0.22/ref/net8.0/System.Diagnostics.StackTrace.dll
                 Private = 'false'
             /usr/lib64/dotnet/packs/Microsoft.NETCore.App.Ref/8.0.22/ref/net8.0/System.Diagnostics.TextWriterTraceListener.dll
                 Private = 'false'
             /usr/lib64/dotnet/packs/Microsoft.NETCore.App.Ref/8.0.22/ref/net8.0/System.Diagnostics.Tools.dll
                 Private = 'false'
             /usr/lib64/dotnet/packs/Microsoft.NETCore.App.Ref/8.0.22/ref/net8.0/System.Diagnostics.TraceSource.dll
                 Private = 'false'
             /usr/lib64/dotnet/packs/Microsoft.NETCore.App.Ref/8.0.22/ref/net8.0/System.Diagnostics.Tracing.dll
                 Private = 'false'
             /usr/lib64/dotnet/packs/Microsoft.NETCore.App.Ref/8.0.22/ref/net8.0/System.Drawing.Primitives.dll
                 Private = 'false'
             /usr/lib64/dotnet/packs/Microsoft.NETCore.App.Ref/8.0.22/ref/net8.0/System.Drawing.dll
                 Private = 'false'
             /usr/lib64/dotnet/packs/Microsoft.NETCore.App.Ref/8.0.22/ref/net8.0/System.Dynamic.Runtime.dll
                 Private = 'false'
             /usr/lib64/dotnet/packs/Microsoft.NETCore.App.Ref/8.0.22/ref/net8.0/System.Formats.Asn1.dll
                 Private = 'false'
             /usr/lib64/dotnet/packs/Microsoft.NETCore.App.Ref/8.0.22/ref/net8.0/System.Formats.Tar.dll
                 Private = 'false'
             /usr/lib64/dotnet/packs/Microsoft.NETCore.App.Ref/8.0.22/ref/net8.0/System.Globalization.Calendars.dll
                 Private = 'false'
             /usr/lib64/dotnet/packs/Microsoft.NETCore.App.Ref/8.0.22/ref/net8.0/System.Globalization.Extensions.dll
                 Private = 'false'
             /usr/lib64/dotnet/packs/Microsoft.NETCore.App.Ref/8.0.22/ref/net8.0/System.Globalization.dll
                 Private = 'false'
             /usr/lib64/dotnet/packs/Microsoft.NETCore.App.Ref/8.0.22/ref/net8.0/System.IO.Compression.Brotli.dll
                 Private = 'false'
             /usr/lib64/dotnet/packs/Microsoft.NETCore.App.Ref/8.0.22/ref/net8.0/System.IO.Compression.FileSystem.dll
                 Private = 'false'
             /usr/lib64/dotnet/packs/Microsoft.NETCore.App.Ref/8.0.22/ref/net8.0/System.IO.Compression.ZipFile.dll
                 Private = 'false'
             /usr/lib64/dotnet/packs/Microsoft.NETCore.App.Ref/8.0.22/ref/net8.0/System.IO.Compression.dll
                 Private = 'false'
             /usr/lib64/dotnet/packs/Microsoft.NETCore.App.Ref/8.0.22/ref/net8.0/System.IO.FileSystem.AccessControl.dll
                 Private = 'false'
             /usr/lib64/dotnet/packs/Microsoft.NETCore.App.Ref/8.0.22/ref/net8.0/System.IO.FileSystem.DriveInfo.dll
                 Private = 'false'
             /usr/lib64/dotnet/packs/Microsoft.NETCore.App.Ref/8.0.22/ref/net8.0/System.IO.FileSystem.Primitives.dll
                 Private = 'false'
             /usr/lib64/dotnet/packs/Microsoft.NETCore.App.Ref/8.0.22/ref/net8.0/System.IO.FileSystem.Watcher.dll
                 Private = 'false'
             /usr/lib64/dotnet/packs/Microsoft.NETCore.App.Ref/8.0.22/ref/net8.0/System.IO.FileSystem.dll
                 Private = 'false'
             /usr/lib64/dotnet/packs/Microsoft.NETCore.App.Ref/8.0.22/ref/net8.0/System.IO.IsolatedStorage.dll
                 Private = 'false'
             /usr/lib64/dotnet/packs/Microsoft.NETCore.App.Ref/8.0.22/ref/net8.0/System.IO.MemoryMappedFiles.dll
                 Private = 'false'
             /usr/lib64/dotnet/packs/Microsoft.NETCore.App.Ref/8.0.22/ref/net8.0/System.IO.Pipes.AccessControl.dll
                 Private = 'false'
             /usr/lib64/dotnet/packs/Microsoft.NETCore.App.Ref/8.0.22/ref/net8.0/System.IO.Pipes.dll
                 Private = 'false'
             /usr/lib64/dotnet/packs/Microsoft.NETCore.App.Ref/8.0.22/ref/net8.0/System.IO.UnmanagedMemoryStream.dll
                 Private = 'false'
             /usr/lib64/dotnet/packs/Microsoft.NETCore.App.Ref/8.0.22/ref/net8.0/System.IO.dll
                 Private = 'false'
             /usr/lib64/dotnet/packs/Microsoft.NETCore.App.Ref/8.0.22/ref/net8.0/System.Linq.Expressions.dll
                 Private = 'false'
             /usr/lib64/dotnet/packs/Microsoft.NETCore.App.Ref/8.0.22/ref/net8.0/System.Linq.Parallel.dll
                 Private = 'false'
             /usr/lib64/dotnet/packs/Microsoft.NETCore.App.Ref/8.0.22/ref/net8.0/System.Linq.Queryable.dll
                 Private = 'false'
             /usr/lib64/dotnet/packs/Microsoft.NETCore.App.Ref/8.0.22/ref/net8.0/System.Linq.dll
                 Private = 'false'
             /usr/lib64/dotnet/packs/Microsoft.NETCore.App.Ref/8.0.22/ref/net8.0/System.Memory.dll
                 Private = 'false'
             /usr/lib64/dotnet/packs/Microsoft.NETCore.App.Ref/8.0.22/ref/net8.0/System.Net.Http.Json.dll
                 Private = 'false'
             /usr/lib64/dotnet/packs/Microsoft.NETCore.App.Ref/8.0.22/ref/net8.0/System.Net.Http.dll
                 Private = 'false'
             /usr/lib64/dotnet/packs/Microsoft.NETCore.App.Ref/8.0.22/ref/net8.0/System.Net.HttpListener.dll
                 Private = 'false'
             /usr/lib64/dotnet/packs/Microsoft.NETCore.App.Ref/8.0.22/ref/net8.0/System.Net.Mail.dll
                 Private = 'false'
             /usr/lib64/dotnet/packs/Microsoft.NETCore.App.Ref/8.0.22/ref/net8.0/System.Net.NameResolution.dll
                 Private = 'false'
             /usr/lib64/dotnet/packs/Microsoft.NETCore.App.Ref/8.0.22/ref/net8.0/System.Net.NetworkInformation.dll
                 Private = 'false'
             /usr/lib64/dotnet/packs/Microsoft.NETCore.App.Ref/8.0.22/ref/net8.0/System.Net.Ping.dll
                 Private = 'false'
             /usr/lib64/dotnet/packs/Microsoft.NETCore.App.Ref/8.0.22/ref/net8.0/System.Net.Primitives.dll
                 Private = 'false'
             /usr/lib64/dotnet/packs/Microsoft.NETCore.App.Ref/8.0.22/ref/net8.0/System.Net.Quic.dll
                 Private = 'false'
             /usr/lib64/dotnet/packs/Microsoft.NETCore.App.Ref/8.0.22/ref/net8.0/System.Net.Requests.dll
                 Private = 'false'
             /usr/lib64/dotnet/packs/Microsoft.NETCore.App.Ref/8.0.22/ref/net8.0/System.Net.Security.dll
                 Private = 'false'
             /usr/lib64/dotnet/packs/Microsoft.NETCore.App.Ref/8.0.22/ref/net8.0/System.Net.ServicePoint.dll
                 Private = 'false'
             /usr/lib64/dotnet/packs/Microsoft.NETCore.App.Ref/8.0.22/ref/net8.0/System.Net.Sockets.dll
                 Private = 'false'
             /usr/lib64/dotnet/packs/Microsoft.NETCore.App.Ref/8.0.22/ref/net8.0/System.Net.WebClient.dll
                 Private = 'false'
             /usr/lib64/dotnet/packs/Microsoft.NETCore.App.Ref/8.0.22/ref/net8.0/System.Net.WebHeaderCollection.dll
                 Private = 'false'
             /usr/lib64/dotnet/packs/Microsoft.NETCore.App.Ref/8.0.22/ref/net8.0/System.Net.WebProxy.dll
                 Private = 'false'
             /usr/lib64/dotnet/packs/Microsoft.NETCore.App.Ref/8.0.22/ref/net8.0/System.Net.WebSockets.Client.dll
                 Private = 'false'
             /usr/lib64/dotnet/packs/Microsoft.NETCore.App.Ref/8.0.22/ref/net8.0/System.Net.WebSockets.dll
                 Private = 'false'
             /usr/lib64/dotnet/packs/Microsoft.NETCore.App.Ref/8.0.22/ref/net8.0/System.Net.dll
                 Private = 'false'
             /usr/lib64/dotnet/packs/Microsoft.NETCore.App.Ref/8.0.22/ref/net8.0/System.Numerics.Vectors.dll
                 Private = 'false'
             /usr/lib64/dotnet/packs/Microsoft.NETCore.App.Ref/8.0.22/ref/net8.0/System.Numerics.dll
                 Private = 'false'
             /usr/lib64/dotnet/packs/Microsoft.NETCore.App.Ref/8.0.22/ref/net8.0/System.ObjectModel.dll
                 Private = 'false'
             /usr/lib64/dotnet/packs/Microsoft.NETCore.App.Ref/8.0.22/ref/net8.0/System.Reflection.DispatchProxy.dll
                 Private = 'false'
             /usr/lib64/dotnet/packs/Microsoft.NETCore.App.Ref/8.0.22/ref/net8.0/System.Reflection.Emit.ILGeneration.dll
                 Private = 'false'
             /usr/lib64/dotnet/packs/Microsoft.NETCore.App.Ref/8.0.22/ref/net8.0/System.Reflection.Emit.Lightweight.dll
                 Private = 'false'
             /usr/lib64/dotnet/packs/Microsoft.NETCore.App.Ref/8.0.22/ref/net8.0/System.Reflection.Emit.dll
                 Private = 'false'
             /usr/lib64/dotnet/packs/Microsoft.NETCore.App.Ref/8.0.22/ref/net8.0/System.Reflection.Extensions.dll
                 Private = 'false'
             /usr/lib64/dotnet/packs/Microsoft.NETCore.App.Ref/8.0.22/ref/net8.0/System.Reflection.Metadata.dll
                 Private = 'false'
             /usr/lib64/dotnet/packs/Microsoft.NETCore.App.Ref/8.0.22/ref/net8.0/System.Reflection.Primitives.dll
                 Private = 'false'
             /usr/lib64/dotnet/packs/Microsoft.NETCore.App.Ref/8.0.22/ref/net8.0/System.Reflection.TypeExtensions.dll
                 Private = 'false'
             /usr/lib64/dotnet/packs/Microsoft.NETCore.App.Ref/8.0.22/ref/net8.0/System.Reflection.dll
                 Private = 'false'
             /usr/lib64/dotnet/packs/Microsoft.NETCore.App.Ref/8.0.22/ref/net8.0/System.Resources.Reader.dll
                 Private = 'false'
             /usr/lib64/dotnet/packs/Microsoft.NETCore.App.Ref/8.0.22/ref/net8.0/System.Resources.ResourceManager.dll
                 Private = 'false'
             /usr/lib64/dotnet/packs/Microsoft.NETCore.App.Ref/8.0.22/ref/net8.0/System.Resources.Writer.dll
                 Private = 'false'
             /usr/lib64/dotnet/packs/Microsoft.NETCore.App.Ref/8.0.22/ref/net8.0/System.Runtime.CompilerServices.Unsafe.dll
                 Private = 'false'
             /usr/lib64/dotnet/packs/Microsoft.NETCore.App.Ref/8.0.22/ref/net8.0/System.Runtime.CompilerServices.VisualC.dll
                 Private = 'false'
             /usr/lib64/dotnet/packs/Microsoft.NETCore.App.Ref/8.0.22/ref/net8.0/System.Runtime.Extensions.dll
                 Private = 'false'
             /usr/lib64/dotnet/packs/Microsoft.NETCore.App.Ref/8.0.22/ref/net8.0/System.Runtime.Handles.dll
                 Private = 'false'
             /usr/lib64/dotnet/packs/Microsoft.NETCore.App.Ref/8.0.22/ref/net8.0/System.Runtime.InteropServices.JavaScript.dll
                 Private = 'false'
             /usr/lib64/dotnet/packs/Microsoft.NETCore.App.Ref/8.0.22/ref/net8.0/System.Runtime.InteropServices.RuntimeInformation.dll
                 Private = 'false'
             /usr/lib64/dotnet/packs/Microsoft.NETCore.App.Ref/8.0.22/ref/net8.0/System.Runtime.InteropServices.dll
                 Private = 'false'
             /usr/lib64/dotnet/packs/Microsoft.NETCore.App.Ref/8.0.22/ref/net8.0/System.Runtime.Intrinsics.dll
                 Private = 'false'
             /usr/lib64/dotnet/packs/Microsoft.NETCore.App.Ref/8.0.22/ref/net8.0/System.Runtime.Loader.dll
                 Private = 'false'
             /usr/lib64/dotnet/packs/Microsoft.NETCore.App.Ref/8.0.22/ref/net8.0/System.Runtime.Numerics.dll
                 Private = 'false'
             /usr/lib64/dotnet/packs/Microsoft.NETCore.App.Ref/8.0.22/ref/net8.0/System.Runtime.Serialization.Formatters.dll
                 Private = 'false'
             /usr/lib64/dotnet/packs/Microsoft.NETCore.App.Ref/8.0.22/ref/net8.0/System.Runtime.Serialization.Json.dll
                 Private = 'false'
             /usr/lib64/dotnet/packs/Microsoft.NETCore.App.Ref/8.0.22/ref/net8.0/System.Runtime.Serialization.Primitives.dll
                 Private = 'false'
             /usr/lib64/dotnet/packs/Microsoft.NETCore.App.Ref/8.0.22/ref/net8.0/System.Runtime.Serialization.Xml.dll
                 Private = 'false'
             /usr/lib64/dotnet/packs/Microsoft.NETCore.App.Ref/8.0.22/ref/net8.0/System.Runtime.Serialization.dll
                 Private = 'false'
             /usr/lib64/dotnet/packs/Microsoft.NETCore.App.Ref/8.0.22/ref/net8.0/System.Runtime.dll
                 Private = 'false'
             /usr/lib64/dotnet/packs/Microsoft.NETCore.App.Ref/8.0.22/ref/net8.0/System.Security.AccessControl.dll
                 Private = 'false'
             /usr/lib64/dotnet/packs/Microsoft.NETCore.App.Ref/8.0.22/ref/net8.0/System.Security.Claims.dll
                 Private = 'false'
             /usr/lib64/dotnet/packs/Microsoft.NETCore.App.Ref/8.0.22/ref/net8.0/System.Security.Cryptography.Algorithms.dll
                 Private = 'false'
             /usr/lib64/dotnet/packs/Microsoft.NETCore.App.Ref/8.0.22/ref/net8.0/System.Security.Cryptography.Cng.dll
                 Private = 'false'
             /usr/lib64/dotnet/packs/Microsoft.NETCore.App.Ref/8.0.22/ref/net8.0/System.Security.Cryptography.Csp.dll
                 Private = 'false'
             /usr/lib64/dotnet/packs/Microsoft.NETCore.App.Ref/8.0.22/ref/net8.0/System.Security.Cryptography.Encoding.dll
                 Private = 'false'
             /usr/lib64/dotnet/packs/Microsoft.NETCore.App.Ref/8.0.22/ref/net8.0/System.Security.Cryptography.OpenSsl.dll
                 Private = 'false'
             /usr/lib64/dotnet/packs/Microsoft.NETCore.App.Ref/8.0.22/ref/net8.0/System.Security.Cryptography.Primitives.dll
                 Private = 'false'
             /usr/lib64/dotnet/packs/Microsoft.NETCore.App.Ref/8.0.22/ref/net8.0/System.Security.Cryptography.X509Certificates.dll
                 Private = 'false'
             /usr/lib64/dotnet/packs/Microsoft.NETCore.App.Ref/8.0.22/ref/net8.0/System.Security.Cryptography.dll
                 Private = 'false'
             /usr/lib64/dotnet/packs/Microsoft.NETCore.App.Ref/8.0.22/ref/net8.0/System.Security.Principal.Windows.dll
                 Private = 'false'
             /usr/lib64/dotnet/packs/Microsoft.NETCore.App.Ref/8.0.22/ref/net8.0/System.Security.Principal.dll
                 Private = 'false'
             /usr/lib64/dotnet/packs/Microsoft.NETCore.App.Ref/8.0.22/ref/net8.0/System.Security.SecureString.dll
                 Private = 'false'
             /usr/lib64/dotnet/packs/Microsoft.NETCore.App.Ref/8.0.22/ref/net8.0/System.Security.dll
                 Private = 'false'
             /usr/lib64/dotnet/packs/Microsoft.NETCore.App.Ref/8.0.22/ref/net8.0/System.ServiceModel.Web.dll
                 Private = 'false'
             /usr/lib64/dotnet/packs/Microsoft.NETCore.App.Ref/8.0.22/ref/net8.0/System.ServiceProcess.dll
                 Private = 'false'
             /usr/lib64/dotnet/packs/Microsoft.NETCore.App.Ref/8.0.22/ref/net8.0/System.Text.Encoding.CodePages.dll
                 Private = 'false'
             /usr/lib64/dotnet/packs/Microsoft.NETCore.App.Ref/8.0.22/ref/net8.0/System.Text.Encoding.Extensions.dll
                 Private = 'false'
             /usr/lib64/dotnet/packs/Microsoft.NETCore.App.Ref/8.0.22/ref/net8.0/System.Text.Encoding.dll
                 Private = 'false'
             /usr/lib64/dotnet/packs/Microsoft.NETCore.App.Ref/8.0.22/ref/net8.0/System.Text.Encodings.Web.dll
                 Private = 'false'
             /usr/lib64/dotnet/packs/Microsoft.NETCore.App.Ref/8.0.22/ref/net8.0/System.Text.Json.dll
                 Private = 'false'
             /usr/lib64/dotnet/packs/Microsoft.NETCore.App.Ref/8.0.22/ref/net8.0/System.Text.RegularExpressions.dll
                 Private = 'false'
             /usr/lib64/dotnet/packs/Microsoft.NETCore.App.Ref/8.0.22/ref/net8.0/System.Threading.Channels.dll
                 Private = 'false'
             /usr/lib64/dotnet/packs/Microsoft.NETCore.App.Ref/8.0.22/ref/net8.0/System.Threading.Overlapped.dll
                 Private = 'false'
             /usr/lib64/dotnet/packs/Microsoft.NETCore.App.Ref/8.0.22/ref/net8.0/System.Threading.Tasks.Dataflow.dll
                 Private = 'false'
             /usr/lib64/dotnet/packs/Microsoft.NETCore.App.Ref/8.0.22/ref/net8.0/System.Threading.Tasks.Extensions.dll
                 Private = 'false'
             /usr/lib64/dotnet/packs/Microsoft.NETCore.App.Ref/8.0.22/ref/net8.0/System.Threading.Tasks.Parallel.dll
                 Private = 'false'
             /usr/lib64/dotnet/packs/Microsoft.NETCore.App.Ref/8.0.22/ref/net8.0/System.Threading.Tasks.dll
                 Private = 'false'
             /usr/lib64/dotnet/packs/Microsoft.NETCore.App.Ref/8.0.22/ref/net8.0/System.Threading.Thread.dll
                 Private = 'false'
             /usr/lib64/dotnet/packs/Microsoft.NETCore.App.Ref/8.0.22/ref/net8.0/System.Threading.ThreadPool.dll
                 Private = 'false'
             /usr/lib64/dotnet/packs/Microsoft.NETCore.App.Ref/8.0.22/ref/net8.0/System.Threading.Timer.dll
                 Private = 'false'
             /usr/lib64/dotnet/packs/Microsoft.NETCore.App.Ref/8.0.22/ref/net8.0/System.Threading.dll
                 Private = 'false'
             /usr/lib64/dotnet/packs/Microsoft.NETCore.App.Ref/8.0.22/ref/net8.0/System.Transactions.Local.dll
                 Private = 'false'
             /usr/lib64/dotnet/packs/Microsoft.NETCore.App.Ref/8.0.22/ref/net8.0/System.Transactions.dll
                 Private = 'false'
             /usr/lib64/dotnet/packs/Microsoft.NETCore.App.Ref/8.0.22/ref/net8.0/System.ValueTuple.dll
                 Private = 'false'
             /usr/lib64/dotnet/packs/Microsoft.NETCore.App.Ref/8.0.22/ref/net8.0/System.Web.HttpUtility.dll
                 Private = 'false'
             /usr/lib64/dotnet/packs/Microsoft.NETCore.App.Ref/8.0.22/ref/net8.0/System.Web.dll
                 Private = 'false'
             /usr/lib64/dotnet/packs/Microsoft.NETCore.App.Ref/8.0.22/ref/net8.0/System.Windows.dll
                 Private = 'false'
             /usr/lib64/dotnet/packs/Microsoft.NETCore.App.Ref/8.0.22/ref/net8.0/System.Xml.Linq.dll
                 Private = 'false'
             /usr/lib64/dotnet/packs/Microsoft.NETCore.App.Ref/8.0.22/ref/net8.0/System.Xml.ReaderWriter.dll
                 Private = 'false'
             /usr/lib64/dotnet/packs/Microsoft.NETCore.App.Ref/8.0.22/ref/net8.0/System.Xml.Serialization.dll
                 Private = 'false'
             /usr/lib64/dotnet/packs/Microsoft.NETCore.App.Ref/8.0.22/ref/net8.0/System.Xml.XDocument.dll
                 Private = 'false'
             /usr/lib64/dotnet/packs/Microsoft.NETCore.App.Ref/8.0.22/ref/net8.0/System.Xml.XPath.XDocument.dll
                 Private = 'false'
             /usr/lib64/dotnet/packs/Microsoft.NETCore.App.Ref/8.0.22/ref/net8.0/System.Xml.XPath.dll
                 Private = 'false'
             /usr/lib64/dotnet/packs/Microsoft.NETCore.App.Ref/8.0.22/ref/net8.0/System.Xml.XmlDocument.dll
                 Private = 'false'
             /usr/lib64/dotnet/packs/Microsoft.NETCore.App.Ref/8.0.22/ref/net8.0/System.Xml.XmlSerializer.dll
                 Private = 'false'
             /usr/lib64/dotnet/packs/Microsoft.NETCore.App.Ref/8.0.22/ref/net8.0/System.Xml.dll
                 Private = 'false'
             /usr/lib64/dotnet/packs/Microsoft.NETCore.App.Ref/8.0.22/ref/net8.0/System.dll
                 Private = 'false'
             /usr/lib64/dotnet/packs/Microsoft.NETCore.App.Ref/8.0.22/ref/net8.0/WindowsBase.dll
                 Private = 'false'
             /usr/lib64/dotnet/packs/Microsoft.NETCore.App.Ref/8.0.22/ref/net8.0/mscorlib.dll
                 Private = 'false'
             /usr/lib64/dotnet/packs/Microsoft.NETCore.App.Ref/8.0.22/ref/net8.0/netstandard.dll
                 Private = 'false'
             /usr/lib64/dotnet/packs/Microsoft.AspNetCore.App.Ref/8.0.22/ref/net8.0/Microsoft.AspNetCore.Antiforgery.dll
                 Private = 'false'
             /usr/lib64/dotnet/packs/Microsoft.AspNetCore.App.Ref/8.0.22/ref/net8.0/Microsoft.AspNetCore.Authentication.Abstractions.dll
                 Private = 'false'
             /usr/lib64/dotnet/packs/Microsoft.AspNetCore.App.Ref/8.0.22/ref/net8.0/Microsoft.AspNetCore.Authentication.BearerToken.dll
                 Private = 'false'
             /usr/lib64/dotnet/packs/Microsoft.AspNetCore.App.Ref/8.0.22/ref/net8.0/Microsoft.AspNetCore.Authentication.Cookies.dll
                 Private = 'false'
             /usr/lib64/dotnet/packs/Microsoft.AspNetCore.App.Ref/8.0.22/ref/net8.0/Microsoft.AspNetCore.Authentication.Core.dll
                 Private = 'false'
             /usr/lib64/dotnet/packs/Microsoft.AspNetCore.App.Ref/8.0.22/ref/net8.0/Microsoft.AspNetCore.Authentication.OAuth.dll
                 Private = 'false'
             /usr/lib64/dotnet/packs/Microsoft.AspNetCore.App.Ref/8.0.22/ref/net8.0/Microsoft.AspNetCore.Authentication.dll
                 Private = 'false'
             /usr/lib64/dotnet/packs/Microsoft.AspNetCore.App.Ref/8.0.22/ref/net8.0/Microsoft.AspNetCore.Authorization.Policy.dll
                 Private = 'false'
             /usr/lib64/dotnet/packs/Microsoft.AspNetCore.App.Ref/8.0.22/ref/net8.0/Microsoft.AspNetCore.Authorization.dll
                 Private = 'false'
             /usr/lib64/dotnet/packs/Microsoft.AspNetCore.App.Ref/8.0.22/ref/net8.0/Microsoft.AspNetCore.Components.Authorization.dll
                 Private = 'false'
             /usr/lib64/dotnet/packs/Microsoft.AspNetCore.App.Ref/8.0.22/ref/net8.0/Microsoft.AspNetCore.Components.Endpoints.dll
                 Private = 'false'
             /usr/lib64/dotnet/packs/Microsoft.AspNetCore.App.Ref/8.0.22/ref/net8.0/Microsoft.AspNetCore.Components.Forms.dll
                 Private = 'false'
             /usr/lib64/dotnet/packs/Microsoft.AspNetCore.App.Ref/8.0.22/ref/net8.0/Microsoft.AspNetCore.Components.Server.dll
                 Private = 'false'
             /usr/lib64/dotnet/packs/Microsoft.AspNetCore.App.Ref/8.0.22/ref/net8.0/Microsoft.AspNetCore.Components.Web.dll
                 Private = 'false'
             /usr/lib64/dotnet/packs/Microsoft.AspNetCore.App.Ref/8.0.22/ref/net8.0/Microsoft.AspNetCore.Components.dll
                 Private = 'false'
             /usr/lib64/dotnet/packs/Microsoft.AspNetCore.App.Ref/8.0.22/ref/net8.0/Microsoft.AspNetCore.Connections.Abstractions.dll
                 Private = 'false'
             /usr/lib64/dotnet/packs/Microsoft.AspNetCore.App.Ref/8.0.22/ref/net8.0/Microsoft.AspNetCore.CookiePolicy.dll
                 Private = 'false'
             /usr/lib64/dotnet/packs/Microsoft.AspNetCore.App.Ref/8.0.22/ref/net8.0/Microsoft.AspNetCore.Cors.dll
                 Private = 'false'
             /usr/lib64/dotnet/packs/Microsoft.AspNetCore.App.Ref/8.0.22/ref/net8.0/Microsoft.AspNetCore.Cryptography.Internal.dll
                 Private = 'false'
             /usr/lib64/dotnet/packs/Microsoft.AspNetCore.App.Ref/8.0.22/ref/net8.0/Microsoft.AspNetCore.Cryptography.KeyDerivation.dll
                 Private = 'false'
             /usr/lib64/dotnet/packs/Microsoft.AspNetCore.App.Ref/8.0.22/ref/net8.0/Microsoft.AspNetCore.DataProtection.Abstractions.dll
                 Private = 'false'
             /usr/lib64/dotnet/packs/Microsoft.AspNetCore.App.Ref/8.0.22/ref/net8.0/Microsoft.AspNetCore.DataProtection.Extensions.dll
                 Private = 'false'
             /usr/lib64/dotnet/packs/Microsoft.AspNetCore.App.Ref/8.0.22/ref/net8.0/Microsoft.AspNetCore.DataProtection.dll
                 Private = 'false'
             /usr/lib64/dotnet/packs/Microsoft.AspNetCore.App.Ref/8.0.22/ref/net8.0/Microsoft.AspNetCore.Diagnostics.Abstractions.dll
                 Private = 'false'
             /usr/lib64/dotnet/packs/Microsoft.AspNetCore.App.Ref/8.0.22/ref/net8.0/Microsoft.AspNetCore.Diagnostics.HealthChecks.dll
                 Private = 'false'
             /usr/lib64/dotnet/packs/Microsoft.AspNetCore.App.Ref/8.0.22/ref/net8.0/Microsoft.AspNetCore.Diagnostics.dll
                 Private = 'false'
             /usr/lib64/dotnet/packs/Microsoft.AspNetCore.App.Ref/8.0.22/ref/net8.0/Microsoft.AspNetCore.HostFiltering.dll
                 Private = 'false'
             /usr/lib64/dotnet/packs/Microsoft.AspNetCore.App.Ref/8.0.22/ref/net8.0/Microsoft.AspNetCore.Hosting.Abstractions.dll
                 Private = 'false'
             /usr/lib64/dotnet/packs/Microsoft.AspNetCore.App.Ref/8.0.22/ref/net8.0/Microsoft.AspNetCore.Hosting.Server.Abstractions.dll
                 Private = 'false'
             /usr/lib64/dotnet/packs/Microsoft.AspNetCore.App.Ref/8.0.22/ref/net8.0/Microsoft.AspNetCore.Hosting.dll
                 Private = 'false'
             /usr/lib64/dotnet/packs/Microsoft.AspNetCore.App.Ref/8.0.22/ref/net8.0/Microsoft.AspNetCore.Html.Abstractions.dll
                 Private = 'false'
             /usr/lib64/dotnet/packs/Microsoft.AspNetCore.App.Ref/8.0.22/ref/net8.0/Microsoft.AspNetCore.Http.Abstractions.dll
                 Private = 'false'
             /usr/lib64/dotnet/packs/Microsoft.AspNetCore.App.Ref/8.0.22/ref/net8.0/Microsoft.AspNetCore.Http.Connections.Common.dll
                 Private = 'false'
             /usr/lib64/dotnet/packs/Microsoft.AspNetCore.App.Ref/8.0.22/ref/net8.0/Microsoft.AspNetCore.Http.Connections.dll
                 Private = 'false'
             /usr/lib64/dotnet/packs/Microsoft.AspNetCore.App.Ref/8.0.22/ref/net8.0/Microsoft.AspNetCore.Http.Extensions.dll
                 Private = 'false'
             /usr/lib64/dotnet/packs/Microsoft.AspNetCore.App.Ref/8.0.22/ref/net8.0/Microsoft.AspNetCore.Http.Features.dll
                 Private = 'false'
             /usr/lib64/dotnet/packs/Microsoft.AspNetCore.App.Ref/8.0.22/ref/net8.0/Microsoft.AspNetCore.Http.Results.dll
                 Private = 'false'
             /usr/lib64/dotnet/packs/Microsoft.AspNetCore.App.Ref/8.0.22/ref/net8.0/Microsoft.AspNetCore.Http.dll
                 Private = 'false'
             /usr/lib64/dotnet/packs/Microsoft.AspNetCore.App.Ref/8.0.22/ref/net8.0/Microsoft.AspNetCore.HttpLogging.dll
                 Private = 'false'
             /usr/lib64/dotnet/packs/Microsoft.AspNetCore.App.Ref/8.0.22/ref/net8.0/Microsoft.AspNetCore.HttpOverrides.dll
                 Private = 'false'
             /usr/lib64/dotnet/packs/Microsoft.AspNetCore.App.Ref/8.0.22/ref/net8.0/Microsoft.AspNetCore.HttpsPolicy.dll
                 Private = 'false'
             /usr/lib64/dotnet/packs/Microsoft.AspNetCore.App.Ref/8.0.22/ref/net8.0/Microsoft.AspNetCore.Identity.dll
                 Private = 'false'
             /usr/lib64/dotnet/packs/Microsoft.AspNetCore.App.Ref/8.0.22/ref/net8.0/Microsoft.AspNetCore.Localization.Routing.dll
                 Private = 'false'
             /usr/lib64/dotnet/packs/Microsoft.AspNetCore.App.Ref/8.0.22/ref/net8.0/Microsoft.AspNetCore.Localization.dll
                 Private = 'false'
             /usr/lib64/dotnet/packs/Microsoft.AspNetCore.App.Ref/8.0.22/ref/net8.0/Microsoft.AspNetCore.Metadata.dll
                 Private = 'false'
             /usr/lib64/dotnet/packs/Microsoft.AspNetCore.App.Ref/8.0.22/ref/net8.0/Microsoft.AspNetCore.Mvc.Abstractions.dll
                 Private = 'false'
             /usr/lib64/dotnet/packs/Microsoft.AspNetCore.App.Ref/8.0.22/ref/net8.0/Microsoft.AspNetCore.Mvc.ApiExplorer.dll
                 Private = 'false'
             /usr/lib64/dotnet/packs/Microsoft.AspNetCore.App.Ref/8.0.22/ref/net8.0/Microsoft.AspNetCore.Mvc.Core.dll
                 Private = 'false'
             /usr/lib64/dotnet/packs/Microsoft.AspNetCore.App.Ref/8.0.22/ref/net8.0/Microsoft.AspNetCore.Mvc.Cors.dll
                 Private = 'false'
             /usr/lib64/dotnet/packs/Microsoft.AspNetCore.App.Ref/8.0.22/ref/net8.0/Microsoft.AspNetCore.Mvc.DataAnnotations.dll
                 Private = 'false'
             /usr/lib64/dotnet/packs/Microsoft.AspNetCore.App.Ref/8.0.22/ref/net8.0/Microsoft.AspNetCore.Mvc.Formatters.Json.dll
                 Private = 'false'
             /usr/lib64/dotnet/packs/Microsoft.AspNetCore.App.Ref/8.0.22/ref/net8.0/Microsoft.AspNetCore.Mvc.Formatters.Xml.dll
                 Private = 'false'
             /usr/lib64/dotnet/packs/Microsoft.AspNetCore.App.Ref/8.0.22/ref/net8.0/Microsoft.AspNetCore.Mvc.Localization.dll
                 Private = 'false'
             /usr/lib64/dotnet/packs/Microsoft.AspNetCore.App.Ref/8.0.22/ref/net8.0/Microsoft.AspNetCore.Mvc.Razor.dll
                 Private = 'false'
             /usr/lib64/dotnet/packs/Microsoft.AspNetCore.App.Ref/8.0.22/ref/net8.0/Microsoft.AspNetCore.Mvc.RazorPages.dll
                 Private = 'false'
             /usr/lib64/dotnet/packs/Microsoft.AspNetCore.App.Ref/8.0.22/ref/net8.0/Microsoft.AspNetCore.Mvc.TagHelpers.dll
                 Private = 'false'
             /usr/lib64/dotnet/packs/Microsoft.AspNetCore.App.Ref/8.0.22/ref/net8.0/Microsoft.AspNetCore.Mvc.ViewFeatures.dll
                 Private = 'false'
             /usr/lib64/dotnet/packs/Microsoft.AspNetCore.App.Ref/8.0.22/ref/net8.0/Microsoft.AspNetCore.Mvc.dll
                 Private = 'false'
             /usr/lib64/dotnet/packs/Microsoft.AspNetCore.App.Ref/8.0.22/ref/net8.0/Microsoft.AspNetCore.OutputCaching.dll
                 Private = 'false'
             /usr/lib64/dotnet/packs/Microsoft.AspNetCore.App.Ref/8.0.22/ref/net8.0/Microsoft.AspNetCore.RateLimiting.dll
                 Private = 'false'
             /usr/lib64/dotnet/packs/Microsoft.AspNetCore.App.Ref/8.0.22/ref/net8.0/Microsoft.AspNetCore.Razor.Runtime.dll
                 Private = 'false'
             /usr/lib64/dotnet/packs/Microsoft.AspNetCore.App.Ref/8.0.22/ref/net8.0/Microsoft.AspNetCore.Razor.dll
                 Private = 'false'
             /usr/lib64/dotnet/packs/Microsoft.AspNetCore.App.Ref/8.0.22/ref/net8.0/Microsoft.AspNetCore.RequestDecompression.dll
                 Private = 'false'
             /usr/lib64/dotnet/packs/Microsoft.AspNetCore.App.Ref/8.0.22/ref/net8.0/Microsoft.AspNetCore.ResponseCaching.Abstractions.dll
                 Private = 'false'
             /usr/lib64/dotnet/packs/Microsoft.AspNetCore.App.Ref/8.0.22/ref/net8.0/Microsoft.AspNetCore.ResponseCaching.dll
                 Private = 'false'
             /usr/lib64/dotnet/packs/Microsoft.AspNetCore.App.Ref/8.0.22/ref/net8.0/Microsoft.AspNetCore.ResponseCompression.dll
                 Private = 'false'
             /usr/lib64/dotnet/packs/Microsoft.AspNetCore.App.Ref/8.0.22/ref/net8.0/Microsoft.AspNetCore.Rewrite.dll
                 Private = 'false'
             /usr/lib64/dotnet/packs/Microsoft.AspNetCore.App.Ref/8.0.22/ref/net8.0/Microsoft.AspNetCore.Routing.Abstractions.dll
                 Private = 'false'
             /usr/lib64/dotnet/packs/Microsoft.AspNetCore.App.Ref/8.0.22/ref/net8.0/Microsoft.AspNetCore.Routing.dll
                 Private = 'false'
             /usr/lib64/dotnet/packs/Microsoft.AspNetCore.App.Ref/8.0.22/ref/net8.0/Microsoft.AspNetCore.Server.HttpSys.dll
                 Private = 'false'
             /usr/lib64/dotnet/packs/Microsoft.AspNetCore.App.Ref/8.0.22/ref/net8.0/Microsoft.AspNetCore.Server.IIS.dll
                 Private = 'false'
             /usr/lib64/dotnet/packs/Microsoft.AspNetCore.App.Ref/8.0.22/ref/net8.0/Microsoft.AspNetCore.Server.IISIntegration.dll
                 Private = 'false'
             /usr/lib64/dotnet/packs/Microsoft.AspNetCore.App.Ref/8.0.22/ref/net8.0/Microsoft.AspNetCore.Server.Kestrel.Core.dll
                 Private = 'false'
             /usr/lib64/dotnet/packs/Microsoft.AspNetCore.App.Ref/8.0.22/ref/net8.0/Microsoft.AspNetCore.Server.Kestrel.Transport.NamedPipes.dll
                 Private = 'false'
             /usr/lib64/dotnet/packs/Microsoft.AspNetCore.App.Ref/8.0.22/ref/net8.0/Microsoft.AspNetCore.Server.Kestrel.Transport.Quic.dll
                 Private = 'false'
             /usr/lib64/dotnet/packs/Microsoft.AspNetCore.App.Ref/8.0.22/ref/net8.0/Microsoft.AspNetCore.Server.Kestrel.Transport.Sockets.dll
                 Private = 'false'
             /usr/lib64/dotnet/packs/Microsoft.AspNetCore.App.Ref/8.0.22/ref/net8.0/Microsoft.AspNetCore.Server.Kestrel.dll
                 Private = 'false'
             /usr/lib64/dotnet/packs/Microsoft.AspNetCore.App.Ref/8.0.22/ref/net8.0/Microsoft.AspNetCore.Session.dll
                 Private = 'false'
             /usr/lib64/dotnet/packs/Microsoft.AspNetCore.App.Ref/8.0.22/ref/net8.0/Microsoft.AspNetCore.SignalR.Common.dll
                 Private = 'false'
             /usr/lib64/dotnet/packs/Microsoft.AspNetCore.App.Ref/8.0.22/ref/net8.0/Microsoft.AspNetCore.SignalR.Core.dll
                 Private = 'false'
             /usr/lib64/dotnet/packs/Microsoft.AspNetCore.App.Ref/8.0.22/ref/net8.0/Microsoft.AspNetCore.SignalR.Protocols.Json.dll
                 Private = 'false'
             /usr/lib64/dotnet/packs/Microsoft.AspNetCore.App.Ref/8.0.22/ref/net8.0/Microsoft.AspNetCore.SignalR.dll
                 Private = 'false'
             /usr/lib64/dotnet/packs/Microsoft.AspNetCore.App.Ref/8.0.22/ref/net8.0/Microsoft.AspNetCore.StaticFiles.dll
                 Private = 'false'
             /usr/lib64/dotnet/packs/Microsoft.AspNetCore.App.Ref/8.0.22/ref/net8.0/Microsoft.AspNetCore.WebSockets.dll
                 Private = 'false'
             /usr/lib64/dotnet/packs/Microsoft.AspNetCore.App.Ref/8.0.22/ref/net8.0/Microsoft.AspNetCore.WebUtilities.dll
                 Private = 'false'
             /usr/lib64/dotnet/packs/Microsoft.AspNetCore.App.Ref/8.0.22/ref/net8.0/Microsoft.AspNetCore.dll
                 Private = 'false'
             /usr/lib64/dotnet/packs/Microsoft.AspNetCore.App.Ref/8.0.22/ref/net8.0/Microsoft.Extensions.Caching.Abstractions.dll
                 Private = 'false'
             /usr/lib64/dotnet/packs/Microsoft.AspNetCore.App.Ref/8.0.22/ref/net8.0/Microsoft.Extensions.Caching.Memory.dll
                 Private = 'false'
             /usr/lib64/dotnet/packs/Microsoft.AspNetCore.App.Ref/8.0.22/ref/net8.0/Microsoft.Extensions.Configuration.Abstractions.dll
                 Private = 'false'
             /usr/lib64/dotnet/packs/Microsoft.AspNetCore.App.Ref/8.0.22/ref/net8.0/Microsoft.Extensions.Configuration.Binder.dll
                 Private = 'false'
             /usr/lib64/dotnet/packs/Microsoft.AspNetCore.App.Ref/8.0.22/ref/net8.0/Microsoft.Extensions.Configuration.CommandLine.dll
                 Private = 'false'
             /usr/lib64/dotnet/packs/Microsoft.AspNetCore.App.Ref/8.0.22/ref/net8.0/Microsoft.Extensions.Configuration.EnvironmentVariables.dll
                 Private = 'false'
             /usr/lib64/dotnet/packs/Microsoft.AspNetCore.App.Ref/8.0.22/ref/net8.0/Microsoft.Extensions.Configuration.FileExtensions.dll
                 Private = 'false'
             /usr/lib64/dotnet/packs/Microsoft.AspNetCore.App.Ref/8.0.22/ref/net8.0/Microsoft.Extensions.Configuration.Ini.dll
                 Private = 'false'
             /usr/lib64/dotnet/packs/Microsoft.AspNetCore.App.Ref/8.0.22/ref/net8.0/Microsoft.Extensions.Configuration.Json.dll
                 Private = 'false'
             /usr/lib64/dotnet/packs/Microsoft.AspNetCore.App.Ref/8.0.22/ref/net8.0/Microsoft.Extensions.Configuration.KeyPerFile.dll
                 Private = 'false'
             /usr/lib64/dotnet/packs/Microsoft.AspNetCore.App.Ref/8.0.22/ref/net8.0/Microsoft.Extensions.Configuration.UserSecrets.dll
                 Private = 'false'
             /usr/lib64/dotnet/packs/Microsoft.AspNetCore.App.Ref/8.0.22/ref/net8.0/Microsoft.Extensions.Configuration.Xml.dll
                 Private = 'false'
             /usr/lib64/dotnet/packs/Microsoft.AspNetCore.App.Ref/8.0.22/ref/net8.0/Microsoft.Extensions.Configuration.dll
                 Private = 'false'
             /usr/lib64/dotnet/packs/Microsoft.AspNetCore.App.Ref/8.0.22/ref/net8.0/Microsoft.Extensions.DependencyInjection.Abstractions.dll
                 Private = 'false'
             /usr/lib64/dotnet/packs/Microsoft.AspNetCore.App.Ref/8.0.22/ref/net8.0/Microsoft.Extensions.DependencyInjection.dll
                 Private = 'false'
             /usr/lib64/dotnet/packs/Microsoft.AspNetCore.App.Ref/8.0.22/ref/net8.0/Microsoft.Extensions.Diagnostics.Abstractions.dll
                 Private = 'false'
             /usr/lib64/dotnet/packs/Microsoft.AspNetCore.App.Ref/8.0.22/ref/net8.0/Microsoft.Extensions.Diagnostics.HealthChecks.Abstractions.dll
                 Private = 'false'
             /usr/lib64/dotnet/packs/Microsoft.AspNetCore.App.Ref/8.0.22/ref/net8.0/Microsoft.Extensions.Diagnostics.HealthChecks.dll
                 Private = 'false'
             /usr/lib64/dotnet/packs/Microsoft.AspNetCore.App.Ref/8.0.22/ref/net8.0/Microsoft.Extensions.Diagnostics.dll
                 Private = 'false'
             /usr/lib64/dotnet/packs/Microsoft.AspNetCore.App.Ref/8.0.22/ref/net8.0/Microsoft.Extensions.Features.dll
                 Private = 'false'
             /usr/lib64/dotnet/packs/Microsoft.AspNetCore.App.Ref/8.0.22/ref/net8.0/Microsoft.Extensions.FileProviders.Abstractions.dll
                 Private = 'false'
             /usr/lib64/dotnet/packs/Microsoft.AspNetCore.App.Ref/8.0.22/ref/net8.0/Microsoft.Extensions.FileProviders.Composite.dll
                 Private = 'false'
             /usr/lib64/dotnet/packs/Microsoft.AspNetCore.App.Ref/8.0.22/ref/net8.0/Microsoft.Extensions.FileProviders.Embedded.dll
                 Private = 'false'
             /usr/lib64/dotnet/packs/Microsoft.AspNetCore.App.Ref/8.0.22/ref/net8.0/Microsoft.Extensions.FileProviders.Physical.dll
                 Private = 'false'
             /usr/lib64/dotnet/packs/Microsoft.AspNetCore.App.Ref/8.0.22/ref/net8.0/Microsoft.Extensions.FileSystemGlobbing.dll
                 Private = 'false'
             /usr/lib64/dotnet/packs/Microsoft.AspNetCore.App.Ref/8.0.22/ref/net8.0/Microsoft.Extensions.Hosting.Abstractions.dll
                 Private = 'false'
             /usr/lib64/dotnet/packs/Microsoft.AspNetCore.App.Ref/8.0.22/ref/net8.0/Microsoft.Extensions.Hosting.dll
                 Private = 'false'
             /usr/lib64/dotnet/packs/Microsoft.AspNetCore.App.Ref/8.0.22/ref/net8.0/Microsoft.Extensions.Http.dll
                 Private = 'false'
             /usr/lib64/dotnet/packs/Microsoft.AspNetCore.App.Ref/8.0.22/ref/net8.0/Microsoft.Extensions.Identity.Core.dll
                 Private = 'false'
             /usr/lib64/dotnet/packs/Microsoft.AspNetCore.App.Ref/8.0.22/ref/net8.0/Microsoft.Extensions.Identity.Stores.dll
                 Private = 'false'
             /usr/lib64/dotnet/packs/Microsoft.AspNetCore.App.Ref/8.0.22/ref/net8.0/Microsoft.Extensions.Localization.Abstractions.dll
                 Private = 'false'
             /usr/lib64/dotnet/packs/Microsoft.AspNetCore.App.Ref/8.0.22/ref/net8.0/Microsoft.Extensions.Localization.dll
                 Private = 'false'
             /usr/lib64/dotnet/packs/Microsoft.AspNetCore.App.Ref/8.0.22/ref/net8.0/Microsoft.Extensions.Logging.Abstractions.dll
                 Private = 'false'
             /usr/lib64/dotnet/packs/Microsoft.AspNetCore.App.Ref/8.0.22/ref/net8.0/Microsoft.Extensions.Logging.Configuration.dll
                 Private = 'false'
             /usr/lib64/dotnet/packs/Microsoft.AspNetCore.App.Ref/8.0.22/ref/net8.0/Microsoft.Extensions.Logging.Console.dll
                 Private = 'false'
             /usr/lib64/dotnet/packs/Microsoft.AspNetCore.App.Ref/8.0.22/ref/net8.0/Microsoft.Extensions.Logging.Debug.dll
                 Private = 'false'
             /usr/lib64/dotnet/packs/Microsoft.AspNetCore.App.Ref/8.0.22/ref/net8.0/Microsoft.Extensions.Logging.EventLog.dll
                 Private = 'false'
             /usr/lib64/dotnet/packs/Microsoft.AspNetCore.App.Ref/8.0.22/ref/net8.0/Microsoft.Extensions.Logging.EventSource.dll
                 Private = 'false'
             /usr/lib64/dotnet/packs/Microsoft.AspNetCore.App.Ref/8.0.22/ref/net8.0/Microsoft.Extensions.Logging.TraceSource.dll
                 Private = 'false'
             /usr/lib64/dotnet/packs/Microsoft.AspNetCore.App.Ref/8.0.22/ref/net8.0/Microsoft.Extensions.Logging.dll
                 Private = 'false'
             /usr/lib64/dotnet/packs/Microsoft.AspNetCore.App.Ref/8.0.22/ref/net8.0/Microsoft.Extensions.ObjectPool.dll
                 Private = 'false'
             /usr/lib64/dotnet/packs/Microsoft.AspNetCore.App.Ref/8.0.22/ref/net8.0/Microsoft.Extensions.Options.ConfigurationExtensions.dll
                 Private = 'false'
             /usr/lib64/dotnet/packs/Microsoft.AspNetCore.App.Ref/8.0.22/ref/net8.0/Microsoft.Extensions.Options.DataAnnotations.dll
                 Private = 'false'
             /usr/lib64/dotnet/packs/Microsoft.AspNetCore.App.Ref/8.0.22/ref/net8.0/Microsoft.Extensions.Options.dll
                 Private = 'false'
             /usr/lib64/dotnet/packs/Microsoft.AspNetCore.App.Ref/8.0.22/ref/net8.0/Microsoft.Extensions.Primitives.dll
                 Private = 'false'
             /usr/lib64/dotnet/packs/Microsoft.AspNetCore.App.Ref/8.0.22/ref/net8.0/Microsoft.Extensions.WebEncoders.dll
                 Private = 'false'
             /usr/lib64/dotnet/packs/Microsoft.AspNetCore.App.Ref/8.0.22/ref/net8.0/Microsoft.JSInterop.dll
                 Private = 'false'
             /usr/lib64/dotnet/packs/Microsoft.AspNetCore.App.Ref/8.0.22/ref/net8.0/Microsoft.Net.Http.Headers.dll
                 Private = 'false'
             /usr/lib64/dotnet/packs/Microsoft.AspNetCore.App.Ref/8.0.22/ref/net8.0/System.Diagnostics.EventLog.dll
                 Private = 'false'
             /usr/lib64/dotnet/packs/Microsoft.AspNetCore.App.Ref/8.0.22/ref/net8.0/System.IO.Pipelines.dll
                 Private = 'false'
             /usr/lib64/dotnet/packs/Microsoft.AspNetCore.App.Ref/8.0.22/ref/net8.0/System.Security.Cryptography.Xml.dll
                 Private = 'false'
             /usr/lib64/dotnet/packs/Microsoft.AspNetCore.App.Ref/8.0.22/ref/net8.0/System.Threading.RateLimiting.dll
                 Private = 'false'
         AssemblyFiles:
             /home/baturhan/Projeler/Entegrasyon/Application/Entegrasyon.DataAccess/bin/Debug/net8.0/Entegrasyon.DataAccess.dll
             /home/baturhan/Projeler/Entegrasyon/Application/Entegrasyon.MessageQueue.Commands/bin/Debug/net8.0/Entegrasyon.MessageQueue.Commands.dll
             /home/baturhan/Projeler/Entegrasyon/Shared/Shared/bin/Debug/net8.0/Shared.dll
             /home/baturhan/Projeler/Entegrasyon/Application/Entegrasyon.Entity/bin/Debug/net8.0/Entegrasyon.Entity.dll
         CandidateAssemblyFiles:
         TargetFrameworkDirectories:
             
         NonCultureResourceDirectories:
             
         InstalledAssemblyTables:
         IgnoreInstalledAssemblyTable:
             False
         SearchPaths:
             {CandidateAssemblyFiles}
             {HintPathFromItem}
             {TargetFrameworkDirectory}
             {RawFileName}
         AllowedAssemblyExtensions:
             .winmd
             .dll
             .exe
         AllowedRelatedFileExtensions:
             .pdb
             .xml
             .pri
             .dll.config
             .exe.config
         AppConfigFile:
             
         AutoUnify:
             True
         EnableCustomCulture:
             False
         EnableCustomCulture:
             False
         CopyLocalDependenciesWhenParentReferenceInGac:
             True
         FindDependencies:
             True
         TargetProcessorArchitecture:
             msil
         StateFile:
             obj/Debug/net8.0/Entegrasyon.Business.csproj.AssemblyReference.cache
         InstalledAssemblySubsetTables:
         IgnoreInstalledAssemblySubsetTable:
             False
         TargetFrameworkSubsets:
         FullTargetFrameworkSubsetNames:
             Full
         ProfileName:
             
         FullFrameworkFolders:
         LatestTargetFrameworkDirectories:
         ProfileTablesLocation:
         Primary reference "Entegrasyon.DataAccess, Version=1.0.0.0, Culture=neutral, PublicKeyToken=null".
             Resolved file path is "/home/baturhan/Projeler/Entegrasyon/Application/Entegrasyon.DataAccess/bin/Debug/net8.0/Entegrasyon.DataAccess.dll".
             Reference found at search path location "/home/baturhan/Projeler/Entegrasyon/Application/Entegrasyon.DataAccess/bin/Debug/net8.0/Entegrasyon.DataAccess.dll".
             Found related file "/home/baturhan/Projeler/Entegrasyon/Application/Entegrasyon.DataAccess/bin/Debug/net8.0/Entegrasyon.DataAccess.pdb".
             The ImageRuntimeVersion for this reference is "".
         Primary reference "Entegrasyon.MessageQueue.Commands, Version=1.0.0.0, Culture=neutral, PublicKeyToken=null".
             Resolved file path is "/home/baturhan/Projeler/Entegrasyon/Application/Entegrasyon.MessageQueue.Commands/bin/Debug/net8.0/Entegrasyon.MessageQueue.Commands.dll".
             Reference found at search path location "/home/baturhan/Projeler/Entegrasyon/Application/Entegrasyon.MessageQueue.Commands/bin/Debug/net8.0/Entegrasyon.MessageQueue.Commands.dll".
             Found related file "/home/baturhan/Projeler/Entegrasyon/Application/Entegrasyon.MessageQueue.Commands/bin/Debug/net8.0/Entegrasyon.MessageQueue.Commands.pdb".
             The ImageRuntimeVersion for this reference is "".
         Primary reference "Shared, Version=1.0.0.0, Culture=neutral, PublicKeyToken=null".
             Resolved file path is "/home/baturhan/Projeler/Entegrasyon/Shared/Shared/bin/Debug/net8.0/Shared.dll".
             Reference found at search path location "/home/baturhan/Projeler/Entegrasyon/Shared/Shared/bin/Debug/net8.0/Shared.dll".
             Found related file "/home/baturhan/Projeler/Entegrasyon/Shared/Shared/bin/Debug/net8.0/Shared.pdb".
             The ImageRuntimeVersion for this reference is "".
         Primary reference "Entegrasyon.Entity, Version=1.0.0.0, Culture=neutral, PublicKeyToken=null".
             Resolved file path is "/home/baturhan/Projeler/Entegrasyon/Application/Entegrasyon.Entity/bin/Debug/net8.0/Entegrasyon.Entity.dll".
             Reference found at search path location "/home/baturhan/Projeler/Entegrasyon/Application/Entegrasyon.Entity/bin/Debug/net8.0/Entegrasyon.Entity.dll".
             Found related file "/home/baturhan/Projeler/Entegrasyon/Application/Entegrasyon.Entity/bin/Debug/net8.0/Entegrasyon.Entity.pdb".
             The ImageRuntimeVersion for this reference is "".
         Primary reference "Castle.Core, Version=5.0.0.0, Culture=neutral, PublicKeyToken=407dd0808d44fbdc".
             Resolved file path is "/home/baturhan/.nuget/packages/castle.core/5.1.1/lib/net6.0/Castle.Core.dll".
             Reference found at search path location "{HintPathFromItem}".
             This reference is not "CopyLocal" because at least one source item had "Private" set to "false" and no source items had "Private" set to "true".
             The ImageRuntimeVersion for this reference is "".
         Primary reference "FluentValidation, Version=11.0.0.0, Culture=neutral, PublicKeyToken=7de548da2fbae0f0".
             Resolved file path is "/home/baturhan/.nuget/packages/fluentvalidation/11.9.0/lib/net8.0/FluentValidation.dll".
             Reference found at search path location "{HintPathFromItem}".
             This reference is not "CopyLocal" because at least one source item had "Private" set to "false" and no source items had "Private" set to "true".
             The ImageRuntimeVersion for this reference is "".
         Primary reference "Mapster, Version=7.4.0.0, Culture=neutral, PublicKeyToken=2f39883af23c29a8".
             Resolved file path is "/home/baturhan/.nuget/packages/mapster/7.4.0/lib/net7.0/Mapster.dll".
             Reference found at search path location "{HintPathFromItem}".
             This reference is not "CopyLocal" because at least one source item had "Private" set to "false" and no source items had "Private" set to "true".
             The ImageRuntimeVersion for this reference is "".
         Primary reference "Mapster.Core, Version=1.2.1.0, Culture=neutral, PublicKeyToken=e64997d676a9c1d3".
             Resolved file path is "/home/baturhan/.nuget/packages/mapster.core/1.2.1/lib/net7.0/Mapster.Core.dll".
             Reference found at search path location "{HintPathFromItem}".
             This reference is not "CopyLocal" because at least one source item had "Private" set to "false" and no source items had "Private" set to "true".
             The ImageRuntimeVersion for this reference is "".
         Primary reference "Mapster.DependencyInjection, Version=1.0.1.0, Culture=neutral, PublicKeyToken=e64997d676a9c1d3".
             Resolved file path is "/home/baturhan/.nuget/packages/mapster.dependencyinjection/1.0.1/lib/net7.0/Mapster.DependencyInjection.dll".
             Reference found at search path location "{HintPathFromItem}".
             This reference is not "CopyLocal" because at least one source item had "Private" set to "false" and no source items had "Private" set to "true".
             The ImageRuntimeVersion for this reference is "".
         Primary reference "Microsoft.EntityFrameworkCore, Version=8.0.15.0, Culture=neutral, PublicKeyToken=adb9793829ddae60".
             Resolved file path is "/home/baturhan/.nuget/packages/microsoft.entityframeworkcore/8.0.15/lib/net8.0/Microsoft.EntityFrameworkCore.dll".
             Reference found at search path location "{HintPathFromItem}".
             This reference is not "CopyLocal" because at least one source item had "Private" set to "false" and no source items had "Private" set to "true".
             The ImageRuntimeVersion for this reference is "".
         Primary reference "Microsoft.EntityFrameworkCore.Abstractions, Version=8.0.15.0, Culture=neutral, PublicKeyToken=adb9793829ddae60".
             Resolved file path is "/home/baturhan/.nuget/packages/microsoft.entityframeworkcore.abstractions/8.0.15/lib/net8.0/Microsoft.EntityFrameworkCore.Abstractions.dll".
             Reference found at search path location "{HintPathFromItem}".
             This reference is not "CopyLocal" because at least one source item had "Private" set to "false" and no source items had "Private" set to "true".
             The ImageRuntimeVersion for this reference is "".
         Primary reference "Microsoft.EntityFrameworkCore.Proxies, Version=8.0.15.0, Culture=neutral, PublicKeyToken=adb9793829ddae60".
             Resolved file path is "/home/baturhan/.nuget/packages/microsoft.entityframeworkcore.proxies/8.0.15/lib/net8.0/Microsoft.EntityFrameworkCore.Proxies.dll".
             Reference found at search path location "{HintPathFromItem}".
             This reference is not "CopyLocal" because at least one source item had "Private" set to "false" and no source items had "Private" set to "true".
             The ImageRuntimeVersion for this reference is "".
         Primary reference "Microsoft.EntityFrameworkCore.Relational, Version=8.0.15.0, Culture=neutral, PublicKeyToken=adb9793829ddae60".
             Resolved file path is "/home/baturhan/.nuget/packages/microsoft.entityframeworkcore.relational/8.0.15/lib/net8.0/Microsoft.EntityFrameworkCore.Relational.dll".
             Reference found at search path location "{HintPathFromItem}".
             This reference is not "CopyLocal" because at least one source item had "Private" set to "false" and no source items had "Private" set to "true".
             The ImageRuntimeVersion for this reference is "".
         Primary reference "Microsoft.Extensions.DependencyModel, Version=8.0.0.0, Culture=neutral, PublicKeyToken=adb9793829ddae60".
             Resolved file path is "/home/baturhan/.nuget/packages/microsoft.extensions.dependencymodel/8.0.0/lib/net8.0/Microsoft.Extensions.DependencyModel.dll".
             Reference found at search path location "{HintPathFromItem}".
             This reference is not "CopyLocal" because at least one source item had "Private" set to "false" and no source items had "Private" set to "true".
             The ImageRuntimeVersion for this reference is "".
         Primary reference "Microsoft.IdentityModel.Abstractions, Version=7.4.0.0, Culture=neutral, PublicKeyToken=31bf3856ad364e35".
             Resolved file path is "/home/baturhan/.nuget/packages/microsoft.identitymodel.abstractions/7.4.0/lib/net8.0/Microsoft.IdentityModel.Abstractions.dll".
             Reference found at search path location "{HintPathFromItem}".
             This reference is not "CopyLocal" because at least one source item had "Private" set to "false" and no source items had "Private" set to "true".
             The ImageRuntimeVersion for this reference is "".
         Primary reference "Microsoft.IdentityModel.JsonWebTokens, Version=7.4.0.0, Culture=neutral, PublicKeyToken=31bf3856ad364e35".
             Resolved file path is "/home/baturhan/.nuget/packages/microsoft.identitymodel.jsonwebtokens/7.4.0/lib/net8.0/Microsoft.IdentityModel.JsonWebTokens.dll".
             Reference found at search path location "{HintPathFromItem}".
             This reference is not "CopyLocal" because at least one source item had "Private" set to "false" and no source items had "Private" set to "true".
             The ImageRuntimeVersion for this reference is "".
         Primary reference "Microsoft.IdentityModel.Logging, Version=7.4.0.0, Culture=neutral, PublicKeyToken=31bf3856ad364e35".
             Resolved file path is "/home/baturhan/.nuget/packages/microsoft.identitymodel.logging/7.4.0/lib/net8.0/Microsoft.IdentityModel.Logging.dll".
             Reference found at search path location "{HintPathFromItem}".
             This reference is not "CopyLocal" because at least one source item had "Private" set to "false" and no source items had "Private" set to "true".
             The ImageRuntimeVersion for this reference is "".
         Primary reference "Microsoft.IdentityModel.Tokens, Version=7.4.0.0, Culture=neutral, PublicKeyToken=31bf3856ad364e35".
             Resolved file path is "/home/baturhan/.nuget/packages/microsoft.identitymodel.tokens/7.4.0/lib/net8.0/Microsoft.IdentityModel.Tokens.dll".
             Reference found at search path location "{HintPathFromItem}".
             This reference is not "CopyLocal" because at least one source item had "Private" set to "false" and no source items had "Private" set to "true".
             The ImageRuntimeVersion for this reference is "".
         Primary reference "Newtonsoft.Json, Version=13.0.0.0, Culture=neutral, PublicKeyToken=30ad4fe6b2a6aeed".
             Resolved file path is "/home/baturhan/.nuget/packages/newtonsoft.json/13.0.3/lib/net6.0/Newtonsoft.Json.dll".
             Reference found at search path location "{HintPathFromItem}".
             This reference is not "CopyLocal" because at least one source item had "Private" set to "false" and no source items had "Private" set to "true".
             The ImageRuntimeVersion for this reference is "".
         Primary reference "Npgsql, Version=8.0.6.0, Culture=neutral, PublicKeyToken=5d8b90d52f46fda7".
             Resolved file path is "/home/baturhan/.nuget/packages/npgsql/8.0.6/lib/net8.0/Npgsql.dll".
             Reference found at search path location "{HintPathFromItem}".
             This reference is not "CopyLocal" because at least one source item had "Private" set to "false" and no source items had "Private" set to "true".
             The ImageRuntimeVersion for this reference is "".
         Primary reference "Npgsql.EntityFrameworkCore.PostgreSQL, Version=8.0.11.0, Culture=neutral, PublicKeyToken=5d8b90d52f46fda7".
             Resolved file path is "/home/baturhan/.nuget/packages/npgsql.entityframeworkcore.postgresql/8.0.11/lib/net8.0/Npgsql.EntityFrameworkCore.PostgreSQL.dll".
             Reference found at search path location "{HintPathFromItem}".
             This reference is not "CopyLocal" because at least one source item had "Private" set to "false" and no source items had "Private" set to "true".
             The ImageRuntimeVersion for this reference is "".
         Primary reference "Pipelines.Sockets.Unofficial, Version=1.0.0.0, Culture=neutral, PublicKeyToken=42ea0a778e13fbe2".
             Resolved file path is "/home/baturhan/.nuget/packages/pipelines.sockets.unofficial/2.2.8/lib/net5.0/Pipelines.Sockets.Unofficial.dll".
             Reference found at search path location "{HintPathFromItem}".
             This reference is not "CopyLocal" because at least one source item had "Private" set to "false" and no source items had "Private" set to "true".
             The ImageRuntimeVersion for this reference is "".
         Primary reference "Serilog, Version=2.0.0.0, Culture=neutral, PublicKeyToken=24c2f752a8e58a10".
             Resolved file path is "/home/baturhan/.nuget/packages/serilog/3.1.1/lib/net7.0/Serilog.dll".
             Reference found at search path location "{HintPathFromItem}".
             This reference is not "CopyLocal" because at least one source item had "Private" set to "false" and no source items had "Private" set to "true".
             The ImageRuntimeVersion for this reference is "".
         Primary reference "Serilog.AspNetCore, Version=8.0.1.0, Culture=neutral, PublicKeyToken=24c2f752a8e58a10".
             Resolved file path is "/home/baturhan/.nuget/packages/serilog.aspnetcore/8.0.1/lib/net8.0/Serilog.AspNetCore.dll".
             Reference found at search path location "{HintPathFromItem}".
             This reference is not "CopyLocal" because at least one source item had "Private" set to "false" and no source items had "Private" set to "true".
             The ImageRuntimeVersion for this reference is "".
         Primary reference "Serilog.Extensions.Hosting, Version=7.0.0.0, Culture=neutral, PublicKeyToken=24c2f752a8e58a10".
             Resolved file path is "/home/baturhan/.nuget/packages/serilog.extensions.hosting/8.0.0/lib/net8.0/Serilog.Extensions.Hosting.dll".
             Reference found at search path location "{HintPathFromItem}".
             This reference is not "CopyLocal" because at least one source item had "Private" set to "false" and no source items had "Private" set to "true".
             The ImageRuntimeVersion for this reference is "".
         Primary reference "Serilog.Extensions.Logging, Version=7.0.0.0, Culture=neutral, PublicKeyToken=24c2f752a8e58a10".
             Resolved file path is "/home/baturhan/.nuget/packages/serilog.extensions.logging/8.0.0/lib/net8.0/Serilog.Extensions.Logging.dll".
             Reference found at search path location "{HintPathFromItem}".
             This reference is not "CopyLocal" because at least one source item had "Private" set to "false" and no source items had "Private" set to "true".
             The ImageRuntimeVersion for this reference is "".
         Primary reference "Serilog.Formatting.Compact, Version=2.0.0.0, Culture=neutral, PublicKeyToken=24c2f752a8e58a10".
             Resolved file path is "/home/baturhan/.nuget/packages/serilog.formatting.compact/2.0.0/lib/net7.0/Serilog.Formatting.Compact.dll".
             Reference found at search path location "{HintPathFromItem}".
             This reference is not "CopyLocal" because at least one source item had "Private" set to "false" and no source items had "Private" set to "true".
             The ImageRuntimeVersion for this reference is "".
         Primary reference "Serilog.Settings.Configuration, Version=8.0.0.0, Culture=neutral, PublicKeyToken=24c2f752a8e58a10".
             Resolved file path is "/home/baturhan/.nuget/packages/serilog.settings.configuration/8.0.0/lib/net8.0/Serilog.Settings.Configuration.dll".
             Reference found at search path location "{HintPathFromItem}".
             This reference is not "CopyLocal" because at least one source item had "Private" set to "false" and no source items had "Private" set to "true".
             The ImageRuntimeVersion for this reference is "".
         Primary reference "Serilog.Sinks.Console, Version=5.0.1.0, Culture=neutral, PublicKeyToken=24c2f752a8e58a10".
             Resolved file path is "/home/baturhan/.nuget/packages/serilog.sinks.console/5.0.1/lib/net7.0/Serilog.Sinks.Console.dll".
             Reference found at search path location "{HintPathFromItem}".
             This reference is not "CopyLocal" because at least one source item had "Private" set to "false" and no source items had "Private" set to "true".
             The ImageRuntimeVersion for this reference is "".
         Primary reference "Serilog.Sinks.Debug, Version=2.0.0.0, Culture=neutral, PublicKeyToken=24c2f752a8e58a10".
             Resolved file path is "/home/baturhan/.nuget/packages/serilog.sinks.debug/2.0.0/lib/netstandard2.1/Serilog.Sinks.Debug.dll".
             Reference found at search path location "{HintPathFromItem}".
             This reference is not "CopyLocal" because at least one source item had "Private" set to "false" and no source items had "Private" set to "true".
             The ImageRuntimeVersion for this reference is "".
         Primary reference "Serilog.Sinks.File, Version=5.0.0.0, Culture=neutral, PublicKeyToken=24c2f752a8e58a10".
             Resolved file path is "/home/baturhan/.nuget/packages/serilog.sinks.file/5.0.0/lib/net5.0/Serilog.Sinks.File.dll".
             Reference found at search path location "{HintPathFromItem}".
             This reference is not "CopyLocal" because at least one source item had "Private" set to "false" and no source items had "Private" set to "true".
             The ImageRuntimeVersion for this reference is "".
         Primary reference "StackExchange.Redis, Version=2.0.0.0, Culture=neutral, PublicKeyToken=c219ff1ca8c2ce46".
             Resolved file path is "/home/baturhan/.nuget/packages/stackexchange.redis/2.7.27/lib/net6.0/StackExchange.Redis.dll".
             Reference found at search path location "{HintPathFromItem}".
             This reference is not "CopyLocal" because at least one source item had "Private" set to "false" and no source items had "Private" set to "true".
             The ImageRuntimeVersion for this reference is "".
         Primary reference "System.IdentityModel.Tokens.Jwt, Version=7.4.0.0, Culture=neutral, PublicKeyToken=31bf3856ad364e35".
             Resolved file path is "/home/baturhan/.nuget/packages/system.identitymodel.tokens.jwt/7.4.0/lib/net8.0/System.IdentityModel.Tokens.Jwt.dll".
             Reference found at search path location "{HintPathFromItem}".
             This reference is not "CopyLocal" because at least one source item had "Private" set to "false" and no source items had "Private" set to "true".
             The ImageRuntimeVersion for this reference is "".
         Primary reference "Microsoft.CSharp, Version=8.0.0.0, Culture=neutral, PublicKeyToken=b03f5f7f11d50a3a".
             Resolved file path is "/usr/lib64/dotnet/packs/Microsoft.NETCore.App.Ref/8.0.22/ref/net8.0/Microsoft.CSharp.dll".
             Reference found at search path location "{RawFileName}".
             This reference is not "CopyLocal" because at least one source item had "Private" set to "false" and no source items had "Private" set to "true".
             The ImageRuntimeVersion for this reference is "".
         Primary reference "Microsoft.VisualBasic.Core, Version=13.0.0.0, Culture=neutral, PublicKeyToken=b03f5f7f11d50a3a".
             Resolved file path is "/usr/lib64/dotnet/packs/Microsoft.NETCore.App.Ref/8.0.22/ref/net8.0/Microsoft.VisualBasic.Core.dll".
             Reference found at search path location "{RawFileName}".
             This reference is not "CopyLocal" because at least one source item had "Private" set to "false" and no source items had "Private" set to "true".
             The ImageRuntimeVersion for this reference is "".
         Primary reference "Microsoft.VisualBasic, Version=10.0.0.0, Culture=neutral, PublicKeyToken=b03f5f7f11d50a3a".
             Resolved file path is "/usr/lib64/dotnet/packs/Microsoft.NETCore.App.Ref/8.0.22/ref/net8.0/Microsoft.VisualBasic.dll".
             Reference found at search path location "{RawFileName}".
             This reference is not "CopyLocal" because at least one source item had "Private" set to "false" and no source items had "Private" set to "true".
             The ImageRuntimeVersion for this reference is "".
         Primary reference "Microsoft.Win32.Primitives, Version=8.0.0.0, Culture=neutral, PublicKeyToken=b03f5f7f11d50a3a".
             Resolved file path is "/usr/lib64/dotnet/packs/Microsoft.NETCore.App.Ref/8.0.22/ref/net8.0/Microsoft.Win32.Primitives.dll".
             Reference found at search path location "{RawFileName}".
             This reference is not "CopyLocal" because at least one source item had "Private" set to "false" and no source items had "Private" set to "true".
             The ImageRuntimeVersion for this reference is "".
         Primary reference "Microsoft.Win32.Registry, Version=8.0.0.0, Culture=neutral, PublicKeyToken=b03f5f7f11d50a3a".
             Resolved file path is "/usr/lib64/dotnet/packs/Microsoft.NETCore.App.Ref/8.0.22/ref/net8.0/Microsoft.Win32.Registry.dll".
             Reference found at search path location "{RawFileName}".
             This reference is not "CopyLocal" because at least one source item had "Private" set to "false" and no source items had "Private" set to "true".
             The ImageRuntimeVersion for this reference is "".
         Primary reference "System.AppContext, Version=8.0.0.0, Culture=neutral, PublicKeyToken=b03f5f7f11d50a3a".
             Resolved file path is "/usr/lib64/dotnet/packs/Microsoft.NETCore.App.Ref/8.0.22/ref/net8.0/System.AppContext.dll".
             Reference found at search path location "{RawFileName}".
             This reference is not "CopyLocal" because at least one source item had "Private" set to "false" and no source items had "Private" set to "true".
             The ImageRuntimeVersion for this reference is "".
         Primary reference "System.Buffers, Version=8.0.0.0, Culture=neutral, PublicKeyToken=cc7b13ffcd2ddd51".
             Resolved file path is "/usr/lib64/dotnet/packs/Microsoft.NETCore.App.Ref/8.0.22/ref/net8.0/System.Buffers.dll".
             Reference found at search path location "{RawFileName}".
             This reference is not "CopyLocal" because at least one source item had "Private" set to "false" and no source items had "Private" set to "true".
             The ImageRuntimeVersion for this reference is "".
         Primary reference "System.Collections.Concurrent, Version=8.0.0.0, Culture=neutral, PublicKeyToken=b03f5f7f11d50a3a".
             Resolved file path is "/usr/lib64/dotnet/packs/Microsoft.NETCore.App.Ref/8.0.22/ref/net8.0/System.Collections.Concurrent.dll".
             Reference found at search path location "{RawFileName}".
             This reference is not "CopyLocal" because at least one source item had "Private" set to "false" and no source items had "Private" set to "true".
             The ImageRuntimeVersion for this reference is "".
         Primary reference "System.Collections.Immutable, Version=8.0.0.0, Culture=neutral, PublicKeyToken=b03f5f7f11d50a3a".
             Resolved file path is "/usr/lib64/dotnet/packs/Microsoft.NETCore.App.Ref/8.0.22/ref/net8.0/System.Collections.Immutable.dll".
             Reference found at search path location "{RawFileName}".
             This reference is not "CopyLocal" because at least one source item had "Private" set to "false" and no source items had "Private" set to "true".
             The ImageRuntimeVersion for this reference is "".
         Primary reference "System.Collections.NonGeneric, Version=8.0.0.0, Culture=neutral, PublicKeyToken=b03f5f7f11d50a3a".
             Resolved file path is "/usr/lib64/dotnet/packs/Microsoft.NETCore.App.Ref/8.0.22/ref/net8.0/System.Collections.NonGeneric.dll".
             Reference found at search path location "{RawFileName}".
             This reference is not "CopyLocal" because at least one source item had "Private" set to "false" and no source items had "Private" set to "true".
             The ImageRuntimeVersion for this reference is "".
         Primary reference "System.Collections.Specialized, Version=8.0.0.0, Culture=neutral, PublicKeyToken=b03f5f7f11d50a3a".
             Resolved file path is "/usr/lib64/dotnet/packs/Microsoft.NETCore.App.Ref/8.0.22/ref/net8.0/System.Collections.Specialized.dll".
             Reference found at search path location "{RawFileName}".
             This reference is not "CopyLocal" because at least one source item had "Private" set to "false" and no source items had "Private" set to "true".
             The ImageRuntimeVersion for this reference is "".
         Primary reference "System.Collections, Version=8.0.0.0, Culture=neutral, PublicKeyToken=b03f5f7f11d50a3a".
             Resolved file path is "/usr/lib64/dotnet/packs/Microsoft.NETCore.App.Ref/8.0.22/ref/net8.0/System.Collections.dll".
             Reference found at search path location "{RawFileName}".
             This reference is not "CopyLocal" because at least one source item had "Private" set to "false" and no source items had "Private" set to "true".
             The ImageRuntimeVersion for this reference is "".
         Primary reference "System.ComponentModel.Annotations, Version=8.0.0.0, Culture=neutral, PublicKeyToken=b03f5f7f11d50a3a".
             Resolved file path is "/usr/lib64/dotnet/packs/Microsoft.NETCore.App.Ref/8.0.22/ref/net8.0/System.ComponentModel.Annotations.dll".
             Reference found at search path location "{RawFileName}".
             This reference is not "CopyLocal" because at least one source item had "Private" set to "false" and no source items had "Private" set to "true".
             The ImageRuntimeVersion for this reference is "".
         Primary reference "System.ComponentModel.DataAnnotations, Version=4.0.0.0, Culture=neutral, PublicKeyToken=31bf3856ad364e35".
             Resolved file path is "/usr/lib64/dotnet/packs/Microsoft.NETCore.App.Ref/8.0.22/ref/net8.0/System.ComponentModel.DataAnnotations.dll".
             Reference found at search path location "{RawFileName}".
             This reference is not "CopyLocal" because at least one source item had "Private" set to "false" and no source items had "Private" set to "true".
             The ImageRuntimeVersion for this reference is "".
         Primary reference "System.ComponentModel.EventBasedAsync, Version=8.0.0.0, Culture=neutral, PublicKeyToken=b03f5f7f11d50a3a".
             Resolved file path is "/usr/lib64/dotnet/packs/Microsoft.NETCore.App.Ref/8.0.22/ref/net8.0/System.ComponentModel.EventBasedAsync.dll".
             Reference found at search path location "{RawFileName}".
             This reference is not "CopyLocal" because at least one source item had "Private" set to "false" and no source items had "Private" set to "true".
             The ImageRuntimeVersion for this reference is "".
         Primary reference "System.ComponentModel.Primitives, Version=8.0.0.0, Culture=neutral, PublicKeyToken=b03f5f7f11d50a3a".
             Resolved file path is "/usr/lib64/dotnet/packs/Microsoft.NETCore.App.Ref/8.0.22/ref/net8.0/System.ComponentModel.Primitives.dll".
             Reference found at search path location "{RawFileName}".
             This reference is not "CopyLocal" because at least one source item had "Private" set to "false" and no source items had "Private" set to "true".
             The ImageRuntimeVersion for this reference is "".
         Primary reference "System.ComponentModel.TypeConverter, Version=8.0.0.0, Culture=neutral, PublicKeyToken=b03f5f7f11d50a3a".
             Resolved file path is "/usr/lib64/dotnet/packs/Microsoft.NETCore.App.Ref/8.0.22/ref/net8.0/System.ComponentModel.TypeConverter.dll".
             Reference found at search path location "{RawFileName}".
             This reference is not "CopyLocal" because at least one source item had "Private" set to "false" and no source items had "Private" set to "true".
             The ImageRuntimeVersion for this reference is "".
         Primary reference "System.ComponentModel, Version=8.0.0.0, Culture=neutral, PublicKeyToken=b03f5f7f11d50a3a".
             Resolved file path is "/usr/lib64/dotnet/packs/Microsoft.NETCore.App.Ref/8.0.22/ref/net8.0/System.ComponentModel.dll".
             Reference found at search path location "{RawFileName}".
             This reference is not "CopyLocal" because at least one source item had "Private" set to "false" and no source items had "Private" set to "true".
             The ImageRuntimeVersion for this reference is "".
         Primary reference "System.Configuration, Version=4.0.0.0, Culture=neutral, PublicKeyToken=b03f5f7f11d50a3a".
             Resolved file path is "/usr/lib64/dotnet/packs/Microsoft.NETCore.App.Ref/8.0.22/ref/net8.0/System.Configuration.dll".
             Reference found at search path location "{RawFileName}".
             This reference is not "CopyLocal" because at least one source item had "Private" set to "false" and no source items had "Private" set to "true".
             The ImageRuntimeVersion for this reference is "".
         Primary reference "System.Console, Version=8.0.0.0, Culture=neutral, PublicKeyToken=b03f5f7f11d50a3a".
             Resolved file path is "/usr/lib64/dotnet/packs/Microsoft.NETCore.App.Ref/8.0.22/ref/net8.0/System.Console.dll".
             Reference found at search path location "{RawFileName}".
             This reference is not "CopyLocal" because at least one source item had "Private" set to "false" and no source items had "Private" set to "true".
             The ImageRuntimeVersion for this reference is "".
         Primary reference "System.Core, Version=4.0.0.0, Culture=neutral, PublicKeyToken=b77a5c561934e089".
             Resolved file path is "/usr/lib64/dotnet/packs/Microsoft.NETCore.App.Ref/8.0.22/ref/net8.0/System.Core.dll".
             Reference found at search path location "{RawFileName}".
             This reference is not "CopyLocal" because at least one source item had "Private" set to "false" and no source items had "Private" set to "true".
             The ImageRuntimeVersion for this reference is "".
         Primary reference "System.Data.Common, Version=8.0.0.0, Culture=neutral, PublicKeyToken=b03f5f7f11d50a3a".
             Resolved file path is "/usr/lib64/dotnet/packs/Microsoft.NETCore.App.Ref/8.0.22/ref/net8.0/System.Data.Common.dll".
             Reference found at search path location "{RawFileName}".
             This reference is not "CopyLocal" because at least one source item had "Private" set to "false" and no source items had "Private" set to "true".
             The ImageRuntimeVersion for this reference is "".
         Primary reference "System.Data.DataSetExtensions, Version=8.0.0.0, Culture=neutral, PublicKeyToken=b77a5c561934e089".
             Resolved file path is "/usr/lib64/dotnet/packs/Microsoft.NETCore.App.Ref/8.0.22/ref/net8.0/System.Data.DataSetExtensions.dll".
             Reference found at search path location "{RawFileName}".
             This reference is not "CopyLocal" because at least one source item had "Private" set to "false" and no source items had "Private" set to "true".
             The ImageRuntimeVersion for this reference is "".
         Primary reference "System.Data, Version=4.0.0.0, Culture=neutral, PublicKeyToken=b77a5c561934e089".
             Resolved file path is "/usr/lib64/dotnet/packs/Microsoft.NETCore.App.Ref/8.0.22/ref/net8.0/System.Data.dll".
             Reference found at search path location "{RawFileName}".
             This reference is not "CopyLocal" because at least one source item had "Private" set to "false" and no source items had "Private" set to "true".
             The ImageRuntimeVersion for this reference is "".
         Primary reference "System.Diagnostics.Contracts, Version=8.0.0.0, Culture=neutral, PublicKeyToken=b03f5f7f11d50a3a".
             Resolved file path is "/usr/lib64/dotnet/packs/Microsoft.NETCore.App.Ref/8.0.22/ref/net8.0/System.Diagnostics.Contracts.dll".
             Reference found at search path location "{RawFileName}".
             This reference is not "CopyLocal" because at least one source item had "Private" set to "false" and no source items had "Private" set to "true".
             The ImageRuntimeVersion for this reference is "".
         Primary reference "System.Diagnostics.Debug, Version=8.0.0.0, Culture=neutral, PublicKeyToken=b03f5f7f11d50a3a".
             Resolved file path is "/usr/lib64/dotnet/packs/Microsoft.NETCore.App.Ref/8.0.22/ref/net8.0/System.Diagnostics.Debug.dll".
             Reference found at search path location "{RawFileName}".
             This reference is not "CopyLocal" because at least one source item had "Private" set to "false" and no source items had "Private" set to "true".
             The ImageRuntimeVersion for this reference is "".
         Primary reference "System.Diagnostics.DiagnosticSource, Version=8.0.0.0, Culture=neutral, PublicKeyToken=cc7b13ffcd2ddd51".
             Resolved file path is "/usr/lib64/dotnet/packs/Microsoft.NETCore.App.Ref/8.0.22/ref/net8.0/System.Diagnostics.DiagnosticSource.dll".
             Reference found at search path location "{RawFileName}".
             This reference is not "CopyLocal" because at least one source item had "Private" set to "false" and no source items had "Private" set to "true".
             The ImageRuntimeVersion for this reference is "".
         Primary reference "System.Diagnostics.FileVersionInfo, Version=8.0.0.0, Culture=neutral, PublicKeyToken=b03f5f7f11d50a3a".
             Resolved file path is "/usr/lib64/dotnet/packs/Microsoft.NETCore.App.Ref/8.0.22/ref/net8.0/System.Diagnostics.FileVersionInfo.dll".
             Reference found at search path location "{RawFileName}".
             This reference is not "CopyLocal" because at least one source item had "Private" set to "false" and no source items had "Private" set to "true".
             The ImageRuntimeVersion for this reference is "".
         Primary reference "System.Diagnostics.Process, Version=8.0.0.0, Culture=neutral, PublicKeyToken=b03f5f7f11d50a3a".
             Resolved file path is "/usr/lib64/dotnet/packs/Microsoft.NETCore.App.Ref/8.0.22/ref/net8.0/System.Diagnostics.Process.dll".
             Reference found at search path location "{RawFileName}".
             This reference is not "CopyLocal" because at least one source item had "Private" set to "false" and no source items had "Private" set to "true".
             The ImageRuntimeVersion for this reference is "".
         Primary reference "System.Diagnostics.StackTrace, Version=8.0.0.0, Culture=neutral, PublicKeyToken=b03f5f7f11d50a3a".
             Resolved file path is "/usr/lib64/dotnet/packs/Microsoft.NETCore.App.Ref/8.0.22/ref/net8.0/System.Diagnostics.StackTrace.dll".
             Reference found at search path location "{RawFileName}".
             This reference is not "CopyLocal" because at least one source item had "Private" set to "false" and no source items had "Private" set to "true".
             The ImageRuntimeVersion for this reference is "".
         Primary reference "System.Diagnostics.TextWriterTraceListener, Version=8.0.0.0, Culture=neutral, PublicKeyToken=b03f5f7f11d50a3a".
             Resolved file path is "/usr/lib64/dotnet/packs/Microsoft.NETCore.App.Ref/8.0.22/ref/net8.0/System.Diagnostics.TextWriterTraceListener.dll".
             Reference found at search path location "{RawFileName}".
             This reference is not "CopyLocal" because at least one source item had "Private" set to "false" and no source items had "Private" set to "true".
             The ImageRuntimeVersion for this reference is "".
         Primary reference "System.Diagnostics.Tools, Version=8.0.0.0, Culture=neutral, PublicKeyToken=b03f5f7f11d50a3a".
             Resolved file path is "/usr/lib64/dotnet/packs/Microsoft.NETCore.App.Ref/8.0.22/ref/net8.0/System.Diagnostics.Tools.dll".
             Reference found at search path location "{RawFileName}".
             This reference is not "CopyLocal" because at least one source item had "Private" set to "false" and no source items had "Private" set to "true".
             The ImageRuntimeVersion for this reference is "".
         Primary reference "System.Diagnostics.TraceSource, Version=8.0.0.0, Culture=neutral, PublicKeyToken=b03f5f7f11d50a3a".
             Resolved file path is "/usr/lib64/dotnet/packs/Microsoft.NETCore.App.Ref/8.0.22/ref/net8.0/System.Diagnostics.TraceSource.dll".
             Reference found at search path location "{RawFileName}".
             This reference is not "CopyLocal" because at least one source item had "Private" set to "false" and no source items had "Private" set to "true".
             The ImageRuntimeVersion for this reference is "".
         Primary reference "System.Diagnostics.Tracing, Version=8.0.0.0, Culture=neutral, PublicKeyToken=b03f5f7f11d50a3a".
             Resolved file path is "/usr/lib64/dotnet/packs/Microsoft.NETCore.App.Ref/8.0.22/ref/net8.0/System.Diagnostics.Tracing.dll".
             Reference found at search path location "{RawFileName}".
             This reference is not "CopyLocal" because at least one source item had "Private" set to "false" and no source items had "Private" set to "true".
             The ImageRuntimeVersion for this reference is "".
         Primary reference "System.Drawing.Primitives, Version=8.0.0.0, Culture=neutral, PublicKeyToken=b03f5f7f11d50a3a".
             Resolved file path is "/usr/lib64/dotnet/packs/Microsoft.NETCore.App.Ref/8.0.22/ref/net8.0/System.Drawing.Primitives.dll".
             Reference found at search path location "{RawFileName}".
             This reference is not "CopyLocal" because at least one source item had "Private" set to "false" and no source items had "Private" set to "true".
             The ImageRuntimeVersion for this reference is "".
         Primary reference "System.Drawing, Version=4.0.0.0, Culture=neutral, PublicKeyToken=b03f5f7f11d50a3a".
             Resolved file path is "/usr/lib64/dotnet/packs/Microsoft.NETCore.App.Ref/8.0.22/ref/net8.0/System.Drawing.dll".
             Reference found at search path location "{RawFileName}".
             This reference is not "CopyLocal" because at least one source item had "Private" set to "false" and no source items had "Private" set to "true".
             The ImageRuntimeVersion for this reference is "".
         Primary reference "System.Dynamic.Runtime, Version=8.0.0.0, Culture=neutral, PublicKeyToken=b03f5f7f11d50a3a".
             Resolved file path is "/usr/lib64/dotnet/packs/Microsoft.NETCore.App.Ref/8.0.22/ref/net8.0/System.Dynamic.Runtime.dll".
             Reference found at search path location "{RawFileName}".
             This reference is not "CopyLocal" because at least one source item had "Private" set to "false" and no source items had "Private" set to "true".
             The ImageRuntimeVersion for this reference is "".
         Primary reference "System.Formats.Asn1, Version=8.0.0.0, Culture=neutral, PublicKeyToken=cc7b13ffcd2ddd51".
             Resolved file path is "/usr/lib64/dotnet/packs/Microsoft.NETCore.App.Ref/8.0.22/ref/net8.0/System.Formats.Asn1.dll".
             Reference found at search path location "{RawFileName}".
             This reference is not "CopyLocal" because at least one source item had "Private" set to "false" and no source items had "Private" set to "true".
             The ImageRuntimeVersion for this reference is "".
         Primary reference "System.Formats.Tar, Version=8.0.0.0, Culture=neutral, PublicKeyToken=cc7b13ffcd2ddd51".
             Resolved file path is "/usr/lib64/dotnet/packs/Microsoft.NETCore.App.Ref/8.0.22/ref/net8.0/System.Formats.Tar.dll".
             Reference found at search path location "{RawFileName}".
             This reference is not "CopyLocal" because at least one source item had "Private" set to "false" and no source items had "Private" set to "true".
             The ImageRuntimeVersion for this reference is "".
         Primary reference "System.Globalization.Calendars, Version=8.0.0.0, Culture=neutral, PublicKeyToken=b03f5f7f11d50a3a".
             Resolved file path is "/usr/lib64/dotnet/packs/Microsoft.NETCore.App.Ref/8.0.22/ref/net8.0/System.Globalization.Calendars.dll".
             Reference found at search path location "{RawFileName}".
             This reference is not "CopyLocal" because at least one source item had "Private" set to "false" and no source items had "Private" set to "true".
             The ImageRuntimeVersion for this reference is "".
         Primary reference "System.Globalization.Extensions, Version=8.0.0.0, Culture=neutral, PublicKeyToken=b03f5f7f11d50a3a".
             Resolved file path is "/usr/lib64/dotnet/packs/Microsoft.NETCore.App.Ref/8.0.22/ref/net8.0/System.Globalization.Extensions.dll".
             Reference found at search path location "{RawFileName}".
             This reference is not "CopyLocal" because at least one source item had "Private" set to "false" and no source items had "Private" set to "true".
             The ImageRuntimeVersion for this reference is "".
         Primary reference "System.Globalization, Version=8.0.0.0, Culture=neutral, PublicKeyToken=b03f5f7f11d50a3a".
             Resolved file path is "/usr/lib64/dotnet/packs/Microsoft.NETCore.App.Ref/8.0.22/ref/net8.0/System.Globalization.dll".
             Reference found at search path location "{RawFileName}".
             This reference is not "CopyLocal" because at least one source item had "Private" set to "false" and no source items had "Private" set to "true".
             The ImageRuntimeVersion for this reference is "".
         Primary reference "System.IO.Compression.Brotli, Version=8.0.0.0, Culture=neutral, PublicKeyToken=b77a5c561934e089".
             Resolved file path is "/usr/lib64/dotnet/packs/Microsoft.NETCore.App.Ref/8.0.22/ref/net8.0/System.IO.Compression.Brotli.dll".
             Reference found at search path location "{RawFileName}".
             This reference is not "CopyLocal" because at least one source item had "Private" set to "false" and no source items had "Private" set to "true".
             The ImageRuntimeVersion for this reference is "".
         Primary reference "System.IO.Compression.FileSystem, Version=4.0.0.0, Culture=neutral, PublicKeyToken=b77a5c561934e089".
             Resolved file path is "/usr/lib64/dotnet/packs/Microsoft.NETCore.App.Ref/8.0.22/ref/net8.0/System.IO.Compression.FileSystem.dll".
             Reference found at search path location "{RawFileName}".
             This reference is not "CopyLocal" because at least one source item had "Private" set to "false" and no source items had "Private" set to "true".
             The ImageRuntimeVersion for this reference is "".
         Primary reference "System.IO.Compression.ZipFile, Version=8.0.0.0, Culture=neutral, PublicKeyToken=b77a5c561934e089".
             Resolved file path is "/usr/lib64/dotnet/packs/Microsoft.NETCore.App.Ref/8.0.22/ref/net8.0/System.IO.Compression.ZipFile.dll".
             Reference found at search path location "{RawFileName}".
             This reference is not "CopyLocal" because at least one source item had "Private" set to "false" and no source items had "Private" set to "true".
             The ImageRuntimeVersion for this reference is "".
         Primary reference "System.IO.Compression, Version=8.0.0.0, Culture=neutral, PublicKeyToken=b77a5c561934e089".
             Resolved file path is "/usr/lib64/dotnet/packs/Microsoft.NETCore.App.Ref/8.0.22/ref/net8.0/System.IO.Compression.dll".
             Reference found at search path location "{RawFileName}".
             This reference is not "CopyLocal" because at least one source item had "Private" set to "false" and no source items had "Private" set to "true".
             The ImageRuntimeVersion for this reference is "".
         Primary reference "System.IO.FileSystem.AccessControl, Version=8.0.0.0, Culture=neutral, PublicKeyToken=b03f5f7f11d50a3a".
             Resolved file path is "/usr/lib64/dotnet/packs/Microsoft.NETCore.App.Ref/8.0.22/ref/net8.0/System.IO.FileSystem.AccessControl.dll".
             Reference found at search path location "{RawFileName}".
             This reference is not "CopyLocal" because at least one source item had "Private" set to "false" and no source items had "Private" set to "true".
             The ImageRuntimeVersion for this reference is "".
         Primary reference "System.IO.FileSystem.DriveInfo, Version=8.0.0.0, Culture=neutral, PublicKeyToken=b03f5f7f11d50a3a".
             Resolved file path is "/usr/lib64/dotnet/packs/Microsoft.NETCore.App.Ref/8.0.22/ref/net8.0/System.IO.FileSystem.DriveInfo.dll".
             Reference found at search path location "{RawFileName}".
             This reference is not "CopyLocal" because at least one source item had "Private" set to "false" and no source items had "Private" set to "true".
             The ImageRuntimeVersion for this reference is "".
         Primary reference "System.IO.FileSystem.Primitives, Version=8.0.0.0, Culture=neutral, PublicKeyToken=b03f5f7f11d50a3a".
             Resolved file path is "/usr/lib64/dotnet/packs/Microsoft.NETCore.App.Ref/8.0.22/ref/net8.0/System.IO.FileSystem.Primitives.dll".
             Reference found at search path location "{RawFileName}".
             This reference is not "CopyLocal" because at least one source item had "Private" set to "false" and no source items had "Private" set to "true".
             The ImageRuntimeVersion for this reference is "".
         Primary reference "System.IO.FileSystem.Watcher, Version=8.0.0.0, Culture=neutral, PublicKeyToken=b03f5f7f11d50a3a".
             Resolved file path is "/usr/lib64/dotnet/packs/Microsoft.NETCore.App.Ref/8.0.22/ref/net8.0/System.IO.FileSystem.Watcher.dll".
             Reference found at search path location "{RawFileName}".
             This reference is not "CopyLocal" because at least one source item had "Private" set to "false" and no source items had "Private" set to "true".
             The ImageRuntimeVersion for this reference is "".
         Primary reference "System.IO.FileSystem, Version=8.0.0.0, Culture=neutral, PublicKeyToken=b03f5f7f11d50a3a".
             Resolved file path is "/usr/lib64/dotnet/packs/Microsoft.NETCore.App.Ref/8.0.22/ref/net8.0/System.IO.FileSystem.dll".
             Reference found at search path location "{RawFileName}".
             This reference is not "CopyLocal" because at least one source item had "Private" set to "false" and no source items had "Private" set to "true".
             The ImageRuntimeVersion for this reference is "".
         Primary reference "System.IO.IsolatedStorage, Version=8.0.0.0, Culture=neutral, PublicKeyToken=b03f5f7f11d50a3a".
             Resolved file path is "/usr/lib64/dotnet/packs/Microsoft.NETCore.App.Ref/8.0.22/ref/net8.0/System.IO.IsolatedStorage.dll".
             Reference found at search path location "{RawFileName}".
             This reference is not "CopyLocal" because at least one source item had "Private" set to "false" and no source items had "Private" set to "true".
             The ImageRuntimeVersion for this reference is "".
         Primary reference "System.IO.MemoryMappedFiles, Version=8.0.0.0, Culture=neutral, PublicKeyToken=b03f5f7f11d50a3a".
             Resolved file path is "/usr/lib64/dotnet/packs/Microsoft.NETCore.App.Ref/8.0.22/ref/net8.0/System.IO.MemoryMappedFiles.dll".
             Reference found at search path location "{RawFileName}".
             This reference is not "CopyLocal" because at least one source item had "Private" set to "false" and no source items had "Private" set to "true".
             The ImageRuntimeVersion for this reference is "".
         Primary reference "System.IO.Pipes.AccessControl, Version=8.0.0.0, Culture=neutral, PublicKeyToken=b03f5f7f11d50a3a".
             Resolved file path is "/usr/lib64/dotnet/packs/Microsoft.NETCore.App.Ref/8.0.22/ref/net8.0/System.IO.Pipes.AccessControl.dll".
             Reference found at search path location "{RawFileName}".
             This reference is not "CopyLocal" because at least one source item had "Private" set to "false" and no source items had "Private" set to "true".
             The ImageRuntimeVersion for this reference is "".
         Primary reference "System.IO.Pipes, Version=8.0.0.0, Culture=neutral, PublicKeyToken=b03f5f7f11d50a3a".
             Resolved file path is "/usr/lib64/dotnet/packs/Microsoft.NETCore.App.Ref/8.0.22/ref/net8.0/System.IO.Pipes.dll".
             Reference found at search path location "{RawFileName}".
             This reference is not "CopyLocal" because at least one source item had "Private" set to "false" and no source items had "Private" set to "true".
             The ImageRuntimeVersion for this reference is "".
         Primary reference "System.IO.UnmanagedMemoryStream, Version=8.0.0.0, Culture=neutral, PublicKeyToken=b03f5f7f11d50a3a".
             Resolved file path is "/usr/lib64/dotnet/packs/Microsoft.NETCore.App.Ref/8.0.22/ref/net8.0/System.IO.UnmanagedMemoryStream.dll".
             Reference found at search path location "{RawFileName}".
             This reference is not "CopyLocal" because at least one source item had "Private" set to "false" and no source items had "Private" set to "true".
             The ImageRuntimeVersion for this reference is "".
         Primary reference "System.IO, Version=8.0.0.0, Culture=neutral, PublicKeyToken=b03f5f7f11d50a3a".
             Resolved file path is "/usr/lib64/dotnet/packs/Microsoft.NETCore.App.Ref/8.0.22/ref/net8.0/System.IO.dll".
             Reference found at search path location "{RawFileName}".
             This reference is not "CopyLocal" because at least one source item had "Private" set to "false" and no source items had "Private" set to "true".
             The ImageRuntimeVersion for this reference is "".
         Primary reference "System.Linq.Expressions, Version=8.0.0.0, Culture=neutral, PublicKeyToken=b03f5f7f11d50a3a".
             Resolved file path is "/usr/lib64/dotnet/packs/Microsoft.NETCore.App.Ref/8.0.22/ref/net8.0/System.Linq.Expressions.dll".
             Reference found at search path location "{RawFileName}".
             This reference is not "CopyLocal" because at least one source item had "Private" set to "false" and no source items had "Private" set to "true".
             The ImageRuntimeVersion for this reference is "".
         Primary reference "System.Linq.Parallel, Version=8.0.0.0, Culture=neutral, PublicKeyToken=b03f5f7f11d50a3a".
             Resolved file path is "/usr/lib64/dotnet/packs/Microsoft.NETCore.App.Ref/8.0.22/ref/net8.0/System.Linq.Parallel.dll".
             Reference found at search path location "{RawFileName}".
             This reference is not "CopyLocal" because at least one source item had "Private" set to "false" and no source items had "Private" set to "true".
             The ImageRuntimeVersion for this reference is "".
         Primary reference "System.Linq.Queryable, Version=8.0.0.0, Culture=neutral, PublicKeyToken=b03f5f7f11d50a3a".
             Resolved file path is "/usr/lib64/dotnet/packs/Microsoft.NETCore.App.Ref/8.0.22/ref/net8.0/System.Linq.Queryable.dll".
             Reference found at search path location "{RawFileName}".
             This reference is not "CopyLocal" because at least one source item had "Private" set to "false" and no source items had "Private" set to "true".
             The ImageRuntimeVersion for this reference is "".
         Primary reference "System.Linq, Version=8.0.0.0, Culture=neutral, PublicKeyToken=b03f5f7f11d50a3a".
             Resolved file path is "/usr/lib64/dotnet/packs/Microsoft.NETCore.App.Ref/8.0.22/ref/net8.0/System.Linq.dll".
             Reference found at search path location "{RawFileName}".
             This reference is not "CopyLocal" because at least one source item had "Private" set to "false" and no source items had "Private" set to "true".
             The ImageRuntimeVersion for this reference is "".
         Primary reference "System.Memory, Version=8.0.0.0, Culture=neutral, PublicKeyToken=cc7b13ffcd2ddd51".
             Resolved file path is "/usr/lib64/dotnet/packs/Microsoft.NETCore.App.Ref/8.0.22/ref/net8.0/System.Memory.dll".
             Reference found at search path location "{RawFileName}".
             This reference is not "CopyLocal" because at least one source item had "Private" set to "false" and no source items had "Private" set to "true".
             The ImageRuntimeVersion for this reference is "".
         Primary reference "System.Net.Http.Json, Version=8.0.0.0, Culture=neutral, PublicKeyToken=cc7b13ffcd2ddd51".
             Resolved file path is "/usr/lib64/dotnet/packs/Microsoft.NETCore.App.Ref/8.0.22/ref/net8.0/System.Net.Http.Json.dll".
             Reference found at search path location "{RawFileName}".
             This reference is not "CopyLocal" because at least one source item had "Private" set to "false" and no source items had "Private" set to "true".
             The ImageRuntimeVersion for this reference is "".
         Primary reference "System.Net.Http, Version=8.0.0.0, Culture=neutral, PublicKeyToken=b03f5f7f11d50a3a".
             Resolved file path is "/usr/lib64/dotnet/packs/Microsoft.NETCore.App.Ref/8.0.22/ref/net8.0/System.Net.Http.dll".
             Reference found at search path location "{RawFileName}".
             This reference is not "CopyLocal" because at least one source item had "Private" set to "false" and no source items had "Private" set to "true".
             The ImageRuntimeVersion for this reference is "".
         Primary reference "System.Net.HttpListener, Version=8.0.0.0, Culture=neutral, PublicKeyToken=cc7b13ffcd2ddd51".
             Resolved file path is "/usr/lib64/dotnet/packs/Microsoft.NETCore.App.Ref/8.0.22/ref/net8.0/System.Net.HttpListener.dll".
             Reference found at search path location "{RawFileName}".
             This reference is not "CopyLocal" because at least one source item had "Private" set to "false" and no source items had "Private" set to "true".
             The ImageRuntimeVersion for this reference is "".
         Primary reference "System.Net.Mail, Version=8.0.0.0, Culture=neutral, PublicKeyToken=cc7b13ffcd2ddd51".
             Resolved file path is "/usr/lib64/dotnet/packs/Microsoft.NETCore.App.Ref/8.0.22/ref/net8.0/System.Net.Mail.dll".
             Reference found at search path location "{RawFileName}".
             This reference is not "CopyLocal" because at least one source item had "Private" set to "false" and no source items had "Private" set to "true".
             The ImageRuntimeVersion for this reference is "".
         Primary reference "System.Net.NameResolution, Version=8.0.0.0, Culture=neutral, PublicKeyToken=b03f5f7f11d50a3a".
             Resolved file path is "/usr/lib64/dotnet/packs/Microsoft.NETCore.App.Ref/8.0.22/ref/net8.0/System.Net.NameResolution.dll".
             Reference found at search path location "{RawFileName}".
             This reference is not "CopyLocal" because at least one source item had "Private" set to "false" and no source items had "Private" set to "true".
             The ImageRuntimeVersion for this reference is "".
         Primary reference "System.Net.NetworkInformation, Version=8.0.0.0, Culture=neutral, PublicKeyToken=b03f5f7f11d50a3a".
             Resolved file path is "/usr/lib64/dotnet/packs/Microsoft.NETCore.App.Ref/8.0.22/ref/net8.0/System.Net.NetworkInformation.dll".
             Reference found at search path location "{RawFileName}".
             This reference is not "CopyLocal" because at least one source item had "Private" set to "false" and no source items had "Private" set to "true".
             The ImageRuntimeVersion for this reference is "".
         Primary reference "System.Net.Ping, Version=8.0.0.0, Culture=neutral, PublicKeyToken=b03f5f7f11d50a3a".
             Resolved file path is "/usr/lib64/dotnet/packs/Microsoft.NETCore.App.Ref/8.0.22/ref/net8.0/System.Net.Ping.dll".
             Reference found at search path location "{RawFileName}".
             This reference is not "CopyLocal" because at least one source item had "Private" set to "false" and no source items had "Private" set to "true".
             The ImageRuntimeVersion for this reference is "".
         Primary reference "System.Net.Primitives, Version=8.0.0.0, Culture=neutral, PublicKeyToken=b03f5f7f11d50a3a".
             Resolved file path is "/usr/lib64/dotnet/packs/Microsoft.NETCore.App.Ref/8.0.22/ref/net8.0/System.Net.Primitives.dll".
             Reference found at search path location "{RawFileName}".
             This reference is not "CopyLocal" because at least one source item had "Private" set to "false" and no source items had "Private" set to "true".
             The ImageRuntimeVersion for this reference is "".
         Primary reference "System.Net.Quic, Version=8.0.0.0, Culture=neutral, PublicKeyToken=b03f5f7f11d50a3a".
             Resolved file path is "/usr/lib64/dotnet/packs/Microsoft.NETCore.App.Ref/8.0.22/ref/net8.0/System.Net.Quic.dll".
             Reference found at search path location "{RawFileName}".
             This reference is not "CopyLocal" because at least one source item had "Private" set to "false" and no source items had "Private" set to "true".
             The ImageRuntimeVersion for this reference is "".
         Primary reference "System.Net.Requests, Version=8.0.0.0, Culture=neutral, PublicKeyToken=b03f5f7f11d50a3a".
             Resolved file path is "/usr/lib64/dotnet/packs/Microsoft.NETCore.App.Ref/8.0.22/ref/net8.0/System.Net.Requests.dll".
             Reference found at search path location "{RawFileName}".
             This reference is not "CopyLocal" because at least one source item had "Private" set to "false" and no source items had "Private" set to "true".
             The ImageRuntimeVersion for this reference is "".
         Primary reference "System.Net.Security, Version=8.0.0.0, Culture=neutral, PublicKeyToken=b03f5f7f11d50a3a".
             Resolved file path is "/usr/lib64/dotnet/packs/Microsoft.NETCore.App.Ref/8.0.22/ref/net8.0/System.Net.Security.dll".
             Reference found at search path location "{RawFileName}".
             This reference is not "CopyLocal" because at least one source item had "Private" set to "false" and no source items had "Private" set to "true".
             The ImageRuntimeVersion for this reference is "".
         Primary reference "System.Net.ServicePoint, Version=8.0.0.0, Culture=neutral, PublicKeyToken=cc7b13ffcd2ddd51".
             Resolved file path is "/usr/lib64/dotnet/packs/Microsoft.NETCore.App.Ref/8.0.22/ref/net8.0/System.Net.ServicePoint.dll".
             Reference found at search path location "{RawFileName}".
             This reference is not "CopyLocal" because at least one source item had "Private" set to "false" and no source items had "Private" set to "true".
             The ImageRuntimeVersion for this reference is "".
         Primary reference "System.Net.Sockets, Version=8.0.0.0, Culture=neutral, PublicKeyToken=b03f5f7f11d50a3a".
             Resolved file path is "/usr/lib64/dotnet/packs/Microsoft.NETCore.App.Ref/8.0.22/ref/net8.0/System.Net.Sockets.dll".
             Reference found at search path location "{RawFileName}".
             This reference is not "CopyLocal" because at least one source item had "Private" set to "false" and no source items had "Private" set to "true".
             The ImageRuntimeVersion for this reference is "".
         Primary reference "System.Net.WebClient, Version=8.0.0.0, Culture=neutral, PublicKeyToken=cc7b13ffcd2ddd51".
             Resolved file path is "/usr/lib64/dotnet/packs/Microsoft.NETCore.App.Ref/8.0.22/ref/net8.0/System.Net.WebClient.dll".
             Reference found at search path location "{RawFileName}".
             This reference is not "CopyLocal" because at least one source item had "Private" set to "false" and no source items had "Private" set to "true".
             The ImageRuntimeVersion for this reference is "".
         Primary reference "System.Net.WebHeaderCollection, Version=8.0.0.0, Culture=neutral, PublicKeyToken=b03f5f7f11d50a3a".
             Resolved file path is "/usr/lib64/dotnet/packs/Microsoft.NETCore.App.Ref/8.0.22/ref/net8.0/System.Net.WebHeaderCollection.dll".
             Reference found at search path location "{RawFileName}".
             This reference is not "CopyLocal" because at least one source item had "Private" set to "false" and no source items had "Private" set to "true".
             The ImageRuntimeVersion for this reference is "".
         Primary reference "System.Net.WebProxy, Version=8.0.0.0, Culture=neutral, PublicKeyToken=cc7b13ffcd2ddd51".
             Resolved file path is "/usr/lib64/dotnet/packs/Microsoft.NETCore.App.Ref/8.0.22/ref/net8.0/System.Net.WebProxy.dll".
             Reference found at search path location "{RawFileName}".
             This reference is not "CopyLocal" because at least one source item had "Private" set to "false" and no source items had "Private" set to "true".
             The ImageRuntimeVersion for this reference is "".
         Primary reference "System.Net.WebSockets.Client, Version=8.0.0.0, Culture=neutral, PublicKeyToken=b03f5f7f11d50a3a".
             Resolved file path is "/usr/lib64/dotnet/packs/Microsoft.NETCore.App.Ref/8.0.22/ref/net8.0/System.Net.WebSockets.Client.dll".
             Reference found at search path location "{RawFileName}".
             This reference is not "CopyLocal" because at least one source item had "Private" set to "false" and no source items had "Private" set to "true".
             The ImageRuntimeVersion for this reference is "".
         Primary reference "System.Net.WebSockets, Version=8.0.0.0, Culture=neutral, PublicKeyToken=b03f5f7f11d50a3a".
             Resolved file path is "/usr/lib64/dotnet/packs/Microsoft.NETCore.App.Ref/8.0.22/ref/net8.0/System.Net.WebSockets.dll".
             Reference found at search path location "{RawFileName}".
             This reference is not "CopyLocal" because at least one source item had "Private" set to "false" and no source items had "Private" set to "true".
             The ImageRuntimeVersion for this reference is "".
         Primary reference "System.Net, Version=4.0.0.0, Culture=neutral, PublicKeyToken=b03f5f7f11d50a3a".
             Resolved file path is "/usr/lib64/dotnet/packs/Microsoft.NETCore.App.Ref/8.0.22/ref/net8.0/System.Net.dll".
             Reference found at search path location "{RawFileName}".
             This reference is not "CopyLocal" because at least one source item had "Private" set to "false" and no source items had "Private" set to "true".
             The ImageRuntimeVersion for this reference is "".
         Primary reference "System.Numerics.Vectors, Version=8.0.0.0, Culture=neutral, PublicKeyToken=b03f5f7f11d50a3a".
             Resolved file path is "/usr/lib64/dotnet/packs/Microsoft.NETCore.App.Ref/8.0.22/ref/net8.0/System.Numerics.Vectors.dll".
             Reference found at search path location "{RawFileName}".
             This reference is not "CopyLocal" because at least one source item had "Private" set to "false" and no source items had "Private" set to "true".
             The ImageRuntimeVersion for this reference is "".
         Primary reference "System.Numerics, Version=4.0.0.0, Culture=neutral, PublicKeyToken=b77a5c561934e089".
             Resolved file path is "/usr/lib64/dotnet/packs/Microsoft.NETCore.App.Ref/8.0.22/ref/net8.0/System.Numerics.dll".
             Reference found at search path location "{RawFileName}".
             This reference is not "CopyLocal" because at least one source item had "Private" set to "false" and no source items had "Private" set to "true".
             The ImageRuntimeVersion for this reference is "".
         Primary reference "System.ObjectModel, Version=8.0.0.0, Culture=neutral, PublicKeyToken=b03f5f7f11d50a3a".
             Resolved file path is "/usr/lib64/dotnet/packs/Microsoft.NETCore.App.Ref/8.0.22/ref/net8.0/System.ObjectModel.dll".
             Reference found at search path location "{RawFileName}".
             This reference is not "CopyLocal" because at least one source item had "Private" set to "false" and no source items had "Private" set to "true".
             The ImageRuntimeVersion for this reference is "".
         Primary reference "System.Reflection.DispatchProxy, Version=8.0.0.0, Culture=neutral, PublicKeyToken=b03f5f7f11d50a3a".
             Resolved file path is "/usr/lib64/dotnet/packs/Microsoft.NETCore.App.Ref/8.0.22/ref/net8.0/System.Reflection.DispatchProxy.dll".
             Reference found at search path location "{RawFileName}".
             This reference is not "CopyLocal" because at least one source item had "Private" set to "false" and no source items had "Private" set to "true".
             The ImageRuntimeVersion for this reference is "".
         Primary reference "System.Reflection.Emit.ILGeneration, Version=8.0.0.0, Culture=neutral, PublicKeyToken=b03f5f7f11d50a3a".
             Resolved file path is "/usr/lib64/dotnet/packs/Microsoft.NETCore.App.Ref/8.0.22/ref/net8.0/System.Reflection.Emit.ILGeneration.dll".
             Reference found at search path location "{RawFileName}".
             This reference is not "CopyLocal" because at least one source item had "Private" set to "false" and no source items had "Private" set to "true".
             The ImageRuntimeVersion for this reference is "".
         Primary reference "System.Reflection.Emit.Lightweight, Version=8.0.0.0, Culture=neutral, PublicKeyToken=b03f5f7f11d50a3a".
             Resolved file path is "/usr/lib64/dotnet/packs/Microsoft.NETCore.App.Ref/8.0.22/ref/net8.0/System.Reflection.Emit.Lightweight.dll".
             Reference found at search path location "{RawFileName}".
             This reference is not "CopyLocal" because at least one source item had "Private" set to "false" and no source items had "Private" set to "true".
             The ImageRuntimeVersion for this reference is "".
         Primary reference "System.Reflection.Emit, Version=8.0.0.0, Culture=neutral, PublicKeyToken=b03f5f7f11d50a3a".
             Resolved file path is "/usr/lib64/dotnet/packs/Microsoft.NETCore.App.Ref/8.0.22/ref/net8.0/System.Reflection.Emit.dll".
             Reference found at search path location "{RawFileName}".
             This reference is not "CopyLocal" because at least one source item had "Private" set to "false" and no source items had "Private" set to "true".
             The ImageRuntimeVersion for this reference is "".
         Primary reference "System.Reflection.Extensions, Version=8.0.0.0, Culture=neutral, PublicKeyToken=b03f5f7f11d50a3a".
             Resolved file path is "/usr/lib64/dotnet/packs/Microsoft.NETCore.App.Ref/8.0.22/ref/net8.0/System.Reflection.Extensions.dll".
             Reference found at search path location "{RawFileName}".
             This reference is not "CopyLocal" because at least one source item had "Private" set to "false" and no source items had "Private" set to "true".
             The ImageRuntimeVersion for this reference is "".
         Primary reference "System.Reflection.Metadata, Version=8.0.0.0, Culture=neutral, PublicKeyToken=b03f5f7f11d50a3a".
             Resolved file path is "/usr/lib64/dotnet/packs/Microsoft.NETCore.App.Ref/8.0.22/ref/net8.0/System.Reflection.Metadata.dll".
             Reference found at search path location "{RawFileName}".
             This reference is not "CopyLocal" because at least one source item had "Private" set to "false" and no source items had "Private" set to "true".
             The ImageRuntimeVersion for this reference is "".
         Primary reference "System.Reflection.Primitives, Version=8.0.0.0, Culture=neutral, PublicKeyToken=b03f5f7f11d50a3a".
             Resolved file path is "/usr/lib64/dotnet/packs/Microsoft.NETCore.App.Ref/8.0.22/ref/net8.0/System.Reflection.Primitives.dll".
             Reference found at search path location "{RawFileName}".
             This reference is not "CopyLocal" because at least one source item had "Private" set to "false" and no source items had "Private" set to "true".
             The ImageRuntimeVersion for this reference is "".
         Primary reference "System.Reflection.TypeExtensions, Version=8.0.0.0, Culture=neutral, PublicKeyToken=b03f5f7f11d50a3a".
             Resolved file path is "/usr/lib64/dotnet/packs/Microsoft.NETCore.App.Ref/8.0.22/ref/net8.0/System.Reflection.TypeExtensions.dll".
             Reference found at search path location "{RawFileName}".
             This reference is not "CopyLocal" because at least one source item had "Private" set to "false" and no source items had "Private" set to "true".
             The ImageRuntimeVersion for this reference is "".
         Primary reference "System.Reflection, Version=8.0.0.0, Culture=neutral, PublicKeyToken=b03f5f7f11d50a3a".
             Resolved file path is "/usr/lib64/dotnet/packs/Microsoft.NETCore.App.Ref/8.0.22/ref/net8.0/System.Reflection.dll".
             Reference found at search path location "{RawFileName}".
             This reference is not "CopyLocal" because at least one source item had "Private" set to "false" and no source items had "Private" set to "true".
             The ImageRuntimeVersion for this reference is "".
         Primary reference "System.Resources.Reader, Version=8.0.0.0, Culture=neutral, PublicKeyToken=b03f5f7f11d50a3a".
             Resolved file path is "/usr/lib64/dotnet/packs/Microsoft.NETCore.App.Ref/8.0.22/ref/net8.0/System.Resources.Reader.dll".
             Reference found at search path location "{RawFileName}".
             This reference is not "CopyLocal" because at least one source item had "Private" set to "false" and no source items had "Private" set to "true".
             The ImageRuntimeVersion for this reference is "".
         Primary reference "System.Resources.ResourceManager, Version=8.0.0.0, Culture=neutral, PublicKeyToken=b03f5f7f11d50a3a".
             Resolved file path is "/usr/lib64/dotnet/packs/Microsoft.NETCore.App.Ref/8.0.22/ref/net8.0/System.Resources.ResourceManager.dll".
             Reference found at search path location "{RawFileName}".
             This reference is not "CopyLocal" because at least one source item had "Private" set to "false" and no source items had "Private" set to "true".
             The ImageRuntimeVersion for this reference is "".
         Primary reference "System.Resources.Writer, Version=8.0.0.0, Culture=neutral, PublicKeyToken=b03f5f7f11d50a3a".
             Resolved file path is "/usr/lib64/dotnet/packs/Microsoft.NETCore.App.Ref/8.0.22/ref/net8.0/System.Resources.Writer.dll".
             Reference found at search path location "{RawFileName}".
             This reference is not "CopyLocal" because at least one source item had "Private" set to "false" and no source items had "Private" set to "true".
             The ImageRuntimeVersion for this reference is "".
         Primary reference "System.Runtime.CompilerServices.Unsafe, Version=8.0.0.0, Culture=neutral, PublicKeyToken=b03f5f7f11d50a3a".
             Resolved file path is "/usr/lib64/dotnet/packs/Microsoft.NETCore.App.Ref/8.0.22/ref/net8.0/System.Runtime.CompilerServices.Unsafe.dll".
             Reference found at search path location "{RawFileName}".
             This reference is not "CopyLocal" because at least one source item had "Private" set to "false" and no source items had "Private" set to "true".
             The ImageRuntimeVersion for this reference is "".
         Primary reference "System.Runtime.CompilerServices.VisualC, Version=8.0.0.0, Culture=neutral, PublicKeyToken=b03f5f7f11d50a3a".
             Resolved file path is "/usr/lib64/dotnet/packs/Microsoft.NETCore.App.Ref/8.0.22/ref/net8.0/System.Runtime.CompilerServices.VisualC.dll".
             Reference found at search path location "{RawFileName}".
             This reference is not "CopyLocal" because at least one source item had "Private" set to "false" and no source items had "Private" set to "true".
             The ImageRuntimeVersion for this reference is "".
         Primary reference "System.Runtime.Extensions, Version=8.0.0.0, Culture=neutral, PublicKeyToken=b03f5f7f11d50a3a".
             Resolved file path is "/usr/lib64/dotnet/packs/Microsoft.NETCore.App.Ref/8.0.22/ref/net8.0/System.Runtime.Extensions.dll".
             Reference found at search path location "{RawFileName}".
             This reference is not "CopyLocal" because at least one source item had "Private" set to "false" and no source items had "Private" set to "true".
             The ImageRuntimeVersion for this reference is "".
         Primary reference "System.Runtime.Handles, Version=8.0.0.0, Culture=neutral, PublicKeyToken=b03f5f7f11d50a3a".
             Resolved file path is "/usr/lib64/dotnet/packs/Microsoft.NETCore.App.Ref/8.0.22/ref/net8.0/System.Runtime.Handles.dll".
             Reference found at search path location "{RawFileName}".
             This reference is not "CopyLocal" because at least one source item had "Private" set to "false" and no source items had "Private" set to "true".
             The ImageRuntimeVersion for this reference is "".
         Primary reference "System.Runtime.InteropServices.JavaScript, Version=8.0.0.0, Culture=neutral, PublicKeyToken=b03f5f7f11d50a3a".
             Resolved file path is "/usr/lib64/dotnet/packs/Microsoft.NETCore.App.Ref/8.0.22/ref/net8.0/System.Runtime.InteropServices.JavaScript.dll".
             Reference found at search path location "{RawFileName}".
             This reference is not "CopyLocal" because at least one source item had "Private" set to "false" and no source items had "Private" set to "true".
             The ImageRuntimeVersion for this reference is "".
         Primary reference "System.Runtime.InteropServices.RuntimeInformation, Version=8.0.0.0, Culture=neutral, PublicKeyToken=b03f5f7f11d50a3a".
             Resolved file path is "/usr/lib64/dotnet/packs/Microsoft.NETCore.App.Ref/8.0.22/ref/net8.0/System.Runtime.InteropServices.RuntimeInformation.dll".
             Reference found at search path location "{RawFileName}".
             This reference is not "CopyLocal" because at least one source item had "Private" set to "false" and no source items had "Private" set to "true".
             The ImageRuntimeVersion for this reference is "".
         Primary reference "System.Runtime.InteropServices, Version=8.0.0.0, Culture=neutral, PublicKeyToken=b03f5f7f11d50a3a".
             Resolved file path is "/usr/lib64/dotnet/packs/Microsoft.NETCore.App.Ref/8.0.22/ref/net8.0/System.Runtime.InteropServices.dll".
             Reference found at search path location "{RawFileName}".
             This reference is not "CopyLocal" because at least one source item had "Private" set to "false" and no source items had "Private" set to "true".
             The ImageRuntimeVersion for this reference is "".
         Primary reference "System.Runtime.Intrinsics, Version=8.0.0.0, Culture=neutral, PublicKeyToken=cc7b13ffcd2ddd51".
             Resolved file path is "/usr/lib64/dotnet/packs/Microsoft.NETCore.App.Ref/8.0.22/ref/net8.0/System.Runtime.Intrinsics.dll".
             Reference found at search path location "{RawFileName}".
             This reference is not "CopyLocal" because at least one source item had "Private" set to "false" and no source items had "Private" set to "true".
             The ImageRuntimeVersion for this reference is "".
         Primary reference "System.Runtime.Loader, Version=8.0.0.0, Culture=neutral, PublicKeyToken=b03f5f7f11d50a3a".
             Resolved file path is "/usr/lib64/dotnet/packs/Microsoft.NETCore.App.Ref/8.0.22/ref/net8.0/System.Runtime.Loader.dll".
             Reference found at search path location "{RawFileName}".
             This reference is not "CopyLocal" because at least one source item had "Private" set to "false" and no source items had "Private" set to "true".
             The ImageRuntimeVersion for this reference is "".
         Primary reference "System.Runtime.Numerics, Version=8.0.0.0, Culture=neutral, PublicKeyToken=b03f5f7f11d50a3a".
             Resolved file path is "/usr/lib64/dotnet/packs/Microsoft.NETCore.App.Ref/8.0.22/ref/net8.0/System.Runtime.Numerics.dll".
             Reference found at search path location "{RawFileName}".
             This reference is not "CopyLocal" because at least one source item had "Private" set to "false" and no source items had "Private" set to "true".
             The ImageRuntimeVersion for this reference is "".
         Primary reference "System.Runtime.Serialization.Formatters, Version=8.0.0.0, Culture=neutral, PublicKeyToken=b03f5f7f11d50a3a".
             Resolved file path is "/usr/lib64/dotnet/packs/Microsoft.NETCore.App.Ref/8.0.22/ref/net8.0/System.Runtime.Serialization.Formatters.dll".
             Reference found at search path location "{RawFileName}".
             This reference is not "CopyLocal" because at least one source item had "Private" set to "false" and no source items had "Private" set to "true".
             The ImageRuntimeVersion for this reference is "".
         Primary reference "System.Runtime.Serialization.Json, Version=8.0.0.0, Culture=neutral, PublicKeyToken=b03f5f7f11d50a3a".
             Resolved file path is "/usr/lib64/dotnet/packs/Microsoft.NETCore.App.Ref/8.0.22/ref/net8.0/System.Runtime.Serialization.Json.dll".
             Reference found at search path location "{RawFileName}".
             This reference is not "CopyLocal" because at least one source item had "Private" set to "false" and no source items had "Private" set to "true".
             The ImageRuntimeVersion for this reference is "".
         Primary reference "System.Runtime.Serialization.Primitives, Version=8.0.0.0, Culture=neutral, PublicKeyToken=b03f5f7f11d50a3a".
             Resolved file path is "/usr/lib64/dotnet/packs/Microsoft.NETCore.App.Ref/8.0.22/ref/net8.0/System.Runtime.Serialization.Primitives.dll".
             Reference found at search path location "{RawFileName}".
             This reference is not "CopyLocal" because at least one source item had "Private" set to "false" and no source items had "Private" set to "true".
             The ImageRuntimeVersion for this reference is "".
         Primary reference "System.Runtime.Serialization.Xml, Version=8.0.0.0, Culture=neutral, PublicKeyToken=b03f5f7f11d50a3a".
             Resolved file path is "/usr/lib64/dotnet/packs/Microsoft.NETCore.App.Ref/8.0.22/ref/net8.0/System.Runtime.Serialization.Xml.dll".
             Reference found at search path location "{RawFileName}".
             This reference is not "CopyLocal" because at least one source item had "Private" set to "false" and no source items had "Private" set to "true".
             The ImageRuntimeVersion for this reference is "".
         Primary reference "System.Runtime.Serialization, Version=4.0.0.0, Culture=neutral, PublicKeyToken=b77a5c561934e089".
             Resolved file path is "/usr/lib64/dotnet/packs/Microsoft.NETCore.App.Ref/8.0.22/ref/net8.0/System.Runtime.Serialization.dll".
             Reference found at search path location "{RawFileName}".
             This reference is not "CopyLocal" because at least one source item had "Private" set to "false" and no source items had "Private" set to "true".
             The ImageRuntimeVersion for this reference is "".
         Primary reference "System.Runtime, Version=8.0.0.0, Culture=neutral, PublicKeyToken=b03f5f7f11d50a3a".
             Resolved file path is "/usr/lib64/dotnet/packs/Microsoft.NETCore.App.Ref/8.0.22/ref/net8.0/System.Runtime.dll".
             Reference found at search path location "{RawFileName}".
             This reference is not "CopyLocal" because at least one source item had "Private" set to "false" and no source items had "Private" set to "true".
             The ImageRuntimeVersion for this reference is "".
         Primary reference "System.Security.AccessControl, Version=8.0.0.0, Culture=neutral, PublicKeyToken=b03f5f7f11d50a3a".
             Resolved file path is "/usr/lib64/dotnet/packs/Microsoft.NETCore.App.Ref/8.0.22/ref/net8.0/System.Security.AccessControl.dll".
             Reference found at search path location "{RawFileName}".
             This reference is not "CopyLocal" because at least one source item had "Private" set to "false" and no source items had "Private" set to "true".
             The ImageRuntimeVersion for this reference is "".
         Primary reference "System.Security.Claims, Version=8.0.0.0, Culture=neutral, PublicKeyToken=b03f5f7f11d50a3a".
             Resolved file path is "/usr/lib64/dotnet/packs/Microsoft.NETCore.App.Ref/8.0.22/ref/net8.0/System.Security.Claims.dll".
             Reference found at search path location "{RawFileName}".
             This reference is not "CopyLocal" because at least one source item had "Private" set to "false" and no source items had "Private" set to "true".
             The ImageRuntimeVersion for this reference is "".
         Primary reference "System.Security.Cryptography.Algorithms, Version=8.0.0.0, Culture=neutral, PublicKeyToken=b03f5f7f11d50a3a".
             Resolved file path is "/usr/lib64/dotnet/packs/Microsoft.NETCore.App.Ref/8.0.22/ref/net8.0/System.Security.Cryptography.Algorithms.dll".
             Reference found at search path location "{RawFileName}".
             This reference is not "CopyLocal" because at least one source item had "Private" set to "false" and no source items had "Private" set to "true".
             The ImageRuntimeVersion for this reference is "".
         Primary reference "System.Security.Cryptography.Cng, Version=8.0.0.0, Culture=neutral, PublicKeyToken=b03f5f7f11d50a3a".
             Resolved file path is "/usr/lib64/dotnet/packs/Microsoft.NETCore.App.Ref/8.0.22/ref/net8.0/System.Security.Cryptography.Cng.dll".
             Reference found at search path location "{RawFileName}".
             This reference is not "CopyLocal" because at least one source item had "Private" set to "false" and no source items had "Private" set to "true".
             The ImageRuntimeVersion for this reference is "".
         Primary reference "System.Security.Cryptography.Csp, Version=8.0.0.0, Culture=neutral, PublicKeyToken=b03f5f7f11d50a3a".
             Resolved file path is "/usr/lib64/dotnet/packs/Microsoft.NETCore.App.Ref/8.0.22/ref/net8.0/System.Security.Cryptography.Csp.dll".
             Reference found at search path location "{RawFileName}".
             This reference is not "CopyLocal" because at least one source item had "Private" set to "false" and no source items had "Private" set to "true".
             The ImageRuntimeVersion for this reference is "".
         Primary reference "System.Security.Cryptography.Encoding, Version=8.0.0.0, Culture=neutral, PublicKeyToken=b03f5f7f11d50a3a".
             Resolved file path is "/usr/lib64/dotnet/packs/Microsoft.NETCore.App.Ref/8.0.22/ref/net8.0/System.Security.Cryptography.Encoding.dll".
             Reference found at search path location "{RawFileName}".
             This reference is not "CopyLocal" because at least one source item had "Private" set to "false" and no source items had "Private" set to "true".
             The ImageRuntimeVersion for this reference is "".
         Primary reference "System.Security.Cryptography.OpenSsl, Version=8.0.0.0, Culture=neutral, PublicKeyToken=b03f5f7f11d50a3a".
             Resolved file path is "/usr/lib64/dotnet/packs/Microsoft.NETCore.App.Ref/8.0.22/ref/net8.0/System.Security.Cryptography.OpenSsl.dll".
             Reference found at search path location "{RawFileName}".
             This reference is not "CopyLocal" because at least one source item had "Private" set to "false" and no source items had "Private" set to "true".
             The ImageRuntimeVersion for this reference is "".
         Primary reference "System.Security.Cryptography.Primitives, Version=8.0.0.0, Culture=neutral, PublicKeyToken=b03f5f7f11d50a3a".
             Resolved file path is "/usr/lib64/dotnet/packs/Microsoft.NETCore.App.Ref/8.0.22/ref/net8.0/System.Security.Cryptography.Primitives.dll".
             Reference found at search path location "{RawFileName}".
             This reference is not "CopyLocal" because at least one source item had "Private" set to "false" and no source items had "Private" set to "true".
             The ImageRuntimeVersion for this reference is "".
         Primary reference "System.Security.Cryptography.X509Certificates, Version=8.0.0.0, Culture=neutral, PublicKeyToken=b03f5f7f11d50a3a".
             Resolved file path is "/usr/lib64/dotnet/packs/Microsoft.NETCore.App.Ref/8.0.22/ref/net8.0/System.Security.Cryptography.X509Certificates.dll".
             Reference found at search path location "{RawFileName}".
             This reference is not "CopyLocal" because at least one source item had "Private" set to "false" and no source items had "Private" set to "true".
             The ImageRuntimeVersion for this reference is "".
         Primary reference "System.Security.Cryptography, Version=8.0.0.0, Culture=neutral, PublicKeyToken=b03f5f7f11d50a3a".
             Resolved file path is "/usr/lib64/dotnet/packs/Microsoft.NETCore.App.Ref/8.0.22/ref/net8.0/System.Security.Cryptography.dll".
             Reference found at search path location "{RawFileName}".
             This reference is not "CopyLocal" because at least one source item had "Private" set to "false" and no source items had "Private" set to "true".
             The ImageRuntimeVersion for this reference is "".
         Primary reference "System.Security.Principal.Windows, Version=8.0.0.0, Culture=neutral, PublicKeyToken=b03f5f7f11d50a3a".
             Resolved file path is "/usr/lib64/dotnet/packs/Microsoft.NETCore.App.Ref/8.0.22/ref/net8.0/System.Security.Principal.Windows.dll".
             Reference found at search path location "{RawFileName}".
             This reference is not "CopyLocal" because at least one source item had "Private" set to "false" and no source items had "Private" set to "true".
             The ImageRuntimeVersion for this reference is "".
         Primary reference "System.Security.Principal, Version=8.0.0.0, Culture=neutral, PublicKeyToken=b03f5f7f11d50a3a".
             Resolved file path is "/usr/lib64/dotnet/packs/Microsoft.NETCore.App.Ref/8.0.22/ref/net8.0/System.Security.Principal.dll".
             Reference found at search path location "{RawFileName}".
             This reference is not "CopyLocal" because at least one source item had "Private" set to "false" and no source items had "Private" set to "true".
             The ImageRuntimeVersion for this reference is "".
         Primary reference "System.Security.SecureString, Version=8.0.0.0, Culture=neutral, PublicKeyToken=b03f5f7f11d50a3a".
             Resolved file path is "/usr/lib64/dotnet/packs/Microsoft.NETCore.App.Ref/8.0.22/ref/net8.0/System.Security.SecureString.dll".
             Reference found at search path location "{RawFileName}".
             This reference is not "CopyLocal" because at least one source item had "Private" set to "false" and no source items had "Private" set to "true".
             The ImageRuntimeVersion for this reference is "".
         Primary reference "System.Security, Version=4.0.0.0, Culture=neutral, PublicKeyToken=b03f5f7f11d50a3a".
             Resolved file path is "/usr/lib64/dotnet/packs/Microsoft.NETCore.App.Ref/8.0.22/ref/net8.0/System.Security.dll".
             Reference found at search path location "{RawFileName}".
             This reference is not "CopyLocal" because at least one source item had "Private" set to "false" and no source items had "Private" set to "true".
             The ImageRuntimeVersion for this reference is "".
         Primary reference "System.ServiceModel.Web, Version=4.0.0.0, Culture=neutral, PublicKeyToken=31bf3856ad364e35".
             Resolved file path is "/usr/lib64/dotnet/packs/Microsoft.NETCore.App.Ref/8.0.22/ref/net8.0/System.ServiceModel.Web.dll".
             Reference found at search path location "{RawFileName}".
             This reference is not "CopyLocal" because at least one source item had "Private" set to "false" and no source items had "Private" set to "true".
             The ImageRuntimeVersion for this reference is "".
         Primary reference "System.ServiceProcess, Version=4.0.0.0, Culture=neutral, PublicKeyToken=b03f5f7f11d50a3a".
             Resolved file path is "/usr/lib64/dotnet/packs/Microsoft.NETCore.App.Ref/8.0.22/ref/net8.0/System.ServiceProcess.dll".
             Reference found at search path location "{RawFileName}".
             This reference is not "CopyLocal" because at least one source item had "Private" set to "false" and no source items had "Private" set to "true".
             The ImageRuntimeVersion for this reference is "".
         Primary reference "System.Text.Encoding.CodePages, Version=8.0.0.0, Culture=neutral, PublicKeyToken=b03f5f7f11d50a3a".
             Resolved file path is "/usr/lib64/dotnet/packs/Microsoft.NETCore.App.Ref/8.0.22/ref/net8.0/System.Text.Encoding.CodePages.dll".
             Reference found at search path location "{RawFileName}".
             This reference is not "CopyLocal" because at least one source item had "Private" set to "false" and no source items had "Private" set to "true".
             The ImageRuntimeVersion for this reference is "".
         Primary reference "System.Text.Encoding.Extensions, Version=8.0.0.0, Culture=neutral, PublicKeyToken=b03f5f7f11d50a3a".
             Resolved file path is "/usr/lib64/dotnet/packs/Microsoft.NETCore.App.Ref/8.0.22/ref/net8.0/System.Text.Encoding.Extensions.dll".
             Reference found at search path location "{RawFileName}".
             This reference is not "CopyLocal" because at least one source item had "Private" set to "false" and no source items had "Private" set to "true".
             The ImageRuntimeVersion for this reference is "".
         Primary reference "System.Text.Encoding, Version=8.0.0.0, Culture=neutral, PublicKeyToken=b03f5f7f11d50a3a".
             Resolved file path is "/usr/lib64/dotnet/packs/Microsoft.NETCore.App.Ref/8.0.22/ref/net8.0/System.Text.Encoding.dll".
             Reference found at search path location "{RawFileName}".
             This reference is not "CopyLocal" because at least one source item had "Private" set to "false" and no source items had "Private" set to "true".
             The ImageRuntimeVersion for this reference is "".
         Primary reference "System.Text.Encodings.Web, Version=8.0.0.0, Culture=neutral, PublicKeyToken=cc7b13ffcd2ddd51".
             Resolved file path is "/usr/lib64/dotnet/packs/Microsoft.NETCore.App.Ref/8.0.22/ref/net8.0/System.Text.Encodings.Web.dll".
             Reference found at search path location "{RawFileName}".
             This reference is not "CopyLocal" because at least one source item had "Private" set to "false" and no source items had "Private" set to "true".
             The ImageRuntimeVersion for this reference is "".
         Primary reference "System.Text.Json, Version=8.0.0.0, Culture=neutral, PublicKeyToken=cc7b13ffcd2ddd51".
             Resolved file path is "/usr/lib64/dotnet/packs/Microsoft.NETCore.App.Ref/8.0.22/ref/net8.0/System.Text.Json.dll".
             Reference found at search path location "{RawFileName}".
             This reference is not "CopyLocal" because at least one source item had "Private" set to "false" and no source items had "Private" set to "true".
             The ImageRuntimeVersion for this reference is "".
         Primary reference "System.Text.RegularExpressions, Version=8.0.0.0, Culture=neutral, PublicKeyToken=b03f5f7f11d50a3a".
             Resolved file path is "/usr/lib64/dotnet/packs/Microsoft.NETCore.App.Ref/8.0.22/ref/net8.0/System.Text.RegularExpressions.dll".
             Reference found at search path location "{RawFileName}".
             This reference is not "CopyLocal" because at least one source item had "Private" set to "false" and no source items had "Private" set to "true".
             The ImageRuntimeVersion for this reference is "".
         Primary reference "System.Threading.Channels, Version=8.0.0.0, Culture=neutral, PublicKeyToken=cc7b13ffcd2ddd51".
             Resolved file path is "/usr/lib64/dotnet/packs/Microsoft.NETCore.App.Ref/8.0.22/ref/net8.0/System.Threading.Channels.dll".
             Reference found at search path location "{RawFileName}".
             This reference is not "CopyLocal" because at least one source item had "Private" set to "false" and no source items had "Private" set to "true".
             The ImageRuntimeVersion for this reference is "".
         Primary reference "System.Threading.Overlapped, Version=8.0.0.0, Culture=neutral, PublicKeyToken=b03f5f7f11d50a3a".
             Resolved file path is "/usr/lib64/dotnet/packs/Microsoft.NETCore.App.Ref/8.0.22/ref/net8.0/System.Threading.Overlapped.dll".
             Reference found at search path location "{RawFileName}".
             This reference is not "CopyLocal" because at least one source item had "Private" set to "false" and no source items had "Private" set to "true".
             The ImageRuntimeVersion for this reference is "".
         Primary reference "System.Threading.Tasks.Dataflow, Version=8.0.0.0, Culture=neutral, PublicKeyToken=b03f5f7f11d50a3a".
             Resolved file path is "/usr/lib64/dotnet/packs/Microsoft.NETCore.App.Ref/8.0.22/ref/net8.0/System.Threading.Tasks.Dataflow.dll".
             Reference found at search path location "{RawFileName}".
             This reference is not "CopyLocal" because at least one source item had "Private" set to "false" and no source items had "Private" set to "true".
             The ImageRuntimeVersion for this reference is "".
         Primary reference "System.Threading.Tasks.Extensions, Version=8.0.0.0, Culture=neutral, PublicKeyToken=cc7b13ffcd2ddd51".
             Resolved file path is "/usr/lib64/dotnet/packs/Microsoft.NETCore.App.Ref/8.0.22/ref/net8.0/System.Threading.Tasks.Extensions.dll".
             Reference found at search path location "{RawFileName}".
             This reference is not "CopyLocal" because at least one source item had "Private" set to "false" and no source items had "Private" set to "true".
             The ImageRuntimeVersion for this reference is "".
         Primary reference "System.Threading.Tasks.Parallel, Version=8.0.0.0, Culture=neutral, PublicKeyToken=b03f5f7f11d50a3a".
             Resolved file path is "/usr/lib64/dotnet/packs/Microsoft.NETCore.App.Ref/8.0.22/ref/net8.0/System.Threading.Tasks.Parallel.dll".
             Reference found at search path location "{RawFileName}".
             This reference is not "CopyLocal" because at least one source item had "Private" set to "false" and no source items had "Private" set to "true".
             The ImageRuntimeVersion for this reference is "".
         Primary reference "System.Threading.Tasks, Version=8.0.0.0, Culture=neutral, PublicKeyToken=b03f5f7f11d50a3a".
             Resolved file path is "/usr/lib64/dotnet/packs/Microsoft.NETCore.App.Ref/8.0.22/ref/net8.0/System.Threading.Tasks.dll".
             Reference found at search path location "{RawFileName}".
             This reference is not "CopyLocal" because at least one source item had "Private" set to "false" and no source items had "Private" set to "true".
             The ImageRuntimeVersion for this reference is "".
         Primary reference "System.Threading.Thread, Version=8.0.0.0, Culture=neutral, PublicKeyToken=b03f5f7f11d50a3a".
             Resolved file path is "/usr/lib64/dotnet/packs/Microsoft.NETCore.App.Ref/8.0.22/ref/net8.0/System.Threading.Thread.dll".
             Reference found at search path location "{RawFileName}".
             This reference is not "CopyLocal" because at least one source item had "Private" set to "false" and no source items had "Private" set to "true".
             The ImageRuntimeVersion for this reference is "".
         Primary reference "System.Threading.ThreadPool, Version=8.0.0.0, Culture=neutral, PublicKeyToken=b03f5f7f11d50a3a".
             Resolved file path is "/usr/lib64/dotnet/packs/Microsoft.NETCore.App.Ref/8.0.22/ref/net8.0/System.Threading.ThreadPool.dll".
             Reference found at search path location "{RawFileName}".
             This reference is not "CopyLocal" because at least one source item had "Private" set to "false" and no source items had "Private" set to "true".
             The ImageRuntimeVersion for this reference is "".
         Primary reference "System.Threading.Timer, Version=8.0.0.0, Culture=neutral, PublicKeyToken=b03f5f7f11d50a3a".
             Resolved file path is "/usr/lib64/dotnet/packs/Microsoft.NETCore.App.Ref/8.0.22/ref/net8.0/System.Threading.Timer.dll".
             Reference found at search path location "{RawFileName}".
             This reference is not "CopyLocal" because at least one source item had "Private" set to "false" and no source items had "Private" set to "true".
             The ImageRuntimeVersion for this reference is "".
         Primary reference "System.Threading, Version=8.0.0.0, Culture=neutral, PublicKeyToken=b03f5f7f11d50a3a".
             Resolved file path is "/usr/lib64/dotnet/packs/Microsoft.NETCore.App.Ref/8.0.22/ref/net8.0/System.Threading.dll".
             Reference found at search path location "{RawFileName}".
             This reference is not "CopyLocal" because at least one source item had "Private" set to "false" and no source items had "Private" set to "true".
             The ImageRuntimeVersion for this reference is "".
         Primary reference "System.Transactions.Local, Version=8.0.0.0, Culture=neutral, PublicKeyToken=cc7b13ffcd2ddd51".
             Resolved file path is "/usr/lib64/dotnet/packs/Microsoft.NETCore.App.Ref/8.0.22/ref/net8.0/System.Transactions.Local.dll".
             Reference found at search path location "{RawFileName}".
             This reference is not "CopyLocal" because at least one source item had "Private" set to "false" and no source items had "Private" set to "true".
             The ImageRuntimeVersion for this reference is "".
         Primary reference "System.Transactions, Version=4.0.0.0, Culture=neutral, PublicKeyToken=b77a5c561934e089".
             Resolved file path is "/usr/lib64/dotnet/packs/Microsoft.NETCore.App.Ref/8.0.22/ref/net8.0/System.Transactions.dll".
             Reference found at search path location "{RawFileName}".
             This reference is not "CopyLocal" because at least one source item had "Private" set to "false" and no source items had "Private" set to "true".
             The ImageRuntimeVersion for this reference is "".
         Primary reference "System.ValueTuple, Version=8.0.0.0, Culture=neutral, PublicKeyToken=cc7b13ffcd2ddd51".
             Resolved file path is "/usr/lib64/dotnet/packs/Microsoft.NETCore.App.Ref/8.0.22/ref/net8.0/System.ValueTuple.dll".
             Reference found at search path location "{RawFileName}".
             This reference is not "CopyLocal" because at least one source item had "Private" set to "false" and no source items had "Private" set to "true".
             The ImageRuntimeVersion for this reference is "".
         Primary reference "System.Web.HttpUtility, Version=8.0.0.0, Culture=neutral, PublicKeyToken=cc7b13ffcd2ddd51".
             Resolved file path is "/usr/lib64/dotnet/packs/Microsoft.NETCore.App.Ref/8.0.22/ref/net8.0/System.Web.HttpUtility.dll".
             Reference found at search path location "{RawFileName}".
             This reference is not "CopyLocal" because at least one source item had "Private" set to "false" and no source items had "Private" set to "true".
             The ImageRuntimeVersion for this reference is "".
         Primary reference "System.Web, Version=4.0.0.0, Culture=neutral, PublicKeyToken=b03f5f7f11d50a3a".
             Resolved file path is "/usr/lib64/dotnet/packs/Microsoft.NETCore.App.Ref/8.0.22/ref/net8.0/System.Web.dll".
             Reference found at search path location "{RawFileName}".
             This reference is not "CopyLocal" because at least one source item had "Private" set to "false" and no source items had "Private" set to "true".
             The ImageRuntimeVersion for this reference is "".
         Primary reference "System.Windows, Version=4.0.0.0, Culture=neutral, PublicKeyToken=b03f5f7f11d50a3a".
             Resolved file path is "/usr/lib64/dotnet/packs/Microsoft.NETCore.App.Ref/8.0.22/ref/net8.0/System.Windows.dll".
             Reference found at search path location "{RawFileName}".
             This reference is not "CopyLocal" because at least one source item had "Private" set to "false" and no source items had "Private" set to "true".
             The ImageRuntimeVersion for this reference is "".
         Primary reference "System.Xml.Linq, Version=4.0.0.0, Culture=neutral, PublicKeyToken=b77a5c561934e089".
             Resolved file path is "/usr/lib64/dotnet/packs/Microsoft.NETCore.App.Ref/8.0.22/ref/net8.0/System.Xml.Linq.dll".
             Reference found at search path location "{RawFileName}".
             This reference is not "CopyLocal" because at least one source item had "Private" set to "false" and no source items had "Private" set to "true".
             The ImageRuntimeVersion for this reference is "".
         Primary reference "System.Xml.ReaderWriter, Version=8.0.0.0, Culture=neutral, PublicKeyToken=b03f5f7f11d50a3a".
             Resolved file path is "/usr/lib64/dotnet/packs/Microsoft.NETCore.App.Ref/8.0.22/ref/net8.0/System.Xml.ReaderWriter.dll".
             Reference found at search path location "{RawFileName}".
             This reference is not "CopyLocal" because at least one source item had "Private" set to "false" and no source items had "Private" set to "true".
             The ImageRuntimeVersion for this reference is "".
         Primary reference "System.Xml.Serialization, Version=4.0.0.0, Culture=neutral, PublicKeyToken=b77a5c561934e089".
             Resolved file path is "/usr/lib64/dotnet/packs/Microsoft.NETCore.App.Ref/8.0.22/ref/net8.0/System.Xml.Serialization.dll".
             Reference found at search path location "{RawFileName}".
             This reference is not "CopyLocal" because at least one source item had "Private" set to "false" and no source items had "Private" set to "true".
             The ImageRuntimeVersion for this reference is "".
         Primary reference "System.Xml.XDocument, Version=8.0.0.0, Culture=neutral, PublicKeyToken=b03f5f7f11d50a3a".
             Resolved file path is "/usr/lib64/dotnet/packs/Microsoft.NETCore.App.Ref/8.0.22/ref/net8.0/System.Xml.XDocument.dll".
             Reference found at search path location "{RawFileName}".
             This reference is not "CopyLocal" because at least one source item had "Private" set to "false" and no source items had "Private" set to "true".
             The ImageRuntimeVersion for this reference is "".
         Primary reference "System.Xml.XPath.XDocument, Version=8.0.0.0, Culture=neutral, PublicKeyToken=b03f5f7f11d50a3a".
             Resolved file path is "/usr/lib64/dotnet/packs/Microsoft.NETCore.App.Ref/8.0.22/ref/net8.0/System.Xml.XPath.XDocument.dll".
             Reference found at search path location "{RawFileName}".
             This reference is not "CopyLocal" because at least one source item had "Private" set to "false" and no source items had "Private" set to "true".
             The ImageRuntimeVersion for this reference is "".
         Primary reference "System.Xml.XPath, Version=8.0.0.0, Culture=neutral, PublicKeyToken=b03f5f7f11d50a3a".
             Resolved file path is "/usr/lib64/dotnet/packs/Microsoft.NETCore.App.Ref/8.0.22/ref/net8.0/System.Xml.XPath.dll".
             Reference found at search path location "{RawFileName}".
             This reference is not "CopyLocal" because at least one source item had "Private" set to "false" and no source items had "Private" set to "true".
             The ImageRuntimeVersion for this reference is "".
         Primary reference "System.Xml.XmlDocument, Version=8.0.0.0, Culture=neutral, PublicKeyToken=b03f5f7f11d50a3a".
             Resolved file path is "/usr/lib64/dotnet/packs/Microsoft.NETCore.App.Ref/8.0.22/ref/net8.0/System.Xml.XmlDocument.dll".
             Reference found at search path location "{RawFileName}".
             This reference is not "CopyLocal" because at least one source item had "Private" set to "false" and no source items had "Private" set to "true".
             The ImageRuntimeVersion for this reference is "".
         Primary reference "System.Xml.XmlSerializer, Version=8.0.0.0, Culture=neutral, PublicKeyToken=b03f5f7f11d50a3a".
             Resolved file path is "/usr/lib64/dotnet/packs/Microsoft.NETCore.App.Ref/8.0.22/ref/net8.0/System.Xml.XmlSerializer.dll".
             Reference found at search path location "{RawFileName}".
             This reference is not "CopyLocal" because at least one source item had "Private" set to "false" and no source items had "Private" set to "true".
             The ImageRuntimeVersion for this reference is "".
         Primary reference "System.Xml, Version=4.0.0.0, Culture=neutral, PublicKeyToken=b77a5c561934e089".
             Resolved file path is "/usr/lib64/dotnet/packs/Microsoft.NETCore.App.Ref/8.0.22/ref/net8.0/System.Xml.dll".
             Reference found at search path location "{RawFileName}".
             This reference is not "CopyLocal" because at least one source item had "Private" set to "false" and no source items had "Private" set to "true".
             The ImageRuntimeVersion for this reference is "".
         Primary reference "System, Version=4.0.0.0, Culture=neutral, PublicKeyToken=b77a5c561934e089".
             Resolved file path is "/usr/lib64/dotnet/packs/Microsoft.NETCore.App.Ref/8.0.22/ref/net8.0/System.dll".
             Reference found at search path location "{RawFileName}".
             This reference is not "CopyLocal" because at least one source item had "Private" set to "false" and no source items had "Private" set to "true".
             The ImageRuntimeVersion for this reference is "".
         Primary reference "WindowsBase, Version=4.0.0.0, Culture=neutral, PublicKeyToken=31bf3856ad364e35".
             Resolved file path is "/usr/lib64/dotnet/packs/Microsoft.NETCore.App.Ref/8.0.22/ref/net8.0/WindowsBase.dll".
             Reference found at search path location "{RawFileName}".
             This reference is not "CopyLocal" because at least one source item had "Private" set to "false" and no source items had "Private" set to "true".
             The ImageRuntimeVersion for this reference is "".
         Primary reference "mscorlib, Version=4.0.0.0, Culture=neutral, PublicKeyToken=b77a5c561934e089".
             Resolved file path is "/usr/lib64/dotnet/packs/Microsoft.NETCore.App.Ref/8.0.22/ref/net8.0/mscorlib.dll".
             Reference found at search path location "{RawFileName}".
             This reference is not "CopyLocal" because at least one source item had "Private" set to "false" and no source items had "Private" set to "true".
             The ImageRuntimeVersion for this reference is "".
         Primary reference "netstandard, Version=2.1.0.0, Culture=neutral, PublicKeyToken=cc7b13ffcd2ddd51".
             Resolved file path is "/usr/lib64/dotnet/packs/Microsoft.NETCore.App.Ref/8.0.22/ref/net8.0/netstandard.dll".
             Reference found at search path location "{RawFileName}".
             This reference is not "CopyLocal" because at least one source item had "Private" set to "false" and no source items had "Private" set to "true".
             The ImageRuntimeVersion for this reference is "".
         Primary reference "Microsoft.AspNetCore.Antiforgery, Version=8.0.0.0, Culture=neutral, PublicKeyToken=adb9793829ddae60".
             Resolved file path is "/usr/lib64/dotnet/packs/Microsoft.AspNetCore.App.Ref/8.0.22/ref/net8.0/Microsoft.AspNetCore.Antiforgery.dll".
             Reference found at search path location "{RawFileName}".
             This reference is not "CopyLocal" because at least one source item had "Private" set to "false" and no source items had "Private" set to "true".
             The ImageRuntimeVersion for this reference is "".
         Primary reference "Microsoft.AspNetCore.Authentication.Abstractions, Version=8.0.0.0, Culture=neutral, PublicKeyToken=adb9793829ddae60".
             Resolved file path is "/usr/lib64/dotnet/packs/Microsoft.AspNetCore.App.Ref/8.0.22/ref/net8.0/Microsoft.AspNetCore.Authentication.Abstractions.dll".
             Reference found at search path location "{RawFileName}".
             This reference is not "CopyLocal" because at least one source item had "Private" set to "false" and no source items had "Private" set to "true".
             The ImageRuntimeVersion for this reference is "".
         Primary reference "Microsoft.AspNetCore.Authentication.BearerToken, Version=8.0.0.0, Culture=neutral, PublicKeyToken=adb9793829ddae60".
             Resolved file path is "/usr/lib64/dotnet/packs/Microsoft.AspNetCore.App.Ref/8.0.22/ref/net8.0/Microsoft.AspNetCore.Authentication.BearerToken.dll".
             Reference found at search path location "{RawFileName}".
             This reference is not "CopyLocal" because at least one source item had "Private" set to "false" and no source items had "Private" set to "true".
             The ImageRuntimeVersion for this reference is "".
         Primary reference "Microsoft.AspNetCore.Authentication.Cookies, Version=8.0.0.0, Culture=neutral, PublicKeyToken=adb9793829ddae60".
             Resolved file path is "/usr/lib64/dotnet/packs/Microsoft.AspNetCore.App.Ref/8.0.22/ref/net8.0/Microsoft.AspNetCore.Authentication.Cookies.dll".
             Reference found at search path location "{RawFileName}".
             This reference is not "CopyLocal" because at least one source item had "Private" set to "false" and no source items had "Private" set to "true".
             The ImageRuntimeVersion for this reference is "".
         Primary reference "Microsoft.AspNetCore.Authentication.Core, Version=8.0.0.0, Culture=neutral, PublicKeyToken=adb9793829ddae60".
             Resolved file path is "/usr/lib64/dotnet/packs/Microsoft.AspNetCore.App.Ref/8.0.22/ref/net8.0/Microsoft.AspNetCore.Authentication.Core.dll".
             Reference found at search path location "{RawFileName}".
             This reference is not "CopyLocal" because at least one source item had "Private" set to "false" and no source items had "Private" set to "true".
             The ImageRuntimeVersion for this reference is "".
         Primary reference "Microsoft.AspNetCore.Authentication.OAuth, Version=8.0.0.0, Culture=neutral, PublicKeyToken=adb9793829ddae60".
             Resolved file path is "/usr/lib64/dotnet/packs/Microsoft.AspNetCore.App.Ref/8.0.22/ref/net8.0/Microsoft.AspNetCore.Authentication.OAuth.dll".
             Reference found at search path location "{RawFileName}".
             This reference is not "CopyLocal" because at least one source item had "Private" set to "false" and no source items had "Private" set to "true".
             The ImageRuntimeVersion for this reference is "".
         Primary reference "Microsoft.AspNetCore.Authentication, Version=8.0.0.0, Culture=neutral, PublicKeyToken=adb9793829ddae60".
             Resolved file path is "/usr/lib64/dotnet/packs/Microsoft.AspNetCore.App.Ref/8.0.22/ref/net8.0/Microsoft.AspNetCore.Authentication.dll".
             Reference found at search path location "{RawFileName}".
             This reference is not "CopyLocal" because at least one source item had "Private" set to "false" and no source items had "Private" set to "true".
             The ImageRuntimeVersion for this reference is "".
         Primary reference "Microsoft.AspNetCore.Authorization.Policy, Version=8.0.0.0, Culture=neutral, PublicKeyToken=adb9793829ddae60".
             Resolved file path is "/usr/lib64/dotnet/packs/Microsoft.AspNetCore.App.Ref/8.0.22/ref/net8.0/Microsoft.AspNetCore.Authorization.Policy.dll".
             Reference found at search path location "{RawFileName}".
             This reference is not "CopyLocal" because at least one source item had "Private" set to "false" and no source items had "Private" set to "true".
             The ImageRuntimeVersion for this reference is "".
         Primary reference "Microsoft.AspNetCore.Authorization, Version=8.0.0.0, Culture=neutral, PublicKeyToken=adb9793829ddae60".
             Resolved file path is "/usr/lib64/dotnet/packs/Microsoft.AspNetCore.App.Ref/8.0.22/ref/net8.0/Microsoft.AspNetCore.Authorization.dll".
             Reference found at search path location "{RawFileName}".
             This reference is not "CopyLocal" because at least one source item had "Private" set to "false" and no source items had "Private" set to "true".
             The ImageRuntimeVersion for this reference is "".
         Primary reference "Microsoft.AspNetCore.Components.Authorization, Version=8.0.0.0, Culture=neutral, PublicKeyToken=adb9793829ddae60".
             Resolved file path is "/usr/lib64/dotnet/packs/Microsoft.AspNetCore.App.Ref/8.0.22/ref/net8.0/Microsoft.AspNetCore.Components.Authorization.dll".
             Reference found at search path location "{RawFileName}".
             This reference is not "CopyLocal" because at least one source item had "Private" set to "false" and no source items had "Private" set to "true".
             The ImageRuntimeVersion for this reference is "".
         Primary reference "Microsoft.AspNetCore.Components.Endpoints, Version=8.0.0.0, Culture=neutral, PublicKeyToken=adb9793829ddae60".
             Resolved file path is "/usr/lib64/dotnet/packs/Microsoft.AspNetCore.App.Ref/8.0.22/ref/net8.0/Microsoft.AspNetCore.Components.Endpoints.dll".
             Reference found at search path location "{RawFileName}".
             This reference is not "CopyLocal" because at least one source item had "Private" set to "false" and no source items had "Private" set to "true".
             The ImageRuntimeVersion for this reference is "".
         Primary reference "Microsoft.AspNetCore.Components.Forms, Version=8.0.0.0, Culture=neutral, PublicKeyToken=adb9793829ddae60".
             Resolved file path is "/usr/lib64/dotnet/packs/Microsoft.AspNetCore.App.Ref/8.0.22/ref/net8.0/Microsoft.AspNetCore.Components.Forms.dll".
             Reference found at search path location "{RawFileName}".
             This reference is not "CopyLocal" because at least one source item had "Private" set to "false" and no source items had "Private" set to "true".
             The ImageRuntimeVersion for this reference is "".
         Primary reference "Microsoft.AspNetCore.Components.Server, Version=8.0.0.0, Culture=neutral, PublicKeyToken=adb9793829ddae60".
             Resolved file path is "/usr/lib64/dotnet/packs/Microsoft.AspNetCore.App.Ref/8.0.22/ref/net8.0/Microsoft.AspNetCore.Components.Server.dll".
             Reference found at search path location "{RawFileName}".
             This reference is not "CopyLocal" because at least one source item had "Private" set to "false" and no source items had "Private" set to "true".
             The ImageRuntimeVersion for this reference is "".
         Primary reference "Microsoft.AspNetCore.Components.Web, Version=8.0.0.0, Culture=neutral, PublicKeyToken=adb9793829ddae60".
             Resolved file path is "/usr/lib64/dotnet/packs/Microsoft.AspNetCore.App.Ref/8.0.22/ref/net8.0/Microsoft.AspNetCore.Components.Web.dll".
             Reference found at search path location "{RawFileName}".
             This reference is not "CopyLocal" because at least one source item had "Private" set to "false" and no source items had "Private" set to "true".
             The ImageRuntimeVersion for this reference is "".
         Primary reference "Microsoft.AspNetCore.Components, Version=8.0.0.0, Culture=neutral, PublicKeyToken=adb9793829ddae60".
             Resolved file path is "/usr/lib64/dotnet/packs/Microsoft.AspNetCore.App.Ref/8.0.22/ref/net8.0/Microsoft.AspNetCore.Components.dll".
             Reference found at search path location "{RawFileName}".
             This reference is not "CopyLocal" because at least one source item had "Private" set to "false" and no source items had "Private" set to "true".
             The ImageRuntimeVersion for this reference is "".
         Primary reference "Microsoft.AspNetCore.Connections.Abstractions, Version=8.0.0.0, Culture=neutral, PublicKeyToken=adb9793829ddae60".
             Resolved file path is "/usr/lib64/dotnet/packs/Microsoft.AspNetCore.App.Ref/8.0.22/ref/net8.0/Microsoft.AspNetCore.Connections.Abstractions.dll".
             Reference found at search path location "{RawFileName}".
             This reference is not "CopyLocal" because at least one source item had "Private" set to "false" and no source items had "Private" set to "true".
             The ImageRuntimeVersion for this reference is "".
         Primary reference "Microsoft.AspNetCore.CookiePolicy, Version=8.0.0.0, Culture=neutral, PublicKeyToken=adb9793829ddae60".
             Resolved file path is "/usr/lib64/dotnet/packs/Microsoft.AspNetCore.App.Ref/8.0.22/ref/net8.0/Microsoft.AspNetCore.CookiePolicy.dll".
             Reference found at search path location "{RawFileName}".
             This reference is not "CopyLocal" because at least one source item had "Private" set to "false" and no source items had "Private" set to "true".
             The ImageRuntimeVersion for this reference is "".
         Primary reference "Microsoft.AspNetCore.Cors, Version=8.0.0.0, Culture=neutral, PublicKeyToken=adb9793829ddae60".
             Resolved file path is "/usr/lib64/dotnet/packs/Microsoft.AspNetCore.App.Ref/8.0.22/ref/net8.0/Microsoft.AspNetCore.Cors.dll".
             Reference found at search path location "{RawFileName}".
             This reference is not "CopyLocal" because at least one source item had "Private" set to "false" and no source items had "Private" set to "true".
             The ImageRuntimeVersion for this reference is "".
         Primary reference "Microsoft.AspNetCore.Cryptography.Internal, Version=8.0.0.0, Culture=neutral, PublicKeyToken=adb9793829ddae60".
             Resolved file path is "/usr/lib64/dotnet/packs/Microsoft.AspNetCore.App.Ref/8.0.22/ref/net8.0/Microsoft.AspNetCore.Cryptography.Internal.dll".
             Reference found at search path location "{RawFileName}".
             This reference is not "CopyLocal" because at least one source item had "Private" set to "false" and no source items had "Private" set to "true".
             The ImageRuntimeVersion for this reference is "".
         Primary reference "Microsoft.AspNetCore.Cryptography.KeyDerivation, Version=8.0.0.0, Culture=neutral, PublicKeyToken=adb9793829ddae60".
             Resolved file path is "/usr/lib64/dotnet/packs/Microsoft.AspNetCore.App.Ref/8.0.22/ref/net8.0/Microsoft.AspNetCore.Cryptography.KeyDerivation.dll".
             Reference found at search path location "{RawFileName}".
             This reference is not "CopyLocal" because at least one source item had "Private" set to "false" and no source items had "Private" set to "true".
             The ImageRuntimeVersion for this reference is "".
         Primary reference "Microsoft.AspNetCore.DataProtection.Abstractions, Version=8.0.0.0, Culture=neutral, PublicKeyToken=adb9793829ddae60".
             Resolved file path is "/usr/lib64/dotnet/packs/Microsoft.AspNetCore.App.Ref/8.0.22/ref/net8.0/Microsoft.AspNetCore.DataProtection.Abstractions.dll".
             Reference found at search path location "{RawFileName}".
             This reference is not "CopyLocal" because at least one source item had "Private" set to "false" and no source items had "Private" set to "true".
             The ImageRuntimeVersion for this reference is "".
         Primary reference "Microsoft.AspNetCore.DataProtection.Extensions, Version=8.0.0.0, Culture=neutral, PublicKeyToken=adb9793829ddae60".
             Resolved file path is "/usr/lib64/dotnet/packs/Microsoft.AspNetCore.App.Ref/8.0.22/ref/net8.0/Microsoft.AspNetCore.DataProtection.Extensions.dll".
             Reference found at search path location "{RawFileName}".
             This reference is not "CopyLocal" because at least one source item had "Private" set to "false" and no source items had "Private" set to "true".
             The ImageRuntimeVersion for this reference is "".
         Primary reference "Microsoft.AspNetCore.DataProtection, Version=8.0.0.0, Culture=neutral, PublicKeyToken=adb9793829ddae60".
             Resolved file path is "/usr/lib64/dotnet/packs/Microsoft.AspNetCore.App.Ref/8.0.22/ref/net8.0/Microsoft.AspNetCore.DataProtection.dll".
             Reference found at search path location "{RawFileName}".
             This reference is not "CopyLocal" because at least one source item had "Private" set to "false" and no source items had "Private" set to "true".
             The ImageRuntimeVersion for this reference is "".
         Primary reference "Microsoft.AspNetCore.Diagnostics.Abstractions, Version=8.0.0.0, Culture=neutral, PublicKeyToken=adb9793829ddae60".
             Resolved file path is "/usr/lib64/dotnet/packs/Microsoft.AspNetCore.App.Ref/8.0.22/ref/net8.0/Microsoft.AspNetCore.Diagnostics.Abstractions.dll".
             Reference found at search path location "{RawFileName}".
             This reference is not "CopyLocal" because at least one source item had "Private" set to "false" and no source items had "Private" set to "true".
             The ImageRuntimeVersion for this reference is "".
         Primary reference "Microsoft.AspNetCore.Diagnostics.HealthChecks, Version=8.0.0.0, Culture=neutral, PublicKeyToken=adb9793829ddae60".
             Resolved file path is "/usr/lib64/dotnet/packs/Microsoft.AspNetCore.App.Ref/8.0.22/ref/net8.0/Microsoft.AspNetCore.Diagnostics.HealthChecks.dll".
             Reference found at search path location "{RawFileName}".
             This reference is not "CopyLocal" because at least one source item had "Private" set to "false" and no source items had "Private" set to "true".
             The ImageRuntimeVersion for this reference is "".
         Primary reference "Microsoft.AspNetCore.Diagnostics, Version=8.0.0.0, Culture=neutral, PublicKeyToken=adb9793829ddae60".
             Resolved file path is "/usr/lib64/dotnet/packs/Microsoft.AspNetCore.App.Ref/8.0.22/ref/net8.0/Microsoft.AspNetCore.Diagnostics.dll".
             Reference found at search path location "{RawFileName}".
             This reference is not "CopyLocal" because at least one source item had "Private" set to "false" and no source items had "Private" set to "true".
             The ImageRuntimeVersion for this reference is "".
         Primary reference "Microsoft.AspNetCore.HostFiltering, Version=8.0.0.0, Culture=neutral, PublicKeyToken=adb9793829ddae60".
             Resolved file path is "/usr/lib64/dotnet/packs/Microsoft.AspNetCore.App.Ref/8.0.22/ref/net8.0/Microsoft.AspNetCore.HostFiltering.dll".
             Reference found at search path location "{RawFileName}".
             This reference is not "CopyLocal" because at least one source item had "Private" set to "false" and no source items had "Private" set to "true".
             The ImageRuntimeVersion for this reference is "".
         Primary reference "Microsoft.AspNetCore.Hosting.Abstractions, Version=8.0.0.0, Culture=neutral, PublicKeyToken=adb9793829ddae60".
             Resolved file path is "/usr/lib64/dotnet/packs/Microsoft.AspNetCore.App.Ref/8.0.22/ref/net8.0/Microsoft.AspNetCore.Hosting.Abstractions.dll".
             Reference found at search path location "{RawFileName}".
             This reference is not "CopyLocal" because at least one source item had "Private" set to "false" and no source items had "Private" set to "true".
             The ImageRuntimeVersion for this reference is "".
         Primary reference "Microsoft.AspNetCore.Hosting.Server.Abstractions, Version=8.0.0.0, Culture=neutral, PublicKeyToken=adb9793829ddae60".
             Resolved file path is "/usr/lib64/dotnet/packs/Microsoft.AspNetCore.App.Ref/8.0.22/ref/net8.0/Microsoft.AspNetCore.Hosting.Server.Abstractions.dll".
             Reference found at search path location "{RawFileName}".
             This reference is not "CopyLocal" because at least one source item had "Private" set to "false" and no source items had "Private" set to "true".
             The ImageRuntimeVersion for this reference is "".
         Primary reference "Microsoft.AspNetCore.Hosting, Version=8.0.0.0, Culture=neutral, PublicKeyToken=adb9793829ddae60".
             Resolved file path is "/usr/lib64/dotnet/packs/Microsoft.AspNetCore.App.Ref/8.0.22/ref/net8.0/Microsoft.AspNetCore.Hosting.dll".
             Reference found at search path location "{RawFileName}".
             This reference is not "CopyLocal" because at least one source item had "Private" set to "false" and no source items had "Private" set to "true".
             The ImageRuntimeVersion for this reference is "".
         Primary reference "Microsoft.AspNetCore.Html.Abstractions, Version=8.0.0.0, Culture=neutral, PublicKeyToken=adb9793829ddae60".
             Resolved file path is "/usr/lib64/dotnet/packs/Microsoft.AspNetCore.App.Ref/8.0.22/ref/net8.0/Microsoft.AspNetCore.Html.Abstractions.dll".
             Reference found at search path location "{RawFileName}".
             This reference is not "CopyLocal" because at least one source item had "Private" set to "false" and no source items had "Private" set to "true".
             The ImageRuntimeVersion for this reference is "".
         Primary reference "Microsoft.AspNetCore.Http.Abstractions, Version=8.0.0.0, Culture=neutral, PublicKeyToken=adb9793829ddae60".
             Resolved file path is "/usr/lib64/dotnet/packs/Microsoft.AspNetCore.App.Ref/8.0.22/ref/net8.0/Microsoft.AspNetCore.Http.Abstractions.dll".
             Reference found at search path location "{RawFileName}".
             This reference is not "CopyLocal" because at least one source item had "Private" set to "false" and no source items had "Private" set to "true".
             The ImageRuntimeVersion for this reference is "".
         Primary reference "Microsoft.AspNetCore.Http.Connections.Common, Version=8.0.0.0, Culture=neutral, PublicKeyToken=adb9793829ddae60".
             Resolved file path is "/usr/lib64/dotnet/packs/Microsoft.AspNetCore.App.Ref/8.0.22/ref/net8.0/Microsoft.AspNetCore.Http.Connections.Common.dll".
             Reference found at search path location "{RawFileName}".
             This reference is not "CopyLocal" because at least one source item had "Private" set to "false" and no source items had "Private" set to "true".
             The ImageRuntimeVersion for this reference is "".
         Primary reference "Microsoft.AspNetCore.Http.Connections, Version=8.0.0.0, Culture=neutral, PublicKeyToken=adb9793829ddae60".
             Resolved file path is "/usr/lib64/dotnet/packs/Microsoft.AspNetCore.App.Ref/8.0.22/ref/net8.0/Microsoft.AspNetCore.Http.Connections.dll".
             Reference found at search path location "{RawFileName}".
             This reference is not "CopyLocal" because at least one source item had "Private" set to "false" and no source items had "Private" set to "true".
             The ImageRuntimeVersion for this reference is "".
         Primary reference "Microsoft.AspNetCore.Http.Extensions, Version=8.0.0.0, Culture=neutral, PublicKeyToken=adb9793829ddae60".
             Resolved file path is "/usr/lib64/dotnet/packs/Microsoft.AspNetCore.App.Ref/8.0.22/ref/net8.0/Microsoft.AspNetCore.Http.Extensions.dll".
             Reference found at search path location "{RawFileName}".
             This reference is not "CopyLocal" because at least one source item had "Private" set to "false" and no source items had "Private" set to "true".
             The ImageRuntimeVersion for this reference is "".
         Primary reference "Microsoft.AspNetCore.Http.Features, Version=8.0.0.0, Culture=neutral, PublicKeyToken=adb9793829ddae60".
             Resolved file path is "/usr/lib64/dotnet/packs/Microsoft.AspNetCore.App.Ref/8.0.22/ref/net8.0/Microsoft.AspNetCore.Http.Features.dll".
             Reference found at search path location "{RawFileName}".
             This reference is not "CopyLocal" because at least one source item had "Private" set to "false" and no source items had "Private" set to "true".
             The ImageRuntimeVersion for this reference is "".
         Primary reference "Microsoft.AspNetCore.Http.Results, Version=8.0.0.0, Culture=neutral, PublicKeyToken=adb9793829ddae60".
             Resolved file path is "/usr/lib64/dotnet/packs/Microsoft.AspNetCore.App.Ref/8.0.22/ref/net8.0/Microsoft.AspNetCore.Http.Results.dll".
             Reference found at search path location "{RawFileName}".
             This reference is not "CopyLocal" because at least one source item had "Private" set to "false" and no source items had "Private" set to "true".
             The ImageRuntimeVersion for this reference is "".
         Primary reference "Microsoft.AspNetCore.Http, Version=8.0.0.0, Culture=neutral, PublicKeyToken=adb9793829ddae60".
             Resolved file path is "/usr/lib64/dotnet/packs/Microsoft.AspNetCore.App.Ref/8.0.22/ref/net8.0/Microsoft.AspNetCore.Http.dll".
             Reference found at search path location "{RawFileName}".
             This reference is not "CopyLocal" because at least one source item had "Private" set to "false" and no source items had "Private" set to "true".
             The ImageRuntimeVersion for this reference is "".
         Primary reference "Microsoft.AspNetCore.HttpLogging, Version=8.0.0.0, Culture=neutral, PublicKeyToken=adb9793829ddae60".
             Resolved file path is "/usr/lib64/dotnet/packs/Microsoft.AspNetCore.App.Ref/8.0.22/ref/net8.0/Microsoft.AspNetCore.HttpLogging.dll".
             Reference found at search path location "{RawFileName}".
             This reference is not "CopyLocal" because at least one source item had "Private" set to "false" and no source items had "Private" set to "true".
             The ImageRuntimeVersion for this reference is "".
         Primary reference "Microsoft.AspNetCore.HttpOverrides, Version=8.0.0.0, Culture=neutral, PublicKeyToken=adb9793829ddae60".
             Resolved file path is "/usr/lib64/dotnet/packs/Microsoft.AspNetCore.App.Ref/8.0.22/ref/net8.0/Microsoft.AspNetCore.HttpOverrides.dll".
             Reference found at search path location "{RawFileName}".
             This reference is not "CopyLocal" because at least one source item had "Private" set to "false" and no source items had "Private" set to "true".
             The ImageRuntimeVersion for this reference is "".
         Primary reference "Microsoft.AspNetCore.HttpsPolicy, Version=8.0.0.0, Culture=neutral, PublicKeyToken=adb9793829ddae60".
             Resolved file path is "/usr/lib64/dotnet/packs/Microsoft.AspNetCore.App.Ref/8.0.22/ref/net8.0/Microsoft.AspNetCore.HttpsPolicy.dll".
             Reference found at search path location "{RawFileName}".
             This reference is not "CopyLocal" because at least one source item had "Private" set to "false" and no source items had "Private" set to "true".
             The ImageRuntimeVersion for this reference is "".
         Primary reference "Microsoft.AspNetCore.Identity, Version=8.0.0.0, Culture=neutral, PublicKeyToken=adb9793829ddae60".
             Resolved file path is "/usr/lib64/dotnet/packs/Microsoft.AspNetCore.App.Ref/8.0.22/ref/net8.0/Microsoft.AspNetCore.Identity.dll".
             Reference found at search path location "{RawFileName}".
             This reference is not "CopyLocal" because at least one source item had "Private" set to "false" and no source items had "Private" set to "true".
             The ImageRuntimeVersion for this reference is "".
         Primary reference "Microsoft.AspNetCore.Localization.Routing, Version=8.0.0.0, Culture=neutral, PublicKeyToken=adb9793829ddae60".
             Resolved file path is "/usr/lib64/dotnet/packs/Microsoft.AspNetCore.App.Ref/8.0.22/ref/net8.0/Microsoft.AspNetCore.Localization.Routing.dll".
             Reference found at search path location "{RawFileName}".
             This reference is not "CopyLocal" because at least one source item had "Private" set to "false" and no source items had "Private" set to "true".
             The ImageRuntimeVersion for this reference is "".
         Primary reference "Microsoft.AspNetCore.Localization, Version=8.0.0.0, Culture=neutral, PublicKeyToken=adb9793829ddae60".
             Resolved file path is "/usr/lib64/dotnet/packs/Microsoft.AspNetCore.App.Ref/8.0.22/ref/net8.0/Microsoft.AspNetCore.Localization.dll".
             Reference found at search path location "{RawFileName}".
             This reference is not "CopyLocal" because at least one source item had "Private" set to "false" and no source items had "Private" set to "true".
             The ImageRuntimeVersion for this reference is "".
         Primary reference "Microsoft.AspNetCore.Metadata, Version=8.0.0.0, Culture=neutral, PublicKeyToken=adb9793829ddae60".
             Resolved file path is "/usr/lib64/dotnet/packs/Microsoft.AspNetCore.App.Ref/8.0.22/ref/net8.0/Microsoft.AspNetCore.Metadata.dll".
             Reference found at search path location "{RawFileName}".
             This reference is not "CopyLocal" because at least one source item had "Private" set to "false" and no source items had "Private" set to "true".
             The ImageRuntimeVersion for this reference is "".
         Primary reference "Microsoft.AspNetCore.Mvc.Abstractions, Version=8.0.0.0, Culture=neutral, PublicKeyToken=adb9793829ddae60".
             Resolved file path is "/usr/lib64/dotnet/packs/Microsoft.AspNetCore.App.Ref/8.0.22/ref/net8.0/Microsoft.AspNetCore.Mvc.Abstractions.dll".
             Reference found at search path location "{RawFileName}".
             This reference is not "CopyLocal" because at least one source item had "Private" set to "false" and no source items had "Private" set to "true".
             The ImageRuntimeVersion for this reference is "".
         Primary reference "Microsoft.AspNetCore.Mvc.ApiExplorer, Version=8.0.0.0, Culture=neutral, PublicKeyToken=adb9793829ddae60".
             Resolved file path is "/usr/lib64/dotnet/packs/Microsoft.AspNetCore.App.Ref/8.0.22/ref/net8.0/Microsoft.AspNetCore.Mvc.ApiExplorer.dll".
             Reference found at search path location "{RawFileName}".
             This reference is not "CopyLocal" because at least one source item had "Private" set to "false" and no source items had "Private" set to "true".
             The ImageRuntimeVersion for this reference is "".
         Primary reference "Microsoft.AspNetCore.Mvc.Core, Version=8.0.0.0, Culture=neutral, PublicKeyToken=adb9793829ddae60".
             Resolved file path is "/usr/lib64/dotnet/packs/Microsoft.AspNetCore.App.Ref/8.0.22/ref/net8.0/Microsoft.AspNetCore.Mvc.Core.dll".
             Reference found at search path location "{RawFileName}".
             This reference is not "CopyLocal" because at least one source item had "Private" set to "false" and no source items had "Private" set to "true".
             The ImageRuntimeVersion for this reference is "".
         Primary reference "Microsoft.AspNetCore.Mvc.Cors, Version=8.0.0.0, Culture=neutral, PublicKeyToken=adb9793829ddae60".
             Resolved file path is "/usr/lib64/dotnet/packs/Microsoft.AspNetCore.App.Ref/8.0.22/ref/net8.0/Microsoft.AspNetCore.Mvc.Cors.dll".
             Reference found at search path location "{RawFileName}".
             This reference is not "CopyLocal" because at least one source item had "Private" set to "false" and no source items had "Private" set to "true".
             The ImageRuntimeVersion for this reference is "".
         Primary reference "Microsoft.AspNetCore.Mvc.DataAnnotations, Version=8.0.0.0, Culture=neutral, PublicKeyToken=adb9793829ddae60".
             Resolved file path is "/usr/lib64/dotnet/packs/Microsoft.AspNetCore.App.Ref/8.0.22/ref/net8.0/Microsoft.AspNetCore.Mvc.DataAnnotations.dll".
             Reference found at search path location "{RawFileName}".
             This reference is not "CopyLocal" because at least one source item had "Private" set to "false" and no source items had "Private" set to "true".
             The ImageRuntimeVersion for this reference is "".
         Primary reference "Microsoft.AspNetCore.Mvc.Formatters.Json, Version=8.0.0.0, Culture=neutral, PublicKeyToken=adb9793829ddae60".
             Resolved file path is "/usr/lib64/dotnet/packs/Microsoft.AspNetCore.App.Ref/8.0.22/ref/net8.0/Microsoft.AspNetCore.Mvc.Formatters.Json.dll".
             Reference found at search path location "{RawFileName}".
             This reference is not "CopyLocal" because at least one source item had "Private" set to "false" and no source items had "Private" set to "true".
             The ImageRuntimeVersion for this reference is "".
         Primary reference "Microsoft.AspNetCore.Mvc.Formatters.Xml, Version=8.0.0.0, Culture=neutral, PublicKeyToken=adb9793829ddae60".
             Resolved file path is "/usr/lib64/dotnet/packs/Microsoft.AspNetCore.App.Ref/8.0.22/ref/net8.0/Microsoft.AspNetCore.Mvc.Formatters.Xml.dll".
             Reference found at search path location "{RawFileName}".
             This reference is not "CopyLocal" because at least one source item had "Private" set to "false" and no source items had "Private" set to "true".
             The ImageRuntimeVersion for this reference is "".
         Primary reference "Microsoft.AspNetCore.Mvc.Localization, Version=8.0.0.0, Culture=neutral, PublicKeyToken=adb9793829ddae60".
             Resolved file path is "/usr/lib64/dotnet/packs/Microsoft.AspNetCore.App.Ref/8.0.22/ref/net8.0/Microsoft.AspNetCore.Mvc.Localization.dll".
             Reference found at search path location "{RawFileName}".
             This reference is not "CopyLocal" because at least one source item had "Private" set to "false" and no source items had "Private" set to "true".
             The ImageRuntimeVersion for this reference is "".
         Primary reference "Microsoft.AspNetCore.Mvc.Razor, Version=8.0.0.0, Culture=neutral, PublicKeyToken=adb9793829ddae60".
             Resolved file path is "/usr/lib64/dotnet/packs/Microsoft.AspNetCore.App.Ref/8.0.22/ref/net8.0/Microsoft.AspNetCore.Mvc.Razor.dll".
             Reference found at search path location "{RawFileName}".
             This reference is not "CopyLocal" because at least one source item had "Private" set to "false" and no source items had "Private" set to "true".
             The ImageRuntimeVersion for this reference is "".
         Primary reference "Microsoft.AspNetCore.Mvc.RazorPages, Version=8.0.0.0, Culture=neutral, PublicKeyToken=adb9793829ddae60".
             Resolved file path is "/usr/lib64/dotnet/packs/Microsoft.AspNetCore.App.Ref/8.0.22/ref/net8.0/Microsoft.AspNetCore.Mvc.RazorPages.dll".
             Reference found at search path location "{RawFileName}".
             This reference is not "CopyLocal" because at least one source item had "Private" set to "false" and no source items had "Private" set to "true".
             The ImageRuntimeVersion for this reference is "".
         Primary reference "Microsoft.AspNetCore.Mvc.TagHelpers, Version=8.0.0.0, Culture=neutral, PublicKeyToken=adb9793829ddae60".
             Resolved file path is "/usr/lib64/dotnet/packs/Microsoft.AspNetCore.App.Ref/8.0.22/ref/net8.0/Microsoft.AspNetCore.Mvc.TagHelpers.dll".
             Reference found at search path location "{RawFileName}".
             This reference is not "CopyLocal" because at least one source item had "Private" set to "false" and no source items had "Private" set to "true".
             The ImageRuntimeVersion for this reference is "".
         Primary reference "Microsoft.AspNetCore.Mvc.ViewFeatures, Version=8.0.0.0, Culture=neutral, PublicKeyToken=adb9793829ddae60".
             Resolved file path is "/usr/lib64/dotnet/packs/Microsoft.AspNetCore.App.Ref/8.0.22/ref/net8.0/Microsoft.AspNetCore.Mvc.ViewFeatures.dll".
             Reference found at search path location "{RawFileName}".
             This reference is not "CopyLocal" because at least one source item had "Private" set to "false" and no source items had "Private" set to "true".
             The ImageRuntimeVersion for this reference is "".
         Primary reference "Microsoft.AspNetCore.Mvc, Version=8.0.0.0, Culture=neutral, PublicKeyToken=adb9793829ddae60".
             Resolved file path is "/usr/lib64/dotnet/packs/Microsoft.AspNetCore.App.Ref/8.0.22/ref/net8.0/Microsoft.AspNetCore.Mvc.dll".
             Reference found at search path location "{RawFileName}".
             This reference is not "CopyLocal" because at least one source item had "Private" set to "false" and no source items had "Private" set to "true".
             The ImageRuntimeVersion for this reference is "".
         Primary reference "Microsoft.AspNetCore.OutputCaching, Version=8.0.0.0, Culture=neutral, PublicKeyToken=adb9793829ddae60".
             Resolved file path is "/usr/lib64/dotnet/packs/Microsoft.AspNetCore.App.Ref/8.0.22/ref/net8.0/Microsoft.AspNetCore.OutputCaching.dll".
             Reference found at search path location "{RawFileName}".
             This reference is not "CopyLocal" because at least one source item had "Private" set to "false" and no source items had "Private" set to "true".
             The ImageRuntimeVersion for this reference is "".
         Primary reference "Microsoft.AspNetCore.RateLimiting, Version=8.0.0.0, Culture=neutral, PublicKeyToken=adb9793829ddae60".
             Resolved file path is "/usr/lib64/dotnet/packs/Microsoft.AspNetCore.App.Ref/8.0.22/ref/net8.0/Microsoft.AspNetCore.RateLimiting.dll".
             Reference found at search path location "{RawFileName}".
             This reference is not "CopyLocal" because at least one source item had "Private" set to "false" and no source items had "Private" set to "true".
             The ImageRuntimeVersion for this reference is "".
         Primary reference "Microsoft.AspNetCore.Razor.Runtime, Version=8.0.0.0, Culture=neutral, PublicKeyToken=adb9793829ddae60".
             Resolved file path is "/usr/lib64/dotnet/packs/Microsoft.AspNetCore.App.Ref/8.0.22/ref/net8.0/Microsoft.AspNetCore.Razor.Runtime.dll".
             Reference found at search path location "{RawFileName}".
             This reference is not "CopyLocal" because at least one source item had "Private" set to "false" and no source items had "Private" set to "true".
             The ImageRuntimeVersion for this reference is "".
         Primary reference "Microsoft.AspNetCore.Razor, Version=8.0.0.0, Culture=neutral, PublicKeyToken=adb9793829ddae60".
             Resolved file path is "/usr/lib64/dotnet/packs/Microsoft.AspNetCore.App.Ref/8.0.22/ref/net8.0/Microsoft.AspNetCore.Razor.dll".
             Reference found at search path location "{RawFileName}".
             This reference is not "CopyLocal" because at least one source item had "Private" set to "false" and no source items had "Private" set to "true".
             The ImageRuntimeVersion for this reference is "".
         Primary reference "Microsoft.AspNetCore.RequestDecompression, Version=8.0.0.0, Culture=neutral, PublicKeyToken=adb9793829ddae60".
             Resolved file path is "/usr/lib64/dotnet/packs/Microsoft.AspNetCore.App.Ref/8.0.22/ref/net8.0/Microsoft.AspNetCore.RequestDecompression.dll".
             Reference found at search path location "{RawFileName}".
             This reference is not "CopyLocal" because at least one source item had "Private" set to "false" and no source items had "Private" set to "true".
             The ImageRuntimeVersion for this reference is "".
         Primary reference "Microsoft.AspNetCore.ResponseCaching.Abstractions, Version=8.0.0.0, Culture=neutral, PublicKeyToken=adb9793829ddae60".
             Resolved file path is "/usr/lib64/dotnet/packs/Microsoft.AspNetCore.App.Ref/8.0.22/ref/net8.0/Microsoft.AspNetCore.ResponseCaching.Abstractions.dll".
             Reference found at search path location "{RawFileName}".
             This reference is not "CopyLocal" because at least one source item had "Private" set to "false" and no source items had "Private" set to "true".
             The ImageRuntimeVersion for this reference is "".
         Primary reference "Microsoft.AspNetCore.ResponseCaching, Version=8.0.0.0, Culture=neutral, PublicKeyToken=adb9793829ddae60".
             Resolved file path is "/usr/lib64/dotnet/packs/Microsoft.AspNetCore.App.Ref/8.0.22/ref/net8.0/Microsoft.AspNetCore.ResponseCaching.dll".
             Reference found at search path location "{RawFileName}".
             This reference is not "CopyLocal" because at least one source item had "Private" set to "false" and no source items had "Private" set to "true".
             The ImageRuntimeVersion for this reference is "".
         Primary reference "Microsoft.AspNetCore.ResponseCompression, Version=8.0.0.0, Culture=neutral, PublicKeyToken=adb9793829ddae60".
             Resolved file path is "/usr/lib64/dotnet/packs/Microsoft.AspNetCore.App.Ref/8.0.22/ref/net8.0/Microsoft.AspNetCore.ResponseCompression.dll".
             Reference found at search path location "{RawFileName}".
             This reference is not "CopyLocal" because at least one source item had "Private" set to "false" and no source items had "Private" set to "true".
             The ImageRuntimeVersion for this reference is "".
         Primary reference "Microsoft.AspNetCore.Rewrite, Version=8.0.0.0, Culture=neutral, PublicKeyToken=adb9793829ddae60".
             Resolved file path is "/usr/lib64/dotnet/packs/Microsoft.AspNetCore.App.Ref/8.0.22/ref/net8.0/Microsoft.AspNetCore.Rewrite.dll".
             Reference found at search path location "{RawFileName}".
             This reference is not "CopyLocal" because at least one source item had "Private" set to "false" and no source items had "Private" set to "true".
             The ImageRuntimeVersion for this reference is "".
         Primary reference "Microsoft.AspNetCore.Routing.Abstractions, Version=8.0.0.0, Culture=neutral, PublicKeyToken=adb9793829ddae60".
             Resolved file path is "/usr/lib64/dotnet/packs/Microsoft.AspNetCore.App.Ref/8.0.22/ref/net8.0/Microsoft.AspNetCore.Routing.Abstractions.dll".
             Reference found at search path location "{RawFileName}".
             This reference is not "CopyLocal" because at least one source item had "Private" set to "false" and no source items had "Private" set to "true".
             The ImageRuntimeVersion for this reference is "".
         Primary reference "Microsoft.AspNetCore.Routing, Version=8.0.0.0, Culture=neutral, PublicKeyToken=adb9793829ddae60".
             Resolved file path is "/usr/lib64/dotnet/packs/Microsoft.AspNetCore.App.Ref/8.0.22/ref/net8.0/Microsoft.AspNetCore.Routing.dll".
             Reference found at search path location "{RawFileName}".
             This reference is not "CopyLocal" because at least one source item had "Private" set to "false" and no source items had "Private" set to "true".
             The ImageRuntimeVersion for this reference is "".
         Primary reference "Microsoft.AspNetCore.Server.HttpSys, Version=8.0.0.0, Culture=neutral, PublicKeyToken=adb9793829ddae60".
             Resolved file path is "/usr/lib64/dotnet/packs/Microsoft.AspNetCore.App.Ref/8.0.22/ref/net8.0/Microsoft.AspNetCore.Server.HttpSys.dll".
             Reference found at search path location "{RawFileName}".
             This reference is not "CopyLocal" because at least one source item had "Private" set to "false" and no source items had "Private" set to "true".
             The ImageRuntimeVersion for this reference is "".
         Primary reference "Microsoft.AspNetCore.Server.IIS, Version=8.0.0.0, Culture=neutral, PublicKeyToken=adb9793829ddae60".
             Resolved file path is "/usr/lib64/dotnet/packs/Microsoft.AspNetCore.App.Ref/8.0.22/ref/net8.0/Microsoft.AspNetCore.Server.IIS.dll".
             Reference found at search path location "{RawFileName}".
             This reference is not "CopyLocal" because at least one source item had "Private" set to "false" and no source items had "Private" set to "true".
             The ImageRuntimeVersion for this reference is "".
         Primary reference "Microsoft.AspNetCore.Server.IISIntegration, Version=8.0.0.0, Culture=neutral, PublicKeyToken=adb9793829ddae60".
             Resolved file path is "/usr/lib64/dotnet/packs/Microsoft.AspNetCore.App.Ref/8.0.22/ref/net8.0/Microsoft.AspNetCore.Server.IISIntegration.dll".
             Reference found at search path location "{RawFileName}".
             This reference is not "CopyLocal" because at least one source item had "Private" set to "false" and no source items had "Private" set to "true".
             The ImageRuntimeVersion for this reference is "".
         Primary reference "Microsoft.AspNetCore.Server.Kestrel.Core, Version=8.0.0.0, Culture=neutral, PublicKeyToken=adb9793829ddae60".
             Resolved file path is "/usr/lib64/dotnet/packs/Microsoft.AspNetCore.App.Ref/8.0.22/ref/net8.0/Microsoft.AspNetCore.Server.Kestrel.Core.dll".
             Reference found at search path location "{RawFileName}".
             This reference is not "CopyLocal" because at least one source item had "Private" set to "false" and no source items had "Private" set to "true".
             The ImageRuntimeVersion for this reference is "".
         Primary reference "Microsoft.AspNetCore.Server.Kestrel.Transport.NamedPipes, Version=8.0.0.0, Culture=neutral, PublicKeyToken=adb9793829ddae60".
             Resolved file path is "/usr/lib64/dotnet/packs/Microsoft.AspNetCore.App.Ref/8.0.22/ref/net8.0/Microsoft.AspNetCore.Server.Kestrel.Transport.NamedPipes.dll".
             Reference found at search path location "{RawFileName}".
             This reference is not "CopyLocal" because at least one source item had "Private" set to "false" and no source items had "Private" set to "true".
             The ImageRuntimeVersion for this reference is "".
         Primary reference "Microsoft.AspNetCore.Server.Kestrel.Transport.Quic, Version=8.0.0.0, Culture=neutral, PublicKeyToken=adb9793829ddae60".
             Resolved file path is "/usr/lib64/dotnet/packs/Microsoft.AspNetCore.App.Ref/8.0.22/ref/net8.0/Microsoft.AspNetCore.Server.Kestrel.Transport.Quic.dll".
             Reference found at search path location "{RawFileName}".
             This reference is not "CopyLocal" because at least one source item had "Private" set to "false" and no source items had "Private" set to "true".
             The ImageRuntimeVersion for this reference is "".
         Primary reference "Microsoft.AspNetCore.Server.Kestrel.Transport.Sockets, Version=8.0.0.0, Culture=neutral, PublicKeyToken=adb9793829ddae60".
             Resolved file path is "/usr/lib64/dotnet/packs/Microsoft.AspNetCore.App.Ref/8.0.22/ref/net8.0/Microsoft.AspNetCore.Server.Kestrel.Transport.Sockets.dll".
             Reference found at search path location "{RawFileName}".
             This reference is not "CopyLocal" because at least one source item had "Private" set to "false" and no source items had "Private" set to "true".
             The ImageRuntimeVersion for this reference is "".
         Primary reference "Microsoft.AspNetCore.Server.Kestrel, Version=8.0.0.0, Culture=neutral, PublicKeyToken=adb9793829ddae60".
             Resolved file path is "/usr/lib64/dotnet/packs/Microsoft.AspNetCore.App.Ref/8.0.22/ref/net8.0/Microsoft.AspNetCore.Server.Kestrel.dll".
             Reference found at search path location "{RawFileName}".
             This reference is not "CopyLocal" because at least one source item had "Private" set to "false" and no source items had "Private" set to "true".
             The ImageRuntimeVersion for this reference is "".
         Primary reference "Microsoft.AspNetCore.Session, Version=8.0.0.0, Culture=neutral, PublicKeyToken=adb9793829ddae60".
             Resolved file path is "/usr/lib64/dotnet/packs/Microsoft.AspNetCore.App.Ref/8.0.22/ref/net8.0/Microsoft.AspNetCore.Session.dll".
             Reference found at search path location "{RawFileName}".
             This reference is not "CopyLocal" because at least one source item had "Private" set to "false" and no source items had "Private" set to "true".
             The ImageRuntimeVersion for this reference is "".
         Primary reference "Microsoft.AspNetCore.SignalR.Common, Version=8.0.0.0, Culture=neutral, PublicKeyToken=adb9793829ddae60".
             Resolved file path is "/usr/lib64/dotnet/packs/Microsoft.AspNetCore.App.Ref/8.0.22/ref/net8.0/Microsoft.AspNetCore.SignalR.Common.dll".
             Reference found at search path location "{RawFileName}".
             This reference is not "CopyLocal" because at least one source item had "Private" set to "false" and no source items had "Private" set to "true".
             The ImageRuntimeVersion for this reference is "".
         Primary reference "Microsoft.AspNetCore.SignalR.Core, Version=8.0.0.0, Culture=neutral, PublicKeyToken=adb9793829ddae60".
             Resolved file path is "/usr/lib64/dotnet/packs/Microsoft.AspNetCore.App.Ref/8.0.22/ref/net8.0/Microsoft.AspNetCore.SignalR.Core.dll".
             Reference found at search path location "{RawFileName}".
             This reference is not "CopyLocal" because at least one source item had "Private" set to "false" and no source items had "Private" set to "true".
             The ImageRuntimeVersion for this reference is "".
         Primary reference "Microsoft.AspNetCore.SignalR.Protocols.Json, Version=8.0.0.0, Culture=neutral, PublicKeyToken=adb9793829ddae60".
             Resolved file path is "/usr/lib64/dotnet/packs/Microsoft.AspNetCore.App.Ref/8.0.22/ref/net8.0/Microsoft.AspNetCore.SignalR.Protocols.Json.dll".
             Reference found at search path location "{RawFileName}".
             This reference is not "CopyLocal" because at least one source item had "Private" set to "false" and no source items had "Private" set to "true".
             The ImageRuntimeVersion for this reference is "".
         Primary reference "Microsoft.AspNetCore.SignalR, Version=8.0.0.0, Culture=neutral, PublicKeyToken=adb9793829ddae60".
             Resolved file path is "/usr/lib64/dotnet/packs/Microsoft.AspNetCore.App.Ref/8.0.22/ref/net8.0/Microsoft.AspNetCore.SignalR.dll".
             Reference found at search path location "{RawFileName}".
             This reference is not "CopyLocal" because at least one source item had "Private" set to "false" and no source items had "Private" set to "true".
             The ImageRuntimeVersion for this reference is "".
         Primary reference "Microsoft.AspNetCore.StaticFiles, Version=8.0.0.0, Culture=neutral, PublicKeyToken=adb9793829ddae60".
             Resolved file path is "/usr/lib64/dotnet/packs/Microsoft.AspNetCore.App.Ref/8.0.22/ref/net8.0/Microsoft.AspNetCore.StaticFiles.dll".
             Reference found at search path location "{RawFileName}".
             This reference is not "CopyLocal" because at least one source item had "Private" set to "false" and no source items had "Private" set to "true".
             The ImageRuntimeVersion for this reference is "".
         Primary reference "Microsoft.AspNetCore.WebSockets, Version=8.0.0.0, Culture=neutral, PublicKeyToken=adb9793829ddae60".
             Resolved file path is "/usr/lib64/dotnet/packs/Microsoft.AspNetCore.App.Ref/8.0.22/ref/net8.0/Microsoft.AspNetCore.WebSockets.dll".
             Reference found at search path location "{RawFileName}".
             This reference is not "CopyLocal" because at least one source item had "Private" set to "false" and no source items had "Private" set to "true".
             The ImageRuntimeVersion for this reference is "".
         Primary reference "Microsoft.AspNetCore.WebUtilities, Version=8.0.0.0, Culture=neutral, PublicKeyToken=adb9793829ddae60".
             Resolved file path is "/usr/lib64/dotnet/packs/Microsoft.AspNetCore.App.Ref/8.0.22/ref/net8.0/Microsoft.AspNetCore.WebUtilities.dll".
             Reference found at search path location "{RawFileName}".
             This reference is not "CopyLocal" because at least one source item had "Private" set to "false" and no source items had "Private" set to "true".
             The ImageRuntimeVersion for this reference is "".
         Primary reference "Microsoft.AspNetCore, Version=8.0.0.0, Culture=neutral, PublicKeyToken=adb9793829ddae60".
             Resolved file path is "/usr/lib64/dotnet/packs/Microsoft.AspNetCore.App.Ref/8.0.22/ref/net8.0/Microsoft.AspNetCore.dll".
             Reference found at search path location "{RawFileName}".
             This reference is not "CopyLocal" because at least one source item had "Private" set to "false" and no source items had "Private" set to "true".
             The ImageRuntimeVersion for this reference is "".
         Primary reference "Microsoft.Extensions.Caching.Abstractions, Version=8.0.0.0, Culture=neutral, PublicKeyToken=adb9793829ddae60".
             Resolved file path is "/usr/lib64/dotnet/packs/Microsoft.AspNetCore.App.Ref/8.0.22/ref/net8.0/Microsoft.Extensions.Caching.Abstractions.dll".
             Reference found at search path location "{RawFileName}".
             This reference is not "CopyLocal" because at least one source item had "Private" set to "false" and no source items had "Private" set to "true".
             The ImageRuntimeVersion for this reference is "".
         Primary reference "Microsoft.Extensions.Caching.Memory, Version=8.0.0.0, Culture=neutral, PublicKeyToken=adb9793829ddae60".
             Resolved file path is "/usr/lib64/dotnet/packs/Microsoft.AspNetCore.App.Ref/8.0.22/ref/net8.0/Microsoft.Extensions.Caching.Memory.dll".
             Reference found at search path location "{RawFileName}".
             This reference is not "CopyLocal" because at least one source item had "Private" set to "false" and no source items had "Private" set to "true".
             The ImageRuntimeVersion for this reference is "".
         Primary reference "Microsoft.Extensions.Configuration.Abstractions, Version=8.0.0.0, Culture=neutral, PublicKeyToken=adb9793829ddae60".
             Resolved file path is "/usr/lib64/dotnet/packs/Microsoft.AspNetCore.App.Ref/8.0.22/ref/net8.0/Microsoft.Extensions.Configuration.Abstractions.dll".
             Reference found at search path location "{RawFileName}".
             This reference is not "CopyLocal" because at least one source item had "Private" set to "false" and no source items had "Private" set to "true".
             The ImageRuntimeVersion for this reference is "".
         Primary reference "Microsoft.Extensions.Configuration.Binder, Version=8.0.0.0, Culture=neutral, PublicKeyToken=adb9793829ddae60".
             Resolved file path is "/usr/lib64/dotnet/packs/Microsoft.AspNetCore.App.Ref/8.0.22/ref/net8.0/Microsoft.Extensions.Configuration.Binder.dll".
             Reference found at search path location "{RawFileName}".
             This reference is not "CopyLocal" because at least one source item had "Private" set to "false" and no source items had "Private" set to "true".
             The ImageRuntimeVersion for this reference is "".
         Primary reference "Microsoft.Extensions.Configuration.CommandLine, Version=8.0.0.0, Culture=neutral, PublicKeyToken=adb9793829ddae60".
             Resolved file path is "/usr/lib64/dotnet/packs/Microsoft.AspNetCore.App.Ref/8.0.22/ref/net8.0/Microsoft.Extensions.Configuration.CommandLine.dll".
             Reference found at search path location "{RawFileName}".
             This reference is not "CopyLocal" because at least one source item had "Private" set to "false" and no source items had "Private" set to "true".
             The ImageRuntimeVersion for this reference is "".
         Primary reference "Microsoft.Extensions.Configuration.EnvironmentVariables, Version=8.0.0.0, Culture=neutral, PublicKeyToken=adb9793829ddae60".
             Resolved file path is "/usr/lib64/dotnet/packs/Microsoft.AspNetCore.App.Ref/8.0.22/ref/net8.0/Microsoft.Extensions.Configuration.EnvironmentVariables.dll".
             Reference found at search path location "{RawFileName}".
             This reference is not "CopyLocal" because at least one source item had "Private" set to "false" and no source items had "Private" set to "true".
             The ImageRuntimeVersion for this reference is "".
         Primary reference "Microsoft.Extensions.Configuration.FileExtensions, Version=8.0.0.0, Culture=neutral, PublicKeyToken=adb9793829ddae60".
             Resolved file path is "/usr/lib64/dotnet/packs/Microsoft.AspNetCore.App.Ref/8.0.22/ref/net8.0/Microsoft.Extensions.Configuration.FileExtensions.dll".
             Reference found at search path location "{RawFileName}".
             This reference is not "CopyLocal" because at least one source item had "Private" set to "false" and no source items had "Private" set to "true".
             The ImageRuntimeVersion for this reference is "".
         Primary reference "Microsoft.Extensions.Configuration.Ini, Version=8.0.0.0, Culture=neutral, PublicKeyToken=adb9793829ddae60".
             Resolved file path is "/usr/lib64/dotnet/packs/Microsoft.AspNetCore.App.Ref/8.0.22/ref/net8.0/Microsoft.Extensions.Configuration.Ini.dll".
             Reference found at search path location "{RawFileName}".
             This reference is not "CopyLocal" because at least one source item had "Private" set to "false" and no source items had "Private" set to "true".
             The ImageRuntimeVersion for this reference is "".
         Primary reference "Microsoft.Extensions.Configuration.Json, Version=8.0.0.0, Culture=neutral, PublicKeyToken=adb9793829ddae60".
             Resolved file path is "/usr/lib64/dotnet/packs/Microsoft.AspNetCore.App.Ref/8.0.22/ref/net8.0/Microsoft.Extensions.Configuration.Json.dll".
             Reference found at search path location "{RawFileName}".
             This reference is not "CopyLocal" because at least one source item had "Private" set to "false" and no source items had "Private" set to "true".
             The ImageRuntimeVersion for this reference is "".
         Primary reference "Microsoft.Extensions.Configuration.KeyPerFile, Version=8.0.0.0, Culture=neutral, PublicKeyToken=adb9793829ddae60".
             Resolved file path is "/usr/lib64/dotnet/packs/Microsoft.AspNetCore.App.Ref/8.0.22/ref/net8.0/Microsoft.Extensions.Configuration.KeyPerFile.dll".
             Reference found at search path location "{RawFileName}".
             This reference is not "CopyLocal" because at least one source item had "Private" set to "false" and no source items had "Private" set to "true".
             The ImageRuntimeVersion for this reference is "".
         Primary reference "Microsoft.Extensions.Configuration.UserSecrets, Version=8.0.0.0, Culture=neutral, PublicKeyToken=adb9793829ddae60".
             Resolved file path is "/usr/lib64/dotnet/packs/Microsoft.AspNetCore.App.Ref/8.0.22/ref/net8.0/Microsoft.Extensions.Configuration.UserSecrets.dll".
             Reference found at search path location "{RawFileName}".
             This reference is not "CopyLocal" because at least one source item had "Private" set to "false" and no source items had "Private" set to "true".
             The ImageRuntimeVersion for this reference is "".
         Primary reference "Microsoft.Extensions.Configuration.Xml, Version=8.0.0.0, Culture=neutral, PublicKeyToken=adb9793829ddae60".
             Resolved file path is "/usr/lib64/dotnet/packs/Microsoft.AspNetCore.App.Ref/8.0.22/ref/net8.0/Microsoft.Extensions.Configuration.Xml.dll".
             Reference found at search path location "{RawFileName}".
             This reference is not "CopyLocal" because at least one source item had "Private" set to "false" and no source items had "Private" set to "true".
             The ImageRuntimeVersion for this reference is "".
         Primary reference "Microsoft.Extensions.Configuration, Version=8.0.0.0, Culture=neutral, PublicKeyToken=adb9793829ddae60".
             Resolved file path is "/usr/lib64/dotnet/packs/Microsoft.AspNetCore.App.Ref/8.0.22/ref/net8.0/Microsoft.Extensions.Configuration.dll".
             Reference found at search path location "{RawFileName}".
             This reference is not "CopyLocal" because at least one source item had "Private" set to "false" and no source items had "Private" set to "true".
             The ImageRuntimeVersion for this reference is "".
         Primary reference "Microsoft.Extensions.DependencyInjection.Abstractions, Version=8.0.0.0, Culture=neutral, PublicKeyToken=adb9793829ddae60".
             Resolved file path is "/usr/lib64/dotnet/packs/Microsoft.AspNetCore.App.Ref/8.0.22/ref/net8.0/Microsoft.Extensions.DependencyInjection.Abstractions.dll".
             Reference found at search path location "{RawFileName}".
             This reference is not "CopyLocal" because at least one source item had "Private" set to "false" and no source items had "Private" set to "true".
             The ImageRuntimeVersion for this reference is "".
         Primary reference "Microsoft.Extensions.DependencyInjection, Version=8.0.0.0, Culture=neutral, PublicKeyToken=adb9793829ddae60".
             Resolved file path is "/usr/lib64/dotnet/packs/Microsoft.AspNetCore.App.Ref/8.0.22/ref/net8.0/Microsoft.Extensions.DependencyInjection.dll".
             Reference found at search path location "{RawFileName}".
             This reference is not "CopyLocal" because at least one source item had "Private" set to "false" and no source items had "Private" set to "true".
             The ImageRuntimeVersion for this reference is "".
         Primary reference "Microsoft.Extensions.Diagnostics.Abstractions, Version=8.0.0.0, Culture=neutral, PublicKeyToken=adb9793829ddae60".
             Resolved file path is "/usr/lib64/dotnet/packs/Microsoft.AspNetCore.App.Ref/8.0.22/ref/net8.0/Microsoft.Extensions.Diagnostics.Abstractions.dll".
             Reference found at search path location "{RawFileName}".
             This reference is not "CopyLocal" because at least one source item had "Private" set to "false" and no source items had "Private" set to "true".
             The ImageRuntimeVersion for this reference is "".
         Primary reference "Microsoft.Extensions.Diagnostics.HealthChecks.Abstractions, Version=8.0.0.0, Culture=neutral, PublicKeyToken=adb9793829ddae60".
             Resolved file path is "/usr/lib64/dotnet/packs/Microsoft.AspNetCore.App.Ref/8.0.22/ref/net8.0/Microsoft.Extensions.Diagnostics.HealthChecks.Abstractions.dll".
             Reference found at search path location "{RawFileName}".
             This reference is not "CopyLocal" because at least one source item had "Private" set to "false" and no source items had "Private" set to "true".
             The ImageRuntimeVersion for this reference is "".
         Primary reference "Microsoft.Extensions.Diagnostics.HealthChecks, Version=8.0.0.0, Culture=neutral, PublicKeyToken=adb9793829ddae60".
             Resolved file path is "/usr/lib64/dotnet/packs/Microsoft.AspNetCore.App.Ref/8.0.22/ref/net8.0/Microsoft.Extensions.Diagnostics.HealthChecks.dll".
             Reference found at search path location "{RawFileName}".
             This reference is not "CopyLocal" because at least one source item had "Private" set to "false" and no source items had "Private" set to "true".
             The ImageRuntimeVersion for this reference is "".
         Primary reference "Microsoft.Extensions.Diagnostics, Version=8.0.0.0, Culture=neutral, PublicKeyToken=adb9793829ddae60".
             Resolved file path is "/usr/lib64/dotnet/packs/Microsoft.AspNetCore.App.Ref/8.0.22/ref/net8.0/Microsoft.Extensions.Diagnostics.dll".
             Reference found at search path location "{RawFileName}".
             This reference is not "CopyLocal" because at least one source item had "Private" set to "false" and no source items had "Private" set to "true".
             The ImageRuntimeVersion for this reference is "".
         Primary reference "Microsoft.Extensions.Features, Version=8.0.0.0, Culture=neutral, PublicKeyToken=adb9793829ddae60".
             Resolved file path is "/usr/lib64/dotnet/packs/Microsoft.AspNetCore.App.Ref/8.0.22/ref/net8.0/Microsoft.Extensions.Features.dll".
             Reference found at search path location "{RawFileName}".
             This reference is not "CopyLocal" because at least one source item had "Private" set to "false" and no source items had "Private" set to "true".
             The ImageRuntimeVersion for this reference is "".
         Primary reference "Microsoft.Extensions.FileProviders.Abstractions, Version=8.0.0.0, Culture=neutral, PublicKeyToken=adb9793829ddae60".
             Resolved file path is "/usr/lib64/dotnet/packs/Microsoft.AspNetCore.App.Ref/8.0.22/ref/net8.0/Microsoft.Extensions.FileProviders.Abstractions.dll".
             Reference found at search path location "{RawFileName}".
             This reference is not "CopyLocal" because at least one source item had "Private" set to "false" and no source items had "Private" set to "true".
             The ImageRuntimeVersion for this reference is "".
         Primary reference "Microsoft.Extensions.FileProviders.Composite, Version=8.0.0.0, Culture=neutral, PublicKeyToken=adb9793829ddae60".
             Resolved file path is "/usr/lib64/dotnet/packs/Microsoft.AspNetCore.App.Ref/8.0.22/ref/net8.0/Microsoft.Extensions.FileProviders.Composite.dll".
             Reference found at search path location "{RawFileName}".
             This reference is not "CopyLocal" because at least one source item had "Private" set to "false" and no source items had "Private" set to "true".
             The ImageRuntimeVersion for this reference is "".
         Primary reference "Microsoft.Extensions.FileProviders.Embedded, Version=8.0.0.0, Culture=neutral, PublicKeyToken=adb9793829ddae60".
             Resolved file path is "/usr/lib64/dotnet/packs/Microsoft.AspNetCore.App.Ref/8.0.22/ref/net8.0/Microsoft.Extensions.FileProviders.Embedded.dll".
             Reference found at search path location "{RawFileName}".
             This reference is not "CopyLocal" because at least one source item had "Private" set to "false" and no source items had "Private" set to "true".
             The ImageRuntimeVersion for this reference is "".
         Primary reference "Microsoft.Extensions.FileProviders.Physical, Version=8.0.0.0, Culture=neutral, PublicKeyToken=adb9793829ddae60".
             Resolved file path is "/usr/lib64/dotnet/packs/Microsoft.AspNetCore.App.Ref/8.0.22/ref/net8.0/Microsoft.Extensions.FileProviders.Physical.dll".
             Reference found at search path location "{RawFileName}".
             This reference is not "CopyLocal" because at least one source item had "Private" set to "false" and no source items had "Private" set to "true".
             The ImageRuntimeVersion for this reference is "".
         Primary reference "Microsoft.Extensions.FileSystemGlobbing, Version=8.0.0.0, Culture=neutral, PublicKeyToken=adb9793829ddae60".
             Resolved file path is "/usr/lib64/dotnet/packs/Microsoft.AspNetCore.App.Ref/8.0.22/ref/net8.0/Microsoft.Extensions.FileSystemGlobbing.dll".
             Reference found at search path location "{RawFileName}".
             This reference is not "CopyLocal" because at least one source item had "Private" set to "false" and no source items had "Private" set to "true".
             The ImageRuntimeVersion for this reference is "".
         Primary reference "Microsoft.Extensions.Hosting.Abstractions, Version=8.0.0.0, Culture=neutral, PublicKeyToken=adb9793829ddae60".
             Resolved file path is "/usr/lib64/dotnet/packs/Microsoft.AspNetCore.App.Ref/8.0.22/ref/net8.0/Microsoft.Extensions.Hosting.Abstractions.dll".
             Reference found at search path location "{RawFileName}".
             This reference is not "CopyLocal" because at least one source item had "Private" set to "false" and no source items had "Private" set to "true".
             The ImageRuntimeVersion for this reference is "".
         Primary reference "Microsoft.Extensions.Hosting, Version=8.0.0.0, Culture=neutral, PublicKeyToken=adb9793829ddae60".
             Resolved file path is "/usr/lib64/dotnet/packs/Microsoft.AspNetCore.App.Ref/8.0.22/ref/net8.0/Microsoft.Extensions.Hosting.dll".
             Reference found at search path location "{RawFileName}".
             This reference is not "CopyLocal" because at least one source item had "Private" set to "false" and no source items had "Private" set to "true".
             The ImageRuntimeVersion for this reference is "".
         Primary reference "Microsoft.Extensions.Http, Version=8.0.0.0, Culture=neutral, PublicKeyToken=adb9793829ddae60".
             Resolved file path is "/usr/lib64/dotnet/packs/Microsoft.AspNetCore.App.Ref/8.0.22/ref/net8.0/Microsoft.Extensions.Http.dll".
             Reference found at search path location "{RawFileName}".
             This reference is not "CopyLocal" because at least one source item had "Private" set to "false" and no source items had "Private" set to "true".
             The ImageRuntimeVersion for this reference is "".
         Primary reference "Microsoft.Extensions.Identity.Core, Version=8.0.0.0, Culture=neutral, PublicKeyToken=adb9793829ddae60".
             Resolved file path is "/usr/lib64/dotnet/packs/Microsoft.AspNetCore.App.Ref/8.0.22/ref/net8.0/Microsoft.Extensions.Identity.Core.dll".
             Reference found at search path location "{RawFileName}".
             This reference is not "CopyLocal" because at least one source item had "Private" set to "false" and no source items had "Private" set to "true".
             The ImageRuntimeVersion for this reference is "".
         Primary reference "Microsoft.Extensions.Identity.Stores, Version=8.0.0.0, Culture=neutral, PublicKeyToken=adb9793829ddae60".
             Resolved file path is "/usr/lib64/dotnet/packs/Microsoft.AspNetCore.App.Ref/8.0.22/ref/net8.0/Microsoft.Extensions.Identity.Stores.dll".
             Reference found at search path location "{RawFileName}".
             This reference is not "CopyLocal" because at least one source item had "Private" set to "false" and no source items had "Private" set to "true".
             The ImageRuntimeVersion for this reference is "".
         Primary reference "Microsoft.Extensions.Localization.Abstractions, Version=8.0.0.0, Culture=neutral, PublicKeyToken=adb9793829ddae60".
             Resolved file path is "/usr/lib64/dotnet/packs/Microsoft.AspNetCore.App.Ref/8.0.22/ref/net8.0/Microsoft.Extensions.Localization.Abstractions.dll".
             Reference found at search path location "{RawFileName}".
             This reference is not "CopyLocal" because at least one source item had "Private" set to "false" and no source items had "Private" set to "true".
             The ImageRuntimeVersion for this reference is "".
         Primary reference "Microsoft.Extensions.Localization, Version=8.0.0.0, Culture=neutral, PublicKeyToken=adb9793829ddae60".
             Resolved file path is "/usr/lib64/dotnet/packs/Microsoft.AspNetCore.App.Ref/8.0.22/ref/net8.0/Microsoft.Extensions.Localization.dll".
             Reference found at search path location "{RawFileName}".
             This reference is not "CopyLocal" because at least one source item had "Private" set to "false" and no source items had "Private" set to "true".
             The ImageRuntimeVersion for this reference is "".
         Primary reference "Microsoft.Extensions.Logging.Abstractions, Version=8.0.0.0, Culture=neutral, PublicKeyToken=adb9793829ddae60".
             Resolved file path is "/usr/lib64/dotnet/packs/Microsoft.AspNetCore.App.Ref/8.0.22/ref/net8.0/Microsoft.Extensions.Logging.Abstractions.dll".
             Reference found at search path location "{RawFileName}".
             This reference is not "CopyLocal" because at least one source item had "Private" set to "false" and no source items had "Private" set to "true".
             The ImageRuntimeVersion for this reference is "".
         Primary reference "Microsoft.Extensions.Logging.Configuration, Version=8.0.0.0, Culture=neutral, PublicKeyToken=adb9793829ddae60".
             Resolved file path is "/usr/lib64/dotnet/packs/Microsoft.AspNetCore.App.Ref/8.0.22/ref/net8.0/Microsoft.Extensions.Logging.Configuration.dll".
             Reference found at search path location "{RawFileName}".
             This reference is not "CopyLocal" because at least one source item had "Private" set to "false" and no source items had "Private" set to "true".
             The ImageRuntimeVersion for this reference is "".
         Primary reference "Microsoft.Extensions.Logging.Console, Version=8.0.0.0, Culture=neutral, PublicKeyToken=adb9793829ddae60".
             Resolved file path is "/usr/lib64/dotnet/packs/Microsoft.AspNetCore.App.Ref/8.0.22/ref/net8.0/Microsoft.Extensions.Logging.Console.dll".
             Reference found at search path location "{RawFileName}".
             This reference is not "CopyLocal" because at least one source item had "Private" set to "false" and no source items had "Private" set to "true".
             The ImageRuntimeVersion for this reference is "".
         Primary reference "Microsoft.Extensions.Logging.Debug, Version=8.0.0.0, Culture=neutral, PublicKeyToken=adb9793829ddae60".
             Resolved file path is "/usr/lib64/dotnet/packs/Microsoft.AspNetCore.App.Ref/8.0.22/ref/net8.0/Microsoft.Extensions.Logging.Debug.dll".
             Reference found at search path location "{RawFileName}".
             This reference is not "CopyLocal" because at least one source item had "Private" set to "false" and no source items had "Private" set to "true".
             The ImageRuntimeVersion for this reference is "".
         Primary reference "Microsoft.Extensions.Logging.EventLog, Version=8.0.0.0, Culture=neutral, PublicKeyToken=adb9793829ddae60".
             Resolved file path is "/usr/lib64/dotnet/packs/Microsoft.AspNetCore.App.Ref/8.0.22/ref/net8.0/Microsoft.Extensions.Logging.EventLog.dll".
             Reference found at search path location "{RawFileName}".
             This reference is not "CopyLocal" because at least one source item had "Private" set to "false" and no source items had "Private" set to "true".
             The ImageRuntimeVersion for this reference is "".
         Primary reference "Microsoft.Extensions.Logging.EventSource, Version=8.0.0.0, Culture=neutral, PublicKeyToken=adb9793829ddae60".
             Resolved file path is "/usr/lib64/dotnet/packs/Microsoft.AspNetCore.App.Ref/8.0.22/ref/net8.0/Microsoft.Extensions.Logging.EventSource.dll".
             Reference found at search path location "{RawFileName}".
             This reference is not "CopyLocal" because at least one source item had "Private" set to "false" and no source items had "Private" set to "true".
             The ImageRuntimeVersion for this reference is "".
         Primary reference "Microsoft.Extensions.Logging.TraceSource, Version=8.0.0.0, Culture=neutral, PublicKeyToken=adb9793829ddae60".
             Resolved file path is "/usr/lib64/dotnet/packs/Microsoft.AspNetCore.App.Ref/8.0.22/ref/net8.0/Microsoft.Extensions.Logging.TraceSource.dll".
             Reference found at search path location "{RawFileName}".
             This reference is not "CopyLocal" because at least one source item had "Private" set to "false" and no source items had "Private" set to "true".
             The ImageRuntimeVersion for this reference is "".
         Primary reference "Microsoft.Extensions.Logging, Version=8.0.0.0, Culture=neutral, PublicKeyToken=adb9793829ddae60".
             Resolved file path is "/usr/lib64/dotnet/packs/Microsoft.AspNetCore.App.Ref/8.0.22/ref/net8.0/Microsoft.Extensions.Logging.dll".
             Reference found at search path location "{RawFileName}".
             This reference is not "CopyLocal" because at least one source item had "Private" set to "false" and no source items had "Private" set to "true".
             The ImageRuntimeVersion for this reference is "".
         Primary reference "Microsoft.Extensions.ObjectPool, Version=8.0.0.0, Culture=neutral, PublicKeyToken=adb9793829ddae60".
             Resolved file path is "/usr/lib64/dotnet/packs/Microsoft.AspNetCore.App.Ref/8.0.22/ref/net8.0/Microsoft.Extensions.ObjectPool.dll".
             Reference found at search path location "{RawFileName}".
             This reference is not "CopyLocal" because at least one source item had "Private" set to "false" and no source items had "Private" set to "true".
             The ImageRuntimeVersion for this reference is "".
         Primary reference "Microsoft.Extensions.Options.ConfigurationExtensions, Version=8.0.0.0, Culture=neutral, PublicKeyToken=adb9793829ddae60".
             Resolved file path is "/usr/lib64/dotnet/packs/Microsoft.AspNetCore.App.Ref/8.0.22/ref/net8.0/Microsoft.Extensions.Options.ConfigurationExtensions.dll".
             Reference found at search path location "{RawFileName}".
             This reference is not "CopyLocal" because at least one source item had "Private" set to "false" and no source items had "Private" set to "true".
             The ImageRuntimeVersion for this reference is "".
         Primary reference "Microsoft.Extensions.Options.DataAnnotations, Version=8.0.0.0, Culture=neutral, PublicKeyToken=adb9793829ddae60".
             Resolved file path is "/usr/lib64/dotnet/packs/Microsoft.AspNetCore.App.Ref/8.0.22/ref/net8.0/Microsoft.Extensions.Options.DataAnnotations.dll".
             Reference found at search path location "{RawFileName}".
             This reference is not "CopyLocal" because at least one source item had "Private" set to "false" and no source items had "Private" set to "true".
             The ImageRuntimeVersion for this reference is "".
         Primary reference "Microsoft.Extensions.Options, Version=8.0.0.0, Culture=neutral, PublicKeyToken=adb9793829ddae60".
             Resolved file path is "/usr/lib64/dotnet/packs/Microsoft.AspNetCore.App.Ref/8.0.22/ref/net8.0/Microsoft.Extensions.Options.dll".
             Reference found at search path location "{RawFileName}".
             This reference is not "CopyLocal" because at least one source item had "Private" set to "false" and no source items had "Private" set to "true".
             The ImageRuntimeVersion for this reference is "".
         Primary reference "Microsoft.Extensions.Primitives, Version=8.0.0.0, Culture=neutral, PublicKeyToken=adb9793829ddae60".
             Resolved file path is "/usr/lib64/dotnet/packs/Microsoft.AspNetCore.App.Ref/8.0.22/ref/net8.0/Microsoft.Extensions.Primitives.dll".
             Reference found at search path location "{RawFileName}".
             This reference is not "CopyLocal" because at least one source item had "Private" set to "false" and no source items had "Private" set to "true".
             The ImageRuntimeVersion for this reference is "".
         Primary reference "Microsoft.Extensions.WebEncoders, Version=8.0.0.0, Culture=neutral, PublicKeyToken=adb9793829ddae60".
             Resolved file path is "/usr/lib64/dotnet/packs/Microsoft.AspNetCore.App.Ref/8.0.22/ref/net8.0/Microsoft.Extensions.WebEncoders.dll".
             Reference found at search path location "{RawFileName}".
             This reference is not "CopyLocal" because at least one source item had "Private" set to "false" and no source items had "Private" set to "true".
             The ImageRuntimeVersion for this reference is "".
         Primary reference "Microsoft.JSInterop, Version=8.0.0.0, Culture=neutral, PublicKeyToken=adb9793829ddae60".
             Resolved file path is "/usr/lib64/dotnet/packs/Microsoft.AspNetCore.App.Ref/8.0.22/ref/net8.0/Microsoft.JSInterop.dll".
             Reference found at search path location "{RawFileName}".
             This reference is not "CopyLocal" because at least one source item had "Private" set to "false" and no source items had "Private" set to "true".
             The ImageRuntimeVersion for this reference is "".
         Primary reference "Microsoft.Net.Http.Headers, Version=8.0.0.0, Culture=neutral, PublicKeyToken=adb9793829ddae60".
             Resolved file path is "/usr/lib64/dotnet/packs/Microsoft.AspNetCore.App.Ref/8.0.22/ref/net8.0/Microsoft.Net.Http.Headers.dll".
             Reference found at search path location "{RawFileName}".
             This reference is not "CopyLocal" because at least one source item had "Private" set to "false" and no source items had "Private" set to "true".
             The ImageRuntimeVersion for this reference is "".
         Primary reference "System.Diagnostics.EventLog, Version=8.0.0.0, Culture=neutral, PublicKeyToken=cc7b13ffcd2ddd51".
             Resolved file path is "/usr/lib64/dotnet/packs/Microsoft.AspNetCore.App.Ref/8.0.22/ref/net8.0/System.Diagnostics.EventLog.dll".
             Reference found at search path location "{RawFileName}".
             This reference is not "CopyLocal" because at least one source item had "Private" set to "false" and no source items had "Private" set to "true".
             The ImageRuntimeVersion for this reference is "".
         Primary reference "System.IO.Pipelines, Version=8.0.0.0, Culture=neutral, PublicKeyToken=cc7b13ffcd2ddd51".
             Resolved file path is "/usr/lib64/dotnet/packs/Microsoft.AspNetCore.App.Ref/8.0.22/ref/net8.0/System.IO.Pipelines.dll".
             Reference found at search path location "{RawFileName}".
             This reference is not "CopyLocal" because at least one source item had "Private" set to "false" and no source items had "Private" set to "true".
             The ImageRuntimeVersion for this reference is "".
         Primary reference "System.Security.Cryptography.Xml, Version=8.0.0.0, Culture=neutral, PublicKeyToken=cc7b13ffcd2ddd51".
             Resolved file path is "/usr/lib64/dotnet/packs/Microsoft.AspNetCore.App.Ref/8.0.22/ref/net8.0/System.Security.Cryptography.Xml.dll".
             Reference found at search path location "{RawFileName}".
             This reference is not "CopyLocal" because at least one source item had "Private" set to "false" and no source items had "Private" set to "true".
             The ImageRuntimeVersion for this reference is "".
         Primary reference "System.Threading.RateLimiting, Version=8.0.0.0, Culture=neutral, PublicKeyToken=cc7b13ffcd2ddd51".
             Resolved file path is "/usr/lib64/dotnet/packs/Microsoft.AspNetCore.App.Ref/8.0.22/ref/net8.0/System.Threading.RateLimiting.dll".
             Reference found at search path location "{RawFileName}".
             This reference is not "CopyLocal" because at least one source item had "Private" set to "false" and no source items had "Private" set to "true".
             The ImageRuntimeVersion for this reference is "".
       Done executing task "ResolveAssemblyReference".
   2:8>Done building target "ResolveAssemblyReferences" in project "Entegrasyon.Business.csproj".
   2:8>Target "AfterResolveReferences" in file "/usr/lib64/dotnet/sdk/10.0.101/Microsoft.Common.CurrentVersion.targets" from project "/home/baturhan/Projeler/Entegrasyon/Application/Entegrasyon.Business/Entegrasyon.Business.csproj" (target "ResolveReferences" depends on it):
   2:8>Done building target "AfterResolveReferences" in project "Entegrasyon.Business.csproj".
   2:8>Target "ResolveReferences" in file "/usr/lib64/dotnet/sdk/10.0.101/Microsoft.Common.CurrentVersion.targets" from project "/home/baturhan/Projeler/Entegrasyon/Application/Entegrasyon.Business/Entegrasyon.Business.csproj" (target "_BlockWinMDsOnUnsupportedTFMs" depends on it):
   2:8>Done building target "ResolveReferences" in project "Entegrasyon.Business.csproj".
   2:8>Target "_BlockWinMDsOnUnsupportedTFMs" in file "/usr/lib64/dotnet/sdk/10.0.101/Sdks/Microsoft.NET.Sdk/targets/Microsoft.NET.Sdk.targets" from project "/home/baturhan/Projeler/Entegrasyon/Application/Entegrasyon.Business/Entegrasyon.Business.csproj" (target "CoreBuild" depends on it):
       Using "CheckForUnsupportedWinMDReferences" task from assembly "/usr/lib64/dotnet/sdk/10.0.101/Sdks/Microsoft.NET.Sdk/targets/../tools/net10.0/Microsoft.NET.Build.Tasks.dll".
       Task "CheckForUnsupportedWinMDReferences"
       Done executing task "CheckForUnsupportedWinMDReferences".
   2:8>Done building target "_BlockWinMDsOnUnsupportedTFMs" in project "Entegrasyon.Business.csproj".
       Target "ResolveReferences" skipped. Previously built successfully.
       Target "ResolvePackageDependenciesForBuild" skipped. Previously built successfully.
       Target "_HandlePackageFileConflicts" skipped. Previously built successfully.
   2:8>Target "CopyAdditionalFiles" in file "/usr/lib64/dotnet/sdk/10.0.101/Roslyn/Microsoft.Managed.Core.targets" from project "/home/baturhan/Projeler/Entegrasyon/Application/Entegrasyon.Business/Entegrasyon.Business.csproj" (target "AssignTargetPaths" depends on it):
   2:8>Done building target "CopyAdditionalFiles" in project "Entegrasyon.Business.csproj".
   2:8>Target "_ComputeNETCoreBuildOutputFiles" in file "/usr/lib64/dotnet/sdk/10.0.101/Sdks/Microsoft.NET.Sdk/targets/Microsoft.NET.Sdk.targets" from project "/home/baturhan/Projeler/Entegrasyon/Application/Entegrasyon.Business/Entegrasyon.Business.csproj" (target "AssignTargetPaths" depends on it):
   2:8>Done building target "_ComputeNETCoreBuildOutputFiles" in project "Entegrasyon.Business.csproj".
   2:8>Target "AssignTargetPaths" in file "/usr/lib64/dotnet/sdk/10.0.101/Microsoft.Common.CurrentVersion.targets" from project "/home/baturhan/Projeler/Entegrasyon/Application/Entegrasyon.Business/Entegrasyon.Business.csproj" (target "PrepareResourceNames" depends on it):
       Using "AssignTargetPath" task from assembly "Microsoft.Build.Tasks.Core, Version=15.1.0.0, Culture=neutral, PublicKeyToken=b03f5f7f11d50a3a".
       Task "AssignTargetPath"
       Done executing task "AssignTargetPath".
       Task "AssignTargetPath"
       Done executing task "AssignTargetPath".
       Task "AssignTargetPath"
       Done executing task "AssignTargetPath".
       Task "AssignTargetPath"
       Done executing task "AssignTargetPath".
   2:8>Done building target "AssignTargetPaths" in project "Entegrasyon.Business.csproj".
       Target "AssignTargetPaths" skipped. Previously built successfully.
   2:8>Target "SplitResourcesByCulture" in file "/usr/lib64/dotnet/sdk/10.0.101/Microsoft.Common.CurrentVersion.targets" from project "/home/baturhan/Projeler/Entegrasyon/Application/Entegrasyon.Business/Entegrasyon.Business.csproj" (target "PrepareResourceNames" depends on it):
       Using "AssignCulture" task from assembly "Microsoft.Build.Tasks.Core, Version=15.1.0.0, Culture=neutral, PublicKeyToken=b03f5f7f11d50a3a".
       Task "AssignCulture"
         Culture of "en" was assigned to file "Resources/ErrorMessages.en.resx".
         Culture of "tr" was assigned to file "Resources/ErrorMessages.tr.resx".
       Done executing task "AssignCulture".
   2:8>Done building target "SplitResourcesByCulture" in project "Entegrasyon.Business.csproj".
   2:8>Target "CreateManifestResourceNames" in file "/usr/lib64/dotnet/sdk/10.0.101/Microsoft.CSharp.CurrentVersion.targets" from project "/home/baturhan/Projeler/Entegrasyon/Application/Entegrasyon.Business/Entegrasyon.Business.csproj" (target "PrepareResourceNames" depends on it):
       Using "CreateCSharpManifestResourceName" task from assembly "Microsoft.Build.Tasks.Core, Version=15.1.0.0, Culture=neutral, PublicKeyToken=b03f5f7f11d50a3a".
       Task "CreateCSharpManifestResourceName"
         Root namespace is 'Entegrasyon.Business'.
         Resource file 'Resources/ErrorMessages.en.resx' doesn't depend on any other file.
         Resource file 'Resources/ErrorMessages.en.resx' gets manifest resource name 'Entegrasyon.Business.Resources.ErrorMessages.en'.
         Resource file 'Resources/ErrorMessages.tr.resx' doesn't depend on any other file.
         Resource file 'Resources/ErrorMessages.tr.resx' gets manifest resource name 'Entegrasyon.Business.Resources.ErrorMessages.tr'.
       Done executing task "CreateCSharpManifestResourceName".
   2:8>Done building target "CreateManifestResourceNames" in project "Entegrasyon.Business.csproj".
   2:8>Target "CreateCustomManifestResourceNames" in file "/usr/lib64/dotnet/sdk/10.0.101/Microsoft.Common.CurrentVersion.targets" from project "/home/baturhan/Projeler/Entegrasyon/Application/Entegrasyon.Business/Entegrasyon.Business.csproj" (target "PrepareResourceNames" depends on it):
   2:8>Done building target "CreateCustomManifestResourceNames" in project "Entegrasyon.Business.csproj".
   2:8>Target "PrepareResourceNames" in file "/usr/lib64/dotnet/sdk/10.0.101/Microsoft.Common.CurrentVersion.targets" from project "/home/baturhan/Projeler/Entegrasyon/Application/Entegrasyon.Business/Entegrasyon.Business.csproj" (target "PrepareResources" depends on it):
   2:8>Done building target "PrepareResourceNames" in project "Entegrasyon.Business.csproj".
       Target "ResolveAssemblyReferences" skipped. Previously built successfully.
       Target "SplitResourcesByCulture" skipped. Previously built successfully.
   2:8>Target "BeforeResGen" in file "/usr/lib64/dotnet/sdk/10.0.101/Microsoft.Common.CurrentVersion.targets" from project "/home/baturhan/Projeler/Entegrasyon/Application/Entegrasyon.Business/Entegrasyon.Business.csproj" (target "ResGen" depends on it):
   2:8>Done building target "BeforeResGen" in project "Entegrasyon.Business.csproj".
       Target "ResolveReferences" skipped. Previously built successfully.
   2:8>Target "FindReferenceAssembliesForReferences" in file "/usr/lib64/dotnet/sdk/10.0.101/Microsoft.Common.CurrentVersion.targets" from project "/home/baturhan/Projeler/Entegrasyon/Application/Entegrasyon.Business/Entegrasyon.Business.csproj" (target "CoreResGen" depends on it):
   2:8>Done building target "FindReferenceAssembliesForReferences" in project "Entegrasyon.Business.csproj".
   2:8>Target "CoreResGen" in file "/usr/lib64/dotnet/sdk/10.0.101/Microsoft.Common.CurrentVersion.targets" from project "/home/baturhan/Projeler/Entegrasyon/Application/Entegrasyon.Business/Entegrasyon.Business.csproj" (target "ResGen" depends on it):
       Using "GenerateResource" task from assembly "Microsoft.Build.Tasks.Core, Version=15.1.0.0, Culture=neutral, PublicKeyToken=b03f5f7f11d50a3a".
       Task "GenerateResource"
         No resources are out of date with respect to their source files. Skipping resource generation.
       Done executing task "GenerateResource".
   2:8>Done building target "CoreResGen" in project "Entegrasyon.Business.csproj".
   2:8>Target "AfterResGen" in file "/usr/lib64/dotnet/sdk/10.0.101/Microsoft.Common.CurrentVersion.targets" from project "/home/baturhan/Projeler/Entegrasyon/Application/Entegrasyon.Business/Entegrasyon.Business.csproj" (target "ResGen" depends on it):
   2:8>Done building target "AfterResGen" in project "Entegrasyon.Business.csproj".
   2:8>Target "ResGen" in file "/usr/lib64/dotnet/sdk/10.0.101/Microsoft.Common.CurrentVersion.targets" from project "/home/baturhan/Projeler/Entegrasyon/Application/Entegrasyon.Business/Entegrasyon.Business.csproj" (target "PrepareResources" depends on it):
   2:8>Done building target "ResGen" in project "Entegrasyon.Business.csproj".
   2:8>Target "PrepareResources" in file "/usr/lib64/dotnet/sdk/10.0.101/Microsoft.Common.CurrentVersion.targets" from project "/home/baturhan/Projeler/Entegrasyon/Application/Entegrasyon.Business/Entegrasyon.Business.csproj" (target "CoreBuild" depends on it):
   2:8>Done building target "PrepareResources" in project "Entegrasyon.Business.csproj".
       Target "ResolveReferences" skipped. Previously built successfully.
   2:8>Target "_SetEmbeddedWin32ManifestProperties" in file "/usr/lib64/dotnet/sdk/10.0.101/Microsoft.Common.CurrentVersion.targets" from project "/home/baturhan/Projeler/Entegrasyon/Application/Entegrasyon.Business/Entegrasyon.Business.csproj" (target "SetWin32ManifestProperties" depends on it):
       Using "GetFrameworkPath" task from assembly "Microsoft.Build.Tasks.Core, Version=15.1.0.0, Culture=neutral, PublicKeyToken=b03f5f7f11d50a3a".
       Task "GetFrameworkPath"
       Done executing task "GetFrameworkPath".
   2:8>Done building target "_SetEmbeddedWin32ManifestProperties" in project "Entegrasyon.Business.csproj".
   2:8>Target "SetWin32ManifestProperties" in file "/usr/lib64/dotnet/sdk/10.0.101/Microsoft.Common.CurrentVersion.targets" from project "/home/baturhan/Projeler/Entegrasyon/Application/Entegrasyon.Business/Entegrasyon.Business.csproj" (target "Compile" depends on it):
   2:8>Done building target "SetWin32ManifestProperties" in project "Entegrasyon.Business.csproj".
       Target "FindReferenceAssembliesForReferences" skipped. Previously built successfully.
   2:8>Target "_GenerateCompileInputs" in file "/usr/lib64/dotnet/sdk/10.0.101/Microsoft.Common.CurrentVersion.targets" from project "/home/baturhan/Projeler/Entegrasyon/Application/Entegrasyon.Business/Entegrasyon.Business.csproj" (target "Compile" depends on it):
   2:8>Done building target "_GenerateCompileInputs" in project "Entegrasyon.Business.csproj".
       Target "PrepareForBuild" skipped. Previously built successfully.
   2:8>Target "GenerateMSBuildEditorConfigFileShouldRun" in file "/usr/lib64/dotnet/sdk/10.0.101/Roslyn/Microsoft.Managed.Core.targets" from project "/home/baturhan/Projeler/Entegrasyon/Application/Entegrasyon.Business/Entegrasyon.Business.csproj" (target "GenerateMSBuildEditorConfigFile" depends on it):
   2:8>Done building target "GenerateMSBuildEditorConfigFileShouldRun" in project "Entegrasyon.Business.csproj".
   2:8>Target "AddGlobalAnalyzerConfigForPackage_MicrosoftCodeAnalysisCSharpCodeStyle" in file "/usr/lib64/dotnet/sdk/10.0.101/Sdks/Microsoft.NET.Sdk/codestyle/cs/build/Microsoft.CodeAnalysis.CSharp.CodeStyle.targets" from project "/home/baturhan/Projeler/Entegrasyon/Application/Entegrasyon.Business/Entegrasyon.Business.csproj" (target "GenerateMSBuildEditorConfigFileCore" depends on it):
   2:8>Done building target "AddGlobalAnalyzerConfigForPackage_MicrosoftCodeAnalysisCSharpCodeStyle" in project "Entegrasyon.Business.csproj".
   2:8>Target "GenerateMSBuildEditorConfigFileCore" in file "/usr/lib64/dotnet/sdk/10.0.101/Roslyn/Microsoft.Managed.Core.targets" from project "/home/baturhan/Projeler/Entegrasyon/Application/Entegrasyon.Business/Entegrasyon.Business.csproj" (target "GenerateMSBuildEditorConfigFile" depends on it):
       Building target "GenerateMSBuildEditorConfigFileCore" completely.
       No input files were specified.
       Using "GenerateMSBuildEditorConfig" task from assembly "/usr/lib64/dotnet/sdk/10.0.101/Sdks/Microsoft.NET.Sdk/targets/../../../Roslyn/Microsoft.Build.Tasks.CodeAnalysis.dll".
       Task "GenerateMSBuildEditorConfig"
       Done executing task "GenerateMSBuildEditorConfig".
   2:8>Done building target "GenerateMSBuildEditorConfigFileCore" in project "Entegrasyon.Business.csproj".
   2:8>Target "GenerateMSBuildEditorConfigFile" in file "/usr/lib64/dotnet/sdk/10.0.101/Roslyn/Microsoft.Managed.Core.targets" from project "/home/baturhan/Projeler/Entegrasyon/Application/Entegrasyon.Business/Entegrasyon.Business.csproj" (target "BeforeCompile" depends on it):
   2:8>Done building target "GenerateMSBuildEditorConfigFile" in project "Entegrasyon.Business.csproj".
       Target "PrepareForBuild" skipped. Previously built successfully.
       Target "GetReferenceAssemblyPaths" skipped. Previously built successfully.
   2:8>Target "_SetTargetFrameworkMonikerAttribute" in file "/usr/lib64/dotnet/sdk/10.0.101/Microsoft.CSharp.CurrentVersion.targets" from project "/home/baturhan/Projeler/Entegrasyon/Application/Entegrasyon.Business/Entegrasyon.Business.csproj" (target "GenerateTargetFrameworkMonikerAttribute" depends on it):
   2:8>Done building target "_SetTargetFrameworkMonikerAttribute" in project "Entegrasyon.Business.csproj".
   2:8>Target "GenerateTargetFrameworkMonikerAttribute" in file "/usr/lib64/dotnet/sdk/10.0.101/Microsoft.Common.CurrentVersion.targets" from project "/home/baturhan/Projeler/Entegrasyon/Application/Entegrasyon.Business/Entegrasyon.Business.csproj" (target "BeforeCompile" depends on it):
       Skipping target "GenerateTargetFrameworkMonikerAttribute" because all output files are up-to-date with respect to the input files.
       Input files: /usr/lib64/dotnet/sdk/10.0.101/Microsoft.Common.targets
       Output files: obj/Debug/net8.0/.NETCoreApp,Version=v8.0.AssemblyAttributes.cs
   2:8>Done building target "GenerateTargetFrameworkMonikerAttribute" in project "Entegrasyon.Business.csproj".
       Target "PrepareForBuild" skipped. Previously built successfully.
   2:8>Target "GetAssemblyVersion" in file "/usr/lib64/dotnet/sdk/10.0.101/Sdks/Microsoft.NET.Sdk/targets/Microsoft.NET.GenerateAssemblyInfo.targets" from project "/home/baturhan/Projeler/Entegrasyon/Application/Entegrasyon.Business/Entegrasyon.Business.csproj" (target "GetAssemblyAttributes" depends on it):
       Using "GetAssemblyVersion" task from assembly "/usr/lib64/dotnet/sdk/10.0.101/Sdks/Microsoft.NET.Sdk/targets/../tools/net10.0/Microsoft.NET.Build.Tasks.dll".
       Task "GetAssemblyVersion"
       Done executing task "GetAssemblyVersion".
   2:8>Done building target "GetAssemblyVersion" in project "Entegrasyon.Business.csproj".
   2:8>Target "InitializeSourceControlInformationFromSourceControlManager" in file "/usr/lib64/dotnet/sdk/10.0.101/Sdks/Microsoft.Build.Tasks.Git/build/Microsoft.Build.Tasks.Git.targets" from project "/home/baturhan/Projeler/Entegrasyon/Application/Entegrasyon.Business/Entegrasyon.Business.csproj" (target "_InitializeSourceControlInformationFromSourceControlManager" depends on it):
       Using "Microsoft.Build.Tasks.Git.LocateRepository" task from assembly "/usr/lib64/dotnet/sdk/10.0.101/Sdks/Microsoft.Build.Tasks.Git/build/../tools/net/Microsoft.Build.Tasks.Git.dll".
       Task "Microsoft.Build.Tasks.Git.LocateRepository"
         SourceLink: Repository instance not found in cache: '*:/home/baturhan/Projeler/Entegrasyon/.git'
       Done executing task "Microsoft.Build.Tasks.Git.LocateRepository".
   2:8>Done building target "InitializeSourceControlInformationFromSourceControlManager" in project "Entegrasyon.Business.csproj".
   2:8>Target "_SourceLinkHasSingleProvider" in file "/usr/lib64/dotnet/sdk/10.0.101/Sdks/Microsoft.SourceLink.Common/build/InitializeSourceControlInformation.targets" from project "/home/baturhan/Projeler/Entegrasyon/Application/Entegrasyon.Business/Entegrasyon.Business.csproj" (target "_InitializeSourceControlInformationFromSourceControlManager" depends on it):
       Using "Microsoft.SourceLink.Common.SourceLinkHasSingleProvider" task from assembly "/usr/lib64/dotnet/sdk/10.0.101/Sdks/Microsoft.SourceLink.Common/build/../tools/net/Microsoft.SourceLink.Common.dll".
       Task "Microsoft.SourceLink.Common.SourceLinkHasSingleProvider"
       Done executing task "Microsoft.SourceLink.Common.SourceLinkHasSingleProvider".
   2:8>Done building target "_SourceLinkHasSingleProvider" in project "Entegrasyon.Business.csproj".
   2:8>Target "TranslateGitHubUrlsInSourceControlInformation" in file "/usr/lib64/dotnet/sdk/10.0.101/Sdks/Microsoft.SourceLink.GitHub/build/Microsoft.SourceLink.GitHub.targets" from project "/home/baturhan/Projeler/Entegrasyon/Application/Entegrasyon.Business/Entegrasyon.Business.csproj" (target "_InitializeSourceControlInformationFromSourceControlManager" depends on it):
       Using "Microsoft.SourceLink.GitHub.TranslateRepositoryUrls" task from assembly "/usr/lib64/dotnet/sdk/10.0.101/Sdks/Microsoft.SourceLink.GitHub/build/../tools/net/Microsoft.SourceLink.GitHub.dll".
       Task "Microsoft.SourceLink.GitHub.TranslateRepositoryUrls"
       Done executing task "Microsoft.SourceLink.GitHub.TranslateRepositoryUrls".
   2:8>Done building target "TranslateGitHubUrlsInSourceControlInformation" in project "Entegrasyon.Business.csproj".
   2:8>Target "TranslateGitLabUrlsInSourceControlInformation" in file "/usr/lib64/dotnet/sdk/10.0.101/Sdks/Microsoft.SourceLink.GitLab/build/Microsoft.SourceLink.GitLab.targets" from project "/home/baturhan/Projeler/Entegrasyon/Application/Entegrasyon.Business/Entegrasyon.Business.csproj" (target "_InitializeSourceControlInformationFromSourceControlManager" depends on it):
       Using "Microsoft.SourceLink.GitLab.TranslateRepositoryUrls" task from assembly "/usr/lib64/dotnet/sdk/10.0.101/Sdks/Microsoft.SourceLink.GitLab/build/../tools/net/Microsoft.SourceLink.GitLab.dll".
       Task "Microsoft.SourceLink.GitLab.TranslateRepositoryUrls"
       Done executing task "Microsoft.SourceLink.GitLab.TranslateRepositoryUrls".
   2:8>Done building target "TranslateGitLabUrlsInSourceControlInformation" in project "Entegrasyon.Business.csproj".
   2:8>Target "TranslateAzureReposGitUrlsInSourceControlInformation" in file "/usr/lib64/dotnet/sdk/10.0.101/Sdks/Microsoft.SourceLink.AzureRepos.Git/build/Microsoft.SourceLink.AzureRepos.Git.targets" from project "/home/baturhan/Projeler/Entegrasyon/Application/Entegrasyon.Business/Entegrasyon.Business.csproj" (target "_InitializeSourceControlInformationFromSourceControlManager" depends on it):
       Using "Microsoft.SourceLink.AzureRepos.Git.TranslateRepositoryUrls" task from assembly "/usr/lib64/dotnet/sdk/10.0.101/Sdks/Microsoft.SourceLink.AzureRepos.Git/build/../tools/net/Microsoft.SourceLink.AzureRepos.Git.dll".
       Task "Microsoft.SourceLink.AzureRepos.Git.TranslateRepositoryUrls"
       Done executing task "Microsoft.SourceLink.AzureRepos.Git.TranslateRepositoryUrls".
   2:8>Done building target "TranslateAzureReposGitUrlsInSourceControlInformation" in project "Entegrasyon.Business.csproj".
   2:8>Target "TranslateBitbucketGitUrlsInSourceControlInformation" in file "/usr/lib64/dotnet/sdk/10.0.101/Sdks/Microsoft.SourceLink.Bitbucket.Git/build/Microsoft.SourceLink.Bitbucket.Git.targets" from project "/home/baturhan/Projeler/Entegrasyon/Application/Entegrasyon.Business/Entegrasyon.Business.csproj" (target "_InitializeSourceControlInformationFromSourceControlManager" depends on it):
       Using "Microsoft.SourceLink.Bitbucket.Git.TranslateRepositoryUrls" task from assembly "/usr/lib64/dotnet/sdk/10.0.101/Sdks/Microsoft.SourceLink.Bitbucket.Git/build/../tools/net/Microsoft.SourceLink.Bitbucket.Git.dll".
       Task "Microsoft.SourceLink.Bitbucket.Git.TranslateRepositoryUrls"
       Done executing task "Microsoft.SourceLink.Bitbucket.Git.TranslateRepositoryUrls".
   2:8>Done building target "TranslateBitbucketGitUrlsInSourceControlInformation" in project "Entegrasyon.Business.csproj".
   2:8>Target "SourceControlManagerPublishTranslatedUrls" in file "/usr/lib64/dotnet/sdk/10.0.101/Sdks/Microsoft.SourceLink.Common/build/InitializeSourceControlInformation.targets" from project "/home/baturhan/Projeler/Entegrasyon/Application/Entegrasyon.Business/Entegrasyon.Business.csproj" (target "_InitializeSourceControlInformationFromSourceControlManager" depends on it):
   2:8>Done building target "SourceControlManagerPublishTranslatedUrls" in project "Entegrasyon.Business.csproj".
   2:8>Target "_InitializeSourceControlInformationFromSourceControlManager" in file "/usr/lib64/dotnet/sdk/10.0.101/Sdks/Microsoft.SourceLink.Common/build/InitializeSourceControlInformation.targets" from project "/home/baturhan/Projeler/Entegrasyon/Application/Entegrasyon.Business/Entegrasyon.Business.csproj" (target "InitializeSourceControlInformation" depends on it):
   2:8>Done building target "_InitializeSourceControlInformationFromSourceControlManager" in project "Entegrasyon.Business.csproj".
   2:8>Target "InitializeSourceControlInformation" in file "/usr/lib64/dotnet/sdk/10.0.101/Microsoft.Common.CurrentVersion.targets" from project "/home/baturhan/Projeler/Entegrasyon/Application/Entegrasyon.Business/Entegrasyon.Business.csproj" (target "GetAssemblyAttributes" depends on it):
   2:8>Done building target "InitializeSourceControlInformation" in project "Entegrasyon.Business.csproj".
       Target "GetAssemblyVersion" skipped. Previously built successfully.
       Target "InitializeSourceControlInformation" skipped. Previously built successfully.
   2:8>Target "AddSourceRevisionToInformationalVersion" in file "/usr/lib64/dotnet/sdk/10.0.101/Sdks/Microsoft.NET.Sdk/targets/Microsoft.NET.GenerateAssemblyInfo.targets" from project "/home/baturhan/Projeler/Entegrasyon/Application/Entegrasyon.Business/Entegrasyon.Business.csproj" (target "GetAssemblyAttributes" depends on it):
       /usr/lib64/dotnet/sdk/10.0.101/Sdks/Microsoft.NET.Sdk/targets/Microsoft.NET.GenerateAssemblyInfo.targets(70,7): message : Property reassignment: $(InformationalVersion)="1.0.0+b6490b011968657f75d632b3c51367b541aec72d" (previous value: "1.0.0") at /usr/lib64/dotnet/sdk/10.0.101/Sdks/Microsoft.NET.Sdk/targets/Microsoft.NET.GenerateAssemblyInfo.targets (70,7) [/home/baturhan/Projeler/Entegrasyon/Application/Entegrasyon.Business/Entegrasyon.Business.csproj]
   2:8>Done building target "AddSourceRevisionToInformationalVersion" in project "Entegrasyon.Business.csproj".
   2:8>Target "GetAssemblyAttributes" in file "/usr/lib64/dotnet/sdk/10.0.101/Sdks/Microsoft.NET.Sdk/targets/Microsoft.NET.GenerateAssemblyInfo.targets" from project "/home/baturhan/Projeler/Entegrasyon/Application/Entegrasyon.Business/Entegrasyon.Business.csproj" (target "CreateGeneratedAssemblyInfoInputsCacheFile" depends on it):
   2:8>Done building target "GetAssemblyAttributes" in project "Entegrasyon.Business.csproj".
   2:8>Target "CreateGeneratedAssemblyInfoInputsCacheFile" in file "/usr/lib64/dotnet/sdk/10.0.101/Sdks/Microsoft.NET.Sdk/targets/Microsoft.NET.GenerateAssemblyInfo.targets" from project "/home/baturhan/Projeler/Entegrasyon/Application/Entegrasyon.Business/Entegrasyon.Business.csproj" (target "CoreGenerateAssemblyInfo" depends on it):
       Using "Hash" task from assembly "Microsoft.Build.Tasks.Core, Version=15.1.0.0, Culture=neutral, PublicKeyToken=b03f5f7f11d50a3a".
       Task "Hash"
       Done executing task "Hash".
       Task "WriteLinesToFile"
         Skipping write to file "obj/Debug/net8.0/Entegrasyon.Business.AssemblyInfoInputs.cache" because content would not change.
       Done executing task "WriteLinesToFile".
   2:8>Done building target "CreateGeneratedAssemblyInfoInputsCacheFile" in project "Entegrasyon.Business.csproj".
   2:8>Target "CoreGenerateAssemblyInfo" in file "/usr/lib64/dotnet/sdk/10.0.101/Sdks/Microsoft.NET.Sdk/targets/Microsoft.NET.GenerateAssemblyInfo.targets" from project "/home/baturhan/Projeler/Entegrasyon/Application/Entegrasyon.Business/Entegrasyon.Business.csproj" (target "GenerateAssemblyInfo" depends on it):
       Skipping target "CoreGenerateAssemblyInfo" because all output files are up-to-date with respect to the input files.
       Input files: obj/Debug/net8.0/Entegrasyon.Business.AssemblyInfoInputs.cache
       Output files: obj/Debug/net8.0/Entegrasyon.Business.AssemblyInfo.cs
   2:8>Done building target "CoreGenerateAssemblyInfo" in project "Entegrasyon.Business.csproj".
   2:8>Target "GenerateAssemblyInfo" in file "/usr/lib64/dotnet/sdk/10.0.101/Sdks/Microsoft.NET.Sdk/targets/Microsoft.NET.GenerateAssemblyInfo.targets" from project "/home/baturhan/Projeler/Entegrasyon/Application/Entegrasyon.Business/Entegrasyon.Business.csproj" (target "BeforeCompile" depends on it):
   2:8>Done building target "GenerateAssemblyInfo" in project "Entegrasyon.Business.csproj".
   2:8>Target "BeforeCompile" in file "/usr/lib64/dotnet/sdk/10.0.101/Microsoft.Common.CurrentVersion.targets" from project "/home/baturhan/Projeler/Entegrasyon/Application/Entegrasyon.Business/Entegrasyon.Business.csproj" (target "Compile" depends on it):
   2:8>Done building target "BeforeCompile" in project "Entegrasyon.Business.csproj".
       Target "ResolveAssemblyReferences" skipped. Previously built successfully.
       Target "_GenerateCompileInputs" skipped. Previously built successfully.
   2:8>Target "_GenerateCompileDependencyCache" in file "/usr/lib64/dotnet/sdk/10.0.101/Microsoft.Common.CurrentVersion.targets" from project "/home/baturhan/Projeler/Entegrasyon/Application/Entegrasyon.Business/Entegrasyon.Business.csproj" (target "Compile" depends on it):
       Task "Hash"
       Done executing task "Hash".
       Task "WriteLinesToFile"
         Skipping write to file "obj/Debug/net8.0/Entegrasyon.Business.csproj.CoreCompileInputs.cache" because content would not change.
       Done executing task "WriteLinesToFile".
   2:8>Done building target "_GenerateCompileDependencyCache" in project "Entegrasyon.Business.csproj".
   2:8>Target "_BeforeVBCSCoreCompile" in file "/usr/lib64/dotnet/sdk/10.0.101/Roslyn/Microsoft.Managed.Core.targets" from project "/home/baturhan/Projeler/Entegrasyon/Application/Entegrasyon.Business/Entegrasyon.Business.csproj" (target "CoreCompile" depends on it):
   2:8>Done building target "_BeforeVBCSCoreCompile" in project "Entegrasyon.Business.csproj".
   2:8>Target "_ComputeSkipAnalyzers" in file "/usr/lib64/dotnet/sdk/10.0.101/Roslyn/Microsoft.Managed.Core.targets" from project "/home/baturhan/Projeler/Entegrasyon/Application/Entegrasyon.Business/Entegrasyon.Business.csproj" (target "CoreCompile" depends on it):
   2:8>Done building target "_ComputeSkipAnalyzers" in project "Entegrasyon.Business.csproj".
       Target "BeforeCompile" skipped. Previously built successfully.
       Target "InitializeSourceControlInformationFromSourceControlManager" skipped. Previously built successfully.
   2:8>Target "SetEmbeddedFilesFromSourceControlManagerUntrackedFiles" in file "/usr/lib64/dotnet/sdk/10.0.101/Sdks/Microsoft.Build.Tasks.Git/build/Microsoft.Build.Tasks.Git.targets" from project "/home/baturhan/Projeler/Entegrasyon/Application/Entegrasyon.Business/Entegrasyon.Business.csproj" (target "_SetEmbeddedFilesFromSourceControlManagerUntrackedFiles" depends on it):
       Using "Microsoft.Build.Tasks.Git.GetUntrackedFiles" task from assembly "/usr/lib64/dotnet/sdk/10.0.101/Sdks/Microsoft.Build.Tasks.Git/build/../tools/net/Microsoft.Build.Tasks.Git.dll".
       Task "Microsoft.Build.Tasks.Git.GetUntrackedFiles"
         SourceLink: Reusing cached git repository information.
       Done executing task "Microsoft.Build.Tasks.Git.GetUntrackedFiles".
   2:8>Done building target "SetEmbeddedFilesFromSourceControlManagerUntrackedFiles" in project "Entegrasyon.Business.csproj".
   2:8>Target "_SetEmbeddedFilesFromSourceControlManagerUntrackedFiles" in file "/usr/lib64/dotnet/sdk/10.0.101/Sdks/Microsoft.SourceLink.Common/build/Microsoft.SourceLink.Common.targets" from project "/home/baturhan/Projeler/Entegrasyon/Application/Entegrasyon.Business/Entegrasyon.Business.csproj" (target "CoreCompile" depends on it):
   2:8>Done building target "_SetEmbeddedFilesFromSourceControlManagerUntrackedFiles" in project "Entegrasyon.Business.csproj".
       Target "InitializeSourceControlInformation" skipped. Previously built successfully.
   2:8>Target "_SetSourceLinkFilePath" in file "/usr/lib64/dotnet/sdk/10.0.101/Sdks/Microsoft.SourceLink.Common/build/Microsoft.SourceLink.Common.targets" from project "/home/baturhan/Projeler/Entegrasyon/Application/Entegrasyon.Business/Entegrasyon.Business.csproj" (target "_GenerateSourceLinkFile" depends on it):
   2:8>Done building target "_SetSourceLinkFilePath" in project "Entegrasyon.Business.csproj".
       Target "InitializeSourceControlInformation" skipped. Previously built successfully.
   2:8>Target "_InitializeSourceRootMappedPathsFromSourceControl" in file "/usr/lib64/dotnet/sdk/10.0.101/Roslyn/Microsoft.Managed.Core.targets" from project "/home/baturhan/Projeler/Entegrasyon/Application/Entegrasyon.Business/Entegrasyon.Business.csproj" (target "InitializeSourceRootMappedPaths" depends on it):
   2:8>Done building target "_InitializeSourceRootMappedPathsFromSourceControl" in project "Entegrasyon.Business.csproj".
   2:8>Target "InitializeSourceRootMappedPaths" in file "/usr/lib64/dotnet/sdk/10.0.101/Roslyn/Microsoft.Managed.Core.targets" from project "/home/baturhan/Projeler/Entegrasyon/Application/Entegrasyon.Business/Entegrasyon.Business.csproj" (target "_InitializeSourceRootMappedPathsOpt" depends on it):
       Using "Microsoft.CodeAnalysis.BuildTasks.MapSourceRoots" task from assembly "/usr/lib64/dotnet/sdk/10.0.101/Sdks/Microsoft.NET.Sdk/targets/../../../Roslyn/Microsoft.Build.Tasks.CodeAnalysis.dll".
       Task "Microsoft.CodeAnalysis.BuildTasks.MapSourceRoots"
       Done executing task "Microsoft.CodeAnalysis.BuildTasks.MapSourceRoots".
   2:8>Done building target "InitializeSourceRootMappedPaths" in project "Entegrasyon.Business.csproj".
   2:8>Target "_InitializeSourceRootMappedPathsOpt" in file "/usr/lib64/dotnet/sdk/10.0.101/Sdks/Microsoft.SourceLink.Common/build/Microsoft.SourceLink.Common.targets" from project "/home/baturhan/Projeler/Entegrasyon/Application/Entegrasyon.Business/Entegrasyon.Business.csproj" (target "_GenerateSourceLinkFile" depends on it):
   2:8>Done building target "_InitializeSourceRootMappedPathsOpt" in project "Entegrasyon.Business.csproj".
   2:8>Target "_InitializeGitHubSourceLinkUrl" in file "/usr/lib64/dotnet/sdk/10.0.101/Sdks/Microsoft.SourceLink.GitHub/build/Microsoft.SourceLink.GitHub.targets" from project "/home/baturhan/Projeler/Entegrasyon/Application/Entegrasyon.Business/Entegrasyon.Business.csproj" (target "_GenerateSourceLinkFile" depends on it):
       Building target "_InitializeGitHubSourceLinkUrl" completely.
       No input files were specified.
       Using "Microsoft.SourceLink.GitHub.GetSourceLinkUrl" task from assembly "/usr/lib64/dotnet/sdk/10.0.101/Sdks/Microsoft.SourceLink.GitHub/build/../tools/net/Microsoft.SourceLink.GitHub.dll".
       Task "Microsoft.SourceLink.GitHub.GetSourceLinkUrl"
       Done executing task "Microsoft.SourceLink.GitHub.GetSourceLinkUrl".
   2:8>Done building target "_InitializeGitHubSourceLinkUrl" in project "Entegrasyon.Business.csproj".
   2:8>Target "_InitializeGitHubSourceLinkUrl" in file "/usr/lib64/dotnet/sdk/10.0.101/Sdks/Microsoft.SourceLink.GitHub/build/Microsoft.SourceLink.GitHub.targets" from project "/home/baturhan/Projeler/Entegrasyon/Application/Entegrasyon.Business/Entegrasyon.Business.csproj" (target "_GenerateSourceLinkFile" depends on it):
       Building target "_InitializeGitHubSourceLinkUrl" completely.
       No input files were specified.
       Task "Microsoft.SourceLink.GitHub.GetSourceLinkUrl"
       Done executing task "Microsoft.SourceLink.GitHub.GetSourceLinkUrl".
   2:8>Done building target "_InitializeGitHubSourceLinkUrl" in project "Entegrasyon.Business.csproj".
   2:8>Target "_InitializeGitLabSourceLinkUrl" in file "/usr/lib64/dotnet/sdk/10.0.101/Sdks/Microsoft.SourceLink.GitLab/build/Microsoft.SourceLink.GitLab.targets" from project "/home/baturhan/Projeler/Entegrasyon/Application/Entegrasyon.Business/Entegrasyon.Business.csproj" (target "_GenerateSourceLinkFile" depends on it):
       Building target "_InitializeGitLabSourceLinkUrl" completely.
       No input files were specified.
       Using "Microsoft.SourceLink.GitLab.GetSourceLinkUrl" task from assembly "/usr/lib64/dotnet/sdk/10.0.101/Sdks/Microsoft.SourceLink.GitLab/build/../tools/net/Microsoft.SourceLink.GitLab.dll".
       Task "Microsoft.SourceLink.GitLab.GetSourceLinkUrl"
       /usr/lib64/dotnet/sdk/10.0.101/Sdks/Microsoft.SourceLink.GitLab/build/Microsoft.SourceLink.GitLab.targets(37,7): message : Property reassignment: $(_SourceLinkUrlToUpdate)="N/A" (previous value: "https://raw.githubusercontent.com/BaturhanKahraman/Entegrasyon/b6490b011968657f75d632b3c51367b541aec72d/*") at /usr/lib64/dotnet/sdk/10.0.101/Sdks/Microsoft.SourceLink.GitLab/build/Microsoft.SourceLink.GitLab.targets (37,7) [/home/baturhan/Projeler/Entegrasyon/Application/Entegrasyon.Business/Entegrasyon.Business.csproj]
       Done executing task "Microsoft.SourceLink.GitLab.GetSourceLinkUrl".
   2:8>Done building target "_InitializeGitLabSourceLinkUrl" in project "Entegrasyon.Business.csproj".
   2:8>Target "_InitializeGitLabSourceLinkUrl" in file "/usr/lib64/dotnet/sdk/10.0.101/Sdks/Microsoft.SourceLink.GitLab/build/Microsoft.SourceLink.GitLab.targets" from project "/home/baturhan/Projeler/Entegrasyon/Application/Entegrasyon.Business/Entegrasyon.Business.csproj" (target "_GenerateSourceLinkFile" depends on it):
       Building target "_InitializeGitLabSourceLinkUrl" completely.
       No input files were specified.
       Task "Microsoft.SourceLink.GitLab.GetSourceLinkUrl"
       /usr/lib64/dotnet/sdk/10.0.101/Sdks/Microsoft.SourceLink.GitLab/build/Microsoft.SourceLink.GitLab.targets(37,7): message : Property reassignment: $(_SourceLinkUrlToUpdate)="N/A" (previous value: "https://raw.githubusercontent.com/BaturhanKahraman/Entegrasyon/b6490b011968657f75d632b3c51367b541aec72d/*") at /usr/lib64/dotnet/sdk/10.0.101/Sdks/Microsoft.SourceLink.GitLab/build/Microsoft.SourceLink.GitLab.targets (37,7) [/home/baturhan/Projeler/Entegrasyon/Application/Entegrasyon.Business/Entegrasyon.Business.csproj]
       Done executing task "Microsoft.SourceLink.GitLab.GetSourceLinkUrl".
   2:8>Done building target "_InitializeGitLabSourceLinkUrl" in project "Entegrasyon.Business.csproj".
   2:8>Target "_InitializeAzureReposGitSourceLinkUrl" in file "/usr/lib64/dotnet/sdk/10.0.101/Sdks/Microsoft.SourceLink.AzureRepos.Git/build/Microsoft.SourceLink.AzureRepos.Git.targets" from project "/home/baturhan/Projeler/Entegrasyon/Application/Entegrasyon.Business/Entegrasyon.Business.csproj" (target "_GenerateSourceLinkFile" depends on it):
       Building target "_InitializeAzureReposGitSourceLinkUrl" completely.
       No input files were specified.
       Using "Microsoft.SourceLink.AzureRepos.Git.GetSourceLinkUrl" task from assembly "/usr/lib64/dotnet/sdk/10.0.101/Sdks/Microsoft.SourceLink.AzureRepos.Git/build/../tools/net/Microsoft.SourceLink.AzureRepos.Git.dll".
       Task "Microsoft.SourceLink.AzureRepos.Git.GetSourceLinkUrl"
       Done executing task "Microsoft.SourceLink.AzureRepos.Git.GetSourceLinkUrl".
   2:8>Done building target "_InitializeAzureReposGitSourceLinkUrl" in project "Entegrasyon.Business.csproj".
   2:8>Target "_InitializeAzureReposGitSourceLinkUrl" in file "/usr/lib64/dotnet/sdk/10.0.101/Sdks/Microsoft.SourceLink.AzureRepos.Git/build/Microsoft.SourceLink.AzureRepos.Git.targets" from project "/home/baturhan/Projeler/Entegrasyon/Application/Entegrasyon.Business/Entegrasyon.Business.csproj" (target "_GenerateSourceLinkFile" depends on it):
       Building target "_InitializeAzureReposGitSourceLinkUrl" completely.
       No input files were specified.
       Task "Microsoft.SourceLink.AzureRepos.Git.GetSourceLinkUrl"
       Done executing task "Microsoft.SourceLink.AzureRepos.Git.GetSourceLinkUrl".
   2:8>Done building target "_InitializeAzureReposGitSourceLinkUrl" in project "Entegrasyon.Business.csproj".
   2:8>Target "_InitializeBitbucketGitSourceLinkUrl" in file "/usr/lib64/dotnet/sdk/10.0.101/Sdks/Microsoft.SourceLink.Bitbucket.Git/build/Microsoft.SourceLink.Bitbucket.Git.targets" from project "/home/baturhan/Projeler/Entegrasyon/Application/Entegrasyon.Business/Entegrasyon.Business.csproj" (target "_GenerateSourceLinkFile" depends on it):
       Building target "_InitializeBitbucketGitSourceLinkUrl" completely.
       No input files were specified.
       Using "Microsoft.SourceLink.Bitbucket.Git.GetSourceLinkUrl" task from assembly "/usr/lib64/dotnet/sdk/10.0.101/Sdks/Microsoft.SourceLink.Bitbucket.Git/build/../tools/net/Microsoft.SourceLink.Bitbucket.Git.dll".
       Task "Microsoft.SourceLink.Bitbucket.Git.GetSourceLinkUrl"
       Done executing task "Microsoft.SourceLink.Bitbucket.Git.GetSourceLinkUrl".
   2:8>Done building target "_InitializeBitbucketGitSourceLinkUrl" in project "Entegrasyon.Business.csproj".
   2:8>Target "_InitializeBitbucketGitSourceLinkUrl" in file "/usr/lib64/dotnet/sdk/10.0.101/Sdks/Microsoft.SourceLink.Bitbucket.Git/build/Microsoft.SourceLink.Bitbucket.Git.targets" from project "/home/baturhan/Projeler/Entegrasyon/Application/Entegrasyon.Business/Entegrasyon.Business.csproj" (target "_GenerateSourceLinkFile" depends on it):
       Building target "_InitializeBitbucketGitSourceLinkUrl" completely.
       No input files were specified.
       Task "Microsoft.SourceLink.Bitbucket.Git.GetSourceLinkUrl"
       Done executing task "Microsoft.SourceLink.Bitbucket.Git.GetSourceLinkUrl".
   2:8>Done building target "_InitializeBitbucketGitSourceLinkUrl" in project "Entegrasyon.Business.csproj".
   2:8>Target "_GenerateSourceLinkFile" in file "/usr/lib64/dotnet/sdk/10.0.101/Sdks/Microsoft.SourceLink.Common/build/Microsoft.SourceLink.Common.targets" from project "/home/baturhan/Projeler/Entegrasyon/Application/Entegrasyon.Business/Entegrasyon.Business.csproj" (target "GenerateSourceLinkFile" depends on it):
       Building target "_GenerateSourceLinkFile" completely.
       No input files were specified.
       Using "Microsoft.SourceLink.Common.GenerateSourceLinkFile" task from assembly "/usr/lib64/dotnet/sdk/10.0.101/Sdks/Microsoft.SourceLink.Common/build/../tools/net/Microsoft.SourceLink.Common.dll".
       Task "Microsoft.SourceLink.Common.GenerateSourceLinkFile"
         Source Link file 'obj/Debug/net8.0/Entegrasyon.Business.sourcelink.json' is up-to-date.
       Done executing task "Microsoft.SourceLink.Common.GenerateSourceLinkFile".
   2:8>Done building target "_GenerateSourceLinkFile" in project "Entegrasyon.Business.csproj".
   2:8>Target "GenerateSourceLinkFile" in file "/usr/lib64/dotnet/sdk/10.0.101/Sdks/Microsoft.SourceLink.Common/build/Microsoft.SourceLink.Common.targets" from project "/home/baturhan/Projeler/Entegrasyon/Application/Entegrasyon.Business/Entegrasyon.Business.csproj" (target "CoreCompile" depends on it):
   2:8>Done building target "GenerateSourceLinkFile" in project "Entegrasyon.Business.csproj".
   2:8>Target "AddGlobalAnalyzerConfigForPackage_MicrosoftCodeAnalysisNetAnalyzers" in file "/usr/lib64/dotnet/sdk/10.0.101/Sdks/Microsoft.NET.Sdk/analyzers/build/Microsoft.CodeAnalysis.NetAnalyzers.targets" from project "/home/baturhan/Projeler/Entegrasyon/Application/Entegrasyon.Business/Entegrasyon.Business.csproj" (target "CoreCompile" depends on it):
   2:8>Done building target "AddGlobalAnalyzerConfigForPackage_MicrosoftCodeAnalysisNetAnalyzers" in project "Entegrasyon.Business.csproj".
   2:8>Target "CoreCompile" in file "/usr/lib64/dotnet/sdk/10.0.101/Roslyn/Microsoft.CSharp.Core.targets" from project "/home/baturhan/Projeler/Entegrasyon/Application/Entegrasyon.Business/Entegrasyon.Business.csproj" (target "Compile" depends on it):
       Skipping target "CoreCompile" because all output files are up-to-date with respect to the input files.
       Input files: 
           Abstract/IApplicationLifetimeManager.cs
           Abstract/IApplicationLogManager.cs
           Abstract/IApplicationUserManager.cs
           Abstract/IAttributeKeyValueManager.cs
           Abstract/IAuthService.cs
           Abstract/IBranchOfficeManager.cs
           Abstract/IBrandManager.cs
           Abstract/IBrandMatchService.cs
           Abstract/ICargoCompaniesManager.cs
           Abstract/ICategoryAttributeCategoryManager.cs
           Abstract/ICategoryAttributeManager.cs
           Abstract/ICategoryAttributeValueManager.cs
           Abstract/ICategoryImporterService.cs
           Abstract/ICategoryManager.cs
           Abstract/ICustomerManager.cs
           Abstract/IDiscountVoucherManager.cs
           Abstract/IImageManager.cs
           Abstract/INotificationManager.cs
           Abstract/IOfficeStockManager.cs
           Abstract/IProductManager.cs
           Abstract/IProductVariantManager.cs
           Abstract/IRoleService.cs
           Abstract/ISaleManager.cs
           Abstract/ITempBarcodeManager.cs
           Abstract/ITrendyolBrandImporterService.cs
           Abstract/ITrendyolCategoryImportService.cs
           BackgroundServices/TempBarcodeBackgroundService.cs
           Concrete/ApplicationLifetimeManager.cs
           Concrete/ApplicationLogManager.cs
           Concrete/AttributeKeyValueManager.cs
           Concrete/Auth/ApplicationUserManager.cs
           Concrete/Auth/AuthService.cs
           Concrete/Auth/RoleService.cs
           Concrete/BranchOfficeManager.cs
           Concrete/BrandManager.cs
           Concrete/BrandMatchService.cs
           Concrete/CargoCompaniesManager.cs
           Concrete/CategoryAttributeCategoryManager.cs
           Concrete/CategoryAttributeManager.cs
           Concrete/CategoryAttributeValueManager.cs
           Concrete/CategoryManager.cs
           Concrete/CustomerManager.cs
           Concrete/DiscountVoucherManager.cs
           Concrete/ImageManager.cs
           Concrete/Import/BaseCategoryImporterService.cs
           Concrete/Import/TrendyolCategoryImporter.cs
           Concrete/NotificationManager.cs
           Concrete/OfficeStockManager.cs
           Concrete/ProductManager.cs
           Concrete/ProductVariantManager.cs
           Concrete/SaleManager.cs
           Concrete/TempBarcodeManager.cs
           Concrete/Trendyol/Import/TrendyolBrandImporterService.cs
           Concrete/Trendyol/Import/TrendyolCategoryImporterService.cs
           Extensions/MapExtensions.cs
           Extensions/ValidationExtensions.cs
           MapperProfiles/FuncMappings.cs
           MapperProfiles/MappingConfig.cs
           Notifications/Emails/EmailSender.cs
           Notifications/Emails/IEmailSender.cs
           Notifications/INotificationSender.cs
           Notifications/SenderType.cs
           Notifications/SignalR/ApplicationUserIdProvider.cs
           Notifications/SignalR/ISignalRNotificationSender.cs
           Notifications/SignalR/NotificationHub.cs
           Notifications/SignalR/SignalRSender.cs
           Utility/Constants/MessageBrokerNames.cs
           Utility/Constants/Messages.cs
           Utility/Constants/StringConstants.cs
           Utility/Tenant/HttpHeaderTenantProvider.cs
           Utility/Tenant/IIntegrationDbContextFactory.cs
           Utility/Tenant/IntegrationDbContextFactory.cs
           Utility/Tenant/ITenantProvider.cs
           Utility/Tenant/TenantNotFoundException.cs
           Validation/FluentValidation/AddBranchOfficeStockValidator.cs
           Validation/FluentValidation/AddBrandDtoValidator.cs
           Validation/FluentValidation/AddCategoryAttributeDtoValidator.cs
           Validation/FluentValidation/AddCategoryDtoStepValidators.cs
           Validation/FluentValidation/AddCustomerDtoValidator.cs
           Validation/FluentValidation/AddProductValidator.cs
           Validation/FluentValidation/AddProductVariantValidator.cs
           Validation/FluentValidation/AddRoleDtoValidator.cs
           Validation/FluentValidation/AddUserDtoValidator.cs
           Validation/FluentValidation/AttributeKeyValueValidator.cs
           Validation/FluentValidation/BranchValidator.cs
           Validation/FluentValidation/BrandValidator.cs
           Validation/FluentValidation/CreateDiscountVoucherDtoValidator.cs
           Validation/FluentValidation/EditCategoryDtoValidator.cs
           Validation/FluentValidation/EditRoleDtoValidator.cs
           Validation/FluentValidation/FluentValidator.cs
           Validation/FluentValidation/IFluentValidator.cs
           Validation/FluentValidation/MakeSaleValidator.cs
           Validation/FluentValidation/PasswordValidator.cs
           Validation/FluentValidation/SendNotificationValidator.cs
           Validation/FluentValidation/ServiceDependencyExtension.cs
           Validation/FluentValidation/UpdateCustomerDtoValidator.cs
           Validation/FluentValidation/UserEditDtoValidator.cs
           obj/Debug/net8.0/Entegrasyon.Business.GlobalUsings.g.cs
           obj/Debug/net8.0/.NETCoreApp,Version=v8.0.AssemblyAttributes.cs
           obj/Debug/net8.0/Entegrasyon.Business.AssemblyInfo.cs
           /home/baturhan/.nuget/packages/castle.core/5.1.1/lib/net6.0/Castle.Core.dll
           /home/baturhan/Projeler/Entegrasyon/Application/Entegrasyon.DataAccess/obj/Debug/net8.0/ref/Entegrasyon.DataAccess.dll
           /home/baturhan/Projeler/Entegrasyon/Application/Entegrasyon.Entity/obj/Debug/net8.0/ref/Entegrasyon.Entity.dll
           /home/baturhan/Projeler/Entegrasyon/Application/Entegrasyon.MessageQueue.Commands/obj/Debug/net8.0/ref/Entegrasyon.MessageQueue.Commands.dll
           /home/baturhan/.nuget/packages/fluentvalidation/11.9.0/lib/net8.0/FluentValidation.dll
           /home/baturhan/.nuget/packages/mapster.core/1.2.1/lib/net7.0/Mapster.Core.dll
           /home/baturhan/.nuget/packages/mapster.dependencyinjection/1.0.1/lib/net7.0/Mapster.DependencyInjection.dll
           /home/baturhan/.nuget/packages/mapster/7.4.0/lib/net7.0/Mapster.dll
           /usr/lib64/dotnet/packs/Microsoft.AspNetCore.App.Ref/8.0.22/ref/net8.0/Microsoft.AspNetCore.Antiforgery.dll
           /usr/lib64/dotnet/packs/Microsoft.AspNetCore.App.Ref/8.0.22/ref/net8.0/Microsoft.AspNetCore.Authentication.Abstractions.dll
           /usr/lib64/dotnet/packs/Microsoft.AspNetCore.App.Ref/8.0.22/ref/net8.0/Microsoft.AspNetCore.Authentication.BearerToken.dll
           /usr/lib64/dotnet/packs/Microsoft.AspNetCore.App.Ref/8.0.22/ref/net8.0/Microsoft.AspNetCore.Authentication.Cookies.dll
           /usr/lib64/dotnet/packs/Microsoft.AspNetCore.App.Ref/8.0.22/ref/net8.0/Microsoft.AspNetCore.Authentication.Core.dll
           /usr/lib64/dotnet/packs/Microsoft.AspNetCore.App.Ref/8.0.22/ref/net8.0/Microsoft.AspNetCore.Authentication.dll
           /usr/lib64/dotnet/packs/Microsoft.AspNetCore.App.Ref/8.0.22/ref/net8.0/Microsoft.AspNetCore.Authentication.OAuth.dll
           /usr/lib64/dotnet/packs/Microsoft.AspNetCore.App.Ref/8.0.22/ref/net8.0/Microsoft.AspNetCore.Authorization.dll
           /usr/lib64/dotnet/packs/Microsoft.AspNetCore.App.Ref/8.0.22/ref/net8.0/Microsoft.AspNetCore.Authorization.Policy.dll
           /usr/lib64/dotnet/packs/Microsoft.AspNetCore.App.Ref/8.0.22/ref/net8.0/Microsoft.AspNetCore.Components.Authorization.dll
           /usr/lib64/dotnet/packs/Microsoft.AspNetCore.App.Ref/8.0.22/ref/net8.0/Microsoft.AspNetCore.Components.dll
           /usr/lib64/dotnet/packs/Microsoft.AspNetCore.App.Ref/8.0.22/ref/net8.0/Microsoft.AspNetCore.Components.Endpoints.dll
           /usr/lib64/dotnet/packs/Microsoft.AspNetCore.App.Ref/8.0.22/ref/net8.0/Microsoft.AspNetCore.Components.Forms.dll
           /usr/lib64/dotnet/packs/Microsoft.AspNetCore.App.Ref/8.0.22/ref/net8.0/Microsoft.AspNetCore.Components.Server.dll
           /usr/lib64/dotnet/packs/Microsoft.AspNetCore.App.Ref/8.0.22/ref/net8.0/Microsoft.AspNetCore.Components.Web.dll
           /usr/lib64/dotnet/packs/Microsoft.AspNetCore.App.Ref/8.0.22/ref/net8.0/Microsoft.AspNetCore.Connections.Abstractions.dll
           /usr/lib64/dotnet/packs/Microsoft.AspNetCore.App.Ref/8.0.22/ref/net8.0/Microsoft.AspNetCore.CookiePolicy.dll
           /usr/lib64/dotnet/packs/Microsoft.AspNetCore.App.Ref/8.0.22/ref/net8.0/Microsoft.AspNetCore.Cors.dll
           /usr/lib64/dotnet/packs/Microsoft.AspNetCore.App.Ref/8.0.22/ref/net8.0/Microsoft.AspNetCore.Cryptography.Internal.dll
           /usr/lib64/dotnet/packs/Microsoft.AspNetCore.App.Ref/8.0.22/ref/net8.0/Microsoft.AspNetCore.Cryptography.KeyDerivation.dll
           /usr/lib64/dotnet/packs/Microsoft.AspNetCore.App.Ref/8.0.22/ref/net8.0/Microsoft.AspNetCore.DataProtection.Abstractions.dll
           /usr/lib64/dotnet/packs/Microsoft.AspNetCore.App.Ref/8.0.22/ref/net8.0/Microsoft.AspNetCore.DataProtection.dll
           /usr/lib64/dotnet/packs/Microsoft.AspNetCore.App.Ref/8.0.22/ref/net8.0/Microsoft.AspNetCore.DataProtection.Extensions.dll
           /usr/lib64/dotnet/packs/Microsoft.AspNetCore.App.Ref/8.0.22/ref/net8.0/Microsoft.AspNetCore.Diagnostics.Abstractions.dll
           /usr/lib64/dotnet/packs/Microsoft.AspNetCore.App.Ref/8.0.22/ref/net8.0/Microsoft.AspNetCore.Diagnostics.dll
           /usr/lib64/dotnet/packs/Microsoft.AspNetCore.App.Ref/8.0.22/ref/net8.0/Microsoft.AspNetCore.Diagnostics.HealthChecks.dll
           /usr/lib64/dotnet/packs/Microsoft.AspNetCore.App.Ref/8.0.22/ref/net8.0/Microsoft.AspNetCore.dll
           /usr/lib64/dotnet/packs/Microsoft.AspNetCore.App.Ref/8.0.22/ref/net8.0/Microsoft.AspNetCore.HostFiltering.dll
           /usr/lib64/dotnet/packs/Microsoft.AspNetCore.App.Ref/8.0.22/ref/net8.0/Microsoft.AspNetCore.Hosting.Abstractions.dll
           /usr/lib64/dotnet/packs/Microsoft.AspNetCore.App.Ref/8.0.22/ref/net8.0/Microsoft.AspNetCore.Hosting.dll
           /usr/lib64/dotnet/packs/Microsoft.AspNetCore.App.Ref/8.0.22/ref/net8.0/Microsoft.AspNetCore.Hosting.Server.Abstractions.dll
           /usr/lib64/dotnet/packs/Microsoft.AspNetCore.App.Ref/8.0.22/ref/net8.0/Microsoft.AspNetCore.Html.Abstractions.dll
           /usr/lib64/dotnet/packs/Microsoft.AspNetCore.App.Ref/8.0.22/ref/net8.0/Microsoft.AspNetCore.Http.Abstractions.dll
           /usr/lib64/dotnet/packs/Microsoft.AspNetCore.App.Ref/8.0.22/ref/net8.0/Microsoft.AspNetCore.Http.Connections.Common.dll
           /usr/lib64/dotnet/packs/Microsoft.AspNetCore.App.Ref/8.0.22/ref/net8.0/Microsoft.AspNetCore.Http.Connections.dll
           /usr/lib64/dotnet/packs/Microsoft.AspNetCore.App.Ref/8.0.22/ref/net8.0/Microsoft.AspNetCore.Http.dll
           /usr/lib64/dotnet/packs/Microsoft.AspNetCore.App.Ref/8.0.22/ref/net8.0/Microsoft.AspNetCore.Http.Extensions.dll
           /usr/lib64/dotnet/packs/Microsoft.AspNetCore.App.Ref/8.0.22/ref/net8.0/Microsoft.AspNetCore.Http.Features.dll
           /usr/lib64/dotnet/packs/Microsoft.AspNetCore.App.Ref/8.0.22/ref/net8.0/Microsoft.AspNetCore.Http.Results.dll
           /usr/lib64/dotnet/packs/Microsoft.AspNetCore.App.Ref/8.0.22/ref/net8.0/Microsoft.AspNetCore.HttpLogging.dll
           /usr/lib64/dotnet/packs/Microsoft.AspNetCore.App.Ref/8.0.22/ref/net8.0/Microsoft.AspNetCore.HttpOverrides.dll
           /usr/lib64/dotnet/packs/Microsoft.AspNetCore.App.Ref/8.0.22/ref/net8.0/Microsoft.AspNetCore.HttpsPolicy.dll
           /usr/lib64/dotnet/packs/Microsoft.AspNetCore.App.Ref/8.0.22/ref/net8.0/Microsoft.AspNetCore.Identity.dll
           /usr/lib64/dotnet/packs/Microsoft.AspNetCore.App.Ref/8.0.22/ref/net8.0/Microsoft.AspNetCore.Localization.dll
           /usr/lib64/dotnet/packs/Microsoft.AspNetCore.App.Ref/8.0.22/ref/net8.0/Microsoft.AspNetCore.Localization.Routing.dll
           /usr/lib64/dotnet/packs/Microsoft.AspNetCore.App.Ref/8.0.22/ref/net8.0/Microsoft.AspNetCore.Metadata.dll
           /usr/lib64/dotnet/packs/Microsoft.AspNetCore.App.Ref/8.0.22/ref/net8.0/Microsoft.AspNetCore.Mvc.Abstractions.dll
           /usr/lib64/dotnet/packs/Microsoft.AspNetCore.App.Ref/8.0.22/ref/net8.0/Microsoft.AspNetCore.Mvc.ApiExplorer.dll
           /usr/lib64/dotnet/packs/Microsoft.AspNetCore.App.Ref/8.0.22/ref/net8.0/Microsoft.AspNetCore.Mvc.Core.dll
           /usr/lib64/dotnet/packs/Microsoft.AspNetCore.App.Ref/8.0.22/ref/net8.0/Microsoft.AspNetCore.Mvc.Cors.dll
           /usr/lib64/dotnet/packs/Microsoft.AspNetCore.App.Ref/8.0.22/ref/net8.0/Microsoft.AspNetCore.Mvc.DataAnnotations.dll
           /usr/lib64/dotnet/packs/Microsoft.AspNetCore.App.Ref/8.0.22/ref/net8.0/Microsoft.AspNetCore.Mvc.dll
           /usr/lib64/dotnet/packs/Microsoft.AspNetCore.App.Ref/8.0.22/ref/net8.0/Microsoft.AspNetCore.Mvc.Formatters.Json.dll
           /usr/lib64/dotnet/packs/Microsoft.AspNetCore.App.Ref/8.0.22/ref/net8.0/Microsoft.AspNetCore.Mvc.Formatters.Xml.dll
           /usr/lib64/dotnet/packs/Microsoft.AspNetCore.App.Ref/8.0.22/ref/net8.0/Microsoft.AspNetCore.Mvc.Localization.dll
           /usr/lib64/dotnet/packs/Microsoft.AspNetCore.App.Ref/8.0.22/ref/net8.0/Microsoft.AspNetCore.Mvc.Razor.dll
           /usr/lib64/dotnet/packs/Microsoft.AspNetCore.App.Ref/8.0.22/ref/net8.0/Microsoft.AspNetCore.Mvc.RazorPages.dll
           /usr/lib64/dotnet/packs/Microsoft.AspNetCore.App.Ref/8.0.22/ref/net8.0/Microsoft.AspNetCore.Mvc.TagHelpers.dll
           /usr/lib64/dotnet/packs/Microsoft.AspNetCore.App.Ref/8.0.22/ref/net8.0/Microsoft.AspNetCore.Mvc.ViewFeatures.dll
           /usr/lib64/dotnet/packs/Microsoft.AspNetCore.App.Ref/8.0.22/ref/net8.0/Microsoft.AspNetCore.OutputCaching.dll
           /usr/lib64/dotnet/packs/Microsoft.AspNetCore.App.Ref/8.0.22/ref/net8.0/Microsoft.AspNetCore.RateLimiting.dll
           /usr/lib64/dotnet/packs/Microsoft.AspNetCore.App.Ref/8.0.22/ref/net8.0/Microsoft.AspNetCore.Razor.dll
           /usr/lib64/dotnet/packs/Microsoft.AspNetCore.App.Ref/8.0.22/ref/net8.0/Microsoft.AspNetCore.Razor.Runtime.dll
           /usr/lib64/dotnet/packs/Microsoft.AspNetCore.App.Ref/8.0.22/ref/net8.0/Microsoft.AspNetCore.RequestDecompression.dll
           /usr/lib64/dotnet/packs/Microsoft.AspNetCore.App.Ref/8.0.22/ref/net8.0/Microsoft.AspNetCore.ResponseCaching.Abstractions.dll
           /usr/lib64/dotnet/packs/Microsoft.AspNetCore.App.Ref/8.0.22/ref/net8.0/Microsoft.AspNetCore.ResponseCaching.dll
           /usr/lib64/dotnet/packs/Microsoft.AspNetCore.App.Ref/8.0.22/ref/net8.0/Microsoft.AspNetCore.ResponseCompression.dll
           /usr/lib64/dotnet/packs/Microsoft.AspNetCore.App.Ref/8.0.22/ref/net8.0/Microsoft.AspNetCore.Rewrite.dll
           /usr/lib64/dotnet/packs/Microsoft.AspNetCore.App.Ref/8.0.22/ref/net8.0/Microsoft.AspNetCore.Routing.Abstractions.dll
           /usr/lib64/dotnet/packs/Microsoft.AspNetCore.App.Ref/8.0.22/ref/net8.0/Microsoft.AspNetCore.Routing.dll
           /usr/lib64/dotnet/packs/Microsoft.AspNetCore.App.Ref/8.0.22/ref/net8.0/Microsoft.AspNetCore.Server.HttpSys.dll
           /usr/lib64/dotnet/packs/Microsoft.AspNetCore.App.Ref/8.0.22/ref/net8.0/Microsoft.AspNetCore.Server.IIS.dll
           /usr/lib64/dotnet/packs/Microsoft.AspNetCore.App.Ref/8.0.22/ref/net8.0/Microsoft.AspNetCore.Server.IISIntegration.dll
           /usr/lib64/dotnet/packs/Microsoft.AspNetCore.App.Ref/8.0.22/ref/net8.0/Microsoft.AspNetCore.Server.Kestrel.Core.dll
           /usr/lib64/dotnet/packs/Microsoft.AspNetCore.App.Ref/8.0.22/ref/net8.0/Microsoft.AspNetCore.Server.Kestrel.dll
           /usr/lib64/dotnet/packs/Microsoft.AspNetCore.App.Ref/8.0.22/ref/net8.0/Microsoft.AspNetCore.Server.Kestrel.Transport.NamedPipes.dll
           /usr/lib64/dotnet/packs/Microsoft.AspNetCore.App.Ref/8.0.22/ref/net8.0/Microsoft.AspNetCore.Server.Kestrel.Transport.Quic.dll
           /usr/lib64/dotnet/packs/Microsoft.AspNetCore.App.Ref/8.0.22/ref/net8.0/Microsoft.AspNetCore.Server.Kestrel.Transport.Sockets.dll
           /usr/lib64/dotnet/packs/Microsoft.AspNetCore.App.Ref/8.0.22/ref/net8.0/Microsoft.AspNetCore.Session.dll
           /usr/lib64/dotnet/packs/Microsoft.AspNetCore.App.Ref/8.0.22/ref/net8.0/Microsoft.AspNetCore.SignalR.Common.dll
           /usr/lib64/dotnet/packs/Microsoft.AspNetCore.App.Ref/8.0.22/ref/net8.0/Microsoft.AspNetCore.SignalR.Core.dll
           /usr/lib64/dotnet/packs/Microsoft.AspNetCore.App.Ref/8.0.22/ref/net8.0/Microsoft.AspNetCore.SignalR.dll
           /usr/lib64/dotnet/packs/Microsoft.AspNetCore.App.Ref/8.0.22/ref/net8.0/Microsoft.AspNetCore.SignalR.Protocols.Json.dll
           /usr/lib64/dotnet/packs/Microsoft.AspNetCore.App.Ref/8.0.22/ref/net8.0/Microsoft.AspNetCore.StaticFiles.dll
           /usr/lib64/dotnet/packs/Microsoft.AspNetCore.App.Ref/8.0.22/ref/net8.0/Microsoft.AspNetCore.WebSockets.dll
           /usr/lib64/dotnet/packs/Microsoft.AspNetCore.App.Ref/8.0.22/ref/net8.0/Microsoft.AspNetCore.WebUtilities.dll
           /usr/lib64/dotnet/packs/Microsoft.NETCore.App.Ref/8.0.22/ref/net8.0/Microsoft.CSharp.dll
           /home/baturhan/.nuget/packages/microsoft.entityframeworkcore.abstractions/8.0.15/lib/net8.0/Microsoft.EntityFrameworkCore.Abstractions.dll
           /home/baturhan/.nuget/packages/microsoft.entityframeworkcore/8.0.15/lib/net8.0/Microsoft.EntityFrameworkCore.dll
           /home/baturhan/.nuget/packages/microsoft.entityframeworkcore.proxies/8.0.15/lib/net8.0/Microsoft.EntityFrameworkCore.Proxies.dll
           /home/baturhan/.nuget/packages/microsoft.entityframeworkcore.relational/8.0.15/lib/net8.0/Microsoft.EntityFrameworkCore.Relational.dll
           /usr/lib64/dotnet/packs/Microsoft.AspNetCore.App.Ref/8.0.22/ref/net8.0/Microsoft.Extensions.Caching.Abstractions.dll
           /usr/lib64/dotnet/packs/Microsoft.AspNetCore.App.Ref/8.0.22/ref/net8.0/Microsoft.Extensions.Caching.Memory.dll
           /usr/lib64/dotnet/packs/Microsoft.AspNetCore.App.Ref/8.0.22/ref/net8.0/Microsoft.Extensions.Configuration.Abstractions.dll
           /usr/lib64/dotnet/packs/Microsoft.AspNetCore.App.Ref/8.0.22/ref/net8.0/Microsoft.Extensions.Configuration.Binder.dll
           /usr/lib64/dotnet/packs/Microsoft.AspNetCore.App.Ref/8.0.22/ref/net8.0/Microsoft.Extensions.Configuration.CommandLine.dll
           /usr/lib64/dotnet/packs/Microsoft.AspNetCore.App.Ref/8.0.22/ref/net8.0/Microsoft.Extensions.Configuration.dll
           /usr/lib64/dotnet/packs/Microsoft.AspNetCore.App.Ref/8.0.22/ref/net8.0/Microsoft.Extensions.Configuration.EnvironmentVariables.dll
           /usr/lib64/dotnet/packs/Microsoft.AspNetCore.App.Ref/8.0.22/ref/net8.0/Microsoft.Extensions.Configuration.FileExtensions.dll
           /usr/lib64/dotnet/packs/Microsoft.AspNetCore.App.Ref/8.0.22/ref/net8.0/Microsoft.Extensions.Configuration.Ini.dll
           /usr/lib64/dotnet/packs/Microsoft.AspNetCore.App.Ref/8.0.22/ref/net8.0/Microsoft.Extensions.Configuration.Json.dll
           /usr/lib64/dotnet/packs/Microsoft.AspNetCore.App.Ref/8.0.22/ref/net8.0/Microsoft.Extensions.Configuration.KeyPerFile.dll
           /usr/lib64/dotnet/packs/Microsoft.AspNetCore.App.Ref/8.0.22/ref/net8.0/Microsoft.Extensions.Configuration.UserSecrets.dll
           /usr/lib64/dotnet/packs/Microsoft.AspNetCore.App.Ref/8.0.22/ref/net8.0/Microsoft.Extensions.Configuration.Xml.dll
           /usr/lib64/dotnet/packs/Microsoft.AspNetCore.App.Ref/8.0.22/ref/net8.0/Microsoft.Extensions.DependencyInjection.Abstractions.dll
           /usr/lib64/dotnet/packs/Microsoft.AspNetCore.App.Ref/8.0.22/ref/net8.0/Microsoft.Extensions.DependencyInjection.dll
           /home/baturhan/.nuget/packages/microsoft.extensions.dependencymodel/8.0.0/lib/net8.0/Microsoft.Extensions.DependencyModel.dll
           /usr/lib64/dotnet/packs/Microsoft.AspNetCore.App.Ref/8.0.22/ref/net8.0/Microsoft.Extensions.Diagnostics.Abstractions.dll
           /usr/lib64/dotnet/packs/Microsoft.AspNetCore.App.Ref/8.0.22/ref/net8.0/Microsoft.Extensions.Diagnostics.dll
           /usr/lib64/dotnet/packs/Microsoft.AspNetCore.App.Ref/8.0.22/ref/net8.0/Microsoft.Extensions.Diagnostics.HealthChecks.Abstractions.dll
           /usr/lib64/dotnet/packs/Microsoft.AspNetCore.App.Ref/8.0.22/ref/net8.0/Microsoft.Extensions.Diagnostics.HealthChecks.dll
           /usr/lib64/dotnet/packs/Microsoft.AspNetCore.App.Ref/8.0.22/ref/net8.0/Microsoft.Extensions.Features.dll
           /usr/lib64/dotnet/packs/Microsoft.AspNetCore.App.Ref/8.0.22/ref/net8.0/Microsoft.Extensions.FileProviders.Abstractions.dll
           /usr/lib64/dotnet/packs/Microsoft.AspNetCore.App.Ref/8.0.22/ref/net8.0/Microsoft.Extensions.FileProviders.Composite.dll
           /usr/lib64/dotnet/packs/Microsoft.AspNetCore.App.Ref/8.0.22/ref/net8.0/Microsoft.Extensions.FileProviders.Embedded.dll
           /usr/lib64/dotnet/packs/Microsoft.AspNetCore.App.Ref/8.0.22/ref/net8.0/Microsoft.Extensions.FileProviders.Physical.dll
           /usr/lib64/dotnet/packs/Microsoft.AspNetCore.App.Ref/8.0.22/ref/net8.0/Microsoft.Extensions.FileSystemGlobbing.dll
           /usr/lib64/dotnet/packs/Microsoft.AspNetCore.App.Ref/8.0.22/ref/net8.0/Microsoft.Extensions.Hosting.Abstractions.dll
           /usr/lib64/dotnet/packs/Microsoft.AspNetCore.App.Ref/8.0.22/ref/net8.0/Microsoft.Extensions.Hosting.dll
           /usr/lib64/dotnet/packs/Microsoft.AspNetCore.App.Ref/8.0.22/ref/net8.0/Microsoft.Extensions.Http.dll
           /usr/lib64/dotnet/packs/Microsoft.AspNetCore.App.Ref/8.0.22/ref/net8.0/Microsoft.Extensions.Identity.Core.dll
           /usr/lib64/dotnet/packs/Microsoft.AspNetCore.App.Ref/8.0.22/ref/net8.0/Microsoft.Extensions.Identity.Stores.dll
           /usr/lib64/dotnet/packs/Microsoft.AspNetCore.App.Ref/8.0.22/ref/net8.0/Microsoft.Extensions.Localization.Abstractions.dll
           /usr/lib64/dotnet/packs/Microsoft.AspNetCore.App.Ref/8.0.22/ref/net8.0/Microsoft.Extensions.Localization.dll
           /usr/lib64/dotnet/packs/Microsoft.AspNetCore.App.Ref/8.0.22/ref/net8.0/Microsoft.Extensions.Logging.Abstractions.dll
           /usr/lib64/dotnet/packs/Microsoft.AspNetCore.App.Ref/8.0.22/ref/net8.0/Microsoft.Extensions.Logging.Configuration.dll
           /usr/lib64/dotnet/packs/Microsoft.AspNetCore.App.Ref/8.0.22/ref/net8.0/Microsoft.Extensions.Logging.Console.dll
           /usr/lib64/dotnet/packs/Microsoft.AspNetCore.App.Ref/8.0.22/ref/net8.0/Microsoft.Extensions.Logging.Debug.dll
           /usr/lib64/dotnet/packs/Microsoft.AspNetCore.App.Ref/8.0.22/ref/net8.0/Microsoft.Extensions.Logging.dll
           /usr/lib64/dotnet/packs/Microsoft.AspNetCore.App.Ref/8.0.22/ref/net8.0/Microsoft.Extensions.Logging.EventLog.dll
           /usr/lib64/dotnet/packs/Microsoft.AspNetCore.App.Ref/8.0.22/ref/net8.0/Microsoft.Extensions.Logging.EventSource.dll
           /usr/lib64/dotnet/packs/Microsoft.AspNetCore.App.Ref/8.0.22/ref/net8.0/Microsoft.Extensions.Logging.TraceSource.dll
           /usr/lib64/dotnet/packs/Microsoft.AspNetCore.App.Ref/8.0.22/ref/net8.0/Microsoft.Extensions.ObjectPool.dll
           /usr/lib64/dotnet/packs/Microsoft.AspNetCore.App.Ref/8.0.22/ref/net8.0/Microsoft.Extensions.Options.ConfigurationExtensions.dll
           /usr/lib64/dotnet/packs/Microsoft.AspNetCore.App.Ref/8.0.22/ref/net8.0/Microsoft.Extensions.Options.DataAnnotations.dll
           /usr/lib64/dotnet/packs/Microsoft.AspNetCore.App.Ref/8.0.22/ref/net8.0/Microsoft.Extensions.Options.dll
           /usr/lib64/dotnet/packs/Microsoft.AspNetCore.App.Ref/8.0.22/ref/net8.0/Microsoft.Extensions.Primitives.dll
           /usr/lib64/dotnet/packs/Microsoft.AspNetCore.App.Ref/8.0.22/ref/net8.0/Microsoft.Extensions.WebEncoders.dll
           /home/baturhan/.nuget/packages/microsoft.identitymodel.abstractions/7.4.0/lib/net8.0/Microsoft.IdentityModel.Abstractions.dll
           /home/baturhan/.nuget/packages/microsoft.identitymodel.jsonwebtokens/7.4.0/lib/net8.0/Microsoft.IdentityModel.JsonWebTokens.dll
           /home/baturhan/.nuget/packages/microsoft.identitymodel.logging/7.4.0/lib/net8.0/Microsoft.IdentityModel.Logging.dll
           /home/baturhan/.nuget/packages/microsoft.identitymodel.tokens/7.4.0/lib/net8.0/Microsoft.IdentityModel.Tokens.dll
           /usr/lib64/dotnet/packs/Microsoft.AspNetCore.App.Ref/8.0.22/ref/net8.0/Microsoft.JSInterop.dll
           /usr/lib64/dotnet/packs/Microsoft.AspNetCore.App.Ref/8.0.22/ref/net8.0/Microsoft.Net.Http.Headers.dll
           /usr/lib64/dotnet/packs/Microsoft.NETCore.App.Ref/8.0.22/ref/net8.0/Microsoft.VisualBasic.Core.dll
           /usr/lib64/dotnet/packs/Microsoft.NETCore.App.Ref/8.0.22/ref/net8.0/Microsoft.VisualBasic.dll
           /usr/lib64/dotnet/packs/Microsoft.NETCore.App.Ref/8.0.22/ref/net8.0/Microsoft.Win32.Primitives.dll
           /usr/lib64/dotnet/packs/Microsoft.NETCore.App.Ref/8.0.22/ref/net8.0/Microsoft.Win32.Registry.dll
           /usr/lib64/dotnet/packs/Microsoft.NETCore.App.Ref/8.0.22/ref/net8.0/mscorlib.dll
           /usr/lib64/dotnet/packs/Microsoft.NETCore.App.Ref/8.0.22/ref/net8.0/netstandard.dll
           /home/baturhan/.nuget/packages/newtonsoft.json/13.0.3/lib/net6.0/Newtonsoft.Json.dll
           /home/baturhan/.nuget/packages/npgsql/8.0.6/lib/net8.0/Npgsql.dll
           /home/baturhan/.nuget/packages/npgsql.entityframeworkcore.postgresql/8.0.11/lib/net8.0/Npgsql.EntityFrameworkCore.PostgreSQL.dll
           /home/baturhan/.nuget/packages/pipelines.sockets.unofficial/2.2.8/lib/net5.0/Pipelines.Sockets.Unofficial.dll
           /home/baturhan/.nuget/packages/serilog.aspnetcore/8.0.1/lib/net8.0/Serilog.AspNetCore.dll
           /home/baturhan/.nuget/packages/serilog/3.1.1/lib/net7.0/Serilog.dll
           /home/baturhan/.nuget/packages/serilog.extensions.hosting/8.0.0/lib/net8.0/Serilog.Extensions.Hosting.dll
           /home/baturhan/.nuget/packages/serilog.extensions.logging/8.0.0/lib/net8.0/Serilog.Extensions.Logging.dll
           /home/baturhan/.nuget/packages/serilog.formatting.compact/2.0.0/lib/net7.0/Serilog.Formatting.Compact.dll
           /home/baturhan/.nuget/packages/serilog.settings.configuration/8.0.0/lib/net8.0/Serilog.Settings.Configuration.dll
           /home/baturhan/.nuget/packages/serilog.sinks.console/5.0.1/lib/net7.0/Serilog.Sinks.Console.dll
           /home/baturhan/.nuget/packages/serilog.sinks.debug/2.0.0/lib/netstandard2.1/Serilog.Sinks.Debug.dll
           /home/baturhan/.nuget/packages/serilog.sinks.file/5.0.0/lib/net5.0/Serilog.Sinks.File.dll
           /home/baturhan/Projeler/Entegrasyon/Shared/Shared/obj/Debug/net8.0/ref/Shared.dll
           /home/baturhan/.nuget/packages/stackexchange.redis/2.7.27/lib/net6.0/StackExchange.Redis.dll
           /usr/lib64/dotnet/packs/Microsoft.NETCore.App.Ref/8.0.22/ref/net8.0/System.AppContext.dll
           /usr/lib64/dotnet/packs/Microsoft.NETCore.App.Ref/8.0.22/ref/net8.0/System.Buffers.dll
           /usr/lib64/dotnet/packs/Microsoft.NETCore.App.Ref/8.0.22/ref/net8.0/System.Collections.Concurrent.dll
           /usr/lib64/dotnet/packs/Microsoft.NETCore.App.Ref/8.0.22/ref/net8.0/System.Collections.dll
           /usr/lib64/dotnet/packs/Microsoft.NETCore.App.Ref/8.0.22/ref/net8.0/System.Collections.Immutable.dll
           /usr/lib64/dotnet/packs/Microsoft.NETCore.App.Ref/8.0.22/ref/net8.0/System.Collections.NonGeneric.dll
           /usr/lib64/dotnet/packs/Microsoft.NETCore.App.Ref/8.0.22/ref/net8.0/System.Collections.Specialized.dll
           /usr/lib64/dotnet/packs/Microsoft.NETCore.App.Ref/8.0.22/ref/net8.0/System.ComponentModel.Annotations.dll
           /usr/lib64/dotnet/packs/Microsoft.NETCore.App.Ref/8.0.22/ref/net8.0/System.ComponentModel.DataAnnotations.dll
           /usr/lib64/dotnet/packs/Microsoft.NETCore.App.Ref/8.0.22/ref/net8.0/System.ComponentModel.dll
           /usr/lib64/dotnet/packs/Microsoft.NETCore.App.Ref/8.0.22/ref/net8.0/System.ComponentModel.EventBasedAsync.dll
           /usr/lib64/dotnet/packs/Microsoft.NETCore.App.Ref/8.0.22/ref/net8.0/System.ComponentModel.Primitives.dll
           /usr/lib64/dotnet/packs/Microsoft.NETCore.App.Ref/8.0.22/ref/net8.0/System.ComponentModel.TypeConverter.dll
           /usr/lib64/dotnet/packs/Microsoft.NETCore.App.Ref/8.0.22/ref/net8.0/System.Configuration.dll
           /usr/lib64/dotnet/packs/Microsoft.NETCore.App.Ref/8.0.22/ref/net8.0/System.Console.dll
           /usr/lib64/dotnet/packs/Microsoft.NETCore.App.Ref/8.0.22/ref/net8.0/System.Core.dll
           /usr/lib64/dotnet/packs/Microsoft.NETCore.App.Ref/8.0.22/ref/net8.0/System.Data.Common.dll
           /usr/lib64/dotnet/packs/Microsoft.NETCore.App.Ref/8.0.22/ref/net8.0/System.Data.DataSetExtensions.dll
           /usr/lib64/dotnet/packs/Microsoft.NETCore.App.Ref/8.0.22/ref/net8.0/System.Data.dll
           /usr/lib64/dotnet/packs/Microsoft.NETCore.App.Ref/8.0.22/ref/net8.0/System.Diagnostics.Contracts.dll
           /usr/lib64/dotnet/packs/Microsoft.NETCore.App.Ref/8.0.22/ref/net8.0/System.Diagnostics.Debug.dll
           /usr/lib64/dotnet/packs/Microsoft.NETCore.App.Ref/8.0.22/ref/net8.0/System.Diagnostics.DiagnosticSource.dll
           /usr/lib64/dotnet/packs/Microsoft.AspNetCore.App.Ref/8.0.22/ref/net8.0/System.Diagnostics.EventLog.dll
           /usr/lib64/dotnet/packs/Microsoft.NETCore.App.Ref/8.0.22/ref/net8.0/System.Diagnostics.FileVersionInfo.dll
           /usr/lib64/dotnet/packs/Microsoft.NETCore.App.Ref/8.0.22/ref/net8.0/System.Diagnostics.Process.dll
           /usr/lib64/dotnet/packs/Microsoft.NETCore.App.Ref/8.0.22/ref/net8.0/System.Diagnostics.StackTrace.dll
           /usr/lib64/dotnet/packs/Microsoft.NETCore.App.Ref/8.0.22/ref/net8.0/System.Diagnostics.TextWriterTraceListener.dll
           /usr/lib64/dotnet/packs/Microsoft.NETCore.App.Ref/8.0.22/ref/net8.0/System.Diagnostics.Tools.dll
           /usr/lib64/dotnet/packs/Microsoft.NETCore.App.Ref/8.0.22/ref/net8.0/System.Diagnostics.TraceSource.dll
           /usr/lib64/dotnet/packs/Microsoft.NETCore.App.Ref/8.0.22/ref/net8.0/System.Diagnostics.Tracing.dll
           /usr/lib64/dotnet/packs/Microsoft.NETCore.App.Ref/8.0.22/ref/net8.0/System.dll
           /usr/lib64/dotnet/packs/Microsoft.NETCore.App.Ref/8.0.22/ref/net8.0/System.Drawing.dll
           /usr/lib64/dotnet/packs/Microsoft.NETCore.App.Ref/8.0.22/ref/net8.0/System.Drawing.Primitives.dll
           /usr/lib64/dotnet/packs/Microsoft.NETCore.App.Ref/8.0.22/ref/net8.0/System.Dynamic.Runtime.dll
           /usr/lib64/dotnet/packs/Microsoft.NETCore.App.Ref/8.0.22/ref/net8.0/System.Formats.Asn1.dll
           /usr/lib64/dotnet/packs/Microsoft.NETCore.App.Ref/8.0.22/ref/net8.0/System.Formats.Tar.dll
           /usr/lib64/dotnet/packs/Microsoft.NETCore.App.Ref/8.0.22/ref/net8.0/System.Globalization.Calendars.dll
           /usr/lib64/dotnet/packs/Microsoft.NETCore.App.Ref/8.0.22/ref/net8.0/System.Globalization.dll
           /usr/lib64/dotnet/packs/Microsoft.NETCore.App.Ref/8.0.22/ref/net8.0/System.Globalization.Extensions.dll
           /home/baturhan/.nuget/packages/system.identitymodel.tokens.jwt/7.4.0/lib/net8.0/System.IdentityModel.Tokens.Jwt.dll
           /usr/lib64/dotnet/packs/Microsoft.NETCore.App.Ref/8.0.22/ref/net8.0/System.IO.Compression.Brotli.dll
           /usr/lib64/dotnet/packs/Microsoft.NETCore.App.Ref/8.0.22/ref/net8.0/System.IO.Compression.dll
           /usr/lib64/dotnet/packs/Microsoft.NETCore.App.Ref/8.0.22/ref/net8.0/System.IO.Compression.FileSystem.dll
           /usr/lib64/dotnet/packs/Microsoft.NETCore.App.Ref/8.0.22/ref/net8.0/System.IO.Compression.ZipFile.dll
           /usr/lib64/dotnet/packs/Microsoft.NETCore.App.Ref/8.0.22/ref/net8.0/System.IO.dll
           /usr/lib64/dotnet/packs/Microsoft.NETCore.App.Ref/8.0.22/ref/net8.0/System.IO.FileSystem.AccessControl.dll
           /usr/lib64/dotnet/packs/Microsoft.NETCore.App.Ref/8.0.22/ref/net8.0/System.IO.FileSystem.dll
           /usr/lib64/dotnet/packs/Microsoft.NETCore.App.Ref/8.0.22/ref/net8.0/System.IO.FileSystem.DriveInfo.dll
           /usr/lib64/dotnet/packs/Microsoft.NETCore.App.Ref/8.0.22/ref/net8.0/System.IO.FileSystem.Primitives.dll
           /usr/lib64/dotnet/packs/Microsoft.NETCore.App.Ref/8.0.22/ref/net8.0/System.IO.FileSystem.Watcher.dll
           /usr/lib64/dotnet/packs/Microsoft.NETCore.App.Ref/8.0.22/ref/net8.0/System.IO.IsolatedStorage.dll
           /usr/lib64/dotnet/packs/Microsoft.NETCore.App.Ref/8.0.22/ref/net8.0/System.IO.MemoryMappedFiles.dll
           /usr/lib64/dotnet/packs/Microsoft.AspNetCore.App.Ref/8.0.22/ref/net8.0/System.IO.Pipelines.dll
           /usr/lib64/dotnet/packs/Microsoft.NETCore.App.Ref/8.0.22/ref/net8.0/System.IO.Pipes.AccessControl.dll
           /usr/lib64/dotnet/packs/Microsoft.NETCore.App.Ref/8.0.22/ref/net8.0/System.IO.Pipes.dll
           /usr/lib64/dotnet/packs/Microsoft.NETCore.App.Ref/8.0.22/ref/net8.0/System.IO.UnmanagedMemoryStream.dll
           /usr/lib64/dotnet/packs/Microsoft.NETCore.App.Ref/8.0.22/ref/net8.0/System.Linq.dll
           /usr/lib64/dotnet/packs/Microsoft.NETCore.App.Ref/8.0.22/ref/net8.0/System.Linq.Expressions.dll
           /usr/lib64/dotnet/packs/Microsoft.NETCore.App.Ref/8.0.22/ref/net8.0/System.Linq.Parallel.dll
           /usr/lib64/dotnet/packs/Microsoft.NETCore.App.Ref/8.0.22/ref/net8.0/System.Linq.Queryable.dll
           /usr/lib64/dotnet/packs/Microsoft.NETCore.App.Ref/8.0.22/ref/net8.0/System.Memory.dll
           /usr/lib64/dotnet/packs/Microsoft.NETCore.App.Ref/8.0.22/ref/net8.0/System.Net.dll
           /usr/lib64/dotnet/packs/Microsoft.NETCore.App.Ref/8.0.22/ref/net8.0/System.Net.Http.dll
           /usr/lib64/dotnet/packs/Microsoft.NETCore.App.Ref/8.0.22/ref/net8.0/System.Net.Http.Json.dll
           /usr/lib64/dotnet/packs/Microsoft.NETCore.App.Ref/8.0.22/ref/net8.0/System.Net.HttpListener.dll
           /usr/lib64/dotnet/packs/Microsoft.NETCore.App.Ref/8.0.22/ref/net8.0/System.Net.Mail.dll
           /usr/lib64/dotnet/packs/Microsoft.NETCore.App.Ref/8.0.22/ref/net8.0/System.Net.NameResolution.dll
           /usr/lib64/dotnet/packs/Microsoft.NETCore.App.Ref/8.0.22/ref/net8.0/System.Net.NetworkInformation.dll
           /usr/lib64/dotnet/packs/Microsoft.NETCore.App.Ref/8.0.22/ref/net8.0/System.Net.Ping.dll
           /usr/lib64/dotnet/packs/Microsoft.NETCore.App.Ref/8.0.22/ref/net8.0/System.Net.Primitives.dll
           /usr/lib64/dotnet/packs/Microsoft.NETCore.App.Ref/8.0.22/ref/net8.0/System.Net.Quic.dll
           /usr/lib64/dotnet/packs/Microsoft.NETCore.App.Ref/8.0.22/ref/net8.0/System.Net.Requests.dll
           /usr/lib64/dotnet/packs/Microsoft.NETCore.App.Ref/8.0.22/ref/net8.0/System.Net.Security.dll
           /usr/lib64/dotnet/packs/Microsoft.NETCore.App.Ref/8.0.22/ref/net8.0/System.Net.ServicePoint.dll
           /usr/lib64/dotnet/packs/Microsoft.NETCore.App.Ref/8.0.22/ref/net8.0/System.Net.Sockets.dll
           /usr/lib64/dotnet/packs/Microsoft.NETCore.App.Ref/8.0.22/ref/net8.0/System.Net.WebClient.dll
           /usr/lib64/dotnet/packs/Microsoft.NETCore.App.Ref/8.0.22/ref/net8.0/System.Net.WebHeaderCollection.dll
           /usr/lib64/dotnet/packs/Microsoft.NETCore.App.Ref/8.0.22/ref/net8.0/System.Net.WebProxy.dll
           /usr/lib64/dotnet/packs/Microsoft.NETCore.App.Ref/8.0.22/ref/net8.0/System.Net.WebSockets.Client.dll
           /usr/lib64/dotnet/packs/Microsoft.NETCore.App.Ref/8.0.22/ref/net8.0/System.Net.WebSockets.dll
           /usr/lib64/dotnet/packs/Microsoft.NETCore.App.Ref/8.0.22/ref/net8.0/System.Numerics.dll
           /usr/lib64/dotnet/packs/Microsoft.NETCore.App.Ref/8.0.22/ref/net8.0/System.Numerics.Vectors.dll
           /usr/lib64/dotnet/packs/Microsoft.NETCore.App.Ref/8.0.22/ref/net8.0/System.ObjectModel.dll
           /usr/lib64/dotnet/packs/Microsoft.NETCore.App.Ref/8.0.22/ref/net8.0/System.Reflection.DispatchProxy.dll
           /usr/lib64/dotnet/packs/Microsoft.NETCore.App.Ref/8.0.22/ref/net8.0/System.Reflection.dll
           /usr/lib64/dotnet/packs/Microsoft.NETCore.App.Ref/8.0.22/ref/net8.0/System.Reflection.Emit.dll
           /usr/lib64/dotnet/packs/Microsoft.NETCore.App.Ref/8.0.22/ref/net8.0/System.Reflection.Emit.ILGeneration.dll
           /usr/lib64/dotnet/packs/Microsoft.NETCore.App.Ref/8.0.22/ref/net8.0/System.Reflection.Emit.Lightweight.dll
           /usr/lib64/dotnet/packs/Microsoft.NETCore.App.Ref/8.0.22/ref/net8.0/System.Reflection.Extensions.dll
           /usr/lib64/dotnet/packs/Microsoft.NETCore.App.Ref/8.0.22/ref/net8.0/System.Reflection.Metadata.dll
           /usr/lib64/dotnet/packs/Microsoft.NETCore.App.Ref/8.0.22/ref/net8.0/System.Reflection.Primitives.dll
           /usr/lib64/dotnet/packs/Microsoft.NETCore.App.Ref/8.0.22/ref/net8.0/System.Reflection.TypeExtensions.dll
           /usr/lib64/dotnet/packs/Microsoft.NETCore.App.Ref/8.0.22/ref/net8.0/System.Resources.Reader.dll
           /usr/lib64/dotnet/packs/Microsoft.NETCore.App.Ref/8.0.22/ref/net8.0/System.Resources.ResourceManager.dll
           /usr/lib64/dotnet/packs/Microsoft.NETCore.App.Ref/8.0.22/ref/net8.0/System.Resources.Writer.dll
           /usr/lib64/dotnet/packs/Microsoft.NETCore.App.Ref/8.0.22/ref/net8.0/System.Runtime.CompilerServices.Unsafe.dll
           /usr/lib64/dotnet/packs/Microsoft.NETCore.App.Ref/8.0.22/ref/net8.0/System.Runtime.CompilerServices.VisualC.dll
           /usr/lib64/dotnet/packs/Microsoft.NETCore.App.Ref/8.0.22/ref/net8.0/System.Runtime.dll
           /usr/lib64/dotnet/packs/Microsoft.NETCore.App.Ref/8.0.22/ref/net8.0/System.Runtime.Extensions.dll
           /usr/lib64/dotnet/packs/Microsoft.NETCore.App.Ref/8.0.22/ref/net8.0/System.Runtime.Handles.dll
           /usr/lib64/dotnet/packs/Microsoft.NETCore.App.Ref/8.0.22/ref/net8.0/System.Runtime.InteropServices.dll
           /usr/lib64/dotnet/packs/Microsoft.NETCore.App.Ref/8.0.22/ref/net8.0/System.Runtime.InteropServices.JavaScript.dll
           /usr/lib64/dotnet/packs/Microsoft.NETCore.App.Ref/8.0.22/ref/net8.0/System.Runtime.InteropServices.RuntimeInformation.dll
           /usr/lib64/dotnet/packs/Microsoft.NETCore.App.Ref/8.0.22/ref/net8.0/System.Runtime.Intrinsics.dll
           /usr/lib64/dotnet/packs/Microsoft.NETCore.App.Ref/8.0.22/ref/net8.0/System.Runtime.Loader.dll
           /usr/lib64/dotnet/packs/Microsoft.NETCore.App.Ref/8.0.22/ref/net8.0/System.Runtime.Numerics.dll
           /usr/lib64/dotnet/packs/Microsoft.NETCore.App.Ref/8.0.22/ref/net8.0/System.Runtime.Serialization.dll
           /usr/lib64/dotnet/packs/Microsoft.NETCore.App.Ref/8.0.22/ref/net8.0/System.Runtime.Serialization.Formatters.dll
           /usr/lib64/dotnet/packs/Microsoft.NETCore.App.Ref/8.0.22/ref/net8.0/System.Runtime.Serialization.Json.dll
           /usr/lib64/dotnet/packs/Microsoft.NETCore.App.Ref/8.0.22/ref/net8.0/System.Runtime.Serialization.Primitives.dll
           /usr/lib64/dotnet/packs/Microsoft.NETCore.App.Ref/8.0.22/ref/net8.0/System.Runtime.Serialization.Xml.dll
           /usr/lib64/dotnet/packs/Microsoft.NETCore.App.Ref/8.0.22/ref/net8.0/System.Security.AccessControl.dll
           /usr/lib64/dotnet/packs/Microsoft.NETCore.App.Ref/8.0.22/ref/net8.0/System.Security.Claims.dll
           /usr/lib64/dotnet/packs/Microsoft.NETCore.App.Ref/8.0.22/ref/net8.0/System.Security.Cryptography.Algorithms.dll
           /usr/lib64/dotnet/packs/Microsoft.NETCore.App.Ref/8.0.22/ref/net8.0/System.Security.Cryptography.Cng.dll
           /usr/lib64/dotnet/packs/Microsoft.NETCore.App.Ref/8.0.22/ref/net8.0/System.Security.Cryptography.Csp.dll
           /usr/lib64/dotnet/packs/Microsoft.NETCore.App.Ref/8.0.22/ref/net8.0/System.Security.Cryptography.dll
           /usr/lib64/dotnet/packs/Microsoft.NETCore.App.Ref/8.0.22/ref/net8.0/System.Security.Cryptography.Encoding.dll
           /usr/lib64/dotnet/packs/Microsoft.NETCore.App.Ref/8.0.22/ref/net8.0/System.Security.Cryptography.OpenSsl.dll
           /usr/lib64/dotnet/packs/Microsoft.NETCore.App.Ref/8.0.22/ref/net8.0/System.Security.Cryptography.Primitives.dll
           /usr/lib64/dotnet/packs/Microsoft.NETCore.App.Ref/8.0.22/ref/net8.0/System.Security.Cryptography.X509Certificates.dll
           /usr/lib64/dotnet/packs/Microsoft.AspNetCore.App.Ref/8.0.22/ref/net8.0/System.Security.Cryptography.Xml.dll
           /usr/lib64/dotnet/packs/Microsoft.NETCore.App.Ref/8.0.22/ref/net8.0/System.Security.dll
           /usr/lib64/dotnet/packs/Microsoft.NETCore.App.Ref/8.0.22/ref/net8.0/System.Security.Principal.dll
           /usr/lib64/dotnet/packs/Microsoft.NETCore.App.Ref/8.0.22/ref/net8.0/System.Security.Principal.Windows.dll
           /usr/lib64/dotnet/packs/Microsoft.NETCore.App.Ref/8.0.22/ref/net8.0/System.Security.SecureString.dll
           /usr/lib64/dotnet/packs/Microsoft.NETCore.App.Ref/8.0.22/ref/net8.0/System.ServiceModel.Web.dll
           /usr/lib64/dotnet/packs/Microsoft.NETCore.App.Ref/8.0.22/ref/net8.0/System.ServiceProcess.dll
           /usr/lib64/dotnet/packs/Microsoft.NETCore.App.Ref/8.0.22/ref/net8.0/System.Text.Encoding.CodePages.dll
           /usr/lib64/dotnet/packs/Microsoft.NETCore.App.Ref/8.0.22/ref/net8.0/System.Text.Encoding.dll
           /usr/lib64/dotnet/packs/Microsoft.NETCore.App.Ref/8.0.22/ref/net8.0/System.Text.Encoding.Extensions.dll
           /usr/lib64/dotnet/packs/Microsoft.NETCore.App.Ref/8.0.22/ref/net8.0/System.Text.Encodings.Web.dll
           /usr/lib64/dotnet/packs/Microsoft.NETCore.App.Ref/8.0.22/ref/net8.0/System.Text.Json.dll
           /usr/lib64/dotnet/packs/Microsoft.NETCore.App.Ref/8.0.22/ref/net8.0/System.Text.RegularExpressions.dll
           /usr/lib64/dotnet/packs/Microsoft.NETCore.App.Ref/8.0.22/ref/net8.0/System.Threading.Channels.dll
           /usr/lib64/dotnet/packs/Microsoft.NETCore.App.Ref/8.0.22/ref/net8.0/System.Threading.dll
           /usr/lib64/dotnet/packs/Microsoft.NETCore.App.Ref/8.0.22/ref/net8.0/System.Threading.Overlapped.dll
           /usr/lib64/dotnet/packs/Microsoft.AspNetCore.App.Ref/8.0.22/ref/net8.0/System.Threading.RateLimiting.dll
           /usr/lib64/dotnet/packs/Microsoft.NETCore.App.Ref/8.0.22/ref/net8.0/System.Threading.Tasks.Dataflow.dll
           /usr/lib64/dotnet/packs/Microsoft.NETCore.App.Ref/8.0.22/ref/net8.0/System.Threading.Tasks.dll
           /usr/lib64/dotnet/packs/Microsoft.NETCore.App.Ref/8.0.22/ref/net8.0/System.Threading.Tasks.Extensions.dll
           /usr/lib64/dotnet/packs/Microsoft.NETCore.App.Ref/8.0.22/ref/net8.0/System.Threading.Tasks.Parallel.dll
           /usr/lib64/dotnet/packs/Microsoft.NETCore.App.Ref/8.0.22/ref/net8.0/System.Threading.Thread.dll
           /usr/lib64/dotnet/packs/Microsoft.NETCore.App.Ref/8.0.22/ref/net8.0/System.Threading.ThreadPool.dll
           /usr/lib64/dotnet/packs/Microsoft.NETCore.App.Ref/8.0.22/ref/net8.0/System.Threading.Timer.dll
           /usr/lib64/dotnet/packs/Microsoft.NETCore.App.Ref/8.0.22/ref/net8.0/System.Transactions.dll
           /usr/lib64/dotnet/packs/Microsoft.NETCore.App.Ref/8.0.22/ref/net8.0/System.Transactions.Local.dll
           /usr/lib64/dotnet/packs/Microsoft.NETCore.App.Ref/8.0.22/ref/net8.0/System.ValueTuple.dll
           /usr/lib64/dotnet/packs/Microsoft.NETCore.App.Ref/8.0.22/ref/net8.0/System.Web.dll
           /usr/lib64/dotnet/packs/Microsoft.NETCore.App.Ref/8.0.22/ref/net8.0/System.Web.HttpUtility.dll
           /usr/lib64/dotnet/packs/Microsoft.NETCore.App.Ref/8.0.22/ref/net8.0/System.Windows.dll
           /usr/lib64/dotnet/packs/Microsoft.NETCore.App.Ref/8.0.22/ref/net8.0/System.Xml.dll
           /usr/lib64/dotnet/packs/Microsoft.NETCore.App.Ref/8.0.22/ref/net8.0/System.Xml.Linq.dll
           /usr/lib64/dotnet/packs/Microsoft.NETCore.App.Ref/8.0.22/ref/net8.0/System.Xml.ReaderWriter.dll
           /usr/lib64/dotnet/packs/Microsoft.NETCore.App.Ref/8.0.22/ref/net8.0/System.Xml.Serialization.dll
           /usr/lib64/dotnet/packs/Microsoft.NETCore.App.Ref/8.0.22/ref/net8.0/System.Xml.XDocument.dll
           /usr/lib64/dotnet/packs/Microsoft.NETCore.App.Ref/8.0.22/ref/net8.0/System.Xml.XmlDocument.dll
           /usr/lib64/dotnet/packs/Microsoft.NETCore.App.Ref/8.0.22/ref/net8.0/System.Xml.XmlSerializer.dll
           /usr/lib64/dotnet/packs/Microsoft.NETCore.App.Ref/8.0.22/ref/net8.0/System.Xml.XPath.dll
           /usr/lib64/dotnet/packs/Microsoft.NETCore.App.Ref/8.0.22/ref/net8.0/System.Xml.XPath.XDocument.dll
           /usr/lib64/dotnet/packs/Microsoft.NETCore.App.Ref/8.0.22/ref/net8.0/WindowsBase.dll
           obj/Debug/net8.0/Entegrasyon.Business.csproj.CoreCompileInputs.cache
           /usr/lib64/dotnet/sdk/10.0.101/Sdks/Microsoft.NET.Sdk/targets/../analyzers/Microsoft.CodeAnalysis.CSharp.NetAnalyzers.dll
           /usr/lib64/dotnet/sdk/10.0.101/Sdks/Microsoft.NET.Sdk/targets/../analyzers/Microsoft.CodeAnalysis.NetAnalyzers.dll
           /home/baturhan/.nuget/packages/microsoft.entityframeworkcore.analyzers/8.0.15/analyzers/dotnet/cs/Microsoft.EntityFrameworkCore.Analyzers.dll
           /usr/lib64/dotnet/packs/Microsoft.NETCore.App.Ref/8.0.22/analyzers/dotnet/cs/Microsoft.Interop.ComInterfaceGenerator.dll
           /usr/lib64/dotnet/packs/Microsoft.NETCore.App.Ref/8.0.22/analyzers/dotnet/cs/Microsoft.Interop.JavaScript.JSImportGenerator.dll
           /usr/lib64/dotnet/packs/Microsoft.NETCore.App.Ref/8.0.22/analyzers/dotnet/cs/Microsoft.Interop.LibraryImportGenerator.dll
           /usr/lib64/dotnet/packs/Microsoft.NETCore.App.Ref/8.0.22/analyzers/dotnet/cs/Microsoft.Interop.SourceGeneration.dll
           /usr/lib64/dotnet/packs/Microsoft.NETCore.App.Ref/8.0.22/analyzers/dotnet/cs/System.Text.Json.SourceGeneration.dll
           /usr/lib64/dotnet/packs/Microsoft.NETCore.App.Ref/8.0.22/analyzers/dotnet/cs/System.Text.RegularExpressions.Generator.dll
           /usr/lib64/dotnet/packs/Microsoft.AspNetCore.App.Ref/8.0.22/analyzers/dotnet/cs/Microsoft.AspNetCore.App.Analyzers.dll
           /usr/lib64/dotnet/packs/Microsoft.AspNetCore.App.Ref/8.0.22/analyzers/dotnet/cs/Microsoft.AspNetCore.App.CodeFixes.dll
           /usr/lib64/dotnet/packs/Microsoft.AspNetCore.App.Ref/8.0.22/analyzers/dotnet/cs/Microsoft.AspNetCore.Components.Analyzers.dll
           /usr/lib64/dotnet/packs/Microsoft.AspNetCore.App.Ref/8.0.22/analyzers/dotnet/roslyn4.4/cs/Microsoft.Extensions.Logging.Generators.dll
           /usr/lib64/dotnet/packs/Microsoft.AspNetCore.App.Ref/8.0.22/analyzers/dotnet/roslyn4.4/cs/Microsoft.Extensions.Options.SourceGeneration.dll
           /home/baturhan/Projeler/Entegrasyon/.editorconfig
           obj/Debug/net8.0/Entegrasyon.Business.GeneratedMSBuildEditorConfig.editorconfig
           /usr/lib64/dotnet/sdk/10.0.101/Sdks/Microsoft.NET.Sdk/analyzers/build/config/analysislevel_8_default.globalconfig
           /home/baturhan/Projeler/Entegrasyon/Application/Entegrasyon.Business/Entegrasyon.Business.csproj
           /usr/lib64/dotnet/sdk/10.0.101/Current/Microsoft.Common.targets/ImportAfter/Microsoft.TestPlatform.ImportAfter.targets
           obj/Debug/net8.0/Entegrasyon.Business.sourcelink.json
       Output files: 
           obj/Debug/net8.0/Entegrasyon.Business.dll
           obj/Debug/net8.0/refint/Entegrasyon.Business.dll
           obj/Debug/net8.0/Entegrasyon.Business.pdb
       /usr/lib64/dotnet/sdk/10.0.101/Roslyn/Microsoft.CSharp.Core.targets(66,7): message : Property reassignment: $(NoWarn)="1701;1702;1701;1702" (previous value: "1701;1702") at /usr/lib64/dotnet/sdk/10.0.101/Roslyn/Microsoft.CSharp.Core.targets (66,7) [/home/baturhan/Projeler/Entegrasyon/Application/Entegrasyon.Business/Entegrasyon.Business.csproj]
   2:8>Done building target "CoreCompile" in project "Entegrasyon.Business.csproj".
   2:8>Target "AfterCompile" in file "/usr/lib64/dotnet/sdk/10.0.101/Microsoft.Common.CurrentVersion.targets" from project "/home/baturhan/Projeler/Entegrasyon/Application/Entegrasyon.Business/Entegrasyon.Business.csproj" (target "Compile" depends on it):
   2:8>Done building target "AfterCompile" in project "Entegrasyon.Business.csproj".
   2:8>Target "Compile" in file "/usr/lib64/dotnet/sdk/10.0.101/Microsoft.Common.CurrentVersion.targets" from project "/home/baturhan/Projeler/Entegrasyon/Application/Entegrasyon.Business/Entegrasyon.Business.csproj" (target "CoreBuild" depends on it):
   2:8>Done building target "Compile" in project "Entegrasyon.Business.csproj".
   2:8>Target "_GenerateSatelliteAssemblyInputs" in file "/usr/lib64/dotnet/sdk/10.0.101/Microsoft.Common.CurrentVersion.targets" from project "/home/baturhan/Projeler/Entegrasyon/Application/Entegrasyon.Business/Entegrasyon.Business.csproj" (target "CreateSatelliteAssemblies" depends on it):
   2:8>Done building target "_GenerateSatelliteAssemblyInputs" in project "Entegrasyon.Business.csproj".
       Target "CreateManifestResourceNames" skipped. Previously built successfully.
   2:8>Target "ComputeIntermediateSatelliteAssemblies" in file "/usr/lib64/dotnet/sdk/10.0.101/Microsoft.Common.CurrentVersion.targets" from project "/home/baturhan/Projeler/Entegrasyon/Application/Entegrasyon.Business/Entegrasyon.Business.csproj" (target "CreateSatelliteAssemblies" depends on it):
   2:8>Done building target "ComputeIntermediateSatelliteAssemblies" in project "Entegrasyon.Business.csproj".
       Target "ResolveAssemblyReferences" skipped. Previously built successfully.
   2:8>Target "_GetAssemblyInfoFromTemplateFile" in file "/usr/lib64/dotnet/sdk/10.0.101/Sdks/Microsoft.NET.Sdk/targets/Microsoft.NET.Sdk.targets" from project "/home/baturhan/Projeler/Entegrasyon/Application/Entegrasyon.Business/Entegrasyon.Business.csproj" (target "CoreGenerateSatelliteAssemblies" depends on it):
       Using "GetAssemblyAttributes" task from assembly "/usr/lib64/dotnet/sdk/10.0.101/Sdks/Microsoft.NET.Sdk/targets/../tools/net10.0/Microsoft.NET.Build.Tasks.dll".
       Task "GetAssemblyAttributes"
       Done executing task "GetAssemblyAttributes".
   2:8>Done building target "_GetAssemblyInfoFromTemplateFile" in project "Entegrasyon.Business.csproj".
   2:8>Target "CoreGenerateSatelliteAssemblies" in file "/usr/lib64/dotnet/sdk/10.0.101/Sdks/Microsoft.NET.Sdk/targets/Microsoft.NET.Sdk.targets" from project "/home/baturhan/Projeler/Entegrasyon/Application/Entegrasyon.Business/Entegrasyon.Business.csproj" (target "CreateSatelliteAssemblies" depends on it):
       Skipping target "CoreGenerateSatelliteAssemblies" because all output files are up-to-date with respect to the input files.
       Input files: 
           obj/Debug/net8.0/Entegrasyon.Business.Resources.ErrorMessages.en.resources
           /home/baturhan/Projeler/Entegrasyon/Application/Entegrasyon.Business/Entegrasyon.Business.csproj
           /usr/lib64/dotnet/sdk/10.0.101/Current/Microsoft.Common.targets/ImportAfter/Microsoft.TestPlatform.ImportAfter.targets
           obj/Debug/net8.0/Entegrasyon.Business.dll
       Output files: obj/Debug/net8.0/en/Entegrasyon.Business.resources.dll
   2:8>Done building target "CoreGenerateSatelliteAssemblies" in project "Entegrasyon.Business.csproj".
   2:8>Target "CoreGenerateSatelliteAssemblies" in file "/usr/lib64/dotnet/sdk/10.0.101/Sdks/Microsoft.NET.Sdk/targets/Microsoft.NET.Sdk.targets" from project "/home/baturhan/Projeler/Entegrasyon/Application/Entegrasyon.Business/Entegrasyon.Business.csproj" (target "CreateSatelliteAssemblies" depends on it):
       Skipping target "CoreGenerateSatelliteAssemblies" because all output files are up-to-date with respect to the input files.
       Input files: 
           obj/Debug/net8.0/Entegrasyon.Business.Resources.ErrorMessages.tr.resources
           /home/baturhan/Projeler/Entegrasyon/Application/Entegrasyon.Business/Entegrasyon.Business.csproj
           /usr/lib64/dotnet/sdk/10.0.101/Current/Microsoft.Common.targets/ImportAfter/Microsoft.TestPlatform.ImportAfter.targets
           obj/Debug/net8.0/Entegrasyon.Business.dll
       Output files: obj/Debug/net8.0/tr/Entegrasyon.Business.resources.dll
   2:8>Done building target "CoreGenerateSatelliteAssemblies" in project "Entegrasyon.Business.csproj".
   2:8>Target "CreateSatelliteAssemblies" in file "/usr/lib64/dotnet/sdk/10.0.101/Microsoft.Common.CurrentVersion.targets" from project "/home/baturhan/Projeler/Entegrasyon/Application/Entegrasyon.Business/Entegrasyon.Business.csproj" (target "CoreBuild" depends on it):
   2:8>Done building target "CreateSatelliteAssemblies" in project "Entegrasyon.Business.csproj".
   2:8>Target "GetTargetPathWithTargetPlatformMoniker" in file "/usr/lib64/dotnet/sdk/10.0.101/Microsoft.Common.CurrentVersion.targets" from project "/home/baturhan/Projeler/Entegrasyon/Application/Entegrasyon.Business/Entegrasyon.Business.csproj" (target "GetTargetPath" depends on it):
   2:8>Done building target "GetTargetPathWithTargetPlatformMoniker" in project "Entegrasyon.Business.csproj".
   2:8>Target "GetTargetPath" in file "/usr/lib64/dotnet/sdk/10.0.101/Microsoft.Common.CurrentVersion.targets" from project "/home/baturhan/Projeler/Entegrasyon/Application/Entegrasyon.Business/Entegrasyon.Business.csproj" (target "CoreBuild" depends on it):
   2:8>Done building target "GetTargetPath" in project "Entegrasyon.Business.csproj".
       Target "ComputeIntermediateSatelliteAssemblies" skipped. Previously built successfully.
   2:8>Target "_CopyFilesMarkedCopyLocal" in file "/usr/lib64/dotnet/sdk/10.0.101/Microsoft.Common.CurrentVersion.targets" from project "/home/baturhan/Projeler/Entegrasyon/Application/Entegrasyon.Business/Entegrasyon.Business.csproj" (target "CopyFilesToOutputDirectory" depends on it):
       Using "Copy" task from assembly "Microsoft.Build.Tasks.Core, Version=15.1.0.0, Culture=neutral, PublicKeyToken=b03f5f7f11d50a3a".
       Task "Copy"
         Did not copy from file "/home/baturhan/Projeler/Entegrasyon/Application/Entegrasyon.DataAccess/bin/Debug/net8.0/Entegrasyon.DataAccess.dll" to file "bin/Debug/net8.0/Entegrasyon.DataAccess.dll" because the "SkipUnchangedFiles" parameter was set to "true" in the project and the files' sizes and timestamps match.
         Did not copy from file "/home/baturhan/Projeler/Entegrasyon/Application/Entegrasyon.Entity/bin/Debug/net8.0/Entegrasyon.Entity.dll" to file "bin/Debug/net8.0/Entegrasyon.Entity.dll" because the "SkipUnchangedFiles" parameter was set to "true" in the project and the files' sizes and timestamps match.
         Did not copy from file "/home/baturhan/Projeler/Entegrasyon/Application/Entegrasyon.MessageQueue.Commands/bin/Debug/net8.0/Entegrasyon.MessageQueue.Commands.dll" to file "bin/Debug/net8.0/Entegrasyon.MessageQueue.Commands.dll" because the "SkipUnchangedFiles" parameter was set to "true" in the project and the files' sizes and timestamps match.
         Did not copy from file "/home/baturhan/Projeler/Entegrasyon/Application/Entegrasyon.DataAccess/bin/Debug/net8.0/Entegrasyon.DataAccess.pdb" to file "bin/Debug/net8.0/Entegrasyon.DataAccess.pdb" because the "SkipUnchangedFiles" parameter was set to "true" in the project and the files' sizes and timestamps match.
         Did not copy from file "/home/baturhan/Projeler/Entegrasyon/Application/Entegrasyon.MessageQueue.Commands/bin/Debug/net8.0/Entegrasyon.MessageQueue.Commands.pdb" to file "bin/Debug/net8.0/Entegrasyon.MessageQueue.Commands.pdb" because the "SkipUnchangedFiles" parameter was set to "true" in the project and the files' sizes and timestamps match.
         Did not copy from file "/home/baturhan/Projeler/Entegrasyon/Shared/Shared/bin/Debug/net8.0/Shared.dll" to file "bin/Debug/net8.0/Shared.dll" because the "SkipUnchangedFiles" parameter was set to "true" in the project and the files' sizes and timestamps match.
         Did not copy from file "/home/baturhan/Projeler/Entegrasyon/Shared/Shared/bin/Debug/net8.0/Shared.pdb" to file "bin/Debug/net8.0/Shared.pdb" because the "SkipUnchangedFiles" parameter was set to "true" in the project and the files' sizes and timestamps match.
         Did not copy from file "/home/baturhan/Projeler/Entegrasyon/Application/Entegrasyon.Entity/bin/Debug/net8.0/Entegrasyon.Entity.pdb" to file "bin/Debug/net8.0/Entegrasyon.Entity.pdb" because the "SkipUnchangedFiles" parameter was set to "true" in the project and the files' sizes and timestamps match.
       Done executing task "Copy".
   2:8>Done building target "_CopyFilesMarkedCopyLocal" in project "Entegrasyon.Business.csproj".
       Target "AssignTargetPaths" skipped. Previously built successfully.
       Target "AssignProjectConfiguration" skipped. Previously built successfully.
       Target "_SplitProjectReferencesByFileExistence" skipped. Previously built successfully.
       Target "_GetProjectReferenceTargetFrameworkProperties" skipped. Previously built successfully.
   2:8>Target "_PopulateCommonStateForGetCopyToOutputDirectoryItems" in file "/usr/lib64/dotnet/sdk/10.0.101/Microsoft.Common.CurrentVersion.targets" from project "/home/baturhan/Projeler/Entegrasyon/Application/Entegrasyon.Business/Entegrasyon.Business.csproj" (target "GetCopyToOutputDirectoryItems" depends on it):
   2:8>Done building target "_PopulateCommonStateForGetCopyToOutputDirectoryItems" in project "Entegrasyon.Business.csproj".
   2:8>Target "GetCopyToOutputDirectoryItems" in file "/usr/lib64/dotnet/sdk/10.0.101/Microsoft.Common.CurrentVersion.targets" from project "/home/baturhan/Projeler/Entegrasyon/Application/Entegrasyon.Business/Entegrasyon.Business.csproj" (target "_CopySourceItemsToOutputDirectory" depends on it):
       Using "CallTarget" task from assembly "Microsoft.Build.Tasks.Core, Version=15.1.0.0, Culture=neutral, PublicKeyToken=b03f5f7f11d50a3a".
       Task "CallTarget"
       Target "_PopulateCommonStateForGetCopyToOutputDirectoryItems" skipped. Previously built successfully.
       Target "_AddOutputPathToGlobalPropertiesToRemove" skipped. Previously built successfully.
   2:8>Target "_GetCopyToOutputDirectoryItemsFromTransitiveProjectReferences" in file "/usr/lib64/dotnet/sdk/10.0.101/Microsoft.Common.CurrentVersion.targets" from project "/home/baturhan/Projeler/Entegrasyon/Application/Entegrasyon.Business/Entegrasyon.Business.csproj" (target "GetCopyToOutputDirectoryItems" depends on it):
       Task "MSBuild"
         Removing Properties for project "../Entegrasyon.DataAccess/Entegrasyon.DataAccess.csproj":
           TargetFramework
           RuntimeIdentifier
           SelfContained
         Removing Properties for project "../Entegrasyon.MessageQueue.Commands/Entegrasyon.MessageQueue.Commands.csproj":
           TargetFramework
           RuntimeIdentifier
           SelfContained
         Removing Properties for project "../../Shared/Shared/Shared.csproj":
           TargetFramework
           RuntimeIdentifier
           SelfContained
         Removing Properties for project "../Entegrasyon.Entity/Entegrasyon.Entity.csproj":
           TargetFramework
           RuntimeIdentifier
           SelfContained
   2:8>Project "/home/baturhan/Projeler/Entegrasyon/Application/Entegrasyon.Business/Entegrasyon.Business.csproj" (2:8) is building "/home/baturhan/Projeler/Entegrasyon/Shared/Shared/Shared.csproj" (6:28) on node 6 (GetCopyToOutputDirectoryItems target(s)).
  6:28>Target "NETStandardCompatError_Microsoft_Extensions_Configuration_Binder" skipped. Previously built successfully.
       Target "GetCopyToOutputDirectoryItems" skipped. Previously built successfully.
  6:28>Done Building Project "/home/baturhan/Projeler/Entegrasyon/Shared/Shared/Shared.csproj" (GetCopyToOutputDirectoryItems target(s)).
   2:8>Project "/home/baturhan/Projeler/Entegrasyon/Application/Entegrasyon.Business/Entegrasyon.Business.csproj" (2:8) is building "/home/baturhan/Projeler/Entegrasyon/Application/Entegrasyon.Entity/Entegrasyon.Entity.csproj" (8:23) on node 1 (GetCopyToOutputDirectoryItems target(s)).
  8:23>Target "NETStandardCompatError_Microsoft_Extensions_Configuration_Binder" skipped. Previously built successfully.
       Target "GetCopyToOutputDirectoryItems" skipped. Previously built successfully.
  8:23>Done Building Project "/home/baturhan/Projeler/Entegrasyon/Application/Entegrasyon.Entity/Entegrasyon.Entity.csproj" (GetCopyToOutputDirectoryItems target(s)).
   2:8>Project "/home/baturhan/Projeler/Entegrasyon/Application/Entegrasyon.Business/Entegrasyon.Business.csproj" (2:8) is building "/home/baturhan/Projeler/Entegrasyon/Application/Entegrasyon.DataAccess/Entegrasyon.DataAccess.csproj" (7:15) on node 2 (GetCopyToOutputDirectoryItems target(s)).
  7:15>Target "NETStandardCompatError_Microsoft_Extensions_Configuration_Binder" skipped. Previously built successfully.
       Target "GetCopyToOutputDirectoryItems" skipped. Previously built successfully.
  7:15>Done Building Project "/home/baturhan/Projeler/Entegrasyon/Application/Entegrasyon.DataAccess/Entegrasyon.DataAccess.csproj" (GetCopyToOutputDirectoryItems target(s)).
   2:8>Project "/home/baturhan/Projeler/Entegrasyon/Application/Entegrasyon.Business/Entegrasyon.Business.csproj" (2:8) is building "/home/baturhan/Projeler/Entegrasyon/Application/Entegrasyon.MessageQueue.Commands/Entegrasyon.MessageQueue.Commands.csproj" (5:15) on node 7 (GetCopyToOutputDirectoryItems target(s)).
  5:15>Target "NETStandardCompatError_Microsoft_Extensions_Configuration_Binder" skipped. Previously built successfully.
       Target "GetCopyToOutputDirectoryItems" skipped. Previously built successfully.
  5:15>Done Building Project "/home/baturhan/Projeler/Entegrasyon/Application/Entegrasyon.MessageQueue.Commands/Entegrasyon.MessageQueue.Commands.csproj" (GetCopyToOutputDirectoryItems target(s)).
   2:8>Done executing task "MSBuild".
       Task "AssignTargetPath"
       Done executing task "AssignTargetPath".
   2:8>Done building target "_GetCopyToOutputDirectoryItemsFromTransitiveProjectReferences" in project "Entegrasyon.Business.csproj".
       Done executing task "CallTarget".
       Task "CallTarget"
       Target "AssignTargetPaths" skipped. Previously built successfully.
       Target "_PopulateCommonStateForGetCopyToOutputDirectoryItems" skipped. Previously built successfully.
   2:8>Target "_GetCopyToOutputDirectoryItemsFromThisProject" in file "/usr/lib64/dotnet/sdk/10.0.101/Microsoft.Common.CurrentVersion.targets" from project "/home/baturhan/Projeler/Entegrasyon/Application/Entegrasyon.Business/Entegrasyon.Business.csproj" (target "GetCopyToOutputDirectoryItems" depends on it):
       Task "AssignTargetPath"
       Done executing task "AssignTargetPath".
   2:8>Done building target "_GetCopyToOutputDirectoryItemsFromThisProject" in project "Entegrasyon.Business.csproj".
       Done executing task "CallTarget".
   2:8>Done building target "GetCopyToOutputDirectoryItems" in project "Entegrasyon.Business.csproj".
   2:8>Target "_CopySourceItemsToOutputDirectory" in file "/usr/lib64/dotnet/sdk/10.0.101/Microsoft.Common.CurrentVersion.targets" from project "/home/baturhan/Projeler/Entegrasyon/Application/Entegrasyon.Business/Entegrasyon.Business.csproj" (target "CopyFilesToOutputDirectory" depends on it):
   2:8>Done building target "_CopySourceItemsToOutputDirectory" in project "Entegrasyon.Business.csproj".
   2:8>Target "_CheckForCompileOutputs" in file "/usr/lib64/dotnet/sdk/10.0.101/Microsoft.Common.CurrentVersion.targets" from project "/home/baturhan/Projeler/Entegrasyon/Application/Entegrasyon.Business/Entegrasyon.Business.csproj" (target "CopyFilesToOutputDirectory" depends on it):
   2:8>Done building target "_CheckForCompileOutputs" in project "Entegrasyon.Business.csproj".
       Target "_DefaultMicrosoftNETPlatformLibrary" skipped. Previously built successfully.
       Target "_HandlePackageFileConflicts" skipped. Previously built successfully.
       Target "ResolveAssemblyReferences" skipped. Previously built successfully.
   2:8>Target "_ComputeReferenceAssemblies" in file "/usr/lib64/dotnet/sdk/10.0.101/Sdks/Microsoft.NET.Sdk/targets/Microsoft.NET.Sdk.targets" from project "/home/baturhan/Projeler/Entegrasyon/Application/Entegrasyon.Business/Entegrasyon.Business.csproj" (target "GenerateBuildDependencyFile" depends on it):
   2:8>Done building target "_ComputeReferenceAssemblies" in project "Entegrasyon.Business.csproj".
   2:8>Target "_ComputeUserRuntimeAssemblies" in file "/usr/lib64/dotnet/sdk/10.0.101/Sdks/Microsoft.NET.Sdk/targets/Microsoft.NET.Sdk.targets" from project "/home/baturhan/Projeler/Entegrasyon/Application/Entegrasyon.Business/Entegrasyon.Business.csproj" (target "GenerateBuildDependencyFile" depends on it):
   2:8>Done building target "_ComputeUserRuntimeAssemblies" in project "Entegrasyon.Business.csproj".
       Target "_ComputePackageReferencePublish" skipped. Previously built successfully.
   2:8>Target "GenerateBuildDependencyFile" in file "/usr/lib64/dotnet/sdk/10.0.101/Sdks/Microsoft.NET.Sdk/targets/Microsoft.NET.Sdk.targets" from project "/home/baturhan/Projeler/Entegrasyon/Application/Entegrasyon.Business/Entegrasyon.Business.csproj" (target "CopyFilesToOutputDirectory" depends on it):
       Skipping target "GenerateBuildDependencyFile" because all output files are up-to-date with respect to the input files.
       Input files: 
           /home/baturhan/Projeler/Entegrasyon/Application/Entegrasyon.Business/obj/project.assets.json
           /home/baturhan/Projeler/Entegrasyon/Application/Entegrasyon.Business/obj/Debug/net8.0/Entegrasyon.Business.assets.cache
           /home/baturhan/Projeler/Entegrasyon/Application/Entegrasyon.Business/Entegrasyon.Business.csproj
           /usr/lib64/dotnet/sdk/10.0.101/Current/Microsoft.Common.targets/ImportAfter/Microsoft.TestPlatform.ImportAfter.targets
       Output files: /home/baturhan/Projeler/Entegrasyon/Application/Entegrasyon.Business/bin/Debug/net8.0/Entegrasyon.Business.deps.json
   2:8>Done building target "GenerateBuildDependencyFile" in project "Entegrasyon.Business.csproj".
   2:8>Target "CopyFilesToOutputDirectory" in file "/usr/lib64/dotnet/sdk/10.0.101/Microsoft.Common.CurrentVersion.targets" from project "/home/baturhan/Projeler/Entegrasyon/Application/Entegrasyon.Business/Entegrasyon.Business.csproj" (target "PrepareForRun" depends on it):
       Task "Copy"
         Did not copy from file "obj/Debug/net8.0/Entegrasyon.Business.dll" to file "bin/Debug/net8.0/Entegrasyon.Business.dll" because the "SkipUnchangedFiles" parameter was set to "true" in the project and the files' sizes and timestamps match.
       Done executing task "Copy".
       Using "CopyRefAssembly" task from assembly "/usr/lib64/dotnet/sdk/10.0.101/Sdks/Microsoft.NET.Sdk/targets/../../../Roslyn/Microsoft.Build.Tasks.CodeAnalysis.dll".
       Task "CopyRefAssembly"
         Reference assembly "/home/baturhan/Projeler/Entegrasyon/Application/Entegrasyon.Business/obj/Debug/net8.0/ref/Entegrasyon.Business.dll" already has latest information. Leaving it untouched.
       Done executing task "CopyRefAssembly".
       Task "Message"
         Entegrasyon.Business -> /home/baturhan/Projeler/Entegrasyon/Application/Entegrasyon.Business/bin/Debug/net8.0/Entegrasyon.Business.dll
       Done executing task "Message".
       Task "Copy"
         Did not copy from file "obj/Debug/net8.0/Entegrasyon.Business.pdb" to file "bin/Debug/net8.0/Entegrasyon.Business.pdb" because the "SkipUnchangedFiles" parameter was set to "true" in the project and the files' sizes and timestamps match.
       Done executing task "Copy".
       Task "Copy"
         Did not copy from file "obj/Debug/net8.0/en/Entegrasyon.Business.resources.dll" to file "bin/Debug/net8.0/en/Entegrasyon.Business.resources.dll" because the "SkipUnchangedFiles" parameter was set to "true" in the project and the files' sizes and timestamps match.
         Did not copy from file "obj/Debug/net8.0/tr/Entegrasyon.Business.resources.dll" to file "bin/Debug/net8.0/tr/Entegrasyon.Business.resources.dll" because the "SkipUnchangedFiles" parameter was set to "true" in the project and the files' sizes and timestamps match.
       Done executing task "Copy".
   2:8>Done building target "CopyFilesToOutputDirectory" in project "Entegrasyon.Business.csproj".
   2:8>Target "PrepareForRun" in file "/usr/lib64/dotnet/sdk/10.0.101/Microsoft.Common.CurrentVersion.targets" from project "/home/baturhan/Projeler/Entegrasyon/Application/Entegrasyon.Business/Entegrasyon.Business.csproj" (target "CoreBuild" depends on it):
   2:8>Done building target "PrepareForRun" in project "Entegrasyon.Business.csproj".
       Target "_CheckForCompileOutputs" skipped. Previously built successfully.
   2:8>Target "_CleanGetCurrentAndPriorFileWrites" in file "/usr/lib64/dotnet/sdk/10.0.101/Microsoft.Common.CurrentVersion.targets" from project "/home/baturhan/Projeler/Entegrasyon/Application/Entegrasyon.Business/Entegrasyon.Business.csproj" (target "IncrementalClean" depends on it):
       Using "ReadLinesFromFile" task from assembly "Microsoft.Build.Tasks.Core, Version=15.1.0.0, Culture=neutral, PublicKeyToken=b03f5f7f11d50a3a".
       Task "ReadLinesFromFile"
       Done executing task "ReadLinesFromFile".
       Task "ConvertToAbsolutePath"
       Done executing task "ConvertToAbsolutePath".
       Using "FindUnderPath" task from assembly "Microsoft.Build.Tasks.Core, Version=15.1.0.0, Culture=neutral, PublicKeyToken=b03f5f7f11d50a3a".
       Task "FindUnderPath"
         Comparison path is "/home/baturhan/Projeler/Entegrasyon/Application/Entegrasyon.Business".
       Done executing task "FindUnderPath".
       Task "FindUnderPath"
         Comparison path is "bin/Debug/net8.0/".
       Done executing task "FindUnderPath".
       Task "FindUnderPath"
         Comparison path is "obj/Debug/net8.0/".
       Done executing task "FindUnderPath".
       Task "RemoveDuplicates"
       Done executing task "RemoveDuplicates".
   2:8>Done building target "_CleanGetCurrentAndPriorFileWrites" in project "Entegrasyon.Business.csproj".
   2:8>Target "IncrementalClean" in file "/usr/lib64/dotnet/sdk/10.0.101/Microsoft.Common.CurrentVersion.targets" from project "/home/baturhan/Projeler/Entegrasyon/Application/Entegrasyon.Business/Entegrasyon.Business.csproj" (target "CoreBuild" depends on it):
       Task "FindUnderPath"
         Comparison path is "bin/Debug/net8.0/".
       Done executing task "FindUnderPath".
       Task "FindUnderPath"
         Comparison path is "obj/Debug/net8.0/".
       Done executing task "FindUnderPath".
       Using "Delete" task from assembly "Microsoft.Build.Tasks.Core, Version=15.1.0.0, Culture=neutral, PublicKeyToken=b03f5f7f11d50a3a".
       Task "Delete"
       Done executing task "Delete".
       Task "RemoveDuplicates"
       Done executing task "RemoveDuplicates".
   2:8>Done building target "IncrementalClean" in project "Entegrasyon.Business.csproj".
       Target "GenerateBuildDependencyFile" skipped. Previously built successfully.
   2:8>Target "CoreBuild" in file "/usr/lib64/dotnet/sdk/10.0.101/Microsoft.Common.CurrentVersion.targets" from project "/home/baturhan/Projeler/Entegrasyon/Application/Entegrasyon.Business/Entegrasyon.Business.csproj" (target "Build" depends on it):
   2:8>Done building target "CoreBuild" in project "Entegrasyon.Business.csproj".
   2:8>Target "AfterBuild" in file "/usr/lib64/dotnet/sdk/10.0.101/Microsoft.Common.CurrentVersion.targets" from project "/home/baturhan/Projeler/Entegrasyon/Application/Entegrasyon.Business/Entegrasyon.Business.csproj" (target "Build" depends on it):
   2:8>Done building target "AfterBuild" in project "Entegrasyon.Business.csproj".
       Target "_CheckForInvalidConfigurationAndPlatform" skipped. Previously built successfully.
       Target "_CheckForInvalidConfigurationAndPlatform" skipped. Previously built successfully.
   2:8>Target "Build" in file "/usr/lib64/dotnet/sdk/10.0.101/Microsoft.Common.CurrentVersion.targets" from project "/home/baturhan/Projeler/Entegrasyon/Application/Entegrasyon.Business/Entegrasyon.Business.csproj" (entry point):
   2:8>Done building target "Build" in project "Entegrasyon.Business.csproj".
   2:8>Target "_CheckContainersPackage" in file "/usr/lib64/dotnet/sdk/10.0.101/Containers/build/Microsoft.NET.Build.Containers.targets" from project "/home/baturhan/Projeler/Entegrasyon/Application/Entegrasyon.Business/Entegrasyon.Business.csproj" (entry point):
   2:8>Done building target "_CheckContainersPackage" in project "Entegrasyon.Business.csproj".
   2:8>Done Building Project "/home/baturhan/Projeler/Entegrasyon/Application/Entegrasyon.Business/Entegrasyon.Business.csproj" (default targets).
   3:6>Project "/home/baturhan/Projeler/Entegrasyon/Application/Entegrasyon.MessageQueue/Entegrasyon.MessageQueue.Handler.csproj" (3:6) is building "/home/baturhan/Projeler/Entegrasyon/Application/Entegrasyon.Business/Entegrasyon.Business.csproj" (2:11) on node 5 (default targets).
  2:11>Target "NETStandardCompatError_Microsoft_Extensions_Configuration_Binder" skipped. Previously built successfully.
       Target "Build" skipped. Previously built successfully.
  2:11>Done Building Project "/home/baturhan/Projeler/Entegrasyon/Application/Entegrasyon.Business/Entegrasyon.Business.csproj" (default targets).
   4:6>Project "/home/baturhan/Projeler/Entegrasyon/Application/Entegrasyon.ApplicationBootstrap/Entegrasyon.ApplicationBootstrap.csproj" (4:6) is building "/home/baturhan/Projeler/Entegrasyon/Application/Entegrasyon.Business/Entegrasyon.Business.csproj" (2:12) on node 5 (default targets).
  2:12>Target "NETStandardCompatError_Microsoft_Extensions_Configuration_Binder" skipped. Previously built successfully.
       Target "Build" skipped. Previously built successfully.
  2:12>Done Building Project "/home/baturhan/Projeler/Entegrasyon/Application/Entegrasyon.Business/Entegrasyon.Business.csproj" (default targets).
   3:6>Done executing task "MSBuild".
   4:6>Done executing task "MSBuild".
   3:6>Task "MSBuild"
   4:6>Task "MSBuild"
   3:6>ResolveProjectReferences:
         Removing Properties for project "../Entegrasyon.Business/Entegrasyon.Business.csproj":
           TargetFramework
           RuntimeIdentifier
           SelfContained
         Removing Properties for project "../Entegrasyon.MessageQueue.Commands/Entegrasyon.MessageQueue.Commands.csproj":
           TargetFramework
           RuntimeIdentifier
   4:6>ResolveProjectReferences:
         Removing Properties for project "../../Shared/Shared/Shared.csproj":
   3:6>ResolveProjectReferences:
           SelfContained
   4:6>ResolveProjectReferences:
           TargetFramework
   3:6>ResolveProjectReferences:
         Removing Properties for project "../Entegrasyon.DataAccess/Entegrasyon.DataAccess.csproj":
   4:6>ResolveProjectReferences:
           RuntimeIdentifier
   3:6>ResolveProjectReferences:
           TargetFramework
   4:6>ResolveProjectReferences:
           SelfContained
   3:6>ResolveProjectReferences:
           RuntimeIdentifier
           SelfContained
         Removing Properties for project "../Entegrasyon.Entity/Entegrasyon.Entity.csproj":
           TargetFramework
   4:6>ResolveProjectReferences:
         Removing Properties for project "../Entegrasyon.Business/Entegrasyon.Business.csproj":
   3:6>ResolveProjectReferences:
           RuntimeIdentifier
   4:6>ResolveProjectReferences:
           TargetFramework
   3:6>ResolveProjectReferences:
           SelfContained
   4:6>ResolveProjectReferences:
           RuntimeIdentifier
   3:6>ResolveProjectReferences:
         Removing Properties for project "../../Shared/Shared/Shared.csproj":
           TargetFramework
           RuntimeIdentifier
   4:6>ResolveProjectReferences:
           SelfContained
   3:6>ResolveProjectReferences:
           SelfContained
   4:6>ResolveProjectReferences:
         Removing Properties for project "../Entegrasyon.DataAccess/Entegrasyon.DataAccess.csproj":
           TargetFramework
           RuntimeIdentifier
           SelfContained
         Removing Properties for project "../Entegrasyon.Entity/Entegrasyon.Entity.csproj":
           TargetFramework
           RuntimeIdentifier
           SelfContained
         Removing Properties for project "../Entegrasyon.MessageQueue.Commands/Entegrasyon.MessageQueue.Commands.csproj":
           TargetFramework
           RuntimeIdentifier
           SelfContained
   3:6>Project "/home/baturhan/Projeler/Entegrasyon/Application/Entegrasyon.MessageQueue/Entegrasyon.MessageQueue.Handler.csproj" (3:6) is building "/home/baturhan/Projeler/Entegrasyon/Application/Entegrasyon.MessageQueue.Commands/Entegrasyon.MessageQueue.Commands.csproj" (5:16) on node 7 (GetNativeManifest target(s)).
  5:16>Target "NETStandardCompatError_Microsoft_Extensions_Configuration_Binder" skipped. Previously built successfully.
       Target "GetNativeManifest" skipped. Previously built successfully.
  5:16>Done Building Project "/home/baturhan/Projeler/Entegrasyon/Application/Entegrasyon.MessageQueue.Commands/Entegrasyon.MessageQueue.Commands.csproj" (GetNativeManifest target(s)).
   3:6>Project "/home/baturhan/Projeler/Entegrasyon/Application/Entegrasyon.MessageQueue/Entegrasyon.MessageQueue.Handler.csproj" (3:6) is building "/home/baturhan/Projeler/Entegrasyon/Application/Entegrasyon.DataAccess/Entegrasyon.DataAccess.csproj" (7:16) on node 2 (GetNativeManifest target(s)).
  7:16>Target "NETStandardCompatError_Microsoft_Extensions_Configuration_Binder" skipped. Previously built successfully.
       Target "GetNativeManifest" skipped. Previously built successfully.
  7:16>Done Building Project "/home/baturhan/Projeler/Entegrasyon/Application/Entegrasyon.DataAccess/Entegrasyon.DataAccess.csproj" (GetNativeManifest target(s)).
   3:6>Project "/home/baturhan/Projeler/Entegrasyon/Application/Entegrasyon.MessageQueue/Entegrasyon.MessageQueue.Handler.csproj" (3:6) is building "/home/baturhan/Projeler/Entegrasyon/Application/Entegrasyon.Entity/Entegrasyon.Entity.csproj" (8:24) on node 1 (GetNativeManifest target(s)).
  8:24>Target "NETStandardCompatError_Microsoft_Extensions_Configuration_Binder" skipped. Previously built successfully.
       Target "GetNativeManifest" skipped. Previously built successfully.
  8:24>Done Building Project "/home/baturhan/Projeler/Entegrasyon/Application/Entegrasyon.Entity/Entegrasyon.Entity.csproj" (GetNativeManifest target(s)).
   3:6>Project "/home/baturhan/Projeler/Entegrasyon/Application/Entegrasyon.MessageQueue/Entegrasyon.MessageQueue.Handler.csproj" (3:6) is building "/home/baturhan/Projeler/Entegrasyon/Shared/Shared/Shared.csproj" (6:29) on node 6 (GetNativeManifest target(s)).
  6:29>Target "NETStandardCompatError_Microsoft_Extensions_Configuration_Binder" skipped. Previously built successfully.
       Target "GetNativeManifest" skipped. Previously built successfully.
  6:29>Done Building Project "/home/baturhan/Projeler/Entegrasyon/Shared/Shared/Shared.csproj" (GetNativeManifest target(s)).
   4:6>Project "/home/baturhan/Projeler/Entegrasyon/Application/Entegrasyon.ApplicationBootstrap/Entegrasyon.ApplicationBootstrap.csproj" (4:6) is building "/home/baturhan/Projeler/Entegrasyon/Shared/Shared/Shared.csproj" (6:30) on node 6 (GetNativeManifest target(s)).
  6:30>Target "NETStandardCompatError_Microsoft_Extensions_Configuration_Binder" skipped. Previously built successfully.
       Target "GetNativeManifest" skipped. Previously built successfully.
  6:30>Done Building Project "/home/baturhan/Projeler/Entegrasyon/Shared/Shared/Shared.csproj" (GetNativeManifest target(s)).
   4:6>Project "/home/baturhan/Projeler/Entegrasyon/Application/Entegrasyon.ApplicationBootstrap/Entegrasyon.ApplicationBootstrap.csproj" (4:6) is building "/home/baturhan/Projeler/Entegrasyon/Application/Entegrasyon.DataAccess/Entegrasyon.DataAccess.csproj" (7:17) on node 2 (GetNativeManifest target(s)).
  7:17>Target "NETStandardCompatError_Microsoft_Extensions_Configuration_Binder" skipped. Previously built successfully.
       Target "GetNativeManifest" skipped. Previously built successfully.
  7:17>Done Building Project "/home/baturhan/Projeler/Entegrasyon/Application/Entegrasyon.DataAccess/Entegrasyon.DataAccess.csproj" (GetNativeManifest target(s)).
   4:6>Project "/home/baturhan/Projeler/Entegrasyon/Application/Entegrasyon.ApplicationBootstrap/Entegrasyon.ApplicationBootstrap.csproj" (4:6) is building "/home/baturhan/Projeler/Entegrasyon/Application/Entegrasyon.Entity/Entegrasyon.Entity.csproj" (8:25) on node 1 (GetNativeManifest target(s)).
  8:25>Target "NETStandardCompatError_Microsoft_Extensions_Configuration_Binder" skipped. Previously built successfully.
       Target "GetNativeManifest" skipped. Previously built successfully.
  8:25>Done Building Project "/home/baturhan/Projeler/Entegrasyon/Application/Entegrasyon.Entity/Entegrasyon.Entity.csproj" (GetNativeManifest target(s)).
   4:6>Project "/home/baturhan/Projeler/Entegrasyon/Application/Entegrasyon.ApplicationBootstrap/Entegrasyon.ApplicationBootstrap.csproj" (4:6) is building "/home/baturhan/Projeler/Entegrasyon/Application/Entegrasyon.MessageQueue.Commands/Entegrasyon.MessageQueue.Commands.csproj" (5:17) on node 7 (GetNativeManifest target(s)).
  5:17>Target "NETStandardCompatError_Microsoft_Extensions_Configuration_Binder" skipped. Previously built successfully.
       Target "GetNativeManifest" skipped. Previously built successfully.
  5:17>Done Building Project "/home/baturhan/Projeler/Entegrasyon/Application/Entegrasyon.MessageQueue.Commands/Entegrasyon.MessageQueue.Commands.csproj" (GetNativeManifest target(s)).
   3:6>Project "/home/baturhan/Projeler/Entegrasyon/Application/Entegrasyon.MessageQueue/Entegrasyon.MessageQueue.Handler.csproj" (3:6) is building "/home/baturhan/Projeler/Entegrasyon/Application/Entegrasyon.Business/Entegrasyon.Business.csproj" (2:13) on node 5 (GetNativeManifest target(s)).
  2:13>Target "NETStandardCompatError_Microsoft_Extensions_Configuration_Binder" skipped. Previously built successfully.
  2:13>Target "GetNativeManifest" in file "/usr/lib64/dotnet/sdk/10.0.101/Microsoft.Common.CurrentVersion.targets" from project "/home/baturhan/Projeler/Entegrasyon/Application/Entegrasyon.Business/Entegrasyon.Business.csproj" (entry point):
  2:13>Done building target "GetNativeManifest" in project "Entegrasyon.Business.csproj".
   4:6>Project "/home/baturhan/Projeler/Entegrasyon/Application/Entegrasyon.ApplicationBootstrap/Entegrasyon.ApplicationBootstrap.csproj" (4:6) is building "/home/baturhan/Projeler/Entegrasyon/Application/Entegrasyon.Business/Entegrasyon.Business.csproj" (2:14) on node 5 (GetNativeManifest target(s)).
  2:14>Target "NETStandardCompatError_Microsoft_Extensions_Configuration_Binder" skipped. Previously built successfully.
       Target "GetNativeManifest" skipped. Previously built successfully.
  2:14>Done Building Project "/home/baturhan/Projeler/Entegrasyon/Application/Entegrasyon.Business/Entegrasyon.Business.csproj" (GetNativeManifest target(s)).
  2:13>Done Building Project "/home/baturhan/Projeler/Entegrasyon/Application/Entegrasyon.Business/Entegrasyon.Business.csproj" (GetNativeManifest target(s)).
   4:6>Done executing task "MSBuild".
   3:6>Done executing task "MSBuild".
   4:6>Done building target "ResolveProjectReferences" in project "Entegrasyon.ApplicationBootstrap.csproj".
       Target "ResolveProjectReferences" skipped. Previously built successfully.
       Target "GetFrameworkPaths" skipped. Previously built successfully.
   3:6>Done building target "ResolveProjectReferences" in project "Entegrasyon.MessageQueue.Handler.csproj".
   4:6>Target "GetReferenceAssemblyPaths" skipped. Previously built successfully.
       Target "PrepareForBuild" skipped. Previously built successfully.
   3:6>Target "ResolveProjectReferences" skipped. Previously built successfully.
       Target "GetFrameworkPaths" skipped. Previously built successfully.
   4:6>Target "ResolveSDKReferences" in file "/usr/lib64/dotnet/sdk/10.0.101/Microsoft.Common.CurrentVersion.targets" from project "/home/baturhan/Projeler/Entegrasyon/Application/Entegrasyon.ApplicationBootstrap/Entegrasyon.ApplicationBootstrap.csproj" (target "ResolveAssemblyReferences" depends on it):
   4:6>Done building target "ResolveSDKReferences" in project "Entegrasyon.ApplicationBootstrap.csproj".
   3:6>Target "GetReferenceAssemblyPaths" skipped. Previously built successfully.
   4:6>Target "ResolveSDKReferences" skipped. Previously built successfully.
   3:6>Target "PrepareForBuild" skipped. Previously built successfully.
   4:6>Target "ExpandSDKReferences" in file "/usr/lib64/dotnet/sdk/10.0.101/Microsoft.Common.CurrentVersion.targets" from project "/home/baturhan/Projeler/Entegrasyon/Application/Entegrasyon.ApplicationBootstrap/Entegrasyon.ApplicationBootstrap.csproj" (target "ResolveAssemblyReferences" depends on it):
   4:6>Done building target "ExpandSDKReferences" in project "Entegrasyon.ApplicationBootstrap.csproj".
   3:6>Target "ResolveSDKReferences" in file "/usr/lib64/dotnet/sdk/10.0.101/Microsoft.Common.CurrentVersion.targets" from project "/home/baturhan/Projeler/Entegrasyon/Application/Entegrasyon.MessageQueue/Entegrasyon.MessageQueue.Handler.csproj" (target "ResolveAssemblyReferences" depends on it):
   3:6>Done building target "ResolveSDKReferences" in project "Entegrasyon.MessageQueue.Handler.csproj".
   4:6>Target "ResolvePackageDependenciesForBuild" skipped. Previously built successfully.
   3:6>Target "ResolveSDKReferences" skipped. Previously built successfully.
   4:6>Target "GetFrameworkPaths" skipped. Previously built successfully.
       Target "GetReferenceAssemblyPaths" skipped. Previously built successfully.
   3:6>Target "ExpandSDKReferences" in file "/usr/lib64/dotnet/sdk/10.0.101/Microsoft.Common.CurrentVersion.targets" from project "/home/baturhan/Projeler/Entegrasyon/Application/Entegrasyon.MessageQueue/Entegrasyon.MessageQueue.Handler.csproj" (target "ResolveAssemblyReferences" depends on it):
   3:6>Done building target "ExpandSDKReferences" in project "Entegrasyon.MessageQueue.Handler.csproj".
   4:6>Target "ProcessFrameworkReferences" skipped. Previously built successfully.
   3:6>Target "ResolvePackageDependenciesForBuild" skipped. Previously built successfully.
   4:6>Target "ResolvePackageAssets" skipped. Previously built successfully.
   3:6>Target "GetFrameworkPaths" skipped. Previously built successfully.
       Target "GetReferenceAssemblyPaths" skipped. Previously built successfully.
   4:6>Target "ResolveFrameworkReferences" in file "/usr/lib64/dotnet/sdk/10.0.101/Sdks/Microsoft.NET.Sdk/targets/Microsoft.NET.Sdk.FrameworkReferenceResolution.targets" from project "/home/baturhan/Projeler/Entegrasyon/Application/Entegrasyon.ApplicationBootstrap/Entegrasyon.ApplicationBootstrap.csproj" (target "ResolveTargetingPackAssets" depends on it):
   4:6>Using "GetPackageDirectory" task from assembly "/usr/lib64/dotnet/sdk/10.0.101/Sdks/Microsoft.NET.Sdk/targets/../tools/net10.0/Microsoft.NET.Build.Tasks.dll".
   3:6>Target "ProcessFrameworkReferences" skipped. Previously built successfully.
   4:6>Task "GetPackageDirectory"
   3:6>Target "ResolvePackageAssets" skipped. Previously built successfully.
   3:6>Target "ResolveFrameworkReferences" in file "/usr/lib64/dotnet/sdk/10.0.101/Sdks/Microsoft.NET.Sdk/targets/Microsoft.NET.Sdk.FrameworkReferenceResolution.targets" from project "/home/baturhan/Projeler/Entegrasyon/Application/Entegrasyon.MessageQueue/Entegrasyon.MessageQueue.Handler.csproj" (target "ResolveTargetingPackAssets" depends on it):
       Using "GetPackageDirectory" task from assembly "/usr/lib64/dotnet/sdk/10.0.101/Sdks/Microsoft.NET.Sdk/targets/../tools/net10.0/Microsoft.NET.Build.Tasks.dll".
       Task "GetPackageDirectory"
   4:6>Done executing task "GetPackageDirectory".
       Task "GetPackageDirectory"
   3:6>Done executing task "GetPackageDirectory".
   4:6>Done executing task "GetPackageDirectory".
       Task "GetPackageDirectory"
   3:6>Task "GetPackageDirectory"
   4:6>Done executing task "GetPackageDirectory".
       Task "GetPackageDirectory"
       Done executing task "GetPackageDirectory".
       Task "GetPackageDirectory"
   3:6>Done executing task "GetPackageDirectory".
       Task "GetPackageDirectory"
   4:6>Done executing task "GetPackageDirectory".
   3:6>Done executing task "GetPackageDirectory".
   4:6>Task "GetPackageDirectory"
       Done executing task "GetPackageDirectory".
   3:6>Task "GetPackageDirectory"
   4:6>Task "GetPackageDirectory"
   3:6>Done executing task "GetPackageDirectory".
       Task "GetPackageDirectory"
   4:6>Done executing task "GetPackageDirectory".
   3:6>Done executing task "GetPackageDirectory".
   4:6>Task "GetPackageDirectory"
   3:6>Task "GetPackageDirectory"
   4:6>Done executing task "GetPackageDirectory".
   3:6>Done executing task "GetPackageDirectory".
   4:6>Task "GetPackageDirectory"
   3:6>Task "GetPackageDirectory"
       Done executing task "GetPackageDirectory".
   4:6>Done executing task "GetPackageDirectory".
   3:6>Task "GetPackageDirectory"
       Done executing task "GetPackageDirectory".
       Task "GetPackageDirectory"
       Done executing task "GetPackageDirectory".
   4:6>Task "GetPackageDirectory"
       Done executing task "GetPackageDirectory".
       Using "ResolveFrameworkReferences" task from assembly "/usr/lib64/dotnet/sdk/10.0.101/Sdks/Microsoft.NET.Sdk/targets/../tools/net10.0/Microsoft.NET.Build.Tasks.dll".
       Task "ResolveFrameworkReferences"
   3:6>Task "GetPackageDirectory"
   4:6>Done executing task "ResolveFrameworkReferences".
   4:6>Done building target "ResolveFrameworkReferences" in project "Entegrasyon.ApplicationBootstrap.csproj".
   3:6>Done executing task "GetPackageDirectory".
       Using "ResolveFrameworkReferences" task from assembly "/usr/lib64/dotnet/sdk/10.0.101/Sdks/Microsoft.NET.Sdk/targets/../tools/net10.0/Microsoft.NET.Build.Tasks.dll".
       Task "ResolveFrameworkReferences"
   4:6>Target "ResolveTargetingPackAssets" in file "/usr/lib64/dotnet/sdk/10.0.101/Sdks/Microsoft.NET.Sdk/targets/Microsoft.NET.Sdk.FrameworkReferenceResolution.targets" from project "/home/baturhan/Projeler/Entegrasyon/Application/Entegrasyon.ApplicationBootstrap/Entegrasyon.ApplicationBootstrap.csproj" (target "_HandlePackageFileConflicts" depends on it):
   4:6>Using "ResolveTargetingPackAssets" task from assembly "/usr/lib64/dotnet/sdk/10.0.101/Sdks/Microsoft.NET.Sdk/targets/../tools/net10.0/Microsoft.NET.Build.Tasks.dll".
       Task "ResolveTargetingPackAssets"
   3:6>Done executing task "ResolveFrameworkReferences".
   3:6>Done building target "ResolveFrameworkReferences" in project "Entegrasyon.MessageQueue.Handler.csproj".
   3:6>Target "ResolveTargetingPackAssets" in file "/usr/lib64/dotnet/sdk/10.0.101/Sdks/Microsoft.NET.Sdk/targets/Microsoft.NET.Sdk.FrameworkReferenceResolution.targets" from project "/home/baturhan/Projeler/Entegrasyon/Application/Entegrasyon.MessageQueue/Entegrasyon.MessageQueue.Handler.csproj" (target "_HandlePackageFileConflicts" depends on it):
       Using "ResolveTargetingPackAssets" task from assembly "/usr/lib64/dotnet/sdk/10.0.101/Sdks/Microsoft.NET.Sdk/targets/../tools/net10.0/Microsoft.NET.Build.Tasks.dll".
       Task "ResolveTargetingPackAssets"
   4:6>Done executing task "ResolveTargetingPackAssets".
   4:6>Done building target "ResolveTargetingPackAssets" in project "Entegrasyon.ApplicationBootstrap.csproj".
   3:6>Done executing task "ResolveTargetingPackAssets".
   4:6>Target "ResolveOffByDefaultAnalyzers" in file "/usr/lib64/dotnet/sdk/10.0.101/Sdks/Microsoft.NET.Sdk/targets/Microsoft.NET.Sdk.FrameworkReferenceResolution.targets" from project "/home/baturhan/Projeler/Entegrasyon/Application/Entegrasyon.ApplicationBootstrap/Entegrasyon.ApplicationBootstrap.csproj" (target "_HandlePackageFileConflicts" depends on it):
   4:6>Done building target "ResolveOffByDefaultAnalyzers" in project "Entegrasyon.ApplicationBootstrap.csproj".
   3:6>Done building target "ResolveTargetingPackAssets" in project "Entegrasyon.MessageQueue.Handler.csproj".
   4:6>Target "_HandlePackageFileConflicts" in file "/usr/lib64/dotnet/sdk/10.0.101/Sdks/Microsoft.NET.Sdk/targets/Microsoft.NET.ConflictResolution.targets" from project "/home/baturhan/Projeler/Entegrasyon/Application/Entegrasyon.ApplicationBootstrap/Entegrasyon.ApplicationBootstrap.csproj" (target "ResolveAssemblyReferences" depends on it):
   4:6>Using "ResolvePackageFileConflicts" task from assembly "/usr/lib64/dotnet/sdk/10.0.101/Sdks/Microsoft.NET.Sdk/targets/../tools/net10.0/Microsoft.NET.Build.Tasks.dll".
       Task "ResolvePackageFileConflicts"
   3:6>Target "ResolveOffByDefaultAnalyzers" in file "/usr/lib64/dotnet/sdk/10.0.101/Sdks/Microsoft.NET.Sdk/targets/Microsoft.NET.Sdk.FrameworkReferenceResolution.targets" from project "/home/baturhan/Projeler/Entegrasyon/Application/Entegrasyon.MessageQueue/Entegrasyon.MessageQueue.Handler.csproj" (target "_HandlePackageFileConflicts" depends on it):
   3:6>Done building target "ResolveOffByDefaultAnalyzers" in project "Entegrasyon.MessageQueue.Handler.csproj".
   3:6>Target "_HandlePackageFileConflicts" in file "/usr/lib64/dotnet/sdk/10.0.101/Sdks/Microsoft.NET.Sdk/targets/Microsoft.NET.ConflictResolution.targets" from project "/home/baturhan/Projeler/Entegrasyon/Application/Entegrasyon.MessageQueue/Entegrasyon.MessageQueue.Handler.csproj" (target "ResolveAssemblyReferences" depends on it):
       Using "ResolvePackageFileConflicts" task from assembly "/usr/lib64/dotnet/sdk/10.0.101/Sdks/Microsoft.NET.Sdk/targets/../tools/net10.0/Microsoft.NET.Build.Tasks.dll".
       Task "ResolvePackageFileConflicts"
   4:6>_HandlePackageFileConflicts:
         Encountered conflict between 'Reference:/home/baturhan/.nuget/packages/system.diagnostics.diagnosticsource/8.0.0/lib/net8.0/System.Diagnostics.DiagnosticSource.dll' and 'Reference:/usr/lib64/dotnet/packs/Microsoft.NETCore.App.Ref/8.0.22/ref/net8.0/System.Diagnostics.DiagnosticSource.dll'. Choosing 'Reference:/usr/lib64/dotnet/packs/Microsoft.NETCore.App.Ref/8.0.22/ref/net8.0/System.Diagnostics.DiagnosticSource.dll' because file version '8.0.2225.52707' is greater than '8.0.23.53103'.
         Encountered conflict between 'Reference:/home/baturhan/.nuget/packages/system.text.encodings.web/8.0.0/lib/net8.0/System.Text.Encodings.Web.dll' and 'Reference:/usr/lib64/dotnet/packs/Microsoft.NETCore.App.Ref/8.0.22/ref/net8.0/System.Text.Encodings.Web.dll'. Choosing 'Reference:/usr/lib64/dotnet/packs/Microsoft.NETCore.App.Ref/8.0.22/ref/net8.0/System.Text.Encodings.Web.dll' because file version '8.0.2225.52707' is greater than '8.0.23.53103'.
         Encountered conflict between 'Reference:/home/baturhan/.nuget/packages/system.text.json/8.0.0/lib/net8.0/System.Text.Json.dll' and 'Reference:/usr/lib64/dotnet/packs/Microsoft.NETCore.App.Ref/8.0.22/ref/net8.0/System.Text.Json.dll'. Choosing 'Reference:/usr/lib64/dotnet/packs/Microsoft.NETCore.App.Ref/8.0.22/ref/net8.0/System.Text.Json.dll' because file version '8.0.2225.52707' is greater than '8.0.23.53103'.
         Encountered conflict between 'Reference:/home/baturhan/.nuget/packages/microsoft.extensions.caching.memory/8.0.1/lib/net8.0/Microsoft.Extensions.Caching.Memory.dll' and 'Reference:/usr/lib64/dotnet/packs/Microsoft.AspNetCore.App.Ref/8.0.22/ref/net8.0/Microsoft.Extensions.Caching.Memory.dll'. Choosing 'Reference:/usr/lib64/dotnet/packs/Microsoft.AspNetCore.App.Ref/8.0.22/ref/net8.0/Microsoft.Extensions.Caching.Memory.dll' because file version '8.0.2225.52707' is greater than '8.0.1024.46610'.
   3:6>_HandlePackageFileConflicts:
         Encountered conflict between 'Reference:/home/baturhan/.nuget/packages/system.diagnostics.diagnosticsource/8.0.0/lib/net8.0/System.Diagnostics.DiagnosticSource.dll' and 'Reference:/usr/lib64/dotnet/packs/Microsoft.NETCore.App.Ref/8.0.22/ref/net8.0/System.Diagnostics.DiagnosticSource.dll'. Choosing 'Reference:/usr/lib64/dotnet/packs/Microsoft.NETCore.App.Ref/8.0.22/ref/net8.0/System.Diagnostics.DiagnosticSource.dll' because file version '8.0.2225.52707' is greater than '8.0.23.53103'.
   4:6>_HandlePackageFileConflicts:
         Encountered conflict between 'Reference:/home/baturhan/.nuget/packages/microsoft.extensions.configuration.binder/8.0.2/lib/net8.0/Microsoft.Extensions.Configuration.Binder.dll' and 'Reference:/usr/lib64/dotnet/packs/Microsoft.AspNetCore.App.Ref/8.0.22/ref/net8.0/Microsoft.Extensions.Configuration.Binder.dll'. Choosing 'Reference:/usr/lib64/dotnet/packs/Microsoft.AspNetCore.App.Ref/8.0.22/ref/net8.0/Microsoft.Extensions.Configuration.Binder.dll' because file version '8.0.2225.52707' is greater than '8.0.724.31311'.
         Encountered conflict between 'Reference:/home/baturhan/.nuget/packages/microsoft.extensions.dependencyinjection.abstractions/8.0.2/lib/net8.0/Microsoft.Extensions.DependencyInjection.Abstractions.dll' and 'Reference:/usr/lib64/dotnet/packs/Microsoft.AspNetCore.App.Ref/8.0.22/ref/net8.0/Microsoft.Extensions.DependencyInjection.Abstractions.dll'. Choosing 'Reference:/usr/lib64/dotnet/packs/Microsoft.AspNetCore.App.Ref/8.0.22/ref/net8.0/Microsoft.Extensions.DependencyInjection.Abstractions.dll' because file version '8.0.2225.52707' is greater than '8.0.1024.46610'.
   3:6>_HandlePackageFileConflicts:
         Encountered conflict between 'Reference:/home/baturhan/.nuget/packages/system.text.encodings.web/8.0.0/lib/net8.0/System.Text.Encodings.Web.dll' and 'Reference:/usr/lib64/dotnet/packs/Microsoft.NETCore.App.Ref/8.0.22/ref/net8.0/System.Text.Encodings.Web.dll'. Choosing 'Reference:/usr/lib64/dotnet/packs/Microsoft.NETCore.App.Ref/8.0.22/ref/net8.0/System.Text.Encodings.Web.dll' because file version '8.0.2225.52707' is greater than '8.0.23.53103'.
   4:6>_HandlePackageFileConflicts:
         Encountered conflict between 'Reference:/home/baturhan/.nuget/packages/microsoft.extensions.dependencyinjection/8.0.1/lib/net8.0/Microsoft.Extensions.DependencyInjection.dll' and 'Reference:/usr/lib64/dotnet/packs/Microsoft.AspNetCore.App.Ref/8.0.22/ref/net8.0/Microsoft.Extensions.DependencyInjection.dll'. Choosing 'Reference:/usr/lib64/dotnet/packs/Microsoft.AspNetCore.App.Ref/8.0.22/ref/net8.0/Microsoft.Extensions.DependencyInjection.dll' because file version '8.0.2225.52707' is greater than '8.0.1024.46610'.
   3:6>_HandlePackageFileConflicts:
         Encountered conflict between 'Reference:/home/baturhan/.nuget/packages/system.text.json/8.0.0/lib/net8.0/System.Text.Json.dll' and 'Reference:/usr/lib64/dotnet/packs/Microsoft.NETCore.App.Ref/8.0.22/ref/net8.0/System.Text.Json.dll'. Choosing 'Reference:/usr/lib64/dotnet/packs/Microsoft.NETCore.App.Ref/8.0.22/ref/net8.0/System.Text.Json.dll' because file version '8.0.2225.52707' is greater than '8.0.23.53103'.
   4:6>_HandlePackageFileConflicts:
         Encountered conflict between 'Reference:/home/baturhan/.nuget/packages/microsoft.extensions.logging.abstractions/8.0.2/lib/net8.0/Microsoft.Extensions.Logging.Abstractions.dll' and 'Reference:/usr/lib64/dotnet/packs/Microsoft.AspNetCore.App.Ref/8.0.22/ref/net8.0/Microsoft.Extensions.Logging.Abstractions.dll'. Choosing 'Reference:/usr/lib64/dotnet/packs/Microsoft.AspNetCore.App.Ref/8.0.22/ref/net8.0/Microsoft.Extensions.Logging.Abstractions.dll' because file version '8.0.2225.52707' is greater than '8.0.1024.46610'.
         Encountered conflict between 'Reference:/home/baturhan/.nuget/packages/microsoft.extensions.logging/8.0.1/lib/net8.0/Microsoft.Extensions.Logging.dll' and 'Reference:/usr/lib64/dotnet/packs/Microsoft.AspNetCore.App.Ref/8.0.22/ref/net8.0/Microsoft.Extensions.Logging.dll'. Choosing 'Reference:/usr/lib64/dotnet/packs/Microsoft.AspNetCore.App.Ref/8.0.22/ref/net8.0/Microsoft.Extensions.Logging.dll' because file version '8.0.2225.52707' is greater than '8.0.1024.46610'.
   3:6>_HandlePackageFileConflicts:
         Encountered conflict between 'Reference:/home/baturhan/.nuget/packages/microsoft.extensions.caching.memory/8.0.1/lib/net8.0/Microsoft.Extensions.Caching.Memory.dll' and 'Reference:/usr/lib64/dotnet/packs/Microsoft.AspNetCore.App.Ref/8.0.22/ref/net8.0/Microsoft.Extensions.Caching.Memory.dll'. Choosing 'Reference:/usr/lib64/dotnet/packs/Microsoft.AspNetCore.App.Ref/8.0.22/ref/net8.0/Microsoft.Extensions.Caching.Memory.dll' because file version '8.0.2225.52707' is greater than '8.0.1024.46610'.
         Encountered conflict between 'Reference:/home/baturhan/.nuget/packages/microsoft.extensions.configuration.binder/8.0.2/lib/net8.0/Microsoft.Extensions.Configuration.Binder.dll' and 'Reference:/usr/lib64/dotnet/packs/Microsoft.AspNetCore.App.Ref/8.0.22/ref/net8.0/Microsoft.Extensions.Configuration.Binder.dll'. Choosing 'Reference:/usr/lib64/dotnet/packs/Microsoft.AspNetCore.App.Ref/8.0.22/ref/net8.0/Microsoft.Extensions.Configuration.Binder.dll' because file version '8.0.2225.52707' is greater than '8.0.724.31311'.
   4:6>_HandlePackageFileConflicts:
         Encountered conflict between 'Reference:/home/baturhan/.nuget/packages/microsoft.extensions.options/8.0.2/lib/net8.0/Microsoft.Extensions.Options.dll' and 'Reference:/usr/lib64/dotnet/packs/Microsoft.AspNetCore.App.Ref/8.0.22/ref/net8.0/Microsoft.Extensions.Options.dll'. Choosing 'Reference:/usr/lib64/dotnet/packs/Microsoft.AspNetCore.App.Ref/8.0.22/ref/net8.0/Microsoft.Extensions.Options.dll' because file version '8.0.2225.52707' is greater than '8.0.224.6711'.
         Encountered conflict between 'Analyzer:/home/baturhan/.nuget/packages/system.text.json/8.0.0/analyzers/dotnet/roslyn4.4/cs/System.Text.Json.SourceGeneration.dll' and 'Analyzer:/usr/lib64/dotnet/packs/Microsoft.NETCore.App.Ref/8.0.22/analyzers/dotnet/cs/System.Text.Json.SourceGeneration.dll'. Choosing 'Analyzer:/usr/lib64/dotnet/packs/Microsoft.NETCore.App.Ref/8.0.22/analyzers/dotnet/cs/System.Text.Json.SourceGeneration.dll' because AssemblyVersion '8.0.13.2707' is greater than '8.0.9.3103'.
         Encountered conflict between 'Analyzer:/home/baturhan/.nuget/packages/microsoft.extensions.logging.abstractions/8.0.2/analyzers/dotnet/roslyn4.4/cs/Microsoft.Extensions.Logging.Generators.dll' and 'Analyzer:/usr/lib64/dotnet/packs/Microsoft.AspNetCore.App.Ref/8.0.22/analyzers/dotnet/roslyn4.4/cs/Microsoft.Extensions.Logging.Generators.dll'. Choosing 'Analyzer:/usr/lib64/dotnet/packs/Microsoft.AspNetCore.App.Ref/8.0.22/analyzers/dotnet/roslyn4.4/cs/Microsoft.Extensions.Logging.Generators.dll' because AssemblyVersion '8.0.13.2707' is greater than '8.0.10.46610'.
         Encountered conflict between 'Analyzer:/home/baturhan/.nuget/packages/microsoft.extensions.options/8.0.2/analyzers/dotnet/roslyn4.4/cs/Microsoft.Extensions.Options.SourceGeneration.dll' and 'Analyzer:/usr/lib64/dotnet/packs/Microsoft.AspNetCore.App.Ref/8.0.22/analyzers/dotnet/roslyn4.4/cs/Microsoft.Extensions.Options.SourceGeneration.dll'. Choosing 'Analyzer:/usr/lib64/dotnet/packs/Microsoft.AspNetCore.App.Ref/8.0.22/analyzers/dotnet/roslyn4.4/cs/Microsoft.Extensions.Options.SourceGeneration.dll' because AssemblyVersion '8.0.13.2707' is greater than '8.0.10.6711'.
   3:6>_HandlePackageFileConflicts:
         Encountered conflict between 'Reference:/home/baturhan/.nuget/packages/microsoft.extensions.dependencyinjection.abstractions/8.0.2/lib/net8.0/Microsoft.Extensions.DependencyInjection.Abstractions.dll' and 'Reference:/usr/lib64/dotnet/packs/Microsoft.AspNetCore.App.Ref/8.0.22/ref/net8.0/Microsoft.Extensions.DependencyInjection.Abstractions.dll'. Choosing 'Reference:/usr/lib64/dotnet/packs/Microsoft.AspNetCore.App.Ref/8.0.22/ref/net8.0/Microsoft.Extensions.DependencyInjection.Abstractions.dll' because file version '8.0.2225.52707' is greater than '8.0.1024.46610'.
         Encountered conflict between 'Reference:/home/baturhan/.nuget/packages/microsoft.extensions.dependencyinjection/8.0.1/lib/net8.0/Microsoft.Extensions.DependencyInjection.dll' and 'Reference:/usr/lib64/dotnet/packs/Microsoft.AspNetCore.App.Ref/8.0.22/ref/net8.0/Microsoft.Extensions.DependencyInjection.dll'. Choosing 'Reference:/usr/lib64/dotnet/packs/Microsoft.AspNetCore.App.Ref/8.0.22/ref/net8.0/Microsoft.Extensions.DependencyInjection.dll' because file version '8.0.2225.52707' is greater than '8.0.1024.46610'.
         Encountered conflict between 'Reference:/home/baturhan/.nuget/packages/microsoft.extensions.logging.abstractions/8.0.2/lib/net8.0/Microsoft.Extensions.Logging.Abstractions.dll' and 'Reference:/usr/lib64/dotnet/packs/Microsoft.AspNetCore.App.Ref/8.0.22/ref/net8.0/Microsoft.Extensions.Logging.Abstractions.dll'. Choosing 'Reference:/usr/lib64/dotnet/packs/Microsoft.AspNetCore.App.Ref/8.0.22/ref/net8.0/Microsoft.Extensions.Logging.Abstractions.dll' because file version '8.0.2225.52707' is greater than '8.0.1024.46610'.
         Encountered conflict between 'Reference:/home/baturhan/.nuget/packages/microsoft.extensions.logging/8.0.1/lib/net8.0/Microsoft.Extensions.Logging.dll' and 'Reference:/usr/lib64/dotnet/packs/Microsoft.AspNetCore.App.Ref/8.0.22/ref/net8.0/Microsoft.Extensions.Logging.dll'. Choosing 'Reference:/usr/lib64/dotnet/packs/Microsoft.AspNetCore.App.Ref/8.0.22/ref/net8.0/Microsoft.Extensions.Logging.dll' because file version '8.0.2225.52707' is greater than '8.0.1024.46610'.
         Encountered conflict between 'Reference:/home/baturhan/.nuget/packages/microsoft.extensions.options/8.0.2/lib/net8.0/Microsoft.Extensions.Options.dll' and 'Reference:/usr/lib64/dotnet/packs/Microsoft.AspNetCore.App.Ref/8.0.22/ref/net8.0/Microsoft.Extensions.Options.dll'. Choosing 'Reference:/usr/lib64/dotnet/packs/Microsoft.AspNetCore.App.Ref/8.0.22/ref/net8.0/Microsoft.Extensions.Options.dll' because file version '8.0.2225.52707' is greater than '8.0.224.6711'.
         Encountered conflict between 'Analyzer:/home/baturhan/.nuget/packages/system.text.json/8.0.0/analyzers/dotnet/roslyn4.4/cs/System.Text.Json.SourceGeneration.dll' and 'Analyzer:/usr/lib64/dotnet/packs/Microsoft.NETCore.App.Ref/8.0.22/analyzers/dotnet/cs/System.Text.Json.SourceGeneration.dll'. Choosing 'Analyzer:/usr/lib64/dotnet/packs/Microsoft.NETCore.App.Ref/8.0.22/analyzers/dotnet/cs/System.Text.Json.SourceGeneration.dll' because AssemblyVersion '8.0.13.2707' is greater than '8.0.9.3103'.
         Encountered conflict between 'Analyzer:/home/baturhan/.nuget/packages/microsoft.extensions.logging.abstractions/8.0.2/analyzers/dotnet/roslyn4.4/cs/Microsoft.Extensions.Logging.Generators.dll' and 'Analyzer:/usr/lib64/dotnet/packs/Microsoft.AspNetCore.App.Ref/8.0.22/analyzers/dotnet/roslyn4.4/cs/Microsoft.Extensions.Logging.Generators.dll'. Choosing 'Analyzer:/usr/lib64/dotnet/packs/Microsoft.AspNetCore.App.Ref/8.0.22/analyzers/dotnet/roslyn4.4/cs/Microsoft.Extensions.Logging.Generators.dll' because AssemblyVersion '8.0.13.2707' is greater than '8.0.10.46610'.
         Encountered conflict between 'Analyzer:/home/baturhan/.nuget/packages/microsoft.extensions.options/8.0.2/analyzers/dotnet/roslyn4.4/cs/Microsoft.Extensions.Options.SourceGeneration.dll' and 'Analyzer:/usr/lib64/dotnet/packs/Microsoft.AspNetCore.App.Ref/8.0.22/analyzers/dotnet/roslyn4.4/cs/Microsoft.Extensions.Options.SourceGeneration.dll'. Choosing 'Analyzer:/usr/lib64/dotnet/packs/Microsoft.AspNetCore.App.Ref/8.0.22/analyzers/dotnet/roslyn4.4/cs/Microsoft.Extensions.Options.SourceGeneration.dll' because AssemblyVersion '8.0.13.2707' is greater than '8.0.10.6711'.
         Encountered conflict between 'Platform:Microsoft.Extensions.Caching.Memory.dll' and 'Runtime:/home/baturhan/.nuget/packages/microsoft.extensions.caching.memory/8.0.1/lib/net8.0/Microsoft.Extensions.Caching.Memory.dll'. Choosing 'Runtime:/home/baturhan/.nuget/packages/microsoft.extensions.caching.memory/8.0.1/lib/net8.0/Microsoft.Extensions.Caching.Memory.dll' because file version '8.0.1024.46610' is greater than '8.0.23.53103'.
         Encountered conflict between 'Platform:Microsoft.Extensions.Configuration.Binder.dll' and 'Runtime:/home/baturhan/.nuget/packages/microsoft.extensions.configuration.binder/8.0.2/lib/net8.0/Microsoft.Extensions.Configuration.Binder.dll'. Choosing 'Runtime:/home/baturhan/.nuget/packages/microsoft.extensions.configuration.binder/8.0.2/lib/net8.0/Microsoft.Extensions.Configuration.Binder.dll' because file version '8.0.724.31311' is greater than '8.0.23.53103'.
         Encountered conflict between 'Platform:Microsoft.Extensions.DependencyInjection.dll' and 'Runtime:/home/baturhan/.nuget/packages/microsoft.extensions.dependencyinjection/8.0.1/lib/net8.0/Microsoft.Extensions.DependencyInjection.dll'. Choosing 'Runtime:/home/baturhan/.nuget/packages/microsoft.extensions.dependencyinjection/8.0.1/lib/net8.0/Microsoft.Extensions.DependencyInjection.dll' because file version '8.0.1024.46610' is greater than '8.0.23.53103'.
         Encountered conflict between 'Platform:Microsoft.Extensions.DependencyInjection.Abstractions.dll' and 'Runtime:/home/baturhan/.nuget/packages/microsoft.extensions.dependencyinjection.abstractions/8.0.2/lib/net8.0/Microsoft.Extensions.DependencyInjection.Abstractions.dll'. Choosing 'Runtime:/home/baturhan/.nuget/packages/microsoft.extensions.dependencyinjection.abstractions/8.0.2/lib/net8.0/Microsoft.Extensions.DependencyInjection.Abstractions.dll' because file version '8.0.1024.46610' is greater than '8.0.23.53103'.
         Encountered conflict between 'Platform:Microsoft.Extensions.Logging.dll' and 'Runtime:/home/baturhan/.nuget/packages/microsoft.extensions.logging/8.0.1/lib/net8.0/Microsoft.Extensions.Logging.dll'. Choosing 'Runtime:/home/baturhan/.nuget/packages/microsoft.extensions.logging/8.0.1/lib/net8.0/Microsoft.Extensions.Logging.dll' because file version '8.0.1024.46610' is greater than '8.0.23.53103'.
         Encountered conflict between 'Platform:Microsoft.Extensions.Logging.Abstractions.dll' and 'Runtime:/home/baturhan/.nuget/packages/microsoft.extensions.logging.abstractions/8.0.2/lib/net8.0/Microsoft.Extensions.Logging.Abstractions.dll'. Choosing 'Runtime:/home/baturhan/.nuget/packages/microsoft.extensions.logging.abstractions/8.0.2/lib/net8.0/Microsoft.Extensions.Logging.Abstractions.dll' because file version '8.0.1024.46610' is greater than '8.0.23.53103'.
         Encountered conflict between 'Platform:Microsoft.Extensions.Options.dll' and 'Runtime:/home/baturhan/.nuget/packages/microsoft.extensions.options/8.0.2/lib/net8.0/Microsoft.Extensions.Options.dll'. Choosing 'Runtime:/home/baturhan/.nuget/packages/microsoft.extensions.options/8.0.2/lib/net8.0/Microsoft.Extensions.Options.dll' because file version '8.0.224.6711' is greater than '8.0.23.53103'.
         Encountered conflict between 'Platform:System.Diagnostics.DiagnosticSource.dll' and 'Runtime:/home/baturhan/.nuget/packages/system.diagnostics.diagnosticsource/8.0.0/lib/net8.0/System.Diagnostics.DiagnosticSource.dll'. Choosing 'Platform:System.Diagnostics.DiagnosticSource.dll' because file version '8.0.2225.52707' is greater than '8.0.23.53103'.
         Encountered conflict between 'Platform:System.Text.Encodings.Web.dll' and 'Runtime:/home/baturhan/.nuget/packages/system.text.encodings.web/8.0.0/lib/net8.0/System.Text.Encodings.Web.dll'. Choosing 'Platform:System.Text.Encodings.Web.dll' because file version '8.0.2225.52707' is greater than '8.0.23.53103'.
         Encountered conflict between 'Platform:System.Text.Json.dll' and 'Runtime:/home/baturhan/.nuget/packages/system.text.json/8.0.0/lib/net8.0/System.Text.Json.dll'. Choosing 'Platform:System.Text.Json.dll' because file version '8.0.2225.52707' is greater than '8.0.23.53103'.
         Encountered conflict between 'Platform:System.Text.Encodings.Web.dll' and 'Runtime:/home/baturhan/.nuget/packages/system.text.encodings.web/8.0.0/runtimes/browser/lib/net8.0/System.Text.Encodings.Web.dll'. Choosing 'Platform:System.Text.Encodings.Web.dll' because file version '8.0.2225.52707' is greater than '8.0.23.53103'.
         Encountered conflict between 'Platform:mscorlib.dll' and 'Platform:mscorlib.dll'. Could not determine winner due to equal file and assembly versions.
         Encountered conflict between 'Platform:Microsoft.VisualBasic.dll' and 'Platform:Microsoft.VisualBasic.dll'. Could not determine winner due to equal file and assembly versions.
         Encountered conflict between 'Platform:System.dll' and 'Platform:System.dll'. Could not determine winner due to equal file and assembly versions.
         Encountered conflict between 'Platform:System.ComponentModel.DataAnnotations.dll' and 'Platform:System.ComponentModel.DataAnnotations.dll'. Could not determine winner due to equal file and assembly versions.
         Encountered conflict between 'Platform:System.Configuration.dll' and 'Platform:System.Configuration.dll'. Could not determine winner due to equal file and assembly versions.
         Encountered conflict between 'Platform:System.Core.dll' and 'Platform:System.Core.dll'. Could not determine winner due to equal file and assembly versions.
         Encountered conflict between 'Platform:System.Data.dll' and 'Platform:System.Data.dll'. Could not determine winner due to equal file and assembly versions.
         Encountered conflict between 'Platform:System.Drawing.dll' and 'Platform:System.Drawing.dll'. Could not determine winner due to equal file and assembly versions.
         Encountered conflict between 'Platform:System.IO.Compression.FileSystem.dll' and 'Platform:System.IO.Compression.FileSystem.dll'. Could not determine winner due to equal file and assembly versions.
         Encountered conflict between 'Platform:System.Net.dll' and 'Platform:System.Net.dll'. Could not determine winner due to equal file and assembly versions.
         Encountered conflict between 'Platform:System.Numerics.dll' and 'Platform:System.Numerics.dll'. Could not determine winner due to equal file and assembly versions.
         Encountered conflict between 'Platform:System.Runtime.Serialization.dll' and 'Platform:System.Runtime.Serialization.dll'. Could not determine winner due to equal file and assembly versions.
         Encountered conflict between 'Platform:System.Security.dll' and 'Platform:System.Security.dll'. Could not determine winner due to equal file and assembly versions.
         Encountered conflict between 'Platform:System.ServiceProcess.dll' and 'Platform:System.ServiceProcess.dll'. Could not determine winner due to equal file and assembly versions.
         Encountered conflict between 'Platform:System.ServiceModel.Web.dll' and 'Platform:System.ServiceModel.Web.dll'. Could not determine winner due to equal file and assembly versions.
         Encountered conflict between 'Platform:System.Transactions.dll' and 'Platform:System.Transactions.dll'. Could not determine winner due to equal file and assembly versions.
         Encountered conflict between 'Platform:System.Web.dll' and 'Platform:System.Web.dll'. Could not determine winner due to equal file and assembly versions.
         Encountered conflict between 'Platform:System.Windows.dll' and 'Platform:System.Windows.dll'. Could not determine winner due to equal file and assembly versions.
         Encountered conflict between 'Platform:System.Xml.dll' and 'Platform:System.Xml.dll'. Could not determine winner due to equal file and assembly versions.
         Encountered conflict between 'Platform:System.Xml.Serialization.dll' and 'Platform:System.Xml.Serialization.dll'. Could not determine winner due to equal file and assembly versions.
         Encountered conflict between 'Platform:System.Xml.Linq.dll' and 'Platform:System.Xml.Linq.dll'. Could not determine winner due to equal file and assembly versions.
         Encountered conflict between 'Platform:WindowsBase.dll' and 'Platform:WindowsBase.dll'. Could not determine winner due to equal file and assembly versions.
         Encountered conflict between 'Platform:netstandard.dll' and 'Platform:netstandard.dll'. Could not determine winner due to equal file and assembly versions.
         Encountered conflict between 'Platform:System.Private.CoreLib.dll' and 'Platform:System.Private.CoreLib.dll'. Could not determine winner due to equal file and assembly versions.
         Encountered conflict between 'Platform:System.Private.DataContractSerialization.dll' and 'Platform:System.Private.DataContractSerialization.dll'. Could not determine winner due to equal file and assembly versions.
         Encountered conflict between 'Platform:System.Private.Uri.dll' and 'Platform:System.Private.Uri.dll'. Could not determine winner due to equal file and assembly versions.
         Encountered conflict between 'Platform:System.Private.Xml.dll' and 'Platform:System.Private.Xml.dll'. Could not determine winner due to equal file and assembly versions.
         Encountered conflict between 'Platform:System.Private.Xml.Linq.dll' and 'Platform:System.Private.Xml.Linq.dll'. Could not determine winner due to equal file and assembly versions.
         Encountered conflict between 'Platform:mscordaccore_amd64_amd64_8.0.2225.52707.dll' and 'Platform:mscordaccore_amd64_amd64_8.0.2225.52707.dll'. Could not determine winner due to equal file and assembly versions.
       Done executing task "ResolvePackageFileConflicts".
   3:6>Done building target "_HandlePackageFileConflicts" in project "Entegrasyon.MessageQueue.Handler.csproj".
       Target "ResolveTargetingPackAssets" skipped. Previously built successfully.
   3:6>Target "ResolveAssemblyReferences" in file "/usr/lib64/dotnet/sdk/10.0.101/Microsoft.Common.CurrentVersion.targets" from project "/home/baturhan/Projeler/Entegrasyon/Application/Entegrasyon.MessageQueue/Entegrasyon.MessageQueue.Handler.csproj" (target "ResolveReferences" depends on it):
       Using "ResolveAssemblyReference" task from assembly "Microsoft.Build.Tasks.Core, Version=15.1.0.0, Culture=neutral, PublicKeyToken=b03f5f7f11d50a3a".
       Task "ResolveAssemblyReference"
         TargetFrameworkMoniker:
             .NETCoreApp,Version=v8.0
         TargetFrameworkMonikerDisplayName:
             .NET 8.0
         TargetedRuntimeVersion:
             
         Assemblies:
             /home/baturhan/.nuget/packages/castle.core/5.1.1/lib/net6.0/Castle.Core.dll
                 Private = 'false'
                 HintPath = '/home/baturhan/.nuget/packages/castle.core/5.1.1/lib/net6.0/Castle.Core.dll'
             /home/baturhan/.nuget/packages/fluentvalidation/11.9.0/lib/net8.0/FluentValidation.dll
                 Private = 'false'
                 HintPath = '/home/baturhan/.nuget/packages/fluentvalidation/11.9.0/lib/net8.0/FluentValidation.dll'
             /home/baturhan/.nuget/packages/mapster/7.4.0/lib/net7.0/Mapster.dll
                 Private = 'false'
                 HintPath = '/home/baturhan/.nuget/packages/mapster/7.4.0/lib/net7.0/Mapster.dll'
             /home/baturhan/.nuget/packages/mapster.core/1.2.1/lib/net7.0/Mapster.Core.dll
                 Private = 'false'
                 HintPath = '/home/baturhan/.nuget/packages/mapster.core/1.2.1/lib/net7.0/Mapster.Core.dll'
             /home/baturhan/.nuget/packages/mapster.dependencyinjection/1.0.1/lib/net7.0/Mapster.DependencyInjection.dll
                 Private = 'false'
                 HintPath = '/home/baturhan/.nuget/packages/mapster.dependencyinjection/1.0.1/lib/net7.0/Mapster.DependencyInjection.dll'
             /home/baturhan/.nuget/packages/microsoft.entityframeworkcore/8.0.15/lib/net8.0/Microsoft.EntityFrameworkCore.dll
                 Private = 'false'
                 HintPath = '/home/baturhan/.nuget/packages/microsoft.entityframeworkcore/8.0.15/lib/net8.0/Microsoft.EntityFrameworkCore.dll'
             /home/baturhan/.nuget/packages/microsoft.entityframeworkcore.abstractions/8.0.15/lib/net8.0/Microsoft.EntityFrameworkCore.Abstractions.dll
                 Private = 'false'
                 HintPath = '/home/baturhan/.nuget/packages/microsoft.entityframeworkcore.abstractions/8.0.15/lib/net8.0/Microsoft.EntityFrameworkCore.Abstractions.dll'
             /home/baturhan/.nuget/packages/microsoft.entityframeworkcore.proxies/8.0.15/lib/net8.0/Microsoft.EntityFrameworkCore.Proxies.dll
                 Private = 'false'
                 HintPath = '/home/baturhan/.nuget/packages/microsoft.entityframeworkcore.proxies/8.0.15/lib/net8.0/Microsoft.EntityFrameworkCore.Proxies.dll'
             /home/baturhan/.nuget/packages/microsoft.entityframeworkcore.relational/8.0.15/lib/net8.0/Microsoft.EntityFrameworkCore.Relational.dll
                 Private = 'false'
                 HintPath = '/home/baturhan/.nuget/packages/microsoft.entityframeworkcore.relational/8.0.15/lib/net8.0/Microsoft.EntityFrameworkCore.Relational.dll'
             /home/baturhan/.nuget/packages/microsoft.extensions.dependencymodel/8.0.0/lib/net8.0/Microsoft.Extensions.DependencyModel.dll
                 Private = 'false'
                 HintPath = '/home/baturhan/.nuget/packages/microsoft.extensions.dependencymodel/8.0.0/lib/net8.0/Microsoft.Extensions.DependencyModel.dll'
             /home/baturhan/.nuget/packages/microsoft.identitymodel.abstractions/7.4.0/lib/net8.0/Microsoft.IdentityModel.Abstractions.dll
                 Private = 'false'
                 HintPath = '/home/baturhan/.nuget/packages/microsoft.identitymodel.abstractions/7.4.0/lib/net8.0/Microsoft.IdentityModel.Abstractions.dll'
             /home/baturhan/.nuget/packages/microsoft.identitymodel.jsonwebtokens/7.4.0/lib/net8.0/Microsoft.IdentityModel.JsonWebTokens.dll
                 Private = 'false'
                 HintPath = '/home/baturhan/.nuget/packages/microsoft.identitymodel.jsonwebtokens/7.4.0/lib/net8.0/Microsoft.IdentityModel.JsonWebTokens.dll'
             /home/baturhan/.nuget/packages/microsoft.identitymodel.logging/7.4.0/lib/net8.0/Microsoft.IdentityModel.Logging.dll
                 Private = 'false'
   4:6>_HandlePackageFileConflicts:
         Encountered conflict between 'Platform:Microsoft.Extensions.Caching.Memory.dll' and 'Runtime:/home/baturhan/.nuget/packages/microsoft.extensions.caching.memory/8.0.1/lib/net8.0/Microsoft.Extensions.Caching.Memory.dll'. Choosing 'Runtime:/home/baturhan/.nuget/packages/microsoft.extensions.caching.memory/8.0.1/lib/net8.0/Microsoft.Extensions.Caching.Memory.dll' because file version '8.0.1024.46610' is greater than '8.0.23.53103'.
         Encountered conflict between 'Platform:Microsoft.Extensions.Configuration.Binder.dll' and 'Runtime:/home/baturhan/.nuget/packages/microsoft.extensions.configuration.binder/8.0.2/lib/net8.0/Microsoft.Extensions.Configuration.Binder.dll'. Choosing 'Runtime:/home/baturhan/.nuget/packages/microsoft.extensions.configuration.binder/8.0.2/lib/net8.0/Microsoft.Extensions.Configuration.Binder.dll' because file version '8.0.724.31311' is greater than '8.0.23.53103'.
         Encountered conflict between 'Platform:Microsoft.Extensions.DependencyInjection.dll' and 'Runtime:/home/baturhan/.nuget/packages/microsoft.extensions.dependencyinjection/8.0.1/lib/net8.0/Microsoft.Extensions.DependencyInjection.dll'. Choosing 'Runtime:/home/baturhan/.nuget/packages/microsoft.extensions.dependencyinjection/8.0.1/lib/net8.0/Microsoft.Extensions.DependencyInjection.dll' because file version '8.0.1024.46610' is greater than '8.0.23.53103'.
         Encountered conflict between 'Platform:Microsoft.Extensions.DependencyInjection.Abstractions.dll' and 'Runtime:/home/baturhan/.nuget/packages/microsoft.extensions.dependencyinjection.abstractions/8.0.2/lib/net8.0/Microsoft.Extensions.DependencyInjection.Abstractions.dll'. Choosing 'Runtime:/home/baturhan/.nuget/packages/microsoft.extensions.dependencyinjection.abstractions/8.0.2/lib/net8.0/Microsoft.Extensions.DependencyInjection.Abstractions.dll' because file version '8.0.1024.46610' is greater than '8.0.23.53103'.
         Encountered conflict between 'Platform:Microsoft.Extensions.Logging.dll' and 'Runtime:/home/baturhan/.nuget/packages/microsoft.extensions.logging/8.0.1/lib/net8.0/Microsoft.Extensions.Logging.dll'. Choosing 'Runtime:/home/baturhan/.nuget/packages/microsoft.extensions.logging/8.0.1/lib/net8.0/Microsoft.Extensions.Logging.dll' because file version '8.0.1024.46610' is greater than '8.0.23.53103'.
         Encountered conflict between 'Platform:Microsoft.Extensions.Logging.Abstractions.dll' and 'Runtime:/home/baturhan/.nuget/packages/microsoft.extensions.logging.abstractions/8.0.2/lib/net8.0/Microsoft.Extensions.Logging.Abstractions.dll'. Choosing 'Runtime:/home/baturhan/.nuget/packages/microsoft.extensions.logging.abstractions/8.0.2/lib/net8.0/Microsoft.Extensions.Logging.Abstractions.dll' because file version '8.0.1024.46610' is greater than '8.0.23.53103'.
         Encountered conflict between 'Platform:Microsoft.Extensions.Options.dll' and 'Runtime:/home/baturhan/.nuget/packages/microsoft.extensions.options/8.0.2/lib/net8.0/Microsoft.Extensions.Options.dll'. Choosing 'Runtime:/home/baturhan/.nuget/packages/microsoft.extensions.options/8.0.2/lib/net8.0/Microsoft.Extensions.Options.dll' because file version '8.0.224.6711' is greater than '8.0.23.53103'.
         Encountered conflict between 'Platform:System.Diagnostics.DiagnosticSource.dll' and 'Runtime:/home/baturhan/.nuget/packages/system.diagnostics.diagnosticsource/8.0.0/lib/net8.0/System.Diagnostics.DiagnosticSource.dll'. Choosing 'Platform:System.Diagnostics.DiagnosticSource.dll' because file version '8.0.2225.52707' is greater than '8.0.23.53103'.
         Encountered conflict between 'Platform:System.Text.Encodings.Web.dll' and 'Runtime:/home/baturhan/.nuget/packages/system.text.encodings.web/8.0.0/lib/net8.0/System.Text.Encodings.Web.dll'. Choosing 'Platform:System.Text.Encodings.Web.dll' because file version '8.0.2225.52707' is greater than '8.0.23.53103'.
         Encountered conflict between 'Platform:System.Text.Json.dll' and 'Runtime:/home/baturhan/.nuget/packages/system.text.json/8.0.0/lib/net8.0/System.Text.Json.dll'. Choosing 'Platform:System.Text.Json.dll' because file version '8.0.2225.52707' is greater than '8.0.23.53103'.
         Encountered conflict between 'Platform:System.Text.Encodings.Web.dll' and 'Runtime:/home/baturhan/.nuget/packages/system.text.encodings.web/8.0.0/runtimes/browser/lib/net8.0/System.Text.Encodings.Web.dll'. Choosing 'Platform:System.Text.Encodings.Web.dll' because file version '8.0.2225.52707' is greater than '8.0.23.53103'.
         Encountered conflict between 'Platform:mscorlib.dll' and 'Platform:mscorlib.dll'. Could not determine winner due to equal file and assembly versions.
         Encountered conflict between 'Platform:Microsoft.VisualBasic.dll' and 'Platform:Microsoft.VisualBasic.dll'. Could not determine winner due to equal file and assembly versions.
         Encountered conflict between 'Platform:System.dll' and 'Platform:System.dll'. Could not determine winner due to equal file and assembly versions.
         Encountered conflict between 'Platform:System.ComponentModel.DataAnnotations.dll' and 'Platform:System.ComponentModel.DataAnnotations.dll'. Could not determine winner due to equal file and assembly versions.
         Encountered conflict between 'Platform:System.Configuration.dll' and 'Platform:System.Configuration.dll'. Could not determine winner due to equal file and assembly versions.
         Encountered conflict between 'Platform:System.Core.dll' and 'Platform:System.Core.dll'. Could not determine winner due to equal file and assembly versions.
         Encountered conflict between 'Platform:System.Data.dll' and 'Platform:System.Data.dll'. Could not determine winner due to equal file and assembly versions.
         Encountered conflict between 'Platform:System.Drawing.dll' and 'Platform:System.Drawing.dll'. Could not determine winner due to equal file and assembly versions.
         Encountered conflict between 'Platform:System.IO.Compression.FileSystem.dll' and 'Platform:System.IO.Compression.FileSystem.dll'. Could not determine winner due to equal file and assembly versions.
         Encountered conflict between 'Platform:System.Net.dll' and 'Platform:System.Net.dll'. Could not determine winner due to equal file and assembly versions.
         Encountered conflict between 'Platform:System.Numerics.dll' and 'Platform:System.Numerics.dll'. Could not determine winner due to equal file and assembly versions.
         Encountered conflict between 'Platform:System.Runtime.Serialization.dll' and 'Platform:System.Runtime.Serialization.dll'. Could not determine winner due to equal file and assembly versions.
         Encountered conflict between 'Platform:System.Security.dll' and 'Platform:System.Security.dll'. Could not determine winner due to equal file and assembly versions.
         Encountered conflict between 'Platform:System.ServiceProcess.dll' and 'Platform:System.ServiceProcess.dll'. Could not determine winner due to equal file and assembly versions.
         Encountered conflict between 'Platform:System.ServiceModel.Web.dll' and 'Platform:System.ServiceModel.Web.dll'. Could not determine winner due to equal file and assembly versions.
         Encountered conflict between 'Platform:System.Transactions.dll' and 'Platform:System.Transactions.dll'. Could not determine winner due to equal file and assembly versions.
         Encountered conflict between 'Platform:System.Web.dll' and 'Platform:System.Web.dll'. Could not determine winner due to equal file and assembly versions.
         Encountered conflict between 'Platform:System.Windows.dll' and 'Platform:System.Windows.dll'. Could not determine winner due to equal file and assembly versions.
         Encountered conflict between 'Platform:System.Xml.dll' and 'Platform:System.Xml.dll'. Could not determine winner due to equal file and assembly versions.
         Encountered conflict between 'Platform:System.Xml.Serialization.dll' and 'Platform:System.Xml.Serialization.dll'. Could not determine winner due to equal file and assembly versions.
         Encountered conflict between 'Platform:System.Xml.Linq.dll' and 'Platform:System.Xml.Linq.dll'. Could not determine winner due to equal file and assembly versions.
         Encountered conflict between 'Platform:WindowsBase.dll' and 'Platform:WindowsBase.dll'. Could not determine winner due to equal file and assembly versions.
         Encountered conflict between 'Platform:netstandard.dll' and 'Platform:netstandard.dll'. Could not determine winner due to equal file and assembly versions.
         Encountered conflict between 'Platform:System.Private.CoreLib.dll' and 'Platform:System.Private.CoreLib.dll'. Could not determine winner due to equal file and assembly versions.
         Encountered conflict between 'Platform:System.Private.DataContractSerialization.dll' and 'Platform:System.Private.DataContractSerialization.dll'. Could not determine winner due to equal file and assembly versions.
         Encountered conflict between 'Platform:System.Private.Uri.dll' and 'Platform:System.Private.Uri.dll'. Could not determine winner due to equal file and assembly versions.
         Encountered conflict between 'Platform:System.Private.Xml.dll' and 'Platform:System.Private.Xml.dll'. Could not determine winner due to equal file and assembly versions.
         Encountered conflict between 'Platform:System.Private.Xml.Linq.dll' and 'Platform:System.Private.Xml.Linq.dll'. Could not determine winner due to equal file and assembly versions.
         Encountered conflict between 'Platform:mscordaccore_amd64_amd64_8.0.2225.52707.dll' and 'Platform:mscordaccore_amd64_amd64_8.0.2225.52707.dll'. Could not determine winner due to equal file and assembly versions.
       Done executing task "ResolvePackageFileConflicts".
   4:6>Done building target "_HandlePackageFileConflicts" in project "Entegrasyon.ApplicationBootstrap.csproj".
       Target "ResolveTargetingPackAssets" skipped. Previously built successfully.
   4:6>Target "ResolveAssemblyReferences" in file "/usr/lib64/dotnet/sdk/10.0.101/Microsoft.Common.CurrentVersion.targets" from project "/home/baturhan/Projeler/Entegrasyon/Application/Entegrasyon.ApplicationBootstrap/Entegrasyon.ApplicationBootstrap.csproj" (target "ResolveReferences" depends on it):
       Using "ResolveAssemblyReference" task from assembly "Microsoft.Build.Tasks.Core, Version=15.1.0.0, Culture=neutral, PublicKeyToken=b03f5f7f11d50a3a".
       Task "ResolveAssemblyReference"
         TargetFrameworkMoniker:
             .NETCoreApp,Version=v8.0
         TargetFrameworkMonikerDisplayName:
             .NET 8.0
         TargetedRuntimeVersion:
             
         Assemblies:
             /home/baturhan/.nuget/packages/castle.core/5.1.1/lib/net6.0/Castle.Core.dll
                 Private = 'false'
                 HintPath = '/home/baturhan/.nuget/packages/castle.core/5.1.1/lib/net6.0/Castle.Core.dll'
             /home/baturhan/.nuget/packages/fluentvalidation/11.9.0/lib/net8.0/FluentValidation.dll
                 Private = 'false'
                 HintPath = '/home/baturhan/.nuget/packages/fluentvalidation/11.9.0/lib/net8.0/FluentValidation.dll'
             /home/baturhan/.nuget/packages/mapster/7.4.0/lib/net7.0/Mapster.dll
                 Private = 'false'
                 HintPath = '/home/baturhan/.nuget/packages/mapster/7.4.0/lib/net7.0/Mapster.dll'
             /home/baturhan/.nuget/packages/mapster.core/1.2.1/lib/net7.0/Mapster.Core.dll
                 Private = 'false'
                 HintPath = '/home/baturhan/.nuget/packages/mapster.core/1.2.1/lib/net7.0/Mapster.Core.dll'
             /home/baturhan/.nuget/packages/mapster.dependencyinjection/1.0.1/lib/net7.0/Mapster.DependencyInjection.dll
                 Private = 'false'
                 HintPath = '/home/baturhan/.nuget/packages/mapster.dependencyinjection/1.0.1/lib/net7.0/Mapster.DependencyInjection.dll'
             /home/baturhan/.nuget/packages/microsoft.entityframeworkcore/8.0.15/lib/net8.0/Microsoft.EntityFrameworkCore.dll
                 Private = 'false'
                 HintPath = '/home/baturhan/.nuget/packages/microsoft.entityframeworkcore/8.0.15/lib/net8.0/Microsoft.EntityFrameworkCore.dll'
             /home/baturhan/.nuget/packages/microsoft.entityframeworkcore.abstractions/8.0.15/lib/net8.0/Microsoft.EntityFrameworkCore.Abstractions.dll
                 Private = 'false'
                 HintPath = '/home/baturhan/.nuget/packages/microsoft.entityframeworkcore.abstractions/8.0.15/lib/net8.0/Microsoft.EntityFrameworkCore.Abstractions.dll'
             /home/baturhan/.nuget/packages/microsoft.entityframeworkcore.inmemory/8.0.15/lib/net8.0/Microsoft.EntityFrameworkCore.InMemory.dll
                 Private = 'false'
                 HintPath = '/home/baturhan/.nuget/packages/microsoft.entityframeworkcore.inmemory/8.0.15/lib/net8.0/Microsoft.EntityFrameworkCore.InMemory.dll'
             /home/baturhan/.nuget/packages/microsoft.entityframeworkcore.proxies/8.0.15/lib/net8.0/Microsoft.EntityFrameworkCore.Proxies.dll
                 Private = 'false'
                 HintPath = '/home/baturhan/.nuget/packages/microsoft.entityframeworkcore.proxies/8.0.15/lib/net8.0/Microsoft.EntityFrameworkCore.Proxies.dll'
             /home/baturhan/.nuget/packages/microsoft.entityframeworkcore.relational/8.0.15/lib/net8.0/Microsoft.EntityFrameworkCore.Relational.dll
                 Private = 'false'
                 HintPath = '/home/baturhan/.nuget/packages/microsoft.entityframeworkcore.relational/8.0.15/lib/net8.0/Microsoft.EntityFrameworkCore.Relational.dll'
             /home/baturhan/.nuget/packages/microsoft.extensions.dependencymodel/8.0.0/lib/net8.0/Microsoft.Extensions.DependencyModel.dll
                 Private = 'false'
                 HintPath = '/home/baturhan/.nuget/packages/microsoft.extensions.dependencymodel/8.0.0/lib/net8.0/Microsoft.Extensions.DependencyModel.dll'
             /home/baturhan/.nuget/packages/microsoft.identitymodel.abstractions/7.4.0/lib/net8.0/Microsoft.IdentityModel.Abstractions.dll
                 Private = 'false'
                 HintPath = '/home/baturhan/.nuget/packages/microsoft.identitymodel.abstractions/7.4.0/lib/net8.0/Microsoft.IdentityModel.Abstractions.dll'
             /home/baturhan/.nuget/packages/microsoft.identitymodel.jsonwebtokens/7.4.0/lib/net8.0/Microsoft.IdentityModel.JsonWebTokens.dll
                 Private = 'false'
                 HintPath = '/home/baturhan/.nuget/packages/microsoft.identitymodel.jsonwebtokens/7.4.0/lib/net8.0/Microsoft.IdentityModel.JsonWebTokens.dll'
             /home/baturhan/.nuget/packages/microsoft.identitymodel.logging/7.4.0/lib/net8.0/Microsoft.IdentityModel.Logging.dll
                 Private = 'false'
                 HintPath = '/home/baturhan/.nuget/packages/microsoft.identitymodel.logging/7.4.0/lib/net8.0/Microsoft.IdentityModel.Logging.dll'
             /home/baturhan/.nuget/packages/microsoft.identitymodel.tokens/7.4.0/lib/net8.0/Microsoft.IdentityModel.Tokens.dll
                 Private = 'false'
                 HintPath = '/home/baturhan/.nuget/packages/microsoft.identitymodel.tokens/7.4.0/lib/net8.0/Microsoft.IdentityModel.Tokens.dll'
             /home/baturhan/.nuget/packages/newtonsoft.json/13.0.3/lib/net6.0/Newtonsoft.Json.dll
                 Private = 'false'
                 HintPath = '/home/baturhan/.nuget/packages/newtonsoft.json/13.0.3/lib/net6.0/Newtonsoft.Json.dll'
             /home/baturhan/.nuget/packages/npgsql/8.0.6/lib/net8.0/Npgsql.dll
                 Private = 'false'
                 HintPath = '/home/baturhan/.nuget/packages/npgsql/8.0.6/lib/net8.0/Npgsql.dll'
             /home/baturhan/.nuget/packages/npgsql.entityframeworkcore.postgresql/8.0.11/lib/net8.0/Npgsql.EntityFrameworkCore.PostgreSQL.dll
                 Private = 'false'
                 HintPath = '/home/baturhan/.nuget/packages/npgsql.entityframeworkcore.postgresql/8.0.11/lib/net8.0/Npgsql.EntityFrameworkCore.PostgreSQL.dll'
             /home/baturhan/.nuget/packages/pipelines.sockets.unofficial/2.2.8/lib/net5.0/Pipelines.Sockets.Unofficial.dll
                 Private = 'false'
                 HintPath = '/home/baturhan/.nuget/packages/pipelines.sockets.unofficial/2.2.8/lib/net5.0/Pipelines.Sockets.Unofficial.dll'
             /home/baturhan/.nuget/packages/serilog/3.1.1/lib/net7.0/Serilog.dll
                 Private = 'false'
                 HintPath = '/home/baturhan/.nuget/packages/serilog/3.1.1/lib/net7.0/Serilog.dll'
             /home/baturhan/.nuget/packages/serilog.aspnetcore/8.0.1/lib/net8.0/Serilog.AspNetCore.dll
                 Private = 'false'
                 HintPath = '/home/baturhan/.nuget/packages/serilog.aspnetcore/8.0.1/lib/net8.0/Serilog.AspNetCore.dll'
             /home/baturhan/.nuget/packages/serilog.extensions.hosting/8.0.0/lib/net8.0/Serilog.Extensions.Hosting.dll
                 Private = 'false'
                 HintPath = '/home/baturhan/.nuget/packages/serilog.extensions.hosting/8.0.0/lib/net8.0/Serilog.Extensions.Hosting.dll'
             /home/baturhan/.nuget/packages/serilog.extensions.logging/8.0.0/lib/net8.0/Serilog.Extensions.Logging.dll
                 Private = 'false'
                 HintPath = '/home/baturhan/.nuget/packages/serilog.extensions.logging/8.0.0/lib/net8.0/Serilog.Extensions.Logging.dll'
             /home/baturhan/.nuget/packages/serilog.formatting.compact/2.0.0/lib/net7.0/Serilog.Formatting.Compact.dll
                 Private = 'false'
                 HintPath = '/home/baturhan/.nuget/packages/serilog.formatting.compact/2.0.0/lib/net7.0/Serilog.Formatting.Compact.dll'
             /home/baturhan/.nuget/packages/serilog.settings.configuration/8.0.0/lib/net8.0/Serilog.Settings.Configuration.dll
                 Private = 'false'
                 HintPath = '/home/baturhan/.nuget/packages/serilog.settings.configuration/8.0.0/lib/net8.0/Serilog.Settings.Configuration.dll'
             /home/baturhan/.nuget/packages/serilog.sinks.console/5.0.1/lib/net7.0/Serilog.Sinks.Console.dll
                 Private = 'false'
                 HintPath = '/home/baturhan/.nuget/packages/serilog.sinks.console/5.0.1/lib/net7.0/Serilog.Sinks.Console.dll'
             /home/baturhan/.nuget/packages/serilog.sinks.debug/2.0.0/lib/netstandard2.1/Serilog.Sinks.Debug.dll
                 Private = 'false'
                 HintPath = '/home/baturhan/.nuget/packages/serilog.sinks.debug/2.0.0/lib/netstandard2.1/Serilog.Sinks.Debug.dll'
             /home/baturhan/.nuget/packages/serilog.sinks.file/5.0.0/lib/net5.0/Serilog.Sinks.File.dll
                 Private = 'false'
                 HintPath = '/home/baturhan/.nuget/packages/serilog.sinks.file/5.0.0/lib/net5.0/Serilog.Sinks.File.dll'
             /home/baturhan/.nuget/packages/stackexchange.redis/2.7.27/lib/net6.0/StackExchange.Redis.dll
                 Private = 'false'
                 HintPath = '/home/baturhan/.nuget/packages/stackexchange.redis/2.7.27/lib/net6.0/StackExchange.Redis.dll'
             /home/baturhan/.nuget/packages/system.identitymodel.tokens.jwt/7.4.0/lib/net8.0/System.IdentityModel.Tokens.Jwt.dll
                 Private = 'false'
                 HintPath = '/home/baturhan/.nuget/packages/system.identitymodel.tokens.jwt/7.4.0/lib/net8.0/System.IdentityModel.Tokens.Jwt.dll'
             /usr/lib64/dotnet/packs/Microsoft.NETCore.App.Ref/8.0.22/ref/net8.0/Microsoft.CSharp.dll
                 Private = 'false'
             /usr/lib64/dotnet/packs/Microsoft.NETCore.App.Ref/8.0.22/ref/net8.0/Microsoft.VisualBasic.Core.dll
                 Private = 'false'
             /usr/lib64/dotnet/packs/Microsoft.NETCore.App.Ref/8.0.22/ref/net8.0/Microsoft.VisualBasic.dll
                 Private = 'false'
             /usr/lib64/dotnet/packs/Microsoft.NETCore.App.Ref/8.0.22/ref/net8.0/Microsoft.Win32.Primitives.dll
                 Private = 'false'
             /usr/lib64/dotnet/packs/Microsoft.NETCore.App.Ref/8.0.22/ref/net8.0/Microsoft.Win32.Registry.dll
                 Private = 'false'
             /usr/lib64/dotnet/packs/Microsoft.NETCore.App.Ref/8.0.22/ref/net8.0/System.AppContext.dll
                 Private = 'false'
             /usr/lib64/dotnet/packs/Microsoft.NETCore.App.Ref/8.0.22/ref/net8.0/System.Buffers.dll
                 Private = 'false'
             /usr/lib64/dotnet/packs/Microsoft.NETCore.App.Ref/8.0.22/ref/net8.0/System.Collections.Concurrent.dll
                 Private = 'false'
             /usr/lib64/dotnet/packs/Microsoft.NETCore.App.Ref/8.0.22/ref/net8.0/System.Collections.Immutable.dll
                 Private = 'false'
             /usr/lib64/dotnet/packs/Microsoft.NETCore.App.Ref/8.0.22/ref/net8.0/System.Collections.NonGeneric.dll
                 Private = 'false'
             /usr/lib64/dotnet/packs/Microsoft.NETCore.App.Ref/8.0.22/ref/net8.0/System.Collections.Specialized.dll
                 Private = 'false'
             /usr/lib64/dotnet/packs/Microsoft.NETCore.App.Ref/8.0.22/ref/net8.0/System.Collections.dll
                 Private = 'false'
             /usr/lib64/dotnet/packs/Microsoft.NETCore.App.Ref/8.0.22/ref/net8.0/System.ComponentModel.Annotations.dll
                 Private = 'false'
             /usr/lib64/dotnet/packs/Microsoft.NETCore.App.Ref/8.0.22/ref/net8.0/System.ComponentModel.DataAnnotations.dll
                 Private = 'false'
             /usr/lib64/dotnet/packs/Microsoft.NETCore.App.Ref/8.0.22/ref/net8.0/System.ComponentModel.EventBasedAsync.dll
                 Private = 'false'
             /usr/lib64/dotnet/packs/Microsoft.NETCore.App.Ref/8.0.22/ref/net8.0/System.ComponentModel.Primitives.dll
                 Private = 'false'
             /usr/lib64/dotnet/packs/Microsoft.NETCore.App.Ref/8.0.22/ref/net8.0/System.ComponentModel.TypeConverter.dll
                 Private = 'false'
             /usr/lib64/dotnet/packs/Microsoft.NETCore.App.Ref/8.0.22/ref/net8.0/System.ComponentModel.dll
                 Private = 'false'
             /usr/lib64/dotnet/packs/Microsoft.NETCore.App.Ref/8.0.22/ref/net8.0/System.Configuration.dll
                 Private = 'false'
             /usr/lib64/dotnet/packs/Microsoft.NETCore.App.Ref/8.0.22/ref/net8.0/System.Console.dll
                 Private = 'false'
             /usr/lib64/dotnet/packs/Microsoft.NETCore.App.Ref/8.0.22/ref/net8.0/System.Core.dll
                 Private = 'false'
             /usr/lib64/dotnet/packs/Microsoft.NETCore.App.Ref/8.0.22/ref/net8.0/System.Data.Common.dll
                 Private = 'false'
             /usr/lib64/dotnet/packs/Microsoft.NETCore.App.Ref/8.0.22/ref/net8.0/System.Data.DataSetExtensions.dll
                 Private = 'false'
             /usr/lib64/dotnet/packs/Microsoft.NETCore.App.Ref/8.0.22/ref/net8.0/System.Data.dll
                 Private = 'false'
             /usr/lib64/dotnet/packs/Microsoft.NETCore.App.Ref/8.0.22/ref/net8.0/System.Diagnostics.Contracts.dll
                 Private = 'false'
             /usr/lib64/dotnet/packs/Microsoft.NETCore.App.Ref/8.0.22/ref/net8.0/System.Diagnostics.Debug.dll
                 Private = 'false'
             /usr/lib64/dotnet/packs/Microsoft.NETCore.App.Ref/8.0.22/ref/net8.0/System.Diagnostics.DiagnosticSource.dll
                 Private = 'false'
             /usr/lib64/dotnet/packs/Microsoft.NETCore.App.Ref/8.0.22/ref/net8.0/System.Diagnostics.FileVersionInfo.dll
                 Private = 'false'
             /usr/lib64/dotnet/packs/Microsoft.NETCore.App.Ref/8.0.22/ref/net8.0/System.Diagnostics.Process.dll
                 Private = 'false'
             /usr/lib64/dotnet/packs/Microsoft.NETCore.App.Ref/8.0.22/ref/net8.0/System.Diagnostics.StackTrace.dll
                 Private = 'false'
             /usr/lib64/dotnet/packs/Microsoft.NETCore.App.Ref/8.0.22/ref/net8.0/System.Diagnostics.TextWriterTraceListener.dll
                 Private = 'false'
             /usr/lib64/dotnet/packs/Microsoft.NETCore.App.Ref/8.0.22/ref/net8.0/System.Diagnostics.Tools.dll
                 Private = 'false'
             /usr/lib64/dotnet/packs/Microsoft.NETCore.App.Ref/8.0.22/ref/net8.0/System.Diagnostics.TraceSource.dll
                 Private = 'false'
             /usr/lib64/dotnet/packs/Microsoft.NETCore.App.Ref/8.0.22/ref/net8.0/System.Diagnostics.Tracing.dll
                 Private = 'false'
             /usr/lib64/dotnet/packs/Microsoft.NETCore.App.Ref/8.0.22/ref/net8.0/System.Drawing.Primitives.dll
                 Private = 'false'
             /usr/lib64/dotnet/packs/Microsoft.NETCore.App.Ref/8.0.22/ref/net8.0/System.Drawing.dll
                 Private = 'false'
             /usr/lib64/dotnet/packs/Microsoft.NETCore.App.Ref/8.0.22/ref/net8.0/System.Dynamic.Runtime.dll
                 Private = 'false'
             /usr/lib64/dotnet/packs/Microsoft.NETCore.App.Ref/8.0.22/ref/net8.0/System.Formats.Asn1.dll
                 Private = 'false'
             /usr/lib64/dotnet/packs/Microsoft.NETCore.App.Ref/8.0.22/ref/net8.0/System.Formats.Tar.dll
                 Private = 'false'
             /usr/lib64/dotnet/packs/Microsoft.NETCore.App.Ref/8.0.22/ref/net8.0/System.Globalization.Calendars.dll
                 Private = 'false'
             /usr/lib64/dotnet/packs/Microsoft.NETCore.App.Ref/8.0.22/ref/net8.0/System.Globalization.Extensions.dll
                 Private = 'false'
             /usr/lib64/dotnet/packs/Microsoft.NETCore.App.Ref/8.0.22/ref/net8.0/System.Globalization.dll
                 Private = 'false'
             /usr/lib64/dotnet/packs/Microsoft.NETCore.App.Ref/8.0.22/ref/net8.0/System.IO.Compression.Brotli.dll
                 Private = 'false'
             /usr/lib64/dotnet/packs/Microsoft.NETCore.App.Ref/8.0.22/ref/net8.0/System.IO.Compression.FileSystem.dll
                 Private = 'false'
             /usr/lib64/dotnet/packs/Microsoft.NETCore.App.Ref/8.0.22/ref/net8.0/System.IO.Compression.ZipFile.dll
                 Private = 'false'
             /usr/lib64/dotnet/packs/Microsoft.NETCore.App.Ref/8.0.22/ref/net8.0/System.IO.Compression.dll
                 Private = 'false'
             /usr/lib64/dotnet/packs/Microsoft.NETCore.App.Ref/8.0.22/ref/net8.0/System.IO.FileSystem.AccessControl.dll
                 Private = 'false'
             /usr/lib64/dotnet/packs/Microsoft.NETCore.App.Ref/8.0.22/ref/net8.0/System.IO.FileSystem.DriveInfo.dll
                 Private = 'false'
             /usr/lib64/dotnet/packs/Microsoft.NETCore.App.Ref/8.0.22/ref/net8.0/System.IO.FileSystem.Primitives.dll
   3:6>ResolveAssemblyReferences:
                 HintPath = '/home/baturhan/.nuget/packages/microsoft.identitymodel.logging/7.4.0/lib/net8.0/Microsoft.IdentityModel.Logging.dll'
   4:6>ResolveAssemblyReferences:
                 Private = 'false'
             /usr/lib64/dotnet/packs/Microsoft.NETCore.App.Ref/8.0.22/ref/net8.0/System.IO.FileSystem.Watcher.dll
   3:6>ResolveAssemblyReferences:
             /home/baturhan/.nuget/packages/microsoft.identitymodel.tokens/7.4.0/lib/net8.0/Microsoft.IdentityModel.Tokens.dll
   4:6>ResolveAssemblyReferences:
                 Private = 'false'
   3:6>ResolveAssemblyReferences:
                 Private = 'false'
   4:6>ResolveAssemblyReferences:
             /usr/lib64/dotnet/packs/Microsoft.NETCore.App.Ref/8.0.22/ref/net8.0/System.IO.FileSystem.dll
   3:6>ResolveAssemblyReferences:
                 HintPath = '/home/baturhan/.nuget/packages/microsoft.identitymodel.tokens/7.4.0/lib/net8.0/Microsoft.IdentityModel.Tokens.dll'
   4:6>ResolveAssemblyReferences:
                 Private = 'false'
   3:6>ResolveAssemblyReferences:
             /home/baturhan/.nuget/packages/newtonsoft.json/13.0.3/lib/net6.0/Newtonsoft.Json.dll
   4:6>ResolveAssemblyReferences:
             /usr/lib64/dotnet/packs/Microsoft.NETCore.App.Ref/8.0.22/ref/net8.0/System.IO.IsolatedStorage.dll
                 Private = 'false'
   3:6>ResolveAssemblyReferences:
                 Private = 'false'
   4:6>ResolveAssemblyReferences:
             /usr/lib64/dotnet/packs/Microsoft.NETCore.App.Ref/8.0.22/ref/net8.0/System.IO.MemoryMappedFiles.dll
   3:6>ResolveAssemblyReferences:
                 HintPath = '/home/baturhan/.nuget/packages/newtonsoft.json/13.0.3/lib/net6.0/Newtonsoft.Json.dll'
   4:6>ResolveAssemblyReferences:
                 Private = 'false'
   3:6>ResolveAssemblyReferences:
             /home/baturhan/.nuget/packages/npgsql/8.0.6/lib/net8.0/Npgsql.dll
   4:6>ResolveAssemblyReferences:
             /usr/lib64/dotnet/packs/Microsoft.NETCore.App.Ref/8.0.22/ref/net8.0/System.IO.Pipes.AccessControl.dll
   3:6>ResolveAssemblyReferences:
                 Private = 'false'
   4:6>ResolveAssemblyReferences:
                 Private = 'false'
   3:6>ResolveAssemblyReferences:
                 HintPath = '/home/baturhan/.nuget/packages/npgsql/8.0.6/lib/net8.0/Npgsql.dll'
   4:6>ResolveAssemblyReferences:
             /usr/lib64/dotnet/packs/Microsoft.NETCore.App.Ref/8.0.22/ref/net8.0/System.IO.Pipes.dll
                 Private = 'false'
   3:6>ResolveAssemblyReferences:
             /home/baturhan/.nuget/packages/npgsql.entityframeworkcore.postgresql/8.0.11/lib/net8.0/Npgsql.EntityFrameworkCore.PostgreSQL.dll
   4:6>ResolveAssemblyReferences:
             /usr/lib64/dotnet/packs/Microsoft.NETCore.App.Ref/8.0.22/ref/net8.0/System.IO.UnmanagedMemoryStream.dll
   3:6>ResolveAssemblyReferences:
                 Private = 'false'
   4:6>ResolveAssemblyReferences:
                 Private = 'false'
   3:6>ResolveAssemblyReferences:
                 HintPath = '/home/baturhan/.nuget/packages/npgsql.entityframeworkcore.postgresql/8.0.11/lib/net8.0/Npgsql.EntityFrameworkCore.PostgreSQL.dll'
   4:6>ResolveAssemblyReferences:
             /usr/lib64/dotnet/packs/Microsoft.NETCore.App.Ref/8.0.22/ref/net8.0/System.IO.dll
   3:6>ResolveAssemblyReferences:
             /home/baturhan/.nuget/packages/pipelines.sockets.unofficial/2.2.8/lib/net5.0/Pipelines.Sockets.Unofficial.dll
                 Private = 'false'
   4:6>ResolveAssemblyReferences:
                 Private = 'false'
   3:6>ResolveAssemblyReferences:
                 HintPath = '/home/baturhan/.nuget/packages/pipelines.sockets.unofficial/2.2.8/lib/net5.0/Pipelines.Sockets.Unofficial.dll'
             /home/baturhan/.nuget/packages/serilog/3.1.1/lib/net7.0/Serilog.dll
   4:6>ResolveAssemblyReferences:
             /usr/lib64/dotnet/packs/Microsoft.NETCore.App.Ref/8.0.22/ref/net8.0/System.Linq.Expressions.dll
                 Private = 'false'
             /usr/lib64/dotnet/packs/Microsoft.NETCore.App.Ref/8.0.22/ref/net8.0/System.Linq.Parallel.dll
   3:6>ResolveAssemblyReferences:
                 Private = 'false'
   4:6>ResolveAssemblyReferences:
                 Private = 'false'
             /usr/lib64/dotnet/packs/Microsoft.NETCore.App.Ref/8.0.22/ref/net8.0/System.Linq.Queryable.dll
                 Private = 'false'
   3:6>ResolveAssemblyReferences:
                 HintPath = '/home/baturhan/.nuget/packages/serilog/3.1.1/lib/net7.0/Serilog.dll'
   4:6>ResolveAssemblyReferences:
             /usr/lib64/dotnet/packs/Microsoft.NETCore.App.Ref/8.0.22/ref/net8.0/System.Linq.dll
                 Private = 'false'
             /usr/lib64/dotnet/packs/Microsoft.NETCore.App.Ref/8.0.22/ref/net8.0/System.Memory.dll
   3:6>ResolveAssemblyReferences:
             /home/baturhan/.nuget/packages/serilog.aspnetcore/8.0.1/lib/net8.0/Serilog.AspNetCore.dll
   4:6>ResolveAssemblyReferences:
                 Private = 'false'
             /usr/lib64/dotnet/packs/Microsoft.NETCore.App.Ref/8.0.22/ref/net8.0/System.Net.Http.Json.dll
                 Private = 'false'
   3:6>ResolveAssemblyReferences:
                 Private = 'false'
   4:6>ResolveAssemblyReferences:
             /usr/lib64/dotnet/packs/Microsoft.NETCore.App.Ref/8.0.22/ref/net8.0/System.Net.Http.dll
                 Private = 'false'
             /usr/lib64/dotnet/packs/Microsoft.NETCore.App.Ref/8.0.22/ref/net8.0/System.Net.HttpListener.dll
   3:6>ResolveAssemblyReferences:
                 HintPath = '/home/baturhan/.nuget/packages/serilog.aspnetcore/8.0.1/lib/net8.0/Serilog.AspNetCore.dll'
   4:6>ResolveAssemblyReferences:
                 Private = 'false'
             /usr/lib64/dotnet/packs/Microsoft.NETCore.App.Ref/8.0.22/ref/net8.0/System.Net.Mail.dll
                 Private = 'false'
             /usr/lib64/dotnet/packs/Microsoft.NETCore.App.Ref/8.0.22/ref/net8.0/System.Net.NameResolution.dll
   3:6>ResolveAssemblyReferences:
             /home/baturhan/.nuget/packages/serilog.extensions.hosting/8.0.0/lib/net8.0/Serilog.Extensions.Hosting.dll
   4:6>ResolveAssemblyReferences:
                 Private = 'false'
             /usr/lib64/dotnet/packs/Microsoft.NETCore.App.Ref/8.0.22/ref/net8.0/System.Net.NetworkInformation.dll
                 Private = 'false'
   3:6>ResolveAssemblyReferences:
                 Private = 'false'
   4:6>ResolveAssemblyReferences:
             /usr/lib64/dotnet/packs/Microsoft.NETCore.App.Ref/8.0.22/ref/net8.0/System.Net.Ping.dll
                 Private = 'false'
             /usr/lib64/dotnet/packs/Microsoft.NETCore.App.Ref/8.0.22/ref/net8.0/System.Net.Primitives.dll
                 Private = 'false'
   3:6>ResolveAssemblyReferences:
                 HintPath = '/home/baturhan/.nuget/packages/serilog.extensions.hosting/8.0.0/lib/net8.0/Serilog.Extensions.Hosting.dll'
   4:6>ResolveAssemblyReferences:
             /usr/lib64/dotnet/packs/Microsoft.NETCore.App.Ref/8.0.22/ref/net8.0/System.Net.Quic.dll
                 Private = 'false'
             /usr/lib64/dotnet/packs/Microsoft.NETCore.App.Ref/8.0.22/ref/net8.0/System.Net.Requests.dll
   3:6>ResolveAssemblyReferences:
             /home/baturhan/.nuget/packages/serilog.extensions.logging/8.0.0/lib/net8.0/Serilog.Extensions.Logging.dll
   4:6>ResolveAssemblyReferences:
                 Private = 'false'
             /usr/lib64/dotnet/packs/Microsoft.NETCore.App.Ref/8.0.22/ref/net8.0/System.Net.Security.dll
                 Private = 'false'
   3:6>ResolveAssemblyReferences:
                 Private = 'false'
   4:6>ResolveAssemblyReferences:
             /usr/lib64/dotnet/packs/Microsoft.NETCore.App.Ref/8.0.22/ref/net8.0/System.Net.ServicePoint.dll
                 Private = 'false'
             /usr/lib64/dotnet/packs/Microsoft.NETCore.App.Ref/8.0.22/ref/net8.0/System.Net.Sockets.dll
   3:6>ResolveAssemblyReferences:
                 HintPath = '/home/baturhan/.nuget/packages/serilog.extensions.logging/8.0.0/lib/net8.0/Serilog.Extensions.Logging.dll'
   4:6>ResolveAssemblyReferences:
                 Private = 'false'
             /usr/lib64/dotnet/packs/Microsoft.NETCore.App.Ref/8.0.22/ref/net8.0/System.Net.WebClient.dll
                 Private = 'false'
   3:6>ResolveAssemblyReferences:
             /home/baturhan/.nuget/packages/serilog.formatting.compact/2.0.0/lib/net7.0/Serilog.Formatting.Compact.dll
   4:6>ResolveAssemblyReferences:
             /usr/lib64/dotnet/packs/Microsoft.NETCore.App.Ref/8.0.22/ref/net8.0/System.Net.WebHeaderCollection.dll
                 Private = 'false'
             /usr/lib64/dotnet/packs/Microsoft.NETCore.App.Ref/8.0.22/ref/net8.0/System.Net.WebProxy.dll
                 Private = 'false'
   3:6>ResolveAssemblyReferences:
                 Private = 'false'
   4:6>ResolveAssemblyReferences:
             /usr/lib64/dotnet/packs/Microsoft.NETCore.App.Ref/8.0.22/ref/net8.0/System.Net.WebSockets.Client.dll
                 Private = 'false'
             /usr/lib64/dotnet/packs/Microsoft.NETCore.App.Ref/8.0.22/ref/net8.0/System.Net.WebSockets.dll
   3:6>ResolveAssemblyReferences:
                 HintPath = '/home/baturhan/.nuget/packages/serilog.formatting.compact/2.0.0/lib/net7.0/Serilog.Formatting.Compact.dll'
   4:6>ResolveAssemblyReferences:
                 Private = 'false'
             /usr/lib64/dotnet/packs/Microsoft.NETCore.App.Ref/8.0.22/ref/net8.0/System.Net.dll
                 Private = 'false'
             /usr/lib64/dotnet/packs/Microsoft.NETCore.App.Ref/8.0.22/ref/net8.0/System.Numerics.Vectors.dll
   3:6>ResolveAssemblyReferences:
             /home/baturhan/.nuget/packages/serilog.settings.configuration/8.0.0/lib/net8.0/Serilog.Settings.Configuration.dll
   4:6>ResolveAssemblyReferences:
                 Private = 'false'
             /usr/lib64/dotnet/packs/Microsoft.NETCore.App.Ref/8.0.22/ref/net8.0/System.Numerics.dll
                 Private = 'false'
   3:6>ResolveAssemblyReferences:
                 Private = 'false'
   4:6>ResolveAssemblyReferences:
             /usr/lib64/dotnet/packs/Microsoft.NETCore.App.Ref/8.0.22/ref/net8.0/System.ObjectModel.dll
                 Private = 'false'
             /usr/lib64/dotnet/packs/Microsoft.NETCore.App.Ref/8.0.22/ref/net8.0/System.Reflection.DispatchProxy.dll
                 Private = 'false'
   3:6>ResolveAssemblyReferences:
                 HintPath = '/home/baturhan/.nuget/packages/serilog.settings.configuration/8.0.0/lib/net8.0/Serilog.Settings.Configuration.dll'
   4:6>ResolveAssemblyReferences:
             /usr/lib64/dotnet/packs/Microsoft.NETCore.App.Ref/8.0.22/ref/net8.0/System.Reflection.Emit.ILGeneration.dll
                 Private = 'false'
             /usr/lib64/dotnet/packs/Microsoft.NETCore.App.Ref/8.0.22/ref/net8.0/System.Reflection.Emit.Lightweight.dll
   3:6>ResolveAssemblyReferences:
             /home/baturhan/.nuget/packages/serilog.sinks.console/5.0.1/lib/net7.0/Serilog.Sinks.Console.dll
   4:6>ResolveAssemblyReferences:
                 Private = 'false'
             /usr/lib64/dotnet/packs/Microsoft.NETCore.App.Ref/8.0.22/ref/net8.0/System.Reflection.Emit.dll
                 Private = 'false'
             /usr/lib64/dotnet/packs/Microsoft.NETCore.App.Ref/8.0.22/ref/net8.0/System.Reflection.Extensions.dll
   3:6>ResolveAssemblyReferences:
                 Private = 'false'
   4:6>ResolveAssemblyReferences:
                 Private = 'false'
             /usr/lib64/dotnet/packs/Microsoft.NETCore.App.Ref/8.0.22/ref/net8.0/System.Reflection.Metadata.dll
                 Private = 'false'
             /usr/lib64/dotnet/packs/Microsoft.NETCore.App.Ref/8.0.22/ref/net8.0/System.Reflection.Primitives.dll
   3:6>ResolveAssemblyReferences:
                 HintPath = '/home/baturhan/.nuget/packages/serilog.sinks.console/5.0.1/lib/net7.0/Serilog.Sinks.Console.dll'
   4:6>ResolveAssemblyReferences:
                 Private = 'false'
             /usr/lib64/dotnet/packs/Microsoft.NETCore.App.Ref/8.0.22/ref/net8.0/System.Reflection.TypeExtensions.dll
                 Private = 'false'
   3:6>ResolveAssemblyReferences:
             /home/baturhan/.nuget/packages/serilog.sinks.debug/2.0.0/lib/netstandard2.1/Serilog.Sinks.Debug.dll
   4:6>ResolveAssemblyReferences:
             /usr/lib64/dotnet/packs/Microsoft.NETCore.App.Ref/8.0.22/ref/net8.0/System.Reflection.dll
                 Private = 'false'
             /usr/lib64/dotnet/packs/Microsoft.NETCore.App.Ref/8.0.22/ref/net8.0/System.Resources.Reader.dll
                 Private = 'false'
   3:6>ResolveAssemblyReferences:
                 Private = 'false'
   4:6>ResolveAssemblyReferences:
             /usr/lib64/dotnet/packs/Microsoft.NETCore.App.Ref/8.0.22/ref/net8.0/System.Resources.ResourceManager.dll
                 Private = 'false'
             /usr/lib64/dotnet/packs/Microsoft.NETCore.App.Ref/8.0.22/ref/net8.0/System.Resources.Writer.dll
   3:6>ResolveAssemblyReferences:
                 HintPath = '/home/baturhan/.nuget/packages/serilog.sinks.debug/2.0.0/lib/netstandard2.1/Serilog.Sinks.Debug.dll'
   4:6>ResolveAssemblyReferences:
                 Private = 'false'
             /usr/lib64/dotnet/packs/Microsoft.NETCore.App.Ref/8.0.22/ref/net8.0/System.Runtime.CompilerServices.Unsafe.dll
                 Private = 'false'
   3:6>ResolveAssemblyReferences:
             /home/baturhan/.nuget/packages/serilog.sinks.file/5.0.0/lib/net5.0/Serilog.Sinks.File.dll
   4:6>ResolveAssemblyReferences:
             /usr/lib64/dotnet/packs/Microsoft.NETCore.App.Ref/8.0.22/ref/net8.0/System.Runtime.CompilerServices.VisualC.dll
                 Private = 'false'
             /usr/lib64/dotnet/packs/Microsoft.NETCore.App.Ref/8.0.22/ref/net8.0/System.Runtime.Extensions.dll
   3:6>ResolveAssemblyReferences:
                 Private = 'false'
   4:6>ResolveAssemblyReferences:
                 Private = 'false'
             /usr/lib64/dotnet/packs/Microsoft.NETCore.App.Ref/8.0.22/ref/net8.0/System.Runtime.Handles.dll
                 Private = 'false'
             /usr/lib64/dotnet/packs/Microsoft.NETCore.App.Ref/8.0.22/ref/net8.0/System.Runtime.InteropServices.JavaScript.dll
   3:6>ResolveAssemblyReferences:
                 HintPath = '/home/baturhan/.nuget/packages/serilog.sinks.file/5.0.0/lib/net5.0/Serilog.Sinks.File.dll'
   4:6>ResolveAssemblyReferences:
                 Private = 'false'
             /usr/lib64/dotnet/packs/Microsoft.NETCore.App.Ref/8.0.22/ref/net8.0/System.Runtime.InteropServices.RuntimeInformation.dll
                 Private = 'false'
   3:6>ResolveAssemblyReferences:
             /home/baturhan/.nuget/packages/stackexchange.redis/2.7.27/lib/net6.0/StackExchange.Redis.dll
   4:6>ResolveAssemblyReferences:
             /usr/lib64/dotnet/packs/Microsoft.NETCore.App.Ref/8.0.22/ref/net8.0/System.Runtime.InteropServices.dll
                 Private = 'false'
             /usr/lib64/dotnet/packs/Microsoft.NETCore.App.Ref/8.0.22/ref/net8.0/System.Runtime.Intrinsics.dll
                 Private = 'false'
   3:6>ResolveAssemblyReferences:
                 Private = 'false'
   4:6>ResolveAssemblyReferences:
             /usr/lib64/dotnet/packs/Microsoft.NETCore.App.Ref/8.0.22/ref/net8.0/System.Runtime.Loader.dll
                 Private = 'false'
             /usr/lib64/dotnet/packs/Microsoft.NETCore.App.Ref/8.0.22/ref/net8.0/System.Runtime.Numerics.dll
   3:6>ResolveAssemblyReferences:
                 HintPath = '/home/baturhan/.nuget/packages/stackexchange.redis/2.7.27/lib/net6.0/StackExchange.Redis.dll'
   4:6>ResolveAssemblyReferences:
                 Private = 'false'
             /usr/lib64/dotnet/packs/Microsoft.NETCore.App.Ref/8.0.22/ref/net8.0/System.Runtime.Serialization.Formatters.dll
                 Private = 'false'
   3:6>ResolveAssemblyReferences:
             /home/baturhan/.nuget/packages/system.identitymodel.tokens.jwt/7.4.0/lib/net8.0/System.IdentityModel.Tokens.Jwt.dll
   4:6>ResolveAssemblyReferences:
             /usr/lib64/dotnet/packs/Microsoft.NETCore.App.Ref/8.0.22/ref/net8.0/System.Runtime.Serialization.Json.dll
                 Private = 'false'
             /usr/lib64/dotnet/packs/Microsoft.NETCore.App.Ref/8.0.22/ref/net8.0/System.Runtime.Serialization.Primitives.dll
                 Private = 'false'
   3:6>ResolveAssemblyReferences:
                 Private = 'false'
   4:6>ResolveAssemblyReferences:
             /usr/lib64/dotnet/packs/Microsoft.NETCore.App.Ref/8.0.22/ref/net8.0/System.Runtime.Serialization.Xml.dll
                 Private = 'false'
             /usr/lib64/dotnet/packs/Microsoft.NETCore.App.Ref/8.0.22/ref/net8.0/System.Runtime.Serialization.dll
   3:6>ResolveAssemblyReferences:
                 HintPath = '/home/baturhan/.nuget/packages/system.identitymodel.tokens.jwt/7.4.0/lib/net8.0/System.IdentityModel.Tokens.Jwt.dll'
   4:6>ResolveAssemblyReferences:
                 Private = 'false'
             /usr/lib64/dotnet/packs/Microsoft.NETCore.App.Ref/8.0.22/ref/net8.0/System.Runtime.dll
                 Private = 'false'
   3:6>ResolveAssemblyReferences:
             /usr/lib64/dotnet/packs/Microsoft.NETCore.App.Ref/8.0.22/ref/net8.0/Microsoft.CSharp.dll
   4:6>ResolveAssemblyReferences:
             /usr/lib64/dotnet/packs/Microsoft.NETCore.App.Ref/8.0.22/ref/net8.0/System.Security.AccessControl.dll
                 Private = 'false'
             /usr/lib64/dotnet/packs/Microsoft.NETCore.App.Ref/8.0.22/ref/net8.0/System.Security.Claims.dll
                 Private = 'false'
   3:6>ResolveAssemblyReferences:
                 Private = 'false'
   4:6>ResolveAssemblyReferences:
             /usr/lib64/dotnet/packs/Microsoft.NETCore.App.Ref/8.0.22/ref/net8.0/System.Security.Cryptography.Algorithms.dll
                 Private = 'false'
             /usr/lib64/dotnet/packs/Microsoft.NETCore.App.Ref/8.0.22/ref/net8.0/System.Security.Cryptography.Cng.dll
   3:6>ResolveAssemblyReferences:
             /usr/lib64/dotnet/packs/Microsoft.NETCore.App.Ref/8.0.22/ref/net8.0/Microsoft.VisualBasic.Core.dll
   4:6>ResolveAssemblyReferences:
                 Private = 'false'
             /usr/lib64/dotnet/packs/Microsoft.NETCore.App.Ref/8.0.22/ref/net8.0/System.Security.Cryptography.Csp.dll
                 Private = 'false'
   3:6>ResolveAssemblyReferences:
                 Private = 'false'
   4:6>ResolveAssemblyReferences:
             /usr/lib64/dotnet/packs/Microsoft.NETCore.App.Ref/8.0.22/ref/net8.0/System.Security.Cryptography.Encoding.dll
                 Private = 'false'
             /usr/lib64/dotnet/packs/Microsoft.NETCore.App.Ref/8.0.22/ref/net8.0/System.Security.Cryptography.OpenSsl.dll
                 Private = 'false'
             /usr/lib64/dotnet/packs/Microsoft.NETCore.App.Ref/8.0.22/ref/net8.0/System.Security.Cryptography.Primitives.dll
   3:6>ResolveAssemblyReferences:
             /usr/lib64/dotnet/packs/Microsoft.NETCore.App.Ref/8.0.22/ref/net8.0/Microsoft.VisualBasic.dll
   4:6>ResolveAssemblyReferences:
                 Private = 'false'
             /usr/lib64/dotnet/packs/Microsoft.NETCore.App.Ref/8.0.22/ref/net8.0/System.Security.Cryptography.X509Certificates.dll
                 Private = 'false'
   3:6>ResolveAssemblyReferences:
                 Private = 'false'
   4:6>ResolveAssemblyReferences:
             /usr/lib64/dotnet/packs/Microsoft.NETCore.App.Ref/8.0.22/ref/net8.0/System.Security.Cryptography.dll
                 Private = 'false'
             /usr/lib64/dotnet/packs/Microsoft.NETCore.App.Ref/8.0.22/ref/net8.0/System.Security.Principal.Windows.dll
   3:6>ResolveAssemblyReferences:
             /usr/lib64/dotnet/packs/Microsoft.NETCore.App.Ref/8.0.22/ref/net8.0/Microsoft.Win32.Primitives.dll
   4:6>ResolveAssemblyReferences:
                 Private = 'false'
             /usr/lib64/dotnet/packs/Microsoft.NETCore.App.Ref/8.0.22/ref/net8.0/System.Security.Principal.dll
                 Private = 'false'
             /usr/lib64/dotnet/packs/Microsoft.NETCore.App.Ref/8.0.22/ref/net8.0/System.Security.SecureString.dll
   3:6>ResolveAssemblyReferences:
                 Private = 'false'
   4:6>ResolveAssemblyReferences:
                 Private = 'false'
             /usr/lib64/dotnet/packs/Microsoft.NETCore.App.Ref/8.0.22/ref/net8.0/System.Security.dll
                 Private = 'false'
   3:6>ResolveAssemblyReferences:
             /usr/lib64/dotnet/packs/Microsoft.NETCore.App.Ref/8.0.22/ref/net8.0/Microsoft.Win32.Registry.dll
   4:6>ResolveAssemblyReferences:
             /usr/lib64/dotnet/packs/Microsoft.NETCore.App.Ref/8.0.22/ref/net8.0/System.ServiceModel.Web.dll
                 Private = 'false'
             /usr/lib64/dotnet/packs/Microsoft.NETCore.App.Ref/8.0.22/ref/net8.0/System.ServiceProcess.dll
                 Private = 'false'
   3:6>ResolveAssemblyReferences:
                 Private = 'false'
   4:6>ResolveAssemblyReferences:
             /usr/lib64/dotnet/packs/Microsoft.NETCore.App.Ref/8.0.22/ref/net8.0/System.Text.Encoding.CodePages.dll
                 Private = 'false'
             /usr/lib64/dotnet/packs/Microsoft.NETCore.App.Ref/8.0.22/ref/net8.0/System.Text.Encoding.Extensions.dll
   3:6>ResolveAssemblyReferences:
             /usr/lib64/dotnet/packs/Microsoft.NETCore.App.Ref/8.0.22/ref/net8.0/System.AppContext.dll
   4:6>ResolveAssemblyReferences:
                 Private = 'false'
             /usr/lib64/dotnet/packs/Microsoft.NETCore.App.Ref/8.0.22/ref/net8.0/System.Text.Encoding.dll
                 Private = 'false'
             /usr/lib64/dotnet/packs/Microsoft.NETCore.App.Ref/8.0.22/ref/net8.0/System.Text.Encodings.Web.dll
   3:6>ResolveAssemblyReferences:
                 Private = 'false'
   4:6>ResolveAssemblyReferences:
                 Private = 'false'
             /usr/lib64/dotnet/packs/Microsoft.NETCore.App.Ref/8.0.22/ref/net8.0/System.Text.Json.dll
                 Private = 'false'
             /usr/lib64/dotnet/packs/Microsoft.NETCore.App.Ref/8.0.22/ref/net8.0/System.Text.RegularExpressions.dll
   3:6>ResolveAssemblyReferences:
             /usr/lib64/dotnet/packs/Microsoft.NETCore.App.Ref/8.0.22/ref/net8.0/System.Buffers.dll
   4:6>ResolveAssemblyReferences:
                 Private = 'false'
             /usr/lib64/dotnet/packs/Microsoft.NETCore.App.Ref/8.0.22/ref/net8.0/System.Threading.Channels.dll
                 Private = 'false'
   3:6>ResolveAssemblyReferences:
                 Private = 'false'
   4:6>ResolveAssemblyReferences:
             /usr/lib64/dotnet/packs/Microsoft.NETCore.App.Ref/8.0.22/ref/net8.0/System.Threading.Overlapped.dll
                 Private = 'false'
             /usr/lib64/dotnet/packs/Microsoft.NETCore.App.Ref/8.0.22/ref/net8.0/System.Threading.Tasks.Dataflow.dll
   3:6>ResolveAssemblyReferences:
             /usr/lib64/dotnet/packs/Microsoft.NETCore.App.Ref/8.0.22/ref/net8.0/System.Collections.Concurrent.dll
   4:6>ResolveAssemblyReferences:
                 Private = 'false'
             /usr/lib64/dotnet/packs/Microsoft.NETCore.App.Ref/8.0.22/ref/net8.0/System.Threading.Tasks.Extensions.dll
                 Private = 'false'
   3:6>ResolveAssemblyReferences:
                 Private = 'false'
   4:6>ResolveAssemblyReferences:
             /usr/lib64/dotnet/packs/Microsoft.NETCore.App.Ref/8.0.22/ref/net8.0/System.Threading.Tasks.Parallel.dll
                 Private = 'false'
   3:6>ResolveAssemblyReferences:
             /usr/lib64/dotnet/packs/Microsoft.NETCore.App.Ref/8.0.22/ref/net8.0/System.Collections.Immutable.dll
   4:6>ResolveAssemblyReferences:
             /usr/lib64/dotnet/packs/Microsoft.NETCore.App.Ref/8.0.22/ref/net8.0/System.Threading.Tasks.dll
                 Private = 'false'
             /usr/lib64/dotnet/packs/Microsoft.NETCore.App.Ref/8.0.22/ref/net8.0/System.Threading.Thread.dll
   3:6>ResolveAssemblyReferences:
                 Private = 'false'
   4:6>ResolveAssemblyReferences:
                 Private = 'false'
             /usr/lib64/dotnet/packs/Microsoft.NETCore.App.Ref/8.0.22/ref/net8.0/System.Threading.ThreadPool.dll
                 Private = 'false'
   3:6>ResolveAssemblyReferences:
             /usr/lib64/dotnet/packs/Microsoft.NETCore.App.Ref/8.0.22/ref/net8.0/System.Collections.NonGeneric.dll
   4:6>ResolveAssemblyReferences:
             /usr/lib64/dotnet/packs/Microsoft.NETCore.App.Ref/8.0.22/ref/net8.0/System.Threading.Timer.dll
                 Private = 'false'
   3:6>ResolveAssemblyReferences:
                 Private = 'false'
   4:6>ResolveAssemblyReferences:
             /usr/lib64/dotnet/packs/Microsoft.NETCore.App.Ref/8.0.22/ref/net8.0/System.Threading.dll
                 Private = 'false'
             /usr/lib64/dotnet/packs/Microsoft.NETCore.App.Ref/8.0.22/ref/net8.0/System.Transactions.Local.dll
   3:6>ResolveAssemblyReferences:
             /usr/lib64/dotnet/packs/Microsoft.NETCore.App.Ref/8.0.22/ref/net8.0/System.Collections.Specialized.dll
   4:6>ResolveAssemblyReferences:
                 Private = 'false'
             /usr/lib64/dotnet/packs/Microsoft.NETCore.App.Ref/8.0.22/ref/net8.0/System.Transactions.dll
   3:6>ResolveAssemblyReferences:
                 Private = 'false'
   4:6>ResolveAssemblyReferences:
                 Private = 'false'
             /usr/lib64/dotnet/packs/Microsoft.NETCore.App.Ref/8.0.22/ref/net8.0/System.ValueTuple.dll
                 Private = 'false'
   3:6>ResolveAssemblyReferences:
             /usr/lib64/dotnet/packs/Microsoft.NETCore.App.Ref/8.0.22/ref/net8.0/System.Collections.dll
   4:6>ResolveAssemblyReferences:
             /usr/lib64/dotnet/packs/Microsoft.NETCore.App.Ref/8.0.22/ref/net8.0/System.Web.HttpUtility.dll
                 Private = 'false'
             /usr/lib64/dotnet/packs/Microsoft.NETCore.App.Ref/8.0.22/ref/net8.0/System.Web.dll
   3:6>ResolveAssemblyReferences:
                 Private = 'false'
   4:6>ResolveAssemblyReferences:
                 Private = 'false'
             /usr/lib64/dotnet/packs/Microsoft.NETCore.App.Ref/8.0.22/ref/net8.0/System.Windows.dll
   3:6>ResolveAssemblyReferences:
             /usr/lib64/dotnet/packs/Microsoft.NETCore.App.Ref/8.0.22/ref/net8.0/System.ComponentModel.Annotations.dll
   4:6>ResolveAssemblyReferences:
                 Private = 'false'
             /usr/lib64/dotnet/packs/Microsoft.NETCore.App.Ref/8.0.22/ref/net8.0/System.Xml.Linq.dll
                 Private = 'false'
             /usr/lib64/dotnet/packs/Microsoft.NETCore.App.Ref/8.0.22/ref/net8.0/System.Xml.ReaderWriter.dll
   3:6>ResolveAssemblyReferences:
                 Private = 'false'
   4:6>ResolveAssemblyReferences:
                 Private = 'false'
             /usr/lib64/dotnet/packs/Microsoft.NETCore.App.Ref/8.0.22/ref/net8.0/System.Xml.Serialization.dll
                 Private = 'false'
   3:6>ResolveAssemblyReferences:
             /usr/lib64/dotnet/packs/Microsoft.NETCore.App.Ref/8.0.22/ref/net8.0/System.ComponentModel.DataAnnotations.dll
   4:6>ResolveAssemblyReferences:
             /usr/lib64/dotnet/packs/Microsoft.NETCore.App.Ref/8.0.22/ref/net8.0/System.Xml.XDocument.dll
                 Private = 'false'
             /usr/lib64/dotnet/packs/Microsoft.NETCore.App.Ref/8.0.22/ref/net8.0/System.Xml.XPath.XDocument.dll
                 Private = 'false'
   3:6>ResolveAssemblyReferences:
                 Private = 'false'
   4:6>ResolveAssemblyReferences:
             /usr/lib64/dotnet/packs/Microsoft.NETCore.App.Ref/8.0.22/ref/net8.0/System.Xml.XPath.dll
                 Private = 'false'
   3:6>ResolveAssemblyReferences:
             /usr/lib64/dotnet/packs/Microsoft.NETCore.App.Ref/8.0.22/ref/net8.0/System.ComponentModel.EventBasedAsync.dll
   4:6>ResolveAssemblyReferences:
             /usr/lib64/dotnet/packs/Microsoft.NETCore.App.Ref/8.0.22/ref/net8.0/System.Xml.XmlDocument.dll
                 Private = 'false'
             /usr/lib64/dotnet/packs/Microsoft.NETCore.App.Ref/8.0.22/ref/net8.0/System.Xml.XmlSerializer.dll
   3:6>ResolveAssemblyReferences:
                 Private = 'false'
   4:6>ResolveAssemblyReferences:
                 Private = 'false'
             /usr/lib64/dotnet/packs/Microsoft.NETCore.App.Ref/8.0.22/ref/net8.0/System.Xml.dll
                 Private = 'false'
   3:6>ResolveAssemblyReferences:
             /usr/lib64/dotnet/packs/Microsoft.NETCore.App.Ref/8.0.22/ref/net8.0/System.ComponentModel.Primitives.dll
   4:6>ResolveAssemblyReferences:
             /usr/lib64/dotnet/packs/Microsoft.NETCore.App.Ref/8.0.22/ref/net8.0/System.dll
                 Private = 'false'
   3:6>ResolveAssemblyReferences:
                 Private = 'false'
   4:6>ResolveAssemblyReferences:
             /usr/lib64/dotnet/packs/Microsoft.NETCore.App.Ref/8.0.22/ref/net8.0/WindowsBase.dll
                 Private = 'false'
             /usr/lib64/dotnet/packs/Microsoft.NETCore.App.Ref/8.0.22/ref/net8.0/mscorlib.dll
   3:6>ResolveAssemblyReferences:
             /usr/lib64/dotnet/packs/Microsoft.NETCore.App.Ref/8.0.22/ref/net8.0/System.ComponentModel.TypeConverter.dll
   4:6>ResolveAssemblyReferences:
                 Private = 'false'
             /usr/lib64/dotnet/packs/Microsoft.NETCore.App.Ref/8.0.22/ref/net8.0/netstandard.dll
                 Private = 'false'
   3:6>ResolveAssemblyReferences:
                 Private = 'false'
   4:6>ResolveAssemblyReferences:
             /usr/lib64/dotnet/packs/Microsoft.AspNetCore.App.Ref/8.0.22/ref/net8.0/Microsoft.AspNetCore.Antiforgery.dll
                 Private = 'false'
   3:6>ResolveAssemblyReferences:
             /usr/lib64/dotnet/packs/Microsoft.NETCore.App.Ref/8.0.22/ref/net8.0/System.ComponentModel.dll
   4:6>ResolveAssemblyReferences:
             /usr/lib64/dotnet/packs/Microsoft.AspNetCore.App.Ref/8.0.22/ref/net8.0/Microsoft.AspNetCore.Authentication.Abstractions.dll
                 Private = 'false'
   3:6>ResolveAssemblyReferences:
                 Private = 'false'
   4:6>ResolveAssemblyReferences:
             /usr/lib64/dotnet/packs/Microsoft.AspNetCore.App.Ref/8.0.22/ref/net8.0/Microsoft.AspNetCore.Authentication.BearerToken.dll
                 Private = 'false'
             /usr/lib64/dotnet/packs/Microsoft.AspNetCore.App.Ref/8.0.22/ref/net8.0/Microsoft.AspNetCore.Authentication.Cookies.dll
   3:6>ResolveAssemblyReferences:
             /usr/lib64/dotnet/packs/Microsoft.NETCore.App.Ref/8.0.22/ref/net8.0/System.Configuration.dll
   4:6>ResolveAssemblyReferences:
                 Private = 'false'
             /usr/lib64/dotnet/packs/Microsoft.AspNetCore.App.Ref/8.0.22/ref/net8.0/Microsoft.AspNetCore.Authentication.Core.dll
                 Private = 'false'
   3:6>ResolveAssemblyReferences:
                 Private = 'false'
   4:6>ResolveAssemblyReferences:
             /usr/lib64/dotnet/packs/Microsoft.AspNetCore.App.Ref/8.0.22/ref/net8.0/Microsoft.AspNetCore.Authentication.OAuth.dll
                 Private = 'false'
   3:6>ResolveAssemblyReferences:
             /usr/lib64/dotnet/packs/Microsoft.NETCore.App.Ref/8.0.22/ref/net8.0/System.Console.dll
   4:6>ResolveAssemblyReferences:
             /usr/lib64/dotnet/packs/Microsoft.AspNetCore.App.Ref/8.0.22/ref/net8.0/Microsoft.AspNetCore.Authentication.dll
                 Private = 'false'
             /usr/lib64/dotnet/packs/Microsoft.AspNetCore.App.Ref/8.0.22/ref/net8.0/Microsoft.AspNetCore.Authorization.Policy.dll
   3:6>ResolveAssemblyReferences:
                 Private = 'false'
   4:6>ResolveAssemblyReferences:
                 Private = 'false'
             /usr/lib64/dotnet/packs/Microsoft.AspNetCore.App.Ref/8.0.22/ref/net8.0/Microsoft.AspNetCore.Authorization.dll
   3:6>ResolveAssemblyReferences:
             /usr/lib64/dotnet/packs/Microsoft.NETCore.App.Ref/8.0.22/ref/net8.0/System.Core.dll
   4:6>ResolveAssemblyReferences:
                 Private = 'false'
             /usr/lib64/dotnet/packs/Microsoft.AspNetCore.App.Ref/8.0.22/ref/net8.0/Microsoft.AspNetCore.Components.Authorization.dll
                 Private = 'false'
   3:6>ResolveAssemblyReferences:
                 Private = 'false'
   4:6>ResolveAssemblyReferences:
             /usr/lib64/dotnet/packs/Microsoft.AspNetCore.App.Ref/8.0.22/ref/net8.0/Microsoft.AspNetCore.Components.Endpoints.dll
                 Private = 'false'
             /usr/lib64/dotnet/packs/Microsoft.AspNetCore.App.Ref/8.0.22/ref/net8.0/Microsoft.AspNetCore.Components.Forms.dll
   3:6>ResolveAssemblyReferences:
             /usr/lib64/dotnet/packs/Microsoft.NETCore.App.Ref/8.0.22/ref/net8.0/System.Data.Common.dll
   4:6>ResolveAssemblyReferences:
                 Private = 'false'
             /usr/lib64/dotnet/packs/Microsoft.AspNetCore.App.Ref/8.0.22/ref/net8.0/Microsoft.AspNetCore.Components.Server.dll
   3:6>ResolveAssemblyReferences:
                 Private = 'false'
   4:6>ResolveAssemblyReferences:
                 Private = 'false'
             /usr/lib64/dotnet/packs/Microsoft.AspNetCore.App.Ref/8.0.22/ref/net8.0/Microsoft.AspNetCore.Components.Web.dll
                 Private = 'false'
   3:6>ResolveAssemblyReferences:
             /usr/lib64/dotnet/packs/Microsoft.NETCore.App.Ref/8.0.22/ref/net8.0/System.Data.DataSetExtensions.dll
   4:6>ResolveAssemblyReferences:
             /usr/lib64/dotnet/packs/Microsoft.AspNetCore.App.Ref/8.0.22/ref/net8.0/Microsoft.AspNetCore.Components.dll
                 Private = 'false'
             /usr/lib64/dotnet/packs/Microsoft.AspNetCore.App.Ref/8.0.22/ref/net8.0/Microsoft.AspNetCore.Connections.Abstractions.dll
   3:6>ResolveAssemblyReferences:
                 Private = 'false'
   4:6>ResolveAssemblyReferences:
                 Private = 'false'
             /usr/lib64/dotnet/packs/Microsoft.AspNetCore.App.Ref/8.0.22/ref/net8.0/Microsoft.AspNetCore.CookiePolicy.dll
                 Private = 'false'
   3:6>ResolveAssemblyReferences:
             /usr/lib64/dotnet/packs/Microsoft.NETCore.App.Ref/8.0.22/ref/net8.0/System.Data.dll
   4:6>ResolveAssemblyReferences:
             /usr/lib64/dotnet/packs/Microsoft.AspNetCore.App.Ref/8.0.22/ref/net8.0/Microsoft.AspNetCore.Cors.dll
                 Private = 'false'
             /usr/lib64/dotnet/packs/Microsoft.AspNetCore.App.Ref/8.0.22/ref/net8.0/Microsoft.AspNetCore.Cryptography.Internal.dll
   3:6>ResolveAssemblyReferences:
                 Private = 'false'
   4:6>ResolveAssemblyReferences:
                 Private = 'false'
             /usr/lib64/dotnet/packs/Microsoft.AspNetCore.App.Ref/8.0.22/ref/net8.0/Microsoft.AspNetCore.Cryptography.KeyDerivation.dll
                 Private = 'false'
   3:6>ResolveAssemblyReferences:
             /usr/lib64/dotnet/packs/Microsoft.NETCore.App.Ref/8.0.22/ref/net8.0/System.Diagnostics.Contracts.dll
   4:6>ResolveAssemblyReferences:
             /usr/lib64/dotnet/packs/Microsoft.AspNetCore.App.Ref/8.0.22/ref/net8.0/Microsoft.AspNetCore.DataProtection.Abstractions.dll
                 Private = 'false'
             /usr/lib64/dotnet/packs/Microsoft.AspNetCore.App.Ref/8.0.22/ref/net8.0/Microsoft.AspNetCore.DataProtection.Extensions.dll
   3:6>ResolveAssemblyReferences:
                 Private = 'false'
   4:6>ResolveAssemblyReferences:
                 Private = 'false'
             /usr/lib64/dotnet/packs/Microsoft.AspNetCore.App.Ref/8.0.22/ref/net8.0/Microsoft.AspNetCore.DataProtection.dll
                 Private = 'false'
   3:6>ResolveAssemblyReferences:
             /usr/lib64/dotnet/packs/Microsoft.NETCore.App.Ref/8.0.22/ref/net8.0/System.Diagnostics.Debug.dll
   4:6>ResolveAssemblyReferences:
             /usr/lib64/dotnet/packs/Microsoft.AspNetCore.App.Ref/8.0.22/ref/net8.0/Microsoft.AspNetCore.Diagnostics.Abstractions.dll
                 Private = 'false'
             /usr/lib64/dotnet/packs/Microsoft.AspNetCore.App.Ref/8.0.22/ref/net8.0/Microsoft.AspNetCore.Diagnostics.HealthChecks.dll
   3:6>ResolveAssemblyReferences:
                 Private = 'false'
   4:6>ResolveAssemblyReferences:
                 Private = 'false'
             /usr/lib64/dotnet/packs/Microsoft.AspNetCore.App.Ref/8.0.22/ref/net8.0/Microsoft.AspNetCore.Diagnostics.dll
   3:6>ResolveAssemblyReferences:
             /usr/lib64/dotnet/packs/Microsoft.NETCore.App.Ref/8.0.22/ref/net8.0/System.Diagnostics.DiagnosticSource.dll
   4:6>ResolveAssemblyReferences:
                 Private = 'false'
             /usr/lib64/dotnet/packs/Microsoft.AspNetCore.App.Ref/8.0.22/ref/net8.0/Microsoft.AspNetCore.HostFiltering.dll
                 Private = 'false'
   3:6>ResolveAssemblyReferences:
                 Private = 'false'
   4:6>ResolveAssemblyReferences:
             /usr/lib64/dotnet/packs/Microsoft.AspNetCore.App.Ref/8.0.22/ref/net8.0/Microsoft.AspNetCore.Hosting.Abstractions.dll
                 Private = 'false'
   3:6>ResolveAssemblyReferences:
             /usr/lib64/dotnet/packs/Microsoft.NETCore.App.Ref/8.0.22/ref/net8.0/System.Diagnostics.FileVersionInfo.dll
   4:6>ResolveAssemblyReferences:
             /usr/lib64/dotnet/packs/Microsoft.AspNetCore.App.Ref/8.0.22/ref/net8.0/Microsoft.AspNetCore.Hosting.Server.Abstractions.dll
                 Private = 'false'
             /usr/lib64/dotnet/packs/Microsoft.AspNetCore.App.Ref/8.0.22/ref/net8.0/Microsoft.AspNetCore.Hosting.dll
   3:6>ResolveAssemblyReferences:
                 Private = 'false'
   4:6>ResolveAssemblyReferences:
                 Private = 'false'
             /usr/lib64/dotnet/packs/Microsoft.AspNetCore.App.Ref/8.0.22/ref/net8.0/Microsoft.AspNetCore.Html.Abstractions.dll
                 Private = 'false'
   3:6>ResolveAssemblyReferences:
             /usr/lib64/dotnet/packs/Microsoft.NETCore.App.Ref/8.0.22/ref/net8.0/System.Diagnostics.Process.dll
   4:6>ResolveAssemblyReferences:
             /usr/lib64/dotnet/packs/Microsoft.AspNetCore.App.Ref/8.0.22/ref/net8.0/Microsoft.AspNetCore.Http.Abstractions.dll
                 Private = 'false'
             /usr/lib64/dotnet/packs/Microsoft.AspNetCore.App.Ref/8.0.22/ref/net8.0/Microsoft.AspNetCore.Http.Connections.Common.dll
   3:6>ResolveAssemblyReferences:
                 Private = 'false'
   4:6>ResolveAssemblyReferences:
                 Private = 'false'
             /usr/lib64/dotnet/packs/Microsoft.AspNetCore.App.Ref/8.0.22/ref/net8.0/Microsoft.AspNetCore.Http.Connections.dll
                 Private = 'false'
   3:6>ResolveAssemblyReferences:
             /usr/lib64/dotnet/packs/Microsoft.NETCore.App.Ref/8.0.22/ref/net8.0/System.Diagnostics.StackTrace.dll
   4:6>ResolveAssemblyReferences:
             /usr/lib64/dotnet/packs/Microsoft.AspNetCore.App.Ref/8.0.22/ref/net8.0/Microsoft.AspNetCore.Http.Extensions.dll
                 Private = 'false'
             /usr/lib64/dotnet/packs/Microsoft.AspNetCore.App.Ref/8.0.22/ref/net8.0/Microsoft.AspNetCore.Http.Features.dll
   3:6>ResolveAssemblyReferences:
                 Private = 'false'
   4:6>ResolveAssemblyReferences:
                 Private = 'false'
             /usr/lib64/dotnet/packs/Microsoft.AspNetCore.App.Ref/8.0.22/ref/net8.0/Microsoft.AspNetCore.Http.Results.dll
                 Private = 'false'
   3:6>ResolveAssemblyReferences:
             /usr/lib64/dotnet/packs/Microsoft.NETCore.App.Ref/8.0.22/ref/net8.0/System.Diagnostics.TextWriterTraceListener.dll
   4:6>ResolveAssemblyReferences:
             /usr/lib64/dotnet/packs/Microsoft.AspNetCore.App.Ref/8.0.22/ref/net8.0/Microsoft.AspNetCore.Http.dll
                 Private = 'false'
             /usr/lib64/dotnet/packs/Microsoft.AspNetCore.App.Ref/8.0.22/ref/net8.0/Microsoft.AspNetCore.HttpLogging.dll
   3:6>ResolveAssemblyReferences:
                 Private = 'false'
   4:6>ResolveAssemblyReferences:
                 Private = 'false'
             /usr/lib64/dotnet/packs/Microsoft.AspNetCore.App.Ref/8.0.22/ref/net8.0/Microsoft.AspNetCore.HttpOverrides.dll
                 Private = 'false'
   3:6>ResolveAssemblyReferences:
             /usr/lib64/dotnet/packs/Microsoft.NETCore.App.Ref/8.0.22/ref/net8.0/System.Diagnostics.Tools.dll
   4:6>ResolveAssemblyReferences:
             /usr/lib64/dotnet/packs/Microsoft.AspNetCore.App.Ref/8.0.22/ref/net8.0/Microsoft.AspNetCore.HttpsPolicy.dll
                 Private = 'false'
             /usr/lib64/dotnet/packs/Microsoft.AspNetCore.App.Ref/8.0.22/ref/net8.0/Microsoft.AspNetCore.Identity.dll
   3:6>ResolveAssemblyReferences:
                 Private = 'false'
   4:6>ResolveAssemblyReferences:
                 Private = 'false'
             /usr/lib64/dotnet/packs/Microsoft.AspNetCore.App.Ref/8.0.22/ref/net8.0/Microsoft.AspNetCore.Localization.Routing.dll
                 Private = 'false'
   3:6>ResolveAssemblyReferences:
             /usr/lib64/dotnet/packs/Microsoft.NETCore.App.Ref/8.0.22/ref/net8.0/System.Diagnostics.TraceSource.dll
   4:6>ResolveAssemblyReferences:
             /usr/lib64/dotnet/packs/Microsoft.AspNetCore.App.Ref/8.0.22/ref/net8.0/Microsoft.AspNetCore.Localization.dll
                 Private = 'false'
             /usr/lib64/dotnet/packs/Microsoft.AspNetCore.App.Ref/8.0.22/ref/net8.0/Microsoft.AspNetCore.Metadata.dll
   3:6>ResolveAssemblyReferences:
                 Private = 'false'
   4:6>ResolveAssemblyReferences:
                 Private = 'false'
             /usr/lib64/dotnet/packs/Microsoft.AspNetCore.App.Ref/8.0.22/ref/net8.0/Microsoft.AspNetCore.Mvc.Abstractions.dll
                 Private = 'false'
             /usr/lib64/dotnet/packs/Microsoft.AspNetCore.App.Ref/8.0.22/ref/net8.0/Microsoft.AspNetCore.Mvc.ApiExplorer.dll
                 Private = 'false'
             /usr/lib64/dotnet/packs/Microsoft.AspNetCore.App.Ref/8.0.22/ref/net8.0/Microsoft.AspNetCore.Mvc.Core.dll
                 Private = 'false'
   3:6>ResolveAssemblyReferences:
             /usr/lib64/dotnet/packs/Microsoft.NETCore.App.Ref/8.0.22/ref/net8.0/System.Diagnostics.Tracing.dll
   4:6>ResolveAssemblyReferences:
             /usr/lib64/dotnet/packs/Microsoft.AspNetCore.App.Ref/8.0.22/ref/net8.0/Microsoft.AspNetCore.Mvc.Cors.dll
                 Private = 'false'
             /usr/lib64/dotnet/packs/Microsoft.AspNetCore.App.Ref/8.0.22/ref/net8.0/Microsoft.AspNetCore.Mvc.DataAnnotations.dll
   3:6>ResolveAssemblyReferences:
                 Private = 'false'
   4:6>ResolveAssemblyReferences:
                 Private = 'false'
             /usr/lib64/dotnet/packs/Microsoft.AspNetCore.App.Ref/8.0.22/ref/net8.0/Microsoft.AspNetCore.Mvc.Formatters.Json.dll
                 Private = 'false'
             /usr/lib64/dotnet/packs/Microsoft.AspNetCore.App.Ref/8.0.22/ref/net8.0/Microsoft.AspNetCore.Mvc.Formatters.Xml.dll
   3:6>ResolveAssemblyReferences:
             /usr/lib64/dotnet/packs/Microsoft.NETCore.App.Ref/8.0.22/ref/net8.0/System.Drawing.Primitives.dll
   4:6>ResolveAssemblyReferences:
                 Private = 'false'
             /usr/lib64/dotnet/packs/Microsoft.AspNetCore.App.Ref/8.0.22/ref/net8.0/Microsoft.AspNetCore.Mvc.Localization.dll
                 Private = 'false'
   3:6>ResolveAssemblyReferences:
                 Private = 'false'
   4:6>ResolveAssemblyReferences:
             /usr/lib64/dotnet/packs/Microsoft.AspNetCore.App.Ref/8.0.22/ref/net8.0/Microsoft.AspNetCore.Mvc.Razor.dll
                 Private = 'false'
             /usr/lib64/dotnet/packs/Microsoft.AspNetCore.App.Ref/8.0.22/ref/net8.0/Microsoft.AspNetCore.Mvc.RazorPages.dll
   3:6>ResolveAssemblyReferences:
             /usr/lib64/dotnet/packs/Microsoft.NETCore.App.Ref/8.0.22/ref/net8.0/System.Drawing.dll
   4:6>ResolveAssemblyReferences:
                 Private = 'false'
             /usr/lib64/dotnet/packs/Microsoft.AspNetCore.App.Ref/8.0.22/ref/net8.0/Microsoft.AspNetCore.Mvc.TagHelpers.dll
                 Private = 'false'
   3:6>ResolveAssemblyReferences:
                 Private = 'false'
   4:6>ResolveAssemblyReferences:
             /usr/lib64/dotnet/packs/Microsoft.AspNetCore.App.Ref/8.0.22/ref/net8.0/Microsoft.AspNetCore.Mvc.ViewFeatures.dll
                 Private = 'false'
             /usr/lib64/dotnet/packs/Microsoft.AspNetCore.App.Ref/8.0.22/ref/net8.0/Microsoft.AspNetCore.Mvc.dll
   3:6>ResolveAssemblyReferences:
             /usr/lib64/dotnet/packs/Microsoft.NETCore.App.Ref/8.0.22/ref/net8.0/System.Dynamic.Runtime.dll
   4:6>ResolveAssemblyReferences:
                 Private = 'false'
             /usr/lib64/dotnet/packs/Microsoft.AspNetCore.App.Ref/8.0.22/ref/net8.0/Microsoft.AspNetCore.OutputCaching.dll
                 Private = 'false'
   3:6>ResolveAssemblyReferences:
                 Private = 'false'
   4:6>ResolveAssemblyReferences:
             /usr/lib64/dotnet/packs/Microsoft.AspNetCore.App.Ref/8.0.22/ref/net8.0/Microsoft.AspNetCore.RateLimiting.dll
                 Private = 'false'
             /usr/lib64/dotnet/packs/Microsoft.AspNetCore.App.Ref/8.0.22/ref/net8.0/Microsoft.AspNetCore.Razor.Runtime.dll
   3:6>ResolveAssemblyReferences:
             /usr/lib64/dotnet/packs/Microsoft.NETCore.App.Ref/8.0.22/ref/net8.0/System.Formats.Asn1.dll
   4:6>ResolveAssemblyReferences:
                 Private = 'false'
             /usr/lib64/dotnet/packs/Microsoft.AspNetCore.App.Ref/8.0.22/ref/net8.0/Microsoft.AspNetCore.Razor.dll
                 Private = 'false'
   3:6>ResolveAssemblyReferences:
                 Private = 'false'
   4:6>ResolveAssemblyReferences:
             /usr/lib64/dotnet/packs/Microsoft.AspNetCore.App.Ref/8.0.22/ref/net8.0/Microsoft.AspNetCore.RequestDecompression.dll
                 Private = 'false'
             /usr/lib64/dotnet/packs/Microsoft.AspNetCore.App.Ref/8.0.22/ref/net8.0/Microsoft.AspNetCore.ResponseCaching.Abstractions.dll
   3:6>ResolveAssemblyReferences:
             /usr/lib64/dotnet/packs/Microsoft.NETCore.App.Ref/8.0.22/ref/net8.0/System.Formats.Tar.dll
   4:6>ResolveAssemblyReferences:
                 Private = 'false'
             /usr/lib64/dotnet/packs/Microsoft.AspNetCore.App.Ref/8.0.22/ref/net8.0/Microsoft.AspNetCore.ResponseCaching.dll
   3:6>ResolveAssemblyReferences:
                 Private = 'false'
   4:6>ResolveAssemblyReferences:
                 Private = 'false'
             /usr/lib64/dotnet/packs/Microsoft.AspNetCore.App.Ref/8.0.22/ref/net8.0/Microsoft.AspNetCore.ResponseCompression.dll
                 Private = 'false'
   3:6>ResolveAssemblyReferences:
             /usr/lib64/dotnet/packs/Microsoft.NETCore.App.Ref/8.0.22/ref/net8.0/System.Globalization.Calendars.dll
   4:6>ResolveAssemblyReferences:
             /usr/lib64/dotnet/packs/Microsoft.AspNetCore.App.Ref/8.0.22/ref/net8.0/Microsoft.AspNetCore.Rewrite.dll
                 Private = 'false'
             /usr/lib64/dotnet/packs/Microsoft.AspNetCore.App.Ref/8.0.22/ref/net8.0/Microsoft.AspNetCore.Routing.Abstractions.dll
   3:6>ResolveAssemblyReferences:
                 Private = 'false'
   4:6>ResolveAssemblyReferences:
                 Private = 'false'
             /usr/lib64/dotnet/packs/Microsoft.AspNetCore.App.Ref/8.0.22/ref/net8.0/Microsoft.AspNetCore.Routing.dll
                 Private = 'false'
   3:6>ResolveAssemblyReferences:
             /usr/lib64/dotnet/packs/Microsoft.NETCore.App.Ref/8.0.22/ref/net8.0/System.Globalization.Extensions.dll
   4:6>ResolveAssemblyReferences:
             /usr/lib64/dotnet/packs/Microsoft.AspNetCore.App.Ref/8.0.22/ref/net8.0/Microsoft.AspNetCore.Server.HttpSys.dll
                 Private = 'false'
             /usr/lib64/dotnet/packs/Microsoft.AspNetCore.App.Ref/8.0.22/ref/net8.0/Microsoft.AspNetCore.Server.IIS.dll
   3:6>ResolveAssemblyReferences:
                 Private = 'false'
   4:6>ResolveAssemblyReferences:
                 Private = 'false'
             /usr/lib64/dotnet/packs/Microsoft.AspNetCore.App.Ref/8.0.22/ref/net8.0/Microsoft.AspNetCore.Server.IISIntegration.dll
                 Private = 'false'
   3:6>ResolveAssemblyReferences:
             /usr/lib64/dotnet/packs/Microsoft.NETCore.App.Ref/8.0.22/ref/net8.0/System.Globalization.dll
   4:6>ResolveAssemblyReferences:
             /usr/lib64/dotnet/packs/Microsoft.AspNetCore.App.Ref/8.0.22/ref/net8.0/Microsoft.AspNetCore.Server.Kestrel.Core.dll
                 Private = 'false'
             /usr/lib64/dotnet/packs/Microsoft.AspNetCore.App.Ref/8.0.22/ref/net8.0/Microsoft.AspNetCore.Server.Kestrel.Transport.NamedPipes.dll
   3:6>ResolveAssemblyReferences:
                 Private = 'false'
   4:6>ResolveAssemblyReferences:
                 Private = 'false'
             /usr/lib64/dotnet/packs/Microsoft.AspNetCore.App.Ref/8.0.22/ref/net8.0/Microsoft.AspNetCore.Server.Kestrel.Transport.Quic.dll
                 Private = 'false'
   3:6>ResolveAssemblyReferences:
             /usr/lib64/dotnet/packs/Microsoft.NETCore.App.Ref/8.0.22/ref/net8.0/System.IO.Compression.Brotli.dll
   4:6>ResolveAssemblyReferences:
             /usr/lib64/dotnet/packs/Microsoft.AspNetCore.App.Ref/8.0.22/ref/net8.0/Microsoft.AspNetCore.Server.Kestrel.Transport.Sockets.dll
                 Private = 'false'
             /usr/lib64/dotnet/packs/Microsoft.AspNetCore.App.Ref/8.0.22/ref/net8.0/Microsoft.AspNetCore.Server.Kestrel.dll
   3:6>ResolveAssemblyReferences:
                 Private = 'false'
   4:6>ResolveAssemblyReferences:
                 Private = 'false'
             /usr/lib64/dotnet/packs/Microsoft.AspNetCore.App.Ref/8.0.22/ref/net8.0/Microsoft.AspNetCore.Session.dll
                 Private = 'false'
   3:6>ResolveAssemblyReferences:
             /usr/lib64/dotnet/packs/Microsoft.NETCore.App.Ref/8.0.22/ref/net8.0/System.IO.Compression.FileSystem.dll
   4:6>ResolveAssemblyReferences:
             /usr/lib64/dotnet/packs/Microsoft.AspNetCore.App.Ref/8.0.22/ref/net8.0/Microsoft.AspNetCore.SignalR.Common.dll
                 Private = 'false'
             /usr/lib64/dotnet/packs/Microsoft.AspNetCore.App.Ref/8.0.22/ref/net8.0/Microsoft.AspNetCore.SignalR.Core.dll
   3:6>ResolveAssemblyReferences:
                 Private = 'false'
   4:6>ResolveAssemblyReferences:
                 Private = 'false'
             /usr/lib64/dotnet/packs/Microsoft.AspNetCore.App.Ref/8.0.22/ref/net8.0/Microsoft.AspNetCore.SignalR.Protocols.Json.dll
                 Private = 'false'
   3:6>ResolveAssemblyReferences:
             /usr/lib64/dotnet/packs/Microsoft.NETCore.App.Ref/8.0.22/ref/net8.0/System.IO.Compression.ZipFile.dll
   4:6>ResolveAssemblyReferences:
             /usr/lib64/dotnet/packs/Microsoft.AspNetCore.App.Ref/8.0.22/ref/net8.0/Microsoft.AspNetCore.SignalR.dll
                 Private = 'false'
             /usr/lib64/dotnet/packs/Microsoft.AspNetCore.App.Ref/8.0.22/ref/net8.0/Microsoft.AspNetCore.StaticFiles.dll
   3:6>ResolveAssemblyReferences:
                 Private = 'false'
   4:6>ResolveAssemblyReferences:
                 Private = 'false'
   3:6>ResolveAssemblyReferences:
             /usr/lib64/dotnet/packs/Microsoft.NETCore.App.Ref/8.0.22/ref/net8.0/System.IO.Compression.dll
   4:6>ResolveAssemblyReferences:
             /usr/lib64/dotnet/packs/Microsoft.AspNetCore.App.Ref/8.0.22/ref/net8.0/Microsoft.AspNetCore.WebSockets.dll
                 Private = 'false'
             /usr/lib64/dotnet/packs/Microsoft.AspNetCore.App.Ref/8.0.22/ref/net8.0/Microsoft.AspNetCore.WebUtilities.dll
   3:6>ResolveAssemblyReferences:
                 Private = 'false'
   4:6>ResolveAssemblyReferences:
                 Private = 'false'
             /usr/lib64/dotnet/packs/Microsoft.AspNetCore.App.Ref/8.0.22/ref/net8.0/Microsoft.AspNetCore.dll
                 Private = 'false'
             /usr/lib64/dotnet/packs/Microsoft.AspNetCore.App.Ref/8.0.22/ref/net8.0/Microsoft.Extensions.Caching.Abstractions.dll
   3:6>ResolveAssemblyReferences:
             /usr/lib64/dotnet/packs/Microsoft.NETCore.App.Ref/8.0.22/ref/net8.0/System.IO.FileSystem.AccessControl.dll
   4:6>ResolveAssemblyReferences:
                 Private = 'false'
             /usr/lib64/dotnet/packs/Microsoft.AspNetCore.App.Ref/8.0.22/ref/net8.0/Microsoft.Extensions.Caching.Memory.dll
                 Private = 'false'
   3:6>ResolveAssemblyReferences:
                 Private = 'false'
   4:6>ResolveAssemblyReferences:
             /usr/lib64/dotnet/packs/Microsoft.AspNetCore.App.Ref/8.0.22/ref/net8.0/Microsoft.Extensions.Configuration.Abstractions.dll
                 Private = 'false'
             /usr/lib64/dotnet/packs/Microsoft.AspNetCore.App.Ref/8.0.22/ref/net8.0/Microsoft.Extensions.Configuration.Binder.dll
   3:6>ResolveAssemblyReferences:
             /usr/lib64/dotnet/packs/Microsoft.NETCore.App.Ref/8.0.22/ref/net8.0/System.IO.FileSystem.DriveInfo.dll
   4:6>ResolveAssemblyReferences:
                 Private = 'false'
             /usr/lib64/dotnet/packs/Microsoft.AspNetCore.App.Ref/8.0.22/ref/net8.0/Microsoft.Extensions.Configuration.CommandLine.dll
                 Private = 'false'
   3:6>ResolveAssemblyReferences:
                 Private = 'false'
   4:6>ResolveAssemblyReferences:
             /usr/lib64/dotnet/packs/Microsoft.AspNetCore.App.Ref/8.0.22/ref/net8.0/Microsoft.Extensions.Configuration.EnvironmentVariables.dll
                 Private = 'false'
             /usr/lib64/dotnet/packs/Microsoft.AspNetCore.App.Ref/8.0.22/ref/net8.0/Microsoft.Extensions.Configuration.FileExtensions.dll
   3:6>ResolveAssemblyReferences:
             /usr/lib64/dotnet/packs/Microsoft.NETCore.App.Ref/8.0.22/ref/net8.0/System.IO.FileSystem.Primitives.dll
   4:6>ResolveAssemblyReferences:
                 Private = 'false'
             /usr/lib64/dotnet/packs/Microsoft.AspNetCore.App.Ref/8.0.22/ref/net8.0/Microsoft.Extensions.Configuration.Ini.dll
                 Private = 'false'
   3:6>ResolveAssemblyReferences:
                 Private = 'false'
   4:6>ResolveAssemblyReferences:
             /usr/lib64/dotnet/packs/Microsoft.AspNetCore.App.Ref/8.0.22/ref/net8.0/Microsoft.Extensions.Configuration.Json.dll
                 Private = 'false'
             /usr/lib64/dotnet/packs/Microsoft.AspNetCore.App.Ref/8.0.22/ref/net8.0/Microsoft.Extensions.Configuration.KeyPerFile.dll
   3:6>ResolveAssemblyReferences:
             /usr/lib64/dotnet/packs/Microsoft.NETCore.App.Ref/8.0.22/ref/net8.0/System.IO.FileSystem.Watcher.dll
   4:6>ResolveAssemblyReferences:
                 Private = 'false'
             /usr/lib64/dotnet/packs/Microsoft.AspNetCore.App.Ref/8.0.22/ref/net8.0/Microsoft.Extensions.Configuration.UserSecrets.dll
                 Private = 'false'
   3:6>ResolveAssemblyReferences:
                 Private = 'false'
   4:6>ResolveAssemblyReferences:
             /usr/lib64/dotnet/packs/Microsoft.AspNetCore.App.Ref/8.0.22/ref/net8.0/Microsoft.Extensions.Configuration.Xml.dll
                 Private = 'false'
   3:6>ResolveAssemblyReferences:
             /usr/lib64/dotnet/packs/Microsoft.NETCore.App.Ref/8.0.22/ref/net8.0/System.IO.FileSystem.dll
   4:6>ResolveAssemblyReferences:
             /usr/lib64/dotnet/packs/Microsoft.AspNetCore.App.Ref/8.0.22/ref/net8.0/Microsoft.Extensions.Configuration.dll
                 Private = 'false'
             /usr/lib64/dotnet/packs/Microsoft.AspNetCore.App.Ref/8.0.22/ref/net8.0/Microsoft.Extensions.DependencyInjection.Abstractions.dll
   3:6>ResolveAssemblyReferences:
                 Private = 'false'
   4:6>ResolveAssemblyReferences:
                 Private = 'false'
             /usr/lib64/dotnet/packs/Microsoft.AspNetCore.App.Ref/8.0.22/ref/net8.0/Microsoft.Extensions.DependencyInjection.dll
   3:6>ResolveAssemblyReferences:
             /usr/lib64/dotnet/packs/Microsoft.NETCore.App.Ref/8.0.22/ref/net8.0/System.IO.IsolatedStorage.dll
   4:6>ResolveAssemblyReferences:
                 Private = 'false'
             /usr/lib64/dotnet/packs/Microsoft.AspNetCore.App.Ref/8.0.22/ref/net8.0/Microsoft.Extensions.Diagnostics.Abstractions.dll
                 Private = 'false'
   3:6>ResolveAssemblyReferences:
                 Private = 'false'
   4:6>ResolveAssemblyReferences:
             /usr/lib64/dotnet/packs/Microsoft.AspNetCore.App.Ref/8.0.22/ref/net8.0/Microsoft.Extensions.Diagnostics.HealthChecks.Abstractions.dll
                 Private = 'false'
             /usr/lib64/dotnet/packs/Microsoft.AspNetCore.App.Ref/8.0.22/ref/net8.0/Microsoft.Extensions.Diagnostics.HealthChecks.dll
   3:6>ResolveAssemblyReferences:
             /usr/lib64/dotnet/packs/Microsoft.NETCore.App.Ref/8.0.22/ref/net8.0/System.IO.MemoryMappedFiles.dll
   4:6>ResolveAssemblyReferences:
                 Private = 'false'
             /usr/lib64/dotnet/packs/Microsoft.AspNetCore.App.Ref/8.0.22/ref/net8.0/Microsoft.Extensions.Diagnostics.dll
                 Private = 'false'
   3:6>ResolveAssemblyReferences:
                 Private = 'false'
   4:6>ResolveAssemblyReferences:
             /usr/lib64/dotnet/packs/Microsoft.AspNetCore.App.Ref/8.0.22/ref/net8.0/Microsoft.Extensions.Features.dll
                 Private = 'false'
             /usr/lib64/dotnet/packs/Microsoft.AspNetCore.App.Ref/8.0.22/ref/net8.0/Microsoft.Extensions.FileProviders.Abstractions.dll
   3:6>ResolveAssemblyReferences:
             /usr/lib64/dotnet/packs/Microsoft.NETCore.App.Ref/8.0.22/ref/net8.0/System.IO.Pipes.AccessControl.dll
   4:6>ResolveAssemblyReferences:
                 Private = 'false'
             /usr/lib64/dotnet/packs/Microsoft.AspNetCore.App.Ref/8.0.22/ref/net8.0/Microsoft.Extensions.FileProviders.Composite.dll
                 Private = 'false'
   3:6>ResolveAssemblyReferences:
                 Private = 'false'
   4:6>ResolveAssemblyReferences:
             /usr/lib64/dotnet/packs/Microsoft.AspNetCore.App.Ref/8.0.22/ref/net8.0/Microsoft.Extensions.FileProviders.Embedded.dll
                 Private = 'false'
             /usr/lib64/dotnet/packs/Microsoft.AspNetCore.App.Ref/8.0.22/ref/net8.0/Microsoft.Extensions.FileProviders.Physical.dll
   3:6>ResolveAssemblyReferences:
             /usr/lib64/dotnet/packs/Microsoft.NETCore.App.Ref/8.0.22/ref/net8.0/System.IO.Pipes.dll
   4:6>ResolveAssemblyReferences:
                 Private = 'false'
             /usr/lib64/dotnet/packs/Microsoft.AspNetCore.App.Ref/8.0.22/ref/net8.0/Microsoft.Extensions.FileSystemGlobbing.dll
   3:6>ResolveAssemblyReferences:
                 Private = 'false'
   4:6>ResolveAssemblyReferences:
                 Private = 'false'
             /usr/lib64/dotnet/packs/Microsoft.AspNetCore.App.Ref/8.0.22/ref/net8.0/Microsoft.Extensions.Hosting.Abstractions.dll
                 Private = 'false'
   3:6>ResolveAssemblyReferences:
             /usr/lib64/dotnet/packs/Microsoft.NETCore.App.Ref/8.0.22/ref/net8.0/System.IO.UnmanagedMemoryStream.dll
   4:6>ResolveAssemblyReferences:
             /usr/lib64/dotnet/packs/Microsoft.AspNetCore.App.Ref/8.0.22/ref/net8.0/Microsoft.Extensions.Hosting.dll
                 Private = 'false'
             /usr/lib64/dotnet/packs/Microsoft.AspNetCore.App.Ref/8.0.22/ref/net8.0/Microsoft.Extensions.Http.dll
   3:6>ResolveAssemblyReferences:
                 Private = 'false'
   4:6>ResolveAssemblyReferences:
                 Private = 'false'
             /usr/lib64/dotnet/packs/Microsoft.AspNetCore.App.Ref/8.0.22/ref/net8.0/Microsoft.Extensions.Identity.Core.dll
                 Private = 'false'
   3:6>ResolveAssemblyReferences:
             /usr/lib64/dotnet/packs/Microsoft.NETCore.App.Ref/8.0.22/ref/net8.0/System.IO.dll
   4:6>ResolveAssemblyReferences:
             /usr/lib64/dotnet/packs/Microsoft.AspNetCore.App.Ref/8.0.22/ref/net8.0/Microsoft.Extensions.Identity.Stores.dll
                 Private = 'false'
             /usr/lib64/dotnet/packs/Microsoft.AspNetCore.App.Ref/8.0.22/ref/net8.0/Microsoft.Extensions.Localization.Abstractions.dll
   3:6>ResolveAssemblyReferences:
                 Private = 'false'
   4:6>ResolveAssemblyReferences:
                 Private = 'false'
             /usr/lib64/dotnet/packs/Microsoft.AspNetCore.App.Ref/8.0.22/ref/net8.0/Microsoft.Extensions.Localization.dll
                 Private = 'false'
   3:6>ResolveAssemblyReferences:
             /usr/lib64/dotnet/packs/Microsoft.NETCore.App.Ref/8.0.22/ref/net8.0/System.Linq.Expressions.dll
   4:6>ResolveAssemblyReferences:
             /usr/lib64/dotnet/packs/Microsoft.AspNetCore.App.Ref/8.0.22/ref/net8.0/Microsoft.Extensions.Logging.Abstractions.dll
                 Private = 'false'
             /usr/lib64/dotnet/packs/Microsoft.AspNetCore.App.Ref/8.0.22/ref/net8.0/Microsoft.Extensions.Logging.Configuration.dll
   3:6>ResolveAssemblyReferences:
                 Private = 'false'
   4:6>ResolveAssemblyReferences:
                 Private = 'false'
             /usr/lib64/dotnet/packs/Microsoft.AspNetCore.App.Ref/8.0.22/ref/net8.0/Microsoft.Extensions.Logging.Console.dll
                 Private = 'false'
   3:6>ResolveAssemblyReferences:
             /usr/lib64/dotnet/packs/Microsoft.NETCore.App.Ref/8.0.22/ref/net8.0/System.Linq.Parallel.dll
   4:6>ResolveAssemblyReferences:
             /usr/lib64/dotnet/packs/Microsoft.AspNetCore.App.Ref/8.0.22/ref/net8.0/Microsoft.Extensions.Logging.Debug.dll
                 Private = 'false'
             /usr/lib64/dotnet/packs/Microsoft.AspNetCore.App.Ref/8.0.22/ref/net8.0/Microsoft.Extensions.Logging.EventLog.dll
   3:6>ResolveAssemblyReferences:
                 Private = 'false'
   4:6>ResolveAssemblyReferences:
                 Private = 'false'
             /usr/lib64/dotnet/packs/Microsoft.AspNetCore.App.Ref/8.0.22/ref/net8.0/Microsoft.Extensions.Logging.EventSource.dll
                 Private = 'false'
   3:6>ResolveAssemblyReferences:
             /usr/lib64/dotnet/packs/Microsoft.NETCore.App.Ref/8.0.22/ref/net8.0/System.Linq.Queryable.dll
   4:6>ResolveAssemblyReferences:
             /usr/lib64/dotnet/packs/Microsoft.AspNetCore.App.Ref/8.0.22/ref/net8.0/Microsoft.Extensions.Logging.TraceSource.dll
                 Private = 'false'
             /usr/lib64/dotnet/packs/Microsoft.AspNetCore.App.Ref/8.0.22/ref/net8.0/Microsoft.Extensions.Logging.dll
   3:6>ResolveAssemblyReferences:
                 Private = 'false'
   4:6>ResolveAssemblyReferences:
                 Private = 'false'
             /usr/lib64/dotnet/packs/Microsoft.AspNetCore.App.Ref/8.0.22/ref/net8.0/Microsoft.Extensions.ObjectPool.dll
                 Private = 'false'
   3:6>ResolveAssemblyReferences:
             /usr/lib64/dotnet/packs/Microsoft.NETCore.App.Ref/8.0.22/ref/net8.0/System.Linq.dll
   4:6>ResolveAssemblyReferences:
             /usr/lib64/dotnet/packs/Microsoft.AspNetCore.App.Ref/8.0.22/ref/net8.0/Microsoft.Extensions.Options.ConfigurationExtensions.dll
                 Private = 'false'
             /usr/lib64/dotnet/packs/Microsoft.AspNetCore.App.Ref/8.0.22/ref/net8.0/Microsoft.Extensions.Options.DataAnnotations.dll
   3:6>ResolveAssemblyReferences:
                 Private = 'false'
   4:6>ResolveAssemblyReferences:
                 Private = 'false'
             /usr/lib64/dotnet/packs/Microsoft.AspNetCore.App.Ref/8.0.22/ref/net8.0/Microsoft.Extensions.Options.dll
                 Private = 'false'
   3:6>ResolveAssemblyReferences:
             /usr/lib64/dotnet/packs/Microsoft.NETCore.App.Ref/8.0.22/ref/net8.0/System.Memory.dll
   4:6>ResolveAssemblyReferences:
             /usr/lib64/dotnet/packs/Microsoft.AspNetCore.App.Ref/8.0.22/ref/net8.0/Microsoft.Extensions.Primitives.dll
                 Private = 'false'
             /usr/lib64/dotnet/packs/Microsoft.AspNetCore.App.Ref/8.0.22/ref/net8.0/Microsoft.Extensions.WebEncoders.dll
   3:6>ResolveAssemblyReferences:
                 Private = 'false'
   4:6>ResolveAssemblyReferences:
                 Private = 'false'
             /usr/lib64/dotnet/packs/Microsoft.AspNetCore.App.Ref/8.0.22/ref/net8.0/Microsoft.JSInterop.dll
                 Private = 'false'
   3:6>ResolveAssemblyReferences:
             /usr/lib64/dotnet/packs/Microsoft.NETCore.App.Ref/8.0.22/ref/net8.0/System.Net.Http.Json.dll
   4:6>ResolveAssemblyReferences:
             /usr/lib64/dotnet/packs/Microsoft.AspNetCore.App.Ref/8.0.22/ref/net8.0/Microsoft.Net.Http.Headers.dll
                 Private = 'false'
             /usr/lib64/dotnet/packs/Microsoft.AspNetCore.App.Ref/8.0.22/ref/net8.0/System.Diagnostics.EventLog.dll
   3:6>ResolveAssemblyReferences:
                 Private = 'false'
   4:6>ResolveAssemblyReferences:
                 Private = 'false'
             /usr/lib64/dotnet/packs/Microsoft.AspNetCore.App.Ref/8.0.22/ref/net8.0/System.IO.Pipelines.dll
                 Private = 'false'
             /usr/lib64/dotnet/packs/Microsoft.AspNetCore.App.Ref/8.0.22/ref/net8.0/System.Security.Cryptography.Xml.dll
   3:6>ResolveAssemblyReferences:
             /usr/lib64/dotnet/packs/Microsoft.NETCore.App.Ref/8.0.22/ref/net8.0/System.Net.Http.dll
   4:6>ResolveAssemblyReferences:
                 Private = 'false'
             /usr/lib64/dotnet/packs/Microsoft.AspNetCore.App.Ref/8.0.22/ref/net8.0/System.Threading.RateLimiting.dll
                 Private = 'false'
   3:6>ResolveAssemblyReferences:
                 Private = 'false'
   4:6>ResolveAssemblyReferences:
         AssemblyFiles:
             /home/baturhan/Projeler/Entegrasyon/Shared/Shared/bin/Debug/net8.0/Shared.dll
             /home/baturhan/Projeler/Entegrasyon/Application/Entegrasyon.Business/bin/Debug/net8.0/Entegrasyon.Business.dll
   3:6>ResolveAssemblyReferences:
             /usr/lib64/dotnet/packs/Microsoft.NETCore.App.Ref/8.0.22/ref/net8.0/System.Net.HttpListener.dll
   4:6>ResolveAssemblyReferences:
             /home/baturhan/Projeler/Entegrasyon/Application/Entegrasyon.DataAccess/bin/Debug/net8.0/Entegrasyon.DataAccess.dll
             /home/baturhan/Projeler/Entegrasyon/Application/Entegrasyon.Entity/bin/Debug/net8.0/Entegrasyon.Entity.dll
             /home/baturhan/Projeler/Entegrasyon/Application/Entegrasyon.MessageQueue.Commands/bin/Debug/net8.0/Entegrasyon.MessageQueue.Commands.dll
   3:6>ResolveAssemblyReferences:
                 Private = 'false'
   4:6>ResolveAssemblyReferences:
         CandidateAssemblyFiles:
         TargetFrameworkDirectories:
             
   3:6>ResolveAssemblyReferences:
             /usr/lib64/dotnet/packs/Microsoft.NETCore.App.Ref/8.0.22/ref/net8.0/System.Net.Mail.dll
   4:6>ResolveAssemblyReferences:
         NonCultureResourceDirectories:
             
         InstalledAssemblyTables:
   3:6>ResolveAssemblyReferences:
                 Private = 'false'
   4:6>ResolveAssemblyReferences:
         IgnoreInstalledAssemblyTable:
             False
         SearchPaths:
             {CandidateAssemblyFiles}
   3:6>ResolveAssemblyReferences:
             /usr/lib64/dotnet/packs/Microsoft.NETCore.App.Ref/8.0.22/ref/net8.0/System.Net.NameResolution.dll
   4:6>ResolveAssemblyReferences:
             {HintPathFromItem}
             {TargetFrameworkDirectory}
             {RawFileName}
   3:6>ResolveAssemblyReferences:
                 Private = 'false'
   4:6>ResolveAssemblyReferences:
         AllowedAssemblyExtensions:
             .winmd
             .dll
   3:6>ResolveAssemblyReferences:
             /usr/lib64/dotnet/packs/Microsoft.NETCore.App.Ref/8.0.22/ref/net8.0/System.Net.NetworkInformation.dll
   4:6>ResolveAssemblyReferences:
             .exe
         AllowedRelatedFileExtensions:
             .pdb
   3:6>ResolveAssemblyReferences:
                 Private = 'false'
   4:6>ResolveAssemblyReferences:
             .xml
             .pri
             .dll.config
   3:6>ResolveAssemblyReferences:
             /usr/lib64/dotnet/packs/Microsoft.NETCore.App.Ref/8.0.22/ref/net8.0/System.Net.Ping.dll
   4:6>ResolveAssemblyReferences:
             .exe.config
         AppConfigFile:
             
   3:6>ResolveAssemblyReferences:
                 Private = 'false'
   4:6>ResolveAssemblyReferences:
         AutoUnify:
             True
         EnableCustomCulture:
   3:6>ResolveAssemblyReferences:
             /usr/lib64/dotnet/packs/Microsoft.NETCore.App.Ref/8.0.22/ref/net8.0/System.Net.Primitives.dll
   4:6>ResolveAssemblyReferences:
             False
         EnableCustomCulture:
             False
   3:6>ResolveAssemblyReferences:
                 Private = 'false'
   4:6>ResolveAssemblyReferences:
         CopyLocalDependenciesWhenParentReferenceInGac:
             True
         FindDependencies:
   3:6>ResolveAssemblyReferences:
             /usr/lib64/dotnet/packs/Microsoft.NETCore.App.Ref/8.0.22/ref/net8.0/System.Net.Quic.dll
   4:6>ResolveAssemblyReferences:
             True
         TargetProcessorArchitecture:
             msil
   3:6>ResolveAssemblyReferences:
                 Private = 'false'
   4:6>ResolveAssemblyReferences:
         StateFile:
             obj/Debug/net8.0/Entegrasyon.ApplicationBootstrap.csproj.AssemblyReference.cache
         InstalledAssemblySubsetTables:
   3:6>ResolveAssemblyReferences:
             /usr/lib64/dotnet/packs/Microsoft.NETCore.App.Ref/8.0.22/ref/net8.0/System.Net.Requests.dll
   4:6>ResolveAssemblyReferences:
         IgnoreInstalledAssemblySubsetTable:
             False
         TargetFrameworkSubsets:
   3:6>ResolveAssemblyReferences:
                 Private = 'false'
   4:6>ResolveAssemblyReferences:
         FullTargetFrameworkSubsetNames:
             Full
         ProfileName:
   3:6>ResolveAssemblyReferences:
             /usr/lib64/dotnet/packs/Microsoft.NETCore.App.Ref/8.0.22/ref/net8.0/System.Net.Security.dll
   4:6>ResolveAssemblyReferences:
             
         FullFrameworkFolders:
         LatestTargetFrameworkDirectories:
   3:6>ResolveAssemblyReferences:
                 Private = 'false'
   4:6>ResolveAssemblyReferences:
         ProfileTablesLocation:
         Primary reference "Shared, Version=1.0.0.0, Culture=neutral, PublicKeyToken=null".
             Resolved file path is "/home/baturhan/Projeler/Entegrasyon/Shared/Shared/bin/Debug/net8.0/Shared.dll".
   3:6>ResolveAssemblyReferences:
             /usr/lib64/dotnet/packs/Microsoft.NETCore.App.Ref/8.0.22/ref/net8.0/System.Net.ServicePoint.dll
   4:6>ResolveAssemblyReferences:
             Reference found at search path location "/home/baturhan/Projeler/Entegrasyon/Shared/Shared/bin/Debug/net8.0/Shared.dll".
             Found related file "/home/baturhan/Projeler/Entegrasyon/Shared/Shared/bin/Debug/net8.0/Shared.pdb".
             The ImageRuntimeVersion for this reference is "".
   3:6>ResolveAssemblyReferences:
                 Private = 'false'
   4:6>ResolveAssemblyReferences:
         Primary reference "Entegrasyon.Business, Version=1.0.0.0, Culture=neutral, PublicKeyToken=null".
             Resolved file path is "/home/baturhan/Projeler/Entegrasyon/Application/Entegrasyon.Business/bin/Debug/net8.0/Entegrasyon.Business.dll".
             Reference found at search path location "/home/baturhan/Projeler/Entegrasyon/Application/Entegrasyon.Business/bin/Debug/net8.0/Entegrasyon.Business.dll".
   3:6>ResolveAssemblyReferences:
             /usr/lib64/dotnet/packs/Microsoft.NETCore.App.Ref/8.0.22/ref/net8.0/System.Net.Sockets.dll
   4:6>ResolveAssemblyReferences:
             Found related file "/home/baturhan/Projeler/Entegrasyon/Application/Entegrasyon.Business/bin/Debug/net8.0/Entegrasyon.Business.pdb".
             Found satellite file "en/Entegrasyon.Business.resources.dll".
             Found satellite file "tr/Entegrasyon.Business.resources.dll".
   3:6>ResolveAssemblyReferences:
                 Private = 'false'
   4:6>ResolveAssemblyReferences:
             The ImageRuntimeVersion for this reference is "".
         Primary reference "Entegrasyon.DataAccess, Version=1.0.0.0, Culture=neutral, PublicKeyToken=null".
             Resolved file path is "/home/baturhan/Projeler/Entegrasyon/Application/Entegrasyon.DataAccess/bin/Debug/net8.0/Entegrasyon.DataAccess.dll".
             Reference found at search path location "/home/baturhan/Projeler/Entegrasyon/Application/Entegrasyon.DataAccess/bin/Debug/net8.0/Entegrasyon.DataAccess.dll".
             Found related file "/home/baturhan/Projeler/Entegrasyon/Application/Entegrasyon.DataAccess/bin/Debug/net8.0/Entegrasyon.DataAccess.pdb".
             The ImageRuntimeVersion for this reference is "".
   3:6>ResolveAssemblyReferences:
             /usr/lib64/dotnet/packs/Microsoft.NETCore.App.Ref/8.0.22/ref/net8.0/System.Net.WebClient.dll
   4:6>ResolveAssemblyReferences:
         Primary reference "Entegrasyon.Entity, Version=1.0.0.0, Culture=neutral, PublicKeyToken=null".
             Resolved file path is "/home/baturhan/Projeler/Entegrasyon/Application/Entegrasyon.Entity/bin/Debug/net8.0/Entegrasyon.Entity.dll".
             Reference found at search path location "/home/baturhan/Projeler/Entegrasyon/Application/Entegrasyon.Entity/bin/Debug/net8.0/Entegrasyon.Entity.dll".
   3:6>ResolveAssemblyReferences:
                 Private = 'false'
   4:6>ResolveAssemblyReferences:
             Found related file "/home/baturhan/Projeler/Entegrasyon/Application/Entegrasyon.Entity/bin/Debug/net8.0/Entegrasyon.Entity.pdb".
             The ImageRuntimeVersion for this reference is "".
         Primary reference "Entegrasyon.MessageQueue.Commands, Version=1.0.0.0, Culture=neutral, PublicKeyToken=null".
   3:6>ResolveAssemblyReferences:
             /usr/lib64/dotnet/packs/Microsoft.NETCore.App.Ref/8.0.22/ref/net8.0/System.Net.WebHeaderCollection.dll
   4:6>ResolveAssemblyReferences:
             Resolved file path is "/home/baturhan/Projeler/Entegrasyon/Application/Entegrasyon.MessageQueue.Commands/bin/Debug/net8.0/Entegrasyon.MessageQueue.Commands.dll".
             Reference found at search path location "/home/baturhan/Projeler/Entegrasyon/Application/Entegrasyon.MessageQueue.Commands/bin/Debug/net8.0/Entegrasyon.MessageQueue.Commands.dll".
             Found related file "/home/baturhan/Projeler/Entegrasyon/Application/Entegrasyon.MessageQueue.Commands/bin/Debug/net8.0/Entegrasyon.MessageQueue.Commands.pdb".
   3:6>ResolveAssemblyReferences:
                 Private = 'false'
   4:6>ResolveAssemblyReferences:
             The ImageRuntimeVersion for this reference is "".
         Primary reference "Castle.Core, Version=5.0.0.0, Culture=neutral, PublicKeyToken=407dd0808d44fbdc".
             Resolved file path is "/home/baturhan/.nuget/packages/castle.core/5.1.1/lib/net6.0/Castle.Core.dll".
   3:6>ResolveAssemblyReferences:
             /usr/lib64/dotnet/packs/Microsoft.NETCore.App.Ref/8.0.22/ref/net8.0/System.Net.WebProxy.dll
   4:6>ResolveAssemblyReferences:
             Reference found at search path location "{HintPathFromItem}".
             This reference is not "CopyLocal" because at least one source item had "Private" set to "false" and no source items had "Private" set to "true".
             The ImageRuntimeVersion for this reference is "".
   3:6>ResolveAssemblyReferences:
                 Private = 'false'
   4:6>ResolveAssemblyReferences:
         Primary reference "FluentValidation, Version=11.0.0.0, Culture=neutral, PublicKeyToken=7de548da2fbae0f0".
             Resolved file path is "/home/baturhan/.nuget/packages/fluentvalidation/11.9.0/lib/net8.0/FluentValidation.dll".
             Reference found at search path location "{HintPathFromItem}".
   3:6>ResolveAssemblyReferences:
             /usr/lib64/dotnet/packs/Microsoft.NETCore.App.Ref/8.0.22/ref/net8.0/System.Net.WebSockets.Client.dll
   4:6>ResolveAssemblyReferences:
             This reference is not "CopyLocal" because at least one source item had "Private" set to "false" and no source items had "Private" set to "true".
             The ImageRuntimeVersion for this reference is "".
         Primary reference "Mapster, Version=7.4.0.0, Culture=neutral, PublicKeyToken=2f39883af23c29a8".
   3:6>ResolveAssemblyReferences:
                 Private = 'false'
   4:6>ResolveAssemblyReferences:
             Resolved file path is "/home/baturhan/.nuget/packages/mapster/7.4.0/lib/net7.0/Mapster.dll".
             Reference found at search path location "{HintPathFromItem}".
             This reference is not "CopyLocal" because at least one source item had "Private" set to "false" and no source items had "Private" set to "true".
   3:6>ResolveAssemblyReferences:
             /usr/lib64/dotnet/packs/Microsoft.NETCore.App.Ref/8.0.22/ref/net8.0/System.Net.WebSockets.dll
   4:6>ResolveAssemblyReferences:
             The ImageRuntimeVersion for this reference is "".
         Primary reference "Mapster.Core, Version=1.2.1.0, Culture=neutral, PublicKeyToken=e64997d676a9c1d3".
             Resolved file path is "/home/baturhan/.nuget/packages/mapster.core/1.2.1/lib/net7.0/Mapster.Core.dll".
   3:6>ResolveAssemblyReferences:
                 Private = 'false'
   4:6>ResolveAssemblyReferences:
             Reference found at search path location "{HintPathFromItem}".
             This reference is not "CopyLocal" because at least one source item had "Private" set to "false" and no source items had "Private" set to "true".
             The ImageRuntimeVersion for this reference is "".
   3:6>ResolveAssemblyReferences:
             /usr/lib64/dotnet/packs/Microsoft.NETCore.App.Ref/8.0.22/ref/net8.0/System.Net.dll
   4:6>ResolveAssemblyReferences:
         Primary reference "Mapster.DependencyInjection, Version=1.0.1.0, Culture=neutral, PublicKeyToken=e64997d676a9c1d3".
             Resolved file path is "/home/baturhan/.nuget/packages/mapster.dependencyinjection/1.0.1/lib/net7.0/Mapster.DependencyInjection.dll".
             Reference found at search path location "{HintPathFromItem}".
   3:6>ResolveAssemblyReferences:
                 Private = 'false'
   4:6>ResolveAssemblyReferences:
             This reference is not "CopyLocal" because at least one source item had "Private" set to "false" and no source items had "Private" set to "true".
             The ImageRuntimeVersion for this reference is "".
         Primary reference "Microsoft.EntityFrameworkCore, Version=8.0.15.0, Culture=neutral, PublicKeyToken=adb9793829ddae60".
   3:6>ResolveAssemblyReferences:
             /usr/lib64/dotnet/packs/Microsoft.NETCore.App.Ref/8.0.22/ref/net8.0/System.Numerics.Vectors.dll
   4:6>ResolveAssemblyReferences:
             Resolved file path is "/home/baturhan/.nuget/packages/microsoft.entityframeworkcore/8.0.15/lib/net8.0/Microsoft.EntityFrameworkCore.dll".
             Reference found at search path location "{HintPathFromItem}".
             This reference is not "CopyLocal" because at least one source item had "Private" set to "false" and no source items had "Private" set to "true".
   3:6>ResolveAssemblyReferences:
                 Private = 'false'
   4:6>ResolveAssemblyReferences:
             The ImageRuntimeVersion for this reference is "".
         Primary reference "Microsoft.EntityFrameworkCore.Abstractions, Version=8.0.15.0, Culture=neutral, PublicKeyToken=adb9793829ddae60".
             Resolved file path is "/home/baturhan/.nuget/packages/microsoft.entityframeworkcore.abstractions/8.0.15/lib/net8.0/Microsoft.EntityFrameworkCore.Abstractions.dll".
   3:6>ResolveAssemblyReferences:
             /usr/lib64/dotnet/packs/Microsoft.NETCore.App.Ref/8.0.22/ref/net8.0/System.Numerics.dll
   4:6>ResolveAssemblyReferences:
             Reference found at search path location "{HintPathFromItem}".
             This reference is not "CopyLocal" because at least one source item had "Private" set to "false" and no source items had "Private" set to "true".
             The ImageRuntimeVersion for this reference is "".
   3:6>ResolveAssemblyReferences:
                 Private = 'false'
   4:6>ResolveAssemblyReferences:
         Primary reference "Microsoft.EntityFrameworkCore.InMemory, Version=8.0.15.0, Culture=neutral, PublicKeyToken=adb9793829ddae60".
             Resolved file path is "/home/baturhan/.nuget/packages/microsoft.entityframeworkcore.inmemory/8.0.15/lib/net8.0/Microsoft.EntityFrameworkCore.InMemory.dll".
             Reference found at search path location "{HintPathFromItem}".
   3:6>ResolveAssemblyReferences:
             /usr/lib64/dotnet/packs/Microsoft.NETCore.App.Ref/8.0.22/ref/net8.0/System.ObjectModel.dll
   4:6>ResolveAssemblyReferences:
             This reference is not "CopyLocal" because at least one source item had "Private" set to "false" and no source items had "Private" set to "true".
             The ImageRuntimeVersion for this reference is "".
         Primary reference "Microsoft.EntityFrameworkCore.Proxies, Version=8.0.15.0, Culture=neutral, PublicKeyToken=adb9793829ddae60".
   3:6>ResolveAssemblyReferences:
                 Private = 'false'
   4:6>ResolveAssemblyReferences:
             Resolved file path is "/home/baturhan/.nuget/packages/microsoft.entityframeworkcore.proxies/8.0.15/lib/net8.0/Microsoft.EntityFrameworkCore.Proxies.dll".
             Reference found at search path location "{HintPathFromItem}".
             This reference is not "CopyLocal" because at least one source item had "Private" set to "false" and no source items had "Private" set to "true".
   3:6>ResolveAssemblyReferences:
             /usr/lib64/dotnet/packs/Microsoft.NETCore.App.Ref/8.0.22/ref/net8.0/System.Reflection.DispatchProxy.dll
   4:6>ResolveAssemblyReferences:
             The ImageRuntimeVersion for this reference is "".
         Primary reference "Microsoft.EntityFrameworkCore.Relational, Version=8.0.15.0, Culture=neutral, PublicKeyToken=adb9793829ddae60".
             Resolved file path is "/home/baturhan/.nuget/packages/microsoft.entityframeworkcore.relational/8.0.15/lib/net8.0/Microsoft.EntityFrameworkCore.Relational.dll".
             Reference found at search path location "{HintPathFromItem}".
   3:6>ResolveAssemblyReferences:
                 Private = 'false'
   4:6>ResolveAssemblyReferences:
             This reference is not "CopyLocal" because at least one source item had "Private" set to "false" and no source items had "Private" set to "true".
             The ImageRuntimeVersion for this reference is "".
         Primary reference "Microsoft.Extensions.DependencyModel, Version=8.0.0.0, Culture=neutral, PublicKeyToken=adb9793829ddae60".
   3:6>ResolveAssemblyReferences:
             /usr/lib64/dotnet/packs/Microsoft.NETCore.App.Ref/8.0.22/ref/net8.0/System.Reflection.Emit.ILGeneration.dll
   4:6>ResolveAssemblyReferences:
             Resolved file path is "/home/baturhan/.nuget/packages/microsoft.extensions.dependencymodel/8.0.0/lib/net8.0/Microsoft.Extensions.DependencyModel.dll".
             Reference found at search path location "{HintPathFromItem}".
             This reference is not "CopyLocal" because at least one source item had "Private" set to "false" and no source items had "Private" set to "true".
   3:6>ResolveAssemblyReferences:
                 Private = 'false'
   4:6>ResolveAssemblyReferences:
             The ImageRuntimeVersion for this reference is "".
         Primary reference "Microsoft.IdentityModel.Abstractions, Version=7.4.0.0, Culture=neutral, PublicKeyToken=31bf3856ad364e35".
             Resolved file path is "/home/baturhan/.nuget/packages/microsoft.identitymodel.abstractions/7.4.0/lib/net8.0/Microsoft.IdentityModel.Abstractions.dll".
   3:6>ResolveAssemblyReferences:
             /usr/lib64/dotnet/packs/Microsoft.NETCore.App.Ref/8.0.22/ref/net8.0/System.Reflection.Emit.Lightweight.dll
   4:6>ResolveAssemblyReferences:
             Reference found at search path location "{HintPathFromItem}".
             This reference is not "CopyLocal" because at least one source item had "Private" set to "false" and no source items had "Private" set to "true".
             The ImageRuntimeVersion for this reference is "".
   3:6>ResolveAssemblyReferences:
                 Private = 'false'
   4:6>ResolveAssemblyReferences:
         Primary reference "Microsoft.IdentityModel.JsonWebTokens, Version=7.4.0.0, Culture=neutral, PublicKeyToken=31bf3856ad364e35".
             Resolved file path is "/home/baturhan/.nuget/packages/microsoft.identitymodel.jsonwebtokens/7.4.0/lib/net8.0/Microsoft.IdentityModel.JsonWebTokens.dll".
             Reference found at search path location "{HintPathFromItem}".
   3:6>ResolveAssemblyReferences:
             /usr/lib64/dotnet/packs/Microsoft.NETCore.App.Ref/8.0.22/ref/net8.0/System.Reflection.Emit.dll
   4:6>ResolveAssemblyReferences:
             This reference is not "CopyLocal" because at least one source item had "Private" set to "false" and no source items had "Private" set to "true".
             The ImageRuntimeVersion for this reference is "".
         Primary reference "Microsoft.IdentityModel.Logging, Version=7.4.0.0, Culture=neutral, PublicKeyToken=31bf3856ad364e35".
   3:6>ResolveAssemblyReferences:
                 Private = 'false'
   4:6>ResolveAssemblyReferences:
             Resolved file path is "/home/baturhan/.nuget/packages/microsoft.identitymodel.logging/7.4.0/lib/net8.0/Microsoft.IdentityModel.Logging.dll".
             Reference found at search path location "{HintPathFromItem}".
             This reference is not "CopyLocal" because at least one source item had "Private" set to "false" and no source items had "Private" set to "true".
   3:6>ResolveAssemblyReferences:
             /usr/lib64/dotnet/packs/Microsoft.NETCore.App.Ref/8.0.22/ref/net8.0/System.Reflection.Extensions.dll
   4:6>ResolveAssemblyReferences:
             The ImageRuntimeVersion for this reference is "".
         Primary reference "Microsoft.IdentityModel.Tokens, Version=7.4.0.0, Culture=neutral, PublicKeyToken=31bf3856ad364e35".
             Resolved file path is "/home/baturhan/.nuget/packages/microsoft.identitymodel.tokens/7.4.0/lib/net8.0/Microsoft.IdentityModel.Tokens.dll".
   3:6>ResolveAssemblyReferences:
                 Private = 'false'
   4:6>ResolveAssemblyReferences:
             Reference found at search path location "{HintPathFromItem}".
             This reference is not "CopyLocal" because at least one source item had "Private" set to "false" and no source items had "Private" set to "true".
             The ImageRuntimeVersion for this reference is "".
   3:6>ResolveAssemblyReferences:
             /usr/lib64/dotnet/packs/Microsoft.NETCore.App.Ref/8.0.22/ref/net8.0/System.Reflection.Metadata.dll
   4:6>ResolveAssemblyReferences:
         Primary reference "Newtonsoft.Json, Version=13.0.0.0, Culture=neutral, PublicKeyToken=30ad4fe6b2a6aeed".
             Resolved file path is "/home/baturhan/.nuget/packages/newtonsoft.json/13.0.3/lib/net6.0/Newtonsoft.Json.dll".
             Reference found at search path location "{HintPathFromItem}".
   3:6>ResolveAssemblyReferences:
                 Private = 'false'
   4:6>ResolveAssemblyReferences:
             This reference is not "CopyLocal" because at least one source item had "Private" set to "false" and no source items had "Private" set to "true".
             The ImageRuntimeVersion for this reference is "".
         Primary reference "Npgsql, Version=8.0.6.0, Culture=neutral, PublicKeyToken=5d8b90d52f46fda7".
   3:6>ResolveAssemblyReferences:
             /usr/lib64/dotnet/packs/Microsoft.NETCore.App.Ref/8.0.22/ref/net8.0/System.Reflection.Primitives.dll
   4:6>ResolveAssemblyReferences:
             Resolved file path is "/home/baturhan/.nuget/packages/npgsql/8.0.6/lib/net8.0/Npgsql.dll".
             Reference found at search path location "{HintPathFromItem}".
             This reference is not "CopyLocal" because at least one source item had "Private" set to "false" and no source items had "Private" set to "true".
   3:6>ResolveAssemblyReferences:
                 Private = 'false'
   4:6>ResolveAssemblyReferences:
             The ImageRuntimeVersion for this reference is "".
         Primary reference "Npgsql.EntityFrameworkCore.PostgreSQL, Version=8.0.11.0, Culture=neutral, PublicKeyToken=5d8b90d52f46fda7".
             Resolved file path is "/home/baturhan/.nuget/packages/npgsql.entityframeworkcore.postgresql/8.0.11/lib/net8.0/Npgsql.EntityFrameworkCore.PostgreSQL.dll".
   3:6>ResolveAssemblyReferences:
             /usr/lib64/dotnet/packs/Microsoft.NETCore.App.Ref/8.0.22/ref/net8.0/System.Reflection.TypeExtensions.dll
   4:6>ResolveAssemblyReferences:
             Reference found at search path location "{HintPathFromItem}".
             This reference is not "CopyLocal" because at least one source item had "Private" set to "false" and no source items had "Private" set to "true".
             The ImageRuntimeVersion for this reference is "".
   3:6>ResolveAssemblyReferences:
                 Private = 'false'
   4:6>ResolveAssemblyReferences:
         Primary reference "Pipelines.Sockets.Unofficial, Version=1.0.0.0, Culture=neutral, PublicKeyToken=42ea0a778e13fbe2".
             Resolved file path is "/home/baturhan/.nuget/packages/pipelines.sockets.unofficial/2.2.8/lib/net5.0/Pipelines.Sockets.Unofficial.dll".
             Reference found at search path location "{HintPathFromItem}".
   3:6>ResolveAssemblyReferences:
             /usr/lib64/dotnet/packs/Microsoft.NETCore.App.Ref/8.0.22/ref/net8.0/System.Reflection.dll
   4:6>ResolveAssemblyReferences:
             This reference is not "CopyLocal" because at least one source item had "Private" set to "false" and no source items had "Private" set to "true".
             The ImageRuntimeVersion for this reference is "".
         Primary reference "Serilog, Version=2.0.0.0, Culture=neutral, PublicKeyToken=24c2f752a8e58a10".
   3:6>ResolveAssemblyReferences:
                 Private = 'false'
   4:6>ResolveAssemblyReferences:
             Resolved file path is "/home/baturhan/.nuget/packages/serilog/3.1.1/lib/net7.0/Serilog.dll".
             Reference found at search path location "{HintPathFromItem}".
             This reference is not "CopyLocal" because at least one source item had "Private" set to "false" and no source items had "Private" set to "true".
   3:6>ResolveAssemblyReferences:
             /usr/lib64/dotnet/packs/Microsoft.NETCore.App.Ref/8.0.22/ref/net8.0/System.Resources.Reader.dll
   4:6>ResolveAssemblyReferences:
             The ImageRuntimeVersion for this reference is "".
         Primary reference "Serilog.AspNetCore, Version=8.0.1.0, Culture=neutral, PublicKeyToken=24c2f752a8e58a10".
             Resolved file path is "/home/baturhan/.nuget/packages/serilog.aspnetcore/8.0.1/lib/net8.0/Serilog.AspNetCore.dll".
   3:6>ResolveAssemblyReferences:
                 Private = 'false'
   4:6>ResolveAssemblyReferences:
             Reference found at search path location "{HintPathFromItem}".
             This reference is not "CopyLocal" because at least one source item had "Private" set to "false" and no source items had "Private" set to "true".
             The ImageRuntimeVersion for this reference is "".
   3:6>ResolveAssemblyReferences:
             /usr/lib64/dotnet/packs/Microsoft.NETCore.App.Ref/8.0.22/ref/net8.0/System.Resources.ResourceManager.dll
   4:6>ResolveAssemblyReferences:
         Primary reference "Serilog.Extensions.Hosting, Version=7.0.0.0, Culture=neutral, PublicKeyToken=24c2f752a8e58a10".
             Resolved file path is "/home/baturhan/.nuget/packages/serilog.extensions.hosting/8.0.0/lib/net8.0/Serilog.Extensions.Hosting.dll".
             Reference found at search path location "{HintPathFromItem}".
   3:6>ResolveAssemblyReferences:
                 Private = 'false'
   4:6>ResolveAssemblyReferences:
             This reference is not "CopyLocal" because at least one source item had "Private" set to "false" and no source items had "Private" set to "true".
             The ImageRuntimeVersion for this reference is "".
         Primary reference "Serilog.Extensions.Logging, Version=7.0.0.0, Culture=neutral, PublicKeyToken=24c2f752a8e58a10".
   3:6>ResolveAssemblyReferences:
             /usr/lib64/dotnet/packs/Microsoft.NETCore.App.Ref/8.0.22/ref/net8.0/System.Resources.Writer.dll
   4:6>ResolveAssemblyReferences:
             Resolved file path is "/home/baturhan/.nuget/packages/serilog.extensions.logging/8.0.0/lib/net8.0/Serilog.Extensions.Logging.dll".
             Reference found at search path location "{HintPathFromItem}".
             This reference is not "CopyLocal" because at least one source item had "Private" set to "false" and no source items had "Private" set to "true".
             The ImageRuntimeVersion for this reference is "".
   3:6>ResolveAssemblyReferences:
                 Private = 'false'
   4:6>ResolveAssemblyReferences:
         Primary reference "Serilog.Formatting.Compact, Version=2.0.0.0, Culture=neutral, PublicKeyToken=24c2f752a8e58a10".
             Resolved file path is "/home/baturhan/.nuget/packages/serilog.formatting.compact/2.0.0/lib/net7.0/Serilog.Formatting.Compact.dll".
             Reference found at search path location "{HintPathFromItem}".
   3:6>ResolveAssemblyReferences:
             /usr/lib64/dotnet/packs/Microsoft.NETCore.App.Ref/8.0.22/ref/net8.0/System.Runtime.CompilerServices.Unsafe.dll
   4:6>ResolveAssemblyReferences:
             This reference is not "CopyLocal" because at least one source item had "Private" set to "false" and no source items had "Private" set to "true".
             The ImageRuntimeVersion for this reference is "".
         Primary reference "Serilog.Settings.Configuration, Version=8.0.0.0, Culture=neutral, PublicKeyToken=24c2f752a8e58a10".
             Resolved file path is "/home/baturhan/.nuget/packages/serilog.settings.configuration/8.0.0/lib/net8.0/Serilog.Settings.Configuration.dll".
   3:6>ResolveAssemblyReferences:
                 Private = 'false'
   4:6>ResolveAssemblyReferences:
             Reference found at search path location "{HintPathFromItem}".
             This reference is not "CopyLocal" because at least one source item had "Private" set to "false" and no source items had "Private" set to "true".
             The ImageRuntimeVersion for this reference is "".
   3:6>ResolveAssemblyReferences:
             /usr/lib64/dotnet/packs/Microsoft.NETCore.App.Ref/8.0.22/ref/net8.0/System.Runtime.CompilerServices.VisualC.dll
   4:6>ResolveAssemblyReferences:
         Primary reference "Serilog.Sinks.Console, Version=5.0.1.0, Culture=neutral, PublicKeyToken=24c2f752a8e58a10".
             Resolved file path is "/home/baturhan/.nuget/packages/serilog.sinks.console/5.0.1/lib/net7.0/Serilog.Sinks.Console.dll".
             Reference found at search path location "{HintPathFromItem}".
   3:6>ResolveAssemblyReferences:
                 Private = 'false'
   4:6>ResolveAssemblyReferences:
             This reference is not "CopyLocal" because at least one source item had "Private" set to "false" and no source items had "Private" set to "true".
             The ImageRuntimeVersion for this reference is "".
         Primary reference "Serilog.Sinks.Debug, Version=2.0.0.0, Culture=neutral, PublicKeyToken=24c2f752a8e58a10".
             Resolved file path is "/home/baturhan/.nuget/packages/serilog.sinks.debug/2.0.0/lib/netstandard2.1/Serilog.Sinks.Debug.dll".
   3:6>ResolveAssemblyReferences:
             /usr/lib64/dotnet/packs/Microsoft.NETCore.App.Ref/8.0.22/ref/net8.0/System.Runtime.Extensions.dll
   4:6>ResolveAssemblyReferences:
             Reference found at search path location "{HintPathFromItem}".
             This reference is not "CopyLocal" because at least one source item had "Private" set to "false" and no source items had "Private" set to "true".
             The ImageRuntimeVersion for this reference is "".
   3:6>ResolveAssemblyReferences:
                 Private = 'false'
   4:6>ResolveAssemblyReferences:
         Primary reference "Serilog.Sinks.File, Version=5.0.0.0, Culture=neutral, PublicKeyToken=24c2f752a8e58a10".
             Resolved file path is "/home/baturhan/.nuget/packages/serilog.sinks.file/5.0.0/lib/net5.0/Serilog.Sinks.File.dll".
             Reference found at search path location "{HintPathFromItem}".
   3:6>ResolveAssemblyReferences:
             /usr/lib64/dotnet/packs/Microsoft.NETCore.App.Ref/8.0.22/ref/net8.0/System.Runtime.Handles.dll
   4:6>ResolveAssemblyReferences:
             This reference is not "CopyLocal" because at least one source item had "Private" set to "false" and no source items had "Private" set to "true".
             The ImageRuntimeVersion for this reference is "".
         Primary reference "StackExchange.Redis, Version=2.0.0.0, Culture=neutral, PublicKeyToken=c219ff1ca8c2ce46".
   3:6>ResolveAssemblyReferences:
                 Private = 'false'
   4:6>ResolveAssemblyReferences:
             Resolved file path is "/home/baturhan/.nuget/packages/stackexchange.redis/2.7.27/lib/net6.0/StackExchange.Redis.dll".
             Reference found at search path location "{HintPathFromItem}".
             This reference is not "CopyLocal" because at least one source item had "Private" set to "false" and no source items had "Private" set to "true".
   3:6>ResolveAssemblyReferences:
             /usr/lib64/dotnet/packs/Microsoft.NETCore.App.Ref/8.0.22/ref/net8.0/System.Runtime.InteropServices.JavaScript.dll
   4:6>ResolveAssemblyReferences:
             The ImageRuntimeVersion for this reference is "".
         Primary reference "System.IdentityModel.Tokens.Jwt, Version=7.4.0.0, Culture=neutral, PublicKeyToken=31bf3856ad364e35".
   3:6>ResolveAssemblyReferences:
                 Private = 'false'
   4:6>ResolveAssemblyReferences:
             Resolved file path is "/home/baturhan/.nuget/packages/system.identitymodel.tokens.jwt/7.4.0/lib/net8.0/System.IdentityModel.Tokens.Jwt.dll".
             Reference found at search path location "{HintPathFromItem}".
             This reference is not "CopyLocal" because at least one source item had "Private" set to "false" and no source items had "Private" set to "true".
   3:6>ResolveAssemblyReferences:
             /usr/lib64/dotnet/packs/Microsoft.NETCore.App.Ref/8.0.22/ref/net8.0/System.Runtime.InteropServices.RuntimeInformation.dll
   4:6>ResolveAssemblyReferences:
             The ImageRuntimeVersion for this reference is "".
         Primary reference "Microsoft.CSharp, Version=8.0.0.0, Culture=neutral, PublicKeyToken=b03f5f7f11d50a3a".
             Resolved file path is "/usr/lib64/dotnet/packs/Microsoft.NETCore.App.Ref/8.0.22/ref/net8.0/Microsoft.CSharp.dll".
             Reference found at search path location "{RawFileName}".
   3:6>ResolveAssemblyReferences:
                 Private = 'false'
   4:6>ResolveAssemblyReferences:
             This reference is not "CopyLocal" because at least one source item had "Private" set to "false" and no source items had "Private" set to "true".
             The ImageRuntimeVersion for this reference is "".
         Primary reference "Microsoft.VisualBasic.Core, Version=13.0.0.0, Culture=neutral, PublicKeyToken=b03f5f7f11d50a3a".
   3:6>ResolveAssemblyReferences:
             /usr/lib64/dotnet/packs/Microsoft.NETCore.App.Ref/8.0.22/ref/net8.0/System.Runtime.InteropServices.dll
   4:6>ResolveAssemblyReferences:
             Resolved file path is "/usr/lib64/dotnet/packs/Microsoft.NETCore.App.Ref/8.0.22/ref/net8.0/Microsoft.VisualBasic.Core.dll".
             Reference found at search path location "{RawFileName}".
             This reference is not "CopyLocal" because at least one source item had "Private" set to "false" and no source items had "Private" set to "true".
   3:6>ResolveAssemblyReferences:
                 Private = 'false'
   4:6>ResolveAssemblyReferences:
             The ImageRuntimeVersion for this reference is "".
         Primary reference "Microsoft.VisualBasic, Version=10.0.0.0, Culture=neutral, PublicKeyToken=b03f5f7f11d50a3a".
             Resolved file path is "/usr/lib64/dotnet/packs/Microsoft.NETCore.App.Ref/8.0.22/ref/net8.0/Microsoft.VisualBasic.dll".
   3:6>ResolveAssemblyReferences:
             /usr/lib64/dotnet/packs/Microsoft.NETCore.App.Ref/8.0.22/ref/net8.0/System.Runtime.Intrinsics.dll
   4:6>ResolveAssemblyReferences:
             Reference found at search path location "{RawFileName}".
             This reference is not "CopyLocal" because at least one source item had "Private" set to "false" and no source items had "Private" set to "true".
             The ImageRuntimeVersion for this reference is "".
   3:6>ResolveAssemblyReferences:
                 Private = 'false'
   4:6>ResolveAssemblyReferences:
         Primary reference "Microsoft.Win32.Primitives, Version=8.0.0.0, Culture=neutral, PublicKeyToken=b03f5f7f11d50a3a".
             Resolved file path is "/usr/lib64/dotnet/packs/Microsoft.NETCore.App.Ref/8.0.22/ref/net8.0/Microsoft.Win32.Primitives.dll".
             Reference found at search path location "{RawFileName}".
   3:6>ResolveAssemblyReferences:
             /usr/lib64/dotnet/packs/Microsoft.NETCore.App.Ref/8.0.22/ref/net8.0/System.Runtime.Loader.dll
   4:6>ResolveAssemblyReferences:
             This reference is not "CopyLocal" because at least one source item had "Private" set to "false" and no source items had "Private" set to "true".
             The ImageRuntimeVersion for this reference is "".
         Primary reference "Microsoft.Win32.Registry, Version=8.0.0.0, Culture=neutral, PublicKeyToken=b03f5f7f11d50a3a".
   3:6>ResolveAssemblyReferences:
                 Private = 'false'
   4:6>ResolveAssemblyReferences:
             Resolved file path is "/usr/lib64/dotnet/packs/Microsoft.NETCore.App.Ref/8.0.22/ref/net8.0/Microsoft.Win32.Registry.dll".
             Reference found at search path location "{RawFileName}".
             This reference is not "CopyLocal" because at least one source item had "Private" set to "false" and no source items had "Private" set to "true".
   3:6>ResolveAssemblyReferences:
             /usr/lib64/dotnet/packs/Microsoft.NETCore.App.Ref/8.0.22/ref/net8.0/System.Runtime.Numerics.dll
   4:6>ResolveAssemblyReferences:
             The ImageRuntimeVersion for this reference is "".
         Primary reference "System.AppContext, Version=8.0.0.0, Culture=neutral, PublicKeyToken=b03f5f7f11d50a3a".
             Resolved file path is "/usr/lib64/dotnet/packs/Microsoft.NETCore.App.Ref/8.0.22/ref/net8.0/System.AppContext.dll".
             Reference found at search path location "{RawFileName}".
   3:6>ResolveAssemblyReferences:
                 Private = 'false'
   4:6>ResolveAssemblyReferences:
             This reference is not "CopyLocal" because at least one source item had "Private" set to "false" and no source items had "Private" set to "true".
             The ImageRuntimeVersion for this reference is "".
         Primary reference "System.Buffers, Version=8.0.0.0, Culture=neutral, PublicKeyToken=cc7b13ffcd2ddd51".
   3:6>ResolveAssemblyReferences:
             /usr/lib64/dotnet/packs/Microsoft.NETCore.App.Ref/8.0.22/ref/net8.0/System.Runtime.Serialization.Formatters.dll
   4:6>ResolveAssemblyReferences:
             Resolved file path is "/usr/lib64/dotnet/packs/Microsoft.NETCore.App.Ref/8.0.22/ref/net8.0/System.Buffers.dll".
             Reference found at search path location "{RawFileName}".
             This reference is not "CopyLocal" because at least one source item had "Private" set to "false" and no source items had "Private" set to "true".
   3:6>ResolveAssemblyReferences:
                 Private = 'false'
   4:6>ResolveAssemblyReferences:
             The ImageRuntimeVersion for this reference is "".
         Primary reference "System.Collections.Concurrent, Version=8.0.0.0, Culture=neutral, PublicKeyToken=b03f5f7f11d50a3a".
             Resolved file path is "/usr/lib64/dotnet/packs/Microsoft.NETCore.App.Ref/8.0.22/ref/net8.0/System.Collections.Concurrent.dll".
             Reference found at search path location "{RawFileName}".
   3:6>ResolveAssemblyReferences:
             /usr/lib64/dotnet/packs/Microsoft.NETCore.App.Ref/8.0.22/ref/net8.0/System.Runtime.Serialization.Json.dll
   4:6>ResolveAssemblyReferences:
             This reference is not "CopyLocal" because at least one source item had "Private" set to "false" and no source items had "Private" set to "true".
             The ImageRuntimeVersion for this reference is "".
         Primary reference "System.Collections.Immutable, Version=8.0.0.0, Culture=neutral, PublicKeyToken=b03f5f7f11d50a3a".
   3:6>ResolveAssemblyReferences:
                 Private = 'false'
   4:6>ResolveAssemblyReferences:
             Resolved file path is "/usr/lib64/dotnet/packs/Microsoft.NETCore.App.Ref/8.0.22/ref/net8.0/System.Collections.Immutable.dll".
             Reference found at search path location "{RawFileName}".
             This reference is not "CopyLocal" because at least one source item had "Private" set to "false" and no source items had "Private" set to "true".
   3:6>ResolveAssemblyReferences:
             /usr/lib64/dotnet/packs/Microsoft.NETCore.App.Ref/8.0.22/ref/net8.0/System.Runtime.Serialization.Primitives.dll
   4:6>ResolveAssemblyReferences:
             The ImageRuntimeVersion for this reference is "".
         Primary reference "System.Collections.NonGeneric, Version=8.0.0.0, Culture=neutral, PublicKeyToken=b03f5f7f11d50a3a".
             Resolved file path is "/usr/lib64/dotnet/packs/Microsoft.NETCore.App.Ref/8.0.22/ref/net8.0/System.Collections.NonGeneric.dll".
             Reference found at search path location "{RawFileName}".
   3:6>ResolveAssemblyReferences:
                 Private = 'false'
   4:6>ResolveAssemblyReferences:
             This reference is not "CopyLocal" because at least one source item had "Private" set to "false" and no source items had "Private" set to "true".
             The ImageRuntimeVersion for this reference is "".
         Primary reference "System.Collections.Specialized, Version=8.0.0.0, Culture=neutral, PublicKeyToken=b03f5f7f11d50a3a".
   3:6>ResolveAssemblyReferences:
             /usr/lib64/dotnet/packs/Microsoft.NETCore.App.Ref/8.0.22/ref/net8.0/System.Runtime.Serialization.Xml.dll
   4:6>ResolveAssemblyReferences:
             Resolved file path is "/usr/lib64/dotnet/packs/Microsoft.NETCore.App.Ref/8.0.22/ref/net8.0/System.Collections.Specialized.dll".
             Reference found at search path location "{RawFileName}".
             This reference is not "CopyLocal" because at least one source item had "Private" set to "false" and no source items had "Private" set to "true".
   3:6>ResolveAssemblyReferences:
                 Private = 'false'
   4:6>ResolveAssemblyReferences:
             The ImageRuntimeVersion for this reference is "".
         Primary reference "System.Collections, Version=8.0.0.0, Culture=neutral, PublicKeyToken=b03f5f7f11d50a3a".
             Resolved file path is "/usr/lib64/dotnet/packs/Microsoft.NETCore.App.Ref/8.0.22/ref/net8.0/System.Collections.dll".
   3:6>ResolveAssemblyReferences:
             /usr/lib64/dotnet/packs/Microsoft.NETCore.App.Ref/8.0.22/ref/net8.0/System.Runtime.Serialization.dll
   4:6>ResolveAssemblyReferences:
             Reference found at search path location "{RawFileName}".
             This reference is not "CopyLocal" because at least one source item had "Private" set to "false" and no source items had "Private" set to "true".
             The ImageRuntimeVersion for this reference is "".
   3:6>ResolveAssemblyReferences:
                 Private = 'false'
   4:6>ResolveAssemblyReferences:
         Primary reference "System.ComponentModel.Annotations, Version=8.0.0.0, Culture=neutral, PublicKeyToken=b03f5f7f11d50a3a".
             Resolved file path is "/usr/lib64/dotnet/packs/Microsoft.NETCore.App.Ref/8.0.22/ref/net8.0/System.ComponentModel.Annotations.dll".
             Reference found at search path location "{RawFileName}".
   3:6>ResolveAssemblyReferences:
             /usr/lib64/dotnet/packs/Microsoft.NETCore.App.Ref/8.0.22/ref/net8.0/System.Runtime.dll
   4:6>ResolveAssemblyReferences:
             This reference is not "CopyLocal" because at least one source item had "Private" set to "false" and no source items had "Private" set to "true".
             The ImageRuntimeVersion for this reference is "".
         Primary reference "System.ComponentModel.DataAnnotations, Version=4.0.0.0, Culture=neutral, PublicKeyToken=31bf3856ad364e35".
             Resolved file path is "/usr/lib64/dotnet/packs/Microsoft.NETCore.App.Ref/8.0.22/ref/net8.0/System.ComponentModel.DataAnnotations.dll".
   3:6>ResolveAssemblyReferences:
                 Private = 'false'
   4:6>ResolveAssemblyReferences:
             Reference found at search path location "{RawFileName}".
             This reference is not "CopyLocal" because at least one source item had "Private" set to "false" and no source items had "Private" set to "true".
             The ImageRuntimeVersion for this reference is "".
   3:6>ResolveAssemblyReferences:
             /usr/lib64/dotnet/packs/Microsoft.NETCore.App.Ref/8.0.22/ref/net8.0/System.Security.AccessControl.dll
   4:6>ResolveAssemblyReferences:
         Primary reference "System.ComponentModel.EventBasedAsync, Version=8.0.0.0, Culture=neutral, PublicKeyToken=b03f5f7f11d50a3a".
             Resolved file path is "/usr/lib64/dotnet/packs/Microsoft.NETCore.App.Ref/8.0.22/ref/net8.0/System.ComponentModel.EventBasedAsync.dll".
             Reference found at search path location "{RawFileName}".
   3:6>ResolveAssemblyReferences:
                 Private = 'false'
   4:6>ResolveAssemblyReferences:
             This reference is not "CopyLocal" because at least one source item had "Private" set to "false" and no source items had "Private" set to "true".
             The ImageRuntimeVersion for this reference is "".
         Primary reference "System.ComponentModel.Primitives, Version=8.0.0.0, Culture=neutral, PublicKeyToken=b03f5f7f11d50a3a".
   3:6>ResolveAssemblyReferences:
             /usr/lib64/dotnet/packs/Microsoft.NETCore.App.Ref/8.0.22/ref/net8.0/System.Security.Claims.dll
   4:6>ResolveAssemblyReferences:
             Resolved file path is "/usr/lib64/dotnet/packs/Microsoft.NETCore.App.Ref/8.0.22/ref/net8.0/System.ComponentModel.Primitives.dll".
             Reference found at search path location "{RawFileName}".
             This reference is not "CopyLocal" because at least one source item had "Private" set to "false" and no source items had "Private" set to "true".
             The ImageRuntimeVersion for this reference is "".
   3:6>ResolveAssemblyReferences:
                 Private = 'false'
   4:6>ResolveAssemblyReferences:
         Primary reference "System.ComponentModel.TypeConverter, Version=8.0.0.0, Culture=neutral, PublicKeyToken=b03f5f7f11d50a3a".
             Resolved file path is "/usr/lib64/dotnet/packs/Microsoft.NETCore.App.Ref/8.0.22/ref/net8.0/System.ComponentModel.TypeConverter.dll".
             Reference found at search path location "{RawFileName}".
   3:6>ResolveAssemblyReferences:
             /usr/lib64/dotnet/packs/Microsoft.NETCore.App.Ref/8.0.22/ref/net8.0/System.Security.Cryptography.Algorithms.dll
   4:6>ResolveAssemblyReferences:
             This reference is not "CopyLocal" because at least one source item had "Private" set to "false" and no source items had "Private" set to "true".
             The ImageRuntimeVersion for this reference is "".
         Primary reference "System.ComponentModel, Version=8.0.0.0, Culture=neutral, PublicKeyToken=b03f5f7f11d50a3a".
   3:6>ResolveAssemblyReferences:
                 Private = 'false'
   4:6>ResolveAssemblyReferences:
             Resolved file path is "/usr/lib64/dotnet/packs/Microsoft.NETCore.App.Ref/8.0.22/ref/net8.0/System.ComponentModel.dll".
             Reference found at search path location "{RawFileName}".
             This reference is not "CopyLocal" because at least one source item had "Private" set to "false" and no source items had "Private" set to "true".
   3:6>ResolveAssemblyReferences:
             /usr/lib64/dotnet/packs/Microsoft.NETCore.App.Ref/8.0.22/ref/net8.0/System.Security.Cryptography.Cng.dll
   4:6>ResolveAssemblyReferences:
             The ImageRuntimeVersion for this reference is "".
         Primary reference "System.Configuration, Version=4.0.0.0, Culture=neutral, PublicKeyToken=b03f5f7f11d50a3a".
             Resolved file path is "/usr/lib64/dotnet/packs/Microsoft.NETCore.App.Ref/8.0.22/ref/net8.0/System.Configuration.dll".
   3:6>ResolveAssemblyReferences:
                 Private = 'false'
   4:6>ResolveAssemblyReferences:
             Reference found at search path location "{RawFileName}".
             This reference is not "CopyLocal" because at least one source item had "Private" set to "false" and no source items had "Private" set to "true".
             The ImageRuntimeVersion for this reference is "".
         Primary reference "System.Console, Version=8.0.0.0, Culture=neutral, PublicKeyToken=b03f5f7f11d50a3a".
   3:6>ResolveAssemblyReferences:
             /usr/lib64/dotnet/packs/Microsoft.NETCore.App.Ref/8.0.22/ref/net8.0/System.Security.Cryptography.Csp.dll
   4:6>ResolveAssemblyReferences:
             Resolved file path is "/usr/lib64/dotnet/packs/Microsoft.NETCore.App.Ref/8.0.22/ref/net8.0/System.Console.dll".
             Reference found at search path location "{RawFileName}".
             This reference is not "CopyLocal" because at least one source item had "Private" set to "false" and no source items had "Private" set to "true".
   3:6>ResolveAssemblyReferences:
                 Private = 'false'
   4:6>ResolveAssemblyReferences:
             The ImageRuntimeVersion for this reference is "".
         Primary reference "System.Core, Version=4.0.0.0, Culture=neutral, PublicKeyToken=b77a5c561934e089".
             Resolved file path is "/usr/lib64/dotnet/packs/Microsoft.NETCore.App.Ref/8.0.22/ref/net8.0/System.Core.dll".
   3:6>ResolveAssemblyReferences:
             /usr/lib64/dotnet/packs/Microsoft.NETCore.App.Ref/8.0.22/ref/net8.0/System.Security.Cryptography.Encoding.dll
   4:6>ResolveAssemblyReferences:
             Reference found at search path location "{RawFileName}".
             This reference is not "CopyLocal" because at least one source item had "Private" set to "false" and no source items had "Private" set to "true".
             The ImageRuntimeVersion for this reference is "".
         Primary reference "System.Data.Common, Version=8.0.0.0, Culture=neutral, PublicKeyToken=b03f5f7f11d50a3a".
   3:6>ResolveAssemblyReferences:
                 Private = 'false'
   4:6>ResolveAssemblyReferences:
             Resolved file path is "/usr/lib64/dotnet/packs/Microsoft.NETCore.App.Ref/8.0.22/ref/net8.0/System.Data.Common.dll".
             Reference found at search path location "{RawFileName}".
             This reference is not "CopyLocal" because at least one source item had "Private" set to "false" and no source items had "Private" set to "true".
   3:6>ResolveAssemblyReferences:
             /usr/lib64/dotnet/packs/Microsoft.NETCore.App.Ref/8.0.22/ref/net8.0/System.Security.Cryptography.OpenSsl.dll
   4:6>ResolveAssemblyReferences:
             The ImageRuntimeVersion for this reference is "".
         Primary reference "System.Data.DataSetExtensions, Version=8.0.0.0, Culture=neutral, PublicKeyToken=b77a5c561934e089".
             Resolved file path is "/usr/lib64/dotnet/packs/Microsoft.NETCore.App.Ref/8.0.22/ref/net8.0/System.Data.DataSetExtensions.dll".
   3:6>ResolveAssemblyReferences:
                 Private = 'false'
   4:6>ResolveAssemblyReferences:
             Reference found at search path location "{RawFileName}".
             This reference is not "CopyLocal" because at least one source item had "Private" set to "false" and no source items had "Private" set to "true".
             The ImageRuntimeVersion for this reference is "".
   3:6>ResolveAssemblyReferences:
             /usr/lib64/dotnet/packs/Microsoft.NETCore.App.Ref/8.0.22/ref/net8.0/System.Security.Cryptography.Primitives.dll
   4:6>ResolveAssemblyReferences:
         Primary reference "System.Data, Version=4.0.0.0, Culture=neutral, PublicKeyToken=b77a5c561934e089".
             Resolved file path is "/usr/lib64/dotnet/packs/Microsoft.NETCore.App.Ref/8.0.22/ref/net8.0/System.Data.dll".
             Reference found at search path location "{RawFileName}".
   3:6>ResolveAssemblyReferences:
                 Private = 'false'
   4:6>ResolveAssemblyReferences:
             This reference is not "CopyLocal" because at least one source item had "Private" set to "false" and no source items had "Private" set to "true".
             The ImageRuntimeVersion for this reference is "".
         Primary reference "System.Diagnostics.Contracts, Version=8.0.0.0, Culture=neutral, PublicKeyToken=b03f5f7f11d50a3a".
   3:6>ResolveAssemblyReferences:
             /usr/lib64/dotnet/packs/Microsoft.NETCore.App.Ref/8.0.22/ref/net8.0/System.Security.Cryptography.X509Certificates.dll
   4:6>ResolveAssemblyReferences:
             Resolved file path is "/usr/lib64/dotnet/packs/Microsoft.NETCore.App.Ref/8.0.22/ref/net8.0/System.Diagnostics.Contracts.dll".
             Reference found at search path location "{RawFileName}".
             This reference is not "CopyLocal" because at least one source item had "Private" set to "false" and no source items had "Private" set to "true".
             The ImageRuntimeVersion for this reference is "".
   3:6>ResolveAssemblyReferences:
                 Private = 'false'
   4:6>ResolveAssemblyReferences:
         Primary reference "System.Diagnostics.Debug, Version=8.0.0.0, Culture=neutral, PublicKeyToken=b03f5f7f11d50a3a".
             Resolved file path is "/usr/lib64/dotnet/packs/Microsoft.NETCore.App.Ref/8.0.22/ref/net8.0/System.Diagnostics.Debug.dll".
             Reference found at search path location "{RawFileName}".
   3:6>ResolveAssemblyReferences:
             /usr/lib64/dotnet/packs/Microsoft.NETCore.App.Ref/8.0.22/ref/net8.0/System.Security.Cryptography.dll
   4:6>ResolveAssemblyReferences:
             This reference is not "CopyLocal" because at least one source item had "Private" set to "false" and no source items had "Private" set to "true".
             The ImageRuntimeVersion for this reference is "".
         Primary reference "System.Diagnostics.DiagnosticSource, Version=8.0.0.0, Culture=neutral, PublicKeyToken=cc7b13ffcd2ddd51".
   3:6>ResolveAssemblyReferences:
                 Private = 'false'
   4:6>ResolveAssemblyReferences:
             Resolved file path is "/usr/lib64/dotnet/packs/Microsoft.NETCore.App.Ref/8.0.22/ref/net8.0/System.Diagnostics.DiagnosticSource.dll".
             Reference found at search path location "{RawFileName}".
             This reference is not "CopyLocal" because at least one source item had "Private" set to "false" and no source items had "Private" set to "true".
   3:6>ResolveAssemblyReferences:
             /usr/lib64/dotnet/packs/Microsoft.NETCore.App.Ref/8.0.22/ref/net8.0/System.Security.Principal.Windows.dll
   4:6>ResolveAssemblyReferences:
             The ImageRuntimeVersion for this reference is "".
         Primary reference "System.Diagnostics.FileVersionInfo, Version=8.0.0.0, Culture=neutral, PublicKeyToken=b03f5f7f11d50a3a".
             Resolved file path is "/usr/lib64/dotnet/packs/Microsoft.NETCore.App.Ref/8.0.22/ref/net8.0/System.Diagnostics.FileVersionInfo.dll".
   3:6>ResolveAssemblyReferences:
                 Private = 'false'
   4:6>ResolveAssemblyReferences:
             Reference found at search path location "{RawFileName}".
             This reference is not "CopyLocal" because at least one source item had "Private" set to "false" and no source items had "Private" set to "true".
             The ImageRuntimeVersion for this reference is "".
   3:6>ResolveAssemblyReferences:
             /usr/lib64/dotnet/packs/Microsoft.NETCore.App.Ref/8.0.22/ref/net8.0/System.Security.Principal.dll
   4:6>ResolveAssemblyReferences:
         Primary reference "System.Diagnostics.Process, Version=8.0.0.0, Culture=neutral, PublicKeyToken=b03f5f7f11d50a3a".
             Resolved file path is "/usr/lib64/dotnet/packs/Microsoft.NETCore.App.Ref/8.0.22/ref/net8.0/System.Diagnostics.Process.dll".
             Reference found at search path location "{RawFileName}".
   3:6>ResolveAssemblyReferences:
                 Private = 'false'
   4:6>ResolveAssemblyReferences:
             This reference is not "CopyLocal" because at least one source item had "Private" set to "false" and no source items had "Private" set to "true".
             The ImageRuntimeVersion for this reference is "".
         Primary reference "System.Diagnostics.StackTrace, Version=8.0.0.0, Culture=neutral, PublicKeyToken=b03f5f7f11d50a3a".
             Resolved file path is "/usr/lib64/dotnet/packs/Microsoft.NETCore.App.Ref/8.0.22/ref/net8.0/System.Diagnostics.StackTrace.dll".
   3:6>ResolveAssemblyReferences:
             /usr/lib64/dotnet/packs/Microsoft.NETCore.App.Ref/8.0.22/ref/net8.0/System.Security.SecureString.dll
   4:6>ResolveAssemblyReferences:
             Reference found at search path location "{RawFileName}".
             This reference is not "CopyLocal" because at least one source item had "Private" set to "false" and no source items had "Private" set to "true".
             The ImageRuntimeVersion for this reference is "".
   3:6>ResolveAssemblyReferences:
                 Private = 'false'
   4:6>ResolveAssemblyReferences:
         Primary reference "System.Diagnostics.TextWriterTraceListener, Version=8.0.0.0, Culture=neutral, PublicKeyToken=b03f5f7f11d50a3a".
             Resolved file path is "/usr/lib64/dotnet/packs/Microsoft.NETCore.App.Ref/8.0.22/ref/net8.0/System.Diagnostics.TextWriterTraceListener.dll".
             Reference found at search path location "{RawFileName}".
   3:6>ResolveAssemblyReferences:
             /usr/lib64/dotnet/packs/Microsoft.NETCore.App.Ref/8.0.22/ref/net8.0/System.Security.dll
   4:6>ResolveAssemblyReferences:
             This reference is not "CopyLocal" because at least one source item had "Private" set to "false" and no source items had "Private" set to "true".
             The ImageRuntimeVersion for this reference is "".
         Primary reference "System.Diagnostics.Tools, Version=8.0.0.0, Culture=neutral, PublicKeyToken=b03f5f7f11d50a3a".
   3:6>ResolveAssemblyReferences:
                 Private = 'false'
   4:6>ResolveAssemblyReferences:
             Resolved file path is "/usr/lib64/dotnet/packs/Microsoft.NETCore.App.Ref/8.0.22/ref/net8.0/System.Diagnostics.Tools.dll".
             Reference found at search path location "{RawFileName}".
             This reference is not "CopyLocal" because at least one source item had "Private" set to "false" and no source items had "Private" set to "true".
   3:6>ResolveAssemblyReferences:
             /usr/lib64/dotnet/packs/Microsoft.NETCore.App.Ref/8.0.22/ref/net8.0/System.ServiceModel.Web.dll
   4:6>ResolveAssemblyReferences:
             The ImageRuntimeVersion for this reference is "".
         Primary reference "System.Diagnostics.TraceSource, Version=8.0.0.0, Culture=neutral, PublicKeyToken=b03f5f7f11d50a3a".
             Resolved file path is "/usr/lib64/dotnet/packs/Microsoft.NETCore.App.Ref/8.0.22/ref/net8.0/System.Diagnostics.TraceSource.dll".
   3:6>ResolveAssemblyReferences:
                 Private = 'false'
   4:6>ResolveAssemblyReferences:
             Reference found at search path location "{RawFileName}".
             This reference is not "CopyLocal" because at least one source item had "Private" set to "false" and no source items had "Private" set to "true".
             The ImageRuntimeVersion for this reference is "".
   3:6>ResolveAssemblyReferences:
             /usr/lib64/dotnet/packs/Microsoft.NETCore.App.Ref/8.0.22/ref/net8.0/System.ServiceProcess.dll
   4:6>ResolveAssemblyReferences:
         Primary reference "System.Diagnostics.Tracing, Version=8.0.0.0, Culture=neutral, PublicKeyToken=b03f5f7f11d50a3a".
             Resolved file path is "/usr/lib64/dotnet/packs/Microsoft.NETCore.App.Ref/8.0.22/ref/net8.0/System.Diagnostics.Tracing.dll".
             Reference found at search path location "{RawFileName}".
             This reference is not "CopyLocal" because at least one source item had "Private" set to "false" and no source items had "Private" set to "true".
   3:6>ResolveAssemblyReferences:
                 Private = 'false'
   4:6>ResolveAssemblyReferences:
             The ImageRuntimeVersion for this reference is "".
         Primary reference "System.Drawing.Primitives, Version=8.0.0.0, Culture=neutral, PublicKeyToken=b03f5f7f11d50a3a".
             Resolved file path is "/usr/lib64/dotnet/packs/Microsoft.NETCore.App.Ref/8.0.22/ref/net8.0/System.Drawing.Primitives.dll".
   3:6>ResolveAssemblyReferences:
             /usr/lib64/dotnet/packs/Microsoft.NETCore.App.Ref/8.0.22/ref/net8.0/System.Text.Encoding.CodePages.dll
   4:6>ResolveAssemblyReferences:
             Reference found at search path location "{RawFileName}".
             This reference is not "CopyLocal" because at least one source item had "Private" set to "false" and no source items had "Private" set to "true".
             The ImageRuntimeVersion for this reference is "".
   3:6>ResolveAssemblyReferences:
                 Private = 'false'
   4:6>ResolveAssemblyReferences:
         Primary reference "System.Drawing, Version=4.0.0.0, Culture=neutral, PublicKeyToken=b03f5f7f11d50a3a".
             Resolved file path is "/usr/lib64/dotnet/packs/Microsoft.NETCore.App.Ref/8.0.22/ref/net8.0/System.Drawing.dll".
             Reference found at search path location "{RawFileName}".
   3:6>ResolveAssemblyReferences:
             /usr/lib64/dotnet/packs/Microsoft.NETCore.App.Ref/8.0.22/ref/net8.0/System.Text.Encoding.Extensions.dll
   4:6>ResolveAssemblyReferences:
             This reference is not "CopyLocal" because at least one source item had "Private" set to "false" and no source items had "Private" set to "true".
             The ImageRuntimeVersion for this reference is "".
         Primary reference "System.Dynamic.Runtime, Version=8.0.0.0, Culture=neutral, PublicKeyToken=b03f5f7f11d50a3a".
   3:6>ResolveAssemblyReferences:
                 Private = 'false'
   4:6>ResolveAssemblyReferences:
             Resolved file path is "/usr/lib64/dotnet/packs/Microsoft.NETCore.App.Ref/8.0.22/ref/net8.0/System.Dynamic.Runtime.dll".
             Reference found at search path location "{RawFileName}".
             This reference is not "CopyLocal" because at least one source item had "Private" set to "false" and no source items had "Private" set to "true".
   3:6>ResolveAssemblyReferences:
             /usr/lib64/dotnet/packs/Microsoft.NETCore.App.Ref/8.0.22/ref/net8.0/System.Text.Encoding.dll
   4:6>ResolveAssemblyReferences:
             The ImageRuntimeVersion for this reference is "".
         Primary reference "System.Formats.Asn1, Version=8.0.0.0, Culture=neutral, PublicKeyToken=cc7b13ffcd2ddd51".
             Resolved file path is "/usr/lib64/dotnet/packs/Microsoft.NETCore.App.Ref/8.0.22/ref/net8.0/System.Formats.Asn1.dll".
   3:6>ResolveAssemblyReferences:
                 Private = 'false'
   4:6>ResolveAssemblyReferences:
             Reference found at search path location "{RawFileName}".
             This reference is not "CopyLocal" because at least one source item had "Private" set to "false" and no source items had "Private" set to "true".
             The ImageRuntimeVersion for this reference is "".
         Primary reference "System.Formats.Tar, Version=8.0.0.0, Culture=neutral, PublicKeyToken=cc7b13ffcd2ddd51".
   3:6>ResolveAssemblyReferences:
             /usr/lib64/dotnet/packs/Microsoft.NETCore.App.Ref/8.0.22/ref/net8.0/System.Text.Encodings.Web.dll
   4:6>ResolveAssemblyReferences:
             Resolved file path is "/usr/lib64/dotnet/packs/Microsoft.NETCore.App.Ref/8.0.22/ref/net8.0/System.Formats.Tar.dll".
             Reference found at search path location "{RawFileName}".
             This reference is not "CopyLocal" because at least one source item had "Private" set to "false" and no source items had "Private" set to "true".
   3:6>ResolveAssemblyReferences:
                 Private = 'false'
   4:6>ResolveAssemblyReferences:
             The ImageRuntimeVersion for this reference is "".
         Primary reference "System.Globalization.Calendars, Version=8.0.0.0, Culture=neutral, PublicKeyToken=b03f5f7f11d50a3a".
             Resolved file path is "/usr/lib64/dotnet/packs/Microsoft.NETCore.App.Ref/8.0.22/ref/net8.0/System.Globalization.Calendars.dll".
   3:6>ResolveAssemblyReferences:
             /usr/lib64/dotnet/packs/Microsoft.NETCore.App.Ref/8.0.22/ref/net8.0/System.Text.Json.dll
   4:6>ResolveAssemblyReferences:
             Reference found at search path location "{RawFileName}".
             This reference is not "CopyLocal" because at least one source item had "Private" set to "false" and no source items had "Private" set to "true".
             The ImageRuntimeVersion for this reference is "".
   3:6>ResolveAssemblyReferences:
                 Private = 'false'
   4:6>ResolveAssemblyReferences:
         Primary reference "System.Globalization.Extensions, Version=8.0.0.0, Culture=neutral, PublicKeyToken=b03f5f7f11d50a3a".
             Resolved file path is "/usr/lib64/dotnet/packs/Microsoft.NETCore.App.Ref/8.0.22/ref/net8.0/System.Globalization.Extensions.dll".
             Reference found at search path location "{RawFileName}".
   3:6>ResolveAssemblyReferences:
             /usr/lib64/dotnet/packs/Microsoft.NETCore.App.Ref/8.0.22/ref/net8.0/System.Text.RegularExpressions.dll
   4:6>ResolveAssemblyReferences:
             This reference is not "CopyLocal" because at least one source item had "Private" set to "false" and no source items had "Private" set to "true".
             The ImageRuntimeVersion for this reference is "".
         Primary reference "System.Globalization, Version=8.0.0.0, Culture=neutral, PublicKeyToken=b03f5f7f11d50a3a".
   3:6>ResolveAssemblyReferences:
                 Private = 'false'
   4:6>ResolveAssemblyReferences:
             Resolved file path is "/usr/lib64/dotnet/packs/Microsoft.NETCore.App.Ref/8.0.22/ref/net8.0/System.Globalization.dll".
             Reference found at search path location "{RawFileName}".
             This reference is not "CopyLocal" because at least one source item had "Private" set to "false" and no source items had "Private" set to "true".
   3:6>ResolveAssemblyReferences:
             /usr/lib64/dotnet/packs/Microsoft.NETCore.App.Ref/8.0.22/ref/net8.0/System.Threading.Channels.dll
   4:6>ResolveAssemblyReferences:
             The ImageRuntimeVersion for this reference is "".
         Primary reference "System.IO.Compression.Brotli, Version=8.0.0.0, Culture=neutral, PublicKeyToken=b77a5c561934e089".
             Resolved file path is "/usr/lib64/dotnet/packs/Microsoft.NETCore.App.Ref/8.0.22/ref/net8.0/System.IO.Compression.Brotli.dll".
   3:6>ResolveAssemblyReferences:
                 Private = 'false'
   4:6>ResolveAssemblyReferences:
             Reference found at search path location "{RawFileName}".
             This reference is not "CopyLocal" because at least one source item had "Private" set to "false" and no source items had "Private" set to "true".
             The ImageRuntimeVersion for this reference is "".
   3:6>ResolveAssemblyReferences:
             /usr/lib64/dotnet/packs/Microsoft.NETCore.App.Ref/8.0.22/ref/net8.0/System.Threading.Overlapped.dll
   4:6>ResolveAssemblyReferences:
         Primary reference "System.IO.Compression.FileSystem, Version=4.0.0.0, Culture=neutral, PublicKeyToken=b77a5c561934e089".
             Resolved file path is "/usr/lib64/dotnet/packs/Microsoft.NETCore.App.Ref/8.0.22/ref/net8.0/System.IO.Compression.FileSystem.dll".
             Reference found at search path location "{RawFileName}".
   3:6>ResolveAssemblyReferences:
                 Private = 'false'
   4:6>ResolveAssemblyReferences:
             This reference is not "CopyLocal" because at least one source item had "Private" set to "false" and no source items had "Private" set to "true".
             The ImageRuntimeVersion for this reference is "".
         Primary reference "System.IO.Compression.ZipFile, Version=8.0.0.0, Culture=neutral, PublicKeyToken=b77a5c561934e089".
   3:6>ResolveAssemblyReferences:
             /usr/lib64/dotnet/packs/Microsoft.NETCore.App.Ref/8.0.22/ref/net8.0/System.Threading.Tasks.Dataflow.dll
   4:6>ResolveAssemblyReferences:
             Resolved file path is "/usr/lib64/dotnet/packs/Microsoft.NETCore.App.Ref/8.0.22/ref/net8.0/System.IO.Compression.ZipFile.dll".
             Reference found at search path location "{RawFileName}".
             This reference is not "CopyLocal" because at least one source item had "Private" set to "false" and no source items had "Private" set to "true".
   3:6>ResolveAssemblyReferences:
                 Private = 'false'
   4:6>ResolveAssemblyReferences:
             The ImageRuntimeVersion for this reference is "".
         Primary reference "System.IO.Compression, Version=8.0.0.0, Culture=neutral, PublicKeyToken=b77a5c561934e089".
             Resolved file path is "/usr/lib64/dotnet/packs/Microsoft.NETCore.App.Ref/8.0.22/ref/net8.0/System.IO.Compression.dll".
             Reference found at search path location "{RawFileName}".
   3:6>ResolveAssemblyReferences:
             /usr/lib64/dotnet/packs/Microsoft.NETCore.App.Ref/8.0.22/ref/net8.0/System.Threading.Tasks.Extensions.dll
   4:6>ResolveAssemblyReferences:
             This reference is not "CopyLocal" because at least one source item had "Private" set to "false" and no source items had "Private" set to "true".
             The ImageRuntimeVersion for this reference is "".
         Primary reference "System.IO.FileSystem.AccessControl, Version=8.0.0.0, Culture=neutral, PublicKeyToken=b03f5f7f11d50a3a".
   3:6>ResolveAssemblyReferences:
                 Private = 'false'
   4:6>ResolveAssemblyReferences:
             Resolved file path is "/usr/lib64/dotnet/packs/Microsoft.NETCore.App.Ref/8.0.22/ref/net8.0/System.IO.FileSystem.AccessControl.dll".
             Reference found at search path location "{RawFileName}".
             This reference is not "CopyLocal" because at least one source item had "Private" set to "false" and no source items had "Private" set to "true".
   3:6>ResolveAssemblyReferences:
             /usr/lib64/dotnet/packs/Microsoft.NETCore.App.Ref/8.0.22/ref/net8.0/System.Threading.Tasks.Parallel.dll
   4:6>ResolveAssemblyReferences:
             The ImageRuntimeVersion for this reference is "".
         Primary reference "System.IO.FileSystem.DriveInfo, Version=8.0.0.0, Culture=neutral, PublicKeyToken=b03f5f7f11d50a3a".
             Resolved file path is "/usr/lib64/dotnet/packs/Microsoft.NETCore.App.Ref/8.0.22/ref/net8.0/System.IO.FileSystem.DriveInfo.dll".
   3:6>ResolveAssemblyReferences:
                 Private = 'false'
   4:6>ResolveAssemblyReferences:
             Reference found at search path location "{RawFileName}".
             This reference is not "CopyLocal" because at least one source item had "Private" set to "false" and no source items had "Private" set to "true".
             The ImageRuntimeVersion for this reference is "".
   3:6>ResolveAssemblyReferences:
             /usr/lib64/dotnet/packs/Microsoft.NETCore.App.Ref/8.0.22/ref/net8.0/System.Threading.Tasks.dll
   4:6>ResolveAssemblyReferences:
         Primary reference "System.IO.FileSystem.Primitives, Version=8.0.0.0, Culture=neutral, PublicKeyToken=b03f5f7f11d50a3a".
             Resolved file path is "/usr/lib64/dotnet/packs/Microsoft.NETCore.App.Ref/8.0.22/ref/net8.0/System.IO.FileSystem.Primitives.dll".
             Reference found at search path location "{RawFileName}".
   3:6>ResolveAssemblyReferences:
                 Private = 'false'
   4:6>ResolveAssemblyReferences:
             This reference is not "CopyLocal" because at least one source item had "Private" set to "false" and no source items had "Private" set to "true".
             The ImageRuntimeVersion for this reference is "".
         Primary reference "System.IO.FileSystem.Watcher, Version=8.0.0.0, Culture=neutral, PublicKeyToken=b03f5f7f11d50a3a".
   3:6>ResolveAssemblyReferences:
             /usr/lib64/dotnet/packs/Microsoft.NETCore.App.Ref/8.0.22/ref/net8.0/System.Threading.Thread.dll
   4:6>ResolveAssemblyReferences:
             Resolved file path is "/usr/lib64/dotnet/packs/Microsoft.NETCore.App.Ref/8.0.22/ref/net8.0/System.IO.FileSystem.Watcher.dll".
             Reference found at search path location "{RawFileName}".
             This reference is not "CopyLocal" because at least one source item had "Private" set to "false" and no source items had "Private" set to "true".
   3:6>ResolveAssemblyReferences:
                 Private = 'false'
   4:6>ResolveAssemblyReferences:
             The ImageRuntimeVersion for this reference is "".
         Primary reference "System.IO.FileSystem, Version=8.0.0.0, Culture=neutral, PublicKeyToken=b03f5f7f11d50a3a".
             Resolved file path is "/usr/lib64/dotnet/packs/Microsoft.NETCore.App.Ref/8.0.22/ref/net8.0/System.IO.FileSystem.dll".
   3:6>ResolveAssemblyReferences:
             /usr/lib64/dotnet/packs/Microsoft.NETCore.App.Ref/8.0.22/ref/net8.0/System.Threading.ThreadPool.dll
   4:6>ResolveAssemblyReferences:
             Reference found at search path location "{RawFileName}".
             This reference is not "CopyLocal" because at least one source item had "Private" set to "false" and no source items had "Private" set to "true".
             The ImageRuntimeVersion for this reference is "".
   3:6>ResolveAssemblyReferences:
                 Private = 'false'
   4:6>ResolveAssemblyReferences:
         Primary reference "System.IO.IsolatedStorage, Version=8.0.0.0, Culture=neutral, PublicKeyToken=b03f5f7f11d50a3a".
             Resolved file path is "/usr/lib64/dotnet/packs/Microsoft.NETCore.App.Ref/8.0.22/ref/net8.0/System.IO.IsolatedStorage.dll".
   3:6>ResolveAssemblyReferences:
             /usr/lib64/dotnet/packs/Microsoft.NETCore.App.Ref/8.0.22/ref/net8.0/System.Threading.Timer.dll
   4:6>ResolveAssemblyReferences:
             Reference found at search path location "{RawFileName}".
             This reference is not "CopyLocal" because at least one source item had "Private" set to "false" and no source items had "Private" set to "true".
             The ImageRuntimeVersion for this reference is "".
   3:6>ResolveAssemblyReferences:
                 Private = 'false'
   4:6>ResolveAssemblyReferences:
         Primary reference "System.IO.MemoryMappedFiles, Version=8.0.0.0, Culture=neutral, PublicKeyToken=b03f5f7f11d50a3a".
             Resolved file path is "/usr/lib64/dotnet/packs/Microsoft.NETCore.App.Ref/8.0.22/ref/net8.0/System.IO.MemoryMappedFiles.dll".
             Reference found at search path location "{RawFileName}".
   3:6>ResolveAssemblyReferences:
             /usr/lib64/dotnet/packs/Microsoft.NETCore.App.Ref/8.0.22/ref/net8.0/System.Threading.dll
   4:6>ResolveAssemblyReferences:
             This reference is not "CopyLocal" because at least one source item had "Private" set to "false" and no source items had "Private" set to "true".
             The ImageRuntimeVersion for this reference is "".
         Primary reference "System.IO.Pipes.AccessControl, Version=8.0.0.0, Culture=neutral, PublicKeyToken=b03f5f7f11d50a3a".
   3:6>ResolveAssemblyReferences:
                 Private = 'false'
   4:6>ResolveAssemblyReferences:
             Resolved file path is "/usr/lib64/dotnet/packs/Microsoft.NETCore.App.Ref/8.0.22/ref/net8.0/System.IO.Pipes.AccessControl.dll".
             Reference found at search path location "{RawFileName}".
             This reference is not "CopyLocal" because at least one source item had "Private" set to "false" and no source items had "Private" set to "true".
   3:6>ResolveAssemblyReferences:
             /usr/lib64/dotnet/packs/Microsoft.NETCore.App.Ref/8.0.22/ref/net8.0/System.Transactions.Local.dll
   4:6>ResolveAssemblyReferences:
             The ImageRuntimeVersion for this reference is "".
         Primary reference "System.IO.Pipes, Version=8.0.0.0, Culture=neutral, PublicKeyToken=b03f5f7f11d50a3a".
             Resolved file path is "/usr/lib64/dotnet/packs/Microsoft.NETCore.App.Ref/8.0.22/ref/net8.0/System.IO.Pipes.dll".
   3:6>ResolveAssemblyReferences:
                 Private = 'false'
   4:6>ResolveAssemblyReferences:
             Reference found at search path location "{RawFileName}".
             This reference is not "CopyLocal" because at least one source item had "Private" set to "false" and no source items had "Private" set to "true".
             The ImageRuntimeVersion for this reference is "".
   3:6>ResolveAssemblyReferences:
             /usr/lib64/dotnet/packs/Microsoft.NETCore.App.Ref/8.0.22/ref/net8.0/System.Transactions.dll
   4:6>ResolveAssemblyReferences:
         Primary reference "System.IO.UnmanagedMemoryStream, Version=8.0.0.0, Culture=neutral, PublicKeyToken=b03f5f7f11d50a3a".
             Resolved file path is "/usr/lib64/dotnet/packs/Microsoft.NETCore.App.Ref/8.0.22/ref/net8.0/System.IO.UnmanagedMemoryStream.dll".
   3:6>ResolveAssemblyReferences:
                 Private = 'false'
   4:6>ResolveAssemblyReferences:
             Reference found at search path location "{RawFileName}".
             This reference is not "CopyLocal" because at least one source item had "Private" set to "false" and no source items had "Private" set to "true".
             The ImageRuntimeVersion for this reference is "".
   3:6>ResolveAssemblyReferences:
             /usr/lib64/dotnet/packs/Microsoft.NETCore.App.Ref/8.0.22/ref/net8.0/System.ValueTuple.dll
   4:6>ResolveAssemblyReferences:
         Primary reference "System.IO, Version=8.0.0.0, Culture=neutral, PublicKeyToken=b03f5f7f11d50a3a".
             Resolved file path is "/usr/lib64/dotnet/packs/Microsoft.NETCore.App.Ref/8.0.22/ref/net8.0/System.IO.dll".
             Reference found at search path location "{RawFileName}".
             This reference is not "CopyLocal" because at least one source item had "Private" set to "false" and no source items had "Private" set to "true".
   3:6>ResolveAssemblyReferences:
                 Private = 'false'
   4:6>ResolveAssemblyReferences:
             The ImageRuntimeVersion for this reference is "".
         Primary reference "System.Linq.Expressions, Version=8.0.0.0, Culture=neutral, PublicKeyToken=b03f5f7f11d50a3a".
             Resolved file path is "/usr/lib64/dotnet/packs/Microsoft.NETCore.App.Ref/8.0.22/ref/net8.0/System.Linq.Expressions.dll".
   3:6>ResolveAssemblyReferences:
             /usr/lib64/dotnet/packs/Microsoft.NETCore.App.Ref/8.0.22/ref/net8.0/System.Web.HttpUtility.dll
   4:6>ResolveAssemblyReferences:
             Reference found at search path location "{RawFileName}".
             This reference is not "CopyLocal" because at least one source item had "Private" set to "false" and no source items had "Private" set to "true".
             The ImageRuntimeVersion for this reference is "".
         Primary reference "System.Linq.Parallel, Version=8.0.0.0, Culture=neutral, PublicKeyToken=b03f5f7f11d50a3a".
   3:6>ResolveAssemblyReferences:
                 Private = 'false'
   4:6>ResolveAssemblyReferences:
             Resolved file path is "/usr/lib64/dotnet/packs/Microsoft.NETCore.App.Ref/8.0.22/ref/net8.0/System.Linq.Parallel.dll".
             Reference found at search path location "{RawFileName}".
             This reference is not "CopyLocal" because at least one source item had "Private" set to "false" and no source items had "Private" set to "true".
   3:6>ResolveAssemblyReferences:
             /usr/lib64/dotnet/packs/Microsoft.NETCore.App.Ref/8.0.22/ref/net8.0/System.Web.dll
   4:6>ResolveAssemblyReferences:
             The ImageRuntimeVersion for this reference is "".
         Primary reference "System.Linq.Queryable, Version=8.0.0.0, Culture=neutral, PublicKeyToken=b03f5f7f11d50a3a".
             Resolved file path is "/usr/lib64/dotnet/packs/Microsoft.NETCore.App.Ref/8.0.22/ref/net8.0/System.Linq.Queryable.dll".
   3:6>ResolveAssemblyReferences:
                 Private = 'false'
   4:6>ResolveAssemblyReferences:
             Reference found at search path location "{RawFileName}".
             This reference is not "CopyLocal" because at least one source item had "Private" set to "false" and no source items had "Private" set to "true".
             The ImageRuntimeVersion for this reference is "".
   3:6>ResolveAssemblyReferences:
             /usr/lib64/dotnet/packs/Microsoft.NETCore.App.Ref/8.0.22/ref/net8.0/System.Windows.dll
   4:6>ResolveAssemblyReferences:
         Primary reference "System.Linq, Version=8.0.0.0, Culture=neutral, PublicKeyToken=b03f5f7f11d50a3a".
             Resolved file path is "/usr/lib64/dotnet/packs/Microsoft.NETCore.App.Ref/8.0.22/ref/net8.0/System.Linq.dll".
             Reference found at search path location "{RawFileName}".
   3:6>ResolveAssemblyReferences:
                 Private = 'false'
   4:6>ResolveAssemblyReferences:
             This reference is not "CopyLocal" because at least one source item had "Private" set to "false" and no source items had "Private" set to "true".
             The ImageRuntimeVersion for this reference is "".
         Primary reference "System.Memory, Version=8.0.0.0, Culture=neutral, PublicKeyToken=cc7b13ffcd2ddd51".
   3:6>ResolveAssemblyReferences:
             /usr/lib64/dotnet/packs/Microsoft.NETCore.App.Ref/8.0.22/ref/net8.0/System.Xml.Linq.dll
   4:6>ResolveAssemblyReferences:
             Resolved file path is "/usr/lib64/dotnet/packs/Microsoft.NETCore.App.Ref/8.0.22/ref/net8.0/System.Memory.dll".
             Reference found at search path location "{RawFileName}".
             This reference is not "CopyLocal" because at least one source item had "Private" set to "false" and no source items had "Private" set to "true".
   3:6>ResolveAssemblyReferences:
                 Private = 'false'
   4:6>ResolveAssemblyReferences:
             The ImageRuntimeVersion for this reference is "".
         Primary reference "System.Net.Http.Json, Version=8.0.0.0, Culture=neutral, PublicKeyToken=cc7b13ffcd2ddd51".
             Resolved file path is "/usr/lib64/dotnet/packs/Microsoft.NETCore.App.Ref/8.0.22/ref/net8.0/System.Net.Http.Json.dll".
   3:6>ResolveAssemblyReferences:
             /usr/lib64/dotnet/packs/Microsoft.NETCore.App.Ref/8.0.22/ref/net8.0/System.Xml.ReaderWriter.dll
   4:6>ResolveAssemblyReferences:
             Reference found at search path location "{RawFileName}".
             This reference is not "CopyLocal" because at least one source item had "Private" set to "false" and no source items had "Private" set to "true".
             The ImageRuntimeVersion for this reference is "".
   3:6>ResolveAssemblyReferences:
                 Private = 'false'
   4:6>ResolveAssemblyReferences:
         Primary reference "System.Net.Http, Version=8.0.0.0, Culture=neutral, PublicKeyToken=b03f5f7f11d50a3a".
             Resolved file path is "/usr/lib64/dotnet/packs/Microsoft.NETCore.App.Ref/8.0.22/ref/net8.0/System.Net.Http.dll".
             Reference found at search path location "{RawFileName}".
   3:6>ResolveAssemblyReferences:
             /usr/lib64/dotnet/packs/Microsoft.NETCore.App.Ref/8.0.22/ref/net8.0/System.Xml.Serialization.dll
   4:6>ResolveAssemblyReferences:
             This reference is not "CopyLocal" because at least one source item had "Private" set to "false" and no source items had "Private" set to "true".
             The ImageRuntimeVersion for this reference is "".
         Primary reference "System.Net.HttpListener, Version=8.0.0.0, Culture=neutral, PublicKeyToken=cc7b13ffcd2ddd51".
   3:6>ResolveAssemblyReferences:
                 Private = 'false'
   4:6>ResolveAssemblyReferences:
             Resolved file path is "/usr/lib64/dotnet/packs/Microsoft.NETCore.App.Ref/8.0.22/ref/net8.0/System.Net.HttpListener.dll".
             Reference found at search path location "{RawFileName}".
             This reference is not "CopyLocal" because at least one source item had "Private" set to "false" and no source items had "Private" set to "true".
             The ImageRuntimeVersion for this reference is "".
   3:6>ResolveAssemblyReferences:
             /usr/lib64/dotnet/packs/Microsoft.NETCore.App.Ref/8.0.22/ref/net8.0/System.Xml.XDocument.dll
   4:6>ResolveAssemblyReferences:
         Primary reference "System.Net.Mail, Version=8.0.0.0, Culture=neutral, PublicKeyToken=cc7b13ffcd2ddd51".
             Resolved file path is "/usr/lib64/dotnet/packs/Microsoft.NETCore.App.Ref/8.0.22/ref/net8.0/System.Net.Mail.dll".
             Reference found at search path location "{RawFileName}".
   3:6>ResolveAssemblyReferences:
                 Private = 'false'
   4:6>ResolveAssemblyReferences:
             This reference is not "CopyLocal" because at least one source item had "Private" set to "false" and no source items had "Private" set to "true".
             The ImageRuntimeVersion for this reference is "".
         Primary reference "System.Net.NameResolution, Version=8.0.0.0, Culture=neutral, PublicKeyToken=b03f5f7f11d50a3a".
   3:6>ResolveAssemblyReferences:
             /usr/lib64/dotnet/packs/Microsoft.NETCore.App.Ref/8.0.22/ref/net8.0/System.Xml.XPath.XDocument.dll
   4:6>ResolveAssemblyReferences:
             Resolved file path is "/usr/lib64/dotnet/packs/Microsoft.NETCore.App.Ref/8.0.22/ref/net8.0/System.Net.NameResolution.dll".
             Reference found at search path location "{RawFileName}".
             This reference is not "CopyLocal" because at least one source item had "Private" set to "false" and no source items had "Private" set to "true".
   3:6>ResolveAssemblyReferences:
                 Private = 'false'
   4:6>ResolveAssemblyReferences:
             The ImageRuntimeVersion for this reference is "".
         Primary reference "System.Net.NetworkInformation, Version=8.0.0.0, Culture=neutral, PublicKeyToken=b03f5f7f11d50a3a".
             Resolved file path is "/usr/lib64/dotnet/packs/Microsoft.NETCore.App.Ref/8.0.22/ref/net8.0/System.Net.NetworkInformation.dll".
   3:6>ResolveAssemblyReferences:
             /usr/lib64/dotnet/packs/Microsoft.NETCore.App.Ref/8.0.22/ref/net8.0/System.Xml.XPath.dll
   4:6>ResolveAssemblyReferences:
             Reference found at search path location "{RawFileName}".
             This reference is not "CopyLocal" because at least one source item had "Private" set to "false" and no source items had "Private" set to "true".
             The ImageRuntimeVersion for this reference is "".
   3:6>ResolveAssemblyReferences:
                 Private = 'false'
   4:6>ResolveAssemblyReferences:
         Primary reference "System.Net.Ping, Version=8.0.0.0, Culture=neutral, PublicKeyToken=b03f5f7f11d50a3a".
             Resolved file path is "/usr/lib64/dotnet/packs/Microsoft.NETCore.App.Ref/8.0.22/ref/net8.0/System.Net.Ping.dll".
             Reference found at search path location "{RawFileName}".
   3:6>ResolveAssemblyReferences:
             /usr/lib64/dotnet/packs/Microsoft.NETCore.App.Ref/8.0.22/ref/net8.0/System.Xml.XmlDocument.dll
   4:6>ResolveAssemblyReferences:
             This reference is not "CopyLocal" because at least one source item had "Private" set to "false" and no source items had "Private" set to "true".
             The ImageRuntimeVersion for this reference is "".
         Primary reference "System.Net.Primitives, Version=8.0.0.0, Culture=neutral, PublicKeyToken=b03f5f7f11d50a3a".
   3:6>ResolveAssemblyReferences:
                 Private = 'false'
   4:6>ResolveAssemblyReferences:
             Resolved file path is "/usr/lib64/dotnet/packs/Microsoft.NETCore.App.Ref/8.0.22/ref/net8.0/System.Net.Primitives.dll".
             Reference found at search path location "{RawFileName}".
             This reference is not "CopyLocal" because at least one source item had "Private" set to "false" and no source items had "Private" set to "true".
             The ImageRuntimeVersion for this reference is "".
   3:6>ResolveAssemblyReferences:
             /usr/lib64/dotnet/packs/Microsoft.NETCore.App.Ref/8.0.22/ref/net8.0/System.Xml.XmlSerializer.dll
   4:6>ResolveAssemblyReferences:
         Primary reference "System.Net.Quic, Version=8.0.0.0, Culture=neutral, PublicKeyToken=b03f5f7f11d50a3a".
             Resolved file path is "/usr/lib64/dotnet/packs/Microsoft.NETCore.App.Ref/8.0.22/ref/net8.0/System.Net.Quic.dll".
             Reference found at search path location "{RawFileName}".
   3:6>ResolveAssemblyReferences:
                 Private = 'false'
   4:6>ResolveAssemblyReferences:
             This reference is not "CopyLocal" because at least one source item had "Private" set to "false" and no source items had "Private" set to "true".
             The ImageRuntimeVersion for this reference is "".
         Primary reference "System.Net.Requests, Version=8.0.0.0, Culture=neutral, PublicKeyToken=b03f5f7f11d50a3a".
   3:6>ResolveAssemblyReferences:
             /usr/lib64/dotnet/packs/Microsoft.NETCore.App.Ref/8.0.22/ref/net8.0/System.Xml.dll
   4:6>ResolveAssemblyReferences:
             Resolved file path is "/usr/lib64/dotnet/packs/Microsoft.NETCore.App.Ref/8.0.22/ref/net8.0/System.Net.Requests.dll".
             Reference found at search path location "{RawFileName}".
             This reference is not "CopyLocal" because at least one source item had "Private" set to "false" and no source items had "Private" set to "true".
   3:6>ResolveAssemblyReferences:
                 Private = 'false'
   4:6>ResolveAssemblyReferences:
             The ImageRuntimeVersion for this reference is "".
         Primary reference "System.Net.Security, Version=8.0.0.0, Culture=neutral, PublicKeyToken=b03f5f7f11d50a3a".
             Resolved file path is "/usr/lib64/dotnet/packs/Microsoft.NETCore.App.Ref/8.0.22/ref/net8.0/System.Net.Security.dll".
   3:6>ResolveAssemblyReferences:
             /usr/lib64/dotnet/packs/Microsoft.NETCore.App.Ref/8.0.22/ref/net8.0/System.dll
   4:6>ResolveAssemblyReferences:
             Reference found at search path location "{RawFileName}".
             This reference is not "CopyLocal" because at least one source item had "Private" set to "false" and no source items had "Private" set to "true".
             The ImageRuntimeVersion for this reference is "".
         Primary reference "System.Net.ServicePoint, Version=8.0.0.0, Culture=neutral, PublicKeyToken=cc7b13ffcd2ddd51".
   3:6>ResolveAssemblyReferences:
                 Private = 'false'
   4:6>ResolveAssemblyReferences:
             Resolved file path is "/usr/lib64/dotnet/packs/Microsoft.NETCore.App.Ref/8.0.22/ref/net8.0/System.Net.ServicePoint.dll".
             Reference found at search path location "{RawFileName}".
             This reference is not "CopyLocal" because at least one source item had "Private" set to "false" and no source items had "Private" set to "true".
   3:6>ResolveAssemblyReferences:
             /usr/lib64/dotnet/packs/Microsoft.NETCore.App.Ref/8.0.22/ref/net8.0/WindowsBase.dll
   4:6>ResolveAssemblyReferences:
             The ImageRuntimeVersion for this reference is "".
         Primary reference "System.Net.Sockets, Version=8.0.0.0, Culture=neutral, PublicKeyToken=b03f5f7f11d50a3a".
             Resolved file path is "/usr/lib64/dotnet/packs/Microsoft.NETCore.App.Ref/8.0.22/ref/net8.0/System.Net.Sockets.dll".
   3:6>ResolveAssemblyReferences:
                 Private = 'false'
   4:6>ResolveAssemblyReferences:
             Reference found at search path location "{RawFileName}".
             This reference is not "CopyLocal" because at least one source item had "Private" set to "false" and no source items had "Private" set to "true".
             The ImageRuntimeVersion for this reference is "".
   3:6>ResolveAssemblyReferences:
             /usr/lib64/dotnet/packs/Microsoft.NETCore.App.Ref/8.0.22/ref/net8.0/mscorlib.dll
   4:6>ResolveAssemblyReferences:
         Primary reference "System.Net.WebClient, Version=8.0.0.0, Culture=neutral, PublicKeyToken=cc7b13ffcd2ddd51".
             Resolved file path is "/usr/lib64/dotnet/packs/Microsoft.NETCore.App.Ref/8.0.22/ref/net8.0/System.Net.WebClient.dll".
             Reference found at search path location "{RawFileName}".
   3:6>ResolveAssemblyReferences:
                 Private = 'false'
   4:6>ResolveAssemblyReferences:
             This reference is not "CopyLocal" because at least one source item had "Private" set to "false" and no source items had "Private" set to "true".
             The ImageRuntimeVersion for this reference is "".
         Primary reference "System.Net.WebHeaderCollection, Version=8.0.0.0, Culture=neutral, PublicKeyToken=b03f5f7f11d50a3a".
   3:6>ResolveAssemblyReferences:
             /usr/lib64/dotnet/packs/Microsoft.NETCore.App.Ref/8.0.22/ref/net8.0/netstandard.dll
   4:6>ResolveAssemblyReferences:
             Resolved file path is "/usr/lib64/dotnet/packs/Microsoft.NETCore.App.Ref/8.0.22/ref/net8.0/System.Net.WebHeaderCollection.dll".
             Reference found at search path location "{RawFileName}".
             This reference is not "CopyLocal" because at least one source item had "Private" set to "false" and no source items had "Private" set to "true".
   3:6>ResolveAssemblyReferences:
                 Private = 'false'
   4:6>ResolveAssemblyReferences:
             The ImageRuntimeVersion for this reference is "".
         Primary reference "System.Net.WebProxy, Version=8.0.0.0, Culture=neutral, PublicKeyToken=cc7b13ffcd2ddd51".
             Resolved file path is "/usr/lib64/dotnet/packs/Microsoft.NETCore.App.Ref/8.0.22/ref/net8.0/System.Net.WebProxy.dll".
   3:6>ResolveAssemblyReferences:
             /usr/lib64/dotnet/packs/Microsoft.AspNetCore.App.Ref/8.0.22/ref/net8.0/Microsoft.AspNetCore.Antiforgery.dll
   4:6>ResolveAssemblyReferences:
             Reference found at search path location "{RawFileName}".
             This reference is not "CopyLocal" because at least one source item had "Private" set to "false" and no source items had "Private" set to "true".
             The ImageRuntimeVersion for this reference is "".
         Primary reference "System.Net.WebSockets.Client, Version=8.0.0.0, Culture=neutral, PublicKeyToken=b03f5f7f11d50a3a".
   3:6>ResolveAssemblyReferences:
                 Private = 'false'
   4:6>ResolveAssemblyReferences:
             Resolved file path is "/usr/lib64/dotnet/packs/Microsoft.NETCore.App.Ref/8.0.22/ref/net8.0/System.Net.WebSockets.Client.dll".
             Reference found at search path location "{RawFileName}".
             This reference is not "CopyLocal" because at least one source item had "Private" set to "false" and no source items had "Private" set to "true".
   3:6>ResolveAssemblyReferences:
             /usr/lib64/dotnet/packs/Microsoft.AspNetCore.App.Ref/8.0.22/ref/net8.0/Microsoft.AspNetCore.Authentication.Abstractions.dll
   4:6>ResolveAssemblyReferences:
             The ImageRuntimeVersion for this reference is "".
         Primary reference "System.Net.WebSockets, Version=8.0.0.0, Culture=neutral, PublicKeyToken=b03f5f7f11d50a3a".
             Resolved file path is "/usr/lib64/dotnet/packs/Microsoft.NETCore.App.Ref/8.0.22/ref/net8.0/System.Net.WebSockets.dll".
   3:6>ResolveAssemblyReferences:
                 Private = 'false'
   4:6>ResolveAssemblyReferences:
             Reference found at search path location "{RawFileName}".
             This reference is not "CopyLocal" because at least one source item had "Private" set to "false" and no source items had "Private" set to "true".
             The ImageRuntimeVersion for this reference is "".
   3:6>ResolveAssemblyReferences:
             /usr/lib64/dotnet/packs/Microsoft.AspNetCore.App.Ref/8.0.22/ref/net8.0/Microsoft.AspNetCore.Authentication.BearerToken.dll
   4:6>ResolveAssemblyReferences:
         Primary reference "System.Net, Version=4.0.0.0, Culture=neutral, PublicKeyToken=b03f5f7f11d50a3a".
             Resolved file path is "/usr/lib64/dotnet/packs/Microsoft.NETCore.App.Ref/8.0.22/ref/net8.0/System.Net.dll".
             Reference found at search path location "{RawFileName}".
   3:6>ResolveAssemblyReferences:
                 Private = 'false'
   4:6>ResolveAssemblyReferences:
             This reference is not "CopyLocal" because at least one source item had "Private" set to "false" and no source items had "Private" set to "true".
             The ImageRuntimeVersion for this reference is "".
         Primary reference "System.Numerics.Vectors, Version=8.0.0.0, Culture=neutral, PublicKeyToken=b03f5f7f11d50a3a".
   3:6>ResolveAssemblyReferences:
             /usr/lib64/dotnet/packs/Microsoft.AspNetCore.App.Ref/8.0.22/ref/net8.0/Microsoft.AspNetCore.Authentication.Cookies.dll
   4:6>ResolveAssemblyReferences:
             Resolved file path is "/usr/lib64/dotnet/packs/Microsoft.NETCore.App.Ref/8.0.22/ref/net8.0/System.Numerics.Vectors.dll".
             Reference found at search path location "{RawFileName}".
             This reference is not "CopyLocal" because at least one source item had "Private" set to "false" and no source items had "Private" set to "true".
   3:6>ResolveAssemblyReferences:
                 Private = 'false'
   4:6>ResolveAssemblyReferences:
             The ImageRuntimeVersion for this reference is "".
         Primary reference "System.Numerics, Version=4.0.0.0, Culture=neutral, PublicKeyToken=b77a5c561934e089".
             Resolved file path is "/usr/lib64/dotnet/packs/Microsoft.NETCore.App.Ref/8.0.22/ref/net8.0/System.Numerics.dll".
   3:6>ResolveAssemblyReferences:
             /usr/lib64/dotnet/packs/Microsoft.AspNetCore.App.Ref/8.0.22/ref/net8.0/Microsoft.AspNetCore.Authentication.Core.dll
   4:6>ResolveAssemblyReferences:
             Reference found at search path location "{RawFileName}".
             This reference is not "CopyLocal" because at least one source item had "Private" set to "false" and no source items had "Private" set to "true".
             The ImageRuntimeVersion for this reference is "".
         Primary reference "System.ObjectModel, Version=8.0.0.0, Culture=neutral, PublicKeyToken=b03f5f7f11d50a3a".
   3:6>ResolveAssemblyReferences:
                 Private = 'false'
   4:6>ResolveAssemblyReferences:
             Resolved file path is "/usr/lib64/dotnet/packs/Microsoft.NETCore.App.Ref/8.0.22/ref/net8.0/System.ObjectModel.dll".
             Reference found at search path location "{RawFileName}".
             This reference is not "CopyLocal" because at least one source item had "Private" set to "false" and no source items had "Private" set to "true".
   3:6>ResolveAssemblyReferences:
             /usr/lib64/dotnet/packs/Microsoft.AspNetCore.App.Ref/8.0.22/ref/net8.0/Microsoft.AspNetCore.Authentication.OAuth.dll
   4:6>ResolveAssemblyReferences:
             The ImageRuntimeVersion for this reference is "".
         Primary reference "System.Reflection.DispatchProxy, Version=8.0.0.0, Culture=neutral, PublicKeyToken=b03f5f7f11d50a3a".
             Resolved file path is "/usr/lib64/dotnet/packs/Microsoft.NETCore.App.Ref/8.0.22/ref/net8.0/System.Reflection.DispatchProxy.dll".
   3:6>ResolveAssemblyReferences:
                 Private = 'false'
   4:6>ResolveAssemblyReferences:
             Reference found at search path location "{RawFileName}".
             This reference is not "CopyLocal" because at least one source item had "Private" set to "false" and no source items had "Private" set to "true".
             The ImageRuntimeVersion for this reference is "".
         Primary reference "System.Reflection.Emit.ILGeneration, Version=8.0.0.0, Culture=neutral, PublicKeyToken=b03f5f7f11d50a3a".
   3:6>ResolveAssemblyReferences:
             /usr/lib64/dotnet/packs/Microsoft.AspNetCore.App.Ref/8.0.22/ref/net8.0/Microsoft.AspNetCore.Authentication.dll
   4:6>ResolveAssemblyReferences:
             Resolved file path is "/usr/lib64/dotnet/packs/Microsoft.NETCore.App.Ref/8.0.22/ref/net8.0/System.Reflection.Emit.ILGeneration.dll".
             Reference found at search path location "{RawFileName}".
             This reference is not "CopyLocal" because at least one source item had "Private" set to "false" and no source items had "Private" set to "true".
   3:6>ResolveAssemblyReferences:
                 Private = 'false'
   4:6>ResolveAssemblyReferences:
             The ImageRuntimeVersion for this reference is "".
         Primary reference "System.Reflection.Emit.Lightweight, Version=8.0.0.0, Culture=neutral, PublicKeyToken=b03f5f7f11d50a3a".
             Resolved file path is "/usr/lib64/dotnet/packs/Microsoft.NETCore.App.Ref/8.0.22/ref/net8.0/System.Reflection.Emit.Lightweight.dll".
             Reference found at search path location "{RawFileName}".
   3:6>ResolveAssemblyReferences:
             /usr/lib64/dotnet/packs/Microsoft.AspNetCore.App.Ref/8.0.22/ref/net8.0/Microsoft.AspNetCore.Authorization.Policy.dll
   4:6>ResolveAssemblyReferences:
             This reference is not "CopyLocal" because at least one source item had "Private" set to "false" and no source items had "Private" set to "true".
             The ImageRuntimeVersion for this reference is "".
         Primary reference "System.Reflection.Emit, Version=8.0.0.0, Culture=neutral, PublicKeyToken=b03f5f7f11d50a3a".
   3:6>ResolveAssemblyReferences:
                 Private = 'false'
   4:6>ResolveAssemblyReferences:
             Resolved file path is "/usr/lib64/dotnet/packs/Microsoft.NETCore.App.Ref/8.0.22/ref/net8.0/System.Reflection.Emit.dll".
             Reference found at search path location "{RawFileName}".
             This reference is not "CopyLocal" because at least one source item had "Private" set to "false" and no source items had "Private" set to "true".
   3:6>ResolveAssemblyReferences:
             /usr/lib64/dotnet/packs/Microsoft.AspNetCore.App.Ref/8.0.22/ref/net8.0/Microsoft.AspNetCore.Authorization.dll
   4:6>ResolveAssemblyReferences:
             The ImageRuntimeVersion for this reference is "".
         Primary reference "System.Reflection.Extensions, Version=8.0.0.0, Culture=neutral, PublicKeyToken=b03f5f7f11d50a3a".
             Resolved file path is "/usr/lib64/dotnet/packs/Microsoft.NETCore.App.Ref/8.0.22/ref/net8.0/System.Reflection.Extensions.dll".
   3:6>ResolveAssemblyReferences:
                 Private = 'false'
   4:6>ResolveAssemblyReferences:
             Reference found at search path location "{RawFileName}".
             This reference is not "CopyLocal" because at least one source item had "Private" set to "false" and no source items had "Private" set to "true".
             The ImageRuntimeVersion for this reference is "".
   3:6>ResolveAssemblyReferences:
             /usr/lib64/dotnet/packs/Microsoft.AspNetCore.App.Ref/8.0.22/ref/net8.0/Microsoft.AspNetCore.Components.Authorization.dll
   4:6>ResolveAssemblyReferences:
         Primary reference "System.Reflection.Metadata, Version=8.0.0.0, Culture=neutral, PublicKeyToken=b03f5f7f11d50a3a".
             Resolved file path is "/usr/lib64/dotnet/packs/Microsoft.NETCore.App.Ref/8.0.22/ref/net8.0/System.Reflection.Metadata.dll".
             Reference found at search path location "{RawFileName}".
   3:6>ResolveAssemblyReferences:
                 Private = 'false'
   4:6>ResolveAssemblyReferences:
             This reference is not "CopyLocal" because at least one source item had "Private" set to "false" and no source items had "Private" set to "true".
             The ImageRuntimeVersion for this reference is "".
         Primary reference "System.Reflection.Primitives, Version=8.0.0.0, Culture=neutral, PublicKeyToken=b03f5f7f11d50a3a".
   3:6>ResolveAssemblyReferences:
             /usr/lib64/dotnet/packs/Microsoft.AspNetCore.App.Ref/8.0.22/ref/net8.0/Microsoft.AspNetCore.Components.Endpoints.dll
   4:6>ResolveAssemblyReferences:
             Resolved file path is "/usr/lib64/dotnet/packs/Microsoft.NETCore.App.Ref/8.0.22/ref/net8.0/System.Reflection.Primitives.dll".
             Reference found at search path location "{RawFileName}".
             This reference is not "CopyLocal" because at least one source item had "Private" set to "false" and no source items had "Private" set to "true".
   3:6>ResolveAssemblyReferences:
                 Private = 'false'
   4:6>ResolveAssemblyReferences:
             The ImageRuntimeVersion for this reference is "".
         Primary reference "System.Reflection.TypeExtensions, Version=8.0.0.0, Culture=neutral, PublicKeyToken=b03f5f7f11d50a3a".
             Resolved file path is "/usr/lib64/dotnet/packs/Microsoft.NETCore.App.Ref/8.0.22/ref/net8.0/System.Reflection.TypeExtensions.dll".
   3:6>ResolveAssemblyReferences:
             /usr/lib64/dotnet/packs/Microsoft.AspNetCore.App.Ref/8.0.22/ref/net8.0/Microsoft.AspNetCore.Components.Forms.dll
   4:6>ResolveAssemblyReferences:
             Reference found at search path location "{RawFileName}".
             This reference is not "CopyLocal" because at least one source item had "Private" set to "false" and no source items had "Private" set to "true".
             The ImageRuntimeVersion for this reference is "".
   3:6>ResolveAssemblyReferences:
                 Private = 'false'
   4:6>ResolveAssemblyReferences:
         Primary reference "System.Reflection, Version=8.0.0.0, Culture=neutral, PublicKeyToken=b03f5f7f11d50a3a".
             Resolved file path is "/usr/lib64/dotnet/packs/Microsoft.NETCore.App.Ref/8.0.22/ref/net8.0/System.Reflection.dll".
   3:6>ResolveAssemblyReferences:
             /usr/lib64/dotnet/packs/Microsoft.AspNetCore.App.Ref/8.0.22/ref/net8.0/Microsoft.AspNetCore.Components.Server.dll
   4:6>ResolveAssemblyReferences:
             Reference found at search path location "{RawFileName}".
             This reference is not "CopyLocal" because at least one source item had "Private" set to "false" and no source items had "Private" set to "true".
             The ImageRuntimeVersion for this reference is "".
   3:6>ResolveAssemblyReferences:
                 Private = 'false'
   4:6>ResolveAssemblyReferences:
         Primary reference "System.Resources.Reader, Version=8.0.0.0, Culture=neutral, PublicKeyToken=b03f5f7f11d50a3a".
             Resolved file path is "/usr/lib64/dotnet/packs/Microsoft.NETCore.App.Ref/8.0.22/ref/net8.0/System.Resources.Reader.dll".
             Reference found at search path location "{RawFileName}".
   3:6>ResolveAssemblyReferences:
             /usr/lib64/dotnet/packs/Microsoft.AspNetCore.App.Ref/8.0.22/ref/net8.0/Microsoft.AspNetCore.Components.Web.dll
   4:6>ResolveAssemblyReferences:
             This reference is not "CopyLocal" because at least one source item had "Private" set to "false" and no source items had "Private" set to "true".
             The ImageRuntimeVersion for this reference is "".
         Primary reference "System.Resources.ResourceManager, Version=8.0.0.0, Culture=neutral, PublicKeyToken=b03f5f7f11d50a3a".
   3:6>ResolveAssemblyReferences:
                 Private = 'false'
   4:6>ResolveAssemblyReferences:
             Resolved file path is "/usr/lib64/dotnet/packs/Microsoft.NETCore.App.Ref/8.0.22/ref/net8.0/System.Resources.ResourceManager.dll".
             Reference found at search path location "{RawFileName}".
             This reference is not "CopyLocal" because at least one source item had "Private" set to "false" and no source items had "Private" set to "true".
   3:6>ResolveAssemblyReferences:
             /usr/lib64/dotnet/packs/Microsoft.AspNetCore.App.Ref/8.0.22/ref/net8.0/Microsoft.AspNetCore.Components.dll
   4:6>ResolveAssemblyReferences:
             The ImageRuntimeVersion for this reference is "".
         Primary reference "System.Resources.Writer, Version=8.0.0.0, Culture=neutral, PublicKeyToken=b03f5f7f11d50a3a".
             Resolved file path is "/usr/lib64/dotnet/packs/Microsoft.NETCore.App.Ref/8.0.22/ref/net8.0/System.Resources.Writer.dll".
             Reference found at search path location "{RawFileName}".
   3:6>ResolveAssemblyReferences:
                 Private = 'false'
   4:6>ResolveAssemblyReferences:
             This reference is not "CopyLocal" because at least one source item had "Private" set to "false" and no source items had "Private" set to "true".
             The ImageRuntimeVersion for this reference is "".
   3:6>ResolveAssemblyReferences:
             /usr/lib64/dotnet/packs/Microsoft.AspNetCore.App.Ref/8.0.22/ref/net8.0/Microsoft.AspNetCore.Connections.Abstractions.dll
   4:6>ResolveAssemblyReferences:
         Primary reference "System.Runtime.CompilerServices.Unsafe, Version=8.0.0.0, Culture=neutral, PublicKeyToken=b03f5f7f11d50a3a".
             Resolved file path is "/usr/lib64/dotnet/packs/Microsoft.NETCore.App.Ref/8.0.22/ref/net8.0/System.Runtime.CompilerServices.Unsafe.dll".
             Reference found at search path location "{RawFileName}".
   3:6>ResolveAssemblyReferences:
                 Private = 'false'
   4:6>ResolveAssemblyReferences:
             This reference is not "CopyLocal" because at least one source item had "Private" set to "false" and no source items had "Private" set to "true".
             The ImageRuntimeVersion for this reference is "".
         Primary reference "System.Runtime.CompilerServices.VisualC, Version=8.0.0.0, Culture=neutral, PublicKeyToken=b03f5f7f11d50a3a".
             Resolved file path is "/usr/lib64/dotnet/packs/Microsoft.NETCore.App.Ref/8.0.22/ref/net8.0/System.Runtime.CompilerServices.VisualC.dll".
   3:6>ResolveAssemblyReferences:
             /usr/lib64/dotnet/packs/Microsoft.AspNetCore.App.Ref/8.0.22/ref/net8.0/Microsoft.AspNetCore.CookiePolicy.dll
   4:6>ResolveAssemblyReferences:
             Reference found at search path location "{RawFileName}".
             This reference is not "CopyLocal" because at least one source item had "Private" set to "false" and no source items had "Private" set to "true".
             The ImageRuntimeVersion for this reference is "".
   3:6>ResolveAssemblyReferences:
                 Private = 'false'
   4:6>ResolveAssemblyReferences:
         Primary reference "System.Runtime.Extensions, Version=8.0.0.0, Culture=neutral, PublicKeyToken=b03f5f7f11d50a3a".
             Resolved file path is "/usr/lib64/dotnet/packs/Microsoft.NETCore.App.Ref/8.0.22/ref/net8.0/System.Runtime.Extensions.dll".
   3:6>ResolveAssemblyReferences:
             /usr/lib64/dotnet/packs/Microsoft.AspNetCore.App.Ref/8.0.22/ref/net8.0/Microsoft.AspNetCore.Cors.dll
   4:6>ResolveAssemblyReferences:
             Reference found at search path location "{RawFileName}".
             This reference is not "CopyLocal" because at least one source item had "Private" set to "false" and no source items had "Private" set to "true".
             The ImageRuntimeVersion for this reference is "".
         Primary reference "System.Runtime.Handles, Version=8.0.0.0, Culture=neutral, PublicKeyToken=b03f5f7f11d50a3a".
   3:6>ResolveAssemblyReferences:
                 Private = 'false'
   4:6>ResolveAssemblyReferences:
             Resolved file path is "/usr/lib64/dotnet/packs/Microsoft.NETCore.App.Ref/8.0.22/ref/net8.0/System.Runtime.Handles.dll".
             Reference found at search path location "{RawFileName}".
   3:6>ResolveAssemblyReferences:
             /usr/lib64/dotnet/packs/Microsoft.AspNetCore.App.Ref/8.0.22/ref/net8.0/Microsoft.AspNetCore.Cryptography.Internal.dll
   4:6>ResolveAssemblyReferences:
             This reference is not "CopyLocal" because at least one source item had "Private" set to "false" and no source items had "Private" set to "true".
             The ImageRuntimeVersion for this reference is "".
         Primary reference "System.Runtime.InteropServices.JavaScript, Version=8.0.0.0, Culture=neutral, PublicKeyToken=b03f5f7f11d50a3a".
   3:6>ResolveAssemblyReferences:
                 Private = 'false'
   4:6>ResolveAssemblyReferences:
             Resolved file path is "/usr/lib64/dotnet/packs/Microsoft.NETCore.App.Ref/8.0.22/ref/net8.0/System.Runtime.InteropServices.JavaScript.dll".
             Reference found at search path location "{RawFileName}".
             This reference is not "CopyLocal" because at least one source item had "Private" set to "false" and no source items had "Private" set to "true".
   3:6>ResolveAssemblyReferences:
             /usr/lib64/dotnet/packs/Microsoft.AspNetCore.App.Ref/8.0.22/ref/net8.0/Microsoft.AspNetCore.Cryptography.KeyDerivation.dll
   4:6>ResolveAssemblyReferences:
             The ImageRuntimeVersion for this reference is "".
         Primary reference "System.Runtime.InteropServices.RuntimeInformation, Version=8.0.0.0, Culture=neutral, PublicKeyToken=b03f5f7f11d50a3a".
             Resolved file path is "/usr/lib64/dotnet/packs/Microsoft.NETCore.App.Ref/8.0.22/ref/net8.0/System.Runtime.InteropServices.RuntimeInformation.dll".
   3:6>ResolveAssemblyReferences:
                 Private = 'false'
   4:6>ResolveAssemblyReferences:
             Reference found at search path location "{RawFileName}".
             This reference is not "CopyLocal" because at least one source item had "Private" set to "false" and no source items had "Private" set to "true".
             The ImageRuntimeVersion for this reference is "".
         Primary reference "System.Runtime.InteropServices, Version=8.0.0.0, Culture=neutral, PublicKeyToken=b03f5f7f11d50a3a".
   3:6>ResolveAssemblyReferences:
             /usr/lib64/dotnet/packs/Microsoft.AspNetCore.App.Ref/8.0.22/ref/net8.0/Microsoft.AspNetCore.DataProtection.Abstractions.dll
   4:6>ResolveAssemblyReferences:
             Resolved file path is "/usr/lib64/dotnet/packs/Microsoft.NETCore.App.Ref/8.0.22/ref/net8.0/System.Runtime.InteropServices.dll".
             Reference found at search path location "{RawFileName}".
             This reference is not "CopyLocal" because at least one source item had "Private" set to "false" and no source items had "Private" set to "true".
   3:6>ResolveAssemblyReferences:
                 Private = 'false'
   4:6>ResolveAssemblyReferences:
             The ImageRuntimeVersion for this reference is "".
         Primary reference "System.Runtime.Intrinsics, Version=8.0.0.0, Culture=neutral, PublicKeyToken=cc7b13ffcd2ddd51".
             Resolved file path is "/usr/lib64/dotnet/packs/Microsoft.NETCore.App.Ref/8.0.22/ref/net8.0/System.Runtime.Intrinsics.dll".
   3:6>ResolveAssemblyReferences:
             /usr/lib64/dotnet/packs/Microsoft.AspNetCore.App.Ref/8.0.22/ref/net8.0/Microsoft.AspNetCore.DataProtection.Extensions.dll
   4:6>ResolveAssemblyReferences:
             Reference found at search path location "{RawFileName}".
             This reference is not "CopyLocal" because at least one source item had "Private" set to "false" and no source items had "Private" set to "true".
             The ImageRuntimeVersion for this reference is "".
   3:6>ResolveAssemblyReferences:
                 Private = 'false'
   4:6>ResolveAssemblyReferences:
         Primary reference "System.Runtime.Loader, Version=8.0.0.0, Culture=neutral, PublicKeyToken=b03f5f7f11d50a3a".
             Resolved file path is "/usr/lib64/dotnet/packs/Microsoft.NETCore.App.Ref/8.0.22/ref/net8.0/System.Runtime.Loader.dll".
             Reference found at search path location "{RawFileName}".
   3:6>ResolveAssemblyReferences:
             /usr/lib64/dotnet/packs/Microsoft.AspNetCore.App.Ref/8.0.22/ref/net8.0/Microsoft.AspNetCore.DataProtection.dll
   4:6>ResolveAssemblyReferences:
             This reference is not "CopyLocal" because at least one source item had "Private" set to "false" and no source items had "Private" set to "true".
             The ImageRuntimeVersion for this reference is "".
         Primary reference "System.Runtime.Numerics, Version=8.0.0.0, Culture=neutral, PublicKeyToken=b03f5f7f11d50a3a".
   3:6>ResolveAssemblyReferences:
                 Private = 'false'
   4:6>ResolveAssemblyReferences:
             Resolved file path is "/usr/lib64/dotnet/packs/Microsoft.NETCore.App.Ref/8.0.22/ref/net8.0/System.Runtime.Numerics.dll".
             Reference found at search path location "{RawFileName}".
             This reference is not "CopyLocal" because at least one source item had "Private" set to "false" and no source items had "Private" set to "true".
   3:6>ResolveAssemblyReferences:
             /usr/lib64/dotnet/packs/Microsoft.AspNetCore.App.Ref/8.0.22/ref/net8.0/Microsoft.AspNetCore.Diagnostics.Abstractions.dll
   4:6>ResolveAssemblyReferences:
             The ImageRuntimeVersion for this reference is "".
         Primary reference "System.Runtime.Serialization.Formatters, Version=8.0.0.0, Culture=neutral, PublicKeyToken=b03f5f7f11d50a3a".
             Resolved file path is "/usr/lib64/dotnet/packs/Microsoft.NETCore.App.Ref/8.0.22/ref/net8.0/System.Runtime.Serialization.Formatters.dll".
   3:6>ResolveAssemblyReferences:
                 Private = 'false'
   4:6>ResolveAssemblyReferences:
             Reference found at search path location "{RawFileName}".
             This reference is not "CopyLocal" because at least one source item had "Private" set to "false" and no source items had "Private" set to "true".
             The ImageRuntimeVersion for this reference is "".
   3:6>ResolveAssemblyReferences:
             /usr/lib64/dotnet/packs/Microsoft.AspNetCore.App.Ref/8.0.22/ref/net8.0/Microsoft.AspNetCore.Diagnostics.HealthChecks.dll
   4:6>ResolveAssemblyReferences:
         Primary reference "System.Runtime.Serialization.Json, Version=8.0.0.0, Culture=neutral, PublicKeyToken=b03f5f7f11d50a3a".
             Resolved file path is "/usr/lib64/dotnet/packs/Microsoft.NETCore.App.Ref/8.0.22/ref/net8.0/System.Runtime.Serialization.Json.dll".
             Reference found at search path location "{RawFileName}".
   3:6>ResolveAssemblyReferences:
                 Private = 'false'
   4:6>ResolveAssemblyReferences:
             This reference is not "CopyLocal" because at least one source item had "Private" set to "false" and no source items had "Private" set to "true".
             The ImageRuntimeVersion for this reference is "".
         Primary reference "System.Runtime.Serialization.Primitives, Version=8.0.0.0, Culture=neutral, PublicKeyToken=b03f5f7f11d50a3a".
   3:6>ResolveAssemblyReferences:
             /usr/lib64/dotnet/packs/Microsoft.AspNetCore.App.Ref/8.0.22/ref/net8.0/Microsoft.AspNetCore.Diagnostics.dll
   4:6>ResolveAssemblyReferences:
             Resolved file path is "/usr/lib64/dotnet/packs/Microsoft.NETCore.App.Ref/8.0.22/ref/net8.0/System.Runtime.Serialization.Primitives.dll".
             Reference found at search path location "{RawFileName}".
             This reference is not "CopyLocal" because at least one source item had "Private" set to "false" and no source items had "Private" set to "true".
   3:6>ResolveAssemblyReferences:
                 Private = 'false'
   4:6>ResolveAssemblyReferences:
             The ImageRuntimeVersion for this reference is "".
         Primary reference "System.Runtime.Serialization.Xml, Version=8.0.0.0, Culture=neutral, PublicKeyToken=b03f5f7f11d50a3a".
             Resolved file path is "/usr/lib64/dotnet/packs/Microsoft.NETCore.App.Ref/8.0.22/ref/net8.0/System.Runtime.Serialization.Xml.dll".
   3:6>ResolveAssemblyReferences:
             /usr/lib64/dotnet/packs/Microsoft.AspNetCore.App.Ref/8.0.22/ref/net8.0/Microsoft.AspNetCore.HostFiltering.dll
   4:6>ResolveAssemblyReferences:
             Reference found at search path location "{RawFileName}".
             This reference is not "CopyLocal" because at least one source item had "Private" set to "false" and no source items had "Private" set to "true".
             The ImageRuntimeVersion for this reference is "".
   3:6>ResolveAssemblyReferences:
                 Private = 'false'
   4:6>ResolveAssemblyReferences:
         Primary reference "System.Runtime.Serialization, Version=4.0.0.0, Culture=neutral, PublicKeyToken=b77a5c561934e089".
             Resolved file path is "/usr/lib64/dotnet/packs/Microsoft.NETCore.App.Ref/8.0.22/ref/net8.0/System.Runtime.Serialization.dll".
             Reference found at search path location "{RawFileName}".
   3:6>ResolveAssemblyReferences:
             /usr/lib64/dotnet/packs/Microsoft.AspNetCore.App.Ref/8.0.22/ref/net8.0/Microsoft.AspNetCore.Hosting.Abstractions.dll
   4:6>ResolveAssemblyReferences:
             This reference is not "CopyLocal" because at least one source item had "Private" set to "false" and no source items had "Private" set to "true".
             The ImageRuntimeVersion for this reference is "".
         Primary reference "System.Runtime, Version=8.0.0.0, Culture=neutral, PublicKeyToken=b03f5f7f11d50a3a".
   3:6>ResolveAssemblyReferences:
                 Private = 'false'
   4:6>ResolveAssemblyReferences:
             Resolved file path is "/usr/lib64/dotnet/packs/Microsoft.NETCore.App.Ref/8.0.22/ref/net8.0/System.Runtime.dll".
             Reference found at search path location "{RawFileName}".
             This reference is not "CopyLocal" because at least one source item had "Private" set to "false" and no source items had "Private" set to "true".
   3:6>ResolveAssemblyReferences:
             /usr/lib64/dotnet/packs/Microsoft.AspNetCore.App.Ref/8.0.22/ref/net8.0/Microsoft.AspNetCore.Hosting.Server.Abstractions.dll
   4:6>ResolveAssemblyReferences:
             The ImageRuntimeVersion for this reference is "".
         Primary reference "System.Security.AccessControl, Version=8.0.0.0, Culture=neutral, PublicKeyToken=b03f5f7f11d50a3a".
             Resolved file path is "/usr/lib64/dotnet/packs/Microsoft.NETCore.App.Ref/8.0.22/ref/net8.0/System.Security.AccessControl.dll".
   3:6>ResolveAssemblyReferences:
                 Private = 'false'
   4:6>ResolveAssemblyReferences:
             Reference found at search path location "{RawFileName}".
             This reference is not "CopyLocal" because at least one source item had "Private" set to "false" and no source items had "Private" set to "true".
             The ImageRuntimeVersion for this reference is "".
         Primary reference "System.Security.Claims, Version=8.0.0.0, Culture=neutral, PublicKeyToken=b03f5f7f11d50a3a".
   3:6>ResolveAssemblyReferences:
             /usr/lib64/dotnet/packs/Microsoft.AspNetCore.App.Ref/8.0.22/ref/net8.0/Microsoft.AspNetCore.Hosting.dll
   4:6>ResolveAssemblyReferences:
             Resolved file path is "/usr/lib64/dotnet/packs/Microsoft.NETCore.App.Ref/8.0.22/ref/net8.0/System.Security.Claims.dll".
             Reference found at search path location "{RawFileName}".
             This reference is not "CopyLocal" because at least one source item had "Private" set to "false" and no source items had "Private" set to "true".
   3:6>ResolveAssemblyReferences:
                 Private = 'false'
   4:6>ResolveAssemblyReferences:
             The ImageRuntimeVersion for this reference is "".
         Primary reference "System.Security.Cryptography.Algorithms, Version=8.0.0.0, Culture=neutral, PublicKeyToken=b03f5f7f11d50a3a".
             Resolved file path is "/usr/lib64/dotnet/packs/Microsoft.NETCore.App.Ref/8.0.22/ref/net8.0/System.Security.Cryptography.Algorithms.dll".
   3:6>ResolveAssemblyReferences:
             /usr/lib64/dotnet/packs/Microsoft.AspNetCore.App.Ref/8.0.22/ref/net8.0/Microsoft.AspNetCore.Html.Abstractions.dll
   4:6>ResolveAssemblyReferences:
             Reference found at search path location "{RawFileName}".
             This reference is not "CopyLocal" because at least one source item had "Private" set to "false" and no source items had "Private" set to "true".
             The ImageRuntimeVersion for this reference is "".
   3:6>ResolveAssemblyReferences:
                 Private = 'false'
   4:6>ResolveAssemblyReferences:
         Primary reference "System.Security.Cryptography.Cng, Version=8.0.0.0, Culture=neutral, PublicKeyToken=b03f5f7f11d50a3a".
             Resolved file path is "/usr/lib64/dotnet/packs/Microsoft.NETCore.App.Ref/8.0.22/ref/net8.0/System.Security.Cryptography.Cng.dll".
             Reference found at search path location "{RawFileName}".
             This reference is not "CopyLocal" because at least one source item had "Private" set to "false" and no source items had "Private" set to "true".
   3:6>ResolveAssemblyReferences:
             /usr/lib64/dotnet/packs/Microsoft.AspNetCore.App.Ref/8.0.22/ref/net8.0/Microsoft.AspNetCore.Http.Abstractions.dll
   4:6>ResolveAssemblyReferences:
             The ImageRuntimeVersion for this reference is "".
         Primary reference "System.Security.Cryptography.Csp, Version=8.0.0.0, Culture=neutral, PublicKeyToken=b03f5f7f11d50a3a".
   3:6>ResolveAssemblyReferences:
                 Private = 'false'
   4:6>ResolveAssemblyReferences:
             Resolved file path is "/usr/lib64/dotnet/packs/Microsoft.NETCore.App.Ref/8.0.22/ref/net8.0/System.Security.Cryptography.Csp.dll".
             Reference found at search path location "{RawFileName}".
             This reference is not "CopyLocal" because at least one source item had "Private" set to "false" and no source items had "Private" set to "true".
             The ImageRuntimeVersion for this reference is "".
   3:6>ResolveAssemblyReferences:
             /usr/lib64/dotnet/packs/Microsoft.AspNetCore.App.Ref/8.0.22/ref/net8.0/Microsoft.AspNetCore.Http.Connections.Common.dll
   4:6>ResolveAssemblyReferences:
         Primary reference "System.Security.Cryptography.Encoding, Version=8.0.0.0, Culture=neutral, PublicKeyToken=b03f5f7f11d50a3a".
             Resolved file path is "/usr/lib64/dotnet/packs/Microsoft.NETCore.App.Ref/8.0.22/ref/net8.0/System.Security.Cryptography.Encoding.dll".
             Reference found at search path location "{RawFileName}".
   3:6>ResolveAssemblyReferences:
                 Private = 'false'
   4:6>ResolveAssemblyReferences:
             This reference is not "CopyLocal" because at least one source item had "Private" set to "false" and no source items had "Private" set to "true".
             The ImageRuntimeVersion for this reference is "".
         Primary reference "System.Security.Cryptography.OpenSsl, Version=8.0.0.0, Culture=neutral, PublicKeyToken=b03f5f7f11d50a3a".
   3:6>ResolveAssemblyReferences:
             /usr/lib64/dotnet/packs/Microsoft.AspNetCore.App.Ref/8.0.22/ref/net8.0/Microsoft.AspNetCore.Http.Connections.dll
   4:6>ResolveAssemblyReferences:
             Resolved file path is "/usr/lib64/dotnet/packs/Microsoft.NETCore.App.Ref/8.0.22/ref/net8.0/System.Security.Cryptography.OpenSsl.dll".
             Reference found at search path location "{RawFileName}".
             This reference is not "CopyLocal" because at least one source item had "Private" set to "false" and no source items had "Private" set to "true".
   3:6>ResolveAssemblyReferences:
                 Private = 'false'
   4:6>ResolveAssemblyReferences:
             The ImageRuntimeVersion for this reference is "".
         Primary reference "System.Security.Cryptography.Primitives, Version=8.0.0.0, Culture=neutral, PublicKeyToken=b03f5f7f11d50a3a".
             Resolved file path is "/usr/lib64/dotnet/packs/Microsoft.NETCore.App.Ref/8.0.22/ref/net8.0/System.Security.Cryptography.Primitives.dll".
             Reference found at search path location "{RawFileName}".
   3:6>ResolveAssemblyReferences:
             /usr/lib64/dotnet/packs/Microsoft.AspNetCore.App.Ref/8.0.22/ref/net8.0/Microsoft.AspNetCore.Http.Extensions.dll
   4:6>ResolveAssemblyReferences:
             This reference is not "CopyLocal" because at least one source item had "Private" set to "false" and no source items had "Private" set to "true".
             The ImageRuntimeVersion for this reference is "".
         Primary reference "System.Security.Cryptography.X509Certificates, Version=8.0.0.0, Culture=neutral, PublicKeyToken=b03f5f7f11d50a3a".
   3:6>ResolveAssemblyReferences:
                 Private = 'false'
   4:6>ResolveAssemblyReferences:
             Resolved file path is "/usr/lib64/dotnet/packs/Microsoft.NETCore.App.Ref/8.0.22/ref/net8.0/System.Security.Cryptography.X509Certificates.dll".
             Reference found at search path location "{RawFileName}".
             This reference is not "CopyLocal" because at least one source item had "Private" set to "false" and no source items had "Private" set to "true".
   3:6>ResolveAssemblyReferences:
             /usr/lib64/dotnet/packs/Microsoft.AspNetCore.App.Ref/8.0.22/ref/net8.0/Microsoft.AspNetCore.Http.Features.dll
   4:6>ResolveAssemblyReferences:
             The ImageRuntimeVersion for this reference is "".
         Primary reference "System.Security.Cryptography, Version=8.0.0.0, Culture=neutral, PublicKeyToken=b03f5f7f11d50a3a".
             Resolved file path is "/usr/lib64/dotnet/packs/Microsoft.NETCore.App.Ref/8.0.22/ref/net8.0/System.Security.Cryptography.dll".
   3:6>ResolveAssemblyReferences:
                 Private = 'false'
   4:6>ResolveAssemblyReferences:
             Reference found at search path location "{RawFileName}".
             This reference is not "CopyLocal" because at least one source item had "Private" set to "false" and no source items had "Private" set to "true".
             The ImageRuntimeVersion for this reference is "".
         Primary reference "System.Security.Principal.Windows, Version=8.0.0.0, Culture=neutral, PublicKeyToken=b03f5f7f11d50a3a".
   3:6>ResolveAssemblyReferences:
             /usr/lib64/dotnet/packs/Microsoft.AspNetCore.App.Ref/8.0.22/ref/net8.0/Microsoft.AspNetCore.Http.Results.dll
   4:6>ResolveAssemblyReferences:
             Resolved file path is "/usr/lib64/dotnet/packs/Microsoft.NETCore.App.Ref/8.0.22/ref/net8.0/System.Security.Principal.Windows.dll".
             Reference found at search path location "{RawFileName}".
             This reference is not "CopyLocal" because at least one source item had "Private" set to "false" and no source items had "Private" set to "true".
   3:6>ResolveAssemblyReferences:
                 Private = 'false'
   4:6>ResolveAssemblyReferences:
             The ImageRuntimeVersion for this reference is "".
         Primary reference "System.Security.Principal, Version=8.0.0.0, Culture=neutral, PublicKeyToken=b03f5f7f11d50a3a".
             Resolved file path is "/usr/lib64/dotnet/packs/Microsoft.NETCore.App.Ref/8.0.22/ref/net8.0/System.Security.Principal.dll".
   3:6>ResolveAssemblyReferences:
             /usr/lib64/dotnet/packs/Microsoft.AspNetCore.App.Ref/8.0.22/ref/net8.0/Microsoft.AspNetCore.Http.dll
   4:6>ResolveAssemblyReferences:
             Reference found at search path location "{RawFileName}".
             This reference is not "CopyLocal" because at least one source item had "Private" set to "false" and no source items had "Private" set to "true".
             The ImageRuntimeVersion for this reference is "".
   3:6>ResolveAssemblyReferences:
                 Private = 'false'
   4:6>ResolveAssemblyReferences:
         Primary reference "System.Security.SecureString, Version=8.0.0.0, Culture=neutral, PublicKeyToken=b03f5f7f11d50a3a".
             Resolved file path is "/usr/lib64/dotnet/packs/Microsoft.NETCore.App.Ref/8.0.22/ref/net8.0/System.Security.SecureString.dll".
             Reference found at search path location "{RawFileName}".
   3:6>ResolveAssemblyReferences:
             /usr/lib64/dotnet/packs/Microsoft.AspNetCore.App.Ref/8.0.22/ref/net8.0/Microsoft.AspNetCore.HttpLogging.dll
   4:6>ResolveAssemblyReferences:
             This reference is not "CopyLocal" because at least one source item had "Private" set to "false" and no source items had "Private" set to "true".
             The ImageRuntimeVersion for this reference is "".
         Primary reference "System.Security, Version=4.0.0.0, Culture=neutral, PublicKeyToken=b03f5f7f11d50a3a".
   3:6>ResolveAssemblyReferences:
                 Private = 'false'
   4:6>ResolveAssemblyReferences:
             Resolved file path is "/usr/lib64/dotnet/packs/Microsoft.NETCore.App.Ref/8.0.22/ref/net8.0/System.Security.dll".
             Reference found at search path location "{RawFileName}".
             This reference is not "CopyLocal" because at least one source item had "Private" set to "false" and no source items had "Private" set to "true".
             The ImageRuntimeVersion for this reference is "".
   3:6>ResolveAssemblyReferences:
             /usr/lib64/dotnet/packs/Microsoft.AspNetCore.App.Ref/8.0.22/ref/net8.0/Microsoft.AspNetCore.HttpOverrides.dll
   4:6>ResolveAssemblyReferences:
         Primary reference "System.ServiceModel.Web, Version=4.0.0.0, Culture=neutral, PublicKeyToken=31bf3856ad364e35".
             Resolved file path is "/usr/lib64/dotnet/packs/Microsoft.NETCore.App.Ref/8.0.22/ref/net8.0/System.ServiceModel.Web.dll".
             Reference found at search path location "{RawFileName}".
   3:6>ResolveAssemblyReferences:
                 Private = 'false'
   4:6>ResolveAssemblyReferences:
             This reference is not "CopyLocal" because at least one source item had "Private" set to "false" and no source items had "Private" set to "true".
             The ImageRuntimeVersion for this reference is "".
         Primary reference "System.ServiceProcess, Version=4.0.0.0, Culture=neutral, PublicKeyToken=b03f5f7f11d50a3a".
   3:6>ResolveAssemblyReferences:
             /usr/lib64/dotnet/packs/Microsoft.AspNetCore.App.Ref/8.0.22/ref/net8.0/Microsoft.AspNetCore.HttpsPolicy.dll
   4:6>ResolveAssemblyReferences:
             Resolved file path is "/usr/lib64/dotnet/packs/Microsoft.NETCore.App.Ref/8.0.22/ref/net8.0/System.ServiceProcess.dll".
             Reference found at search path location "{RawFileName}".
             This reference is not "CopyLocal" because at least one source item had "Private" set to "false" and no source items had "Private" set to "true".
   3:6>ResolveAssemblyReferences:
                 Private = 'false'
   4:6>ResolveAssemblyReferences:
             The ImageRuntimeVersion for this reference is "".
         Primary reference "System.Text.Encoding.CodePages, Version=8.0.0.0, Culture=neutral, PublicKeyToken=b03f5f7f11d50a3a".
             Resolved file path is "/usr/lib64/dotnet/packs/Microsoft.NETCore.App.Ref/8.0.22/ref/net8.0/System.Text.Encoding.CodePages.dll".
   3:6>ResolveAssemblyReferences:
             /usr/lib64/dotnet/packs/Microsoft.AspNetCore.App.Ref/8.0.22/ref/net8.0/Microsoft.AspNetCore.Identity.dll
   4:6>ResolveAssemblyReferences:
             Reference found at search path location "{RawFileName}".
             This reference is not "CopyLocal" because at least one source item had "Private" set to "false" and no source items had "Private" set to "true".
             The ImageRuntimeVersion for this reference is "".
   3:6>ResolveAssemblyReferences:
                 Private = 'false'
   4:6>ResolveAssemblyReferences:
         Primary reference "System.Text.Encoding.Extensions, Version=8.0.0.0, Culture=neutral, PublicKeyToken=b03f5f7f11d50a3a".
             Resolved file path is "/usr/lib64/dotnet/packs/Microsoft.NETCore.App.Ref/8.0.22/ref/net8.0/System.Text.Encoding.Extensions.dll".
             Reference found at search path location "{RawFileName}".
             This reference is not "CopyLocal" because at least one source item had "Private" set to "false" and no source items had "Private" set to "true".
   3:6>ResolveAssemblyReferences:
             /usr/lib64/dotnet/packs/Microsoft.AspNetCore.App.Ref/8.0.22/ref/net8.0/Microsoft.AspNetCore.Localization.Routing.dll
   4:6>ResolveAssemblyReferences:
             The ImageRuntimeVersion for this reference is "".
         Primary reference "System.Text.Encoding, Version=8.0.0.0, Culture=neutral, PublicKeyToken=b03f5f7f11d50a3a".
             Resolved file path is "/usr/lib64/dotnet/packs/Microsoft.NETCore.App.Ref/8.0.22/ref/net8.0/System.Text.Encoding.dll".
   3:6>ResolveAssemblyReferences:
                 Private = 'false'
   4:6>ResolveAssemblyReferences:
             Reference found at search path location "{RawFileName}".
             This reference is not "CopyLocal" because at least one source item had "Private" set to "false" and no source items had "Private" set to "true".
             The ImageRuntimeVersion for this reference is "".
   3:6>ResolveAssemblyReferences:
             /usr/lib64/dotnet/packs/Microsoft.AspNetCore.App.Ref/8.0.22/ref/net8.0/Microsoft.AspNetCore.Localization.dll
   4:6>ResolveAssemblyReferences:
         Primary reference "System.Text.Encodings.Web, Version=8.0.0.0, Culture=neutral, PublicKeyToken=cc7b13ffcd2ddd51".
             Resolved file path is "/usr/lib64/dotnet/packs/Microsoft.NETCore.App.Ref/8.0.22/ref/net8.0/System.Text.Encodings.Web.dll".
             Reference found at search path location "{RawFileName}".
   3:6>ResolveAssemblyReferences:
                 Private = 'false'
   4:6>ResolveAssemblyReferences:
             This reference is not "CopyLocal" because at least one source item had "Private" set to "false" and no source items had "Private" set to "true".
             The ImageRuntimeVersion for this reference is "".
         Primary reference "System.Text.Json, Version=8.0.0.0, Culture=neutral, PublicKeyToken=cc7b13ffcd2ddd51".
             Resolved file path is "/usr/lib64/dotnet/packs/Microsoft.NETCore.App.Ref/8.0.22/ref/net8.0/System.Text.Json.dll".
   3:6>ResolveAssemblyReferences:
             /usr/lib64/dotnet/packs/Microsoft.AspNetCore.App.Ref/8.0.22/ref/net8.0/Microsoft.AspNetCore.Metadata.dll
   4:6>ResolveAssemblyReferences:
             Reference found at search path location "{RawFileName}".
             This reference is not "CopyLocal" because at least one source item had "Private" set to "false" and no source items had "Private" set to "true".
             The ImageRuntimeVersion for this reference is "".
   3:6>ResolveAssemblyReferences:
                 Private = 'false'
   4:6>ResolveAssemblyReferences:
         Primary reference "System.Text.RegularExpressions, Version=8.0.0.0, Culture=neutral, PublicKeyToken=b03f5f7f11d50a3a".
             Resolved file path is "/usr/lib64/dotnet/packs/Microsoft.NETCore.App.Ref/8.0.22/ref/net8.0/System.Text.RegularExpressions.dll".
             Reference found at search path location "{RawFileName}".
   3:6>ResolveAssemblyReferences:
             /usr/lib64/dotnet/packs/Microsoft.AspNetCore.App.Ref/8.0.22/ref/net8.0/Microsoft.AspNetCore.Mvc.Abstractions.dll
   4:6>ResolveAssemblyReferences:
             This reference is not "CopyLocal" because at least one source item had "Private" set to "false" and no source items had "Private" set to "true".
             The ImageRuntimeVersion for this reference is "".
         Primary reference "System.Threading.Channels, Version=8.0.0.0, Culture=neutral, PublicKeyToken=cc7b13ffcd2ddd51".
             Resolved file path is "/usr/lib64/dotnet/packs/Microsoft.NETCore.App.Ref/8.0.22/ref/net8.0/System.Threading.Channels.dll".
   3:6>ResolveAssemblyReferences:
                 Private = 'false'
   4:6>ResolveAssemblyReferences:
             Reference found at search path location "{RawFileName}".
             This reference is not "CopyLocal" because at least one source item had "Private" set to "false" and no source items had "Private" set to "true".
             The ImageRuntimeVersion for this reference is "".
   3:6>ResolveAssemblyReferences:
             /usr/lib64/dotnet/packs/Microsoft.AspNetCore.App.Ref/8.0.22/ref/net8.0/Microsoft.AspNetCore.Mvc.ApiExplorer.dll
   4:6>ResolveAssemblyReferences:
         Primary reference "System.Threading.Overlapped, Version=8.0.0.0, Culture=neutral, PublicKeyToken=b03f5f7f11d50a3a".
             Resolved file path is "/usr/lib64/dotnet/packs/Microsoft.NETCore.App.Ref/8.0.22/ref/net8.0/System.Threading.Overlapped.dll".
             Reference found at search path location "{RawFileName}".
   3:6>ResolveAssemblyReferences:
                 Private = 'false'
   4:6>ResolveAssemblyReferences:
             This reference is not "CopyLocal" because at least one source item had "Private" set to "false" and no source items had "Private" set to "true".
             The ImageRuntimeVersion for this reference is "".
         Primary reference "System.Threading.Tasks.Dataflow, Version=8.0.0.0, Culture=neutral, PublicKeyToken=b03f5f7f11d50a3a".
             Resolved file path is "/usr/lib64/dotnet/packs/Microsoft.NETCore.App.Ref/8.0.22/ref/net8.0/System.Threading.Tasks.Dataflow.dll".
   3:6>ResolveAssemblyReferences:
             /usr/lib64/dotnet/packs/Microsoft.AspNetCore.App.Ref/8.0.22/ref/net8.0/Microsoft.AspNetCore.Mvc.Core.dll
   4:6>ResolveAssemblyReferences:
             Reference found at search path location "{RawFileName}".
             This reference is not "CopyLocal" because at least one source item had "Private" set to "false" and no source items had "Private" set to "true".
             The ImageRuntimeVersion for this reference is "".
         Primary reference "System.Threading.Tasks.Extensions, Version=8.0.0.0, Culture=neutral, PublicKeyToken=cc7b13ffcd2ddd51".
   3:6>ResolveAssemblyReferences:
                 Private = 'false'
   4:6>ResolveAssemblyReferences:
             Resolved file path is "/usr/lib64/dotnet/packs/Microsoft.NETCore.App.Ref/8.0.22/ref/net8.0/System.Threading.Tasks.Extensions.dll".
             Reference found at search path location "{RawFileName}".
             This reference is not "CopyLocal" because at least one source item had "Private" set to "false" and no source items had "Private" set to "true".
   3:6>ResolveAssemblyReferences:
             /usr/lib64/dotnet/packs/Microsoft.AspNetCore.App.Ref/8.0.22/ref/net8.0/Microsoft.AspNetCore.Mvc.Cors.dll
   4:6>ResolveAssemblyReferences:
             The ImageRuntimeVersion for this reference is "".
         Primary reference "System.Threading.Tasks.Parallel, Version=8.0.0.0, Culture=neutral, PublicKeyToken=b03f5f7f11d50a3a".
   3:6>ResolveAssemblyReferences:
                 Private = 'false'
   4:6>ResolveAssemblyReferences:
             Resolved file path is "/usr/lib64/dotnet/packs/Microsoft.NETCore.App.Ref/8.0.22/ref/net8.0/System.Threading.Tasks.Parallel.dll".
             Reference found at search path location "{RawFileName}".
             This reference is not "CopyLocal" because at least one source item had "Private" set to "false" and no source items had "Private" set to "true".
             The ImageRuntimeVersion for this reference is "".
   3:6>ResolveAssemblyReferences:
             /usr/lib64/dotnet/packs/Microsoft.AspNetCore.App.Ref/8.0.22/ref/net8.0/Microsoft.AspNetCore.Mvc.DataAnnotations.dll
   4:6>ResolveAssemblyReferences:
         Primary reference "System.Threading.Tasks, Version=8.0.0.0, Culture=neutral, PublicKeyToken=b03f5f7f11d50a3a".
             Resolved file path is "/usr/lib64/dotnet/packs/Microsoft.NETCore.App.Ref/8.0.22/ref/net8.0/System.Threading.Tasks.dll".
             Reference found at search path location "{RawFileName}".
   3:6>ResolveAssemblyReferences:
                 Private = 'false'
   4:6>ResolveAssemblyReferences:
             This reference is not "CopyLocal" because at least one source item had "Private" set to "false" and no source items had "Private" set to "true".
             The ImageRuntimeVersion for this reference is "".
         Primary reference "System.Threading.Thread, Version=8.0.0.0, Culture=neutral, PublicKeyToken=b03f5f7f11d50a3a".
   3:6>ResolveAssemblyReferences:
             /usr/lib64/dotnet/packs/Microsoft.AspNetCore.App.Ref/8.0.22/ref/net8.0/Microsoft.AspNetCore.Mvc.Formatters.Json.dll
   4:6>ResolveAssemblyReferences:
             Resolved file path is "/usr/lib64/dotnet/packs/Microsoft.NETCore.App.Ref/8.0.22/ref/net8.0/System.Threading.Thread.dll".
             Reference found at search path location "{RawFileName}".
             This reference is not "CopyLocal" because at least one source item had "Private" set to "false" and no source items had "Private" set to "true".
   3:6>ResolveAssemblyReferences:
                 Private = 'false'
   4:6>ResolveAssemblyReferences:
             The ImageRuntimeVersion for this reference is "".
         Primary reference "System.Threading.ThreadPool, Version=8.0.0.0, Culture=neutral, PublicKeyToken=b03f5f7f11d50a3a".
             Resolved file path is "/usr/lib64/dotnet/packs/Microsoft.NETCore.App.Ref/8.0.22/ref/net8.0/System.Threading.ThreadPool.dll".
             Reference found at search path location "{RawFileName}".
   3:6>ResolveAssemblyReferences:
             /usr/lib64/dotnet/packs/Microsoft.AspNetCore.App.Ref/8.0.22/ref/net8.0/Microsoft.AspNetCore.Mvc.Formatters.Xml.dll
   4:6>ResolveAssemblyReferences:
             This reference is not "CopyLocal" because at least one source item had "Private" set to "false" and no source items had "Private" set to "true".
             The ImageRuntimeVersion for this reference is "".
         Primary reference "System.Threading.Timer, Version=8.0.0.0, Culture=neutral, PublicKeyToken=b03f5f7f11d50a3a".
   3:6>ResolveAssemblyReferences:
                 Private = 'false'
   4:6>ResolveAssemblyReferences:
             Resolved file path is "/usr/lib64/dotnet/packs/Microsoft.NETCore.App.Ref/8.0.22/ref/net8.0/System.Threading.Timer.dll".
             Reference found at search path location "{RawFileName}".
             This reference is not "CopyLocal" because at least one source item had "Private" set to "false" and no source items had "Private" set to "true".
   3:6>ResolveAssemblyReferences:
             /usr/lib64/dotnet/packs/Microsoft.AspNetCore.App.Ref/8.0.22/ref/net8.0/Microsoft.AspNetCore.Mvc.Localization.dll
   4:6>ResolveAssemblyReferences:
             The ImageRuntimeVersion for this reference is "".
         Primary reference "System.Threading, Version=8.0.0.0, Culture=neutral, PublicKeyToken=b03f5f7f11d50a3a".
             Resolved file path is "/usr/lib64/dotnet/packs/Microsoft.NETCore.App.Ref/8.0.22/ref/net8.0/System.Threading.dll".
             Reference found at search path location "{RawFileName}".
   3:6>ResolveAssemblyReferences:
                 Private = 'false'
   4:6>ResolveAssemblyReferences:
             This reference is not "CopyLocal" because at least one source item had "Private" set to "false" and no source items had "Private" set to "true".
             The ImageRuntimeVersion for this reference is "".
         Primary reference "System.Transactions.Local, Version=8.0.0.0, Culture=neutral, PublicKeyToken=cc7b13ffcd2ddd51".
   3:6>ResolveAssemblyReferences:
             /usr/lib64/dotnet/packs/Microsoft.AspNetCore.App.Ref/8.0.22/ref/net8.0/Microsoft.AspNetCore.Mvc.Razor.dll
   4:6>ResolveAssemblyReferences:
             Resolved file path is "/usr/lib64/dotnet/packs/Microsoft.NETCore.App.Ref/8.0.22/ref/net8.0/System.Transactions.Local.dll".
             Reference found at search path location "{RawFileName}".
   3:6>ResolveAssemblyReferences:
                 Private = 'false'
   4:6>ResolveAssemblyReferences:
             This reference is not "CopyLocal" because at least one source item had "Private" set to "false" and no source items had "Private" set to "true".
             The ImageRuntimeVersion for this reference is "".
         Primary reference "System.Transactions, Version=4.0.0.0, Culture=neutral, PublicKeyToken=b77a5c561934e089".
   3:6>ResolveAssemblyReferences:
             /usr/lib64/dotnet/packs/Microsoft.AspNetCore.App.Ref/8.0.22/ref/net8.0/Microsoft.AspNetCore.Mvc.RazorPages.dll
   4:6>ResolveAssemblyReferences:
             Resolved file path is "/usr/lib64/dotnet/packs/Microsoft.NETCore.App.Ref/8.0.22/ref/net8.0/System.Transactions.dll".
             Reference found at search path location "{RawFileName}".
             This reference is not "CopyLocal" because at least one source item had "Private" set to "false" and no source items had "Private" set to "true".
   3:6>ResolveAssemblyReferences:
                 Private = 'false'
   4:6>ResolveAssemblyReferences:
             The ImageRuntimeVersion for this reference is "".
         Primary reference "System.ValueTuple, Version=8.0.0.0, Culture=neutral, PublicKeyToken=cc7b13ffcd2ddd51".
   3:6>ResolveAssemblyReferences:
             /usr/lib64/dotnet/packs/Microsoft.AspNetCore.App.Ref/8.0.22/ref/net8.0/Microsoft.AspNetCore.Mvc.TagHelpers.dll
   4:6>ResolveAssemblyReferences:
             Resolved file path is "/usr/lib64/dotnet/packs/Microsoft.NETCore.App.Ref/8.0.22/ref/net8.0/System.ValueTuple.dll".
             Reference found at search path location "{RawFileName}".
             This reference is not "CopyLocal" because at least one source item had "Private" set to "false" and no source items had "Private" set to "true".
   3:6>ResolveAssemblyReferences:
                 Private = 'false'
   4:6>ResolveAssemblyReferences:
             The ImageRuntimeVersion for this reference is "".
         Primary reference "System.Web.HttpUtility, Version=8.0.0.0, Culture=neutral, PublicKeyToken=cc7b13ffcd2ddd51".
             Resolved file path is "/usr/lib64/dotnet/packs/Microsoft.NETCore.App.Ref/8.0.22/ref/net8.0/System.Web.HttpUtility.dll".
   3:6>ResolveAssemblyReferences:
             /usr/lib64/dotnet/packs/Microsoft.AspNetCore.App.Ref/8.0.22/ref/net8.0/Microsoft.AspNetCore.Mvc.ViewFeatures.dll
   4:6>ResolveAssemblyReferences:
             Reference found at search path location "{RawFileName}".
             This reference is not "CopyLocal" because at least one source item had "Private" set to "false" and no source items had "Private" set to "true".
             The ImageRuntimeVersion for this reference is "".
   3:6>ResolveAssemblyReferences:
                 Private = 'false'
   4:6>ResolveAssemblyReferences:
         Primary reference "System.Web, Version=4.0.0.0, Culture=neutral, PublicKeyToken=b03f5f7f11d50a3a".
             Resolved file path is "/usr/lib64/dotnet/packs/Microsoft.NETCore.App.Ref/8.0.22/ref/net8.0/System.Web.dll".
             Reference found at search path location "{RawFileName}".
   3:6>ResolveAssemblyReferences:
             /usr/lib64/dotnet/packs/Microsoft.AspNetCore.App.Ref/8.0.22/ref/net8.0/Microsoft.AspNetCore.Mvc.dll
   4:6>ResolveAssemblyReferences:
             This reference is not "CopyLocal" because at least one source item had "Private" set to "false" and no source items had "Private" set to "true".
             The ImageRuntimeVersion for this reference is "".
         Primary reference "System.Windows, Version=4.0.0.0, Culture=neutral, PublicKeyToken=b03f5f7f11d50a3a".
   3:6>ResolveAssemblyReferences:
                 Private = 'false'
   4:6>ResolveAssemblyReferences:
             Resolved file path is "/usr/lib64/dotnet/packs/Microsoft.NETCore.App.Ref/8.0.22/ref/net8.0/System.Windows.dll".
             Reference found at search path location "{RawFileName}".
             This reference is not "CopyLocal" because at least one source item had "Private" set to "false" and no source items had "Private" set to "true".
   3:6>ResolveAssemblyReferences:
             /usr/lib64/dotnet/packs/Microsoft.AspNetCore.App.Ref/8.0.22/ref/net8.0/Microsoft.AspNetCore.OutputCaching.dll
   4:6>ResolveAssemblyReferences:
             The ImageRuntimeVersion for this reference is "".
         Primary reference "System.Xml.Linq, Version=4.0.0.0, Culture=neutral, PublicKeyToken=b77a5c561934e089".
   3:6>ResolveAssemblyReferences:
                 Private = 'false'
   4:6>ResolveAssemblyReferences:
             Resolved file path is "/usr/lib64/dotnet/packs/Microsoft.NETCore.App.Ref/8.0.22/ref/net8.0/System.Xml.Linq.dll".
             Reference found at search path location "{RawFileName}".
             This reference is not "CopyLocal" because at least one source item had "Private" set to "false" and no source items had "Private" set to "true".
   3:6>ResolveAssemblyReferences:
             /usr/lib64/dotnet/packs/Microsoft.AspNetCore.App.Ref/8.0.22/ref/net8.0/Microsoft.AspNetCore.RateLimiting.dll
   4:6>ResolveAssemblyReferences:
             The ImageRuntimeVersion for this reference is "".
         Primary reference "System.Xml.ReaderWriter, Version=8.0.0.0, Culture=neutral, PublicKeyToken=b03f5f7f11d50a3a".
   3:6>ResolveAssemblyReferences:
                 Private = 'false'
   4:6>ResolveAssemblyReferences:
             Resolved file path is "/usr/lib64/dotnet/packs/Microsoft.NETCore.App.Ref/8.0.22/ref/net8.0/System.Xml.ReaderWriter.dll".
             Reference found at search path location "{RawFileName}".
             This reference is not "CopyLocal" because at least one source item had "Private" set to "false" and no source items had "Private" set to "true".
   3:6>ResolveAssemblyReferences:
             /usr/lib64/dotnet/packs/Microsoft.AspNetCore.App.Ref/8.0.22/ref/net8.0/Microsoft.AspNetCore.Razor.Runtime.dll
   4:6>ResolveAssemblyReferences:
             The ImageRuntimeVersion for this reference is "".
         Primary reference "System.Xml.Serialization, Version=4.0.0.0, Culture=neutral, PublicKeyToken=b77a5c561934e089".
             Resolved file path is "/usr/lib64/dotnet/packs/Microsoft.NETCore.App.Ref/8.0.22/ref/net8.0/System.Xml.Serialization.dll".
   3:6>ResolveAssemblyReferences:
                 Private = 'false'
   4:6>ResolveAssemblyReferences:
             Reference found at search path location "{RawFileName}".
             This reference is not "CopyLocal" because at least one source item had "Private" set to "false" and no source items had "Private" set to "true".
             The ImageRuntimeVersion for this reference is "".
   3:6>ResolveAssemblyReferences:
             /usr/lib64/dotnet/packs/Microsoft.AspNetCore.App.Ref/8.0.22/ref/net8.0/Microsoft.AspNetCore.Razor.dll
   4:6>ResolveAssemblyReferences:
         Primary reference "System.Xml.XDocument, Version=8.0.0.0, Culture=neutral, PublicKeyToken=b03f5f7f11d50a3a".
             Resolved file path is "/usr/lib64/dotnet/packs/Microsoft.NETCore.App.Ref/8.0.22/ref/net8.0/System.Xml.XDocument.dll".
             Reference found at search path location "{RawFileName}".
   3:6>ResolveAssemblyReferences:
                 Private = 'false'
   4:6>ResolveAssemblyReferences:
             This reference is not "CopyLocal" because at least one source item had "Private" set to "false" and no source items had "Private" set to "true".
   3:6>ResolveAssemblyReferences:
             /usr/lib64/dotnet/packs/Microsoft.AspNetCore.App.Ref/8.0.22/ref/net8.0/Microsoft.AspNetCore.RequestDecompression.dll
   4:6>ResolveAssemblyReferences:
             The ImageRuntimeVersion for this reference is "".
         Primary reference "System.Xml.XPath.XDocument, Version=8.0.0.0, Culture=neutral, PublicKeyToken=b03f5f7f11d50a3a".
   3:6>ResolveAssemblyReferences:
                 Private = 'false'
   4:6>ResolveAssemblyReferences:
             Resolved file path is "/usr/lib64/dotnet/packs/Microsoft.NETCore.App.Ref/8.0.22/ref/net8.0/System.Xml.XPath.XDocument.dll".
             Reference found at search path location "{RawFileName}".
             This reference is not "CopyLocal" because at least one source item had "Private" set to "false" and no source items had "Private" set to "true".
   3:6>ResolveAssemblyReferences:
             /usr/lib64/dotnet/packs/Microsoft.AspNetCore.App.Ref/8.0.22/ref/net8.0/Microsoft.AspNetCore.ResponseCaching.Abstractions.dll
   4:6>ResolveAssemblyReferences:
             The ImageRuntimeVersion for this reference is "".
         Primary reference "System.Xml.XPath, Version=8.0.0.0, Culture=neutral, PublicKeyToken=b03f5f7f11d50a3a".
             Resolved file path is "/usr/lib64/dotnet/packs/Microsoft.NETCore.App.Ref/8.0.22/ref/net8.0/System.Xml.XPath.dll".
   3:6>ResolveAssemblyReferences:
                 Private = 'false'
   4:6>ResolveAssemblyReferences:
             Reference found at search path location "{RawFileName}".
             This reference is not "CopyLocal" because at least one source item had "Private" set to "false" and no source items had "Private" set to "true".
             The ImageRuntimeVersion for this reference is "".
   3:6>ResolveAssemblyReferences:
             /usr/lib64/dotnet/packs/Microsoft.AspNetCore.App.Ref/8.0.22/ref/net8.0/Microsoft.AspNetCore.ResponseCaching.dll
   4:6>ResolveAssemblyReferences:
         Primary reference "System.Xml.XmlDocument, Version=8.0.0.0, Culture=neutral, PublicKeyToken=b03f5f7f11d50a3a".
             Resolved file path is "/usr/lib64/dotnet/packs/Microsoft.NETCore.App.Ref/8.0.22/ref/net8.0/System.Xml.XmlDocument.dll".
             Reference found at search path location "{RawFileName}".
   3:6>ResolveAssemblyReferences:
                 Private = 'false'
   4:6>ResolveAssemblyReferences:
             This reference is not "CopyLocal" because at least one source item had "Private" set to "false" and no source items had "Private" set to "true".
             The ImageRuntimeVersion for this reference is "".
         Primary reference "System.Xml.XmlSerializer, Version=8.0.0.0, Culture=neutral, PublicKeyToken=b03f5f7f11d50a3a".
   3:6>ResolveAssemblyReferences:
             /usr/lib64/dotnet/packs/Microsoft.AspNetCore.App.Ref/8.0.22/ref/net8.0/Microsoft.AspNetCore.ResponseCompression.dll
   4:6>ResolveAssemblyReferences:
             Resolved file path is "/usr/lib64/dotnet/packs/Microsoft.NETCore.App.Ref/8.0.22/ref/net8.0/System.Xml.XmlSerializer.dll".
             Reference found at search path location "{RawFileName}".
             This reference is not "CopyLocal" because at least one source item had "Private" set to "false" and no source items had "Private" set to "true".
   3:6>ResolveAssemblyReferences:
                 Private = 'false'
   4:6>ResolveAssemblyReferences:
             The ImageRuntimeVersion for this reference is "".
         Primary reference "System.Xml, Version=4.0.0.0, Culture=neutral, PublicKeyToken=b77a5c561934e089".
             Resolved file path is "/usr/lib64/dotnet/packs/Microsoft.NETCore.App.Ref/8.0.22/ref/net8.0/System.Xml.dll".
   3:6>ResolveAssemblyReferences:
             /usr/lib64/dotnet/packs/Microsoft.AspNetCore.App.Ref/8.0.22/ref/net8.0/Microsoft.AspNetCore.Rewrite.dll
   4:6>ResolveAssemblyReferences:
             Reference found at search path location "{RawFileName}".
             This reference is not "CopyLocal" because at least one source item had "Private" set to "false" and no source items had "Private" set to "true".
             The ImageRuntimeVersion for this reference is "".
         Primary reference "System, Version=4.0.0.0, Culture=neutral, PublicKeyToken=b77a5c561934e089".
   3:6>ResolveAssemblyReferences:
                 Private = 'false'
   4:6>ResolveAssemblyReferences:
             Resolved file path is "/usr/lib64/dotnet/packs/Microsoft.NETCore.App.Ref/8.0.22/ref/net8.0/System.dll".
             Reference found at search path location "{RawFileName}".
             This reference is not "CopyLocal" because at least one source item had "Private" set to "false" and no source items had "Private" set to "true".
   3:6>ResolveAssemblyReferences:
             /usr/lib64/dotnet/packs/Microsoft.AspNetCore.App.Ref/8.0.22/ref/net8.0/Microsoft.AspNetCore.Routing.Abstractions.dll
   4:6>ResolveAssemblyReferences:
             The ImageRuntimeVersion for this reference is "".
         Primary reference "WindowsBase, Version=4.0.0.0, Culture=neutral, PublicKeyToken=31bf3856ad364e35".
             Resolved file path is "/usr/lib64/dotnet/packs/Microsoft.NETCore.App.Ref/8.0.22/ref/net8.0/WindowsBase.dll".
   3:6>ResolveAssemblyReferences:
                 Private = 'false'
   4:6>ResolveAssemblyReferences:
             Reference found at search path location "{RawFileName}".
             This reference is not "CopyLocal" because at least one source item had "Private" set to "false" and no source items had "Private" set to "true".
   3:6>ResolveAssemblyReferences:
             /usr/lib64/dotnet/packs/Microsoft.AspNetCore.App.Ref/8.0.22/ref/net8.0/Microsoft.AspNetCore.Routing.dll
   4:6>ResolveAssemblyReferences:
             The ImageRuntimeVersion for this reference is "".
         Primary reference "mscorlib, Version=4.0.0.0, Culture=neutral, PublicKeyToken=b77a5c561934e089".
             Resolved file path is "/usr/lib64/dotnet/packs/Microsoft.NETCore.App.Ref/8.0.22/ref/net8.0/mscorlib.dll".
   3:6>ResolveAssemblyReferences:
                 Private = 'false'
   4:6>ResolveAssemblyReferences:
             Reference found at search path location "{RawFileName}".
             This reference is not "CopyLocal" because at least one source item had "Private" set to "false" and no source items had "Private" set to "true".
             The ImageRuntimeVersion for this reference is "".
   3:6>ResolveAssemblyReferences:
             /usr/lib64/dotnet/packs/Microsoft.AspNetCore.App.Ref/8.0.22/ref/net8.0/Microsoft.AspNetCore.Server.HttpSys.dll
   4:6>ResolveAssemblyReferences:
         Primary reference "netstandard, Version=2.1.0.0, Culture=neutral, PublicKeyToken=cc7b13ffcd2ddd51".
             Resolved file path is "/usr/lib64/dotnet/packs/Microsoft.NETCore.App.Ref/8.0.22/ref/net8.0/netstandard.dll".
             Reference found at search path location "{RawFileName}".
   3:6>ResolveAssemblyReferences:
                 Private = 'false'
   4:6>ResolveAssemblyReferences:
             This reference is not "CopyLocal" because at least one source item had "Private" set to "false" and no source items had "Private" set to "true".
             The ImageRuntimeVersion for this reference is "".
         Primary reference "Microsoft.AspNetCore.Antiforgery, Version=8.0.0.0, Culture=neutral, PublicKeyToken=adb9793829ddae60".
             Resolved file path is "/usr/lib64/dotnet/packs/Microsoft.AspNetCore.App.Ref/8.0.22/ref/net8.0/Microsoft.AspNetCore.Antiforgery.dll".
   3:6>ResolveAssemblyReferences:
             /usr/lib64/dotnet/packs/Microsoft.AspNetCore.App.Ref/8.0.22/ref/net8.0/Microsoft.AspNetCore.Server.IIS.dll
   4:6>ResolveAssemblyReferences:
             Reference found at search path location "{RawFileName}".
             This reference is not "CopyLocal" because at least one source item had "Private" set to "false" and no source items had "Private" set to "true".
             The ImageRuntimeVersion for this reference is "".
   3:6>ResolveAssemblyReferences:
                 Private = 'false'
   4:6>ResolveAssemblyReferences:
         Primary reference "Microsoft.AspNetCore.Authentication.Abstractions, Version=8.0.0.0, Culture=neutral, PublicKeyToken=adb9793829ddae60".
             Resolved file path is "/usr/lib64/dotnet/packs/Microsoft.AspNetCore.App.Ref/8.0.22/ref/net8.0/Microsoft.AspNetCore.Authentication.Abstractions.dll".
             Reference found at search path location "{RawFileName}".
   3:6>ResolveAssemblyReferences:
             /usr/lib64/dotnet/packs/Microsoft.AspNetCore.App.Ref/8.0.22/ref/net8.0/Microsoft.AspNetCore.Server.IISIntegration.dll
   4:6>ResolveAssemblyReferences:
             This reference is not "CopyLocal" because at least one source item had "Private" set to "false" and no source items had "Private" set to "true".
             The ImageRuntimeVersion for this reference is "".
         Primary reference "Microsoft.AspNetCore.Authentication.BearerToken, Version=8.0.0.0, Culture=neutral, PublicKeyToken=adb9793829ddae60".
   3:6>ResolveAssemblyReferences:
                 Private = 'false'
   4:6>ResolveAssemblyReferences:
             Resolved file path is "/usr/lib64/dotnet/packs/Microsoft.AspNetCore.App.Ref/8.0.22/ref/net8.0/Microsoft.AspNetCore.Authentication.BearerToken.dll".
             Reference found at search path location "{RawFileName}".
             This reference is not "CopyLocal" because at least one source item had "Private" set to "false" and no source items had "Private" set to "true".
   3:6>ResolveAssemblyReferences:
             /usr/lib64/dotnet/packs/Microsoft.AspNetCore.App.Ref/8.0.22/ref/net8.0/Microsoft.AspNetCore.Server.Kestrel.Core.dll
   4:6>ResolveAssemblyReferences:
             The ImageRuntimeVersion for this reference is "".
         Primary reference "Microsoft.AspNetCore.Authentication.Cookies, Version=8.0.0.0, Culture=neutral, PublicKeyToken=adb9793829ddae60".
             Resolved file path is "/usr/lib64/dotnet/packs/Microsoft.AspNetCore.App.Ref/8.0.22/ref/net8.0/Microsoft.AspNetCore.Authentication.Cookies.dll".
   3:6>ResolveAssemblyReferences:
                 Private = 'false'
   4:6>ResolveAssemblyReferences:
             Reference found at search path location "{RawFileName}".
             This reference is not "CopyLocal" because at least one source item had "Private" set to "false" and no source items had "Private" set to "true".
             The ImageRuntimeVersion for this reference is "".
   3:6>ResolveAssemblyReferences:
             /usr/lib64/dotnet/packs/Microsoft.AspNetCore.App.Ref/8.0.22/ref/net8.0/Microsoft.AspNetCore.Server.Kestrel.Transport.NamedPipes.dll
   4:6>ResolveAssemblyReferences:
         Primary reference "Microsoft.AspNetCore.Authentication.Core, Version=8.0.0.0, Culture=neutral, PublicKeyToken=adb9793829ddae60".
             Resolved file path is "/usr/lib64/dotnet/packs/Microsoft.AspNetCore.App.Ref/8.0.22/ref/net8.0/Microsoft.AspNetCore.Authentication.Core.dll".
             Reference found at search path location "{RawFileName}".
             This reference is not "CopyLocal" because at least one source item had "Private" set to "false" and no source items had "Private" set to "true".
   3:6>ResolveAssemblyReferences:
                 Private = 'false'
   4:6>ResolveAssemblyReferences:
             The ImageRuntimeVersion for this reference is "".
         Primary reference "Microsoft.AspNetCore.Authentication.OAuth, Version=8.0.0.0, Culture=neutral, PublicKeyToken=adb9793829ddae60".
             Resolved file path is "/usr/lib64/dotnet/packs/Microsoft.AspNetCore.App.Ref/8.0.22/ref/net8.0/Microsoft.AspNetCore.Authentication.OAuth.dll".
   3:6>ResolveAssemblyReferences:
             /usr/lib64/dotnet/packs/Microsoft.AspNetCore.App.Ref/8.0.22/ref/net8.0/Microsoft.AspNetCore.Server.Kestrel.Transport.Quic.dll
   4:6>ResolveAssemblyReferences:
             Reference found at search path location "{RawFileName}".
             This reference is not "CopyLocal" because at least one source item had "Private" set to "false" and no source items had "Private" set to "true".
             The ImageRuntimeVersion for this reference is "".
   3:6>ResolveAssemblyReferences:
                 Private = 'false'
   4:6>ResolveAssemblyReferences:
         Primary reference "Microsoft.AspNetCore.Authentication, Version=8.0.0.0, Culture=neutral, PublicKeyToken=adb9793829ddae60".
             Resolved file path is "/usr/lib64/dotnet/packs/Microsoft.AspNetCore.App.Ref/8.0.22/ref/net8.0/Microsoft.AspNetCore.Authentication.dll".
             Reference found at search path location "{RawFileName}".
   3:6>ResolveAssemblyReferences:
             /usr/lib64/dotnet/packs/Microsoft.AspNetCore.App.Ref/8.0.22/ref/net8.0/Microsoft.AspNetCore.Server.Kestrel.Transport.Sockets.dll
   4:6>ResolveAssemblyReferences:
             This reference is not "CopyLocal" because at least one source item had "Private" set to "false" and no source items had "Private" set to "true".
             The ImageRuntimeVersion for this reference is "".
         Primary reference "Microsoft.AspNetCore.Authorization.Policy, Version=8.0.0.0, Culture=neutral, PublicKeyToken=adb9793829ddae60".
   3:6>ResolveAssemblyReferences:
                 Private = 'false'
   4:6>ResolveAssemblyReferences:
             Resolved file path is "/usr/lib64/dotnet/packs/Microsoft.AspNetCore.App.Ref/8.0.22/ref/net8.0/Microsoft.AspNetCore.Authorization.Policy.dll".
             Reference found at search path location "{RawFileName}".
             This reference is not "CopyLocal" because at least one source item had "Private" set to "false" and no source items had "Private" set to "true".
             The ImageRuntimeVersion for this reference is "".
   3:6>ResolveAssemblyReferences:
             /usr/lib64/dotnet/packs/Microsoft.AspNetCore.App.Ref/8.0.22/ref/net8.0/Microsoft.AspNetCore.Server.Kestrel.dll
   4:6>ResolveAssemblyReferences:
         Primary reference "Microsoft.AspNetCore.Authorization, Version=8.0.0.0, Culture=neutral, PublicKeyToken=adb9793829ddae60".
             Resolved file path is "/usr/lib64/dotnet/packs/Microsoft.AspNetCore.App.Ref/8.0.22/ref/net8.0/Microsoft.AspNetCore.Authorization.dll".
             Reference found at search path location "{RawFileName}".
             This reference is not "CopyLocal" because at least one source item had "Private" set to "false" and no source items had "Private" set to "true".
   3:6>ResolveAssemblyReferences:
                 Private = 'false'
   4:6>ResolveAssemblyReferences:
             The ImageRuntimeVersion for this reference is "".
         Primary reference "Microsoft.AspNetCore.Components.Authorization, Version=8.0.0.0, Culture=neutral, PublicKeyToken=adb9793829ddae60".
             Resolved file path is "/usr/lib64/dotnet/packs/Microsoft.AspNetCore.App.Ref/8.0.22/ref/net8.0/Microsoft.AspNetCore.Components.Authorization.dll".
   3:6>ResolveAssemblyReferences:
             /usr/lib64/dotnet/packs/Microsoft.AspNetCore.App.Ref/8.0.22/ref/net8.0/Microsoft.AspNetCore.Session.dll
   4:6>ResolveAssemblyReferences:
             Reference found at search path location "{RawFileName}".
             This reference is not "CopyLocal" because at least one source item had "Private" set to "false" and no source items had "Private" set to "true".
             The ImageRuntimeVersion for this reference is "".
   3:6>ResolveAssemblyReferences:
                 Private = 'false'
   4:6>ResolveAssemblyReferences:
         Primary reference "Microsoft.AspNetCore.Components.Endpoints, Version=8.0.0.0, Culture=neutral, PublicKeyToken=adb9793829ddae60".
             Resolved file path is "/usr/lib64/dotnet/packs/Microsoft.AspNetCore.App.Ref/8.0.22/ref/net8.0/Microsoft.AspNetCore.Components.Endpoints.dll".
             Reference found at search path location "{RawFileName}".
             This reference is not "CopyLocal" because at least one source item had "Private" set to "false" and no source items had "Private" set to "true".
   3:6>ResolveAssemblyReferences:
             /usr/lib64/dotnet/packs/Microsoft.AspNetCore.App.Ref/8.0.22/ref/net8.0/Microsoft.AspNetCore.SignalR.Common.dll
   4:6>ResolveAssemblyReferences:
             The ImageRuntimeVersion for this reference is "".
         Primary reference "Microsoft.AspNetCore.Components.Forms, Version=8.0.0.0, Culture=neutral, PublicKeyToken=adb9793829ddae60".
             Resolved file path is "/usr/lib64/dotnet/packs/Microsoft.AspNetCore.App.Ref/8.0.22/ref/net8.0/Microsoft.AspNetCore.Components.Forms.dll".
   3:6>ResolveAssemblyReferences:
                 Private = 'false'
   4:6>ResolveAssemblyReferences:
             Reference found at search path location "{RawFileName}".
             This reference is not "CopyLocal" because at least one source item had "Private" set to "false" and no source items had "Private" set to "true".
             The ImageRuntimeVersion for this reference is "".
   3:6>ResolveAssemblyReferences:
             /usr/lib64/dotnet/packs/Microsoft.AspNetCore.App.Ref/8.0.22/ref/net8.0/Microsoft.AspNetCore.SignalR.Core.dll
   4:6>ResolveAssemblyReferences:
         Primary reference "Microsoft.AspNetCore.Components.Server, Version=8.0.0.0, Culture=neutral, PublicKeyToken=adb9793829ddae60".
             Resolved file path is "/usr/lib64/dotnet/packs/Microsoft.AspNetCore.App.Ref/8.0.22/ref/net8.0/Microsoft.AspNetCore.Components.Server.dll".
             Reference found at search path location "{RawFileName}".
             This reference is not "CopyLocal" because at least one source item had "Private" set to "false" and no source items had "Private" set to "true".
   3:6>ResolveAssemblyReferences:
                 Private = 'false'
   4:6>ResolveAssemblyReferences:
             The ImageRuntimeVersion for this reference is "".
         Primary reference "Microsoft.AspNetCore.Components.Web, Version=8.0.0.0, Culture=neutral, PublicKeyToken=adb9793829ddae60".
             Resolved file path is "/usr/lib64/dotnet/packs/Microsoft.AspNetCore.App.Ref/8.0.22/ref/net8.0/Microsoft.AspNetCore.Components.Web.dll".
   3:6>ResolveAssemblyReferences:
             /usr/lib64/dotnet/packs/Microsoft.AspNetCore.App.Ref/8.0.22/ref/net8.0/Microsoft.AspNetCore.SignalR.Protocols.Json.dll
   4:6>ResolveAssemblyReferences:
             Reference found at search path location "{RawFileName}".
             This reference is not "CopyLocal" because at least one source item had "Private" set to "false" and no source items had "Private" set to "true".
             The ImageRuntimeVersion for this reference is "".
         Primary reference "Microsoft.AspNetCore.Components, Version=8.0.0.0, Culture=neutral, PublicKeyToken=adb9793829ddae60".
   3:6>ResolveAssemblyReferences:
                 Private = 'false'
   4:6>ResolveAssemblyReferences:
             Resolved file path is "/usr/lib64/dotnet/packs/Microsoft.AspNetCore.App.Ref/8.0.22/ref/net8.0/Microsoft.AspNetCore.Components.dll".
             Reference found at search path location "{RawFileName}".
             This reference is not "CopyLocal" because at least one source item had "Private" set to "false" and no source items had "Private" set to "true".
   3:6>ResolveAssemblyReferences:
             /usr/lib64/dotnet/packs/Microsoft.AspNetCore.App.Ref/8.0.22/ref/net8.0/Microsoft.AspNetCore.SignalR.dll
   4:6>ResolveAssemblyReferences:
             The ImageRuntimeVersion for this reference is "".
         Primary reference "Microsoft.AspNetCore.Connections.Abstractions, Version=8.0.0.0, Culture=neutral, PublicKeyToken=adb9793829ddae60".
             Resolved file path is "/usr/lib64/dotnet/packs/Microsoft.AspNetCore.App.Ref/8.0.22/ref/net8.0/Microsoft.AspNetCore.Connections.Abstractions.dll".
   3:6>ResolveAssemblyReferences:
                 Private = 'false'
   4:6>ResolveAssemblyReferences:
             Reference found at search path location "{RawFileName}".
             This reference is not "CopyLocal" because at least one source item had "Private" set to "false" and no source items had "Private" set to "true".
             The ImageRuntimeVersion for this reference is "".
   3:6>ResolveAssemblyReferences:
             /usr/lib64/dotnet/packs/Microsoft.AspNetCore.App.Ref/8.0.22/ref/net8.0/Microsoft.AspNetCore.StaticFiles.dll
   4:6>ResolveAssemblyReferences:
         Primary reference "Microsoft.AspNetCore.CookiePolicy, Version=8.0.0.0, Culture=neutral, PublicKeyToken=adb9793829ddae60".
             Resolved file path is "/usr/lib64/dotnet/packs/Microsoft.AspNetCore.App.Ref/8.0.22/ref/net8.0/Microsoft.AspNetCore.CookiePolicy.dll".
             Reference found at search path location "{RawFileName}".
   3:6>ResolveAssemblyReferences:
                 Private = 'false'
   4:6>ResolveAssemblyReferences:
             This reference is not "CopyLocal" because at least one source item had "Private" set to "false" and no source items had "Private" set to "true".
             The ImageRuntimeVersion for this reference is "".
         Primary reference "Microsoft.AspNetCore.Cors, Version=8.0.0.0, Culture=neutral, PublicKeyToken=adb9793829ddae60".
             Resolved file path is "/usr/lib64/dotnet/packs/Microsoft.AspNetCore.App.Ref/8.0.22/ref/net8.0/Microsoft.AspNetCore.Cors.dll".
   3:6>ResolveAssemblyReferences:
             /usr/lib64/dotnet/packs/Microsoft.AspNetCore.App.Ref/8.0.22/ref/net8.0/Microsoft.AspNetCore.WebSockets.dll
   4:6>ResolveAssemblyReferences:
             Reference found at search path location "{RawFileName}".
             This reference is not "CopyLocal" because at least one source item had "Private" set to "false" and no source items had "Private" set to "true".
             The ImageRuntimeVersion for this reference is "".
   3:6>ResolveAssemblyReferences:
                 Private = 'false'
   4:6>ResolveAssemblyReferences:
         Primary reference "Microsoft.AspNetCore.Cryptography.Internal, Version=8.0.0.0, Culture=neutral, PublicKeyToken=adb9793829ddae60".
             Resolved file path is "/usr/lib64/dotnet/packs/Microsoft.AspNetCore.App.Ref/8.0.22/ref/net8.0/Microsoft.AspNetCore.Cryptography.Internal.dll".
             Reference found at search path location "{RawFileName}".
   3:6>ResolveAssemblyReferences:
             /usr/lib64/dotnet/packs/Microsoft.AspNetCore.App.Ref/8.0.22/ref/net8.0/Microsoft.AspNetCore.WebUtilities.dll
   4:6>ResolveAssemblyReferences:
             This reference is not "CopyLocal" because at least one source item had "Private" set to "false" and no source items had "Private" set to "true".
             The ImageRuntimeVersion for this reference is "".
         Primary reference "Microsoft.AspNetCore.Cryptography.KeyDerivation, Version=8.0.0.0, Culture=neutral, PublicKeyToken=adb9793829ddae60".
   3:6>ResolveAssemblyReferences:
                 Private = 'false'
   4:6>ResolveAssemblyReferences:
             Resolved file path is "/usr/lib64/dotnet/packs/Microsoft.AspNetCore.App.Ref/8.0.22/ref/net8.0/Microsoft.AspNetCore.Cryptography.KeyDerivation.dll".
             Reference found at search path location "{RawFileName}".
             This reference is not "CopyLocal" because at least one source item had "Private" set to "false" and no source items had "Private" set to "true".
   3:6>ResolveAssemblyReferences:
             /usr/lib64/dotnet/packs/Microsoft.AspNetCore.App.Ref/8.0.22/ref/net8.0/Microsoft.AspNetCore.dll
   4:6>ResolveAssemblyReferences:
             The ImageRuntimeVersion for this reference is "".
         Primary reference "Microsoft.AspNetCore.DataProtection.Abstractions, Version=8.0.0.0, Culture=neutral, PublicKeyToken=adb9793829ddae60".
   3:6>ResolveAssemblyReferences:
                 Private = 'false'
   4:6>ResolveAssemblyReferences:
             Resolved file path is "/usr/lib64/dotnet/packs/Microsoft.AspNetCore.App.Ref/8.0.22/ref/net8.0/Microsoft.AspNetCore.DataProtection.Abstractions.dll".
             Reference found at search path location "{RawFileName}".
             This reference is not "CopyLocal" because at least one source item had "Private" set to "false" and no source items had "Private" set to "true".
             The ImageRuntimeVersion for this reference is "".
   3:6>ResolveAssemblyReferences:
             /usr/lib64/dotnet/packs/Microsoft.AspNetCore.App.Ref/8.0.22/ref/net8.0/Microsoft.Extensions.Caching.Abstractions.dll
   4:6>ResolveAssemblyReferences:
         Primary reference "Microsoft.AspNetCore.DataProtection.Extensions, Version=8.0.0.0, Culture=neutral, PublicKeyToken=adb9793829ddae60".
             Resolved file path is "/usr/lib64/dotnet/packs/Microsoft.AspNetCore.App.Ref/8.0.22/ref/net8.0/Microsoft.AspNetCore.DataProtection.Extensions.dll".
             Reference found at search path location "{RawFileName}".
   3:6>ResolveAssemblyReferences:
                 Private = 'false'
   4:6>ResolveAssemblyReferences:
             This reference is not "CopyLocal" because at least one source item had "Private" set to "false" and no source items had "Private" set to "true".
             The ImageRuntimeVersion for this reference is "".
         Primary reference "Microsoft.AspNetCore.DataProtection, Version=8.0.0.0, Culture=neutral, PublicKeyToken=adb9793829ddae60".
             Resolved file path is "/usr/lib64/dotnet/packs/Microsoft.AspNetCore.App.Ref/8.0.22/ref/net8.0/Microsoft.AspNetCore.DataProtection.dll".
   3:6>ResolveAssemblyReferences:
             /usr/lib64/dotnet/packs/Microsoft.AspNetCore.App.Ref/8.0.22/ref/net8.0/Microsoft.Extensions.Caching.Memory.dll
   4:6>ResolveAssemblyReferences:
             Reference found at search path location "{RawFileName}".
             This reference is not "CopyLocal" because at least one source item had "Private" set to "false" and no source items had "Private" set to "true".
             The ImageRuntimeVersion for this reference is "".
   3:6>ResolveAssemblyReferences:
                 Private = 'false'
   4:6>ResolveAssemblyReferences:
         Primary reference "Microsoft.AspNetCore.Diagnostics.Abstractions, Version=8.0.0.0, Culture=neutral, PublicKeyToken=adb9793829ddae60".
             Resolved file path is "/usr/lib64/dotnet/packs/Microsoft.AspNetCore.App.Ref/8.0.22/ref/net8.0/Microsoft.AspNetCore.Diagnostics.Abstractions.dll".
             Reference found at search path location "{RawFileName}".
   3:6>ResolveAssemblyReferences:
             /usr/lib64/dotnet/packs/Microsoft.AspNetCore.App.Ref/8.0.22/ref/net8.0/Microsoft.Extensions.Configuration.Abstractions.dll
   4:6>ResolveAssemblyReferences:
             This reference is not "CopyLocal" because at least one source item had "Private" set to "false" and no source items had "Private" set to "true".
             The ImageRuntimeVersion for this reference is "".
         Primary reference "Microsoft.AspNetCore.Diagnostics.HealthChecks, Version=8.0.0.0, Culture=neutral, PublicKeyToken=adb9793829ddae60".
   3:6>ResolveAssemblyReferences:
                 Private = 'false'
   4:6>ResolveAssemblyReferences:
             Resolved file path is "/usr/lib64/dotnet/packs/Microsoft.AspNetCore.App.Ref/8.0.22/ref/net8.0/Microsoft.AspNetCore.Diagnostics.HealthChecks.dll".
             Reference found at search path location "{RawFileName}".
             This reference is not "CopyLocal" because at least one source item had "Private" set to "false" and no source items had "Private" set to "true".
             The ImageRuntimeVersion for this reference is "".
   3:6>ResolveAssemblyReferences:
             /usr/lib64/dotnet/packs/Microsoft.AspNetCore.App.Ref/8.0.22/ref/net8.0/Microsoft.Extensions.Configuration.Binder.dll
   4:6>ResolveAssemblyReferences:
         Primary reference "Microsoft.AspNetCore.Diagnostics, Version=8.0.0.0, Culture=neutral, PublicKeyToken=adb9793829ddae60".
             Resolved file path is "/usr/lib64/dotnet/packs/Microsoft.AspNetCore.App.Ref/8.0.22/ref/net8.0/Microsoft.AspNetCore.Diagnostics.dll".
             Reference found at search path location "{RawFileName}".
   3:6>ResolveAssemblyReferences:
                 Private = 'false'
   4:6>ResolveAssemblyReferences:
             This reference is not "CopyLocal" because at least one source item had "Private" set to "false" and no source items had "Private" set to "true".
             The ImageRuntimeVersion for this reference is "".
         Primary reference "Microsoft.AspNetCore.HostFiltering, Version=8.0.0.0, Culture=neutral, PublicKeyToken=adb9793829ddae60".
   3:6>ResolveAssemblyReferences:
             /usr/lib64/dotnet/packs/Microsoft.AspNetCore.App.Ref/8.0.22/ref/net8.0/Microsoft.Extensions.Configuration.CommandLine.dll
   4:6>ResolveAssemblyReferences:
             Resolved file path is "/usr/lib64/dotnet/packs/Microsoft.AspNetCore.App.Ref/8.0.22/ref/net8.0/Microsoft.AspNetCore.HostFiltering.dll".
             Reference found at search path location "{RawFileName}".
             This reference is not "CopyLocal" because at least one source item had "Private" set to "false" and no source items had "Private" set to "true".
   3:6>ResolveAssemblyReferences:
                 Private = 'false'
   4:6>ResolveAssemblyReferences:
             The ImageRuntimeVersion for this reference is "".
         Primary reference "Microsoft.AspNetCore.Hosting.Abstractions, Version=8.0.0.0, Culture=neutral, PublicKeyToken=adb9793829ddae60".
             Resolved file path is "/usr/lib64/dotnet/packs/Microsoft.AspNetCore.App.Ref/8.0.22/ref/net8.0/Microsoft.AspNetCore.Hosting.Abstractions.dll".
   3:6>ResolveAssemblyReferences:
             /usr/lib64/dotnet/packs/Microsoft.AspNetCore.App.Ref/8.0.22/ref/net8.0/Microsoft.Extensions.Configuration.EnvironmentVariables.dll
   4:6>ResolveAssemblyReferences:
             Reference found at search path location "{RawFileName}".
             This reference is not "CopyLocal" because at least one source item had "Private" set to "false" and no source items had "Private" set to "true".
             The ImageRuntimeVersion for this reference is "".
         Primary reference "Microsoft.AspNetCore.Hosting.Server.Abstractions, Version=8.0.0.0, Culture=neutral, PublicKeyToken=adb9793829ddae60".
   3:6>ResolveAssemblyReferences:
                 Private = 'false'
   4:6>ResolveAssemblyReferences:
             Resolved file path is "/usr/lib64/dotnet/packs/Microsoft.AspNetCore.App.Ref/8.0.22/ref/net8.0/Microsoft.AspNetCore.Hosting.Server.Abstractions.dll".
             Reference found at search path location "{RawFileName}".
             This reference is not "CopyLocal" because at least one source item had "Private" set to "false" and no source items had "Private" set to "true".
   3:6>ResolveAssemblyReferences:
             /usr/lib64/dotnet/packs/Microsoft.AspNetCore.App.Ref/8.0.22/ref/net8.0/Microsoft.Extensions.Configuration.FileExtensions.dll
   4:6>ResolveAssemblyReferences:
             The ImageRuntimeVersion for this reference is "".
         Primary reference "Microsoft.AspNetCore.Hosting, Version=8.0.0.0, Culture=neutral, PublicKeyToken=adb9793829ddae60".
             Resolved file path is "/usr/lib64/dotnet/packs/Microsoft.AspNetCore.App.Ref/8.0.22/ref/net8.0/Microsoft.AspNetCore.Hosting.dll".
             Reference found at search path location "{RawFileName}".
   3:6>ResolveAssemblyReferences:
                 Private = 'false'
   4:6>ResolveAssemblyReferences:
             This reference is not "CopyLocal" because at least one source item had "Private" set to "false" and no source items had "Private" set to "true".
             The ImageRuntimeVersion for this reference is "".
         Primary reference "Microsoft.AspNetCore.Html.Abstractions, Version=8.0.0.0, Culture=neutral, PublicKeyToken=adb9793829ddae60".
   3:6>ResolveAssemblyReferences:
             /usr/lib64/dotnet/packs/Microsoft.AspNetCore.App.Ref/8.0.22/ref/net8.0/Microsoft.Extensions.Configuration.Ini.dll
   4:6>ResolveAssemblyReferences:
             Resolved file path is "/usr/lib64/dotnet/packs/Microsoft.AspNetCore.App.Ref/8.0.22/ref/net8.0/Microsoft.AspNetCore.Html.Abstractions.dll".
             Reference found at search path location "{RawFileName}".
             This reference is not "CopyLocal" because at least one source item had "Private" set to "false" and no source items had "Private" set to "true".
   3:6>ResolveAssemblyReferences:
                 Private = 'false'
   4:6>ResolveAssemblyReferences:
             The ImageRuntimeVersion for this reference is "".
         Primary reference "Microsoft.AspNetCore.Http.Abstractions, Version=8.0.0.0, Culture=neutral, PublicKeyToken=adb9793829ddae60".
             Resolved file path is "/usr/lib64/dotnet/packs/Microsoft.AspNetCore.App.Ref/8.0.22/ref/net8.0/Microsoft.AspNetCore.Http.Abstractions.dll".
             Reference found at search path location "{RawFileName}".
   3:6>ResolveAssemblyReferences:
             /usr/lib64/dotnet/packs/Microsoft.AspNetCore.App.Ref/8.0.22/ref/net8.0/Microsoft.Extensions.Configuration.Json.dll
   4:6>ResolveAssemblyReferences:
             This reference is not "CopyLocal" because at least one source item had "Private" set to "false" and no source items had "Private" set to "true".
             The ImageRuntimeVersion for this reference is "".
         Primary reference "Microsoft.AspNetCore.Http.Connections.Common, Version=8.0.0.0, Culture=neutral, PublicKeyToken=adb9793829ddae60".
   3:6>ResolveAssemblyReferences:
                 Private = 'false'
   4:6>ResolveAssemblyReferences:
             Resolved file path is "/usr/lib64/dotnet/packs/Microsoft.AspNetCore.App.Ref/8.0.22/ref/net8.0/Microsoft.AspNetCore.Http.Connections.Common.dll".
             Reference found at search path location "{RawFileName}".
             This reference is not "CopyLocal" because at least one source item had "Private" set to "false" and no source items had "Private" set to "true".
             The ImageRuntimeVersion for this reference is "".
   3:6>ResolveAssemblyReferences:
             /usr/lib64/dotnet/packs/Microsoft.AspNetCore.App.Ref/8.0.22/ref/net8.0/Microsoft.Extensions.Configuration.KeyPerFile.dll
   4:6>ResolveAssemblyReferences:
         Primary reference "Microsoft.AspNetCore.Http.Connections, Version=8.0.0.0, Culture=neutral, PublicKeyToken=adb9793829ddae60".
             Resolved file path is "/usr/lib64/dotnet/packs/Microsoft.AspNetCore.App.Ref/8.0.22/ref/net8.0/Microsoft.AspNetCore.Http.Connections.dll".
             Reference found at search path location "{RawFileName}".
   3:6>ResolveAssemblyReferences:
                 Private = 'false'
   4:6>ResolveAssemblyReferences:
             This reference is not "CopyLocal" because at least one source item had "Private" set to "false" and no source items had "Private" set to "true".
             The ImageRuntimeVersion for this reference is "".
         Primary reference "Microsoft.AspNetCore.Http.Extensions, Version=8.0.0.0, Culture=neutral, PublicKeyToken=adb9793829ddae60".
   3:6>ResolveAssemblyReferences:
             /usr/lib64/dotnet/packs/Microsoft.AspNetCore.App.Ref/8.0.22/ref/net8.0/Microsoft.Extensions.Configuration.UserSecrets.dll
   4:6>ResolveAssemblyReferences:
             Resolved file path is "/usr/lib64/dotnet/packs/Microsoft.AspNetCore.App.Ref/8.0.22/ref/net8.0/Microsoft.AspNetCore.Http.Extensions.dll".
             Reference found at search path location "{RawFileName}".
             This reference is not "CopyLocal" because at least one source item had "Private" set to "false" and no source items had "Private" set to "true".
   3:6>ResolveAssemblyReferences:
                 Private = 'false'
   4:6>ResolveAssemblyReferences:
             The ImageRuntimeVersion for this reference is "".
         Primary reference "Microsoft.AspNetCore.Http.Features, Version=8.0.0.0, Culture=neutral, PublicKeyToken=adb9793829ddae60".
             Resolved file path is "/usr/lib64/dotnet/packs/Microsoft.AspNetCore.App.Ref/8.0.22/ref/net8.0/Microsoft.AspNetCore.Http.Features.dll".
   3:6>ResolveAssemblyReferences:
             /usr/lib64/dotnet/packs/Microsoft.AspNetCore.App.Ref/8.0.22/ref/net8.0/Microsoft.Extensions.Configuration.Xml.dll
   4:6>ResolveAssemblyReferences:
             Reference found at search path location "{RawFileName}".
             This reference is not "CopyLocal" because at least one source item had "Private" set to "false" and no source items had "Private" set to "true".
             The ImageRuntimeVersion for this reference is "".
         Primary reference "Microsoft.AspNetCore.Http.Results, Version=8.0.0.0, Culture=neutral, PublicKeyToken=adb9793829ddae60".
   3:6>ResolveAssemblyReferences:
                 Private = 'false'
   4:6>ResolveAssemblyReferences:
             Resolved file path is "/usr/lib64/dotnet/packs/Microsoft.AspNetCore.App.Ref/8.0.22/ref/net8.0/Microsoft.AspNetCore.Http.Results.dll".
             Reference found at search path location "{RawFileName}".
             This reference is not "CopyLocal" because at least one source item had "Private" set to "false" and no source items had "Private" set to "true".
   3:6>ResolveAssemblyReferences:
             /usr/lib64/dotnet/packs/Microsoft.AspNetCore.App.Ref/8.0.22/ref/net8.0/Microsoft.Extensions.Configuration.dll
   4:6>ResolveAssemblyReferences:
             The ImageRuntimeVersion for this reference is "".
         Primary reference "Microsoft.AspNetCore.Http, Version=8.0.0.0, Culture=neutral, PublicKeyToken=adb9793829ddae60".
             Resolved file path is "/usr/lib64/dotnet/packs/Microsoft.AspNetCore.App.Ref/8.0.22/ref/net8.0/Microsoft.AspNetCore.Http.dll".
   3:6>ResolveAssemblyReferences:
                 Private = 'false'
   4:6>ResolveAssemblyReferences:
             Reference found at search path location "{RawFileName}".
             This reference is not "CopyLocal" because at least one source item had "Private" set to "false" and no source items had "Private" set to "true".
             The ImageRuntimeVersion for this reference is "".
   3:6>ResolveAssemblyReferences:
             /usr/lib64/dotnet/packs/Microsoft.AspNetCore.App.Ref/8.0.22/ref/net8.0/Microsoft.Extensions.DependencyInjection.Abstractions.dll
   4:6>ResolveAssemblyReferences:
         Primary reference "Microsoft.AspNetCore.HttpLogging, Version=8.0.0.0, Culture=neutral, PublicKeyToken=adb9793829ddae60".
             Resolved file path is "/usr/lib64/dotnet/packs/Microsoft.AspNetCore.App.Ref/8.0.22/ref/net8.0/Microsoft.AspNetCore.HttpLogging.dll".
   3:6>ResolveAssemblyReferences:
                 Private = 'false'
   4:6>ResolveAssemblyReferences:
             Reference found at search path location "{RawFileName}".
             This reference is not "CopyLocal" because at least one source item had "Private" set to "false" and no source items had "Private" set to "true".
             The ImageRuntimeVersion for this reference is "".
   3:6>ResolveAssemblyReferences:
             /usr/lib64/dotnet/packs/Microsoft.AspNetCore.App.Ref/8.0.22/ref/net8.0/Microsoft.Extensions.DependencyInjection.dll
   4:6>ResolveAssemblyReferences:
         Primary reference "Microsoft.AspNetCore.HttpOverrides, Version=8.0.0.0, Culture=neutral, PublicKeyToken=adb9793829ddae60".
             Resolved file path is "/usr/lib64/dotnet/packs/Microsoft.AspNetCore.App.Ref/8.0.22/ref/net8.0/Microsoft.AspNetCore.HttpOverrides.dll".
             Reference found at search path location "{RawFileName}".
             This reference is not "CopyLocal" because at least one source item had "Private" set to "false" and no source items had "Private" set to "true".
   3:6>ResolveAssemblyReferences:
                 Private = 'false'
   4:6>ResolveAssemblyReferences:
             The ImageRuntimeVersion for this reference is "".
         Primary reference "Microsoft.AspNetCore.HttpsPolicy, Version=8.0.0.0, Culture=neutral, PublicKeyToken=adb9793829ddae60".
   3:6>ResolveAssemblyReferences:
             /usr/lib64/dotnet/packs/Microsoft.AspNetCore.App.Ref/8.0.22/ref/net8.0/Microsoft.Extensions.Diagnostics.Abstractions.dll
   4:6>ResolveAssemblyReferences:
             Resolved file path is "/usr/lib64/dotnet/packs/Microsoft.AspNetCore.App.Ref/8.0.22/ref/net8.0/Microsoft.AspNetCore.HttpsPolicy.dll".
             Reference found at search path location "{RawFileName}".
             This reference is not "CopyLocal" because at least one source item had "Private" set to "false" and no source items had "Private" set to "true".
             The ImageRuntimeVersion for this reference is "".
   3:6>ResolveAssemblyReferences:
                 Private = 'false'
   4:6>ResolveAssemblyReferences:
         Primary reference "Microsoft.AspNetCore.Identity, Version=8.0.0.0, Culture=neutral, PublicKeyToken=adb9793829ddae60".
             Resolved file path is "/usr/lib64/dotnet/packs/Microsoft.AspNetCore.App.Ref/8.0.22/ref/net8.0/Microsoft.AspNetCore.Identity.dll".
             Reference found at search path location "{RawFileName}".
   3:6>ResolveAssemblyReferences:
             /usr/lib64/dotnet/packs/Microsoft.AspNetCore.App.Ref/8.0.22/ref/net8.0/Microsoft.Extensions.Diagnostics.HealthChecks.Abstractions.dll
   4:6>ResolveAssemblyReferences:
             This reference is not "CopyLocal" because at least one source item had "Private" set to "false" and no source items had "Private" set to "true".
             The ImageRuntimeVersion for this reference is "".
         Primary reference "Microsoft.AspNetCore.Localization.Routing, Version=8.0.0.0, Culture=neutral, PublicKeyToken=adb9793829ddae60".
   3:6>ResolveAssemblyReferences:
                 Private = 'false'
   4:6>ResolveAssemblyReferences:
             Resolved file path is "/usr/lib64/dotnet/packs/Microsoft.AspNetCore.App.Ref/8.0.22/ref/net8.0/Microsoft.AspNetCore.Localization.Routing.dll".
             Reference found at search path location "{RawFileName}".
             This reference is not "CopyLocal" because at least one source item had "Private" set to "false" and no source items had "Private" set to "true".
   3:6>ResolveAssemblyReferences:
             /usr/lib64/dotnet/packs/Microsoft.AspNetCore.App.Ref/8.0.22/ref/net8.0/Microsoft.Extensions.Diagnostics.HealthChecks.dll
   4:6>ResolveAssemblyReferences:
             The ImageRuntimeVersion for this reference is "".
         Primary reference "Microsoft.AspNetCore.Localization, Version=8.0.0.0, Culture=neutral, PublicKeyToken=adb9793829ddae60".
             Resolved file path is "/usr/lib64/dotnet/packs/Microsoft.AspNetCore.App.Ref/8.0.22/ref/net8.0/Microsoft.AspNetCore.Localization.dll".
   3:6>ResolveAssemblyReferences:
                 Private = 'false'
   4:6>ResolveAssemblyReferences:
             Reference found at search path location "{RawFileName}".
             This reference is not "CopyLocal" because at least one source item had "Private" set to "false" and no source items had "Private" set to "true".
             The ImageRuntimeVersion for this reference is "".
   3:6>ResolveAssemblyReferences:
             /usr/lib64/dotnet/packs/Microsoft.AspNetCore.App.Ref/8.0.22/ref/net8.0/Microsoft.Extensions.Diagnostics.dll
   4:6>ResolveAssemblyReferences:
         Primary reference "Microsoft.AspNetCore.Metadata, Version=8.0.0.0, Culture=neutral, PublicKeyToken=adb9793829ddae60".
             Resolved file path is "/usr/lib64/dotnet/packs/Microsoft.AspNetCore.App.Ref/8.0.22/ref/net8.0/Microsoft.AspNetCore.Metadata.dll".
             Reference found at search path location "{RawFileName}".
   3:6>ResolveAssemblyReferences:
                 Private = 'false'
   4:6>ResolveAssemblyReferences:
             This reference is not "CopyLocal" because at least one source item had "Private" set to "false" and no source items had "Private" set to "true".
             The ImageRuntimeVersion for this reference is "".
         Primary reference "Microsoft.AspNetCore.Mvc.Abstractions, Version=8.0.0.0, Culture=neutral, PublicKeyToken=adb9793829ddae60".
   3:6>ResolveAssemblyReferences:
             /usr/lib64/dotnet/packs/Microsoft.AspNetCore.App.Ref/8.0.22/ref/net8.0/Microsoft.Extensions.Features.dll
   4:6>ResolveAssemblyReferences:
             Resolved file path is "/usr/lib64/dotnet/packs/Microsoft.AspNetCore.App.Ref/8.0.22/ref/net8.0/Microsoft.AspNetCore.Mvc.Abstractions.dll".
             Reference found at search path location "{RawFileName}".
             This reference is not "CopyLocal" because at least one source item had "Private" set to "false" and no source items had "Private" set to "true".
   3:6>ResolveAssemblyReferences:
                 Private = 'false'
   4:6>ResolveAssemblyReferences:
             The ImageRuntimeVersion for this reference is "".
         Primary reference "Microsoft.AspNetCore.Mvc.ApiExplorer, Version=8.0.0.0, Culture=neutral, PublicKeyToken=adb9793829ddae60".
             Resolved file path is "/usr/lib64/dotnet/packs/Microsoft.AspNetCore.App.Ref/8.0.22/ref/net8.0/Microsoft.AspNetCore.Mvc.ApiExplorer.dll".
             Reference found at search path location "{RawFileName}".
   3:6>ResolveAssemblyReferences:
             /usr/lib64/dotnet/packs/Microsoft.AspNetCore.App.Ref/8.0.22/ref/net8.0/Microsoft.Extensions.FileProviders.Abstractions.dll
   4:6>ResolveAssemblyReferences:
             This reference is not "CopyLocal" because at least one source item had "Private" set to "false" and no source items had "Private" set to "true".
             The ImageRuntimeVersion for this reference is "".
   3:6>ResolveAssemblyReferences:
                 Private = 'false'
   4:6>ResolveAssemblyReferences:
         Primary reference "Microsoft.AspNetCore.Mvc.Core, Version=8.0.0.0, Culture=neutral, PublicKeyToken=adb9793829ddae60".
             Resolved file path is "/usr/lib64/dotnet/packs/Microsoft.AspNetCore.App.Ref/8.0.22/ref/net8.0/Microsoft.AspNetCore.Mvc.Core.dll".
             Reference found at search path location "{RawFileName}".
   3:6>ResolveAssemblyReferences:
             /usr/lib64/dotnet/packs/Microsoft.AspNetCore.App.Ref/8.0.22/ref/net8.0/Microsoft.Extensions.FileProviders.Composite.dll
   4:6>ResolveAssemblyReferences:
             This reference is not "CopyLocal" because at least one source item had "Private" set to "false" and no source items had "Private" set to "true".
             The ImageRuntimeVersion for this reference is "".
         Primary reference "Microsoft.AspNetCore.Mvc.Cors, Version=8.0.0.0, Culture=neutral, PublicKeyToken=adb9793829ddae60".
             Resolved file path is "/usr/lib64/dotnet/packs/Microsoft.AspNetCore.App.Ref/8.0.22/ref/net8.0/Microsoft.AspNetCore.Mvc.Cors.dll".
   3:6>ResolveAssemblyReferences:
                 Private = 'false'
   4:6>ResolveAssemblyReferences:
             Reference found at search path location "{RawFileName}".
             This reference is not "CopyLocal" because at least one source item had "Private" set to "false" and no source items had "Private" set to "true".
             The ImageRuntimeVersion for this reference is "".
   3:6>ResolveAssemblyReferences:
             /usr/lib64/dotnet/packs/Microsoft.AspNetCore.App.Ref/8.0.22/ref/net8.0/Microsoft.Extensions.FileProviders.Embedded.dll
   4:6>ResolveAssemblyReferences:
         Primary reference "Microsoft.AspNetCore.Mvc.DataAnnotations, Version=8.0.0.0, Culture=neutral, PublicKeyToken=adb9793829ddae60".
             Resolved file path is "/usr/lib64/dotnet/packs/Microsoft.AspNetCore.App.Ref/8.0.22/ref/net8.0/Microsoft.AspNetCore.Mvc.DataAnnotations.dll".
             Reference found at search path location "{RawFileName}".
   3:6>ResolveAssemblyReferences:
                 Private = 'false'
   4:6>ResolveAssemblyReferences:
             This reference is not "CopyLocal" because at least one source item had "Private" set to "false" and no source items had "Private" set to "true".
             The ImageRuntimeVersion for this reference is "".
         Primary reference "Microsoft.AspNetCore.Mvc.Formatters.Json, Version=8.0.0.0, Culture=neutral, PublicKeyToken=adb9793829ddae60".
   3:6>ResolveAssemblyReferences:
             /usr/lib64/dotnet/packs/Microsoft.AspNetCore.App.Ref/8.0.22/ref/net8.0/Microsoft.Extensions.FileProviders.Physical.dll
   4:6>ResolveAssemblyReferences:
             Resolved file path is "/usr/lib64/dotnet/packs/Microsoft.AspNetCore.App.Ref/8.0.22/ref/net8.0/Microsoft.AspNetCore.Mvc.Formatters.Json.dll".
             Reference found at search path location "{RawFileName}".
             This reference is not "CopyLocal" because at least one source item had "Private" set to "false" and no source items had "Private" set to "true".
   3:6>ResolveAssemblyReferences:
                 Private = 'false'
   4:6>ResolveAssemblyReferences:
             The ImageRuntimeVersion for this reference is "".
         Primary reference "Microsoft.AspNetCore.Mvc.Formatters.Xml, Version=8.0.0.0, Culture=neutral, PublicKeyToken=adb9793829ddae60".
             Resolved file path is "/usr/lib64/dotnet/packs/Microsoft.AspNetCore.App.Ref/8.0.22/ref/net8.0/Microsoft.AspNetCore.Mvc.Formatters.Xml.dll".
   3:6>ResolveAssemblyReferences:
             /usr/lib64/dotnet/packs/Microsoft.AspNetCore.App.Ref/8.0.22/ref/net8.0/Microsoft.Extensions.FileSystemGlobbing.dll
   4:6>ResolveAssemblyReferences:
             Reference found at search path location "{RawFileName}".
             This reference is not "CopyLocal" because at least one source item had "Private" set to "false" and no source items had "Private" set to "true".
             The ImageRuntimeVersion for this reference is "".
         Primary reference "Microsoft.AspNetCore.Mvc.Localization, Version=8.0.0.0, Culture=neutral, PublicKeyToken=adb9793829ddae60".
   3:6>ResolveAssemblyReferences:
                 Private = 'false'
   4:6>ResolveAssemblyReferences:
             Resolved file path is "/usr/lib64/dotnet/packs/Microsoft.AspNetCore.App.Ref/8.0.22/ref/net8.0/Microsoft.AspNetCore.Mvc.Localization.dll".
             Reference found at search path location "{RawFileName}".
             This reference is not "CopyLocal" because at least one source item had "Private" set to "false" and no source items had "Private" set to "true".
   3:6>ResolveAssemblyReferences:
             /usr/lib64/dotnet/packs/Microsoft.AspNetCore.App.Ref/8.0.22/ref/net8.0/Microsoft.Extensions.Hosting.Abstractions.dll
   4:6>ResolveAssemblyReferences:
             The ImageRuntimeVersion for this reference is "".
         Primary reference "Microsoft.AspNetCore.Mvc.Razor, Version=8.0.0.0, Culture=neutral, PublicKeyToken=adb9793829ddae60".
             Resolved file path is "/usr/lib64/dotnet/packs/Microsoft.AspNetCore.App.Ref/8.0.22/ref/net8.0/Microsoft.AspNetCore.Mvc.Razor.dll".
   3:6>ResolveAssemblyReferences:
                 Private = 'false'
   4:6>ResolveAssemblyReferences:
             Reference found at search path location "{RawFileName}".
             This reference is not "CopyLocal" because at least one source item had "Private" set to "false" and no source items had "Private" set to "true".
             The ImageRuntimeVersion for this reference is "".
   3:6>ResolveAssemblyReferences:
             /usr/lib64/dotnet/packs/Microsoft.AspNetCore.App.Ref/8.0.22/ref/net8.0/Microsoft.Extensions.Hosting.dll
   4:6>ResolveAssemblyReferences:
         Primary reference "Microsoft.AspNetCore.Mvc.RazorPages, Version=8.0.0.0, Culture=neutral, PublicKeyToken=adb9793829ddae60".
             Resolved file path is "/usr/lib64/dotnet/packs/Microsoft.AspNetCore.App.Ref/8.0.22/ref/net8.0/Microsoft.AspNetCore.Mvc.RazorPages.dll".
             Reference found at search path location "{RawFileName}".
   3:6>ResolveAssemblyReferences:
                 Private = 'false'
   4:6>ResolveAssemblyReferences:
             This reference is not "CopyLocal" because at least one source item had "Private" set to "false" and no source items had "Private" set to "true".
             The ImageRuntimeVersion for this reference is "".
   3:6>ResolveAssemblyReferences:
             /usr/lib64/dotnet/packs/Microsoft.AspNetCore.App.Ref/8.0.22/ref/net8.0/Microsoft.Extensions.Http.dll
   4:6>ResolveAssemblyReferences:
         Primary reference "Microsoft.AspNetCore.Mvc.TagHelpers, Version=8.0.0.0, Culture=neutral, PublicKeyToken=adb9793829ddae60".
             Resolved file path is "/usr/lib64/dotnet/packs/Microsoft.AspNetCore.App.Ref/8.0.22/ref/net8.0/Microsoft.AspNetCore.Mvc.TagHelpers.dll".
             Reference found at search path location "{RawFileName}".
             This reference is not "CopyLocal" because at least one source item had "Private" set to "false" and no source items had "Private" set to "true".
   3:6>ResolveAssemblyReferences:
                 Private = 'false'
   4:6>ResolveAssemblyReferences:
             The ImageRuntimeVersion for this reference is "".
         Primary reference "Microsoft.AspNetCore.Mvc.ViewFeatures, Version=8.0.0.0, Culture=neutral, PublicKeyToken=adb9793829ddae60".
             Resolved file path is "/usr/lib64/dotnet/packs/Microsoft.AspNetCore.App.Ref/8.0.22/ref/net8.0/Microsoft.AspNetCore.Mvc.ViewFeatures.dll".
   3:6>ResolveAssemblyReferences:
             /usr/lib64/dotnet/packs/Microsoft.AspNetCore.App.Ref/8.0.22/ref/net8.0/Microsoft.Extensions.Identity.Core.dll
   4:6>ResolveAssemblyReferences:
             Reference found at search path location "{RawFileName}".
             This reference is not "CopyLocal" because at least one source item had "Private" set to "false" and no source items had "Private" set to "true".
             The ImageRuntimeVersion for this reference is "".
   3:6>ResolveAssemblyReferences:
                 Private = 'false'
   4:6>ResolveAssemblyReferences:
         Primary reference "Microsoft.AspNetCore.Mvc, Version=8.0.0.0, Culture=neutral, PublicKeyToken=adb9793829ddae60".
             Resolved file path is "/usr/lib64/dotnet/packs/Microsoft.AspNetCore.App.Ref/8.0.22/ref/net8.0/Microsoft.AspNetCore.Mvc.dll".
             Reference found at search path location "{RawFileName}".
   3:6>ResolveAssemblyReferences:
             /usr/lib64/dotnet/packs/Microsoft.AspNetCore.App.Ref/8.0.22/ref/net8.0/Microsoft.Extensions.Identity.Stores.dll
   4:6>ResolveAssemblyReferences:
             This reference is not "CopyLocal" because at least one source item had "Private" set to "false" and no source items had "Private" set to "true".
             The ImageRuntimeVersion for this reference is "".
         Primary reference "Microsoft.AspNetCore.OutputCaching, Version=8.0.0.0, Culture=neutral, PublicKeyToken=adb9793829ddae60".
   3:6>ResolveAssemblyReferences:
                 Private = 'false'
   4:6>ResolveAssemblyReferences:
             Resolved file path is "/usr/lib64/dotnet/packs/Microsoft.AspNetCore.App.Ref/8.0.22/ref/net8.0/Microsoft.AspNetCore.OutputCaching.dll".
             Reference found at search path location "{RawFileName}".
             This reference is not "CopyLocal" because at least one source item had "Private" set to "false" and no source items had "Private" set to "true".
   3:6>ResolveAssemblyReferences:
             /usr/lib64/dotnet/packs/Microsoft.AspNetCore.App.Ref/8.0.22/ref/net8.0/Microsoft.Extensions.Localization.Abstractions.dll
   4:6>ResolveAssemblyReferences:
             The ImageRuntimeVersion for this reference is "".
         Primary reference "Microsoft.AspNetCore.RateLimiting, Version=8.0.0.0, Culture=neutral, PublicKeyToken=adb9793829ddae60".
             Resolved file path is "/usr/lib64/dotnet/packs/Microsoft.AspNetCore.App.Ref/8.0.22/ref/net8.0/Microsoft.AspNetCore.RateLimiting.dll".
   3:6>ResolveAssemblyReferences:
                 Private = 'false'
   4:6>ResolveAssemblyReferences:
             Reference found at search path location "{RawFileName}".
             This reference is not "CopyLocal" because at least one source item had "Private" set to "false" and no source items had "Private" set to "true".
             The ImageRuntimeVersion for this reference is "".
   3:6>ResolveAssemblyReferences:
             /usr/lib64/dotnet/packs/Microsoft.AspNetCore.App.Ref/8.0.22/ref/net8.0/Microsoft.Extensions.Localization.dll
   4:6>ResolveAssemblyReferences:
         Primary reference "Microsoft.AspNetCore.Razor.Runtime, Version=8.0.0.0, Culture=neutral, PublicKeyToken=adb9793829ddae60".
             Resolved file path is "/usr/lib64/dotnet/packs/Microsoft.AspNetCore.App.Ref/8.0.22/ref/net8.0/Microsoft.AspNetCore.Razor.Runtime.dll".
             Reference found at search path location "{RawFileName}".
   3:6>ResolveAssemblyReferences:
                 Private = 'false'
   4:6>ResolveAssemblyReferences:
             This reference is not "CopyLocal" because at least one source item had "Private" set to "false" and no source items had "Private" set to "true".
             The ImageRuntimeVersion for this reference is "".
         Primary reference "Microsoft.AspNetCore.Razor, Version=8.0.0.0, Culture=neutral, PublicKeyToken=adb9793829ddae60".
             Resolved file path is "/usr/lib64/dotnet/packs/Microsoft.AspNetCore.App.Ref/8.0.22/ref/net8.0/Microsoft.AspNetCore.Razor.dll".
   3:6>ResolveAssemblyReferences:
             /usr/lib64/dotnet/packs/Microsoft.AspNetCore.App.Ref/8.0.22/ref/net8.0/Microsoft.Extensions.Logging.Abstractions.dll
   4:6>ResolveAssemblyReferences:
             Reference found at search path location "{RawFileName}".
             This reference is not "CopyLocal" because at least one source item had "Private" set to "false" and no source items had "Private" set to "true".
             The ImageRuntimeVersion for this reference is "".
   3:6>ResolveAssemblyReferences:
                 Private = 'false'
   4:6>ResolveAssemblyReferences:
         Primary reference "Microsoft.AspNetCore.RequestDecompression, Version=8.0.0.0, Culture=neutral, PublicKeyToken=adb9793829ddae60".
             Resolved file path is "/usr/lib64/dotnet/packs/Microsoft.AspNetCore.App.Ref/8.0.22/ref/net8.0/Microsoft.AspNetCore.RequestDecompression.dll".
             Reference found at search path location "{RawFileName}".
   3:6>ResolveAssemblyReferences:
             /usr/lib64/dotnet/packs/Microsoft.AspNetCore.App.Ref/8.0.22/ref/net8.0/Microsoft.Extensions.Logging.Configuration.dll
   4:6>ResolveAssemblyReferences:
             This reference is not "CopyLocal" because at least one source item had "Private" set to "false" and no source items had "Private" set to "true".
             The ImageRuntimeVersion for this reference is "".
         Primary reference "Microsoft.AspNetCore.ResponseCaching.Abstractions, Version=8.0.0.0, Culture=neutral, PublicKeyToken=adb9793829ddae60".
   3:6>ResolveAssemblyReferences:
                 Private = 'false'
   4:6>ResolveAssemblyReferences:
             Resolved file path is "/usr/lib64/dotnet/packs/Microsoft.AspNetCore.App.Ref/8.0.22/ref/net8.0/Microsoft.AspNetCore.ResponseCaching.Abstractions.dll".
             Reference found at search path location "{RawFileName}".
             This reference is not "CopyLocal" because at least one source item had "Private" set to "false" and no source items had "Private" set to "true".
   3:6>ResolveAssemblyReferences:
             /usr/lib64/dotnet/packs/Microsoft.AspNetCore.App.Ref/8.0.22/ref/net8.0/Microsoft.Extensions.Logging.Console.dll
   4:6>ResolveAssemblyReferences:
             The ImageRuntimeVersion for this reference is "".
         Primary reference "Microsoft.AspNetCore.ResponseCaching, Version=8.0.0.0, Culture=neutral, PublicKeyToken=adb9793829ddae60".
             Resolved file path is "/usr/lib64/dotnet/packs/Microsoft.AspNetCore.App.Ref/8.0.22/ref/net8.0/Microsoft.AspNetCore.ResponseCaching.dll".
   3:6>ResolveAssemblyReferences:
                 Private = 'false'
   4:6>ResolveAssemblyReferences:
             Reference found at search path location "{RawFileName}".
             This reference is not "CopyLocal" because at least one source item had "Private" set to "false" and no source items had "Private" set to "true".
             The ImageRuntimeVersion for this reference is "".
         Primary reference "Microsoft.AspNetCore.ResponseCompression, Version=8.0.0.0, Culture=neutral, PublicKeyToken=adb9793829ddae60".
   3:6>ResolveAssemblyReferences:
             /usr/lib64/dotnet/packs/Microsoft.AspNetCore.App.Ref/8.0.22/ref/net8.0/Microsoft.Extensions.Logging.Debug.dll
   4:6>ResolveAssemblyReferences:
             Resolved file path is "/usr/lib64/dotnet/packs/Microsoft.AspNetCore.App.Ref/8.0.22/ref/net8.0/Microsoft.AspNetCore.ResponseCompression.dll".
             Reference found at search path location "{RawFileName}".
             This reference is not "CopyLocal" because at least one source item had "Private" set to "false" and no source items had "Private" set to "true".
   3:6>ResolveAssemblyReferences:
                 Private = 'false'
   4:6>ResolveAssemblyReferences:
             The ImageRuntimeVersion for this reference is "".
         Primary reference "Microsoft.AspNetCore.Rewrite, Version=8.0.0.0, Culture=neutral, PublicKeyToken=adb9793829ddae60".
             Resolved file path is "/usr/lib64/dotnet/packs/Microsoft.AspNetCore.App.Ref/8.0.22/ref/net8.0/Microsoft.AspNetCore.Rewrite.dll".
   3:6>ResolveAssemblyReferences:
             /usr/lib64/dotnet/packs/Microsoft.AspNetCore.App.Ref/8.0.22/ref/net8.0/Microsoft.Extensions.Logging.EventLog.dll
   4:6>ResolveAssemblyReferences:
             Reference found at search path location "{RawFileName}".
             This reference is not "CopyLocal" because at least one source item had "Private" set to "false" and no source items had "Private" set to "true".
             The ImageRuntimeVersion for this reference is "".
   3:6>ResolveAssemblyReferences:
                 Private = 'false'
   4:6>ResolveAssemblyReferences:
         Primary reference "Microsoft.AspNetCore.Routing.Abstractions, Version=8.0.0.0, Culture=neutral, PublicKeyToken=adb9793829ddae60".
             Resolved file path is "/usr/lib64/dotnet/packs/Microsoft.AspNetCore.App.Ref/8.0.22/ref/net8.0/Microsoft.AspNetCore.Routing.Abstractions.dll".
             Reference found at search path location "{RawFileName}".
   3:6>ResolveAssemblyReferences:
             /usr/lib64/dotnet/packs/Microsoft.AspNetCore.App.Ref/8.0.22/ref/net8.0/Microsoft.Extensions.Logging.EventSource.dll
   4:6>ResolveAssemblyReferences:
             This reference is not "CopyLocal" because at least one source item had "Private" set to "false" and no source items had "Private" set to "true".
             The ImageRuntimeVersion for this reference is "".
         Primary reference "Microsoft.AspNetCore.Routing, Version=8.0.0.0, Culture=neutral, PublicKeyToken=adb9793829ddae60".
   3:6>ResolveAssemblyReferences:
                 Private = 'false'
   4:6>ResolveAssemblyReferences:
             Resolved file path is "/usr/lib64/dotnet/packs/Microsoft.AspNetCore.App.Ref/8.0.22/ref/net8.0/Microsoft.AspNetCore.Routing.dll".
             Reference found at search path location "{RawFileName}".
             This reference is not "CopyLocal" because at least one source item had "Private" set to "false" and no source items had "Private" set to "true".
   3:6>ResolveAssemblyReferences:
             /usr/lib64/dotnet/packs/Microsoft.AspNetCore.App.Ref/8.0.22/ref/net8.0/Microsoft.Extensions.Logging.TraceSource.dll
   4:6>ResolveAssemblyReferences:
             The ImageRuntimeVersion for this reference is "".
         Primary reference "Microsoft.AspNetCore.Server.HttpSys, Version=8.0.0.0, Culture=neutral, PublicKeyToken=adb9793829ddae60".
             Resolved file path is "/usr/lib64/dotnet/packs/Microsoft.AspNetCore.App.Ref/8.0.22/ref/net8.0/Microsoft.AspNetCore.Server.HttpSys.dll".
   3:6>ResolveAssemblyReferences:
                 Private = 'false'
   4:6>ResolveAssemblyReferences:
             Reference found at search path location "{RawFileName}".
             This reference is not "CopyLocal" because at least one source item had "Private" set to "false" and no source items had "Private" set to "true".
             The ImageRuntimeVersion for this reference is "".
   3:6>ResolveAssemblyReferences:
             /usr/lib64/dotnet/packs/Microsoft.AspNetCore.App.Ref/8.0.22/ref/net8.0/Microsoft.Extensions.Logging.dll
   4:6>ResolveAssemblyReferences:
         Primary reference "Microsoft.AspNetCore.Server.IIS, Version=8.0.0.0, Culture=neutral, PublicKeyToken=adb9793829ddae60".
             Resolved file path is "/usr/lib64/dotnet/packs/Microsoft.AspNetCore.App.Ref/8.0.22/ref/net8.0/Microsoft.AspNetCore.Server.IIS.dll".
             Reference found at search path location "{RawFileName}".
             This reference is not "CopyLocal" because at least one source item had "Private" set to "false" and no source items had "Private" set to "true".
   3:6>ResolveAssemblyReferences:
                 Private = 'false'
   4:6>ResolveAssemblyReferences:
             The ImageRuntimeVersion for this reference is "".
         Primary reference "Microsoft.AspNetCore.Server.IISIntegration, Version=8.0.0.0, Culture=neutral, PublicKeyToken=adb9793829ddae60".
             Resolved file path is "/usr/lib64/dotnet/packs/Microsoft.AspNetCore.App.Ref/8.0.22/ref/net8.0/Microsoft.AspNetCore.Server.IISIntegration.dll".
   3:6>ResolveAssemblyReferences:
             /usr/lib64/dotnet/packs/Microsoft.AspNetCore.App.Ref/8.0.22/ref/net8.0/Microsoft.Extensions.ObjectPool.dll
   4:6>ResolveAssemblyReferences:
             Reference found at search path location "{RawFileName}".
             This reference is not "CopyLocal" because at least one source item had "Private" set to "false" and no source items had "Private" set to "true".
             The ImageRuntimeVersion for this reference is "".
   3:6>ResolveAssemblyReferences:
                 Private = 'false'
   4:6>ResolveAssemblyReferences:
         Primary reference "Microsoft.AspNetCore.Server.Kestrel.Core, Version=8.0.0.0, Culture=neutral, PublicKeyToken=adb9793829ddae60".
             Resolved file path is "/usr/lib64/dotnet/packs/Microsoft.AspNetCore.App.Ref/8.0.22/ref/net8.0/Microsoft.AspNetCore.Server.Kestrel.Core.dll".
             Reference found at search path location "{RawFileName}".
   3:6>ResolveAssemblyReferences:
             /usr/lib64/dotnet/packs/Microsoft.AspNetCore.App.Ref/8.0.22/ref/net8.0/Microsoft.Extensions.Options.ConfigurationExtensions.dll
   4:6>ResolveAssemblyReferences:
             This reference is not "CopyLocal" because at least one source item had "Private" set to "false" and no source items had "Private" set to "true".
             The ImageRuntimeVersion for this reference is "".
         Primary reference "Microsoft.AspNetCore.Server.Kestrel.Transport.NamedPipes, Version=8.0.0.0, Culture=neutral, PublicKeyToken=adb9793829ddae60".
   3:6>ResolveAssemblyReferences:
                 Private = 'false'
   4:6>ResolveAssemblyReferences:
             Resolved file path is "/usr/lib64/dotnet/packs/Microsoft.AspNetCore.App.Ref/8.0.22/ref/net8.0/Microsoft.AspNetCore.Server.Kestrel.Transport.NamedPipes.dll".
             Reference found at search path location "{RawFileName}".
             This reference is not "CopyLocal" because at least one source item had "Private" set to "false" and no source items had "Private" set to "true".
             The ImageRuntimeVersion for this reference is "".
   3:6>ResolveAssemblyReferences:
             /usr/lib64/dotnet/packs/Microsoft.AspNetCore.App.Ref/8.0.22/ref/net8.0/Microsoft.Extensions.Options.DataAnnotations.dll
   4:6>ResolveAssemblyReferences:
         Primary reference "Microsoft.AspNetCore.Server.Kestrel.Transport.Quic, Version=8.0.0.0, Culture=neutral, PublicKeyToken=adb9793829ddae60".
             Resolved file path is "/usr/lib64/dotnet/packs/Microsoft.AspNetCore.App.Ref/8.0.22/ref/net8.0/Microsoft.AspNetCore.Server.Kestrel.Transport.Quic.dll".
             Reference found at search path location "{RawFileName}".
   3:6>ResolveAssemblyReferences:
                 Private = 'false'
   4:6>ResolveAssemblyReferences:
             This reference is not "CopyLocal" because at least one source item had "Private" set to "false" and no source items had "Private" set to "true".
             The ImageRuntimeVersion for this reference is "".
         Primary reference "Microsoft.AspNetCore.Server.Kestrel.Transport.Sockets, Version=8.0.0.0, Culture=neutral, PublicKeyToken=adb9793829ddae60".
             Resolved file path is "/usr/lib64/dotnet/packs/Microsoft.AspNetCore.App.Ref/8.0.22/ref/net8.0/Microsoft.AspNetCore.Server.Kestrel.Transport.Sockets.dll".
   3:6>ResolveAssemblyReferences:
             /usr/lib64/dotnet/packs/Microsoft.AspNetCore.App.Ref/8.0.22/ref/net8.0/Microsoft.Extensions.Options.dll
   4:6>ResolveAssemblyReferences:
             Reference found at search path location "{RawFileName}".
             This reference is not "CopyLocal" because at least one source item had "Private" set to "false" and no source items had "Private" set to "true".
             The ImageRuntimeVersion for this reference is "".
   3:6>ResolveAssemblyReferences:
                 Private = 'false'
   4:6>ResolveAssemblyReferences:
         Primary reference "Microsoft.AspNetCore.Server.Kestrel, Version=8.0.0.0, Culture=neutral, PublicKeyToken=adb9793829ddae60".
             Resolved file path is "/usr/lib64/dotnet/packs/Microsoft.AspNetCore.App.Ref/8.0.22/ref/net8.0/Microsoft.AspNetCore.Server.Kestrel.dll".
             Reference found at search path location "{RawFileName}".
   3:6>ResolveAssemblyReferences:
             /usr/lib64/dotnet/packs/Microsoft.AspNetCore.App.Ref/8.0.22/ref/net8.0/Microsoft.Extensions.Primitives.dll
   4:6>ResolveAssemblyReferences:
             This reference is not "CopyLocal" because at least one source item had "Private" set to "false" and no source items had "Private" set to "true".
             The ImageRuntimeVersion for this reference is "".
         Primary reference "Microsoft.AspNetCore.Session, Version=8.0.0.0, Culture=neutral, PublicKeyToken=adb9793829ddae60".
             Resolved file path is "/usr/lib64/dotnet/packs/Microsoft.AspNetCore.App.Ref/8.0.22/ref/net8.0/Microsoft.AspNetCore.Session.dll".
   3:6>ResolveAssemblyReferences:
                 Private = 'false'
   4:6>ResolveAssemblyReferences:
             Reference found at search path location "{RawFileName}".
             This reference is not "CopyLocal" because at least one source item had "Private" set to "false" and no source items had "Private" set to "true".
             The ImageRuntimeVersion for this reference is "".
   3:6>ResolveAssemblyReferences:
             /usr/lib64/dotnet/packs/Microsoft.AspNetCore.App.Ref/8.0.22/ref/net8.0/Microsoft.Extensions.WebEncoders.dll
   4:6>ResolveAssemblyReferences:
         Primary reference "Microsoft.AspNetCore.SignalR.Common, Version=8.0.0.0, Culture=neutral, PublicKeyToken=adb9793829ddae60".
             Resolved file path is "/usr/lib64/dotnet/packs/Microsoft.AspNetCore.App.Ref/8.0.22/ref/net8.0/Microsoft.AspNetCore.SignalR.Common.dll".
             Reference found at search path location "{RawFileName}".
   3:6>ResolveAssemblyReferences:
                 Private = 'false'
   4:6>ResolveAssemblyReferences:
             This reference is not "CopyLocal" because at least one source item had "Private" set to "false" and no source items had "Private" set to "true".
             The ImageRuntimeVersion for this reference is "".
         Primary reference "Microsoft.AspNetCore.SignalR.Core, Version=8.0.0.0, Culture=neutral, PublicKeyToken=adb9793829ddae60".
   3:6>ResolveAssemblyReferences:
             /usr/lib64/dotnet/packs/Microsoft.AspNetCore.App.Ref/8.0.22/ref/net8.0/Microsoft.JSInterop.dll
   4:6>ResolveAssemblyReferences:
             Resolved file path is "/usr/lib64/dotnet/packs/Microsoft.AspNetCore.App.Ref/8.0.22/ref/net8.0/Microsoft.AspNetCore.SignalR.Core.dll".
             Reference found at search path location "{RawFileName}".
             This reference is not "CopyLocal" because at least one source item had "Private" set to "false" and no source items had "Private" set to "true".
   3:6>ResolveAssemblyReferences:
                 Private = 'false'
   4:6>ResolveAssemblyReferences:
             The ImageRuntimeVersion for this reference is "".
         Primary reference "Microsoft.AspNetCore.SignalR.Protocols.Json, Version=8.0.0.0, Culture=neutral, PublicKeyToken=adb9793829ddae60".
             Resolved file path is "/usr/lib64/dotnet/packs/Microsoft.AspNetCore.App.Ref/8.0.22/ref/net8.0/Microsoft.AspNetCore.SignalR.Protocols.Json.dll".
   3:6>ResolveAssemblyReferences:
             /usr/lib64/dotnet/packs/Microsoft.AspNetCore.App.Ref/8.0.22/ref/net8.0/Microsoft.Net.Http.Headers.dll
   4:6>ResolveAssemblyReferences:
             Reference found at search path location "{RawFileName}".
             This reference is not "CopyLocal" because at least one source item had "Private" set to "false" and no source items had "Private" set to "true".
             The ImageRuntimeVersion for this reference is "".
   3:6>ResolveAssemblyReferences:
                 Private = 'false'
   4:6>ResolveAssemblyReferences:
         Primary reference "Microsoft.AspNetCore.SignalR, Version=8.0.0.0, Culture=neutral, PublicKeyToken=adb9793829ddae60".
             Resolved file path is "/usr/lib64/dotnet/packs/Microsoft.AspNetCore.App.Ref/8.0.22/ref/net8.0/Microsoft.AspNetCore.SignalR.dll".
             Reference found at search path location "{RawFileName}".
   3:6>ResolveAssemblyReferences:
             /usr/lib64/dotnet/packs/Microsoft.AspNetCore.App.Ref/8.0.22/ref/net8.0/System.Diagnostics.EventLog.dll
   4:6>ResolveAssemblyReferences:
             This reference is not "CopyLocal" because at least one source item had "Private" set to "false" and no source items had "Private" set to "true".
             The ImageRuntimeVersion for this reference is "".
         Primary reference "Microsoft.AspNetCore.StaticFiles, Version=8.0.0.0, Culture=neutral, PublicKeyToken=adb9793829ddae60".
   3:6>ResolveAssemblyReferences:
                 Private = 'false'
   4:6>ResolveAssemblyReferences:
             Resolved file path is "/usr/lib64/dotnet/packs/Microsoft.AspNetCore.App.Ref/8.0.22/ref/net8.0/Microsoft.AspNetCore.StaticFiles.dll".
             Reference found at search path location "{RawFileName}".
             This reference is not "CopyLocal" because at least one source item had "Private" set to "false" and no source items had "Private" set to "true".
   3:6>ResolveAssemblyReferences:
             /usr/lib64/dotnet/packs/Microsoft.AspNetCore.App.Ref/8.0.22/ref/net8.0/System.IO.Pipelines.dll
   4:6>ResolveAssemblyReferences:
             The ImageRuntimeVersion for this reference is "".
         Primary reference "Microsoft.AspNetCore.WebSockets, Version=8.0.0.0, Culture=neutral, PublicKeyToken=adb9793829ddae60".
             Resolved file path is "/usr/lib64/dotnet/packs/Microsoft.AspNetCore.App.Ref/8.0.22/ref/net8.0/Microsoft.AspNetCore.WebSockets.dll".
   3:6>ResolveAssemblyReferences:
                 Private = 'false'
   4:6>ResolveAssemblyReferences:
             Reference found at search path location "{RawFileName}".
             This reference is not "CopyLocal" because at least one source item had "Private" set to "false" and no source items had "Private" set to "true".
             The ImageRuntimeVersion for this reference is "".
   3:6>ResolveAssemblyReferences:
             /usr/lib64/dotnet/packs/Microsoft.AspNetCore.App.Ref/8.0.22/ref/net8.0/System.Security.Cryptography.Xml.dll
   4:6>ResolveAssemblyReferences:
         Primary reference "Microsoft.AspNetCore.WebUtilities, Version=8.0.0.0, Culture=neutral, PublicKeyToken=adb9793829ddae60".
             Resolved file path is "/usr/lib64/dotnet/packs/Microsoft.AspNetCore.App.Ref/8.0.22/ref/net8.0/Microsoft.AspNetCore.WebUtilities.dll".
             Reference found at search path location "{RawFileName}".
   3:6>ResolveAssemblyReferences:
                 Private = 'false'
   4:6>ResolveAssemblyReferences:
             This reference is not "CopyLocal" because at least one source item had "Private" set to "false" and no source items had "Private" set to "true".
             The ImageRuntimeVersion for this reference is "".
         Primary reference "Microsoft.AspNetCore, Version=8.0.0.0, Culture=neutral, PublicKeyToken=adb9793829ddae60".
             Resolved file path is "/usr/lib64/dotnet/packs/Microsoft.AspNetCore.App.Ref/8.0.22/ref/net8.0/Microsoft.AspNetCore.dll".
   3:6>ResolveAssemblyReferences:
             /usr/lib64/dotnet/packs/Microsoft.AspNetCore.App.Ref/8.0.22/ref/net8.0/System.Threading.RateLimiting.dll
   4:6>ResolveAssemblyReferences:
             Reference found at search path location "{RawFileName}".
             This reference is not "CopyLocal" because at least one source item had "Private" set to "false" and no source items had "Private" set to "true".
             The ImageRuntimeVersion for this reference is "".
   3:6>ResolveAssemblyReferences:
                 Private = 'false'
   4:6>ResolveAssemblyReferences:
         Primary reference "Microsoft.Extensions.Caching.Abstractions, Version=8.0.0.0, Culture=neutral, PublicKeyToken=adb9793829ddae60".
             Resolved file path is "/usr/lib64/dotnet/packs/Microsoft.AspNetCore.App.Ref/8.0.22/ref/net8.0/Microsoft.Extensions.Caching.Abstractions.dll".
             Reference found at search path location "{RawFileName}".
   3:6>ResolveAssemblyReferences:
         AssemblyFiles:
   4:6>ResolveAssemblyReferences:
             This reference is not "CopyLocal" because at least one source item had "Private" set to "false" and no source items had "Private" set to "true".
             The ImageRuntimeVersion for this reference is "".
         Primary reference "Microsoft.Extensions.Caching.Memory, Version=8.0.0.0, Culture=neutral, PublicKeyToken=adb9793829ddae60".
             Resolved file path is "/usr/lib64/dotnet/packs/Microsoft.AspNetCore.App.Ref/8.0.22/ref/net8.0/Microsoft.Extensions.Caching.Memory.dll".
   3:6>ResolveAssemblyReferences:
             /home/baturhan/Projeler/Entegrasyon/Application/Entegrasyon.Business/bin/Debug/net8.0/Entegrasyon.Business.dll
   4:6>ResolveAssemblyReferences:
             Reference found at search path location "{RawFileName}".
             This reference is not "CopyLocal" because at least one source item had "Private" set to "false" and no source items had "Private" set to "true".
             The ImageRuntimeVersion for this reference is "".
   3:6>ResolveAssemblyReferences:
             /home/baturhan/Projeler/Entegrasyon/Application/Entegrasyon.MessageQueue.Commands/bin/Debug/net8.0/Entegrasyon.MessageQueue.Commands.dll
   4:6>ResolveAssemblyReferences:
         Primary reference "Microsoft.Extensions.Configuration.Abstractions, Version=8.0.0.0, Culture=neutral, PublicKeyToken=adb9793829ddae60".
             Resolved file path is "/usr/lib64/dotnet/packs/Microsoft.AspNetCore.App.Ref/8.0.22/ref/net8.0/Microsoft.Extensions.Configuration.Abstractions.dll".
             Reference found at search path location "{RawFileName}".
   3:6>ResolveAssemblyReferences:
             /home/baturhan/Projeler/Entegrasyon/Application/Entegrasyon.DataAccess/bin/Debug/net8.0/Entegrasyon.DataAccess.dll
   4:6>ResolveAssemblyReferences:
             This reference is not "CopyLocal" because at least one source item had "Private" set to "false" and no source items had "Private" set to "true".
             The ImageRuntimeVersion for this reference is "".
         Primary reference "Microsoft.Extensions.Configuration.Binder, Version=8.0.0.0, Culture=neutral, PublicKeyToken=adb9793829ddae60".
   3:6>ResolveAssemblyReferences:
             /home/baturhan/Projeler/Entegrasyon/Application/Entegrasyon.Entity/bin/Debug/net8.0/Entegrasyon.Entity.dll
   4:6>ResolveAssemblyReferences:
             Resolved file path is "/usr/lib64/dotnet/packs/Microsoft.AspNetCore.App.Ref/8.0.22/ref/net8.0/Microsoft.Extensions.Configuration.Binder.dll".
             Reference found at search path location "{RawFileName}".
             This reference is not "CopyLocal" because at least one source item had "Private" set to "false" and no source items had "Private" set to "true".
   3:6>ResolveAssemblyReferences:
             /home/baturhan/Projeler/Entegrasyon/Shared/Shared/bin/Debug/net8.0/Shared.dll
   4:6>ResolveAssemblyReferences:
             The ImageRuntimeVersion for this reference is "".
         Primary reference "Microsoft.Extensions.Configuration.CommandLine, Version=8.0.0.0, Culture=neutral, PublicKeyToken=adb9793829ddae60".
             Resolved file path is "/usr/lib64/dotnet/packs/Microsoft.AspNetCore.App.Ref/8.0.22/ref/net8.0/Microsoft.Extensions.Configuration.CommandLine.dll".
   3:6>ResolveAssemblyReferences:
         CandidateAssemblyFiles:
   4:6>ResolveAssemblyReferences:
             Reference found at search path location "{RawFileName}".
             This reference is not "CopyLocal" because at least one source item had "Private" set to "false" and no source items had "Private" set to "true".
             The ImageRuntimeVersion for this reference is "".
   3:6>ResolveAssemblyReferences:
         TargetFrameworkDirectories:
   4:6>ResolveAssemblyReferences:
         Primary reference "Microsoft.Extensions.Configuration.EnvironmentVariables, Version=8.0.0.0, Culture=neutral, PublicKeyToken=adb9793829ddae60".
             Resolved file path is "/usr/lib64/dotnet/packs/Microsoft.AspNetCore.App.Ref/8.0.22/ref/net8.0/Microsoft.Extensions.Configuration.EnvironmentVariables.dll".
             Reference found at search path location "{RawFileName}".
             This reference is not "CopyLocal" because at least one source item had "Private" set to "false" and no source items had "Private" set to "true".
   3:6>ResolveAssemblyReferences:
             
   4:6>ResolveAssemblyReferences:
             The ImageRuntimeVersion for this reference is "".
         Primary reference "Microsoft.Extensions.Configuration.FileExtensions, Version=8.0.0.0, Culture=neutral, PublicKeyToken=adb9793829ddae60".
             Resolved file path is "/usr/lib64/dotnet/packs/Microsoft.AspNetCore.App.Ref/8.0.22/ref/net8.0/Microsoft.Extensions.Configuration.FileExtensions.dll".
   3:6>ResolveAssemblyReferences:
         NonCultureResourceDirectories:
   4:6>ResolveAssemblyReferences:
             Reference found at search path location "{RawFileName}".
             This reference is not "CopyLocal" because at least one source item had "Private" set to "false" and no source items had "Private" set to "true".
             The ImageRuntimeVersion for this reference is "".
   3:6>ResolveAssemblyReferences:
             
   4:6>ResolveAssemblyReferences:
         Primary reference "Microsoft.Extensions.Configuration.Ini, Version=8.0.0.0, Culture=neutral, PublicKeyToken=adb9793829ddae60".
             Resolved file path is "/usr/lib64/dotnet/packs/Microsoft.AspNetCore.App.Ref/8.0.22/ref/net8.0/Microsoft.Extensions.Configuration.Ini.dll".
             Reference found at search path location "{RawFileName}".
   3:6>ResolveAssemblyReferences:
         InstalledAssemblyTables:
   4:6>ResolveAssemblyReferences:
             This reference is not "CopyLocal" because at least one source item had "Private" set to "false" and no source items had "Private" set to "true".
             The ImageRuntimeVersion for this reference is "".
         Primary reference "Microsoft.Extensions.Configuration.Json, Version=8.0.0.0, Culture=neutral, PublicKeyToken=adb9793829ddae60".
   3:6>ResolveAssemblyReferences:
         IgnoreInstalledAssemblyTable:
   4:6>ResolveAssemblyReferences:
             Resolved file path is "/usr/lib64/dotnet/packs/Microsoft.AspNetCore.App.Ref/8.0.22/ref/net8.0/Microsoft.Extensions.Configuration.Json.dll".
             Reference found at search path location "{RawFileName}".
             This reference is not "CopyLocal" because at least one source item had "Private" set to "false" and no source items had "Private" set to "true".
             The ImageRuntimeVersion for this reference is "".
   3:6>ResolveAssemblyReferences:
             False
   4:6>ResolveAssemblyReferences:
         Primary reference "Microsoft.Extensions.Configuration.KeyPerFile, Version=8.0.0.0, Culture=neutral, PublicKeyToken=adb9793829ddae60".
             Resolved file path is "/usr/lib64/dotnet/packs/Microsoft.AspNetCore.App.Ref/8.0.22/ref/net8.0/Microsoft.Extensions.Configuration.KeyPerFile.dll".
   3:6>ResolveAssemblyReferences:
         SearchPaths:
   4:6>ResolveAssemblyReferences:
             Reference found at search path location "{RawFileName}".
             This reference is not "CopyLocal" because at least one source item had "Private" set to "false" and no source items had "Private" set to "true".
             The ImageRuntimeVersion for this reference is "".
         Primary reference "Microsoft.Extensions.Configuration.UserSecrets, Version=8.0.0.0, Culture=neutral, PublicKeyToken=adb9793829ddae60".
   3:6>ResolveAssemblyReferences:
             {CandidateAssemblyFiles}
   4:6>ResolveAssemblyReferences:
             Resolved file path is "/usr/lib64/dotnet/packs/Microsoft.AspNetCore.App.Ref/8.0.22/ref/net8.0/Microsoft.Extensions.Configuration.UserSecrets.dll".
             Reference found at search path location "{RawFileName}".
             This reference is not "CopyLocal" because at least one source item had "Private" set to "false" and no source items had "Private" set to "true".
   3:6>ResolveAssemblyReferences:
             {HintPathFromItem}
   4:6>ResolveAssemblyReferences:
             The ImageRuntimeVersion for this reference is "".
         Primary reference "Microsoft.Extensions.Configuration.Xml, Version=8.0.0.0, Culture=neutral, PublicKeyToken=adb9793829ddae60".
             Resolved file path is "/usr/lib64/dotnet/packs/Microsoft.AspNetCore.App.Ref/8.0.22/ref/net8.0/Microsoft.Extensions.Configuration.Xml.dll".
   3:6>ResolveAssemblyReferences:
             {TargetFrameworkDirectory}
   4:6>ResolveAssemblyReferences:
             Reference found at search path location "{RawFileName}".
             This reference is not "CopyLocal" because at least one source item had "Private" set to "false" and no source items had "Private" set to "true".
   3:6>ResolveAssemblyReferences:
             {RawFileName}
   4:6>ResolveAssemblyReferences:
             The ImageRuntimeVersion for this reference is "".
         Primary reference "Microsoft.Extensions.Configuration, Version=8.0.0.0, Culture=neutral, PublicKeyToken=adb9793829ddae60".
             Resolved file path is "/usr/lib64/dotnet/packs/Microsoft.AspNetCore.App.Ref/8.0.22/ref/net8.0/Microsoft.Extensions.Configuration.dll".
   3:6>ResolveAssemblyReferences:
         AllowedAssemblyExtensions:
   4:6>ResolveAssemblyReferences:
             Reference found at search path location "{RawFileName}".
             This reference is not "CopyLocal" because at least one source item had "Private" set to "false" and no source items had "Private" set to "true".
             The ImageRuntimeVersion for this reference is "".
   3:6>ResolveAssemblyReferences:
             .winmd
   4:6>ResolveAssemblyReferences:
         Primary reference "Microsoft.Extensions.DependencyInjection.Abstractions, Version=8.0.0.0, Culture=neutral, PublicKeyToken=adb9793829ddae60".
   3:6>ResolveAssemblyReferences:
             .dll
   4:6>ResolveAssemblyReferences:
             Resolved file path is "/usr/lib64/dotnet/packs/Microsoft.AspNetCore.App.Ref/8.0.22/ref/net8.0/Microsoft.Extensions.DependencyInjection.Abstractions.dll".
             Reference found at search path location "{RawFileName}".
             This reference is not "CopyLocal" because at least one source item had "Private" set to "false" and no source items had "Private" set to "true".
             The ImageRuntimeVersion for this reference is "".
   3:6>ResolveAssemblyReferences:
             .exe
   4:6>ResolveAssemblyReferences:
         Primary reference "Microsoft.Extensions.DependencyInjection, Version=8.0.0.0, Culture=neutral, PublicKeyToken=adb9793829ddae60".
             Resolved file path is "/usr/lib64/dotnet/packs/Microsoft.AspNetCore.App.Ref/8.0.22/ref/net8.0/Microsoft.Extensions.DependencyInjection.dll".
             Reference found at search path location "{RawFileName}".
   3:6>ResolveAssemblyReferences:
         AllowedRelatedFileExtensions:
   4:6>ResolveAssemblyReferences:
             This reference is not "CopyLocal" because at least one source item had "Private" set to "false" and no source items had "Private" set to "true".
             The ImageRuntimeVersion for this reference is "".
   3:6>ResolveAssemblyReferences:
             .pdb
   4:6>ResolveAssemblyReferences:
         Primary reference "Microsoft.Extensions.Diagnostics.Abstractions, Version=8.0.0.0, Culture=neutral, PublicKeyToken=adb9793829ddae60".
             Resolved file path is "/usr/lib64/dotnet/packs/Microsoft.AspNetCore.App.Ref/8.0.22/ref/net8.0/Microsoft.Extensions.Diagnostics.Abstractions.dll".
             Reference found at search path location "{RawFileName}".
   3:6>ResolveAssemblyReferences:
             .xml
   4:6>ResolveAssemblyReferences:
             This reference is not "CopyLocal" because at least one source item had "Private" set to "false" and no source items had "Private" set to "true".
             The ImageRuntimeVersion for this reference is "".
         Primary reference "Microsoft.Extensions.Diagnostics.HealthChecks.Abstractions, Version=8.0.0.0, Culture=neutral, PublicKeyToken=adb9793829ddae60".
   3:6>ResolveAssemblyReferences:
             .pri
   4:6>ResolveAssemblyReferences:
             Resolved file path is "/usr/lib64/dotnet/packs/Microsoft.AspNetCore.App.Ref/8.0.22/ref/net8.0/Microsoft.Extensions.Diagnostics.HealthChecks.Abstractions.dll".
             Reference found at search path location "{RawFileName}".
             This reference is not "CopyLocal" because at least one source item had "Private" set to "false" and no source items had "Private" set to "true".
   3:6>ResolveAssemblyReferences:
             .dll.config
   4:6>ResolveAssemblyReferences:
             The ImageRuntimeVersion for this reference is "".
         Primary reference "Microsoft.Extensions.Diagnostics.HealthChecks, Version=8.0.0.0, Culture=neutral, PublicKeyToken=adb9793829ddae60".
             Resolved file path is "/usr/lib64/dotnet/packs/Microsoft.AspNetCore.App.Ref/8.0.22/ref/net8.0/Microsoft.Extensions.Diagnostics.HealthChecks.dll".
   3:6>ResolveAssemblyReferences:
             .exe.config
   4:6>ResolveAssemblyReferences:
             Reference found at search path location "{RawFileName}".
             This reference is not "CopyLocal" because at least one source item had "Private" set to "false" and no source items had "Private" set to "true".
             The ImageRuntimeVersion for this reference is "".
   3:6>ResolveAssemblyReferences:
         AppConfigFile:
   4:6>ResolveAssemblyReferences:
         Primary reference "Microsoft.Extensions.Diagnostics, Version=8.0.0.0, Culture=neutral, PublicKeyToken=adb9793829ddae60".
             Resolved file path is "/usr/lib64/dotnet/packs/Microsoft.AspNetCore.App.Ref/8.0.22/ref/net8.0/Microsoft.Extensions.Diagnostics.dll".
             Reference found at search path location "{RawFileName}".
   3:6>ResolveAssemblyReferences:
             
   4:6>ResolveAssemblyReferences:
             This reference is not "CopyLocal" because at least one source item had "Private" set to "false" and no source items had "Private" set to "true".
             The ImageRuntimeVersion for this reference is "".
         Primary reference "Microsoft.Extensions.Features, Version=8.0.0.0, Culture=neutral, PublicKeyToken=adb9793829ddae60".
   3:6>ResolveAssemblyReferences:
         AutoUnify:
   4:6>ResolveAssemblyReferences:
             Resolved file path is "/usr/lib64/dotnet/packs/Microsoft.AspNetCore.App.Ref/8.0.22/ref/net8.0/Microsoft.Extensions.Features.dll".
             Reference found at search path location "{RawFileName}".
             This reference is not "CopyLocal" because at least one source item had "Private" set to "false" and no source items had "Private" set to "true".
   3:6>ResolveAssemblyReferences:
             True
   4:6>ResolveAssemblyReferences:
             The ImageRuntimeVersion for this reference is "".
         Primary reference "Microsoft.Extensions.FileProviders.Abstractions, Version=8.0.0.0, Culture=neutral, PublicKeyToken=adb9793829ddae60".
             Resolved file path is "/usr/lib64/dotnet/packs/Microsoft.AspNetCore.App.Ref/8.0.22/ref/net8.0/Microsoft.Extensions.FileProviders.Abstractions.dll".
   3:6>ResolveAssemblyReferences:
         EnableCustomCulture:
   4:6>ResolveAssemblyReferences:
             Reference found at search path location "{RawFileName}".
             This reference is not "CopyLocal" because at least one source item had "Private" set to "false" and no source items had "Private" set to "true".
             The ImageRuntimeVersion for this reference is "".
   3:6>ResolveAssemblyReferences:
             False
   4:6>ResolveAssemblyReferences:
         Primary reference "Microsoft.Extensions.FileProviders.Composite, Version=8.0.0.0, Culture=neutral, PublicKeyToken=adb9793829ddae60".
             Resolved file path is "/usr/lib64/dotnet/packs/Microsoft.AspNetCore.App.Ref/8.0.22/ref/net8.0/Microsoft.Extensions.FileProviders.Composite.dll".
             Reference found at search path location "{RawFileName}".
   3:6>ResolveAssemblyReferences:
         EnableCustomCulture:
   4:6>ResolveAssemblyReferences:
             This reference is not "CopyLocal" because at least one source item had "Private" set to "false" and no source items had "Private" set to "true".
             The ImageRuntimeVersion for this reference is "".
         Primary reference "Microsoft.Extensions.FileProviders.Embedded, Version=8.0.0.0, Culture=neutral, PublicKeyToken=adb9793829ddae60".
   3:6>ResolveAssemblyReferences:
             False
   4:6>ResolveAssemblyReferences:
             Resolved file path is "/usr/lib64/dotnet/packs/Microsoft.AspNetCore.App.Ref/8.0.22/ref/net8.0/Microsoft.Extensions.FileProviders.Embedded.dll".
             Reference found at search path location "{RawFileName}".
             This reference is not "CopyLocal" because at least one source item had "Private" set to "false" and no source items had "Private" set to "true".
   3:6>ResolveAssemblyReferences:
         CopyLocalDependenciesWhenParentReferenceInGac:
   4:6>ResolveAssemblyReferences:
             The ImageRuntimeVersion for this reference is "".
         Primary reference "Microsoft.Extensions.FileProviders.Physical, Version=8.0.0.0, Culture=neutral, PublicKeyToken=adb9793829ddae60".
             Resolved file path is "/usr/lib64/dotnet/packs/Microsoft.AspNetCore.App.Ref/8.0.22/ref/net8.0/Microsoft.Extensions.FileProviders.Physical.dll".
   3:6>ResolveAssemblyReferences:
             True
   4:6>ResolveAssemblyReferences:
             Reference found at search path location "{RawFileName}".
             This reference is not "CopyLocal" because at least one source item had "Private" set to "false" and no source items had "Private" set to "true".
             The ImageRuntimeVersion for this reference is "".
   3:6>ResolveAssemblyReferences:
         FindDependencies:
   4:6>ResolveAssemblyReferences:
         Primary reference "Microsoft.Extensions.FileSystemGlobbing, Version=8.0.0.0, Culture=neutral, PublicKeyToken=adb9793829ddae60".
             Resolved file path is "/usr/lib64/dotnet/packs/Microsoft.AspNetCore.App.Ref/8.0.22/ref/net8.0/Microsoft.Extensions.FileSystemGlobbing.dll".
             Reference found at search path location "{RawFileName}".
   3:6>ResolveAssemblyReferences:
             True
   4:6>ResolveAssemblyReferences:
             This reference is not "CopyLocal" because at least one source item had "Private" set to "false" and no source items had "Private" set to "true".
             The ImageRuntimeVersion for this reference is "".
         Primary reference "Microsoft.Extensions.Hosting.Abstractions, Version=8.0.0.0, Culture=neutral, PublicKeyToken=adb9793829ddae60".
             Resolved file path is "/usr/lib64/dotnet/packs/Microsoft.AspNetCore.App.Ref/8.0.22/ref/net8.0/Microsoft.Extensions.Hosting.Abstractions.dll".
   3:6>ResolveAssemblyReferences:
         TargetProcessorArchitecture:
   4:6>ResolveAssemblyReferences:
             Reference found at search path location "{RawFileName}".
             This reference is not "CopyLocal" because at least one source item had "Private" set to "false" and no source items had "Private" set to "true".
             The ImageRuntimeVersion for this reference is "".
   3:6>ResolveAssemblyReferences:
             msil
   4:6>ResolveAssemblyReferences:
         Primary reference "Microsoft.Extensions.Hosting, Version=8.0.0.0, Culture=neutral, PublicKeyToken=adb9793829ddae60".
             Resolved file path is "/usr/lib64/dotnet/packs/Microsoft.AspNetCore.App.Ref/8.0.22/ref/net8.0/Microsoft.Extensions.Hosting.dll".
             Reference found at search path location "{RawFileName}".
             This reference is not "CopyLocal" because at least one source item had "Private" set to "false" and no source items had "Private" set to "true".
   3:6>ResolveAssemblyReferences:
         StateFile:
   4:6>ResolveAssemblyReferences:
             The ImageRuntimeVersion for this reference is "".
         Primary reference "Microsoft.Extensions.Http, Version=8.0.0.0, Culture=neutral, PublicKeyToken=adb9793829ddae60".
             Resolved file path is "/usr/lib64/dotnet/packs/Microsoft.AspNetCore.App.Ref/8.0.22/ref/net8.0/Microsoft.Extensions.Http.dll".
             Reference found at search path location "{RawFileName}".
   3:6>ResolveAssemblyReferences:
             obj/Debug/net8.0/Entegrasyon.MessageQueue.Handler.csproj.AssemblyReference.cache
   4:6>ResolveAssemblyReferences:
             This reference is not "CopyLocal" because at least one source item had "Private" set to "false" and no source items had "Private" set to "true".
             The ImageRuntimeVersion for this reference is "".
         Primary reference "Microsoft.Extensions.Identity.Core, Version=8.0.0.0, Culture=neutral, PublicKeyToken=adb9793829ddae60".
   3:6>ResolveAssemblyReferences:
         InstalledAssemblySubsetTables:
   4:6>ResolveAssemblyReferences:
             Resolved file path is "/usr/lib64/dotnet/packs/Microsoft.AspNetCore.App.Ref/8.0.22/ref/net8.0/Microsoft.Extensions.Identity.Core.dll".
             Reference found at search path location "{RawFileName}".
             This reference is not "CopyLocal" because at least one source item had "Private" set to "false" and no source items had "Private" set to "true".
   3:6>ResolveAssemblyReferences:
         IgnoreInstalledAssemblySubsetTable:
   4:6>ResolveAssemblyReferences:
             The ImageRuntimeVersion for this reference is "".
         Primary reference "Microsoft.Extensions.Identity.Stores, Version=8.0.0.0, Culture=neutral, PublicKeyToken=adb9793829ddae60".
             Resolved file path is "/usr/lib64/dotnet/packs/Microsoft.AspNetCore.App.Ref/8.0.22/ref/net8.0/Microsoft.Extensions.Identity.Stores.dll".
   3:6>ResolveAssemblyReferences:
             False
   4:6>ResolveAssemblyReferences:
             Reference found at search path location "{RawFileName}".
             This reference is not "CopyLocal" because at least one source item had "Private" set to "false" and no source items had "Private" set to "true".
             The ImageRuntimeVersion for this reference is "".
   3:6>ResolveAssemblyReferences:
         TargetFrameworkSubsets:
   4:6>ResolveAssemblyReferences:
         Primary reference "Microsoft.Extensions.Localization.Abstractions, Version=8.0.0.0, Culture=neutral, PublicKeyToken=adb9793829ddae60".
             Resolved file path is "/usr/lib64/dotnet/packs/Microsoft.AspNetCore.App.Ref/8.0.22/ref/net8.0/Microsoft.Extensions.Localization.Abstractions.dll".
             Reference found at search path location "{RawFileName}".
   3:6>ResolveAssemblyReferences:
         FullTargetFrameworkSubsetNames:
   4:6>ResolveAssemblyReferences:
             This reference is not "CopyLocal" because at least one source item had "Private" set to "false" and no source items had "Private" set to "true".
             The ImageRuntimeVersion for this reference is "".
         Primary reference "Microsoft.Extensions.Localization, Version=8.0.0.0, Culture=neutral, PublicKeyToken=adb9793829ddae60".
             Resolved file path is "/usr/lib64/dotnet/packs/Microsoft.AspNetCore.App.Ref/8.0.22/ref/net8.0/Microsoft.Extensions.Localization.dll".
   3:6>ResolveAssemblyReferences:
             Full
   4:6>ResolveAssemblyReferences:
             Reference found at search path location "{RawFileName}".
             This reference is not "CopyLocal" because at least one source item had "Private" set to "false" and no source items had "Private" set to "true".
             The ImageRuntimeVersion for this reference is "".
   3:6>ResolveAssemblyReferences:
         ProfileName:
   4:6>ResolveAssemblyReferences:
         Primary reference "Microsoft.Extensions.Logging.Abstractions, Version=8.0.0.0, Culture=neutral, PublicKeyToken=adb9793829ddae60".
             Resolved file path is "/usr/lib64/dotnet/packs/Microsoft.AspNetCore.App.Ref/8.0.22/ref/net8.0/Microsoft.Extensions.Logging.Abstractions.dll".
             Reference found at search path location "{RawFileName}".
   3:6>ResolveAssemblyReferences:
             
   4:6>ResolveAssemblyReferences:
             This reference is not "CopyLocal" because at least one source item had "Private" set to "false" and no source items had "Private" set to "true".
             The ImageRuntimeVersion for this reference is "".
         Primary reference "Microsoft.Extensions.Logging.Configuration, Version=8.0.0.0, Culture=neutral, PublicKeyToken=adb9793829ddae60".
             Resolved file path is "/usr/lib64/dotnet/packs/Microsoft.AspNetCore.App.Ref/8.0.22/ref/net8.0/Microsoft.Extensions.Logging.Configuration.dll".
   3:6>ResolveAssemblyReferences:
         FullFrameworkFolders:
   4:6>ResolveAssemblyReferences:
             Reference found at search path location "{RawFileName}".
             This reference is not "CopyLocal" because at least one source item had "Private" set to "false" and no source items had "Private" set to "true".
             The ImageRuntimeVersion for this reference is "".
         Primary reference "Microsoft.Extensions.Logging.Console, Version=8.0.0.0, Culture=neutral, PublicKeyToken=adb9793829ddae60".
   3:6>ResolveAssemblyReferences:
         LatestTargetFrameworkDirectories:
   4:6>ResolveAssemblyReferences:
             Resolved file path is "/usr/lib64/dotnet/packs/Microsoft.AspNetCore.App.Ref/8.0.22/ref/net8.0/Microsoft.Extensions.Logging.Console.dll".
             Reference found at search path location "{RawFileName}".
             This reference is not "CopyLocal" because at least one source item had "Private" set to "false" and no source items had "Private" set to "true".
   3:6>ResolveAssemblyReferences:
         ProfileTablesLocation:
   4:6>ResolveAssemblyReferences:
             The ImageRuntimeVersion for this reference is "".
         Primary reference "Microsoft.Extensions.Logging.Debug, Version=8.0.0.0, Culture=neutral, PublicKeyToken=adb9793829ddae60".
             Resolved file path is "/usr/lib64/dotnet/packs/Microsoft.AspNetCore.App.Ref/8.0.22/ref/net8.0/Microsoft.Extensions.Logging.Debug.dll".
   3:6>ResolveAssemblyReferences:
         Primary reference "Entegrasyon.Business, Version=1.0.0.0, Culture=neutral, PublicKeyToken=null".
   4:6>ResolveAssemblyReferences:
             Reference found at search path location "{RawFileName}".
             This reference is not "CopyLocal" because at least one source item had "Private" set to "false" and no source items had "Private" set to "true".
             The ImageRuntimeVersion for this reference is "".
   3:6>ResolveAssemblyReferences:
             Resolved file path is "/home/baturhan/Projeler/Entegrasyon/Application/Entegrasyon.Business/bin/Debug/net8.0/Entegrasyon.Business.dll".
   4:6>ResolveAssemblyReferences:
         Primary reference "Microsoft.Extensions.Logging.EventLog, Version=8.0.0.0, Culture=neutral, PublicKeyToken=adb9793829ddae60".
             Resolved file path is "/usr/lib64/dotnet/packs/Microsoft.AspNetCore.App.Ref/8.0.22/ref/net8.0/Microsoft.Extensions.Logging.EventLog.dll".
             Reference found at search path location "{RawFileName}".
   3:6>ResolveAssemblyReferences:
             Reference found at search path location "/home/baturhan/Projeler/Entegrasyon/Application/Entegrasyon.Business/bin/Debug/net8.0/Entegrasyon.Business.dll".
   4:6>ResolveAssemblyReferences:
             This reference is not "CopyLocal" because at least one source item had "Private" set to "false" and no source items had "Private" set to "true".
             The ImageRuntimeVersion for this reference is "".
         Primary reference "Microsoft.Extensions.Logging.EventSource, Version=8.0.0.0, Culture=neutral, PublicKeyToken=adb9793829ddae60".
             Resolved file path is "/usr/lib64/dotnet/packs/Microsoft.AspNetCore.App.Ref/8.0.22/ref/net8.0/Microsoft.Extensions.Logging.EventSource.dll".
   3:6>ResolveAssemblyReferences:
             Found related file "/home/baturhan/Projeler/Entegrasyon/Application/Entegrasyon.Business/bin/Debug/net8.0/Entegrasyon.Business.pdb".
   4:6>ResolveAssemblyReferences:
             Reference found at search path location "{RawFileName}".
             This reference is not "CopyLocal" because at least one source item had "Private" set to "false" and no source items had "Private" set to "true".
             The ImageRuntimeVersion for this reference is "".
   3:6>ResolveAssemblyReferences:
             Found satellite file "en/Entegrasyon.Business.resources.dll".
   4:6>ResolveAssemblyReferences:
         Primary reference "Microsoft.Extensions.Logging.TraceSource, Version=8.0.0.0, Culture=neutral, PublicKeyToken=adb9793829ddae60".
             Resolved file path is "/usr/lib64/dotnet/packs/Microsoft.AspNetCore.App.Ref/8.0.22/ref/net8.0/Microsoft.Extensions.Logging.TraceSource.dll".
             Reference found at search path location "{RawFileName}".
   3:6>ResolveAssemblyReferences:
             Found satellite file "tr/Entegrasyon.Business.resources.dll".
   4:6>ResolveAssemblyReferences:
             This reference is not "CopyLocal" because at least one source item had "Private" set to "false" and no source items had "Private" set to "true".
             The ImageRuntimeVersion for this reference is "".
         Primary reference "Microsoft.Extensions.Logging, Version=8.0.0.0, Culture=neutral, PublicKeyToken=adb9793829ddae60".
             Resolved file path is "/usr/lib64/dotnet/packs/Microsoft.AspNetCore.App.Ref/8.0.22/ref/net8.0/Microsoft.Extensions.Logging.dll".
   3:6>ResolveAssemblyReferences:
             The ImageRuntimeVersion for this reference is "".
   4:6>ResolveAssemblyReferences:
             Reference found at search path location "{RawFileName}".
             This reference is not "CopyLocal" because at least one source item had "Private" set to "false" and no source items had "Private" set to "true".
             The ImageRuntimeVersion for this reference is "".
         Primary reference "Microsoft.Extensions.ObjectPool, Version=8.0.0.0, Culture=neutral, PublicKeyToken=adb9793829ddae60".
   3:6>ResolveAssemblyReferences:
         Primary reference "Entegrasyon.MessageQueue.Commands, Version=1.0.0.0, Culture=neutral, PublicKeyToken=null".
   4:6>ResolveAssemblyReferences:
             Resolved file path is "/usr/lib64/dotnet/packs/Microsoft.AspNetCore.App.Ref/8.0.22/ref/net8.0/Microsoft.Extensions.ObjectPool.dll".
             Reference found at search path location "{RawFileName}".
             This reference is not "CopyLocal" because at least one source item had "Private" set to "false" and no source items had "Private" set to "true".
   3:6>ResolveAssemblyReferences:
             Resolved file path is "/home/baturhan/Projeler/Entegrasyon/Application/Entegrasyon.MessageQueue.Commands/bin/Debug/net8.0/Entegrasyon.MessageQueue.Commands.dll".
   4:6>ResolveAssemblyReferences:
             The ImageRuntimeVersion for this reference is "".
         Primary reference "Microsoft.Extensions.Options.ConfigurationExtensions, Version=8.0.0.0, Culture=neutral, PublicKeyToken=adb9793829ddae60".
             Resolved file path is "/usr/lib64/dotnet/packs/Microsoft.AspNetCore.App.Ref/8.0.22/ref/net8.0/Microsoft.Extensions.Options.ConfigurationExtensions.dll".
             Reference found at search path location "{RawFileName}".
   3:6>ResolveAssemblyReferences:
             Reference found at search path location "/home/baturhan/Projeler/Entegrasyon/Application/Entegrasyon.MessageQueue.Commands/bin/Debug/net8.0/Entegrasyon.MessageQueue.Commands.dll".
   4:6>ResolveAssemblyReferences:
             This reference is not "CopyLocal" because at least one source item had "Private" set to "false" and no source items had "Private" set to "true".
             The ImageRuntimeVersion for this reference is "".
         Primary reference "Microsoft.Extensions.Options.DataAnnotations, Version=8.0.0.0, Culture=neutral, PublicKeyToken=adb9793829ddae60".
   3:6>ResolveAssemblyReferences:
             Found related file "/home/baturhan/Projeler/Entegrasyon/Application/Entegrasyon.MessageQueue.Commands/bin/Debug/net8.0/Entegrasyon.MessageQueue.Commands.pdb".
   4:6>ResolveAssemblyReferences:
             Resolved file path is "/usr/lib64/dotnet/packs/Microsoft.AspNetCore.App.Ref/8.0.22/ref/net8.0/Microsoft.Extensions.Options.DataAnnotations.dll".
             Reference found at search path location "{RawFileName}".
             This reference is not "CopyLocal" because at least one source item had "Private" set to "false" and no source items had "Private" set to "true".
             The ImageRuntimeVersion for this reference is "".
   3:6>ResolveAssemblyReferences:
             The ImageRuntimeVersion for this reference is "".
   4:6>ResolveAssemblyReferences:
         Primary reference "Microsoft.Extensions.Options, Version=8.0.0.0, Culture=neutral, PublicKeyToken=adb9793829ddae60".
             Resolved file path is "/usr/lib64/dotnet/packs/Microsoft.AspNetCore.App.Ref/8.0.22/ref/net8.0/Microsoft.Extensions.Options.dll".
             Reference found at search path location "{RawFileName}".
   3:6>ResolveAssemblyReferences:
         Primary reference "Entegrasyon.DataAccess, Version=1.0.0.0, Culture=neutral, PublicKeyToken=null".
   4:6>ResolveAssemblyReferences:
             This reference is not "CopyLocal" because at least one source item had "Private" set to "false" and no source items had "Private" set to "true".
             The ImageRuntimeVersion for this reference is "".
   3:6>ResolveAssemblyReferences:
             Resolved file path is "/home/baturhan/Projeler/Entegrasyon/Application/Entegrasyon.DataAccess/bin/Debug/net8.0/Entegrasyon.DataAccess.dll".
   4:6>ResolveAssemblyReferences:
         Primary reference "Microsoft.Extensions.Primitives, Version=8.0.0.0, Culture=neutral, PublicKeyToken=adb9793829ddae60".
             Resolved file path is "/usr/lib64/dotnet/packs/Microsoft.AspNetCore.App.Ref/8.0.22/ref/net8.0/Microsoft.Extensions.Primitives.dll".
             Reference found at search path location "{RawFileName}".
             This reference is not "CopyLocal" because at least one source item had "Private" set to "false" and no source items had "Private" set to "true".
   3:6>ResolveAssemblyReferences:
             Reference found at search path location "/home/baturhan/Projeler/Entegrasyon/Application/Entegrasyon.DataAccess/bin/Debug/net8.0/Entegrasyon.DataAccess.dll".
   4:6>ResolveAssemblyReferences:
             The ImageRuntimeVersion for this reference is "".
         Primary reference "Microsoft.Extensions.WebEncoders, Version=8.0.0.0, Culture=neutral, PublicKeyToken=adb9793829ddae60".
             Resolved file path is "/usr/lib64/dotnet/packs/Microsoft.AspNetCore.App.Ref/8.0.22/ref/net8.0/Microsoft.Extensions.WebEncoders.dll".
   3:6>ResolveAssemblyReferences:
             Found related file "/home/baturhan/Projeler/Entegrasyon/Application/Entegrasyon.DataAccess/bin/Debug/net8.0/Entegrasyon.DataAccess.pdb".
   4:6>ResolveAssemblyReferences:
             Reference found at search path location "{RawFileName}".
             This reference is not "CopyLocal" because at least one source item had "Private" set to "false" and no source items had "Private" set to "true".
             The ImageRuntimeVersion for this reference is "".
   3:6>ResolveAssemblyReferences:
             The ImageRuntimeVersion for this reference is "".
   4:6>ResolveAssemblyReferences:
         Primary reference "Microsoft.JSInterop, Version=8.0.0.0, Culture=neutral, PublicKeyToken=adb9793829ddae60".
             Resolved file path is "/usr/lib64/dotnet/packs/Microsoft.AspNetCore.App.Ref/8.0.22/ref/net8.0/Microsoft.JSInterop.dll".
             Reference found at search path location "{RawFileName}".
   3:6>ResolveAssemblyReferences:
         Primary reference "Entegrasyon.Entity, Version=1.0.0.0, Culture=neutral, PublicKeyToken=null".
   4:6>ResolveAssemblyReferences:
             This reference is not "CopyLocal" because at least one source item had "Private" set to "false" and no source items had "Private" set to "true".
             The ImageRuntimeVersion for this reference is "".
         Primary reference "Microsoft.Net.Http.Headers, Version=8.0.0.0, Culture=neutral, PublicKeyToken=adb9793829ddae60".
             Resolved file path is "/usr/lib64/dotnet/packs/Microsoft.AspNetCore.App.Ref/8.0.22/ref/net8.0/Microsoft.Net.Http.Headers.dll".
   3:6>ResolveAssemblyReferences:
             Resolved file path is "/home/baturhan/Projeler/Entegrasyon/Application/Entegrasyon.Entity/bin/Debug/net8.0/Entegrasyon.Entity.dll".
   4:6>ResolveAssemblyReferences:
             Reference found at search path location "{RawFileName}".
             This reference is not "CopyLocal" because at least one source item had "Private" set to "false" and no source items had "Private" set to "true".
             The ImageRuntimeVersion for this reference is "".
   3:6>ResolveAssemblyReferences:
             Reference found at search path location "/home/baturhan/Projeler/Entegrasyon/Application/Entegrasyon.Entity/bin/Debug/net8.0/Entegrasyon.Entity.dll".
   4:6>ResolveAssemblyReferences:
         Primary reference "System.Diagnostics.EventLog, Version=8.0.0.0, Culture=neutral, PublicKeyToken=cc7b13ffcd2ddd51".
             Resolved file path is "/usr/lib64/dotnet/packs/Microsoft.AspNetCore.App.Ref/8.0.22/ref/net8.0/System.Diagnostics.EventLog.dll".
             Reference found at search path location "{RawFileName}".
             This reference is not "CopyLocal" because at least one source item had "Private" set to "false" and no source items had "Private" set to "true".
   3:6>ResolveAssemblyReferences:
             Found related file "/home/baturhan/Projeler/Entegrasyon/Application/Entegrasyon.Entity/bin/Debug/net8.0/Entegrasyon.Entity.pdb".
   4:6>ResolveAssemblyReferences:
             The ImageRuntimeVersion for this reference is "".
         Primary reference "System.IO.Pipelines, Version=8.0.0.0, Culture=neutral, PublicKeyToken=cc7b13ffcd2ddd51".
             Resolved file path is "/usr/lib64/dotnet/packs/Microsoft.AspNetCore.App.Ref/8.0.22/ref/net8.0/System.IO.Pipelines.dll".
   3:6>ResolveAssemblyReferences:
             The ImageRuntimeVersion for this reference is "".
   4:6>ResolveAssemblyReferences:
             Reference found at search path location "{RawFileName}".
             This reference is not "CopyLocal" because at least one source item had "Private" set to "false" and no source items had "Private" set to "true".
             The ImageRuntimeVersion for this reference is "".
         Primary reference "System.Security.Cryptography.Xml, Version=8.0.0.0, Culture=neutral, PublicKeyToken=cc7b13ffcd2ddd51".
   3:6>ResolveAssemblyReferences:
         Primary reference "Shared, Version=1.0.0.0, Culture=neutral, PublicKeyToken=null".
   4:6>ResolveAssemblyReferences:
             Resolved file path is "/usr/lib64/dotnet/packs/Microsoft.AspNetCore.App.Ref/8.0.22/ref/net8.0/System.Security.Cryptography.Xml.dll".
             Reference found at search path location "{RawFileName}".
   3:6>ResolveAssemblyReferences:
             Resolved file path is "/home/baturhan/Projeler/Entegrasyon/Shared/Shared/bin/Debug/net8.0/Shared.dll".
   4:6>ResolveAssemblyReferences:
             This reference is not "CopyLocal" because at least one source item had "Private" set to "false" and no source items had "Private" set to "true".
             The ImageRuntimeVersion for this reference is "".
         Primary reference "System.Threading.RateLimiting, Version=8.0.0.0, Culture=neutral, PublicKeyToken=cc7b13ffcd2ddd51".
             Resolved file path is "/usr/lib64/dotnet/packs/Microsoft.AspNetCore.App.Ref/8.0.22/ref/net8.0/System.Threading.RateLimiting.dll".
   3:6>ResolveAssemblyReferences:
             Reference found at search path location "/home/baturhan/Projeler/Entegrasyon/Shared/Shared/bin/Debug/net8.0/Shared.dll".
   4:6>ResolveAssemblyReferences:
             Reference found at search path location "{RawFileName}".
             This reference is not "CopyLocal" because at least one source item had "Private" set to "false" and no source items had "Private" set to "true".
   3:6>ResolveAssemblyReferences:
             Found related file "/home/baturhan/Projeler/Entegrasyon/Shared/Shared/bin/Debug/net8.0/Shared.pdb".
   4:6>ResolveAssemblyReferences:
             The ImageRuntimeVersion for this reference is "".
       Done executing task "ResolveAssemblyReference".
   3:6>ResolveAssemblyReferences:
             The ImageRuntimeVersion for this reference is "".
   4:6>Done building target "ResolveAssemblyReferences" in project "Entegrasyon.ApplicationBootstrap.csproj".
   3:6>ResolveAssemblyReferences:
         Primary reference "Castle.Core, Version=5.0.0.0, Culture=neutral, PublicKeyToken=407dd0808d44fbdc".
   4:6>Target "AfterResolveReferences" in file "/usr/lib64/dotnet/sdk/10.0.101/Microsoft.Common.CurrentVersion.targets" from project "/home/baturhan/Projeler/Entegrasyon/Application/Entegrasyon.ApplicationBootstrap/Entegrasyon.ApplicationBootstrap.csproj" (target "ResolveReferences" depends on it):
   4:6>Done building target "AfterResolveReferences" in project "Entegrasyon.ApplicationBootstrap.csproj".
   4:6>Target "ResolveReferences" in file "/usr/lib64/dotnet/sdk/10.0.101/Microsoft.Common.CurrentVersion.targets" from project "/home/baturhan/Projeler/Entegrasyon/Application/Entegrasyon.ApplicationBootstrap/Entegrasyon.ApplicationBootstrap.csproj" (target "_BlockWinMDsOnUnsupportedTFMs" depends on it):
   4:6>Done building target "ResolveReferences" in project "Entegrasyon.ApplicationBootstrap.csproj".
   3:6>ResolveAssemblyReferences:
             Resolved file path is "/home/baturhan/.nuget/packages/castle.core/5.1.1/lib/net6.0/Castle.Core.dll".
   4:6>Target "_BlockWinMDsOnUnsupportedTFMs" in file "/usr/lib64/dotnet/sdk/10.0.101/Sdks/Microsoft.NET.Sdk/targets/Microsoft.NET.Sdk.targets" from project "/home/baturhan/Projeler/Entegrasyon/Application/Entegrasyon.ApplicationBootstrap/Entegrasyon.ApplicationBootstrap.csproj" (target "CoreBuild" depends on it):
   4:6>Using "CheckForUnsupportedWinMDReferences" task from assembly "/usr/lib64/dotnet/sdk/10.0.101/Sdks/Microsoft.NET.Sdk/targets/../tools/net10.0/Microsoft.NET.Build.Tasks.dll".
   3:6>ResolveAssemblyReferences:
             Reference found at search path location "{HintPathFromItem}".
   4:6>Task "CheckForUnsupportedWinMDReferences"
       Done executing task "CheckForUnsupportedWinMDReferences".
   3:6>ResolveAssemblyReferences:
             This reference is not "CopyLocal" because at least one source item had "Private" set to "false" and no source items had "Private" set to "true".
   4:6>Done building target "_BlockWinMDsOnUnsupportedTFMs" in project "Entegrasyon.ApplicationBootstrap.csproj".
       Target "ResolveReferences" skipped. Previously built successfully.
   3:6>ResolveAssemblyReferences:
             The ImageRuntimeVersion for this reference is "".
   4:6>Target "ResolvePackageDependenciesForBuild" skipped. Previously built successfully.
       Target "_HandlePackageFileConflicts" skipped. Previously built successfully.
   3:6>ResolveAssemblyReferences:
         Primary reference "FluentValidation, Version=11.0.0.0, Culture=neutral, PublicKeyToken=7de548da2fbae0f0".
   4:6>Target "CopyAdditionalFiles" in file "/usr/lib64/dotnet/sdk/10.0.101/Roslyn/Microsoft.Managed.Core.targets" from project "/home/baturhan/Projeler/Entegrasyon/Application/Entegrasyon.ApplicationBootstrap/Entegrasyon.ApplicationBootstrap.csproj" (target "AssignTargetPaths" depends on it):
   4:6>Done building target "CopyAdditionalFiles" in project "Entegrasyon.ApplicationBootstrap.csproj".
   3:6>ResolveAssemblyReferences:
             Resolved file path is "/home/baturhan/.nuget/packages/fluentvalidation/11.9.0/lib/net8.0/FluentValidation.dll".
   4:6>Target "_ComputeNETCoreBuildOutputFiles" in file "/usr/lib64/dotnet/sdk/10.0.101/Sdks/Microsoft.NET.Sdk/targets/Microsoft.NET.Sdk.targets" from project "/home/baturhan/Projeler/Entegrasyon/Application/Entegrasyon.ApplicationBootstrap/Entegrasyon.ApplicationBootstrap.csproj" (target "AssignTargetPaths" depends on it):
   4:6>Done building target "_ComputeNETCoreBuildOutputFiles" in project "Entegrasyon.ApplicationBootstrap.csproj".
   4:6>Target "AssignTargetPaths" in file "/usr/lib64/dotnet/sdk/10.0.101/Microsoft.Common.CurrentVersion.targets" from project "/home/baturhan/Projeler/Entegrasyon/Application/Entegrasyon.ApplicationBootstrap/Entegrasyon.ApplicationBootstrap.csproj" (target "PrepareResourceNames" depends on it):
       Using "AssignTargetPath" task from assembly "Microsoft.Build.Tasks.Core, Version=15.1.0.0, Culture=neutral, PublicKeyToken=b03f5f7f11d50a3a".
   3:6>ResolveAssemblyReferences:
             Reference found at search path location "{HintPathFromItem}".
   4:6>Task "AssignTargetPath"
       Done executing task "AssignTargetPath".
       Task "AssignTargetPath"
   3:6>ResolveAssemblyReferences:
             This reference is not "CopyLocal" because at least one source item had "Private" set to "false" and no source items had "Private" set to "true".
   4:6>Done executing task "AssignTargetPath".
       Task "AssignTargetPath"
   3:6>ResolveAssemblyReferences:
             The ImageRuntimeVersion for this reference is "".
   4:6>Done executing task "AssignTargetPath".
       Task "AssignTargetPath"
       Done executing task "AssignTargetPath".
   3:6>ResolveAssemblyReferences:
         Primary reference "Mapster, Version=7.4.0.0, Culture=neutral, PublicKeyToken=2f39883af23c29a8".
   4:6>Done building target "AssignTargetPaths" in project "Entegrasyon.ApplicationBootstrap.csproj".
       Target "AssignTargetPaths" skipped. Previously built successfully.
   3:6>ResolveAssemblyReferences:
             Resolved file path is "/home/baturhan/.nuget/packages/mapster/7.4.0/lib/net7.0/Mapster.dll".
   4:6>Target "SplitResourcesByCulture" in file "/usr/lib64/dotnet/sdk/10.0.101/Microsoft.Common.CurrentVersion.targets" from project "/home/baturhan/Projeler/Entegrasyon/Application/Entegrasyon.ApplicationBootstrap/Entegrasyon.ApplicationBootstrap.csproj" (target "PrepareResourceNames" depends on it):
   4:6>Using "AssignCulture" task from assembly "Microsoft.Build.Tasks.Core, Version=15.1.0.0, Culture=neutral, PublicKeyToken=b03f5f7f11d50a3a".
       Task "AssignCulture"
   3:6>ResolveAssemblyReferences:
             Reference found at search path location "{HintPathFromItem}".
   4:6>Done executing task "AssignCulture".
   4:6>Done building target "SplitResourcesByCulture" in project "Entegrasyon.ApplicationBootstrap.csproj".
   3:6>ResolveAssemblyReferences:
             This reference is not "CopyLocal" because at least one source item had "Private" set to "false" and no source items had "Private" set to "true".
   4:6>Target "CreateCustomManifestResourceNames" in file "/usr/lib64/dotnet/sdk/10.0.101/Microsoft.Common.CurrentVersion.targets" from project "/home/baturhan/Projeler/Entegrasyon/Application/Entegrasyon.ApplicationBootstrap/Entegrasyon.ApplicationBootstrap.csproj" (target "PrepareResourceNames" depends on it):
   4:6>Done building target "CreateCustomManifestResourceNames" in project "Entegrasyon.ApplicationBootstrap.csproj".
   4:6>Target "PrepareResourceNames" in file "/usr/lib64/dotnet/sdk/10.0.101/Microsoft.Common.CurrentVersion.targets" from project "/home/baturhan/Projeler/Entegrasyon/Application/Entegrasyon.ApplicationBootstrap/Entegrasyon.ApplicationBootstrap.csproj" (target "PrepareResources" depends on it):
   4:6>Done building target "PrepareResourceNames" in project "Entegrasyon.ApplicationBootstrap.csproj".
   3:6>ResolveAssemblyReferences:
             The ImageRuntimeVersion for this reference is "".
   4:6>Target "ResolveAssemblyReferences" skipped. Previously built successfully.
       Target "SplitResourcesByCulture" skipped. Previously built successfully.
   3:6>ResolveAssemblyReferences:
         Primary reference "Mapster.Core, Version=1.2.1.0, Culture=neutral, PublicKeyToken=e64997d676a9c1d3".
   4:6>Target "BeforeResGen" in file "/usr/lib64/dotnet/sdk/10.0.101/Microsoft.Common.CurrentVersion.targets" from project "/home/baturhan/Projeler/Entegrasyon/Application/Entegrasyon.ApplicationBootstrap/Entegrasyon.ApplicationBootstrap.csproj" (target "ResGen" depends on it):
   4:6>Done building target "BeforeResGen" in project "Entegrasyon.ApplicationBootstrap.csproj".
       Target "ResolveReferences" skipped. Previously built successfully.
   3:6>ResolveAssemblyReferences:
             Resolved file path is "/home/baturhan/.nuget/packages/mapster.core/1.2.1/lib/net7.0/Mapster.Core.dll".
             Reference found at search path location "{HintPathFromItem}".
             This reference is not "CopyLocal" because at least one source item had "Private" set to "false" and no source items had "Private" set to "true".
             The ImageRuntimeVersion for this reference is "".
         Primary reference "Mapster.DependencyInjection, Version=1.0.1.0, Culture=neutral, PublicKeyToken=e64997d676a9c1d3".
             Resolved file path is "/home/baturhan/.nuget/packages/mapster.dependencyinjection/1.0.1/lib/net7.0/Mapster.DependencyInjection.dll".
             Reference found at search path location "{HintPathFromItem}".
             This reference is not "CopyLocal" because at least one source item had "Private" set to "false" and no source items had "Private" set to "true".
             The ImageRuntimeVersion for this reference is "".
         Primary reference "Microsoft.EntityFrameworkCore, Version=8.0.15.0, Culture=neutral, PublicKeyToken=adb9793829ddae60".
             Resolved file path is "/home/baturhan/.nuget/packages/microsoft.entityframeworkcore/8.0.15/lib/net8.0/Microsoft.EntityFrameworkCore.dll".
             Reference found at search path location "{HintPathFromItem}".
             This reference is not "CopyLocal" because at least one source item had "Private" set to "false" and no source items had "Private" set to "true".
             The ImageRuntimeVersion for this reference is "".
         Primary reference "Microsoft.EntityFrameworkCore.Abstractions, Version=8.0.15.0, Culture=neutral, PublicKeyToken=adb9793829ddae60".
             Resolved file path is "/home/baturhan/.nuget/packages/microsoft.entityframeworkcore.abstractions/8.0.15/lib/net8.0/Microsoft.EntityFrameworkCore.Abstractions.dll".
             Reference found at search path location "{HintPathFromItem}".
             This reference is not "CopyLocal" because at least one source item had "Private" set to "false" and no source items had "Private" set to "true".
             The ImageRuntimeVersion for this reference is "".
         Primary reference "Microsoft.EntityFrameworkCore.Proxies, Version=8.0.15.0, Culture=neutral, PublicKeyToken=adb9793829ddae60".
             Resolved file path is "/home/baturhan/.nuget/packages/microsoft.entityframeworkcore.proxies/8.0.15/lib/net8.0/Microsoft.EntityFrameworkCore.Proxies.dll".
             Reference found at search path location "{HintPathFromItem}".
             This reference is not "CopyLocal" because at least one source item had "Private" set to "false" and no source items had "Private" set to "true".
             The ImageRuntimeVersion for this reference is "".
         Primary reference "Microsoft.EntityFrameworkCore.Relational, Version=8.0.15.0, Culture=neutral, PublicKeyToken=adb9793829ddae60".
             Resolved file path is "/home/baturhan/.nuget/packages/microsoft.entityframeworkcore.relational/8.0.15/lib/net8.0/Microsoft.EntityFrameworkCore.Relational.dll".
             Reference found at search path location "{HintPathFromItem}".
             This reference is not "CopyLocal" because at least one source item had "Private" set to "false" and no source items had "Private" set to "true".
             The ImageRuntimeVersion for this reference is "".
         Primary reference "Microsoft.Extensions.DependencyModel, Version=8.0.0.0, Culture=neutral, PublicKeyToken=adb9793829ddae60".
             Resolved file path is "/home/baturhan/.nuget/packages/microsoft.extensions.dependencymodel/8.0.0/lib/net8.0/Microsoft.Extensions.DependencyModel.dll".
             Reference found at search path location "{HintPathFromItem}".
             This reference is not "CopyLocal" because at least one source item had "Private" set to "false" and no source items had "Private" set to "true".
             The ImageRuntimeVersion for this reference is "".
         Primary reference "Microsoft.IdentityModel.Abstractions, Version=7.4.0.0, Culture=neutral, PublicKeyToken=31bf3856ad364e35".
             Resolved file path is "/home/baturhan/.nuget/packages/microsoft.identitymodel.abstractions/7.4.0/lib/net8.0/Microsoft.IdentityModel.Abstractions.dll".
             Reference found at search path location "{HintPathFromItem}".
             This reference is not "CopyLocal" because at least one source item had "Private" set to "false" and no source items had "Private" set to "true".
             The ImageRuntimeVersion for this reference is "".
         Primary reference "Microsoft.IdentityModel.JsonWebTokens, Version=7.4.0.0, Culture=neutral, PublicKeyToken=31bf3856ad364e35".
             Resolved file path is "/home/baturhan/.nuget/packages/microsoft.identitymodel.jsonwebtokens/7.4.0/lib/net8.0/Microsoft.IdentityModel.JsonWebTokens.dll".
             Reference found at search path location "{HintPathFromItem}".
             This reference is not "CopyLocal" because at least one source item had "Private" set to "false" and no source items had "Private" set to "true".
             The ImageRuntimeVersion for this reference is "".
         Primary reference "Microsoft.IdentityModel.Logging, Version=7.4.0.0, Culture=neutral, PublicKeyToken=31bf3856ad364e35".
             Resolved file path is "/home/baturhan/.nuget/packages/microsoft.identitymodel.logging/7.4.0/lib/net8.0/Microsoft.IdentityModel.Logging.dll".
             Reference found at search path location "{HintPathFromItem}".
             This reference is not "CopyLocal" because at least one source item had "Private" set to "false" and no source items had "Private" set to "true".
             The ImageRuntimeVersion for this reference is "".
         Primary reference "Microsoft.IdentityModel.Tokens, Version=7.4.0.0, Culture=neutral, PublicKeyToken=31bf3856ad364e35".
             Resolved file path is "/home/baturhan/.nuget/packages/microsoft.identitymodel.tokens/7.4.0/lib/net8.0/Microsoft.IdentityModel.Tokens.dll".
             Reference found at search path location "{HintPathFromItem}".
             This reference is not "CopyLocal" because at least one source item had "Private" set to "false" and no source items had "Private" set to "true".
             The ImageRuntimeVersion for this reference is "".
         Primary reference "Newtonsoft.Json, Version=13.0.0.0, Culture=neutral, PublicKeyToken=30ad4fe6b2a6aeed".
             Resolved file path is "/home/baturhan/.nuget/packages/newtonsoft.json/13.0.3/lib/net6.0/Newtonsoft.Json.dll".
             Reference found at search path location "{HintPathFromItem}".
             This reference is not "CopyLocal" because at least one source item had "Private" set to "false" and no source items had "Private" set to "true".
             The ImageRuntimeVersion for this reference is "".
         Primary reference "Npgsql, Version=8.0.6.0, Culture=neutral, PublicKeyToken=5d8b90d52f46fda7".
             Resolved file path is "/home/baturhan/.nuget/packages/npgsql/8.0.6/lib/net8.0/Npgsql.dll".
             Reference found at search path location "{HintPathFromItem}".
             This reference is not "CopyLocal" because at least one source item had "Private" set to "false" and no source items had "Private" set to "true".
             The ImageRuntimeVersion for this reference is "".
         Primary reference "Npgsql.EntityFrameworkCore.PostgreSQL, Version=8.0.11.0, Culture=neutral, PublicKeyToken=5d8b90d52f46fda7".
             Resolved file path is "/home/baturhan/.nuget/packages/npgsql.entityframeworkcore.postgresql/8.0.11/lib/net8.0/Npgsql.EntityFrameworkCore.PostgreSQL.dll".
             Reference found at search path location "{HintPathFromItem}".
             This reference is not "CopyLocal" because at least one source item had "Private" set to "false" and no source items had "Private" set to "true".
             The ImageRuntimeVersion for this reference is "".
         Primary reference "Pipelines.Sockets.Unofficial, Version=1.0.0.0, Culture=neutral, PublicKeyToken=42ea0a778e13fbe2".
             Resolved file path is "/home/baturhan/.nuget/packages/pipelines.sockets.unofficial/2.2.8/lib/net5.0/Pipelines.Sockets.Unofficial.dll".
             Reference found at search path location "{HintPathFromItem}".
             This reference is not "CopyLocal" because at least one source item had "Private" set to "false" and no source items had "Private" set to "true".
             The ImageRuntimeVersion for this reference is "".
         Primary reference "Serilog, Version=2.0.0.0, Culture=neutral, PublicKeyToken=24c2f752a8e58a10".
             Resolved file path is "/home/baturhan/.nuget/packages/serilog/3.1.1/lib/net7.0/Serilog.dll".
             Reference found at search path location "{HintPathFromItem}".
             This reference is not "CopyLocal" because at least one source item had "Private" set to "false" and no source items had "Private" set to "true".
             The ImageRuntimeVersion for this reference is "".
         Primary reference "Serilog.AspNetCore, Version=8.0.1.0, Culture=neutral, PublicKeyToken=24c2f752a8e58a10".
             Resolved file path is "/home/baturhan/.nuget/packages/serilog.aspnetcore/8.0.1/lib/net8.0/Serilog.AspNetCore.dll".
             Reference found at search path location "{HintPathFromItem}".
             This reference is not "CopyLocal" because at least one source item had "Private" set to "false" and no source items had "Private" set to "true".
             The ImageRuntimeVersion for this reference is "".
         Primary reference "Serilog.Extensions.Hosting, Version=7.0.0.0, Culture=neutral, PublicKeyToken=24c2f752a8e58a10".
             Resolved file path is "/home/baturhan/.nuget/packages/serilog.extensions.hosting/8.0.0/lib/net8.0/Serilog.Extensions.Hosting.dll".
             Reference found at search path location "{HintPathFromItem}".
             This reference is not "CopyLocal" because at least one source item had "Private" set to "false" and no source items had "Private" set to "true".
             The ImageRuntimeVersion for this reference is "".
         Primary reference "Serilog.Extensions.Logging, Version=7.0.0.0, Culture=neutral, PublicKeyToken=24c2f752a8e58a10".
             Resolved file path is "/home/baturhan/.nuget/packages/serilog.extensions.logging/8.0.0/lib/net8.0/Serilog.Extensions.Logging.dll".
             Reference found at search path location "{HintPathFromItem}".
             This reference is not "CopyLocal" because at least one source item had "Private" set to "false" and no source items had "Private" set to "true".
             The ImageRuntimeVersion for this reference is "".
         Primary reference "Serilog.Formatting.Compact, Version=2.0.0.0, Culture=neutral, PublicKeyToken=24c2f752a8e58a10".
             Resolved file path is "/home/baturhan/.nuget/packages/serilog.formatting.compact/2.0.0/lib/net7.0/Serilog.Formatting.Compact.dll".
             Reference found at search path location "{HintPathFromItem}".
             This reference is not "CopyLocal" because at least one source item had "Private" set to "false" and no source items had "Private" set to "true".
             The ImageRuntimeVersion for this reference is "".
         Primary reference "Serilog.Settings.Configuration, Version=8.0.0.0, Culture=neutral, PublicKeyToken=24c2f752a8e58a10".
             Resolved file path is "/home/baturhan/.nuget/packages/serilog.settings.configuration/8.0.0/lib/net8.0/Serilog.Settings.Configuration.dll".
             Reference found at search path location "{HintPathFromItem}".
             This reference is not "CopyLocal" because at least one source item had "Private" set to "false" and no source items had "Private" set to "true".
             The ImageRuntimeVersion for this reference is "".
         Primary reference "Serilog.Sinks.Console, Version=5.0.1.0, Culture=neutral, PublicKeyToken=24c2f752a8e58a10".
             Resolved file path is "/home/baturhan/.nuget/packages/serilog.sinks.console/5.0.1/lib/net7.0/Serilog.Sinks.Console.dll".
             Reference found at search path location "{HintPathFromItem}".
             This reference is not "CopyLocal" because at least one source item had "Private" set to "false" and no source items had "Private" set to "true".
             The ImageRuntimeVersion for this reference is "".
         Primary reference "Serilog.Sinks.Debug, Version=2.0.0.0, Culture=neutral, PublicKeyToken=24c2f752a8e58a10".
             Resolved file path is "/home/baturhan/.nuget/packages/serilog.sinks.debug/2.0.0/lib/netstandard2.1/Serilog.Sinks.Debug.dll".
             Reference found at search path location "{HintPathFromItem}".
             This reference is not "CopyLocal" because at least one source item had "Private" set to "false" and no source items had "Private" set to "true".
             The ImageRuntimeVersion for this reference is "".
         Primary reference "Serilog.Sinks.File, Version=5.0.0.0, Culture=neutral, PublicKeyToken=24c2f752a8e58a10".
             Resolved file path is "/home/baturhan/.nuget/packages/serilog.sinks.file/5.0.0/lib/net5.0/Serilog.Sinks.File.dll".
             Reference found at search path location "{HintPathFromItem}".
             This reference is not "CopyLocal" because at least one source item had "Private" set to "false" and no source items had "Private" set to "true".
             The ImageRuntimeVersion for this reference is "".
         Primary reference "StackExchange.Redis, Version=2.0.0.0, Culture=neutral, PublicKeyToken=c219ff1ca8c2ce46".
             Resolved file path is "/home/baturhan/.nuget/packages/stackexchange.redis/2.7.27/lib/net6.0/StackExchange.Redis.dll".
             Reference found at search path location "{HintPathFromItem}".
             This reference is not "CopyLocal" because at least one source item had "Private" set to "false" and no source items had "Private" set to "true".
             The ImageRuntimeVersion for this reference is "".
         Primary reference "System.IdentityModel.Tokens.Jwt, Version=7.4.0.0, Culture=neutral, PublicKeyToken=31bf3856ad364e35".
             Resolved file path is "/home/baturhan/.nuget/packages/system.identitymodel.tokens.jwt/7.4.0/lib/net8.0/System.IdentityModel.Tokens.Jwt.dll".
             Reference found at search path location "{HintPathFromItem}".
             This reference is not "CopyLocal" because at least one source item had "Private" set to "false" and no source items had "Private" set to "true".
             The ImageRuntimeVersion for this reference is "".
         Primary reference "Microsoft.CSharp, Version=8.0.0.0, Culture=neutral, PublicKeyToken=b03f5f7f11d50a3a".
             Resolved file path is "/usr/lib64/dotnet/packs/Microsoft.NETCore.App.Ref/8.0.22/ref/net8.0/Microsoft.CSharp.dll".
             Reference found at search path location "{RawFileName}".
             This reference is not "CopyLocal" because at least one source item had "Private" set to "false" and no source items had "Private" set to "true".
             The ImageRuntimeVersion for this reference is "".
         Primary reference "Microsoft.VisualBasic.Core, Version=13.0.0.0, Culture=neutral, PublicKeyToken=b03f5f7f11d50a3a".
             Resolved file path is "/usr/lib64/dotnet/packs/Microsoft.NETCore.App.Ref/8.0.22/ref/net8.0/Microsoft.VisualBasic.Core.dll".
             Reference found at search path location "{RawFileName}".
             This reference is not "CopyLocal" because at least one source item had "Private" set to "false" and no source items had "Private" set to "true".
             The ImageRuntimeVersion for this reference is "".
         Primary reference "Microsoft.VisualBasic, Version=10.0.0.0, Culture=neutral, PublicKeyToken=b03f5f7f11d50a3a".
             Resolved file path is "/usr/lib64/dotnet/packs/Microsoft.NETCore.App.Ref/8.0.22/ref/net8.0/Microsoft.VisualBasic.dll".
             Reference found at search path location "{RawFileName}".
             This reference is not "CopyLocal" because at least one source item had "Private" set to "false" and no source items had "Private" set to "true".
             The ImageRuntimeVersion for this reference is "".
         Primary reference "Microsoft.Win32.Primitives, Version=8.0.0.0, Culture=neutral, PublicKeyToken=b03f5f7f11d50a3a".
             Resolved file path is "/usr/lib64/dotnet/packs/Microsoft.NETCore.App.Ref/8.0.22/ref/net8.0/Microsoft.Win32.Primitives.dll".
             Reference found at search path location "{RawFileName}".
             This reference is not "CopyLocal" because at least one source item had "Private" set to "false" and no source items had "Private" set to "true".
             The ImageRuntimeVersion for this reference is "".
         Primary reference "Microsoft.Win32.Registry, Version=8.0.0.0, Culture=neutral, PublicKeyToken=b03f5f7f11d50a3a".
             Resolved file path is "/usr/lib64/dotnet/packs/Microsoft.NETCore.App.Ref/8.0.22/ref/net8.0/Microsoft.Win32.Registry.dll".
             Reference found at search path location "{RawFileName}".
             This reference is not "CopyLocal" because at least one source item had "Private" set to "false" and no source items had "Private" set to "true".
             The ImageRuntimeVersion for this reference is "".
         Primary reference "System.AppContext, Version=8.0.0.0, Culture=neutral, PublicKeyToken=b03f5f7f11d50a3a".
             Resolved file path is "/usr/lib64/dotnet/packs/Microsoft.NETCore.App.Ref/8.0.22/ref/net8.0/System.AppContext.dll".
             Reference found at search path location "{RawFileName}".
             This reference is not "CopyLocal" because at least one source item had "Private" set to "false" and no source items had "Private" set to "true".
             The ImageRuntimeVersion for this reference is "".
         Primary reference "System.Buffers, Version=8.0.0.0, Culture=neutral, PublicKeyToken=cc7b13ffcd2ddd51".
             Resolved file path is "/usr/lib64/dotnet/packs/Microsoft.NETCore.App.Ref/8.0.22/ref/net8.0/System.Buffers.dll".
             Reference found at search path location "{RawFileName}".
             This reference is not "CopyLocal" because at least one source item had "Private" set to "false" and no source items had "Private" set to "true".
             The ImageRuntimeVersion for this reference is "".
         Primary reference "System.Collections.Concurrent, Version=8.0.0.0, Culture=neutral, PublicKeyToken=b03f5f7f11d50a3a".
             Resolved file path is "/usr/lib64/dotnet/packs/Microsoft.NETCore.App.Ref/8.0.22/ref/net8.0/System.Collections.Concurrent.dll".
             Reference found at search path location "{RawFileName}".
             This reference is not "CopyLocal" because at least one source item had "Private" set to "false" and no source items had "Private" set to "true".
             The ImageRuntimeVersion for this reference is "".
         Primary reference "System.Collections.Immutable, Version=8.0.0.0, Culture=neutral, PublicKeyToken=b03f5f7f11d50a3a".
             Resolved file path is "/usr/lib64/dotnet/packs/Microsoft.NETCore.App.Ref/8.0.22/ref/net8.0/System.Collections.Immutable.dll".
             Reference found at search path location "{RawFileName}".
             This reference is not "CopyLocal" because at least one source item had "Private" set to "false" and no source items had "Private" set to "true".
             The ImageRuntimeVersion for this reference is "".
         Primary reference "System.Collections.NonGeneric, Version=8.0.0.0, Culture=neutral, PublicKeyToken=b03f5f7f11d50a3a".
             Resolved file path is "/usr/lib64/dotnet/packs/Microsoft.NETCore.App.Ref/8.0.22/ref/net8.0/System.Collections.NonGeneric.dll".
             Reference found at search path location "{RawFileName}".
             This reference is not "CopyLocal" because at least one source item had "Private" set to "false" and no source items had "Private" set to "true".
             The ImageRuntimeVersion for this reference is "".
         Primary reference "System.Collections.Specialized, Version=8.0.0.0, Culture=neutral, PublicKeyToken=b03f5f7f11d50a3a".
             Resolved file path is "/usr/lib64/dotnet/packs/Microsoft.NETCore.App.Ref/8.0.22/ref/net8.0/System.Collections.Specialized.dll".
             Reference found at search path location "{RawFileName}".
             This reference is not "CopyLocal" because at least one source item had "Private" set to "false" and no source items had "Private" set to "true".
             The ImageRuntimeVersion for this reference is "".
         Primary reference "System.Collections, Version=8.0.0.0, Culture=neutral, PublicKeyToken=b03f5f7f11d50a3a".
             Resolved file path is "/usr/lib64/dotnet/packs/Microsoft.NETCore.App.Ref/8.0.22/ref/net8.0/System.Collections.dll".
             Reference found at search path location "{RawFileName}".
             This reference is not "CopyLocal" because at least one source item had "Private" set to "false" and no source items had "Private" set to "true".
             The ImageRuntimeVersion for this reference is "".
         Primary reference "System.ComponentModel.Annotations, Version=8.0.0.0, Culture=neutral, PublicKeyToken=b03f5f7f11d50a3a".
             Resolved file path is "/usr/lib64/dotnet/packs/Microsoft.NETCore.App.Ref/8.0.22/ref/net8.0/System.ComponentModel.Annotations.dll".
             Reference found at search path location "{RawFileName}".
             This reference is not "CopyLocal" because at least one source item had "Private" set to "false" and no source items had "Private" set to "true".
             The ImageRuntimeVersion for this reference is "".
         Primary reference "System.ComponentModel.DataAnnotations, Version=4.0.0.0, Culture=neutral, PublicKeyToken=31bf3856ad364e35".
             Resolved file path is "/usr/lib64/dotnet/packs/Microsoft.NETCore.App.Ref/8.0.22/ref/net8.0/System.ComponentModel.DataAnnotations.dll".
             Reference found at search path location "{RawFileName}".
             This reference is not "CopyLocal" because at least one source item had "Private" set to "false" and no source items had "Private" set to "true".
             The ImageRuntimeVersion for this reference is "".
         Primary reference "System.ComponentModel.EventBasedAsync, Version=8.0.0.0, Culture=neutral, PublicKeyToken=b03f5f7f11d50a3a".
             Resolved file path is "/usr/lib64/dotnet/packs/Microsoft.NETCore.App.Ref/8.0.22/ref/net8.0/System.ComponentModel.EventBasedAsync.dll".
             Reference found at search path location "{RawFileName}".
             This reference is not "CopyLocal" because at least one source item had "Private" set to "false" and no source items had "Private" set to "true".
             The ImageRuntimeVersion for this reference is "".
         Primary reference "System.ComponentModel.Primitives, Version=8.0.0.0, Culture=neutral, PublicKeyToken=b03f5f7f11d50a3a".
             Resolved file path is "/usr/lib64/dotnet/packs/Microsoft.NETCore.App.Ref/8.0.22/ref/net8.0/System.ComponentModel.Primitives.dll".
             Reference found at search path location "{RawFileName}".
             This reference is not "CopyLocal" because at least one source item had "Private" set to "false" and no source items had "Private" set to "true".
             The ImageRuntimeVersion for this reference is "".
         Primary reference "System.ComponentModel.TypeConverter, Version=8.0.0.0, Culture=neutral, PublicKeyToken=b03f5f7f11d50a3a".
             Resolved file path is "/usr/lib64/dotnet/packs/Microsoft.NETCore.App.Ref/8.0.22/ref/net8.0/System.ComponentModel.TypeConverter.dll".
             Reference found at search path location "{RawFileName}".
             This reference is not "CopyLocal" because at least one source item had "Private" set to "false" and no source items had "Private" set to "true".
             The ImageRuntimeVersion for this reference is "".
         Primary reference "System.ComponentModel, Version=8.0.0.0, Culture=neutral, PublicKeyToken=b03f5f7f11d50a3a".
             Resolved file path is "/usr/lib64/dotnet/packs/Microsoft.NETCore.App.Ref/8.0.22/ref/net8.0/System.ComponentModel.dll".
             Reference found at search path location "{RawFileName}".
             This reference is not "CopyLocal" because at least one source item had "Private" set to "false" and no source items had "Private" set to "true".
             The ImageRuntimeVersion for this reference is "".
         Primary reference "System.Configuration, Version=4.0.0.0, Culture=neutral, PublicKeyToken=b03f5f7f11d50a3a".
             Resolved file path is "/usr/lib64/dotnet/packs/Microsoft.NETCore.App.Ref/8.0.22/ref/net8.0/System.Configuration.dll".
             Reference found at search path location "{RawFileName}".
             This reference is not "CopyLocal" because at least one source item had "Private" set to "false" and no source items had "Private" set to "true".
             The ImageRuntimeVersion for this reference is "".
         Primary reference "System.Console, Version=8.0.0.0, Culture=neutral, PublicKeyToken=b03f5f7f11d50a3a".
             Resolved file path is "/usr/lib64/dotnet/packs/Microsoft.NETCore.App.Ref/8.0.22/ref/net8.0/System.Console.dll".
             Reference found at search path location "{RawFileName}".
             This reference is not "CopyLocal" because at least one source item had "Private" set to "false" and no source items had "Private" set to "true".
             The ImageRuntimeVersion for this reference is "".
         Primary reference "System.Core, Version=4.0.0.0, Culture=neutral, PublicKeyToken=b77a5c561934e089".
             Resolved file path is "/usr/lib64/dotnet/packs/Microsoft.NETCore.App.Ref/8.0.22/ref/net8.0/System.Core.dll".
             Reference found at search path location "{RawFileName}".
   4:6>Target "FindReferenceAssembliesForReferences" in file "/usr/lib64/dotnet/sdk/10.0.101/Microsoft.Common.CurrentVersion.targets" from project "/home/baturhan/Projeler/Entegrasyon/Application/Entegrasyon.ApplicationBootstrap/Entegrasyon.ApplicationBootstrap.csproj" (target "CoreResGen" depends on it):
   4:6>Done building target "FindReferenceAssembliesForReferences" in project "Entegrasyon.ApplicationBootstrap.csproj".
   3:6>ResolveAssemblyReferences:
             This reference is not "CopyLocal" because at least one source item had "Private" set to "false" and no source items had "Private" set to "true".
             The ImageRuntimeVersion for this reference is "".
   4:6>Target "CoreResGen" in file "/usr/lib64/dotnet/sdk/10.0.101/Microsoft.Common.CurrentVersion.targets" from project "/home/baturhan/Projeler/Entegrasyon/Application/Entegrasyon.ApplicationBootstrap/Entegrasyon.ApplicationBootstrap.csproj" (target "ResGen" depends on it):
   4:6>Done building target "CoreResGen" in project "Entegrasyon.ApplicationBootstrap.csproj".
   3:6>ResolveAssemblyReferences:
         Primary reference "System.Data.Common, Version=8.0.0.0, Culture=neutral, PublicKeyToken=b03f5f7f11d50a3a".
   4:6>Target "AfterResGen" in file "/usr/lib64/dotnet/sdk/10.0.101/Microsoft.Common.CurrentVersion.targets" from project "/home/baturhan/Projeler/Entegrasyon/Application/Entegrasyon.ApplicationBootstrap/Entegrasyon.ApplicationBootstrap.csproj" (target "ResGen" depends on it):
   4:6>Done building target "AfterResGen" in project "Entegrasyon.ApplicationBootstrap.csproj".
   3:6>ResolveAssemblyReferences:
             Resolved file path is "/usr/lib64/dotnet/packs/Microsoft.NETCore.App.Ref/8.0.22/ref/net8.0/System.Data.Common.dll".
   4:6>Target "ResGen" in file "/usr/lib64/dotnet/sdk/10.0.101/Microsoft.Common.CurrentVersion.targets" from project "/home/baturhan/Projeler/Entegrasyon/Application/Entegrasyon.ApplicationBootstrap/Entegrasyon.ApplicationBootstrap.csproj" (target "PrepareResources" depends on it):
   4:6>Done building target "ResGen" in project "Entegrasyon.ApplicationBootstrap.csproj".
   3:6>ResolveAssemblyReferences:
             Reference found at search path location "{RawFileName}".
             This reference is not "CopyLocal" because at least one source item had "Private" set to "false" and no source items had "Private" set to "true".
             The ImageRuntimeVersion for this reference is "".
         Primary reference "System.Data.DataSetExtensions, Version=8.0.0.0, Culture=neutral, PublicKeyToken=b77a5c561934e089".
             Resolved file path is "/usr/lib64/dotnet/packs/Microsoft.NETCore.App.Ref/8.0.22/ref/net8.0/System.Data.DataSetExtensions.dll".
             Reference found at search path location "{RawFileName}".
   4:6>Target "PrepareResources" in file "/usr/lib64/dotnet/sdk/10.0.101/Microsoft.Common.CurrentVersion.targets" from project "/home/baturhan/Projeler/Entegrasyon/Application/Entegrasyon.ApplicationBootstrap/Entegrasyon.ApplicationBootstrap.csproj" (target "CoreBuild" depends on it):
   4:6>Done building target "PrepareResources" in project "Entegrasyon.ApplicationBootstrap.csproj".
       Target "ResolveReferences" skipped. Previously built successfully.
   3:6>ResolveAssemblyReferences:
             This reference is not "CopyLocal" because at least one source item had "Private" set to "false" and no source items had "Private" set to "true".
             The ImageRuntimeVersion for this reference is "".
         Primary reference "System.Data, Version=4.0.0.0, Culture=neutral, PublicKeyToken=b77a5c561934e089".
             Resolved file path is "/usr/lib64/dotnet/packs/Microsoft.NETCore.App.Ref/8.0.22/ref/net8.0/System.Data.dll".
             Reference found at search path location "{RawFileName}".
             This reference is not "CopyLocal" because at least one source item had "Private" set to "false" and no source items had "Private" set to "true".
             The ImageRuntimeVersion for this reference is "".
         Primary reference "System.Diagnostics.Contracts, Version=8.0.0.0, Culture=neutral, PublicKeyToken=b03f5f7f11d50a3a".
             Resolved file path is "/usr/lib64/dotnet/packs/Microsoft.NETCore.App.Ref/8.0.22/ref/net8.0/System.Diagnostics.Contracts.dll".
             Reference found at search path location "{RawFileName}".
             This reference is not "CopyLocal" because at least one source item had "Private" set to "false" and no source items had "Private" set to "true".
             The ImageRuntimeVersion for this reference is "".
         Primary reference "System.Diagnostics.Debug, Version=8.0.0.0, Culture=neutral, PublicKeyToken=b03f5f7f11d50a3a".
             Resolved file path is "/usr/lib64/dotnet/packs/Microsoft.NETCore.App.Ref/8.0.22/ref/net8.0/System.Diagnostics.Debug.dll".
             Reference found at search path location "{RawFileName}".
             This reference is not "CopyLocal" because at least one source item had "Private" set to "false" and no source items had "Private" set to "true".
             The ImageRuntimeVersion for this reference is "".
   4:6>Target "_SetEmbeddedWin32ManifestProperties" in file "/usr/lib64/dotnet/sdk/10.0.101/Microsoft.Common.CurrentVersion.targets" from project "/home/baturhan/Projeler/Entegrasyon/Application/Entegrasyon.ApplicationBootstrap/Entegrasyon.ApplicationBootstrap.csproj" (target "SetWin32ManifestProperties" depends on it):
   4:6>Using "GetFrameworkPath" task from assembly "Microsoft.Build.Tasks.Core, Version=15.1.0.0, Culture=neutral, PublicKeyToken=b03f5f7f11d50a3a".
   3:6>ResolveAssemblyReferences:
         Primary reference "System.Diagnostics.DiagnosticSource, Version=8.0.0.0, Culture=neutral, PublicKeyToken=cc7b13ffcd2ddd51".
             Resolved file path is "/usr/lib64/dotnet/packs/Microsoft.NETCore.App.Ref/8.0.22/ref/net8.0/System.Diagnostics.DiagnosticSource.dll".
   4:6>Task "GetFrameworkPath"
   3:6>ResolveAssemblyReferences:
             Reference found at search path location "{RawFileName}".
   4:6>Done executing task "GetFrameworkPath".
   3:6>ResolveAssemblyReferences:
             This reference is not "CopyLocal" because at least one source item had "Private" set to "false" and no source items had "Private" set to "true".
             The ImageRuntimeVersion for this reference is "".
   4:6>Done building target "_SetEmbeddedWin32ManifestProperties" in project "Entegrasyon.ApplicationBootstrap.csproj".
   3:6>ResolveAssemblyReferences:
         Primary reference "System.Diagnostics.FileVersionInfo, Version=8.0.0.0, Culture=neutral, PublicKeyToken=b03f5f7f11d50a3a".
   4:6>Target "SetWin32ManifestProperties" in file "/usr/lib64/dotnet/sdk/10.0.101/Microsoft.Common.CurrentVersion.targets" from project "/home/baturhan/Projeler/Entegrasyon/Application/Entegrasyon.ApplicationBootstrap/Entegrasyon.ApplicationBootstrap.csproj" (target "Compile" depends on it):
   4:6>Done building target "SetWin32ManifestProperties" in project "Entegrasyon.ApplicationBootstrap.csproj".
   3:6>ResolveAssemblyReferences:
             Resolved file path is "/usr/lib64/dotnet/packs/Microsoft.NETCore.App.Ref/8.0.22/ref/net8.0/System.Diagnostics.FileVersionInfo.dll".
   4:6>Target "FindReferenceAssembliesForReferences" skipped. Previously built successfully.
   3:6>ResolveAssemblyReferences:
             Reference found at search path location "{RawFileName}".
   4:6>Target "_GenerateCompileInputs" in file "/usr/lib64/dotnet/sdk/10.0.101/Microsoft.Common.CurrentVersion.targets" from project "/home/baturhan/Projeler/Entegrasyon/Application/Entegrasyon.ApplicationBootstrap/Entegrasyon.ApplicationBootstrap.csproj" (target "Compile" depends on it):
   4:6>Done building target "_GenerateCompileInputs" in project "Entegrasyon.ApplicationBootstrap.csproj".
   3:6>ResolveAssemblyReferences:
             This reference is not "CopyLocal" because at least one source item had "Private" set to "false" and no source items had "Private" set to "true".
   4:6>Target "PrepareForBuild" skipped. Previously built successfully.
   3:6>ResolveAssemblyReferences:
             The ImageRuntimeVersion for this reference is "".
         Primary reference "System.Diagnostics.Process, Version=8.0.0.0, Culture=neutral, PublicKeyToken=b03f5f7f11d50a3a".
             Resolved file path is "/usr/lib64/dotnet/packs/Microsoft.NETCore.App.Ref/8.0.22/ref/net8.0/System.Diagnostics.Process.dll".
             Reference found at search path location "{RawFileName}".
   4:6>Target "GenerateMSBuildEditorConfigFileShouldRun" in file "/usr/lib64/dotnet/sdk/10.0.101/Roslyn/Microsoft.Managed.Core.targets" from project "/home/baturhan/Projeler/Entegrasyon/Application/Entegrasyon.ApplicationBootstrap/Entegrasyon.ApplicationBootstrap.csproj" (target "GenerateMSBuildEditorConfigFile" depends on it):
   4:6>Done building target "GenerateMSBuildEditorConfigFileShouldRun" in project "Entegrasyon.ApplicationBootstrap.csproj".
   3:6>ResolveAssemblyReferences:
             This reference is not "CopyLocal" because at least one source item had "Private" set to "false" and no source items had "Private" set to "true".
             The ImageRuntimeVersion for this reference is "".
         Primary reference "System.Diagnostics.StackTrace, Version=8.0.0.0, Culture=neutral, PublicKeyToken=b03f5f7f11d50a3a".
             Resolved file path is "/usr/lib64/dotnet/packs/Microsoft.NETCore.App.Ref/8.0.22/ref/net8.0/System.Diagnostics.StackTrace.dll".
             Reference found at search path location "{RawFileName}".
             This reference is not "CopyLocal" because at least one source item had "Private" set to "false" and no source items had "Private" set to "true".
             The ImageRuntimeVersion for this reference is "".
         Primary reference "System.Diagnostics.TextWriterTraceListener, Version=8.0.0.0, Culture=neutral, PublicKeyToken=b03f5f7f11d50a3a".
             Resolved file path is "/usr/lib64/dotnet/packs/Microsoft.NETCore.App.Ref/8.0.22/ref/net8.0/System.Diagnostics.TextWriterTraceListener.dll".
             Reference found at search path location "{RawFileName}".
             This reference is not "CopyLocal" because at least one source item had "Private" set to "false" and no source items had "Private" set to "true".
             The ImageRuntimeVersion for this reference is "".
         Primary reference "System.Diagnostics.Tools, Version=8.0.0.0, Culture=neutral, PublicKeyToken=b03f5f7f11d50a3a".
   4:6>Target "AddGlobalAnalyzerConfigForPackage_MicrosoftCodeAnalysisCSharpCodeStyle" in file "/usr/lib64/dotnet/sdk/10.0.101/Sdks/Microsoft.NET.Sdk/codestyle/cs/build/Microsoft.CodeAnalysis.CSharp.CodeStyle.targets" from project "/home/baturhan/Projeler/Entegrasyon/Application/Entegrasyon.ApplicationBootstrap/Entegrasyon.ApplicationBootstrap.csproj" (target "GenerateMSBuildEditorConfigFileCore" depends on it):
   4:6>Done building target "AddGlobalAnalyzerConfigForPackage_MicrosoftCodeAnalysisCSharpCodeStyle" in project "Entegrasyon.ApplicationBootstrap.csproj".
   3:6>ResolveAssemblyReferences:
             Resolved file path is "/usr/lib64/dotnet/packs/Microsoft.NETCore.App.Ref/8.0.22/ref/net8.0/System.Diagnostics.Tools.dll".
             Reference found at search path location "{RawFileName}".
   4:6>Target "GenerateMSBuildEditorConfigFileCore" in file "/usr/lib64/dotnet/sdk/10.0.101/Roslyn/Microsoft.Managed.Core.targets" from project "/home/baturhan/Projeler/Entegrasyon/Application/Entegrasyon.ApplicationBootstrap/Entegrasyon.ApplicationBootstrap.csproj" (target "GenerateMSBuildEditorConfigFile" depends on it):
   4:6>Building target "GenerateMSBuildEditorConfigFileCore" completely.
   3:6>ResolveAssemblyReferences:
             This reference is not "CopyLocal" because at least one source item had "Private" set to "false" and no source items had "Private" set to "true".
   4:6>GenerateMSBuildEditorConfigFileCore:
       No input files were specified.
   3:6>ResolveAssemblyReferences:
             The ImageRuntimeVersion for this reference is "".
         Primary reference "System.Diagnostics.TraceSource, Version=8.0.0.0, Culture=neutral, PublicKeyToken=b03f5f7f11d50a3a".
             Resolved file path is "/usr/lib64/dotnet/packs/Microsoft.NETCore.App.Ref/8.0.22/ref/net8.0/System.Diagnostics.TraceSource.dll".
             Reference found at search path location "{RawFileName}".
             This reference is not "CopyLocal" because at least one source item had "Private" set to "false" and no source items had "Private" set to "true".
             The ImageRuntimeVersion for this reference is "".
         Primary reference "System.Diagnostics.Tracing, Version=8.0.0.0, Culture=neutral, PublicKeyToken=b03f5f7f11d50a3a".
             Resolved file path is "/usr/lib64/dotnet/packs/Microsoft.NETCore.App.Ref/8.0.22/ref/net8.0/System.Diagnostics.Tracing.dll".
             Reference found at search path location "{RawFileName}".
             This reference is not "CopyLocal" because at least one source item had "Private" set to "false" and no source items had "Private" set to "true".
             The ImageRuntimeVersion for this reference is "".
         Primary reference "System.Drawing.Primitives, Version=8.0.0.0, Culture=neutral, PublicKeyToken=b03f5f7f11d50a3a".
             Resolved file path is "/usr/lib64/dotnet/packs/Microsoft.NETCore.App.Ref/8.0.22/ref/net8.0/System.Drawing.Primitives.dll".
             Reference found at search path location "{RawFileName}".
             This reference is not "CopyLocal" because at least one source item had "Private" set to "false" and no source items had "Private" set to "true".
             The ImageRuntimeVersion for this reference is "".
         Primary reference "System.Drawing, Version=4.0.0.0, Culture=neutral, PublicKeyToken=b03f5f7f11d50a3a".
             Resolved file path is "/usr/lib64/dotnet/packs/Microsoft.NETCore.App.Ref/8.0.22/ref/net8.0/System.Drawing.dll".
             Reference found at search path location "{RawFileName}".
             This reference is not "CopyLocal" because at least one source item had "Private" set to "false" and no source items had "Private" set to "true".
             The ImageRuntimeVersion for this reference is "".
   4:6>GenerateMSBuildEditorConfigFileCore:
       Using "GenerateMSBuildEditorConfig" task from assembly "/usr/lib64/dotnet/sdk/10.0.101/Sdks/Microsoft.NET.Sdk/targets/../../../Roslyn/Microsoft.Build.Tasks.CodeAnalysis.dll".
       Task "GenerateMSBuildEditorConfig"
   3:6>ResolveAssemblyReferences:
         Primary reference "System.Dynamic.Runtime, Version=8.0.0.0, Culture=neutral, PublicKeyToken=b03f5f7f11d50a3a".
             Resolved file path is "/usr/lib64/dotnet/packs/Microsoft.NETCore.App.Ref/8.0.22/ref/net8.0/System.Dynamic.Runtime.dll".
             Reference found at search path location "{RawFileName}".
             This reference is not "CopyLocal" because at least one source item had "Private" set to "false" and no source items had "Private" set to "true".
             The ImageRuntimeVersion for this reference is "".
         Primary reference "System.Formats.Asn1, Version=8.0.0.0, Culture=neutral, PublicKeyToken=cc7b13ffcd2ddd51".
             Resolved file path is "/usr/lib64/dotnet/packs/Microsoft.NETCore.App.Ref/8.0.22/ref/net8.0/System.Formats.Asn1.dll".
             Reference found at search path location "{RawFileName}".
             This reference is not "CopyLocal" because at least one source item had "Private" set to "false" and no source items had "Private" set to "true".
             The ImageRuntimeVersion for this reference is "".
         Primary reference "System.Formats.Tar, Version=8.0.0.0, Culture=neutral, PublicKeyToken=cc7b13ffcd2ddd51".
             Resolved file path is "/usr/lib64/dotnet/packs/Microsoft.NETCore.App.Ref/8.0.22/ref/net8.0/System.Formats.Tar.dll".
             Reference found at search path location "{RawFileName}".
             This reference is not "CopyLocal" because at least one source item had "Private" set to "false" and no source items had "Private" set to "true".
             The ImageRuntimeVersion for this reference is "".
         Primary reference "System.Globalization.Calendars, Version=8.0.0.0, Culture=neutral, PublicKeyToken=b03f5f7f11d50a3a".
             Resolved file path is "/usr/lib64/dotnet/packs/Microsoft.NETCore.App.Ref/8.0.22/ref/net8.0/System.Globalization.Calendars.dll".
             Reference found at search path location "{RawFileName}".
             This reference is not "CopyLocal" because at least one source item had "Private" set to "false" and no source items had "Private" set to "true".
             The ImageRuntimeVersion for this reference is "".
         Primary reference "System.Globalization.Extensions, Version=8.0.0.0, Culture=neutral, PublicKeyToken=b03f5f7f11d50a3a".
             Resolved file path is "/usr/lib64/dotnet/packs/Microsoft.NETCore.App.Ref/8.0.22/ref/net8.0/System.Globalization.Extensions.dll".
             Reference found at search path location "{RawFileName}".
             This reference is not "CopyLocal" because at least one source item had "Private" set to "false" and no source items had "Private" set to "true".
             The ImageRuntimeVersion for this reference is "".
         Primary reference "System.Globalization, Version=8.0.0.0, Culture=neutral, PublicKeyToken=b03f5f7f11d50a3a".
             Resolved file path is "/usr/lib64/dotnet/packs/Microsoft.NETCore.App.Ref/8.0.22/ref/net8.0/System.Globalization.dll".
             Reference found at search path location "{RawFileName}".
             This reference is not "CopyLocal" because at least one source item had "Private" set to "false" and no source items had "Private" set to "true".
             The ImageRuntimeVersion for this reference is "".
         Primary reference "System.IO.Compression.Brotli, Version=8.0.0.0, Culture=neutral, PublicKeyToken=b77a5c561934e089".
             Resolved file path is "/usr/lib64/dotnet/packs/Microsoft.NETCore.App.Ref/8.0.22/ref/net8.0/System.IO.Compression.Brotli.dll".
             Reference found at search path location "{RawFileName}".
             This reference is not "CopyLocal" because at least one source item had "Private" set to "false" and no source items had "Private" set to "true".
             The ImageRuntimeVersion for this reference is "".
         Primary reference "System.IO.Compression.FileSystem, Version=4.0.0.0, Culture=neutral, PublicKeyToken=b77a5c561934e089".
             Resolved file path is "/usr/lib64/dotnet/packs/Microsoft.NETCore.App.Ref/8.0.22/ref/net8.0/System.IO.Compression.FileSystem.dll".
             Reference found at search path location "{RawFileName}".
             This reference is not "CopyLocal" because at least one source item had "Private" set to "false" and no source items had "Private" set to "true".
             The ImageRuntimeVersion for this reference is "".
         Primary reference "System.IO.Compression.ZipFile, Version=8.0.0.0, Culture=neutral, PublicKeyToken=b77a5c561934e089".
             Resolved file path is "/usr/lib64/dotnet/packs/Microsoft.NETCore.App.Ref/8.0.22/ref/net8.0/System.IO.Compression.ZipFile.dll".
             Reference found at search path location "{RawFileName}".
             This reference is not "CopyLocal" because at least one source item had "Private" set to "false" and no source items had "Private" set to "true".
             The ImageRuntimeVersion for this reference is "".
   4:6>Done executing task "GenerateMSBuildEditorConfig".
   4:6>Done building target "GenerateMSBuildEditorConfigFileCore" in project "Entegrasyon.ApplicationBootstrap.csproj".
   3:6>ResolveAssemblyReferences:
         Primary reference "System.IO.Compression, Version=8.0.0.0, Culture=neutral, PublicKeyToken=b77a5c561934e089".
   4:6>Target "GenerateMSBuildEditorConfigFile" in file "/usr/lib64/dotnet/sdk/10.0.101/Roslyn/Microsoft.Managed.Core.targets" from project "/home/baturhan/Projeler/Entegrasyon/Application/Entegrasyon.ApplicationBootstrap/Entegrasyon.ApplicationBootstrap.csproj" (target "BeforeCompile" depends on it):
   4:6>Done building target "GenerateMSBuildEditorConfigFile" in project "Entegrasyon.ApplicationBootstrap.csproj".
   3:6>ResolveAssemblyReferences:
             Resolved file path is "/usr/lib64/dotnet/packs/Microsoft.NETCore.App.Ref/8.0.22/ref/net8.0/System.IO.Compression.dll".
             Reference found at search path location "{RawFileName}".
             This reference is not "CopyLocal" because at least one source item had "Private" set to "false" and no source items had "Private" set to "true".
             The ImageRuntimeVersion for this reference is "".
   4:6>Target "PrepareForBuild" skipped. Previously built successfully.
   3:6>ResolveAssemblyReferences:
         Primary reference "System.IO.FileSystem.AccessControl, Version=8.0.0.0, Culture=neutral, PublicKeyToken=b03f5f7f11d50a3a".
             Resolved file path is "/usr/lib64/dotnet/packs/Microsoft.NETCore.App.Ref/8.0.22/ref/net8.0/System.IO.FileSystem.AccessControl.dll".
   4:6>Target "GetReferenceAssemblyPaths" skipped. Previously built successfully.
   3:6>ResolveAssemblyReferences:
             Reference found at search path location "{RawFileName}".
             This reference is not "CopyLocal" because at least one source item had "Private" set to "false" and no source items had "Private" set to "true".
   4:6>Target "_SetTargetFrameworkMonikerAttribute" in file "/usr/lib64/dotnet/sdk/10.0.101/Microsoft.CSharp.CurrentVersion.targets" from project "/home/baturhan/Projeler/Entegrasyon/Application/Entegrasyon.ApplicationBootstrap/Entegrasyon.ApplicationBootstrap.csproj" (target "GenerateTargetFrameworkMonikerAttribute" depends on it):
   4:6>Done building target "_SetTargetFrameworkMonikerAttribute" in project "Entegrasyon.ApplicationBootstrap.csproj".
   3:6>ResolveAssemblyReferences:
             The ImageRuntimeVersion for this reference is "".
         Primary reference "System.IO.FileSystem.DriveInfo, Version=8.0.0.0, Culture=neutral, PublicKeyToken=b03f5f7f11d50a3a".
             Resolved file path is "/usr/lib64/dotnet/packs/Microsoft.NETCore.App.Ref/8.0.22/ref/net8.0/System.IO.FileSystem.DriveInfo.dll".
   4:6>Target "GenerateTargetFrameworkMonikerAttribute" in file "/usr/lib64/dotnet/sdk/10.0.101/Microsoft.Common.CurrentVersion.targets" from project "/home/baturhan/Projeler/Entegrasyon/Application/Entegrasyon.ApplicationBootstrap/Entegrasyon.ApplicationBootstrap.csproj" (target "BeforeCompile" depends on it):
   4:6>Skipping target "GenerateTargetFrameworkMonikerAttribute" because all output files are up-to-date with respect to the input files.
   3:6>ResolveAssemblyReferences:
             Reference found at search path location "{RawFileName}".
   4:6>GenerateTargetFrameworkMonikerAttribute:
       Input files: /usr/lib64/dotnet/sdk/10.0.101/Microsoft.Common.targets
   3:6>ResolveAssemblyReferences:
             This reference is not "CopyLocal" because at least one source item had "Private" set to "false" and no source items had "Private" set to "true".
   4:6>GenerateTargetFrameworkMonikerAttribute:
       Output files: obj/Debug/net8.0/.NETCoreApp,Version=v8.0.AssemblyAttributes.cs
   3:6>ResolveAssemblyReferences:
             The ImageRuntimeVersion for this reference is "".
   4:6>Done building target "GenerateTargetFrameworkMonikerAttribute" in project "Entegrasyon.ApplicationBootstrap.csproj".
   3:6>ResolveAssemblyReferences:
         Primary reference "System.IO.FileSystem.Primitives, Version=8.0.0.0, Culture=neutral, PublicKeyToken=b03f5f7f11d50a3a".
   4:6>Target "PrepareForBuild" skipped. Previously built successfully.
   3:6>ResolveAssemblyReferences:
             Resolved file path is "/usr/lib64/dotnet/packs/Microsoft.NETCore.App.Ref/8.0.22/ref/net8.0/System.IO.FileSystem.Primitives.dll".
             Reference found at search path location "{RawFileName}".
             This reference is not "CopyLocal" because at least one source item had "Private" set to "false" and no source items had "Private" set to "true".
             The ImageRuntimeVersion for this reference is "".
         Primary reference "System.IO.FileSystem.Watcher, Version=8.0.0.0, Culture=neutral, PublicKeyToken=b03f5f7f11d50a3a".
             Resolved file path is "/usr/lib64/dotnet/packs/Microsoft.NETCore.App.Ref/8.0.22/ref/net8.0/System.IO.FileSystem.Watcher.dll".
             Reference found at search path location "{RawFileName}".
   4:6>Target "GetAssemblyVersion" in file "/usr/lib64/dotnet/sdk/10.0.101/Sdks/Microsoft.NET.Sdk/targets/Microsoft.NET.GenerateAssemblyInfo.targets" from project "/home/baturhan/Projeler/Entegrasyon/Application/Entegrasyon.ApplicationBootstrap/Entegrasyon.ApplicationBootstrap.csproj" (target "GetAssemblyAttributes" depends on it):
   4:6>Using "GetAssemblyVersion" task from assembly "/usr/lib64/dotnet/sdk/10.0.101/Sdks/Microsoft.NET.Sdk/targets/../tools/net10.0/Microsoft.NET.Build.Tasks.dll".
   3:6>ResolveAssemblyReferences:
             This reference is not "CopyLocal" because at least one source item had "Private" set to "false" and no source items had "Private" set to "true".
             The ImageRuntimeVersion for this reference is "".
   4:6>Task "GetAssemblyVersion"
   3:6>ResolveAssemblyReferences:
         Primary reference "System.IO.FileSystem, Version=8.0.0.0, Culture=neutral, PublicKeyToken=b03f5f7f11d50a3a".
             Resolved file path is "/usr/lib64/dotnet/packs/Microsoft.NETCore.App.Ref/8.0.22/ref/net8.0/System.IO.FileSystem.dll".
             Reference found at search path location "{RawFileName}".
             This reference is not "CopyLocal" because at least one source item had "Private" set to "false" and no source items had "Private" set to "true".
             The ImageRuntimeVersion for this reference is "".
         Primary reference "System.IO.IsolatedStorage, Version=8.0.0.0, Culture=neutral, PublicKeyToken=b03f5f7f11d50a3a".
             Resolved file path is "/usr/lib64/dotnet/packs/Microsoft.NETCore.App.Ref/8.0.22/ref/net8.0/System.IO.IsolatedStorage.dll".
             Reference found at search path location "{RawFileName}".
             This reference is not "CopyLocal" because at least one source item had "Private" set to "false" and no source items had "Private" set to "true".
             The ImageRuntimeVersion for this reference is "".
         Primary reference "System.IO.MemoryMappedFiles, Version=8.0.0.0, Culture=neutral, PublicKeyToken=b03f5f7f11d50a3a".
   4:6>Done executing task "GetAssemblyVersion".
   3:6>ResolveAssemblyReferences:
             Resolved file path is "/usr/lib64/dotnet/packs/Microsoft.NETCore.App.Ref/8.0.22/ref/net8.0/System.IO.MemoryMappedFiles.dll".
             Reference found at search path location "{RawFileName}".
   4:6>Done building target "GetAssemblyVersion" in project "Entegrasyon.ApplicationBootstrap.csproj".
   3:6>ResolveAssemblyReferences:
             This reference is not "CopyLocal" because at least one source item had "Private" set to "false" and no source items had "Private" set to "true".
             The ImageRuntimeVersion for this reference is "".
         Primary reference "System.IO.Pipes.AccessControl, Version=8.0.0.0, Culture=neutral, PublicKeyToken=b03f5f7f11d50a3a".
             Resolved file path is "/usr/lib64/dotnet/packs/Microsoft.NETCore.App.Ref/8.0.22/ref/net8.0/System.IO.Pipes.AccessControl.dll".
             Reference found at search path location "{RawFileName}".
             This reference is not "CopyLocal" because at least one source item had "Private" set to "false" and no source items had "Private" set to "true".
             The ImageRuntimeVersion for this reference is "".
         Primary reference "System.IO.Pipes, Version=8.0.0.0, Culture=neutral, PublicKeyToken=b03f5f7f11d50a3a".
   4:6>Target "InitializeSourceControlInformationFromSourceControlManager" in file "/usr/lib64/dotnet/sdk/10.0.101/Sdks/Microsoft.Build.Tasks.Git/build/Microsoft.Build.Tasks.Git.targets" from project "/home/baturhan/Projeler/Entegrasyon/Application/Entegrasyon.ApplicationBootstrap/Entegrasyon.ApplicationBootstrap.csproj" (target "_InitializeSourceControlInformationFromSourceControlManager" depends on it):
   4:6>Using "Microsoft.Build.Tasks.Git.LocateRepository" task from assembly "/usr/lib64/dotnet/sdk/10.0.101/Sdks/Microsoft.Build.Tasks.Git/build/../tools/net/Microsoft.Build.Tasks.Git.dll".
   3:6>ResolveAssemblyReferences:
             Resolved file path is "/usr/lib64/dotnet/packs/Microsoft.NETCore.App.Ref/8.0.22/ref/net8.0/System.IO.Pipes.dll".
   4:6>Task "Microsoft.Build.Tasks.Git.LocateRepository"
   3:6>ResolveAssemblyReferences:
             Reference found at search path location "{RawFileName}".
             This reference is not "CopyLocal" because at least one source item had "Private" set to "false" and no source items had "Private" set to "true".
             The ImageRuntimeVersion for this reference is "".
         Primary reference "System.IO.UnmanagedMemoryStream, Version=8.0.0.0, Culture=neutral, PublicKeyToken=b03f5f7f11d50a3a".
             Resolved file path is "/usr/lib64/dotnet/packs/Microsoft.NETCore.App.Ref/8.0.22/ref/net8.0/System.IO.UnmanagedMemoryStream.dll".
             Reference found at search path location "{RawFileName}".
             This reference is not "CopyLocal" because at least one source item had "Private" set to "false" and no source items had "Private" set to "true".
             The ImageRuntimeVersion for this reference is "".
         Primary reference "System.IO, Version=8.0.0.0, Culture=neutral, PublicKeyToken=b03f5f7f11d50a3a".
             Resolved file path is "/usr/lib64/dotnet/packs/Microsoft.NETCore.App.Ref/8.0.22/ref/net8.0/System.IO.dll".
             Reference found at search path location "{RawFileName}".
             This reference is not "CopyLocal" because at least one source item had "Private" set to "false" and no source items had "Private" set to "true".
             The ImageRuntimeVersion for this reference is "".
         Primary reference "System.Linq.Expressions, Version=8.0.0.0, Culture=neutral, PublicKeyToken=b03f5f7f11d50a3a".
             Resolved file path is "/usr/lib64/dotnet/packs/Microsoft.NETCore.App.Ref/8.0.22/ref/net8.0/System.Linq.Expressions.dll".
             Reference found at search path location "{RawFileName}".
             This reference is not "CopyLocal" because at least one source item had "Private" set to "false" and no source items had "Private" set to "true".
             The ImageRuntimeVersion for this reference is "".
         Primary reference "System.Linq.Parallel, Version=8.0.0.0, Culture=neutral, PublicKeyToken=b03f5f7f11d50a3a".
             Resolved file path is "/usr/lib64/dotnet/packs/Microsoft.NETCore.App.Ref/8.0.22/ref/net8.0/System.Linq.Parallel.dll".
             Reference found at search path location "{RawFileName}".
             This reference is not "CopyLocal" because at least one source item had "Private" set to "false" and no source items had "Private" set to "true".
             The ImageRuntimeVersion for this reference is "".
         Primary reference "System.Linq.Queryable, Version=8.0.0.0, Culture=neutral, PublicKeyToken=b03f5f7f11d50a3a".
             Resolved file path is "/usr/lib64/dotnet/packs/Microsoft.NETCore.App.Ref/8.0.22/ref/net8.0/System.Linq.Queryable.dll".
             Reference found at search path location "{RawFileName}".
             This reference is not "CopyLocal" because at least one source item had "Private" set to "false" and no source items had "Private" set to "true".
             The ImageRuntimeVersion for this reference is "".
         Primary reference "System.Linq, Version=8.0.0.0, Culture=neutral, PublicKeyToken=b03f5f7f11d50a3a".
             Resolved file path is "/usr/lib64/dotnet/packs/Microsoft.NETCore.App.Ref/8.0.22/ref/net8.0/System.Linq.dll".
             Reference found at search path location "{RawFileName}".
   4:6>InitializeSourceControlInformationFromSourceControlManager:
         SourceLink: Repository instance not found in cache: '*:/home/baturhan/Projeler/Entegrasyon/.git'
   3:6>ResolveAssemblyReferences:
             This reference is not "CopyLocal" because at least one source item had "Private" set to "false" and no source items had "Private" set to "true".
             The ImageRuntimeVersion for this reference is "".
         Primary reference "System.Memory, Version=8.0.0.0, Culture=neutral, PublicKeyToken=cc7b13ffcd2ddd51".
             Resolved file path is "/usr/lib64/dotnet/packs/Microsoft.NETCore.App.Ref/8.0.22/ref/net8.0/System.Memory.dll".
             Reference found at search path location "{RawFileName}".
             This reference is not "CopyLocal" because at least one source item had "Private" set to "false" and no source items had "Private" set to "true".
             The ImageRuntimeVersion for this reference is "".
         Primary reference "System.Net.Http.Json, Version=8.0.0.0, Culture=neutral, PublicKeyToken=cc7b13ffcd2ddd51".
             Resolved file path is "/usr/lib64/dotnet/packs/Microsoft.NETCore.App.Ref/8.0.22/ref/net8.0/System.Net.Http.Json.dll".
             Reference found at search path location "{RawFileName}".
             This reference is not "CopyLocal" because at least one source item had "Private" set to "false" and no source items had "Private" set to "true".
             The ImageRuntimeVersion for this reference is "".
         Primary reference "System.Net.Http, Version=8.0.0.0, Culture=neutral, PublicKeyToken=b03f5f7f11d50a3a".
             Resolved file path is "/usr/lib64/dotnet/packs/Microsoft.NETCore.App.Ref/8.0.22/ref/net8.0/System.Net.Http.dll".
             Reference found at search path location "{RawFileName}".
             This reference is not "CopyLocal" because at least one source item had "Private" set to "false" and no source items had "Private" set to "true".
             The ImageRuntimeVersion for this reference is "".
         Primary reference "System.Net.HttpListener, Version=8.0.0.0, Culture=neutral, PublicKeyToken=cc7b13ffcd2ddd51".
             Resolved file path is "/usr/lib64/dotnet/packs/Microsoft.NETCore.App.Ref/8.0.22/ref/net8.0/System.Net.HttpListener.dll".
             Reference found at search path location "{RawFileName}".
             This reference is not "CopyLocal" because at least one source item had "Private" set to "false" and no source items had "Private" set to "true".
             The ImageRuntimeVersion for this reference is "".
   4:6>Done executing task "Microsoft.Build.Tasks.Git.LocateRepository".
   3:6>ResolveAssemblyReferences:
         Primary reference "System.Net.Mail, Version=8.0.0.0, Culture=neutral, PublicKeyToken=cc7b13ffcd2ddd51".
             Resolved file path is "/usr/lib64/dotnet/packs/Microsoft.NETCore.App.Ref/8.0.22/ref/net8.0/System.Net.Mail.dll".
   4:6>Done building target "InitializeSourceControlInformationFromSourceControlManager" in project "Entegrasyon.ApplicationBootstrap.csproj".
   3:6>ResolveAssemblyReferences:
             Reference found at search path location "{RawFileName}".
             This reference is not "CopyLocal" because at least one source item had "Private" set to "false" and no source items had "Private" set to "true".
   4:6>Target "_SourceLinkHasSingleProvider" in file "/usr/lib64/dotnet/sdk/10.0.101/Sdks/Microsoft.SourceLink.Common/build/InitializeSourceControlInformation.targets" from project "/home/baturhan/Projeler/Entegrasyon/Application/Entegrasyon.ApplicationBootstrap/Entegrasyon.ApplicationBootstrap.csproj" (target "_InitializeSourceControlInformationFromSourceControlManager" depends on it):
   4:6>Using "Microsoft.SourceLink.Common.SourceLinkHasSingleProvider" task from assembly "/usr/lib64/dotnet/sdk/10.0.101/Sdks/Microsoft.SourceLink.Common/build/../tools/net/Microsoft.SourceLink.Common.dll".
   3:6>ResolveAssemblyReferences:
             The ImageRuntimeVersion for this reference is "".
         Primary reference "System.Net.NameResolution, Version=8.0.0.0, Culture=neutral, PublicKeyToken=b03f5f7f11d50a3a".
   4:6>Task "Microsoft.SourceLink.Common.SourceLinkHasSingleProvider"
   3:6>ResolveAssemblyReferences:
             Resolved file path is "/usr/lib64/dotnet/packs/Microsoft.NETCore.App.Ref/8.0.22/ref/net8.0/System.Net.NameResolution.dll".
             Reference found at search path location "{RawFileName}".
             This reference is not "CopyLocal" because at least one source item had "Private" set to "false" and no source items had "Private" set to "true".
             The ImageRuntimeVersion for this reference is "".
         Primary reference "System.Net.NetworkInformation, Version=8.0.0.0, Culture=neutral, PublicKeyToken=b03f5f7f11d50a3a".
             Resolved file path is "/usr/lib64/dotnet/packs/Microsoft.NETCore.App.Ref/8.0.22/ref/net8.0/System.Net.NetworkInformation.dll".
             Reference found at search path location "{RawFileName}".
             This reference is not "CopyLocal" because at least one source item had "Private" set to "false" and no source items had "Private" set to "true".
             The ImageRuntimeVersion for this reference is "".
         Primary reference "System.Net.Ping, Version=8.0.0.0, Culture=neutral, PublicKeyToken=b03f5f7f11d50a3a".
             Resolved file path is "/usr/lib64/dotnet/packs/Microsoft.NETCore.App.Ref/8.0.22/ref/net8.0/System.Net.Ping.dll".
             Reference found at search path location "{RawFileName}".
             This reference is not "CopyLocal" because at least one source item had "Private" set to "false" and no source items had "Private" set to "true".
   4:6>Done executing task "Microsoft.SourceLink.Common.SourceLinkHasSingleProvider".
   3:6>ResolveAssemblyReferences:
             The ImageRuntimeVersion for this reference is "".
   4:6>Done building target "_SourceLinkHasSingleProvider" in project "Entegrasyon.ApplicationBootstrap.csproj".
   3:6>ResolveAssemblyReferences:
         Primary reference "System.Net.Primitives, Version=8.0.0.0, Culture=neutral, PublicKeyToken=b03f5f7f11d50a3a".
             Resolved file path is "/usr/lib64/dotnet/packs/Microsoft.NETCore.App.Ref/8.0.22/ref/net8.0/System.Net.Primitives.dll".
             Reference found at search path location "{RawFileName}".
   4:6>Target "TranslateGitHubUrlsInSourceControlInformation" in file "/usr/lib64/dotnet/sdk/10.0.101/Sdks/Microsoft.SourceLink.GitHub/build/Microsoft.SourceLink.GitHub.targets" from project "/home/baturhan/Projeler/Entegrasyon/Application/Entegrasyon.ApplicationBootstrap/Entegrasyon.ApplicationBootstrap.csproj" (target "_InitializeSourceControlInformationFromSourceControlManager" depends on it):
   4:6>Using "Microsoft.SourceLink.GitHub.TranslateRepositoryUrls" task from assembly "/usr/lib64/dotnet/sdk/10.0.101/Sdks/Microsoft.SourceLink.GitHub/build/../tools/net/Microsoft.SourceLink.GitHub.dll".
   3:6>ResolveAssemblyReferences:
             This reference is not "CopyLocal" because at least one source item had "Private" set to "false" and no source items had "Private" set to "true".
   4:6>Task "Microsoft.SourceLink.GitHub.TranslateRepositoryUrls"
   3:6>ResolveAssemblyReferences:
             The ImageRuntimeVersion for this reference is "".
         Primary reference "System.Net.Quic, Version=8.0.0.0, Culture=neutral, PublicKeyToken=b03f5f7f11d50a3a".
             Resolved file path is "/usr/lib64/dotnet/packs/Microsoft.NETCore.App.Ref/8.0.22/ref/net8.0/System.Net.Quic.dll".
             Reference found at search path location "{RawFileName}".
             This reference is not "CopyLocal" because at least one source item had "Private" set to "false" and no source items had "Private" set to "true".
             The ImageRuntimeVersion for this reference is "".
         Primary reference "System.Net.Requests, Version=8.0.0.0, Culture=neutral, PublicKeyToken=b03f5f7f11d50a3a".
             Resolved file path is "/usr/lib64/dotnet/packs/Microsoft.NETCore.App.Ref/8.0.22/ref/net8.0/System.Net.Requests.dll".
             Reference found at search path location "{RawFileName}".
             This reference is not "CopyLocal" because at least one source item had "Private" set to "false" and no source items had "Private" set to "true".
             The ImageRuntimeVersion for this reference is "".
         Primary reference "System.Net.Security, Version=8.0.0.0, Culture=neutral, PublicKeyToken=b03f5f7f11d50a3a".
             Resolved file path is "/usr/lib64/dotnet/packs/Microsoft.NETCore.App.Ref/8.0.22/ref/net8.0/System.Net.Security.dll".
             Reference found at search path location "{RawFileName}".
             This reference is not "CopyLocal" because at least one source item had "Private" set to "false" and no source items had "Private" set to "true".
             The ImageRuntimeVersion for this reference is "".
         Primary reference "System.Net.ServicePoint, Version=8.0.0.0, Culture=neutral, PublicKeyToken=cc7b13ffcd2ddd51".
             Resolved file path is "/usr/lib64/dotnet/packs/Microsoft.NETCore.App.Ref/8.0.22/ref/net8.0/System.Net.ServicePoint.dll".
             Reference found at search path location "{RawFileName}".
             This reference is not "CopyLocal" because at least one source item had "Private" set to "false" and no source items had "Private" set to "true".
             The ImageRuntimeVersion for this reference is "".
         Primary reference "System.Net.Sockets, Version=8.0.0.0, Culture=neutral, PublicKeyToken=b03f5f7f11d50a3a".
             Resolved file path is "/usr/lib64/dotnet/packs/Microsoft.NETCore.App.Ref/8.0.22/ref/net8.0/System.Net.Sockets.dll".
             Reference found at search path location "{RawFileName}".
             This reference is not "CopyLocal" because at least one source item had "Private" set to "false" and no source items had "Private" set to "true".
             The ImageRuntimeVersion for this reference is "".
         Primary reference "System.Net.WebClient, Version=8.0.0.0, Culture=neutral, PublicKeyToken=cc7b13ffcd2ddd51".
             Resolved file path is "/usr/lib64/dotnet/packs/Microsoft.NETCore.App.Ref/8.0.22/ref/net8.0/System.Net.WebClient.dll".
             Reference found at search path location "{RawFileName}".
             This reference is not "CopyLocal" because at least one source item had "Private" set to "false" and no source items had "Private" set to "true".
             The ImageRuntimeVersion for this reference is "".
         Primary reference "System.Net.WebHeaderCollection, Version=8.0.0.0, Culture=neutral, PublicKeyToken=b03f5f7f11d50a3a".
             Resolved file path is "/usr/lib64/dotnet/packs/Microsoft.NETCore.App.Ref/8.0.22/ref/net8.0/System.Net.WebHeaderCollection.dll".
             Reference found at search path location "{RawFileName}".
             This reference is not "CopyLocal" because at least one source item had "Private" set to "false" and no source items had "Private" set to "true".
             The ImageRuntimeVersion for this reference is "".
         Primary reference "System.Net.WebProxy, Version=8.0.0.0, Culture=neutral, PublicKeyToken=cc7b13ffcd2ddd51".
             Resolved file path is "/usr/lib64/dotnet/packs/Microsoft.NETCore.App.Ref/8.0.22/ref/net8.0/System.Net.WebProxy.dll".
             Reference found at search path location "{RawFileName}".
             This reference is not "CopyLocal" because at least one source item had "Private" set to "false" and no source items had "Private" set to "true".
             The ImageRuntimeVersion for this reference is "".
         Primary reference "System.Net.WebSockets.Client, Version=8.0.0.0, Culture=neutral, PublicKeyToken=b03f5f7f11d50a3a".
             Resolved file path is "/usr/lib64/dotnet/packs/Microsoft.NETCore.App.Ref/8.0.22/ref/net8.0/System.Net.WebSockets.Client.dll".
             Reference found at search path location "{RawFileName}".
   4:6>Done executing task "Microsoft.SourceLink.GitHub.TranslateRepositoryUrls".
   3:6>ResolveAssemblyReferences:
             This reference is not "CopyLocal" because at least one source item had "Private" set to "false" and no source items had "Private" set to "true".
   4:6>Done building target "TranslateGitHubUrlsInSourceControlInformation" in project "Entegrasyon.ApplicationBootstrap.csproj".
   3:6>ResolveAssemblyReferences:
             The ImageRuntimeVersion for this reference is "".
         Primary reference "System.Net.WebSockets, Version=8.0.0.0, Culture=neutral, PublicKeyToken=b03f5f7f11d50a3a".
             Resolved file path is "/usr/lib64/dotnet/packs/Microsoft.NETCore.App.Ref/8.0.22/ref/net8.0/System.Net.WebSockets.dll".
             Reference found at search path location "{RawFileName}".
             This reference is not "CopyLocal" because at least one source item had "Private" set to "false" and no source items had "Private" set to "true".
             The ImageRuntimeVersion for this reference is "".
         Primary reference "System.Net, Version=4.0.0.0, Culture=neutral, PublicKeyToken=b03f5f7f11d50a3a".
             Resolved file path is "/usr/lib64/dotnet/packs/Microsoft.NETCore.App.Ref/8.0.22/ref/net8.0/System.Net.dll".
   4:6>Target "TranslateGitLabUrlsInSourceControlInformation" in file "/usr/lib64/dotnet/sdk/10.0.101/Sdks/Microsoft.SourceLink.GitLab/build/Microsoft.SourceLink.GitLab.targets" from project "/home/baturhan/Projeler/Entegrasyon/Application/Entegrasyon.ApplicationBootstrap/Entegrasyon.ApplicationBootstrap.csproj" (target "_InitializeSourceControlInformationFromSourceControlManager" depends on it):
   4:6>Using "Microsoft.SourceLink.GitLab.TranslateRepositoryUrls" task from assembly "/usr/lib64/dotnet/sdk/10.0.101/Sdks/Microsoft.SourceLink.GitLab/build/../tools/net/Microsoft.SourceLink.GitLab.dll".
       Task "Microsoft.SourceLink.GitLab.TranslateRepositoryUrls"
   3:6>ResolveAssemblyReferences:
             Reference found at search path location "{RawFileName}".
             This reference is not "CopyLocal" because at least one source item had "Private" set to "false" and no source items had "Private" set to "true".
             The ImageRuntimeVersion for this reference is "".
         Primary reference "System.Numerics.Vectors, Version=8.0.0.0, Culture=neutral, PublicKeyToken=b03f5f7f11d50a3a".
             Resolved file path is "/usr/lib64/dotnet/packs/Microsoft.NETCore.App.Ref/8.0.22/ref/net8.0/System.Numerics.Vectors.dll".
             Reference found at search path location "{RawFileName}".
             This reference is not "CopyLocal" because at least one source item had "Private" set to "false" and no source items had "Private" set to "true".
             The ImageRuntimeVersion for this reference is "".
         Primary reference "System.Numerics, Version=4.0.0.0, Culture=neutral, PublicKeyToken=b77a5c561934e089".
             Resolved file path is "/usr/lib64/dotnet/packs/Microsoft.NETCore.App.Ref/8.0.22/ref/net8.0/System.Numerics.dll".
             Reference found at search path location "{RawFileName}".
             This reference is not "CopyLocal" because at least one source item had "Private" set to "false" and no source items had "Private" set to "true".
             The ImageRuntimeVersion for this reference is "".
         Primary reference "System.ObjectModel, Version=8.0.0.0, Culture=neutral, PublicKeyToken=b03f5f7f11d50a3a".
             Resolved file path is "/usr/lib64/dotnet/packs/Microsoft.NETCore.App.Ref/8.0.22/ref/net8.0/System.ObjectModel.dll".
             Reference found at search path location "{RawFileName}".
             This reference is not "CopyLocal" because at least one source item had "Private" set to "false" and no source items had "Private" set to "true".
             The ImageRuntimeVersion for this reference is "".
         Primary reference "System.Reflection.DispatchProxy, Version=8.0.0.0, Culture=neutral, PublicKeyToken=b03f5f7f11d50a3a".
             Resolved file path is "/usr/lib64/dotnet/packs/Microsoft.NETCore.App.Ref/8.0.22/ref/net8.0/System.Reflection.DispatchProxy.dll".
             Reference found at search path location "{RawFileName}".
             This reference is not "CopyLocal" because at least one source item had "Private" set to "false" and no source items had "Private" set to "true".
             The ImageRuntimeVersion for this reference is "".
         Primary reference "System.Reflection.Emit.ILGeneration, Version=8.0.0.0, Culture=neutral, PublicKeyToken=b03f5f7f11d50a3a".
             Resolved file path is "/usr/lib64/dotnet/packs/Microsoft.NETCore.App.Ref/8.0.22/ref/net8.0/System.Reflection.Emit.ILGeneration.dll".
             Reference found at search path location "{RawFileName}".
             This reference is not "CopyLocal" because at least one source item had "Private" set to "false" and no source items had "Private" set to "true".
             The ImageRuntimeVersion for this reference is "".
         Primary reference "System.Reflection.Emit.Lightweight, Version=8.0.0.0, Culture=neutral, PublicKeyToken=b03f5f7f11d50a3a".
             Resolved file path is "/usr/lib64/dotnet/packs/Microsoft.NETCore.App.Ref/8.0.22/ref/net8.0/System.Reflection.Emit.Lightweight.dll".
             Reference found at search path location "{RawFileName}".
             This reference is not "CopyLocal" because at least one source item had "Private" set to "false" and no source items had "Private" set to "true".
             The ImageRuntimeVersion for this reference is "".
         Primary reference "System.Reflection.Emit, Version=8.0.0.0, Culture=neutral, PublicKeyToken=b03f5f7f11d50a3a".
             Resolved file path is "/usr/lib64/dotnet/packs/Microsoft.NETCore.App.Ref/8.0.22/ref/net8.0/System.Reflection.Emit.dll".
             Reference found at search path location "{RawFileName}".
             This reference is not "CopyLocal" because at least one source item had "Private" set to "false" and no source items had "Private" set to "true".
             The ImageRuntimeVersion for this reference is "".
         Primary reference "System.Reflection.Extensions, Version=8.0.0.0, Culture=neutral, PublicKeyToken=b03f5f7f11d50a3a".
             Resolved file path is "/usr/lib64/dotnet/packs/Microsoft.NETCore.App.Ref/8.0.22/ref/net8.0/System.Reflection.Extensions.dll".
             Reference found at search path location "{RawFileName}".
             This reference is not "CopyLocal" because at least one source item had "Private" set to "false" and no source items had "Private" set to "true".
             The ImageRuntimeVersion for this reference is "".
   4:6>Done executing task "Microsoft.SourceLink.GitLab.TranslateRepositoryUrls".
   3:6>ResolveAssemblyReferences:
         Primary reference "System.Reflection.Metadata, Version=8.0.0.0, Culture=neutral, PublicKeyToken=b03f5f7f11d50a3a".
   4:6>Done building target "TranslateGitLabUrlsInSourceControlInformation" in project "Entegrasyon.ApplicationBootstrap.csproj".
   3:6>ResolveAssemblyReferences:
             Resolved file path is "/usr/lib64/dotnet/packs/Microsoft.NETCore.App.Ref/8.0.22/ref/net8.0/System.Reflection.Metadata.dll".
             Reference found at search path location "{RawFileName}".
             This reference is not "CopyLocal" because at least one source item had "Private" set to "false" and no source items had "Private" set to "true".
             The ImageRuntimeVersion for this reference is "".
         Primary reference "System.Reflection.Primitives, Version=8.0.0.0, Culture=neutral, PublicKeyToken=b03f5f7f11d50a3a".
             Resolved file path is "/usr/lib64/dotnet/packs/Microsoft.NETCore.App.Ref/8.0.22/ref/net8.0/System.Reflection.Primitives.dll".
   4:6>Target "TranslateAzureReposGitUrlsInSourceControlInformation" in file "/usr/lib64/dotnet/sdk/10.0.101/Sdks/Microsoft.SourceLink.AzureRepos.Git/build/Microsoft.SourceLink.AzureRepos.Git.targets" from project "/home/baturhan/Projeler/Entegrasyon/Application/Entegrasyon.ApplicationBootstrap/Entegrasyon.ApplicationBootstrap.csproj" (target "_InitializeSourceControlInformationFromSourceControlManager" depends on it):
   4:6>Using "Microsoft.SourceLink.AzureRepos.Git.TranslateRepositoryUrls" task from assembly "/usr/lib64/dotnet/sdk/10.0.101/Sdks/Microsoft.SourceLink.AzureRepos.Git/build/../tools/net/Microsoft.SourceLink.AzureRepos.Git.dll".
   3:6>ResolveAssemblyReferences:
             Reference found at search path location "{RawFileName}".
             This reference is not "CopyLocal" because at least one source item had "Private" set to "false" and no source items had "Private" set to "true".
   4:6>Task "Microsoft.SourceLink.AzureRepos.Git.TranslateRepositoryUrls"
   3:6>ResolveAssemblyReferences:
             The ImageRuntimeVersion for this reference is "".
         Primary reference "System.Reflection.TypeExtensions, Version=8.0.0.0, Culture=neutral, PublicKeyToken=b03f5f7f11d50a3a".
             Resolved file path is "/usr/lib64/dotnet/packs/Microsoft.NETCore.App.Ref/8.0.22/ref/net8.0/System.Reflection.TypeExtensions.dll".
             Reference found at search path location "{RawFileName}".
             This reference is not "CopyLocal" because at least one source item had "Private" set to "false" and no source items had "Private" set to "true".
             The ImageRuntimeVersion for this reference is "".
         Primary reference "System.Reflection, Version=8.0.0.0, Culture=neutral, PublicKeyToken=b03f5f7f11d50a3a".
             Resolved file path is "/usr/lib64/dotnet/packs/Microsoft.NETCore.App.Ref/8.0.22/ref/net8.0/System.Reflection.dll".
             Reference found at search path location "{RawFileName}".
             This reference is not "CopyLocal" because at least one source item had "Private" set to "false" and no source items had "Private" set to "true".
             The ImageRuntimeVersion for this reference is "".
         Primary reference "System.Resources.Reader, Version=8.0.0.0, Culture=neutral, PublicKeyToken=b03f5f7f11d50a3a".
             Resolved file path is "/usr/lib64/dotnet/packs/Microsoft.NETCore.App.Ref/8.0.22/ref/net8.0/System.Resources.Reader.dll".
             Reference found at search path location "{RawFileName}".
             This reference is not "CopyLocal" because at least one source item had "Private" set to "false" and no source items had "Private" set to "true".
             The ImageRuntimeVersion for this reference is "".
         Primary reference "System.Resources.ResourceManager, Version=8.0.0.0, Culture=neutral, PublicKeyToken=b03f5f7f11d50a3a".
             Resolved file path is "/usr/lib64/dotnet/packs/Microsoft.NETCore.App.Ref/8.0.22/ref/net8.0/System.Resources.ResourceManager.dll".
             Reference found at search path location "{RawFileName}".
             This reference is not "CopyLocal" because at least one source item had "Private" set to "false" and no source items had "Private" set to "true".
             The ImageRuntimeVersion for this reference is "".
         Primary reference "System.Resources.Writer, Version=8.0.0.0, Culture=neutral, PublicKeyToken=b03f5f7f11d50a3a".
             Resolved file path is "/usr/lib64/dotnet/packs/Microsoft.NETCore.App.Ref/8.0.22/ref/net8.0/System.Resources.Writer.dll".
             Reference found at search path location "{RawFileName}".
             This reference is not "CopyLocal" because at least one source item had "Private" set to "false" and no source items had "Private" set to "true".
             The ImageRuntimeVersion for this reference is "".
         Primary reference "System.Runtime.CompilerServices.Unsafe, Version=8.0.0.0, Culture=neutral, PublicKeyToken=b03f5f7f11d50a3a".
             Resolved file path is "/usr/lib64/dotnet/packs/Microsoft.NETCore.App.Ref/8.0.22/ref/net8.0/System.Runtime.CompilerServices.Unsafe.dll".
             Reference found at search path location "{RawFileName}".
             This reference is not "CopyLocal" because at least one source item had "Private" set to "false" and no source items had "Private" set to "true".
             The ImageRuntimeVersion for this reference is "".
         Primary reference "System.Runtime.CompilerServices.VisualC, Version=8.0.0.0, Culture=neutral, PublicKeyToken=b03f5f7f11d50a3a".
             Resolved file path is "/usr/lib64/dotnet/packs/Microsoft.NETCore.App.Ref/8.0.22/ref/net8.0/System.Runtime.CompilerServices.VisualC.dll".
             Reference found at search path location "{RawFileName}".
             This reference is not "CopyLocal" because at least one source item had "Private" set to "false" and no source items had "Private" set to "true".
             The ImageRuntimeVersion for this reference is "".
         Primary reference "System.Runtime.Extensions, Version=8.0.0.0, Culture=neutral, PublicKeyToken=b03f5f7f11d50a3a".
             Resolved file path is "/usr/lib64/dotnet/packs/Microsoft.NETCore.App.Ref/8.0.22/ref/net8.0/System.Runtime.Extensions.dll".
             Reference found at search path location "{RawFileName}".
             This reference is not "CopyLocal" because at least one source item had "Private" set to "false" and no source items had "Private" set to "true".
             The ImageRuntimeVersion for this reference is "".
   4:6>Done executing task "Microsoft.SourceLink.AzureRepos.Git.TranslateRepositoryUrls".
   3:6>ResolveAssemblyReferences:
         Primary reference "System.Runtime.Handles, Version=8.0.0.0, Culture=neutral, PublicKeyToken=b03f5f7f11d50a3a".
   4:6>Done building target "TranslateAzureReposGitUrlsInSourceControlInformation" in project "Entegrasyon.ApplicationBootstrap.csproj".
   3:6>ResolveAssemblyReferences:
             Resolved file path is "/usr/lib64/dotnet/packs/Microsoft.NETCore.App.Ref/8.0.22/ref/net8.0/System.Runtime.Handles.dll".
             Reference found at search path location "{RawFileName}".
             This reference is not "CopyLocal" because at least one source item had "Private" set to "false" and no source items had "Private" set to "true".
             The ImageRuntimeVersion for this reference is "".
         Primary reference "System.Runtime.InteropServices.JavaScript, Version=8.0.0.0, Culture=neutral, PublicKeyToken=b03f5f7f11d50a3a".
             Resolved file path is "/usr/lib64/dotnet/packs/Microsoft.NETCore.App.Ref/8.0.22/ref/net8.0/System.Runtime.InteropServices.JavaScript.dll".
             Reference found at search path location "{RawFileName}".
   4:6>Target "TranslateBitbucketGitUrlsInSourceControlInformation" in file "/usr/lib64/dotnet/sdk/10.0.101/Sdks/Microsoft.SourceLink.Bitbucket.Git/build/Microsoft.SourceLink.Bitbucket.Git.targets" from project "/home/baturhan/Projeler/Entegrasyon/Application/Entegrasyon.ApplicationBootstrap/Entegrasyon.ApplicationBootstrap.csproj" (target "_InitializeSourceControlInformationFromSourceControlManager" depends on it):
   4:6>Using "Microsoft.SourceLink.Bitbucket.Git.TranslateRepositoryUrls" task from assembly "/usr/lib64/dotnet/sdk/10.0.101/Sdks/Microsoft.SourceLink.Bitbucket.Git/build/../tools/net/Microsoft.SourceLink.Bitbucket.Git.dll".
   3:6>ResolveAssemblyReferences:
             This reference is not "CopyLocal" because at least one source item had "Private" set to "false" and no source items had "Private" set to "true".
             The ImageRuntimeVersion for this reference is "".
   4:6>Task "Microsoft.SourceLink.Bitbucket.Git.TranslateRepositoryUrls"
   3:6>ResolveAssemblyReferences:
         Primary reference "System.Runtime.InteropServices.RuntimeInformation, Version=8.0.0.0, Culture=neutral, PublicKeyToken=b03f5f7f11d50a3a".
             Resolved file path is "/usr/lib64/dotnet/packs/Microsoft.NETCore.App.Ref/8.0.22/ref/net8.0/System.Runtime.InteropServices.RuntimeInformation.dll".
             Reference found at search path location "{RawFileName}".
             This reference is not "CopyLocal" because at least one source item had "Private" set to "false" and no source items had "Private" set to "true".
             The ImageRuntimeVersion for this reference is "".
         Primary reference "System.Runtime.InteropServices, Version=8.0.0.0, Culture=neutral, PublicKeyToken=b03f5f7f11d50a3a".
             Resolved file path is "/usr/lib64/dotnet/packs/Microsoft.NETCore.App.Ref/8.0.22/ref/net8.0/System.Runtime.InteropServices.dll".
             Reference found at search path location "{RawFileName}".
             This reference is not "CopyLocal" because at least one source item had "Private" set to "false" and no source items had "Private" set to "true".
             The ImageRuntimeVersion for this reference is "".
         Primary reference "System.Runtime.Intrinsics, Version=8.0.0.0, Culture=neutral, PublicKeyToken=cc7b13ffcd2ddd51".
             Resolved file path is "/usr/lib64/dotnet/packs/Microsoft.NETCore.App.Ref/8.0.22/ref/net8.0/System.Runtime.Intrinsics.dll".
             Reference found at search path location "{RawFileName}".
             This reference is not "CopyLocal" because at least one source item had "Private" set to "false" and no source items had "Private" set to "true".
             The ImageRuntimeVersion for this reference is "".
         Primary reference "System.Runtime.Loader, Version=8.0.0.0, Culture=neutral, PublicKeyToken=b03f5f7f11d50a3a".
             Resolved file path is "/usr/lib64/dotnet/packs/Microsoft.NETCore.App.Ref/8.0.22/ref/net8.0/System.Runtime.Loader.dll".
             Reference found at search path location "{RawFileName}".
             This reference is not "CopyLocal" because at least one source item had "Private" set to "false" and no source items had "Private" set to "true".
             The ImageRuntimeVersion for this reference is "".
         Primary reference "System.Runtime.Numerics, Version=8.0.0.0, Culture=neutral, PublicKeyToken=b03f5f7f11d50a3a".
             Resolved file path is "/usr/lib64/dotnet/packs/Microsoft.NETCore.App.Ref/8.0.22/ref/net8.0/System.Runtime.Numerics.dll".
             Reference found at search path location "{RawFileName}".
             This reference is not "CopyLocal" because at least one source item had "Private" set to "false" and no source items had "Private" set to "true".
             The ImageRuntimeVersion for this reference is "".
         Primary reference "System.Runtime.Serialization.Formatters, Version=8.0.0.0, Culture=neutral, PublicKeyToken=b03f5f7f11d50a3a".
             Resolved file path is "/usr/lib64/dotnet/packs/Microsoft.NETCore.App.Ref/8.0.22/ref/net8.0/System.Runtime.Serialization.Formatters.dll".
             Reference found at search path location "{RawFileName}".
             This reference is not "CopyLocal" because at least one source item had "Private" set to "false" and no source items had "Private" set to "true".
             The ImageRuntimeVersion for this reference is "".
         Primary reference "System.Runtime.Serialization.Json, Version=8.0.0.0, Culture=neutral, PublicKeyToken=b03f5f7f11d50a3a".
             Resolved file path is "/usr/lib64/dotnet/packs/Microsoft.NETCore.App.Ref/8.0.22/ref/net8.0/System.Runtime.Serialization.Json.dll".
             Reference found at search path location "{RawFileName}".
             This reference is not "CopyLocal" because at least one source item had "Private" set to "false" and no source items had "Private" set to "true".
             The ImageRuntimeVersion for this reference is "".
         Primary reference "System.Runtime.Serialization.Primitives, Version=8.0.0.0, Culture=neutral, PublicKeyToken=b03f5f7f11d50a3a".
             Resolved file path is "/usr/lib64/dotnet/packs/Microsoft.NETCore.App.Ref/8.0.22/ref/net8.0/System.Runtime.Serialization.Primitives.dll".
             Reference found at search path location "{RawFileName}".
             This reference is not "CopyLocal" because at least one source item had "Private" set to "false" and no source items had "Private" set to "true".
             The ImageRuntimeVersion for this reference is "".
   4:6>Done executing task "Microsoft.SourceLink.Bitbucket.Git.TranslateRepositoryUrls".
   3:6>ResolveAssemblyReferences:
         Primary reference "System.Runtime.Serialization.Xml, Version=8.0.0.0, Culture=neutral, PublicKeyToken=b03f5f7f11d50a3a".
   4:6>Done building target "TranslateBitbucketGitUrlsInSourceControlInformation" in project "Entegrasyon.ApplicationBootstrap.csproj".
   3:6>ResolveAssemblyReferences:
             Resolved file path is "/usr/lib64/dotnet/packs/Microsoft.NETCore.App.Ref/8.0.22/ref/net8.0/System.Runtime.Serialization.Xml.dll".
             Reference found at search path location "{RawFileName}".
             This reference is not "CopyLocal" because at least one source item had "Private" set to "false" and no source items had "Private" set to "true".
             The ImageRuntimeVersion for this reference is "".
         Primary reference "System.Runtime.Serialization, Version=4.0.0.0, Culture=neutral, PublicKeyToken=b77a5c561934e089".
             Resolved file path is "/usr/lib64/dotnet/packs/Microsoft.NETCore.App.Ref/8.0.22/ref/net8.0/System.Runtime.Serialization.dll".
   4:6>Target "SourceControlManagerPublishTranslatedUrls" in file "/usr/lib64/dotnet/sdk/10.0.101/Sdks/Microsoft.SourceLink.Common/build/InitializeSourceControlInformation.targets" from project "/home/baturhan/Projeler/Entegrasyon/Application/Entegrasyon.ApplicationBootstrap/Entegrasyon.ApplicationBootstrap.csproj" (target "_InitializeSourceControlInformationFromSourceControlManager" depends on it):
   4:6>Done building target "SourceControlManagerPublishTranslatedUrls" in project "Entegrasyon.ApplicationBootstrap.csproj".
   3:6>ResolveAssemblyReferences:
             Reference found at search path location "{RawFileName}".
             This reference is not "CopyLocal" because at least one source item had "Private" set to "false" and no source items had "Private" set to "true".
             The ImageRuntimeVersion for this reference is "".
   4:6>Target "_InitializeSourceControlInformationFromSourceControlManager" in file "/usr/lib64/dotnet/sdk/10.0.101/Sdks/Microsoft.SourceLink.Common/build/InitializeSourceControlInformation.targets" from project "/home/baturhan/Projeler/Entegrasyon/Application/Entegrasyon.ApplicationBootstrap/Entegrasyon.ApplicationBootstrap.csproj" (target "InitializeSourceControlInformation" depends on it):
   4:6>Done building target "_InitializeSourceControlInformationFromSourceControlManager" in project "Entegrasyon.ApplicationBootstrap.csproj".
   3:6>ResolveAssemblyReferences:
         Primary reference "System.Runtime, Version=8.0.0.0, Culture=neutral, PublicKeyToken=b03f5f7f11d50a3a".
             Resolved file path is "/usr/lib64/dotnet/packs/Microsoft.NETCore.App.Ref/8.0.22/ref/net8.0/System.Runtime.dll".
   4:6>Target "InitializeSourceControlInformation" in file "/usr/lib64/dotnet/sdk/10.0.101/Microsoft.Common.CurrentVersion.targets" from project "/home/baturhan/Projeler/Entegrasyon/Application/Entegrasyon.ApplicationBootstrap/Entegrasyon.ApplicationBootstrap.csproj" (target "GetAssemblyAttributes" depends on it):
   4:6>Done building target "InitializeSourceControlInformation" in project "Entegrasyon.ApplicationBootstrap.csproj".
   3:6>ResolveAssemblyReferences:
             Reference found at search path location "{RawFileName}".
   4:6>Target "GetAssemblyVersion" skipped. Previously built successfully.
   3:6>ResolveAssemblyReferences:
             This reference is not "CopyLocal" because at least one source item had "Private" set to "false" and no source items had "Private" set to "true".
   4:6>Target "InitializeSourceControlInformation" skipped. Previously built successfully.
   3:6>ResolveAssemblyReferences:
             The ImageRuntimeVersion for this reference is "".
         Primary reference "System.Security.AccessControl, Version=8.0.0.0, Culture=neutral, PublicKeyToken=b03f5f7f11d50a3a".
             Resolved file path is "/usr/lib64/dotnet/packs/Microsoft.NETCore.App.Ref/8.0.22/ref/net8.0/System.Security.AccessControl.dll".
   4:6>Target "AddSourceRevisionToInformationalVersion" in file "/usr/lib64/dotnet/sdk/10.0.101/Sdks/Microsoft.NET.Sdk/targets/Microsoft.NET.GenerateAssemblyInfo.targets" from project "/home/baturhan/Projeler/Entegrasyon/Application/Entegrasyon.ApplicationBootstrap/Entegrasyon.ApplicationBootstrap.csproj" (target "GetAssemblyAttributes" depends on it):
   4:6>/usr/lib64/dotnet/sdk/10.0.101/Sdks/Microsoft.NET.Sdk/targets/Microsoft.NET.GenerateAssemblyInfo.targets(70,7): message : Property reassignment: $(InformationalVersion)="1.0.0+b6490b011968657f75d632b3c51367b541aec72d" (previous value: "1.0.0") at /usr/lib64/dotnet/sdk/10.0.101/Sdks/Microsoft.NET.Sdk/targets/Microsoft.NET.GenerateAssemblyInfo.targets (70,7) [/home/baturhan/Projeler/Entegrasyon/Application/Entegrasyon.ApplicationBootstrap/Entegrasyon.ApplicationBootstrap.csproj]
   3:6>ResolveAssemblyReferences:
             Reference found at search path location "{RawFileName}".
   4:6>Done building target "AddSourceRevisionToInformationalVersion" in project "Entegrasyon.ApplicationBootstrap.csproj".
   3:6>ResolveAssemblyReferences:
             This reference is not "CopyLocal" because at least one source item had "Private" set to "false" and no source items had "Private" set to "true".
             The ImageRuntimeVersion for this reference is "".
         Primary reference "System.Security.Claims, Version=8.0.0.0, Culture=neutral, PublicKeyToken=b03f5f7f11d50a3a".
             Resolved file path is "/usr/lib64/dotnet/packs/Microsoft.NETCore.App.Ref/8.0.22/ref/net8.0/System.Security.Claims.dll".
   4:6>Target "GetAssemblyAttributes" in file "/usr/lib64/dotnet/sdk/10.0.101/Sdks/Microsoft.NET.Sdk/targets/Microsoft.NET.GenerateAssemblyInfo.targets" from project "/home/baturhan/Projeler/Entegrasyon/Application/Entegrasyon.ApplicationBootstrap/Entegrasyon.ApplicationBootstrap.csproj" (target "CreateGeneratedAssemblyInfoInputsCacheFile" depends on it):
   4:6>Done building target "GetAssemblyAttributes" in project "Entegrasyon.ApplicationBootstrap.csproj".
   3:6>ResolveAssemblyReferences:
             Reference found at search path location "{RawFileName}".
             This reference is not "CopyLocal" because at least one source item had "Private" set to "false" and no source items had "Private" set to "true".
             The ImageRuntimeVersion for this reference is "".
         Primary reference "System.Security.Cryptography.Algorithms, Version=8.0.0.0, Culture=neutral, PublicKeyToken=b03f5f7f11d50a3a".
             Resolved file path is "/usr/lib64/dotnet/packs/Microsoft.NETCore.App.Ref/8.0.22/ref/net8.0/System.Security.Cryptography.Algorithms.dll".
             Reference found at search path location "{RawFileName}".
             This reference is not "CopyLocal" because at least one source item had "Private" set to "false" and no source items had "Private" set to "true".
   4:6>Target "CreateGeneratedAssemblyInfoInputsCacheFile" in file "/usr/lib64/dotnet/sdk/10.0.101/Sdks/Microsoft.NET.Sdk/targets/Microsoft.NET.GenerateAssemblyInfo.targets" from project "/home/baturhan/Projeler/Entegrasyon/Application/Entegrasyon.ApplicationBootstrap/Entegrasyon.ApplicationBootstrap.csproj" (target "CoreGenerateAssemblyInfo" depends on it):
   4:6>Using "Hash" task from assembly "Microsoft.Build.Tasks.Core, Version=15.1.0.0, Culture=neutral, PublicKeyToken=b03f5f7f11d50a3a".
   3:6>ResolveAssemblyReferences:
             The ImageRuntimeVersion for this reference is "".
         Primary reference "System.Security.Cryptography.Cng, Version=8.0.0.0, Culture=neutral, PublicKeyToken=b03f5f7f11d50a3a".
   4:6>Task "Hash"
   3:6>ResolveAssemblyReferences:
             Resolved file path is "/usr/lib64/dotnet/packs/Microsoft.NETCore.App.Ref/8.0.22/ref/net8.0/System.Security.Cryptography.Cng.dll".
             Reference found at search path location "{RawFileName}".
             This reference is not "CopyLocal" because at least one source item had "Private" set to "false" and no source items had "Private" set to "true".
             The ImageRuntimeVersion for this reference is "".
         Primary reference "System.Security.Cryptography.Csp, Version=8.0.0.0, Culture=neutral, PublicKeyToken=b03f5f7f11d50a3a".
             Resolved file path is "/usr/lib64/dotnet/packs/Microsoft.NETCore.App.Ref/8.0.22/ref/net8.0/System.Security.Cryptography.Csp.dll".
             Reference found at search path location "{RawFileName}".
             This reference is not "CopyLocal" because at least one source item had "Private" set to "false" and no source items had "Private" set to "true".
             The ImageRuntimeVersion for this reference is "".
   4:6>Done executing task "Hash".
   3:6>ResolveAssemblyReferences:
         Primary reference "System.Security.Cryptography.Encoding, Version=8.0.0.0, Culture=neutral, PublicKeyToken=b03f5f7f11d50a3a".
   4:6>Task "WriteLinesToFile"
   3:6>ResolveAssemblyReferences:
             Resolved file path is "/usr/lib64/dotnet/packs/Microsoft.NETCore.App.Ref/8.0.22/ref/net8.0/System.Security.Cryptography.Encoding.dll".
             Reference found at search path location "{RawFileName}".
             This reference is not "CopyLocal" because at least one source item had "Private" set to "false" and no source items had "Private" set to "true".
             The ImageRuntimeVersion for this reference is "".
         Primary reference "System.Security.Cryptography.OpenSsl, Version=8.0.0.0, Culture=neutral, PublicKeyToken=b03f5f7f11d50a3a".
             Resolved file path is "/usr/lib64/dotnet/packs/Microsoft.NETCore.App.Ref/8.0.22/ref/net8.0/System.Security.Cryptography.OpenSsl.dll".
             Reference found at search path location "{RawFileName}".
             This reference is not "CopyLocal" because at least one source item had "Private" set to "false" and no source items had "Private" set to "true".
             The ImageRuntimeVersion for this reference is "".
         Primary reference "System.Security.Cryptography.Primitives, Version=8.0.0.0, Culture=neutral, PublicKeyToken=b03f5f7f11d50a3a".
   4:6>CreateGeneratedAssemblyInfoInputsCacheFile:
         Skipping write to file "obj/Debug/net8.0/Entegrasyon.ApplicationBootstrap.AssemblyInfoInputs.cache" because content would not change.
   3:6>ResolveAssemblyReferences:
             Resolved file path is "/usr/lib64/dotnet/packs/Microsoft.NETCore.App.Ref/8.0.22/ref/net8.0/System.Security.Cryptography.Primitives.dll".
   4:6>Done executing task "WriteLinesToFile".
   4:6>Done building target "CreateGeneratedAssemblyInfoInputsCacheFile" in project "Entegrasyon.ApplicationBootstrap.csproj".
   3:6>ResolveAssemblyReferences:
             Reference found at search path location "{RawFileName}".
             This reference is not "CopyLocal" because at least one source item had "Private" set to "false" and no source items had "Private" set to "true".
             The ImageRuntimeVersion for this reference is "".
   4:6>Target "CoreGenerateAssemblyInfo" in file "/usr/lib64/dotnet/sdk/10.0.101/Sdks/Microsoft.NET.Sdk/targets/Microsoft.NET.GenerateAssemblyInfo.targets" from project "/home/baturhan/Projeler/Entegrasyon/Application/Entegrasyon.ApplicationBootstrap/Entegrasyon.ApplicationBootstrap.csproj" (target "GenerateAssemblyInfo" depends on it):
   4:6>Skipping target "CoreGenerateAssemblyInfo" because all output files are up-to-date with respect to the input files.
   3:6>ResolveAssemblyReferences:
         Primary reference "System.Security.Cryptography.X509Certificates, Version=8.0.0.0, Culture=neutral, PublicKeyToken=b03f5f7f11d50a3a".
   4:6>CoreGenerateAssemblyInfo:
       Input files: obj/Debug/net8.0/Entegrasyon.ApplicationBootstrap.AssemblyInfoInputs.cache
   3:6>ResolveAssemblyReferences:
             Resolved file path is "/usr/lib64/dotnet/packs/Microsoft.NETCore.App.Ref/8.0.22/ref/net8.0/System.Security.Cryptography.X509Certificates.dll".
   4:6>CoreGenerateAssemblyInfo:
       Output files: obj/Debug/net8.0/Entegrasyon.ApplicationBootstrap.AssemblyInfo.cs
   3:6>ResolveAssemblyReferences:
             Reference found at search path location "{RawFileName}".
             This reference is not "CopyLocal" because at least one source item had "Private" set to "false" and no source items had "Private" set to "true".
             The ImageRuntimeVersion for this reference is "".
         Primary reference "System.Security.Cryptography, Version=8.0.0.0, Culture=neutral, PublicKeyToken=b03f5f7f11d50a3a".
             Resolved file path is "/usr/lib64/dotnet/packs/Microsoft.NETCore.App.Ref/8.0.22/ref/net8.0/System.Security.Cryptography.dll".
   4:6>Done building target "CoreGenerateAssemblyInfo" in project "Entegrasyon.ApplicationBootstrap.csproj".
   3:6>ResolveAssemblyReferences:
             Reference found at search path location "{RawFileName}".
   4:6>Target "GenerateAssemblyInfo" in file "/usr/lib64/dotnet/sdk/10.0.101/Sdks/Microsoft.NET.Sdk/targets/Microsoft.NET.GenerateAssemblyInfo.targets" from project "/home/baturhan/Projeler/Entegrasyon/Application/Entegrasyon.ApplicationBootstrap/Entegrasyon.ApplicationBootstrap.csproj" (target "BeforeCompile" depends on it):
   4:6>Done building target "GenerateAssemblyInfo" in project "Entegrasyon.ApplicationBootstrap.csproj".
   3:6>ResolveAssemblyReferences:
             This reference is not "CopyLocal" because at least one source item had "Private" set to "false" and no source items had "Private" set to "true".
             The ImageRuntimeVersion for this reference is "".
         Primary reference "System.Security.Principal.Windows, Version=8.0.0.0, Culture=neutral, PublicKeyToken=b03f5f7f11d50a3a".
   4:6>Target "BeforeCompile" in file "/usr/lib64/dotnet/sdk/10.0.101/Microsoft.Common.CurrentVersion.targets" from project "/home/baturhan/Projeler/Entegrasyon/Application/Entegrasyon.ApplicationBootstrap/Entegrasyon.ApplicationBootstrap.csproj" (target "Compile" depends on it):
   4:6>Done building target "BeforeCompile" in project "Entegrasyon.ApplicationBootstrap.csproj".
   3:6>ResolveAssemblyReferences:
             Resolved file path is "/usr/lib64/dotnet/packs/Microsoft.NETCore.App.Ref/8.0.22/ref/net8.0/System.Security.Principal.Windows.dll".
             Reference found at search path location "{RawFileName}".
   4:6>Target "ResolveAssemblyReferences" skipped. Previously built successfully.
   3:6>ResolveAssemblyReferences:
             This reference is not "CopyLocal" because at least one source item had "Private" set to "false" and no source items had "Private" set to "true".
             The ImageRuntimeVersion for this reference is "".
   4:6>Target "_GenerateCompileInputs" skipped. Previously built successfully.
   3:6>ResolveAssemblyReferences:
         Primary reference "System.Security.Principal, Version=8.0.0.0, Culture=neutral, PublicKeyToken=b03f5f7f11d50a3a".
             Resolved file path is "/usr/lib64/dotnet/packs/Microsoft.NETCore.App.Ref/8.0.22/ref/net8.0/System.Security.Principal.dll".
             Reference found at search path location "{RawFileName}".
             This reference is not "CopyLocal" because at least one source item had "Private" set to "false" and no source items had "Private" set to "true".
             The ImageRuntimeVersion for this reference is "".
         Primary reference "System.Security.SecureString, Version=8.0.0.0, Culture=neutral, PublicKeyToken=b03f5f7f11d50a3a".
             Resolved file path is "/usr/lib64/dotnet/packs/Microsoft.NETCore.App.Ref/8.0.22/ref/net8.0/System.Security.SecureString.dll".
             Reference found at search path location "{RawFileName}".
             This reference is not "CopyLocal" because at least one source item had "Private" set to "false" and no source items had "Private" set to "true".
             The ImageRuntimeVersion for this reference is "".
         Primary reference "System.Security, Version=4.0.0.0, Culture=neutral, PublicKeyToken=b03f5f7f11d50a3a".
             Resolved file path is "/usr/lib64/dotnet/packs/Microsoft.NETCore.App.Ref/8.0.22/ref/net8.0/System.Security.dll".
             Reference found at search path location "{RawFileName}".
             This reference is not "CopyLocal" because at least one source item had "Private" set to "false" and no source items had "Private" set to "true".
             The ImageRuntimeVersion for this reference is "".
   4:6>Target "_GenerateCompileDependencyCache" in file "/usr/lib64/dotnet/sdk/10.0.101/Microsoft.Common.CurrentVersion.targets" from project "/home/baturhan/Projeler/Entegrasyon/Application/Entegrasyon.ApplicationBootstrap/Entegrasyon.ApplicationBootstrap.csproj" (target "Compile" depends on it):
   4:6>Task "Hash"
   3:6>ResolveAssemblyReferences:
         Primary reference "System.ServiceModel.Web, Version=4.0.0.0, Culture=neutral, PublicKeyToken=31bf3856ad364e35".
             Resolved file path is "/usr/lib64/dotnet/packs/Microsoft.NETCore.App.Ref/8.0.22/ref/net8.0/System.ServiceModel.Web.dll".
             Reference found at search path location "{RawFileName}".
             This reference is not "CopyLocal" because at least one source item had "Private" set to "false" and no source items had "Private" set to "true".
             The ImageRuntimeVersion for this reference is "".
         Primary reference "System.ServiceProcess, Version=4.0.0.0, Culture=neutral, PublicKeyToken=b03f5f7f11d50a3a".
             Resolved file path is "/usr/lib64/dotnet/packs/Microsoft.NETCore.App.Ref/8.0.22/ref/net8.0/System.ServiceProcess.dll".
             Reference found at search path location "{RawFileName}".
             This reference is not "CopyLocal" because at least one source item had "Private" set to "false" and no source items had "Private" set to "true".
             The ImageRuntimeVersion for this reference is "".
         Primary reference "System.Text.Encoding.CodePages, Version=8.0.0.0, Culture=neutral, PublicKeyToken=b03f5f7f11d50a3a".
             Resolved file path is "/usr/lib64/dotnet/packs/Microsoft.NETCore.App.Ref/8.0.22/ref/net8.0/System.Text.Encoding.CodePages.dll".
             Reference found at search path location "{RawFileName}".
             This reference is not "CopyLocal" because at least one source item had "Private" set to "false" and no source items had "Private" set to "true".
   4:6>Done executing task "Hash".
   3:6>ResolveAssemblyReferences:
             The ImageRuntimeVersion for this reference is "".
   4:6>Task "WriteLinesToFile"
   3:6>ResolveAssemblyReferences:
         Primary reference "System.Text.Encoding.Extensions, Version=8.0.0.0, Culture=neutral, PublicKeyToken=b03f5f7f11d50a3a".
             Resolved file path is "/usr/lib64/dotnet/packs/Microsoft.NETCore.App.Ref/8.0.22/ref/net8.0/System.Text.Encoding.Extensions.dll".
             Reference found at search path location "{RawFileName}".
             This reference is not "CopyLocal" because at least one source item had "Private" set to "false" and no source items had "Private" set to "true".
             The ImageRuntimeVersion for this reference is "".
         Primary reference "System.Text.Encoding, Version=8.0.0.0, Culture=neutral, PublicKeyToken=b03f5f7f11d50a3a".
             Resolved file path is "/usr/lib64/dotnet/packs/Microsoft.NETCore.App.Ref/8.0.22/ref/net8.0/System.Text.Encoding.dll".
   4:6>_GenerateCompileDependencyCache:
         Skipping write to file "obj/Debug/net8.0/Entegrasyon.ApplicationBootstrap.csproj.CoreCompileInputs.cache" because content would not change.
       Done executing task "WriteLinesToFile".
   3:6>ResolveAssemblyReferences:
             Reference found at search path location "{RawFileName}".
             This reference is not "CopyLocal" because at least one source item had "Private" set to "false" and no source items had "Private" set to "true".
             The ImageRuntimeVersion for this reference is "".
         Primary reference "System.Text.Encodings.Web, Version=8.0.0.0, Culture=neutral, PublicKeyToken=cc7b13ffcd2ddd51".
             Resolved file path is "/usr/lib64/dotnet/packs/Microsoft.NETCore.App.Ref/8.0.22/ref/net8.0/System.Text.Encodings.Web.dll".
             Reference found at search path location "{RawFileName}".
             This reference is not "CopyLocal" because at least one source item had "Private" set to "false" and no source items had "Private" set to "true".
             The ImageRuntimeVersion for this reference is "".
   4:6>Done building target "_GenerateCompileDependencyCache" in project "Entegrasyon.ApplicationBootstrap.csproj".
   3:6>ResolveAssemblyReferences:
         Primary reference "System.Text.Json, Version=8.0.0.0, Culture=neutral, PublicKeyToken=cc7b13ffcd2ddd51".
             Resolved file path is "/usr/lib64/dotnet/packs/Microsoft.NETCore.App.Ref/8.0.22/ref/net8.0/System.Text.Json.dll".
             Reference found at search path location "{RawFileName}".
             This reference is not "CopyLocal" because at least one source item had "Private" set to "false" and no source items had "Private" set to "true".
             The ImageRuntimeVersion for this reference is "".
         Primary reference "System.Text.RegularExpressions, Version=8.0.0.0, Culture=neutral, PublicKeyToken=b03f5f7f11d50a3a".
             Resolved file path is "/usr/lib64/dotnet/packs/Microsoft.NETCore.App.Ref/8.0.22/ref/net8.0/System.Text.RegularExpressions.dll".
   4:6>Target "_BeforeVBCSCoreCompile" in file "/usr/lib64/dotnet/sdk/10.0.101/Roslyn/Microsoft.Managed.Core.targets" from project "/home/baturhan/Projeler/Entegrasyon/Application/Entegrasyon.ApplicationBootstrap/Entegrasyon.ApplicationBootstrap.csproj" (target "CoreCompile" depends on it):
   4:6>Done building target "_BeforeVBCSCoreCompile" in project "Entegrasyon.ApplicationBootstrap.csproj".
   3:6>ResolveAssemblyReferences:
             Reference found at search path location "{RawFileName}".
             This reference is not "CopyLocal" because at least one source item had "Private" set to "false" and no source items had "Private" set to "true".
             The ImageRuntimeVersion for this reference is "".
         Primary reference "System.Threading.Channels, Version=8.0.0.0, Culture=neutral, PublicKeyToken=cc7b13ffcd2ddd51".
   4:6>Target "_ComputeSkipAnalyzers" in file "/usr/lib64/dotnet/sdk/10.0.101/Roslyn/Microsoft.Managed.Core.targets" from project "/home/baturhan/Projeler/Entegrasyon/Application/Entegrasyon.ApplicationBootstrap/Entegrasyon.ApplicationBootstrap.csproj" (target "CoreCompile" depends on it):
   4:6>Done building target "_ComputeSkipAnalyzers" in project "Entegrasyon.ApplicationBootstrap.csproj".
   3:6>ResolveAssemblyReferences:
             Resolved file path is "/usr/lib64/dotnet/packs/Microsoft.NETCore.App.Ref/8.0.22/ref/net8.0/System.Threading.Channels.dll".
   4:6>Target "BeforeCompile" skipped. Previously built successfully.
       Target "InitializeSourceControlInformationFromSourceControlManager" skipped. Previously built successfully.
   3:6>ResolveAssemblyReferences:
             Reference found at search path location "{RawFileName}".
             This reference is not "CopyLocal" because at least one source item had "Private" set to "false" and no source items had "Private" set to "true".
             The ImageRuntimeVersion for this reference is "".
         Primary reference "System.Threading.Overlapped, Version=8.0.0.0, Culture=neutral, PublicKeyToken=b03f5f7f11d50a3a".
   4:6>Target "SetEmbeddedFilesFromSourceControlManagerUntrackedFiles" in file "/usr/lib64/dotnet/sdk/10.0.101/Sdks/Microsoft.Build.Tasks.Git/build/Microsoft.Build.Tasks.Git.targets" from project "/home/baturhan/Projeler/Entegrasyon/Application/Entegrasyon.ApplicationBootstrap/Entegrasyon.ApplicationBootstrap.csproj" (target "_SetEmbeddedFilesFromSourceControlManagerUntrackedFiles" depends on it):
   4:6>Using "Microsoft.Build.Tasks.Git.GetUntrackedFiles" task from assembly "/usr/lib64/dotnet/sdk/10.0.101/Sdks/Microsoft.Build.Tasks.Git/build/../tools/net/Microsoft.Build.Tasks.Git.dll".
       Task "Microsoft.Build.Tasks.Git.GetUntrackedFiles"
   3:6>ResolveAssemblyReferences:
             Resolved file path is "/usr/lib64/dotnet/packs/Microsoft.NETCore.App.Ref/8.0.22/ref/net8.0/System.Threading.Overlapped.dll".
             Reference found at search path location "{RawFileName}".
             This reference is not "CopyLocal" because at least one source item had "Private" set to "false" and no source items had "Private" set to "true".
             The ImageRuntimeVersion for this reference is "".
         Primary reference "System.Threading.Tasks.Dataflow, Version=8.0.0.0, Culture=neutral, PublicKeyToken=b03f5f7f11d50a3a".
             Resolved file path is "/usr/lib64/dotnet/packs/Microsoft.NETCore.App.Ref/8.0.22/ref/net8.0/System.Threading.Tasks.Dataflow.dll".
             Reference found at search path location "{RawFileName}".
             This reference is not "CopyLocal" because at least one source item had "Private" set to "false" and no source items had "Private" set to "true".
             The ImageRuntimeVersion for this reference is "".
         Primary reference "System.Threading.Tasks.Extensions, Version=8.0.0.0, Culture=neutral, PublicKeyToken=cc7b13ffcd2ddd51".
             Resolved file path is "/usr/lib64/dotnet/packs/Microsoft.NETCore.App.Ref/8.0.22/ref/net8.0/System.Threading.Tasks.Extensions.dll".
             Reference found at search path location "{RawFileName}".
             This reference is not "CopyLocal" because at least one source item had "Private" set to "false" and no source items had "Private" set to "true".
             The ImageRuntimeVersion for this reference is "".
         Primary reference "System.Threading.Tasks.Parallel, Version=8.0.0.0, Culture=neutral, PublicKeyToken=b03f5f7f11d50a3a".
             Resolved file path is "/usr/lib64/dotnet/packs/Microsoft.NETCore.App.Ref/8.0.22/ref/net8.0/System.Threading.Tasks.Parallel.dll".
             Reference found at search path location "{RawFileName}".
             This reference is not "CopyLocal" because at least one source item had "Private" set to "false" and no source items had "Private" set to "true".
             The ImageRuntimeVersion for this reference is "".
         Primary reference "System.Threading.Tasks, Version=8.0.0.0, Culture=neutral, PublicKeyToken=b03f5f7f11d50a3a".
             Resolved file path is "/usr/lib64/dotnet/packs/Microsoft.NETCore.App.Ref/8.0.22/ref/net8.0/System.Threading.Tasks.dll".
             Reference found at search path location "{RawFileName}".
             This reference is not "CopyLocal" because at least one source item had "Private" set to "false" and no source items had "Private" set to "true".
             The ImageRuntimeVersion for this reference is "".
         Primary reference "System.Threading.Thread, Version=8.0.0.0, Culture=neutral, PublicKeyToken=b03f5f7f11d50a3a".
             Resolved file path is "/usr/lib64/dotnet/packs/Microsoft.NETCore.App.Ref/8.0.22/ref/net8.0/System.Threading.Thread.dll".
   4:6>SetEmbeddedFilesFromSourceControlManagerUntrackedFiles:
         SourceLink: Reusing cached git repository information.
   3:6>ResolveAssemblyReferences:
             Reference found at search path location "{RawFileName}".
             This reference is not "CopyLocal" because at least one source item had "Private" set to "false" and no source items had "Private" set to "true".
             The ImageRuntimeVersion for this reference is "".
         Primary reference "System.Threading.ThreadPool, Version=8.0.0.0, Culture=neutral, PublicKeyToken=b03f5f7f11d50a3a".
             Resolved file path is "/usr/lib64/dotnet/packs/Microsoft.NETCore.App.Ref/8.0.22/ref/net8.0/System.Threading.ThreadPool.dll".
             Reference found at search path location "{RawFileName}".
             This reference is not "CopyLocal" because at least one source item had "Private" set to "false" and no source items had "Private" set to "true".
             The ImageRuntimeVersion for this reference is "".
         Primary reference "System.Threading.Timer, Version=8.0.0.0, Culture=neutral, PublicKeyToken=b03f5f7f11d50a3a".
             Resolved file path is "/usr/lib64/dotnet/packs/Microsoft.NETCore.App.Ref/8.0.22/ref/net8.0/System.Threading.Timer.dll".
             Reference found at search path location "{RawFileName}".
             This reference is not "CopyLocal" because at least one source item had "Private" set to "false" and no source items had "Private" set to "true".
             The ImageRuntimeVersion for this reference is "".
         Primary reference "System.Threading, Version=8.0.0.0, Culture=neutral, PublicKeyToken=b03f5f7f11d50a3a".
             Resolved file path is "/usr/lib64/dotnet/packs/Microsoft.NETCore.App.Ref/8.0.22/ref/net8.0/System.Threading.dll".
             Reference found at search path location "{RawFileName}".
             This reference is not "CopyLocal" because at least one source item had "Private" set to "false" and no source items had "Private" set to "true".
             The ImageRuntimeVersion for this reference is "".
         Primary reference "System.Transactions.Local, Version=8.0.0.0, Culture=neutral, PublicKeyToken=cc7b13ffcd2ddd51".
             Resolved file path is "/usr/lib64/dotnet/packs/Microsoft.NETCore.App.Ref/8.0.22/ref/net8.0/System.Transactions.Local.dll".
             Reference found at search path location "{RawFileName}".
             This reference is not "CopyLocal" because at least one source item had "Private" set to "false" and no source items had "Private" set to "true".
             The ImageRuntimeVersion for this reference is "".
         Primary reference "System.Transactions, Version=4.0.0.0, Culture=neutral, PublicKeyToken=b77a5c561934e089".
             Resolved file path is "/usr/lib64/dotnet/packs/Microsoft.NETCore.App.Ref/8.0.22/ref/net8.0/System.Transactions.dll".
             Reference found at search path location "{RawFileName}".
   4:6>Done executing task "Microsoft.Build.Tasks.Git.GetUntrackedFiles".
   4:6>Done building target "SetEmbeddedFilesFromSourceControlManagerUntrackedFiles" in project "Entegrasyon.ApplicationBootstrap.csproj".
   3:6>ResolveAssemblyReferences:
             This reference is not "CopyLocal" because at least one source item had "Private" set to "false" and no source items had "Private" set to "true".
   4:6>Target "_SetEmbeddedFilesFromSourceControlManagerUntrackedFiles" in file "/usr/lib64/dotnet/sdk/10.0.101/Sdks/Microsoft.SourceLink.Common/build/Microsoft.SourceLink.Common.targets" from project "/home/baturhan/Projeler/Entegrasyon/Application/Entegrasyon.ApplicationBootstrap/Entegrasyon.ApplicationBootstrap.csproj" (target "CoreCompile" depends on it):
   4:6>Done building target "_SetEmbeddedFilesFromSourceControlManagerUntrackedFiles" in project "Entegrasyon.ApplicationBootstrap.csproj".
   3:6>ResolveAssemblyReferences:
             The ImageRuntimeVersion for this reference is "".
   4:6>Target "InitializeSourceControlInformation" skipped. Previously built successfully.
   4:6>Target "_SetSourceLinkFilePath" in file "/usr/lib64/dotnet/sdk/10.0.101/Sdks/Microsoft.SourceLink.Common/build/Microsoft.SourceLink.Common.targets" from project "/home/baturhan/Projeler/Entegrasyon/Application/Entegrasyon.ApplicationBootstrap/Entegrasyon.ApplicationBootstrap.csproj" (target "_GenerateSourceLinkFile" depends on it):
   4:6>Done building target "_SetSourceLinkFilePath" in project "Entegrasyon.ApplicationBootstrap.csproj".
       Target "InitializeSourceControlInformation" skipped. Previously built successfully.
   3:6>ResolveAssemblyReferences:
         Primary reference "System.ValueTuple, Version=8.0.0.0, Culture=neutral, PublicKeyToken=cc7b13ffcd2ddd51".
   4:6>Target "_InitializeSourceRootMappedPathsFromSourceControl" in file "/usr/lib64/dotnet/sdk/10.0.101/Roslyn/Microsoft.Managed.Core.targets" from project "/home/baturhan/Projeler/Entegrasyon/Application/Entegrasyon.ApplicationBootstrap/Entegrasyon.ApplicationBootstrap.csproj" (target "InitializeSourceRootMappedPaths" depends on it):
   4:6>Done building target "_InitializeSourceRootMappedPathsFromSourceControl" in project "Entegrasyon.ApplicationBootstrap.csproj".
   3:6>ResolveAssemblyReferences:
             Resolved file path is "/usr/lib64/dotnet/packs/Microsoft.NETCore.App.Ref/8.0.22/ref/net8.0/System.ValueTuple.dll".
             Reference found at search path location "{RawFileName}".
   4:6>Target "InitializeSourceRootMappedPaths" in file "/usr/lib64/dotnet/sdk/10.0.101/Roslyn/Microsoft.Managed.Core.targets" from project "/home/baturhan/Projeler/Entegrasyon/Application/Entegrasyon.ApplicationBootstrap/Entegrasyon.ApplicationBootstrap.csproj" (target "_InitializeSourceRootMappedPathsOpt" depends on it):
   4:6>Using "Microsoft.CodeAnalysis.BuildTasks.MapSourceRoots" task from assembly "/usr/lib64/dotnet/sdk/10.0.101/Sdks/Microsoft.NET.Sdk/targets/../../../Roslyn/Microsoft.Build.Tasks.CodeAnalysis.dll".
   3:6>ResolveAssemblyReferences:
             This reference is not "CopyLocal" because at least one source item had "Private" set to "false" and no source items had "Private" set to "true".
   4:6>Task "Microsoft.CodeAnalysis.BuildTasks.MapSourceRoots"
   3:6>ResolveAssemblyReferences:
             The ImageRuntimeVersion for this reference is "".
         Primary reference "System.Web.HttpUtility, Version=8.0.0.0, Culture=neutral, PublicKeyToken=cc7b13ffcd2ddd51".
             Resolved file path is "/usr/lib64/dotnet/packs/Microsoft.NETCore.App.Ref/8.0.22/ref/net8.0/System.Web.HttpUtility.dll".
             Reference found at search path location "{RawFileName}".
             This reference is not "CopyLocal" because at least one source item had "Private" set to "false" and no source items had "Private" set to "true".
             The ImageRuntimeVersion for this reference is "".
         Primary reference "System.Web, Version=4.0.0.0, Culture=neutral, PublicKeyToken=b03f5f7f11d50a3a".
             Resolved file path is "/usr/lib64/dotnet/packs/Microsoft.NETCore.App.Ref/8.0.22/ref/net8.0/System.Web.dll".
             Reference found at search path location "{RawFileName}".
             This reference is not "CopyLocal" because at least one source item had "Private" set to "false" and no source items had "Private" set to "true".
             The ImageRuntimeVersion for this reference is "".
   4:6>Done executing task "Microsoft.CodeAnalysis.BuildTasks.MapSourceRoots".
   3:6>ResolveAssemblyReferences:
         Primary reference "System.Windows, Version=4.0.0.0, Culture=neutral, PublicKeyToken=b03f5f7f11d50a3a".
             Resolved file path is "/usr/lib64/dotnet/packs/Microsoft.NETCore.App.Ref/8.0.22/ref/net8.0/System.Windows.dll".
             Reference found at search path location "{RawFileName}".
   4:6>Done building target "InitializeSourceRootMappedPaths" in project "Entegrasyon.ApplicationBootstrap.csproj".
   4:6>Target "_InitializeSourceRootMappedPathsOpt" in file "/usr/lib64/dotnet/sdk/10.0.101/Sdks/Microsoft.SourceLink.Common/build/Microsoft.SourceLink.Common.targets" from project "/home/baturhan/Projeler/Entegrasyon/Application/Entegrasyon.ApplicationBootstrap/Entegrasyon.ApplicationBootstrap.csproj" (target "_GenerateSourceLinkFile" depends on it):
   4:6>Done building target "_InitializeSourceRootMappedPathsOpt" in project "Entegrasyon.ApplicationBootstrap.csproj".
   3:6>ResolveAssemblyReferences:
             This reference is not "CopyLocal" because at least one source item had "Private" set to "false" and no source items had "Private" set to "true".
   4:6>Target "_InitializeGitHubSourceLinkUrl" in file "/usr/lib64/dotnet/sdk/10.0.101/Sdks/Microsoft.SourceLink.GitHub/build/Microsoft.SourceLink.GitHub.targets" from project "/home/baturhan/Projeler/Entegrasyon/Application/Entegrasyon.ApplicationBootstrap/Entegrasyon.ApplicationBootstrap.csproj" (target "_GenerateSourceLinkFile" depends on it):
   4:6>Building target "_InitializeGitHubSourceLinkUrl" completely.
       No input files were specified.
   3:6>ResolveAssemblyReferences:
             The ImageRuntimeVersion for this reference is "".
         Primary reference "System.Xml.Linq, Version=4.0.0.0, Culture=neutral, PublicKeyToken=b77a5c561934e089".
             Resolved file path is "/usr/lib64/dotnet/packs/Microsoft.NETCore.App.Ref/8.0.22/ref/net8.0/System.Xml.Linq.dll".
             Reference found at search path location "{RawFileName}".
             This reference is not "CopyLocal" because at least one source item had "Private" set to "false" and no source items had "Private" set to "true".
             The ImageRuntimeVersion for this reference is "".
   4:6>_InitializeGitHubSourceLinkUrl:
       Using "Microsoft.SourceLink.GitHub.GetSourceLinkUrl" task from assembly "/usr/lib64/dotnet/sdk/10.0.101/Sdks/Microsoft.SourceLink.GitHub/build/../tools/net/Microsoft.SourceLink.GitHub.dll".
   3:6>ResolveAssemblyReferences:
         Primary reference "System.Xml.ReaderWriter, Version=8.0.0.0, Culture=neutral, PublicKeyToken=b03f5f7f11d50a3a".
   4:6>Task "Microsoft.SourceLink.GitHub.GetSourceLinkUrl"
       Done executing task "Microsoft.SourceLink.GitHub.GetSourceLinkUrl".
   3:6>ResolveAssemblyReferences:
             Resolved file path is "/usr/lib64/dotnet/packs/Microsoft.NETCore.App.Ref/8.0.22/ref/net8.0/System.Xml.ReaderWriter.dll".
             Reference found at search path location "{RawFileName}".
             This reference is not "CopyLocal" because at least one source item had "Private" set to "false" and no source items had "Private" set to "true".
   4:6>Done building target "_InitializeGitHubSourceLinkUrl" in project "Entegrasyon.ApplicationBootstrap.csproj".
   3:6>ResolveAssemblyReferences:
             The ImageRuntimeVersion for this reference is "".
   4:6>Target "_InitializeGitHubSourceLinkUrl" in file "/usr/lib64/dotnet/sdk/10.0.101/Sdks/Microsoft.SourceLink.GitHub/build/Microsoft.SourceLink.GitHub.targets" from project "/home/baturhan/Projeler/Entegrasyon/Application/Entegrasyon.ApplicationBootstrap/Entegrasyon.ApplicationBootstrap.csproj" (target "_GenerateSourceLinkFile" depends on it):
   4:6>Building target "_InitializeGitHubSourceLinkUrl" completely.
       No input files were specified.
       Task "Microsoft.SourceLink.GitHub.GetSourceLinkUrl"
   3:6>ResolveAssemblyReferences:
         Primary reference "System.Xml.Serialization, Version=4.0.0.0, Culture=neutral, PublicKeyToken=b77a5c561934e089".
             Resolved file path is "/usr/lib64/dotnet/packs/Microsoft.NETCore.App.Ref/8.0.22/ref/net8.0/System.Xml.Serialization.dll".
             Reference found at search path location "{RawFileName}".
             This reference is not "CopyLocal" because at least one source item had "Private" set to "false" and no source items had "Private" set to "true".
             The ImageRuntimeVersion for this reference is "".
         Primary reference "System.Xml.XDocument, Version=8.0.0.0, Culture=neutral, PublicKeyToken=b03f5f7f11d50a3a".
             Resolved file path is "/usr/lib64/dotnet/packs/Microsoft.NETCore.App.Ref/8.0.22/ref/net8.0/System.Xml.XDocument.dll".
             Reference found at search path location "{RawFileName}".
             This reference is not "CopyLocal" because at least one source item had "Private" set to "false" and no source items had "Private" set to "true".
   4:6>Done executing task "Microsoft.SourceLink.GitHub.GetSourceLinkUrl".
   3:6>ResolveAssemblyReferences:
             The ImageRuntimeVersion for this reference is "".
         Primary reference "System.Xml.XPath.XDocument, Version=8.0.0.0, Culture=neutral, PublicKeyToken=b03f5f7f11d50a3a".
             Resolved file path is "/usr/lib64/dotnet/packs/Microsoft.NETCore.App.Ref/8.0.22/ref/net8.0/System.Xml.XPath.XDocument.dll".
             Reference found at search path location "{RawFileName}".
             This reference is not "CopyLocal" because at least one source item had "Private" set to "false" and no source items had "Private" set to "true".
             The ImageRuntimeVersion for this reference is "".
         Primary reference "System.Xml.XPath, Version=8.0.0.0, Culture=neutral, PublicKeyToken=b03f5f7f11d50a3a".
             Resolved file path is "/usr/lib64/dotnet/packs/Microsoft.NETCore.App.Ref/8.0.22/ref/net8.0/System.Xml.XPath.dll".
             Reference found at search path location "{RawFileName}".
             This reference is not "CopyLocal" because at least one source item had "Private" set to "false" and no source items had "Private" set to "true".
   4:6>Done building target "_InitializeGitHubSourceLinkUrl" in project "Entegrasyon.ApplicationBootstrap.csproj".
   3:6>ResolveAssemblyReferences:
             The ImageRuntimeVersion for this reference is "".
         Primary reference "System.Xml.XmlDocument, Version=8.0.0.0, Culture=neutral, PublicKeyToken=b03f5f7f11d50a3a".
   4:6>Target "_InitializeGitLabSourceLinkUrl" in file "/usr/lib64/dotnet/sdk/10.0.101/Sdks/Microsoft.SourceLink.GitLab/build/Microsoft.SourceLink.GitLab.targets" from project "/home/baturhan/Projeler/Entegrasyon/Application/Entegrasyon.ApplicationBootstrap/Entegrasyon.ApplicationBootstrap.csproj" (target "_GenerateSourceLinkFile" depends on it):
   4:6>Building target "_InitializeGitLabSourceLinkUrl" completely.
   3:6>ResolveAssemblyReferences:
             Resolved file path is "/usr/lib64/dotnet/packs/Microsoft.NETCore.App.Ref/8.0.22/ref/net8.0/System.Xml.XmlDocument.dll".
   4:6>_InitializeGitLabSourceLinkUrl:
       No input files were specified.
   3:6>ResolveAssemblyReferences:
             Reference found at search path location "{RawFileName}".
             This reference is not "CopyLocal" because at least one source item had "Private" set to "false" and no source items had "Private" set to "true".
             The ImageRuntimeVersion for this reference is "".
         Primary reference "System.Xml.XmlSerializer, Version=8.0.0.0, Culture=neutral, PublicKeyToken=b03f5f7f11d50a3a".
             Resolved file path is "/usr/lib64/dotnet/packs/Microsoft.NETCore.App.Ref/8.0.22/ref/net8.0/System.Xml.XmlSerializer.dll".
             Reference found at search path location "{RawFileName}".
             This reference is not "CopyLocal" because at least one source item had "Private" set to "false" and no source items had "Private" set to "true".
             The ImageRuntimeVersion for this reference is "".
   4:6>_InitializeGitLabSourceLinkUrl:
       Using "Microsoft.SourceLink.GitLab.GetSourceLinkUrl" task from assembly "/usr/lib64/dotnet/sdk/10.0.101/Sdks/Microsoft.SourceLink.GitLab/build/../tools/net/Microsoft.SourceLink.GitLab.dll".
   3:6>ResolveAssemblyReferences:
         Primary reference "System.Xml, Version=4.0.0.0, Culture=neutral, PublicKeyToken=b77a5c561934e089".
   4:6>Task "Microsoft.SourceLink.GitLab.GetSourceLinkUrl"
   3:6>ResolveAssemblyReferences:
             Resolved file path is "/usr/lib64/dotnet/packs/Microsoft.NETCore.App.Ref/8.0.22/ref/net8.0/System.Xml.dll".
             Reference found at search path location "{RawFileName}".
             This reference is not "CopyLocal" because at least one source item had "Private" set to "false" and no source items had "Private" set to "true".
             The ImageRuntimeVersion for this reference is "".
         Primary reference "System, Version=4.0.0.0, Culture=neutral, PublicKeyToken=b77a5c561934e089".
             Resolved file path is "/usr/lib64/dotnet/packs/Microsoft.NETCore.App.Ref/8.0.22/ref/net8.0/System.dll".
             Reference found at search path location "{RawFileName}".
             This reference is not "CopyLocal" because at least one source item had "Private" set to "false" and no source items had "Private" set to "true".
   4:6>_InitializeGitLabSourceLinkUrl:
       /usr/lib64/dotnet/sdk/10.0.101/Sdks/Microsoft.SourceLink.GitLab/build/Microsoft.SourceLink.GitLab.targets(37,7): message : Property reassignment: $(_SourceLinkUrlToUpdate)="N/A" (previous value: "https://raw.githubusercontent.com/BaturhanKahraman/Entegrasyon/b6490b011968657f75d632b3c51367b541aec72d/*") at /usr/lib64/dotnet/sdk/10.0.101/Sdks/Microsoft.SourceLink.GitLab/build/Microsoft.SourceLink.GitLab.targets (37,7) [/home/baturhan/Projeler/Entegrasyon/Application/Entegrasyon.ApplicationBootstrap/Entegrasyon.ApplicationBootstrap.csproj]
   3:6>ResolveAssemblyReferences:
             The ImageRuntimeVersion for this reference is "".
   4:6>Done executing task "Microsoft.SourceLink.GitLab.GetSourceLinkUrl".
   3:6>ResolveAssemblyReferences:
         Primary reference "WindowsBase, Version=4.0.0.0, Culture=neutral, PublicKeyToken=31bf3856ad364e35".
   4:6>Done building target "_InitializeGitLabSourceLinkUrl" in project "Entegrasyon.ApplicationBootstrap.csproj".
   3:6>ResolveAssemblyReferences:
             Resolved file path is "/usr/lib64/dotnet/packs/Microsoft.NETCore.App.Ref/8.0.22/ref/net8.0/WindowsBase.dll".
   4:6>Target "_InitializeGitLabSourceLinkUrl" in file "/usr/lib64/dotnet/sdk/10.0.101/Sdks/Microsoft.SourceLink.GitLab/build/Microsoft.SourceLink.GitLab.targets" from project "/home/baturhan/Projeler/Entegrasyon/Application/Entegrasyon.ApplicationBootstrap/Entegrasyon.ApplicationBootstrap.csproj" (target "_GenerateSourceLinkFile" depends on it):
   4:6>Building target "_InitializeGitLabSourceLinkUrl" completely.
       No input files were specified.
   3:6>ResolveAssemblyReferences:
             Reference found at search path location "{RawFileName}".
   4:6>Task "Microsoft.SourceLink.GitLab.GetSourceLinkUrl"
   3:6>ResolveAssemblyReferences:
             This reference is not "CopyLocal" because at least one source item had "Private" set to "false" and no source items had "Private" set to "true".
             The ImageRuntimeVersion for this reference is "".
         Primary reference "mscorlib, Version=4.0.0.0, Culture=neutral, PublicKeyToken=b77a5c561934e089".
             Resolved file path is "/usr/lib64/dotnet/packs/Microsoft.NETCore.App.Ref/8.0.22/ref/net8.0/mscorlib.dll".
             Reference found at search path location "{RawFileName}".
             This reference is not "CopyLocal" because at least one source item had "Private" set to "false" and no source items had "Private" set to "true".
   4:6>_InitializeGitLabSourceLinkUrl:
       /usr/lib64/dotnet/sdk/10.0.101/Sdks/Microsoft.SourceLink.GitLab/build/Microsoft.SourceLink.GitLab.targets(37,7): message : Property reassignment: $(_SourceLinkUrlToUpdate)="N/A" (previous value: "https://raw.githubusercontent.com/BaturhanKahraman/Entegrasyon/b6490b011968657f75d632b3c51367b541aec72d/*") at /usr/lib64/dotnet/sdk/10.0.101/Sdks/Microsoft.SourceLink.GitLab/build/Microsoft.SourceLink.GitLab.targets (37,7) [/home/baturhan/Projeler/Entegrasyon/Application/Entegrasyon.ApplicationBootstrap/Entegrasyon.ApplicationBootstrap.csproj]
   3:6>ResolveAssemblyReferences:
             The ImageRuntimeVersion for this reference is "".
   4:6>Done executing task "Microsoft.SourceLink.GitLab.GetSourceLinkUrl".
   3:6>ResolveAssemblyReferences:
         Primary reference "netstandard, Version=2.1.0.0, Culture=neutral, PublicKeyToken=cc7b13ffcd2ddd51".
   4:6>Done building target "_InitializeGitLabSourceLinkUrl" in project "Entegrasyon.ApplicationBootstrap.csproj".
   3:6>ResolveAssemblyReferences:
             Resolved file path is "/usr/lib64/dotnet/packs/Microsoft.NETCore.App.Ref/8.0.22/ref/net8.0/netstandard.dll".
             Reference found at search path location "{RawFileName}".
             This reference is not "CopyLocal" because at least one source item had "Private" set to "false" and no source items had "Private" set to "true".
   4:6>Target "_InitializeAzureReposGitSourceLinkUrl" in file "/usr/lib64/dotnet/sdk/10.0.101/Sdks/Microsoft.SourceLink.AzureRepos.Git/build/Microsoft.SourceLink.AzureRepos.Git.targets" from project "/home/baturhan/Projeler/Entegrasyon/Application/Entegrasyon.ApplicationBootstrap/Entegrasyon.ApplicationBootstrap.csproj" (target "_GenerateSourceLinkFile" depends on it):
   4:6>Building target "_InitializeAzureReposGitSourceLinkUrl" completely.
   3:6>ResolveAssemblyReferences:
             The ImageRuntimeVersion for this reference is "".
   4:6>_InitializeAzureReposGitSourceLinkUrl:
       No input files were specified.
   3:6>ResolveAssemblyReferences:
         Primary reference "Microsoft.AspNetCore.Antiforgery, Version=8.0.0.0, Culture=neutral, PublicKeyToken=adb9793829ddae60".
   4:6>_InitializeAzureReposGitSourceLinkUrl:
       Using "Microsoft.SourceLink.AzureRepos.Git.GetSourceLinkUrl" task from assembly "/usr/lib64/dotnet/sdk/10.0.101/Sdks/Microsoft.SourceLink.AzureRepos.Git/build/../tools/net/Microsoft.SourceLink.AzureRepos.Git.dll".
   3:6>ResolveAssemblyReferences:
             Resolved file path is "/usr/lib64/dotnet/packs/Microsoft.AspNetCore.App.Ref/8.0.22/ref/net8.0/Microsoft.AspNetCore.Antiforgery.dll".
   4:6>Task "Microsoft.SourceLink.AzureRepos.Git.GetSourceLinkUrl"
   3:6>ResolveAssemblyReferences:
             Reference found at search path location "{RawFileName}".
   4:6>Done executing task "Microsoft.SourceLink.AzureRepos.Git.GetSourceLinkUrl".
   3:6>ResolveAssemblyReferences:
             This reference is not "CopyLocal" because at least one source item had "Private" set to "false" and no source items had "Private" set to "true".
   4:6>Done building target "_InitializeAzureReposGitSourceLinkUrl" in project "Entegrasyon.ApplicationBootstrap.csproj".
   3:6>ResolveAssemblyReferences:
             The ImageRuntimeVersion for this reference is "".
         Primary reference "Microsoft.AspNetCore.Authentication.Abstractions, Version=8.0.0.0, Culture=neutral, PublicKeyToken=adb9793829ddae60".
             Resolved file path is "/usr/lib64/dotnet/packs/Microsoft.AspNetCore.App.Ref/8.0.22/ref/net8.0/Microsoft.AspNetCore.Authentication.Abstractions.dll".
   4:6>Target "_InitializeAzureReposGitSourceLinkUrl" in file "/usr/lib64/dotnet/sdk/10.0.101/Sdks/Microsoft.SourceLink.AzureRepos.Git/build/Microsoft.SourceLink.AzureRepos.Git.targets" from project "/home/baturhan/Projeler/Entegrasyon/Application/Entegrasyon.ApplicationBootstrap/Entegrasyon.ApplicationBootstrap.csproj" (target "_GenerateSourceLinkFile" depends on it):
   4:6>Building target "_InitializeAzureReposGitSourceLinkUrl" completely.
   3:6>ResolveAssemblyReferences:
             Reference found at search path location "{RawFileName}".
   4:6>_InitializeAzureReposGitSourceLinkUrl:
       No input files were specified.
   3:6>ResolveAssemblyReferences:
             This reference is not "CopyLocal" because at least one source item had "Private" set to "false" and no source items had "Private" set to "true".
   4:6>Task "Microsoft.SourceLink.AzureRepos.Git.GetSourceLinkUrl"
   3:6>ResolveAssemblyReferences:
             The ImageRuntimeVersion for this reference is "".
   4:6>Done executing task "Microsoft.SourceLink.AzureRepos.Git.GetSourceLinkUrl".
   3:6>ResolveAssemblyReferences:
         Primary reference "Microsoft.AspNetCore.Authentication.BearerToken, Version=8.0.0.0, Culture=neutral, PublicKeyToken=adb9793829ddae60".
   4:6>Done building target "_InitializeAzureReposGitSourceLinkUrl" in project "Entegrasyon.ApplicationBootstrap.csproj".
   3:6>ResolveAssemblyReferences:
             Resolved file path is "/usr/lib64/dotnet/packs/Microsoft.AspNetCore.App.Ref/8.0.22/ref/net8.0/Microsoft.AspNetCore.Authentication.BearerToken.dll".
             Reference found at search path location "{RawFileName}".
   4:6>Target "_InitializeBitbucketGitSourceLinkUrl" in file "/usr/lib64/dotnet/sdk/10.0.101/Sdks/Microsoft.SourceLink.Bitbucket.Git/build/Microsoft.SourceLink.Bitbucket.Git.targets" from project "/home/baturhan/Projeler/Entegrasyon/Application/Entegrasyon.ApplicationBootstrap/Entegrasyon.ApplicationBootstrap.csproj" (target "_GenerateSourceLinkFile" depends on it):
   4:6>Building target "_InitializeBitbucketGitSourceLinkUrl" completely.
   3:6>ResolveAssemblyReferences:
             This reference is not "CopyLocal" because at least one source item had "Private" set to "false" and no source items had "Private" set to "true".
   4:6>_InitializeBitbucketGitSourceLinkUrl:
       No input files were specified.
   3:6>ResolveAssemblyReferences:
             The ImageRuntimeVersion for this reference is "".
   4:6>_InitializeBitbucketGitSourceLinkUrl:
       Using "Microsoft.SourceLink.Bitbucket.Git.GetSourceLinkUrl" task from assembly "/usr/lib64/dotnet/sdk/10.0.101/Sdks/Microsoft.SourceLink.Bitbucket.Git/build/../tools/net/Microsoft.SourceLink.Bitbucket.Git.dll".
   3:6>ResolveAssemblyReferences:
         Primary reference "Microsoft.AspNetCore.Authentication.Cookies, Version=8.0.0.0, Culture=neutral, PublicKeyToken=adb9793829ddae60".
   4:6>Task "Microsoft.SourceLink.Bitbucket.Git.GetSourceLinkUrl"
   3:6>ResolveAssemblyReferences:
             Resolved file path is "/usr/lib64/dotnet/packs/Microsoft.AspNetCore.App.Ref/8.0.22/ref/net8.0/Microsoft.AspNetCore.Authentication.Cookies.dll".
             Reference found at search path location "{RawFileName}".
   4:6>Done executing task "Microsoft.SourceLink.Bitbucket.Git.GetSourceLinkUrl".
   3:6>ResolveAssemblyReferences:
             This reference is not "CopyLocal" because at least one source item had "Private" set to "false" and no source items had "Private" set to "true".
             The ImageRuntimeVersion for this reference is "".
   4:6>Done building target "_InitializeBitbucketGitSourceLinkUrl" in project "Entegrasyon.ApplicationBootstrap.csproj".
   3:6>ResolveAssemblyReferences:
         Primary reference "Microsoft.AspNetCore.Authentication.Core, Version=8.0.0.0, Culture=neutral, PublicKeyToken=adb9793829ddae60".
             Resolved file path is "/usr/lib64/dotnet/packs/Microsoft.AspNetCore.App.Ref/8.0.22/ref/net8.0/Microsoft.AspNetCore.Authentication.Core.dll".
   4:6>Target "_InitializeBitbucketGitSourceLinkUrl" in file "/usr/lib64/dotnet/sdk/10.0.101/Sdks/Microsoft.SourceLink.Bitbucket.Git/build/Microsoft.SourceLink.Bitbucket.Git.targets" from project "/home/baturhan/Projeler/Entegrasyon/Application/Entegrasyon.ApplicationBootstrap/Entegrasyon.ApplicationBootstrap.csproj" (target "_GenerateSourceLinkFile" depends on it):
   4:6>Building target "_InitializeBitbucketGitSourceLinkUrl" completely.
   3:6>ResolveAssemblyReferences:
             Reference found at search path location "{RawFileName}".
   4:6>_InitializeBitbucketGitSourceLinkUrl:
       No input files were specified.
   3:6>ResolveAssemblyReferences:
             This reference is not "CopyLocal" because at least one source item had "Private" set to "false" and no source items had "Private" set to "true".
   4:6>Task "Microsoft.SourceLink.Bitbucket.Git.GetSourceLinkUrl"
   3:6>ResolveAssemblyReferences:
             The ImageRuntimeVersion for this reference is "".
   4:6>Done executing task "Microsoft.SourceLink.Bitbucket.Git.GetSourceLinkUrl".
   3:6>ResolveAssemblyReferences:
         Primary reference "Microsoft.AspNetCore.Authentication.OAuth, Version=8.0.0.0, Culture=neutral, PublicKeyToken=adb9793829ddae60".
   4:6>Done building target "_InitializeBitbucketGitSourceLinkUrl" in project "Entegrasyon.ApplicationBootstrap.csproj".
   3:6>ResolveAssemblyReferences:
             Resolved file path is "/usr/lib64/dotnet/packs/Microsoft.AspNetCore.App.Ref/8.0.22/ref/net8.0/Microsoft.AspNetCore.Authentication.OAuth.dll".
             Reference found at search path location "{RawFileName}".
             This reference is not "CopyLocal" because at least one source item had "Private" set to "false" and no source items had "Private" set to "true".
   4:6>Target "_GenerateSourceLinkFile" in file "/usr/lib64/dotnet/sdk/10.0.101/Sdks/Microsoft.SourceLink.Common/build/Microsoft.SourceLink.Common.targets" from project "/home/baturhan/Projeler/Entegrasyon/Application/Entegrasyon.ApplicationBootstrap/Entegrasyon.ApplicationBootstrap.csproj" (target "GenerateSourceLinkFile" depends on it):
   4:6>Building target "_GenerateSourceLinkFile" completely.
   3:6>ResolveAssemblyReferences:
             The ImageRuntimeVersion for this reference is "".
   4:6>_GenerateSourceLinkFile:
       No input files were specified.
   3:6>ResolveAssemblyReferences:
         Primary reference "Microsoft.AspNetCore.Authentication, Version=8.0.0.0, Culture=neutral, PublicKeyToken=adb9793829ddae60".
   4:6>_GenerateSourceLinkFile:
       Using "Microsoft.SourceLink.Common.GenerateSourceLinkFile" task from assembly "/usr/lib64/dotnet/sdk/10.0.101/Sdks/Microsoft.SourceLink.Common/build/../tools/net/Microsoft.SourceLink.Common.dll".
   3:6>ResolveAssemblyReferences:
             Resolved file path is "/usr/lib64/dotnet/packs/Microsoft.AspNetCore.App.Ref/8.0.22/ref/net8.0/Microsoft.AspNetCore.Authentication.dll".
   4:6>Task "Microsoft.SourceLink.Common.GenerateSourceLinkFile"
   3:6>ResolveAssemblyReferences:
             Reference found at search path location "{RawFileName}".
             This reference is not "CopyLocal" because at least one source item had "Private" set to "false" and no source items had "Private" set to "true".
             The ImageRuntimeVersion for this reference is "".
         Primary reference "Microsoft.AspNetCore.Authorization.Policy, Version=8.0.0.0, Culture=neutral, PublicKeyToken=adb9793829ddae60".
             Resolved file path is "/usr/lib64/dotnet/packs/Microsoft.AspNetCore.App.Ref/8.0.22/ref/net8.0/Microsoft.AspNetCore.Authorization.Policy.dll".
             Reference found at search path location "{RawFileName}".
             This reference is not "CopyLocal" because at least one source item had "Private" set to "false" and no source items had "Private" set to "true".
             The ImageRuntimeVersion for this reference is "".
         Primary reference "Microsoft.AspNetCore.Authorization, Version=8.0.0.0, Culture=neutral, PublicKeyToken=adb9793829ddae60".
             Resolved file path is "/usr/lib64/dotnet/packs/Microsoft.AspNetCore.App.Ref/8.0.22/ref/net8.0/Microsoft.AspNetCore.Authorization.dll".
   4:6>_GenerateSourceLinkFile:
         Source Link file 'obj/Debug/net8.0/Entegrasyon.ApplicationBootstrap.sourcelink.json' is up-to-date.
   3:6>ResolveAssemblyReferences:
             Reference found at search path location "{RawFileName}".
   4:6>Done executing task "Microsoft.SourceLink.Common.GenerateSourceLinkFile".
   3:6>ResolveAssemblyReferences:
             This reference is not "CopyLocal" because at least one source item had "Private" set to "false" and no source items had "Private" set to "true".
   4:6>Done building target "_GenerateSourceLinkFile" in project "Entegrasyon.ApplicationBootstrap.csproj".
   3:6>ResolveAssemblyReferences:
             The ImageRuntimeVersion for this reference is "".
         Primary reference "Microsoft.AspNetCore.Components.Authorization, Version=8.0.0.0, Culture=neutral, PublicKeyToken=adb9793829ddae60".
             Resolved file path is "/usr/lib64/dotnet/packs/Microsoft.AspNetCore.App.Ref/8.0.22/ref/net8.0/Microsoft.AspNetCore.Components.Authorization.dll".
   4:6>Target "GenerateSourceLinkFile" in file "/usr/lib64/dotnet/sdk/10.0.101/Sdks/Microsoft.SourceLink.Common/build/Microsoft.SourceLink.Common.targets" from project "/home/baturhan/Projeler/Entegrasyon/Application/Entegrasyon.ApplicationBootstrap/Entegrasyon.ApplicationBootstrap.csproj" (target "CoreCompile" depends on it):
   4:6>Done building target "GenerateSourceLinkFile" in project "Entegrasyon.ApplicationBootstrap.csproj".
   3:6>ResolveAssemblyReferences:
             Reference found at search path location "{RawFileName}".
             This reference is not "CopyLocal" because at least one source item had "Private" set to "false" and no source items had "Private" set to "true".
             The ImageRuntimeVersion for this reference is "".
         Primary reference "Microsoft.AspNetCore.Components.Endpoints, Version=8.0.0.0, Culture=neutral, PublicKeyToken=adb9793829ddae60".
             Resolved file path is "/usr/lib64/dotnet/packs/Microsoft.AspNetCore.App.Ref/8.0.22/ref/net8.0/Microsoft.AspNetCore.Components.Endpoints.dll".
   4:6>Target "AddGlobalAnalyzerConfigForPackage_MicrosoftCodeAnalysisNetAnalyzers" in file "/usr/lib64/dotnet/sdk/10.0.101/Sdks/Microsoft.NET.Sdk/analyzers/build/Microsoft.CodeAnalysis.NetAnalyzers.targets" from project "/home/baturhan/Projeler/Entegrasyon/Application/Entegrasyon.ApplicationBootstrap/Entegrasyon.ApplicationBootstrap.csproj" (target "CoreCompile" depends on it):
   4:6>Done building target "AddGlobalAnalyzerConfigForPackage_MicrosoftCodeAnalysisNetAnalyzers" in project "Entegrasyon.ApplicationBootstrap.csproj".
   3:6>ResolveAssemblyReferences:
             Reference found at search path location "{RawFileName}".
             This reference is not "CopyLocal" because at least one source item had "Private" set to "false" and no source items had "Private" set to "true".
             The ImageRuntimeVersion for this reference is "".
         Primary reference "Microsoft.AspNetCore.Components.Forms, Version=8.0.0.0, Culture=neutral, PublicKeyToken=adb9793829ddae60".
             Resolved file path is "/usr/lib64/dotnet/packs/Microsoft.AspNetCore.App.Ref/8.0.22/ref/net8.0/Microsoft.AspNetCore.Components.Forms.dll".
             Reference found at search path location "{RawFileName}".
             This reference is not "CopyLocal" because at least one source item had "Private" set to "false" and no source items had "Private" set to "true".
             The ImageRuntimeVersion for this reference is "".
         Primary reference "Microsoft.AspNetCore.Components.Server, Version=8.0.0.0, Culture=neutral, PublicKeyToken=adb9793829ddae60".
             Resolved file path is "/usr/lib64/dotnet/packs/Microsoft.AspNetCore.App.Ref/8.0.22/ref/net8.0/Microsoft.AspNetCore.Components.Server.dll".
             Reference found at search path location "{RawFileName}".
             This reference is not "CopyLocal" because at least one source item had "Private" set to "false" and no source items had "Private" set to "true".
             The ImageRuntimeVersion for this reference is "".
         Primary reference "Microsoft.AspNetCore.Components.Web, Version=8.0.0.0, Culture=neutral, PublicKeyToken=adb9793829ddae60".
             Resolved file path is "/usr/lib64/dotnet/packs/Microsoft.AspNetCore.App.Ref/8.0.22/ref/net8.0/Microsoft.AspNetCore.Components.Web.dll".
             Reference found at search path location "{RawFileName}".
             This reference is not "CopyLocal" because at least one source item had "Private" set to "false" and no source items had "Private" set to "true".
             The ImageRuntimeVersion for this reference is "".
         Primary reference "Microsoft.AspNetCore.Components, Version=8.0.0.0, Culture=neutral, PublicKeyToken=adb9793829ddae60".
             Resolved file path is "/usr/lib64/dotnet/packs/Microsoft.AspNetCore.App.Ref/8.0.22/ref/net8.0/Microsoft.AspNetCore.Components.dll".
             Reference found at search path location "{RawFileName}".
             This reference is not "CopyLocal" because at least one source item had "Private" set to "false" and no source items had "Private" set to "true".
             The ImageRuntimeVersion for this reference is "".
         Primary reference "Microsoft.AspNetCore.Connections.Abstractions, Version=8.0.0.0, Culture=neutral, PublicKeyToken=adb9793829ddae60".
             Resolved file path is "/usr/lib64/dotnet/packs/Microsoft.AspNetCore.App.Ref/8.0.22/ref/net8.0/Microsoft.AspNetCore.Connections.Abstractions.dll".
             Reference found at search path location "{RawFileName}".
             This reference is not "CopyLocal" because at least one source item had "Private" set to "false" and no source items had "Private" set to "true".
             The ImageRuntimeVersion for this reference is "".
         Primary reference "Microsoft.AspNetCore.CookiePolicy, Version=8.0.0.0, Culture=neutral, PublicKeyToken=adb9793829ddae60".
   4:6>Target "CoreCompile" in file "/usr/lib64/dotnet/sdk/10.0.101/Roslyn/Microsoft.CSharp.Core.targets" from project "/home/baturhan/Projeler/Entegrasyon/Application/Entegrasyon.ApplicationBootstrap/Entegrasyon.ApplicationBootstrap.csproj" (target "Compile" depends on it):
   4:6>Skipping target "CoreCompile" because all output files are up-to-date with respect to the input files.
   3:6>ResolveAssemblyReferences:
             Resolved file path is "/usr/lib64/dotnet/packs/Microsoft.AspNetCore.App.Ref/8.0.22/ref/net8.0/Microsoft.AspNetCore.CookiePolicy.dll".
             Reference found at search path location "{RawFileName}".
             This reference is not "CopyLocal" because at least one source item had "Private" set to "false" and no source items had "Private" set to "true".
             The ImageRuntimeVersion for this reference is "".
         Primary reference "Microsoft.AspNetCore.Cors, Version=8.0.0.0, Culture=neutral, PublicKeyToken=adb9793829ddae60".
             Resolved file path is "/usr/lib64/dotnet/packs/Microsoft.AspNetCore.App.Ref/8.0.22/ref/net8.0/Microsoft.AspNetCore.Cors.dll".
             Reference found at search path location "{RawFileName}".
             This reference is not "CopyLocal" because at least one source item had "Private" set to "false" and no source items had "Private" set to "true".
             The ImageRuntimeVersion for this reference is "".
         Primary reference "Microsoft.AspNetCore.Cryptography.Internal, Version=8.0.0.0, Culture=neutral, PublicKeyToken=adb9793829ddae60".
             Resolved file path is "/usr/lib64/dotnet/packs/Microsoft.AspNetCore.App.Ref/8.0.22/ref/net8.0/Microsoft.AspNetCore.Cryptography.Internal.dll".
             Reference found at search path location "{RawFileName}".
             This reference is not "CopyLocal" because at least one source item had "Private" set to "false" and no source items had "Private" set to "true".
             The ImageRuntimeVersion for this reference is "".
         Primary reference "Microsoft.AspNetCore.Cryptography.KeyDerivation, Version=8.0.0.0, Culture=neutral, PublicKeyToken=adb9793829ddae60".
             Resolved file path is "/usr/lib64/dotnet/packs/Microsoft.AspNetCore.App.Ref/8.0.22/ref/net8.0/Microsoft.AspNetCore.Cryptography.KeyDerivation.dll".
             Reference found at search path location "{RawFileName}".
             This reference is not "CopyLocal" because at least one source item had "Private" set to "false" and no source items had "Private" set to "true".
             The ImageRuntimeVersion for this reference is "".
   4:6>CoreCompile:
       Input files: 
           ApplicationDependencyExtension.cs
           obj/Debug/net8.0/Entegrasyon.ApplicationBootstrap.GlobalUsings.g.cs
           obj/Debug/net8.0/.NETCoreApp,Version=v8.0.AssemblyAttributes.cs
           obj/Debug/net8.0/Entegrasyon.ApplicationBootstrap.AssemblyInfo.cs
           /home/baturhan/.nuget/packages/castle.core/5.1.1/lib/net6.0/Castle.Core.dll
           /home/baturhan/Projeler/Entegrasyon/Application/Entegrasyon.Business/obj/Debug/net8.0/ref/Entegrasyon.Business.dll
           /home/baturhan/Projeler/Entegrasyon/Application/Entegrasyon.DataAccess/obj/Debug/net8.0/ref/Entegrasyon.DataAccess.dll
           /home/baturhan/Projeler/Entegrasyon/Application/Entegrasyon.Entity/obj/Debug/net8.0/ref/Entegrasyon.Entity.dll
           /home/baturhan/Projeler/Entegrasyon/Application/Entegrasyon.MessageQueue.Commands/obj/Debug/net8.0/ref/Entegrasyon.MessageQueue.Commands.dll
           /home/baturhan/.nuget/packages/fluentvalidation/11.9.0/lib/net8.0/FluentValidation.dll
           /home/baturhan/.nuget/packages/mapster.core/1.2.1/lib/net7.0/Mapster.Core.dll
           /home/baturhan/.nuget/packages/mapster.dependencyinjection/1.0.1/lib/net7.0/Mapster.DependencyInjection.dll
           /home/baturhan/.nuget/packages/mapster/7.4.0/lib/net7.0/Mapster.dll
           /usr/lib64/dotnet/packs/Microsoft.AspNetCore.App.Ref/8.0.22/ref/net8.0/Microsoft.AspNetCore.Antiforgery.dll
           /usr/lib64/dotnet/packs/Microsoft.AspNetCore.App.Ref/8.0.22/ref/net8.0/Microsoft.AspNetCore.Authentication.Abstractions.dll
           /usr/lib64/dotnet/packs/Microsoft.AspNetCore.App.Ref/8.0.22/ref/net8.0/Microsoft.AspNetCore.Authentication.BearerToken.dll
           /usr/lib64/dotnet/packs/Microsoft.AspNetCore.App.Ref/8.0.22/ref/net8.0/Microsoft.AspNetCore.Authentication.Cookies.dll
           /usr/lib64/dotnet/packs/Microsoft.AspNetCore.App.Ref/8.0.22/ref/net8.0/Microsoft.AspNetCore.Authentication.Core.dll
           /usr/lib64/dotnet/packs/Microsoft.AspNetCore.App.Ref/8.0.22/ref/net8.0/Microsoft.AspNetCore.Authentication.dll
           /usr/lib64/dotnet/packs/Microsoft.AspNetCore.App.Ref/8.0.22/ref/net8.0/Microsoft.AspNetCore.Authentication.OAuth.dll
           /usr/lib64/dotnet/packs/Microsoft.AspNetCore.App.Ref/8.0.22/ref/net8.0/Microsoft.AspNetCore.Authorization.dll
           /usr/lib64/dotnet/packs/Microsoft.AspNetCore.App.Ref/8.0.22/ref/net8.0/Microsoft.AspNetCore.Authorization.Policy.dll
           /usr/lib64/dotnet/packs/Microsoft.AspNetCore.App.Ref/8.0.22/ref/net8.0/Microsoft.AspNetCore.Components.Authorization.dll
           /usr/lib64/dotnet/packs/Microsoft.AspNetCore.App.Ref/8.0.22/ref/net8.0/Microsoft.AspNetCore.Components.dll
           /usr/lib64/dotnet/packs/Microsoft.AspNetCore.App.Ref/8.0.22/ref/net8.0/Microsoft.AspNetCore.Components.Endpoints.dll
           /usr/lib64/dotnet/packs/Microsoft.AspNetCore.App.Ref/8.0.22/ref/net8.0/Microsoft.AspNetCore.Components.Forms.dll
           /usr/lib64/dotnet/packs/Microsoft.AspNetCore.App.Ref/8.0.22/ref/net8.0/Microsoft.AspNetCore.Components.Server.dll
           /usr/lib64/dotnet/packs/Microsoft.AspNetCore.App.Ref/8.0.22/ref/net8.0/Microsoft.AspNetCore.Components.Web.dll
           /usr/lib64/dotnet/packs/Microsoft.AspNetCore.App.Ref/8.0.22/ref/net8.0/Microsoft.AspNetCore.Connections.Abstractions.dll
           /usr/lib64/dotnet/packs/Microsoft.AspNetCore.App.Ref/8.0.22/ref/net8.0/Microsoft.AspNetCore.CookiePolicy.dll
           /usr/lib64/dotnet/packs/Microsoft.AspNetCore.App.Ref/8.0.22/ref/net8.0/Microsoft.AspNetCore.Cors.dll
           /usr/lib64/dotnet/packs/Microsoft.AspNetCore.App.Ref/8.0.22/ref/net8.0/Microsoft.AspNetCore.Cryptography.Internal.dll
           /usr/lib64/dotnet/packs/Microsoft.AspNetCore.App.Ref/8.0.22/ref/net8.0/Microsoft.AspNetCore.Cryptography.KeyDerivation.dll
           /usr/lib64/dotnet/packs/Microsoft.AspNetCore.App.Ref/8.0.22/ref/net8.0/Microsoft.AspNetCore.DataProtection.Abstractions.dll
           /usr/lib64/dotnet/packs/Microsoft.AspNetCore.App.Ref/8.0.22/ref/net8.0/Microsoft.AspNetCore.DataProtection.dll
           /usr/lib64/dotnet/packs/Microsoft.AspNetCore.App.Ref/8.0.22/ref/net8.0/Microsoft.AspNetCore.DataProtection.Extensions.dll
           /usr/lib64/dotnet/packs/Microsoft.AspNetCore.App.Ref/8.0.22/ref/net8.0/Microsoft.AspNetCore.Diagnostics.Abstractions.dll
           /usr/lib64/dotnet/packs/Microsoft.AspNetCore.App.Ref/8.0.22/ref/net8.0/Microsoft.AspNetCore.Diagnostics.dll
           /usr/lib64/dotnet/packs/Microsoft.AspNetCore.App.Ref/8.0.22/ref/net8.0/Microsoft.AspNetCore.Diagnostics.HealthChecks.dll
           /usr/lib64/dotnet/packs/Microsoft.AspNetCore.App.Ref/8.0.22/ref/net8.0/Microsoft.AspNetCore.dll
           /usr/lib64/dotnet/packs/Microsoft.AspNetCore.App.Ref/8.0.22/ref/net8.0/Microsoft.AspNetCore.HostFiltering.dll
           /usr/lib64/dotnet/packs/Microsoft.AspNetCore.App.Ref/8.0.22/ref/net8.0/Microsoft.AspNetCore.Hosting.Abstractions.dll
           /usr/lib64/dotnet/packs/Microsoft.AspNetCore.App.Ref/8.0.22/ref/net8.0/Microsoft.AspNetCore.Hosting.dll
           /usr/lib64/dotnet/packs/Microsoft.AspNetCore.App.Ref/8.0.22/ref/net8.0/Microsoft.AspNetCore.Hosting.Server.Abstractions.dll
           /usr/lib64/dotnet/packs/Microsoft.AspNetCore.App.Ref/8.0.22/ref/net8.0/Microsoft.AspNetCore.Html.Abstractions.dll
           /usr/lib64/dotnet/packs/Microsoft.AspNetCore.App.Ref/8.0.22/ref/net8.0/Microsoft.AspNetCore.Http.Abstractions.dll
           /usr/lib64/dotnet/packs/Microsoft.AspNetCore.App.Ref/8.0.22/ref/net8.0/Microsoft.AspNetCore.Http.Connections.Common.dll
           /usr/lib64/dotnet/packs/Microsoft.AspNetCore.App.Ref/8.0.22/ref/net8.0/Microsoft.AspNetCore.Http.Connections.dll
           /usr/lib64/dotnet/packs/Microsoft.AspNetCore.App.Ref/8.0.22/ref/net8.0/Microsoft.AspNetCore.Http.dll
           /usr/lib64/dotnet/packs/Microsoft.AspNetCore.App.Ref/8.0.22/ref/net8.0/Microsoft.AspNetCore.Http.Extensions.dll
           /usr/lib64/dotnet/packs/Microsoft.AspNetCore.App.Ref/8.0.22/ref/net8.0/Microsoft.AspNetCore.Http.Features.dll
           /usr/lib64/dotnet/packs/Microsoft.AspNetCore.App.Ref/8.0.22/ref/net8.0/Microsoft.AspNetCore.Http.Results.dll
           /usr/lib64/dotnet/packs/Microsoft.AspNetCore.App.Ref/8.0.22/ref/net8.0/Microsoft.AspNetCore.HttpLogging.dll
           /usr/lib64/dotnet/packs/Microsoft.AspNetCore.App.Ref/8.0.22/ref/net8.0/Microsoft.AspNetCore.HttpOverrides.dll
           /usr/lib64/dotnet/packs/Microsoft.AspNetCore.App.Ref/8.0.22/ref/net8.0/Microsoft.AspNetCore.HttpsPolicy.dll
           /usr/lib64/dotnet/packs/Microsoft.AspNetCore.App.Ref/8.0.22/ref/net8.0/Microsoft.AspNetCore.Identity.dll
           /usr/lib64/dotnet/packs/Microsoft.AspNetCore.App.Ref/8.0.22/ref/net8.0/Microsoft.AspNetCore.Localization.dll
           /usr/lib64/dotnet/packs/Microsoft.AspNetCore.App.Ref/8.0.22/ref/net8.0/Microsoft.AspNetCore.Localization.Routing.dll
           /usr/lib64/dotnet/packs/Microsoft.AspNetCore.App.Ref/8.0.22/ref/net8.0/Microsoft.AspNetCore.Metadata.dll
           /usr/lib64/dotnet/packs/Microsoft.AspNetCore.App.Ref/8.0.22/ref/net8.0/Microsoft.AspNetCore.Mvc.Abstractions.dll
           /usr/lib64/dotnet/packs/Microsoft.AspNetCore.App.Ref/8.0.22/ref/net8.0/Microsoft.AspNetCore.Mvc.ApiExplorer.dll
           /usr/lib64/dotnet/packs/Microsoft.AspNetCore.App.Ref/8.0.22/ref/net8.0/Microsoft.AspNetCore.Mvc.Core.dll
           /usr/lib64/dotnet/packs/Microsoft.AspNetCore.App.Ref/8.0.22/ref/net8.0/Microsoft.AspNetCore.Mvc.Cors.dll
           /usr/lib64/dotnet/packs/Microsoft.AspNetCore.App.Ref/8.0.22/ref/net8.0/Microsoft.AspNetCore.Mvc.DataAnnotations.dll
           /usr/lib64/dotnet/packs/Microsoft.AspNetCore.App.Ref/8.0.22/ref/net8.0/Microsoft.AspNetCore.Mvc.dll
           /usr/lib64/dotnet/packs/Microsoft.AspNetCore.App.Ref/8.0.22/ref/net8.0/Microsoft.AspNetCore.Mvc.Formatters.Json.dll
           /usr/lib64/dotnet/packs/Microsoft.AspNetCore.App.Ref/8.0.22/ref/net8.0/Microsoft.AspNetCore.Mvc.Formatters.Xml.dll
           /usr/lib64/dotnet/packs/Microsoft.AspNetCore.App.Ref/8.0.22/ref/net8.0/Microsoft.AspNetCore.Mvc.Localization.dll
           /usr/lib64/dotnet/packs/Microsoft.AspNetCore.App.Ref/8.0.22/ref/net8.0/Microsoft.AspNetCore.Mvc.Razor.dll
           /usr/lib64/dotnet/packs/Microsoft.AspNetCore.App.Ref/8.0.22/ref/net8.0/Microsoft.AspNetCore.Mvc.RazorPages.dll
           /usr/lib64/dotnet/packs/Microsoft.AspNetCore.App.Ref/8.0.22/ref/net8.0/Microsoft.AspNetCore.Mvc.TagHelpers.dll
           /usr/lib64/dotnet/packs/Microsoft.AspNetCore.App.Ref/8.0.22/ref/net8.0/Microsoft.AspNetCore.Mvc.ViewFeatures.dll
           /usr/lib64/dotnet/packs/Microsoft.AspNetCore.App.Ref/8.0.22/ref/net8.0/Microsoft.AspNetCore.OutputCaching.dll
           /usr/lib64/dotnet/packs/Microsoft.AspNetCore.App.Ref/8.0.22/ref/net8.0/Microsoft.AspNetCore.RateLimiting.dll
           /usr/lib64/dotnet/packs/Microsoft.AspNetCore.App.Ref/8.0.22/ref/net8.0/Microsoft.AspNetCore.Razor.dll
           /usr/lib64/dotnet/packs/Microsoft.AspNetCore.App.Ref/8.0.22/ref/net8.0/Microsoft.AspNetCore.Razor.Runtime.dll
           /usr/lib64/dotnet/packs/Microsoft.AspNetCore.App.Ref/8.0.22/ref/net8.0/Microsoft.AspNetCore.RequestDecompression.dll
           /usr/lib64/dotnet/packs/Microsoft.AspNetCore.App.Ref/8.0.22/ref/net8.0/Microsoft.AspNetCore.ResponseCaching.Abstractions.dll
           /usr/lib64/dotnet/packs/Microsoft.AspNetCore.App.Ref/8.0.22/ref/net8.0/Microsoft.AspNetCore.ResponseCaching.dll
           /usr/lib64/dotnet/packs/Microsoft.AspNetCore.App.Ref/8.0.22/ref/net8.0/Microsoft.AspNetCore.ResponseCompression.dll
           /usr/lib64/dotnet/packs/Microsoft.AspNetCore.App.Ref/8.0.22/ref/net8.0/Microsoft.AspNetCore.Rewrite.dll
           /usr/lib64/dotnet/packs/Microsoft.AspNetCore.App.Ref/8.0.22/ref/net8.0/Microsoft.AspNetCore.Routing.Abstractions.dll
           /usr/lib64/dotnet/packs/Microsoft.AspNetCore.App.Ref/8.0.22/ref/net8.0/Microsoft.AspNetCore.Routing.dll
           /usr/lib64/dotnet/packs/Microsoft.AspNetCore.App.Ref/8.0.22/ref/net8.0/Microsoft.AspNetCore.Server.HttpSys.dll
           /usr/lib64/dotnet/packs/Microsoft.AspNetCore.App.Ref/8.0.22/ref/net8.0/Microsoft.AspNetCore.Server.IIS.dll
           /usr/lib64/dotnet/packs/Microsoft.AspNetCore.App.Ref/8.0.22/ref/net8.0/Microsoft.AspNetCore.Server.IISIntegration.dll
           /usr/lib64/dotnet/packs/Microsoft.AspNetCore.App.Ref/8.0.22/ref/net8.0/Microsoft.AspNetCore.Server.Kestrel.Core.dll
           /usr/lib64/dotnet/packs/Microsoft.AspNetCore.App.Ref/8.0.22/ref/net8.0/Microsoft.AspNetCore.Server.Kestrel.dll
           /usr/lib64/dotnet/packs/Microsoft.AspNetCore.App.Ref/8.0.22/ref/net8.0/Microsoft.AspNetCore.Server.Kestrel.Transport.NamedPipes.dll
           /usr/lib64/dotnet/packs/Microsoft.AspNetCore.App.Ref/8.0.22/ref/net8.0/Microsoft.AspNetCore.Server.Kestrel.Transport.Quic.dll
           /usr/lib64/dotnet/packs/Microsoft.AspNetCore.App.Ref/8.0.22/ref/net8.0/Microsoft.AspNetCore.Server.Kestrel.Transport.Sockets.dll
           /usr/lib64/dotnet/packs/Microsoft.AspNetCore.App.Ref/8.0.22/ref/net8.0/Microsoft.AspNetCore.Session.dll
           /usr/lib64/dotnet/packs/Microsoft.AspNetCore.App.Ref/8.0.22/ref/net8.0/Microsoft.AspNetCore.SignalR.Common.dll
           /usr/lib64/dotnet/packs/Microsoft.AspNetCore.App.Ref/8.0.22/ref/net8.0/Microsoft.AspNetCore.SignalR.Core.dll
           /usr/lib64/dotnet/packs/Microsoft.AspNetCore.App.Ref/8.0.22/ref/net8.0/Microsoft.AspNetCore.SignalR.dll
           /usr/lib64/dotnet/packs/Microsoft.AspNetCore.App.Ref/8.0.22/ref/net8.0/Microsoft.AspNetCore.SignalR.Protocols.Json.dll
           /usr/lib64/dotnet/packs/Microsoft.AspNetCore.App.Ref/8.0.22/ref/net8.0/Microsoft.AspNetCore.StaticFiles.dll
           /usr/lib64/dotnet/packs/Microsoft.AspNetCore.App.Ref/8.0.22/ref/net8.0/Microsoft.AspNetCore.WebSockets.dll
           /usr/lib64/dotnet/packs/Microsoft.AspNetCore.App.Ref/8.0.22/ref/net8.0/Microsoft.AspNetCore.WebUtilities.dll
           /usr/lib64/dotnet/packs/Microsoft.NETCore.App.Ref/8.0.22/ref/net8.0/Microsoft.CSharp.dll
           /home/baturhan/.nuget/packages/microsoft.entityframeworkcore.abstractions/8.0.15/lib/net8.0/Microsoft.EntityFrameworkCore.Abstractions.dll
           /home/baturhan/.nuget/packages/microsoft.entityframeworkcore/8.0.15/lib/net8.0/Microsoft.EntityFrameworkCore.dll
           /home/baturhan/.nuget/packages/microsoft.entityframeworkcore.inmemory/8.0.15/lib/net8.0/Microsoft.EntityFrameworkCore.InMemory.dll
           /home/baturhan/.nuget/packages/microsoft.entityframeworkcore.proxies/8.0.15/lib/net8.0/Microsoft.EntityFrameworkCore.Proxies.dll
           /home/baturhan/.nuget/packages/microsoft.entityframeworkcore.relational/8.0.15/lib/net8.0/Microsoft.EntityFrameworkCore.Relational.dll
           /usr/lib64/dotnet/packs/Microsoft.AspNetCore.App.Ref/8.0.22/ref/net8.0/Microsoft.Extensions.Caching.Abstractions.dll
           /usr/lib64/dotnet/packs/Microsoft.AspNetCore.App.Ref/8.0.22/ref/net8.0/Microsoft.Extensions.Caching.Memory.dll
           /usr/lib64/dotnet/packs/Microsoft.AspNetCore.App.Ref/8.0.22/ref/net8.0/Microsoft.Extensions.Configuration.Abstractions.dll
           /usr/lib64/dotnet/packs/Microsoft.AspNetCore.App.Ref/8.0.22/ref/net8.0/Microsoft.Extensions.Configuration.Binder.dll
           /usr/lib64/dotnet/packs/Microsoft.AspNetCore.App.Ref/8.0.22/ref/net8.0/Microsoft.Extensions.Configuration.CommandLine.dll
           /usr/lib64/dotnet/packs/Microsoft.AspNetCore.App.Ref/8.0.22/ref/net8.0/Microsoft.Extensions.Configuration.dll
           /usr/lib64/dotnet/packs/Microsoft.AspNetCore.App.Ref/8.0.22/ref/net8.0/Microsoft.Extensions.Configuration.EnvironmentVariables.dll
           /usr/lib64/dotnet/packs/Microsoft.AspNetCore.App.Ref/8.0.22/ref/net8.0/Microsoft.Extensions.Configuration.FileExtensions.dll
           /usr/lib64/dotnet/packs/Microsoft.AspNetCore.App.Ref/8.0.22/ref/net8.0/Microsoft.Extensions.Configuration.Ini.dll
           /usr/lib64/dotnet/packs/Microsoft.AspNetCore.App.Ref/8.0.22/ref/net8.0/Microsoft.Extensions.Configuration.Json.dll
           /usr/lib64/dotnet/packs/Microsoft.AspNetCore.App.Ref/8.0.22/ref/net8.0/Microsoft.Extensions.Configuration.KeyPerFile.dll
           /usr/lib64/dotnet/packs/Microsoft.AspNetCore.App.Ref/8.0.22/ref/net8.0/Microsoft.Extensions.Configuration.UserSecrets.dll
           /usr/lib64/dotnet/packs/Microsoft.AspNetCore.App.Ref/8.0.22/ref/net8.0/Microsoft.Extensions.Configuration.Xml.dll
           /usr/lib64/dotnet/packs/Microsoft.AspNetCore.App.Ref/8.0.22/ref/net8.0/Microsoft.Extensions.DependencyInjection.Abstractions.dll
           /usr/lib64/dotnet/packs/Microsoft.AspNetCore.App.Ref/8.0.22/ref/net8.0/Microsoft.Extensions.DependencyInjection.dll
           /home/baturhan/.nuget/packages/microsoft.extensions.dependencymodel/8.0.0/lib/net8.0/Microsoft.Extensions.DependencyModel.dll
           /usr/lib64/dotnet/packs/Microsoft.AspNetCore.App.Ref/8.0.22/ref/net8.0/Microsoft.Extensions.Diagnostics.Abstractions.dll
           /usr/lib64/dotnet/packs/Microsoft.AspNetCore.App.Ref/8.0.22/ref/net8.0/Microsoft.Extensions.Diagnostics.dll
           /usr/lib64/dotnet/packs/Microsoft.AspNetCore.App.Ref/8.0.22/ref/net8.0/Microsoft.Extensions.Diagnostics.HealthChecks.Abstractions.dll
           /usr/lib64/dotnet/packs/Microsoft.AspNetCore.App.Ref/8.0.22/ref/net8.0/Microsoft.Extensions.Diagnostics.HealthChecks.dll
           /usr/lib64/dotnet/packs/Microsoft.AspNetCore.App.Ref/8.0.22/ref/net8.0/Microsoft.Extensions.Features.dll
           /usr/lib64/dotnet/packs/Microsoft.AspNetCore.App.Ref/8.0.22/ref/net8.0/Microsoft.Extensions.FileProviders.Abstractions.dll
           /usr/lib64/dotnet/packs/Microsoft.AspNetCore.App.Ref/8.0.22/ref/net8.0/Microsoft.Extensions.FileProviders.Composite.dll
           /usr/lib64/dotnet/packs/Microsoft.AspNetCore.App.Ref/8.0.22/ref/net8.0/Microsoft.Extensions.FileProviders.Embedded.dll
           /usr/lib64/dotnet/packs/Microsoft.AspNetCore.App.Ref/8.0.22/ref/net8.0/Microsoft.Extensions.FileProviders.Physical.dll
           /usr/lib64/dotnet/packs/Microsoft.AspNetCore.App.Ref/8.0.22/ref/net8.0/Microsoft.Extensions.FileSystemGlobbing.dll
           /usr/lib64/dotnet/packs/Microsoft.AspNetCore.App.Ref/8.0.22/ref/net8.0/Microsoft.Extensions.Hosting.Abstractions.dll
           /usr/lib64/dotnet/packs/Microsoft.AspNetCore.App.Ref/8.0.22/ref/net8.0/Microsoft.Extensions.Hosting.dll
           /usr/lib64/dotnet/packs/Microsoft.AspNetCore.App.Ref/8.0.22/ref/net8.0/Microsoft.Extensions.Http.dll
           /usr/lib64/dotnet/packs/Microsoft.AspNetCore.App.Ref/8.0.22/ref/net8.0/Microsoft.Extensions.Identity.Core.dll
           /usr/lib64/dotnet/packs/Microsoft.AspNetCore.App.Ref/8.0.22/ref/net8.0/Microsoft.Extensions.Identity.Stores.dll
           /usr/lib64/dotnet/packs/Microsoft.AspNetCore.App.Ref/8.0.22/ref/net8.0/Microsoft.Extensions.Localization.Abstractions.dll
           /usr/lib64/dotnet/packs/Microsoft.AspNetCore.App.Ref/8.0.22/ref/net8.0/Microsoft.Extensions.Localization.dll
           /usr/lib64/dotnet/packs/Microsoft.AspNetCore.App.Ref/8.0.22/ref/net8.0/Microsoft.Extensions.Logging.Abstractions.dll
           /usr/lib64/dotnet/packs/Microsoft.AspNetCore.App.Ref/8.0.22/ref/net8.0/Microsoft.Extensions.Logging.Configuration.dll
           /usr/lib64/dotnet/packs/Microsoft.AspNetCore.App.Ref/8.0.22/ref/net8.0/Microsoft.Extensions.Logging.Console.dll
           /usr/lib64/dotnet/packs/Microsoft.AspNetCore.App.Ref/8.0.22/ref/net8.0/Microsoft.Extensions.Logging.Debug.dll
           /usr/lib64/dotnet/packs/Microsoft.AspNetCore.App.Ref/8.0.22/ref/net8.0/Microsoft.Extensions.Logging.dll
           /usr/lib64/dotnet/packs/Microsoft.AspNetCore.App.Ref/8.0.22/ref/net8.0/Microsoft.Extensions.Logging.EventLog.dll
           /usr/lib64/dotnet/packs/Microsoft.AspNetCore.App.Ref/8.0.22/ref/net8.0/Microsoft.Extensions.Logging.EventSource.dll
           /usr/lib64/dotnet/packs/Microsoft.AspNetCore.App.Ref/8.0.22/ref/net8.0/Microsoft.Extensions.Logging.TraceSource.dll
           /usr/lib64/dotnet/packs/Microsoft.AspNetCore.App.Ref/8.0.22/ref/net8.0/Microsoft.Extensions.ObjectPool.dll
           /usr/lib64/dotnet/packs/Microsoft.AspNetCore.App.Ref/8.0.22/ref/net8.0/Microsoft.Extensions.Options.ConfigurationExtensions.dll
           /usr/lib64/dotnet/packs/Microsoft.AspNetCore.App.Ref/8.0.22/ref/net8.0/Microsoft.Extensions.Options.DataAnnotations.dll
           /usr/lib64/dotnet/packs/Microsoft.AspNetCore.App.Ref/8.0.22/ref/net8.0/Microsoft.Extensions.Options.dll
           /usr/lib64/dotnet/packs/Microsoft.AspNetCore.App.Ref/8.0.22/ref/net8.0/Microsoft.Extensions.Primitives.dll
           /usr/lib64/dotnet/packs/Microsoft.AspNetCore.App.Ref/8.0.22/ref/net8.0/Microsoft.Extensions.WebEncoders.dll
           /home/baturhan/.nuget/packages/microsoft.identitymodel.abstractions/7.4.0/lib/net8.0/Microsoft.IdentityModel.Abstractions.dll
           /home/baturhan/.nuget/packages/microsoft.identitymodel.jsonwebtokens/7.4.0/lib/net8.0/Microsoft.IdentityModel.JsonWebTokens.dll
           /home/baturhan/.nuget/packages/microsoft.identitymodel.logging/7.4.0/lib/net8.0/Microsoft.IdentityModel.Logging.dll
           /home/baturhan/.nuget/packages/microsoft.identitymodel.tokens/7.4.0/lib/net8.0/Microsoft.IdentityModel.Tokens.dll
           /usr/lib64/dotnet/packs/Microsoft.AspNetCore.App.Ref/8.0.22/ref/net8.0/Microsoft.JSInterop.dll
           /usr/lib64/dotnet/packs/Microsoft.AspNetCore.App.Ref/8.0.22/ref/net8.0/Microsoft.Net.Http.Headers.dll
           /usr/lib64/dotnet/packs/Microsoft.NETCore.App.Ref/8.0.22/ref/net8.0/Microsoft.VisualBasic.Core.dll
           /usr/lib64/dotnet/packs/Microsoft.NETCore.App.Ref/8.0.22/ref/net8.0/Microsoft.VisualBasic.dll
           /usr/lib64/dotnet/packs/Microsoft.NETCore.App.Ref/8.0.22/ref/net8.0/Microsoft.Win32.Primitives.dll
           /usr/lib64/dotnet/packs/Microsoft.NETCore.App.Ref/8.0.22/ref/net8.0/Microsoft.Win32.Registry.dll
           /usr/lib64/dotnet/packs/Microsoft.NETCore.App.Ref/8.0.22/ref/net8.0/mscorlib.dll
           /usr/lib64/dotnet/packs/Microsoft.NETCore.App.Ref/8.0.22/ref/net8.0/netstandard.dll
           /home/baturhan/.nuget/packages/newtonsoft.json/13.0.3/lib/net6.0/Newtonsoft.Json.dll
           /home/baturhan/.nuget/packages/npgsql/8.0.6/lib/net8.0/Npgsql.dll
           /home/baturhan/.nuget/packages/npgsql.entityframeworkcore.postgresql/8.0.11/lib/net8.0/Npgsql.EntityFrameworkCore.PostgreSQL.dll
           /home/baturhan/.nuget/packages/pipelines.sockets.unofficial/2.2.8/lib/net5.0/Pipelines.Sockets.Unofficial.dll
           /home/baturhan/.nuget/packages/serilog.aspnetcore/8.0.1/lib/net8.0/Serilog.AspNetCore.dll
           /home/baturhan/.nuget/packages/serilog/3.1.1/lib/net7.0/Serilog.dll
           /home/baturhan/.nuget/packages/serilog.extensions.hosting/8.0.0/lib/net8.0/Serilog.Extensions.Hosting.dll
           /home/baturhan/.nuget/packages/serilog.extensions.logging/8.0.0/lib/net8.0/Serilog.Extensions.Logging.dll
           /home/baturhan/.nuget/packages/serilog.formatting.compact/2.0.0/lib/net7.0/Serilog.Formatting.Compact.dll
           /home/baturhan/.nuget/packages/serilog.settings.configuration/8.0.0/lib/net8.0/Serilog.Settings.Configuration.dll
           /home/baturhan/.nuget/packages/serilog.sinks.console/5.0.1/lib/net7.0/Serilog.Sinks.Console.dll
           /home/baturhan/.nuget/packages/serilog.sinks.debug/2.0.0/lib/netstandard2.1/Serilog.Sinks.Debug.dll
           /home/baturhan/.nuget/packages/serilog.sinks.file/5.0.0/lib/net5.0/Serilog.Sinks.File.dll
           /home/baturhan/Projeler/Entegrasyon/Shared/Shared/obj/Debug/net8.0/ref/Shared.dll
           /home/baturhan/.nuget/packages/stackexchange.redis/2.7.27/lib/net6.0/StackExchange.Redis.dll
           /usr/lib64/dotnet/packs/Microsoft.NETCore.App.Ref/8.0.22/ref/net8.0/System.AppContext.dll
           /usr/lib64/dotnet/packs/Microsoft.NETCore.App.Ref/8.0.22/ref/net8.0/System.Buffers.dll
           /usr/lib64/dotnet/packs/Microsoft.NETCore.App.Ref/8.0.22/ref/net8.0/System.Collections.Concurrent.dll
           /usr/lib64/dotnet/packs/Microsoft.NETCore.App.Ref/8.0.22/ref/net8.0/System.Collections.dll
           /usr/lib64/dotnet/packs/Microsoft.NETCore.App.Ref/8.0.22/ref/net8.0/System.Collections.Immutable.dll
           /usr/lib64/dotnet/packs/Microsoft.NETCore.App.Ref/8.0.22/ref/net8.0/System.Collections.NonGeneric.dll
           /usr/lib64/dotnet/packs/Microsoft.NETCore.App.Ref/8.0.22/ref/net8.0/System.Collections.Specialized.dll
           /usr/lib64/dotnet/packs/Microsoft.NETCore.App.Ref/8.0.22/ref/net8.0/System.ComponentModel.Annotations.dll
           /usr/lib64/dotnet/packs/Microsoft.NETCore.App.Ref/8.0.22/ref/net8.0/System.ComponentModel.DataAnnotations.dll
           /usr/lib64/dotnet/packs/Microsoft.NETCore.App.Ref/8.0.22/ref/net8.0/System.ComponentModel.dll
           /usr/lib64/dotnet/packs/Microsoft.NETCore.App.Ref/8.0.22/ref/net8.0/System.ComponentModel.EventBasedAsync.dll
           /usr/lib64/dotnet/packs/Microsoft.NETCore.App.Ref/8.0.22/ref/net8.0/System.ComponentModel.Primitives.dll
           /usr/lib64/dotnet/packs/Microsoft.NETCore.App.Ref/8.0.22/ref/net8.0/System.ComponentModel.TypeConverter.dll
           /usr/lib64/dotnet/packs/Microsoft.NETCore.App.Ref/8.0.22/ref/net8.0/System.Configuration.dll
           /usr/lib64/dotnet/packs/Microsoft.NETCore.App.Ref/8.0.22/ref/net8.0/System.Console.dll
           /usr/lib64/dotnet/packs/Microsoft.NETCore.App.Ref/8.0.22/ref/net8.0/System.Core.dll
           /usr/lib64/dotnet/packs/Microsoft.NETCore.App.Ref/8.0.22/ref/net8.0/System.Data.Common.dll
           /usr/lib64/dotnet/packs/Microsoft.NETCore.App.Ref/8.0.22/ref/net8.0/System.Data.DataSetExtensions.dll
           /usr/lib64/dotnet/packs/Microsoft.NETCore.App.Ref/8.0.22/ref/net8.0/System.Data.dll
           /usr/lib64/dotnet/packs/Microsoft.NETCore.App.Ref/8.0.22/ref/net8.0/System.Diagnostics.Contracts.dll
           /usr/lib64/dotnet/packs/Microsoft.NETCore.App.Ref/8.0.22/ref/net8.0/System.Diagnostics.Debug.dll
           /usr/lib64/dotnet/packs/Microsoft.NETCore.App.Ref/8.0.22/ref/net8.0/System.Diagnostics.DiagnosticSource.dll
           /usr/lib64/dotnet/packs/Microsoft.AspNetCore.App.Ref/8.0.22/ref/net8.0/System.Diagnostics.EventLog.dll
           /usr/lib64/dotnet/packs/Microsoft.NETCore.App.Ref/8.0.22/ref/net8.0/System.Diagnostics.FileVersionInfo.dll
           /usr/lib64/dotnet/packs/Microsoft.NETCore.App.Ref/8.0.22/ref/net8.0/System.Diagnostics.Process.dll
           /usr/lib64/dotnet/packs/Microsoft.NETCore.App.Ref/8.0.22/ref/net8.0/System.Diagnostics.StackTrace.dll
           /usr/lib64/dotnet/packs/Microsoft.NETCore.App.Ref/8.0.22/ref/net8.0/System.Diagnostics.TextWriterTraceListener.dll
           /usr/lib64/dotnet/packs/Microsoft.NETCore.App.Ref/8.0.22/ref/net8.0/System.Diagnostics.Tools.dll
           /usr/lib64/dotnet/packs/Microsoft.NETCore.App.Ref/8.0.22/ref/net8.0/System.Diagnostics.TraceSource.dll
           /usr/lib64/dotnet/packs/Microsoft.NETCore.App.Ref/8.0.22/ref/net8.0/System.Diagnostics.Tracing.dll
           /usr/lib64/dotnet/packs/Microsoft.NETCore.App.Ref/8.0.22/ref/net8.0/System.dll
           /usr/lib64/dotnet/packs/Microsoft.NETCore.App.Ref/8.0.22/ref/net8.0/System.Drawing.dll
           /usr/lib64/dotnet/packs/Microsoft.NETCore.App.Ref/8.0.22/ref/net8.0/System.Drawing.Primitives.dll
           /usr/lib64/dotnet/packs/Microsoft.NETCore.App.Ref/8.0.22/ref/net8.0/System.Dynamic.Runtime.dll
           /usr/lib64/dotnet/packs/Microsoft.NETCore.App.Ref/8.0.22/ref/net8.0/System.Formats.Asn1.dll
           /usr/lib64/dotnet/packs/Microsoft.NETCore.App.Ref/8.0.22/ref/net8.0/System.Formats.Tar.dll
           /usr/lib64/dotnet/packs/Microsoft.NETCore.App.Ref/8.0.22/ref/net8.0/System.Globalization.Calendars.dll
           /usr/lib64/dotnet/packs/Microsoft.NETCore.App.Ref/8.0.22/ref/net8.0/System.Globalization.dll
           /usr/lib64/dotnet/packs/Microsoft.NETCore.App.Ref/8.0.22/ref/net8.0/System.Globalization.Extensions.dll
           /home/baturhan/.nuget/packages/system.identitymodel.tokens.jwt/7.4.0/lib/net8.0/System.IdentityModel.Tokens.Jwt.dll
           /usr/lib64/dotnet/packs/Microsoft.NETCore.App.Ref/8.0.22/ref/net8.0/System.IO.Compression.Brotli.dll
           /usr/lib64/dotnet/packs/Microsoft.NETCore.App.Ref/8.0.22/ref/net8.0/System.IO.Compression.dll
           /usr/lib64/dotnet/packs/Microsoft.NETCore.App.Ref/8.0.22/ref/net8.0/System.IO.Compression.FileSystem.dll
           /usr/lib64/dotnet/packs/Microsoft.NETCore.App.Ref/8.0.22/ref/net8.0/System.IO.Compression.ZipFile.dll
           /usr/lib64/dotnet/packs/Microsoft.NETCore.App.Ref/8.0.22/ref/net8.0/System.IO.dll
           /usr/lib64/dotnet/packs/Microsoft.NETCore.App.Ref/8.0.22/ref/net8.0/System.IO.FileSystem.AccessControl.dll
           /usr/lib64/dotnet/packs/Microsoft.NETCore.App.Ref/8.0.22/ref/net8.0/System.IO.FileSystem.dll
           /usr/lib64/dotnet/packs/Microsoft.NETCore.App.Ref/8.0.22/ref/net8.0/System.IO.FileSystem.DriveInfo.dll
           /usr/lib64/dotnet/packs/Microsoft.NETCore.App.Ref/8.0.22/ref/net8.0/System.IO.FileSystem.Primitives.dll
           /usr/lib64/dotnet/packs/Microsoft.NETCore.App.Ref/8.0.22/ref/net8.0/System.IO.FileSystem.Watcher.dll
           /usr/lib64/dotnet/packs/Microsoft.NETCore.App.Ref/8.0.22/ref/net8.0/System.IO.IsolatedStorage.dll
           /usr/lib64/dotnet/packs/Microsoft.NETCore.App.Ref/8.0.22/ref/net8.0/System.IO.MemoryMappedFiles.dll
           /usr/lib64/dotnet/packs/Microsoft.AspNetCore.App.Ref/8.0.22/ref/net8.0/System.IO.Pipelines.dll
           /usr/lib64/dotnet/packs/Microsoft.NETCore.App.Ref/8.0.22/ref/net8.0/System.IO.Pipes.AccessControl.dll
           /usr/lib64/dotnet/packs/Microsoft.NETCore.App.Ref/8.0.22/ref/net8.0/System.IO.Pipes.dll
           /usr/lib64/dotnet/packs/Microsoft.NETCore.App.Ref/8.0.22/ref/net8.0/System.IO.UnmanagedMemoryStream.dll
           /usr/lib64/dotnet/packs/Microsoft.NETCore.App.Ref/8.0.22/ref/net8.0/System.Linq.dll
           /usr/lib64/dotnet/packs/Microsoft.NETCore.App.Ref/8.0.22/ref/net8.0/System.Linq.Expressions.dll
           /usr/lib64/dotnet/packs/Microsoft.NETCore.App.Ref/8.0.22/ref/net8.0/System.Linq.Parallel.dll
           /usr/lib64/dotnet/packs/Microsoft.NETCore.App.Ref/8.0.22/ref/net8.0/System.Linq.Queryable.dll
           /usr/lib64/dotnet/packs/Microsoft.NETCore.App.Ref/8.0.22/ref/net8.0/System.Memory.dll
           /usr/lib64/dotnet/packs/Microsoft.NETCore.App.Ref/8.0.22/ref/net8.0/System.Net.dll
           /usr/lib64/dotnet/packs/Microsoft.NETCore.App.Ref/8.0.22/ref/net8.0/System.Net.Http.dll
           /usr/lib64/dotnet/packs/Microsoft.NETCore.App.Ref/8.0.22/ref/net8.0/System.Net.Http.Json.dll
           /usr/lib64/dotnet/packs/Microsoft.NETCore.App.Ref/8.0.22/ref/net8.0/System.Net.HttpListener.dll
           /usr/lib64/dotnet/packs/Microsoft.NETCore.App.Ref/8.0.22/ref/net8.0/System.Net.Mail.dll
           /usr/lib64/dotnet/packs/Microsoft.NETCore.App.Ref/8.0.22/ref/net8.0/System.Net.NameResolution.dll
           /usr/lib64/dotnet/packs/Microsoft.NETCore.App.Ref/8.0.22/ref/net8.0/System.Net.NetworkInformation.dll
           /usr/lib64/dotnet/packs/Microsoft.NETCore.App.Ref/8.0.22/ref/net8.0/System.Net.Ping.dll
           /usr/lib64/dotnet/packs/Microsoft.NETCore.App.Ref/8.0.22/ref/net8.0/System.Net.Primitives.dll
           /usr/lib64/dotnet/packs/Microsoft.NETCore.App.Ref/8.0.22/ref/net8.0/System.Net.Quic.dll
           /usr/lib64/dotnet/packs/Microsoft.NETCore.App.Ref/8.0.22/ref/net8.0/System.Net.Requests.dll
           /usr/lib64/dotnet/packs/Microsoft.NETCore.App.Ref/8.0.22/ref/net8.0/System.Net.Security.dll
           /usr/lib64/dotnet/packs/Microsoft.NETCore.App.Ref/8.0.22/ref/net8.0/System.Net.ServicePoint.dll
           /usr/lib64/dotnet/packs/Microsoft.NETCore.App.Ref/8.0.22/ref/net8.0/System.Net.Sockets.dll
           /usr/lib64/dotnet/packs/Microsoft.NETCore.App.Ref/8.0.22/ref/net8.0/System.Net.WebClient.dll
           /usr/lib64/dotnet/packs/Microsoft.NETCore.App.Ref/8.0.22/ref/net8.0/System.Net.WebHeaderCollection.dll
           /usr/lib64/dotnet/packs/Microsoft.NETCore.App.Ref/8.0.22/ref/net8.0/System.Net.WebProxy.dll
           /usr/lib64/dotnet/packs/Microsoft.NETCore.App.Ref/8.0.22/ref/net8.0/System.Net.WebSockets.Client.dll
           /usr/lib64/dotnet/packs/Microsoft.NETCore.App.Ref/8.0.22/ref/net8.0/System.Net.WebSockets.dll
           /usr/lib64/dotnet/packs/Microsoft.NETCore.App.Ref/8.0.22/ref/net8.0/System.Numerics.dll
           /usr/lib64/dotnet/packs/Microsoft.NETCore.App.Ref/8.0.22/ref/net8.0/System.Numerics.Vectors.dll
           /usr/lib64/dotnet/packs/Microsoft.NETCore.App.Ref/8.0.22/ref/net8.0/System.ObjectModel.dll
           /usr/lib64/dotnet/packs/Microsoft.NETCore.App.Ref/8.0.22/ref/net8.0/System.Reflection.DispatchProxy.dll
           /usr/lib64/dotnet/packs/Microsoft.NETCore.App.Ref/8.0.22/ref/net8.0/System.Reflection.dll
           /usr/lib64/dotnet/packs/Microsoft.NETCore.App.Ref/8.0.22/ref/net8.0/System.Reflection.Emit.dll
           /usr/lib64/dotnet/packs/Microsoft.NETCore.App.Ref/8.0.22/ref/net8.0/System.Reflection.Emit.ILGeneration.dll
           /usr/lib64/dotnet/packs/Microsoft.NETCore.App.Ref/8.0.22/ref/net8.0/System.Reflection.Emit.Lightweight.dll
           /usr/lib64/dotnet/packs/Microsoft.NETCore.App.Ref/8.0.22/ref/net8.0/System.Reflection.Extensions.dll
           /usr/lib64/dotnet/packs/Microsoft.NETCore.App.Ref/8.0.22/ref/net8.0/System.Reflection.Metadata.dll
           /usr/lib64/dotnet/packs/Microsoft.NETCore.App.Ref/8.0.22/ref/net8.0/System.Reflection.Primitives.dll
           /usr/lib64/dotnet/packs/Microsoft.NETCore.App.Ref/8.0.22/ref/net8.0/System.Reflection.TypeExtensions.dll
           /usr/lib64/dotnet/packs/Microsoft.NETCore.App.Ref/8.0.22/ref/net8.0/System.Resources.Reader.dll
           /usr/lib64/dotnet/packs/Microsoft.NETCore.App.Ref/8.0.22/ref/net8.0/System.Resources.ResourceManager.dll
           /usr/lib64/dotnet/packs/Microsoft.NETCore.App.Ref/8.0.22/ref/net8.0/System.Resources.Writer.dll
           /usr/lib64/dotnet/packs/Microsoft.NETCore.App.Ref/8.0.22/ref/net8.0/System.Runtime.CompilerServices.Unsafe.dll
           /usr/lib64/dotnet/packs/Microsoft.NETCore.App.Ref/8.0.22/ref/net8.0/System.Runtime.CompilerServices.VisualC.dll
           /usr/lib64/dotnet/packs/Microsoft.NETCore.App.Ref/8.0.22/ref/net8.0/System.Runtime.dll
           /usr/lib64/dotnet/packs/Microsoft.NETCore.App.Ref/8.0.22/ref/net8.0/System.Runtime.Extensions.dll
           /usr/lib64/dotnet/packs/Microsoft.NETCore.App.Ref/8.0.22/ref/net8.0/System.Runtime.Handles.dll
           /usr/lib64/dotnet/packs/Microsoft.NETCore.App.Ref/8.0.22/ref/net8.0/System.Runtime.InteropServices.dll
           /usr/lib64/dotnet/packs/Microsoft.NETCore.App.Ref/8.0.22/ref/net8.0/System.Runtime.InteropServices.JavaScript.dll
           /usr/lib64/dotnet/packs/Microsoft.NETCore.App.Ref/8.0.22/ref/net8.0/System.Runtime.InteropServices.RuntimeInformation.dll
           /usr/lib64/dotnet/packs/Microsoft.NETCore.App.Ref/8.0.22/ref/net8.0/System.Runtime.Intrinsics.dll
           /usr/lib64/dotnet/packs/Microsoft.NETCore.App.Ref/8.0.22/ref/net8.0/System.Runtime.Loader.dll
           /usr/lib64/dotnet/packs/Microsoft.NETCore.App.Ref/8.0.22/ref/net8.0/System.Runtime.Numerics.dll
           /usr/lib64/dotnet/packs/Microsoft.NETCore.App.Ref/8.0.22/ref/net8.0/System.Runtime.Serialization.dll
           /usr/lib64/dotnet/packs/Microsoft.NETCore.App.Ref/8.0.22/ref/net8.0/System.Runtime.Serialization.Formatters.dll
           /usr/lib64/dotnet/packs/Microsoft.NETCore.App.Ref/8.0.22/ref/net8.0/System.Runtime.Serialization.Json.dll
           /usr/lib64/dotnet/packs/Microsoft.NETCore.App.Ref/8.0.22/ref/net8.0/System.Runtime.Serialization.Primitives.dll
           /usr/lib64/dotnet/packs/Microsoft.NETCore.App.Ref/8.0.22/ref/net8.0/System.Runtime.Serialization.Xml.dll
           /usr/lib64/dotnet/packs/Microsoft.NETCore.App.Ref/8.0.22/ref/net8.0/System.Security.AccessControl.dll
           /usr/lib64/dotnet/packs/Microsoft.NETCore.App.Ref/8.0.22/ref/net8.0/System.Security.Claims.dll
           /usr/lib64/dotnet/packs/Microsoft.NETCore.App.Ref/8.0.22/ref/net8.0/System.Security.Cryptography.Algorithms.dll
           /usr/lib64/dotnet/packs/Microsoft.NETCore.App.Ref/8.0.22/ref/net8.0/System.Security.Cryptography.Cng.dll
           /usr/lib64/dotnet/packs/Microsoft.NETCore.App.Ref/8.0.22/ref/net8.0/System.Security.Cryptography.Csp.dll
           /usr/lib64/dotnet/packs/Microsoft.NETCore.App.Ref/8.0.22/ref/net8.0/System.Security.Cryptography.dll
           /usr/lib64/dotnet/packs/Microsoft.NETCore.App.Ref/8.0.22/ref/net8.0/System.Security.Cryptography.Encoding.dll
           /usr/lib64/dotnet/packs/Microsoft.NETCore.App.Ref/8.0.22/ref/net8.0/System.Security.Cryptography.OpenSsl.dll
           /usr/lib64/dotnet/packs/Microsoft.NETCore.App.Ref/8.0.22/ref/net8.0/System.Security.Cryptography.Primitives.dll
           /usr/lib64/dotnet/packs/Microsoft.NETCore.App.Ref/8.0.22/ref/net8.0/System.Security.Cryptography.X509Certificates.dll
           /usr/lib64/dotnet/packs/Microsoft.AspNetCore.App.Ref/8.0.22/ref/net8.0/System.Security.Cryptography.Xml.dll
           /usr/lib64/dotnet/packs/Microsoft.NETCore.App.Ref/8.0.22/ref/net8.0/System.Security.dll
           /usr/lib64/dotnet/packs/Microsoft.NETCore.App.Ref/8.0.22/ref/net8.0/System.Security.Principal.dll
           /usr/lib64/dotnet/packs/Microsoft.NETCore.App.Ref/8.0.22/ref/net8.0/System.Security.Principal.Windows.dll
           /usr/lib64/dotnet/packs/Microsoft.NETCore.App.Ref/8.0.22/ref/net8.0/System.Security.SecureString.dll
           /usr/lib64/dotnet/packs/Microsoft.NETCore.App.Ref/8.0.22/ref/net8.0/System.ServiceModel.Web.dll
           /usr/lib64/dotnet/packs/Microsoft.NETCore.App.Ref/8.0.22/ref/net8.0/System.ServiceProcess.dll
           /usr/lib64/dotnet/packs/Microsoft.NETCore.App.Ref/8.0.22/ref/net8.0/System.Text.Encoding.CodePages.dll
           /usr/lib64/dotnet/packs/Microsoft.NETCore.App.Ref/8.0.22/ref/net8.0/System.Text.Encoding.dll
           /usr/lib64/dotnet/packs/Microsoft.NETCore.App.Ref/8.0.22/ref/net8.0/System.Text.Encoding.Extensions.dll
           /usr/lib64/dotnet/packs/Microsoft.NETCore.App.Ref/8.0.22/ref/net8.0/System.Text.Encodings.Web.dll
           /usr/lib64/dotnet/packs/Microsoft.NETCore.App.Ref/8.0.22/ref/net8.0/System.Text.Json.dll
           /usr/lib64/dotnet/packs/Microsoft.NETCore.App.Ref/8.0.22/ref/net8.0/System.Text.RegularExpressions.dll
           /usr/lib64/dotnet/packs/Microsoft.NETCore.App.Ref/8.0.22/ref/net8.0/System.Threading.Channels.dll
           /usr/lib64/dotnet/packs/Microsoft.NETCore.App.Ref/8.0.22/ref/net8.0/System.Threading.dll
           /usr/lib64/dotnet/packs/Microsoft.NETCore.App.Ref/8.0.22/ref/net8.0/System.Threading.Overlapped.dll
           /usr/lib64/dotnet/packs/Microsoft.AspNetCore.App.Ref/8.0.22/ref/net8.0/System.Threading.RateLimiting.dll
           /usr/lib64/dotnet/packs/Microsoft.NETCore.App.Ref/8.0.22/ref/net8.0/System.Threading.Tasks.Dataflow.dll
           /usr/lib64/dotnet/packs/Microsoft.NETCore.App.Ref/8.0.22/ref/net8.0/System.Threading.Tasks.dll
           /usr/lib64/dotnet/packs/Microsoft.NETCore.App.Ref/8.0.22/ref/net8.0/System.Threading.Tasks.Extensions.dll
           /usr/lib64/dotnet/packs/Microsoft.NETCore.App.Ref/8.0.22/ref/net8.0/System.Threading.Tasks.Parallel.dll
           /usr/lib64/dotnet/packs/Microsoft.NETCore.App.Ref/8.0.22/ref/net8.0/System.Threading.Thread.dll
           /usr/lib64/dotnet/packs/Microsoft.NETCore.App.Ref/8.0.22/ref/net8.0/System.Threading.ThreadPool.dll
           /usr/lib64/dotnet/packs/Microsoft.NETCore.App.Ref/8.0.22/ref/net8.0/System.Threading.Timer.dll
           /usr/lib64/dotnet/packs/Microsoft.NETCore.App.Ref/8.0.22/ref/net8.0/System.Transactions.dll
           /usr/lib64/dotnet/packs/Microsoft.NETCore.App.Ref/8.0.22/ref/net8.0/System.Transactions.Local.dll
           /usr/lib64/dotnet/packs/Microsoft.NETCore.App.Ref/8.0.22/ref/net8.0/System.ValueTuple.dll
           /usr/lib64/dotnet/packs/Microsoft.NETCore.App.Ref/8.0.22/ref/net8.0/System.Web.dll
           /usr/lib64/dotnet/packs/Microsoft.NETCore.App.Ref/8.0.22/ref/net8.0/System.Web.HttpUtility.dll
           /usr/lib64/dotnet/packs/Microsoft.NETCore.App.Ref/8.0.22/ref/net8.0/System.Windows.dll
           /usr/lib64/dotnet/packs/Microsoft.NETCore.App.Ref/8.0.22/ref/net8.0/System.Xml.dll
           /usr/lib64/dotnet/packs/Microsoft.NETCore.App.Ref/8.0.22/ref/net8.0/System.Xml.Linq.dll
           /usr/lib64/dotnet/packs/Microsoft.NETCore.App.Ref/8.0.22/ref/net8.0/System.Xml.ReaderWriter.dll
           /usr/lib64/dotnet/packs/Microsoft.NETCore.App.Ref/8.0.22/ref/net8.0/System.Xml.Serialization.dll
           /usr/lib64/dotnet/packs/Microsoft.NETCore.App.Ref/8.0.22/ref/net8.0/System.Xml.XDocument.dll
           /usr/lib64/dotnet/packs/Microsoft.NETCore.App.Ref/8.0.22/ref/net8.0/System.Xml.XmlDocument.dll
           /usr/lib64/dotnet/packs/Microsoft.NETCore.App.Ref/8.0.22/ref/net8.0/System.Xml.XmlSerializer.dll
           /usr/lib64/dotnet/packs/Microsoft.NETCore.App.Ref/8.0.22/ref/net8.0/System.Xml.XPath.dll
           /usr/lib64/dotnet/packs/Microsoft.NETCore.App.Ref/8.0.22/ref/net8.0/System.Xml.XPath.XDocument.dll
           /usr/lib64/dotnet/packs/Microsoft.NETCore.App.Ref/8.0.22/ref/net8.0/WindowsBase.dll
           obj/Debug/net8.0/Entegrasyon.ApplicationBootstrap.csproj.CoreCompileInputs.cache
           /usr/lib64/dotnet/sdk/10.0.101/Sdks/Microsoft.NET.Sdk/targets/../analyzers/Microsoft.CodeAnalysis.CSharp.NetAnalyzers.dll
           /usr/lib64/dotnet/sdk/10.0.101/Sdks/Microsoft.NET.Sdk/targets/../analyzers/Microsoft.CodeAnalysis.NetAnalyzers.dll
           /home/baturhan/.nuget/packages/microsoft.entityframeworkcore.analyzers/8.0.15/analyzers/dotnet/cs/Microsoft.EntityFrameworkCore.Analyzers.dll
           /usr/lib64/dotnet/packs/Microsoft.NETCore.App.Ref/8.0.22/analyzers/dotnet/cs/Microsoft.Interop.ComInterfaceGenerator.dll
           /usr/lib64/dotnet/packs/Microsoft.NETCore.App.Ref/8.0.22/analyzers/dotnet/cs/Microsoft.Interop.JavaScript.JSImportGenerator.dll
           /usr/lib64/dotnet/packs/Microsoft.NETCore.App.Ref/8.0.22/analyzers/dotnet/cs/Microsoft.Interop.LibraryImportGenerator.dll
           /usr/lib64/dotnet/packs/Microsoft.NETCore.App.Ref/8.0.22/analyzers/dotnet/cs/Microsoft.Interop.SourceGeneration.dll
           /usr/lib64/dotnet/packs/Microsoft.NETCore.App.Ref/8.0.22/analyzers/dotnet/cs/System.Text.Json.SourceGeneration.dll
           /usr/lib64/dotnet/packs/Microsoft.NETCore.App.Ref/8.0.22/analyzers/dotnet/cs/System.Text.RegularExpressions.Generator.dll
           /usr/lib64/dotnet/packs/Microsoft.AspNetCore.App.Ref/8.0.22/analyzers/dotnet/cs/Microsoft.AspNetCore.App.Analyzers.dll
           /usr/lib64/dotnet/packs/Microsoft.AspNetCore.App.Ref/8.0.22/analyzers/dotnet/cs/Microsoft.AspNetCore.App.CodeFixes.dll
           /usr/lib64/dotnet/packs/Microsoft.AspNetCore.App.Ref/8.0.22/analyzers/dotnet/cs/Microsoft.AspNetCore.Components.Analyzers.dll
           /usr/lib64/dotnet/packs/Microsoft.AspNetCore.App.Ref/8.0.22/analyzers/dotnet/roslyn4.4/cs/Microsoft.Extensions.Logging.Generators.dll
           /usr/lib64/dotnet/packs/Microsoft.AspNetCore.App.Ref/8.0.22/analyzers/dotnet/roslyn4.4/cs/Microsoft.Extensions.Options.SourceGeneration.dll
           /home/baturhan/Projeler/Entegrasyon/.editorconfig
           obj/Debug/net8.0/Entegrasyon.ApplicationBootstrap.GeneratedMSBuildEditorConfig.editorconfig
           /usr/lib64/dotnet/sdk/10.0.101/Sdks/Microsoft.NET.Sdk/analyzers/build/config/analysislevel_8_default.globalconfig
           /home/baturhan/Projeler/Entegrasyon/Application/Entegrasyon.ApplicationBootstrap/obj/Entegrasyon.ApplicationBootstrap.csproj.nuget.g.targets
           /usr/lib64/dotnet/sdk/10.0.101/Current/Microsoft.Common.targets/ImportAfter/Microsoft.TestPlatform.ImportAfter.targets
           obj/Debug/net8.0/Entegrasyon.ApplicationBootstrap.sourcelink.json
   3:6>ResolveAssemblyReferences:
         Primary reference "Microsoft.AspNetCore.DataProtection.Abstractions, Version=8.0.0.0, Culture=neutral, PublicKeyToken=adb9793829ddae60".
   4:6>CoreCompile:
       Output files: 
           obj/Debug/net8.0/Entegrasyon.ApplicationBootstrap.dll
           obj/Debug/net8.0/refint/Entegrasyon.ApplicationBootstrap.dll
           obj/Debug/net8.0/Entegrasyon.ApplicationBootstrap.pdb
   3:6>ResolveAssemblyReferences:
             Resolved file path is "/usr/lib64/dotnet/packs/Microsoft.AspNetCore.App.Ref/8.0.22/ref/net8.0/Microsoft.AspNetCore.DataProtection.Abstractions.dll".
   4:6>CoreCompile:
       /usr/lib64/dotnet/sdk/10.0.101/Roslyn/Microsoft.CSharp.Core.targets(66,7): message : Property reassignment: $(NoWarn)="1701;1702;1701;1702" (previous value: "1701;1702") at /usr/lib64/dotnet/sdk/10.0.101/Roslyn/Microsoft.CSharp.Core.targets (66,7) [/home/baturhan/Projeler/Entegrasyon/Application/Entegrasyon.ApplicationBootstrap/Entegrasyon.ApplicationBootstrap.csproj]
   3:6>ResolveAssemblyReferences:
             Reference found at search path location "{RawFileName}".
             This reference is not "CopyLocal" because at least one source item had "Private" set to "false" and no source items had "Private" set to "true".
   4:6>Done building target "CoreCompile" in project "Entegrasyon.ApplicationBootstrap.csproj".
   3:6>ResolveAssemblyReferences:
             The ImageRuntimeVersion for this reference is "".
         Primary reference "Microsoft.AspNetCore.DataProtection.Extensions, Version=8.0.0.0, Culture=neutral, PublicKeyToken=adb9793829ddae60".
   4:6>Target "AfterCompile" in file "/usr/lib64/dotnet/sdk/10.0.101/Microsoft.Common.CurrentVersion.targets" from project "/home/baturhan/Projeler/Entegrasyon/Application/Entegrasyon.ApplicationBootstrap/Entegrasyon.ApplicationBootstrap.csproj" (target "Compile" depends on it):
   4:6>Done building target "AfterCompile" in project "Entegrasyon.ApplicationBootstrap.csproj".
   3:6>ResolveAssemblyReferences:
             Resolved file path is "/usr/lib64/dotnet/packs/Microsoft.AspNetCore.App.Ref/8.0.22/ref/net8.0/Microsoft.AspNetCore.DataProtection.Extensions.dll".
             Reference found at search path location "{RawFileName}".
             This reference is not "CopyLocal" because at least one source item had "Private" set to "false" and no source items had "Private" set to "true".
             The ImageRuntimeVersion for this reference is "".
         Primary reference "Microsoft.AspNetCore.DataProtection, Version=8.0.0.0, Culture=neutral, PublicKeyToken=adb9793829ddae60".
   4:6>Target "Compile" in file "/usr/lib64/dotnet/sdk/10.0.101/Microsoft.Common.CurrentVersion.targets" from project "/home/baturhan/Projeler/Entegrasyon/Application/Entegrasyon.ApplicationBootstrap/Entegrasyon.ApplicationBootstrap.csproj" (target "CoreBuild" depends on it):
   4:6>Done building target "Compile" in project "Entegrasyon.ApplicationBootstrap.csproj".
   3:6>ResolveAssemblyReferences:
             Resolved file path is "/usr/lib64/dotnet/packs/Microsoft.AspNetCore.App.Ref/8.0.22/ref/net8.0/Microsoft.AspNetCore.DataProtection.dll".
             Reference found at search path location "{RawFileName}".
   4:6>Target "_GenerateSatelliteAssemblyInputs" in file "/usr/lib64/dotnet/sdk/10.0.101/Microsoft.Common.CurrentVersion.targets" from project "/home/baturhan/Projeler/Entegrasyon/Application/Entegrasyon.ApplicationBootstrap/Entegrasyon.ApplicationBootstrap.csproj" (target "CreateSatelliteAssemblies" depends on it):
   4:6>Done building target "_GenerateSatelliteAssemblyInputs" in project "Entegrasyon.ApplicationBootstrap.csproj".
   3:6>ResolveAssemblyReferences:
             This reference is not "CopyLocal" because at least one source item had "Private" set to "false" and no source items had "Private" set to "true".
             The ImageRuntimeVersion for this reference is "".
         Primary reference "Microsoft.AspNetCore.Diagnostics.Abstractions, Version=8.0.0.0, Culture=neutral, PublicKeyToken=adb9793829ddae60".
   4:6>Target "CreateSatelliteAssemblies" in file "/usr/lib64/dotnet/sdk/10.0.101/Microsoft.Common.CurrentVersion.targets" from project "/home/baturhan/Projeler/Entegrasyon/Application/Entegrasyon.ApplicationBootstrap/Entegrasyon.ApplicationBootstrap.csproj" (target "CoreBuild" depends on it):
   4:6>Done building target "CreateSatelliteAssemblies" in project "Entegrasyon.ApplicationBootstrap.csproj".
   3:6>ResolveAssemblyReferences:
             Resolved file path is "/usr/lib64/dotnet/packs/Microsoft.AspNetCore.App.Ref/8.0.22/ref/net8.0/Microsoft.AspNetCore.Diagnostics.Abstractions.dll".
   4:6>Target "GetTargetPathWithTargetPlatformMoniker" in file "/usr/lib64/dotnet/sdk/10.0.101/Microsoft.Common.CurrentVersion.targets" from project "/home/baturhan/Projeler/Entegrasyon/Application/Entegrasyon.ApplicationBootstrap/Entegrasyon.ApplicationBootstrap.csproj" (target "GetTargetPath" depends on it):
   4:6>Done building target "GetTargetPathWithTargetPlatformMoniker" in project "Entegrasyon.ApplicationBootstrap.csproj".
   3:6>ResolveAssemblyReferences:
             Reference found at search path location "{RawFileName}".
             This reference is not "CopyLocal" because at least one source item had "Private" set to "false" and no source items had "Private" set to "true".
             The ImageRuntimeVersion for this reference is "".
   4:6>Target "GetTargetPath" in file "/usr/lib64/dotnet/sdk/10.0.101/Microsoft.Common.CurrentVersion.targets" from project "/home/baturhan/Projeler/Entegrasyon/Application/Entegrasyon.ApplicationBootstrap/Entegrasyon.ApplicationBootstrap.csproj" (target "CoreBuild" depends on it):
   4:6>Done building target "GetTargetPath" in project "Entegrasyon.ApplicationBootstrap.csproj".
   3:6>ResolveAssemblyReferences:
         Primary reference "Microsoft.AspNetCore.Diagnostics.HealthChecks, Version=8.0.0.0, Culture=neutral, PublicKeyToken=adb9793829ddae60".
             Resolved file path is "/usr/lib64/dotnet/packs/Microsoft.AspNetCore.App.Ref/8.0.22/ref/net8.0/Microsoft.AspNetCore.Diagnostics.HealthChecks.dll".
   4:6>Target "_CopyFilesMarkedCopyLocal" in file "/usr/lib64/dotnet/sdk/10.0.101/Microsoft.Common.CurrentVersion.targets" from project "/home/baturhan/Projeler/Entegrasyon/Application/Entegrasyon.ApplicationBootstrap/Entegrasyon.ApplicationBootstrap.csproj" (target "CopyFilesToOutputDirectory" depends on it):
   4:6>Using "Copy" task from assembly "Microsoft.Build.Tasks.Core, Version=15.1.0.0, Culture=neutral, PublicKeyToken=b03f5f7f11d50a3a".
   3:6>ResolveAssemblyReferences:
             Reference found at search path location "{RawFileName}".
   4:6>Task "Copy"
   3:6>ResolveAssemblyReferences:
             This reference is not "CopyLocal" because at least one source item had "Private" set to "false" and no source items had "Private" set to "true".
             The ImageRuntimeVersion for this reference is "".
   4:6>_CopyFilesMarkedCopyLocal:
         Did not copy from file "/home/baturhan/Projeler/Entegrasyon/Application/Entegrasyon.Business/bin/Debug/net8.0/Entegrasyon.Business.dll" to file "bin/Debug/net8.0/Entegrasyon.Business.dll" because the "SkipUnchangedFiles" parameter was set to "true" in the project and the files' sizes and timestamps match.
   3:6>ResolveAssemblyReferences:
         Primary reference "Microsoft.AspNetCore.Diagnostics, Version=8.0.0.0, Culture=neutral, PublicKeyToken=adb9793829ddae60".
   4:6>_CopyFilesMarkedCopyLocal:
         Did not copy from file "/home/baturhan/Projeler/Entegrasyon/Application/Entegrasyon.DataAccess/bin/Debug/net8.0/Entegrasyon.DataAccess.dll" to file "bin/Debug/net8.0/Entegrasyon.DataAccess.dll" because the "SkipUnchangedFiles" parameter was set to "true" in the project and the files' sizes and timestamps match.
   3:6>ResolveAssemblyReferences:
             Resolved file path is "/usr/lib64/dotnet/packs/Microsoft.AspNetCore.App.Ref/8.0.22/ref/net8.0/Microsoft.AspNetCore.Diagnostics.dll".
   4:6>_CopyFilesMarkedCopyLocal:
         Did not copy from file "/home/baturhan/Projeler/Entegrasyon/Shared/Shared/bin/Debug/net8.0/Shared.dll" to file "bin/Debug/net8.0/Shared.dll" because the "SkipUnchangedFiles" parameter was set to "true" in the project and the files' sizes and timestamps match.
   3:6>ResolveAssemblyReferences:
             Reference found at search path location "{RawFileName}".
             This reference is not "CopyLocal" because at least one source item had "Private" set to "false" and no source items had "Private" set to "true".
   4:6>_CopyFilesMarkedCopyLocal:
         Did not copy from file "/home/baturhan/Projeler/Entegrasyon/Application/Entegrasyon.Entity/bin/Debug/net8.0/Entegrasyon.Entity.dll" to file "bin/Debug/net8.0/Entegrasyon.Entity.dll" because the "SkipUnchangedFiles" parameter was set to "true" in the project and the files' sizes and timestamps match.
   3:6>ResolveAssemblyReferences:
             The ImageRuntimeVersion for this reference is "".
   4:6>_CopyFilesMarkedCopyLocal:
         Did not copy from file "/home/baturhan/Projeler/Entegrasyon/Application/Entegrasyon.MessageQueue.Commands/bin/Debug/net8.0/Entegrasyon.MessageQueue.Commands.dll" to file "bin/Debug/net8.0/Entegrasyon.MessageQueue.Commands.dll" because the "SkipUnchangedFiles" parameter was set to "true" in the project and the files' sizes and timestamps match.
   3:6>ResolveAssemblyReferences:
         Primary reference "Microsoft.AspNetCore.HostFiltering, Version=8.0.0.0, Culture=neutral, PublicKeyToken=adb9793829ddae60".
   4:6>_CopyFilesMarkedCopyLocal:
         Did not copy from file "/home/baturhan/Projeler/Entegrasyon/Shared/Shared/bin/Debug/net8.0/Shared.pdb" to file "bin/Debug/net8.0/Shared.pdb" because the "SkipUnchangedFiles" parameter was set to "true" in the project and the files' sizes and timestamps match.
   3:6>ResolveAssemblyReferences:
             Resolved file path is "/usr/lib64/dotnet/packs/Microsoft.AspNetCore.App.Ref/8.0.22/ref/net8.0/Microsoft.AspNetCore.HostFiltering.dll".
   4:6>_CopyFilesMarkedCopyLocal:
         Did not copy from file "/home/baturhan/Projeler/Entegrasyon/Application/Entegrasyon.Business/bin/Debug/net8.0/Entegrasyon.Business.pdb" to file "bin/Debug/net8.0/Entegrasyon.Business.pdb" because the "SkipUnchangedFiles" parameter was set to "true" in the project and the files' sizes and timestamps match.
   3:6>ResolveAssemblyReferences:
             Reference found at search path location "{RawFileName}".
             This reference is not "CopyLocal" because at least one source item had "Private" set to "false" and no source items had "Private" set to "true".
   4:6>_CopyFilesMarkedCopyLocal:
         Did not copy from file "/home/baturhan/Projeler/Entegrasyon/Application/Entegrasyon.DataAccess/bin/Debug/net8.0/Entegrasyon.DataAccess.pdb" to file "bin/Debug/net8.0/Entegrasyon.DataAccess.pdb" because the "SkipUnchangedFiles" parameter was set to "true" in the project and the files' sizes and timestamps match.
   3:6>ResolveAssemblyReferences:
             The ImageRuntimeVersion for this reference is "".
         Primary reference "Microsoft.AspNetCore.Hosting.Abstractions, Version=8.0.0.0, Culture=neutral, PublicKeyToken=adb9793829ddae60".
   4:6>_CopyFilesMarkedCopyLocal:
         Did not copy from file "/home/baturhan/Projeler/Entegrasyon/Application/Entegrasyon.Business/bin/Debug/net8.0/en/Entegrasyon.Business.resources.dll" to file "bin/Debug/net8.0/en/Entegrasyon.Business.resources.dll" because the "SkipUnchangedFiles" parameter was set to "true" in the project and the files' sizes and timestamps match.
   3:6>ResolveAssemblyReferences:
             Resolved file path is "/usr/lib64/dotnet/packs/Microsoft.AspNetCore.App.Ref/8.0.22/ref/net8.0/Microsoft.AspNetCore.Hosting.Abstractions.dll".
   4:6>_CopyFilesMarkedCopyLocal:
         Did not copy from file "/home/baturhan/Projeler/Entegrasyon/Application/Entegrasyon.Business/bin/Debug/net8.0/tr/Entegrasyon.Business.resources.dll" to file "bin/Debug/net8.0/tr/Entegrasyon.Business.resources.dll" because the "SkipUnchangedFiles" parameter was set to "true" in the project and the files' sizes and timestamps match.
   3:6>ResolveAssemblyReferences:
             Reference found at search path location "{RawFileName}".
   4:6>_CopyFilesMarkedCopyLocal:
         Did not copy from file "/home/baturhan/Projeler/Entegrasyon/Application/Entegrasyon.Entity/bin/Debug/net8.0/Entegrasyon.Entity.pdb" to file "bin/Debug/net8.0/Entegrasyon.Entity.pdb" because the "SkipUnchangedFiles" parameter was set to "true" in the project and the files' sizes and timestamps match.
   3:6>ResolveAssemblyReferences:
             This reference is not "CopyLocal" because at least one source item had "Private" set to "false" and no source items had "Private" set to "true".
   4:6>_CopyFilesMarkedCopyLocal:
         Did not copy from file "/home/baturhan/Projeler/Entegrasyon/Application/Entegrasyon.MessageQueue.Commands/bin/Debug/net8.0/Entegrasyon.MessageQueue.Commands.pdb" to file "bin/Debug/net8.0/Entegrasyon.MessageQueue.Commands.pdb" because the "SkipUnchangedFiles" parameter was set to "true" in the project and the files' sizes and timestamps match.
   3:6>ResolveAssemblyReferences:
             The ImageRuntimeVersion for this reference is "".
   4:6>Done executing task "Copy".
   3:6>ResolveAssemblyReferences:
         Primary reference "Microsoft.AspNetCore.Hosting.Server.Abstractions, Version=8.0.0.0, Culture=neutral, PublicKeyToken=adb9793829ddae60".
   4:6>Done building target "_CopyFilesMarkedCopyLocal" in project "Entegrasyon.ApplicationBootstrap.csproj".
   3:6>ResolveAssemblyReferences:
             Resolved file path is "/usr/lib64/dotnet/packs/Microsoft.AspNetCore.App.Ref/8.0.22/ref/net8.0/Microsoft.AspNetCore.Hosting.Server.Abstractions.dll".
   4:6>Target "AssignTargetPaths" skipped. Previously built successfully.
   3:6>ResolveAssemblyReferences:
             Reference found at search path location "{RawFileName}".
             This reference is not "CopyLocal" because at least one source item had "Private" set to "false" and no source items had "Private" set to "true".
   4:6>Target "AssignProjectConfiguration" skipped. Previously built successfully.
   3:6>ResolveAssemblyReferences:
             The ImageRuntimeVersion for this reference is "".
   4:6>Target "_SplitProjectReferencesByFileExistence" skipped. Previously built successfully.
   3:6>ResolveAssemblyReferences:
         Primary reference "Microsoft.AspNetCore.Hosting, Version=8.0.0.0, Culture=neutral, PublicKeyToken=adb9793829ddae60".
   4:6>Target "_GetProjectReferenceTargetFrameworkProperties" skipped. Previously built successfully.
   3:6>ResolveAssemblyReferences:
             Resolved file path is "/usr/lib64/dotnet/packs/Microsoft.AspNetCore.App.Ref/8.0.22/ref/net8.0/Microsoft.AspNetCore.Hosting.dll".
             Reference found at search path location "{RawFileName}".
   4:6>Target "_PopulateCommonStateForGetCopyToOutputDirectoryItems" in file "/usr/lib64/dotnet/sdk/10.0.101/Microsoft.Common.CurrentVersion.targets" from project "/home/baturhan/Projeler/Entegrasyon/Application/Entegrasyon.ApplicationBootstrap/Entegrasyon.ApplicationBootstrap.csproj" (target "GetCopyToOutputDirectoryItems" depends on it):
   4:6>Done building target "_PopulateCommonStateForGetCopyToOutputDirectoryItems" in project "Entegrasyon.ApplicationBootstrap.csproj".
   3:6>ResolveAssemblyReferences:
             This reference is not "CopyLocal" because at least one source item had "Private" set to "false" and no source items had "Private" set to "true".
             The ImageRuntimeVersion for this reference is "".
         Primary reference "Microsoft.AspNetCore.Html.Abstractions, Version=8.0.0.0, Culture=neutral, PublicKeyToken=adb9793829ddae60".
   4:6>Target "GetCopyToOutputDirectoryItems" in file "/usr/lib64/dotnet/sdk/10.0.101/Microsoft.Common.CurrentVersion.targets" from project "/home/baturhan/Projeler/Entegrasyon/Application/Entegrasyon.ApplicationBootstrap/Entegrasyon.ApplicationBootstrap.csproj" (target "_CopySourceItemsToOutputDirectory" depends on it):
   4:6>Using "CallTarget" task from assembly "Microsoft.Build.Tasks.Core, Version=15.1.0.0, Culture=neutral, PublicKeyToken=b03f5f7f11d50a3a".
   3:6>ResolveAssemblyReferences:
             Resolved file path is "/usr/lib64/dotnet/packs/Microsoft.AspNetCore.App.Ref/8.0.22/ref/net8.0/Microsoft.AspNetCore.Html.Abstractions.dll".
   4:6>Task "CallTarget"
   3:6>ResolveAssemblyReferences:
             Reference found at search path location "{RawFileName}".
   4:6>Target "_PopulateCommonStateForGetCopyToOutputDirectoryItems" skipped. Previously built successfully.
   3:6>ResolveAssemblyReferences:
             This reference is not "CopyLocal" because at least one source item had "Private" set to "false" and no source items had "Private" set to "true".
   4:6>Target "_AddOutputPathToGlobalPropertiesToRemove" skipped. Previously built successfully.
   3:6>ResolveAssemblyReferences:
             The ImageRuntimeVersion for this reference is "".
         Primary reference "Microsoft.AspNetCore.Http.Abstractions, Version=8.0.0.0, Culture=neutral, PublicKeyToken=adb9793829ddae60".
             Resolved file path is "/usr/lib64/dotnet/packs/Microsoft.AspNetCore.App.Ref/8.0.22/ref/net8.0/Microsoft.AspNetCore.Http.Abstractions.dll".
   4:6>Target "_GetCopyToOutputDirectoryItemsFromTransitiveProjectReferences" in file "/usr/lib64/dotnet/sdk/10.0.101/Microsoft.Common.CurrentVersion.targets" from project "/home/baturhan/Projeler/Entegrasyon/Application/Entegrasyon.ApplicationBootstrap/Entegrasyon.ApplicationBootstrap.csproj" (target "GetCopyToOutputDirectoryItems" depends on it):
   4:6>Task "MSBuild"
   3:6>ResolveAssemblyReferences:
             Reference found at search path location "{RawFileName}".
             This reference is not "CopyLocal" because at least one source item had "Private" set to "false" and no source items had "Private" set to "true".
             The ImageRuntimeVersion for this reference is "".
   4:6>_GetCopyToOutputDirectoryItemsFromTransitiveProjectReferences:
         Removing Properties for project "../../Shared/Shared/Shared.csproj":
   3:6>ResolveAssemblyReferences:
         Primary reference "Microsoft.AspNetCore.Http.Connections.Common, Version=8.0.0.0, Culture=neutral, PublicKeyToken=adb9793829ddae60".
   4:6>_GetCopyToOutputDirectoryItemsFromTransitiveProjectReferences:
           TargetFramework
   3:6>ResolveAssemblyReferences:
             Resolved file path is "/usr/lib64/dotnet/packs/Microsoft.AspNetCore.App.Ref/8.0.22/ref/net8.0/Microsoft.AspNetCore.Http.Connections.Common.dll".
   4:6>_GetCopyToOutputDirectoryItemsFromTransitiveProjectReferences:
           RuntimeIdentifier
   3:6>ResolveAssemblyReferences:
             Reference found at search path location "{RawFileName}".
             This reference is not "CopyLocal" because at least one source item had "Private" set to "false" and no source items had "Private" set to "true".
   4:6>_GetCopyToOutputDirectoryItemsFromTransitiveProjectReferences:
           SelfContained
   3:6>ResolveAssemblyReferences:
             The ImageRuntimeVersion for this reference is "".
   4:6>_GetCopyToOutputDirectoryItemsFromTransitiveProjectReferences:
         Removing Properties for project "../Entegrasyon.Business/Entegrasyon.Business.csproj":
   3:6>ResolveAssemblyReferences:
         Primary reference "Microsoft.AspNetCore.Http.Connections, Version=8.0.0.0, Culture=neutral, PublicKeyToken=adb9793829ddae60".
   4:6>_GetCopyToOutputDirectoryItemsFromTransitiveProjectReferences:
           TargetFramework
   3:6>ResolveAssemblyReferences:
             Resolved file path is "/usr/lib64/dotnet/packs/Microsoft.AspNetCore.App.Ref/8.0.22/ref/net8.0/Microsoft.AspNetCore.Http.Connections.dll".
   4:6>_GetCopyToOutputDirectoryItemsFromTransitiveProjectReferences:
           RuntimeIdentifier
   3:6>ResolveAssemblyReferences:
             Reference found at search path location "{RawFileName}".
   4:6>_GetCopyToOutputDirectoryItemsFromTransitiveProjectReferences:
           SelfContained
   3:6>ResolveAssemblyReferences:
             This reference is not "CopyLocal" because at least one source item had "Private" set to "false" and no source items had "Private" set to "true".
   4:6>_GetCopyToOutputDirectoryItemsFromTransitiveProjectReferences:
         Removing Properties for project "../Entegrasyon.DataAccess/Entegrasyon.DataAccess.csproj":
   3:6>ResolveAssemblyReferences:
             The ImageRuntimeVersion for this reference is "".
   4:6>_GetCopyToOutputDirectoryItemsFromTransitiveProjectReferences:
           TargetFramework
   3:6>ResolveAssemblyReferences:
         Primary reference "Microsoft.AspNetCore.Http.Extensions, Version=8.0.0.0, Culture=neutral, PublicKeyToken=adb9793829ddae60".
   4:6>_GetCopyToOutputDirectoryItemsFromTransitiveProjectReferences:
           RuntimeIdentifier
   3:6>ResolveAssemblyReferences:
             Resolved file path is "/usr/lib64/dotnet/packs/Microsoft.AspNetCore.App.Ref/8.0.22/ref/net8.0/Microsoft.AspNetCore.Http.Extensions.dll".
   4:6>_GetCopyToOutputDirectoryItemsFromTransitiveProjectReferences:
           SelfContained
   3:6>ResolveAssemblyReferences:
             Reference found at search path location "{RawFileName}".
   4:6>_GetCopyToOutputDirectoryItemsFromTransitiveProjectReferences:
         Removing Properties for project "../Entegrasyon.Entity/Entegrasyon.Entity.csproj":
   3:6>ResolveAssemblyReferences:
             This reference is not "CopyLocal" because at least one source item had "Private" set to "false" and no source items had "Private" set to "true".
   4:6>_GetCopyToOutputDirectoryItemsFromTransitiveProjectReferences:
           TargetFramework
   3:6>ResolveAssemblyReferences:
             The ImageRuntimeVersion for this reference is "".
   4:6>_GetCopyToOutputDirectoryItemsFromTransitiveProjectReferences:
           RuntimeIdentifier
   3:6>ResolveAssemblyReferences:
         Primary reference "Microsoft.AspNetCore.Http.Features, Version=8.0.0.0, Culture=neutral, PublicKeyToken=adb9793829ddae60".
   4:6>_GetCopyToOutputDirectoryItemsFromTransitiveProjectReferences:
           SelfContained
   3:6>ResolveAssemblyReferences:
             Resolved file path is "/usr/lib64/dotnet/packs/Microsoft.AspNetCore.App.Ref/8.0.22/ref/net8.0/Microsoft.AspNetCore.Http.Features.dll".
   4:6>_GetCopyToOutputDirectoryItemsFromTransitiveProjectReferences:
         Removing Properties for project "../Entegrasyon.MessageQueue.Commands/Entegrasyon.MessageQueue.Commands.csproj":
   3:6>ResolveAssemblyReferences:
             Reference found at search path location "{RawFileName}".
   4:6>_GetCopyToOutputDirectoryItemsFromTransitiveProjectReferences:
           TargetFramework
   3:6>ResolveAssemblyReferences:
             This reference is not "CopyLocal" because at least one source item had "Private" set to "false" and no source items had "Private" set to "true".
   4:6>_GetCopyToOutputDirectoryItemsFromTransitiveProjectReferences:
           RuntimeIdentifier
   3:6>ResolveAssemblyReferences:
             The ImageRuntimeVersion for this reference is "".
         Primary reference "Microsoft.AspNetCore.Http.Results, Version=8.0.0.0, Culture=neutral, PublicKeyToken=adb9793829ddae60".
   4:6>_GetCopyToOutputDirectoryItemsFromTransitiveProjectReferences:
           SelfContained
   3:6>ResolveAssemblyReferences:
             Resolved file path is "/usr/lib64/dotnet/packs/Microsoft.AspNetCore.App.Ref/8.0.22/ref/net8.0/Microsoft.AspNetCore.Http.Results.dll".
             Reference found at search path location "{RawFileName}".
             This reference is not "CopyLocal" because at least one source item had "Private" set to "false" and no source items had "Private" set to "true".
             The ImageRuntimeVersion for this reference is "".
         Primary reference "Microsoft.AspNetCore.Http, Version=8.0.0.0, Culture=neutral, PublicKeyToken=adb9793829ddae60".
             Resolved file path is "/usr/lib64/dotnet/packs/Microsoft.AspNetCore.App.Ref/8.0.22/ref/net8.0/Microsoft.AspNetCore.Http.dll".
             Reference found at search path location "{RawFileName}".
             This reference is not "CopyLocal" because at least one source item had "Private" set to "false" and no source items had "Private" set to "true".
   4:6>Project "/home/baturhan/Projeler/Entegrasyon/Application/Entegrasyon.ApplicationBootstrap/Entegrasyon.ApplicationBootstrap.csproj" (4:6) is building "/home/baturhan/Projeler/Entegrasyon/Shared/Shared/Shared.csproj" (6:31) on node 6 (GetCopyToOutputDirectoryItems target(s)).
  6:31>Target "NETStandardCompatError_Microsoft_Extensions_Configuration_Binder" skipped. Previously built successfully.
       Target "GetCopyToOutputDirectoryItems" skipped. Previously built successfully.
   3:6>ResolveAssemblyReferences:
             The ImageRuntimeVersion for this reference is "".
  6:31>Done Building Project "/home/baturhan/Projeler/Entegrasyon/Shared/Shared/Shared.csproj" (GetCopyToOutputDirectoryItems target(s)).
   3:6>ResolveAssemblyReferences:
         Primary reference "Microsoft.AspNetCore.HttpLogging, Version=8.0.0.0, Culture=neutral, PublicKeyToken=adb9793829ddae60".
   4:6>Project "/home/baturhan/Projeler/Entegrasyon/Application/Entegrasyon.ApplicationBootstrap/Entegrasyon.ApplicationBootstrap.csproj" (4:6) is building "/home/baturhan/Projeler/Entegrasyon/Application/Entegrasyon.DataAccess/Entegrasyon.DataAccess.csproj" (7:18) on node 2 (GetCopyToOutputDirectoryItems target(s)).
  7:18>Target "NETStandardCompatError_Microsoft_Extensions_Configuration_Binder" skipped. Previously built successfully.
       Target "GetCopyToOutputDirectoryItems" skipped. Previously built successfully.
  7:18>Done Building Project "/home/baturhan/Projeler/Entegrasyon/Application/Entegrasyon.DataAccess/Entegrasyon.DataAccess.csproj" (GetCopyToOutputDirectoryItems target(s)).
   4:6>Project "/home/baturhan/Projeler/Entegrasyon/Application/Entegrasyon.ApplicationBootstrap/Entegrasyon.ApplicationBootstrap.csproj" (4:6) is building "/home/baturhan/Projeler/Entegrasyon/Application/Entegrasyon.Entity/Entegrasyon.Entity.csproj" (8:26) on node 1 (GetCopyToOutputDirectoryItems target(s)).
  8:26>Target "NETStandardCompatError_Microsoft_Extensions_Configuration_Binder" skipped. Previously built successfully.
       Target "GetCopyToOutputDirectoryItems" skipped. Previously built successfully.
  8:26>Done Building Project "/home/baturhan/Projeler/Entegrasyon/Application/Entegrasyon.Entity/Entegrasyon.Entity.csproj" (GetCopyToOutputDirectoryItems target(s)).
   3:6>ResolveAssemblyReferences:
             Resolved file path is "/usr/lib64/dotnet/packs/Microsoft.AspNetCore.App.Ref/8.0.22/ref/net8.0/Microsoft.AspNetCore.HttpLogging.dll".
   4:6>Project "/home/baturhan/Projeler/Entegrasyon/Application/Entegrasyon.ApplicationBootstrap/Entegrasyon.ApplicationBootstrap.csproj" (4:6) is building "/home/baturhan/Projeler/Entegrasyon/Application/Entegrasyon.MessageQueue.Commands/Entegrasyon.MessageQueue.Commands.csproj" (5:18) on node 7 (GetCopyToOutputDirectoryItems target(s)).
  5:18>Target "NETStandardCompatError_Microsoft_Extensions_Configuration_Binder" skipped. Previously built successfully.
       Target "GetCopyToOutputDirectoryItems" skipped. Previously built successfully.
  5:18>Done Building Project "/home/baturhan/Projeler/Entegrasyon/Application/Entegrasyon.MessageQueue.Commands/Entegrasyon.MessageQueue.Commands.csproj" (GetCopyToOutputDirectoryItems target(s)).
   3:6>ResolveAssemblyReferences:
             Reference found at search path location "{RawFileName}".
             This reference is not "CopyLocal" because at least one source item had "Private" set to "false" and no source items had "Private" set to "true".
             The ImageRuntimeVersion for this reference is "".
         Primary reference "Microsoft.AspNetCore.HttpOverrides, Version=8.0.0.0, Culture=neutral, PublicKeyToken=adb9793829ddae60".
             Resolved file path is "/usr/lib64/dotnet/packs/Microsoft.AspNetCore.App.Ref/8.0.22/ref/net8.0/Microsoft.AspNetCore.HttpOverrides.dll".
             Reference found at search path location "{RawFileName}".
             This reference is not "CopyLocal" because at least one source item had "Private" set to "false" and no source items had "Private" set to "true".
             The ImageRuntimeVersion for this reference is "".
         Primary reference "Microsoft.AspNetCore.HttpsPolicy, Version=8.0.0.0, Culture=neutral, PublicKeyToken=adb9793829ddae60".
             Resolved file path is "/usr/lib64/dotnet/packs/Microsoft.AspNetCore.App.Ref/8.0.22/ref/net8.0/Microsoft.AspNetCore.HttpsPolicy.dll".
             Reference found at search path location "{RawFileName}".
             This reference is not "CopyLocal" because at least one source item had "Private" set to "false" and no source items had "Private" set to "true".
             The ImageRuntimeVersion for this reference is "".
         Primary reference "Microsoft.AspNetCore.Identity, Version=8.0.0.0, Culture=neutral, PublicKeyToken=adb9793829ddae60".
             Resolved file path is "/usr/lib64/dotnet/packs/Microsoft.AspNetCore.App.Ref/8.0.22/ref/net8.0/Microsoft.AspNetCore.Identity.dll".
             Reference found at search path location "{RawFileName}".
             This reference is not "CopyLocal" because at least one source item had "Private" set to "false" and no source items had "Private" set to "true".
             The ImageRuntimeVersion for this reference is "".
         Primary reference "Microsoft.AspNetCore.Localization.Routing, Version=8.0.0.0, Culture=neutral, PublicKeyToken=adb9793829ddae60".
             Resolved file path is "/usr/lib64/dotnet/packs/Microsoft.AspNetCore.App.Ref/8.0.22/ref/net8.0/Microsoft.AspNetCore.Localization.Routing.dll".
             Reference found at search path location "{RawFileName}".
             This reference is not "CopyLocal" because at least one source item had "Private" set to "false" and no source items had "Private" set to "true".
             The ImageRuntimeVersion for this reference is "".
         Primary reference "Microsoft.AspNetCore.Localization, Version=8.0.0.0, Culture=neutral, PublicKeyToken=adb9793829ddae60".
             Resolved file path is "/usr/lib64/dotnet/packs/Microsoft.AspNetCore.App.Ref/8.0.22/ref/net8.0/Microsoft.AspNetCore.Localization.dll".
             Reference found at search path location "{RawFileName}".
             This reference is not "CopyLocal" because at least one source item had "Private" set to "false" and no source items had "Private" set to "true".
             The ImageRuntimeVersion for this reference is "".
         Primary reference "Microsoft.AspNetCore.Metadata, Version=8.0.0.0, Culture=neutral, PublicKeyToken=adb9793829ddae60".
             Resolved file path is "/usr/lib64/dotnet/packs/Microsoft.AspNetCore.App.Ref/8.0.22/ref/net8.0/Microsoft.AspNetCore.Metadata.dll".
             Reference found at search path location "{RawFileName}".
             This reference is not "CopyLocal" because at least one source item had "Private" set to "false" and no source items had "Private" set to "true".
             The ImageRuntimeVersion for this reference is "".
         Primary reference "Microsoft.AspNetCore.Mvc.Abstractions, Version=8.0.0.0, Culture=neutral, PublicKeyToken=adb9793829ddae60".
             Resolved file path is "/usr/lib64/dotnet/packs/Microsoft.AspNetCore.App.Ref/8.0.22/ref/net8.0/Microsoft.AspNetCore.Mvc.Abstractions.dll".
             Reference found at search path location "{RawFileName}".
             This reference is not "CopyLocal" because at least one source item had "Private" set to "false" and no source items had "Private" set to "true".
             The ImageRuntimeVersion for this reference is "".
         Primary reference "Microsoft.AspNetCore.Mvc.ApiExplorer, Version=8.0.0.0, Culture=neutral, PublicKeyToken=adb9793829ddae60".
   4:6>Project "/home/baturhan/Projeler/Entegrasyon/Application/Entegrasyon.ApplicationBootstrap/Entegrasyon.ApplicationBootstrap.csproj" (4:6) is building "/home/baturhan/Projeler/Entegrasyon/Application/Entegrasyon.Business/Entegrasyon.Business.csproj" (2:15) on node 5 (GetCopyToOutputDirectoryItems target(s)).
  2:15>Target "NETStandardCompatError_Microsoft_Extensions_Configuration_Binder" skipped. Previously built successfully.
       Target "GetCopyToOutputDirectoryItems" skipped. Previously built successfully.
  2:15>Done Building Project "/home/baturhan/Projeler/Entegrasyon/Application/Entegrasyon.Business/Entegrasyon.Business.csproj" (GetCopyToOutputDirectoryItems target(s)).
   3:6>ResolveAssemblyReferences:
             Resolved file path is "/usr/lib64/dotnet/packs/Microsoft.AspNetCore.App.Ref/8.0.22/ref/net8.0/Microsoft.AspNetCore.Mvc.ApiExplorer.dll".
             Reference found at search path location "{RawFileName}".
             This reference is not "CopyLocal" because at least one source item had "Private" set to "false" and no source items had "Private" set to "true".
             The ImageRuntimeVersion for this reference is "".
         Primary reference "Microsoft.AspNetCore.Mvc.Core, Version=8.0.0.0, Culture=neutral, PublicKeyToken=adb9793829ddae60".
             Resolved file path is "/usr/lib64/dotnet/packs/Microsoft.AspNetCore.App.Ref/8.0.22/ref/net8.0/Microsoft.AspNetCore.Mvc.Core.dll".
             Reference found at search path location "{RawFileName}".
             This reference is not "CopyLocal" because at least one source item had "Private" set to "false" and no source items had "Private" set to "true".
             The ImageRuntimeVersion for this reference is "".
         Primary reference "Microsoft.AspNetCore.Mvc.Cors, Version=8.0.0.0, Culture=neutral, PublicKeyToken=adb9793829ddae60".
             Resolved file path is "/usr/lib64/dotnet/packs/Microsoft.AspNetCore.App.Ref/8.0.22/ref/net8.0/Microsoft.AspNetCore.Mvc.Cors.dll".
             Reference found at search path location "{RawFileName}".
             This reference is not "CopyLocal" because at least one source item had "Private" set to "false" and no source items had "Private" set to "true".
             The ImageRuntimeVersion for this reference is "".
         Primary reference "Microsoft.AspNetCore.Mvc.DataAnnotations, Version=8.0.0.0, Culture=neutral, PublicKeyToken=adb9793829ddae60".
             Resolved file path is "/usr/lib64/dotnet/packs/Microsoft.AspNetCore.App.Ref/8.0.22/ref/net8.0/Microsoft.AspNetCore.Mvc.DataAnnotations.dll".
             Reference found at search path location "{RawFileName}".
             This reference is not "CopyLocal" because at least one source item had "Private" set to "false" and no source items had "Private" set to "true".
             The ImageRuntimeVersion for this reference is "".
         Primary reference "Microsoft.AspNetCore.Mvc.Formatters.Json, Version=8.0.0.0, Culture=neutral, PublicKeyToken=adb9793829ddae60".
             Resolved file path is "/usr/lib64/dotnet/packs/Microsoft.AspNetCore.App.Ref/8.0.22/ref/net8.0/Microsoft.AspNetCore.Mvc.Formatters.Json.dll".
             Reference found at search path location "{RawFileName}".
             This reference is not "CopyLocal" because at least one source item had "Private" set to "false" and no source items had "Private" set to "true".
             The ImageRuntimeVersion for this reference is "".
         Primary reference "Microsoft.AspNetCore.Mvc.Formatters.Xml, Version=8.0.0.0, Culture=neutral, PublicKeyToken=adb9793829ddae60".
             Resolved file path is "/usr/lib64/dotnet/packs/Microsoft.AspNetCore.App.Ref/8.0.22/ref/net8.0/Microsoft.AspNetCore.Mvc.Formatters.Xml.dll".
             Reference found at search path location "{RawFileName}".
             This reference is not "CopyLocal" because at least one source item had "Private" set to "false" and no source items had "Private" set to "true".
             The ImageRuntimeVersion for this reference is "".
         Primary reference "Microsoft.AspNetCore.Mvc.Localization, Version=8.0.0.0, Culture=neutral, PublicKeyToken=adb9793829ddae60".
             Resolved file path is "/usr/lib64/dotnet/packs/Microsoft.AspNetCore.App.Ref/8.0.22/ref/net8.0/Microsoft.AspNetCore.Mvc.Localization.dll".
             Reference found at search path location "{RawFileName}".
             This reference is not "CopyLocal" because at least one source item had "Private" set to "false" and no source items had "Private" set to "true".
             The ImageRuntimeVersion for this reference is "".
         Primary reference "Microsoft.AspNetCore.Mvc.Razor, Version=8.0.0.0, Culture=neutral, PublicKeyToken=adb9793829ddae60".
             Resolved file path is "/usr/lib64/dotnet/packs/Microsoft.AspNetCore.App.Ref/8.0.22/ref/net8.0/Microsoft.AspNetCore.Mvc.Razor.dll".
             Reference found at search path location "{RawFileName}".
             This reference is not "CopyLocal" because at least one source item had "Private" set to "false" and no source items had "Private" set to "true".
             The ImageRuntimeVersion for this reference is "".
         Primary reference "Microsoft.AspNetCore.Mvc.RazorPages, Version=8.0.0.0, Culture=neutral, PublicKeyToken=adb9793829ddae60".
             Resolved file path is "/usr/lib64/dotnet/packs/Microsoft.AspNetCore.App.Ref/8.0.22/ref/net8.0/Microsoft.AspNetCore.Mvc.RazorPages.dll".
             Reference found at search path location "{RawFileName}".
             This reference is not "CopyLocal" because at least one source item had "Private" set to "false" and no source items had "Private" set to "true".
             The ImageRuntimeVersion for this reference is "".
         Primary reference "Microsoft.AspNetCore.Mvc.TagHelpers, Version=8.0.0.0, Culture=neutral, PublicKeyToken=adb9793829ddae60".
             Resolved file path is "/usr/lib64/dotnet/packs/Microsoft.AspNetCore.App.Ref/8.0.22/ref/net8.0/Microsoft.AspNetCore.Mvc.TagHelpers.dll".
             Reference found at search path location "{RawFileName}".
             This reference is not "CopyLocal" because at least one source item had "Private" set to "false" and no source items had "Private" set to "true".
             The ImageRuntimeVersion for this reference is "".
         Primary reference "Microsoft.AspNetCore.Mvc.ViewFeatures, Version=8.0.0.0, Culture=neutral, PublicKeyToken=adb9793829ddae60".
             Resolved file path is "/usr/lib64/dotnet/packs/Microsoft.AspNetCore.App.Ref/8.0.22/ref/net8.0/Microsoft.AspNetCore.Mvc.ViewFeatures.dll".
             Reference found at search path location "{RawFileName}".
             This reference is not "CopyLocal" because at least one source item had "Private" set to "false" and no source items had "Private" set to "true".
             The ImageRuntimeVersion for this reference is "".
         Primary reference "Microsoft.AspNetCore.Mvc, Version=8.0.0.0, Culture=neutral, PublicKeyToken=adb9793829ddae60".
             Resolved file path is "/usr/lib64/dotnet/packs/Microsoft.AspNetCore.App.Ref/8.0.22/ref/net8.0/Microsoft.AspNetCore.Mvc.dll".
             Reference found at search path location "{RawFileName}".
             This reference is not "CopyLocal" because at least one source item had "Private" set to "false" and no source items had "Private" set to "true".
             The ImageRuntimeVersion for this reference is "".
         Primary reference "Microsoft.AspNetCore.OutputCaching, Version=8.0.0.0, Culture=neutral, PublicKeyToken=adb9793829ddae60".
             Resolved file path is "/usr/lib64/dotnet/packs/Microsoft.AspNetCore.App.Ref/8.0.22/ref/net8.0/Microsoft.AspNetCore.OutputCaching.dll".
             Reference found at search path location "{RawFileName}".
             This reference is not "CopyLocal" because at least one source item had "Private" set to "false" and no source items had "Private" set to "true".
             The ImageRuntimeVersion for this reference is "".
         Primary reference "Microsoft.AspNetCore.RateLimiting, Version=8.0.0.0, Culture=neutral, PublicKeyToken=adb9793829ddae60".
             Resolved file path is "/usr/lib64/dotnet/packs/Microsoft.AspNetCore.App.Ref/8.0.22/ref/net8.0/Microsoft.AspNetCore.RateLimiting.dll".
             Reference found at search path location "{RawFileName}".
             This reference is not "CopyLocal" because at least one source item had "Private" set to "false" and no source items had "Private" set to "true".
             The ImageRuntimeVersion for this reference is "".
         Primary reference "Microsoft.AspNetCore.Razor.Runtime, Version=8.0.0.0, Culture=neutral, PublicKeyToken=adb9793829ddae60".
             Resolved file path is "/usr/lib64/dotnet/packs/Microsoft.AspNetCore.App.Ref/8.0.22/ref/net8.0/Microsoft.AspNetCore.Razor.Runtime.dll".
             Reference found at search path location "{RawFileName}".
             This reference is not "CopyLocal" because at least one source item had "Private" set to "false" and no source items had "Private" set to "true".
             The ImageRuntimeVersion for this reference is "".
         Primary reference "Microsoft.AspNetCore.Razor, Version=8.0.0.0, Culture=neutral, PublicKeyToken=adb9793829ddae60".
             Resolved file path is "/usr/lib64/dotnet/packs/Microsoft.AspNetCore.App.Ref/8.0.22/ref/net8.0/Microsoft.AspNetCore.Razor.dll".
             Reference found at search path location "{RawFileName}".
             This reference is not "CopyLocal" because at least one source item had "Private" set to "false" and no source items had "Private" set to "true".
             The ImageRuntimeVersion for this reference is "".
         Primary reference "Microsoft.AspNetCore.RequestDecompression, Version=8.0.0.0, Culture=neutral, PublicKeyToken=adb9793829ddae60".
             Resolved file path is "/usr/lib64/dotnet/packs/Microsoft.AspNetCore.App.Ref/8.0.22/ref/net8.0/Microsoft.AspNetCore.RequestDecompression.dll".
             Reference found at search path location "{RawFileName}".
             This reference is not "CopyLocal" because at least one source item had "Private" set to "false" and no source items had "Private" set to "true".
             The ImageRuntimeVersion for this reference is "".
         Primary reference "Microsoft.AspNetCore.ResponseCaching.Abstractions, Version=8.0.0.0, Culture=neutral, PublicKeyToken=adb9793829ddae60".
             Resolved file path is "/usr/lib64/dotnet/packs/Microsoft.AspNetCore.App.Ref/8.0.22/ref/net8.0/Microsoft.AspNetCore.ResponseCaching.Abstractions.dll".
             Reference found at search path location "{RawFileName}".
             This reference is not "CopyLocal" because at least one source item had "Private" set to "false" and no source items had "Private" set to "true".
             The ImageRuntimeVersion for this reference is "".
         Primary reference "Microsoft.AspNetCore.ResponseCaching, Version=8.0.0.0, Culture=neutral, PublicKeyToken=adb9793829ddae60".
             Resolved file path is "/usr/lib64/dotnet/packs/Microsoft.AspNetCore.App.Ref/8.0.22/ref/net8.0/Microsoft.AspNetCore.ResponseCaching.dll".
             Reference found at search path location "{RawFileName}".
             This reference is not "CopyLocal" because at least one source item had "Private" set to "false" and no source items had "Private" set to "true".
             The ImageRuntimeVersion for this reference is "".
         Primary reference "Microsoft.AspNetCore.ResponseCompression, Version=8.0.0.0, Culture=neutral, PublicKeyToken=adb9793829ddae60".
             Resolved file path is "/usr/lib64/dotnet/packs/Microsoft.AspNetCore.App.Ref/8.0.22/ref/net8.0/Microsoft.AspNetCore.ResponseCompression.dll".
             Reference found at search path location "{RawFileName}".
             This reference is not "CopyLocal" because at least one source item had "Private" set to "false" and no source items had "Private" set to "true".
             The ImageRuntimeVersion for this reference is "".
         Primary reference "Microsoft.AspNetCore.Rewrite, Version=8.0.0.0, Culture=neutral, PublicKeyToken=adb9793829ddae60".
             Resolved file path is "/usr/lib64/dotnet/packs/Microsoft.AspNetCore.App.Ref/8.0.22/ref/net8.0/Microsoft.AspNetCore.Rewrite.dll".
             Reference found at search path location "{RawFileName}".
             This reference is not "CopyLocal" because at least one source item had "Private" set to "false" and no source items had "Private" set to "true".
             The ImageRuntimeVersion for this reference is "".
         Primary reference "Microsoft.AspNetCore.Routing.Abstractions, Version=8.0.0.0, Culture=neutral, PublicKeyToken=adb9793829ddae60".
             Resolved file path is "/usr/lib64/dotnet/packs/Microsoft.AspNetCore.App.Ref/8.0.22/ref/net8.0/Microsoft.AspNetCore.Routing.Abstractions.dll".
             Reference found at search path location "{RawFileName}".
             This reference is not "CopyLocal" because at least one source item had "Private" set to "false" and no source items had "Private" set to "true".
             The ImageRuntimeVersion for this reference is "".
         Primary reference "Microsoft.AspNetCore.Routing, Version=8.0.0.0, Culture=neutral, PublicKeyToken=adb9793829ddae60".
             Resolved file path is "/usr/lib64/dotnet/packs/Microsoft.AspNetCore.App.Ref/8.0.22/ref/net8.0/Microsoft.AspNetCore.Routing.dll".
             Reference found at search path location "{RawFileName}".
             This reference is not "CopyLocal" because at least one source item had "Private" set to "false" and no source items had "Private" set to "true".
             The ImageRuntimeVersion for this reference is "".
         Primary reference "Microsoft.AspNetCore.Server.HttpSys, Version=8.0.0.0, Culture=neutral, PublicKeyToken=adb9793829ddae60".
             Resolved file path is "/usr/lib64/dotnet/packs/Microsoft.AspNetCore.App.Ref/8.0.22/ref/net8.0/Microsoft.AspNetCore.Server.HttpSys.dll".
             Reference found at search path location "{RawFileName}".
             This reference is not "CopyLocal" because at least one source item had "Private" set to "false" and no source items had "Private" set to "true".
             The ImageRuntimeVersion for this reference is "".
         Primary reference "Microsoft.AspNetCore.Server.IIS, Version=8.0.0.0, Culture=neutral, PublicKeyToken=adb9793829ddae60".
             Resolved file path is "/usr/lib64/dotnet/packs/Microsoft.AspNetCore.App.Ref/8.0.22/ref/net8.0/Microsoft.AspNetCore.Server.IIS.dll".
             Reference found at search path location "{RawFileName}".
             This reference is not "CopyLocal" because at least one source item had "Private" set to "false" and no source items had "Private" set to "true".
             The ImageRuntimeVersion for this reference is "".
         Primary reference "Microsoft.AspNetCore.Server.IISIntegration, Version=8.0.0.0, Culture=neutral, PublicKeyToken=adb9793829ddae60".
             Resolved file path is "/usr/lib64/dotnet/packs/Microsoft.AspNetCore.App.Ref/8.0.22/ref/net8.0/Microsoft.AspNetCore.Server.IISIntegration.dll".
             Reference found at search path location "{RawFileName}".
             This reference is not "CopyLocal" because at least one source item had "Private" set to "false" and no source items had "Private" set to "true".
             The ImageRuntimeVersion for this reference is "".
         Primary reference "Microsoft.AspNetCore.Server.Kestrel.Core, Version=8.0.0.0, Culture=neutral, PublicKeyToken=adb9793829ddae60".
             Resolved file path is "/usr/lib64/dotnet/packs/Microsoft.AspNetCore.App.Ref/8.0.22/ref/net8.0/Microsoft.AspNetCore.Server.Kestrel.Core.dll".
             Reference found at search path location "{RawFileName}".
             This reference is not "CopyLocal" because at least one source item had "Private" set to "false" and no source items had "Private" set to "true".
             The ImageRuntimeVersion for this reference is "".
         Primary reference "Microsoft.AspNetCore.Server.Kestrel.Transport.NamedPipes, Version=8.0.0.0, Culture=neutral, PublicKeyToken=adb9793829ddae60".
             Resolved file path is "/usr/lib64/dotnet/packs/Microsoft.AspNetCore.App.Ref/8.0.22/ref/net8.0/Microsoft.AspNetCore.Server.Kestrel.Transport.NamedPipes.dll".
             Reference found at search path location "{RawFileName}".
             This reference is not "CopyLocal" because at least one source item had "Private" set to "false" and no source items had "Private" set to "true".
             The ImageRuntimeVersion for this reference is "".
         Primary reference "Microsoft.AspNetCore.Server.Kestrel.Transport.Quic, Version=8.0.0.0, Culture=neutral, PublicKeyToken=adb9793829ddae60".
             Resolved file path is "/usr/lib64/dotnet/packs/Microsoft.AspNetCore.App.Ref/8.0.22/ref/net8.0/Microsoft.AspNetCore.Server.Kestrel.Transport.Quic.dll".
             Reference found at search path location "{RawFileName}".
             This reference is not "CopyLocal" because at least one source item had "Private" set to "false" and no source items had "Private" set to "true".
             The ImageRuntimeVersion for this reference is "".
         Primary reference "Microsoft.AspNetCore.Server.Kestrel.Transport.Sockets, Version=8.0.0.0, Culture=neutral, PublicKeyToken=adb9793829ddae60".
             Resolved file path is "/usr/lib64/dotnet/packs/Microsoft.AspNetCore.App.Ref/8.0.22/ref/net8.0/Microsoft.AspNetCore.Server.Kestrel.Transport.Sockets.dll".
             Reference found at search path location "{RawFileName}".
             This reference is not "CopyLocal" because at least one source item had "Private" set to "false" and no source items had "Private" set to "true".
             The ImageRuntimeVersion for this reference is "".
         Primary reference "Microsoft.AspNetCore.Server.Kestrel, Version=8.0.0.0, Culture=neutral, PublicKeyToken=adb9793829ddae60".
   4:6>Done executing task "MSBuild".
   3:6>ResolveAssemblyReferences:
             Resolved file path is "/usr/lib64/dotnet/packs/Microsoft.AspNetCore.App.Ref/8.0.22/ref/net8.0/Microsoft.AspNetCore.Server.Kestrel.dll".
             Reference found at search path location "{RawFileName}".
             This reference is not "CopyLocal" because at least one source item had "Private" set to "false" and no source items had "Private" set to "true".
             The ImageRuntimeVersion for this reference is "".
         Primary reference "Microsoft.AspNetCore.Session, Version=8.0.0.0, Culture=neutral, PublicKeyToken=adb9793829ddae60".
             Resolved file path is "/usr/lib64/dotnet/packs/Microsoft.AspNetCore.App.Ref/8.0.22/ref/net8.0/Microsoft.AspNetCore.Session.dll".
             Reference found at search path location "{RawFileName}".
             This reference is not "CopyLocal" because at least one source item had "Private" set to "false" and no source items had "Private" set to "true".
             The ImageRuntimeVersion for this reference is "".
         Primary reference "Microsoft.AspNetCore.SignalR.Common, Version=8.0.0.0, Culture=neutral, PublicKeyToken=adb9793829ddae60".
             Resolved file path is "/usr/lib64/dotnet/packs/Microsoft.AspNetCore.App.Ref/8.0.22/ref/net8.0/Microsoft.AspNetCore.SignalR.Common.dll".
             Reference found at search path location "{RawFileName}".
             This reference is not "CopyLocal" because at least one source item had "Private" set to "false" and no source items had "Private" set to "true".
             The ImageRuntimeVersion for this reference is "".
         Primary reference "Microsoft.AspNetCore.SignalR.Core, Version=8.0.0.0, Culture=neutral, PublicKeyToken=adb9793829ddae60".
             Resolved file path is "/usr/lib64/dotnet/packs/Microsoft.AspNetCore.App.Ref/8.0.22/ref/net8.0/Microsoft.AspNetCore.SignalR.Core.dll".
             Reference found at search path location "{RawFileName}".
             This reference is not "CopyLocal" because at least one source item had "Private" set to "false" and no source items had "Private" set to "true".
             The ImageRuntimeVersion for this reference is "".
         Primary reference "Microsoft.AspNetCore.SignalR.Protocols.Json, Version=8.0.0.0, Culture=neutral, PublicKeyToken=adb9793829ddae60".
   4:6>Task "AssignTargetPath"
   3:6>ResolveAssemblyReferences:
             Resolved file path is "/usr/lib64/dotnet/packs/Microsoft.AspNetCore.App.Ref/8.0.22/ref/net8.0/Microsoft.AspNetCore.SignalR.Protocols.Json.dll".
             Reference found at search path location "{RawFileName}".
             This reference is not "CopyLocal" because at least one source item had "Private" set to "false" and no source items had "Private" set to "true".
             The ImageRuntimeVersion for this reference is "".
         Primary reference "Microsoft.AspNetCore.SignalR, Version=8.0.0.0, Culture=neutral, PublicKeyToken=adb9793829ddae60".
             Resolved file path is "/usr/lib64/dotnet/packs/Microsoft.AspNetCore.App.Ref/8.0.22/ref/net8.0/Microsoft.AspNetCore.SignalR.dll".
             Reference found at search path location "{RawFileName}".
             This reference is not "CopyLocal" because at least one source item had "Private" set to "false" and no source items had "Private" set to "true".
             The ImageRuntimeVersion for this reference is "".
         Primary reference "Microsoft.AspNetCore.StaticFiles, Version=8.0.0.0, Culture=neutral, PublicKeyToken=adb9793829ddae60".
             Resolved file path is "/usr/lib64/dotnet/packs/Microsoft.AspNetCore.App.Ref/8.0.22/ref/net8.0/Microsoft.AspNetCore.StaticFiles.dll".
             Reference found at search path location "{RawFileName}".
             This reference is not "CopyLocal" because at least one source item had "Private" set to "false" and no source items had "Private" set to "true".
             The ImageRuntimeVersion for this reference is "".
         Primary reference "Microsoft.AspNetCore.WebSockets, Version=8.0.0.0, Culture=neutral, PublicKeyToken=adb9793829ddae60".
             Resolved file path is "/usr/lib64/dotnet/packs/Microsoft.AspNetCore.App.Ref/8.0.22/ref/net8.0/Microsoft.AspNetCore.WebSockets.dll".
             Reference found at search path location "{RawFileName}".
             This reference is not "CopyLocal" because at least one source item had "Private" set to "false" and no source items had "Private" set to "true".
             The ImageRuntimeVersion for this reference is "".
         Primary reference "Microsoft.AspNetCore.WebUtilities, Version=8.0.0.0, Culture=neutral, PublicKeyToken=adb9793829ddae60".
             Resolved file path is "/usr/lib64/dotnet/packs/Microsoft.AspNetCore.App.Ref/8.0.22/ref/net8.0/Microsoft.AspNetCore.WebUtilities.dll".
             Reference found at search path location "{RawFileName}".
             This reference is not "CopyLocal" because at least one source item had "Private" set to "false" and no source items had "Private" set to "true".
             The ImageRuntimeVersion for this reference is "".
         Primary reference "Microsoft.AspNetCore, Version=8.0.0.0, Culture=neutral, PublicKeyToken=adb9793829ddae60".
             Resolved file path is "/usr/lib64/dotnet/packs/Microsoft.AspNetCore.App.Ref/8.0.22/ref/net8.0/Microsoft.AspNetCore.dll".
             Reference found at search path location "{RawFileName}".
             This reference is not "CopyLocal" because at least one source item had "Private" set to "false" and no source items had "Private" set to "true".
             The ImageRuntimeVersion for this reference is "".
         Primary reference "Microsoft.Extensions.Caching.Abstractions, Version=8.0.0.0, Culture=neutral, PublicKeyToken=adb9793829ddae60".
             Resolved file path is "/usr/lib64/dotnet/packs/Microsoft.AspNetCore.App.Ref/8.0.22/ref/net8.0/Microsoft.Extensions.Caching.Abstractions.dll".
   4:6>Done executing task "AssignTargetPath".
   3:6>ResolveAssemblyReferences:
             Reference found at search path location "{RawFileName}".
   4:6>Done building target "_GetCopyToOutputDirectoryItemsFromTransitiveProjectReferences" in project "Entegrasyon.ApplicationBootstrap.csproj".
       Done executing task "CallTarget".
   3:6>ResolveAssemblyReferences:
             This reference is not "CopyLocal" because at least one source item had "Private" set to "false" and no source items had "Private" set to "true".
   4:6>Task "CallTarget"
       Target "AssignTargetPaths" skipped. Previously built successfully.
   3:6>ResolveAssemblyReferences:
             The ImageRuntimeVersion for this reference is "".
   4:6>Target "_PopulateCommonStateForGetCopyToOutputDirectoryItems" skipped. Previously built successfully.
   3:6>ResolveAssemblyReferences:
         Primary reference "Microsoft.Extensions.Caching.Memory, Version=8.0.0.0, Culture=neutral, PublicKeyToken=adb9793829ddae60".
   4:6>Target "_GetCopyToOutputDirectoryItemsFromThisProject" in file "/usr/lib64/dotnet/sdk/10.0.101/Microsoft.Common.CurrentVersion.targets" from project "/home/baturhan/Projeler/Entegrasyon/Application/Entegrasyon.ApplicationBootstrap/Entegrasyon.ApplicationBootstrap.csproj" (target "GetCopyToOutputDirectoryItems" depends on it):
   4:6>Task "AssignTargetPath"
       Done executing task "AssignTargetPath".
   4:6>Done building target "_GetCopyToOutputDirectoryItemsFromThisProject" in project "Entegrasyon.ApplicationBootstrap.csproj".
   3:6>ResolveAssemblyReferences:
             Resolved file path is "/usr/lib64/dotnet/packs/Microsoft.AspNetCore.App.Ref/8.0.22/ref/net8.0/Microsoft.Extensions.Caching.Memory.dll".
   4:6>Done executing task "CallTarget".
   3:6>ResolveAssemblyReferences:
             Reference found at search path location "{RawFileName}".
             This reference is not "CopyLocal" because at least one source item had "Private" set to "false" and no source items had "Private" set to "true".
   4:6>Done building target "GetCopyToOutputDirectoryItems" in project "Entegrasyon.ApplicationBootstrap.csproj".
   3:6>ResolveAssemblyReferences:
             The ImageRuntimeVersion for this reference is "".
         Primary reference "Microsoft.Extensions.Configuration.Abstractions, Version=8.0.0.0, Culture=neutral, PublicKeyToken=adb9793829ddae60".
   4:6>Target "_CopySourceItemsToOutputDirectory" in file "/usr/lib64/dotnet/sdk/10.0.101/Microsoft.Common.CurrentVersion.targets" from project "/home/baturhan/Projeler/Entegrasyon/Application/Entegrasyon.ApplicationBootstrap/Entegrasyon.ApplicationBootstrap.csproj" (target "CopyFilesToOutputDirectory" depends on it):
   4:6>Done building target "_CopySourceItemsToOutputDirectory" in project "Entegrasyon.ApplicationBootstrap.csproj".
   3:6>ResolveAssemblyReferences:
             Resolved file path is "/usr/lib64/dotnet/packs/Microsoft.AspNetCore.App.Ref/8.0.22/ref/net8.0/Microsoft.Extensions.Configuration.Abstractions.dll".
             Reference found at search path location "{RawFileName}".
             This reference is not "CopyLocal" because at least one source item had "Private" set to "false" and no source items had "Private" set to "true".
             The ImageRuntimeVersion for this reference is "".
         Primary reference "Microsoft.Extensions.Configuration.Binder, Version=8.0.0.0, Culture=neutral, PublicKeyToken=adb9793829ddae60".
             Resolved file path is "/usr/lib64/dotnet/packs/Microsoft.AspNetCore.App.Ref/8.0.22/ref/net8.0/Microsoft.Extensions.Configuration.Binder.dll".
             Reference found at search path location "{RawFileName}".
             This reference is not "CopyLocal" because at least one source item had "Private" set to "false" and no source items had "Private" set to "true".
             The ImageRuntimeVersion for this reference is "".
         Primary reference "Microsoft.Extensions.Configuration.CommandLine, Version=8.0.0.0, Culture=neutral, PublicKeyToken=adb9793829ddae60".
   4:6>Target "_CheckForCompileOutputs" in file "/usr/lib64/dotnet/sdk/10.0.101/Microsoft.Common.CurrentVersion.targets" from project "/home/baturhan/Projeler/Entegrasyon/Application/Entegrasyon.ApplicationBootstrap/Entegrasyon.ApplicationBootstrap.csproj" (target "CopyFilesToOutputDirectory" depends on it):
   4:6>Done building target "_CheckForCompileOutputs" in project "Entegrasyon.ApplicationBootstrap.csproj".
   3:6>ResolveAssemblyReferences:
             Resolved file path is "/usr/lib64/dotnet/packs/Microsoft.AspNetCore.App.Ref/8.0.22/ref/net8.0/Microsoft.Extensions.Configuration.CommandLine.dll".
   4:6>Target "_DefaultMicrosoftNETPlatformLibrary" skipped. Previously built successfully.
       Target "_HandlePackageFileConflicts" skipped. Previously built successfully.
       Target "ResolveAssemblyReferences" skipped. Previously built successfully.
   3:6>ResolveAssemblyReferences:
             Reference found at search path location "{RawFileName}".
             This reference is not "CopyLocal" because at least one source item had "Private" set to "false" and no source items had "Private" set to "true".
             The ImageRuntimeVersion for this reference is "".
         Primary reference "Microsoft.Extensions.Configuration.EnvironmentVariables, Version=8.0.0.0, Culture=neutral, PublicKeyToken=adb9793829ddae60".
             Resolved file path is "/usr/lib64/dotnet/packs/Microsoft.AspNetCore.App.Ref/8.0.22/ref/net8.0/Microsoft.Extensions.Configuration.EnvironmentVariables.dll".
             Reference found at search path location "{RawFileName}".
             This reference is not "CopyLocal" because at least one source item had "Private" set to "false" and no source items had "Private" set to "true".
             The ImageRuntimeVersion for this reference is "".
         Primary reference "Microsoft.Extensions.Configuration.FileExtensions, Version=8.0.0.0, Culture=neutral, PublicKeyToken=adb9793829ddae60".
             Resolved file path is "/usr/lib64/dotnet/packs/Microsoft.AspNetCore.App.Ref/8.0.22/ref/net8.0/Microsoft.Extensions.Configuration.FileExtensions.dll".
             Reference found at search path location "{RawFileName}".
             This reference is not "CopyLocal" because at least one source item had "Private" set to "false" and no source items had "Private" set to "true".
             The ImageRuntimeVersion for this reference is "".
         Primary reference "Microsoft.Extensions.Configuration.Ini, Version=8.0.0.0, Culture=neutral, PublicKeyToken=adb9793829ddae60".
             Resolved file path is "/usr/lib64/dotnet/packs/Microsoft.AspNetCore.App.Ref/8.0.22/ref/net8.0/Microsoft.Extensions.Configuration.Ini.dll".
             Reference found at search path location "{RawFileName}".
             This reference is not "CopyLocal" because at least one source item had "Private" set to "false" and no source items had "Private" set to "true".
             The ImageRuntimeVersion for this reference is "".
         Primary reference "Microsoft.Extensions.Configuration.Json, Version=8.0.0.0, Culture=neutral, PublicKeyToken=adb9793829ddae60".
             Resolved file path is "/usr/lib64/dotnet/packs/Microsoft.AspNetCore.App.Ref/8.0.22/ref/net8.0/Microsoft.Extensions.Configuration.Json.dll".
             Reference found at search path location "{RawFileName}".
             This reference is not "CopyLocal" because at least one source item had "Private" set to "false" and no source items had "Private" set to "true".
             The ImageRuntimeVersion for this reference is "".
         Primary reference "Microsoft.Extensions.Configuration.KeyPerFile, Version=8.0.0.0, Culture=neutral, PublicKeyToken=adb9793829ddae60".
             Resolved file path is "/usr/lib64/dotnet/packs/Microsoft.AspNetCore.App.Ref/8.0.22/ref/net8.0/Microsoft.Extensions.Configuration.KeyPerFile.dll".
             Reference found at search path location "{RawFileName}".
             This reference is not "CopyLocal" because at least one source item had "Private" set to "false" and no source items had "Private" set to "true".
             The ImageRuntimeVersion for this reference is "".
         Primary reference "Microsoft.Extensions.Configuration.UserSecrets, Version=8.0.0.0, Culture=neutral, PublicKeyToken=adb9793829ddae60".
             Resolved file path is "/usr/lib64/dotnet/packs/Microsoft.AspNetCore.App.Ref/8.0.22/ref/net8.0/Microsoft.Extensions.Configuration.UserSecrets.dll".
             Reference found at search path location "{RawFileName}".
             This reference is not "CopyLocal" because at least one source item had "Private" set to "false" and no source items had "Private" set to "true".
             The ImageRuntimeVersion for this reference is "".
         Primary reference "Microsoft.Extensions.Configuration.Xml, Version=8.0.0.0, Culture=neutral, PublicKeyToken=adb9793829ddae60".
             Resolved file path is "/usr/lib64/dotnet/packs/Microsoft.AspNetCore.App.Ref/8.0.22/ref/net8.0/Microsoft.Extensions.Configuration.Xml.dll".
             Reference found at search path location "{RawFileName}".
             This reference is not "CopyLocal" because at least one source item had "Private" set to "false" and no source items had "Private" set to "true".
             The ImageRuntimeVersion for this reference is "".
         Primary reference "Microsoft.Extensions.Configuration, Version=8.0.0.0, Culture=neutral, PublicKeyToken=adb9793829ddae60".
             Resolved file path is "/usr/lib64/dotnet/packs/Microsoft.AspNetCore.App.Ref/8.0.22/ref/net8.0/Microsoft.Extensions.Configuration.dll".
             Reference found at search path location "{RawFileName}".
             This reference is not "CopyLocal" because at least one source item had "Private" set to "false" and no source items had "Private" set to "true".
             The ImageRuntimeVersion for this reference is "".
         Primary reference "Microsoft.Extensions.DependencyInjection.Abstractions, Version=8.0.0.0, Culture=neutral, PublicKeyToken=adb9793829ddae60".
             Resolved file path is "/usr/lib64/dotnet/packs/Microsoft.AspNetCore.App.Ref/8.0.22/ref/net8.0/Microsoft.Extensions.DependencyInjection.Abstractions.dll".
             Reference found at search path location "{RawFileName}".
             This reference is not "CopyLocal" because at least one source item had "Private" set to "false" and no source items had "Private" set to "true".
             The ImageRuntimeVersion for this reference is "".
         Primary reference "Microsoft.Extensions.DependencyInjection, Version=8.0.0.0, Culture=neutral, PublicKeyToken=adb9793829ddae60".
             Resolved file path is "/usr/lib64/dotnet/packs/Microsoft.AspNetCore.App.Ref/8.0.22/ref/net8.0/Microsoft.Extensions.DependencyInjection.dll".
             Reference found at search path location "{RawFileName}".
             This reference is not "CopyLocal" because at least one source item had "Private" set to "false" and no source items had "Private" set to "true".
             The ImageRuntimeVersion for this reference is "".
         Primary reference "Microsoft.Extensions.Diagnostics.Abstractions, Version=8.0.0.0, Culture=neutral, PublicKeyToken=adb9793829ddae60".
             Resolved file path is "/usr/lib64/dotnet/packs/Microsoft.AspNetCore.App.Ref/8.0.22/ref/net8.0/Microsoft.Extensions.Diagnostics.Abstractions.dll".
             Reference found at search path location "{RawFileName}".
             This reference is not "CopyLocal" because at least one source item had "Private" set to "false" and no source items had "Private" set to "true".
             The ImageRuntimeVersion for this reference is "".
         Primary reference "Microsoft.Extensions.Diagnostics.HealthChecks.Abstractions, Version=8.0.0.0, Culture=neutral, PublicKeyToken=adb9793829ddae60".
             Resolved file path is "/usr/lib64/dotnet/packs/Microsoft.AspNetCore.App.Ref/8.0.22/ref/net8.0/Microsoft.Extensions.Diagnostics.HealthChecks.Abstractions.dll".
             Reference found at search path location "{RawFileName}".
             This reference is not "CopyLocal" because at least one source item had "Private" set to "false" and no source items had "Private" set to "true".
             The ImageRuntimeVersion for this reference is "".
         Primary reference "Microsoft.Extensions.Diagnostics.HealthChecks, Version=8.0.0.0, Culture=neutral, PublicKeyToken=adb9793829ddae60".
             Resolved file path is "/usr/lib64/dotnet/packs/Microsoft.AspNetCore.App.Ref/8.0.22/ref/net8.0/Microsoft.Extensions.Diagnostics.HealthChecks.dll".
             Reference found at search path location "{RawFileName}".
             This reference is not "CopyLocal" because at least one source item had "Private" set to "false" and no source items had "Private" set to "true".
             The ImageRuntimeVersion for this reference is "".
         Primary reference "Microsoft.Extensions.Diagnostics, Version=8.0.0.0, Culture=neutral, PublicKeyToken=adb9793829ddae60".
             Resolved file path is "/usr/lib64/dotnet/packs/Microsoft.AspNetCore.App.Ref/8.0.22/ref/net8.0/Microsoft.Extensions.Diagnostics.dll".
             Reference found at search path location "{RawFileName}".
             This reference is not "CopyLocal" because at least one source item had "Private" set to "false" and no source items had "Private" set to "true".
             The ImageRuntimeVersion for this reference is "".
         Primary reference "Microsoft.Extensions.Features, Version=8.0.0.0, Culture=neutral, PublicKeyToken=adb9793829ddae60".
             Resolved file path is "/usr/lib64/dotnet/packs/Microsoft.AspNetCore.App.Ref/8.0.22/ref/net8.0/Microsoft.Extensions.Features.dll".
             Reference found at search path location "{RawFileName}".
             This reference is not "CopyLocal" because at least one source item had "Private" set to "false" and no source items had "Private" set to "true".
             The ImageRuntimeVersion for this reference is "".
         Primary reference "Microsoft.Extensions.FileProviders.Abstractions, Version=8.0.0.0, Culture=neutral, PublicKeyToken=adb9793829ddae60".
             Resolved file path is "/usr/lib64/dotnet/packs/Microsoft.AspNetCore.App.Ref/8.0.22/ref/net8.0/Microsoft.Extensions.FileProviders.Abstractions.dll".
             Reference found at search path location "{RawFileName}".
             This reference is not "CopyLocal" because at least one source item had "Private" set to "false" and no source items had "Private" set to "true".
             The ImageRuntimeVersion for this reference is "".
         Primary reference "Microsoft.Extensions.FileProviders.Composite, Version=8.0.0.0, Culture=neutral, PublicKeyToken=adb9793829ddae60".
             Resolved file path is "/usr/lib64/dotnet/packs/Microsoft.AspNetCore.App.Ref/8.0.22/ref/net8.0/Microsoft.Extensions.FileProviders.Composite.dll".
             Reference found at search path location "{RawFileName}".
             This reference is not "CopyLocal" because at least one source item had "Private" set to "false" and no source items had "Private" set to "true".
             The ImageRuntimeVersion for this reference is "".
         Primary reference "Microsoft.Extensions.FileProviders.Embedded, Version=8.0.0.0, Culture=neutral, PublicKeyToken=adb9793829ddae60".
             Resolved file path is "/usr/lib64/dotnet/packs/Microsoft.AspNetCore.App.Ref/8.0.22/ref/net8.0/Microsoft.Extensions.FileProviders.Embedded.dll".
   4:6>Target "_ComputeReferenceAssemblies" in file "/usr/lib64/dotnet/sdk/10.0.101/Sdks/Microsoft.NET.Sdk/targets/Microsoft.NET.Sdk.targets" from project "/home/baturhan/Projeler/Entegrasyon/Application/Entegrasyon.ApplicationBootstrap/Entegrasyon.ApplicationBootstrap.csproj" (target "GenerateBuildDependencyFile" depends on it):
   4:6>Done building target "_ComputeReferenceAssemblies" in project "Entegrasyon.ApplicationBootstrap.csproj".
   3:6>ResolveAssemblyReferences:
             Reference found at search path location "{RawFileName}".
             This reference is not "CopyLocal" because at least one source item had "Private" set to "false" and no source items had "Private" set to "true".
             The ImageRuntimeVersion for this reference is "".
         Primary reference "Microsoft.Extensions.FileProviders.Physical, Version=8.0.0.0, Culture=neutral, PublicKeyToken=adb9793829ddae60".
             Resolved file path is "/usr/lib64/dotnet/packs/Microsoft.AspNetCore.App.Ref/8.0.22/ref/net8.0/Microsoft.Extensions.FileProviders.Physical.dll".
             Reference found at search path location "{RawFileName}".
             This reference is not "CopyLocal" because at least one source item had "Private" set to "false" and no source items had "Private" set to "true".
             The ImageRuntimeVersion for this reference is "".
         Primary reference "Microsoft.Extensions.FileSystemGlobbing, Version=8.0.0.0, Culture=neutral, PublicKeyToken=adb9793829ddae60".
             Resolved file path is "/usr/lib64/dotnet/packs/Microsoft.AspNetCore.App.Ref/8.0.22/ref/net8.0/Microsoft.Extensions.FileSystemGlobbing.dll".
             Reference found at search path location "{RawFileName}".
             This reference is not "CopyLocal" because at least one source item had "Private" set to "false" and no source items had "Private" set to "true".
             The ImageRuntimeVersion for this reference is "".
         Primary reference "Microsoft.Extensions.Hosting.Abstractions, Version=8.0.0.0, Culture=neutral, PublicKeyToken=adb9793829ddae60".
             Resolved file path is "/usr/lib64/dotnet/packs/Microsoft.AspNetCore.App.Ref/8.0.22/ref/net8.0/Microsoft.Extensions.Hosting.Abstractions.dll".
             Reference found at search path location "{RawFileName}".
             This reference is not "CopyLocal" because at least one source item had "Private" set to "false" and no source items had "Private" set to "true".
             The ImageRuntimeVersion for this reference is "".
         Primary reference "Microsoft.Extensions.Hosting, Version=8.0.0.0, Culture=neutral, PublicKeyToken=adb9793829ddae60".
             Resolved file path is "/usr/lib64/dotnet/packs/Microsoft.AspNetCore.App.Ref/8.0.22/ref/net8.0/Microsoft.Extensions.Hosting.dll".
   4:6>Target "_ComputeUserRuntimeAssemblies" in file "/usr/lib64/dotnet/sdk/10.0.101/Sdks/Microsoft.NET.Sdk/targets/Microsoft.NET.Sdk.targets" from project "/home/baturhan/Projeler/Entegrasyon/Application/Entegrasyon.ApplicationBootstrap/Entegrasyon.ApplicationBootstrap.csproj" (target "GenerateBuildDependencyFile" depends on it):
   4:6>Done building target "_ComputeUserRuntimeAssemblies" in project "Entegrasyon.ApplicationBootstrap.csproj".
       Target "_ComputePackageReferencePublish" skipped. Previously built successfully.
   3:6>ResolveAssemblyReferences:
             Reference found at search path location "{RawFileName}".
             This reference is not "CopyLocal" because at least one source item had "Private" set to "false" and no source items had "Private" set to "true".
             The ImageRuntimeVersion for this reference is "".
         Primary reference "Microsoft.Extensions.Http, Version=8.0.0.0, Culture=neutral, PublicKeyToken=adb9793829ddae60".
             Resolved file path is "/usr/lib64/dotnet/packs/Microsoft.AspNetCore.App.Ref/8.0.22/ref/net8.0/Microsoft.Extensions.Http.dll".
             Reference found at search path location "{RawFileName}".
             This reference is not "CopyLocal" because at least one source item had "Private" set to "false" and no source items had "Private" set to "true".
   4:6>Target "GenerateBuildDependencyFile" in file "/usr/lib64/dotnet/sdk/10.0.101/Sdks/Microsoft.NET.Sdk/targets/Microsoft.NET.Sdk.targets" from project "/home/baturhan/Projeler/Entegrasyon/Application/Entegrasyon.ApplicationBootstrap/Entegrasyon.ApplicationBootstrap.csproj" (target "CopyFilesToOutputDirectory" depends on it):
   4:6>Skipping target "GenerateBuildDependencyFile" because all output files are up-to-date with respect to the input files.
   3:6>ResolveAssemblyReferences:
             The ImageRuntimeVersion for this reference is "".
   4:6>GenerateBuildDependencyFile:
       Input files: 
           /home/baturhan/Projeler/Entegrasyon/Application/Entegrasyon.ApplicationBootstrap/obj/project.assets.json
           /home/baturhan/Projeler/Entegrasyon/Application/Entegrasyon.ApplicationBootstrap/obj/Debug/net8.0/Entegrasyon.ApplicationBootstrap.assets.cache
           /home/baturhan/Projeler/Entegrasyon/Application/Entegrasyon.ApplicationBootstrap/obj/Entegrasyon.ApplicationBootstrap.csproj.nuget.g.targets
           /usr/lib64/dotnet/sdk/10.0.101/Current/Microsoft.Common.targets/ImportAfter/Microsoft.TestPlatform.ImportAfter.targets
       Output files: /home/baturhan/Projeler/Entegrasyon/Application/Entegrasyon.ApplicationBootstrap/bin/Debug/net8.0/Entegrasyon.ApplicationBootstrap.deps.json
   3:6>ResolveAssemblyReferences:
         Primary reference "Microsoft.Extensions.Identity.Core, Version=8.0.0.0, Culture=neutral, PublicKeyToken=adb9793829ddae60".
             Resolved file path is "/usr/lib64/dotnet/packs/Microsoft.AspNetCore.App.Ref/8.0.22/ref/net8.0/Microsoft.Extensions.Identity.Core.dll".
             Reference found at search path location "{RawFileName}".
             This reference is not "CopyLocal" because at least one source item had "Private" set to "false" and no source items had "Private" set to "true".
             The ImageRuntimeVersion for this reference is "".
         Primary reference "Microsoft.Extensions.Identity.Stores, Version=8.0.0.0, Culture=neutral, PublicKeyToken=adb9793829ddae60".
             Resolved file path is "/usr/lib64/dotnet/packs/Microsoft.AspNetCore.App.Ref/8.0.22/ref/net8.0/Microsoft.Extensions.Identity.Stores.dll".
             Reference found at search path location "{RawFileName}".
             This reference is not "CopyLocal" because at least one source item had "Private" set to "false" and no source items had "Private" set to "true".
             The ImageRuntimeVersion for this reference is "".
         Primary reference "Microsoft.Extensions.Localization.Abstractions, Version=8.0.0.0, Culture=neutral, PublicKeyToken=adb9793829ddae60".
             Resolved file path is "/usr/lib64/dotnet/packs/Microsoft.AspNetCore.App.Ref/8.0.22/ref/net8.0/Microsoft.Extensions.Localization.Abstractions.dll".
             Reference found at search path location "{RawFileName}".
             This reference is not "CopyLocal" because at least one source item had "Private" set to "false" and no source items had "Private" set to "true".
             The ImageRuntimeVersion for this reference is "".
         Primary reference "Microsoft.Extensions.Localization, Version=8.0.0.0, Culture=neutral, PublicKeyToken=adb9793829ddae60".
             Resolved file path is "/usr/lib64/dotnet/packs/Microsoft.AspNetCore.App.Ref/8.0.22/ref/net8.0/Microsoft.Extensions.Localization.dll".
             Reference found at search path location "{RawFileName}".
             This reference is not "CopyLocal" because at least one source item had "Private" set to "false" and no source items had "Private" set to "true".
             The ImageRuntimeVersion for this reference is "".
         Primary reference "Microsoft.Extensions.Logging.Abstractions, Version=8.0.0.0, Culture=neutral, PublicKeyToken=adb9793829ddae60".
             Resolved file path is "/usr/lib64/dotnet/packs/Microsoft.AspNetCore.App.Ref/8.0.22/ref/net8.0/Microsoft.Extensions.Logging.Abstractions.dll".
             Reference found at search path location "{RawFileName}".
             This reference is not "CopyLocal" because at least one source item had "Private" set to "false" and no source items had "Private" set to "true".
             The ImageRuntimeVersion for this reference is "".
         Primary reference "Microsoft.Extensions.Logging.Configuration, Version=8.0.0.0, Culture=neutral, PublicKeyToken=adb9793829ddae60".
             Resolved file path is "/usr/lib64/dotnet/packs/Microsoft.AspNetCore.App.Ref/8.0.22/ref/net8.0/Microsoft.Extensions.Logging.Configuration.dll".
             Reference found at search path location "{RawFileName}".
             This reference is not "CopyLocal" because at least one source item had "Private" set to "false" and no source items had "Private" set to "true".
             The ImageRuntimeVersion for this reference is "".
         Primary reference "Microsoft.Extensions.Logging.Console, Version=8.0.0.0, Culture=neutral, PublicKeyToken=adb9793829ddae60".
             Resolved file path is "/usr/lib64/dotnet/packs/Microsoft.AspNetCore.App.Ref/8.0.22/ref/net8.0/Microsoft.Extensions.Logging.Console.dll".
             Reference found at search path location "{RawFileName}".
             This reference is not "CopyLocal" because at least one source item had "Private" set to "false" and no source items had "Private" set to "true".
             The ImageRuntimeVersion for this reference is "".
         Primary reference "Microsoft.Extensions.Logging.Debug, Version=8.0.0.0, Culture=neutral, PublicKeyToken=adb9793829ddae60".
             Resolved file path is "/usr/lib64/dotnet/packs/Microsoft.AspNetCore.App.Ref/8.0.22/ref/net8.0/Microsoft.Extensions.Logging.Debug.dll".
             Reference found at search path location "{RawFileName}".
             This reference is not "CopyLocal" because at least one source item had "Private" set to "false" and no source items had "Private" set to "true".
             The ImageRuntimeVersion for this reference is "".
         Primary reference "Microsoft.Extensions.Logging.EventLog, Version=8.0.0.0, Culture=neutral, PublicKeyToken=adb9793829ddae60".
             Resolved file path is "/usr/lib64/dotnet/packs/Microsoft.AspNetCore.App.Ref/8.0.22/ref/net8.0/Microsoft.Extensions.Logging.EventLog.dll".
             Reference found at search path location "{RawFileName}".
             This reference is not "CopyLocal" because at least one source item had "Private" set to "false" and no source items had "Private" set to "true".
             The ImageRuntimeVersion for this reference is "".
         Primary reference "Microsoft.Extensions.Logging.EventSource, Version=8.0.0.0, Culture=neutral, PublicKeyToken=adb9793829ddae60".
             Resolved file path is "/usr/lib64/dotnet/packs/Microsoft.AspNetCore.App.Ref/8.0.22/ref/net8.0/Microsoft.Extensions.Logging.EventSource.dll".
             Reference found at search path location "{RawFileName}".
             This reference is not "CopyLocal" because at least one source item had "Private" set to "false" and no source items had "Private" set to "true".
             The ImageRuntimeVersion for this reference is "".
         Primary reference "Microsoft.Extensions.Logging.TraceSource, Version=8.0.0.0, Culture=neutral, PublicKeyToken=adb9793829ddae60".
             Resolved file path is "/usr/lib64/dotnet/packs/Microsoft.AspNetCore.App.Ref/8.0.22/ref/net8.0/Microsoft.Extensions.Logging.TraceSource.dll".
             Reference found at search path location "{RawFileName}".
             This reference is not "CopyLocal" because at least one source item had "Private" set to "false" and no source items had "Private" set to "true".
             The ImageRuntimeVersion for this reference is "".
   4:6>Done building target "GenerateBuildDependencyFile" in project "Entegrasyon.ApplicationBootstrap.csproj".
   3:6>ResolveAssemblyReferences:
         Primary reference "Microsoft.Extensions.Logging, Version=8.0.0.0, Culture=neutral, PublicKeyToken=adb9793829ddae60".
             Resolved file path is "/usr/lib64/dotnet/packs/Microsoft.AspNetCore.App.Ref/8.0.22/ref/net8.0/Microsoft.Extensions.Logging.dll".
   4:6>Target "CopyFilesToOutputDirectory" in file "/usr/lib64/dotnet/sdk/10.0.101/Microsoft.Common.CurrentVersion.targets" from project "/home/baturhan/Projeler/Entegrasyon/Application/Entegrasyon.ApplicationBootstrap/Entegrasyon.ApplicationBootstrap.csproj" (target "PrepareForRun" depends on it):
   4:6>Task "Copy"
   3:6>ResolveAssemblyReferences:
             Reference found at search path location "{RawFileName}".
             This reference is not "CopyLocal" because at least one source item had "Private" set to "false" and no source items had "Private" set to "true".
             The ImageRuntimeVersion for this reference is "".
         Primary reference "Microsoft.Extensions.ObjectPool, Version=8.0.0.0, Culture=neutral, PublicKeyToken=adb9793829ddae60".
             Resolved file path is "/usr/lib64/dotnet/packs/Microsoft.AspNetCore.App.Ref/8.0.22/ref/net8.0/Microsoft.Extensions.ObjectPool.dll".
             Reference found at search path location "{RawFileName}".
             This reference is not "CopyLocal" because at least one source item had "Private" set to "false" and no source items had "Private" set to "true".
             The ImageRuntimeVersion for this reference is "".
         Primary reference "Microsoft.Extensions.Options.ConfigurationExtensions, Version=8.0.0.0, Culture=neutral, PublicKeyToken=adb9793829ddae60".
             Resolved file path is "/usr/lib64/dotnet/packs/Microsoft.AspNetCore.App.Ref/8.0.22/ref/net8.0/Microsoft.Extensions.Options.ConfigurationExtensions.dll".
             Reference found at search path location "{RawFileName}".
             This reference is not "CopyLocal" because at least one source item had "Private" set to "false" and no source items had "Private" set to "true".
   4:6>CopyFilesToOutputDirectory:
         Did not copy from file "obj/Debug/net8.0/Entegrasyon.ApplicationBootstrap.dll" to file "bin/Debug/net8.0/Entegrasyon.ApplicationBootstrap.dll" because the "SkipUnchangedFiles" parameter was set to "true" in the project and the files' sizes and timestamps match.
   3:6>ResolveAssemblyReferences:
             The ImageRuntimeVersion for this reference is "".
   4:6>Done executing task "Copy".
   3:6>ResolveAssemblyReferences:
         Primary reference "Microsoft.Extensions.Options.DataAnnotations, Version=8.0.0.0, Culture=neutral, PublicKeyToken=adb9793829ddae60".
             Resolved file path is "/usr/lib64/dotnet/packs/Microsoft.AspNetCore.App.Ref/8.0.22/ref/net8.0/Microsoft.Extensions.Options.DataAnnotations.dll".
             Reference found at search path location "{RawFileName}".
             This reference is not "CopyLocal" because at least one source item had "Private" set to "false" and no source items had "Private" set to "true".
             The ImageRuntimeVersion for this reference is "".
         Primary reference "Microsoft.Extensions.Options, Version=8.0.0.0, Culture=neutral, PublicKeyToken=adb9793829ddae60".
   4:6>CopyFilesToOutputDirectory:
       Using "CopyRefAssembly" task from assembly "/usr/lib64/dotnet/sdk/10.0.101/Sdks/Microsoft.NET.Sdk/targets/../../../Roslyn/Microsoft.Build.Tasks.CodeAnalysis.dll".
   3:6>ResolveAssemblyReferences:
             Resolved file path is "/usr/lib64/dotnet/packs/Microsoft.AspNetCore.App.Ref/8.0.22/ref/net8.0/Microsoft.Extensions.Options.dll".
   4:6>Task "CopyRefAssembly"
   3:6>ResolveAssemblyReferences:
             Reference found at search path location "{RawFileName}".
             This reference is not "CopyLocal" because at least one source item had "Private" set to "false" and no source items had "Private" set to "true".
             The ImageRuntimeVersion for this reference is "".
         Primary reference "Microsoft.Extensions.Primitives, Version=8.0.0.0, Culture=neutral, PublicKeyToken=adb9793829ddae60".
             Resolved file path is "/usr/lib64/dotnet/packs/Microsoft.AspNetCore.App.Ref/8.0.22/ref/net8.0/Microsoft.Extensions.Primitives.dll".
             Reference found at search path location "{RawFileName}".
             This reference is not "CopyLocal" because at least one source item had "Private" set to "false" and no source items had "Private" set to "true".
             The ImageRuntimeVersion for this reference is "".
         Primary reference "Microsoft.Extensions.WebEncoders, Version=8.0.0.0, Culture=neutral, PublicKeyToken=adb9793829ddae60".
   4:6>CopyFilesToOutputDirectory:
         Reference assembly "/home/baturhan/Projeler/Entegrasyon/Application/Entegrasyon.ApplicationBootstrap/obj/Debug/net8.0/ref/Entegrasyon.ApplicationBootstrap.dll" already has latest information. Leaving it untouched.
   3:6>ResolveAssemblyReferences:
             Resolved file path is "/usr/lib64/dotnet/packs/Microsoft.AspNetCore.App.Ref/8.0.22/ref/net8.0/Microsoft.Extensions.WebEncoders.dll".
             Reference found at search path location "{RawFileName}".
   4:6>Done executing task "CopyRefAssembly".
   3:6>ResolveAssemblyReferences:
             This reference is not "CopyLocal" because at least one source item had "Private" set to "false" and no source items had "Private" set to "true".
             The ImageRuntimeVersion for this reference is "".
   4:6>Task "Message"
   3:6>ResolveAssemblyReferences:
         Primary reference "Microsoft.JSInterop, Version=8.0.0.0, Culture=neutral, PublicKeyToken=adb9793829ddae60".
             Resolved file path is "/usr/lib64/dotnet/packs/Microsoft.AspNetCore.App.Ref/8.0.22/ref/net8.0/Microsoft.JSInterop.dll".
             Reference found at search path location "{RawFileName}".
             This reference is not "CopyLocal" because at least one source item had "Private" set to "false" and no source items had "Private" set to "true".
             The ImageRuntimeVersion for this reference is "".
   4:6>CopyFilesToOutputDirectory:
         Entegrasyon.ApplicationBootstrap -> /home/baturhan/Projeler/Entegrasyon/Application/Entegrasyon.ApplicationBootstrap/bin/Debug/net8.0/Entegrasyon.ApplicationBootstrap.dll
       Done executing task "Message".
   3:6>ResolveAssemblyReferences:
         Primary reference "Microsoft.Net.Http.Headers, Version=8.0.0.0, Culture=neutral, PublicKeyToken=adb9793829ddae60".
             Resolved file path is "/usr/lib64/dotnet/packs/Microsoft.AspNetCore.App.Ref/8.0.22/ref/net8.0/Microsoft.Net.Http.Headers.dll".
   4:6>Task "Copy"
   3:6>ResolveAssemblyReferences:
             Reference found at search path location "{RawFileName}".
             This reference is not "CopyLocal" because at least one source item had "Private" set to "false" and no source items had "Private" set to "true".
             The ImageRuntimeVersion for this reference is "".
         Primary reference "System.Diagnostics.EventLog, Version=8.0.0.0, Culture=neutral, PublicKeyToken=cc7b13ffcd2ddd51".
             Resolved file path is "/usr/lib64/dotnet/packs/Microsoft.AspNetCore.App.Ref/8.0.22/ref/net8.0/System.Diagnostics.EventLog.dll".
             Reference found at search path location "{RawFileName}".
             This reference is not "CopyLocal" because at least one source item had "Private" set to "false" and no source items had "Private" set to "true".
             The ImageRuntimeVersion for this reference is "".
         Primary reference "System.IO.Pipelines, Version=8.0.0.0, Culture=neutral, PublicKeyToken=cc7b13ffcd2ddd51".
   4:6>CopyFilesToOutputDirectory:
         Did not copy from file "obj/Debug/net8.0/Entegrasyon.ApplicationBootstrap.pdb" to file "bin/Debug/net8.0/Entegrasyon.ApplicationBootstrap.pdb" because the "SkipUnchangedFiles" parameter was set to "true" in the project and the files' sizes and timestamps match.
   3:6>ResolveAssemblyReferences:
             Resolved file path is "/usr/lib64/dotnet/packs/Microsoft.AspNetCore.App.Ref/8.0.22/ref/net8.0/System.IO.Pipelines.dll".
   4:6>Done executing task "Copy".
   3:6>ResolveAssemblyReferences:
             Reference found at search path location "{RawFileName}".
             This reference is not "CopyLocal" because at least one source item had "Private" set to "false" and no source items had "Private" set to "true".
             The ImageRuntimeVersion for this reference is "".
   4:6>Done building target "CopyFilesToOutputDirectory" in project "Entegrasyon.ApplicationBootstrap.csproj".
   3:6>ResolveAssemblyReferences:
         Primary reference "System.Security.Cryptography.Xml, Version=8.0.0.0, Culture=neutral, PublicKeyToken=cc7b13ffcd2ddd51".
             Resolved file path is "/usr/lib64/dotnet/packs/Microsoft.AspNetCore.App.Ref/8.0.22/ref/net8.0/System.Security.Cryptography.Xml.dll".
             Reference found at search path location "{RawFileName}".
   4:6>Target "PrepareForRun" in file "/usr/lib64/dotnet/sdk/10.0.101/Microsoft.Common.CurrentVersion.targets" from project "/home/baturhan/Projeler/Entegrasyon/Application/Entegrasyon.ApplicationBootstrap/Entegrasyon.ApplicationBootstrap.csproj" (target "CoreBuild" depends on it):
   4:6>Done building target "PrepareForRun" in project "Entegrasyon.ApplicationBootstrap.csproj".
   3:6>ResolveAssemblyReferences:
             This reference is not "CopyLocal" because at least one source item had "Private" set to "false" and no source items had "Private" set to "true".
   4:6>Target "_CheckForCompileOutputs" skipped. Previously built successfully.
   3:6>ResolveAssemblyReferences:
             The ImageRuntimeVersion for this reference is "".
         Primary reference "System.Threading.RateLimiting, Version=8.0.0.0, Culture=neutral, PublicKeyToken=cc7b13ffcd2ddd51".
             Resolved file path is "/usr/lib64/dotnet/packs/Microsoft.AspNetCore.App.Ref/8.0.22/ref/net8.0/System.Threading.RateLimiting.dll".
             Reference found at search path location "{RawFileName}".
             This reference is not "CopyLocal" because at least one source item had "Private" set to "false" and no source items had "Private" set to "true".
   4:6>Target "_CleanGetCurrentAndPriorFileWrites" in file "/usr/lib64/dotnet/sdk/10.0.101/Microsoft.Common.CurrentVersion.targets" from project "/home/baturhan/Projeler/Entegrasyon/Application/Entegrasyon.ApplicationBootstrap/Entegrasyon.ApplicationBootstrap.csproj" (target "IncrementalClean" depends on it):
   4:6>Using "ReadLinesFromFile" task from assembly "Microsoft.Build.Tasks.Core, Version=15.1.0.0, Culture=neutral, PublicKeyToken=b03f5f7f11d50a3a".
   3:6>ResolveAssemblyReferences:
             The ImageRuntimeVersion for this reference is "".
   4:6>Task "ReadLinesFromFile"
   3:6>Done executing task "ResolveAssemblyReference".
   3:6>Done building target "ResolveAssemblyReferences" in project "Entegrasyon.MessageQueue.Handler.csproj".
   3:6>Target "AfterResolveReferences" in file "/usr/lib64/dotnet/sdk/10.0.101/Microsoft.Common.CurrentVersion.targets" from project "/home/baturhan/Projeler/Entegrasyon/Application/Entegrasyon.MessageQueue/Entegrasyon.MessageQueue.Handler.csproj" (target "ResolveReferences" depends on it):
   3:6>Done building target "AfterResolveReferences" in project "Entegrasyon.MessageQueue.Handler.csproj".
   3:6>Target "ResolveReferences" in file "/usr/lib64/dotnet/sdk/10.0.101/Microsoft.Common.CurrentVersion.targets" from project "/home/baturhan/Projeler/Entegrasyon/Application/Entegrasyon.MessageQueue/Entegrasyon.MessageQueue.Handler.csproj" (target "_BlockWinMDsOnUnsupportedTFMs" depends on it):
   3:6>Done building target "ResolveReferences" in project "Entegrasyon.MessageQueue.Handler.csproj".
   4:6>Done executing task "ReadLinesFromFile".
       Task "ConvertToAbsolutePath"
   3:6>Target "_BlockWinMDsOnUnsupportedTFMs" in file "/usr/lib64/dotnet/sdk/10.0.101/Sdks/Microsoft.NET.Sdk/targets/Microsoft.NET.Sdk.targets" from project "/home/baturhan/Projeler/Entegrasyon/Application/Entegrasyon.MessageQueue/Entegrasyon.MessageQueue.Handler.csproj" (target "CoreBuild" depends on it):
   3:6>Using "CheckForUnsupportedWinMDReferences" task from assembly "/usr/lib64/dotnet/sdk/10.0.101/Sdks/Microsoft.NET.Sdk/targets/../tools/net10.0/Microsoft.NET.Build.Tasks.dll".
       Task "CheckForUnsupportedWinMDReferences"
       Done executing task "CheckForUnsupportedWinMDReferences".
   3:6>Done building target "_BlockWinMDsOnUnsupportedTFMs" in project "Entegrasyon.MessageQueue.Handler.csproj".
       Target "ResolveReferences" skipped. Previously built successfully.
       Target "ResolvePackageDependenciesForBuild" skipped. Previously built successfully.
       Target "_HandlePackageFileConflicts" skipped. Previously built successfully.
   3:6>Target "CopyAdditionalFiles" in file "/usr/lib64/dotnet/sdk/10.0.101/Roslyn/Microsoft.Managed.Core.targets" from project "/home/baturhan/Projeler/Entegrasyon/Application/Entegrasyon.MessageQueue/Entegrasyon.MessageQueue.Handler.csproj" (target "AssignTargetPaths" depends on it):
   3:6>Done building target "CopyAdditionalFiles" in project "Entegrasyon.MessageQueue.Handler.csproj".
   3:6>Target "_ComputeNETCoreBuildOutputFiles" in file "/usr/lib64/dotnet/sdk/10.0.101/Sdks/Microsoft.NET.Sdk/targets/Microsoft.NET.Sdk.targets" from project "/home/baturhan/Projeler/Entegrasyon/Application/Entegrasyon.MessageQueue/Entegrasyon.MessageQueue.Handler.csproj" (target "AssignTargetPaths" depends on it):
   3:6>Done building target "_ComputeNETCoreBuildOutputFiles" in project "Entegrasyon.MessageQueue.Handler.csproj".
   3:6>Target "AssignTargetPaths" in file "/usr/lib64/dotnet/sdk/10.0.101/Microsoft.Common.CurrentVersion.targets" from project "/home/baturhan/Projeler/Entegrasyon/Application/Entegrasyon.MessageQueue/Entegrasyon.MessageQueue.Handler.csproj" (target "PrepareResourceNames" depends on it):
       Using "AssignTargetPath" task from assembly "Microsoft.Build.Tasks.Core, Version=15.1.0.0, Culture=neutral, PublicKeyToken=b03f5f7f11d50a3a".
       Task "AssignTargetPath"
       Done executing task "AssignTargetPath".
   4:6>Done executing task "ConvertToAbsolutePath".
   3:6>Task "AssignTargetPath"
       Done executing task "AssignTargetPath".
       Task "AssignTargetPath"
       Done executing task "AssignTargetPath".
       Task "AssignTargetPath"
       Done executing task "AssignTargetPath".
   3:6>Done building target "AssignTargetPaths" in project "Entegrasyon.MessageQueue.Handler.csproj".
       Target "AssignTargetPaths" skipped. Previously built successfully.
   3:6>Target "SplitResourcesByCulture" in file "/usr/lib64/dotnet/sdk/10.0.101/Microsoft.Common.CurrentVersion.targets" from project "/home/baturhan/Projeler/Entegrasyon/Application/Entegrasyon.MessageQueue/Entegrasyon.MessageQueue.Handler.csproj" (target "PrepareResourceNames" depends on it):
       Using "AssignCulture" task from assembly "Microsoft.Build.Tasks.Core, Version=15.1.0.0, Culture=neutral, PublicKeyToken=b03f5f7f11d50a3a".
       Task "AssignCulture"
       Done executing task "AssignCulture".
   3:6>Done building target "SplitResourcesByCulture" in project "Entegrasyon.MessageQueue.Handler.csproj".
   3:6>Target "CreateCustomManifestResourceNames" in file "/usr/lib64/dotnet/sdk/10.0.101/Microsoft.Common.CurrentVersion.targets" from project "/home/baturhan/Projeler/Entegrasyon/Application/Entegrasyon.MessageQueue/Entegrasyon.MessageQueue.Handler.csproj" (target "PrepareResourceNames" depends on it):
   3:6>Done building target "CreateCustomManifestResourceNames" in project "Entegrasyon.MessageQueue.Handler.csproj".
   3:6>Target "PrepareResourceNames" in file "/usr/lib64/dotnet/sdk/10.0.101/Microsoft.Common.CurrentVersion.targets" from project "/home/baturhan/Projeler/Entegrasyon/Application/Entegrasyon.MessageQueue/Entegrasyon.MessageQueue.Handler.csproj" (target "PrepareResources" depends on it):
   3:6>Done building target "PrepareResourceNames" in project "Entegrasyon.MessageQueue.Handler.csproj".
       Target "ResolveAssemblyReferences" skipped. Previously built successfully.
       Target "SplitResourcesByCulture" skipped. Previously built successfully.
   3:6>Target "BeforeResGen" in file "/usr/lib64/dotnet/sdk/10.0.101/Microsoft.Common.CurrentVersion.targets" from project "/home/baturhan/Projeler/Entegrasyon/Application/Entegrasyon.MessageQueue/Entegrasyon.MessageQueue.Handler.csproj" (target "ResGen" depends on it):
   3:6>Done building target "BeforeResGen" in project "Entegrasyon.MessageQueue.Handler.csproj".
       Target "ResolveReferences" skipped. Previously built successfully.
   3:6>Target "FindReferenceAssembliesForReferences" in file "/usr/lib64/dotnet/sdk/10.0.101/Microsoft.Common.CurrentVersion.targets" from project "/home/baturhan/Projeler/Entegrasyon/Application/Entegrasyon.MessageQueue/Entegrasyon.MessageQueue.Handler.csproj" (target "CoreResGen" depends on it):
   3:6>Done building target "FindReferenceAssembliesForReferences" in project "Entegrasyon.MessageQueue.Handler.csproj".
   3:6>Target "CoreResGen" in file "/usr/lib64/dotnet/sdk/10.0.101/Microsoft.Common.CurrentVersion.targets" from project "/home/baturhan/Projeler/Entegrasyon/Application/Entegrasyon.MessageQueue/Entegrasyon.MessageQueue.Handler.csproj" (target "ResGen" depends on it):
   3:6>Done building target "CoreResGen" in project "Entegrasyon.MessageQueue.Handler.csproj".
   3:6>Target "AfterResGen" in file "/usr/lib64/dotnet/sdk/10.0.101/Microsoft.Common.CurrentVersion.targets" from project "/home/baturhan/Projeler/Entegrasyon/Application/Entegrasyon.MessageQueue/Entegrasyon.MessageQueue.Handler.csproj" (target "ResGen" depends on it):
   3:6>Done building target "AfterResGen" in project "Entegrasyon.MessageQueue.Handler.csproj".
   3:6>Target "ResGen" in file "/usr/lib64/dotnet/sdk/10.0.101/Microsoft.Common.CurrentVersion.targets" from project "/home/baturhan/Projeler/Entegrasyon/Application/Entegrasyon.MessageQueue/Entegrasyon.MessageQueue.Handler.csproj" (target "PrepareResources" depends on it):
   3:6>Done building target "ResGen" in project "Entegrasyon.MessageQueue.Handler.csproj".
   3:6>Target "PrepareResources" in file "/usr/lib64/dotnet/sdk/10.0.101/Microsoft.Common.CurrentVersion.targets" from project "/home/baturhan/Projeler/Entegrasyon/Application/Entegrasyon.MessageQueue/Entegrasyon.MessageQueue.Handler.csproj" (target "CoreBuild" depends on it):
   3:6>Done building target "PrepareResources" in project "Entegrasyon.MessageQueue.Handler.csproj".
       Target "ResolveReferences" skipped. Previously built successfully.
   3:6>Target "_SetEmbeddedWin32ManifestProperties" in file "/usr/lib64/dotnet/sdk/10.0.101/Microsoft.Common.CurrentVersion.targets" from project "/home/baturhan/Projeler/Entegrasyon/Application/Entegrasyon.MessageQueue/Entegrasyon.MessageQueue.Handler.csproj" (target "SetWin32ManifestProperties" depends on it):
       Using "GetFrameworkPath" task from assembly "Microsoft.Build.Tasks.Core, Version=15.1.0.0, Culture=neutral, PublicKeyToken=b03f5f7f11d50a3a".
   4:6>_CleanGetCurrentAndPriorFileWrites:
       Using "FindUnderPath" task from assembly "Microsoft.Build.Tasks.Core, Version=15.1.0.0, Culture=neutral, PublicKeyToken=b03f5f7f11d50a3a".
   3:6>Task "GetFrameworkPath"
       Done executing task "GetFrameworkPath".
   4:6>Task "FindUnderPath"
         Comparison path is "/home/baturhan/Projeler/Entegrasyon/Application/Entegrasyon.ApplicationBootstrap".
   3:6>Done building target "_SetEmbeddedWin32ManifestProperties" in project "Entegrasyon.MessageQueue.Handler.csproj".
   3:6>Target "SetWin32ManifestProperties" in file "/usr/lib64/dotnet/sdk/10.0.101/Microsoft.Common.CurrentVersion.targets" from project "/home/baturhan/Projeler/Entegrasyon/Application/Entegrasyon.MessageQueue/Entegrasyon.MessageQueue.Handler.csproj" (target "Compile" depends on it):
   3:6>Done building target "SetWin32ManifestProperties" in project "Entegrasyon.MessageQueue.Handler.csproj".
       Target "FindReferenceAssembliesForReferences" skipped. Previously built successfully.
   4:6>Done executing task "FindUnderPath".
       Task "FindUnderPath"
   3:6>Target "_GenerateCompileInputs" in file "/usr/lib64/dotnet/sdk/10.0.101/Microsoft.Common.CurrentVersion.targets" from project "/home/baturhan/Projeler/Entegrasyon/Application/Entegrasyon.MessageQueue/Entegrasyon.MessageQueue.Handler.csproj" (target "Compile" depends on it):
   3:6>Done building target "_GenerateCompileInputs" in project "Entegrasyon.MessageQueue.Handler.csproj".
       Target "PrepareForBuild" skipped. Previously built successfully.
   3:6>Target "GenerateMSBuildEditorConfigFileShouldRun" in file "/usr/lib64/dotnet/sdk/10.0.101/Roslyn/Microsoft.Managed.Core.targets" from project "/home/baturhan/Projeler/Entegrasyon/Application/Entegrasyon.MessageQueue/Entegrasyon.MessageQueue.Handler.csproj" (target "GenerateMSBuildEditorConfigFile" depends on it):
   3:6>Done building target "GenerateMSBuildEditorConfigFileShouldRun" in project "Entegrasyon.MessageQueue.Handler.csproj".
   4:6>_CleanGetCurrentAndPriorFileWrites:
         Comparison path is "bin/Debug/net8.0/".
   3:6>Target "AddGlobalAnalyzerConfigForPackage_MicrosoftCodeAnalysisCSharpCodeStyle" in file "/usr/lib64/dotnet/sdk/10.0.101/Sdks/Microsoft.NET.Sdk/codestyle/cs/build/Microsoft.CodeAnalysis.CSharp.CodeStyle.targets" from project "/home/baturhan/Projeler/Entegrasyon/Application/Entegrasyon.MessageQueue/Entegrasyon.MessageQueue.Handler.csproj" (target "GenerateMSBuildEditorConfigFileCore" depends on it):
   3:6>Done building target "AddGlobalAnalyzerConfigForPackage_MicrosoftCodeAnalysisCSharpCodeStyle" in project "Entegrasyon.MessageQueue.Handler.csproj".
   4:6>Done executing task "FindUnderPath".
   3:6>Target "GenerateMSBuildEditorConfigFileCore" in file "/usr/lib64/dotnet/sdk/10.0.101/Roslyn/Microsoft.Managed.Core.targets" from project "/home/baturhan/Projeler/Entegrasyon/Application/Entegrasyon.MessageQueue/Entegrasyon.MessageQueue.Handler.csproj" (target "GenerateMSBuildEditorConfigFile" depends on it):
   3:6>Building target "GenerateMSBuildEditorConfigFileCore" completely.
   4:6>Task "FindUnderPath"
   3:6>GenerateMSBuildEditorConfigFileCore:
       No input files were specified.
       Using "GenerateMSBuildEditorConfig" task from assembly "/usr/lib64/dotnet/sdk/10.0.101/Sdks/Microsoft.NET.Sdk/targets/../../../Roslyn/Microsoft.Build.Tasks.CodeAnalysis.dll".
       Task "GenerateMSBuildEditorConfig"
       Done executing task "GenerateMSBuildEditorConfig".
   3:6>Done building target "GenerateMSBuildEditorConfigFileCore" in project "Entegrasyon.MessageQueue.Handler.csproj".
   4:6>_CleanGetCurrentAndPriorFileWrites:
         Comparison path is "obj/Debug/net8.0/".
   3:6>Target "GenerateMSBuildEditorConfigFile" in file "/usr/lib64/dotnet/sdk/10.0.101/Roslyn/Microsoft.Managed.Core.targets" from project "/home/baturhan/Projeler/Entegrasyon/Application/Entegrasyon.MessageQueue/Entegrasyon.MessageQueue.Handler.csproj" (target "BeforeCompile" depends on it):
   3:6>Done building target "GenerateMSBuildEditorConfigFile" in project "Entegrasyon.MessageQueue.Handler.csproj".
       Target "PrepareForBuild" skipped. Previously built successfully.
   4:6>Done executing task "FindUnderPath".
   3:6>Target "GetReferenceAssemblyPaths" skipped. Previously built successfully.
   3:6>Target "_SetTargetFrameworkMonikerAttribute" in file "/usr/lib64/dotnet/sdk/10.0.101/Microsoft.CSharp.CurrentVersion.targets" from project "/home/baturhan/Projeler/Entegrasyon/Application/Entegrasyon.MessageQueue/Entegrasyon.MessageQueue.Handler.csproj" (target "GenerateTargetFrameworkMonikerAttribute" depends on it):
   3:6>Done building target "_SetTargetFrameworkMonikerAttribute" in project "Entegrasyon.MessageQueue.Handler.csproj".
   3:6>Target "GenerateTargetFrameworkMonikerAttribute" in file "/usr/lib64/dotnet/sdk/10.0.101/Microsoft.Common.CurrentVersion.targets" from project "/home/baturhan/Projeler/Entegrasyon/Application/Entegrasyon.MessageQueue/Entegrasyon.MessageQueue.Handler.csproj" (target "BeforeCompile" depends on it):
       Skipping target "GenerateTargetFrameworkMonikerAttribute" because all output files are up-to-date with respect to the input files.
       Input files: /usr/lib64/dotnet/sdk/10.0.101/Microsoft.Common.targets
       Output files: obj/Debug/net8.0/.NETCoreApp,Version=v8.0.AssemblyAttributes.cs
   3:6>Done building target "GenerateTargetFrameworkMonikerAttribute" in project "Entegrasyon.MessageQueue.Handler.csproj".
       Target "PrepareForBuild" skipped. Previously built successfully.
   3:6>Target "GetAssemblyVersion" in file "/usr/lib64/dotnet/sdk/10.0.101/Sdks/Microsoft.NET.Sdk/targets/Microsoft.NET.GenerateAssemblyInfo.targets" from project "/home/baturhan/Projeler/Entegrasyon/Application/Entegrasyon.MessageQueue/Entegrasyon.MessageQueue.Handler.csproj" (target "GetAssemblyAttributes" depends on it):
       Using "GetAssemblyVersion" task from assembly "/usr/lib64/dotnet/sdk/10.0.101/Sdks/Microsoft.NET.Sdk/targets/../tools/net10.0/Microsoft.NET.Build.Tasks.dll".
       Task "GetAssemblyVersion"
       Done executing task "GetAssemblyVersion".
   3:6>Done building target "GetAssemblyVersion" in project "Entegrasyon.MessageQueue.Handler.csproj".
   3:6>Target "InitializeSourceControlInformationFromSourceControlManager" in file "/usr/lib64/dotnet/sdk/10.0.101/Sdks/Microsoft.Build.Tasks.Git/build/Microsoft.Build.Tasks.Git.targets" from project "/home/baturhan/Projeler/Entegrasyon/Application/Entegrasyon.MessageQueue/Entegrasyon.MessageQueue.Handler.csproj" (target "_InitializeSourceControlInformationFromSourceControlManager" depends on it):
       Using "Microsoft.Build.Tasks.Git.LocateRepository" task from assembly "/usr/lib64/dotnet/sdk/10.0.101/Sdks/Microsoft.Build.Tasks.Git/build/../tools/net/Microsoft.Build.Tasks.Git.dll".
       Task "Microsoft.Build.Tasks.Git.LocateRepository"
         SourceLink: Repository instance not found in cache: '*:/home/baturhan/Projeler/Entegrasyon/.git'
       Done executing task "Microsoft.Build.Tasks.Git.LocateRepository".
   3:6>Done building target "InitializeSourceControlInformationFromSourceControlManager" in project "Entegrasyon.MessageQueue.Handler.csproj".
   3:6>Target "_SourceLinkHasSingleProvider" in file "/usr/lib64/dotnet/sdk/10.0.101/Sdks/Microsoft.SourceLink.Common/build/InitializeSourceControlInformation.targets" from project "/home/baturhan/Projeler/Entegrasyon/Application/Entegrasyon.MessageQueue/Entegrasyon.MessageQueue.Handler.csproj" (target "_InitializeSourceControlInformationFromSourceControlManager" depends on it):
       Using "Microsoft.SourceLink.Common.SourceLinkHasSingleProvider" task from assembly "/usr/lib64/dotnet/sdk/10.0.101/Sdks/Microsoft.SourceLink.Common/build/../tools/net/Microsoft.SourceLink.Common.dll".
       Task "Microsoft.SourceLink.Common.SourceLinkHasSingleProvider"
       Done executing task "Microsoft.SourceLink.Common.SourceLinkHasSingleProvider".
   3:6>Done building target "_SourceLinkHasSingleProvider" in project "Entegrasyon.MessageQueue.Handler.csproj".
   4:6>Task "RemoveDuplicates"
   3:6>Target "TranslateGitHubUrlsInSourceControlInformation" in file "/usr/lib64/dotnet/sdk/10.0.101/Sdks/Microsoft.SourceLink.GitHub/build/Microsoft.SourceLink.GitHub.targets" from project "/home/baturhan/Projeler/Entegrasyon/Application/Entegrasyon.MessageQueue/Entegrasyon.MessageQueue.Handler.csproj" (target "_InitializeSourceControlInformationFromSourceControlManager" depends on it):
   3:6>Using "Microsoft.SourceLink.GitHub.TranslateRepositoryUrls" task from assembly "/usr/lib64/dotnet/sdk/10.0.101/Sdks/Microsoft.SourceLink.GitHub/build/../tools/net/Microsoft.SourceLink.GitHub.dll".
       Task "Microsoft.SourceLink.GitHub.TranslateRepositoryUrls"
   4:6>Done executing task "RemoveDuplicates".
   3:6>Done executing task "Microsoft.SourceLink.GitHub.TranslateRepositoryUrls".
   3:6>Done building target "TranslateGitHubUrlsInSourceControlInformation" in project "Entegrasyon.MessageQueue.Handler.csproj".
   3:6>Target "TranslateGitLabUrlsInSourceControlInformation" in file "/usr/lib64/dotnet/sdk/10.0.101/Sdks/Microsoft.SourceLink.GitLab/build/Microsoft.SourceLink.GitLab.targets" from project "/home/baturhan/Projeler/Entegrasyon/Application/Entegrasyon.MessageQueue/Entegrasyon.MessageQueue.Handler.csproj" (target "_InitializeSourceControlInformationFromSourceControlManager" depends on it):
       Using "Microsoft.SourceLink.GitLab.TranslateRepositoryUrls" task from assembly "/usr/lib64/dotnet/sdk/10.0.101/Sdks/Microsoft.SourceLink.GitLab/build/../tools/net/Microsoft.SourceLink.GitLab.dll".
       Task "Microsoft.SourceLink.GitLab.TranslateRepositoryUrls"
       Done executing task "Microsoft.SourceLink.GitLab.TranslateRepositoryUrls".
   4:6>Done building target "_CleanGetCurrentAndPriorFileWrites" in project "Entegrasyon.ApplicationBootstrap.csproj".
   3:6>Done building target "TranslateGitLabUrlsInSourceControlInformation" in project "Entegrasyon.MessageQueue.Handler.csproj".
   3:6>Target "TranslateAzureReposGitUrlsInSourceControlInformation" in file "/usr/lib64/dotnet/sdk/10.0.101/Sdks/Microsoft.SourceLink.AzureRepos.Git/build/Microsoft.SourceLink.AzureRepos.Git.targets" from project "/home/baturhan/Projeler/Entegrasyon/Application/Entegrasyon.MessageQueue/Entegrasyon.MessageQueue.Handler.csproj" (target "_InitializeSourceControlInformationFromSourceControlManager" depends on it):
       Using "Microsoft.SourceLink.AzureRepos.Git.TranslateRepositoryUrls" task from assembly "/usr/lib64/dotnet/sdk/10.0.101/Sdks/Microsoft.SourceLink.AzureRepos.Git/build/../tools/net/Microsoft.SourceLink.AzureRepos.Git.dll".
       Task "Microsoft.SourceLink.AzureRepos.Git.TranslateRepositoryUrls"
   4:6>Target "IncrementalClean" in file "/usr/lib64/dotnet/sdk/10.0.101/Microsoft.Common.CurrentVersion.targets" from project "/home/baturhan/Projeler/Entegrasyon/Application/Entegrasyon.ApplicationBootstrap/Entegrasyon.ApplicationBootstrap.csproj" (target "CoreBuild" depends on it):
   4:6>Task "FindUnderPath"
   3:6>Done executing task "Microsoft.SourceLink.AzureRepos.Git.TranslateRepositoryUrls".
   3:6>Done building target "TranslateAzureReposGitUrlsInSourceControlInformation" in project "Entegrasyon.MessageQueue.Handler.csproj".
   3:6>Target "TranslateBitbucketGitUrlsInSourceControlInformation" in file "/usr/lib64/dotnet/sdk/10.0.101/Sdks/Microsoft.SourceLink.Bitbucket.Git/build/Microsoft.SourceLink.Bitbucket.Git.targets" from project "/home/baturhan/Projeler/Entegrasyon/Application/Entegrasyon.MessageQueue/Entegrasyon.MessageQueue.Handler.csproj" (target "_InitializeSourceControlInformationFromSourceControlManager" depends on it):
       Using "Microsoft.SourceLink.Bitbucket.Git.TranslateRepositoryUrls" task from assembly "/usr/lib64/dotnet/sdk/10.0.101/Sdks/Microsoft.SourceLink.Bitbucket.Git/build/../tools/net/Microsoft.SourceLink.Bitbucket.Git.dll".
   4:6>IncrementalClean:
         Comparison path is "bin/Debug/net8.0/".
       Done executing task "FindUnderPath".
   3:6>Task "Microsoft.SourceLink.Bitbucket.Git.TranslateRepositoryUrls"
   4:6>Task "FindUnderPath"
   3:6>Done executing task "Microsoft.SourceLink.Bitbucket.Git.TranslateRepositoryUrls".
   4:6>IncrementalClean:
         Comparison path is "obj/Debug/net8.0/".
   3:6>Done building target "TranslateBitbucketGitUrlsInSourceControlInformation" in project "Entegrasyon.MessageQueue.Handler.csproj".
   4:6>Done executing task "FindUnderPath".
   3:6>Target "SourceControlManagerPublishTranslatedUrls" in file "/usr/lib64/dotnet/sdk/10.0.101/Sdks/Microsoft.SourceLink.Common/build/InitializeSourceControlInformation.targets" from project "/home/baturhan/Projeler/Entegrasyon/Application/Entegrasyon.MessageQueue/Entegrasyon.MessageQueue.Handler.csproj" (target "_InitializeSourceControlInformationFromSourceControlManager" depends on it):
   3:6>Done building target "SourceControlManagerPublishTranslatedUrls" in project "Entegrasyon.MessageQueue.Handler.csproj".
   3:6>Target "_InitializeSourceControlInformationFromSourceControlManager" in file "/usr/lib64/dotnet/sdk/10.0.101/Sdks/Microsoft.SourceLink.Common/build/InitializeSourceControlInformation.targets" from project "/home/baturhan/Projeler/Entegrasyon/Application/Entegrasyon.MessageQueue/Entegrasyon.MessageQueue.Handler.csproj" (target "InitializeSourceControlInformation" depends on it):
   3:6>Done building target "_InitializeSourceControlInformationFromSourceControlManager" in project "Entegrasyon.MessageQueue.Handler.csproj".
   4:6>IncrementalClean:
       Using "Delete" task from assembly "Microsoft.Build.Tasks.Core, Version=15.1.0.0, Culture=neutral, PublicKeyToken=b03f5f7f11d50a3a".
   3:6>Target "InitializeSourceControlInformation" in file "/usr/lib64/dotnet/sdk/10.0.101/Microsoft.Common.CurrentVersion.targets" from project "/home/baturhan/Projeler/Entegrasyon/Application/Entegrasyon.MessageQueue/Entegrasyon.MessageQueue.Handler.csproj" (target "GetAssemblyAttributes" depends on it):
   3:6>Done building target "InitializeSourceControlInformation" in project "Entegrasyon.MessageQueue.Handler.csproj".
   4:6>Task "Delete"
   3:6>Target "GetAssemblyVersion" skipped. Previously built successfully.
   4:6>Done executing task "Delete".
   3:6>Target "InitializeSourceControlInformation" skipped. Previously built successfully.
   3:6>Target "AddSourceRevisionToInformationalVersion" in file "/usr/lib64/dotnet/sdk/10.0.101/Sdks/Microsoft.NET.Sdk/targets/Microsoft.NET.GenerateAssemblyInfo.targets" from project "/home/baturhan/Projeler/Entegrasyon/Application/Entegrasyon.MessageQueue/Entegrasyon.MessageQueue.Handler.csproj" (target "GetAssemblyAttributes" depends on it):
       /usr/lib64/dotnet/sdk/10.0.101/Sdks/Microsoft.NET.Sdk/targets/Microsoft.NET.GenerateAssemblyInfo.targets(70,7): message : Property reassignment: $(InformationalVersion)="1.0.0+b6490b011968657f75d632b3c51367b541aec72d" (previous value: "1.0.0") at /usr/lib64/dotnet/sdk/10.0.101/Sdks/Microsoft.NET.Sdk/targets/Microsoft.NET.GenerateAssemblyInfo.targets (70,7) [/home/baturhan/Projeler/Entegrasyon/Application/Entegrasyon.MessageQueue/Entegrasyon.MessageQueue.Handler.csproj]
   3:6>Done building target "AddSourceRevisionToInformationalVersion" in project "Entegrasyon.MessageQueue.Handler.csproj".
   4:6>Task "RemoveDuplicates"
   3:6>Target "GetAssemblyAttributes" in file "/usr/lib64/dotnet/sdk/10.0.101/Sdks/Microsoft.NET.Sdk/targets/Microsoft.NET.GenerateAssemblyInfo.targets" from project "/home/baturhan/Projeler/Entegrasyon/Application/Entegrasyon.MessageQueue/Entegrasyon.MessageQueue.Handler.csproj" (target "CreateGeneratedAssemblyInfoInputsCacheFile" depends on it):
   3:6>Done building target "GetAssemblyAttributes" in project "Entegrasyon.MessageQueue.Handler.csproj".
   3:6>Target "CreateGeneratedAssemblyInfoInputsCacheFile" in file "/usr/lib64/dotnet/sdk/10.0.101/Sdks/Microsoft.NET.Sdk/targets/Microsoft.NET.GenerateAssemblyInfo.targets" from project "/home/baturhan/Projeler/Entegrasyon/Application/Entegrasyon.MessageQueue/Entegrasyon.MessageQueue.Handler.csproj" (target "CoreGenerateAssemblyInfo" depends on it):
       Using "Hash" task from assembly "Microsoft.Build.Tasks.Core, Version=15.1.0.0, Culture=neutral, PublicKeyToken=b03f5f7f11d50a3a".
   4:6>Done executing task "RemoveDuplicates".
   3:6>Task "Hash"
       Done executing task "Hash".
       Task "WriteLinesToFile"
   4:6>Done building target "IncrementalClean" in project "Entegrasyon.ApplicationBootstrap.csproj".
   3:6>CreateGeneratedAssemblyInfoInputsCacheFile:
         Skipping write to file "obj/Debug/net8.0/Entegrasyon.MessageQueue.Handler.AssemblyInfoInputs.cache" because content would not change.
       Done executing task "WriteLinesToFile".
   4:6>Target "GenerateBuildDependencyFile" skipped. Previously built successfully.
   3:6>Done building target "CreateGeneratedAssemblyInfoInputsCacheFile" in project "Entegrasyon.MessageQueue.Handler.csproj".
   4:6>Target "CoreBuild" in file "/usr/lib64/dotnet/sdk/10.0.101/Microsoft.Common.CurrentVersion.targets" from project "/home/baturhan/Projeler/Entegrasyon/Application/Entegrasyon.ApplicationBootstrap/Entegrasyon.ApplicationBootstrap.csproj" (target "Build" depends on it):
   4:6>Done building target "CoreBuild" in project "Entegrasyon.ApplicationBootstrap.csproj".
   3:6>Target "CoreGenerateAssemblyInfo" in file "/usr/lib64/dotnet/sdk/10.0.101/Sdks/Microsoft.NET.Sdk/targets/Microsoft.NET.GenerateAssemblyInfo.targets" from project "/home/baturhan/Projeler/Entegrasyon/Application/Entegrasyon.MessageQueue/Entegrasyon.MessageQueue.Handler.csproj" (target "GenerateAssemblyInfo" depends on it):
   3:6>Skipping target "CoreGenerateAssemblyInfo" because all output files are up-to-date with respect to the input files.
       Input files: obj/Debug/net8.0/Entegrasyon.MessageQueue.Handler.AssemblyInfoInputs.cache
       Output files: obj/Debug/net8.0/Entegrasyon.MessageQueue.Handler.AssemblyInfo.cs
   4:6>Target "AfterBuild" in file "/usr/lib64/dotnet/sdk/10.0.101/Microsoft.Common.CurrentVersion.targets" from project "/home/baturhan/Projeler/Entegrasyon/Application/Entegrasyon.ApplicationBootstrap/Entegrasyon.ApplicationBootstrap.csproj" (target "Build" depends on it):
   4:6>Done building target "AfterBuild" in project "Entegrasyon.ApplicationBootstrap.csproj".
   3:6>Done building target "CoreGenerateAssemblyInfo" in project "Entegrasyon.MessageQueue.Handler.csproj".
   4:6>Target "_CheckForInvalidConfigurationAndPlatform" skipped. Previously built successfully.
       Target "_CheckForInvalidConfigurationAndPlatform" skipped. Previously built successfully.
   3:6>Target "GenerateAssemblyInfo" in file "/usr/lib64/dotnet/sdk/10.0.101/Sdks/Microsoft.NET.Sdk/targets/Microsoft.NET.GenerateAssemblyInfo.targets" from project "/home/baturhan/Projeler/Entegrasyon/Application/Entegrasyon.MessageQueue/Entegrasyon.MessageQueue.Handler.csproj" (target "BeforeCompile" depends on it):
   3:6>Done building target "GenerateAssemblyInfo" in project "Entegrasyon.MessageQueue.Handler.csproj".
   4:6>Target "Build" in file "/usr/lib64/dotnet/sdk/10.0.101/Microsoft.Common.CurrentVersion.targets" from project "/home/baturhan/Projeler/Entegrasyon/Application/Entegrasyon.ApplicationBootstrap/Entegrasyon.ApplicationBootstrap.csproj" (entry point):
   4:6>Done building target "Build" in project "Entegrasyon.ApplicationBootstrap.csproj".
   3:6>Target "BeforeCompile" in file "/usr/lib64/dotnet/sdk/10.0.101/Microsoft.Common.CurrentVersion.targets" from project "/home/baturhan/Projeler/Entegrasyon/Application/Entegrasyon.MessageQueue/Entegrasyon.MessageQueue.Handler.csproj" (target "Compile" depends on it):
   3:6>Done building target "BeforeCompile" in project "Entegrasyon.MessageQueue.Handler.csproj".
       Target "ResolveAssemblyReferences" skipped. Previously built successfully.
   4:6>Target "_CheckContainersPackage" in file "/usr/lib64/dotnet/sdk/10.0.101/Containers/build/Microsoft.NET.Build.Containers.targets" from project "/home/baturhan/Projeler/Entegrasyon/Application/Entegrasyon.ApplicationBootstrap/Entegrasyon.ApplicationBootstrap.csproj" (entry point):
   4:6>Done building target "_CheckContainersPackage" in project "Entegrasyon.ApplicationBootstrap.csproj".
   3:6>Target "_GenerateCompileInputs" skipped. Previously built successfully.
   3:6>Target "_GenerateCompileDependencyCache" in file "/usr/lib64/dotnet/sdk/10.0.101/Microsoft.Common.CurrentVersion.targets" from project "/home/baturhan/Projeler/Entegrasyon/Application/Entegrasyon.MessageQueue/Entegrasyon.MessageQueue.Handler.csproj" (target "Compile" depends on it):
       Task "Hash"
       Done executing task "Hash".
       Task "WriteLinesToFile"
         Skipping write to file "obj/Debug/net8.0/Entegrasyon.MessageQueue.Handler.csproj.CoreCompileInputs.cache" because content would not change.
       Done executing task "WriteLinesToFile".
   3:6>Done building target "_GenerateCompileDependencyCache" in project "Entegrasyon.MessageQueue.Handler.csproj".
   3:6>Target "_BeforeVBCSCoreCompile" in file "/usr/lib64/dotnet/sdk/10.0.101/Roslyn/Microsoft.Managed.Core.targets" from project "/home/baturhan/Projeler/Entegrasyon/Application/Entegrasyon.MessageQueue/Entegrasyon.MessageQueue.Handler.csproj" (target "CoreCompile" depends on it):
   3:6>Done building target "_BeforeVBCSCoreCompile" in project "Entegrasyon.MessageQueue.Handler.csproj".
   3:6>Target "_ComputeSkipAnalyzers" in file "/usr/lib64/dotnet/sdk/10.0.101/Roslyn/Microsoft.Managed.Core.targets" from project "/home/baturhan/Projeler/Entegrasyon/Application/Entegrasyon.MessageQueue/Entegrasyon.MessageQueue.Handler.csproj" (target "CoreCompile" depends on it):
   3:6>Done building target "_ComputeSkipAnalyzers" in project "Entegrasyon.MessageQueue.Handler.csproj".
       Target "BeforeCompile" skipped. Previously built successfully.
       Target "InitializeSourceControlInformationFromSourceControlManager" skipped. Previously built successfully.
   4:6>Done Building Project "/home/baturhan/Projeler/Entegrasyon/Application/Entegrasyon.ApplicationBootstrap/Entegrasyon.ApplicationBootstrap.csproj" (default targets).
   3:6>Target "SetEmbeddedFilesFromSourceControlManagerUntrackedFiles" in file "/usr/lib64/dotnet/sdk/10.0.101/Sdks/Microsoft.Build.Tasks.Git/build/Microsoft.Build.Tasks.Git.targets" from project "/home/baturhan/Projeler/Entegrasyon/Application/Entegrasyon.MessageQueue/Entegrasyon.MessageQueue.Handler.csproj" (target "_SetEmbeddedFilesFromSourceControlManagerUntrackedFiles" depends on it):
   3:6>Using "Microsoft.Build.Tasks.Git.GetUntrackedFiles" task from assembly "/usr/lib64/dotnet/sdk/10.0.101/Sdks/Microsoft.Build.Tasks.Git/build/../tools/net/Microsoft.Build.Tasks.Git.dll".
       Task "Microsoft.Build.Tasks.Git.GetUntrackedFiles"
         SourceLink: Reusing cached git repository information.
       Done executing task "Microsoft.Build.Tasks.Git.GetUntrackedFiles".
   3:6>Done building target "SetEmbeddedFilesFromSourceControlManagerUntrackedFiles" in project "Entegrasyon.MessageQueue.Handler.csproj".
   3:6>Target "_SetEmbeddedFilesFromSourceControlManagerUntrackedFiles" in file "/usr/lib64/dotnet/sdk/10.0.101/Sdks/Microsoft.SourceLink.Common/build/Microsoft.SourceLink.Common.targets" from project "/home/baturhan/Projeler/Entegrasyon/Application/Entegrasyon.MessageQueue/Entegrasyon.MessageQueue.Handler.csproj" (target "CoreCompile" depends on it):
   3:6>Done building target "_SetEmbeddedFilesFromSourceControlManagerUntrackedFiles" in project "Entegrasyon.MessageQueue.Handler.csproj".
       Target "InitializeSourceControlInformation" skipped. Previously built successfully.
   3:6>Target "_SetSourceLinkFilePath" in file "/usr/lib64/dotnet/sdk/10.0.101/Sdks/Microsoft.SourceLink.Common/build/Microsoft.SourceLink.Common.targets" from project "/home/baturhan/Projeler/Entegrasyon/Application/Entegrasyon.MessageQueue/Entegrasyon.MessageQueue.Handler.csproj" (target "_GenerateSourceLinkFile" depends on it):
   3:6>Done building target "_SetSourceLinkFilePath" in project "Entegrasyon.MessageQueue.Handler.csproj".
       Target "InitializeSourceControlInformation" skipped. Previously built successfully.
   3:6>Target "_InitializeSourceRootMappedPathsFromSourceControl" in file "/usr/lib64/dotnet/sdk/10.0.101/Roslyn/Microsoft.Managed.Core.targets" from project "/home/baturhan/Projeler/Entegrasyon/Application/Entegrasyon.MessageQueue/Entegrasyon.MessageQueue.Handler.csproj" (target "InitializeSourceRootMappedPaths" depends on it):
   3:6>Done building target "_InitializeSourceRootMappedPathsFromSourceControl" in project "Entegrasyon.MessageQueue.Handler.csproj".
   3:6>Target "InitializeSourceRootMappedPaths" in file "/usr/lib64/dotnet/sdk/10.0.101/Roslyn/Microsoft.Managed.Core.targets" from project "/home/baturhan/Projeler/Entegrasyon/Application/Entegrasyon.MessageQueue/Entegrasyon.MessageQueue.Handler.csproj" (target "_InitializeSourceRootMappedPathsOpt" depends on it):
       Using "Microsoft.CodeAnalysis.BuildTasks.MapSourceRoots" task from assembly "/usr/lib64/dotnet/sdk/10.0.101/Sdks/Microsoft.NET.Sdk/targets/../../../Roslyn/Microsoft.Build.Tasks.CodeAnalysis.dll".
       Task "Microsoft.CodeAnalysis.BuildTasks.MapSourceRoots"
       Done executing task "Microsoft.CodeAnalysis.BuildTasks.MapSourceRoots".
   3:6>Done building target "InitializeSourceRootMappedPaths" in project "Entegrasyon.MessageQueue.Handler.csproj".
   3:6>Target "_InitializeSourceRootMappedPathsOpt" in file "/usr/lib64/dotnet/sdk/10.0.101/Sdks/Microsoft.SourceLink.Common/build/Microsoft.SourceLink.Common.targets" from project "/home/baturhan/Projeler/Entegrasyon/Application/Entegrasyon.MessageQueue/Entegrasyon.MessageQueue.Handler.csproj" (target "_GenerateSourceLinkFile" depends on it):
   3:6>Done building target "_InitializeSourceRootMappedPathsOpt" in project "Entegrasyon.MessageQueue.Handler.csproj".
   3:6>Target "_InitializeGitHubSourceLinkUrl" in file "/usr/lib64/dotnet/sdk/10.0.101/Sdks/Microsoft.SourceLink.GitHub/build/Microsoft.SourceLink.GitHub.targets" from project "/home/baturhan/Projeler/Entegrasyon/Application/Entegrasyon.MessageQueue/Entegrasyon.MessageQueue.Handler.csproj" (target "_GenerateSourceLinkFile" depends on it):
       Building target "_InitializeGitHubSourceLinkUrl" completely.
       No input files were specified.
       Using "Microsoft.SourceLink.GitHub.GetSourceLinkUrl" task from assembly "/usr/lib64/dotnet/sdk/10.0.101/Sdks/Microsoft.SourceLink.GitHub/build/../tools/net/Microsoft.SourceLink.GitHub.dll".
       Task "Microsoft.SourceLink.GitHub.GetSourceLinkUrl"
       Done executing task "Microsoft.SourceLink.GitHub.GetSourceLinkUrl".
   3:6>Done building target "_InitializeGitHubSourceLinkUrl" in project "Entegrasyon.MessageQueue.Handler.csproj".
   3:6>Target "_InitializeGitHubSourceLinkUrl" in file "/usr/lib64/dotnet/sdk/10.0.101/Sdks/Microsoft.SourceLink.GitHub/build/Microsoft.SourceLink.GitHub.targets" from project "/home/baturhan/Projeler/Entegrasyon/Application/Entegrasyon.MessageQueue/Entegrasyon.MessageQueue.Handler.csproj" (target "_GenerateSourceLinkFile" depends on it):
       Building target "_InitializeGitHubSourceLinkUrl" completely.
       No input files were specified.
       Task "Microsoft.SourceLink.GitHub.GetSourceLinkUrl"
       Done executing task "Microsoft.SourceLink.GitHub.GetSourceLinkUrl".
   3:6>Done building target "_InitializeGitHubSourceLinkUrl" in project "Entegrasyon.MessageQueue.Handler.csproj".
   3:6>Target "_InitializeGitLabSourceLinkUrl" in file "/usr/lib64/dotnet/sdk/10.0.101/Sdks/Microsoft.SourceLink.GitLab/build/Microsoft.SourceLink.GitLab.targets" from project "/home/baturhan/Projeler/Entegrasyon/Application/Entegrasyon.MessageQueue/Entegrasyon.MessageQueue.Handler.csproj" (target "_GenerateSourceLinkFile" depends on it):
       Building target "_InitializeGitLabSourceLinkUrl" completely.
       No input files were specified.
       Using "Microsoft.SourceLink.GitLab.GetSourceLinkUrl" task from assembly "/usr/lib64/dotnet/sdk/10.0.101/Sdks/Microsoft.SourceLink.GitLab/build/../tools/net/Microsoft.SourceLink.GitLab.dll".
       Task "Microsoft.SourceLink.GitLab.GetSourceLinkUrl"
       /usr/lib64/dotnet/sdk/10.0.101/Sdks/Microsoft.SourceLink.GitLab/build/Microsoft.SourceLink.GitLab.targets(37,7): message : Property reassignment: $(_SourceLinkUrlToUpdate)="N/A" (previous value: "https://raw.githubusercontent.com/BaturhanKahraman/Entegrasyon/b6490b011968657f75d632b3c51367b541aec72d/*") at /usr/lib64/dotnet/sdk/10.0.101/Sdks/Microsoft.SourceLink.GitLab/build/Microsoft.SourceLink.GitLab.targets (37,7) [/home/baturhan/Projeler/Entegrasyon/Application/Entegrasyon.MessageQueue/Entegrasyon.MessageQueue.Handler.csproj]
       Done executing task "Microsoft.SourceLink.GitLab.GetSourceLinkUrl".
   3:6>Done building target "_InitializeGitLabSourceLinkUrl" in project "Entegrasyon.MessageQueue.Handler.csproj".
   3:6>Target "_InitializeGitLabSourceLinkUrl" in file "/usr/lib64/dotnet/sdk/10.0.101/Sdks/Microsoft.SourceLink.GitLab/build/Microsoft.SourceLink.GitLab.targets" from project "/home/baturhan/Projeler/Entegrasyon/Application/Entegrasyon.MessageQueue/Entegrasyon.MessageQueue.Handler.csproj" (target "_GenerateSourceLinkFile" depends on it):
       Building target "_InitializeGitLabSourceLinkUrl" completely.
       No input files were specified.
       Task "Microsoft.SourceLink.GitLab.GetSourceLinkUrl"
       /usr/lib64/dotnet/sdk/10.0.101/Sdks/Microsoft.SourceLink.GitLab/build/Microsoft.SourceLink.GitLab.targets(37,7): message : Property reassignment: $(_SourceLinkUrlToUpdate)="N/A" (previous value: "https://raw.githubusercontent.com/BaturhanKahraman/Entegrasyon/b6490b011968657f75d632b3c51367b541aec72d/*") at /usr/lib64/dotnet/sdk/10.0.101/Sdks/Microsoft.SourceLink.GitLab/build/Microsoft.SourceLink.GitLab.targets (37,7) [/home/baturhan/Projeler/Entegrasyon/Application/Entegrasyon.MessageQueue/Entegrasyon.MessageQueue.Handler.csproj]
       Done executing task "Microsoft.SourceLink.GitLab.GetSourceLinkUrl".
   3:6>Done building target "_InitializeGitLabSourceLinkUrl" in project "Entegrasyon.MessageQueue.Handler.csproj".
   3:6>Target "_InitializeAzureReposGitSourceLinkUrl" in file "/usr/lib64/dotnet/sdk/10.0.101/Sdks/Microsoft.SourceLink.AzureRepos.Git/build/Microsoft.SourceLink.AzureRepos.Git.targets" from project "/home/baturhan/Projeler/Entegrasyon/Application/Entegrasyon.MessageQueue/Entegrasyon.MessageQueue.Handler.csproj" (target "_GenerateSourceLinkFile" depends on it):
       Building target "_InitializeAzureReposGitSourceLinkUrl" completely.
       No input files were specified.
       Using "Microsoft.SourceLink.AzureRepos.Git.GetSourceLinkUrl" task from assembly "/usr/lib64/dotnet/sdk/10.0.101/Sdks/Microsoft.SourceLink.AzureRepos.Git/build/../tools/net/Microsoft.SourceLink.AzureRepos.Git.dll".
       Task "Microsoft.SourceLink.AzureRepos.Git.GetSourceLinkUrl"
       Done executing task "Microsoft.SourceLink.AzureRepos.Git.GetSourceLinkUrl".
   3:6>Done building target "_InitializeAzureReposGitSourceLinkUrl" in project "Entegrasyon.MessageQueue.Handler.csproj".
   3:6>Target "_InitializeAzureReposGitSourceLinkUrl" in file "/usr/lib64/dotnet/sdk/10.0.101/Sdks/Microsoft.SourceLink.AzureRepos.Git/build/Microsoft.SourceLink.AzureRepos.Git.targets" from project "/home/baturhan/Projeler/Entegrasyon/Application/Entegrasyon.MessageQueue/Entegrasyon.MessageQueue.Handler.csproj" (target "_GenerateSourceLinkFile" depends on it):
       Building target "_InitializeAzureReposGitSourceLinkUrl" completely.
       No input files were specified.
       Task "Microsoft.SourceLink.AzureRepos.Git.GetSourceLinkUrl"
       Done executing task "Microsoft.SourceLink.AzureRepos.Git.GetSourceLinkUrl".
   3:6>Done building target "_InitializeAzureReposGitSourceLinkUrl" in project "Entegrasyon.MessageQueue.Handler.csproj".
   3:6>Target "_InitializeBitbucketGitSourceLinkUrl" in file "/usr/lib64/dotnet/sdk/10.0.101/Sdks/Microsoft.SourceLink.Bitbucket.Git/build/Microsoft.SourceLink.Bitbucket.Git.targets" from project "/home/baturhan/Projeler/Entegrasyon/Application/Entegrasyon.MessageQueue/Entegrasyon.MessageQueue.Handler.csproj" (target "_GenerateSourceLinkFile" depends on it):
       Building target "_InitializeBitbucketGitSourceLinkUrl" completely.
       No input files were specified.
       Using "Microsoft.SourceLink.Bitbucket.Git.GetSourceLinkUrl" task from assembly "/usr/lib64/dotnet/sdk/10.0.101/Sdks/Microsoft.SourceLink.Bitbucket.Git/build/../tools/net/Microsoft.SourceLink.Bitbucket.Git.dll".
       Task "Microsoft.SourceLink.Bitbucket.Git.GetSourceLinkUrl"
       Done executing task "Microsoft.SourceLink.Bitbucket.Git.GetSourceLinkUrl".
   3:6>Done building target "_InitializeBitbucketGitSourceLinkUrl" in project "Entegrasyon.MessageQueue.Handler.csproj".
   3:6>Target "_InitializeBitbucketGitSourceLinkUrl" in file "/usr/lib64/dotnet/sdk/10.0.101/Sdks/Microsoft.SourceLink.Bitbucket.Git/build/Microsoft.SourceLink.Bitbucket.Git.targets" from project "/home/baturhan/Projeler/Entegrasyon/Application/Entegrasyon.MessageQueue/Entegrasyon.MessageQueue.Handler.csproj" (target "_GenerateSourceLinkFile" depends on it):
       Building target "_InitializeBitbucketGitSourceLinkUrl" completely.
       No input files were specified.
       Task "Microsoft.SourceLink.Bitbucket.Git.GetSourceLinkUrl"
       Done executing task "Microsoft.SourceLink.Bitbucket.Git.GetSourceLinkUrl".
   3:6>Done building target "_InitializeBitbucketGitSourceLinkUrl" in project "Entegrasyon.MessageQueue.Handler.csproj".
   3:6>Target "_GenerateSourceLinkFile" in file "/usr/lib64/dotnet/sdk/10.0.101/Sdks/Microsoft.SourceLink.Common/build/Microsoft.SourceLink.Common.targets" from project "/home/baturhan/Projeler/Entegrasyon/Application/Entegrasyon.MessageQueue/Entegrasyon.MessageQueue.Handler.csproj" (target "GenerateSourceLinkFile" depends on it):
       Building target "_GenerateSourceLinkFile" completely.
       No input files were specified.
       Using "Microsoft.SourceLink.Common.GenerateSourceLinkFile" task from assembly "/usr/lib64/dotnet/sdk/10.0.101/Sdks/Microsoft.SourceLink.Common/build/../tools/net/Microsoft.SourceLink.Common.dll".
       Task "Microsoft.SourceLink.Common.GenerateSourceLinkFile"
         Source Link file 'obj/Debug/net8.0/Entegrasyon.MessageQueue.Handler.sourcelink.json' is up-to-date.
       Done executing task "Microsoft.SourceLink.Common.GenerateSourceLinkFile".
   3:6>Done building target "_GenerateSourceLinkFile" in project "Entegrasyon.MessageQueue.Handler.csproj".
   3:6>Target "GenerateSourceLinkFile" in file "/usr/lib64/dotnet/sdk/10.0.101/Sdks/Microsoft.SourceLink.Common/build/Microsoft.SourceLink.Common.targets" from project "/home/baturhan/Projeler/Entegrasyon/Application/Entegrasyon.MessageQueue/Entegrasyon.MessageQueue.Handler.csproj" (target "CoreCompile" depends on it):
   3:6>Done building target "GenerateSourceLinkFile" in project "Entegrasyon.MessageQueue.Handler.csproj".
   3:6>Target "AddGlobalAnalyzerConfigForPackage_MicrosoftCodeAnalysisNetAnalyzers" in file "/usr/lib64/dotnet/sdk/10.0.101/Sdks/Microsoft.NET.Sdk/analyzers/build/Microsoft.CodeAnalysis.NetAnalyzers.targets" from project "/home/baturhan/Projeler/Entegrasyon/Application/Entegrasyon.MessageQueue/Entegrasyon.MessageQueue.Handler.csproj" (target "CoreCompile" depends on it):
   3:6>Done building target "AddGlobalAnalyzerConfigForPackage_MicrosoftCodeAnalysisNetAnalyzers" in project "Entegrasyon.MessageQueue.Handler.csproj".
   3:6>Target "CoreCompile" in file "/usr/lib64/dotnet/sdk/10.0.101/Roslyn/Microsoft.CSharp.Core.targets" from project "/home/baturhan/Projeler/Entegrasyon/Application/Entegrasyon.MessageQueue/Entegrasyon.MessageQueue.Handler.csproj" (target "Compile" depends on it):
       Skipping target "CoreCompile" because all output files are up-to-date with respect to the input files.
       Input files: 
           Trendyol/Import/TrendyolCategoryImportedCommandHandler.cs
           obj/Debug/net8.0/Entegrasyon.MessageQueue.Handler.GlobalUsings.g.cs
           obj/Debug/net8.0/.NETCoreApp,Version=v8.0.AssemblyAttributes.cs
           obj/Debug/net8.0/Entegrasyon.MessageQueue.Handler.AssemblyInfo.cs
           /home/baturhan/.nuget/packages/castle.core/5.1.1/lib/net6.0/Castle.Core.dll
           /home/baturhan/Projeler/Entegrasyon/Application/Entegrasyon.Business/obj/Debug/net8.0/ref/Entegrasyon.Business.dll
           /home/baturhan/Projeler/Entegrasyon/Application/Entegrasyon.DataAccess/obj/Debug/net8.0/ref/Entegrasyon.DataAccess.dll
           /home/baturhan/Projeler/Entegrasyon/Application/Entegrasyon.Entity/obj/Debug/net8.0/ref/Entegrasyon.Entity.dll
           /home/baturhan/Projeler/Entegrasyon/Application/Entegrasyon.MessageQueue.Commands/obj/Debug/net8.0/ref/Entegrasyon.MessageQueue.Commands.dll
           /home/baturhan/.nuget/packages/fluentvalidation/11.9.0/lib/net8.0/FluentValidation.dll
           /home/baturhan/.nuget/packages/mapster.core/1.2.1/lib/net7.0/Mapster.Core.dll
           /home/baturhan/.nuget/packages/mapster.dependencyinjection/1.0.1/lib/net7.0/Mapster.DependencyInjection.dll
           /home/baturhan/.nuget/packages/mapster/7.4.0/lib/net7.0/Mapster.dll
           /usr/lib64/dotnet/packs/Microsoft.AspNetCore.App.Ref/8.0.22/ref/net8.0/Microsoft.AspNetCore.Antiforgery.dll
           /usr/lib64/dotnet/packs/Microsoft.AspNetCore.App.Ref/8.0.22/ref/net8.0/Microsoft.AspNetCore.Authentication.Abstractions.dll
           /usr/lib64/dotnet/packs/Microsoft.AspNetCore.App.Ref/8.0.22/ref/net8.0/Microsoft.AspNetCore.Authentication.BearerToken.dll
           /usr/lib64/dotnet/packs/Microsoft.AspNetCore.App.Ref/8.0.22/ref/net8.0/Microsoft.AspNetCore.Authentication.Cookies.dll
           /usr/lib64/dotnet/packs/Microsoft.AspNetCore.App.Ref/8.0.22/ref/net8.0/Microsoft.AspNetCore.Authentication.Core.dll
           /usr/lib64/dotnet/packs/Microsoft.AspNetCore.App.Ref/8.0.22/ref/net8.0/Microsoft.AspNetCore.Authentication.dll
           /usr/lib64/dotnet/packs/Microsoft.AspNetCore.App.Ref/8.0.22/ref/net8.0/Microsoft.AspNetCore.Authentication.OAuth.dll
           /usr/lib64/dotnet/packs/Microsoft.AspNetCore.App.Ref/8.0.22/ref/net8.0/Microsoft.AspNetCore.Authorization.dll
           /usr/lib64/dotnet/packs/Microsoft.AspNetCore.App.Ref/8.0.22/ref/net8.0/Microsoft.AspNetCore.Authorization.Policy.dll
           /usr/lib64/dotnet/packs/Microsoft.AspNetCore.App.Ref/8.0.22/ref/net8.0/Microsoft.AspNetCore.Components.Authorization.dll
           /usr/lib64/dotnet/packs/Microsoft.AspNetCore.App.Ref/8.0.22/ref/net8.0/Microsoft.AspNetCore.Components.dll
           /usr/lib64/dotnet/packs/Microsoft.AspNetCore.App.Ref/8.0.22/ref/net8.0/Microsoft.AspNetCore.Components.Endpoints.dll
           /usr/lib64/dotnet/packs/Microsoft.AspNetCore.App.Ref/8.0.22/ref/net8.0/Microsoft.AspNetCore.Components.Forms.dll
           /usr/lib64/dotnet/packs/Microsoft.AspNetCore.App.Ref/8.0.22/ref/net8.0/Microsoft.AspNetCore.Components.Server.dll
           /usr/lib64/dotnet/packs/Microsoft.AspNetCore.App.Ref/8.0.22/ref/net8.0/Microsoft.AspNetCore.Components.Web.dll
           /usr/lib64/dotnet/packs/Microsoft.AspNetCore.App.Ref/8.0.22/ref/net8.0/Microsoft.AspNetCore.Connections.Abstractions.dll
           /usr/lib64/dotnet/packs/Microsoft.AspNetCore.App.Ref/8.0.22/ref/net8.0/Microsoft.AspNetCore.CookiePolicy.dll
           /usr/lib64/dotnet/packs/Microsoft.AspNetCore.App.Ref/8.0.22/ref/net8.0/Microsoft.AspNetCore.Cors.dll
           /usr/lib64/dotnet/packs/Microsoft.AspNetCore.App.Ref/8.0.22/ref/net8.0/Microsoft.AspNetCore.Cryptography.Internal.dll
           /usr/lib64/dotnet/packs/Microsoft.AspNetCore.App.Ref/8.0.22/ref/net8.0/Microsoft.AspNetCore.Cryptography.KeyDerivation.dll
           /usr/lib64/dotnet/packs/Microsoft.AspNetCore.App.Ref/8.0.22/ref/net8.0/Microsoft.AspNetCore.DataProtection.Abstractions.dll
           /usr/lib64/dotnet/packs/Microsoft.AspNetCore.App.Ref/8.0.22/ref/net8.0/Microsoft.AspNetCore.DataProtection.dll
           /usr/lib64/dotnet/packs/Microsoft.AspNetCore.App.Ref/8.0.22/ref/net8.0/Microsoft.AspNetCore.DataProtection.Extensions.dll
           /usr/lib64/dotnet/packs/Microsoft.AspNetCore.App.Ref/8.0.22/ref/net8.0/Microsoft.AspNetCore.Diagnostics.Abstractions.dll
           /usr/lib64/dotnet/packs/Microsoft.AspNetCore.App.Ref/8.0.22/ref/net8.0/Microsoft.AspNetCore.Diagnostics.dll
           /usr/lib64/dotnet/packs/Microsoft.AspNetCore.App.Ref/8.0.22/ref/net8.0/Microsoft.AspNetCore.Diagnostics.HealthChecks.dll
           /usr/lib64/dotnet/packs/Microsoft.AspNetCore.App.Ref/8.0.22/ref/net8.0/Microsoft.AspNetCore.dll
           /usr/lib64/dotnet/packs/Microsoft.AspNetCore.App.Ref/8.0.22/ref/net8.0/Microsoft.AspNetCore.HostFiltering.dll
           /usr/lib64/dotnet/packs/Microsoft.AspNetCore.App.Ref/8.0.22/ref/net8.0/Microsoft.AspNetCore.Hosting.Abstractions.dll
           /usr/lib64/dotnet/packs/Microsoft.AspNetCore.App.Ref/8.0.22/ref/net8.0/Microsoft.AspNetCore.Hosting.dll
           /usr/lib64/dotnet/packs/Microsoft.AspNetCore.App.Ref/8.0.22/ref/net8.0/Microsoft.AspNetCore.Hosting.Server.Abstractions.dll
           /usr/lib64/dotnet/packs/Microsoft.AspNetCore.App.Ref/8.0.22/ref/net8.0/Microsoft.AspNetCore.Html.Abstractions.dll
           /usr/lib64/dotnet/packs/Microsoft.AspNetCore.App.Ref/8.0.22/ref/net8.0/Microsoft.AspNetCore.Http.Abstractions.dll
           /usr/lib64/dotnet/packs/Microsoft.AspNetCore.App.Ref/8.0.22/ref/net8.0/Microsoft.AspNetCore.Http.Connections.Common.dll
           /usr/lib64/dotnet/packs/Microsoft.AspNetCore.App.Ref/8.0.22/ref/net8.0/Microsoft.AspNetCore.Http.Connections.dll
           /usr/lib64/dotnet/packs/Microsoft.AspNetCore.App.Ref/8.0.22/ref/net8.0/Microsoft.AspNetCore.Http.dll
           /usr/lib64/dotnet/packs/Microsoft.AspNetCore.App.Ref/8.0.22/ref/net8.0/Microsoft.AspNetCore.Http.Extensions.dll
           /usr/lib64/dotnet/packs/Microsoft.AspNetCore.App.Ref/8.0.22/ref/net8.0/Microsoft.AspNetCore.Http.Features.dll
           /usr/lib64/dotnet/packs/Microsoft.AspNetCore.App.Ref/8.0.22/ref/net8.0/Microsoft.AspNetCore.Http.Results.dll
           /usr/lib64/dotnet/packs/Microsoft.AspNetCore.App.Ref/8.0.22/ref/net8.0/Microsoft.AspNetCore.HttpLogging.dll
           /usr/lib64/dotnet/packs/Microsoft.AspNetCore.App.Ref/8.0.22/ref/net8.0/Microsoft.AspNetCore.HttpOverrides.dll
           /usr/lib64/dotnet/packs/Microsoft.AspNetCore.App.Ref/8.0.22/ref/net8.0/Microsoft.AspNetCore.HttpsPolicy.dll
           /usr/lib64/dotnet/packs/Microsoft.AspNetCore.App.Ref/8.0.22/ref/net8.0/Microsoft.AspNetCore.Identity.dll
           /usr/lib64/dotnet/packs/Microsoft.AspNetCore.App.Ref/8.0.22/ref/net8.0/Microsoft.AspNetCore.Localization.dll
           /usr/lib64/dotnet/packs/Microsoft.AspNetCore.App.Ref/8.0.22/ref/net8.0/Microsoft.AspNetCore.Localization.Routing.dll
           /usr/lib64/dotnet/packs/Microsoft.AspNetCore.App.Ref/8.0.22/ref/net8.0/Microsoft.AspNetCore.Metadata.dll
           /usr/lib64/dotnet/packs/Microsoft.AspNetCore.App.Ref/8.0.22/ref/net8.0/Microsoft.AspNetCore.Mvc.Abstractions.dll
           /usr/lib64/dotnet/packs/Microsoft.AspNetCore.App.Ref/8.0.22/ref/net8.0/Microsoft.AspNetCore.Mvc.ApiExplorer.dll
           /usr/lib64/dotnet/packs/Microsoft.AspNetCore.App.Ref/8.0.22/ref/net8.0/Microsoft.AspNetCore.Mvc.Core.dll
           /usr/lib64/dotnet/packs/Microsoft.AspNetCore.App.Ref/8.0.22/ref/net8.0/Microsoft.AspNetCore.Mvc.Cors.dll
           /usr/lib64/dotnet/packs/Microsoft.AspNetCore.App.Ref/8.0.22/ref/net8.0/Microsoft.AspNetCore.Mvc.DataAnnotations.dll
           /usr/lib64/dotnet/packs/Microsoft.AspNetCore.App.Ref/8.0.22/ref/net8.0/Microsoft.AspNetCore.Mvc.dll
           /usr/lib64/dotnet/packs/Microsoft.AspNetCore.App.Ref/8.0.22/ref/net8.0/Microsoft.AspNetCore.Mvc.Formatters.Json.dll
           /usr/lib64/dotnet/packs/Microsoft.AspNetCore.App.Ref/8.0.22/ref/net8.0/Microsoft.AspNetCore.Mvc.Formatters.Xml.dll
           /usr/lib64/dotnet/packs/Microsoft.AspNetCore.App.Ref/8.0.22/ref/net8.0/Microsoft.AspNetCore.Mvc.Localization.dll
           /usr/lib64/dotnet/packs/Microsoft.AspNetCore.App.Ref/8.0.22/ref/net8.0/Microsoft.AspNetCore.Mvc.Razor.dll
           /usr/lib64/dotnet/packs/Microsoft.AspNetCore.App.Ref/8.0.22/ref/net8.0/Microsoft.AspNetCore.Mvc.RazorPages.dll
           /usr/lib64/dotnet/packs/Microsoft.AspNetCore.App.Ref/8.0.22/ref/net8.0/Microsoft.AspNetCore.Mvc.TagHelpers.dll
           /usr/lib64/dotnet/packs/Microsoft.AspNetCore.App.Ref/8.0.22/ref/net8.0/Microsoft.AspNetCore.Mvc.ViewFeatures.dll
           /usr/lib64/dotnet/packs/Microsoft.AspNetCore.App.Ref/8.0.22/ref/net8.0/Microsoft.AspNetCore.OutputCaching.dll
           /usr/lib64/dotnet/packs/Microsoft.AspNetCore.App.Ref/8.0.22/ref/net8.0/Microsoft.AspNetCore.RateLimiting.dll
           /usr/lib64/dotnet/packs/Microsoft.AspNetCore.App.Ref/8.0.22/ref/net8.0/Microsoft.AspNetCore.Razor.dll
           /usr/lib64/dotnet/packs/Microsoft.AspNetCore.App.Ref/8.0.22/ref/net8.0/Microsoft.AspNetCore.Razor.Runtime.dll
           /usr/lib64/dotnet/packs/Microsoft.AspNetCore.App.Ref/8.0.22/ref/net8.0/Microsoft.AspNetCore.RequestDecompression.dll
           /usr/lib64/dotnet/packs/Microsoft.AspNetCore.App.Ref/8.0.22/ref/net8.0/Microsoft.AspNetCore.ResponseCaching.Abstractions.dll
           /usr/lib64/dotnet/packs/Microsoft.AspNetCore.App.Ref/8.0.22/ref/net8.0/Microsoft.AspNetCore.ResponseCaching.dll
           /usr/lib64/dotnet/packs/Microsoft.AspNetCore.App.Ref/8.0.22/ref/net8.0/Microsoft.AspNetCore.ResponseCompression.dll
           /usr/lib64/dotnet/packs/Microsoft.AspNetCore.App.Ref/8.0.22/ref/net8.0/Microsoft.AspNetCore.Rewrite.dll
           /usr/lib64/dotnet/packs/Microsoft.AspNetCore.App.Ref/8.0.22/ref/net8.0/Microsoft.AspNetCore.Routing.Abstractions.dll
           /usr/lib64/dotnet/packs/Microsoft.AspNetCore.App.Ref/8.0.22/ref/net8.0/Microsoft.AspNetCore.Routing.dll
           /usr/lib64/dotnet/packs/Microsoft.AspNetCore.App.Ref/8.0.22/ref/net8.0/Microsoft.AspNetCore.Server.HttpSys.dll
           /usr/lib64/dotnet/packs/Microsoft.AspNetCore.App.Ref/8.0.22/ref/net8.0/Microsoft.AspNetCore.Server.IIS.dll
           /usr/lib64/dotnet/packs/Microsoft.AspNetCore.App.Ref/8.0.22/ref/net8.0/Microsoft.AspNetCore.Server.IISIntegration.dll
           /usr/lib64/dotnet/packs/Microsoft.AspNetCore.App.Ref/8.0.22/ref/net8.0/Microsoft.AspNetCore.Server.Kestrel.Core.dll
           /usr/lib64/dotnet/packs/Microsoft.AspNetCore.App.Ref/8.0.22/ref/net8.0/Microsoft.AspNetCore.Server.Kestrel.dll
           /usr/lib64/dotnet/packs/Microsoft.AspNetCore.App.Ref/8.0.22/ref/net8.0/Microsoft.AspNetCore.Server.Kestrel.Transport.NamedPipes.dll
           /usr/lib64/dotnet/packs/Microsoft.AspNetCore.App.Ref/8.0.22/ref/net8.0/Microsoft.AspNetCore.Server.Kestrel.Transport.Quic.dll
           /usr/lib64/dotnet/packs/Microsoft.AspNetCore.App.Ref/8.0.22/ref/net8.0/Microsoft.AspNetCore.Server.Kestrel.Transport.Sockets.dll
           /usr/lib64/dotnet/packs/Microsoft.AspNetCore.App.Ref/8.0.22/ref/net8.0/Microsoft.AspNetCore.Session.dll
           /usr/lib64/dotnet/packs/Microsoft.AspNetCore.App.Ref/8.0.22/ref/net8.0/Microsoft.AspNetCore.SignalR.Common.dll
           /usr/lib64/dotnet/packs/Microsoft.AspNetCore.App.Ref/8.0.22/ref/net8.0/Microsoft.AspNetCore.SignalR.Core.dll
           /usr/lib64/dotnet/packs/Microsoft.AspNetCore.App.Ref/8.0.22/ref/net8.0/Microsoft.AspNetCore.SignalR.dll
           /usr/lib64/dotnet/packs/Microsoft.AspNetCore.App.Ref/8.0.22/ref/net8.0/Microsoft.AspNetCore.SignalR.Protocols.Json.dll
           /usr/lib64/dotnet/packs/Microsoft.AspNetCore.App.Ref/8.0.22/ref/net8.0/Microsoft.AspNetCore.StaticFiles.dll
           /usr/lib64/dotnet/packs/Microsoft.AspNetCore.App.Ref/8.0.22/ref/net8.0/Microsoft.AspNetCore.WebSockets.dll
           /usr/lib64/dotnet/packs/Microsoft.AspNetCore.App.Ref/8.0.22/ref/net8.0/Microsoft.AspNetCore.WebUtilities.dll
           /usr/lib64/dotnet/packs/Microsoft.NETCore.App.Ref/8.0.22/ref/net8.0/Microsoft.CSharp.dll
           /home/baturhan/.nuget/packages/microsoft.entityframeworkcore.abstractions/8.0.15/lib/net8.0/Microsoft.EntityFrameworkCore.Abstractions.dll
           /home/baturhan/.nuget/packages/microsoft.entityframeworkcore/8.0.15/lib/net8.0/Microsoft.EntityFrameworkCore.dll
           /home/baturhan/.nuget/packages/microsoft.entityframeworkcore.proxies/8.0.15/lib/net8.0/Microsoft.EntityFrameworkCore.Proxies.dll
           /home/baturhan/.nuget/packages/microsoft.entityframeworkcore.relational/8.0.15/lib/net8.0/Microsoft.EntityFrameworkCore.Relational.dll
           /usr/lib64/dotnet/packs/Microsoft.AspNetCore.App.Ref/8.0.22/ref/net8.0/Microsoft.Extensions.Caching.Abstractions.dll
           /usr/lib64/dotnet/packs/Microsoft.AspNetCore.App.Ref/8.0.22/ref/net8.0/Microsoft.Extensions.Caching.Memory.dll
           /usr/lib64/dotnet/packs/Microsoft.AspNetCore.App.Ref/8.0.22/ref/net8.0/Microsoft.Extensions.Configuration.Abstractions.dll
           /usr/lib64/dotnet/packs/Microsoft.AspNetCore.App.Ref/8.0.22/ref/net8.0/Microsoft.Extensions.Configuration.Binder.dll
           /usr/lib64/dotnet/packs/Microsoft.AspNetCore.App.Ref/8.0.22/ref/net8.0/Microsoft.Extensions.Configuration.CommandLine.dll
           /usr/lib64/dotnet/packs/Microsoft.AspNetCore.App.Ref/8.0.22/ref/net8.0/Microsoft.Extensions.Configuration.dll
           /usr/lib64/dotnet/packs/Microsoft.AspNetCore.App.Ref/8.0.22/ref/net8.0/Microsoft.Extensions.Configuration.EnvironmentVariables.dll
           /usr/lib64/dotnet/packs/Microsoft.AspNetCore.App.Ref/8.0.22/ref/net8.0/Microsoft.Extensions.Configuration.FileExtensions.dll
           /usr/lib64/dotnet/packs/Microsoft.AspNetCore.App.Ref/8.0.22/ref/net8.0/Microsoft.Extensions.Configuration.Ini.dll
           /usr/lib64/dotnet/packs/Microsoft.AspNetCore.App.Ref/8.0.22/ref/net8.0/Microsoft.Extensions.Configuration.Json.dll
           /usr/lib64/dotnet/packs/Microsoft.AspNetCore.App.Ref/8.0.22/ref/net8.0/Microsoft.Extensions.Configuration.KeyPerFile.dll
           /usr/lib64/dotnet/packs/Microsoft.AspNetCore.App.Ref/8.0.22/ref/net8.0/Microsoft.Extensions.Configuration.UserSecrets.dll
           /usr/lib64/dotnet/packs/Microsoft.AspNetCore.App.Ref/8.0.22/ref/net8.0/Microsoft.Extensions.Configuration.Xml.dll
           /usr/lib64/dotnet/packs/Microsoft.AspNetCore.App.Ref/8.0.22/ref/net8.0/Microsoft.Extensions.DependencyInjection.Abstractions.dll
           /usr/lib64/dotnet/packs/Microsoft.AspNetCore.App.Ref/8.0.22/ref/net8.0/Microsoft.Extensions.DependencyInjection.dll
           /home/baturhan/.nuget/packages/microsoft.extensions.dependencymodel/8.0.0/lib/net8.0/Microsoft.Extensions.DependencyModel.dll
           /usr/lib64/dotnet/packs/Microsoft.AspNetCore.App.Ref/8.0.22/ref/net8.0/Microsoft.Extensions.Diagnostics.Abstractions.dll
           /usr/lib64/dotnet/packs/Microsoft.AspNetCore.App.Ref/8.0.22/ref/net8.0/Microsoft.Extensions.Diagnostics.dll
           /usr/lib64/dotnet/packs/Microsoft.AspNetCore.App.Ref/8.0.22/ref/net8.0/Microsoft.Extensions.Diagnostics.HealthChecks.Abstractions.dll
           /usr/lib64/dotnet/packs/Microsoft.AspNetCore.App.Ref/8.0.22/ref/net8.0/Microsoft.Extensions.Diagnostics.HealthChecks.dll
           /usr/lib64/dotnet/packs/Microsoft.AspNetCore.App.Ref/8.0.22/ref/net8.0/Microsoft.Extensions.Features.dll
           /usr/lib64/dotnet/packs/Microsoft.AspNetCore.App.Ref/8.0.22/ref/net8.0/Microsoft.Extensions.FileProviders.Abstractions.dll
           /usr/lib64/dotnet/packs/Microsoft.AspNetCore.App.Ref/8.0.22/ref/net8.0/Microsoft.Extensions.FileProviders.Composite.dll
           /usr/lib64/dotnet/packs/Microsoft.AspNetCore.App.Ref/8.0.22/ref/net8.0/Microsoft.Extensions.FileProviders.Embedded.dll
           /usr/lib64/dotnet/packs/Microsoft.AspNetCore.App.Ref/8.0.22/ref/net8.0/Microsoft.Extensions.FileProviders.Physical.dll
           /usr/lib64/dotnet/packs/Microsoft.AspNetCore.App.Ref/8.0.22/ref/net8.0/Microsoft.Extensions.FileSystemGlobbing.dll
           /usr/lib64/dotnet/packs/Microsoft.AspNetCore.App.Ref/8.0.22/ref/net8.0/Microsoft.Extensions.Hosting.Abstractions.dll
           /usr/lib64/dotnet/packs/Microsoft.AspNetCore.App.Ref/8.0.22/ref/net8.0/Microsoft.Extensions.Hosting.dll
           /usr/lib64/dotnet/packs/Microsoft.AspNetCore.App.Ref/8.0.22/ref/net8.0/Microsoft.Extensions.Http.dll
           /usr/lib64/dotnet/packs/Microsoft.AspNetCore.App.Ref/8.0.22/ref/net8.0/Microsoft.Extensions.Identity.Core.dll
           /usr/lib64/dotnet/packs/Microsoft.AspNetCore.App.Ref/8.0.22/ref/net8.0/Microsoft.Extensions.Identity.Stores.dll
           /usr/lib64/dotnet/packs/Microsoft.AspNetCore.App.Ref/8.0.22/ref/net8.0/Microsoft.Extensions.Localization.Abstractions.dll
           /usr/lib64/dotnet/packs/Microsoft.AspNetCore.App.Ref/8.0.22/ref/net8.0/Microsoft.Extensions.Localization.dll
           /usr/lib64/dotnet/packs/Microsoft.AspNetCore.App.Ref/8.0.22/ref/net8.0/Microsoft.Extensions.Logging.Abstractions.dll
           /usr/lib64/dotnet/packs/Microsoft.AspNetCore.App.Ref/8.0.22/ref/net8.0/Microsoft.Extensions.Logging.Configuration.dll
           /usr/lib64/dotnet/packs/Microsoft.AspNetCore.App.Ref/8.0.22/ref/net8.0/Microsoft.Extensions.Logging.Console.dll
           /usr/lib64/dotnet/packs/Microsoft.AspNetCore.App.Ref/8.0.22/ref/net8.0/Microsoft.Extensions.Logging.Debug.dll
           /usr/lib64/dotnet/packs/Microsoft.AspNetCore.App.Ref/8.0.22/ref/net8.0/Microsoft.Extensions.Logging.dll
           /usr/lib64/dotnet/packs/Microsoft.AspNetCore.App.Ref/8.0.22/ref/net8.0/Microsoft.Extensions.Logging.EventLog.dll
           /usr/lib64/dotnet/packs/Microsoft.AspNetCore.App.Ref/8.0.22/ref/net8.0/Microsoft.Extensions.Logging.EventSource.dll
           /usr/lib64/dotnet/packs/Microsoft.AspNetCore.App.Ref/8.0.22/ref/net8.0/Microsoft.Extensions.Logging.TraceSource.dll
           /usr/lib64/dotnet/packs/Microsoft.AspNetCore.App.Ref/8.0.22/ref/net8.0/Microsoft.Extensions.ObjectPool.dll
           /usr/lib64/dotnet/packs/Microsoft.AspNetCore.App.Ref/8.0.22/ref/net8.0/Microsoft.Extensions.Options.ConfigurationExtensions.dll
           /usr/lib64/dotnet/packs/Microsoft.AspNetCore.App.Ref/8.0.22/ref/net8.0/Microsoft.Extensions.Options.DataAnnotations.dll
           /usr/lib64/dotnet/packs/Microsoft.AspNetCore.App.Ref/8.0.22/ref/net8.0/Microsoft.Extensions.Options.dll
           /usr/lib64/dotnet/packs/Microsoft.AspNetCore.App.Ref/8.0.22/ref/net8.0/Microsoft.Extensions.Primitives.dll
           /usr/lib64/dotnet/packs/Microsoft.AspNetCore.App.Ref/8.0.22/ref/net8.0/Microsoft.Extensions.WebEncoders.dll
           /home/baturhan/.nuget/packages/microsoft.identitymodel.abstractions/7.4.0/lib/net8.0/Microsoft.IdentityModel.Abstractions.dll
           /home/baturhan/.nuget/packages/microsoft.identitymodel.jsonwebtokens/7.4.0/lib/net8.0/Microsoft.IdentityModel.JsonWebTokens.dll
           /home/baturhan/.nuget/packages/microsoft.identitymodel.logging/7.4.0/lib/net8.0/Microsoft.IdentityModel.Logging.dll
           /home/baturhan/.nuget/packages/microsoft.identitymodel.tokens/7.4.0/lib/net8.0/Microsoft.IdentityModel.Tokens.dll
           /usr/lib64/dotnet/packs/Microsoft.AspNetCore.App.Ref/8.0.22/ref/net8.0/Microsoft.JSInterop.dll
           /usr/lib64/dotnet/packs/Microsoft.AspNetCore.App.Ref/8.0.22/ref/net8.0/Microsoft.Net.Http.Headers.dll
           /usr/lib64/dotnet/packs/Microsoft.NETCore.App.Ref/8.0.22/ref/net8.0/Microsoft.VisualBasic.Core.dll
           /usr/lib64/dotnet/packs/Microsoft.NETCore.App.Ref/8.0.22/ref/net8.0/Microsoft.VisualBasic.dll
           /usr/lib64/dotnet/packs/Microsoft.NETCore.App.Ref/8.0.22/ref/net8.0/Microsoft.Win32.Primitives.dll
           /usr/lib64/dotnet/packs/Microsoft.NETCore.App.Ref/8.0.22/ref/net8.0/Microsoft.Win32.Registry.dll
           /usr/lib64/dotnet/packs/Microsoft.NETCore.App.Ref/8.0.22/ref/net8.0/mscorlib.dll
           /usr/lib64/dotnet/packs/Microsoft.NETCore.App.Ref/8.0.22/ref/net8.0/netstandard.dll
           /home/baturhan/.nuget/packages/newtonsoft.json/13.0.3/lib/net6.0/Newtonsoft.Json.dll
           /home/baturhan/.nuget/packages/npgsql/8.0.6/lib/net8.0/Npgsql.dll
           /home/baturhan/.nuget/packages/npgsql.entityframeworkcore.postgresql/8.0.11/lib/net8.0/Npgsql.EntityFrameworkCore.PostgreSQL.dll
           /home/baturhan/.nuget/packages/pipelines.sockets.unofficial/2.2.8/lib/net5.0/Pipelines.Sockets.Unofficial.dll
           /home/baturhan/.nuget/packages/serilog.aspnetcore/8.0.1/lib/net8.0/Serilog.AspNetCore.dll
           /home/baturhan/.nuget/packages/serilog/3.1.1/lib/net7.0/Serilog.dll
           /home/baturhan/.nuget/packages/serilog.extensions.hosting/8.0.0/lib/net8.0/Serilog.Extensions.Hosting.dll
           /home/baturhan/.nuget/packages/serilog.extensions.logging/8.0.0/lib/net8.0/Serilog.Extensions.Logging.dll
           /home/baturhan/.nuget/packages/serilog.formatting.compact/2.0.0/lib/net7.0/Serilog.Formatting.Compact.dll
           /home/baturhan/.nuget/packages/serilog.settings.configuration/8.0.0/lib/net8.0/Serilog.Settings.Configuration.dll
           /home/baturhan/.nuget/packages/serilog.sinks.console/5.0.1/lib/net7.0/Serilog.Sinks.Console.dll
           /home/baturhan/.nuget/packages/serilog.sinks.debug/2.0.0/lib/netstandard2.1/Serilog.Sinks.Debug.dll
           /home/baturhan/.nuget/packages/serilog.sinks.file/5.0.0/lib/net5.0/Serilog.Sinks.File.dll
           /home/baturhan/Projeler/Entegrasyon/Shared/Shared/obj/Debug/net8.0/ref/Shared.dll
           /home/baturhan/.nuget/packages/stackexchange.redis/2.7.27/lib/net6.0/StackExchange.Redis.dll
           /usr/lib64/dotnet/packs/Microsoft.NETCore.App.Ref/8.0.22/ref/net8.0/System.AppContext.dll
           /usr/lib64/dotnet/packs/Microsoft.NETCore.App.Ref/8.0.22/ref/net8.0/System.Buffers.dll
           /usr/lib64/dotnet/packs/Microsoft.NETCore.App.Ref/8.0.22/ref/net8.0/System.Collections.Concurrent.dll
           /usr/lib64/dotnet/packs/Microsoft.NETCore.App.Ref/8.0.22/ref/net8.0/System.Collections.dll
           /usr/lib64/dotnet/packs/Microsoft.NETCore.App.Ref/8.0.22/ref/net8.0/System.Collections.Immutable.dll
           /usr/lib64/dotnet/packs/Microsoft.NETCore.App.Ref/8.0.22/ref/net8.0/System.Collections.NonGeneric.dll
           /usr/lib64/dotnet/packs/Microsoft.NETCore.App.Ref/8.0.22/ref/net8.0/System.Collections.Specialized.dll
           /usr/lib64/dotnet/packs/Microsoft.NETCore.App.Ref/8.0.22/ref/net8.0/System.ComponentModel.Annotations.dll
           /usr/lib64/dotnet/packs/Microsoft.NETCore.App.Ref/8.0.22/ref/net8.0/System.ComponentModel.DataAnnotations.dll
           /usr/lib64/dotnet/packs/Microsoft.NETCore.App.Ref/8.0.22/ref/net8.0/System.ComponentModel.dll
           /usr/lib64/dotnet/packs/Microsoft.NETCore.App.Ref/8.0.22/ref/net8.0/System.ComponentModel.EventBasedAsync.dll
           /usr/lib64/dotnet/packs/Microsoft.NETCore.App.Ref/8.0.22/ref/net8.0/System.ComponentModel.Primitives.dll
           /usr/lib64/dotnet/packs/Microsoft.NETCore.App.Ref/8.0.22/ref/net8.0/System.ComponentModel.TypeConverter.dll
           /usr/lib64/dotnet/packs/Microsoft.NETCore.App.Ref/8.0.22/ref/net8.0/System.Configuration.dll
           /usr/lib64/dotnet/packs/Microsoft.NETCore.App.Ref/8.0.22/ref/net8.0/System.Console.dll
           /usr/lib64/dotnet/packs/Microsoft.NETCore.App.Ref/8.0.22/ref/net8.0/System.Core.dll
           /usr/lib64/dotnet/packs/Microsoft.NETCore.App.Ref/8.0.22/ref/net8.0/System.Data.Common.dll
           /usr/lib64/dotnet/packs/Microsoft.NETCore.App.Ref/8.0.22/ref/net8.0/System.Data.DataSetExtensions.dll
           /usr/lib64/dotnet/packs/Microsoft.NETCore.App.Ref/8.0.22/ref/net8.0/System.Data.dll
           /usr/lib64/dotnet/packs/Microsoft.NETCore.App.Ref/8.0.22/ref/net8.0/System.Diagnostics.Contracts.dll
           /usr/lib64/dotnet/packs/Microsoft.NETCore.App.Ref/8.0.22/ref/net8.0/System.Diagnostics.Debug.dll
           /usr/lib64/dotnet/packs/Microsoft.NETCore.App.Ref/8.0.22/ref/net8.0/System.Diagnostics.DiagnosticSource.dll
           /usr/lib64/dotnet/packs/Microsoft.AspNetCore.App.Ref/8.0.22/ref/net8.0/System.Diagnostics.EventLog.dll
           /usr/lib64/dotnet/packs/Microsoft.NETCore.App.Ref/8.0.22/ref/net8.0/System.Diagnostics.FileVersionInfo.dll
           /usr/lib64/dotnet/packs/Microsoft.NETCore.App.Ref/8.0.22/ref/net8.0/System.Diagnostics.Process.dll
           /usr/lib64/dotnet/packs/Microsoft.NETCore.App.Ref/8.0.22/ref/net8.0/System.Diagnostics.StackTrace.dll
           /usr/lib64/dotnet/packs/Microsoft.NETCore.App.Ref/8.0.22/ref/net8.0/System.Diagnostics.TextWriterTraceListener.dll
           /usr/lib64/dotnet/packs/Microsoft.NETCore.App.Ref/8.0.22/ref/net8.0/System.Diagnostics.Tools.dll
           /usr/lib64/dotnet/packs/Microsoft.NETCore.App.Ref/8.0.22/ref/net8.0/System.Diagnostics.TraceSource.dll
           /usr/lib64/dotnet/packs/Microsoft.NETCore.App.Ref/8.0.22/ref/net8.0/System.Diagnostics.Tracing.dll
           /usr/lib64/dotnet/packs/Microsoft.NETCore.App.Ref/8.0.22/ref/net8.0/System.dll
           /usr/lib64/dotnet/packs/Microsoft.NETCore.App.Ref/8.0.22/ref/net8.0/System.Drawing.dll
           /usr/lib64/dotnet/packs/Microsoft.NETCore.App.Ref/8.0.22/ref/net8.0/System.Drawing.Primitives.dll
           /usr/lib64/dotnet/packs/Microsoft.NETCore.App.Ref/8.0.22/ref/net8.0/System.Dynamic.Runtime.dll
           /usr/lib64/dotnet/packs/Microsoft.NETCore.App.Ref/8.0.22/ref/net8.0/System.Formats.Asn1.dll
           /usr/lib64/dotnet/packs/Microsoft.NETCore.App.Ref/8.0.22/ref/net8.0/System.Formats.Tar.dll
           /usr/lib64/dotnet/packs/Microsoft.NETCore.App.Ref/8.0.22/ref/net8.0/System.Globalization.Calendars.dll
           /usr/lib64/dotnet/packs/Microsoft.NETCore.App.Ref/8.0.22/ref/net8.0/System.Globalization.dll
           /usr/lib64/dotnet/packs/Microsoft.NETCore.App.Ref/8.0.22/ref/net8.0/System.Globalization.Extensions.dll
           /home/baturhan/.nuget/packages/system.identitymodel.tokens.jwt/7.4.0/lib/net8.0/System.IdentityModel.Tokens.Jwt.dll
           /usr/lib64/dotnet/packs/Microsoft.NETCore.App.Ref/8.0.22/ref/net8.0/System.IO.Compression.Brotli.dll
           /usr/lib64/dotnet/packs/Microsoft.NETCore.App.Ref/8.0.22/ref/net8.0/System.IO.Compression.dll
           /usr/lib64/dotnet/packs/Microsoft.NETCore.App.Ref/8.0.22/ref/net8.0/System.IO.Compression.FileSystem.dll
           /usr/lib64/dotnet/packs/Microsoft.NETCore.App.Ref/8.0.22/ref/net8.0/System.IO.Compression.ZipFile.dll
           /usr/lib64/dotnet/packs/Microsoft.NETCore.App.Ref/8.0.22/ref/net8.0/System.IO.dll
           /usr/lib64/dotnet/packs/Microsoft.NETCore.App.Ref/8.0.22/ref/net8.0/System.IO.FileSystem.AccessControl.dll
           /usr/lib64/dotnet/packs/Microsoft.NETCore.App.Ref/8.0.22/ref/net8.0/System.IO.FileSystem.dll
           /usr/lib64/dotnet/packs/Microsoft.NETCore.App.Ref/8.0.22/ref/net8.0/System.IO.FileSystem.DriveInfo.dll
           /usr/lib64/dotnet/packs/Microsoft.NETCore.App.Ref/8.0.22/ref/net8.0/System.IO.FileSystem.Primitives.dll
           /usr/lib64/dotnet/packs/Microsoft.NETCore.App.Ref/8.0.22/ref/net8.0/System.IO.FileSystem.Watcher.dll
           /usr/lib64/dotnet/packs/Microsoft.NETCore.App.Ref/8.0.22/ref/net8.0/System.IO.IsolatedStorage.dll
           /usr/lib64/dotnet/packs/Microsoft.NETCore.App.Ref/8.0.22/ref/net8.0/System.IO.MemoryMappedFiles.dll
           /usr/lib64/dotnet/packs/Microsoft.AspNetCore.App.Ref/8.0.22/ref/net8.0/System.IO.Pipelines.dll
           /usr/lib64/dotnet/packs/Microsoft.NETCore.App.Ref/8.0.22/ref/net8.0/System.IO.Pipes.AccessControl.dll
           /usr/lib64/dotnet/packs/Microsoft.NETCore.App.Ref/8.0.22/ref/net8.0/System.IO.Pipes.dll
           /usr/lib64/dotnet/packs/Microsoft.NETCore.App.Ref/8.0.22/ref/net8.0/System.IO.UnmanagedMemoryStream.dll
           /usr/lib64/dotnet/packs/Microsoft.NETCore.App.Ref/8.0.22/ref/net8.0/System.Linq.dll
           /usr/lib64/dotnet/packs/Microsoft.NETCore.App.Ref/8.0.22/ref/net8.0/System.Linq.Expressions.dll
           /usr/lib64/dotnet/packs/Microsoft.NETCore.App.Ref/8.0.22/ref/net8.0/System.Linq.Parallel.dll
           /usr/lib64/dotnet/packs/Microsoft.NETCore.App.Ref/8.0.22/ref/net8.0/System.Linq.Queryable.dll
           /usr/lib64/dotnet/packs/Microsoft.NETCore.App.Ref/8.0.22/ref/net8.0/System.Memory.dll
           /usr/lib64/dotnet/packs/Microsoft.NETCore.App.Ref/8.0.22/ref/net8.0/System.Net.dll
           /usr/lib64/dotnet/packs/Microsoft.NETCore.App.Ref/8.0.22/ref/net8.0/System.Net.Http.dll
           /usr/lib64/dotnet/packs/Microsoft.NETCore.App.Ref/8.0.22/ref/net8.0/System.Net.Http.Json.dll
           /usr/lib64/dotnet/packs/Microsoft.NETCore.App.Ref/8.0.22/ref/net8.0/System.Net.HttpListener.dll
           /usr/lib64/dotnet/packs/Microsoft.NETCore.App.Ref/8.0.22/ref/net8.0/System.Net.Mail.dll
           /usr/lib64/dotnet/packs/Microsoft.NETCore.App.Ref/8.0.22/ref/net8.0/System.Net.NameResolution.dll
           /usr/lib64/dotnet/packs/Microsoft.NETCore.App.Ref/8.0.22/ref/net8.0/System.Net.NetworkInformation.dll
           /usr/lib64/dotnet/packs/Microsoft.NETCore.App.Ref/8.0.22/ref/net8.0/System.Net.Ping.dll
           /usr/lib64/dotnet/packs/Microsoft.NETCore.App.Ref/8.0.22/ref/net8.0/System.Net.Primitives.dll
           /usr/lib64/dotnet/packs/Microsoft.NETCore.App.Ref/8.0.22/ref/net8.0/System.Net.Quic.dll
           /usr/lib64/dotnet/packs/Microsoft.NETCore.App.Ref/8.0.22/ref/net8.0/System.Net.Requests.dll
           /usr/lib64/dotnet/packs/Microsoft.NETCore.App.Ref/8.0.22/ref/net8.0/System.Net.Security.dll
           /usr/lib64/dotnet/packs/Microsoft.NETCore.App.Ref/8.0.22/ref/net8.0/System.Net.ServicePoint.dll
           /usr/lib64/dotnet/packs/Microsoft.NETCore.App.Ref/8.0.22/ref/net8.0/System.Net.Sockets.dll
           /usr/lib64/dotnet/packs/Microsoft.NETCore.App.Ref/8.0.22/ref/net8.0/System.Net.WebClient.dll
           /usr/lib64/dotnet/packs/Microsoft.NETCore.App.Ref/8.0.22/ref/net8.0/System.Net.WebHeaderCollection.dll
           /usr/lib64/dotnet/packs/Microsoft.NETCore.App.Ref/8.0.22/ref/net8.0/System.Net.WebProxy.dll
           /usr/lib64/dotnet/packs/Microsoft.NETCore.App.Ref/8.0.22/ref/net8.0/System.Net.WebSockets.Client.dll
           /usr/lib64/dotnet/packs/Microsoft.NETCore.App.Ref/8.0.22/ref/net8.0/System.Net.WebSockets.dll
           /usr/lib64/dotnet/packs/Microsoft.NETCore.App.Ref/8.0.22/ref/net8.0/System.Numerics.dll
           /usr/lib64/dotnet/packs/Microsoft.NETCore.App.Ref/8.0.22/ref/net8.0/System.Numerics.Vectors.dll
           /usr/lib64/dotnet/packs/Microsoft.NETCore.App.Ref/8.0.22/ref/net8.0/System.ObjectModel.dll
           /usr/lib64/dotnet/packs/Microsoft.NETCore.App.Ref/8.0.22/ref/net8.0/System.Reflection.DispatchProxy.dll
           /usr/lib64/dotnet/packs/Microsoft.NETCore.App.Ref/8.0.22/ref/net8.0/System.Reflection.dll
           /usr/lib64/dotnet/packs/Microsoft.NETCore.App.Ref/8.0.22/ref/net8.0/System.Reflection.Emit.dll
           /usr/lib64/dotnet/packs/Microsoft.NETCore.App.Ref/8.0.22/ref/net8.0/System.Reflection.Emit.ILGeneration.dll
           /usr/lib64/dotnet/packs/Microsoft.NETCore.App.Ref/8.0.22/ref/net8.0/System.Reflection.Emit.Lightweight.dll
           /usr/lib64/dotnet/packs/Microsoft.NETCore.App.Ref/8.0.22/ref/net8.0/System.Reflection.Extensions.dll
           /usr/lib64/dotnet/packs/Microsoft.NETCore.App.Ref/8.0.22/ref/net8.0/System.Reflection.Metadata.dll
           /usr/lib64/dotnet/packs/Microsoft.NETCore.App.Ref/8.0.22/ref/net8.0/System.Reflection.Primitives.dll
           /usr/lib64/dotnet/packs/Microsoft.NETCore.App.Ref/8.0.22/ref/net8.0/System.Reflection.TypeExtensions.dll
           /usr/lib64/dotnet/packs/Microsoft.NETCore.App.Ref/8.0.22/ref/net8.0/System.Resources.Reader.dll
           /usr/lib64/dotnet/packs/Microsoft.NETCore.App.Ref/8.0.22/ref/net8.0/System.Resources.ResourceManager.dll
           /usr/lib64/dotnet/packs/Microsoft.NETCore.App.Ref/8.0.22/ref/net8.0/System.Resources.Writer.dll
           /usr/lib64/dotnet/packs/Microsoft.NETCore.App.Ref/8.0.22/ref/net8.0/System.Runtime.CompilerServices.Unsafe.dll
           /usr/lib64/dotnet/packs/Microsoft.NETCore.App.Ref/8.0.22/ref/net8.0/System.Runtime.CompilerServices.VisualC.dll
           /usr/lib64/dotnet/packs/Microsoft.NETCore.App.Ref/8.0.22/ref/net8.0/System.Runtime.dll
           /usr/lib64/dotnet/packs/Microsoft.NETCore.App.Ref/8.0.22/ref/net8.0/System.Runtime.Extensions.dll
           /usr/lib64/dotnet/packs/Microsoft.NETCore.App.Ref/8.0.22/ref/net8.0/System.Runtime.Handles.dll
           /usr/lib64/dotnet/packs/Microsoft.NETCore.App.Ref/8.0.22/ref/net8.0/System.Runtime.InteropServices.dll
           /usr/lib64/dotnet/packs/Microsoft.NETCore.App.Ref/8.0.22/ref/net8.0/System.Runtime.InteropServices.JavaScript.dll
           /usr/lib64/dotnet/packs/Microsoft.NETCore.App.Ref/8.0.22/ref/net8.0/System.Runtime.InteropServices.RuntimeInformation.dll
           /usr/lib64/dotnet/packs/Microsoft.NETCore.App.Ref/8.0.22/ref/net8.0/System.Runtime.Intrinsics.dll
           /usr/lib64/dotnet/packs/Microsoft.NETCore.App.Ref/8.0.22/ref/net8.0/System.Runtime.Loader.dll
           /usr/lib64/dotnet/packs/Microsoft.NETCore.App.Ref/8.0.22/ref/net8.0/System.Runtime.Numerics.dll
           /usr/lib64/dotnet/packs/Microsoft.NETCore.App.Ref/8.0.22/ref/net8.0/System.Runtime.Serialization.dll
           /usr/lib64/dotnet/packs/Microsoft.NETCore.App.Ref/8.0.22/ref/net8.0/System.Runtime.Serialization.Formatters.dll
           /usr/lib64/dotnet/packs/Microsoft.NETCore.App.Ref/8.0.22/ref/net8.0/System.Runtime.Serialization.Json.dll
           /usr/lib64/dotnet/packs/Microsoft.NETCore.App.Ref/8.0.22/ref/net8.0/System.Runtime.Serialization.Primitives.dll
           /usr/lib64/dotnet/packs/Microsoft.NETCore.App.Ref/8.0.22/ref/net8.0/System.Runtime.Serialization.Xml.dll
           /usr/lib64/dotnet/packs/Microsoft.NETCore.App.Ref/8.0.22/ref/net8.0/System.Security.AccessControl.dll
           /usr/lib64/dotnet/packs/Microsoft.NETCore.App.Ref/8.0.22/ref/net8.0/System.Security.Claims.dll
           /usr/lib64/dotnet/packs/Microsoft.NETCore.App.Ref/8.0.22/ref/net8.0/System.Security.Cryptography.Algorithms.dll
           /usr/lib64/dotnet/packs/Microsoft.NETCore.App.Ref/8.0.22/ref/net8.0/System.Security.Cryptography.Cng.dll
           /usr/lib64/dotnet/packs/Microsoft.NETCore.App.Ref/8.0.22/ref/net8.0/System.Security.Cryptography.Csp.dll
           /usr/lib64/dotnet/packs/Microsoft.NETCore.App.Ref/8.0.22/ref/net8.0/System.Security.Cryptography.dll
           /usr/lib64/dotnet/packs/Microsoft.NETCore.App.Ref/8.0.22/ref/net8.0/System.Security.Cryptography.Encoding.dll
           /usr/lib64/dotnet/packs/Microsoft.NETCore.App.Ref/8.0.22/ref/net8.0/System.Security.Cryptography.OpenSsl.dll
           /usr/lib64/dotnet/packs/Microsoft.NETCore.App.Ref/8.0.22/ref/net8.0/System.Security.Cryptography.Primitives.dll
           /usr/lib64/dotnet/packs/Microsoft.NETCore.App.Ref/8.0.22/ref/net8.0/System.Security.Cryptography.X509Certificates.dll
           /usr/lib64/dotnet/packs/Microsoft.AspNetCore.App.Ref/8.0.22/ref/net8.0/System.Security.Cryptography.Xml.dll
           /usr/lib64/dotnet/packs/Microsoft.NETCore.App.Ref/8.0.22/ref/net8.0/System.Security.dll
           /usr/lib64/dotnet/packs/Microsoft.NETCore.App.Ref/8.0.22/ref/net8.0/System.Security.Principal.dll
           /usr/lib64/dotnet/packs/Microsoft.NETCore.App.Ref/8.0.22/ref/net8.0/System.Security.Principal.Windows.dll
           /usr/lib64/dotnet/packs/Microsoft.NETCore.App.Ref/8.0.22/ref/net8.0/System.Security.SecureString.dll
           /usr/lib64/dotnet/packs/Microsoft.NETCore.App.Ref/8.0.22/ref/net8.0/System.ServiceModel.Web.dll
           /usr/lib64/dotnet/packs/Microsoft.NETCore.App.Ref/8.0.22/ref/net8.0/System.ServiceProcess.dll
           /usr/lib64/dotnet/packs/Microsoft.NETCore.App.Ref/8.0.22/ref/net8.0/System.Text.Encoding.CodePages.dll
           /usr/lib64/dotnet/packs/Microsoft.NETCore.App.Ref/8.0.22/ref/net8.0/System.Text.Encoding.dll
           /usr/lib64/dotnet/packs/Microsoft.NETCore.App.Ref/8.0.22/ref/net8.0/System.Text.Encoding.Extensions.dll
           /usr/lib64/dotnet/packs/Microsoft.NETCore.App.Ref/8.0.22/ref/net8.0/System.Text.Encodings.Web.dll
           /usr/lib64/dotnet/packs/Microsoft.NETCore.App.Ref/8.0.22/ref/net8.0/System.Text.Json.dll
           /usr/lib64/dotnet/packs/Microsoft.NETCore.App.Ref/8.0.22/ref/net8.0/System.Text.RegularExpressions.dll
           /usr/lib64/dotnet/packs/Microsoft.NETCore.App.Ref/8.0.22/ref/net8.0/System.Threading.Channels.dll
           /usr/lib64/dotnet/packs/Microsoft.NETCore.App.Ref/8.0.22/ref/net8.0/System.Threading.dll
           /usr/lib64/dotnet/packs/Microsoft.NETCore.App.Ref/8.0.22/ref/net8.0/System.Threading.Overlapped.dll
           /usr/lib64/dotnet/packs/Microsoft.AspNetCore.App.Ref/8.0.22/ref/net8.0/System.Threading.RateLimiting.dll
           /usr/lib64/dotnet/packs/Microsoft.NETCore.App.Ref/8.0.22/ref/net8.0/System.Threading.Tasks.Dataflow.dll
           /usr/lib64/dotnet/packs/Microsoft.NETCore.App.Ref/8.0.22/ref/net8.0/System.Threading.Tasks.dll
           /usr/lib64/dotnet/packs/Microsoft.NETCore.App.Ref/8.0.22/ref/net8.0/System.Threading.Tasks.Extensions.dll
           /usr/lib64/dotnet/packs/Microsoft.NETCore.App.Ref/8.0.22/ref/net8.0/System.Threading.Tasks.Parallel.dll
           /usr/lib64/dotnet/packs/Microsoft.NETCore.App.Ref/8.0.22/ref/net8.0/System.Threading.Thread.dll
           /usr/lib64/dotnet/packs/Microsoft.NETCore.App.Ref/8.0.22/ref/net8.0/System.Threading.ThreadPool.dll
           /usr/lib64/dotnet/packs/Microsoft.NETCore.App.Ref/8.0.22/ref/net8.0/System.Threading.Timer.dll
           /usr/lib64/dotnet/packs/Microsoft.NETCore.App.Ref/8.0.22/ref/net8.0/System.Transactions.dll
           /usr/lib64/dotnet/packs/Microsoft.NETCore.App.Ref/8.0.22/ref/net8.0/System.Transactions.Local.dll
           /usr/lib64/dotnet/packs/Microsoft.NETCore.App.Ref/8.0.22/ref/net8.0/System.ValueTuple.dll
           /usr/lib64/dotnet/packs/Microsoft.NETCore.App.Ref/8.0.22/ref/net8.0/System.Web.dll
           /usr/lib64/dotnet/packs/Microsoft.NETCore.App.Ref/8.0.22/ref/net8.0/System.Web.HttpUtility.dll
           /usr/lib64/dotnet/packs/Microsoft.NETCore.App.Ref/8.0.22/ref/net8.0/System.Windows.dll
           /usr/lib64/dotnet/packs/Microsoft.NETCore.App.Ref/8.0.22/ref/net8.0/System.Xml.dll
           /usr/lib64/dotnet/packs/Microsoft.NETCore.App.Ref/8.0.22/ref/net8.0/System.Xml.Linq.dll
           /usr/lib64/dotnet/packs/Microsoft.NETCore.App.Ref/8.0.22/ref/net8.0/System.Xml.ReaderWriter.dll
           /usr/lib64/dotnet/packs/Microsoft.NETCore.App.Ref/8.0.22/ref/net8.0/System.Xml.Serialization.dll
           /usr/lib64/dotnet/packs/Microsoft.NETCore.App.Ref/8.0.22/ref/net8.0/System.Xml.XDocument.dll
           /usr/lib64/dotnet/packs/Microsoft.NETCore.App.Ref/8.0.22/ref/net8.0/System.Xml.XmlDocument.dll
           /usr/lib64/dotnet/packs/Microsoft.NETCore.App.Ref/8.0.22/ref/net8.0/System.Xml.XmlSerializer.dll
           /usr/lib64/dotnet/packs/Microsoft.NETCore.App.Ref/8.0.22/ref/net8.0/System.Xml.XPath.dll
           /usr/lib64/dotnet/packs/Microsoft.NETCore.App.Ref/8.0.22/ref/net8.0/System.Xml.XPath.XDocument.dll
           /usr/lib64/dotnet/packs/Microsoft.NETCore.App.Ref/8.0.22/ref/net8.0/WindowsBase.dll
           obj/Debug/net8.0/Entegrasyon.MessageQueue.Handler.csproj.CoreCompileInputs.cache
           /usr/lib64/dotnet/sdk/10.0.101/Sdks/Microsoft.NET.Sdk/targets/../analyzers/Microsoft.CodeAnalysis.CSharp.NetAnalyzers.dll
           /usr/lib64/dotnet/sdk/10.0.101/Sdks/Microsoft.NET.Sdk/targets/../analyzers/Microsoft.CodeAnalysis.NetAnalyzers.dll
           /home/baturhan/.nuget/packages/microsoft.entityframeworkcore.analyzers/8.0.15/analyzers/dotnet/cs/Microsoft.EntityFrameworkCore.Analyzers.dll
           /usr/lib64/dotnet/packs/Microsoft.NETCore.App.Ref/8.0.22/analyzers/dotnet/cs/Microsoft.Interop.ComInterfaceGenerator.dll
           /usr/lib64/dotnet/packs/Microsoft.NETCore.App.Ref/8.0.22/analyzers/dotnet/cs/Microsoft.Interop.JavaScript.JSImportGenerator.dll
           /usr/lib64/dotnet/packs/Microsoft.NETCore.App.Ref/8.0.22/analyzers/dotnet/cs/Microsoft.Interop.LibraryImportGenerator.dll
           /usr/lib64/dotnet/packs/Microsoft.NETCore.App.Ref/8.0.22/analyzers/dotnet/cs/Microsoft.Interop.SourceGeneration.dll
           /usr/lib64/dotnet/packs/Microsoft.NETCore.App.Ref/8.0.22/analyzers/dotnet/cs/System.Text.Json.SourceGeneration.dll
           /usr/lib64/dotnet/packs/Microsoft.NETCore.App.Ref/8.0.22/analyzers/dotnet/cs/System.Text.RegularExpressions.Generator.dll
           /usr/lib64/dotnet/packs/Microsoft.AspNetCore.App.Ref/8.0.22/analyzers/dotnet/cs/Microsoft.AspNetCore.App.Analyzers.dll
           /usr/lib64/dotnet/packs/Microsoft.AspNetCore.App.Ref/8.0.22/analyzers/dotnet/cs/Microsoft.AspNetCore.App.CodeFixes.dll
           /usr/lib64/dotnet/packs/Microsoft.AspNetCore.App.Ref/8.0.22/analyzers/dotnet/cs/Microsoft.AspNetCore.Components.Analyzers.dll
           /usr/lib64/dotnet/packs/Microsoft.AspNetCore.App.Ref/8.0.22/analyzers/dotnet/roslyn4.4/cs/Microsoft.Extensions.Logging.Generators.dll
           /usr/lib64/dotnet/packs/Microsoft.AspNetCore.App.Ref/8.0.22/analyzers/dotnet/roslyn4.4/cs/Microsoft.Extensions.Options.SourceGeneration.dll
           /home/baturhan/Projeler/Entegrasyon/.editorconfig
           obj/Debug/net8.0/Entegrasyon.MessageQueue.Handler.GeneratedMSBuildEditorConfig.editorconfig
           /usr/lib64/dotnet/sdk/10.0.101/Sdks/Microsoft.NET.Sdk/analyzers/build/config/analysislevel_8_default.globalconfig
           /home/baturhan/Projeler/Entegrasyon/Application/Entegrasyon.MessageQueue/obj/Entegrasyon.MessageQueue.Handler.csproj.nuget.g.targets
           /usr/lib64/dotnet/sdk/10.0.101/Current/Microsoft.Common.targets/ImportAfter/Microsoft.TestPlatform.ImportAfter.targets
           obj/Debug/net8.0/Entegrasyon.MessageQueue.Handler.sourcelink.json
       Output files: 
           obj/Debug/net8.0/Entegrasyon.MessageQueue.Handler.dll
           obj/Debug/net8.0/refint/Entegrasyon.MessageQueue.Handler.dll
           obj/Debug/net8.0/Entegrasyon.MessageQueue.Handler.pdb
       /usr/lib64/dotnet/sdk/10.0.101/Roslyn/Microsoft.CSharp.Core.targets(66,7): message : Property reassignment: $(NoWarn)="1701;1702;1701;1702" (previous value: "1701;1702") at /usr/lib64/dotnet/sdk/10.0.101/Roslyn/Microsoft.CSharp.Core.targets (66,7) [/home/baturhan/Projeler/Entegrasyon/Application/Entegrasyon.MessageQueue/Entegrasyon.MessageQueue.Handler.csproj]
   3:6>Done building target "CoreCompile" in project "Entegrasyon.MessageQueue.Handler.csproj".
   3:6>Target "AfterCompile" in file "/usr/lib64/dotnet/sdk/10.0.101/Microsoft.Common.CurrentVersion.targets" from project "/home/baturhan/Projeler/Entegrasyon/Application/Entegrasyon.MessageQueue/Entegrasyon.MessageQueue.Handler.csproj" (target "Compile" depends on it):
   3:6>Done building target "AfterCompile" in project "Entegrasyon.MessageQueue.Handler.csproj".
   3:6>Target "Compile" in file "/usr/lib64/dotnet/sdk/10.0.101/Microsoft.Common.CurrentVersion.targets" from project "/home/baturhan/Projeler/Entegrasyon/Application/Entegrasyon.MessageQueue/Entegrasyon.MessageQueue.Handler.csproj" (target "CoreBuild" depends on it):
   3:6>Done building target "Compile" in project "Entegrasyon.MessageQueue.Handler.csproj".
   3:6>Target "_GenerateSatelliteAssemblyInputs" in file "/usr/lib64/dotnet/sdk/10.0.101/Microsoft.Common.CurrentVersion.targets" from project "/home/baturhan/Projeler/Entegrasyon/Application/Entegrasyon.MessageQueue/Entegrasyon.MessageQueue.Handler.csproj" (target "CreateSatelliteAssemblies" depends on it):
   3:6>Done building target "_GenerateSatelliteAssemblyInputs" in project "Entegrasyon.MessageQueue.Handler.csproj".
   3:6>Target "CreateSatelliteAssemblies" in file "/usr/lib64/dotnet/sdk/10.0.101/Microsoft.Common.CurrentVersion.targets" from project "/home/baturhan/Projeler/Entegrasyon/Application/Entegrasyon.MessageQueue/Entegrasyon.MessageQueue.Handler.csproj" (target "CoreBuild" depends on it):
   3:6>Done building target "CreateSatelliteAssemblies" in project "Entegrasyon.MessageQueue.Handler.csproj".
   3:6>Target "GetTargetPathWithTargetPlatformMoniker" in file "/usr/lib64/dotnet/sdk/10.0.101/Microsoft.Common.CurrentVersion.targets" from project "/home/baturhan/Projeler/Entegrasyon/Application/Entegrasyon.MessageQueue/Entegrasyon.MessageQueue.Handler.csproj" (target "GetTargetPath" depends on it):
   3:6>Done building target "GetTargetPathWithTargetPlatformMoniker" in project "Entegrasyon.MessageQueue.Handler.csproj".
   3:6>Target "GetTargetPath" in file "/usr/lib64/dotnet/sdk/10.0.101/Microsoft.Common.CurrentVersion.targets" from project "/home/baturhan/Projeler/Entegrasyon/Application/Entegrasyon.MessageQueue/Entegrasyon.MessageQueue.Handler.csproj" (target "CoreBuild" depends on it):
   3:6>Done building target "GetTargetPath" in project "Entegrasyon.MessageQueue.Handler.csproj".
   3:6>Target "_CopyFilesMarkedCopyLocal" in file "/usr/lib64/dotnet/sdk/10.0.101/Microsoft.Common.CurrentVersion.targets" from project "/home/baturhan/Projeler/Entegrasyon/Application/Entegrasyon.MessageQueue/Entegrasyon.MessageQueue.Handler.csproj" (target "CopyFilesToOutputDirectory" depends on it):
       Using "Copy" task from assembly "Microsoft.Build.Tasks.Core, Version=15.1.0.0, Culture=neutral, PublicKeyToken=b03f5f7f11d50a3a".
       Task "Copy"
         Did not copy from file "/home/baturhan/Projeler/Entegrasyon/Application/Entegrasyon.Business/bin/Debug/net8.0/Entegrasyon.Business.dll" to file "bin/Debug/net8.0/Entegrasyon.Business.dll" because the "SkipUnchangedFiles" parameter was set to "true" in the project and the files' sizes and timestamps match.
         Did not copy from file "/home/baturhan/Projeler/Entegrasyon/Application/Entegrasyon.DataAccess/bin/Debug/net8.0/Entegrasyon.DataAccess.dll" to file "bin/Debug/net8.0/Entegrasyon.DataAccess.dll" because the "SkipUnchangedFiles" parameter was set to "true" in the project and the files' sizes and timestamps match.
         Did not copy from file "/home/baturhan/Projeler/Entegrasyon/Application/Entegrasyon.Entity/bin/Debug/net8.0/Entegrasyon.Entity.dll" to file "bin/Debug/net8.0/Entegrasyon.Entity.dll" because the "SkipUnchangedFiles" parameter was set to "true" in the project and the files' sizes and timestamps match.
         Did not copy from file "/home/baturhan/Projeler/Entegrasyon/Application/Entegrasyon.Business/bin/Debug/net8.0/Entegrasyon.Business.pdb" to file "bin/Debug/net8.0/Entegrasyon.Business.pdb" because the "SkipUnchangedFiles" parameter was set to "true" in the project and the files' sizes and timestamps match.
         Did not copy from file "/home/baturhan/Projeler/Entegrasyon/Application/Entegrasyon.MessageQueue.Commands/bin/Debug/net8.0/Entegrasyon.MessageQueue.Commands.dll" to file "bin/Debug/net8.0/Entegrasyon.MessageQueue.Commands.dll" because the "SkipUnchangedFiles" parameter was set to "true" in the project and the files' sizes and timestamps match.
         Did not copy from file "/home/baturhan/Projeler/Entegrasyon/Shared/Shared/bin/Debug/net8.0/Shared.dll" to file "bin/Debug/net8.0/Shared.dll" because the "SkipUnchangedFiles" parameter was set to "true" in the project and the files' sizes and timestamps match.
         Did not copy from file "/home/baturhan/Projeler/Entegrasyon/Application/Entegrasyon.MessageQueue.Commands/bin/Debug/net8.0/Entegrasyon.MessageQueue.Commands.pdb" to file "bin/Debug/net8.0/Entegrasyon.MessageQueue.Commands.pdb" because the "SkipUnchangedFiles" parameter was set to "true" in the project and the files' sizes and timestamps match.
         Did not copy from file "/home/baturhan/Projeler/Entegrasyon/Application/Entegrasyon.DataAccess/bin/Debug/net8.0/Entegrasyon.DataAccess.pdb" to file "bin/Debug/net8.0/Entegrasyon.DataAccess.pdb" because the "SkipUnchangedFiles" parameter was set to "true" in the project and the files' sizes and timestamps match.
         Did not copy from file "/home/baturhan/Projeler/Entegrasyon/Application/Entegrasyon.Entity/bin/Debug/net8.0/Entegrasyon.Entity.pdb" to file "bin/Debug/net8.0/Entegrasyon.Entity.pdb" because the "SkipUnchangedFiles" parameter was set to "true" in the project and the files' sizes and timestamps match.
         Did not copy from file "/home/baturhan/Projeler/Entegrasyon/Shared/Shared/bin/Debug/net8.0/Shared.pdb" to file "bin/Debug/net8.0/Shared.pdb" because the "SkipUnchangedFiles" parameter was set to "true" in the project and the files' sizes and timestamps match.
         Did not copy from file "/home/baturhan/Projeler/Entegrasyon/Application/Entegrasyon.Business/bin/Debug/net8.0/tr/Entegrasyon.Business.resources.dll" to file "bin/Debug/net8.0/tr/Entegrasyon.Business.resources.dll" because the "SkipUnchangedFiles" parameter was set to "true" in the project and the files' sizes and timestamps match.
         Did not copy from file "/home/baturhan/Projeler/Entegrasyon/Application/Entegrasyon.Business/bin/Debug/net8.0/en/Entegrasyon.Business.resources.dll" to file "bin/Debug/net8.0/en/Entegrasyon.Business.resources.dll" because the "SkipUnchangedFiles" parameter was set to "true" in the project and the files' sizes and timestamps match.
       Done executing task "Copy".
   3:6>Done building target "_CopyFilesMarkedCopyLocal" in project "Entegrasyon.MessageQueue.Handler.csproj".
       Target "AssignTargetPaths" skipped. Previously built successfully.
       Target "AssignProjectConfiguration" skipped. Previously built successfully.
       Target "_SplitProjectReferencesByFileExistence" skipped. Previously built successfully.
       Target "_GetProjectReferenceTargetFrameworkProperties" skipped. Previously built successfully.
   3:6>Target "_PopulateCommonStateForGetCopyToOutputDirectoryItems" in file "/usr/lib64/dotnet/sdk/10.0.101/Microsoft.Common.CurrentVersion.targets" from project "/home/baturhan/Projeler/Entegrasyon/Application/Entegrasyon.MessageQueue/Entegrasyon.MessageQueue.Handler.csproj" (target "GetCopyToOutputDirectoryItems" depends on it):
   3:6>Done building target "_PopulateCommonStateForGetCopyToOutputDirectoryItems" in project "Entegrasyon.MessageQueue.Handler.csproj".
   3:6>Target "GetCopyToOutputDirectoryItems" in file "/usr/lib64/dotnet/sdk/10.0.101/Microsoft.Common.CurrentVersion.targets" from project "/home/baturhan/Projeler/Entegrasyon/Application/Entegrasyon.MessageQueue/Entegrasyon.MessageQueue.Handler.csproj" (target "_CopySourceItemsToOutputDirectory" depends on it):
       Using "CallTarget" task from assembly "Microsoft.Build.Tasks.Core, Version=15.1.0.0, Culture=neutral, PublicKeyToken=b03f5f7f11d50a3a".
       Task "CallTarget"
       Target "_PopulateCommonStateForGetCopyToOutputDirectoryItems" skipped. Previously built successfully.
       Target "_AddOutputPathToGlobalPropertiesToRemove" skipped. Previously built successfully.
   3:6>Target "_GetCopyToOutputDirectoryItemsFromTransitiveProjectReferences" in file "/usr/lib64/dotnet/sdk/10.0.101/Microsoft.Common.CurrentVersion.targets" from project "/home/baturhan/Projeler/Entegrasyon/Application/Entegrasyon.MessageQueue/Entegrasyon.MessageQueue.Handler.csproj" (target "GetCopyToOutputDirectoryItems" depends on it):
       Task "MSBuild"
         Removing Properties for project "../Entegrasyon.Business/Entegrasyon.Business.csproj":
           TargetFramework
           RuntimeIdentifier
           SelfContained
         Removing Properties for project "../Entegrasyon.MessageQueue.Commands/Entegrasyon.MessageQueue.Commands.csproj":
           TargetFramework
           RuntimeIdentifier
           SelfContained
         Removing Properties for project "../Entegrasyon.DataAccess/Entegrasyon.DataAccess.csproj":
           TargetFramework
           RuntimeIdentifier
           SelfContained
         Removing Properties for project "../Entegrasyon.Entity/Entegrasyon.Entity.csproj":
           TargetFramework
           RuntimeIdentifier
           SelfContained
         Removing Properties for project "../../Shared/Shared/Shared.csproj":
           TargetFramework
           RuntimeIdentifier
           SelfContained
   3:6>Project "/home/baturhan/Projeler/Entegrasyon/Application/Entegrasyon.MessageQueue/Entegrasyon.MessageQueue.Handler.csproj" (3:6) is building "/home/baturhan/Projeler/Entegrasyon/Application/Entegrasyon.Business/Entegrasyon.Business.csproj" (2:16) on node 5 (GetCopyToOutputDirectoryItems target(s)).
  2:16>Target "NETStandardCompatError_Microsoft_Extensions_Configuration_Binder" skipped. Previously built successfully.
       Target "GetCopyToOutputDirectoryItems" skipped. Previously built successfully.
  2:16>Done Building Project "/home/baturhan/Projeler/Entegrasyon/Application/Entegrasyon.Business/Entegrasyon.Business.csproj" (GetCopyToOutputDirectoryItems target(s)).
   3:6>Project "/home/baturhan/Projeler/Entegrasyon/Application/Entegrasyon.MessageQueue/Entegrasyon.MessageQueue.Handler.csproj" (3:6) is building "/home/baturhan/Projeler/Entegrasyon/Application/Entegrasyon.MessageQueue.Commands/Entegrasyon.MessageQueue.Commands.csproj" (5:19) on node 7 (GetCopyToOutputDirectoryItems target(s)).
  5:19>Target "NETStandardCompatError_Microsoft_Extensions_Configuration_Binder" skipped. Previously built successfully.
       Target "GetCopyToOutputDirectoryItems" skipped. Previously built successfully.
  5:19>Done Building Project "/home/baturhan/Projeler/Entegrasyon/Application/Entegrasyon.MessageQueue.Commands/Entegrasyon.MessageQueue.Commands.csproj" (GetCopyToOutputDirectoryItems target(s)).
   3:6>Project "/home/baturhan/Projeler/Entegrasyon/Application/Entegrasyon.MessageQueue/Entegrasyon.MessageQueue.Handler.csproj" (3:6) is building "/home/baturhan/Projeler/Entegrasyon/Application/Entegrasyon.DataAccess/Entegrasyon.DataAccess.csproj" (7:19) on node 2 (GetCopyToOutputDirectoryItems target(s)).
  7:19>Target "NETStandardCompatError_Microsoft_Extensions_Configuration_Binder" skipped. Previously built successfully.
       Target "GetCopyToOutputDirectoryItems" skipped. Previously built successfully.
  7:19>Done Building Project "/home/baturhan/Projeler/Entegrasyon/Application/Entegrasyon.DataAccess/Entegrasyon.DataAccess.csproj" (GetCopyToOutputDirectoryItems target(s)).
   3:6>Project "/home/baturhan/Projeler/Entegrasyon/Application/Entegrasyon.MessageQueue/Entegrasyon.MessageQueue.Handler.csproj" (3:6) is building "/home/baturhan/Projeler/Entegrasyon/Application/Entegrasyon.Entity/Entegrasyon.Entity.csproj" (8:27) on node 1 (GetCopyToOutputDirectoryItems target(s)).
  8:27>Target "NETStandardCompatError_Microsoft_Extensions_Configuration_Binder" skipped. Previously built successfully.
       Target "GetCopyToOutputDirectoryItems" skipped. Previously built successfully.
  8:27>Done Building Project "/home/baturhan/Projeler/Entegrasyon/Application/Entegrasyon.Entity/Entegrasyon.Entity.csproj" (GetCopyToOutputDirectoryItems target(s)).
   3:6>Project "/home/baturhan/Projeler/Entegrasyon/Application/Entegrasyon.MessageQueue/Entegrasyon.MessageQueue.Handler.csproj" (3:6) is building "/home/baturhan/Projeler/Entegrasyon/Shared/Shared/Shared.csproj" (6:32) on node 6 (GetCopyToOutputDirectoryItems target(s)).
  6:32>Target "NETStandardCompatError_Microsoft_Extensions_Configuration_Binder" skipped. Previously built successfully.
       Target "GetCopyToOutputDirectoryItems" skipped. Previously built successfully.
  6:32>Done Building Project "/home/baturhan/Projeler/Entegrasyon/Shared/Shared/Shared.csproj" (GetCopyToOutputDirectoryItems target(s)).
   3:6>Done executing task "MSBuild".
       Task "AssignTargetPath"
       Done executing task "AssignTargetPath".
   3:6>Done building target "_GetCopyToOutputDirectoryItemsFromTransitiveProjectReferences" in project "Entegrasyon.MessageQueue.Handler.csproj".
       Done executing task "CallTarget".
       Task "CallTarget"
       Target "AssignTargetPaths" skipped. Previously built successfully.
       Target "_PopulateCommonStateForGetCopyToOutputDirectoryItems" skipped. Previously built successfully.
   3:6>Target "_GetCopyToOutputDirectoryItemsFromThisProject" in file "/usr/lib64/dotnet/sdk/10.0.101/Microsoft.Common.CurrentVersion.targets" from project "/home/baturhan/Projeler/Entegrasyon/Application/Entegrasyon.MessageQueue/Entegrasyon.MessageQueue.Handler.csproj" (target "GetCopyToOutputDirectoryItems" depends on it):
       Task "AssignTargetPath"
       Done executing task "AssignTargetPath".
   3:6>Done building target "_GetCopyToOutputDirectoryItemsFromThisProject" in project "Entegrasyon.MessageQueue.Handler.csproj".
       Done executing task "CallTarget".
   3:6>Done building target "GetCopyToOutputDirectoryItems" in project "Entegrasyon.MessageQueue.Handler.csproj".
   3:6>Target "_CopySourceItemsToOutputDirectory" in file "/usr/lib64/dotnet/sdk/10.0.101/Microsoft.Common.CurrentVersion.targets" from project "/home/baturhan/Projeler/Entegrasyon/Application/Entegrasyon.MessageQueue/Entegrasyon.MessageQueue.Handler.csproj" (target "CopyFilesToOutputDirectory" depends on it):
   3:6>Done building target "_CopySourceItemsToOutputDirectory" in project "Entegrasyon.MessageQueue.Handler.csproj".
   3:6>Target "_CheckForCompileOutputs" in file "/usr/lib64/dotnet/sdk/10.0.101/Microsoft.Common.CurrentVersion.targets" from project "/home/baturhan/Projeler/Entegrasyon/Application/Entegrasyon.MessageQueue/Entegrasyon.MessageQueue.Handler.csproj" (target "CopyFilesToOutputDirectory" depends on it):
   3:6>Done building target "_CheckForCompileOutputs" in project "Entegrasyon.MessageQueue.Handler.csproj".
       Target "_DefaultMicrosoftNETPlatformLibrary" skipped. Previously built successfully.
       Target "_HandlePackageFileConflicts" skipped. Previously built successfully.
       Target "ResolveAssemblyReferences" skipped. Previously built successfully.
   3:6>Target "_ComputeReferenceAssemblies" in file "/usr/lib64/dotnet/sdk/10.0.101/Sdks/Microsoft.NET.Sdk/targets/Microsoft.NET.Sdk.targets" from project "/home/baturhan/Projeler/Entegrasyon/Application/Entegrasyon.MessageQueue/Entegrasyon.MessageQueue.Handler.csproj" (target "GenerateBuildDependencyFile" depends on it):
   3:6>Done building target "_ComputeReferenceAssemblies" in project "Entegrasyon.MessageQueue.Handler.csproj".
   3:6>Target "_ComputeUserRuntimeAssemblies" in file "/usr/lib64/dotnet/sdk/10.0.101/Sdks/Microsoft.NET.Sdk/targets/Microsoft.NET.Sdk.targets" from project "/home/baturhan/Projeler/Entegrasyon/Application/Entegrasyon.MessageQueue/Entegrasyon.MessageQueue.Handler.csproj" (target "GenerateBuildDependencyFile" depends on it):
   3:6>Done building target "_ComputeUserRuntimeAssemblies" in project "Entegrasyon.MessageQueue.Handler.csproj".
       Target "_ComputePackageReferencePublish" skipped. Previously built successfully.
   3:6>Target "GenerateBuildDependencyFile" in file "/usr/lib64/dotnet/sdk/10.0.101/Sdks/Microsoft.NET.Sdk/targets/Microsoft.NET.Sdk.targets" from project "/home/baturhan/Projeler/Entegrasyon/Application/Entegrasyon.MessageQueue/Entegrasyon.MessageQueue.Handler.csproj" (target "CopyFilesToOutputDirectory" depends on it):
       Skipping target "GenerateBuildDependencyFile" because all output files are up-to-date with respect to the input files.
       Input files: 
           /home/baturhan/Projeler/Entegrasyon/Application/Entegrasyon.MessageQueue/obj/project.assets.json
           /home/baturhan/Projeler/Entegrasyon/Application/Entegrasyon.MessageQueue/obj/Debug/net8.0/Entegrasyon.MessageQueue.Handler.assets.cache
           /home/baturhan/Projeler/Entegrasyon/Application/Entegrasyon.MessageQueue/obj/Entegrasyon.MessageQueue.Handler.csproj.nuget.g.targets
           /usr/lib64/dotnet/sdk/10.0.101/Current/Microsoft.Common.targets/ImportAfter/Microsoft.TestPlatform.ImportAfter.targets
       Output files: /home/baturhan/Projeler/Entegrasyon/Application/Entegrasyon.MessageQueue/bin/Debug/net8.0/Entegrasyon.MessageQueue.Handler.deps.json
   3:6>Done building target "GenerateBuildDependencyFile" in project "Entegrasyon.MessageQueue.Handler.csproj".
   3:6>Target "CopyFilesToOutputDirectory" in file "/usr/lib64/dotnet/sdk/10.0.101/Microsoft.Common.CurrentVersion.targets" from project "/home/baturhan/Projeler/Entegrasyon/Application/Entegrasyon.MessageQueue/Entegrasyon.MessageQueue.Handler.csproj" (target "PrepareForRun" depends on it):
       Task "Copy"
         Did not copy from file "obj/Debug/net8.0/Entegrasyon.MessageQueue.Handler.dll" to file "bin/Debug/net8.0/Entegrasyon.MessageQueue.Handler.dll" because the "SkipUnchangedFiles" parameter was set to "true" in the project and the files' sizes and timestamps match.
       Done executing task "Copy".
       Using "CopyRefAssembly" task from assembly "/usr/lib64/dotnet/sdk/10.0.101/Sdks/Microsoft.NET.Sdk/targets/../../../Roslyn/Microsoft.Build.Tasks.CodeAnalysis.dll".
       Task "CopyRefAssembly"
         Reference assembly "/home/baturhan/Projeler/Entegrasyon/Application/Entegrasyon.MessageQueue/obj/Debug/net8.0/ref/Entegrasyon.MessageQueue.Handler.dll" already has latest information. Leaving it untouched.
       Done executing task "CopyRefAssembly".
       Task "Message"
         Entegrasyon.MessageQueue.Handler -> /home/baturhan/Projeler/Entegrasyon/Application/Entegrasyon.MessageQueue/bin/Debug/net8.0/Entegrasyon.MessageQueue.Handler.dll
       Done executing task "Message".
       Task "Copy"
         Did not copy from file "obj/Debug/net8.0/Entegrasyon.MessageQueue.Handler.pdb" to file "bin/Debug/net8.0/Entegrasyon.MessageQueue.Handler.pdb" because the "SkipUnchangedFiles" parameter was set to "true" in the project and the files' sizes and timestamps match.
       Done executing task "Copy".
   3:6>Done building target "CopyFilesToOutputDirectory" in project "Entegrasyon.MessageQueue.Handler.csproj".
   3:6>Target "PrepareForRun" in file "/usr/lib64/dotnet/sdk/10.0.101/Microsoft.Common.CurrentVersion.targets" from project "/home/baturhan/Projeler/Entegrasyon/Application/Entegrasyon.MessageQueue/Entegrasyon.MessageQueue.Handler.csproj" (target "CoreBuild" depends on it):
   3:6>Done building target "PrepareForRun" in project "Entegrasyon.MessageQueue.Handler.csproj".
       Target "_CheckForCompileOutputs" skipped. Previously built successfully.
   3:6>Target "_CleanGetCurrentAndPriorFileWrites" in file "/usr/lib64/dotnet/sdk/10.0.101/Microsoft.Common.CurrentVersion.targets" from project "/home/baturhan/Projeler/Entegrasyon/Application/Entegrasyon.MessageQueue/Entegrasyon.MessageQueue.Handler.csproj" (target "IncrementalClean" depends on it):
       Using "ReadLinesFromFile" task from assembly "Microsoft.Build.Tasks.Core, Version=15.1.0.0, Culture=neutral, PublicKeyToken=b03f5f7f11d50a3a".
       Task "ReadLinesFromFile"
       Done executing task "ReadLinesFromFile".
       Task "ConvertToAbsolutePath"
       Done executing task "ConvertToAbsolutePath".
       Using "FindUnderPath" task from assembly "Microsoft.Build.Tasks.Core, Version=15.1.0.0, Culture=neutral, PublicKeyToken=b03f5f7f11d50a3a".
       Task "FindUnderPath"
         Comparison path is "/home/baturhan/Projeler/Entegrasyon/Application/Entegrasyon.MessageQueue".
       Done executing task "FindUnderPath".
       Task "FindUnderPath"
         Comparison path is "bin/Debug/net8.0/".
       Done executing task "FindUnderPath".
       Task "FindUnderPath"
         Comparison path is "obj/Debug/net8.0/".
       Done executing task "FindUnderPath".
       Task "RemoveDuplicates"
       Done executing task "RemoveDuplicates".
   3:6>Done building target "_CleanGetCurrentAndPriorFileWrites" in project "Entegrasyon.MessageQueue.Handler.csproj".
   3:6>Target "IncrementalClean" in file "/usr/lib64/dotnet/sdk/10.0.101/Microsoft.Common.CurrentVersion.targets" from project "/home/baturhan/Projeler/Entegrasyon/Application/Entegrasyon.MessageQueue/Entegrasyon.MessageQueue.Handler.csproj" (target "CoreBuild" depends on it):
       Task "FindUnderPath"
         Comparison path is "bin/Debug/net8.0/".
       Done executing task "FindUnderPath".
       Task "FindUnderPath"
         Comparison path is "obj/Debug/net8.0/".
       Done executing task "FindUnderPath".
       Using "Delete" task from assembly "Microsoft.Build.Tasks.Core, Version=15.1.0.0, Culture=neutral, PublicKeyToken=b03f5f7f11d50a3a".
       Task "Delete"
       Done executing task "Delete".
       Task "RemoveDuplicates"
       Done executing task "RemoveDuplicates".
   3:6>Done building target "IncrementalClean" in project "Entegrasyon.MessageQueue.Handler.csproj".
       Target "GenerateBuildDependencyFile" skipped. Previously built successfully.
   3:6>Target "CoreBuild" in file "/usr/lib64/dotnet/sdk/10.0.101/Microsoft.Common.CurrentVersion.targets" from project "/home/baturhan/Projeler/Entegrasyon/Application/Entegrasyon.MessageQueue/Entegrasyon.MessageQueue.Handler.csproj" (target "Build" depends on it):
   3:6>Done building target "CoreBuild" in project "Entegrasyon.MessageQueue.Handler.csproj".
   3:6>Target "AfterBuild" in file "/usr/lib64/dotnet/sdk/10.0.101/Microsoft.Common.CurrentVersion.targets" from project "/home/baturhan/Projeler/Entegrasyon/Application/Entegrasyon.MessageQueue/Entegrasyon.MessageQueue.Handler.csproj" (target "Build" depends on it):
   3:6>Done building target "AfterBuild" in project "Entegrasyon.MessageQueue.Handler.csproj".
       Target "_CheckForInvalidConfigurationAndPlatform" skipped. Previously built successfully.
       Target "_CheckForInvalidConfigurationAndPlatform" skipped. Previously built successfully.
   3:6>Target "Build" in file "/usr/lib64/dotnet/sdk/10.0.101/Microsoft.Common.CurrentVersion.targets" from project "/home/baturhan/Projeler/Entegrasyon/Application/Entegrasyon.MessageQueue/Entegrasyon.MessageQueue.Handler.csproj" (entry point):
   3:6>Done building target "Build" in project "Entegrasyon.MessageQueue.Handler.csproj".
   3:6>Target "_CheckContainersPackage" in file "/usr/lib64/dotnet/sdk/10.0.101/Containers/build/Microsoft.NET.Build.Containers.targets" from project "/home/baturhan/Projeler/Entegrasyon/Application/Entegrasyon.MessageQueue/Entegrasyon.MessageQueue.Handler.csproj" (entry point):
   3:6>Done building target "_CheckContainersPackage" in project "Entegrasyon.MessageQueue.Handler.csproj".
   3:6>Done Building Project "/home/baturhan/Projeler/Entegrasyon/Application/Entegrasyon.MessageQueue/Entegrasyon.MessageQueue.Handler.csproj" (default targets).
   1:7>Done executing task "MSBuild".
       Task "MSBuild"
         Removing Properties:
           WebPublishProfileFile
         Removing Properties for project "../Entegrasyon.Business/Entegrasyon.Business.csproj":
           TargetFramework
           RuntimeIdentifier
           SelfContained
         Removing Properties for project "../Entegrasyon.ApplicationBootstrap/Entegrasyon.ApplicationBootstrap.csproj":
           TargetFramework
           RuntimeIdentifier
           SelfContained
         Removing Properties for project "../Entegrasyon.MessageQueue/Entegrasyon.MessageQueue.Handler.csproj":
           TargetFramework
           RuntimeIdentifier
           SelfContained
         Removing Properties for project "../Entegrasyon.DataAccess/Entegrasyon.DataAccess.csproj":
           TargetFramework
           RuntimeIdentifier
           SelfContained
         Removing Properties for project "../Entegrasyon.Entity/Entegrasyon.Entity.csproj":
           TargetFramework
           RuntimeIdentifier
           SelfContained
         Removing Properties for project "../Entegrasyon.MessageQueue.Commands/Entegrasyon.MessageQueue.Commands.csproj":
           TargetFramework
           RuntimeIdentifier
           SelfContained
         Removing Properties for project "../../Shared/Shared/Shared.csproj":
           TargetFramework
           RuntimeIdentifier
           SelfContained
   1:7>Project "/home/baturhan/Projeler/Entegrasyon/Application/Entegrasyon.Blazor/Entegrasyon.Blazor.csproj" (1:7) is building "/home/baturhan/Projeler/Entegrasyon/Application/Entegrasyon.DataAccess/Entegrasyon.DataAccess.csproj" (7:20) on node 2 (GetNativeManifest target(s)).
  7:20>Target "NETStandardCompatError_Microsoft_Extensions_Configuration_Binder" skipped. Previously built successfully.
       Target "GetNativeManifest" skipped. Previously built successfully.
  7:20>Done Building Project "/home/baturhan/Projeler/Entegrasyon/Application/Entegrasyon.DataAccess/Entegrasyon.DataAccess.csproj" (GetNativeManifest target(s)).
   1:7>Project "/home/baturhan/Projeler/Entegrasyon/Application/Entegrasyon.Blazor/Entegrasyon.Blazor.csproj" (1:7) is building "/home/baturhan/Projeler/Entegrasyon/Application/Entegrasyon.Business/Entegrasyon.Business.csproj" (2:17) on node 5 (GetNativeManifest target(s)).
  2:17>Target "NETStandardCompatError_Microsoft_Extensions_Configuration_Binder" skipped. Previously built successfully.
       Target "GetNativeManifest" skipped. Previously built successfully.
  2:17>Done Building Project "/home/baturhan/Projeler/Entegrasyon/Application/Entegrasyon.Business/Entegrasyon.Business.csproj" (GetNativeManifest target(s)).
   1:7>Project "/home/baturhan/Projeler/Entegrasyon/Application/Entegrasyon.Blazor/Entegrasyon.Blazor.csproj" (1:7) is building "/home/baturhan/Projeler/Entegrasyon/Application/Entegrasyon.Entity/Entegrasyon.Entity.csproj" (8:28) on node 1 (GetNativeManifest target(s)).
  8:28>Target "NETStandardCompatError_Microsoft_Extensions_Configuration_Binder" skipped. Previously built successfully.
       Target "GetNativeManifest" skipped. Previously built successfully.
  8:28>Done Building Project "/home/baturhan/Projeler/Entegrasyon/Application/Entegrasyon.Entity/Entegrasyon.Entity.csproj" (GetNativeManifest target(s)).
   1:7>Project "/home/baturhan/Projeler/Entegrasyon/Application/Entegrasyon.Blazor/Entegrasyon.Blazor.csproj" (1:7) is building "/home/baturhan/Projeler/Entegrasyon/Application/Entegrasyon.MessageQueue.Commands/Entegrasyon.MessageQueue.Commands.csproj" (5:20) on node 7 (GetNativeManifest target(s)).
  5:20>Target "NETStandardCompatError_Microsoft_Extensions_Configuration_Binder" skipped. Previously built successfully.
       Target "GetNativeManifest" skipped. Previously built successfully.
  5:20>Done Building Project "/home/baturhan/Projeler/Entegrasyon/Application/Entegrasyon.MessageQueue.Commands/Entegrasyon.MessageQueue.Commands.csproj" (GetNativeManifest target(s)).
   1:7>Project "/home/baturhan/Projeler/Entegrasyon/Application/Entegrasyon.Blazor/Entegrasyon.Blazor.csproj" (1:7) is building "/home/baturhan/Projeler/Entegrasyon/Shared/Shared/Shared.csproj" (6:33) on node 6 (GetNativeManifest target(s)).
  6:33>Target "NETStandardCompatError_Microsoft_Extensions_Configuration_Binder" skipped. Previously built successfully.
       Target "GetNativeManifest" skipped. Previously built successfully.
  6:33>Done Building Project "/home/baturhan/Projeler/Entegrasyon/Shared/Shared/Shared.csproj" (GetNativeManifest target(s)).
   1:7>Project "/home/baturhan/Projeler/Entegrasyon/Application/Entegrasyon.Blazor/Entegrasyon.Blazor.csproj" (1:7) is building "/home/baturhan/Projeler/Entegrasyon/Application/Entegrasyon.MessageQueue/Entegrasyon.MessageQueue.Handler.csproj" (3:7) on node 3 (GetNativeManifest target(s)).
   3:7>Target "NETStandardCompatError_Microsoft_Extensions_Configuration_Binder" skipped. Previously built successfully.
   3:7>Target "GetNativeManifest" in file "/usr/lib64/dotnet/sdk/10.0.101/Microsoft.Common.CurrentVersion.targets" from project "/home/baturhan/Projeler/Entegrasyon/Application/Entegrasyon.MessageQueue/Entegrasyon.MessageQueue.Handler.csproj" (entry point):
   3:7>Done building target "GetNativeManifest" in project "Entegrasyon.MessageQueue.Handler.csproj".
   1:7>Project "/home/baturhan/Projeler/Entegrasyon/Application/Entegrasyon.Blazor/Entegrasyon.Blazor.csproj" (1:7) is building "/home/baturhan/Projeler/Entegrasyon/Application/Entegrasyon.ApplicationBootstrap/Entegrasyon.ApplicationBootstrap.csproj" (4:7) on node 4 (GetNativeManifest target(s)).
   4:7>Target "NETStandardCompatError_Microsoft_Extensions_Configuration_Binder" skipped. Previously built successfully.
   3:7>Done Building Project "/home/baturhan/Projeler/Entegrasyon/Application/Entegrasyon.MessageQueue/Entegrasyon.MessageQueue.Handler.csproj" (GetNativeManifest target(s)).
   4:7>Target "GetNativeManifest" in file "/usr/lib64/dotnet/sdk/10.0.101/Microsoft.Common.CurrentVersion.targets" from project "/home/baturhan/Projeler/Entegrasyon/Application/Entegrasyon.ApplicationBootstrap/Entegrasyon.ApplicationBootstrap.csproj" (entry point):
   4:7>Done building target "GetNativeManifest" in project "Entegrasyon.ApplicationBootstrap.csproj".
   4:7>Done Building Project "/home/baturhan/Projeler/Entegrasyon/Application/Entegrasyon.ApplicationBootstrap/Entegrasyon.ApplicationBootstrap.csproj" (GetNativeManifest target(s)).
   1:7>Done executing task "MSBuild".
   1:7>Done building target "ResolveProjectReferences" in project "Entegrasyon.Blazor.csproj".
       Target "ResolveProjectReferences" skipped. Previously built successfully.
       Target "GetFrameworkPaths" skipped. Previously built successfully.
       Target "GetReferenceAssemblyPaths" skipped. Previously built successfully.
       Target "PrepareForBuild" skipped. Previously built successfully.
   1:7>Target "ResolveSDKReferences" in file "/usr/lib64/dotnet/sdk/10.0.101/Microsoft.Common.CurrentVersion.targets" from project "/home/baturhan/Projeler/Entegrasyon/Application/Entegrasyon.Blazor/Entegrasyon.Blazor.csproj" (target "ResolveAssemblyReferences" depends on it):
   1:7>Done building target "ResolveSDKReferences" in project "Entegrasyon.Blazor.csproj".
       Target "ResolveSDKReferences" skipped. Previously built successfully.
   1:7>Target "ExpandSDKReferences" in file "/usr/lib64/dotnet/sdk/10.0.101/Microsoft.Common.CurrentVersion.targets" from project "/home/baturhan/Projeler/Entegrasyon/Application/Entegrasyon.Blazor/Entegrasyon.Blazor.csproj" (target "ResolveAssemblyReferences" depends on it):
   1:7>Done building target "ExpandSDKReferences" in project "Entegrasyon.Blazor.csproj".
       Target "ResolvePackageDependenciesForBuild" skipped. Previously built successfully.
       Target "GetFrameworkPaths" skipped. Previously built successfully.
       Target "GetReferenceAssemblyPaths" skipped. Previously built successfully.
       Target "ProcessFrameworkReferences" skipped. Previously built successfully.
       Target "ResolvePackageAssets" skipped. Previously built successfully.
   1:7>Target "ResolveFrameworkReferences" in file "/usr/lib64/dotnet/sdk/10.0.101/Sdks/Microsoft.NET.Sdk/targets/Microsoft.NET.Sdk.FrameworkReferenceResolution.targets" from project "/home/baturhan/Projeler/Entegrasyon/Application/Entegrasyon.Blazor/Entegrasyon.Blazor.csproj" (target "ResolveTargetingPackAssets" depends on it):
       Using "GetPackageDirectory" task from assembly "/usr/lib64/dotnet/sdk/10.0.101/Sdks/Microsoft.NET.Sdk/targets/../tools/net10.0/Microsoft.NET.Build.Tasks.dll".
       Task "GetPackageDirectory"
       Done executing task "GetPackageDirectory".
       Task "GetPackageDirectory"
       Done executing task "GetPackageDirectory".
       Task "GetPackageDirectory"
       Done executing task "GetPackageDirectory".
       Task "GetPackageDirectory"
       Done executing task "GetPackageDirectory".
       Task "GetPackageDirectory"
       Done executing task "GetPackageDirectory".
       Task "GetPackageDirectory"
       Done executing task "GetPackageDirectory".
       Task "GetPackageDirectory"
       Done executing task "GetPackageDirectory".
       Task "GetPackageDirectory"
       Done executing task "GetPackageDirectory".
       Task "GetPackageDirectory"
       Done executing task "GetPackageDirectory".
       Task "GetPackageDirectory"
       Done executing task "GetPackageDirectory".
       Using "ResolveFrameworkReferences" task from assembly "/usr/lib64/dotnet/sdk/10.0.101/Sdks/Microsoft.NET.Sdk/targets/../tools/net10.0/Microsoft.NET.Build.Tasks.dll".
       Task "ResolveFrameworkReferences"
       Done executing task "ResolveFrameworkReferences".
   1:7>Done building target "ResolveFrameworkReferences" in project "Entegrasyon.Blazor.csproj".
   1:7>Target "ResolveTargetingPackAssets" in file "/usr/lib64/dotnet/sdk/10.0.101/Sdks/Microsoft.NET.Sdk/targets/Microsoft.NET.Sdk.FrameworkReferenceResolution.targets" from project "/home/baturhan/Projeler/Entegrasyon/Application/Entegrasyon.Blazor/Entegrasyon.Blazor.csproj" (target "_HandlePackageFileConflicts" depends on it):
       Using "ResolveTargetingPackAssets" task from assembly "/usr/lib64/dotnet/sdk/10.0.101/Sdks/Microsoft.NET.Sdk/targets/../tools/net10.0/Microsoft.NET.Build.Tasks.dll".
       Task "ResolveTargetingPackAssets"
       Done executing task "ResolveTargetingPackAssets".
   1:7>Done building target "ResolveTargetingPackAssets" in project "Entegrasyon.Blazor.csproj".
   1:7>Target "ResolveOffByDefaultAnalyzers" in file "/usr/lib64/dotnet/sdk/10.0.101/Sdks/Microsoft.NET.Sdk/targets/Microsoft.NET.Sdk.FrameworkReferenceResolution.targets" from project "/home/baturhan/Projeler/Entegrasyon/Application/Entegrasyon.Blazor/Entegrasyon.Blazor.csproj" (target "_HandlePackageFileConflicts" depends on it):
   1:7>Done building target "ResolveOffByDefaultAnalyzers" in project "Entegrasyon.Blazor.csproj".
   1:7>Target "_HandlePackageFileConflicts" in file "/usr/lib64/dotnet/sdk/10.0.101/Sdks/Microsoft.NET.Sdk/targets/Microsoft.NET.ConflictResolution.targets" from project "/home/baturhan/Projeler/Entegrasyon/Application/Entegrasyon.Blazor/Entegrasyon.Blazor.csproj" (target "ResolveAssemblyReferences" depends on it):
       Using "ResolvePackageFileConflicts" task from assembly "/usr/lib64/dotnet/sdk/10.0.101/Sdks/Microsoft.NET.Sdk/targets/../tools/net10.0/Microsoft.NET.Build.Tasks.dll".
       Task "ResolvePackageFileConflicts"
         Encountered conflict between 'Reference:/home/baturhan/.nuget/packages/system.collections.immutable/8.0.0/lib/net8.0/System.Collections.Immutable.dll' and 'Reference:/usr/lib64/dotnet/packs/Microsoft.NETCore.App.Ref/8.0.22/ref/net8.0/System.Collections.Immutable.dll'. Choosing 'Reference:/usr/lib64/dotnet/packs/Microsoft.NETCore.App.Ref/8.0.22/ref/net8.0/System.Collections.Immutable.dll' because file version '8.0.2225.52707' is greater than '8.0.23.53103'.
         Encountered conflict between 'Reference:/home/baturhan/.nuget/packages/system.diagnostics.diagnosticsource/8.0.0/lib/net8.0/System.Diagnostics.DiagnosticSource.dll' and 'Reference:/usr/lib64/dotnet/packs/Microsoft.NETCore.App.Ref/8.0.22/ref/net8.0/System.Diagnostics.DiagnosticSource.dll'. Choosing 'Reference:/usr/lib64/dotnet/packs/Microsoft.NETCore.App.Ref/8.0.22/ref/net8.0/System.Diagnostics.DiagnosticSource.dll' because file version '8.0.2225.52707' is greater than '8.0.23.53103'.
         Encountered conflict between 'Reference:/home/baturhan/.nuget/packages/system.reflection.metadata/8.0.0/lib/net8.0/System.Reflection.Metadata.dll' and 'Reference:/usr/lib64/dotnet/packs/Microsoft.NETCore.App.Ref/8.0.22/ref/net8.0/System.Reflection.Metadata.dll'. Choosing 'Reference:/usr/lib64/dotnet/packs/Microsoft.NETCore.App.Ref/8.0.22/ref/net8.0/System.Reflection.Metadata.dll' because file version '8.0.2225.52707' is greater than '8.0.23.53103'.
         Encountered conflict between 'Reference:/home/baturhan/.nuget/packages/system.text.json/8.0.5/lib/net8.0/System.Text.Json.dll' and 'Reference:/usr/lib64/dotnet/packs/Microsoft.NETCore.App.Ref/8.0.22/ref/net8.0/System.Text.Json.dll'. Choosing 'Reference:/usr/lib64/dotnet/packs/Microsoft.NETCore.App.Ref/8.0.22/ref/net8.0/System.Text.Json.dll' because file version '8.0.2225.52707' is greater than '8.0.1024.46610'.
         Encountered conflict between 'Reference:/home/baturhan/.nuget/packages/system.threading.channels/7.0.0/lib/net7.0/System.Threading.Channels.dll' and 'Reference:/usr/lib64/dotnet/packs/Microsoft.NETCore.App.Ref/8.0.22/ref/net8.0/System.Threading.Channels.dll'. Choosing 'Reference:/usr/lib64/dotnet/packs/Microsoft.NETCore.App.Ref/8.0.22/ref/net8.0/System.Threading.Channels.dll' because AssemblyVersion '8.0.0.0' is greater than '7.0.0.0'.
         Encountered conflict between 'Reference:/home/baturhan/.nuget/packages/microsoft.aspnetcore.authorization/8.0.12/lib/net8.0/Microsoft.AspNetCore.Authorization.dll' and 'Reference:/usr/lib64/dotnet/packs/Microsoft.AspNetCore.App.Ref/8.0.22/ref/net8.0/Microsoft.AspNetCore.Authorization.dll'. Choosing 'Reference:/usr/lib64/dotnet/packs/Microsoft.AspNetCore.App.Ref/8.0.22/ref/net8.0/Microsoft.AspNetCore.Authorization.dll' because file version '8.0.2225.52808' is greater than '8.0.1224.60312'.
         Encountered conflict between 'Reference:/home/baturhan/.nuget/packages/microsoft.aspnetcore.components.forms/8.0.12/lib/net8.0/Microsoft.AspNetCore.Components.Forms.dll' and 'Reference:/usr/lib64/dotnet/packs/Microsoft.AspNetCore.App.Ref/8.0.22/ref/net8.0/Microsoft.AspNetCore.Components.Forms.dll'. Choosing 'Reference:/usr/lib64/dotnet/packs/Microsoft.AspNetCore.App.Ref/8.0.22/ref/net8.0/Microsoft.AspNetCore.Components.Forms.dll' because file version '8.0.2225.52808' is greater than '8.0.1224.60312'.
         Encountered conflict between 'Reference:/home/baturhan/.nuget/packages/microsoft.aspnetcore.components.web/8.0.12/lib/net8.0/Microsoft.AspNetCore.Components.Web.dll' and 'Reference:/usr/lib64/dotnet/packs/Microsoft.AspNetCore.App.Ref/8.0.22/ref/net8.0/Microsoft.AspNetCore.Components.Web.dll'. Choosing 'Reference:/usr/lib64/dotnet/packs/Microsoft.AspNetCore.App.Ref/8.0.22/ref/net8.0/Microsoft.AspNetCore.Components.Web.dll' because file version '8.0.2225.52808' is greater than '8.0.1224.60312'.
         Encountered conflict between 'Reference:/home/baturhan/.nuget/packages/microsoft.aspnetcore.components/8.0.12/lib/net8.0/Microsoft.AspNetCore.Components.dll' and 'Reference:/usr/lib64/dotnet/packs/Microsoft.AspNetCore.App.Ref/8.0.22/ref/net8.0/Microsoft.AspNetCore.Components.dll'. Choosing 'Reference:/usr/lib64/dotnet/packs/Microsoft.AspNetCore.App.Ref/8.0.22/ref/net8.0/Microsoft.AspNetCore.Components.dll' because file version '8.0.2225.52808' is greater than '8.0.1224.60312'.
         Encountered conflict between 'Reference:/home/baturhan/.nuget/packages/microsoft.aspnetcore.metadata/8.0.12/lib/net8.0/Microsoft.AspNetCore.Metadata.dll' and 'Reference:/usr/lib64/dotnet/packs/Microsoft.AspNetCore.App.Ref/8.0.22/ref/net8.0/Microsoft.AspNetCore.Metadata.dll'. Choosing 'Reference:/usr/lib64/dotnet/packs/Microsoft.AspNetCore.App.Ref/8.0.22/ref/net8.0/Microsoft.AspNetCore.Metadata.dll' because file version '8.0.2225.52808' is greater than '8.0.1224.60312'.
         Encountered conflict between 'Reference:/home/baturhan/.nuget/packages/microsoft.extensions.caching.memory/8.0.1/lib/net8.0/Microsoft.Extensions.Caching.Memory.dll' and 'Reference:/usr/lib64/dotnet/packs/Microsoft.AspNetCore.App.Ref/8.0.22/ref/net8.0/Microsoft.Extensions.Caching.Memory.dll'. Choosing 'Reference:/usr/lib64/dotnet/packs/Microsoft.AspNetCore.App.Ref/8.0.22/ref/net8.0/Microsoft.Extensions.Caching.Memory.dll' because file version '8.0.2225.52707' is greater than '8.0.1024.46610'.
         Encountered conflict between 'Reference:/home/baturhan/.nuget/packages/microsoft.extensions.configuration.binder/8.0.2/lib/net8.0/Microsoft.Extensions.Configuration.Binder.dll' and 'Reference:/usr/lib64/dotnet/packs/Microsoft.AspNetCore.App.Ref/8.0.22/ref/net8.0/Microsoft.Extensions.Configuration.Binder.dll'. Choosing 'Reference:/usr/lib64/dotnet/packs/Microsoft.AspNetCore.App.Ref/8.0.22/ref/net8.0/Microsoft.Extensions.Configuration.Binder.dll' because file version '8.0.2225.52707' is greater than '8.0.724.31311'.
         Encountered conflict between 'Reference:/home/baturhan/.nuget/packages/microsoft.extensions.dependencyinjection.abstractions/8.0.2/lib/net8.0/Microsoft.Extensions.DependencyInjection.Abstractions.dll' and 'Reference:/usr/lib64/dotnet/packs/Microsoft.AspNetCore.App.Ref/8.0.22/ref/net8.0/Microsoft.Extensions.DependencyInjection.Abstractions.dll'. Choosing 'Reference:/usr/lib64/dotnet/packs/Microsoft.AspNetCore.App.Ref/8.0.22/ref/net8.0/Microsoft.Extensions.DependencyInjection.Abstractions.dll' because file version '8.0.2225.52707' is greater than '8.0.1024.46610'.
         Encountered conflict between 'Reference:/home/baturhan/.nuget/packages/microsoft.extensions.dependencyinjection/8.0.1/lib/net8.0/Microsoft.Extensions.DependencyInjection.dll' and 'Reference:/usr/lib64/dotnet/packs/Microsoft.AspNetCore.App.Ref/8.0.22/ref/net8.0/Microsoft.Extensions.DependencyInjection.dll'. Choosing 'Reference:/usr/lib64/dotnet/packs/Microsoft.AspNetCore.App.Ref/8.0.22/ref/net8.0/Microsoft.Extensions.DependencyInjection.dll' because file version '8.0.2225.52707' is greater than '8.0.1024.46610'.
         Encountered conflict between 'Reference:/home/baturhan/.nuget/packages/microsoft.extensions.localization.abstractions/8.0.12/lib/net8.0/Microsoft.Extensions.Localization.Abstractions.dll' and 'Reference:/usr/lib64/dotnet/packs/Microsoft.AspNetCore.App.Ref/8.0.22/ref/net8.0/Microsoft.Extensions.Localization.Abstractions.dll'. Choosing 'Reference:/usr/lib64/dotnet/packs/Microsoft.AspNetCore.App.Ref/8.0.22/ref/net8.0/Microsoft.Extensions.Localization.Abstractions.dll' because file version '8.0.2225.52808' is greater than '8.0.1224.60312'.
         Encountered conflict between 'Reference:/home/baturhan/.nuget/packages/microsoft.extensions.localization/8.0.12/lib/net8.0/Microsoft.Extensions.Localization.dll' and 'Reference:/usr/lib64/dotnet/packs/Microsoft.AspNetCore.App.Ref/8.0.22/ref/net8.0/Microsoft.Extensions.Localization.dll'. Choosing 'Reference:/usr/lib64/dotnet/packs/Microsoft.AspNetCore.App.Ref/8.0.22/ref/net8.0/Microsoft.Extensions.Localization.dll' because file version '8.0.2225.52808' is greater than '8.0.1224.60312'.
         Encountered conflict between 'Reference:/home/baturhan/.nuget/packages/microsoft.extensions.logging.abstractions/8.0.3/lib/net8.0/Microsoft.Extensions.Logging.Abstractions.dll' and 'Reference:/usr/lib64/dotnet/packs/Microsoft.AspNetCore.App.Ref/8.0.22/ref/net8.0/Microsoft.Extensions.Logging.Abstractions.dll'. Choosing 'Reference:/usr/lib64/dotnet/packs/Microsoft.AspNetCore.App.Ref/8.0.22/ref/net8.0/Microsoft.Extensions.Logging.Abstractions.dll' because file version '8.0.2225.52707' is greater than '8.0.1325.6609'.
         Encountered conflict between 'Reference:/home/baturhan/.nuget/packages/microsoft.extensions.logging/8.0.1/lib/net8.0/Microsoft.Extensions.Logging.dll' and 'Reference:/usr/lib64/dotnet/packs/Microsoft.AspNetCore.App.Ref/8.0.22/ref/net8.0/Microsoft.Extensions.Logging.dll'. Choosing 'Reference:/usr/lib64/dotnet/packs/Microsoft.AspNetCore.App.Ref/8.0.22/ref/net8.0/Microsoft.Extensions.Logging.dll' because file version '8.0.2225.52707' is greater than '8.0.1024.46610'.
         Encountered conflict between 'Reference:/home/baturhan/.nuget/packages/microsoft.extensions.options/8.0.2/lib/net8.0/Microsoft.Extensions.Options.dll' and 'Reference:/usr/lib64/dotnet/packs/Microsoft.AspNetCore.App.Ref/8.0.22/ref/net8.0/Microsoft.Extensions.Options.dll'. Choosing 'Reference:/usr/lib64/dotnet/packs/Microsoft.AspNetCore.App.Ref/8.0.22/ref/net8.0/Microsoft.Extensions.Options.dll' because file version '8.0.2225.52707' is greater than '8.0.224.6711'.
         Encountered conflict between 'Reference:/home/baturhan/.nuget/packages/microsoft.jsinterop/8.0.12/lib/net8.0/Microsoft.JSInterop.dll' and 'Reference:/usr/lib64/dotnet/packs/Microsoft.AspNetCore.App.Ref/8.0.22/ref/net8.0/Microsoft.JSInterop.dll'. Choosing 'Reference:/usr/lib64/dotnet/packs/Microsoft.AspNetCore.App.Ref/8.0.22/ref/net8.0/Microsoft.JSInterop.dll' because file version '8.0.2225.52808' is greater than '8.0.1224.60312'.
         Encountered conflict between 'Analyzer:/home/baturhan/.nuget/packages/system.text.json/8.0.5/analyzers/dotnet/roslyn4.4/cs/System.Text.Json.SourceGeneration.dll' and 'Analyzer:/usr/lib64/dotnet/packs/Microsoft.NETCore.App.Ref/8.0.22/analyzers/dotnet/cs/System.Text.Json.SourceGeneration.dll'. Choosing 'Analyzer:/usr/lib64/dotnet/packs/Microsoft.NETCore.App.Ref/8.0.22/analyzers/dotnet/cs/System.Text.Json.SourceGeneration.dll' because AssemblyVersion '8.0.13.2707' is greater than '8.0.10.46610'.
         Encountered conflict between 'Analyzer:/home/baturhan/.nuget/packages/microsoft.aspnetcore.components.analyzers/8.0.12/analyzers/dotnet/cs/Microsoft.AspNetCore.Components.Analyzers.dll' and 'Analyzer:/usr/lib64/dotnet/packs/Microsoft.AspNetCore.App.Ref/8.0.22/analyzers/dotnet/cs/Microsoft.AspNetCore.Components.Analyzers.dll'. Choosing 'Analyzer:/usr/lib64/dotnet/packs/Microsoft.AspNetCore.App.Ref/8.0.22/analyzers/dotnet/cs/Microsoft.AspNetCore.Components.Analyzers.dll' because AssemblyVersion '8.0.22.0' is greater than '8.0.12.0'.
         Encountered conflict between 'Analyzer:/home/baturhan/.nuget/packages/microsoft.extensions.logging.abstractions/8.0.3/analyzers/dotnet/roslyn4.4/cs/Microsoft.Extensions.Logging.Generators.dll' and 'Analyzer:/usr/lib64/dotnet/packs/Microsoft.AspNetCore.App.Ref/8.0.22/analyzers/dotnet/roslyn4.4/cs/Microsoft.Extensions.Logging.Generators.dll'. Choosing 'Analyzer:/usr/lib64/dotnet/packs/Microsoft.AspNetCore.App.Ref/8.0.22/analyzers/dotnet/roslyn4.4/cs/Microsoft.Extensions.Logging.Generators.dll' because AssemblyVersion '8.0.13.2707' is greater than '8.0.12.6609'.
         Encountered conflict between 'Analyzer:/home/baturhan/.nuget/packages/microsoft.extensions.options/8.0.2/analyzers/dotnet/roslyn4.4/cs/Microsoft.Extensions.Options.SourceGeneration.dll' and 'Analyzer:/usr/lib64/dotnet/packs/Microsoft.AspNetCore.App.Ref/8.0.22/analyzers/dotnet/roslyn4.4/cs/Microsoft.Extensions.Options.SourceGeneration.dll'. Choosing 'Analyzer:/usr/lib64/dotnet/packs/Microsoft.AspNetCore.App.Ref/8.0.22/analyzers/dotnet/roslyn4.4/cs/Microsoft.Extensions.Options.SourceGeneration.dll' because AssemblyVersion '8.0.13.2707' is greater than '8.0.10.6711'.
         Encountered conflict between 'Platform:Microsoft.AspNetCore.Authorization.dll' and 'CopyLocal:/home/baturhan/.nuget/packages/microsoft.aspnetcore.authorization/8.0.12/lib/net8.0/Microsoft.AspNetCore.Authorization.dll'. Choosing 'CopyLocal:/home/baturhan/.nuget/packages/microsoft.aspnetcore.authorization/8.0.12/lib/net8.0/Microsoft.AspNetCore.Authorization.dll' because file version '8.0.1224.60312' is greater than '8.0.23.53112'.
         Encountered conflict between 'Platform:Microsoft.AspNetCore.Components.dll' and 'CopyLocal:/home/baturhan/.nuget/packages/microsoft.aspnetcore.components/8.0.12/lib/net8.0/Microsoft.AspNetCore.Components.dll'. Choosing 'CopyLocal:/home/baturhan/.nuget/packages/microsoft.aspnetcore.components/8.0.12/lib/net8.0/Microsoft.AspNetCore.Components.dll' because file version '8.0.1224.60312' is greater than '8.0.23.53112'.
         Encountered conflict between 'Platform:Microsoft.AspNetCore.Components.Forms.dll' and 'CopyLocal:/home/baturhan/.nuget/packages/microsoft.aspnetcore.components.forms/8.0.12/lib/net8.0/Microsoft.AspNetCore.Components.Forms.dll'. Choosing 'CopyLocal:/home/baturhan/.nuget/packages/microsoft.aspnetcore.components.forms/8.0.12/lib/net8.0/Microsoft.AspNetCore.Components.Forms.dll' because file version '8.0.1224.60312' is greater than '8.0.23.53112'.
         Encountered conflict between 'Platform:Microsoft.AspNetCore.Components.Web.dll' and 'CopyLocal:/home/baturhan/.nuget/packages/microsoft.aspnetcore.components.web/8.0.12/lib/net8.0/Microsoft.AspNetCore.Components.Web.dll'. Choosing 'CopyLocal:/home/baturhan/.nuget/packages/microsoft.aspnetcore.components.web/8.0.12/lib/net8.0/Microsoft.AspNetCore.Components.Web.dll' because file version '8.0.1224.60312' is greater than '8.0.23.53112'.
         Encountered conflict between 'Platform:Microsoft.AspNetCore.Metadata.dll' and 'CopyLocal:/home/baturhan/.nuget/packages/microsoft.aspnetcore.metadata/8.0.12/lib/net8.0/Microsoft.AspNetCore.Metadata.dll'. Choosing 'CopyLocal:/home/baturhan/.nuget/packages/microsoft.aspnetcore.metadata/8.0.12/lib/net8.0/Microsoft.AspNetCore.Metadata.dll' because file version '8.0.1224.60312' is greater than '8.0.23.53112'.
         Encountered conflict between 'Platform:Microsoft.Extensions.Caching.Memory.dll' and 'CopyLocal:/home/baturhan/.nuget/packages/microsoft.extensions.caching.memory/8.0.1/lib/net8.0/Microsoft.Extensions.Caching.Memory.dll'. Choosing 'CopyLocal:/home/baturhan/.nuget/packages/microsoft.extensions.caching.memory/8.0.1/lib/net8.0/Microsoft.Extensions.Caching.Memory.dll' because file version '8.0.1024.46610' is greater than '8.0.23.53103'.
         Encountered conflict between 'Platform:Microsoft.Extensions.Configuration.Binder.dll' and 'CopyLocal:/home/baturhan/.nuget/packages/microsoft.extensions.configuration.binder/8.0.2/lib/net8.0/Microsoft.Extensions.Configuration.Binder.dll'. Choosing 'CopyLocal:/home/baturhan/.nuget/packages/microsoft.extensions.configuration.binder/8.0.2/lib/net8.0/Microsoft.Extensions.Configuration.Binder.dll' because file version '8.0.724.31311' is greater than '8.0.23.53103'.
         Encountered conflict between 'Platform:Microsoft.Extensions.DependencyInjection.dll' and 'CopyLocal:/home/baturhan/.nuget/packages/microsoft.extensions.dependencyinjection/8.0.1/lib/net8.0/Microsoft.Extensions.DependencyInjection.dll'. Choosing 'CopyLocal:/home/baturhan/.nuget/packages/microsoft.extensions.dependencyinjection/8.0.1/lib/net8.0/Microsoft.Extensions.DependencyInjection.dll' because file version '8.0.1024.46610' is greater than '8.0.23.53103'.
         Encountered conflict between 'Platform:Microsoft.Extensions.DependencyInjection.Abstractions.dll' and 'CopyLocal:/home/baturhan/.nuget/packages/microsoft.extensions.dependencyinjection.abstractions/8.0.2/lib/net8.0/Microsoft.Extensions.DependencyInjection.Abstractions.dll'. Choosing 'CopyLocal:/home/baturhan/.nuget/packages/microsoft.extensions.dependencyinjection.abstractions/8.0.2/lib/net8.0/Microsoft.Extensions.DependencyInjection.Abstractions.dll' because file version '8.0.1024.46610' is greater than '8.0.23.53103'.
         Encountered conflict between 'Platform:Microsoft.Extensions.Localization.dll' and 'CopyLocal:/home/baturhan/.nuget/packages/microsoft.extensions.localization/8.0.12/lib/net8.0/Microsoft.Extensions.Localization.dll'. Choosing 'CopyLocal:/home/baturhan/.nuget/packages/microsoft.extensions.localization/8.0.12/lib/net8.0/Microsoft.Extensions.Localization.dll' because file version '8.0.1224.60312' is greater than '8.0.23.53112'.
         Encountered conflict between 'Platform:Microsoft.Extensions.Localization.Abstractions.dll' and 'CopyLocal:/home/baturhan/.nuget/packages/microsoft.extensions.localization.abstractions/8.0.12/lib/net8.0/Microsoft.Extensions.Localization.Abstractions.dll'. Choosing 'CopyLocal:/home/baturhan/.nuget/packages/microsoft.extensions.localization.abstractions/8.0.12/lib/net8.0/Microsoft.Extensions.Localization.Abstractions.dll' because file version '8.0.1224.60312' is greater than '8.0.23.53112'.
         Encountered conflict between 'Platform:Microsoft.Extensions.Logging.dll' and 'CopyLocal:/home/baturhan/.nuget/packages/microsoft.extensions.logging/8.0.1/lib/net8.0/Microsoft.Extensions.Logging.dll'. Choosing 'CopyLocal:/home/baturhan/.nuget/packages/microsoft.extensions.logging/8.0.1/lib/net8.0/Microsoft.Extensions.Logging.dll' because file version '8.0.1024.46610' is greater than '8.0.23.53103'.
         Encountered conflict between 'Platform:Microsoft.Extensions.Logging.Abstractions.dll' and 'CopyLocal:/home/baturhan/.nuget/packages/microsoft.extensions.logging.abstractions/8.0.3/lib/net8.0/Microsoft.Extensions.Logging.Abstractions.dll'. Choosing 'CopyLocal:/home/baturhan/.nuget/packages/microsoft.extensions.logging.abstractions/8.0.3/lib/net8.0/Microsoft.Extensions.Logging.Abstractions.dll' because file version '8.0.1325.6609' is greater than '8.0.23.53103'.
         Encountered conflict between 'Platform:Microsoft.Extensions.Options.dll' and 'CopyLocal:/home/baturhan/.nuget/packages/microsoft.extensions.options/8.0.2/lib/net8.0/Microsoft.Extensions.Options.dll'. Choosing 'CopyLocal:/home/baturhan/.nuget/packages/microsoft.extensions.options/8.0.2/lib/net8.0/Microsoft.Extensions.Options.dll' because file version '8.0.224.6711' is greater than '8.0.23.53103'.
         Encountered conflict between 'Platform:Microsoft.JSInterop.dll' and 'CopyLocal:/home/baturhan/.nuget/packages/microsoft.jsinterop/8.0.12/lib/net8.0/Microsoft.JSInterop.dll'. Choosing 'CopyLocal:/home/baturhan/.nuget/packages/microsoft.jsinterop/8.0.12/lib/net8.0/Microsoft.JSInterop.dll' because file version '8.0.1224.60312' is greater than '8.0.23.53112'.
         Encountered conflict between 'Platform:System.Collections.Immutable.dll' and 'CopyLocal:/home/baturhan/.nuget/packages/system.collections.immutable/8.0.0/lib/net8.0/System.Collections.Immutable.dll'. Choosing 'Platform:System.Collections.Immutable.dll' because file version '8.0.2225.52707' is greater than '8.0.23.53103'.
         Encountered conflict between 'Platform:System.Diagnostics.DiagnosticSource.dll' and 'CopyLocal:/home/baturhan/.nuget/packages/system.diagnostics.diagnosticsource/8.0.0/lib/net8.0/System.Diagnostics.DiagnosticSource.dll'. Choosing 'Platform:System.Diagnostics.DiagnosticSource.dll' because file version '8.0.2225.52707' is greater than '8.0.23.53103'.
         Encountered conflict between 'Platform:System.Reflection.Metadata.dll' and 'CopyLocal:/home/baturhan/.nuget/packages/system.reflection.metadata/8.0.0/lib/net8.0/System.Reflection.Metadata.dll'. Choosing 'Platform:System.Reflection.Metadata.dll' because file version '8.0.2225.52707' is greater than '8.0.23.53103'.
         Encountered conflict between 'Platform:System.Text.Json.dll' and 'CopyLocal:/home/baturhan/.nuget/packages/system.text.json/8.0.5/lib/net8.0/System.Text.Json.dll'. Choosing 'Platform:System.Text.Json.dll' because file version '8.0.2225.52707' is greater than '8.0.1024.46610'.
         Encountered conflict between 'Platform:System.Threading.Channels.dll' and 'CopyLocal:/home/baturhan/.nuget/packages/system.threading.channels/7.0.0/lib/net7.0/System.Threading.Channels.dll'. Choosing 'Platform:System.Threading.Channels.dll' because AssemblyVersion '8.0.0.0' is greater than '7.0.0.0'.
         Encountered conflict between 'Platform:mscorlib.dll' and 'Platform:mscorlib.dll'. Could not determine winner due to equal file and assembly versions.
         Encountered conflict between 'Platform:Microsoft.VisualBasic.dll' and 'Platform:Microsoft.VisualBasic.dll'. Could not determine winner due to equal file and assembly versions.
         Encountered conflict between 'Platform:System.dll' and 'Platform:System.dll'. Could not determine winner due to equal file and assembly versions.
         Encountered conflict between 'Platform:System.ComponentModel.DataAnnotations.dll' and 'Platform:System.ComponentModel.DataAnnotations.dll'. Could not determine winner due to equal file and assembly versions.
         Encountered conflict between 'Platform:System.Configuration.dll' and 'Platform:System.Configuration.dll'. Could not determine winner due to equal file and assembly versions.
         Encountered conflict between 'Platform:System.Core.dll' and 'Platform:System.Core.dll'. Could not determine winner due to equal file and assembly versions.
         Encountered conflict between 'Platform:System.Data.dll' and 'Platform:System.Data.dll'. Could not determine winner due to equal file and assembly versions.
         Encountered conflict between 'Platform:System.Drawing.dll' and 'Platform:System.Drawing.dll'. Could not determine winner due to equal file and assembly versions.
         Encountered conflict between 'Platform:System.IO.Compression.FileSystem.dll' and 'Platform:System.IO.Compression.FileSystem.dll'. Could not determine winner due to equal file and assembly versions.
         Encountered conflict between 'Platform:System.Net.dll' and 'Platform:System.Net.dll'. Could not determine winner due to equal file and assembly versions.
         Encountered conflict between 'Platform:System.Numerics.dll' and 'Platform:System.Numerics.dll'. Could not determine winner due to equal file and assembly versions.
         Encountered conflict between 'Platform:System.Runtime.Serialization.dll' and 'Platform:System.Runtime.Serialization.dll'. Could not determine winner due to equal file and assembly versions.
         Encountered conflict between 'Platform:System.Security.dll' and 'Platform:System.Security.dll'. Could not determine winner due to equal file and assembly versions.
         Encountered conflict between 'Platform:System.ServiceProcess.dll' and 'Platform:System.ServiceProcess.dll'. Could not determine winner due to equal file and assembly versions.
         Encountered conflict between 'Platform:System.ServiceModel.Web.dll' and 'Platform:System.ServiceModel.Web.dll'. Could not determine winner due to equal file and assembly versions.
         Encountered conflict between 'Platform:System.Transactions.dll' and 'Platform:System.Transactions.dll'. Could not determine winner due to equal file and assembly versions.
         Encountered conflict between 'Platform:System.Web.dll' and 'Platform:System.Web.dll'. Could not determine winner due to equal file and assembly versions.
         Encountered conflict between 'Platform:System.Windows.dll' and 'Platform:System.Windows.dll'. Could not determine winner due to equal file and assembly versions.
         Encountered conflict between 'Platform:System.Xml.dll' and 'Platform:System.Xml.dll'. Could not determine winner due to equal file and assembly versions.
         Encountered conflict between 'Platform:System.Xml.Serialization.dll' and 'Platform:System.Xml.Serialization.dll'. Could not determine winner due to equal file and assembly versions.
         Encountered conflict between 'Platform:System.Xml.Linq.dll' and 'Platform:System.Xml.Linq.dll'. Could not determine winner due to equal file and assembly versions.
         Encountered conflict between 'Platform:WindowsBase.dll' and 'Platform:WindowsBase.dll'. Could not determine winner due to equal file and assembly versions.
         Encountered conflict between 'Platform:netstandard.dll' and 'Platform:netstandard.dll'. Could not determine winner due to equal file and assembly versions.
         Encountered conflict between 'Platform:System.Private.CoreLib.dll' and 'Platform:System.Private.CoreLib.dll'. Could not determine winner due to equal file and assembly versions.
         Encountered conflict between 'Platform:System.Private.DataContractSerialization.dll' and 'Platform:System.Private.DataContractSerialization.dll'. Could not determine winner due to equal file and assembly versions.
         Encountered conflict between 'Platform:System.Private.Uri.dll' and 'Platform:System.Private.Uri.dll'. Could not determine winner due to equal file and assembly versions.
         Encountered conflict between 'Platform:System.Private.Xml.dll' and 'Platform:System.Private.Xml.dll'. Could not determine winner due to equal file and assembly versions.
         Encountered conflict between 'Platform:System.Private.Xml.Linq.dll' and 'Platform:System.Private.Xml.Linq.dll'. Could not determine winner due to equal file and assembly versions.
         Encountered conflict between 'Platform:mscordaccore_amd64_amd64_8.0.2225.52707.dll' and 'Platform:mscordaccore_amd64_amd64_8.0.2225.52707.dll'. Could not determine winner due to equal file and assembly versions.
       Done executing task "ResolvePackageFileConflicts".
   1:7>Done building target "_HandlePackageFileConflicts" in project "Entegrasyon.Blazor.csproj".
       Target "ResolveTargetingPackAssets" skipped. Previously built successfully.
   1:7>Target "ResolveAssemblyReferences" in file "/usr/lib64/dotnet/sdk/10.0.101/Microsoft.Common.CurrentVersion.targets" from project "/home/baturhan/Projeler/Entegrasyon/Application/Entegrasyon.Blazor/Entegrasyon.Blazor.csproj" (target "ResolveReferences" depends on it):
       Task "ResolveAssemblyReference"
         TargetFrameworkMoniker:
             .NETCoreApp,Version=v8.0
         TargetFrameworkMonikerDisplayName:
             .NET 8.0
         TargetedRuntimeVersion:
             
         Assemblies:
             /home/baturhan/.nuget/packages/castle.core/5.1.1/lib/net6.0/Castle.Core.dll
                 Private = 'false'
                 HintPath = '/home/baturhan/.nuget/packages/castle.core/5.1.1/lib/net6.0/Castle.Core.dll'
             /home/baturhan/.nuget/packages/fluentvalidation/11.9.0/lib/net8.0/FluentValidation.dll
                 Private = 'false'
                 HintPath = '/home/baturhan/.nuget/packages/fluentvalidation/11.9.0/lib/net8.0/FluentValidation.dll'
             /home/baturhan/.nuget/packages/mapster/7.4.0/lib/net7.0/Mapster.dll
                 Private = 'false'
                 HintPath = '/home/baturhan/.nuget/packages/mapster/7.4.0/lib/net7.0/Mapster.dll'
             /home/baturhan/.nuget/packages/mapster.core/1.2.1/lib/net7.0/Mapster.Core.dll
                 Private = 'false'
                 HintPath = '/home/baturhan/.nuget/packages/mapster.core/1.2.1/lib/net7.0/Mapster.Core.dll'
             /home/baturhan/.nuget/packages/mapster.dependencyinjection/1.0.1/lib/net7.0/Mapster.DependencyInjection.dll
                 Private = 'false'
                 HintPath = '/home/baturhan/.nuget/packages/mapster.dependencyinjection/1.0.1/lib/net7.0/Mapster.DependencyInjection.dll'
             /home/baturhan/.nuget/packages/microsoft.codeanalysis.common/4.13.0/lib/net8.0/Microsoft.CodeAnalysis.dll
                 Private = 'false'
                 HintPath = '/home/baturhan/.nuget/packages/microsoft.codeanalysis.common/4.13.0/lib/net8.0/Microsoft.CodeAnalysis.dll'
             /home/baturhan/.nuget/packages/microsoft.codeanalysis.csharp/4.13.0/lib/net8.0/Microsoft.CodeAnalysis.CSharp.dll
                 Private = 'false'
                 HintPath = '/home/baturhan/.nuget/packages/microsoft.codeanalysis.csharp/4.13.0/lib/net8.0/Microsoft.CodeAnalysis.CSharp.dll'
             /home/baturhan/.nuget/packages/microsoft.codeanalysis.csharp.workspaces/4.13.0/lib/net8.0/Microsoft.CodeAnalysis.CSharp.Workspaces.dll
                 Private = 'false'
                 HintPath = '/home/baturhan/.nuget/packages/microsoft.codeanalysis.csharp.workspaces/4.13.0/lib/net8.0/Microsoft.CodeAnalysis.CSharp.Workspaces.dll'
             /home/baturhan/.nuget/packages/microsoft.codeanalysis.scripting.common/4.13.0/lib/net8.0/Microsoft.CodeAnalysis.Scripting.dll
                 Private = 'false'
                 HintPath = '/home/baturhan/.nuget/packages/microsoft.codeanalysis.scripting.common/4.13.0/lib/net8.0/Microsoft.CodeAnalysis.Scripting.dll'
             /home/baturhan/.nuget/packages/microsoft.codeanalysis.workspaces.common/4.13.0/lib/net8.0/Microsoft.CodeAnalysis.Workspaces.dll
                 Private = 'false'
                 HintPath = '/home/baturhan/.nuget/packages/microsoft.codeanalysis.workspaces.common/4.13.0/lib/net8.0/Microsoft.CodeAnalysis.Workspaces.dll'
             /home/baturhan/.nuget/packages/microsoft.entityframeworkcore/8.0.15/lib/net8.0/Microsoft.EntityFrameworkCore.dll
                 Private = 'false'
                 HintPath = '/home/baturhan/.nuget/packages/microsoft.entityframeworkcore/8.0.15/lib/net8.0/Microsoft.EntityFrameworkCore.dll'
             /home/baturhan/.nuget/packages/microsoft.entityframeworkcore.abstractions/8.0.15/lib/net8.0/Microsoft.EntityFrameworkCore.Abstractions.dll
                 Private = 'false'
                 HintPath = '/home/baturhan/.nuget/packages/microsoft.entityframeworkcore.abstractions/8.0.15/lib/net8.0/Microsoft.EntityFrameworkCore.Abstractions.dll'
             /home/baturhan/.nuget/packages/microsoft.entityframeworkcore.inmemory/8.0.15/lib/net8.0/Microsoft.EntityFrameworkCore.InMemory.dll
                 Private = 'false'
                 HintPath = '/home/baturhan/.nuget/packages/microsoft.entityframeworkcore.inmemory/8.0.15/lib/net8.0/Microsoft.EntityFrameworkCore.InMemory.dll'
             /home/baturhan/.nuget/packages/microsoft.entityframeworkcore.proxies/8.0.15/lib/net8.0/Microsoft.EntityFrameworkCore.Proxies.dll
                 Private = 'false'
                 HintPath = '/home/baturhan/.nuget/packages/microsoft.entityframeworkcore.proxies/8.0.15/lib/net8.0/Microsoft.EntityFrameworkCore.Proxies.dll'
             /home/baturhan/.nuget/packages/microsoft.entityframeworkcore.relational/8.0.15/lib/net8.0/Microsoft.EntityFrameworkCore.Relational.dll
                 Private = 'false'
                 HintPath = '/home/baturhan/.nuget/packages/microsoft.entityframeworkcore.relational/8.0.15/lib/net8.0/Microsoft.EntityFrameworkCore.Relational.dll'
             /home/baturhan/.nuget/packages/microsoft.extensions.caching.stackexchangeredis/8.0.15/lib/net8.0/Microsoft.Extensions.Caching.StackExchangeRedis.dll
                 Private = 'false'
                 HintPath = '/home/baturhan/.nuget/packages/microsoft.extensions.caching.stackexchangeredis/8.0.15/lib/net8.0/Microsoft.Extensions.Caching.StackExchangeRedis.dll'
             /home/baturhan/.nuget/packages/microsoft.extensions.dependencymodel/8.0.2/lib/net8.0/Microsoft.Extensions.DependencyModel.dll
                 Private = 'false'
                 HintPath = '/home/baturhan/.nuget/packages/microsoft.extensions.dependencymodel/8.0.2/lib/net8.0/Microsoft.Extensions.DependencyModel.dll'
             /home/baturhan/.nuget/packages/microsoft.identitymodel.abstractions/7.4.0/lib/net8.0/Microsoft.IdentityModel.Abstractions.dll
                 Private = 'false'
                 HintPath = '/home/baturhan/.nuget/packages/microsoft.identitymodel.abstractions/7.4.0/lib/net8.0/Microsoft.IdentityModel.Abstractions.dll'
             /home/baturhan/.nuget/packages/microsoft.identitymodel.jsonwebtokens/7.4.0/lib/net8.0/Microsoft.IdentityModel.JsonWebTokens.dll
                 Private = 'false'
                 HintPath = '/home/baturhan/.nuget/packages/microsoft.identitymodel.jsonwebtokens/7.4.0/lib/net8.0/Microsoft.IdentityModel.JsonWebTokens.dll'
             /home/baturhan/.nuget/packages/microsoft.identitymodel.logging/7.4.0/lib/net8.0/Microsoft.IdentityModel.Logging.dll
                 Private = 'false'
                 HintPath = '/home/baturhan/.nuget/packages/microsoft.identitymodel.logging/7.4.0/lib/net8.0/Microsoft.IdentityModel.Logging.dll'
             /home/baturhan/.nuget/packages/microsoft.identitymodel.tokens/7.4.0/lib/net8.0/Microsoft.IdentityModel.Tokens.dll
                 Private = 'false'
                 HintPath = '/home/baturhan/.nuget/packages/microsoft.identitymodel.tokens/7.4.0/lib/net8.0/Microsoft.IdentityModel.Tokens.dll'
             /home/baturhan/.nuget/packages/mudblazor/8.15.0/lib/net8.0/MudBlazor.dll
                 Private = 'false'
                 HintPath = '/home/baturhan/.nuget/packages/mudblazor/8.15.0/lib/net8.0/MudBlazor.dll'
             /home/baturhan/.nuget/packages/newtonsoft.json/13.0.3/lib/net6.0/Newtonsoft.Json.dll
                 Private = 'false'
                 HintPath = '/home/baturhan/.nuget/packages/newtonsoft.json/13.0.3/lib/net6.0/Newtonsoft.Json.dll'
             /home/baturhan/.nuget/packages/npgsql/8.0.6/lib/net8.0/Npgsql.dll
                 Private = 'false'
                 HintPath = '/home/baturhan/.nuget/packages/npgsql/8.0.6/lib/net8.0/Npgsql.dll'
             /home/baturhan/.nuget/packages/npgsql.entityframeworkcore.postgresql/8.0.11/lib/net8.0/Npgsql.EntityFrameworkCore.PostgreSQL.dll
                 Private = 'false'
                 HintPath = '/home/baturhan/.nuget/packages/npgsql.entityframeworkcore.postgresql/8.0.11/lib/net8.0/Npgsql.EntityFrameworkCore.PostgreSQL.dll'
             /home/baturhan/.nuget/packages/pipelines.sockets.unofficial/2.2.8/lib/net5.0/Pipelines.Sockets.Unofficial.dll
                 Private = 'false'
                 HintPath = '/home/baturhan/.nuget/packages/pipelines.sockets.unofficial/2.2.8/lib/net5.0/Pipelines.Sockets.Unofficial.dll'
             /home/baturhan/.nuget/packages/serilog/3.1.1/lib/net7.0/Serilog.dll
                 Private = 'false'
                 HintPath = '/home/baturhan/.nuget/packages/serilog/3.1.1/lib/net7.0/Serilog.dll'
             /home/baturhan/.nuget/packages/serilog.aspnetcore/8.0.1/lib/net8.0/Serilog.AspNetCore.dll
                 Private = 'false'
                 HintPath = '/home/baturhan/.nuget/packages/serilog.aspnetcore/8.0.1/lib/net8.0/Serilog.AspNetCore.dll'
             /home/baturhan/.nuget/packages/serilog.extensions.hosting/8.0.0/lib/net8.0/Serilog.Extensions.Hosting.dll
                 Private = 'false'
                 HintPath = '/home/baturhan/.nuget/packages/serilog.extensions.hosting/8.0.0/lib/net8.0/Serilog.Extensions.Hosting.dll'
             /home/baturhan/.nuget/packages/serilog.extensions.logging/8.0.0/lib/net8.0/Serilog.Extensions.Logging.dll
                 Private = 'false'
                 HintPath = '/home/baturhan/.nuget/packages/serilog.extensions.logging/8.0.0/lib/net8.0/Serilog.Extensions.Logging.dll'
             /home/baturhan/.nuget/packages/serilog.formatting.compact/2.0.0/lib/net7.0/Serilog.Formatting.Compact.dll
                 Private = 'false'
                 HintPath = '/home/baturhan/.nuget/packages/serilog.formatting.compact/2.0.0/lib/net7.0/Serilog.Formatting.Compact.dll'
             /home/baturhan/.nuget/packages/serilog.settings.configuration/8.0.0/lib/net8.0/Serilog.Settings.Configuration.dll
                 Private = 'false'
                 HintPath = '/home/baturhan/.nuget/packages/serilog.settings.configuration/8.0.0/lib/net8.0/Serilog.Settings.Configuration.dll'
             /home/baturhan/.nuget/packages/serilog.sinks.console/5.0.1/lib/net7.0/Serilog.Sinks.Console.dll
                 Private = 'false'
                 HintPath = '/home/baturhan/.nuget/packages/serilog.sinks.console/5.0.1/lib/net7.0/Serilog.Sinks.Console.dll'
             /home/baturhan/.nuget/packages/serilog.sinks.debug/2.0.0/lib/netstandard2.1/Serilog.Sinks.Debug.dll
                 Private = 'false'
                 HintPath = '/home/baturhan/.nuget/packages/serilog.sinks.debug/2.0.0/lib/netstandard2.1/Serilog.Sinks.Debug.dll'
             /home/baturhan/.nuget/packages/serilog.sinks.file/5.0.0/lib/net5.0/Serilog.Sinks.File.dll
                 Private = 'false'
                 HintPath = '/home/baturhan/.nuget/packages/serilog.sinks.file/5.0.0/lib/net5.0/Serilog.Sinks.File.dll'
             /home/baturhan/.nuget/packages/stackexchange.redis/2.7.27/lib/net6.0/StackExchange.Redis.dll
                 Private = 'false'
                 HintPath = '/home/baturhan/.nuget/packages/stackexchange.redis/2.7.27/lib/net6.0/StackExchange.Redis.dll'
             /home/baturhan/.nuget/packages/system.composition.attributedmodel/8.0.0/lib/net8.0/System.Composition.AttributedModel.dll
                 Private = 'false'
                 HintPath = '/home/baturhan/.nuget/packages/system.composition.attributedmodel/8.0.0/lib/net8.0/System.Composition.AttributedModel.dll'
             /home/baturhan/.nuget/packages/system.composition.convention/8.0.0/lib/net8.0/System.Composition.Convention.dll
                 Private = 'false'
                 HintPath = '/home/baturhan/.nuget/packages/system.composition.convention/8.0.0/lib/net8.0/System.Composition.Convention.dll'
             /home/baturhan/.nuget/packages/system.composition.hosting/8.0.0/lib/net8.0/System.Composition.Hosting.dll
                 Private = 'false'
                 HintPath = '/home/baturhan/.nuget/packages/system.composition.hosting/8.0.0/lib/net8.0/System.Composition.Hosting.dll'
             /home/baturhan/.nuget/packages/system.composition.runtime/8.0.0/lib/net8.0/System.Composition.Runtime.dll
                 Private = 'false'
                 HintPath = '/home/baturhan/.nuget/packages/system.composition.runtime/8.0.0/lib/net8.0/System.Composition.Runtime.dll'
             /home/baturhan/.nuget/packages/system.composition.typedparts/8.0.0/lib/net8.0/System.Composition.TypedParts.dll
                 Private = 'false'
                 HintPath = '/home/baturhan/.nuget/packages/system.composition.typedparts/8.0.0/lib/net8.0/System.Composition.TypedParts.dll'
             /home/baturhan/.nuget/packages/system.identitymodel.tokens.jwt/7.4.0/lib/net8.0/System.IdentityModel.Tokens.Jwt.dll
                 Private = 'false'
                 HintPath = '/home/baturhan/.nuget/packages/system.identitymodel.tokens.jwt/7.4.0/lib/net8.0/System.IdentityModel.Tokens.Jwt.dll'
             /usr/lib64/dotnet/packs/Microsoft.NETCore.App.Ref/8.0.22/ref/net8.0/Microsoft.CSharp.dll
                 Private = 'false'
             /usr/lib64/dotnet/packs/Microsoft.NETCore.App.Ref/8.0.22/ref/net8.0/Microsoft.VisualBasic.Core.dll
                 Private = 'false'
             /usr/lib64/dotnet/packs/Microsoft.NETCore.App.Ref/8.0.22/ref/net8.0/Microsoft.VisualBasic.dll
                 Private = 'false'
             /usr/lib64/dotnet/packs/Microsoft.NETCore.App.Ref/8.0.22/ref/net8.0/Microsoft.Win32.Primitives.dll
                 Private = 'false'
             /usr/lib64/dotnet/packs/Microsoft.NETCore.App.Ref/8.0.22/ref/net8.0/Microsoft.Win32.Registry.dll
                 Private = 'false'
             /usr/lib64/dotnet/packs/Microsoft.NETCore.App.Ref/8.0.22/ref/net8.0/System.AppContext.dll
                 Private = 'false'
             /usr/lib64/dotnet/packs/Microsoft.NETCore.App.Ref/8.0.22/ref/net8.0/System.Buffers.dll
                 Private = 'false'
             /usr/lib64/dotnet/packs/Microsoft.NETCore.App.Ref/8.0.22/ref/net8.0/System.Collections.Concurrent.dll
                 Private = 'false'
             /usr/lib64/dotnet/packs/Microsoft.NETCore.App.Ref/8.0.22/ref/net8.0/System.Collections.Immutable.dll
                 Private = 'false'
             /usr/lib64/dotnet/packs/Microsoft.NETCore.App.Ref/8.0.22/ref/net8.0/System.Collections.NonGeneric.dll
                 Private = 'false'
             /usr/lib64/dotnet/packs/Microsoft.NETCore.App.Ref/8.0.22/ref/net8.0/System.Collections.Specialized.dll
                 Private = 'false'
             /usr/lib64/dotnet/packs/Microsoft.NETCore.App.Ref/8.0.22/ref/net8.0/System.Collections.dll
                 Private = 'false'
             /usr/lib64/dotnet/packs/Microsoft.NETCore.App.Ref/8.0.22/ref/net8.0/System.ComponentModel.Annotations.dll
                 Private = 'false'
             /usr/lib64/dotnet/packs/Microsoft.NETCore.App.Ref/8.0.22/ref/net8.0/System.ComponentModel.DataAnnotations.dll
                 Private = 'false'
             /usr/lib64/dotnet/packs/Microsoft.NETCore.App.Ref/8.0.22/ref/net8.0/System.ComponentModel.EventBasedAsync.dll
                 Private = 'false'
             /usr/lib64/dotnet/packs/Microsoft.NETCore.App.Ref/8.0.22/ref/net8.0/System.ComponentModel.Primitives.dll
                 Private = 'false'
             /usr/lib64/dotnet/packs/Microsoft.NETCore.App.Ref/8.0.22/ref/net8.0/System.ComponentModel.TypeConverter.dll
                 Private = 'false'
             /usr/lib64/dotnet/packs/Microsoft.NETCore.App.Ref/8.0.22/ref/net8.0/System.ComponentModel.dll
                 Private = 'false'
             /usr/lib64/dotnet/packs/Microsoft.NETCore.App.Ref/8.0.22/ref/net8.0/System.Configuration.dll
                 Private = 'false'
             /usr/lib64/dotnet/packs/Microsoft.NETCore.App.Ref/8.0.22/ref/net8.0/System.Console.dll
                 Private = 'false'
             /usr/lib64/dotnet/packs/Microsoft.NETCore.App.Ref/8.0.22/ref/net8.0/System.Core.dll
                 Private = 'false'
             /usr/lib64/dotnet/packs/Microsoft.NETCore.App.Ref/8.0.22/ref/net8.0/System.Data.Common.dll
                 Private = 'false'
             /usr/lib64/dotnet/packs/Microsoft.NETCore.App.Ref/8.0.22/ref/net8.0/System.Data.DataSetExtensions.dll
                 Private = 'false'
             /usr/lib64/dotnet/packs/Microsoft.NETCore.App.Ref/8.0.22/ref/net8.0/System.Data.dll
                 Private = 'false'
             /usr/lib64/dotnet/packs/Microsoft.NETCore.App.Ref/8.0.22/ref/net8.0/System.Diagnostics.Contracts.dll
                 Private = 'false'
             /usr/lib64/dotnet/packs/Microsoft.NETCore.App.Ref/8.0.22/ref/net8.0/System.Diagnostics.Debug.dll
                 Private = 'false'
             /usr/lib64/dotnet/packs/Microsoft.NETCore.App.Ref/8.0.22/ref/net8.0/System.Diagnostics.DiagnosticSource.dll
                 Private = 'false'
             /usr/lib64/dotnet/packs/Microsoft.NETCore.App.Ref/8.0.22/ref/net8.0/System.Diagnostics.FileVersionInfo.dll
                 Private = 'false'
             /usr/lib64/dotnet/packs/Microsoft.NETCore.App.Ref/8.0.22/ref/net8.0/System.Diagnostics.Process.dll
                 Private = 'false'
             /usr/lib64/dotnet/packs/Microsoft.NETCore.App.Ref/8.0.22/ref/net8.0/System.Diagnostics.StackTrace.dll
                 Private = 'false'
             /usr/lib64/dotnet/packs/Microsoft.NETCore.App.Ref/8.0.22/ref/net8.0/System.Diagnostics.TextWriterTraceListener.dll
                 Private = 'false'
             /usr/lib64/dotnet/packs/Microsoft.NETCore.App.Ref/8.0.22/ref/net8.0/System.Diagnostics.Tools.dll
                 Private = 'false'
             /usr/lib64/dotnet/packs/Microsoft.NETCore.App.Ref/8.0.22/ref/net8.0/System.Diagnostics.TraceSource.dll
                 Private = 'false'
             /usr/lib64/dotnet/packs/Microsoft.NETCore.App.Ref/8.0.22/ref/net8.0/System.Diagnostics.Tracing.dll
                 Private = 'false'
             /usr/lib64/dotnet/packs/Microsoft.NETCore.App.Ref/8.0.22/ref/net8.0/System.Drawing.Primitives.dll
                 Private = 'false'
             /usr/lib64/dotnet/packs/Microsoft.NETCore.App.Ref/8.0.22/ref/net8.0/System.Drawing.dll
                 Private = 'false'
             /usr/lib64/dotnet/packs/Microsoft.NETCore.App.Ref/8.0.22/ref/net8.0/System.Dynamic.Runtime.dll
                 Private = 'false'
             /usr/lib64/dotnet/packs/Microsoft.NETCore.App.Ref/8.0.22/ref/net8.0/System.Formats.Asn1.dll
                 Private = 'false'
             /usr/lib64/dotnet/packs/Microsoft.NETCore.App.Ref/8.0.22/ref/net8.0/System.Formats.Tar.dll
                 Private = 'false'
             /usr/lib64/dotnet/packs/Microsoft.NETCore.App.Ref/8.0.22/ref/net8.0/System.Globalization.Calendars.dll
                 Private = 'false'
             /usr/lib64/dotnet/packs/Microsoft.NETCore.App.Ref/8.0.22/ref/net8.0/System.Globalization.Extensions.dll
                 Private = 'false'
             /usr/lib64/dotnet/packs/Microsoft.NETCore.App.Ref/8.0.22/ref/net8.0/System.Globalization.dll
                 Private = 'false'
             /usr/lib64/dotnet/packs/Microsoft.NETCore.App.Ref/8.0.22/ref/net8.0/System.IO.Compression.Brotli.dll
                 Private = 'false'
             /usr/lib64/dotnet/packs/Microsoft.NETCore.App.Ref/8.0.22/ref/net8.0/System.IO.Compression.FileSystem.dll
                 Private = 'false'
             /usr/lib64/dotnet/packs/Microsoft.NETCore.App.Ref/8.0.22/ref/net8.0/System.IO.Compression.ZipFile.dll
                 Private = 'false'
             /usr/lib64/dotnet/packs/Microsoft.NETCore.App.Ref/8.0.22/ref/net8.0/System.IO.Compression.dll
                 Private = 'false'
             /usr/lib64/dotnet/packs/Microsoft.NETCore.App.Ref/8.0.22/ref/net8.0/System.IO.FileSystem.AccessControl.dll
                 Private = 'false'
             /usr/lib64/dotnet/packs/Microsoft.NETCore.App.Ref/8.0.22/ref/net8.0/System.IO.FileSystem.DriveInfo.dll
                 Private = 'false'
             /usr/lib64/dotnet/packs/Microsoft.NETCore.App.Ref/8.0.22/ref/net8.0/System.IO.FileSystem.Primitives.dll
                 Private = 'false'
             /usr/lib64/dotnet/packs/Microsoft.NETCore.App.Ref/8.0.22/ref/net8.0/System.IO.FileSystem.Watcher.dll
                 Private = 'false'
             /usr/lib64/dotnet/packs/Microsoft.NETCore.App.Ref/8.0.22/ref/net8.0/System.IO.FileSystem.dll
                 Private = 'false'
             /usr/lib64/dotnet/packs/Microsoft.NETCore.App.Ref/8.0.22/ref/net8.0/System.IO.IsolatedStorage.dll
                 Private = 'false'
             /usr/lib64/dotnet/packs/Microsoft.NETCore.App.Ref/8.0.22/ref/net8.0/System.IO.MemoryMappedFiles.dll
                 Private = 'false'
             /usr/lib64/dotnet/packs/Microsoft.NETCore.App.Ref/8.0.22/ref/net8.0/System.IO.Pipes.AccessControl.dll
                 Private = 'false'
             /usr/lib64/dotnet/packs/Microsoft.NETCore.App.Ref/8.0.22/ref/net8.0/System.IO.Pipes.dll
                 Private = 'false'
             /usr/lib64/dotnet/packs/Microsoft.NETCore.App.Ref/8.0.22/ref/net8.0/System.IO.UnmanagedMemoryStream.dll
                 Private = 'false'
             /usr/lib64/dotnet/packs/Microsoft.NETCore.App.Ref/8.0.22/ref/net8.0/System.IO.dll
                 Private = 'false'
             /usr/lib64/dotnet/packs/Microsoft.NETCore.App.Ref/8.0.22/ref/net8.0/System.Linq.Expressions.dll
                 Private = 'false'
             /usr/lib64/dotnet/packs/Microsoft.NETCore.App.Ref/8.0.22/ref/net8.0/System.Linq.Parallel.dll
                 Private = 'false'
             /usr/lib64/dotnet/packs/Microsoft.NETCore.App.Ref/8.0.22/ref/net8.0/System.Linq.Queryable.dll
                 Private = 'false'
             /usr/lib64/dotnet/packs/Microsoft.NETCore.App.Ref/8.0.22/ref/net8.0/System.Linq.dll
                 Private = 'false'
             /usr/lib64/dotnet/packs/Microsoft.NETCore.App.Ref/8.0.22/ref/net8.0/System.Memory.dll
                 Private = 'false'
             /usr/lib64/dotnet/packs/Microsoft.NETCore.App.Ref/8.0.22/ref/net8.0/System.Net.Http.Json.dll
                 Private = 'false'
             /usr/lib64/dotnet/packs/Microsoft.NETCore.App.Ref/8.0.22/ref/net8.0/System.Net.Http.dll
                 Private = 'false'
             /usr/lib64/dotnet/packs/Microsoft.NETCore.App.Ref/8.0.22/ref/net8.0/System.Net.HttpListener.dll
                 Private = 'false'
             /usr/lib64/dotnet/packs/Microsoft.NETCore.App.Ref/8.0.22/ref/net8.0/System.Net.Mail.dll
                 Private = 'false'
             /usr/lib64/dotnet/packs/Microsoft.NETCore.App.Ref/8.0.22/ref/net8.0/System.Net.NameResolution.dll
                 Private = 'false'
             /usr/lib64/dotnet/packs/Microsoft.NETCore.App.Ref/8.0.22/ref/net8.0/System.Net.NetworkInformation.dll
                 Private = 'false'
             /usr/lib64/dotnet/packs/Microsoft.NETCore.App.Ref/8.0.22/ref/net8.0/System.Net.Ping.dll
                 Private = 'false'
             /usr/lib64/dotnet/packs/Microsoft.NETCore.App.Ref/8.0.22/ref/net8.0/System.Net.Primitives.dll
                 Private = 'false'
             /usr/lib64/dotnet/packs/Microsoft.NETCore.App.Ref/8.0.22/ref/net8.0/System.Net.Quic.dll
                 Private = 'false'
             /usr/lib64/dotnet/packs/Microsoft.NETCore.App.Ref/8.0.22/ref/net8.0/System.Net.Requests.dll
                 Private = 'false'
             /usr/lib64/dotnet/packs/Microsoft.NETCore.App.Ref/8.0.22/ref/net8.0/System.Net.Security.dll
                 Private = 'false'
             /usr/lib64/dotnet/packs/Microsoft.NETCore.App.Ref/8.0.22/ref/net8.0/System.Net.ServicePoint.dll
                 Private = 'false'
             /usr/lib64/dotnet/packs/Microsoft.NETCore.App.Ref/8.0.22/ref/net8.0/System.Net.Sockets.dll
                 Private = 'false'
             /usr/lib64/dotnet/packs/Microsoft.NETCore.App.Ref/8.0.22/ref/net8.0/System.Net.WebClient.dll
                 Private = 'false'
             /usr/lib64/dotnet/packs/Microsoft.NETCore.App.Ref/8.0.22/ref/net8.0/System.Net.WebHeaderCollection.dll
                 Private = 'false'
             /usr/lib64/dotnet/packs/Microsoft.NETCore.App.Ref/8.0.22/ref/net8.0/System.Net.WebProxy.dll
                 Private = 'false'
             /usr/lib64/dotnet/packs/Microsoft.NETCore.App.Ref/8.0.22/ref/net8.0/System.Net.WebSockets.Client.dll
                 Private = 'false'
             /usr/lib64/dotnet/packs/Microsoft.NETCore.App.Ref/8.0.22/ref/net8.0/System.Net.WebSockets.dll
                 Private = 'false'
             /usr/lib64/dotnet/packs/Microsoft.NETCore.App.Ref/8.0.22/ref/net8.0/System.Net.dll
                 Private = 'false'
             /usr/lib64/dotnet/packs/Microsoft.NETCore.App.Ref/8.0.22/ref/net8.0/System.Numerics.Vectors.dll
                 Private = 'false'
             /usr/lib64/dotnet/packs/Microsoft.NETCore.App.Ref/8.0.22/ref/net8.0/System.Numerics.dll
                 Private = 'false'
             /usr/lib64/dotnet/packs/Microsoft.NETCore.App.Ref/8.0.22/ref/net8.0/System.ObjectModel.dll
                 Private = 'false'
             /usr/lib64/dotnet/packs/Microsoft.NETCore.App.Ref/8.0.22/ref/net8.0/System.Reflection.DispatchProxy.dll
                 Private = 'false'
             /usr/lib64/dotnet/packs/Microsoft.NETCore.App.Ref/8.0.22/ref/net8.0/System.Reflection.Emit.ILGeneration.dll
                 Private = 'false'
             /usr/lib64/dotnet/packs/Microsoft.NETCore.App.Ref/8.0.22/ref/net8.0/System.Reflection.Emit.Lightweight.dll
                 Private = 'false'
             /usr/lib64/dotnet/packs/Microsoft.NETCore.App.Ref/8.0.22/ref/net8.0/System.Reflection.Emit.dll
                 Private = 'false'
             /usr/lib64/dotnet/packs/Microsoft.NETCore.App.Ref/8.0.22/ref/net8.0/System.Reflection.Extensions.dll
                 Private = 'false'
             /usr/lib64/dotnet/packs/Microsoft.NETCore.App.Ref/8.0.22/ref/net8.0/System.Reflection.Metadata.dll
                 Private = 'false'
             /usr/lib64/dotnet/packs/Microsoft.NETCore.App.Ref/8.0.22/ref/net8.0/System.Reflection.Primitives.dll
                 Private = 'false'
             /usr/lib64/dotnet/packs/Microsoft.NETCore.App.Ref/8.0.22/ref/net8.0/System.Reflection.TypeExtensions.dll
                 Private = 'false'
             /usr/lib64/dotnet/packs/Microsoft.NETCore.App.Ref/8.0.22/ref/net8.0/System.Reflection.dll
                 Private = 'false'
             /usr/lib64/dotnet/packs/Microsoft.NETCore.App.Ref/8.0.22/ref/net8.0/System.Resources.Reader.dll
                 Private = 'false'
             /usr/lib64/dotnet/packs/Microsoft.NETCore.App.Ref/8.0.22/ref/net8.0/System.Resources.ResourceManager.dll
                 Private = 'false'
             /usr/lib64/dotnet/packs/Microsoft.NETCore.App.Ref/8.0.22/ref/net8.0/System.Resources.Writer.dll
                 Private = 'false'
             /usr/lib64/dotnet/packs/Microsoft.NETCore.App.Ref/8.0.22/ref/net8.0/System.Runtime.CompilerServices.Unsafe.dll
                 Private = 'false'
             /usr/lib64/dotnet/packs/Microsoft.NETCore.App.Ref/8.0.22/ref/net8.0/System.Runtime.CompilerServices.VisualC.dll
                 Private = 'false'
             /usr/lib64/dotnet/packs/Microsoft.NETCore.App.Ref/8.0.22/ref/net8.0/System.Runtime.Extensions.dll
                 Private = 'false'
             /usr/lib64/dotnet/packs/Microsoft.NETCore.App.Ref/8.0.22/ref/net8.0/System.Runtime.Handles.dll
                 Private = 'false'
             /usr/lib64/dotnet/packs/Microsoft.NETCore.App.Ref/8.0.22/ref/net8.0/System.Runtime.InteropServices.JavaScript.dll
                 Private = 'false'
             /usr/lib64/dotnet/packs/Microsoft.NETCore.App.Ref/8.0.22/ref/net8.0/System.Runtime.InteropServices.RuntimeInformation.dll
                 Private = 'false'
             /usr/lib64/dotnet/packs/Microsoft.NETCore.App.Ref/8.0.22/ref/net8.0/System.Runtime.InteropServices.dll
                 Private = 'false'
             /usr/lib64/dotnet/packs/Microsoft.NETCore.App.Ref/8.0.22/ref/net8.0/System.Runtime.Intrinsics.dll
                 Private = 'false'
             /usr/lib64/dotnet/packs/Microsoft.NETCore.App.Ref/8.0.22/ref/net8.0/System.Runtime.Loader.dll
                 Private = 'false'
             /usr/lib64/dotnet/packs/Microsoft.NETCore.App.Ref/8.0.22/ref/net8.0/System.Runtime.Numerics.dll
                 Private = 'false'
             /usr/lib64/dotnet/packs/Microsoft.NETCore.App.Ref/8.0.22/ref/net8.0/System.Runtime.Serialization.Formatters.dll
                 Private = 'false'
             /usr/lib64/dotnet/packs/Microsoft.NETCore.App.Ref/8.0.22/ref/net8.0/System.Runtime.Serialization.Json.dll
                 Private = 'false'
             /usr/lib64/dotnet/packs/Microsoft.NETCore.App.Ref/8.0.22/ref/net8.0/System.Runtime.Serialization.Primitives.dll
                 Private = 'false'
             /usr/lib64/dotnet/packs/Microsoft.NETCore.App.Ref/8.0.22/ref/net8.0/System.Runtime.Serialization.Xml.dll
                 Private = 'false'
             /usr/lib64/dotnet/packs/Microsoft.NETCore.App.Ref/8.0.22/ref/net8.0/System.Runtime.Serialization.dll
                 Private = 'false'
             /usr/lib64/dotnet/packs/Microsoft.NETCore.App.Ref/8.0.22/ref/net8.0/System.Runtime.dll
                 Private = 'false'
             /usr/lib64/dotnet/packs/Microsoft.NETCore.App.Ref/8.0.22/ref/net8.0/System.Security.AccessControl.dll
                 Private = 'false'
             /usr/lib64/dotnet/packs/Microsoft.NETCore.App.Ref/8.0.22/ref/net8.0/System.Security.Claims.dll
                 Private = 'false'
             /usr/lib64/dotnet/packs/Microsoft.NETCore.App.Ref/8.0.22/ref/net8.0/System.Security.Cryptography.Algorithms.dll
                 Private = 'false'
             /usr/lib64/dotnet/packs/Microsoft.NETCore.App.Ref/8.0.22/ref/net8.0/System.Security.Cryptography.Cng.dll
                 Private = 'false'
             /usr/lib64/dotnet/packs/Microsoft.NETCore.App.Ref/8.0.22/ref/net8.0/System.Security.Cryptography.Csp.dll
                 Private = 'false'
             /usr/lib64/dotnet/packs/Microsoft.NETCore.App.Ref/8.0.22/ref/net8.0/System.Security.Cryptography.Encoding.dll
                 Private = 'false'
             /usr/lib64/dotnet/packs/Microsoft.NETCore.App.Ref/8.0.22/ref/net8.0/System.Security.Cryptography.OpenSsl.dll
                 Private = 'false'
             /usr/lib64/dotnet/packs/Microsoft.NETCore.App.Ref/8.0.22/ref/net8.0/System.Security.Cryptography.Primitives.dll
                 Private = 'false'
             /usr/lib64/dotnet/packs/Microsoft.NETCore.App.Ref/8.0.22/ref/net8.0/System.Security.Cryptography.X509Certificates.dll
                 Private = 'false'
             /usr/lib64/dotnet/packs/Microsoft.NETCore.App.Ref/8.0.22/ref/net8.0/System.Security.Cryptography.dll
                 Private = 'false'
             /usr/lib64/dotnet/packs/Microsoft.NETCore.App.Ref/8.0.22/ref/net8.0/System.Security.Principal.Windows.dll
                 Private = 'false'
             /usr/lib64/dotnet/packs/Microsoft.NETCore.App.Ref/8.0.22/ref/net8.0/System.Security.Principal.dll
                 Private = 'false'
             /usr/lib64/dotnet/packs/Microsoft.NETCore.App.Ref/8.0.22/ref/net8.0/System.Security.SecureString.dll
                 Private = 'false'
             /usr/lib64/dotnet/packs/Microsoft.NETCore.App.Ref/8.0.22/ref/net8.0/System.Security.dll
                 Private = 'false'
             /usr/lib64/dotnet/packs/Microsoft.NETCore.App.Ref/8.0.22/ref/net8.0/System.ServiceModel.Web.dll
                 Private = 'false'
             /usr/lib64/dotnet/packs/Microsoft.NETCore.App.Ref/8.0.22/ref/net8.0/System.ServiceProcess.dll
                 Private = 'false'
             /usr/lib64/dotnet/packs/Microsoft.NETCore.App.Ref/8.0.22/ref/net8.0/System.Text.Encoding.CodePages.dll
                 Private = 'false'
             /usr/lib64/dotnet/packs/Microsoft.NETCore.App.Ref/8.0.22/ref/net8.0/System.Text.Encoding.Extensions.dll
                 Private = 'false'
             /usr/lib64/dotnet/packs/Microsoft.NETCore.App.Ref/8.0.22/ref/net8.0/System.Text.Encoding.dll
                 Private = 'false'
             /usr/lib64/dotnet/packs/Microsoft.NETCore.App.Ref/8.0.22/ref/net8.0/System.Text.Encodings.Web.dll
                 Private = 'false'
             /usr/lib64/dotnet/packs/Microsoft.NETCore.App.Ref/8.0.22/ref/net8.0/System.Text.Json.dll
                 Private = 'false'
             /usr/lib64/dotnet/packs/Microsoft.NETCore.App.Ref/8.0.22/ref/net8.0/System.Text.RegularExpressions.dll
                 Private = 'false'
             /usr/lib64/dotnet/packs/Microsoft.NETCore.App.Ref/8.0.22/ref/net8.0/System.Threading.Channels.dll
                 Private = 'false'
             /usr/lib64/dotnet/packs/Microsoft.NETCore.App.Ref/8.0.22/ref/net8.0/System.Threading.Overlapped.dll
                 Private = 'false'
             /usr/lib64/dotnet/packs/Microsoft.NETCore.App.Ref/8.0.22/ref/net8.0/System.Threading.Tasks.Dataflow.dll
                 Private = 'false'
             /usr/lib64/dotnet/packs/Microsoft.NETCore.App.Ref/8.0.22/ref/net8.0/System.Threading.Tasks.Extensions.dll
                 Private = 'false'
             /usr/lib64/dotnet/packs/Microsoft.NETCore.App.Ref/8.0.22/ref/net8.0/System.Threading.Tasks.Parallel.dll
                 Private = 'false'
             /usr/lib64/dotnet/packs/Microsoft.NETCore.App.Ref/8.0.22/ref/net8.0/System.Threading.Tasks.dll
                 Private = 'false'
             /usr/lib64/dotnet/packs/Microsoft.NETCore.App.Ref/8.0.22/ref/net8.0/System.Threading.Thread.dll
                 Private = 'false'
             /usr/lib64/dotnet/packs/Microsoft.NETCore.App.Ref/8.0.22/ref/net8.0/System.Threading.ThreadPool.dll
                 Private = 'false'
             /usr/lib64/dotnet/packs/Microsoft.NETCore.App.Ref/8.0.22/ref/net8.0/System.Threading.Timer.dll
                 Private = 'false'
             /usr/lib64/dotnet/packs/Microsoft.NETCore.App.Ref/8.0.22/ref/net8.0/System.Threading.dll
                 Private = 'false'
             /usr/lib64/dotnet/packs/Microsoft.NETCore.App.Ref/8.0.22/ref/net8.0/System.Transactions.Local.dll
                 Private = 'false'
             /usr/lib64/dotnet/packs/Microsoft.NETCore.App.Ref/8.0.22/ref/net8.0/System.Transactions.dll
                 Private = 'false'
             /usr/lib64/dotnet/packs/Microsoft.NETCore.App.Ref/8.0.22/ref/net8.0/System.ValueTuple.dll
                 Private = 'false'
             /usr/lib64/dotnet/packs/Microsoft.NETCore.App.Ref/8.0.22/ref/net8.0/System.Web.HttpUtility.dll
                 Private = 'false'
             /usr/lib64/dotnet/packs/Microsoft.NETCore.App.Ref/8.0.22/ref/net8.0/System.Web.dll
                 Private = 'false'
             /usr/lib64/dotnet/packs/Microsoft.NETCore.App.Ref/8.0.22/ref/net8.0/System.Windows.dll
                 Private = 'false'
             /usr/lib64/dotnet/packs/Microsoft.NETCore.App.Ref/8.0.22/ref/net8.0/System.Xml.Linq.dll
                 Private = 'false'
             /usr/lib64/dotnet/packs/Microsoft.NETCore.App.Ref/8.0.22/ref/net8.0/System.Xml.ReaderWriter.dll
                 Private = 'false'
             /usr/lib64/dotnet/packs/Microsoft.NETCore.App.Ref/8.0.22/ref/net8.0/System.Xml.Serialization.dll
                 Private = 'false'
             /usr/lib64/dotnet/packs/Microsoft.NETCore.App.Ref/8.0.22/ref/net8.0/System.Xml.XDocument.dll
                 Private = 'false'
             /usr/lib64/dotnet/packs/Microsoft.NETCore.App.Ref/8.0.22/ref/net8.0/System.Xml.XPath.XDocument.dll
                 Private = 'false'
             /usr/lib64/dotnet/packs/Microsoft.NETCore.App.Ref/8.0.22/ref/net8.0/System.Xml.XPath.dll
                 Private = 'false'
             /usr/lib64/dotnet/packs/Microsoft.NETCore.App.Ref/8.0.22/ref/net8.0/System.Xml.XmlDocument.dll
                 Private = 'false'
             /usr/lib64/dotnet/packs/Microsoft.NETCore.App.Ref/8.0.22/ref/net8.0/System.Xml.XmlSerializer.dll
                 Private = 'false'
             /usr/lib64/dotnet/packs/Microsoft.NETCore.App.Ref/8.0.22/ref/net8.0/System.Xml.dll
                 Private = 'false'
             /usr/lib64/dotnet/packs/Microsoft.NETCore.App.Ref/8.0.22/ref/net8.0/System.dll
                 Private = 'false'
             /usr/lib64/dotnet/packs/Microsoft.NETCore.App.Ref/8.0.22/ref/net8.0/WindowsBase.dll
                 Private = 'false'
             /usr/lib64/dotnet/packs/Microsoft.NETCore.App.Ref/8.0.22/ref/net8.0/mscorlib.dll
                 Private = 'false'
             /usr/lib64/dotnet/packs/Microsoft.NETCore.App.Ref/8.0.22/ref/net8.0/netstandard.dll
                 Private = 'false'
             /usr/lib64/dotnet/packs/Microsoft.AspNetCore.App.Ref/8.0.22/ref/net8.0/Microsoft.AspNetCore.Antiforgery.dll
                 Private = 'false'
             /usr/lib64/dotnet/packs/Microsoft.AspNetCore.App.Ref/8.0.22/ref/net8.0/Microsoft.AspNetCore.Authentication.Abstractions.dll
                 Private = 'false'
             /usr/lib64/dotnet/packs/Microsoft.AspNetCore.App.Ref/8.0.22/ref/net8.0/Microsoft.AspNetCore.Authentication.BearerToken.dll
                 Private = 'false'
             /usr/lib64/dotnet/packs/Microsoft.AspNetCore.App.Ref/8.0.22/ref/net8.0/Microsoft.AspNetCore.Authentication.Cookies.dll
                 Private = 'false'
             /usr/lib64/dotnet/packs/Microsoft.AspNetCore.App.Ref/8.0.22/ref/net8.0/Microsoft.AspNetCore.Authentication.Core.dll
                 Private = 'false'
             /usr/lib64/dotnet/packs/Microsoft.AspNetCore.App.Ref/8.0.22/ref/net8.0/Microsoft.AspNetCore.Authentication.OAuth.dll
                 Private = 'false'
             /usr/lib64/dotnet/packs/Microsoft.AspNetCore.App.Ref/8.0.22/ref/net8.0/Microsoft.AspNetCore.Authentication.dll
                 Private = 'false'
             /usr/lib64/dotnet/packs/Microsoft.AspNetCore.App.Ref/8.0.22/ref/net8.0/Microsoft.AspNetCore.Authorization.Policy.dll
                 Private = 'false'
             /usr/lib64/dotnet/packs/Microsoft.AspNetCore.App.Ref/8.0.22/ref/net8.0/Microsoft.AspNetCore.Authorization.dll
                 Private = 'false'
             /usr/lib64/dotnet/packs/Microsoft.AspNetCore.App.Ref/8.0.22/ref/net8.0/Microsoft.AspNetCore.Components.Authorization.dll
                 Private = 'false'
             /usr/lib64/dotnet/packs/Microsoft.AspNetCore.App.Ref/8.0.22/ref/net8.0/Microsoft.AspNetCore.Components.Endpoints.dll
                 Private = 'false'
             /usr/lib64/dotnet/packs/Microsoft.AspNetCore.App.Ref/8.0.22/ref/net8.0/Microsoft.AspNetCore.Components.Forms.dll
                 Private = 'false'
             /usr/lib64/dotnet/packs/Microsoft.AspNetCore.App.Ref/8.0.22/ref/net8.0/Microsoft.AspNetCore.Components.Server.dll
                 Private = 'false'
             /usr/lib64/dotnet/packs/Microsoft.AspNetCore.App.Ref/8.0.22/ref/net8.0/Microsoft.AspNetCore.Components.Web.dll
                 Private = 'false'
             /usr/lib64/dotnet/packs/Microsoft.AspNetCore.App.Ref/8.0.22/ref/net8.0/Microsoft.AspNetCore.Components.dll
                 Private = 'false'
             /usr/lib64/dotnet/packs/Microsoft.AspNetCore.App.Ref/8.0.22/ref/net8.0/Microsoft.AspNetCore.Connections.Abstractions.dll
                 Private = 'false'
             /usr/lib64/dotnet/packs/Microsoft.AspNetCore.App.Ref/8.0.22/ref/net8.0/Microsoft.AspNetCore.CookiePolicy.dll
                 Private = 'false'
             /usr/lib64/dotnet/packs/Microsoft.AspNetCore.App.Ref/8.0.22/ref/net8.0/Microsoft.AspNetCore.Cors.dll
                 Private = 'false'
             /usr/lib64/dotnet/packs/Microsoft.AspNetCore.App.Ref/8.0.22/ref/net8.0/Microsoft.AspNetCore.Cryptography.Internal.dll
                 Private = 'false'
             /usr/lib64/dotnet/packs/Microsoft.AspNetCore.App.Ref/8.0.22/ref/net8.0/Microsoft.AspNetCore.Cryptography.KeyDerivation.dll
                 Private = 'false'
             /usr/lib64/dotnet/packs/Microsoft.AspNetCore.App.Ref/8.0.22/ref/net8.0/Microsoft.AspNetCore.DataProtection.Abstractions.dll
                 Private = 'false'
             /usr/lib64/dotnet/packs/Microsoft.AspNetCore.App.Ref/8.0.22/ref/net8.0/Microsoft.AspNetCore.DataProtection.Extensions.dll
                 Private = 'false'
             /usr/lib64/dotnet/packs/Microsoft.AspNetCore.App.Ref/8.0.22/ref/net8.0/Microsoft.AspNetCore.DataProtection.dll
                 Private = 'false'
             /usr/lib64/dotnet/packs/Microsoft.AspNetCore.App.Ref/8.0.22/ref/net8.0/Microsoft.AspNetCore.Diagnostics.Abstractions.dll
                 Private = 'false'
             /usr/lib64/dotnet/packs/Microsoft.AspNetCore.App.Ref/8.0.22/ref/net8.0/Microsoft.AspNetCore.Diagnostics.HealthChecks.dll
                 Private = 'false'
             /usr/lib64/dotnet/packs/Microsoft.AspNetCore.App.Ref/8.0.22/ref/net8.0/Microsoft.AspNetCore.Diagnostics.dll
                 Private = 'false'
             /usr/lib64/dotnet/packs/Microsoft.AspNetCore.App.Ref/8.0.22/ref/net8.0/Microsoft.AspNetCore.HostFiltering.dll
                 Private = 'false'
             /usr/lib64/dotnet/packs/Microsoft.AspNetCore.App.Ref/8.0.22/ref/net8.0/Microsoft.AspNetCore.Hosting.Abstractions.dll
                 Private = 'false'
             /usr/lib64/dotnet/packs/Microsoft.AspNetCore.App.Ref/8.0.22/ref/net8.0/Microsoft.AspNetCore.Hosting.Server.Abstractions.dll
                 Private = 'false'
             /usr/lib64/dotnet/packs/Microsoft.AspNetCore.App.Ref/8.0.22/ref/net8.0/Microsoft.AspNetCore.Hosting.dll
                 Private = 'false'
             /usr/lib64/dotnet/packs/Microsoft.AspNetCore.App.Ref/8.0.22/ref/net8.0/Microsoft.AspNetCore.Html.Abstractions.dll
                 Private = 'false'
             /usr/lib64/dotnet/packs/Microsoft.AspNetCore.App.Ref/8.0.22/ref/net8.0/Microsoft.AspNetCore.Http.Abstractions.dll
                 Private = 'false'
             /usr/lib64/dotnet/packs/Microsoft.AspNetCore.App.Ref/8.0.22/ref/net8.0/Microsoft.AspNetCore.Http.Connections.Common.dll
                 Private = 'false'
             /usr/lib64/dotnet/packs/Microsoft.AspNetCore.App.Ref/8.0.22/ref/net8.0/Microsoft.AspNetCore.Http.Connections.dll
                 Private = 'false'
             /usr/lib64/dotnet/packs/Microsoft.AspNetCore.App.Ref/8.0.22/ref/net8.0/Microsoft.AspNetCore.Http.Extensions.dll
                 Private = 'false'
             /usr/lib64/dotnet/packs/Microsoft.AspNetCore.App.Ref/8.0.22/ref/net8.0/Microsoft.AspNetCore.Http.Features.dll
                 Private = 'false'
             /usr/lib64/dotnet/packs/Microsoft.AspNetCore.App.Ref/8.0.22/ref/net8.0/Microsoft.AspNetCore.Http.Results.dll
                 Private = 'false'
             /usr/lib64/dotnet/packs/Microsoft.AspNetCore.App.Ref/8.0.22/ref/net8.0/Microsoft.AspNetCore.Http.dll
                 Private = 'false'
             /usr/lib64/dotnet/packs/Microsoft.AspNetCore.App.Ref/8.0.22/ref/net8.0/Microsoft.AspNetCore.HttpLogging.dll
                 Private = 'false'
             /usr/lib64/dotnet/packs/Microsoft.AspNetCore.App.Ref/8.0.22/ref/net8.0/Microsoft.AspNetCore.HttpOverrides.dll
                 Private = 'false'
             /usr/lib64/dotnet/packs/Microsoft.AspNetCore.App.Ref/8.0.22/ref/net8.0/Microsoft.AspNetCore.HttpsPolicy.dll
                 Private = 'false'
             /usr/lib64/dotnet/packs/Microsoft.AspNetCore.App.Ref/8.0.22/ref/net8.0/Microsoft.AspNetCore.Identity.dll
                 Private = 'false'
             /usr/lib64/dotnet/packs/Microsoft.AspNetCore.App.Ref/8.0.22/ref/net8.0/Microsoft.AspNetCore.Localization.Routing.dll
                 Private = 'false'
             /usr/lib64/dotnet/packs/Microsoft.AspNetCore.App.Ref/8.0.22/ref/net8.0/Microsoft.AspNetCore.Localization.dll
                 Private = 'false'
             /usr/lib64/dotnet/packs/Microsoft.AspNetCore.App.Ref/8.0.22/ref/net8.0/Microsoft.AspNetCore.Metadata.dll
                 Private = 'false'
             /usr/lib64/dotnet/packs/Microsoft.AspNetCore.App.Ref/8.0.22/ref/net8.0/Microsoft.AspNetCore.Mvc.Abstractions.dll
                 Private = 'false'
             /usr/lib64/dotnet/packs/Microsoft.AspNetCore.App.Ref/8.0.22/ref/net8.0/Microsoft.AspNetCore.Mvc.ApiExplorer.dll
                 Private = 'false'
             /usr/lib64/dotnet/packs/Microsoft.AspNetCore.App.Ref/8.0.22/ref/net8.0/Microsoft.AspNetCore.Mvc.Core.dll
                 Private = 'false'
             /usr/lib64/dotnet/packs/Microsoft.AspNetCore.App.Ref/8.0.22/ref/net8.0/Microsoft.AspNetCore.Mvc.Cors.dll
                 Private = 'false'
             /usr/lib64/dotnet/packs/Microsoft.AspNetCore.App.Ref/8.0.22/ref/net8.0/Microsoft.AspNetCore.Mvc.DataAnnotations.dll
                 Private = 'false'
             /usr/lib64/dotnet/packs/Microsoft.AspNetCore.App.Ref/8.0.22/ref/net8.0/Microsoft.AspNetCore.Mvc.Formatters.Json.dll
                 Private = 'false'
             /usr/lib64/dotnet/packs/Microsoft.AspNetCore.App.Ref/8.0.22/ref/net8.0/Microsoft.AspNetCore.Mvc.Formatters.Xml.dll
                 Private = 'false'
             /usr/lib64/dotnet/packs/Microsoft.AspNetCore.App.Ref/8.0.22/ref/net8.0/Microsoft.AspNetCore.Mvc.Localization.dll
                 Private = 'false'
             /usr/lib64/dotnet/packs/Microsoft.AspNetCore.App.Ref/8.0.22/ref/net8.0/Microsoft.AspNetCore.Mvc.Razor.dll
                 Private = 'false'
             /usr/lib64/dotnet/packs/Microsoft.AspNetCore.App.Ref/8.0.22/ref/net8.0/Microsoft.AspNetCore.Mvc.RazorPages.dll
                 Private = 'false'
             /usr/lib64/dotnet/packs/Microsoft.AspNetCore.App.Ref/8.0.22/ref/net8.0/Microsoft.AspNetCore.Mvc.TagHelpers.dll
                 Private = 'false'
             /usr/lib64/dotnet/packs/Microsoft.AspNetCore.App.Ref/8.0.22/ref/net8.0/Microsoft.AspNetCore.Mvc.ViewFeatures.dll
                 Private = 'false'
             /usr/lib64/dotnet/packs/Microsoft.AspNetCore.App.Ref/8.0.22/ref/net8.0/Microsoft.AspNetCore.Mvc.dll
                 Private = 'false'
             /usr/lib64/dotnet/packs/Microsoft.AspNetCore.App.Ref/8.0.22/ref/net8.0/Microsoft.AspNetCore.OutputCaching.dll
                 Private = 'false'
             /usr/lib64/dotnet/packs/Microsoft.AspNetCore.App.Ref/8.0.22/ref/net8.0/Microsoft.AspNetCore.RateLimiting.dll
                 Private = 'false'
             /usr/lib64/dotnet/packs/Microsoft.AspNetCore.App.Ref/8.0.22/ref/net8.0/Microsoft.AspNetCore.Razor.Runtime.dll
                 Private = 'false'
             /usr/lib64/dotnet/packs/Microsoft.AspNetCore.App.Ref/8.0.22/ref/net8.0/Microsoft.AspNetCore.Razor.dll
                 Private = 'false'
             /usr/lib64/dotnet/packs/Microsoft.AspNetCore.App.Ref/8.0.22/ref/net8.0/Microsoft.AspNetCore.RequestDecompression.dll
                 Private = 'false'
             /usr/lib64/dotnet/packs/Microsoft.AspNetCore.App.Ref/8.0.22/ref/net8.0/Microsoft.AspNetCore.ResponseCaching.Abstractions.dll
                 Private = 'false'
             /usr/lib64/dotnet/packs/Microsoft.AspNetCore.App.Ref/8.0.22/ref/net8.0/Microsoft.AspNetCore.ResponseCaching.dll
                 Private = 'false'
             /usr/lib64/dotnet/packs/Microsoft.AspNetCore.App.Ref/8.0.22/ref/net8.0/Microsoft.AspNetCore.ResponseCompression.dll
                 Private = 'false'
             /usr/lib64/dotnet/packs/Microsoft.AspNetCore.App.Ref/8.0.22/ref/net8.0/Microsoft.AspNetCore.Rewrite.dll
                 Private = 'false'
             /usr/lib64/dotnet/packs/Microsoft.AspNetCore.App.Ref/8.0.22/ref/net8.0/Microsoft.AspNetCore.Routing.Abstractions.dll
                 Private = 'false'
             /usr/lib64/dotnet/packs/Microsoft.AspNetCore.App.Ref/8.0.22/ref/net8.0/Microsoft.AspNetCore.Routing.dll
                 Private = 'false'
             /usr/lib64/dotnet/packs/Microsoft.AspNetCore.App.Ref/8.0.22/ref/net8.0/Microsoft.AspNetCore.Server.HttpSys.dll
                 Private = 'false'
             /usr/lib64/dotnet/packs/Microsoft.AspNetCore.App.Ref/8.0.22/ref/net8.0/Microsoft.AspNetCore.Server.IIS.dll
                 Private = 'false'
             /usr/lib64/dotnet/packs/Microsoft.AspNetCore.App.Ref/8.0.22/ref/net8.0/Microsoft.AspNetCore.Server.IISIntegration.dll
                 Private = 'false'
             /usr/lib64/dotnet/packs/Microsoft.AspNetCore.App.Ref/8.0.22/ref/net8.0/Microsoft.AspNetCore.Server.Kestrel.Core.dll
                 Private = 'false'
             /usr/lib64/dotnet/packs/Microsoft.AspNetCore.App.Ref/8.0.22/ref/net8.0/Microsoft.AspNetCore.Server.Kestrel.Transport.NamedPipes.dll
                 Private = 'false'
             /usr/lib64/dotnet/packs/Microsoft.AspNetCore.App.Ref/8.0.22/ref/net8.0/Microsoft.AspNetCore.Server.Kestrel.Transport.Quic.dll
                 Private = 'false'
             /usr/lib64/dotnet/packs/Microsoft.AspNetCore.App.Ref/8.0.22/ref/net8.0/Microsoft.AspNetCore.Server.Kestrel.Transport.Sockets.dll
                 Private = 'false'
             /usr/lib64/dotnet/packs/Microsoft.AspNetCore.App.Ref/8.0.22/ref/net8.0/Microsoft.AspNetCore.Server.Kestrel.dll
                 Private = 'false'
             /usr/lib64/dotnet/packs/Microsoft.AspNetCore.App.Ref/8.0.22/ref/net8.0/Microsoft.AspNetCore.Session.dll
                 Private = 'false'
             /usr/lib64/dotnet/packs/Microsoft.AspNetCore.App.Ref/8.0.22/ref/net8.0/Microsoft.AspNetCore.SignalR.Common.dll
                 Private = 'false'
             /usr/lib64/dotnet/packs/Microsoft.AspNetCore.App.Ref/8.0.22/ref/net8.0/Microsoft.AspNetCore.SignalR.Core.dll
                 Private = 'false'
             /usr/lib64/dotnet/packs/Microsoft.AspNetCore.App.Ref/8.0.22/ref/net8.0/Microsoft.AspNetCore.SignalR.Protocols.Json.dll
                 Private = 'false'
             /usr/lib64/dotnet/packs/Microsoft.AspNetCore.App.Ref/8.0.22/ref/net8.0/Microsoft.AspNetCore.SignalR.dll
                 Private = 'false'
             /usr/lib64/dotnet/packs/Microsoft.AspNetCore.App.Ref/8.0.22/ref/net8.0/Microsoft.AspNetCore.StaticFiles.dll
                 Private = 'false'
             /usr/lib64/dotnet/packs/Microsoft.AspNetCore.App.Ref/8.0.22/ref/net8.0/Microsoft.AspNetCore.WebSockets.dll
                 Private = 'false'
             /usr/lib64/dotnet/packs/Microsoft.AspNetCore.App.Ref/8.0.22/ref/net8.0/Microsoft.AspNetCore.WebUtilities.dll
                 Private = 'false'
             /usr/lib64/dotnet/packs/Microsoft.AspNetCore.App.Ref/8.0.22/ref/net8.0/Microsoft.AspNetCore.dll
                 Private = 'false'
             /usr/lib64/dotnet/packs/Microsoft.AspNetCore.App.Ref/8.0.22/ref/net8.0/Microsoft.Extensions.Caching.Abstractions.dll
                 Private = 'false'
             /usr/lib64/dotnet/packs/Microsoft.AspNetCore.App.Ref/8.0.22/ref/net8.0/Microsoft.Extensions.Caching.Memory.dll
                 Private = 'false'
             /usr/lib64/dotnet/packs/Microsoft.AspNetCore.App.Ref/8.0.22/ref/net8.0/Microsoft.Extensions.Configuration.Abstractions.dll
                 Private = 'false'
             /usr/lib64/dotnet/packs/Microsoft.AspNetCore.App.Ref/8.0.22/ref/net8.0/Microsoft.Extensions.Configuration.Binder.dll
                 Private = 'false'
             /usr/lib64/dotnet/packs/Microsoft.AspNetCore.App.Ref/8.0.22/ref/net8.0/Microsoft.Extensions.Configuration.CommandLine.dll
                 Private = 'false'
             /usr/lib64/dotnet/packs/Microsoft.AspNetCore.App.Ref/8.0.22/ref/net8.0/Microsoft.Extensions.Configuration.EnvironmentVariables.dll
                 Private = 'false'
             /usr/lib64/dotnet/packs/Microsoft.AspNetCore.App.Ref/8.0.22/ref/net8.0/Microsoft.Extensions.Configuration.FileExtensions.dll
                 Private = 'false'
             /usr/lib64/dotnet/packs/Microsoft.AspNetCore.App.Ref/8.0.22/ref/net8.0/Microsoft.Extensions.Configuration.Ini.dll
                 Private = 'false'
             /usr/lib64/dotnet/packs/Microsoft.AspNetCore.App.Ref/8.0.22/ref/net8.0/Microsoft.Extensions.Configuration.Json.dll
                 Private = 'false'
             /usr/lib64/dotnet/packs/Microsoft.AspNetCore.App.Ref/8.0.22/ref/net8.0/Microsoft.Extensions.Configuration.KeyPerFile.dll
                 Private = 'false'
             /usr/lib64/dotnet/packs/Microsoft.AspNetCore.App.Ref/8.0.22/ref/net8.0/Microsoft.Extensions.Configuration.UserSecrets.dll
                 Private = 'false'
             /usr/lib64/dotnet/packs/Microsoft.AspNetCore.App.Ref/8.0.22/ref/net8.0/Microsoft.Extensions.Configuration.Xml.dll
                 Private = 'false'
             /usr/lib64/dotnet/packs/Microsoft.AspNetCore.App.Ref/8.0.22/ref/net8.0/Microsoft.Extensions.Configuration.dll
                 Private = 'false'
             /usr/lib64/dotnet/packs/Microsoft.AspNetCore.App.Ref/8.0.22/ref/net8.0/Microsoft.Extensions.DependencyInjection.Abstractions.dll
                 Private = 'false'
             /usr/lib64/dotnet/packs/Microsoft.AspNetCore.App.Ref/8.0.22/ref/net8.0/Microsoft.Extensions.DependencyInjection.dll
                 Private = 'false'
             /usr/lib64/dotnet/packs/Microsoft.AspNetCore.App.Ref/8.0.22/ref/net8.0/Microsoft.Extensions.Diagnostics.Abstractions.dll
                 Private = 'false'
             /usr/lib64/dotnet/packs/Microsoft.AspNetCore.App.Ref/8.0.22/ref/net8.0/Microsoft.Extensions.Diagnostics.HealthChecks.Abstractions.dll
                 Private = 'false'
             /usr/lib64/dotnet/packs/Microsoft.AspNetCore.App.Ref/8.0.22/ref/net8.0/Microsoft.Extensions.Diagnostics.HealthChecks.dll
                 Private = 'false'
             /usr/lib64/dotnet/packs/Microsoft.AspNetCore.App.Ref/8.0.22/ref/net8.0/Microsoft.Extensions.Diagnostics.dll
                 Private = 'false'
             /usr/lib64/dotnet/packs/Microsoft.AspNetCore.App.Ref/8.0.22/ref/net8.0/Microsoft.Extensions.Features.dll
                 Private = 'false'
             /usr/lib64/dotnet/packs/Microsoft.AspNetCore.App.Ref/8.0.22/ref/net8.0/Microsoft.Extensions.FileProviders.Abstractions.dll
                 Private = 'false'
             /usr/lib64/dotnet/packs/Microsoft.AspNetCore.App.Ref/8.0.22/ref/net8.0/Microsoft.Extensions.FileProviders.Composite.dll
                 Private = 'false'
             /usr/lib64/dotnet/packs/Microsoft.AspNetCore.App.Ref/8.0.22/ref/net8.0/Microsoft.Extensions.FileProviders.Embedded.dll
                 Private = 'false'
             /usr/lib64/dotnet/packs/Microsoft.AspNetCore.App.Ref/8.0.22/ref/net8.0/Microsoft.Extensions.FileProviders.Physical.dll
                 Private = 'false'
             /usr/lib64/dotnet/packs/Microsoft.AspNetCore.App.Ref/8.0.22/ref/net8.0/Microsoft.Extensions.FileSystemGlobbing.dll
                 Private = 'false'
             /usr/lib64/dotnet/packs/Microsoft.AspNetCore.App.Ref/8.0.22/ref/net8.0/Microsoft.Extensions.Hosting.Abstractions.dll
                 Private = 'false'
             /usr/lib64/dotnet/packs/Microsoft.AspNetCore.App.Ref/8.0.22/ref/net8.0/Microsoft.Extensions.Hosting.dll
                 Private = 'false'
             /usr/lib64/dotnet/packs/Microsoft.AspNetCore.App.Ref/8.0.22/ref/net8.0/Microsoft.Extensions.Http.dll
                 Private = 'false'
             /usr/lib64/dotnet/packs/Microsoft.AspNetCore.App.Ref/8.0.22/ref/net8.0/Microsoft.Extensions.Identity.Core.dll
                 Private = 'false'
             /usr/lib64/dotnet/packs/Microsoft.AspNetCore.App.Ref/8.0.22/ref/net8.0/Microsoft.Extensions.Identity.Stores.dll
                 Private = 'false'
             /usr/lib64/dotnet/packs/Microsoft.AspNetCore.App.Ref/8.0.22/ref/net8.0/Microsoft.Extensions.Localization.Abstractions.dll
                 Private = 'false'
             /usr/lib64/dotnet/packs/Microsoft.AspNetCore.App.Ref/8.0.22/ref/net8.0/Microsoft.Extensions.Localization.dll
                 Private = 'false'
             /usr/lib64/dotnet/packs/Microsoft.AspNetCore.App.Ref/8.0.22/ref/net8.0/Microsoft.Extensions.Logging.Abstractions.dll
                 Private = 'false'
             /usr/lib64/dotnet/packs/Microsoft.AspNetCore.App.Ref/8.0.22/ref/net8.0/Microsoft.Extensions.Logging.Configuration.dll
                 Private = 'false'
             /usr/lib64/dotnet/packs/Microsoft.AspNetCore.App.Ref/8.0.22/ref/net8.0/Microsoft.Extensions.Logging.Console.dll
                 Private = 'false'
             /usr/lib64/dotnet/packs/Microsoft.AspNetCore.App.Ref/8.0.22/ref/net8.0/Microsoft.Extensions.Logging.Debug.dll
                 Private = 'false'
             /usr/lib64/dotnet/packs/Microsoft.AspNetCore.App.Ref/8.0.22/ref/net8.0/Microsoft.Extensions.Logging.EventLog.dll
                 Private = 'false'
             /usr/lib64/dotnet/packs/Microsoft.AspNetCore.App.Ref/8.0.22/ref/net8.0/Microsoft.Extensions.Logging.EventSource.dll
                 Private = 'false'
             /usr/lib64/dotnet/packs/Microsoft.AspNetCore.App.Ref/8.0.22/ref/net8.0/Microsoft.Extensions.Logging.TraceSource.dll
                 Private = 'false'
             /usr/lib64/dotnet/packs/Microsoft.AspNetCore.App.Ref/8.0.22/ref/net8.0/Microsoft.Extensions.Logging.dll
                 Private = 'false'
             /usr/lib64/dotnet/packs/Microsoft.AspNetCore.App.Ref/8.0.22/ref/net8.0/Microsoft.Extensions.ObjectPool.dll
                 Private = 'false'
             /usr/lib64/dotnet/packs/Microsoft.AspNetCore.App.Ref/8.0.22/ref/net8.0/Microsoft.Extensions.Options.ConfigurationExtensions.dll
                 Private = 'false'
             /usr/lib64/dotnet/packs/Microsoft.AspNetCore.App.Ref/8.0.22/ref/net8.0/Microsoft.Extensions.Options.DataAnnotations.dll
                 Private = 'false'
             /usr/lib64/dotnet/packs/Microsoft.AspNetCore.App.Ref/8.0.22/ref/net8.0/Microsoft.Extensions.Options.dll
                 Private = 'false'
             /usr/lib64/dotnet/packs/Microsoft.AspNetCore.App.Ref/8.0.22/ref/net8.0/Microsoft.Extensions.Primitives.dll
                 Private = 'false'
             /usr/lib64/dotnet/packs/Microsoft.AspNetCore.App.Ref/8.0.22/ref/net8.0/Microsoft.Extensions.WebEncoders.dll
                 Private = 'false'
             /usr/lib64/dotnet/packs/Microsoft.AspNetCore.App.Ref/8.0.22/ref/net8.0/Microsoft.JSInterop.dll
                 Private = 'false'
             /usr/lib64/dotnet/packs/Microsoft.AspNetCore.App.Ref/8.0.22/ref/net8.0/Microsoft.Net.Http.Headers.dll
                 Private = 'false'
             /usr/lib64/dotnet/packs/Microsoft.AspNetCore.App.Ref/8.0.22/ref/net8.0/System.Diagnostics.EventLog.dll
                 Private = 'false'
             /usr/lib64/dotnet/packs/Microsoft.AspNetCore.App.Ref/8.0.22/ref/net8.0/System.IO.Pipelines.dll
                 Private = 'false'
             /usr/lib64/dotnet/packs/Microsoft.AspNetCore.App.Ref/8.0.22/ref/net8.0/System.Security.Cryptography.Xml.dll
                 Private = 'false'
             /usr/lib64/dotnet/packs/Microsoft.AspNetCore.App.Ref/8.0.22/ref/net8.0/System.Threading.RateLimiting.dll
                 Private = 'false'
         AssemblyFiles:
             /home/baturhan/Projeler/Entegrasyon/Application/Entegrasyon.Business/bin/Debug/net8.0/Entegrasyon.Business.dll
             /home/baturhan/Projeler/Entegrasyon/Application/Entegrasyon.ApplicationBootstrap/bin/Debug/net8.0/Entegrasyon.ApplicationBootstrap.dll
             /home/baturhan/Projeler/Entegrasyon/Application/Entegrasyon.MessageQueue/bin/Debug/net8.0/Entegrasyon.MessageQueue.Handler.dll
             /home/baturhan/Projeler/Entegrasyon/Application/Entegrasyon.DataAccess/bin/Debug/net8.0/Entegrasyon.DataAccess.dll
             /home/baturhan/Projeler/Entegrasyon/Application/Entegrasyon.Entity/bin/Debug/net8.0/Entegrasyon.Entity.dll
             /home/baturhan/Projeler/Entegrasyon/Application/Entegrasyon.MessageQueue.Commands/bin/Debug/net8.0/Entegrasyon.MessageQueue.Commands.dll
             /home/baturhan/Projeler/Entegrasyon/Shared/Shared/bin/Debug/net8.0/Shared.dll
         CandidateAssemblyFiles:
         TargetFrameworkDirectories:
             
         NonCultureResourceDirectories:
             
         InstalledAssemblyTables:
         IgnoreInstalledAssemblyTable:
             False
         SearchPaths:
             {CandidateAssemblyFiles}
             {HintPathFromItem}
             {TargetFrameworkDirectory}
             {RawFileName}
         AllowedAssemblyExtensions:
             .winmd
             .dll
             .exe
         AllowedRelatedFileExtensions:
             .pdb
             .xml
             .pri
             .dll.config
             .exe.config
         AppConfigFile:
             
         AutoUnify:
             True
         EnableCustomCulture:
             False
         EnableCustomCulture:
             False
         CopyLocalDependenciesWhenParentReferenceInGac:
             True
         FindDependencies:
             True
         TargetProcessorArchitecture:
             msil
         StateFile:
             obj/Debug/net8.0/Entegrasyon.Blazor.csproj.AssemblyReference.cache
         InstalledAssemblySubsetTables:
         IgnoreInstalledAssemblySubsetTable:
             False
         TargetFrameworkSubsets:
         FullTargetFrameworkSubsetNames:
             Full
         ProfileName:
             
         FullFrameworkFolders:
         LatestTargetFrameworkDirectories:
         ProfileTablesLocation:
         Primary reference "Entegrasyon.Business, Version=1.0.0.0, Culture=neutral, PublicKeyToken=null".
             Resolved file path is "/home/baturhan/Projeler/Entegrasyon/Application/Entegrasyon.Business/bin/Debug/net8.0/Entegrasyon.Business.dll".
             Reference found at search path location "/home/baturhan/Projeler/Entegrasyon/Application/Entegrasyon.Business/bin/Debug/net8.0/Entegrasyon.Business.dll".
             Found related file "/home/baturhan/Projeler/Entegrasyon/Application/Entegrasyon.Business/bin/Debug/net8.0/Entegrasyon.Business.pdb".
             Found satellite file "en/Entegrasyon.Business.resources.dll".
             Found satellite file "tr/Entegrasyon.Business.resources.dll".
             The ImageRuntimeVersion for this reference is "".
         Primary reference "Entegrasyon.ApplicationBootstrap, Version=1.0.0.0, Culture=neutral, PublicKeyToken=null".
             Resolved file path is "/home/baturhan/Projeler/Entegrasyon/Application/Entegrasyon.ApplicationBootstrap/bin/Debug/net8.0/Entegrasyon.ApplicationBootstrap.dll".
             Reference found at search path location "/home/baturhan/Projeler/Entegrasyon/Application/Entegrasyon.ApplicationBootstrap/bin/Debug/net8.0/Entegrasyon.ApplicationBootstrap.dll".
             Found related file "/home/baturhan/Projeler/Entegrasyon/Application/Entegrasyon.ApplicationBootstrap/bin/Debug/net8.0/Entegrasyon.ApplicationBootstrap.pdb".
             The ImageRuntimeVersion for this reference is "".
         Primary reference "Entegrasyon.MessageQueue.Handler, Version=1.0.0.0, Culture=neutral, PublicKeyToken=null".
             Resolved file path is "/home/baturhan/Projeler/Entegrasyon/Application/Entegrasyon.MessageQueue/bin/Debug/net8.0/Entegrasyon.MessageQueue.Handler.dll".
             Reference found at search path location "/home/baturhan/Projeler/Entegrasyon/Application/Entegrasyon.MessageQueue/bin/Debug/net8.0/Entegrasyon.MessageQueue.Handler.dll".
             Found related file "/home/baturhan/Projeler/Entegrasyon/Application/Entegrasyon.MessageQueue/bin/Debug/net8.0/Entegrasyon.MessageQueue.Handler.pdb".
             The ImageRuntimeVersion for this reference is "".
         Primary reference "Entegrasyon.DataAccess, Version=1.0.0.0, Culture=neutral, PublicKeyToken=null".
             Resolved file path is "/home/baturhan/Projeler/Entegrasyon/Application/Entegrasyon.DataAccess/bin/Debug/net8.0/Entegrasyon.DataAccess.dll".
             Reference found at search path location "/home/baturhan/Projeler/Entegrasyon/Application/Entegrasyon.DataAccess/bin/Debug/net8.0/Entegrasyon.DataAccess.dll".
             Found related file "/home/baturhan/Projeler/Entegrasyon/Application/Entegrasyon.DataAccess/bin/Debug/net8.0/Entegrasyon.DataAccess.pdb".
             The ImageRuntimeVersion for this reference is "".
         Primary reference "Entegrasyon.Entity, Version=1.0.0.0, Culture=neutral, PublicKeyToken=null".
             Resolved file path is "/home/baturhan/Projeler/Entegrasyon/Application/Entegrasyon.Entity/bin/Debug/net8.0/Entegrasyon.Entity.dll".
             Reference found at search path location "/home/baturhan/Projeler/Entegrasyon/Application/Entegrasyon.Entity/bin/Debug/net8.0/Entegrasyon.Entity.dll".
             Found related file "/home/baturhan/Projeler/Entegrasyon/Application/Entegrasyon.Entity/bin/Debug/net8.0/Entegrasyon.Entity.pdb".
             The ImageRuntimeVersion for this reference is "".
         Primary reference "Entegrasyon.MessageQueue.Commands, Version=1.0.0.0, Culture=neutral, PublicKeyToken=null".
             Resolved file path is "/home/baturhan/Projeler/Entegrasyon/Application/Entegrasyon.MessageQueue.Commands/bin/Debug/net8.0/Entegrasyon.MessageQueue.Commands.dll".
             Reference found at search path location "/home/baturhan/Projeler/Entegrasyon/Application/Entegrasyon.MessageQueue.Commands/bin/Debug/net8.0/Entegrasyon.MessageQueue.Commands.dll".
             Found related file "/home/baturhan/Projeler/Entegrasyon/Application/Entegrasyon.MessageQueue.Commands/bin/Debug/net8.0/Entegrasyon.MessageQueue.Commands.pdb".
             The ImageRuntimeVersion for this reference is "".
         Primary reference "Shared, Version=1.0.0.0, Culture=neutral, PublicKeyToken=null".
             Resolved file path is "/home/baturhan/Projeler/Entegrasyon/Shared/Shared/bin/Debug/net8.0/Shared.dll".
             Reference found at search path location "/home/baturhan/Projeler/Entegrasyon/Shared/Shared/bin/Debug/net8.0/Shared.dll".
             Found related file "/home/baturhan/Projeler/Entegrasyon/Shared/Shared/bin/Debug/net8.0/Shared.pdb".
             The ImageRuntimeVersion for this reference is "".
         Primary reference "Castle.Core, Version=5.0.0.0, Culture=neutral, PublicKeyToken=407dd0808d44fbdc".
             Resolved file path is "/home/baturhan/.nuget/packages/castle.core/5.1.1/lib/net6.0/Castle.Core.dll".
             Reference found at search path location "{HintPathFromItem}".
             This reference is not "CopyLocal" because at least one source item had "Private" set to "false" and no source items had "Private" set to "true".
             The ImageRuntimeVersion for this reference is "".
         Primary reference "FluentValidation, Version=11.0.0.0, Culture=neutral, PublicKeyToken=7de548da2fbae0f0".
             Resolved file path is "/home/baturhan/.nuget/packages/fluentvalidation/11.9.0/lib/net8.0/FluentValidation.dll".
             Reference found at search path location "{HintPathFromItem}".
             This reference is not "CopyLocal" because at least one source item had "Private" set to "false" and no source items had "Private" set to "true".
             The ImageRuntimeVersion for this reference is "".
         Primary reference "Mapster, Version=7.4.0.0, Culture=neutral, PublicKeyToken=2f39883af23c29a8".
             Resolved file path is "/home/baturhan/.nuget/packages/mapster/7.4.0/lib/net7.0/Mapster.dll".
             Reference found at search path location "{HintPathFromItem}".
             This reference is not "CopyLocal" because at least one source item had "Private" set to "false" and no source items had "Private" set to "true".
             The ImageRuntimeVersion for this reference is "".
         Primary reference "Mapster.Core, Version=1.2.1.0, Culture=neutral, PublicKeyToken=e64997d676a9c1d3".
             Resolved file path is "/home/baturhan/.nuget/packages/mapster.core/1.2.1/lib/net7.0/Mapster.Core.dll".
             Reference found at search path location "{HintPathFromItem}".
             This reference is not "CopyLocal" because at least one source item had "Private" set to "false" and no source items had "Private" set to "true".
             The ImageRuntimeVersion for this reference is "".
         Primary reference "Mapster.DependencyInjection, Version=1.0.1.0, Culture=neutral, PublicKeyToken=e64997d676a9c1d3".
             Resolved file path is "/home/baturhan/.nuget/packages/mapster.dependencyinjection/1.0.1/lib/net7.0/Mapster.DependencyInjection.dll".
             Reference found at search path location "{HintPathFromItem}".
             This reference is not "CopyLocal" because at least one source item had "Private" set to "false" and no source items had "Private" set to "true".
             The ImageRuntimeVersion for this reference is "".
         Primary reference "Microsoft.CodeAnalysis, Version=4.13.0.0, Culture=neutral, PublicKeyToken=31bf3856ad364e35".
             Resolved file path is "/home/baturhan/.nuget/packages/microsoft.codeanalysis.common/4.13.0/lib/net8.0/Microsoft.CodeAnalysis.dll".
             Reference found at search path location "{HintPathFromItem}".
             This reference is not "CopyLocal" because at least one source item had "Private" set to "false" and no source items had "Private" set to "true".
             The ImageRuntimeVersion for this reference is "".
         Primary reference "Microsoft.CodeAnalysis.CSharp, Version=4.13.0.0, Culture=neutral, PublicKeyToken=31bf3856ad364e35".
             Resolved file path is "/home/baturhan/.nuget/packages/microsoft.codeanalysis.csharp/4.13.0/lib/net8.0/Microsoft.CodeAnalysis.CSharp.dll".
             Reference found at search path location "{HintPathFromItem}".
             This reference is not "CopyLocal" because at least one source item had "Private" set to "false" and no source items had "Private" set to "true".
             The ImageRuntimeVersion for this reference is "".
         Primary reference "Microsoft.CodeAnalysis.CSharp.Workspaces, Version=4.13.0.0, Culture=neutral, PublicKeyToken=31bf3856ad364e35".
             Resolved file path is "/home/baturhan/.nuget/packages/microsoft.codeanalysis.csharp.workspaces/4.13.0/lib/net8.0/Microsoft.CodeAnalysis.CSharp.Workspaces.dll".
             Reference found at search path location "{HintPathFromItem}".
             This reference is not "CopyLocal" because at least one source item had "Private" set to "false" and no source items had "Private" set to "true".
             The ImageRuntimeVersion for this reference is "".
         Primary reference "Microsoft.CodeAnalysis.Scripting, Version=4.13.0.0, Culture=neutral, PublicKeyToken=31bf3856ad364e35".
             Resolved file path is "/home/baturhan/.nuget/packages/microsoft.codeanalysis.scripting.common/4.13.0/lib/net8.0/Microsoft.CodeAnalysis.Scripting.dll".
             Reference found at search path location "{HintPathFromItem}".
             This reference is not "CopyLocal" because at least one source item had "Private" set to "false" and no source items had "Private" set to "true".
             The ImageRuntimeVersion for this reference is "".
         Primary reference "Microsoft.CodeAnalysis.Workspaces, Version=4.13.0.0, Culture=neutral, PublicKeyToken=31bf3856ad364e35".
             Resolved file path is "/home/baturhan/.nuget/packages/microsoft.codeanalysis.workspaces.common/4.13.0/lib/net8.0/Microsoft.CodeAnalysis.Workspaces.dll".
             Reference found at search path location "{HintPathFromItem}".
             This reference is not "CopyLocal" because at least one source item had "Private" set to "false" and no source items had "Private" set to "true".
             The ImageRuntimeVersion for this reference is "".
         Primary reference "Microsoft.EntityFrameworkCore, Version=8.0.15.0, Culture=neutral, PublicKeyToken=adb9793829ddae60".
             Resolved file path is "/home/baturhan/.nuget/packages/microsoft.entityframeworkcore/8.0.15/lib/net8.0/Microsoft.EntityFrameworkCore.dll".
             Reference found at search path location "{HintPathFromItem}".
             This reference is not "CopyLocal" because at least one source item had "Private" set to "false" and no source items had "Private" set to "true".
             The ImageRuntimeVersion for this reference is "".
         Primary reference "Microsoft.EntityFrameworkCore.Abstractions, Version=8.0.15.0, Culture=neutral, PublicKeyToken=adb9793829ddae60".
             Resolved file path is "/home/baturhan/.nuget/packages/microsoft.entityframeworkcore.abstractions/8.0.15/lib/net8.0/Microsoft.EntityFrameworkCore.Abstractions.dll".
             Reference found at search path location "{HintPathFromItem}".
             This reference is not "CopyLocal" because at least one source item had "Private" set to "false" and no source items had "Private" set to "true".
             The ImageRuntimeVersion for this reference is "".
         Primary reference "Microsoft.EntityFrameworkCore.InMemory, Version=8.0.15.0, Culture=neutral, PublicKeyToken=adb9793829ddae60".
             Resolved file path is "/home/baturhan/.nuget/packages/microsoft.entityframeworkcore.inmemory/8.0.15/lib/net8.0/Microsoft.EntityFrameworkCore.InMemory.dll".
             Reference found at search path location "{HintPathFromItem}".
             This reference is not "CopyLocal" because at least one source item had "Private" set to "false" and no source items had "Private" set to "true".
             The ImageRuntimeVersion for this reference is "".
         Primary reference "Microsoft.EntityFrameworkCore.Proxies, Version=8.0.15.0, Culture=neutral, PublicKeyToken=adb9793829ddae60".
             Resolved file path is "/home/baturhan/.nuget/packages/microsoft.entityframeworkcore.proxies/8.0.15/lib/net8.0/Microsoft.EntityFrameworkCore.Proxies.dll".
             Reference found at search path location "{HintPathFromItem}".
             This reference is not "CopyLocal" because at least one source item had "Private" set to "false" and no source items had "Private" set to "true".
             The ImageRuntimeVersion for this reference is "".
         Primary reference "Microsoft.EntityFrameworkCore.Relational, Version=8.0.15.0, Culture=neutral, PublicKeyToken=adb9793829ddae60".
             Resolved file path is "/home/baturhan/.nuget/packages/microsoft.entityframeworkcore.relational/8.0.15/lib/net8.0/Microsoft.EntityFrameworkCore.Relational.dll".
             Reference found at search path location "{HintPathFromItem}".
             This reference is not "CopyLocal" because at least one source item had "Private" set to "false" and no source items had "Private" set to "true".
             The ImageRuntimeVersion for this reference is "".
         Primary reference "Microsoft.Extensions.Caching.StackExchangeRedis, Version=8.0.15.0, Culture=neutral, PublicKeyToken=adb9793829ddae60".
             Resolved file path is "/home/baturhan/.nuget/packages/microsoft.extensions.caching.stackexchangeredis/8.0.15/lib/net8.0/Microsoft.Extensions.Caching.StackExchangeRedis.dll".
             Reference found at search path location "{HintPathFromItem}".
             This reference is not "CopyLocal" because at least one source item had "Private" set to "false" and no source items had "Private" set to "true".
             The ImageRuntimeVersion for this reference is "".
         Primary reference "Microsoft.Extensions.DependencyModel, Version=8.0.0.2, Culture=neutral, PublicKeyToken=adb9793829ddae60".
             Resolved file path is "/home/baturhan/.nuget/packages/microsoft.extensions.dependencymodel/8.0.2/lib/net8.0/Microsoft.Extensions.DependencyModel.dll".
             Reference found at search path location "{HintPathFromItem}".
             This reference is not "CopyLocal" because at least one source item had "Private" set to "false" and no source items had "Private" set to "true".
             The ImageRuntimeVersion for this reference is "".
         Primary reference "Microsoft.IdentityModel.Abstractions, Version=7.4.0.0, Culture=neutral, PublicKeyToken=31bf3856ad364e35".
             Resolved file path is "/home/baturhan/.nuget/packages/microsoft.identitymodel.abstractions/7.4.0/lib/net8.0/Microsoft.IdentityModel.Abstractions.dll".
             Reference found at search path location "{HintPathFromItem}".
             This reference is not "CopyLocal" because at least one source item had "Private" set to "false" and no source items had "Private" set to "true".
             The ImageRuntimeVersion for this reference is "".
         Primary reference "Microsoft.IdentityModel.JsonWebTokens, Version=7.4.0.0, Culture=neutral, PublicKeyToken=31bf3856ad364e35".
             Resolved file path is "/home/baturhan/.nuget/packages/microsoft.identitymodel.jsonwebtokens/7.4.0/lib/net8.0/Microsoft.IdentityModel.JsonWebTokens.dll".
             Reference found at search path location "{HintPathFromItem}".
             This reference is not "CopyLocal" because at least one source item had "Private" set to "false" and no source items had "Private" set to "true".
             The ImageRuntimeVersion for this reference is "".
         Primary reference "Microsoft.IdentityModel.Logging, Version=7.4.0.0, Culture=neutral, PublicKeyToken=31bf3856ad364e35".
             Resolved file path is "/home/baturhan/.nuget/packages/microsoft.identitymodel.logging/7.4.0/lib/net8.0/Microsoft.IdentityModel.Logging.dll".
             Reference found at search path location "{HintPathFromItem}".
             This reference is not "CopyLocal" because at least one source item had "Private" set to "false" and no source items had "Private" set to "true".
             The ImageRuntimeVersion for this reference is "".
         Primary reference "Microsoft.IdentityModel.Tokens, Version=7.4.0.0, Culture=neutral, PublicKeyToken=31bf3856ad364e35".
             Resolved file path is "/home/baturhan/.nuget/packages/microsoft.identitymodel.tokens/7.4.0/lib/net8.0/Microsoft.IdentityModel.Tokens.dll".
             Reference found at search path location "{HintPathFromItem}".
             This reference is not "CopyLocal" because at least one source item had "Private" set to "false" and no source items had "Private" set to "true".
             The ImageRuntimeVersion for this reference is "".
         Primary reference "MudBlazor, Version=8.15.0.0, Culture=neutral, PublicKeyToken=null".
             Resolved file path is "/home/baturhan/.nuget/packages/mudblazor/8.15.0/lib/net8.0/MudBlazor.dll".
             Reference found at search path location "{HintPathFromItem}".
             This reference is not "CopyLocal" because at least one source item had "Private" set to "false" and no source items had "Private" set to "true".
             The ImageRuntimeVersion for this reference is "".
         Primary reference "Newtonsoft.Json, Version=13.0.0.0, Culture=neutral, PublicKeyToken=30ad4fe6b2a6aeed".
             Resolved file path is "/home/baturhan/.nuget/packages/newtonsoft.json/13.0.3/lib/net6.0/Newtonsoft.Json.dll".
             Reference found at search path location "{HintPathFromItem}".
             This reference is not "CopyLocal" because at least one source item had "Private" set to "false" and no source items had "Private" set to "true".
             The ImageRuntimeVersion for this reference is "".
         Primary reference "Npgsql, Version=8.0.6.0, Culture=neutral, PublicKeyToken=5d8b90d52f46fda7".
             Resolved file path is "/home/baturhan/.nuget/packages/npgsql/8.0.6/lib/net8.0/Npgsql.dll".
             Reference found at search path location "{HintPathFromItem}".
             This reference is not "CopyLocal" because at least one source item had "Private" set to "false" and no source items had "Private" set to "true".
             The ImageRuntimeVersion for this reference is "".
         Primary reference "Npgsql.EntityFrameworkCore.PostgreSQL, Version=8.0.11.0, Culture=neutral, PublicKeyToken=5d8b90d52f46fda7".
             Resolved file path is "/home/baturhan/.nuget/packages/npgsql.entityframeworkcore.postgresql/8.0.11/lib/net8.0/Npgsql.EntityFrameworkCore.PostgreSQL.dll".
             Reference found at search path location "{HintPathFromItem}".
             This reference is not "CopyLocal" because at least one source item had "Private" set to "false" and no source items had "Private" set to "true".
             The ImageRuntimeVersion for this reference is "".
         Primary reference "Pipelines.Sockets.Unofficial, Version=1.0.0.0, Culture=neutral, PublicKeyToken=42ea0a778e13fbe2".
             Resolved file path is "/home/baturhan/.nuget/packages/pipelines.sockets.unofficial/2.2.8/lib/net5.0/Pipelines.Sockets.Unofficial.dll".
             Reference found at search path location "{HintPathFromItem}".
             This reference is not "CopyLocal" because at least one source item had "Private" set to "false" and no source items had "Private" set to "true".
             The ImageRuntimeVersion for this reference is "".
         Primary reference "Serilog, Version=2.0.0.0, Culture=neutral, PublicKeyToken=24c2f752a8e58a10".
             Resolved file path is "/home/baturhan/.nuget/packages/serilog/3.1.1/lib/net7.0/Serilog.dll".
             Reference found at search path location "{HintPathFromItem}".
             This reference is not "CopyLocal" because at least one source item had "Private" set to "false" and no source items had "Private" set to "true".
             The ImageRuntimeVersion for this reference is "".
         Primary reference "Serilog.AspNetCore, Version=8.0.1.0, Culture=neutral, PublicKeyToken=24c2f752a8e58a10".
             Resolved file path is "/home/baturhan/.nuget/packages/serilog.aspnetcore/8.0.1/lib/net8.0/Serilog.AspNetCore.dll".
             Reference found at search path location "{HintPathFromItem}".
             This reference is not "CopyLocal" because at least one source item had "Private" set to "false" and no source items had "Private" set to "true".
             The ImageRuntimeVersion for this reference is "".
         Primary reference "Serilog.Extensions.Hosting, Version=7.0.0.0, Culture=neutral, PublicKeyToken=24c2f752a8e58a10".
             Resolved file path is "/home/baturhan/.nuget/packages/serilog.extensions.hosting/8.0.0/lib/net8.0/Serilog.Extensions.Hosting.dll".
             Reference found at search path location "{HintPathFromItem}".
             This reference is not "CopyLocal" because at least one source item had "Private" set to "false" and no source items had "Private" set to "true".
             The ImageRuntimeVersion for this reference is "".
         Primary reference "Serilog.Extensions.Logging, Version=7.0.0.0, Culture=neutral, PublicKeyToken=24c2f752a8e58a10".
             Resolved file path is "/home/baturhan/.nuget/packages/serilog.extensions.logging/8.0.0/lib/net8.0/Serilog.Extensions.Logging.dll".
             Reference found at search path location "{HintPathFromItem}".
             This reference is not "CopyLocal" because at least one source item had "Private" set to "false" and no source items had "Private" set to "true".
             The ImageRuntimeVersion for this reference is "".
         Primary reference "Serilog.Formatting.Compact, Version=2.0.0.0, Culture=neutral, PublicKeyToken=24c2f752a8e58a10".
             Resolved file path is "/home/baturhan/.nuget/packages/serilog.formatting.compact/2.0.0/lib/net7.0/Serilog.Formatting.Compact.dll".
             Reference found at search path location "{HintPathFromItem}".
             This reference is not "CopyLocal" because at least one source item had "Private" set to "false" and no source items had "Private" set to "true".
             The ImageRuntimeVersion for this reference is "".
         Primary reference "Serilog.Settings.Configuration, Version=8.0.0.0, Culture=neutral, PublicKeyToken=24c2f752a8e58a10".
             Resolved file path is "/home/baturhan/.nuget/packages/serilog.settings.configuration/8.0.0/lib/net8.0/Serilog.Settings.Configuration.dll".
             Reference found at search path location "{HintPathFromItem}".
             This reference is not "CopyLocal" because at least one source item had "Private" set to "false" and no source items had "Private" set to "true".
             The ImageRuntimeVersion for this reference is "".
         Primary reference "Serilog.Sinks.Console, Version=5.0.1.0, Culture=neutral, PublicKeyToken=24c2f752a8e58a10".
             Resolved file path is "/home/baturhan/.nuget/packages/serilog.sinks.console/5.0.1/lib/net7.0/Serilog.Sinks.Console.dll".
             Reference found at search path location "{HintPathFromItem}".
             This reference is not "CopyLocal" because at least one source item had "Private" set to "false" and no source items had "Private" set to "true".
             The ImageRuntimeVersion for this reference is "".
         Primary reference "Serilog.Sinks.Debug, Version=2.0.0.0, Culture=neutral, PublicKeyToken=24c2f752a8e58a10".
             Resolved file path is "/home/baturhan/.nuget/packages/serilog.sinks.debug/2.0.0/lib/netstandard2.1/Serilog.Sinks.Debug.dll".
             Reference found at search path location "{HintPathFromItem}".
             This reference is not "CopyLocal" because at least one source item had "Private" set to "false" and no source items had "Private" set to "true".
             The ImageRuntimeVersion for this reference is "".
         Primary reference "Serilog.Sinks.File, Version=5.0.0.0, Culture=neutral, PublicKeyToken=24c2f752a8e58a10".
             Resolved file path is "/home/baturhan/.nuget/packages/serilog.sinks.file/5.0.0/lib/net5.0/Serilog.Sinks.File.dll".
             Reference found at search path location "{HintPathFromItem}".
             This reference is not "CopyLocal" because at least one source item had "Private" set to "false" and no source items had "Private" set to "true".
             The ImageRuntimeVersion for this reference is "".
         Primary reference "StackExchange.Redis, Version=2.0.0.0, Culture=neutral, PublicKeyToken=c219ff1ca8c2ce46".
             Resolved file path is "/home/baturhan/.nuget/packages/stackexchange.redis/2.7.27/lib/net6.0/StackExchange.Redis.dll".
             Reference found at search path location "{HintPathFromItem}".
             This reference is not "CopyLocal" because at least one source item had "Private" set to "false" and no source items had "Private" set to "true".
             The ImageRuntimeVersion for this reference is "".
         Primary reference "System.Composition.AttributedModel, Version=8.0.0.0, Culture=neutral, PublicKeyToken=b03f5f7f11d50a3a".
             Resolved file path is "/home/baturhan/.nuget/packages/system.composition.attributedmodel/8.0.0/lib/net8.0/System.Composition.AttributedModel.dll".
             Reference found at search path location "{HintPathFromItem}".
             This reference is not "CopyLocal" because at least one source item had "Private" set to "false" and no source items had "Private" set to "true".
             The ImageRuntimeVersion for this reference is "".
         Primary reference "System.Composition.Convention, Version=8.0.0.0, Culture=neutral, PublicKeyToken=b03f5f7f11d50a3a".
             Resolved file path is "/home/baturhan/.nuget/packages/system.composition.convention/8.0.0/lib/net8.0/System.Composition.Convention.dll".
             Reference found at search path location "{HintPathFromItem}".
             This reference is not "CopyLocal" because at least one source item had "Private" set to "false" and no source items had "Private" set to "true".
             The ImageRuntimeVersion for this reference is "".
         Primary reference "System.Composition.Hosting, Version=8.0.0.0, Culture=neutral, PublicKeyToken=b03f5f7f11d50a3a".
             Resolved file path is "/home/baturhan/.nuget/packages/system.composition.hosting/8.0.0/lib/net8.0/System.Composition.Hosting.dll".
             Reference found at search path location "{HintPathFromItem}".
             This reference is not "CopyLocal" because at least one source item had "Private" set to "false" and no source items had "Private" set to "true".
             The ImageRuntimeVersion for this reference is "".
         Primary reference "System.Composition.Runtime, Version=8.0.0.0, Culture=neutral, PublicKeyToken=b03f5f7f11d50a3a".
             Resolved file path is "/home/baturhan/.nuget/packages/system.composition.runtime/8.0.0/lib/net8.0/System.Composition.Runtime.dll".
             Reference found at search path location "{HintPathFromItem}".
             This reference is not "CopyLocal" because at least one source item had "Private" set to "false" and no source items had "Private" set to "true".
             The ImageRuntimeVersion for this reference is "".
         Primary reference "System.Composition.TypedParts, Version=8.0.0.0, Culture=neutral, PublicKeyToken=b03f5f7f11d50a3a".
             Resolved file path is "/home/baturhan/.nuget/packages/system.composition.typedparts/8.0.0/lib/net8.0/System.Composition.TypedParts.dll".
             Reference found at search path location "{HintPathFromItem}".
             This reference is not "CopyLocal" because at least one source item had "Private" set to "false" and no source items had "Private" set to "true".
             The ImageRuntimeVersion for this reference is "".
         Primary reference "System.IdentityModel.Tokens.Jwt, Version=7.4.0.0, Culture=neutral, PublicKeyToken=31bf3856ad364e35".
             Resolved file path is "/home/baturhan/.nuget/packages/system.identitymodel.tokens.jwt/7.4.0/lib/net8.0/System.IdentityModel.Tokens.Jwt.dll".
             Reference found at search path location "{HintPathFromItem}".
             This reference is not "CopyLocal" because at least one source item had "Private" set to "false" and no source items had "Private" set to "true".
             The ImageRuntimeVersion for this reference is "".
         Primary reference "Microsoft.CSharp, Version=8.0.0.0, Culture=neutral, PublicKeyToken=b03f5f7f11d50a3a".
             Resolved file path is "/usr/lib64/dotnet/packs/Microsoft.NETCore.App.Ref/8.0.22/ref/net8.0/Microsoft.CSharp.dll".
             Reference found at search path location "{RawFileName}".
             This reference is not "CopyLocal" because at least one source item had "Private" set to "false" and no source items had "Private" set to "true".
             The ImageRuntimeVersion for this reference is "".
         Primary reference "Microsoft.VisualBasic.Core, Version=13.0.0.0, Culture=neutral, PublicKeyToken=b03f5f7f11d50a3a".
             Resolved file path is "/usr/lib64/dotnet/packs/Microsoft.NETCore.App.Ref/8.0.22/ref/net8.0/Microsoft.VisualBasic.Core.dll".
             Reference found at search path location "{RawFileName}".
             This reference is not "CopyLocal" because at least one source item had "Private" set to "false" and no source items had "Private" set to "true".
             The ImageRuntimeVersion for this reference is "".
         Primary reference "Microsoft.VisualBasic, Version=10.0.0.0, Culture=neutral, PublicKeyToken=b03f5f7f11d50a3a".
             Resolved file path is "/usr/lib64/dotnet/packs/Microsoft.NETCore.App.Ref/8.0.22/ref/net8.0/Microsoft.VisualBasic.dll".
             Reference found at search path location "{RawFileName}".
             This reference is not "CopyLocal" because at least one source item had "Private" set to "false" and no source items had "Private" set to "true".
             The ImageRuntimeVersion for this reference is "".
         Primary reference "Microsoft.Win32.Primitives, Version=8.0.0.0, Culture=neutral, PublicKeyToken=b03f5f7f11d50a3a".
             Resolved file path is "/usr/lib64/dotnet/packs/Microsoft.NETCore.App.Ref/8.0.22/ref/net8.0/Microsoft.Win32.Primitives.dll".
             Reference found at search path location "{RawFileName}".
             This reference is not "CopyLocal" because at least one source item had "Private" set to "false" and no source items had "Private" set to "true".
             The ImageRuntimeVersion for this reference is "".
         Primary reference "Microsoft.Win32.Registry, Version=8.0.0.0, Culture=neutral, PublicKeyToken=b03f5f7f11d50a3a".
             Resolved file path is "/usr/lib64/dotnet/packs/Microsoft.NETCore.App.Ref/8.0.22/ref/net8.0/Microsoft.Win32.Registry.dll".
             Reference found at search path location "{RawFileName}".
             This reference is not "CopyLocal" because at least one source item had "Private" set to "false" and no source items had "Private" set to "true".
             The ImageRuntimeVersion for this reference is "".
         Primary reference "System.AppContext, Version=8.0.0.0, Culture=neutral, PublicKeyToken=b03f5f7f11d50a3a".
             Resolved file path is "/usr/lib64/dotnet/packs/Microsoft.NETCore.App.Ref/8.0.22/ref/net8.0/System.AppContext.dll".
             Reference found at search path location "{RawFileName}".
             This reference is not "CopyLocal" because at least one source item had "Private" set to "false" and no source items had "Private" set to "true".
             The ImageRuntimeVersion for this reference is "".
         Primary reference "System.Buffers, Version=8.0.0.0, Culture=neutral, PublicKeyToken=cc7b13ffcd2ddd51".
             Resolved file path is "/usr/lib64/dotnet/packs/Microsoft.NETCore.App.Ref/8.0.22/ref/net8.0/System.Buffers.dll".
             Reference found at search path location "{RawFileName}".
             This reference is not "CopyLocal" because at least one source item had "Private" set to "false" and no source items had "Private" set to "true".
             The ImageRuntimeVersion for this reference is "".
         Primary reference "System.Collections.Concurrent, Version=8.0.0.0, Culture=neutral, PublicKeyToken=b03f5f7f11d50a3a".
             Resolved file path is "/usr/lib64/dotnet/packs/Microsoft.NETCore.App.Ref/8.0.22/ref/net8.0/System.Collections.Concurrent.dll".
             Reference found at search path location "{RawFileName}".
             This reference is not "CopyLocal" because at least one source item had "Private" set to "false" and no source items had "Private" set to "true".
             The ImageRuntimeVersion for this reference is "".
         Primary reference "System.Collections.Immutable, Version=8.0.0.0, Culture=neutral, PublicKeyToken=b03f5f7f11d50a3a".
             Resolved file path is "/usr/lib64/dotnet/packs/Microsoft.NETCore.App.Ref/8.0.22/ref/net8.0/System.Collections.Immutable.dll".
             Reference found at search path location "{RawFileName}".
             This reference is not "CopyLocal" because at least one source item had "Private" set to "false" and no source items had "Private" set to "true".
             The ImageRuntimeVersion for this reference is "".
         Primary reference "System.Collections.NonGeneric, Version=8.0.0.0, Culture=neutral, PublicKeyToken=b03f5f7f11d50a3a".
             Resolved file path is "/usr/lib64/dotnet/packs/Microsoft.NETCore.App.Ref/8.0.22/ref/net8.0/System.Collections.NonGeneric.dll".
             Reference found at search path location "{RawFileName}".
             This reference is not "CopyLocal" because at least one source item had "Private" set to "false" and no source items had "Private" set to "true".
             The ImageRuntimeVersion for this reference is "".
         Primary reference "System.Collections.Specialized, Version=8.0.0.0, Culture=neutral, PublicKeyToken=b03f5f7f11d50a3a".
             Resolved file path is "/usr/lib64/dotnet/packs/Microsoft.NETCore.App.Ref/8.0.22/ref/net8.0/System.Collections.Specialized.dll".
             Reference found at search path location "{RawFileName}".
             This reference is not "CopyLocal" because at least one source item had "Private" set to "false" and no source items had "Private" set to "true".
             The ImageRuntimeVersion for this reference is "".
         Primary reference "System.Collections, Version=8.0.0.0, Culture=neutral, PublicKeyToken=b03f5f7f11d50a3a".
             Resolved file path is "/usr/lib64/dotnet/packs/Microsoft.NETCore.App.Ref/8.0.22/ref/net8.0/System.Collections.dll".
             Reference found at search path location "{RawFileName}".
             This reference is not "CopyLocal" because at least one source item had "Private" set to "false" and no source items had "Private" set to "true".
             The ImageRuntimeVersion for this reference is "".
         Primary reference "System.ComponentModel.Annotations, Version=8.0.0.0, Culture=neutral, PublicKeyToken=b03f5f7f11d50a3a".
             Resolved file path is "/usr/lib64/dotnet/packs/Microsoft.NETCore.App.Ref/8.0.22/ref/net8.0/System.ComponentModel.Annotations.dll".
             Reference found at search path location "{RawFileName}".
             This reference is not "CopyLocal" because at least one source item had "Private" set to "false" and no source items had "Private" set to "true".
             The ImageRuntimeVersion for this reference is "".
         Primary reference "System.ComponentModel.DataAnnotations, Version=4.0.0.0, Culture=neutral, PublicKeyToken=31bf3856ad364e35".
             Resolved file path is "/usr/lib64/dotnet/packs/Microsoft.NETCore.App.Ref/8.0.22/ref/net8.0/System.ComponentModel.DataAnnotations.dll".
             Reference found at search path location "{RawFileName}".
             This reference is not "CopyLocal" because at least one source item had "Private" set to "false" and no source items had "Private" set to "true".
             The ImageRuntimeVersion for this reference is "".
         Primary reference "System.ComponentModel.EventBasedAsync, Version=8.0.0.0, Culture=neutral, PublicKeyToken=b03f5f7f11d50a3a".
             Resolved file path is "/usr/lib64/dotnet/packs/Microsoft.NETCore.App.Ref/8.0.22/ref/net8.0/System.ComponentModel.EventBasedAsync.dll".
             Reference found at search path location "{RawFileName}".
             This reference is not "CopyLocal" because at least one source item had "Private" set to "false" and no source items had "Private" set to "true".
             The ImageRuntimeVersion for this reference is "".
         Primary reference "System.ComponentModel.Primitives, Version=8.0.0.0, Culture=neutral, PublicKeyToken=b03f5f7f11d50a3a".
             Resolved file path is "/usr/lib64/dotnet/packs/Microsoft.NETCore.App.Ref/8.0.22/ref/net8.0/System.ComponentModel.Primitives.dll".
             Reference found at search path location "{RawFileName}".
             This reference is not "CopyLocal" because at least one source item had "Private" set to "false" and no source items had "Private" set to "true".
             The ImageRuntimeVersion for this reference is "".
         Primary reference "System.ComponentModel.TypeConverter, Version=8.0.0.0, Culture=neutral, PublicKeyToken=b03f5f7f11d50a3a".
             Resolved file path is "/usr/lib64/dotnet/packs/Microsoft.NETCore.App.Ref/8.0.22/ref/net8.0/System.ComponentModel.TypeConverter.dll".
             Reference found at search path location "{RawFileName}".
             This reference is not "CopyLocal" because at least one source item had "Private" set to "false" and no source items had "Private" set to "true".
             The ImageRuntimeVersion for this reference is "".
         Primary reference "System.ComponentModel, Version=8.0.0.0, Culture=neutral, PublicKeyToken=b03f5f7f11d50a3a".
             Resolved file path is "/usr/lib64/dotnet/packs/Microsoft.NETCore.App.Ref/8.0.22/ref/net8.0/System.ComponentModel.dll".
             Reference found at search path location "{RawFileName}".
             This reference is not "CopyLocal" because at least one source item had "Private" set to "false" and no source items had "Private" set to "true".
             The ImageRuntimeVersion for this reference is "".
         Primary reference "System.Configuration, Version=4.0.0.0, Culture=neutral, PublicKeyToken=b03f5f7f11d50a3a".
             Resolved file path is "/usr/lib64/dotnet/packs/Microsoft.NETCore.App.Ref/8.0.22/ref/net8.0/System.Configuration.dll".
             Reference found at search path location "{RawFileName}".
             This reference is not "CopyLocal" because at least one source item had "Private" set to "false" and no source items had "Private" set to "true".
             The ImageRuntimeVersion for this reference is "".
         Primary reference "System.Console, Version=8.0.0.0, Culture=neutral, PublicKeyToken=b03f5f7f11d50a3a".
             Resolved file path is "/usr/lib64/dotnet/packs/Microsoft.NETCore.App.Ref/8.0.22/ref/net8.0/System.Console.dll".
             Reference found at search path location "{RawFileName}".
             This reference is not "CopyLocal" because at least one source item had "Private" set to "false" and no source items had "Private" set to "true".
             The ImageRuntimeVersion for this reference is "".
         Primary reference "System.Core, Version=4.0.0.0, Culture=neutral, PublicKeyToken=b77a5c561934e089".
             Resolved file path is "/usr/lib64/dotnet/packs/Microsoft.NETCore.App.Ref/8.0.22/ref/net8.0/System.Core.dll".
             Reference found at search path location "{RawFileName}".
             This reference is not "CopyLocal" because at least one source item had "Private" set to "false" and no source items had "Private" set to "true".
             The ImageRuntimeVersion for this reference is "".
         Primary reference "System.Data.Common, Version=8.0.0.0, Culture=neutral, PublicKeyToken=b03f5f7f11d50a3a".
             Resolved file path is "/usr/lib64/dotnet/packs/Microsoft.NETCore.App.Ref/8.0.22/ref/net8.0/System.Data.Common.dll".
             Reference found at search path location "{RawFileName}".
             This reference is not "CopyLocal" because at least one source item had "Private" set to "false" and no source items had "Private" set to "true".
             The ImageRuntimeVersion for this reference is "".
         Primary reference "System.Data.DataSetExtensions, Version=8.0.0.0, Culture=neutral, PublicKeyToken=b77a5c561934e089".
             Resolved file path is "/usr/lib64/dotnet/packs/Microsoft.NETCore.App.Ref/8.0.22/ref/net8.0/System.Data.DataSetExtensions.dll".
             Reference found at search path location "{RawFileName}".
             This reference is not "CopyLocal" because at least one source item had "Private" set to "false" and no source items had "Private" set to "true".
             The ImageRuntimeVersion for this reference is "".
         Primary reference "System.Data, Version=4.0.0.0, Culture=neutral, PublicKeyToken=b77a5c561934e089".
             Resolved file path is "/usr/lib64/dotnet/packs/Microsoft.NETCore.App.Ref/8.0.22/ref/net8.0/System.Data.dll".
             Reference found at search path location "{RawFileName}".
             This reference is not "CopyLocal" because at least one source item had "Private" set to "false" and no source items had "Private" set to "true".
             The ImageRuntimeVersion for this reference is "".
         Primary reference "System.Diagnostics.Contracts, Version=8.0.0.0, Culture=neutral, PublicKeyToken=b03f5f7f11d50a3a".
             Resolved file path is "/usr/lib64/dotnet/packs/Microsoft.NETCore.App.Ref/8.0.22/ref/net8.0/System.Diagnostics.Contracts.dll".
             Reference found at search path location "{RawFileName}".
             This reference is not "CopyLocal" because at least one source item had "Private" set to "false" and no source items had "Private" set to "true".
             The ImageRuntimeVersion for this reference is "".
         Primary reference "System.Diagnostics.Debug, Version=8.0.0.0, Culture=neutral, PublicKeyToken=b03f5f7f11d50a3a".
             Resolved file path is "/usr/lib64/dotnet/packs/Microsoft.NETCore.App.Ref/8.0.22/ref/net8.0/System.Diagnostics.Debug.dll".
             Reference found at search path location "{RawFileName}".
             This reference is not "CopyLocal" because at least one source item had "Private" set to "false" and no source items had "Private" set to "true".
             The ImageRuntimeVersion for this reference is "".
         Primary reference "System.Diagnostics.DiagnosticSource, Version=8.0.0.0, Culture=neutral, PublicKeyToken=cc7b13ffcd2ddd51".
             Resolved file path is "/usr/lib64/dotnet/packs/Microsoft.NETCore.App.Ref/8.0.22/ref/net8.0/System.Diagnostics.DiagnosticSource.dll".
             Reference found at search path location "{RawFileName}".
             This reference is not "CopyLocal" because at least one source item had "Private" set to "false" and no source items had "Private" set to "true".
             The ImageRuntimeVersion for this reference is "".
         Primary reference "System.Diagnostics.FileVersionInfo, Version=8.0.0.0, Culture=neutral, PublicKeyToken=b03f5f7f11d50a3a".
             Resolved file path is "/usr/lib64/dotnet/packs/Microsoft.NETCore.App.Ref/8.0.22/ref/net8.0/System.Diagnostics.FileVersionInfo.dll".
             Reference found at search path location "{RawFileName}".
             This reference is not "CopyLocal" because at least one source item had "Private" set to "false" and no source items had "Private" set to "true".
             The ImageRuntimeVersion for this reference is "".
         Primary reference "System.Diagnostics.Process, Version=8.0.0.0, Culture=neutral, PublicKeyToken=b03f5f7f11d50a3a".
             Resolved file path is "/usr/lib64/dotnet/packs/Microsoft.NETCore.App.Ref/8.0.22/ref/net8.0/System.Diagnostics.Process.dll".
             Reference found at search path location "{RawFileName}".
             This reference is not "CopyLocal" because at least one source item had "Private" set to "false" and no source items had "Private" set to "true".
             The ImageRuntimeVersion for this reference is "".
         Primary reference "System.Diagnostics.StackTrace, Version=8.0.0.0, Culture=neutral, PublicKeyToken=b03f5f7f11d50a3a".
             Resolved file path is "/usr/lib64/dotnet/packs/Microsoft.NETCore.App.Ref/8.0.22/ref/net8.0/System.Diagnostics.StackTrace.dll".
             Reference found at search path location "{RawFileName}".
             This reference is not "CopyLocal" because at least one source item had "Private" set to "false" and no source items had "Private" set to "true".
             The ImageRuntimeVersion for this reference is "".
         Primary reference "System.Diagnostics.TextWriterTraceListener, Version=8.0.0.0, Culture=neutral, PublicKeyToken=b03f5f7f11d50a3a".
             Resolved file path is "/usr/lib64/dotnet/packs/Microsoft.NETCore.App.Ref/8.0.22/ref/net8.0/System.Diagnostics.TextWriterTraceListener.dll".
             Reference found at search path location "{RawFileName}".
             This reference is not "CopyLocal" because at least one source item had "Private" set to "false" and no source items had "Private" set to "true".
             The ImageRuntimeVersion for this reference is "".
         Primary reference "System.Diagnostics.Tools, Version=8.0.0.0, Culture=neutral, PublicKeyToken=b03f5f7f11d50a3a".
             Resolved file path is "/usr/lib64/dotnet/packs/Microsoft.NETCore.App.Ref/8.0.22/ref/net8.0/System.Diagnostics.Tools.dll".
             Reference found at search path location "{RawFileName}".
             This reference is not "CopyLocal" because at least one source item had "Private" set to "false" and no source items had "Private" set to "true".
             The ImageRuntimeVersion for this reference is "".
         Primary reference "System.Diagnostics.TraceSource, Version=8.0.0.0, Culture=neutral, PublicKeyToken=b03f5f7f11d50a3a".
             Resolved file path is "/usr/lib64/dotnet/packs/Microsoft.NETCore.App.Ref/8.0.22/ref/net8.0/System.Diagnostics.TraceSource.dll".
             Reference found at search path location "{RawFileName}".
             This reference is not "CopyLocal" because at least one source item had "Private" set to "false" and no source items had "Private" set to "true".
             The ImageRuntimeVersion for this reference is "".
         Primary reference "System.Diagnostics.Tracing, Version=8.0.0.0, Culture=neutral, PublicKeyToken=b03f5f7f11d50a3a".
             Resolved file path is "/usr/lib64/dotnet/packs/Microsoft.NETCore.App.Ref/8.0.22/ref/net8.0/System.Diagnostics.Tracing.dll".
             Reference found at search path location "{RawFileName}".
             This reference is not "CopyLocal" because at least one source item had "Private" set to "false" and no source items had "Private" set to "true".
             The ImageRuntimeVersion for this reference is "".
         Primary reference "System.Drawing.Primitives, Version=8.0.0.0, Culture=neutral, PublicKeyToken=b03f5f7f11d50a3a".
             Resolved file path is "/usr/lib64/dotnet/packs/Microsoft.NETCore.App.Ref/8.0.22/ref/net8.0/System.Drawing.Primitives.dll".
             Reference found at search path location "{RawFileName}".
             This reference is not "CopyLocal" because at least one source item had "Private" set to "false" and no source items had "Private" set to "true".
             The ImageRuntimeVersion for this reference is "".
         Primary reference "System.Drawing, Version=4.0.0.0, Culture=neutral, PublicKeyToken=b03f5f7f11d50a3a".
             Resolved file path is "/usr/lib64/dotnet/packs/Microsoft.NETCore.App.Ref/8.0.22/ref/net8.0/System.Drawing.dll".
             Reference found at search path location "{RawFileName}".
             This reference is not "CopyLocal" because at least one source item had "Private" set to "false" and no source items had "Private" set to "true".
             The ImageRuntimeVersion for this reference is "".
         Primary reference "System.Dynamic.Runtime, Version=8.0.0.0, Culture=neutral, PublicKeyToken=b03f5f7f11d50a3a".
             Resolved file path is "/usr/lib64/dotnet/packs/Microsoft.NETCore.App.Ref/8.0.22/ref/net8.0/System.Dynamic.Runtime.dll".
             Reference found at search path location "{RawFileName}".
             This reference is not "CopyLocal" because at least one source item had "Private" set to "false" and no source items had "Private" set to "true".
             The ImageRuntimeVersion for this reference is "".
         Primary reference "System.Formats.Asn1, Version=8.0.0.0, Culture=neutral, PublicKeyToken=cc7b13ffcd2ddd51".
             Resolved file path is "/usr/lib64/dotnet/packs/Microsoft.NETCore.App.Ref/8.0.22/ref/net8.0/System.Formats.Asn1.dll".
             Reference found at search path location "{RawFileName}".
             This reference is not "CopyLocal" because at least one source item had "Private" set to "false" and no source items had "Private" set to "true".
             The ImageRuntimeVersion for this reference is "".
         Primary reference "System.Formats.Tar, Version=8.0.0.0, Culture=neutral, PublicKeyToken=cc7b13ffcd2ddd51".
             Resolved file path is "/usr/lib64/dotnet/packs/Microsoft.NETCore.App.Ref/8.0.22/ref/net8.0/System.Formats.Tar.dll".
             Reference found at search path location "{RawFileName}".
             This reference is not "CopyLocal" because at least one source item had "Private" set to "false" and no source items had "Private" set to "true".
             The ImageRuntimeVersion for this reference is "".
         Primary reference "System.Globalization.Calendars, Version=8.0.0.0, Culture=neutral, PublicKeyToken=b03f5f7f11d50a3a".
             Resolved file path is "/usr/lib64/dotnet/packs/Microsoft.NETCore.App.Ref/8.0.22/ref/net8.0/System.Globalization.Calendars.dll".
             Reference found at search path location "{RawFileName}".
             This reference is not "CopyLocal" because at least one source item had "Private" set to "false" and no source items had "Private" set to "true".
             The ImageRuntimeVersion for this reference is "".
         Primary reference "System.Globalization.Extensions, Version=8.0.0.0, Culture=neutral, PublicKeyToken=b03f5f7f11d50a3a".
             Resolved file path is "/usr/lib64/dotnet/packs/Microsoft.NETCore.App.Ref/8.0.22/ref/net8.0/System.Globalization.Extensions.dll".
             Reference found at search path location "{RawFileName}".
             This reference is not "CopyLocal" because at least one source item had "Private" set to "false" and no source items had "Private" set to "true".
             The ImageRuntimeVersion for this reference is "".
         Primary reference "System.Globalization, Version=8.0.0.0, Culture=neutral, PublicKeyToken=b03f5f7f11d50a3a".
             Resolved file path is "/usr/lib64/dotnet/packs/Microsoft.NETCore.App.Ref/8.0.22/ref/net8.0/System.Globalization.dll".
             Reference found at search path location "{RawFileName}".
             This reference is not "CopyLocal" because at least one source item had "Private" set to "false" and no source items had "Private" set to "true".
             The ImageRuntimeVersion for this reference is "".
         Primary reference "System.IO.Compression.Brotli, Version=8.0.0.0, Culture=neutral, PublicKeyToken=b77a5c561934e089".
             Resolved file path is "/usr/lib64/dotnet/packs/Microsoft.NETCore.App.Ref/8.0.22/ref/net8.0/System.IO.Compression.Brotli.dll".
             Reference found at search path location "{RawFileName}".
             This reference is not "CopyLocal" because at least one source item had "Private" set to "false" and no source items had "Private" set to "true".
             The ImageRuntimeVersion for this reference is "".
         Primary reference "System.IO.Compression.FileSystem, Version=4.0.0.0, Culture=neutral, PublicKeyToken=b77a5c561934e089".
             Resolved file path is "/usr/lib64/dotnet/packs/Microsoft.NETCore.App.Ref/8.0.22/ref/net8.0/System.IO.Compression.FileSystem.dll".
             Reference found at search path location "{RawFileName}".
             This reference is not "CopyLocal" because at least one source item had "Private" set to "false" and no source items had "Private" set to "true".
             The ImageRuntimeVersion for this reference is "".
         Primary reference "System.IO.Compression.ZipFile, Version=8.0.0.0, Culture=neutral, PublicKeyToken=b77a5c561934e089".
             Resolved file path is "/usr/lib64/dotnet/packs/Microsoft.NETCore.App.Ref/8.0.22/ref/net8.0/System.IO.Compression.ZipFile.dll".
             Reference found at search path location "{RawFileName}".
             This reference is not "CopyLocal" because at least one source item had "Private" set to "false" and no source items had "Private" set to "true".
             The ImageRuntimeVersion for this reference is "".
         Primary reference "System.IO.Compression, Version=8.0.0.0, Culture=neutral, PublicKeyToken=b77a5c561934e089".
             Resolved file path is "/usr/lib64/dotnet/packs/Microsoft.NETCore.App.Ref/8.0.22/ref/net8.0/System.IO.Compression.dll".
             Reference found at search path location "{RawFileName}".
             This reference is not "CopyLocal" because at least one source item had "Private" set to "false" and no source items had "Private" set to "true".
             The ImageRuntimeVersion for this reference is "".
         Primary reference "System.IO.FileSystem.AccessControl, Version=8.0.0.0, Culture=neutral, PublicKeyToken=b03f5f7f11d50a3a".
             Resolved file path is "/usr/lib64/dotnet/packs/Microsoft.NETCore.App.Ref/8.0.22/ref/net8.0/System.IO.FileSystem.AccessControl.dll".
             Reference found at search path location "{RawFileName}".
             This reference is not "CopyLocal" because at least one source item had "Private" set to "false" and no source items had "Private" set to "true".
             The ImageRuntimeVersion for this reference is "".
         Primary reference "System.IO.FileSystem.DriveInfo, Version=8.0.0.0, Culture=neutral, PublicKeyToken=b03f5f7f11d50a3a".
             Resolved file path is "/usr/lib64/dotnet/packs/Microsoft.NETCore.App.Ref/8.0.22/ref/net8.0/System.IO.FileSystem.DriveInfo.dll".
             Reference found at search path location "{RawFileName}".
             This reference is not "CopyLocal" because at least one source item had "Private" set to "false" and no source items had "Private" set to "true".
             The ImageRuntimeVersion for this reference is "".
         Primary reference "System.IO.FileSystem.Primitives, Version=8.0.0.0, Culture=neutral, PublicKeyToken=b03f5f7f11d50a3a".
             Resolved file path is "/usr/lib64/dotnet/packs/Microsoft.NETCore.App.Ref/8.0.22/ref/net8.0/System.IO.FileSystem.Primitives.dll".
             Reference found at search path location "{RawFileName}".
             This reference is not "CopyLocal" because at least one source item had "Private" set to "false" and no source items had "Private" set to "true".
             The ImageRuntimeVersion for this reference is "".
         Primary reference "System.IO.FileSystem.Watcher, Version=8.0.0.0, Culture=neutral, PublicKeyToken=b03f5f7f11d50a3a".
             Resolved file path is "/usr/lib64/dotnet/packs/Microsoft.NETCore.App.Ref/8.0.22/ref/net8.0/System.IO.FileSystem.Watcher.dll".
             Reference found at search path location "{RawFileName}".
             This reference is not "CopyLocal" because at least one source item had "Private" set to "false" and no source items had "Private" set to "true".
             The ImageRuntimeVersion for this reference is "".
         Primary reference "System.IO.FileSystem, Version=8.0.0.0, Culture=neutral, PublicKeyToken=b03f5f7f11d50a3a".
             Resolved file path is "/usr/lib64/dotnet/packs/Microsoft.NETCore.App.Ref/8.0.22/ref/net8.0/System.IO.FileSystem.dll".
             Reference found at search path location "{RawFileName}".
             This reference is not "CopyLocal" because at least one source item had "Private" set to "false" and no source items had "Private" set to "true".
             The ImageRuntimeVersion for this reference is "".
         Primary reference "System.IO.IsolatedStorage, Version=8.0.0.0, Culture=neutral, PublicKeyToken=b03f5f7f11d50a3a".
             Resolved file path is "/usr/lib64/dotnet/packs/Microsoft.NETCore.App.Ref/8.0.22/ref/net8.0/System.IO.IsolatedStorage.dll".
             Reference found at search path location "{RawFileName}".
             This reference is not "CopyLocal" because at least one source item had "Private" set to "false" and no source items had "Private" set to "true".
             The ImageRuntimeVersion for this reference is "".
         Primary reference "System.IO.MemoryMappedFiles, Version=8.0.0.0, Culture=neutral, PublicKeyToken=b03f5f7f11d50a3a".
             Resolved file path is "/usr/lib64/dotnet/packs/Microsoft.NETCore.App.Ref/8.0.22/ref/net8.0/System.IO.MemoryMappedFiles.dll".
             Reference found at search path location "{RawFileName}".
             This reference is not "CopyLocal" because at least one source item had "Private" set to "false" and no source items had "Private" set to "true".
             The ImageRuntimeVersion for this reference is "".
         Primary reference "System.IO.Pipes.AccessControl, Version=8.0.0.0, Culture=neutral, PublicKeyToken=b03f5f7f11d50a3a".
             Resolved file path is "/usr/lib64/dotnet/packs/Microsoft.NETCore.App.Ref/8.0.22/ref/net8.0/System.IO.Pipes.AccessControl.dll".
             Reference found at search path location "{RawFileName}".
             This reference is not "CopyLocal" because at least one source item had "Private" set to "false" and no source items had "Private" set to "true".
             The ImageRuntimeVersion for this reference is "".
         Primary reference "System.IO.Pipes, Version=8.0.0.0, Culture=neutral, PublicKeyToken=b03f5f7f11d50a3a".
             Resolved file path is "/usr/lib64/dotnet/packs/Microsoft.NETCore.App.Ref/8.0.22/ref/net8.0/System.IO.Pipes.dll".
             Reference found at search path location "{RawFileName}".
             This reference is not "CopyLocal" because at least one source item had "Private" set to "false" and no source items had "Private" set to "true".
             The ImageRuntimeVersion for this reference is "".
         Primary reference "System.IO.UnmanagedMemoryStream, Version=8.0.0.0, Culture=neutral, PublicKeyToken=b03f5f7f11d50a3a".
             Resolved file path is "/usr/lib64/dotnet/packs/Microsoft.NETCore.App.Ref/8.0.22/ref/net8.0/System.IO.UnmanagedMemoryStream.dll".
             Reference found at search path location "{RawFileName}".
             This reference is not "CopyLocal" because at least one source item had "Private" set to "false" and no source items had "Private" set to "true".
             The ImageRuntimeVersion for this reference is "".
         Primary reference "System.IO, Version=8.0.0.0, Culture=neutral, PublicKeyToken=b03f5f7f11d50a3a".
             Resolved file path is "/usr/lib64/dotnet/packs/Microsoft.NETCore.App.Ref/8.0.22/ref/net8.0/System.IO.dll".
             Reference found at search path location "{RawFileName}".
             This reference is not "CopyLocal" because at least one source item had "Private" set to "false" and no source items had "Private" set to "true".
             The ImageRuntimeVersion for this reference is "".
         Primary reference "System.Linq.Expressions, Version=8.0.0.0, Culture=neutral, PublicKeyToken=b03f5f7f11d50a3a".
             Resolved file path is "/usr/lib64/dotnet/packs/Microsoft.NETCore.App.Ref/8.0.22/ref/net8.0/System.Linq.Expressions.dll".
             Reference found at search path location "{RawFileName}".
             This reference is not "CopyLocal" because at least one source item had "Private" set to "false" and no source items had "Private" set to "true".
             The ImageRuntimeVersion for this reference is "".
         Primary reference "System.Linq.Parallel, Version=8.0.0.0, Culture=neutral, PublicKeyToken=b03f5f7f11d50a3a".
             Resolved file path is "/usr/lib64/dotnet/packs/Microsoft.NETCore.App.Ref/8.0.22/ref/net8.0/System.Linq.Parallel.dll".
             Reference found at search path location "{RawFileName}".
             This reference is not "CopyLocal" because at least one source item had "Private" set to "false" and no source items had "Private" set to "true".
             The ImageRuntimeVersion for this reference is "".
         Primary reference "System.Linq.Queryable, Version=8.0.0.0, Culture=neutral, PublicKeyToken=b03f5f7f11d50a3a".
             Resolved file path is "/usr/lib64/dotnet/packs/Microsoft.NETCore.App.Ref/8.0.22/ref/net8.0/System.Linq.Queryable.dll".
             Reference found at search path location "{RawFileName}".
             This reference is not "CopyLocal" because at least one source item had "Private" set to "false" and no source items had "Private" set to "true".
             The ImageRuntimeVersion for this reference is "".
         Primary reference "System.Linq, Version=8.0.0.0, Culture=neutral, PublicKeyToken=b03f5f7f11d50a3a".
             Resolved file path is "/usr/lib64/dotnet/packs/Microsoft.NETCore.App.Ref/8.0.22/ref/net8.0/System.Linq.dll".
             Reference found at search path location "{RawFileName}".
             This reference is not "CopyLocal" because at least one source item had "Private" set to "false" and no source items had "Private" set to "true".
             The ImageRuntimeVersion for this reference is "".
         Primary reference "System.Memory, Version=8.0.0.0, Culture=neutral, PublicKeyToken=cc7b13ffcd2ddd51".
             Resolved file path is "/usr/lib64/dotnet/packs/Microsoft.NETCore.App.Ref/8.0.22/ref/net8.0/System.Memory.dll".
             Reference found at search path location "{RawFileName}".
             This reference is not "CopyLocal" because at least one source item had "Private" set to "false" and no source items had "Private" set to "true".
             The ImageRuntimeVersion for this reference is "".
         Primary reference "System.Net.Http.Json, Version=8.0.0.0, Culture=neutral, PublicKeyToken=cc7b13ffcd2ddd51".
             Resolved file path is "/usr/lib64/dotnet/packs/Microsoft.NETCore.App.Ref/8.0.22/ref/net8.0/System.Net.Http.Json.dll".
             Reference found at search path location "{RawFileName}".
             This reference is not "CopyLocal" because at least one source item had "Private" set to "false" and no source items had "Private" set to "true".
             The ImageRuntimeVersion for this reference is "".
         Primary reference "System.Net.Http, Version=8.0.0.0, Culture=neutral, PublicKeyToken=b03f5f7f11d50a3a".
             Resolved file path is "/usr/lib64/dotnet/packs/Microsoft.NETCore.App.Ref/8.0.22/ref/net8.0/System.Net.Http.dll".
             Reference found at search path location "{RawFileName}".
             This reference is not "CopyLocal" because at least one source item had "Private" set to "false" and no source items had "Private" set to "true".
             The ImageRuntimeVersion for this reference is "".
         Primary reference "System.Net.HttpListener, Version=8.0.0.0, Culture=neutral, PublicKeyToken=cc7b13ffcd2ddd51".
             Resolved file path is "/usr/lib64/dotnet/packs/Microsoft.NETCore.App.Ref/8.0.22/ref/net8.0/System.Net.HttpListener.dll".
             Reference found at search path location "{RawFileName}".
             This reference is not "CopyLocal" because at least one source item had "Private" set to "false" and no source items had "Private" set to "true".
             The ImageRuntimeVersion for this reference is "".
         Primary reference "System.Net.Mail, Version=8.0.0.0, Culture=neutral, PublicKeyToken=cc7b13ffcd2ddd51".
             Resolved file path is "/usr/lib64/dotnet/packs/Microsoft.NETCore.App.Ref/8.0.22/ref/net8.0/System.Net.Mail.dll".
             Reference found at search path location "{RawFileName}".
             This reference is not "CopyLocal" because at least one source item had "Private" set to "false" and no source items had "Private" set to "true".
             The ImageRuntimeVersion for this reference is "".
         Primary reference "System.Net.NameResolution, Version=8.0.0.0, Culture=neutral, PublicKeyToken=b03f5f7f11d50a3a".
             Resolved file path is "/usr/lib64/dotnet/packs/Microsoft.NETCore.App.Ref/8.0.22/ref/net8.0/System.Net.NameResolution.dll".
             Reference found at search path location "{RawFileName}".
             This reference is not "CopyLocal" because at least one source item had "Private" set to "false" and no source items had "Private" set to "true".
             The ImageRuntimeVersion for this reference is "".
         Primary reference "System.Net.NetworkInformation, Version=8.0.0.0, Culture=neutral, PublicKeyToken=b03f5f7f11d50a3a".
             Resolved file path is "/usr/lib64/dotnet/packs/Microsoft.NETCore.App.Ref/8.0.22/ref/net8.0/System.Net.NetworkInformation.dll".
             Reference found at search path location "{RawFileName}".
             This reference is not "CopyLocal" because at least one source item had "Private" set to "false" and no source items had "Private" set to "true".
             The ImageRuntimeVersion for this reference is "".
         Primary reference "System.Net.Ping, Version=8.0.0.0, Culture=neutral, PublicKeyToken=b03f5f7f11d50a3a".
             Resolved file path is "/usr/lib64/dotnet/packs/Microsoft.NETCore.App.Ref/8.0.22/ref/net8.0/System.Net.Ping.dll".
             Reference found at search path location "{RawFileName}".
             This reference is not "CopyLocal" because at least one source item had "Private" set to "false" and no source items had "Private" set to "true".
             The ImageRuntimeVersion for this reference is "".
         Primary reference "System.Net.Primitives, Version=8.0.0.0, Culture=neutral, PublicKeyToken=b03f5f7f11d50a3a".
             Resolved file path is "/usr/lib64/dotnet/packs/Microsoft.NETCore.App.Ref/8.0.22/ref/net8.0/System.Net.Primitives.dll".
             Reference found at search path location "{RawFileName}".
             This reference is not "CopyLocal" because at least one source item had "Private" set to "false" and no source items had "Private" set to "true".
             The ImageRuntimeVersion for this reference is "".
         Primary reference "System.Net.Quic, Version=8.0.0.0, Culture=neutral, PublicKeyToken=b03f5f7f11d50a3a".
             Resolved file path is "/usr/lib64/dotnet/packs/Microsoft.NETCore.App.Ref/8.0.22/ref/net8.0/System.Net.Quic.dll".
             Reference found at search path location "{RawFileName}".
             This reference is not "CopyLocal" because at least one source item had "Private" set to "false" and no source items had "Private" set to "true".
             The ImageRuntimeVersion for this reference is "".
         Primary reference "System.Net.Requests, Version=8.0.0.0, Culture=neutral, PublicKeyToken=b03f5f7f11d50a3a".
             Resolved file path is "/usr/lib64/dotnet/packs/Microsoft.NETCore.App.Ref/8.0.22/ref/net8.0/System.Net.Requests.dll".
             Reference found at search path location "{RawFileName}".
             This reference is not "CopyLocal" because at least one source item had "Private" set to "false" and no source items had "Private" set to "true".
             The ImageRuntimeVersion for this reference is "".
         Primary reference "System.Net.Security, Version=8.0.0.0, Culture=neutral, PublicKeyToken=b03f5f7f11d50a3a".
             Resolved file path is "/usr/lib64/dotnet/packs/Microsoft.NETCore.App.Ref/8.0.22/ref/net8.0/System.Net.Security.dll".
             Reference found at search path location "{RawFileName}".
             This reference is not "CopyLocal" because at least one source item had "Private" set to "false" and no source items had "Private" set to "true".
             The ImageRuntimeVersion for this reference is "".
         Primary reference "System.Net.ServicePoint, Version=8.0.0.0, Culture=neutral, PublicKeyToken=cc7b13ffcd2ddd51".
             Resolved file path is "/usr/lib64/dotnet/packs/Microsoft.NETCore.App.Ref/8.0.22/ref/net8.0/System.Net.ServicePoint.dll".
             Reference found at search path location "{RawFileName}".
             This reference is not "CopyLocal" because at least one source item had "Private" set to "false" and no source items had "Private" set to "true".
             The ImageRuntimeVersion for this reference is "".
         Primary reference "System.Net.Sockets, Version=8.0.0.0, Culture=neutral, PublicKeyToken=b03f5f7f11d50a3a".
             Resolved file path is "/usr/lib64/dotnet/packs/Microsoft.NETCore.App.Ref/8.0.22/ref/net8.0/System.Net.Sockets.dll".
             Reference found at search path location "{RawFileName}".
             This reference is not "CopyLocal" because at least one source item had "Private" set to "false" and no source items had "Private" set to "true".
             The ImageRuntimeVersion for this reference is "".
         Primary reference "System.Net.WebClient, Version=8.0.0.0, Culture=neutral, PublicKeyToken=cc7b13ffcd2ddd51".
             Resolved file path is "/usr/lib64/dotnet/packs/Microsoft.NETCore.App.Ref/8.0.22/ref/net8.0/System.Net.WebClient.dll".
             Reference found at search path location "{RawFileName}".
             This reference is not "CopyLocal" because at least one source item had "Private" set to "false" and no source items had "Private" set to "true".
             The ImageRuntimeVersion for this reference is "".
         Primary reference "System.Net.WebHeaderCollection, Version=8.0.0.0, Culture=neutral, PublicKeyToken=b03f5f7f11d50a3a".
             Resolved file path is "/usr/lib64/dotnet/packs/Microsoft.NETCore.App.Ref/8.0.22/ref/net8.0/System.Net.WebHeaderCollection.dll".
             Reference found at search path location "{RawFileName}".
             This reference is not "CopyLocal" because at least one source item had "Private" set to "false" and no source items had "Private" set to "true".
             The ImageRuntimeVersion for this reference is "".
         Primary reference "System.Net.WebProxy, Version=8.0.0.0, Culture=neutral, PublicKeyToken=cc7b13ffcd2ddd51".
             Resolved file path is "/usr/lib64/dotnet/packs/Microsoft.NETCore.App.Ref/8.0.22/ref/net8.0/System.Net.WebProxy.dll".
             Reference found at search path location "{RawFileName}".
             This reference is not "CopyLocal" because at least one source item had "Private" set to "false" and no source items had "Private" set to "true".
             The ImageRuntimeVersion for this reference is "".
         Primary reference "System.Net.WebSockets.Client, Version=8.0.0.0, Culture=neutral, PublicKeyToken=b03f5f7f11d50a3a".
             Resolved file path is "/usr/lib64/dotnet/packs/Microsoft.NETCore.App.Ref/8.0.22/ref/net8.0/System.Net.WebSockets.Client.dll".
             Reference found at search path location "{RawFileName}".
             This reference is not "CopyLocal" because at least one source item had "Private" set to "false" and no source items had "Private" set to "true".
             The ImageRuntimeVersion for this reference is "".
         Primary reference "System.Net.WebSockets, Version=8.0.0.0, Culture=neutral, PublicKeyToken=b03f5f7f11d50a3a".
             Resolved file path is "/usr/lib64/dotnet/packs/Microsoft.NETCore.App.Ref/8.0.22/ref/net8.0/System.Net.WebSockets.dll".
             Reference found at search path location "{RawFileName}".
             This reference is not "CopyLocal" because at least one source item had "Private" set to "false" and no source items had "Private" set to "true".
             The ImageRuntimeVersion for this reference is "".
         Primary reference "System.Net, Version=4.0.0.0, Culture=neutral, PublicKeyToken=b03f5f7f11d50a3a".
             Resolved file path is "/usr/lib64/dotnet/packs/Microsoft.NETCore.App.Ref/8.0.22/ref/net8.0/System.Net.dll".
             Reference found at search path location "{RawFileName}".
             This reference is not "CopyLocal" because at least one source item had "Private" set to "false" and no source items had "Private" set to "true".
             The ImageRuntimeVersion for this reference is "".
         Primary reference "System.Numerics.Vectors, Version=8.0.0.0, Culture=neutral, PublicKeyToken=b03f5f7f11d50a3a".
             Resolved file path is "/usr/lib64/dotnet/packs/Microsoft.NETCore.App.Ref/8.0.22/ref/net8.0/System.Numerics.Vectors.dll".
             Reference found at search path location "{RawFileName}".
             This reference is not "CopyLocal" because at least one source item had "Private" set to "false" and no source items had "Private" set to "true".
             The ImageRuntimeVersion for this reference is "".
         Primary reference "System.Numerics, Version=4.0.0.0, Culture=neutral, PublicKeyToken=b77a5c561934e089".
             Resolved file path is "/usr/lib64/dotnet/packs/Microsoft.NETCore.App.Ref/8.0.22/ref/net8.0/System.Numerics.dll".
             Reference found at search path location "{RawFileName}".
             This reference is not "CopyLocal" because at least one source item had "Private" set to "false" and no source items had "Private" set to "true".
             The ImageRuntimeVersion for this reference is "".
         Primary reference "System.ObjectModel, Version=8.0.0.0, Culture=neutral, PublicKeyToken=b03f5f7f11d50a3a".
             Resolved file path is "/usr/lib64/dotnet/packs/Microsoft.NETCore.App.Ref/8.0.22/ref/net8.0/System.ObjectModel.dll".
             Reference found at search path location "{RawFileName}".
             This reference is not "CopyLocal" because at least one source item had "Private" set to "false" and no source items had "Private" set to "true".
             The ImageRuntimeVersion for this reference is "".
         Primary reference "System.Reflection.DispatchProxy, Version=8.0.0.0, Culture=neutral, PublicKeyToken=b03f5f7f11d50a3a".
             Resolved file path is "/usr/lib64/dotnet/packs/Microsoft.NETCore.App.Ref/8.0.22/ref/net8.0/System.Reflection.DispatchProxy.dll".
             Reference found at search path location "{RawFileName}".
             This reference is not "CopyLocal" because at least one source item had "Private" set to "false" and no source items had "Private" set to "true".
             The ImageRuntimeVersion for this reference is "".
         Primary reference "System.Reflection.Emit.ILGeneration, Version=8.0.0.0, Culture=neutral, PublicKeyToken=b03f5f7f11d50a3a".
             Resolved file path is "/usr/lib64/dotnet/packs/Microsoft.NETCore.App.Ref/8.0.22/ref/net8.0/System.Reflection.Emit.ILGeneration.dll".
             Reference found at search path location "{RawFileName}".
             This reference is not "CopyLocal" because at least one source item had "Private" set to "false" and no source items had "Private" set to "true".
             The ImageRuntimeVersion for this reference is "".
         Primary reference "System.Reflection.Emit.Lightweight, Version=8.0.0.0, Culture=neutral, PublicKeyToken=b03f5f7f11d50a3a".
             Resolved file path is "/usr/lib64/dotnet/packs/Microsoft.NETCore.App.Ref/8.0.22/ref/net8.0/System.Reflection.Emit.Lightweight.dll".
             Reference found at search path location "{RawFileName}".
             This reference is not "CopyLocal" because at least one source item had "Private" set to "false" and no source items had "Private" set to "true".
             The ImageRuntimeVersion for this reference is "".
         Primary reference "System.Reflection.Emit, Version=8.0.0.0, Culture=neutral, PublicKeyToken=b03f5f7f11d50a3a".
             Resolved file path is "/usr/lib64/dotnet/packs/Microsoft.NETCore.App.Ref/8.0.22/ref/net8.0/System.Reflection.Emit.dll".
             Reference found at search path location "{RawFileName}".
             This reference is not "CopyLocal" because at least one source item had "Private" set to "false" and no source items had "Private" set to "true".
             The ImageRuntimeVersion for this reference is "".
         Primary reference "System.Reflection.Extensions, Version=8.0.0.0, Culture=neutral, PublicKeyToken=b03f5f7f11d50a3a".
             Resolved file path is "/usr/lib64/dotnet/packs/Microsoft.NETCore.App.Ref/8.0.22/ref/net8.0/System.Reflection.Extensions.dll".
             Reference found at search path location "{RawFileName}".
             This reference is not "CopyLocal" because at least one source item had "Private" set to "false" and no source items had "Private" set to "true".
             The ImageRuntimeVersion for this reference is "".
         Primary reference "System.Reflection.Metadata, Version=8.0.0.0, Culture=neutral, PublicKeyToken=b03f5f7f11d50a3a".
             Resolved file path is "/usr/lib64/dotnet/packs/Microsoft.NETCore.App.Ref/8.0.22/ref/net8.0/System.Reflection.Metadata.dll".
             Reference found at search path location "{RawFileName}".
             This reference is not "CopyLocal" because at least one source item had "Private" set to "false" and no source items had "Private" set to "true".
             The ImageRuntimeVersion for this reference is "".
         Primary reference "System.Reflection.Primitives, Version=8.0.0.0, Culture=neutral, PublicKeyToken=b03f5f7f11d50a3a".
             Resolved file path is "/usr/lib64/dotnet/packs/Microsoft.NETCore.App.Ref/8.0.22/ref/net8.0/System.Reflection.Primitives.dll".
             Reference found at search path location "{RawFileName}".
             This reference is not "CopyLocal" because at least one source item had "Private" set to "false" and no source items had "Private" set to "true".
             The ImageRuntimeVersion for this reference is "".
         Primary reference "System.Reflection.TypeExtensions, Version=8.0.0.0, Culture=neutral, PublicKeyToken=b03f5f7f11d50a3a".
             Resolved file path is "/usr/lib64/dotnet/packs/Microsoft.NETCore.App.Ref/8.0.22/ref/net8.0/System.Reflection.TypeExtensions.dll".
             Reference found at search path location "{RawFileName}".
             This reference is not "CopyLocal" because at least one source item had "Private" set to "false" and no source items had "Private" set to "true".
             The ImageRuntimeVersion for this reference is "".
         Primary reference "System.Reflection, Version=8.0.0.0, Culture=neutral, PublicKeyToken=b03f5f7f11d50a3a".
             Resolved file path is "/usr/lib64/dotnet/packs/Microsoft.NETCore.App.Ref/8.0.22/ref/net8.0/System.Reflection.dll".
             Reference found at search path location "{RawFileName}".
             This reference is not "CopyLocal" because at least one source item had "Private" set to "false" and no source items had "Private" set to "true".
             The ImageRuntimeVersion for this reference is "".
         Primary reference "System.Resources.Reader, Version=8.0.0.0, Culture=neutral, PublicKeyToken=b03f5f7f11d50a3a".
             Resolved file path is "/usr/lib64/dotnet/packs/Microsoft.NETCore.App.Ref/8.0.22/ref/net8.0/System.Resources.Reader.dll".
             Reference found at search path location "{RawFileName}".
             This reference is not "CopyLocal" because at least one source item had "Private" set to "false" and no source items had "Private" set to "true".
             The ImageRuntimeVersion for this reference is "".
         Primary reference "System.Resources.ResourceManager, Version=8.0.0.0, Culture=neutral, PublicKeyToken=b03f5f7f11d50a3a".
             Resolved file path is "/usr/lib64/dotnet/packs/Microsoft.NETCore.App.Ref/8.0.22/ref/net8.0/System.Resources.ResourceManager.dll".
             Reference found at search path location "{RawFileName}".
             This reference is not "CopyLocal" because at least one source item had "Private" set to "false" and no source items had "Private" set to "true".
             The ImageRuntimeVersion for this reference is "".
         Primary reference "System.Resources.Writer, Version=8.0.0.0, Culture=neutral, PublicKeyToken=b03f5f7f11d50a3a".
             Resolved file path is "/usr/lib64/dotnet/packs/Microsoft.NETCore.App.Ref/8.0.22/ref/net8.0/System.Resources.Writer.dll".
             Reference found at search path location "{RawFileName}".
             This reference is not "CopyLocal" because at least one source item had "Private" set to "false" and no source items had "Private" set to "true".
             The ImageRuntimeVersion for this reference is "".
         Primary reference "System.Runtime.CompilerServices.Unsafe, Version=8.0.0.0, Culture=neutral, PublicKeyToken=b03f5f7f11d50a3a".
             Resolved file path is "/usr/lib64/dotnet/packs/Microsoft.NETCore.App.Ref/8.0.22/ref/net8.0/System.Runtime.CompilerServices.Unsafe.dll".
             Reference found at search path location "{RawFileName}".
             This reference is not "CopyLocal" because at least one source item had "Private" set to "false" and no source items had "Private" set to "true".
             The ImageRuntimeVersion for this reference is "".
         Primary reference "System.Runtime.CompilerServices.VisualC, Version=8.0.0.0, Culture=neutral, PublicKeyToken=b03f5f7f11d50a3a".
             Resolved file path is "/usr/lib64/dotnet/packs/Microsoft.NETCore.App.Ref/8.0.22/ref/net8.0/System.Runtime.CompilerServices.VisualC.dll".
             Reference found at search path location "{RawFileName}".
             This reference is not "CopyLocal" because at least one source item had "Private" set to "false" and no source items had "Private" set to "true".
             The ImageRuntimeVersion for this reference is "".
         Primary reference "System.Runtime.Extensions, Version=8.0.0.0, Culture=neutral, PublicKeyToken=b03f5f7f11d50a3a".
             Resolved file path is "/usr/lib64/dotnet/packs/Microsoft.NETCore.App.Ref/8.0.22/ref/net8.0/System.Runtime.Extensions.dll".
             Reference found at search path location "{RawFileName}".
             This reference is not "CopyLocal" because at least one source item had "Private" set to "false" and no source items had "Private" set to "true".
             The ImageRuntimeVersion for this reference is "".
         Primary reference "System.Runtime.Handles, Version=8.0.0.0, Culture=neutral, PublicKeyToken=b03f5f7f11d50a3a".
             Resolved file path is "/usr/lib64/dotnet/packs/Microsoft.NETCore.App.Ref/8.0.22/ref/net8.0/System.Runtime.Handles.dll".
             Reference found at search path location "{RawFileName}".
             This reference is not "CopyLocal" because at least one source item had "Private" set to "false" and no source items had "Private" set to "true".
             The ImageRuntimeVersion for this reference is "".
         Primary reference "System.Runtime.InteropServices.JavaScript, Version=8.0.0.0, Culture=neutral, PublicKeyToken=b03f5f7f11d50a3a".
             Resolved file path is "/usr/lib64/dotnet/packs/Microsoft.NETCore.App.Ref/8.0.22/ref/net8.0/System.Runtime.InteropServices.JavaScript.dll".
             Reference found at search path location "{RawFileName}".
             This reference is not "CopyLocal" because at least one source item had "Private" set to "false" and no source items had "Private" set to "true".
             The ImageRuntimeVersion for this reference is "".
         Primary reference "System.Runtime.InteropServices.RuntimeInformation, Version=8.0.0.0, Culture=neutral, PublicKeyToken=b03f5f7f11d50a3a".
             Resolved file path is "/usr/lib64/dotnet/packs/Microsoft.NETCore.App.Ref/8.0.22/ref/net8.0/System.Runtime.InteropServices.RuntimeInformation.dll".
             Reference found at search path location "{RawFileName}".
             This reference is not "CopyLocal" because at least one source item had "Private" set to "false" and no source items had "Private" set to "true".
             The ImageRuntimeVersion for this reference is "".
         Primary reference "System.Runtime.InteropServices, Version=8.0.0.0, Culture=neutral, PublicKeyToken=b03f5f7f11d50a3a".
             Resolved file path is "/usr/lib64/dotnet/packs/Microsoft.NETCore.App.Ref/8.0.22/ref/net8.0/System.Runtime.InteropServices.dll".
             Reference found at search path location "{RawFileName}".
             This reference is not "CopyLocal" because at least one source item had "Private" set to "false" and no source items had "Private" set to "true".
             The ImageRuntimeVersion for this reference is "".
         Primary reference "System.Runtime.Intrinsics, Version=8.0.0.0, Culture=neutral, PublicKeyToken=cc7b13ffcd2ddd51".
             Resolved file path is "/usr/lib64/dotnet/packs/Microsoft.NETCore.App.Ref/8.0.22/ref/net8.0/System.Runtime.Intrinsics.dll".
             Reference found at search path location "{RawFileName}".
             This reference is not "CopyLocal" because at least one source item had "Private" set to "false" and no source items had "Private" set to "true".
             The ImageRuntimeVersion for this reference is "".
         Primary reference "System.Runtime.Loader, Version=8.0.0.0, Culture=neutral, PublicKeyToken=b03f5f7f11d50a3a".
             Resolved file path is "/usr/lib64/dotnet/packs/Microsoft.NETCore.App.Ref/8.0.22/ref/net8.0/System.Runtime.Loader.dll".
             Reference found at search path location "{RawFileName}".
             This reference is not "CopyLocal" because at least one source item had "Private" set to "false" and no source items had "Private" set to "true".
             The ImageRuntimeVersion for this reference is "".
         Primary reference "System.Runtime.Numerics, Version=8.0.0.0, Culture=neutral, PublicKeyToken=b03f5f7f11d50a3a".
             Resolved file path is "/usr/lib64/dotnet/packs/Microsoft.NETCore.App.Ref/8.0.22/ref/net8.0/System.Runtime.Numerics.dll".
             Reference found at search path location "{RawFileName}".
             This reference is not "CopyLocal" because at least one source item had "Private" set to "false" and no source items had "Private" set to "true".
             The ImageRuntimeVersion for this reference is "".
         Primary reference "System.Runtime.Serialization.Formatters, Version=8.0.0.0, Culture=neutral, PublicKeyToken=b03f5f7f11d50a3a".
             Resolved file path is "/usr/lib64/dotnet/packs/Microsoft.NETCore.App.Ref/8.0.22/ref/net8.0/System.Runtime.Serialization.Formatters.dll".
             Reference found at search path location "{RawFileName}".
             This reference is not "CopyLocal" because at least one source item had "Private" set to "false" and no source items had "Private" set to "true".
             The ImageRuntimeVersion for this reference is "".
         Primary reference "System.Runtime.Serialization.Json, Version=8.0.0.0, Culture=neutral, PublicKeyToken=b03f5f7f11d50a3a".
             Resolved file path is "/usr/lib64/dotnet/packs/Microsoft.NETCore.App.Ref/8.0.22/ref/net8.0/System.Runtime.Serialization.Json.dll".
             Reference found at search path location "{RawFileName}".
             This reference is not "CopyLocal" because at least one source item had "Private" set to "false" and no source items had "Private" set to "true".
             The ImageRuntimeVersion for this reference is "".
         Primary reference "System.Runtime.Serialization.Primitives, Version=8.0.0.0, Culture=neutral, PublicKeyToken=b03f5f7f11d50a3a".
             Resolved file path is "/usr/lib64/dotnet/packs/Microsoft.NETCore.App.Ref/8.0.22/ref/net8.0/System.Runtime.Serialization.Primitives.dll".
             Reference found at search path location "{RawFileName}".
             This reference is not "CopyLocal" because at least one source item had "Private" set to "false" and no source items had "Private" set to "true".
             The ImageRuntimeVersion for this reference is "".
         Primary reference "System.Runtime.Serialization.Xml, Version=8.0.0.0, Culture=neutral, PublicKeyToken=b03f5f7f11d50a3a".
             Resolved file path is "/usr/lib64/dotnet/packs/Microsoft.NETCore.App.Ref/8.0.22/ref/net8.0/System.Runtime.Serialization.Xml.dll".
             Reference found at search path location "{RawFileName}".
             This reference is not "CopyLocal" because at least one source item had "Private" set to "false" and no source items had "Private" set to "true".
             The ImageRuntimeVersion for this reference is "".
         Primary reference "System.Runtime.Serialization, Version=4.0.0.0, Culture=neutral, PublicKeyToken=b77a5c561934e089".
             Resolved file path is "/usr/lib64/dotnet/packs/Microsoft.NETCore.App.Ref/8.0.22/ref/net8.0/System.Runtime.Serialization.dll".
             Reference found at search path location "{RawFileName}".
             This reference is not "CopyLocal" because at least one source item had "Private" set to "false" and no source items had "Private" set to "true".
             The ImageRuntimeVersion for this reference is "".
         Primary reference "System.Runtime, Version=8.0.0.0, Culture=neutral, PublicKeyToken=b03f5f7f11d50a3a".
             Resolved file path is "/usr/lib64/dotnet/packs/Microsoft.NETCore.App.Ref/8.0.22/ref/net8.0/System.Runtime.dll".
             Reference found at search path location "{RawFileName}".
             This reference is not "CopyLocal" because at least one source item had "Private" set to "false" and no source items had "Private" set to "true".
             The ImageRuntimeVersion for this reference is "".
         Primary reference "System.Security.AccessControl, Version=8.0.0.0, Culture=neutral, PublicKeyToken=b03f5f7f11d50a3a".
             Resolved file path is "/usr/lib64/dotnet/packs/Microsoft.NETCore.App.Ref/8.0.22/ref/net8.0/System.Security.AccessControl.dll".
             Reference found at search path location "{RawFileName}".
             This reference is not "CopyLocal" because at least one source item had "Private" set to "false" and no source items had "Private" set to "true".
             The ImageRuntimeVersion for this reference is "".
         Primary reference "System.Security.Claims, Version=8.0.0.0, Culture=neutral, PublicKeyToken=b03f5f7f11d50a3a".
             Resolved file path is "/usr/lib64/dotnet/packs/Microsoft.NETCore.App.Ref/8.0.22/ref/net8.0/System.Security.Claims.dll".
             Reference found at search path location "{RawFileName}".
             This reference is not "CopyLocal" because at least one source item had "Private" set to "false" and no source items had "Private" set to "true".
             The ImageRuntimeVersion for this reference is "".
         Primary reference "System.Security.Cryptography.Algorithms, Version=8.0.0.0, Culture=neutral, PublicKeyToken=b03f5f7f11d50a3a".
             Resolved file path is "/usr/lib64/dotnet/packs/Microsoft.NETCore.App.Ref/8.0.22/ref/net8.0/System.Security.Cryptography.Algorithms.dll".
             Reference found at search path location "{RawFileName}".
             This reference is not "CopyLocal" because at least one source item had "Private" set to "false" and no source items had "Private" set to "true".
             The ImageRuntimeVersion for this reference is "".
         Primary reference "System.Security.Cryptography.Cng, Version=8.0.0.0, Culture=neutral, PublicKeyToken=b03f5f7f11d50a3a".
             Resolved file path is "/usr/lib64/dotnet/packs/Microsoft.NETCore.App.Ref/8.0.22/ref/net8.0/System.Security.Cryptography.Cng.dll".
             Reference found at search path location "{RawFileName}".
             This reference is not "CopyLocal" because at least one source item had "Private" set to "false" and no source items had "Private" set to "true".
             The ImageRuntimeVersion for this reference is "".
         Primary reference "System.Security.Cryptography.Csp, Version=8.0.0.0, Culture=neutral, PublicKeyToken=b03f5f7f11d50a3a".
             Resolved file path is "/usr/lib64/dotnet/packs/Microsoft.NETCore.App.Ref/8.0.22/ref/net8.0/System.Security.Cryptography.Csp.dll".
             Reference found at search path location "{RawFileName}".
             This reference is not "CopyLocal" because at least one source item had "Private" set to "false" and no source items had "Private" set to "true".
             The ImageRuntimeVersion for this reference is "".
         Primary reference "System.Security.Cryptography.Encoding, Version=8.0.0.0, Culture=neutral, PublicKeyToken=b03f5f7f11d50a3a".
             Resolved file path is "/usr/lib64/dotnet/packs/Microsoft.NETCore.App.Ref/8.0.22/ref/net8.0/System.Security.Cryptography.Encoding.dll".
             Reference found at search path location "{RawFileName}".
             This reference is not "CopyLocal" because at least one source item had "Private" set to "false" and no source items had "Private" set to "true".
             The ImageRuntimeVersion for this reference is "".
         Primary reference "System.Security.Cryptography.OpenSsl, Version=8.0.0.0, Culture=neutral, PublicKeyToken=b03f5f7f11d50a3a".
             Resolved file path is "/usr/lib64/dotnet/packs/Microsoft.NETCore.App.Ref/8.0.22/ref/net8.0/System.Security.Cryptography.OpenSsl.dll".
             Reference found at search path location "{RawFileName}".
             This reference is not "CopyLocal" because at least one source item had "Private" set to "false" and no source items had "Private" set to "true".
             The ImageRuntimeVersion for this reference is "".
         Primary reference "System.Security.Cryptography.Primitives, Version=8.0.0.0, Culture=neutral, PublicKeyToken=b03f5f7f11d50a3a".
             Resolved file path is "/usr/lib64/dotnet/packs/Microsoft.NETCore.App.Ref/8.0.22/ref/net8.0/System.Security.Cryptography.Primitives.dll".
             Reference found at search path location "{RawFileName}".
             This reference is not "CopyLocal" because at least one source item had "Private" set to "false" and no source items had "Private" set to "true".
             The ImageRuntimeVersion for this reference is "".
         Primary reference "System.Security.Cryptography.X509Certificates, Version=8.0.0.0, Culture=neutral, PublicKeyToken=b03f5f7f11d50a3a".
             Resolved file path is "/usr/lib64/dotnet/packs/Microsoft.NETCore.App.Ref/8.0.22/ref/net8.0/System.Security.Cryptography.X509Certificates.dll".
             Reference found at search path location "{RawFileName}".
             This reference is not "CopyLocal" because at least one source item had "Private" set to "false" and no source items had "Private" set to "true".
             The ImageRuntimeVersion for this reference is "".
         Primary reference "System.Security.Cryptography, Version=8.0.0.0, Culture=neutral, PublicKeyToken=b03f5f7f11d50a3a".
             Resolved file path is "/usr/lib64/dotnet/packs/Microsoft.NETCore.App.Ref/8.0.22/ref/net8.0/System.Security.Cryptography.dll".
             Reference found at search path location "{RawFileName}".
             This reference is not "CopyLocal" because at least one source item had "Private" set to "false" and no source items had "Private" set to "true".
             The ImageRuntimeVersion for this reference is "".
         Primary reference "System.Security.Principal.Windows, Version=8.0.0.0, Culture=neutral, PublicKeyToken=b03f5f7f11d50a3a".
             Resolved file path is "/usr/lib64/dotnet/packs/Microsoft.NETCore.App.Ref/8.0.22/ref/net8.0/System.Security.Principal.Windows.dll".
             Reference found at search path location "{RawFileName}".
             This reference is not "CopyLocal" because at least one source item had "Private" set to "false" and no source items had "Private" set to "true".
             The ImageRuntimeVersion for this reference is "".
         Primary reference "System.Security.Principal, Version=8.0.0.0, Culture=neutral, PublicKeyToken=b03f5f7f11d50a3a".
             Resolved file path is "/usr/lib64/dotnet/packs/Microsoft.NETCore.App.Ref/8.0.22/ref/net8.0/System.Security.Principal.dll".
             Reference found at search path location "{RawFileName}".
             This reference is not "CopyLocal" because at least one source item had "Private" set to "false" and no source items had "Private" set to "true".
             The ImageRuntimeVersion for this reference is "".
         Primary reference "System.Security.SecureString, Version=8.0.0.0, Culture=neutral, PublicKeyToken=b03f5f7f11d50a3a".
             Resolved file path is "/usr/lib64/dotnet/packs/Microsoft.NETCore.App.Ref/8.0.22/ref/net8.0/System.Security.SecureString.dll".
             Reference found at search path location "{RawFileName}".
             This reference is not "CopyLocal" because at least one source item had "Private" set to "false" and no source items had "Private" set to "true".
             The ImageRuntimeVersion for this reference is "".
         Primary reference "System.Security, Version=4.0.0.0, Culture=neutral, PublicKeyToken=b03f5f7f11d50a3a".
             Resolved file path is "/usr/lib64/dotnet/packs/Microsoft.NETCore.App.Ref/8.0.22/ref/net8.0/System.Security.dll".
             Reference found at search path location "{RawFileName}".
             This reference is not "CopyLocal" because at least one source item had "Private" set to "false" and no source items had "Private" set to "true".
             The ImageRuntimeVersion for this reference is "".
         Primary reference "System.ServiceModel.Web, Version=4.0.0.0, Culture=neutral, PublicKeyToken=31bf3856ad364e35".
             Resolved file path is "/usr/lib64/dotnet/packs/Microsoft.NETCore.App.Ref/8.0.22/ref/net8.0/System.ServiceModel.Web.dll".
             Reference found at search path location "{RawFileName}".
             This reference is not "CopyLocal" because at least one source item had "Private" set to "false" and no source items had "Private" set to "true".
             The ImageRuntimeVersion for this reference is "".
         Primary reference "System.ServiceProcess, Version=4.0.0.0, Culture=neutral, PublicKeyToken=b03f5f7f11d50a3a".
             Resolved file path is "/usr/lib64/dotnet/packs/Microsoft.NETCore.App.Ref/8.0.22/ref/net8.0/System.ServiceProcess.dll".
             Reference found at search path location "{RawFileName}".
             This reference is not "CopyLocal" because at least one source item had "Private" set to "false" and no source items had "Private" set to "true".
             The ImageRuntimeVersion for this reference is "".
         Primary reference "System.Text.Encoding.CodePages, Version=8.0.0.0, Culture=neutral, PublicKeyToken=b03f5f7f11d50a3a".
             Resolved file path is "/usr/lib64/dotnet/packs/Microsoft.NETCore.App.Ref/8.0.22/ref/net8.0/System.Text.Encoding.CodePages.dll".
             Reference found at search path location "{RawFileName}".
             This reference is not "CopyLocal" because at least one source item had "Private" set to "false" and no source items had "Private" set to "true".
             The ImageRuntimeVersion for this reference is "".
         Primary reference "System.Text.Encoding.Extensions, Version=8.0.0.0, Culture=neutral, PublicKeyToken=b03f5f7f11d50a3a".
             Resolved file path is "/usr/lib64/dotnet/packs/Microsoft.NETCore.App.Ref/8.0.22/ref/net8.0/System.Text.Encoding.Extensions.dll".
             Reference found at search path location "{RawFileName}".
             This reference is not "CopyLocal" because at least one source item had "Private" set to "false" and no source items had "Private" set to "true".
             The ImageRuntimeVersion for this reference is "".
         Primary reference "System.Text.Encoding, Version=8.0.0.0, Culture=neutral, PublicKeyToken=b03f5f7f11d50a3a".
             Resolved file path is "/usr/lib64/dotnet/packs/Microsoft.NETCore.App.Ref/8.0.22/ref/net8.0/System.Text.Encoding.dll".
             Reference found at search path location "{RawFileName}".
             This reference is not "CopyLocal" because at least one source item had "Private" set to "false" and no source items had "Private" set to "true".
             The ImageRuntimeVersion for this reference is "".
         Primary reference "System.Text.Encodings.Web, Version=8.0.0.0, Culture=neutral, PublicKeyToken=cc7b13ffcd2ddd51".
             Resolved file path is "/usr/lib64/dotnet/packs/Microsoft.NETCore.App.Ref/8.0.22/ref/net8.0/System.Text.Encodings.Web.dll".
             Reference found at search path location "{RawFileName}".
             This reference is not "CopyLocal" because at least one source item had "Private" set to "false" and no source items had "Private" set to "true".
             The ImageRuntimeVersion for this reference is "".
         Primary reference "System.Text.Json, Version=8.0.0.0, Culture=neutral, PublicKeyToken=cc7b13ffcd2ddd51".
             Resolved file path is "/usr/lib64/dotnet/packs/Microsoft.NETCore.App.Ref/8.0.22/ref/net8.0/System.Text.Json.dll".
             Reference found at search path location "{RawFileName}".
             This reference is not "CopyLocal" because at least one source item had "Private" set to "false" and no source items had "Private" set to "true".
             The ImageRuntimeVersion for this reference is "".
         Primary reference "System.Text.RegularExpressions, Version=8.0.0.0, Culture=neutral, PublicKeyToken=b03f5f7f11d50a3a".
             Resolved file path is "/usr/lib64/dotnet/packs/Microsoft.NETCore.App.Ref/8.0.22/ref/net8.0/System.Text.RegularExpressions.dll".
             Reference found at search path location "{RawFileName}".
             This reference is not "CopyLocal" because at least one source item had "Private" set to "false" and no source items had "Private" set to "true".
             The ImageRuntimeVersion for this reference is "".
         Primary reference "System.Threading.Channels, Version=8.0.0.0, Culture=neutral, PublicKeyToken=cc7b13ffcd2ddd51".
             Resolved file path is "/usr/lib64/dotnet/packs/Microsoft.NETCore.App.Ref/8.0.22/ref/net8.0/System.Threading.Channels.dll".
             Reference found at search path location "{RawFileName}".
             This reference is not "CopyLocal" because at least one source item had "Private" set to "false" and no source items had "Private" set to "true".
             The ImageRuntimeVersion for this reference is "".
         Primary reference "System.Threading.Overlapped, Version=8.0.0.0, Culture=neutral, PublicKeyToken=b03f5f7f11d50a3a".
             Resolved file path is "/usr/lib64/dotnet/packs/Microsoft.NETCore.App.Ref/8.0.22/ref/net8.0/System.Threading.Overlapped.dll".
             Reference found at search path location "{RawFileName}".
             This reference is not "CopyLocal" because at least one source item had "Private" set to "false" and no source items had "Private" set to "true".
             The ImageRuntimeVersion for this reference is "".
         Primary reference "System.Threading.Tasks.Dataflow, Version=8.0.0.0, Culture=neutral, PublicKeyToken=b03f5f7f11d50a3a".
             Resolved file path is "/usr/lib64/dotnet/packs/Microsoft.NETCore.App.Ref/8.0.22/ref/net8.0/System.Threading.Tasks.Dataflow.dll".
             Reference found at search path location "{RawFileName}".
             This reference is not "CopyLocal" because at least one source item had "Private" set to "false" and no source items had "Private" set to "true".
             The ImageRuntimeVersion for this reference is "".
         Primary reference "System.Threading.Tasks.Extensions, Version=8.0.0.0, Culture=neutral, PublicKeyToken=cc7b13ffcd2ddd51".
             Resolved file path is "/usr/lib64/dotnet/packs/Microsoft.NETCore.App.Ref/8.0.22/ref/net8.0/System.Threading.Tasks.Extensions.dll".
             Reference found at search path location "{RawFileName}".
             This reference is not "CopyLocal" because at least one source item had "Private" set to "false" and no source items had "Private" set to "true".
             The ImageRuntimeVersion for this reference is "".
         Primary reference "System.Threading.Tasks.Parallel, Version=8.0.0.0, Culture=neutral, PublicKeyToken=b03f5f7f11d50a3a".
             Resolved file path is "/usr/lib64/dotnet/packs/Microsoft.NETCore.App.Ref/8.0.22/ref/net8.0/System.Threading.Tasks.Parallel.dll".
             Reference found at search path location "{RawFileName}".
             This reference is not "CopyLocal" because at least one source item had "Private" set to "false" and no source items had "Private" set to "true".
             The ImageRuntimeVersion for this reference is "".
         Primary reference "System.Threading.Tasks, Version=8.0.0.0, Culture=neutral, PublicKeyToken=b03f5f7f11d50a3a".
             Resolved file path is "/usr/lib64/dotnet/packs/Microsoft.NETCore.App.Ref/8.0.22/ref/net8.0/System.Threading.Tasks.dll".
             Reference found at search path location "{RawFileName}".
             This reference is not "CopyLocal" because at least one source item had "Private" set to "false" and no source items had "Private" set to "true".
             The ImageRuntimeVersion for this reference is "".
         Primary reference "System.Threading.Thread, Version=8.0.0.0, Culture=neutral, PublicKeyToken=b03f5f7f11d50a3a".
             Resolved file path is "/usr/lib64/dotnet/packs/Microsoft.NETCore.App.Ref/8.0.22/ref/net8.0/System.Threading.Thread.dll".
             Reference found at search path location "{RawFileName}".
             This reference is not "CopyLocal" because at least one source item had "Private" set to "false" and no source items had "Private" set to "true".
             The ImageRuntimeVersion for this reference is "".
         Primary reference "System.Threading.ThreadPool, Version=8.0.0.0, Culture=neutral, PublicKeyToken=b03f5f7f11d50a3a".
             Resolved file path is "/usr/lib64/dotnet/packs/Microsoft.NETCore.App.Ref/8.0.22/ref/net8.0/System.Threading.ThreadPool.dll".
             Reference found at search path location "{RawFileName}".
             This reference is not "CopyLocal" because at least one source item had "Private" set to "false" and no source items had "Private" set to "true".
             The ImageRuntimeVersion for this reference is "".
         Primary reference "System.Threading.Timer, Version=8.0.0.0, Culture=neutral, PublicKeyToken=b03f5f7f11d50a3a".
             Resolved file path is "/usr/lib64/dotnet/packs/Microsoft.NETCore.App.Ref/8.0.22/ref/net8.0/System.Threading.Timer.dll".
             Reference found at search path location "{RawFileName}".
             This reference is not "CopyLocal" because at least one source item had "Private" set to "false" and no source items had "Private" set to "true".
             The ImageRuntimeVersion for this reference is "".
         Primary reference "System.Threading, Version=8.0.0.0, Culture=neutral, PublicKeyToken=b03f5f7f11d50a3a".
             Resolved file path is "/usr/lib64/dotnet/packs/Microsoft.NETCore.App.Ref/8.0.22/ref/net8.0/System.Threading.dll".
             Reference found at search path location "{RawFileName}".
             This reference is not "CopyLocal" because at least one source item had "Private" set to "false" and no source items had "Private" set to "true".
             The ImageRuntimeVersion for this reference is "".
         Primary reference "System.Transactions.Local, Version=8.0.0.0, Culture=neutral, PublicKeyToken=cc7b13ffcd2ddd51".
             Resolved file path is "/usr/lib64/dotnet/packs/Microsoft.NETCore.App.Ref/8.0.22/ref/net8.0/System.Transactions.Local.dll".
             Reference found at search path location "{RawFileName}".
             This reference is not "CopyLocal" because at least one source item had "Private" set to "false" and no source items had "Private" set to "true".
             The ImageRuntimeVersion for this reference is "".
         Primary reference "System.Transactions, Version=4.0.0.0, Culture=neutral, PublicKeyToken=b77a5c561934e089".
             Resolved file path is "/usr/lib64/dotnet/packs/Microsoft.NETCore.App.Ref/8.0.22/ref/net8.0/System.Transactions.dll".
             Reference found at search path location "{RawFileName}".
             This reference is not "CopyLocal" because at least one source item had "Private" set to "false" and no source items had "Private" set to "true".
             The ImageRuntimeVersion for this reference is "".
         Primary reference "System.ValueTuple, Version=8.0.0.0, Culture=neutral, PublicKeyToken=cc7b13ffcd2ddd51".
             Resolved file path is "/usr/lib64/dotnet/packs/Microsoft.NETCore.App.Ref/8.0.22/ref/net8.0/System.ValueTuple.dll".
             Reference found at search path location "{RawFileName}".
             This reference is not "CopyLocal" because at least one source item had "Private" set to "false" and no source items had "Private" set to "true".
             The ImageRuntimeVersion for this reference is "".
         Primary reference "System.Web.HttpUtility, Version=8.0.0.0, Culture=neutral, PublicKeyToken=cc7b13ffcd2ddd51".
             Resolved file path is "/usr/lib64/dotnet/packs/Microsoft.NETCore.App.Ref/8.0.22/ref/net8.0/System.Web.HttpUtility.dll".
             Reference found at search path location "{RawFileName}".
             This reference is not "CopyLocal" because at least one source item had "Private" set to "false" and no source items had "Private" set to "true".
             The ImageRuntimeVersion for this reference is "".
         Primary reference "System.Web, Version=4.0.0.0, Culture=neutral, PublicKeyToken=b03f5f7f11d50a3a".
             Resolved file path is "/usr/lib64/dotnet/packs/Microsoft.NETCore.App.Ref/8.0.22/ref/net8.0/System.Web.dll".
             Reference found at search path location "{RawFileName}".
             This reference is not "CopyLocal" because at least one source item had "Private" set to "false" and no source items had "Private" set to "true".
             The ImageRuntimeVersion for this reference is "".
         Primary reference "System.Windows, Version=4.0.0.0, Culture=neutral, PublicKeyToken=b03f5f7f11d50a3a".
             Resolved file path is "/usr/lib64/dotnet/packs/Microsoft.NETCore.App.Ref/8.0.22/ref/net8.0/System.Windows.dll".
             Reference found at search path location "{RawFileName}".
             This reference is not "CopyLocal" because at least one source item had "Private" set to "false" and no source items had "Private" set to "true".
             The ImageRuntimeVersion for this reference is "".
         Primary reference "System.Xml.Linq, Version=4.0.0.0, Culture=neutral, PublicKeyToken=b77a5c561934e089".
             Resolved file path is "/usr/lib64/dotnet/packs/Microsoft.NETCore.App.Ref/8.0.22/ref/net8.0/System.Xml.Linq.dll".
             Reference found at search path location "{RawFileName}".
             This reference is not "CopyLocal" because at least one source item had "Private" set to "false" and no source items had "Private" set to "true".
             The ImageRuntimeVersion for this reference is "".
         Primary reference "System.Xml.ReaderWriter, Version=8.0.0.0, Culture=neutral, PublicKeyToken=b03f5f7f11d50a3a".
             Resolved file path is "/usr/lib64/dotnet/packs/Microsoft.NETCore.App.Ref/8.0.22/ref/net8.0/System.Xml.ReaderWriter.dll".
             Reference found at search path location "{RawFileName}".
             This reference is not "CopyLocal" because at least one source item had "Private" set to "false" and no source items had "Private" set to "true".
             The ImageRuntimeVersion for this reference is "".
         Primary reference "System.Xml.Serialization, Version=4.0.0.0, Culture=neutral, PublicKeyToken=b77a5c561934e089".
             Resolved file path is "/usr/lib64/dotnet/packs/Microsoft.NETCore.App.Ref/8.0.22/ref/net8.0/System.Xml.Serialization.dll".
             Reference found at search path location "{RawFileName}".
             This reference is not "CopyLocal" because at least one source item had "Private" set to "false" and no source items had "Private" set to "true".
             The ImageRuntimeVersion for this reference is "".
         Primary reference "System.Xml.XDocument, Version=8.0.0.0, Culture=neutral, PublicKeyToken=b03f5f7f11d50a3a".
             Resolved file path is "/usr/lib64/dotnet/packs/Microsoft.NETCore.App.Ref/8.0.22/ref/net8.0/System.Xml.XDocument.dll".
             Reference found at search path location "{RawFileName}".
             This reference is not "CopyLocal" because at least one source item had "Private" set to "false" and no source items had "Private" set to "true".
             The ImageRuntimeVersion for this reference is "".
         Primary reference "System.Xml.XPath.XDocument, Version=8.0.0.0, Culture=neutral, PublicKeyToken=b03f5f7f11d50a3a".
             Resolved file path is "/usr/lib64/dotnet/packs/Microsoft.NETCore.App.Ref/8.0.22/ref/net8.0/System.Xml.XPath.XDocument.dll".
             Reference found at search path location "{RawFileName}".
             This reference is not "CopyLocal" because at least one source item had "Private" set to "false" and no source items had "Private" set to "true".
             The ImageRuntimeVersion for this reference is "".
         Primary reference "System.Xml.XPath, Version=8.0.0.0, Culture=neutral, PublicKeyToken=b03f5f7f11d50a3a".
             Resolved file path is "/usr/lib64/dotnet/packs/Microsoft.NETCore.App.Ref/8.0.22/ref/net8.0/System.Xml.XPath.dll".
             Reference found at search path location "{RawFileName}".
             This reference is not "CopyLocal" because at least one source item had "Private" set to "false" and no source items had "Private" set to "true".
             The ImageRuntimeVersion for this reference is "".
         Primary reference "System.Xml.XmlDocument, Version=8.0.0.0, Culture=neutral, PublicKeyToken=b03f5f7f11d50a3a".
             Resolved file path is "/usr/lib64/dotnet/packs/Microsoft.NETCore.App.Ref/8.0.22/ref/net8.0/System.Xml.XmlDocument.dll".
             Reference found at search path location "{RawFileName}".
             This reference is not "CopyLocal" because at least one source item had "Private" set to "false" and no source items had "Private" set to "true".
             The ImageRuntimeVersion for this reference is "".
         Primary reference "System.Xml.XmlSerializer, Version=8.0.0.0, Culture=neutral, PublicKeyToken=b03f5f7f11d50a3a".
             Resolved file path is "/usr/lib64/dotnet/packs/Microsoft.NETCore.App.Ref/8.0.22/ref/net8.0/System.Xml.XmlSerializer.dll".
             Reference found at search path location "{RawFileName}".
             This reference is not "CopyLocal" because at least one source item had "Private" set to "false" and no source items had "Private" set to "true".
             The ImageRuntimeVersion for this reference is "".
         Primary reference "System.Xml, Version=4.0.0.0, Culture=neutral, PublicKeyToken=b77a5c561934e089".
             Resolved file path is "/usr/lib64/dotnet/packs/Microsoft.NETCore.App.Ref/8.0.22/ref/net8.0/System.Xml.dll".
             Reference found at search path location "{RawFileName}".
             This reference is not "CopyLocal" because at least one source item had "Private" set to "false" and no source items had "Private" set to "true".
             The ImageRuntimeVersion for this reference is "".
         Primary reference "System, Version=4.0.0.0, Culture=neutral, PublicKeyToken=b77a5c561934e089".
             Resolved file path is "/usr/lib64/dotnet/packs/Microsoft.NETCore.App.Ref/8.0.22/ref/net8.0/System.dll".
             Reference found at search path location "{RawFileName}".
             This reference is not "CopyLocal" because at least one source item had "Private" set to "false" and no source items had "Private" set to "true".
             The ImageRuntimeVersion for this reference is "".
         Primary reference "WindowsBase, Version=4.0.0.0, Culture=neutral, PublicKeyToken=31bf3856ad364e35".
             Resolved file path is "/usr/lib64/dotnet/packs/Microsoft.NETCore.App.Ref/8.0.22/ref/net8.0/WindowsBase.dll".
             Reference found at search path location "{RawFileName}".
             This reference is not "CopyLocal" because at least one source item had "Private" set to "false" and no source items had "Private" set to "true".
             The ImageRuntimeVersion for this reference is "".
         Primary reference "mscorlib, Version=4.0.0.0, Culture=neutral, PublicKeyToken=b77a5c561934e089".
             Resolved file path is "/usr/lib64/dotnet/packs/Microsoft.NETCore.App.Ref/8.0.22/ref/net8.0/mscorlib.dll".
             Reference found at search path location "{RawFileName}".
             This reference is not "CopyLocal" because at least one source item had "Private" set to "false" and no source items had "Private" set to "true".
             The ImageRuntimeVersion for this reference is "".
         Primary reference "netstandard, Version=2.1.0.0, Culture=neutral, PublicKeyToken=cc7b13ffcd2ddd51".
             Resolved file path is "/usr/lib64/dotnet/packs/Microsoft.NETCore.App.Ref/8.0.22/ref/net8.0/netstandard.dll".
             Reference found at search path location "{RawFileName}".
             This reference is not "CopyLocal" because at least one source item had "Private" set to "false" and no source items had "Private" set to "true".
             The ImageRuntimeVersion for this reference is "".
         Primary reference "Microsoft.AspNetCore.Antiforgery, Version=8.0.0.0, Culture=neutral, PublicKeyToken=adb9793829ddae60".
             Resolved file path is "/usr/lib64/dotnet/packs/Microsoft.AspNetCore.App.Ref/8.0.22/ref/net8.0/Microsoft.AspNetCore.Antiforgery.dll".
             Reference found at search path location "{RawFileName}".
             This reference is not "CopyLocal" because at least one source item had "Private" set to "false" and no source items had "Private" set to "true".
             The ImageRuntimeVersion for this reference is "".
         Primary reference "Microsoft.AspNetCore.Authentication.Abstractions, Version=8.0.0.0, Culture=neutral, PublicKeyToken=adb9793829ddae60".
             Resolved file path is "/usr/lib64/dotnet/packs/Microsoft.AspNetCore.App.Ref/8.0.22/ref/net8.0/Microsoft.AspNetCore.Authentication.Abstractions.dll".
             Reference found at search path location "{RawFileName}".
             This reference is not "CopyLocal" because at least one source item had "Private" set to "false" and no source items had "Private" set to "true".
             The ImageRuntimeVersion for this reference is "".
         Primary reference "Microsoft.AspNetCore.Authentication.BearerToken, Version=8.0.0.0, Culture=neutral, PublicKeyToken=adb9793829ddae60".
             Resolved file path is "/usr/lib64/dotnet/packs/Microsoft.AspNetCore.App.Ref/8.0.22/ref/net8.0/Microsoft.AspNetCore.Authentication.BearerToken.dll".
             Reference found at search path location "{RawFileName}".
             This reference is not "CopyLocal" because at least one source item had "Private" set to "false" and no source items had "Private" set to "true".
             The ImageRuntimeVersion for this reference is "".
         Primary reference "Microsoft.AspNetCore.Authentication.Cookies, Version=8.0.0.0, Culture=neutral, PublicKeyToken=adb9793829ddae60".
             Resolved file path is "/usr/lib64/dotnet/packs/Microsoft.AspNetCore.App.Ref/8.0.22/ref/net8.0/Microsoft.AspNetCore.Authentication.Cookies.dll".
             Reference found at search path location "{RawFileName}".
             This reference is not "CopyLocal" because at least one source item had "Private" set to "false" and no source items had "Private" set to "true".
             The ImageRuntimeVersion for this reference is "".
         Primary reference "Microsoft.AspNetCore.Authentication.Core, Version=8.0.0.0, Culture=neutral, PublicKeyToken=adb9793829ddae60".
             Resolved file path is "/usr/lib64/dotnet/packs/Microsoft.AspNetCore.App.Ref/8.0.22/ref/net8.0/Microsoft.AspNetCore.Authentication.Core.dll".
             Reference found at search path location "{RawFileName}".
             This reference is not "CopyLocal" because at least one source item had "Private" set to "false" and no source items had "Private" set to "true".
             The ImageRuntimeVersion for this reference is "".
         Primary reference "Microsoft.AspNetCore.Authentication.OAuth, Version=8.0.0.0, Culture=neutral, PublicKeyToken=adb9793829ddae60".
             Resolved file path is "/usr/lib64/dotnet/packs/Microsoft.AspNetCore.App.Ref/8.0.22/ref/net8.0/Microsoft.AspNetCore.Authentication.OAuth.dll".
             Reference found at search path location "{RawFileName}".
             This reference is not "CopyLocal" because at least one source item had "Private" set to "false" and no source items had "Private" set to "true".
             The ImageRuntimeVersion for this reference is "".
         Primary reference "Microsoft.AspNetCore.Authentication, Version=8.0.0.0, Culture=neutral, PublicKeyToken=adb9793829ddae60".
             Resolved file path is "/usr/lib64/dotnet/packs/Microsoft.AspNetCore.App.Ref/8.0.22/ref/net8.0/Microsoft.AspNetCore.Authentication.dll".
             Reference found at search path location "{RawFileName}".
             This reference is not "CopyLocal" because at least one source item had "Private" set to "false" and no source items had "Private" set to "true".
             The ImageRuntimeVersion for this reference is "".
         Primary reference "Microsoft.AspNetCore.Authorization.Policy, Version=8.0.0.0, Culture=neutral, PublicKeyToken=adb9793829ddae60".
             Resolved file path is "/usr/lib64/dotnet/packs/Microsoft.AspNetCore.App.Ref/8.0.22/ref/net8.0/Microsoft.AspNetCore.Authorization.Policy.dll".
             Reference found at search path location "{RawFileName}".
             This reference is not "CopyLocal" because at least one source item had "Private" set to "false" and no source items had "Private" set to "true".
             The ImageRuntimeVersion for this reference is "".
         Primary reference "Microsoft.AspNetCore.Authorization, Version=8.0.0.0, Culture=neutral, PublicKeyToken=adb9793829ddae60".
             Resolved file path is "/usr/lib64/dotnet/packs/Microsoft.AspNetCore.App.Ref/8.0.22/ref/net8.0/Microsoft.AspNetCore.Authorization.dll".
             Reference found at search path location "{RawFileName}".
             This reference is not "CopyLocal" because at least one source item had "Private" set to "false" and no source items had "Private" set to "true".
             The ImageRuntimeVersion for this reference is "".
         Primary reference "Microsoft.AspNetCore.Components.Authorization, Version=8.0.0.0, Culture=neutral, PublicKeyToken=adb9793829ddae60".
             Resolved file path is "/usr/lib64/dotnet/packs/Microsoft.AspNetCore.App.Ref/8.0.22/ref/net8.0/Microsoft.AspNetCore.Components.Authorization.dll".
             Reference found at search path location "{RawFileName}".
             This reference is not "CopyLocal" because at least one source item had "Private" set to "false" and no source items had "Private" set to "true".
             The ImageRuntimeVersion for this reference is "".
         Primary reference "Microsoft.AspNetCore.Components.Endpoints, Version=8.0.0.0, Culture=neutral, PublicKeyToken=adb9793829ddae60".
             Resolved file path is "/usr/lib64/dotnet/packs/Microsoft.AspNetCore.App.Ref/8.0.22/ref/net8.0/Microsoft.AspNetCore.Components.Endpoints.dll".
             Reference found at search path location "{RawFileName}".
             This reference is not "CopyLocal" because at least one source item had "Private" set to "false" and no source items had "Private" set to "true".
             The ImageRuntimeVersion for this reference is "".
         Primary reference "Microsoft.AspNetCore.Components.Forms, Version=8.0.0.0, Culture=neutral, PublicKeyToken=adb9793829ddae60".
             Resolved file path is "/usr/lib64/dotnet/packs/Microsoft.AspNetCore.App.Ref/8.0.22/ref/net8.0/Microsoft.AspNetCore.Components.Forms.dll".
             Reference found at search path location "{RawFileName}".
             This reference is not "CopyLocal" because at least one source item had "Private" set to "false" and no source items had "Private" set to "true".
             The ImageRuntimeVersion for this reference is "".
         Primary reference "Microsoft.AspNetCore.Components.Server, Version=8.0.0.0, Culture=neutral, PublicKeyToken=adb9793829ddae60".
             Resolved file path is "/usr/lib64/dotnet/packs/Microsoft.AspNetCore.App.Ref/8.0.22/ref/net8.0/Microsoft.AspNetCore.Components.Server.dll".
             Reference found at search path location "{RawFileName}".
             This reference is not "CopyLocal" because at least one source item had "Private" set to "false" and no source items had "Private" set to "true".
             The ImageRuntimeVersion for this reference is "".
         Primary reference "Microsoft.AspNetCore.Components.Web, Version=8.0.0.0, Culture=neutral, PublicKeyToken=adb9793829ddae60".
             Resolved file path is "/usr/lib64/dotnet/packs/Microsoft.AspNetCore.App.Ref/8.0.22/ref/net8.0/Microsoft.AspNetCore.Components.Web.dll".
             Reference found at search path location "{RawFileName}".
             This reference is not "CopyLocal" because at least one source item had "Private" set to "false" and no source items had "Private" set to "true".
             The ImageRuntimeVersion for this reference is "".
         Primary reference "Microsoft.AspNetCore.Components, Version=8.0.0.0, Culture=neutral, PublicKeyToken=adb9793829ddae60".
             Resolved file path is "/usr/lib64/dotnet/packs/Microsoft.AspNetCore.App.Ref/8.0.22/ref/net8.0/Microsoft.AspNetCore.Components.dll".
             Reference found at search path location "{RawFileName}".
             This reference is not "CopyLocal" because at least one source item had "Private" set to "false" and no source items had "Private" set to "true".
             The ImageRuntimeVersion for this reference is "".
         Primary reference "Microsoft.AspNetCore.Connections.Abstractions, Version=8.0.0.0, Culture=neutral, PublicKeyToken=adb9793829ddae60".
             Resolved file path is "/usr/lib64/dotnet/packs/Microsoft.AspNetCore.App.Ref/8.0.22/ref/net8.0/Microsoft.AspNetCore.Connections.Abstractions.dll".
             Reference found at search path location "{RawFileName}".
             This reference is not "CopyLocal" because at least one source item had "Private" set to "false" and no source items had "Private" set to "true".
             The ImageRuntimeVersion for this reference is "".
         Primary reference "Microsoft.AspNetCore.CookiePolicy, Version=8.0.0.0, Culture=neutral, PublicKeyToken=adb9793829ddae60".
             Resolved file path is "/usr/lib64/dotnet/packs/Microsoft.AspNetCore.App.Ref/8.0.22/ref/net8.0/Microsoft.AspNetCore.CookiePolicy.dll".
             Reference found at search path location "{RawFileName}".
             This reference is not "CopyLocal" because at least one source item had "Private" set to "false" and no source items had "Private" set to "true".
             The ImageRuntimeVersion for this reference is "".
         Primary reference "Microsoft.AspNetCore.Cors, Version=8.0.0.0, Culture=neutral, PublicKeyToken=adb9793829ddae60".
             Resolved file path is "/usr/lib64/dotnet/packs/Microsoft.AspNetCore.App.Ref/8.0.22/ref/net8.0/Microsoft.AspNetCore.Cors.dll".
             Reference found at search path location "{RawFileName}".
             This reference is not "CopyLocal" because at least one source item had "Private" set to "false" and no source items had "Private" set to "true".
             The ImageRuntimeVersion for this reference is "".
         Primary reference "Microsoft.AspNetCore.Cryptography.Internal, Version=8.0.0.0, Culture=neutral, PublicKeyToken=adb9793829ddae60".
             Resolved file path is "/usr/lib64/dotnet/packs/Microsoft.AspNetCore.App.Ref/8.0.22/ref/net8.0/Microsoft.AspNetCore.Cryptography.Internal.dll".
             Reference found at search path location "{RawFileName}".
             This reference is not "CopyLocal" because at least one source item had "Private" set to "false" and no source items had "Private" set to "true".
             The ImageRuntimeVersion for this reference is "".
         Primary reference "Microsoft.AspNetCore.Cryptography.KeyDerivation, Version=8.0.0.0, Culture=neutral, PublicKeyToken=adb9793829ddae60".
             Resolved file path is "/usr/lib64/dotnet/packs/Microsoft.AspNetCore.App.Ref/8.0.22/ref/net8.0/Microsoft.AspNetCore.Cryptography.KeyDerivation.dll".
             Reference found at search path location "{RawFileName}".
             This reference is not "CopyLocal" because at least one source item had "Private" set to "false" and no source items had "Private" set to "true".
             The ImageRuntimeVersion for this reference is "".
         Primary reference "Microsoft.AspNetCore.DataProtection.Abstractions, Version=8.0.0.0, Culture=neutral, PublicKeyToken=adb9793829ddae60".
             Resolved file path is "/usr/lib64/dotnet/packs/Microsoft.AspNetCore.App.Ref/8.0.22/ref/net8.0/Microsoft.AspNetCore.DataProtection.Abstractions.dll".
             Reference found at search path location "{RawFileName}".
             This reference is not "CopyLocal" because at least one source item had "Private" set to "false" and no source items had "Private" set to "true".
             The ImageRuntimeVersion for this reference is "".
         Primary reference "Microsoft.AspNetCore.DataProtection.Extensions, Version=8.0.0.0, Culture=neutral, PublicKeyToken=adb9793829ddae60".
             Resolved file path is "/usr/lib64/dotnet/packs/Microsoft.AspNetCore.App.Ref/8.0.22/ref/net8.0/Microsoft.AspNetCore.DataProtection.Extensions.dll".
             Reference found at search path location "{RawFileName}".
             This reference is not "CopyLocal" because at least one source item had "Private" set to "false" and no source items had "Private" set to "true".
             The ImageRuntimeVersion for this reference is "".
         Primary reference "Microsoft.AspNetCore.DataProtection, Version=8.0.0.0, Culture=neutral, PublicKeyToken=adb9793829ddae60".
             Resolved file path is "/usr/lib64/dotnet/packs/Microsoft.AspNetCore.App.Ref/8.0.22/ref/net8.0/Microsoft.AspNetCore.DataProtection.dll".
             Reference found at search path location "{RawFileName}".
             This reference is not "CopyLocal" because at least one source item had "Private" set to "false" and no source items had "Private" set to "true".
             The ImageRuntimeVersion for this reference is "".
         Primary reference "Microsoft.AspNetCore.Diagnostics.Abstractions, Version=8.0.0.0, Culture=neutral, PublicKeyToken=adb9793829ddae60".
             Resolved file path is "/usr/lib64/dotnet/packs/Microsoft.AspNetCore.App.Ref/8.0.22/ref/net8.0/Microsoft.AspNetCore.Diagnostics.Abstractions.dll".
             Reference found at search path location "{RawFileName}".
             This reference is not "CopyLocal" because at least one source item had "Private" set to "false" and no source items had "Private" set to "true".
             The ImageRuntimeVersion for this reference is "".
         Primary reference "Microsoft.AspNetCore.Diagnostics.HealthChecks, Version=8.0.0.0, Culture=neutral, PublicKeyToken=adb9793829ddae60".
             Resolved file path is "/usr/lib64/dotnet/packs/Microsoft.AspNetCore.App.Ref/8.0.22/ref/net8.0/Microsoft.AspNetCore.Diagnostics.HealthChecks.dll".
             Reference found at search path location "{RawFileName}".
             This reference is not "CopyLocal" because at least one source item had "Private" set to "false" and no source items had "Private" set to "true".
             The ImageRuntimeVersion for this reference is "".
         Primary reference "Microsoft.AspNetCore.Diagnostics, Version=8.0.0.0, Culture=neutral, PublicKeyToken=adb9793829ddae60".
             Resolved file path is "/usr/lib64/dotnet/packs/Microsoft.AspNetCore.App.Ref/8.0.22/ref/net8.0/Microsoft.AspNetCore.Diagnostics.dll".
             Reference found at search path location "{RawFileName}".
             This reference is not "CopyLocal" because at least one source item had "Private" set to "false" and no source items had "Private" set to "true".
             The ImageRuntimeVersion for this reference is "".
         Primary reference "Microsoft.AspNetCore.HostFiltering, Version=8.0.0.0, Culture=neutral, PublicKeyToken=adb9793829ddae60".
             Resolved file path is "/usr/lib64/dotnet/packs/Microsoft.AspNetCore.App.Ref/8.0.22/ref/net8.0/Microsoft.AspNetCore.HostFiltering.dll".
             Reference found at search path location "{RawFileName}".
             This reference is not "CopyLocal" because at least one source item had "Private" set to "false" and no source items had "Private" set to "true".
             The ImageRuntimeVersion for this reference is "".
         Primary reference "Microsoft.AspNetCore.Hosting.Abstractions, Version=8.0.0.0, Culture=neutral, PublicKeyToken=adb9793829ddae60".
             Resolved file path is "/usr/lib64/dotnet/packs/Microsoft.AspNetCore.App.Ref/8.0.22/ref/net8.0/Microsoft.AspNetCore.Hosting.Abstractions.dll".
             Reference found at search path location "{RawFileName}".
             This reference is not "CopyLocal" because at least one source item had "Private" set to "false" and no source items had "Private" set to "true".
             The ImageRuntimeVersion for this reference is "".
         Primary reference "Microsoft.AspNetCore.Hosting.Server.Abstractions, Version=8.0.0.0, Culture=neutral, PublicKeyToken=adb9793829ddae60".
             Resolved file path is "/usr/lib64/dotnet/packs/Microsoft.AspNetCore.App.Ref/8.0.22/ref/net8.0/Microsoft.AspNetCore.Hosting.Server.Abstractions.dll".
             Reference found at search path location "{RawFileName}".
             This reference is not "CopyLocal" because at least one source item had "Private" set to "false" and no source items had "Private" set to "true".
             The ImageRuntimeVersion for this reference is "".
         Primary reference "Microsoft.AspNetCore.Hosting, Version=8.0.0.0, Culture=neutral, PublicKeyToken=adb9793829ddae60".
             Resolved file path is "/usr/lib64/dotnet/packs/Microsoft.AspNetCore.App.Ref/8.0.22/ref/net8.0/Microsoft.AspNetCore.Hosting.dll".
             Reference found at search path location "{RawFileName}".
             This reference is not "CopyLocal" because at least one source item had "Private" set to "false" and no source items had "Private" set to "true".
             The ImageRuntimeVersion for this reference is "".
         Primary reference "Microsoft.AspNetCore.Html.Abstractions, Version=8.0.0.0, Culture=neutral, PublicKeyToken=adb9793829ddae60".
             Resolved file path is "/usr/lib64/dotnet/packs/Microsoft.AspNetCore.App.Ref/8.0.22/ref/net8.0/Microsoft.AspNetCore.Html.Abstractions.dll".
             Reference found at search path location "{RawFileName}".
             This reference is not "CopyLocal" because at least one source item had "Private" set to "false" and no source items had "Private" set to "true".
             The ImageRuntimeVersion for this reference is "".
         Primary reference "Microsoft.AspNetCore.Http.Abstractions, Version=8.0.0.0, Culture=neutral, PublicKeyToken=adb9793829ddae60".
             Resolved file path is "/usr/lib64/dotnet/packs/Microsoft.AspNetCore.App.Ref/8.0.22/ref/net8.0/Microsoft.AspNetCore.Http.Abstractions.dll".
             Reference found at search path location "{RawFileName}".
             This reference is not "CopyLocal" because at least one source item had "Private" set to "false" and no source items had "Private" set to "true".
             The ImageRuntimeVersion for this reference is "".
         Primary reference "Microsoft.AspNetCore.Http.Connections.Common, Version=8.0.0.0, Culture=neutral, PublicKeyToken=adb9793829ddae60".
             Resolved file path is "/usr/lib64/dotnet/packs/Microsoft.AspNetCore.App.Ref/8.0.22/ref/net8.0/Microsoft.AspNetCore.Http.Connections.Common.dll".
             Reference found at search path location "{RawFileName}".
             This reference is not "CopyLocal" because at least one source item had "Private" set to "false" and no source items had "Private" set to "true".
             The ImageRuntimeVersion for this reference is "".
         Primary reference "Microsoft.AspNetCore.Http.Connections, Version=8.0.0.0, Culture=neutral, PublicKeyToken=adb9793829ddae60".
             Resolved file path is "/usr/lib64/dotnet/packs/Microsoft.AspNetCore.App.Ref/8.0.22/ref/net8.0/Microsoft.AspNetCore.Http.Connections.dll".
             Reference found at search path location "{RawFileName}".
             This reference is not "CopyLocal" because at least one source item had "Private" set to "false" and no source items had "Private" set to "true".
             The ImageRuntimeVersion for this reference is "".
         Primary reference "Microsoft.AspNetCore.Http.Extensions, Version=8.0.0.0, Culture=neutral, PublicKeyToken=adb9793829ddae60".
             Resolved file path is "/usr/lib64/dotnet/packs/Microsoft.AspNetCore.App.Ref/8.0.22/ref/net8.0/Microsoft.AspNetCore.Http.Extensions.dll".
             Reference found at search path location "{RawFileName}".
             This reference is not "CopyLocal" because at least one source item had "Private" set to "false" and no source items had "Private" set to "true".
             The ImageRuntimeVersion for this reference is "".
         Primary reference "Microsoft.AspNetCore.Http.Features, Version=8.0.0.0, Culture=neutral, PublicKeyToken=adb9793829ddae60".
             Resolved file path is "/usr/lib64/dotnet/packs/Microsoft.AspNetCore.App.Ref/8.0.22/ref/net8.0/Microsoft.AspNetCore.Http.Features.dll".
             Reference found at search path location "{RawFileName}".
             This reference is not "CopyLocal" because at least one source item had "Private" set to "false" and no source items had "Private" set to "true".
             The ImageRuntimeVersion for this reference is "".
         Primary reference "Microsoft.AspNetCore.Http.Results, Version=8.0.0.0, Culture=neutral, PublicKeyToken=adb9793829ddae60".
             Resolved file path is "/usr/lib64/dotnet/packs/Microsoft.AspNetCore.App.Ref/8.0.22/ref/net8.0/Microsoft.AspNetCore.Http.Results.dll".
             Reference found at search path location "{RawFileName}".
             This reference is not "CopyLocal" because at least one source item had "Private" set to "false" and no source items had "Private" set to "true".
             The ImageRuntimeVersion for this reference is "".
         Primary reference "Microsoft.AspNetCore.Http, Version=8.0.0.0, Culture=neutral, PublicKeyToken=adb9793829ddae60".
             Resolved file path is "/usr/lib64/dotnet/packs/Microsoft.AspNetCore.App.Ref/8.0.22/ref/net8.0/Microsoft.AspNetCore.Http.dll".
             Reference found at search path location "{RawFileName}".
             This reference is not "CopyLocal" because at least one source item had "Private" set to "false" and no source items had "Private" set to "true".
             The ImageRuntimeVersion for this reference is "".
         Primary reference "Microsoft.AspNetCore.HttpLogging, Version=8.0.0.0, Culture=neutral, PublicKeyToken=adb9793829ddae60".
             Resolved file path is "/usr/lib64/dotnet/packs/Microsoft.AspNetCore.App.Ref/8.0.22/ref/net8.0/Microsoft.AspNetCore.HttpLogging.dll".
             Reference found at search path location "{RawFileName}".
             This reference is not "CopyLocal" because at least one source item had "Private" set to "false" and no source items had "Private" set to "true".
             The ImageRuntimeVersion for this reference is "".
         Primary reference "Microsoft.AspNetCore.HttpOverrides, Version=8.0.0.0, Culture=neutral, PublicKeyToken=adb9793829ddae60".
             Resolved file path is "/usr/lib64/dotnet/packs/Microsoft.AspNetCore.App.Ref/8.0.22/ref/net8.0/Microsoft.AspNetCore.HttpOverrides.dll".
             Reference found at search path location "{RawFileName}".
             This reference is not "CopyLocal" because at least one source item had "Private" set to "false" and no source items had "Private" set to "true".
             The ImageRuntimeVersion for this reference is "".
         Primary reference "Microsoft.AspNetCore.HttpsPolicy, Version=8.0.0.0, Culture=neutral, PublicKeyToken=adb9793829ddae60".
             Resolved file path is "/usr/lib64/dotnet/packs/Microsoft.AspNetCore.App.Ref/8.0.22/ref/net8.0/Microsoft.AspNetCore.HttpsPolicy.dll".
             Reference found at search path location "{RawFileName}".
             This reference is not "CopyLocal" because at least one source item had "Private" set to "false" and no source items had "Private" set to "true".
             The ImageRuntimeVersion for this reference is "".
         Primary reference "Microsoft.AspNetCore.Identity, Version=8.0.0.0, Culture=neutral, PublicKeyToken=adb9793829ddae60".
             Resolved file path is "/usr/lib64/dotnet/packs/Microsoft.AspNetCore.App.Ref/8.0.22/ref/net8.0/Microsoft.AspNetCore.Identity.dll".
             Reference found at search path location "{RawFileName}".
             This reference is not "CopyLocal" because at least one source item had "Private" set to "false" and no source items had "Private" set to "true".
             The ImageRuntimeVersion for this reference is "".
         Primary reference "Microsoft.AspNetCore.Localization.Routing, Version=8.0.0.0, Culture=neutral, PublicKeyToken=adb9793829ddae60".
             Resolved file path is "/usr/lib64/dotnet/packs/Microsoft.AspNetCore.App.Ref/8.0.22/ref/net8.0/Microsoft.AspNetCore.Localization.Routing.dll".
             Reference found at search path location "{RawFileName}".
             This reference is not "CopyLocal" because at least one source item had "Private" set to "false" and no source items had "Private" set to "true".
             The ImageRuntimeVersion for this reference is "".
         Primary reference "Microsoft.AspNetCore.Localization, Version=8.0.0.0, Culture=neutral, PublicKeyToken=adb9793829ddae60".
             Resolved file path is "/usr/lib64/dotnet/packs/Microsoft.AspNetCore.App.Ref/8.0.22/ref/net8.0/Microsoft.AspNetCore.Localization.dll".
             Reference found at search path location "{RawFileName}".
             This reference is not "CopyLocal" because at least one source item had "Private" set to "false" and no source items had "Private" set to "true".
             The ImageRuntimeVersion for this reference is "".
         Primary reference "Microsoft.AspNetCore.Metadata, Version=8.0.0.0, Culture=neutral, PublicKeyToken=adb9793829ddae60".
             Resolved file path is "/usr/lib64/dotnet/packs/Microsoft.AspNetCore.App.Ref/8.0.22/ref/net8.0/Microsoft.AspNetCore.Metadata.dll".
             Reference found at search path location "{RawFileName}".
             This reference is not "CopyLocal" because at least one source item had "Private" set to "false" and no source items had "Private" set to "true".
             The ImageRuntimeVersion for this reference is "".
         Primary reference "Microsoft.AspNetCore.Mvc.Abstractions, Version=8.0.0.0, Culture=neutral, PublicKeyToken=adb9793829ddae60".
             Resolved file path is "/usr/lib64/dotnet/packs/Microsoft.AspNetCore.App.Ref/8.0.22/ref/net8.0/Microsoft.AspNetCore.Mvc.Abstractions.dll".
             Reference found at search path location "{RawFileName}".
             This reference is not "CopyLocal" because at least one source item had "Private" set to "false" and no source items had "Private" set to "true".
             The ImageRuntimeVersion for this reference is "".
         Primary reference "Microsoft.AspNetCore.Mvc.ApiExplorer, Version=8.0.0.0, Culture=neutral, PublicKeyToken=adb9793829ddae60".
             Resolved file path is "/usr/lib64/dotnet/packs/Microsoft.AspNetCore.App.Ref/8.0.22/ref/net8.0/Microsoft.AspNetCore.Mvc.ApiExplorer.dll".
             Reference found at search path location "{RawFileName}".
             This reference is not "CopyLocal" because at least one source item had "Private" set to "false" and no source items had "Private" set to "true".
             The ImageRuntimeVersion for this reference is "".
         Primary reference "Microsoft.AspNetCore.Mvc.Core, Version=8.0.0.0, Culture=neutral, PublicKeyToken=adb9793829ddae60".
             Resolved file path is "/usr/lib64/dotnet/packs/Microsoft.AspNetCore.App.Ref/8.0.22/ref/net8.0/Microsoft.AspNetCore.Mvc.Core.dll".
             Reference found at search path location "{RawFileName}".
             This reference is not "CopyLocal" because at least one source item had "Private" set to "false" and no source items had "Private" set to "true".
             The ImageRuntimeVersion for this reference is "".
         Primary reference "Microsoft.AspNetCore.Mvc.Cors, Version=8.0.0.0, Culture=neutral, PublicKeyToken=adb9793829ddae60".
             Resolved file path is "/usr/lib64/dotnet/packs/Microsoft.AspNetCore.App.Ref/8.0.22/ref/net8.0/Microsoft.AspNetCore.Mvc.Cors.dll".
             Reference found at search path location "{RawFileName}".
             This reference is not "CopyLocal" because at least one source item had "Private" set to "false" and no source items had "Private" set to "true".
             The ImageRuntimeVersion for this reference is "".
         Primary reference "Microsoft.AspNetCore.Mvc.DataAnnotations, Version=8.0.0.0, Culture=neutral, PublicKeyToken=adb9793829ddae60".
             Resolved file path is "/usr/lib64/dotnet/packs/Microsoft.AspNetCore.App.Ref/8.0.22/ref/net8.0/Microsoft.AspNetCore.Mvc.DataAnnotations.dll".
             Reference found at search path location "{RawFileName}".
             This reference is not "CopyLocal" because at least one source item had "Private" set to "false" and no source items had "Private" set to "true".
             The ImageRuntimeVersion for this reference is "".
         Primary reference "Microsoft.AspNetCore.Mvc.Formatters.Json, Version=8.0.0.0, Culture=neutral, PublicKeyToken=adb9793829ddae60".
             Resolved file path is "/usr/lib64/dotnet/packs/Microsoft.AspNetCore.App.Ref/8.0.22/ref/net8.0/Microsoft.AspNetCore.Mvc.Formatters.Json.dll".
             Reference found at search path location "{RawFileName}".
             This reference is not "CopyLocal" because at least one source item had "Private" set to "false" and no source items had "Private" set to "true".
             The ImageRuntimeVersion for this reference is "".
         Primary reference "Microsoft.AspNetCore.Mvc.Formatters.Xml, Version=8.0.0.0, Culture=neutral, PublicKeyToken=adb9793829ddae60".
             Resolved file path is "/usr/lib64/dotnet/packs/Microsoft.AspNetCore.App.Ref/8.0.22/ref/net8.0/Microsoft.AspNetCore.Mvc.Formatters.Xml.dll".
             Reference found at search path location "{RawFileName}".
             This reference is not "CopyLocal" because at least one source item had "Private" set to "false" and no source items had "Private" set to "true".
             The ImageRuntimeVersion for this reference is "".
         Primary reference "Microsoft.AspNetCore.Mvc.Localization, Version=8.0.0.0, Culture=neutral, PublicKeyToken=adb9793829ddae60".
             Resolved file path is "/usr/lib64/dotnet/packs/Microsoft.AspNetCore.App.Ref/8.0.22/ref/net8.0/Microsoft.AspNetCore.Mvc.Localization.dll".
             Reference found at search path location "{RawFileName}".
             This reference is not "CopyLocal" because at least one source item had "Private" set to "false" and no source items had "Private" set to "true".
             The ImageRuntimeVersion for this reference is "".
         Primary reference "Microsoft.AspNetCore.Mvc.Razor, Version=8.0.0.0, Culture=neutral, PublicKeyToken=adb9793829ddae60".
             Resolved file path is "/usr/lib64/dotnet/packs/Microsoft.AspNetCore.App.Ref/8.0.22/ref/net8.0/Microsoft.AspNetCore.Mvc.Razor.dll".
             Reference found at search path location "{RawFileName}".
             This reference is not "CopyLocal" because at least one source item had "Private" set to "false" and no source items had "Private" set to "true".
             The ImageRuntimeVersion for this reference is "".
         Primary reference "Microsoft.AspNetCore.Mvc.RazorPages, Version=8.0.0.0, Culture=neutral, PublicKeyToken=adb9793829ddae60".
             Resolved file path is "/usr/lib64/dotnet/packs/Microsoft.AspNetCore.App.Ref/8.0.22/ref/net8.0/Microsoft.AspNetCore.Mvc.RazorPages.dll".
             Reference found at search path location "{RawFileName}".
             This reference is not "CopyLocal" because at least one source item had "Private" set to "false" and no source items had "Private" set to "true".
             The ImageRuntimeVersion for this reference is "".
         Primary reference "Microsoft.AspNetCore.Mvc.TagHelpers, Version=8.0.0.0, Culture=neutral, PublicKeyToken=adb9793829ddae60".
             Resolved file path is "/usr/lib64/dotnet/packs/Microsoft.AspNetCore.App.Ref/8.0.22/ref/net8.0/Microsoft.AspNetCore.Mvc.TagHelpers.dll".
             Reference found at search path location "{RawFileName}".
             This reference is not "CopyLocal" because at least one source item had "Private" set to "false" and no source items had "Private" set to "true".
             The ImageRuntimeVersion for this reference is "".
         Primary reference "Microsoft.AspNetCore.Mvc.ViewFeatures, Version=8.0.0.0, Culture=neutral, PublicKeyToken=adb9793829ddae60".
             Resolved file path is "/usr/lib64/dotnet/packs/Microsoft.AspNetCore.App.Ref/8.0.22/ref/net8.0/Microsoft.AspNetCore.Mvc.ViewFeatures.dll".
             Reference found at search path location "{RawFileName}".
             This reference is not "CopyLocal" because at least one source item had "Private" set to "false" and no source items had "Private" set to "true".
             The ImageRuntimeVersion for this reference is "".
         Primary reference "Microsoft.AspNetCore.Mvc, Version=8.0.0.0, Culture=neutral, PublicKeyToken=adb9793829ddae60".
             Resolved file path is "/usr/lib64/dotnet/packs/Microsoft.AspNetCore.App.Ref/8.0.22/ref/net8.0/Microsoft.AspNetCore.Mvc.dll".
             Reference found at search path location "{RawFileName}".
             This reference is not "CopyLocal" because at least one source item had "Private" set to "false" and no source items had "Private" set to "true".
             The ImageRuntimeVersion for this reference is "".
         Primary reference "Microsoft.AspNetCore.OutputCaching, Version=8.0.0.0, Culture=neutral, PublicKeyToken=adb9793829ddae60".
             Resolved file path is "/usr/lib64/dotnet/packs/Microsoft.AspNetCore.App.Ref/8.0.22/ref/net8.0/Microsoft.AspNetCore.OutputCaching.dll".
             Reference found at search path location "{RawFileName}".
             This reference is not "CopyLocal" because at least one source item had "Private" set to "false" and no source items had "Private" set to "true".
             The ImageRuntimeVersion for this reference is "".
         Primary reference "Microsoft.AspNetCore.RateLimiting, Version=8.0.0.0, Culture=neutral, PublicKeyToken=adb9793829ddae60".
             Resolved file path is "/usr/lib64/dotnet/packs/Microsoft.AspNetCore.App.Ref/8.0.22/ref/net8.0/Microsoft.AspNetCore.RateLimiting.dll".
             Reference found at search path location "{RawFileName}".
             This reference is not "CopyLocal" because at least one source item had "Private" set to "false" and no source items had "Private" set to "true".
             The ImageRuntimeVersion for this reference is "".
         Primary reference "Microsoft.AspNetCore.Razor.Runtime, Version=8.0.0.0, Culture=neutral, PublicKeyToken=adb9793829ddae60".
             Resolved file path is "/usr/lib64/dotnet/packs/Microsoft.AspNetCore.App.Ref/8.0.22/ref/net8.0/Microsoft.AspNetCore.Razor.Runtime.dll".
             Reference found at search path location "{RawFileName}".
             This reference is not "CopyLocal" because at least one source item had "Private" set to "false" and no source items had "Private" set to "true".
             The ImageRuntimeVersion for this reference is "".
         Primary reference "Microsoft.AspNetCore.Razor, Version=8.0.0.0, Culture=neutral, PublicKeyToken=adb9793829ddae60".
             Resolved file path is "/usr/lib64/dotnet/packs/Microsoft.AspNetCore.App.Ref/8.0.22/ref/net8.0/Microsoft.AspNetCore.Razor.dll".
             Reference found at search path location "{RawFileName}".
             This reference is not "CopyLocal" because at least one source item had "Private" set to "false" and no source items had "Private" set to "true".
             The ImageRuntimeVersion for this reference is "".
         Primary reference "Microsoft.AspNetCore.RequestDecompression, Version=8.0.0.0, Culture=neutral, PublicKeyToken=adb9793829ddae60".
             Resolved file path is "/usr/lib64/dotnet/packs/Microsoft.AspNetCore.App.Ref/8.0.22/ref/net8.0/Microsoft.AspNetCore.RequestDecompression.dll".
             Reference found at search path location "{RawFileName}".
             This reference is not "CopyLocal" because at least one source item had "Private" set to "false" and no source items had "Private" set to "true".
             The ImageRuntimeVersion for this reference is "".
         Primary reference "Microsoft.AspNetCore.ResponseCaching.Abstractions, Version=8.0.0.0, Culture=neutral, PublicKeyToken=adb9793829ddae60".
             Resolved file path is "/usr/lib64/dotnet/packs/Microsoft.AspNetCore.App.Ref/8.0.22/ref/net8.0/Microsoft.AspNetCore.ResponseCaching.Abstractions.dll".
             Reference found at search path location "{RawFileName}".
             This reference is not "CopyLocal" because at least one source item had "Private" set to "false" and no source items had "Private" set to "true".
             The ImageRuntimeVersion for this reference is "".
         Primary reference "Microsoft.AspNetCore.ResponseCaching, Version=8.0.0.0, Culture=neutral, PublicKeyToken=adb9793829ddae60".
             Resolved file path is "/usr/lib64/dotnet/packs/Microsoft.AspNetCore.App.Ref/8.0.22/ref/net8.0/Microsoft.AspNetCore.ResponseCaching.dll".
             Reference found at search path location "{RawFileName}".
             This reference is not "CopyLocal" because at least one source item had "Private" set to "false" and no source items had "Private" set to "true".
             The ImageRuntimeVersion for this reference is "".
         Primary reference "Microsoft.AspNetCore.ResponseCompression, Version=8.0.0.0, Culture=neutral, PublicKeyToken=adb9793829ddae60".
             Resolved file path is "/usr/lib64/dotnet/packs/Microsoft.AspNetCore.App.Ref/8.0.22/ref/net8.0/Microsoft.AspNetCore.ResponseCompression.dll".
             Reference found at search path location "{RawFileName}".
             This reference is not "CopyLocal" because at least one source item had "Private" set to "false" and no source items had "Private" set to "true".
             The ImageRuntimeVersion for this reference is "".
         Primary reference "Microsoft.AspNetCore.Rewrite, Version=8.0.0.0, Culture=neutral, PublicKeyToken=adb9793829ddae60".
             Resolved file path is "/usr/lib64/dotnet/packs/Microsoft.AspNetCore.App.Ref/8.0.22/ref/net8.0/Microsoft.AspNetCore.Rewrite.dll".
             Reference found at search path location "{RawFileName}".
             This reference is not "CopyLocal" because at least one source item had "Private" set to "false" and no source items had "Private" set to "true".
             The ImageRuntimeVersion for this reference is "".
         Primary reference "Microsoft.AspNetCore.Routing.Abstractions, Version=8.0.0.0, Culture=neutral, PublicKeyToken=adb9793829ddae60".
             Resolved file path is "/usr/lib64/dotnet/packs/Microsoft.AspNetCore.App.Ref/8.0.22/ref/net8.0/Microsoft.AspNetCore.Routing.Abstractions.dll".
             Reference found at search path location "{RawFileName}".
             This reference is not "CopyLocal" because at least one source item had "Private" set to "false" and no source items had "Private" set to "true".
             The ImageRuntimeVersion for this reference is "".
         Primary reference "Microsoft.AspNetCore.Routing, Version=8.0.0.0, Culture=neutral, PublicKeyToken=adb9793829ddae60".
             Resolved file path is "/usr/lib64/dotnet/packs/Microsoft.AspNetCore.App.Ref/8.0.22/ref/net8.0/Microsoft.AspNetCore.Routing.dll".
             Reference found at search path location "{RawFileName}".
             This reference is not "CopyLocal" because at least one source item had "Private" set to "false" and no source items had "Private" set to "true".
             The ImageRuntimeVersion for this reference is "".
         Primary reference "Microsoft.AspNetCore.Server.HttpSys, Version=8.0.0.0, Culture=neutral, PublicKeyToken=adb9793829ddae60".
             Resolved file path is "/usr/lib64/dotnet/packs/Microsoft.AspNetCore.App.Ref/8.0.22/ref/net8.0/Microsoft.AspNetCore.Server.HttpSys.dll".
             Reference found at search path location "{RawFileName}".
             This reference is not "CopyLocal" because at least one source item had "Private" set to "false" and no source items had "Private" set to "true".
             The ImageRuntimeVersion for this reference is "".
         Primary reference "Microsoft.AspNetCore.Server.IIS, Version=8.0.0.0, Culture=neutral, PublicKeyToken=adb9793829ddae60".
             Resolved file path is "/usr/lib64/dotnet/packs/Microsoft.AspNetCore.App.Ref/8.0.22/ref/net8.0/Microsoft.AspNetCore.Server.IIS.dll".
             Reference found at search path location "{RawFileName}".
             This reference is not "CopyLocal" because at least one source item had "Private" set to "false" and no source items had "Private" set to "true".
             The ImageRuntimeVersion for this reference is "".
         Primary reference "Microsoft.AspNetCore.Server.IISIntegration, Version=8.0.0.0, Culture=neutral, PublicKeyToken=adb9793829ddae60".
             Resolved file path is "/usr/lib64/dotnet/packs/Microsoft.AspNetCore.App.Ref/8.0.22/ref/net8.0/Microsoft.AspNetCore.Server.IISIntegration.dll".
             Reference found at search path location "{RawFileName}".
             This reference is not "CopyLocal" because at least one source item had "Private" set to "false" and no source items had "Private" set to "true".
             The ImageRuntimeVersion for this reference is "".
         Primary reference "Microsoft.AspNetCore.Server.Kestrel.Core, Version=8.0.0.0, Culture=neutral, PublicKeyToken=adb9793829ddae60".
             Resolved file path is "/usr/lib64/dotnet/packs/Microsoft.AspNetCore.App.Ref/8.0.22/ref/net8.0/Microsoft.AspNetCore.Server.Kestrel.Core.dll".
             Reference found at search path location "{RawFileName}".
             This reference is not "CopyLocal" because at least one source item had "Private" set to "false" and no source items had "Private" set to "true".
             The ImageRuntimeVersion for this reference is "".
         Primary reference "Microsoft.AspNetCore.Server.Kestrel.Transport.NamedPipes, Version=8.0.0.0, Culture=neutral, PublicKeyToken=adb9793829ddae60".
             Resolved file path is "/usr/lib64/dotnet/packs/Microsoft.AspNetCore.App.Ref/8.0.22/ref/net8.0/Microsoft.AspNetCore.Server.Kestrel.Transport.NamedPipes.dll".
             Reference found at search path location "{RawFileName}".
             This reference is not "CopyLocal" because at least one source item had "Private" set to "false" and no source items had "Private" set to "true".
             The ImageRuntimeVersion for this reference is "".
         Primary reference "Microsoft.AspNetCore.Server.Kestrel.Transport.Quic, Version=8.0.0.0, Culture=neutral, PublicKeyToken=adb9793829ddae60".
             Resolved file path is "/usr/lib64/dotnet/packs/Microsoft.AspNetCore.App.Ref/8.0.22/ref/net8.0/Microsoft.AspNetCore.Server.Kestrel.Transport.Quic.dll".
             Reference found at search path location "{RawFileName}".
             This reference is not "CopyLocal" because at least one source item had "Private" set to "false" and no source items had "Private" set to "true".
             The ImageRuntimeVersion for this reference is "".
         Primary reference "Microsoft.AspNetCore.Server.Kestrel.Transport.Sockets, Version=8.0.0.0, Culture=neutral, PublicKeyToken=adb9793829ddae60".
             Resolved file path is "/usr/lib64/dotnet/packs/Microsoft.AspNetCore.App.Ref/8.0.22/ref/net8.0/Microsoft.AspNetCore.Server.Kestrel.Transport.Sockets.dll".
             Reference found at search path location "{RawFileName}".
             This reference is not "CopyLocal" because at least one source item had "Private" set to "false" and no source items had "Private" set to "true".
             The ImageRuntimeVersion for this reference is "".
         Primary reference "Microsoft.AspNetCore.Server.Kestrel, Version=8.0.0.0, Culture=neutral, PublicKeyToken=adb9793829ddae60".
             Resolved file path is "/usr/lib64/dotnet/packs/Microsoft.AspNetCore.App.Ref/8.0.22/ref/net8.0/Microsoft.AspNetCore.Server.Kestrel.dll".
             Reference found at search path location "{RawFileName}".
             This reference is not "CopyLocal" because at least one source item had "Private" set to "false" and no source items had "Private" set to "true".
             The ImageRuntimeVersion for this reference is "".
         Primary reference "Microsoft.AspNetCore.Session, Version=8.0.0.0, Culture=neutral, PublicKeyToken=adb9793829ddae60".
             Resolved file path is "/usr/lib64/dotnet/packs/Microsoft.AspNetCore.App.Ref/8.0.22/ref/net8.0/Microsoft.AspNetCore.Session.dll".
             Reference found at search path location "{RawFileName}".
             This reference is not "CopyLocal" because at least one source item had "Private" set to "false" and no source items had "Private" set to "true".
             The ImageRuntimeVersion for this reference is "".
         Primary reference "Microsoft.AspNetCore.SignalR.Common, Version=8.0.0.0, Culture=neutral, PublicKeyToken=adb9793829ddae60".
             Resolved file path is "/usr/lib64/dotnet/packs/Microsoft.AspNetCore.App.Ref/8.0.22/ref/net8.0/Microsoft.AspNetCore.SignalR.Common.dll".
             Reference found at search path location "{RawFileName}".
             This reference is not "CopyLocal" because at least one source item had "Private" set to "false" and no source items had "Private" set to "true".
             The ImageRuntimeVersion for this reference is "".
         Primary reference "Microsoft.AspNetCore.SignalR.Core, Version=8.0.0.0, Culture=neutral, PublicKeyToken=adb9793829ddae60".
             Resolved file path is "/usr/lib64/dotnet/packs/Microsoft.AspNetCore.App.Ref/8.0.22/ref/net8.0/Microsoft.AspNetCore.SignalR.Core.dll".
             Reference found at search path location "{RawFileName}".
             This reference is not "CopyLocal" because at least one source item had "Private" set to "false" and no source items had "Private" set to "true".
             The ImageRuntimeVersion for this reference is "".
         Primary reference "Microsoft.AspNetCore.SignalR.Protocols.Json, Version=8.0.0.0, Culture=neutral, PublicKeyToken=adb9793829ddae60".
             Resolved file path is "/usr/lib64/dotnet/packs/Microsoft.AspNetCore.App.Ref/8.0.22/ref/net8.0/Microsoft.AspNetCore.SignalR.Protocols.Json.dll".
             Reference found at search path location "{RawFileName}".
             This reference is not "CopyLocal" because at least one source item had "Private" set to "false" and no source items had "Private" set to "true".
             The ImageRuntimeVersion for this reference is "".
         Primary reference "Microsoft.AspNetCore.SignalR, Version=8.0.0.0, Culture=neutral, PublicKeyToken=adb9793829ddae60".
             Resolved file path is "/usr/lib64/dotnet/packs/Microsoft.AspNetCore.App.Ref/8.0.22/ref/net8.0/Microsoft.AspNetCore.SignalR.dll".
             Reference found at search path location "{RawFileName}".
             This reference is not "CopyLocal" because at least one source item had "Private" set to "false" and no source items had "Private" set to "true".
             The ImageRuntimeVersion for this reference is "".
         Primary reference "Microsoft.AspNetCore.StaticFiles, Version=8.0.0.0, Culture=neutral, PublicKeyToken=adb9793829ddae60".
             Resolved file path is "/usr/lib64/dotnet/packs/Microsoft.AspNetCore.App.Ref/8.0.22/ref/net8.0/Microsoft.AspNetCore.StaticFiles.dll".
             Reference found at search path location "{RawFileName}".
             This reference is not "CopyLocal" because at least one source item had "Private" set to "false" and no source items had "Private" set to "true".
             The ImageRuntimeVersion for this reference is "".
         Primary reference "Microsoft.AspNetCore.WebSockets, Version=8.0.0.0, Culture=neutral, PublicKeyToken=adb9793829ddae60".
             Resolved file path is "/usr/lib64/dotnet/packs/Microsoft.AspNetCore.App.Ref/8.0.22/ref/net8.0/Microsoft.AspNetCore.WebSockets.dll".
             Reference found at search path location "{RawFileName}".
             This reference is not "CopyLocal" because at least one source item had "Private" set to "false" and no source items had "Private" set to "true".
             The ImageRuntimeVersion for this reference is "".
         Primary reference "Microsoft.AspNetCore.WebUtilities, Version=8.0.0.0, Culture=neutral, PublicKeyToken=adb9793829ddae60".
             Resolved file path is "/usr/lib64/dotnet/packs/Microsoft.AspNetCore.App.Ref/8.0.22/ref/net8.0/Microsoft.AspNetCore.WebUtilities.dll".
             Reference found at search path location "{RawFileName}".
             This reference is not "CopyLocal" because at least one source item had "Private" set to "false" and no source items had "Private" set to "true".
             The ImageRuntimeVersion for this reference is "".
         Primary reference "Microsoft.AspNetCore, Version=8.0.0.0, Culture=neutral, PublicKeyToken=adb9793829ddae60".
             Resolved file path is "/usr/lib64/dotnet/packs/Microsoft.AspNetCore.App.Ref/8.0.22/ref/net8.0/Microsoft.AspNetCore.dll".
             Reference found at search path location "{RawFileName}".
             This reference is not "CopyLocal" because at least one source item had "Private" set to "false" and no source items had "Private" set to "true".
             The ImageRuntimeVersion for this reference is "".
         Primary reference "Microsoft.Extensions.Caching.Abstractions, Version=8.0.0.0, Culture=neutral, PublicKeyToken=adb9793829ddae60".
             Resolved file path is "/usr/lib64/dotnet/packs/Microsoft.AspNetCore.App.Ref/8.0.22/ref/net8.0/Microsoft.Extensions.Caching.Abstractions.dll".
             Reference found at search path location "{RawFileName}".
             This reference is not "CopyLocal" because at least one source item had "Private" set to "false" and no source items had "Private" set to "true".
             The ImageRuntimeVersion for this reference is "".
         Primary reference "Microsoft.Extensions.Caching.Memory, Version=8.0.0.0, Culture=neutral, PublicKeyToken=adb9793829ddae60".
             Resolved file path is "/usr/lib64/dotnet/packs/Microsoft.AspNetCore.App.Ref/8.0.22/ref/net8.0/Microsoft.Extensions.Caching.Memory.dll".
             Reference found at search path location "{RawFileName}".
             This reference is not "CopyLocal" because at least one source item had "Private" set to "false" and no source items had "Private" set to "true".
             The ImageRuntimeVersion for this reference is "".
         Primary reference "Microsoft.Extensions.Configuration.Abstractions, Version=8.0.0.0, Culture=neutral, PublicKeyToken=adb9793829ddae60".
             Resolved file path is "/usr/lib64/dotnet/packs/Microsoft.AspNetCore.App.Ref/8.0.22/ref/net8.0/Microsoft.Extensions.Configuration.Abstractions.dll".
             Reference found at search path location "{RawFileName}".
             This reference is not "CopyLocal" because at least one source item had "Private" set to "false" and no source items had "Private" set to "true".
             The ImageRuntimeVersion for this reference is "".
         Primary reference "Microsoft.Extensions.Configuration.Binder, Version=8.0.0.0, Culture=neutral, PublicKeyToken=adb9793829ddae60".
             Resolved file path is "/usr/lib64/dotnet/packs/Microsoft.AspNetCore.App.Ref/8.0.22/ref/net8.0/Microsoft.Extensions.Configuration.Binder.dll".
             Reference found at search path location "{RawFileName}".
             This reference is not "CopyLocal" because at least one source item had "Private" set to "false" and no source items had "Private" set to "true".
             The ImageRuntimeVersion for this reference is "".
         Primary reference "Microsoft.Extensions.Configuration.CommandLine, Version=8.0.0.0, Culture=neutral, PublicKeyToken=adb9793829ddae60".
             Resolved file path is "/usr/lib64/dotnet/packs/Microsoft.AspNetCore.App.Ref/8.0.22/ref/net8.0/Microsoft.Extensions.Configuration.CommandLine.dll".
             Reference found at search path location "{RawFileName}".
             This reference is not "CopyLocal" because at least one source item had "Private" set to "false" and no source items had "Private" set to "true".
             The ImageRuntimeVersion for this reference is "".
         Primary reference "Microsoft.Extensions.Configuration.EnvironmentVariables, Version=8.0.0.0, Culture=neutral, PublicKeyToken=adb9793829ddae60".
             Resolved file path is "/usr/lib64/dotnet/packs/Microsoft.AspNetCore.App.Ref/8.0.22/ref/net8.0/Microsoft.Extensions.Configuration.EnvironmentVariables.dll".
             Reference found at search path location "{RawFileName}".
             This reference is not "CopyLocal" because at least one source item had "Private" set to "false" and no source items had "Private" set to "true".
             The ImageRuntimeVersion for this reference is "".
         Primary reference "Microsoft.Extensions.Configuration.FileExtensions, Version=8.0.0.0, Culture=neutral, PublicKeyToken=adb9793829ddae60".
             Resolved file path is "/usr/lib64/dotnet/packs/Microsoft.AspNetCore.App.Ref/8.0.22/ref/net8.0/Microsoft.Extensions.Configuration.FileExtensions.dll".
             Reference found at search path location "{RawFileName}".
             This reference is not "CopyLocal" because at least one source item had "Private" set to "false" and no source items had "Private" set to "true".
             The ImageRuntimeVersion for this reference is "".
         Primary reference "Microsoft.Extensions.Configuration.Ini, Version=8.0.0.0, Culture=neutral, PublicKeyToken=adb9793829ddae60".
             Resolved file path is "/usr/lib64/dotnet/packs/Microsoft.AspNetCore.App.Ref/8.0.22/ref/net8.0/Microsoft.Extensions.Configuration.Ini.dll".
             Reference found at search path location "{RawFileName}".
             This reference is not "CopyLocal" because at least one source item had "Private" set to "false" and no source items had "Private" set to "true".
             The ImageRuntimeVersion for this reference is "".
         Primary reference "Microsoft.Extensions.Configuration.Json, Version=8.0.0.0, Culture=neutral, PublicKeyToken=adb9793829ddae60".
             Resolved file path is "/usr/lib64/dotnet/packs/Microsoft.AspNetCore.App.Ref/8.0.22/ref/net8.0/Microsoft.Extensions.Configuration.Json.dll".
             Reference found at search path location "{RawFileName}".
             This reference is not "CopyLocal" because at least one source item had "Private" set to "false" and no source items had "Private" set to "true".
             The ImageRuntimeVersion for this reference is "".
         Primary reference "Microsoft.Extensions.Configuration.KeyPerFile, Version=8.0.0.0, Culture=neutral, PublicKeyToken=adb9793829ddae60".
             Resolved file path is "/usr/lib64/dotnet/packs/Microsoft.AspNetCore.App.Ref/8.0.22/ref/net8.0/Microsoft.Extensions.Configuration.KeyPerFile.dll".
             Reference found at search path location "{RawFileName}".
             This reference is not "CopyLocal" because at least one source item had "Private" set to "false" and no source items had "Private" set to "true".
             The ImageRuntimeVersion for this reference is "".
         Primary reference "Microsoft.Extensions.Configuration.UserSecrets, Version=8.0.0.0, Culture=neutral, PublicKeyToken=adb9793829ddae60".
             Resolved file path is "/usr/lib64/dotnet/packs/Microsoft.AspNetCore.App.Ref/8.0.22/ref/net8.0/Microsoft.Extensions.Configuration.UserSecrets.dll".
             Reference found at search path location "{RawFileName}".
             This reference is not "CopyLocal" because at least one source item had "Private" set to "false" and no source items had "Private" set to "true".
             The ImageRuntimeVersion for this reference is "".
         Primary reference "Microsoft.Extensions.Configuration.Xml, Version=8.0.0.0, Culture=neutral, PublicKeyToken=adb9793829ddae60".
             Resolved file path is "/usr/lib64/dotnet/packs/Microsoft.AspNetCore.App.Ref/8.0.22/ref/net8.0/Microsoft.Extensions.Configuration.Xml.dll".
             Reference found at search path location "{RawFileName}".
             This reference is not "CopyLocal" because at least one source item had "Private" set to "false" and no source items had "Private" set to "true".
             The ImageRuntimeVersion for this reference is "".
         Primary reference "Microsoft.Extensions.Configuration, Version=8.0.0.0, Culture=neutral, PublicKeyToken=adb9793829ddae60".
             Resolved file path is "/usr/lib64/dotnet/packs/Microsoft.AspNetCore.App.Ref/8.0.22/ref/net8.0/Microsoft.Extensions.Configuration.dll".
             Reference found at search path location "{RawFileName}".
             This reference is not "CopyLocal" because at least one source item had "Private" set to "false" and no source items had "Private" set to "true".
             The ImageRuntimeVersion for this reference is "".
         Primary reference "Microsoft.Extensions.DependencyInjection.Abstractions, Version=8.0.0.0, Culture=neutral, PublicKeyToken=adb9793829ddae60".
             Resolved file path is "/usr/lib64/dotnet/packs/Microsoft.AspNetCore.App.Ref/8.0.22/ref/net8.0/Microsoft.Extensions.DependencyInjection.Abstractions.dll".
             Reference found at search path location "{RawFileName}".
             This reference is not "CopyLocal" because at least one source item had "Private" set to "false" and no source items had "Private" set to "true".
             The ImageRuntimeVersion for this reference is "".
         Primary reference "Microsoft.Extensions.DependencyInjection, Version=8.0.0.0, Culture=neutral, PublicKeyToken=adb9793829ddae60".
             Resolved file path is "/usr/lib64/dotnet/packs/Microsoft.AspNetCore.App.Ref/8.0.22/ref/net8.0/Microsoft.Extensions.DependencyInjection.dll".
             Reference found at search path location "{RawFileName}".
             This reference is not "CopyLocal" because at least one source item had "Private" set to "false" and no source items had "Private" set to "true".
             The ImageRuntimeVersion for this reference is "".
         Primary reference "Microsoft.Extensions.Diagnostics.Abstractions, Version=8.0.0.0, Culture=neutral, PublicKeyToken=adb9793829ddae60".
             Resolved file path is "/usr/lib64/dotnet/packs/Microsoft.AspNetCore.App.Ref/8.0.22/ref/net8.0/Microsoft.Extensions.Diagnostics.Abstractions.dll".
             Reference found at search path location "{RawFileName}".
             This reference is not "CopyLocal" because at least one source item had "Private" set to "false" and no source items had "Private" set to "true".
             The ImageRuntimeVersion for this reference is "".
         Primary reference "Microsoft.Extensions.Diagnostics.HealthChecks.Abstractions, Version=8.0.0.0, Culture=neutral, PublicKeyToken=adb9793829ddae60".
             Resolved file path is "/usr/lib64/dotnet/packs/Microsoft.AspNetCore.App.Ref/8.0.22/ref/net8.0/Microsoft.Extensions.Diagnostics.HealthChecks.Abstractions.dll".
             Reference found at search path location "{RawFileName}".
             This reference is not "CopyLocal" because at least one source item had "Private" set to "false" and no source items had "Private" set to "true".
             The ImageRuntimeVersion for this reference is "".
         Primary reference "Microsoft.Extensions.Diagnostics.HealthChecks, Version=8.0.0.0, Culture=neutral, PublicKeyToken=adb9793829ddae60".
             Resolved file path is "/usr/lib64/dotnet/packs/Microsoft.AspNetCore.App.Ref/8.0.22/ref/net8.0/Microsoft.Extensions.Diagnostics.HealthChecks.dll".
             Reference found at search path location "{RawFileName}".
             This reference is not "CopyLocal" because at least one source item had "Private" set to "false" and no source items had "Private" set to "true".
             The ImageRuntimeVersion for this reference is "".
         Primary reference "Microsoft.Extensions.Diagnostics, Version=8.0.0.0, Culture=neutral, PublicKeyToken=adb9793829ddae60".
             Resolved file path is "/usr/lib64/dotnet/packs/Microsoft.AspNetCore.App.Ref/8.0.22/ref/net8.0/Microsoft.Extensions.Diagnostics.dll".
             Reference found at search path location "{RawFileName}".
             This reference is not "CopyLocal" because at least one source item had "Private" set to "false" and no source items had "Private" set to "true".
             The ImageRuntimeVersion for this reference is "".
         Primary reference "Microsoft.Extensions.Features, Version=8.0.0.0, Culture=neutral, PublicKeyToken=adb9793829ddae60".
             Resolved file path is "/usr/lib64/dotnet/packs/Microsoft.AspNetCore.App.Ref/8.0.22/ref/net8.0/Microsoft.Extensions.Features.dll".
             Reference found at search path location "{RawFileName}".
             This reference is not "CopyLocal" because at least one source item had "Private" set to "false" and no source items had "Private" set to "true".
             The ImageRuntimeVersion for this reference is "".
         Primary reference "Microsoft.Extensions.FileProviders.Abstractions, Version=8.0.0.0, Culture=neutral, PublicKeyToken=adb9793829ddae60".
             Resolved file path is "/usr/lib64/dotnet/packs/Microsoft.AspNetCore.App.Ref/8.0.22/ref/net8.0/Microsoft.Extensions.FileProviders.Abstractions.dll".
             Reference found at search path location "{RawFileName}".
             This reference is not "CopyLocal" because at least one source item had "Private" set to "false" and no source items had "Private" set to "true".
             The ImageRuntimeVersion for this reference is "".
         Primary reference "Microsoft.Extensions.FileProviders.Composite, Version=8.0.0.0, Culture=neutral, PublicKeyToken=adb9793829ddae60".
             Resolved file path is "/usr/lib64/dotnet/packs/Microsoft.AspNetCore.App.Ref/8.0.22/ref/net8.0/Microsoft.Extensions.FileProviders.Composite.dll".
             Reference found at search path location "{RawFileName}".
             This reference is not "CopyLocal" because at least one source item had "Private" set to "false" and no source items had "Private" set to "true".
             The ImageRuntimeVersion for this reference is "".
         Primary reference "Microsoft.Extensions.FileProviders.Embedded, Version=8.0.0.0, Culture=neutral, PublicKeyToken=adb9793829ddae60".
             Resolved file path is "/usr/lib64/dotnet/packs/Microsoft.AspNetCore.App.Ref/8.0.22/ref/net8.0/Microsoft.Extensions.FileProviders.Embedded.dll".
             Reference found at search path location "{RawFileName}".
             This reference is not "CopyLocal" because at least one source item had "Private" set to "false" and no source items had "Private" set to "true".
             The ImageRuntimeVersion for this reference is "".
         Primary reference "Microsoft.Extensions.FileProviders.Physical, Version=8.0.0.0, Culture=neutral, PublicKeyToken=adb9793829ddae60".
             Resolved file path is "/usr/lib64/dotnet/packs/Microsoft.AspNetCore.App.Ref/8.0.22/ref/net8.0/Microsoft.Extensions.FileProviders.Physical.dll".
             Reference found at search path location "{RawFileName}".
             This reference is not "CopyLocal" because at least one source item had "Private" set to "false" and no source items had "Private" set to "true".
             The ImageRuntimeVersion for this reference is "".
         Primary reference "Microsoft.Extensions.FileSystemGlobbing, Version=8.0.0.0, Culture=neutral, PublicKeyToken=adb9793829ddae60".
             Resolved file path is "/usr/lib64/dotnet/packs/Microsoft.AspNetCore.App.Ref/8.0.22/ref/net8.0/Microsoft.Extensions.FileSystemGlobbing.dll".
             Reference found at search path location "{RawFileName}".
             This reference is not "CopyLocal" because at least one source item had "Private" set to "false" and no source items had "Private" set to "true".
             The ImageRuntimeVersion for this reference is "".
         Primary reference "Microsoft.Extensions.Hosting.Abstractions, Version=8.0.0.0, Culture=neutral, PublicKeyToken=adb9793829ddae60".
             Resolved file path is "/usr/lib64/dotnet/packs/Microsoft.AspNetCore.App.Ref/8.0.22/ref/net8.0/Microsoft.Extensions.Hosting.Abstractions.dll".
             Reference found at search path location "{RawFileName}".
             This reference is not "CopyLocal" because at least one source item had "Private" set to "false" and no source items had "Private" set to "true".
             The ImageRuntimeVersion for this reference is "".
         Primary reference "Microsoft.Extensions.Hosting, Version=8.0.0.0, Culture=neutral, PublicKeyToken=adb9793829ddae60".
             Resolved file path is "/usr/lib64/dotnet/packs/Microsoft.AspNetCore.App.Ref/8.0.22/ref/net8.0/Microsoft.Extensions.Hosting.dll".
             Reference found at search path location "{RawFileName}".
             This reference is not "CopyLocal" because at least one source item had "Private" set to "false" and no source items had "Private" set to "true".
             The ImageRuntimeVersion for this reference is "".
         Primary reference "Microsoft.Extensions.Http, Version=8.0.0.0, Culture=neutral, PublicKeyToken=adb9793829ddae60".
             Resolved file path is "/usr/lib64/dotnet/packs/Microsoft.AspNetCore.App.Ref/8.0.22/ref/net8.0/Microsoft.Extensions.Http.dll".
             Reference found at search path location "{RawFileName}".
             This reference is not "CopyLocal" because at least one source item had "Private" set to "false" and no source items had "Private" set to "true".
             The ImageRuntimeVersion for this reference is "".
         Primary reference "Microsoft.Extensions.Identity.Core, Version=8.0.0.0, Culture=neutral, PublicKeyToken=adb9793829ddae60".
             Resolved file path is "/usr/lib64/dotnet/packs/Microsoft.AspNetCore.App.Ref/8.0.22/ref/net8.0/Microsoft.Extensions.Identity.Core.dll".
             Reference found at search path location "{RawFileName}".
             This reference is not "CopyLocal" because at least one source item had "Private" set to "false" and no source items had "Private" set to "true".
             The ImageRuntimeVersion for this reference is "".
         Primary reference "Microsoft.Extensions.Identity.Stores, Version=8.0.0.0, Culture=neutral, PublicKeyToken=adb9793829ddae60".
             Resolved file path is "/usr/lib64/dotnet/packs/Microsoft.AspNetCore.App.Ref/8.0.22/ref/net8.0/Microsoft.Extensions.Identity.Stores.dll".
             Reference found at search path location "{RawFileName}".
             This reference is not "CopyLocal" because at least one source item had "Private" set to "false" and no source items had "Private" set to "true".
             The ImageRuntimeVersion for this reference is "".
         Primary reference "Microsoft.Extensions.Localization.Abstractions, Version=8.0.0.0, Culture=neutral, PublicKeyToken=adb9793829ddae60".
             Resolved file path is "/usr/lib64/dotnet/packs/Microsoft.AspNetCore.App.Ref/8.0.22/ref/net8.0/Microsoft.Extensions.Localization.Abstractions.dll".
             Reference found at search path location "{RawFileName}".
             This reference is not "CopyLocal" because at least one source item had "Private" set to "false" and no source items had "Private" set to "true".
             The ImageRuntimeVersion for this reference is "".
         Primary reference "Microsoft.Extensions.Localization, Version=8.0.0.0, Culture=neutral, PublicKeyToken=adb9793829ddae60".
             Resolved file path is "/usr/lib64/dotnet/packs/Microsoft.AspNetCore.App.Ref/8.0.22/ref/net8.0/Microsoft.Extensions.Localization.dll".
             Reference found at search path location "{RawFileName}".
             This reference is not "CopyLocal" because at least one source item had "Private" set to "false" and no source items had "Private" set to "true".
             The ImageRuntimeVersion for this reference is "".
         Primary reference "Microsoft.Extensions.Logging.Abstractions, Version=8.0.0.0, Culture=neutral, PublicKeyToken=adb9793829ddae60".
             Resolved file path is "/usr/lib64/dotnet/packs/Microsoft.AspNetCore.App.Ref/8.0.22/ref/net8.0/Microsoft.Extensions.Logging.Abstractions.dll".
             Reference found at search path location "{RawFileName}".
             This reference is not "CopyLocal" because at least one source item had "Private" set to "false" and no source items had "Private" set to "true".
             The ImageRuntimeVersion for this reference is "".
         Primary reference "Microsoft.Extensions.Logging.Configuration, Version=8.0.0.0, Culture=neutral, PublicKeyToken=adb9793829ddae60".
             Resolved file path is "/usr/lib64/dotnet/packs/Microsoft.AspNetCore.App.Ref/8.0.22/ref/net8.0/Microsoft.Extensions.Logging.Configuration.dll".
             Reference found at search path location "{RawFileName}".
             This reference is not "CopyLocal" because at least one source item had "Private" set to "false" and no source items had "Private" set to "true".
             The ImageRuntimeVersion for this reference is "".
         Primary reference "Microsoft.Extensions.Logging.Console, Version=8.0.0.0, Culture=neutral, PublicKeyToken=adb9793829ddae60".
             Resolved file path is "/usr/lib64/dotnet/packs/Microsoft.AspNetCore.App.Ref/8.0.22/ref/net8.0/Microsoft.Extensions.Logging.Console.dll".
             Reference found at search path location "{RawFileName}".
             This reference is not "CopyLocal" because at least one source item had "Private" set to "false" and no source items had "Private" set to "true".
             The ImageRuntimeVersion for this reference is "".
         Primary reference "Microsoft.Extensions.Logging.Debug, Version=8.0.0.0, Culture=neutral, PublicKeyToken=adb9793829ddae60".
             Resolved file path is "/usr/lib64/dotnet/packs/Microsoft.AspNetCore.App.Ref/8.0.22/ref/net8.0/Microsoft.Extensions.Logging.Debug.dll".
             Reference found at search path location "{RawFileName}".
             This reference is not "CopyLocal" because at least one source item had "Private" set to "false" and no source items had "Private" set to "true".
             The ImageRuntimeVersion for this reference is "".
         Primary reference "Microsoft.Extensions.Logging.EventLog, Version=8.0.0.0, Culture=neutral, PublicKeyToken=adb9793829ddae60".
             Resolved file path is "/usr/lib64/dotnet/packs/Microsoft.AspNetCore.App.Ref/8.0.22/ref/net8.0/Microsoft.Extensions.Logging.EventLog.dll".
             Reference found at search path location "{RawFileName}".
             This reference is not "CopyLocal" because at least one source item had "Private" set to "false" and no source items had "Private" set to "true".
             The ImageRuntimeVersion for this reference is "".
         Primary reference "Microsoft.Extensions.Logging.EventSource, Version=8.0.0.0, Culture=neutral, PublicKeyToken=adb9793829ddae60".
             Resolved file path is "/usr/lib64/dotnet/packs/Microsoft.AspNetCore.App.Ref/8.0.22/ref/net8.0/Microsoft.Extensions.Logging.EventSource.dll".
             Reference found at search path location "{RawFileName}".
             This reference is not "CopyLocal" because at least one source item had "Private" set to "false" and no source items had "Private" set to "true".
             The ImageRuntimeVersion for this reference is "".
         Primary reference "Microsoft.Extensions.Logging.TraceSource, Version=8.0.0.0, Culture=neutral, PublicKeyToken=adb9793829ddae60".
             Resolved file path is "/usr/lib64/dotnet/packs/Microsoft.AspNetCore.App.Ref/8.0.22/ref/net8.0/Microsoft.Extensions.Logging.TraceSource.dll".
             Reference found at search path location "{RawFileName}".
             This reference is not "CopyLocal" because at least one source item had "Private" set to "false" and no source items had "Private" set to "true".
             The ImageRuntimeVersion for this reference is "".
         Primary reference "Microsoft.Extensions.Logging, Version=8.0.0.0, Culture=neutral, PublicKeyToken=adb9793829ddae60".
             Resolved file path is "/usr/lib64/dotnet/packs/Microsoft.AspNetCore.App.Ref/8.0.22/ref/net8.0/Microsoft.Extensions.Logging.dll".
             Reference found at search path location "{RawFileName}".
             This reference is not "CopyLocal" because at least one source item had "Private" set to "false" and no source items had "Private" set to "true".
             The ImageRuntimeVersion for this reference is "".
         Primary reference "Microsoft.Extensions.ObjectPool, Version=8.0.0.0, Culture=neutral, PublicKeyToken=adb9793829ddae60".
             Resolved file path is "/usr/lib64/dotnet/packs/Microsoft.AspNetCore.App.Ref/8.0.22/ref/net8.0/Microsoft.Extensions.ObjectPool.dll".
             Reference found at search path location "{RawFileName}".
             This reference is not "CopyLocal" because at least one source item had "Private" set to "false" and no source items had "Private" set to "true".
             The ImageRuntimeVersion for this reference is "".
         Primary reference "Microsoft.Extensions.Options.ConfigurationExtensions, Version=8.0.0.0, Culture=neutral, PublicKeyToken=adb9793829ddae60".
             Resolved file path is "/usr/lib64/dotnet/packs/Microsoft.AspNetCore.App.Ref/8.0.22/ref/net8.0/Microsoft.Extensions.Options.ConfigurationExtensions.dll".
             Reference found at search path location "{RawFileName}".
             This reference is not "CopyLocal" because at least one source item had "Private" set to "false" and no source items had "Private" set to "true".
             The ImageRuntimeVersion for this reference is "".
         Primary reference "Microsoft.Extensions.Options.DataAnnotations, Version=8.0.0.0, Culture=neutral, PublicKeyToken=adb9793829ddae60".
             Resolved file path is "/usr/lib64/dotnet/packs/Microsoft.AspNetCore.App.Ref/8.0.22/ref/net8.0/Microsoft.Extensions.Options.DataAnnotations.dll".
             Reference found at search path location "{RawFileName}".
             This reference is not "CopyLocal" because at least one source item had "Private" set to "false" and no source items had "Private" set to "true".
             The ImageRuntimeVersion for this reference is "".
         Primary reference "Microsoft.Extensions.Options, Version=8.0.0.0, Culture=neutral, PublicKeyToken=adb9793829ddae60".
             Resolved file path is "/usr/lib64/dotnet/packs/Microsoft.AspNetCore.App.Ref/8.0.22/ref/net8.0/Microsoft.Extensions.Options.dll".
             Reference found at search path location "{RawFileName}".
             This reference is not "CopyLocal" because at least one source item had "Private" set to "false" and no source items had "Private" set to "true".
             The ImageRuntimeVersion for this reference is "".
         Primary reference "Microsoft.Extensions.Primitives, Version=8.0.0.0, Culture=neutral, PublicKeyToken=adb9793829ddae60".
             Resolved file path is "/usr/lib64/dotnet/packs/Microsoft.AspNetCore.App.Ref/8.0.22/ref/net8.0/Microsoft.Extensions.Primitives.dll".
             Reference found at search path location "{RawFileName}".
             This reference is not "CopyLocal" because at least one source item had "Private" set to "false" and no source items had "Private" set to "true".
             The ImageRuntimeVersion for this reference is "".
         Primary reference "Microsoft.Extensions.WebEncoders, Version=8.0.0.0, Culture=neutral, PublicKeyToken=adb9793829ddae60".
             Resolved file path is "/usr/lib64/dotnet/packs/Microsoft.AspNetCore.App.Ref/8.0.22/ref/net8.0/Microsoft.Extensions.WebEncoders.dll".
             Reference found at search path location "{RawFileName}".
             This reference is not "CopyLocal" because at least one source item had "Private" set to "false" and no source items had "Private" set to "true".
             The ImageRuntimeVersion for this reference is "".
         Primary reference "Microsoft.JSInterop, Version=8.0.0.0, Culture=neutral, PublicKeyToken=adb9793829ddae60".
             Resolved file path is "/usr/lib64/dotnet/packs/Microsoft.AspNetCore.App.Ref/8.0.22/ref/net8.0/Microsoft.JSInterop.dll".
             Reference found at search path location "{RawFileName}".
             This reference is not "CopyLocal" because at least one source item had "Private" set to "false" and no source items had "Private" set to "true".
             The ImageRuntimeVersion for this reference is "".
         Primary reference "Microsoft.Net.Http.Headers, Version=8.0.0.0, Culture=neutral, PublicKeyToken=adb9793829ddae60".
             Resolved file path is "/usr/lib64/dotnet/packs/Microsoft.AspNetCore.App.Ref/8.0.22/ref/net8.0/Microsoft.Net.Http.Headers.dll".
             Reference found at search path location "{RawFileName}".
             This reference is not "CopyLocal" because at least one source item had "Private" set to "false" and no source items had "Private" set to "true".
             The ImageRuntimeVersion for this reference is "".
         Primary reference "System.Diagnostics.EventLog, Version=8.0.0.0, Culture=neutral, PublicKeyToken=cc7b13ffcd2ddd51".
             Resolved file path is "/usr/lib64/dotnet/packs/Microsoft.AspNetCore.App.Ref/8.0.22/ref/net8.0/System.Diagnostics.EventLog.dll".
             Reference found at search path location "{RawFileName}".
             This reference is not "CopyLocal" because at least one source item had "Private" set to "false" and no source items had "Private" set to "true".
             The ImageRuntimeVersion for this reference is "".
         Primary reference "System.IO.Pipelines, Version=8.0.0.0, Culture=neutral, PublicKeyToken=cc7b13ffcd2ddd51".
             Resolved file path is "/usr/lib64/dotnet/packs/Microsoft.AspNetCore.App.Ref/8.0.22/ref/net8.0/System.IO.Pipelines.dll".
             Reference found at search path location "{RawFileName}".
             This reference is not "CopyLocal" because at least one source item had "Private" set to "false" and no source items had "Private" set to "true".
             The ImageRuntimeVersion for this reference is "".
         Primary reference "System.Security.Cryptography.Xml, Version=8.0.0.0, Culture=neutral, PublicKeyToken=cc7b13ffcd2ddd51".
             Resolved file path is "/usr/lib64/dotnet/packs/Microsoft.AspNetCore.App.Ref/8.0.22/ref/net8.0/System.Security.Cryptography.Xml.dll".
             Reference found at search path location "{RawFileName}".
             This reference is not "CopyLocal" because at least one source item had "Private" set to "false" and no source items had "Private" set to "true".
             The ImageRuntimeVersion for this reference is "".
         Primary reference "System.Threading.RateLimiting, Version=8.0.0.0, Culture=neutral, PublicKeyToken=cc7b13ffcd2ddd51".
             Resolved file path is "/usr/lib64/dotnet/packs/Microsoft.AspNetCore.App.Ref/8.0.22/ref/net8.0/System.Threading.RateLimiting.dll".
             Reference found at search path location "{RawFileName}".
             This reference is not "CopyLocal" because at least one source item had "Private" set to "false" and no source items had "Private" set to "true".
             The ImageRuntimeVersion for this reference is "".
       Done executing task "ResolveAssemblyReference".
   1:7>Done building target "ResolveAssemblyReferences" in project "Entegrasyon.Blazor.csproj".
   1:7>Target "AfterResolveReferences" in file "/usr/lib64/dotnet/sdk/10.0.101/Microsoft.Common.CurrentVersion.targets" from project "/home/baturhan/Projeler/Entegrasyon/Application/Entegrasyon.Blazor/Entegrasyon.Blazor.csproj" (target "ResolveReferences" depends on it):
   1:7>Done building target "AfterResolveReferences" in project "Entegrasyon.Blazor.csproj".
   1:7>Target "ResolveReferences" in file "/usr/lib64/dotnet/sdk/10.0.101/Microsoft.Common.CurrentVersion.targets" from project "/home/baturhan/Projeler/Entegrasyon/Application/Entegrasyon.Blazor/Entegrasyon.Blazor.csproj" (target "_BlockWinMDsOnUnsupportedTFMs" depends on it):
   1:7>Done building target "ResolveReferences" in project "Entegrasyon.Blazor.csproj".
   1:7>Target "_BlockWinMDsOnUnsupportedTFMs" in file "/usr/lib64/dotnet/sdk/10.0.101/Sdks/Microsoft.NET.Sdk/targets/Microsoft.NET.Sdk.targets" from project "/home/baturhan/Projeler/Entegrasyon/Application/Entegrasyon.Blazor/Entegrasyon.Blazor.csproj" (target "CoreBuild" depends on it):
       Using "CheckForUnsupportedWinMDReferences" task from assembly "/usr/lib64/dotnet/sdk/10.0.101/Sdks/Microsoft.NET.Sdk/targets/../tools/net10.0/Microsoft.NET.Build.Tasks.dll".
       Task "CheckForUnsupportedWinMDReferences"
       Done executing task "CheckForUnsupportedWinMDReferences".
   1:7>Done building target "_BlockWinMDsOnUnsupportedTFMs" in project "Entegrasyon.Blazor.csproj".
       Target "ResolveReferences" skipped. Previously built successfully.
       Target "ResolvePackageDependenciesForBuild" skipped. Previously built successfully.
       Target "_HandlePackageFileConflicts" skipped. Previously built successfully.
   1:7>Target "CopyAdditionalFiles" in file "/usr/lib64/dotnet/sdk/10.0.101/Roslyn/Microsoft.Managed.Core.targets" from project "/home/baturhan/Projeler/Entegrasyon/Application/Entegrasyon.Blazor/Entegrasyon.Blazor.csproj" (target "AssignTargetPaths" depends on it):
   1:7>Done building target "CopyAdditionalFiles" in project "Entegrasyon.Blazor.csproj".
       Target "ResolvePackageAssets" skipped. Previously built successfully.
       Target "ResolveFrameworkReferences" skipped. Previously built successfully.
   1:7>Target "_GetAppHostPaths" in file "/usr/lib64/dotnet/sdk/10.0.101/Sdks/Microsoft.NET.Sdk/targets/Microsoft.NET.Sdk.targets" from project "/home/baturhan/Projeler/Entegrasyon/Application/Entegrasyon.Blazor/Entegrasyon.Blazor.csproj" (target "_ComputeNETCoreBuildOutputFiles" depends on it):
   1:7>Done building target "_GetAppHostPaths" in project "Entegrasyon.Blazor.csproj".
   1:7>Target "_GetAppHostCreationConfiguration" in file "/usr/lib64/dotnet/sdk/10.0.101/Sdks/Microsoft.NET.Sdk/targets/Microsoft.NET.Sdk.targets" from project "/home/baturhan/Projeler/Entegrasyon/Application/Entegrasyon.Blazor/Entegrasyon.Blazor.csproj" (target "_ComputeNETCoreBuildOutputFiles" depends on it):
   1:7>Done building target "_GetAppHostCreationConfiguration" in project "Entegrasyon.Blazor.csproj".
   1:7>Target "_ComputeNETCoreBuildOutputFiles" in file "/usr/lib64/dotnet/sdk/10.0.101/Sdks/Microsoft.NET.Sdk/targets/Microsoft.NET.Sdk.targets" from project "/home/baturhan/Projeler/Entegrasyon/Application/Entegrasyon.Blazor/Entegrasyon.Blazor.csproj" (target "AssignTargetPaths" depends on it):
   1:7>Done building target "_ComputeNETCoreBuildOutputFiles" in project "Entegrasyon.Blazor.csproj".
   1:7>Target "ResolveStaticWebAssetsConfiguration" in file "/usr/lib64/dotnet/sdk/10.0.101/Sdks/Microsoft.NET.Sdk.StaticWebAssets/targets/Microsoft.NET.Sdk.StaticWebAssets.targets" from project "/home/baturhan/Projeler/Entegrasyon/Application/Entegrasyon.Blazor/Entegrasyon.Blazor.csproj" (target "ResolveProjectStaticWebAssets" depends on it):
   1:7>Done building target "ResolveStaticWebAssetsConfiguration" in project "Entegrasyon.Blazor.csproj".
   1:7>Target "UpdateExistingPackageStaticWebAssets" in file "/usr/lib64/dotnet/sdk/10.0.101/Sdks/Microsoft.NET.Sdk.StaticWebAssets/targets/Microsoft.NET.Sdk.StaticWebAssets.targets" from project "/home/baturhan/Projeler/Entegrasyon/Application/Entegrasyon.Blazor/Entegrasyon.Blazor.csproj" (target "ResolveProjectStaticWebAssets" depends on it):
       Using "UpdatePackageStaticWebAssets" task from assembly "/usr/lib64/dotnet/sdk/10.0.101/Sdks/Microsoft.NET.Sdk.StaticWebAssets/targets/../tasks/net10.0/Microsoft.NET.Sdk.StaticWebAssets.Tasks.dll".
       Task "UpdatePackageStaticWebAssets"
       Done executing task "UpdatePackageStaticWebAssets".
       Using "DefineStaticWebAssetEndpoints" task from assembly "/usr/lib64/dotnet/sdk/10.0.101/Sdks/Microsoft.NET.Sdk.StaticWebAssets/targets/../tasks/net10.0/Microsoft.NET.Sdk.StaticWebAssets.Tasks.dll".
       Task "DefineStaticWebAssetEndpoints"
       Done executing task "DefineStaticWebAssetEndpoints".
   1:7>Done building target "UpdateExistingPackageStaticWebAssets" in project "Entegrasyon.Blazor.csproj".
   1:7>Target "ResolveProjectStaticWebAssets" in file "/usr/lib64/dotnet/sdk/10.0.101/Sdks/Microsoft.NET.Sdk.StaticWebAssets/targets/Microsoft.NET.Sdk.StaticWebAssets.targets" from project "/home/baturhan/Projeler/Entegrasyon/Application/Entegrasyon.Blazor/Entegrasyon.Blazor.csproj" (target "AssignTargetPaths" depends on it):
       Using "DefineStaticWebAssets" task from assembly "/usr/lib64/dotnet/sdk/10.0.101/Sdks/Microsoft.NET.Sdk.StaticWebAssets/targets/../tasks/net10.0/Microsoft.NET.Sdk.StaticWebAssets.Tasks.dll".
       Task "DefineStaticWebAssets"
         Cache is fully up to date.
       Done executing task "DefineStaticWebAssets".
       Task "DefineStaticWebAssetEndpoints"
         Matched css/custom-loader.css to text/css using pattern *.css
         Adding endpoint css/custom-loader.css for asset /home/baturhan/Projeler/Entegrasyon/Application/Entegrasyon.Blazor/wwwroot/css/custom-loader.css.
         Matched css/custom-loader.css to text/css using pattern *.css
         Adding endpoint css/custom-loader.s166mx6v1c.css for asset /home/baturhan/Projeler/Entegrasyon/Application/Entegrasyon.Blazor/wwwroot/css/custom-loader.css.
         Matched css/tabs.css to text/css using pattern *.css
         Adding endpoint css/tabs.css for asset /home/baturhan/Projeler/Entegrasyon/Application/Entegrasyon.Blazor/wwwroot/css/tabs.css.
         Matched css/tabs.css to text/css using pattern *.css
         Adding endpoint css/tabs.314bjvrtkw.css for asset /home/baturhan/Projeler/Entegrasyon/Application/Entegrasyon.Blazor/wwwroot/css/tabs.css.
         Matched css/site.min.css to text/css using pattern *.css
         Matched css/site.css to text/css using pattern *.css
         Matched img/auth/login.jpg to image/jpeg using pattern *.jpg
         Matched css/modal.css to text/css using pattern *.css
         Adding endpoint css/site.min.css for asset /home/baturhan/Projeler/Entegrasyon/Application/Entegrasyon.Blazor/wwwroot/css/site.min.css.
         Adding endpoint img/auth/login.jpg for asset /home/baturhan/Projeler/Entegrasyon/Application/Entegrasyon.Blazor/wwwroot/img/auth/login.jpg.
         Adding endpoint css/site.css for asset /home/baturhan/Projeler/Entegrasyon/Application/Entegrasyon.Blazor/wwwroot/css/site.css.
         Adding endpoint css/modal.css for asset /home/baturhan/Projeler/Entegrasyon/Application/Entegrasyon.Blazor/wwwroot/css/modal.css.
         Matched favicon.ico to image/x-icon using pattern *.ico
         Matched img/auth/login.jpg to image/jpeg using pattern *.jpg
         Matched css/site.css to text/css using pattern *.css
         Matched css/site.min.css to text/css using pattern *.css
         Adding endpoint img/auth/login.toko852jnx.jpg for asset /home/baturhan/Projeler/Entegrasyon/Application/Entegrasyon.Blazor/wwwroot/img/auth/login.jpg.
         Adding endpoint css/site.geguvoe1rb.css for asset /home/baturhan/Projeler/Entegrasyon/Application/Entegrasyon.Blazor/wwwroot/css/site.css.
         Adding endpoint favicon.ico for asset /home/baturhan/Projeler/Entegrasyon/Application/Entegrasyon.Blazor/wwwroot/favicon.ico.
         Matched css/modal.css to text/css using pattern *.css
         Adding endpoint css/site.min.3r8b2a0bt1.css for asset /home/baturhan/Projeler/Entegrasyon/Application/Entegrasyon.Blazor/wwwroot/css/site.min.css.
         Adding endpoint css/modal.9lm2ud8fhh.css for asset /home/baturhan/Projeler/Entegrasyon/Application/Entegrasyon.Blazor/wwwroot/css/modal.css.
         Matched img/auth/assign-password.jpg to image/jpeg using pattern *.jpg
         Matched img/logo-1.png to image/png using pattern *.png
         Adding endpoint img/logo-1.png for asset /home/baturhan/Projeler/Entegrasyon/Application/Entegrasyon.Blazor/wwwroot/img/logo-1.png.
         Adding endpoint img/auth/assign-password.jpg for asset /home/baturhan/Projeler/Entegrasyon/Application/Entegrasyon.Blazor/wwwroot/img/auth/assign-password.jpg.
         Matched favicon.ico to image/x-icon using pattern *.ico
         Matched img/logo-1.png to image/png using pattern *.png
         Matched img/auth/assign-password.jpg to image/jpeg using pattern *.jpg
         Adding endpoint img/logo-1.cg4lpsjfqv.png for asset /home/baturhan/Projeler/Entegrasyon/Application/Entegrasyon.Blazor/wwwroot/img/logo-1.png.
         Matched img/error.svg to image/svg+xml using pattern *.svg
         Matched img/logo-3.png to image/png using pattern *.png
         Matched img/logo-4.png to image/png using pattern *.png
         Adding endpoint favicon.61n19gt1b8.ico for asset /home/baturhan/Projeler/Entegrasyon/Application/Entegrasyon.Blazor/wwwroot/favicon.ico.
         Adding endpoint img/auth/assign-password.32m7wki4h6.jpg for asset /home/baturhan/Projeler/Entegrasyon/Application/Entegrasyon.Blazor/wwwroot/img/auth/assign-password.jpg.
         Adding endpoint img/error.svg for asset /home/baturhan/Projeler/Entegrasyon/Application/Entegrasyon.Blazor/wwwroot/img/error.svg.
         Matched img/logo-6.png to image/png using pattern *.png
         Adding endpoint img/logo-3.png for asset /home/baturhan/Projeler/Entegrasyon/Application/Entegrasyon.Blazor/wwwroot/img/logo-3.png.
         Adding endpoint img/logo-4.png for asset /home/baturhan/Projeler/Entegrasyon/Application/Entegrasyon.Blazor/wwwroot/img/logo-4.png.
         Matched img/logo-5.png to image/png using pattern *.png
         Adding endpoint img/logo-6.png for asset /home/baturhan/Projeler/Entegrasyon/Application/Entegrasyon.Blazor/wwwroot/img/logo-6.png.
         Matched img/error.svg to image/svg+xml using pattern *.svg
         Matched img/logo-6.png to image/png using pattern *.png
         Matched img/logo-3.png to image/png using pattern *.png
         Matched img/logo-4.png to image/png using pattern *.png
         Adding endpoint img/logo-5.png for asset /home/baturhan/Projeler/Entegrasyon/Application/Entegrasyon.Blazor/wwwroot/img/logo-5.png.
         Adding endpoint img/error.dqsnph6tlo.svg for asset /home/baturhan/Projeler/Entegrasyon/Application/Entegrasyon.Blazor/wwwroot/img/error.svg.
         Adding endpoint img/logo-6.77v9in17u1.png for asset /home/baturhan/Projeler/Entegrasyon/Application/Entegrasyon.Blazor/wwwroot/img/logo-6.png.
         Adding endpoint img/logo-4.k4zccrwd3c.png for asset /home/baturhan/Projeler/Entegrasyon/Application/Entegrasyon.Blazor/wwwroot/img/logo-4.png.
         Adding endpoint img/logo-3.x4pbokjimy.png for asset /home/baturhan/Projeler/Entegrasyon/Application/Entegrasyon.Blazor/wwwroot/img/logo-3.png.
         Matched img/logo-5.png to image/png using pattern *.png
         Matched js/Auth/reset-password-modal.js to text/javascript using pattern *.js
         Adding endpoint js/Auth/reset-password-modal.js for asset /home/baturhan/Projeler/Entegrasyon/Application/Entegrasyon.Blazor/wwwroot/js/Auth/reset-password-modal.js.
         Adding endpoint img/logo-5.zcf3wj74vb.png for asset /home/baturhan/Projeler/Entegrasyon/Application/Entegrasyon.Blazor/wwwroot/img/logo-5.png.
         Matched js/Auth/reset-password-modal.js to text/javascript using pattern *.js
         Matched js/category-attributes/category-attribute-add-manager.js to text/javascript using pattern *.js
         Matched js/category-attributes/category-attribute-add-manager.js.map to text/plain using pattern *.map
         Matched js/category-attributes/create.js.map to text/plain using pattern *.map
         Matched js/category-attributes/create.js to text/javascript using pattern *.js
         Adding endpoint js/category-attributes/category-attribute-add-manager.js for asset /home/baturhan/Projeler/Entegrasyon/Application/Entegrasyon.Blazor/wwwroot/js/category-attributes/category-attribute-add-manager.js.
         Adding endpoint js/Auth/reset-password-modal.6j9h8k83le.js for asset /home/baturhan/Projeler/Entegrasyon/Application/Entegrasyon.Blazor/wwwroot/js/Auth/reset-password-modal.js.
         Matched js/category-import/category-import.js to text/javascript using pattern *.js
         Adding endpoint js/category-attributes/create.js.map for asset /home/baturhan/Projeler/Entegrasyon/Application/Entegrasyon.Blazor/wwwroot/js/category-attributes/create.js.map.
         Matched js/CategoryAttribute/category-attribute-add.js to text/javascript using pattern *.js
         Adding endpoint js/category-import/category-import.js for asset /home/baturhan/Projeler/Entegrasyon/Application/Entegrasyon.Blazor/wwwroot/js/category-import/category-import.js.
         Matched js/category-attributes/category-attribute-add-manager.js to text/javascript using pattern *.js
         Adding endpoint js/category-attributes/category-attribute-add-manager.js.map for asset /home/baturhan/Projeler/Entegrasyon/Application/Entegrasyon.Blazor/wwwroot/js/category-attributes/category-attribute-add-manager.js.map.
         Matched js/category-import/category-import.js to text/javascript using pattern *.js
         Matched js/category-attributes/create.js.map to text/plain using pattern *.map
         Adding endpoint js/category-attributes/category-attribute-add-manager.3i8ee11dit.js for asset /home/baturhan/Projeler/Entegrasyon/Application/Entegrasyon.Blazor/wwwroot/js/category-attributes/category-attribute-add-manager.js.
         Matched js/category-attributes/category-attribute-add-manager.js.map to text/plain using pattern *.map
         Matched js/models/category-attribute-value.model.js to text/javascript using pattern *.js
         Adding endpoint js/category-import/category-import.5ipweew5fc.js for asset /home/baturhan/Projeler/Entegrasyon/Application/Entegrasyon.Blazor/wwwroot/js/category-import/category-import.js.
         Adding endpoint js/category-attributes/create.js.h5or8o8btw.map for asset /home/baturhan/Projeler/Entegrasyon/Application/Entegrasyon.Blazor/wwwroot/js/category-attributes/create.js.map.
         Adding endpoint js/models/category-attribute-value.model.js for asset /home/baturhan/Projeler/Entegrasyon/Application/Entegrasyon.Blazor/wwwroot/js/models/category-attribute-value.model.js.
         Adding endpoint js/category-attributes/category-attribute-add-manager.js.95ia3ehvlt.map for asset /home/baturhan/Projeler/Entegrasyon/Application/Entegrasyon.Blazor/wwwroot/js/category-attributes/category-attribute-add-manager.js.map.
         Matched js/models/category-attribute-value.model.js to text/javascript using pattern *.js
         Adding endpoint js/models/category-attribute-value.model.gtxm7qwkfu.js for asset /home/baturhan/Projeler/Entegrasyon/Application/Entegrasyon.Blazor/wwwroot/js/models/category-attribute-value.model.js.
         Adding endpoint js/category-attributes/create.js for asset /home/baturhan/Projeler/Entegrasyon/Application/Entegrasyon.Blazor/wwwroot/js/category-attributes/create.js.
         Matched js/models/category-attribute-value.model.js.map to text/plain using pattern *.map
         Adding endpoint js/models/category-attribute-value.model.js.map for asset /home/baturhan/Projeler/Entegrasyon/Application/Entegrasyon.Blazor/wwwroot/js/models/category-attribute-value.model.js.map.
         Adding endpoint js/CategoryAttribute/category-attribute-add.js for asset /home/baturhan/Projeler/Entegrasyon/Application/Entegrasyon.Blazor/wwwroot/js/CategoryAttribute/category-attribute-add.js.
         Matched js/category-attributes/create.js to text/javascript using pattern *.js
         Matched js/site.js to text/javascript using pattern *.js
         Adding endpoint js/site.js for asset /home/baturhan/Projeler/Entegrasyon/Application/Entegrasyon.Blazor/wwwroot/js/site.js.
         Matched js/models/category-attribute-value.model.js.map to text/plain using pattern *.map
         Adding endpoint js/category-attributes/create.wxdd2m3fva.js for asset /home/baturhan/Projeler/Entegrasyon/Application/Entegrasyon.Blazor/wwwroot/js/category-attributes/create.js.
         Adding endpoint js/models/category-attribute-value.model.js.mgyizkegh1.map for asset /home/baturhan/Projeler/Entegrasyon/Application/Entegrasyon.Blazor/wwwroot/js/models/category-attribute-value.model.js.map.
         Matched js/Users/index.js to text/javascript using pattern *.js
         Matched js/site.js to text/javascript using pattern *.js
         Matched js/models/category-attribute.model.js to text/javascript using pattern *.js
         Adding endpoint js/site.db9zqnt3cl.js for asset /home/baturhan/Projeler/Entegrasyon/Application/Entegrasyon.Blazor/wwwroot/js/site.js.
         Adding endpoint js/Users/index.js for asset /home/baturhan/Projeler/Entegrasyon/Application/Entegrasyon.Blazor/wwwroot/js/Users/index.js.
         Adding endpoint js/models/category-attribute.model.js for asset /home/baturhan/Projeler/Entegrasyon/Application/Entegrasyon.Blazor/wwwroot/js/models/category-attribute.model.js.
         Matched js/Users/index.js to text/javascript using pattern *.js
         Matched js/CategoryAttribute/category-attribute-add.js to text/javascript using pattern *.js
         Adding endpoint js/Users/index.6tcj5w3z8u.js for asset /home/baturhan/Projeler/Entegrasyon/Application/Entegrasyon.Blazor/wwwroot/js/Users/index.js.
         No match for styles/site.scss. Using default content type 'application/octet-stream'
         Matched js/models/category-attribute.model.js to text/javascript using pattern *.js
         Adding endpoint js/CategoryAttribute/category-attribute-add.soxohcyuda.js for asset /home/baturhan/Projeler/Entegrasyon/Application/Entegrasyon.Blazor/wwwroot/js/CategoryAttribute/category-attribute-add.js.
         Adding endpoint js/models/category-attribute.model.69ea1mzo6d.js for asset /home/baturhan/Projeler/Entegrasyon/Application/Entegrasyon.Blazor/wwwroot/js/models/category-attribute.model.js.
         Adding endpoint styles/site.scss for asset /home/baturhan/Projeler/Entegrasyon/Application/Entegrasyon.Blazor/wwwroot/styles/site.scss.
         Matched js/models/category-attribute.model.js.map to text/plain using pattern *.map
         No match for styles/site.scss. Using default content type 'application/octet-stream'
         Adding endpoint js/models/category-attribute.model.js.map for asset /home/baturhan/Projeler/Entegrasyon/Application/Entegrasyon.Blazor/wwwroot/js/models/category-attribute.model.js.map.
         Adding endpoint styles/site.3r8b2a0bt1.scss for asset /home/baturhan/Projeler/Entegrasyon/Application/Entegrasyon.Blazor/wwwroot/styles/site.scss.
         Matched js/models/category-attribute.model.js.map to text/plain using pattern *.map
         Adding endpoint js/models/category-attribute.model.js.nq3zov0y2c.map for asset /home/baturhan/Projeler/Entegrasyon/Application/Entegrasyon.Blazor/wwwroot/js/models/category-attribute.model.js.map.
       Done executing task "DefineStaticWebAssetEndpoints".
   1:7>Done building target "ResolveProjectStaticWebAssets" in project "Entegrasyon.Blazor.csproj".
   1:7>Target "AssignTargetPaths" in file "/usr/lib64/dotnet/sdk/10.0.101/Microsoft.Common.CurrentVersion.targets" from project "/home/baturhan/Projeler/Entegrasyon/Application/Entegrasyon.Blazor/Entegrasyon.Blazor.csproj" (target "PrepareResourceNames" depends on it):
       Task "AssignTargetPath"
       Done executing task "AssignTargetPath".
       Task "AssignTargetPath"
       Done executing task "AssignTargetPath".
       Task "AssignTargetPath"
       Done executing task "AssignTargetPath".
       Task "AssignTargetPath"
       Done executing task "AssignTargetPath".
   1:7>Done building target "AssignTargetPaths" in project "Entegrasyon.Blazor.csproj".
       Target "AssignTargetPaths" skipped. Previously built successfully.
   1:7>Target "SplitResourcesByCulture" in file "/usr/lib64/dotnet/sdk/10.0.101/Microsoft.Common.CurrentVersion.targets" from project "/home/baturhan/Projeler/Entegrasyon/Application/Entegrasyon.Blazor/Entegrasyon.Blazor.csproj" (target "PrepareResourceNames" depends on it):
       Task "AssignCulture"
       Done executing task "AssignCulture".
   1:7>Done building target "SplitResourcesByCulture" in project "Entegrasyon.Blazor.csproj".
   1:7>Target "CreateCustomManifestResourceNames" in file "/usr/lib64/dotnet/sdk/10.0.101/Microsoft.Common.CurrentVersion.targets" from project "/home/baturhan/Projeler/Entegrasyon/Application/Entegrasyon.Blazor/Entegrasyon.Blazor.csproj" (target "PrepareResourceNames" depends on it):
   1:7>Done building target "CreateCustomManifestResourceNames" in project "Entegrasyon.Blazor.csproj".
   1:7>Target "PrepareResourceNames" in file "/usr/lib64/dotnet/sdk/10.0.101/Microsoft.Common.CurrentVersion.targets" from project "/home/baturhan/Projeler/Entegrasyon/Application/Entegrasyon.Blazor/Entegrasyon.Blazor.csproj" (target "PrepareResources" depends on it):
   1:7>Done building target "PrepareResourceNames" in project "Entegrasyon.Blazor.csproj".
       Target "ResolveAssemblyReferences" skipped. Previously built successfully.
       Target "SplitResourcesByCulture" skipped. Previously built successfully.
   1:7>Target "BeforeResGen" in file "/usr/lib64/dotnet/sdk/10.0.101/Microsoft.Common.CurrentVersion.targets" from project "/home/baturhan/Projeler/Entegrasyon/Application/Entegrasyon.Blazor/Entegrasyon.Blazor.csproj" (target "ResGen" depends on it):
   1:7>Done building target "BeforeResGen" in project "Entegrasyon.Blazor.csproj".
       Target "ResolveReferences" skipped. Previously built successfully.
   1:7>Target "FindReferenceAssembliesForReferences" in file "/usr/lib64/dotnet/sdk/10.0.101/Microsoft.Common.CurrentVersion.targets" from project "/home/baturhan/Projeler/Entegrasyon/Application/Entegrasyon.Blazor/Entegrasyon.Blazor.csproj" (target "CoreResGen" depends on it):
   1:7>Done building target "FindReferenceAssembliesForReferences" in project "Entegrasyon.Blazor.csproj".
   1:7>Target "CoreResGen" in file "/usr/lib64/dotnet/sdk/10.0.101/Microsoft.Common.CurrentVersion.targets" from project "/home/baturhan/Projeler/Entegrasyon/Application/Entegrasyon.Blazor/Entegrasyon.Blazor.csproj" (target "ResGen" depends on it):
   1:7>Done building target "CoreResGen" in project "Entegrasyon.Blazor.csproj".
   1:7>Target "AfterResGen" in file "/usr/lib64/dotnet/sdk/10.0.101/Microsoft.Common.CurrentVersion.targets" from project "/home/baturhan/Projeler/Entegrasyon/Application/Entegrasyon.Blazor/Entegrasyon.Blazor.csproj" (target "ResGen" depends on it):
   1:7>Done building target "AfterResGen" in project "Entegrasyon.Blazor.csproj".
   1:7>Target "ResGen" in file "/usr/lib64/dotnet/sdk/10.0.101/Microsoft.Common.CurrentVersion.targets" from project "/home/baturhan/Projeler/Entegrasyon/Application/Entegrasyon.Blazor/Entegrasyon.Blazor.csproj" (target "PrepareResources" depends on it):
   1:7>Done building target "ResGen" in project "Entegrasyon.Blazor.csproj".
   1:7>Target "PrepareResources" in file "/usr/lib64/dotnet/sdk/10.0.101/Microsoft.Common.CurrentVersion.targets" from project "/home/baturhan/Projeler/Entegrasyon/Application/Entegrasyon.Blazor/Entegrasyon.Blazor.csproj" (target "CoreBuild" depends on it):
   1:7>Done building target "PrepareResources" in project "Entegrasyon.Blazor.csproj".
       Target "ResolveReferences" skipped. Previously built successfully.
   1:7>Target "_SetEmbeddedWin32ManifestProperties" in file "/usr/lib64/dotnet/sdk/10.0.101/Microsoft.Common.CurrentVersion.targets" from project "/home/baturhan/Projeler/Entegrasyon/Application/Entegrasyon.Blazor/Entegrasyon.Blazor.csproj" (target "SetWin32ManifestProperties" depends on it):
       Task "GetFrameworkPath"
       Done executing task "GetFrameworkPath".
   1:7>Done building target "_SetEmbeddedWin32ManifestProperties" in project "Entegrasyon.Blazor.csproj".
   1:7>Target "SetWin32ManifestProperties" in file "/usr/lib64/dotnet/sdk/10.0.101/Microsoft.Common.CurrentVersion.targets" from project "/home/baturhan/Projeler/Entegrasyon/Application/Entegrasyon.Blazor/Entegrasyon.Blazor.csproj" (target "Compile" depends on it):
   1:7>Done building target "SetWin32ManifestProperties" in project "Entegrasyon.Blazor.csproj".
       Target "FindReferenceAssembliesForReferences" skipped. Previously built successfully.
   1:7>Target "_GenerateCompileInputs" in file "/usr/lib64/dotnet/sdk/10.0.101/Microsoft.Common.CurrentVersion.targets" from project "/home/baturhan/Projeler/Entegrasyon/Application/Entegrasyon.Blazor/Entegrasyon.Blazor.csproj" (target "Compile" depends on it):
   1:7>Done building target "_GenerateCompileInputs" in project "Entegrasyon.Blazor.csproj".
       Target "PrepareForBuild" skipped. Previously built successfully.
   1:7>Target "ResolveRazorConfiguration" in file "/usr/lib64/dotnet/sdk/10.0.101/Sdks/Microsoft.NET.Sdk.Razor/targets/Sdk.Razor.CurrentVersion.targets" from project "/home/baturhan/Projeler/Entegrasyon/Application/Entegrasyon.Blazor/Entegrasyon.Blazor.csproj" (target "PrepareForRazorGenerate" depends on it):
       Using "FindInList" task from assembly "Microsoft.Build.Tasks.Core, Version=15.1.0.0, Culture=neutral, PublicKeyToken=b03f5f7f11d50a3a".
       Task "FindInList"
         Found "MVC-3.0".
       Done executing task "FindInList".
   1:7>Done building target "ResolveRazorConfiguration" in project "Entegrasyon.Blazor.csproj".
       Target "ResolveRazorGenerateInputs" skipped. Previously built successfully.
   1:7>Target "ResolveScopedCssInputs" in file "/usr/lib64/dotnet/sdk/10.0.101/Sdks/Microsoft.NET.Sdk.StaticWebAssets/targets/Microsoft.NET.Sdk.StaticWebAssets.ScopedCss.targets" from project "/home/baturhan/Projeler/Entegrasyon/Application/Entegrasyon.Blazor/Entegrasyon.Blazor.csproj" (target "ComputeCssScope" depends on it):
       Using "DiscoverDefaultScopedCssItems" task from assembly "/usr/lib64/dotnet/sdk/10.0.101/Sdks/Microsoft.NET.Sdk.StaticWebAssets/targets/../tasks/net10.0/Microsoft.NET.Sdk.StaticWebAssets.Tasks.dll".
       Task "DiscoverDefaultScopedCssItems"
       Done executing task "DiscoverDefaultScopedCssItems".
   1:7>Done building target "ResolveScopedCssInputs" in project "Entegrasyon.Blazor.csproj".
   1:7>Target "ComputeCssScope" in file "/usr/lib64/dotnet/sdk/10.0.101/Sdks/Microsoft.NET.Sdk.StaticWebAssets/targets/Microsoft.NET.Sdk.StaticWebAssets.ScopedCss.targets" from project "/home/baturhan/Projeler/Entegrasyon/Application/Entegrasyon.Blazor/Entegrasyon.Blazor.csproj" (target "ResolveCssScopes" depends on it):
       Using "ComputeCssScope" task from assembly "/usr/lib64/dotnet/sdk/10.0.101/Sdks/Microsoft.NET.Sdk.StaticWebAssets/targets/../tasks/net10.0/Microsoft.NET.Sdk.StaticWebAssets.Tasks.dll".
       Task "ComputeCssScope"
       Done executing task "ComputeCssScope".
   1:7>Done building target "ComputeCssScope" in project "Entegrasyon.Blazor.csproj".
       Target "ResolveRazorComponentInputs" skipped. Previously built successfully.
       Target "ResolveRazorGenerateInputs" skipped. Previously built successfully.
   1:7>Target "ResolveCssScopes" in file "/usr/lib64/dotnet/sdk/10.0.101/Sdks/Microsoft.NET.Sdk.Razor/targets/Sdk.Razor.CurrentVersion.targets" from project "/home/baturhan/Projeler/Entegrasyon/Application/Entegrasyon.Blazor/Entegrasyon.Blazor.csproj" (target "AssignRazorGenerateTargetPaths" depends on it):
       Using "ApplyCssScopes" task from assembly "/usr/lib64/dotnet/sdk/10.0.101/Sdks/Microsoft.NET.Sdk.StaticWebAssets/targets/../tasks/net10.0/Microsoft.NET.Sdk.StaticWebAssets.Tasks.dll".
       Task "ApplyCssScopes"
       Done executing task "ApplyCssScopes".
   1:7>Done building target "ResolveCssScopes" in project "Entegrasyon.Blazor.csproj".
   1:7>Target "AssignRazorGenerateTargetPaths" in file "/usr/lib64/dotnet/sdk/10.0.101/Sdks/Microsoft.NET.Sdk.Razor/targets/Sdk.Razor.CurrentVersion.targets" from project "/home/baturhan/Projeler/Entegrasyon/Application/Entegrasyon.Blazor/Entegrasyon.Blazor.csproj" (target "PrepareForRazorGenerate" depends on it):
       Task "AssignTargetPath"
       Done executing task "AssignTargetPath".
   1:7>Done building target "AssignRazorGenerateTargetPaths" in project "Entegrasyon.Blazor.csproj".
   1:7>Target "_ResolveGeneratedRazorCompileInputs" in file "/usr/lib64/dotnet/sdk/10.0.101/Sdks/Microsoft.NET.Sdk.Razor/targets/Sdk.Razor.CurrentVersion.targets" from project "/home/baturhan/Projeler/Entegrasyon/Application/Entegrasyon.Blazor/Entegrasyon.Blazor.csproj" (target "PrepareForRazorGenerate" depends on it):
   1:7>Done building target "_ResolveGeneratedRazorCompileInputs" in project "Entegrasyon.Blazor.csproj".
   1:7>Target "PrepareForRazorGenerate" in file "/usr/lib64/dotnet/sdk/10.0.101/Sdks/Microsoft.NET.Sdk.Razor/targets/Sdk.Razor.CurrentVersion.targets" from project "/home/baturhan/Projeler/Entegrasyon/Application/Entegrasyon.Blazor/Entegrasyon.Blazor.csproj" (target "_PrepareRazorSourceGenerators" depends on it):
   1:7>Done building target "PrepareForRazorGenerate" in project "Entegrasyon.Blazor.csproj".
       Target "ResolveRazorConfiguration" skipped. Previously built successfully.
       Target "ResolveRazorComponentInputs" skipped. Previously built successfully.
   1:7>Target "AssignRazorComponentTargetPaths" in file "/usr/lib64/dotnet/sdk/10.0.101/Sdks/Microsoft.NET.Sdk.Razor/targets/Sdk.Razor.CurrentVersion.targets" from project "/home/baturhan/Projeler/Entegrasyon/Application/Entegrasyon.Blazor/Entegrasyon.Blazor.csproj" (target "PrepareForRazorComponentGenerate" depends on it):
       Task "AssignTargetPath"
       Done executing task "AssignTargetPath".
   1:7>Done building target "AssignRazorComponentTargetPaths" in project "Entegrasyon.Blazor.csproj".
   1:7>Target "PrepareForRazorComponentGenerate" in file "/usr/lib64/dotnet/sdk/10.0.101/Sdks/Microsoft.NET.Sdk.Razor/targets/Sdk.Razor.CurrentVersion.targets" from project "/home/baturhan/Projeler/Entegrasyon/Application/Entegrasyon.Blazor/Entegrasyon.Blazor.csproj" (target "_PrepareRazorSourceGenerators" depends on it):
   1:7>Done building target "PrepareForRazorComponentGenerate" in project "Entegrasyon.Blazor.csproj".
   1:7>Target "_PrepareRazorSourceGenerators" in file "/usr/lib64/dotnet/sdk/10.0.101/Sdks/Microsoft.NET.Sdk.Razor/targets/Microsoft.NET.Sdk.Razor.SourceGenerators.targets" from project "/home/baturhan/Projeler/Entegrasyon/Application/Entegrasyon.Blazor/Entegrasyon.Blazor.csproj" (target "GenerateMSBuildEditorConfigFileShouldRun" depends on it):
       Using "EncodeRazorInputItem" task from assembly "/usr/lib64/dotnet/sdk/10.0.101/Sdks/Microsoft.NET.Sdk.Razor/targets/../tasks/net10.0/Microsoft.NET.Sdk.Razor.Tasks.dll".
       Task "EncodeRazorInputItem"
       Done executing task "EncodeRazorInputItem".
   1:7>Done building target "_PrepareRazorSourceGenerators" in project "Entegrasyon.Blazor.csproj".
   1:7>Target "GenerateMSBuildEditorConfigFileShouldRun" in file "/usr/lib64/dotnet/sdk/10.0.101/Roslyn/Microsoft.Managed.Core.targets" from project "/home/baturhan/Projeler/Entegrasyon/Application/Entegrasyon.Blazor/Entegrasyon.Blazor.csproj" (target "GenerateMSBuildEditorConfigFile" depends on it):
   1:7>Done building target "GenerateMSBuildEditorConfigFileShouldRun" in project "Entegrasyon.Blazor.csproj".
   1:7>Target "AddGlobalAnalyzerConfigForPackage_MicrosoftCodeAnalysisCSharpCodeStyle" in file "/usr/lib64/dotnet/sdk/10.0.101/Sdks/Microsoft.NET.Sdk/codestyle/cs/build/Microsoft.CodeAnalysis.CSharp.CodeStyle.targets" from project "/home/baturhan/Projeler/Entegrasyon/Application/Entegrasyon.Blazor/Entegrasyon.Blazor.csproj" (target "GenerateMSBuildEditorConfigFileCore" depends on it):
   1:7>Done building target "AddGlobalAnalyzerConfigForPackage_MicrosoftCodeAnalysisCSharpCodeStyle" in project "Entegrasyon.Blazor.csproj".
   1:7>Target "GenerateMSBuildEditorConfigFileCore" in file "/usr/lib64/dotnet/sdk/10.0.101/Roslyn/Microsoft.Managed.Core.targets" from project "/home/baturhan/Projeler/Entegrasyon/Application/Entegrasyon.Blazor/Entegrasyon.Blazor.csproj" (target "GenerateMSBuildEditorConfigFile" depends on it):
       Building target "GenerateMSBuildEditorConfigFileCore" completely.
       No input files were specified.
       Using "GenerateMSBuildEditorConfig" task from assembly "/usr/lib64/dotnet/sdk/10.0.101/Sdks/Microsoft.NET.Sdk/targets/../../../Roslyn/Microsoft.Build.Tasks.CodeAnalysis.dll".
       Task "GenerateMSBuildEditorConfig"
       Done executing task "GenerateMSBuildEditorConfig".
   1:7>Done building target "GenerateMSBuildEditorConfigFileCore" in project "Entegrasyon.Blazor.csproj".
   1:7>Target "GenerateMSBuildEditorConfigFile" in file "/usr/lib64/dotnet/sdk/10.0.101/Roslyn/Microsoft.Managed.Core.targets" from project "/home/baturhan/Projeler/Entegrasyon/Application/Entegrasyon.Blazor/Entegrasyon.Blazor.csproj" (target "BeforeCompile" depends on it):
   1:7>Done building target "GenerateMSBuildEditorConfigFile" in project "Entegrasyon.Blazor.csproj".
       Target "PrepareForBuild" skipped. Previously built successfully.
       Target "GetReferenceAssemblyPaths" skipped. Previously built successfully.
   1:7>Target "_SetTargetFrameworkMonikerAttribute" in file "/usr/lib64/dotnet/sdk/10.0.101/Microsoft.CSharp.CurrentVersion.targets" from project "/home/baturhan/Projeler/Entegrasyon/Application/Entegrasyon.Blazor/Entegrasyon.Blazor.csproj" (target "GenerateTargetFrameworkMonikerAttribute" depends on it):
   1:7>Done building target "_SetTargetFrameworkMonikerAttribute" in project "Entegrasyon.Blazor.csproj".
   1:7>Target "GenerateTargetFrameworkMonikerAttribute" in file "/usr/lib64/dotnet/sdk/10.0.101/Microsoft.Common.CurrentVersion.targets" from project "/home/baturhan/Projeler/Entegrasyon/Application/Entegrasyon.Blazor/Entegrasyon.Blazor.csproj" (target "BeforeCompile" depends on it):
       Skipping target "GenerateTargetFrameworkMonikerAttribute" because all output files are up-to-date with respect to the input files.
       Input files: /usr/lib64/dotnet/sdk/10.0.101/Microsoft.Common.targets
       Output files: obj/Debug/net8.0/.NETCoreApp,Version=v8.0.AssemblyAttributes.cs
   1:7>Done building target "GenerateTargetFrameworkMonikerAttribute" in project "Entegrasyon.Blazor.csproj".
       Target "PrepareForBuild" skipped. Previously built successfully.
   1:7>Target "GetAssemblyVersion" in file "/usr/lib64/dotnet/sdk/10.0.101/Sdks/Microsoft.NET.Sdk/targets/Microsoft.NET.GenerateAssemblyInfo.targets" from project "/home/baturhan/Projeler/Entegrasyon/Application/Entegrasyon.Blazor/Entegrasyon.Blazor.csproj" (target "GetAssemblyAttributes" depends on it):
       Using "GetAssemblyVersion" task from assembly "/usr/lib64/dotnet/sdk/10.0.101/Sdks/Microsoft.NET.Sdk/targets/../tools/net10.0/Microsoft.NET.Build.Tasks.dll".
       Task "GetAssemblyVersion"
       Done executing task "GetAssemblyVersion".
   1:7>Done building target "GetAssemblyVersion" in project "Entegrasyon.Blazor.csproj".
   1:7>Target "InitializeSourceControlInformationFromSourceControlManager" in file "/usr/lib64/dotnet/sdk/10.0.101/Sdks/Microsoft.Build.Tasks.Git/build/Microsoft.Build.Tasks.Git.targets" from project "/home/baturhan/Projeler/Entegrasyon/Application/Entegrasyon.Blazor/Entegrasyon.Blazor.csproj" (target "_InitializeSourceControlInformationFromSourceControlManager" depends on it):
       Using "Microsoft.Build.Tasks.Git.LocateRepository" task from assembly "/usr/lib64/dotnet/sdk/10.0.101/Sdks/Microsoft.Build.Tasks.Git/build/../tools/net/Microsoft.Build.Tasks.Git.dll".
       Task "Microsoft.Build.Tasks.Git.LocateRepository"
         SourceLink: Reusing cached git repository information.
       Done executing task "Microsoft.Build.Tasks.Git.LocateRepository".
   1:7>Done building target "InitializeSourceControlInformationFromSourceControlManager" in project "Entegrasyon.Blazor.csproj".
   1:7>Target "_SourceLinkHasSingleProvider" in file "/usr/lib64/dotnet/sdk/10.0.101/Sdks/Microsoft.SourceLink.Common/build/InitializeSourceControlInformation.targets" from project "/home/baturhan/Projeler/Entegrasyon/Application/Entegrasyon.Blazor/Entegrasyon.Blazor.csproj" (target "_InitializeSourceControlInformationFromSourceControlManager" depends on it):
       Using "Microsoft.SourceLink.Common.SourceLinkHasSingleProvider" task from assembly "/usr/lib64/dotnet/sdk/10.0.101/Sdks/Microsoft.SourceLink.Common/build/../tools/net/Microsoft.SourceLink.Common.dll".
       Task "Microsoft.SourceLink.Common.SourceLinkHasSingleProvider"
       Done executing task "Microsoft.SourceLink.Common.SourceLinkHasSingleProvider".
   1:7>Done building target "_SourceLinkHasSingleProvider" in project "Entegrasyon.Blazor.csproj".
   1:7>Target "TranslateGitHubUrlsInSourceControlInformation" in file "/usr/lib64/dotnet/sdk/10.0.101/Sdks/Microsoft.SourceLink.GitHub/build/Microsoft.SourceLink.GitHub.targets" from project "/home/baturhan/Projeler/Entegrasyon/Application/Entegrasyon.Blazor/Entegrasyon.Blazor.csproj" (target "_InitializeSourceControlInformationFromSourceControlManager" depends on it):
       Using "Microsoft.SourceLink.GitHub.TranslateRepositoryUrls" task from assembly "/usr/lib64/dotnet/sdk/10.0.101/Sdks/Microsoft.SourceLink.GitHub/build/../tools/net/Microsoft.SourceLink.GitHub.dll".
       Task "Microsoft.SourceLink.GitHub.TranslateRepositoryUrls"
       Done executing task "Microsoft.SourceLink.GitHub.TranslateRepositoryUrls".
   1:7>Done building target "TranslateGitHubUrlsInSourceControlInformation" in project "Entegrasyon.Blazor.csproj".
   1:7>Target "TranslateGitLabUrlsInSourceControlInformation" in file "/usr/lib64/dotnet/sdk/10.0.101/Sdks/Microsoft.SourceLink.GitLab/build/Microsoft.SourceLink.GitLab.targets" from project "/home/baturhan/Projeler/Entegrasyon/Application/Entegrasyon.Blazor/Entegrasyon.Blazor.csproj" (target "_InitializeSourceControlInformationFromSourceControlManager" depends on it):
       Using "Microsoft.SourceLink.GitLab.TranslateRepositoryUrls" task from assembly "/usr/lib64/dotnet/sdk/10.0.101/Sdks/Microsoft.SourceLink.GitLab/build/../tools/net/Microsoft.SourceLink.GitLab.dll".
       Task "Microsoft.SourceLink.GitLab.TranslateRepositoryUrls"
       Done executing task "Microsoft.SourceLink.GitLab.TranslateRepositoryUrls".
   1:7>Done building target "TranslateGitLabUrlsInSourceControlInformation" in project "Entegrasyon.Blazor.csproj".
   1:7>Target "TranslateAzureReposGitUrlsInSourceControlInformation" in file "/usr/lib64/dotnet/sdk/10.0.101/Sdks/Microsoft.SourceLink.AzureRepos.Git/build/Microsoft.SourceLink.AzureRepos.Git.targets" from project "/home/baturhan/Projeler/Entegrasyon/Application/Entegrasyon.Blazor/Entegrasyon.Blazor.csproj" (target "_InitializeSourceControlInformationFromSourceControlManager" depends on it):
       Using "Microsoft.SourceLink.AzureRepos.Git.TranslateRepositoryUrls" task from assembly "/usr/lib64/dotnet/sdk/10.0.101/Sdks/Microsoft.SourceLink.AzureRepos.Git/build/../tools/net/Microsoft.SourceLink.AzureRepos.Git.dll".
       Task "Microsoft.SourceLink.AzureRepos.Git.TranslateRepositoryUrls"
       Done executing task "Microsoft.SourceLink.AzureRepos.Git.TranslateRepositoryUrls".
   1:7>Done building target "TranslateAzureReposGitUrlsInSourceControlInformation" in project "Entegrasyon.Blazor.csproj".
   1:7>Target "TranslateBitbucketGitUrlsInSourceControlInformation" in file "/usr/lib64/dotnet/sdk/10.0.101/Sdks/Microsoft.SourceLink.Bitbucket.Git/build/Microsoft.SourceLink.Bitbucket.Git.targets" from project "/home/baturhan/Projeler/Entegrasyon/Application/Entegrasyon.Blazor/Entegrasyon.Blazor.csproj" (target "_InitializeSourceControlInformationFromSourceControlManager" depends on it):
       Using "Microsoft.SourceLink.Bitbucket.Git.TranslateRepositoryUrls" task from assembly "/usr/lib64/dotnet/sdk/10.0.101/Sdks/Microsoft.SourceLink.Bitbucket.Git/build/../tools/net/Microsoft.SourceLink.Bitbucket.Git.dll".
       Task "Microsoft.SourceLink.Bitbucket.Git.TranslateRepositoryUrls"
       Done executing task "Microsoft.SourceLink.Bitbucket.Git.TranslateRepositoryUrls".
   1:7>Done building target "TranslateBitbucketGitUrlsInSourceControlInformation" in project "Entegrasyon.Blazor.csproj".
   1:7>Target "SourceControlManagerPublishTranslatedUrls" in file "/usr/lib64/dotnet/sdk/10.0.101/Sdks/Microsoft.SourceLink.Common/build/InitializeSourceControlInformation.targets" from project "/home/baturhan/Projeler/Entegrasyon/Application/Entegrasyon.Blazor/Entegrasyon.Blazor.csproj" (target "_InitializeSourceControlInformationFromSourceControlManager" depends on it):
   1:7>Done building target "SourceControlManagerPublishTranslatedUrls" in project "Entegrasyon.Blazor.csproj".
   1:7>Target "_InitializeSourceControlInformationFromSourceControlManager" in file "/usr/lib64/dotnet/sdk/10.0.101/Sdks/Microsoft.SourceLink.Common/build/InitializeSourceControlInformation.targets" from project "/home/baturhan/Projeler/Entegrasyon/Application/Entegrasyon.Blazor/Entegrasyon.Blazor.csproj" (target "InitializeSourceControlInformation" depends on it):
   1:7>Done building target "_InitializeSourceControlInformationFromSourceControlManager" in project "Entegrasyon.Blazor.csproj".
   1:7>Target "InitializeSourceControlInformation" in file "/usr/lib64/dotnet/sdk/10.0.101/Microsoft.Common.CurrentVersion.targets" from project "/home/baturhan/Projeler/Entegrasyon/Application/Entegrasyon.Blazor/Entegrasyon.Blazor.csproj" (target "GetAssemblyAttributes" depends on it):
   1:7>Done building target "InitializeSourceControlInformation" in project "Entegrasyon.Blazor.csproj".
       Target "GetAssemblyVersion" skipped. Previously built successfully.
       Target "InitializeSourceControlInformation" skipped. Previously built successfully.
   1:7>Target "AddSourceRevisionToInformationalVersion" in file "/usr/lib64/dotnet/sdk/10.0.101/Sdks/Microsoft.NET.Sdk/targets/Microsoft.NET.GenerateAssemblyInfo.targets" from project "/home/baturhan/Projeler/Entegrasyon/Application/Entegrasyon.Blazor/Entegrasyon.Blazor.csproj" (target "GetAssemblyAttributes" depends on it):
       /usr/lib64/dotnet/sdk/10.0.101/Sdks/Microsoft.NET.Sdk/targets/Microsoft.NET.GenerateAssemblyInfo.targets(70,7): message : Property reassignment: $(InformationalVersion)="1.0.0+b6490b011968657f75d632b3c51367b541aec72d" (previous value: "1.0.0") at /usr/lib64/dotnet/sdk/10.0.101/Sdks/Microsoft.NET.Sdk/targets/Microsoft.NET.GenerateAssemblyInfo.targets (70,7) [/home/baturhan/Projeler/Entegrasyon/Application/Entegrasyon.Blazor/Entegrasyon.Blazor.csproj]
   1:7>Done building target "AddSourceRevisionToInformationalVersion" in project "Entegrasyon.Blazor.csproj".
   1:7>Target "_GetUserSecretsAssemblyAttribute" in file "/usr/lib64/dotnet/sdk/10.0.101/Sdks/Microsoft.NET.Sdk/targets/Microsoft.NET.Sdk.FrameworkReferenceResolution.targets" from project "/home/baturhan/Projeler/Entegrasyon/Application/Entegrasyon.Blazor/Entegrasyon.Blazor.csproj" (target "GetAssemblyAttributes" depends on it):
   1:7>Done building target "_GetUserSecretsAssemblyAttribute" in project "Entegrasyon.Blazor.csproj".
   1:7>Target "GetAssemblyAttributes" in file "/usr/lib64/dotnet/sdk/10.0.101/Sdks/Microsoft.NET.Sdk/targets/Microsoft.NET.GenerateAssemblyInfo.targets" from project "/home/baturhan/Projeler/Entegrasyon/Application/Entegrasyon.Blazor/Entegrasyon.Blazor.csproj" (target "CreateGeneratedAssemblyInfoInputsCacheFile" depends on it):
   1:7>Done building target "GetAssemblyAttributes" in project "Entegrasyon.Blazor.csproj".
   1:7>Target "CreateGeneratedAssemblyInfoInputsCacheFile" in file "/usr/lib64/dotnet/sdk/10.0.101/Sdks/Microsoft.NET.Sdk/targets/Microsoft.NET.GenerateAssemblyInfo.targets" from project "/home/baturhan/Projeler/Entegrasyon/Application/Entegrasyon.Blazor/Entegrasyon.Blazor.csproj" (target "CoreGenerateAssemblyInfo" depends on it):
       Task "Hash"
       Done executing task "Hash".
       Task "WriteLinesToFile"
         Skipping write to file "obj/Debug/net8.0/Entegrasyon.Blazor.AssemblyInfoInputs.cache" because content would not change.
       Done executing task "WriteLinesToFile".
   1:7>Done building target "CreateGeneratedAssemblyInfoInputsCacheFile" in project "Entegrasyon.Blazor.csproj".
   1:7>Target "CoreGenerateAssemblyInfo" in file "/usr/lib64/dotnet/sdk/10.0.101/Sdks/Microsoft.NET.Sdk/targets/Microsoft.NET.GenerateAssemblyInfo.targets" from project "/home/baturhan/Projeler/Entegrasyon/Application/Entegrasyon.Blazor/Entegrasyon.Blazor.csproj" (target "GenerateAssemblyInfo" depends on it):
       Skipping target "CoreGenerateAssemblyInfo" because all output files are up-to-date with respect to the input files.
       Input files: obj/Debug/net8.0/Entegrasyon.Blazor.AssemblyInfoInputs.cache
       Output files: obj/Debug/net8.0/Entegrasyon.Blazor.AssemblyInfo.cs
   1:7>Done building target "CoreGenerateAssemblyInfo" in project "Entegrasyon.Blazor.csproj".
   1:7>Target "GenerateAssemblyInfo" in file "/usr/lib64/dotnet/sdk/10.0.101/Sdks/Microsoft.NET.Sdk/targets/Microsoft.NET.GenerateAssemblyInfo.targets" from project "/home/baturhan/Projeler/Entegrasyon/Application/Entegrasyon.Blazor/Entegrasyon.Blazor.csproj" (target "BeforeCompile" depends on it):
   1:7>Done building target "GenerateAssemblyInfo" in project "Entegrasyon.Blazor.csproj".
   1:7>Target "BeforeCompile" in file "/usr/lib64/dotnet/sdk/10.0.101/Microsoft.Common.CurrentVersion.targets" from project "/home/baturhan/Projeler/Entegrasyon/Application/Entegrasyon.Blazor/Entegrasyon.Blazor.csproj" (target "Compile" depends on it):
   1:7>Done building target "BeforeCompile" in project "Entegrasyon.Blazor.csproj".
       Target "ResolveAssemblyReferences" skipped. Previously built successfully.
       Target "_GenerateCompileInputs" skipped. Previously built successfully.
   1:7>Target "_GenerateCompileDependencyCache" in file "/usr/lib64/dotnet/sdk/10.0.101/Microsoft.Common.CurrentVersion.targets" from project "/home/baturhan/Projeler/Entegrasyon/Application/Entegrasyon.Blazor/Entegrasyon.Blazor.csproj" (target "Compile" depends on it):
       Task "Hash"
       Done executing task "Hash".
       Task "WriteLinesToFile"
         Skipping write to file "obj/Debug/net8.0/Entegrasyon.Blazor.csproj.CoreCompileInputs.cache" because content would not change.
       Done executing task "WriteLinesToFile".
   1:7>Done building target "_GenerateCompileDependencyCache" in project "Entegrasyon.Blazor.csproj".
       Target "ResolveAssemblyReferences" skipped. Previously built successfully.
   1:7>Target "_DiscoverMvcApplicationParts" in file "/usr/lib64/dotnet/sdk/10.0.101/Sdks/Microsoft.NET.Sdk.Razor/targets/Microsoft.NET.Sdk.Razor.MvcApplicationPartsDiscovery.targets" from project "/home/baturhan/Projeler/Entegrasyon/Application/Entegrasyon.Blazor/Entegrasyon.Blazor.csproj" (target "CoreCompile" depends on it):
       Skipping target "_DiscoverMvcApplicationParts" because all output files are up-to-date with respect to the input files.
       Input files: 
           /home/baturhan/Projeler/Entegrasyon/Application/Entegrasyon.Blazor/obj/project.assets.json
           /home/baturhan/Projeler/Entegrasyon/Application/Entegrasyon.Blazor/obj/Entegrasyon.Blazor.csproj.nuget.g.targets
           /usr/lib64/dotnet/sdk/10.0.101/Current/Microsoft.Common.targets/ImportAfter/Microsoft.TestPlatform.ImportAfter.targets
       Output files: obj/Debug/net8.0/Entegrasyon.Blazor.MvcApplicationPartsAssemblyInfo.cache
   1:7>Done building target "_DiscoverMvcApplicationParts" in project "Entegrasyon.Blazor.csproj".
       Target "ResolveRazorGenerateInputs" skipped. Previously built successfully.
   1:7>Target "_ResolveMvcAssemblyAttributes" in file "/usr/lib64/dotnet/sdk/10.0.101/Sdks/Microsoft.NET.Sdk.Razor/targets/Microsoft.NET.Sdk.Razor.Configuration.targets" from project "/home/baturhan/Projeler/Entegrasyon/Application/Entegrasyon.Blazor/Entegrasyon.Blazor.csproj" (target "_GenerateRazorAssemblyInfo" depends on it):
   1:7>Done building target "_ResolveMvcAssemblyAttributes" in project "Entegrasyon.Blazor.csproj".
       Target "PrepareForBuild" skipped. Previously built successfully.
   1:7>Target "_CreateRazorAssemblyInfoInputsCacheFile" in file "/usr/lib64/dotnet/sdk/10.0.101/Sdks/Microsoft.NET.Sdk.Razor/targets/Microsoft.NET.Sdk.Razor.GenerateAssemblyInfo.targets" from project "/home/baturhan/Projeler/Entegrasyon/Application/Entegrasyon.Blazor/Entegrasyon.Blazor.csproj" (target "_CoreGenerateRazorAssemblyInfo" depends on it):
       Task "Hash"
       Done executing task "Hash".
       Task "WriteLinesToFile"
         Skipping write to file "obj/Debug/net8.0/Entegrasyon.Blazor.RazorAssemblyInfo.cache" because content would not change.
       Done executing task "WriteLinesToFile".
   1:7>Done building target "_CreateRazorAssemblyInfoInputsCacheFile" in project "Entegrasyon.Blazor.csproj".
   1:7>Target "_CoreGenerateRazorAssemblyInfo" in file "/usr/lib64/dotnet/sdk/10.0.101/Sdks/Microsoft.NET.Sdk.Razor/targets/Microsoft.NET.Sdk.Razor.GenerateAssemblyInfo.targets" from project "/home/baturhan/Projeler/Entegrasyon/Application/Entegrasyon.Blazor/Entegrasyon.Blazor.csproj" (target "_GenerateRazorAssemblyInfo" depends on it):
       Skipping target "_CoreGenerateRazorAssemblyInfo" because all output files are up-to-date with respect to the input files.
       Input files: obj/Debug/net8.0/Entegrasyon.Blazor.RazorAssemblyInfo.cache
       Output files: obj/Debug/net8.0/Entegrasyon.Blazor.RazorAssemblyInfo.cs
   1:7>Done building target "_CoreGenerateRazorAssemblyInfo" in project "Entegrasyon.Blazor.csproj".
   1:7>Target "_GenerateRazorAssemblyInfo" in file "/usr/lib64/dotnet/sdk/10.0.101/Sdks/Microsoft.NET.Sdk.Razor/targets/Microsoft.NET.Sdk.Razor.GenerateAssemblyInfo.targets" from project "/home/baturhan/Projeler/Entegrasyon/Application/Entegrasyon.Blazor/Entegrasyon.Blazor.csproj" (target "CoreCompile" depends on it):
   1:7>Done building target "_GenerateRazorAssemblyInfo" in project "Entegrasyon.Blazor.csproj".
   1:7>Target "_BeforeVBCSCoreCompile" in file "/usr/lib64/dotnet/sdk/10.0.101/Roslyn/Microsoft.Managed.Core.targets" from project "/home/baturhan/Projeler/Entegrasyon/Application/Entegrasyon.Blazor/Entegrasyon.Blazor.csproj" (target "CoreCompile" depends on it):
   1:7>Done building target "_BeforeVBCSCoreCompile" in project "Entegrasyon.Blazor.csproj".
   1:7>Target "_ComputeSkipAnalyzers" in file "/usr/lib64/dotnet/sdk/10.0.101/Roslyn/Microsoft.Managed.Core.targets" from project "/home/baturhan/Projeler/Entegrasyon/Application/Entegrasyon.Blazor/Entegrasyon.Blazor.csproj" (target "CoreCompile" depends on it):
   1:7>Done building target "_ComputeSkipAnalyzers" in project "Entegrasyon.Blazor.csproj".
   1:7>Target "AddGlobalAnalyzerConfigForPackage_MicrosoftCodeAnalysisAnalyzers" in file "/home/baturhan/.nuget/packages/microsoft.codeanalysis.analyzers/3.11.0/buildTransitive/Microsoft.CodeAnalysis.Analyzers.targets" from project "/home/baturhan/Projeler/Entegrasyon/Application/Entegrasyon.Blazor/Entegrasyon.Blazor.csproj" (target "CoreCompile" depends on it):
   1:7>Done building target "AddGlobalAnalyzerConfigForPackage_MicrosoftCodeAnalysisAnalyzers" in project "Entegrasyon.Blazor.csproj".
       Target "BeforeCompile" skipped. Previously built successfully.
       Target "InitializeSourceControlInformationFromSourceControlManager" skipped. Previously built successfully.
   1:7>Target "SetEmbeddedFilesFromSourceControlManagerUntrackedFiles" in file "/usr/lib64/dotnet/sdk/10.0.101/Sdks/Microsoft.Build.Tasks.Git/build/Microsoft.Build.Tasks.Git.targets" from project "/home/baturhan/Projeler/Entegrasyon/Application/Entegrasyon.Blazor/Entegrasyon.Blazor.csproj" (target "_SetEmbeddedFilesFromSourceControlManagerUntrackedFiles" depends on it):
       Using "Microsoft.Build.Tasks.Git.GetUntrackedFiles" task from assembly "/usr/lib64/dotnet/sdk/10.0.101/Sdks/Microsoft.Build.Tasks.Git/build/../tools/net/Microsoft.Build.Tasks.Git.dll".
       Task "Microsoft.Build.Tasks.Git.GetUntrackedFiles"
         SourceLink: Reusing cached git repository information.
       Done executing task "Microsoft.Build.Tasks.Git.GetUntrackedFiles".
   1:7>Done building target "SetEmbeddedFilesFromSourceControlManagerUntrackedFiles" in project "Entegrasyon.Blazor.csproj".
   1:7>Target "_SetEmbeddedFilesFromSourceControlManagerUntrackedFiles" in file "/usr/lib64/dotnet/sdk/10.0.101/Sdks/Microsoft.SourceLink.Common/build/Microsoft.SourceLink.Common.targets" from project "/home/baturhan/Projeler/Entegrasyon/Application/Entegrasyon.Blazor/Entegrasyon.Blazor.csproj" (target "CoreCompile" depends on it):
   1:7>Done building target "_SetEmbeddedFilesFromSourceControlManagerUntrackedFiles" in project "Entegrasyon.Blazor.csproj".
       Target "InitializeSourceControlInformation" skipped. Previously built successfully.
   1:7>Target "_SetSourceLinkFilePath" in file "/usr/lib64/dotnet/sdk/10.0.101/Sdks/Microsoft.SourceLink.Common/build/Microsoft.SourceLink.Common.targets" from project "/home/baturhan/Projeler/Entegrasyon/Application/Entegrasyon.Blazor/Entegrasyon.Blazor.csproj" (target "_GenerateSourceLinkFile" depends on it):
   1:7>Done building target "_SetSourceLinkFilePath" in project "Entegrasyon.Blazor.csproj".
       Target "InitializeSourceControlInformation" skipped. Previously built successfully.
   1:7>Target "_InitializeSourceRootMappedPathsFromSourceControl" in file "/usr/lib64/dotnet/sdk/10.0.101/Roslyn/Microsoft.Managed.Core.targets" from project "/home/baturhan/Projeler/Entegrasyon/Application/Entegrasyon.Blazor/Entegrasyon.Blazor.csproj" (target "InitializeSourceRootMappedPaths" depends on it):
   1:7>Done building target "_InitializeSourceRootMappedPathsFromSourceControl" in project "Entegrasyon.Blazor.csproj".
   1:7>Target "InitializeSourceRootMappedPaths" in file "/usr/lib64/dotnet/sdk/10.0.101/Roslyn/Microsoft.Managed.Core.targets" from project "/home/baturhan/Projeler/Entegrasyon/Application/Entegrasyon.Blazor/Entegrasyon.Blazor.csproj" (target "_InitializeSourceRootMappedPathsOpt" depends on it):
       Using "Microsoft.CodeAnalysis.BuildTasks.MapSourceRoots" task from assembly "/usr/lib64/dotnet/sdk/10.0.101/Sdks/Microsoft.NET.Sdk/targets/../../../Roslyn/Microsoft.Build.Tasks.CodeAnalysis.dll".
       Task "Microsoft.CodeAnalysis.BuildTasks.MapSourceRoots"
       Done executing task "Microsoft.CodeAnalysis.BuildTasks.MapSourceRoots".
   1:7>Done building target "InitializeSourceRootMappedPaths" in project "Entegrasyon.Blazor.csproj".
   1:7>Target "_InitializeSourceRootMappedPathsOpt" in file "/usr/lib64/dotnet/sdk/10.0.101/Sdks/Microsoft.SourceLink.Common/build/Microsoft.SourceLink.Common.targets" from project "/home/baturhan/Projeler/Entegrasyon/Application/Entegrasyon.Blazor/Entegrasyon.Blazor.csproj" (target "_GenerateSourceLinkFile" depends on it):
   1:7>Done building target "_InitializeSourceRootMappedPathsOpt" in project "Entegrasyon.Blazor.csproj".
   1:7>Target "_InitializeGitHubSourceLinkUrl" in file "/usr/lib64/dotnet/sdk/10.0.101/Sdks/Microsoft.SourceLink.GitHub/build/Microsoft.SourceLink.GitHub.targets" from project "/home/baturhan/Projeler/Entegrasyon/Application/Entegrasyon.Blazor/Entegrasyon.Blazor.csproj" (target "_GenerateSourceLinkFile" depends on it):
       Building target "_InitializeGitHubSourceLinkUrl" completely.
       No input files were specified.
       Using "Microsoft.SourceLink.GitHub.GetSourceLinkUrl" task from assembly "/usr/lib64/dotnet/sdk/10.0.101/Sdks/Microsoft.SourceLink.GitHub/build/../tools/net/Microsoft.SourceLink.GitHub.dll".
       Task "Microsoft.SourceLink.GitHub.GetSourceLinkUrl"
       Done executing task "Microsoft.SourceLink.GitHub.GetSourceLinkUrl".
   1:7>Done building target "_InitializeGitHubSourceLinkUrl" in project "Entegrasyon.Blazor.csproj".
   1:7>Target "_InitializeGitHubSourceLinkUrl" in file "/usr/lib64/dotnet/sdk/10.0.101/Sdks/Microsoft.SourceLink.GitHub/build/Microsoft.SourceLink.GitHub.targets" from project "/home/baturhan/Projeler/Entegrasyon/Application/Entegrasyon.Blazor/Entegrasyon.Blazor.csproj" (target "_GenerateSourceLinkFile" depends on it):
       Building target "_InitializeGitHubSourceLinkUrl" completely.
       No input files were specified.
       Task "Microsoft.SourceLink.GitHub.GetSourceLinkUrl"
       Done executing task "Microsoft.SourceLink.GitHub.GetSourceLinkUrl".
   1:7>Done building target "_InitializeGitHubSourceLinkUrl" in project "Entegrasyon.Blazor.csproj".
   1:7>Target "_InitializeGitLabSourceLinkUrl" in file "/usr/lib64/dotnet/sdk/10.0.101/Sdks/Microsoft.SourceLink.GitLab/build/Microsoft.SourceLink.GitLab.targets" from project "/home/baturhan/Projeler/Entegrasyon/Application/Entegrasyon.Blazor/Entegrasyon.Blazor.csproj" (target "_GenerateSourceLinkFile" depends on it):
       Building target "_InitializeGitLabSourceLinkUrl" completely.
       No input files were specified.
       Using "Microsoft.SourceLink.GitLab.GetSourceLinkUrl" task from assembly "/usr/lib64/dotnet/sdk/10.0.101/Sdks/Microsoft.SourceLink.GitLab/build/../tools/net/Microsoft.SourceLink.GitLab.dll".
       Task "Microsoft.SourceLink.GitLab.GetSourceLinkUrl"
       /usr/lib64/dotnet/sdk/10.0.101/Sdks/Microsoft.SourceLink.GitLab/build/Microsoft.SourceLink.GitLab.targets(37,7): message : Property reassignment: $(_SourceLinkUrlToUpdate)="N/A" (previous value: "https://raw.githubusercontent.com/BaturhanKahraman/Entegrasyon/b6490b011968657f75d632b3c51367b541aec72d/*") at /usr/lib64/dotnet/sdk/10.0.101/Sdks/Microsoft.SourceLink.GitLab/build/Microsoft.SourceLink.GitLab.targets (37,7) [/home/baturhan/Projeler/Entegrasyon/Application/Entegrasyon.Blazor/Entegrasyon.Blazor.csproj]
       Done executing task "Microsoft.SourceLink.GitLab.GetSourceLinkUrl".
   1:7>Done building target "_InitializeGitLabSourceLinkUrl" in project "Entegrasyon.Blazor.csproj".
   1:7>Target "_InitializeGitLabSourceLinkUrl" in file "/usr/lib64/dotnet/sdk/10.0.101/Sdks/Microsoft.SourceLink.GitLab/build/Microsoft.SourceLink.GitLab.targets" from project "/home/baturhan/Projeler/Entegrasyon/Application/Entegrasyon.Blazor/Entegrasyon.Blazor.csproj" (target "_GenerateSourceLinkFile" depends on it):
       Building target "_InitializeGitLabSourceLinkUrl" completely.
       No input files were specified.
       Task "Microsoft.SourceLink.GitLab.GetSourceLinkUrl"
       /usr/lib64/dotnet/sdk/10.0.101/Sdks/Microsoft.SourceLink.GitLab/build/Microsoft.SourceLink.GitLab.targets(37,7): message : Property reassignment: $(_SourceLinkUrlToUpdate)="N/A" (previous value: "https://raw.githubusercontent.com/BaturhanKahraman/Entegrasyon/b6490b011968657f75d632b3c51367b541aec72d/*") at /usr/lib64/dotnet/sdk/10.0.101/Sdks/Microsoft.SourceLink.GitLab/build/Microsoft.SourceLink.GitLab.targets (37,7) [/home/baturhan/Projeler/Entegrasyon/Application/Entegrasyon.Blazor/Entegrasyon.Blazor.csproj]
       Done executing task "Microsoft.SourceLink.GitLab.GetSourceLinkUrl".
   1:7>Done building target "_InitializeGitLabSourceLinkUrl" in project "Entegrasyon.Blazor.csproj".
   1:7>Target "_InitializeAzureReposGitSourceLinkUrl" in file "/usr/lib64/dotnet/sdk/10.0.101/Sdks/Microsoft.SourceLink.AzureRepos.Git/build/Microsoft.SourceLink.AzureRepos.Git.targets" from project "/home/baturhan/Projeler/Entegrasyon/Application/Entegrasyon.Blazor/Entegrasyon.Blazor.csproj" (target "_GenerateSourceLinkFile" depends on it):
       Building target "_InitializeAzureReposGitSourceLinkUrl" completely.
       No input files were specified.
       Using "Microsoft.SourceLink.AzureRepos.Git.GetSourceLinkUrl" task from assembly "/usr/lib64/dotnet/sdk/10.0.101/Sdks/Microsoft.SourceLink.AzureRepos.Git/build/../tools/net/Microsoft.SourceLink.AzureRepos.Git.dll".
       Task "Microsoft.SourceLink.AzureRepos.Git.GetSourceLinkUrl"
       Done executing task "Microsoft.SourceLink.AzureRepos.Git.GetSourceLinkUrl".
   1:7>Done building target "_InitializeAzureReposGitSourceLinkUrl" in project "Entegrasyon.Blazor.csproj".
   1:7>Target "_InitializeAzureReposGitSourceLinkUrl" in file "/usr/lib64/dotnet/sdk/10.0.101/Sdks/Microsoft.SourceLink.AzureRepos.Git/build/Microsoft.SourceLink.AzureRepos.Git.targets" from project "/home/baturhan/Projeler/Entegrasyon/Application/Entegrasyon.Blazor/Entegrasyon.Blazor.csproj" (target "_GenerateSourceLinkFile" depends on it):
       Building target "_InitializeAzureReposGitSourceLinkUrl" completely.
       No input files were specified.
       Task "Microsoft.SourceLink.AzureRepos.Git.GetSourceLinkUrl"
       Done executing task "Microsoft.SourceLink.AzureRepos.Git.GetSourceLinkUrl".
   1:7>Done building target "_InitializeAzureReposGitSourceLinkUrl" in project "Entegrasyon.Blazor.csproj".
   1:7>Target "_InitializeBitbucketGitSourceLinkUrl" in file "/usr/lib64/dotnet/sdk/10.0.101/Sdks/Microsoft.SourceLink.Bitbucket.Git/build/Microsoft.SourceLink.Bitbucket.Git.targets" from project "/home/baturhan/Projeler/Entegrasyon/Application/Entegrasyon.Blazor/Entegrasyon.Blazor.csproj" (target "_GenerateSourceLinkFile" depends on it):
       Building target "_InitializeBitbucketGitSourceLinkUrl" completely.
       No input files were specified.
       Using "Microsoft.SourceLink.Bitbucket.Git.GetSourceLinkUrl" task from assembly "/usr/lib64/dotnet/sdk/10.0.101/Sdks/Microsoft.SourceLink.Bitbucket.Git/build/../tools/net/Microsoft.SourceLink.Bitbucket.Git.dll".
       Task "Microsoft.SourceLink.Bitbucket.Git.GetSourceLinkUrl"
       Done executing task "Microsoft.SourceLink.Bitbucket.Git.GetSourceLinkUrl".
   1:7>Done building target "_InitializeBitbucketGitSourceLinkUrl" in project "Entegrasyon.Blazor.csproj".
   1:7>Target "_InitializeBitbucketGitSourceLinkUrl" in file "/usr/lib64/dotnet/sdk/10.0.101/Sdks/Microsoft.SourceLink.Bitbucket.Git/build/Microsoft.SourceLink.Bitbucket.Git.targets" from project "/home/baturhan/Projeler/Entegrasyon/Application/Entegrasyon.Blazor/Entegrasyon.Blazor.csproj" (target "_GenerateSourceLinkFile" depends on it):
       Building target "_InitializeBitbucketGitSourceLinkUrl" completely.
       No input files were specified.
       Task "Microsoft.SourceLink.Bitbucket.Git.GetSourceLinkUrl"
       Done executing task "Microsoft.SourceLink.Bitbucket.Git.GetSourceLinkUrl".
   1:7>Done building target "_InitializeBitbucketGitSourceLinkUrl" in project "Entegrasyon.Blazor.csproj".
   1:7>Target "_GenerateSourceLinkFile" in file "/usr/lib64/dotnet/sdk/10.0.101/Sdks/Microsoft.SourceLink.Common/build/Microsoft.SourceLink.Common.targets" from project "/home/baturhan/Projeler/Entegrasyon/Application/Entegrasyon.Blazor/Entegrasyon.Blazor.csproj" (target "GenerateSourceLinkFile" depends on it):
       Building target "_GenerateSourceLinkFile" completely.
       No input files were specified.
       Using "Microsoft.SourceLink.Common.GenerateSourceLinkFile" task from assembly "/usr/lib64/dotnet/sdk/10.0.101/Sdks/Microsoft.SourceLink.Common/build/../tools/net/Microsoft.SourceLink.Common.dll".
       Task "Microsoft.SourceLink.Common.GenerateSourceLinkFile"
         Source Link file 'obj/Debug/net8.0/Entegrasyon.Blazor.sourcelink.json' is up-to-date.
       Done executing task "Microsoft.SourceLink.Common.GenerateSourceLinkFile".
   1:7>Done building target "_GenerateSourceLinkFile" in project "Entegrasyon.Blazor.csproj".
   1:7>Target "GenerateSourceLinkFile" in file "/usr/lib64/dotnet/sdk/10.0.101/Sdks/Microsoft.SourceLink.Common/build/Microsoft.SourceLink.Common.targets" from project "/home/baturhan/Projeler/Entegrasyon/Application/Entegrasyon.Blazor/Entegrasyon.Blazor.csproj" (target "CoreCompile" depends on it):
   1:7>Done building target "GenerateSourceLinkFile" in project "Entegrasyon.Blazor.csproj".
   1:7>Target "AddGlobalAnalyzerConfigForPackage_MicrosoftCodeAnalysisNetAnalyzers" in file "/usr/lib64/dotnet/sdk/10.0.101/Sdks/Microsoft.NET.Sdk/analyzers/build/Microsoft.CodeAnalysis.NetAnalyzers.targets" from project "/home/baturhan/Projeler/Entegrasyon/Application/Entegrasyon.Blazor/Entegrasyon.Blazor.csproj" (target "CoreCompile" depends on it):
   1:7>Done building target "AddGlobalAnalyzerConfigForPackage_MicrosoftCodeAnalysisNetAnalyzers" in project "Entegrasyon.Blazor.csproj".
   1:7>Target "CoreCompile" in file "/usr/lib64/dotnet/sdk/10.0.101/Roslyn/Microsoft.CSharp.Core.targets" from project "/home/baturhan/Projeler/Entegrasyon/Application/Entegrasyon.Blazor/Entegrasyon.Blazor.csproj" (target "Compile" depends on it):
       Skipping target "CoreCompile" because all output files are up-to-date with respect to the input files.
       Input files: 
           Components/Dialogs/CategoryDialog.razor.cs
           Components/Dialogs/ProductDialog.razor.cs
           Components/Import/TrendyolCategoryTreeView.razor.cs
           Components/Shared/NotificationList.razor.cs
           Components/View/MenuViewComponent.cs
           Models/Auth/LoginViewModel.cs
           Models/PermissionModel.cs
           Pages/CategoryImport.razor.cs
           Pages/Customers/CustomerDialog.razor.cs
           Pages/Customers/Customers.razor.cs
           Pages/Index.razor.cs
           Pages/Products.razor.cs
           Pages/Sales.razor.cs
           Program.cs
           Services/BackgroundServices/MarketplaceSyncBackgroundService.cs
           Services/BackgroundServices/ProductSyncBackgroundService.cs
           Services/BackgroundServices/TrendyolCategoryImportBackgroundService.cs
           Services/Channels/ChannelExtensions.cs
           Services/Channels/EventChannel.cs
           Services/Channels/Events/DomainEvents.cs
           Services/CustomAuthenticationStateProvider.cs
           Services/INotificationEventPublisher.cs
           Services/NotificationEventPublisher.cs
           Utility/Attributes/BreadcrumbAttribute.cs
           Utility/Attributes/ModelState/BaseModelTransferAttribute.cs
           Utility/Attributes/ModelState/RestoreModelStateFromTempDataAttribute .cs
           Utility/Attributes/ModelState/SetTempDataModelStateAttribute .cs
           Utility/Attributes/PermissionAuthorizeAttribute.cs
           Utility/Attributes/Validations/EnsureAtLeastOne.cs
           Utility/Attributes/Validations/ExclusiveBooleanAttribute.cs
           Utility/Constants/Permissions.cs
           Utility/Constants/StringConstant.cs
           Utility/ExceptionMiddlewares/ConcurrencyExceptionHandler.cs
           Utility/Extensions/ModelStateExtension.cs
           Utility/Extensions/RandomExtension.cs
           Utility/Extensions/TypeConverterExtension.cs
           Utility/Helpers/AlertTypeHelper.cs
           Utility/Helpers/TagHelpers/ActiveMenuTagHelper.cs
           Utility/Helpers/TagHelpers/HasAccesTagHelper.cs
           Utility/Mapper/Mappings.cs
           Utility/Notifications/BlazorNotificationSender.cs
           Utility/Notifications/IBlazorNotificationSender.cs
           Utility/Objects/ModelStateTransferValue.cs
           Utility/Objects/NavigationItem.cs
           Utility/Services/IMenuService.cs
           Utility/Services/MenuService.cs
           Utility/Storage/MenuStorage.cs
           Utility/ToastrNotification/NotificationDictionary.cs
           Utility/ToastrNotification/NotificationPosition.cs
           Utility/ToastrNotification/NotificationType.cs
           Utility/ToastrNotification/ToastrOptions.cs
           ViewModels/Auth/CreatePasswordViewModel.cs
           ViewModels/Auth/LoginViewModel.cs
           ViewModels/Auth/ResetPasswordViewModel.cs
           ViewModels/Brand/BrandDeleteViewModel.cs
           ViewModels/Brand/BrandEditViewModel.cs
           ViewModels/Brand/BrandListDetailViewModel.cs
           ViewModels/BreadCrumbModel.cs
           ViewModels/Category/CategoryDetailListViewModel.cs
           ViewModels/Category/CategoryDetailViewModel.cs
           ViewModels/Category/CategoryUpsertViewModel.cs
           ViewModels/CategoryAttribute/CategoryAttributeAddViewModel.cs
           ViewModels/CategoryAttribute/CategoryAttributeValueViewModel.cs
           ViewModels/CategoryImport/CategoryTreeViewModel.cs
           ViewModels/CategoryImport/JsTreeViewModel.cs
           ViewModels/CategoryImport/TrendyolImportViewModel.cs
           ViewModels/CategoryTreeNode.cs
           ViewModels/Customer/CustomerAddViewModel.cs
           ViewModels/Customer/CustomerDetailListViewModel.cs
           ViewModels/Customer/CustomerDetailViewModel.cs
           ViewModels/Customer/CustomerEditViewModel.cs
           ViewModels/ErrorViewModel.cs
           ViewModels/FlatTreeNode.cs
           ViewModels/Office/OfficeCreateViewModel.cs
           ViewModels/Office/OfficeDetailViewModel.cs
           ViewModels/Office/OfficeEditViewModel.cs
           ViewModels/Products/ProductDetailListViewModel.cs
           ViewModels/Products/ProductDetailViewModel.cs
           ViewModels/ProductVariant/ProductVariantDetailViewModel.cs
           ViewModels/ProductVariant/VariantStockDetailViewModel.cs
           ViewModels/User/UserAddViewModel.cs
           ViewModels/User/UserDetailViewModel.cs
           ViewModels/User/UserEditViewModel.cs
           obj/Debug/net8.0/Entegrasyon.Blazor.GlobalUsings.g.cs
           obj/Debug/net8.0/.NETCoreApp,Version=v8.0.AssemblyAttributes.cs
           obj/Debug/net8.0/Entegrasyon.Blazor.AssemblyInfo.cs
           obj/Debug/net8.0/Entegrasyon.Blazor.MvcApplicationPartsAssemblyInfo.cs
           obj/Debug/net8.0/Entegrasyon.Blazor.RazorAssemblyInfo.cs
           /home/baturhan/.nuget/packages/castle.core/5.1.1/lib/net6.0/Castle.Core.dll
           /home/baturhan/Projeler/Entegrasyon/Application/Entegrasyon.ApplicationBootstrap/obj/Debug/net8.0/ref/Entegrasyon.ApplicationBootstrap.dll
           /home/baturhan/Projeler/Entegrasyon/Application/Entegrasyon.Business/obj/Debug/net8.0/ref/Entegrasyon.Business.dll
           /home/baturhan/Projeler/Entegrasyon/Application/Entegrasyon.DataAccess/obj/Debug/net8.0/ref/Entegrasyon.DataAccess.dll
           /home/baturhan/Projeler/Entegrasyon/Application/Entegrasyon.Entity/obj/Debug/net8.0/ref/Entegrasyon.Entity.dll
           /home/baturhan/Projeler/Entegrasyon/Application/Entegrasyon.MessageQueue.Commands/obj/Debug/net8.0/ref/Entegrasyon.MessageQueue.Commands.dll
           /home/baturhan/Projeler/Entegrasyon/Application/Entegrasyon.MessageQueue/obj/Debug/net8.0/ref/Entegrasyon.MessageQueue.Handler.dll
           /home/baturhan/.nuget/packages/fluentvalidation/11.9.0/lib/net8.0/FluentValidation.dll
           /home/baturhan/.nuget/packages/mapster.core/1.2.1/lib/net7.0/Mapster.Core.dll
           /home/baturhan/.nuget/packages/mapster.dependencyinjection/1.0.1/lib/net7.0/Mapster.DependencyInjection.dll
           /home/baturhan/.nuget/packages/mapster/7.4.0/lib/net7.0/Mapster.dll
           /usr/lib64/dotnet/packs/Microsoft.AspNetCore.App.Ref/8.0.22/ref/net8.0/Microsoft.AspNetCore.Antiforgery.dll
           /usr/lib64/dotnet/packs/Microsoft.AspNetCore.App.Ref/8.0.22/ref/net8.0/Microsoft.AspNetCore.Authentication.Abstractions.dll
           /usr/lib64/dotnet/packs/Microsoft.AspNetCore.App.Ref/8.0.22/ref/net8.0/Microsoft.AspNetCore.Authentication.BearerToken.dll
           /usr/lib64/dotnet/packs/Microsoft.AspNetCore.App.Ref/8.0.22/ref/net8.0/Microsoft.AspNetCore.Authentication.Cookies.dll
           /usr/lib64/dotnet/packs/Microsoft.AspNetCore.App.Ref/8.0.22/ref/net8.0/Microsoft.AspNetCore.Authentication.Core.dll
           /usr/lib64/dotnet/packs/Microsoft.AspNetCore.App.Ref/8.0.22/ref/net8.0/Microsoft.AspNetCore.Authentication.dll
           /usr/lib64/dotnet/packs/Microsoft.AspNetCore.App.Ref/8.0.22/ref/net8.0/Microsoft.AspNetCore.Authentication.OAuth.dll
           /usr/lib64/dotnet/packs/Microsoft.AspNetCore.App.Ref/8.0.22/ref/net8.0/Microsoft.AspNetCore.Authorization.dll
           /usr/lib64/dotnet/packs/Microsoft.AspNetCore.App.Ref/8.0.22/ref/net8.0/Microsoft.AspNetCore.Authorization.Policy.dll
           /usr/lib64/dotnet/packs/Microsoft.AspNetCore.App.Ref/8.0.22/ref/net8.0/Microsoft.AspNetCore.Components.Authorization.dll
           /usr/lib64/dotnet/packs/Microsoft.AspNetCore.App.Ref/8.0.22/ref/net8.0/Microsoft.AspNetCore.Components.dll
           /usr/lib64/dotnet/packs/Microsoft.AspNetCore.App.Ref/8.0.22/ref/net8.0/Microsoft.AspNetCore.Components.Endpoints.dll
           /usr/lib64/dotnet/packs/Microsoft.AspNetCore.App.Ref/8.0.22/ref/net8.0/Microsoft.AspNetCore.Components.Forms.dll
           /usr/lib64/dotnet/packs/Microsoft.AspNetCore.App.Ref/8.0.22/ref/net8.0/Microsoft.AspNetCore.Components.Server.dll
           /usr/lib64/dotnet/packs/Microsoft.AspNetCore.App.Ref/8.0.22/ref/net8.0/Microsoft.AspNetCore.Components.Web.dll
           /usr/lib64/dotnet/packs/Microsoft.AspNetCore.App.Ref/8.0.22/ref/net8.0/Microsoft.AspNetCore.Connections.Abstractions.dll
           /usr/lib64/dotnet/packs/Microsoft.AspNetCore.App.Ref/8.0.22/ref/net8.0/Microsoft.AspNetCore.CookiePolicy.dll
           /usr/lib64/dotnet/packs/Microsoft.AspNetCore.App.Ref/8.0.22/ref/net8.0/Microsoft.AspNetCore.Cors.dll
           /usr/lib64/dotnet/packs/Microsoft.AspNetCore.App.Ref/8.0.22/ref/net8.0/Microsoft.AspNetCore.Cryptography.Internal.dll
           /usr/lib64/dotnet/packs/Microsoft.AspNetCore.App.Ref/8.0.22/ref/net8.0/Microsoft.AspNetCore.Cryptography.KeyDerivation.dll
           /usr/lib64/dotnet/packs/Microsoft.AspNetCore.App.Ref/8.0.22/ref/net8.0/Microsoft.AspNetCore.DataProtection.Abstractions.dll
           /usr/lib64/dotnet/packs/Microsoft.AspNetCore.App.Ref/8.0.22/ref/net8.0/Microsoft.AspNetCore.DataProtection.dll
           /usr/lib64/dotnet/packs/Microsoft.AspNetCore.App.Ref/8.0.22/ref/net8.0/Microsoft.AspNetCore.DataProtection.Extensions.dll
           /usr/lib64/dotnet/packs/Microsoft.AspNetCore.App.Ref/8.0.22/ref/net8.0/Microsoft.AspNetCore.Diagnostics.Abstractions.dll
           /usr/lib64/dotnet/packs/Microsoft.AspNetCore.App.Ref/8.0.22/ref/net8.0/Microsoft.AspNetCore.Diagnostics.dll
           /usr/lib64/dotnet/packs/Microsoft.AspNetCore.App.Ref/8.0.22/ref/net8.0/Microsoft.AspNetCore.Diagnostics.HealthChecks.dll
           /usr/lib64/dotnet/packs/Microsoft.AspNetCore.App.Ref/8.0.22/ref/net8.0/Microsoft.AspNetCore.dll
           /usr/lib64/dotnet/packs/Microsoft.AspNetCore.App.Ref/8.0.22/ref/net8.0/Microsoft.AspNetCore.HostFiltering.dll
           /usr/lib64/dotnet/packs/Microsoft.AspNetCore.App.Ref/8.0.22/ref/net8.0/Microsoft.AspNetCore.Hosting.Abstractions.dll
           /usr/lib64/dotnet/packs/Microsoft.AspNetCore.App.Ref/8.0.22/ref/net8.0/Microsoft.AspNetCore.Hosting.dll
           /usr/lib64/dotnet/packs/Microsoft.AspNetCore.App.Ref/8.0.22/ref/net8.0/Microsoft.AspNetCore.Hosting.Server.Abstractions.dll
           /usr/lib64/dotnet/packs/Microsoft.AspNetCore.App.Ref/8.0.22/ref/net8.0/Microsoft.AspNetCore.Html.Abstractions.dll
           /usr/lib64/dotnet/packs/Microsoft.AspNetCore.App.Ref/8.0.22/ref/net8.0/Microsoft.AspNetCore.Http.Abstractions.dll
           /usr/lib64/dotnet/packs/Microsoft.AspNetCore.App.Ref/8.0.22/ref/net8.0/Microsoft.AspNetCore.Http.Connections.Common.dll
           /usr/lib64/dotnet/packs/Microsoft.AspNetCore.App.Ref/8.0.22/ref/net8.0/Microsoft.AspNetCore.Http.Connections.dll
           /usr/lib64/dotnet/packs/Microsoft.AspNetCore.App.Ref/8.0.22/ref/net8.0/Microsoft.AspNetCore.Http.dll
           /usr/lib64/dotnet/packs/Microsoft.AspNetCore.App.Ref/8.0.22/ref/net8.0/Microsoft.AspNetCore.Http.Extensions.dll
           /usr/lib64/dotnet/packs/Microsoft.AspNetCore.App.Ref/8.0.22/ref/net8.0/Microsoft.AspNetCore.Http.Features.dll
           /usr/lib64/dotnet/packs/Microsoft.AspNetCore.App.Ref/8.0.22/ref/net8.0/Microsoft.AspNetCore.Http.Results.dll
           /usr/lib64/dotnet/packs/Microsoft.AspNetCore.App.Ref/8.0.22/ref/net8.0/Microsoft.AspNetCore.HttpLogging.dll
           /usr/lib64/dotnet/packs/Microsoft.AspNetCore.App.Ref/8.0.22/ref/net8.0/Microsoft.AspNetCore.HttpOverrides.dll
           /usr/lib64/dotnet/packs/Microsoft.AspNetCore.App.Ref/8.0.22/ref/net8.0/Microsoft.AspNetCore.HttpsPolicy.dll
           /usr/lib64/dotnet/packs/Microsoft.AspNetCore.App.Ref/8.0.22/ref/net8.0/Microsoft.AspNetCore.Identity.dll
           /usr/lib64/dotnet/packs/Microsoft.AspNetCore.App.Ref/8.0.22/ref/net8.0/Microsoft.AspNetCore.Localization.dll
           /usr/lib64/dotnet/packs/Microsoft.AspNetCore.App.Ref/8.0.22/ref/net8.0/Microsoft.AspNetCore.Localization.Routing.dll
           /usr/lib64/dotnet/packs/Microsoft.AspNetCore.App.Ref/8.0.22/ref/net8.0/Microsoft.AspNetCore.Metadata.dll
           /usr/lib64/dotnet/packs/Microsoft.AspNetCore.App.Ref/8.0.22/ref/net8.0/Microsoft.AspNetCore.Mvc.Abstractions.dll
           /usr/lib64/dotnet/packs/Microsoft.AspNetCore.App.Ref/8.0.22/ref/net8.0/Microsoft.AspNetCore.Mvc.ApiExplorer.dll
           /usr/lib64/dotnet/packs/Microsoft.AspNetCore.App.Ref/8.0.22/ref/net8.0/Microsoft.AspNetCore.Mvc.Core.dll
           /usr/lib64/dotnet/packs/Microsoft.AspNetCore.App.Ref/8.0.22/ref/net8.0/Microsoft.AspNetCore.Mvc.Cors.dll
           /usr/lib64/dotnet/packs/Microsoft.AspNetCore.App.Ref/8.0.22/ref/net8.0/Microsoft.AspNetCore.Mvc.DataAnnotations.dll
           /usr/lib64/dotnet/packs/Microsoft.AspNetCore.App.Ref/8.0.22/ref/net8.0/Microsoft.AspNetCore.Mvc.dll
           /usr/lib64/dotnet/packs/Microsoft.AspNetCore.App.Ref/8.0.22/ref/net8.0/Microsoft.AspNetCore.Mvc.Formatters.Json.dll
           /usr/lib64/dotnet/packs/Microsoft.AspNetCore.App.Ref/8.0.22/ref/net8.0/Microsoft.AspNetCore.Mvc.Formatters.Xml.dll
           /usr/lib64/dotnet/packs/Microsoft.AspNetCore.App.Ref/8.0.22/ref/net8.0/Microsoft.AspNetCore.Mvc.Localization.dll
           /usr/lib64/dotnet/packs/Microsoft.AspNetCore.App.Ref/8.0.22/ref/net8.0/Microsoft.AspNetCore.Mvc.Razor.dll
           /usr/lib64/dotnet/packs/Microsoft.AspNetCore.App.Ref/8.0.22/ref/net8.0/Microsoft.AspNetCore.Mvc.RazorPages.dll
           /usr/lib64/dotnet/packs/Microsoft.AspNetCore.App.Ref/8.0.22/ref/net8.0/Microsoft.AspNetCore.Mvc.TagHelpers.dll
           /usr/lib64/dotnet/packs/Microsoft.AspNetCore.App.Ref/8.0.22/ref/net8.0/Microsoft.AspNetCore.Mvc.ViewFeatures.dll
           /usr/lib64/dotnet/packs/Microsoft.AspNetCore.App.Ref/8.0.22/ref/net8.0/Microsoft.AspNetCore.OutputCaching.dll
           /usr/lib64/dotnet/packs/Microsoft.AspNetCore.App.Ref/8.0.22/ref/net8.0/Microsoft.AspNetCore.RateLimiting.dll
           /usr/lib64/dotnet/packs/Microsoft.AspNetCore.App.Ref/8.0.22/ref/net8.0/Microsoft.AspNetCore.Razor.dll
           /usr/lib64/dotnet/packs/Microsoft.AspNetCore.App.Ref/8.0.22/ref/net8.0/Microsoft.AspNetCore.Razor.Runtime.dll
           /usr/lib64/dotnet/packs/Microsoft.AspNetCore.App.Ref/8.0.22/ref/net8.0/Microsoft.AspNetCore.RequestDecompression.dll
           /usr/lib64/dotnet/packs/Microsoft.AspNetCore.App.Ref/8.0.22/ref/net8.0/Microsoft.AspNetCore.ResponseCaching.Abstractions.dll
           /usr/lib64/dotnet/packs/Microsoft.AspNetCore.App.Ref/8.0.22/ref/net8.0/Microsoft.AspNetCore.ResponseCaching.dll
           /usr/lib64/dotnet/packs/Microsoft.AspNetCore.App.Ref/8.0.22/ref/net8.0/Microsoft.AspNetCore.ResponseCompression.dll
           /usr/lib64/dotnet/packs/Microsoft.AspNetCore.App.Ref/8.0.22/ref/net8.0/Microsoft.AspNetCore.Rewrite.dll
           /usr/lib64/dotnet/packs/Microsoft.AspNetCore.App.Ref/8.0.22/ref/net8.0/Microsoft.AspNetCore.Routing.Abstractions.dll
           /usr/lib64/dotnet/packs/Microsoft.AspNetCore.App.Ref/8.0.22/ref/net8.0/Microsoft.AspNetCore.Routing.dll
           /usr/lib64/dotnet/packs/Microsoft.AspNetCore.App.Ref/8.0.22/ref/net8.0/Microsoft.AspNetCore.Server.HttpSys.dll
           /usr/lib64/dotnet/packs/Microsoft.AspNetCore.App.Ref/8.0.22/ref/net8.0/Microsoft.AspNetCore.Server.IIS.dll
           /usr/lib64/dotnet/packs/Microsoft.AspNetCore.App.Ref/8.0.22/ref/net8.0/Microsoft.AspNetCore.Server.IISIntegration.dll
           /usr/lib64/dotnet/packs/Microsoft.AspNetCore.App.Ref/8.0.22/ref/net8.0/Microsoft.AspNetCore.Server.Kestrel.Core.dll
           /usr/lib64/dotnet/packs/Microsoft.AspNetCore.App.Ref/8.0.22/ref/net8.0/Microsoft.AspNetCore.Server.Kestrel.dll
           /usr/lib64/dotnet/packs/Microsoft.AspNetCore.App.Ref/8.0.22/ref/net8.0/Microsoft.AspNetCore.Server.Kestrel.Transport.NamedPipes.dll
           /usr/lib64/dotnet/packs/Microsoft.AspNetCore.App.Ref/8.0.22/ref/net8.0/Microsoft.AspNetCore.Server.Kestrel.Transport.Quic.dll
           /usr/lib64/dotnet/packs/Microsoft.AspNetCore.App.Ref/8.0.22/ref/net8.0/Microsoft.AspNetCore.Server.Kestrel.Transport.Sockets.dll
           /usr/lib64/dotnet/packs/Microsoft.AspNetCore.App.Ref/8.0.22/ref/net8.0/Microsoft.AspNetCore.Session.dll
           /usr/lib64/dotnet/packs/Microsoft.AspNetCore.App.Ref/8.0.22/ref/net8.0/Microsoft.AspNetCore.SignalR.Common.dll
           /usr/lib64/dotnet/packs/Microsoft.AspNetCore.App.Ref/8.0.22/ref/net8.0/Microsoft.AspNetCore.SignalR.Core.dll
           /usr/lib64/dotnet/packs/Microsoft.AspNetCore.App.Ref/8.0.22/ref/net8.0/Microsoft.AspNetCore.SignalR.dll
           /usr/lib64/dotnet/packs/Microsoft.AspNetCore.App.Ref/8.0.22/ref/net8.0/Microsoft.AspNetCore.SignalR.Protocols.Json.dll
           /usr/lib64/dotnet/packs/Microsoft.AspNetCore.App.Ref/8.0.22/ref/net8.0/Microsoft.AspNetCore.StaticFiles.dll
           /usr/lib64/dotnet/packs/Microsoft.AspNetCore.App.Ref/8.0.22/ref/net8.0/Microsoft.AspNetCore.WebSockets.dll
           /usr/lib64/dotnet/packs/Microsoft.AspNetCore.App.Ref/8.0.22/ref/net8.0/Microsoft.AspNetCore.WebUtilities.dll
           /home/baturhan/.nuget/packages/microsoft.codeanalysis.csharp/4.13.0/lib/net8.0/Microsoft.CodeAnalysis.CSharp.dll
           /home/baturhan/.nuget/packages/microsoft.codeanalysis.csharp.workspaces/4.13.0/lib/net8.0/Microsoft.CodeAnalysis.CSharp.Workspaces.dll
           /home/baturhan/.nuget/packages/microsoft.codeanalysis.common/4.13.0/lib/net8.0/Microsoft.CodeAnalysis.dll
           /home/baturhan/.nuget/packages/microsoft.codeanalysis.scripting.common/4.13.0/lib/net8.0/Microsoft.CodeAnalysis.Scripting.dll
           /home/baturhan/.nuget/packages/microsoft.codeanalysis.workspaces.common/4.13.0/lib/net8.0/Microsoft.CodeAnalysis.Workspaces.dll
           /usr/lib64/dotnet/packs/Microsoft.NETCore.App.Ref/8.0.22/ref/net8.0/Microsoft.CSharp.dll
           /home/baturhan/.nuget/packages/microsoft.entityframeworkcore.abstractions/8.0.15/lib/net8.0/Microsoft.EntityFrameworkCore.Abstractions.dll
           /home/baturhan/.nuget/packages/microsoft.entityframeworkcore/8.0.15/lib/net8.0/Microsoft.EntityFrameworkCore.dll
           /home/baturhan/.nuget/packages/microsoft.entityframeworkcore.inmemory/8.0.15/lib/net8.0/Microsoft.EntityFrameworkCore.InMemory.dll
           /home/baturhan/.nuget/packages/microsoft.entityframeworkcore.proxies/8.0.15/lib/net8.0/Microsoft.EntityFrameworkCore.Proxies.dll
           /home/baturhan/.nuget/packages/microsoft.entityframeworkcore.relational/8.0.15/lib/net8.0/Microsoft.EntityFrameworkCore.Relational.dll
           /usr/lib64/dotnet/packs/Microsoft.AspNetCore.App.Ref/8.0.22/ref/net8.0/Microsoft.Extensions.Caching.Abstractions.dll
           /usr/lib64/dotnet/packs/Microsoft.AspNetCore.App.Ref/8.0.22/ref/net8.0/Microsoft.Extensions.Caching.Memory.dll
           /home/baturhan/.nuget/packages/microsoft.extensions.caching.stackexchangeredis/8.0.15/lib/net8.0/Microsoft.Extensions.Caching.StackExchangeRedis.dll
           /usr/lib64/dotnet/packs/Microsoft.AspNetCore.App.Ref/8.0.22/ref/net8.0/Microsoft.Extensions.Configuration.Abstractions.dll
           /usr/lib64/dotnet/packs/Microsoft.AspNetCore.App.Ref/8.0.22/ref/net8.0/Microsoft.Extensions.Configuration.Binder.dll
           /usr/lib64/dotnet/packs/Microsoft.AspNetCore.App.Ref/8.0.22/ref/net8.0/Microsoft.Extensions.Configuration.CommandLine.dll
           /usr/lib64/dotnet/packs/Microsoft.AspNetCore.App.Ref/8.0.22/ref/net8.0/Microsoft.Extensions.Configuration.dll
           /usr/lib64/dotnet/packs/Microsoft.AspNetCore.App.Ref/8.0.22/ref/net8.0/Microsoft.Extensions.Configuration.EnvironmentVariables.dll
           /usr/lib64/dotnet/packs/Microsoft.AspNetCore.App.Ref/8.0.22/ref/net8.0/Microsoft.Extensions.Configuration.FileExtensions.dll
           /usr/lib64/dotnet/packs/Microsoft.AspNetCore.App.Ref/8.0.22/ref/net8.0/Microsoft.Extensions.Configuration.Ini.dll
           /usr/lib64/dotnet/packs/Microsoft.AspNetCore.App.Ref/8.0.22/ref/net8.0/Microsoft.Extensions.Configuration.Json.dll
           /usr/lib64/dotnet/packs/Microsoft.AspNetCore.App.Ref/8.0.22/ref/net8.0/Microsoft.Extensions.Configuration.KeyPerFile.dll
           /usr/lib64/dotnet/packs/Microsoft.AspNetCore.App.Ref/8.0.22/ref/net8.0/Microsoft.Extensions.Configuration.UserSecrets.dll
           /usr/lib64/dotnet/packs/Microsoft.AspNetCore.App.Ref/8.0.22/ref/net8.0/Microsoft.Extensions.Configuration.Xml.dll
           /usr/lib64/dotnet/packs/Microsoft.AspNetCore.App.Ref/8.0.22/ref/net8.0/Microsoft.Extensions.DependencyInjection.Abstractions.dll
           /usr/lib64/dotnet/packs/Microsoft.AspNetCore.App.Ref/8.0.22/ref/net8.0/Microsoft.Extensions.DependencyInjection.dll
           /home/baturhan/.nuget/packages/microsoft.extensions.dependencymodel/8.0.2/lib/net8.0/Microsoft.Extensions.DependencyModel.dll
           /usr/lib64/dotnet/packs/Microsoft.AspNetCore.App.Ref/8.0.22/ref/net8.0/Microsoft.Extensions.Diagnostics.Abstractions.dll
           /usr/lib64/dotnet/packs/Microsoft.AspNetCore.App.Ref/8.0.22/ref/net8.0/Microsoft.Extensions.Diagnostics.dll
           /usr/lib64/dotnet/packs/Microsoft.AspNetCore.App.Ref/8.0.22/ref/net8.0/Microsoft.Extensions.Diagnostics.HealthChecks.Abstractions.dll
           /usr/lib64/dotnet/packs/Microsoft.AspNetCore.App.Ref/8.0.22/ref/net8.0/Microsoft.Extensions.Diagnostics.HealthChecks.dll
           /usr/lib64/dotnet/packs/Microsoft.AspNetCore.App.Ref/8.0.22/ref/net8.0/Microsoft.Extensions.Features.dll
           /usr/lib64/dotnet/packs/Microsoft.AspNetCore.App.Ref/8.0.22/ref/net8.0/Microsoft.Extensions.FileProviders.Abstractions.dll
           /usr/lib64/dotnet/packs/Microsoft.AspNetCore.App.Ref/8.0.22/ref/net8.0/Microsoft.Extensions.FileProviders.Composite.dll
           /usr/lib64/dotnet/packs/Microsoft.AspNetCore.App.Ref/8.0.22/ref/net8.0/Microsoft.Extensions.FileProviders.Embedded.dll
           /usr/lib64/dotnet/packs/Microsoft.AspNetCore.App.Ref/8.0.22/ref/net8.0/Microsoft.Extensions.FileProviders.Physical.dll
           /usr/lib64/dotnet/packs/Microsoft.AspNetCore.App.Ref/8.0.22/ref/net8.0/Microsoft.Extensions.FileSystemGlobbing.dll
           /usr/lib64/dotnet/packs/Microsoft.AspNetCore.App.Ref/8.0.22/ref/net8.0/Microsoft.Extensions.Hosting.Abstractions.dll
           /usr/lib64/dotnet/packs/Microsoft.AspNetCore.App.Ref/8.0.22/ref/net8.0/Microsoft.Extensions.Hosting.dll
           /usr/lib64/dotnet/packs/Microsoft.AspNetCore.App.Ref/8.0.22/ref/net8.0/Microsoft.Extensions.Http.dll
           /usr/lib64/dotnet/packs/Microsoft.AspNetCore.App.Ref/8.0.22/ref/net8.0/Microsoft.Extensions.Identity.Core.dll
           /usr/lib64/dotnet/packs/Microsoft.AspNetCore.App.Ref/8.0.22/ref/net8.0/Microsoft.Extensions.Identity.Stores.dll
           /usr/lib64/dotnet/packs/Microsoft.AspNetCore.App.Ref/8.0.22/ref/net8.0/Microsoft.Extensions.Localization.Abstractions.dll
           /usr/lib64/dotnet/packs/Microsoft.AspNetCore.App.Ref/8.0.22/ref/net8.0/Microsoft.Extensions.Localization.dll
           /usr/lib64/dotnet/packs/Microsoft.AspNetCore.App.Ref/8.0.22/ref/net8.0/Microsoft.Extensions.Logging.Abstractions.dll
           /usr/lib64/dotnet/packs/Microsoft.AspNetCore.App.Ref/8.0.22/ref/net8.0/Microsoft.Extensions.Logging.Configuration.dll
           /usr/lib64/dotnet/packs/Microsoft.AspNetCore.App.Ref/8.0.22/ref/net8.0/Microsoft.Extensions.Logging.Console.dll
           /usr/lib64/dotnet/packs/Microsoft.AspNetCore.App.Ref/8.0.22/ref/net8.0/Microsoft.Extensions.Logging.Debug.dll
           /usr/lib64/dotnet/packs/Microsoft.AspNetCore.App.Ref/8.0.22/ref/net8.0/Microsoft.Extensions.Logging.dll
           /usr/lib64/dotnet/packs/Microsoft.AspNetCore.App.Ref/8.0.22/ref/net8.0/Microsoft.Extensions.Logging.EventLog.dll
           /usr/lib64/dotnet/packs/Microsoft.AspNetCore.App.Ref/8.0.22/ref/net8.0/Microsoft.Extensions.Logging.EventSource.dll
           /usr/lib64/dotnet/packs/Microsoft.AspNetCore.App.Ref/8.0.22/ref/net8.0/Microsoft.Extensions.Logging.TraceSource.dll
           /usr/lib64/dotnet/packs/Microsoft.AspNetCore.App.Ref/8.0.22/ref/net8.0/Microsoft.Extensions.ObjectPool.dll
           /usr/lib64/dotnet/packs/Microsoft.AspNetCore.App.Ref/8.0.22/ref/net8.0/Microsoft.Extensions.Options.ConfigurationExtensions.dll
           /usr/lib64/dotnet/packs/Microsoft.AspNetCore.App.Ref/8.0.22/ref/net8.0/Microsoft.Extensions.Options.DataAnnotations.dll
           /usr/lib64/dotnet/packs/Microsoft.AspNetCore.App.Ref/8.0.22/ref/net8.0/Microsoft.Extensions.Options.dll
           /usr/lib64/dotnet/packs/Microsoft.AspNetCore.App.Ref/8.0.22/ref/net8.0/Microsoft.Extensions.Primitives.dll
           /usr/lib64/dotnet/packs/Microsoft.AspNetCore.App.Ref/8.0.22/ref/net8.0/Microsoft.Extensions.WebEncoders.dll
           /home/baturhan/.nuget/packages/microsoft.identitymodel.abstractions/7.4.0/lib/net8.0/Microsoft.IdentityModel.Abstractions.dll
           /home/baturhan/.nuget/packages/microsoft.identitymodel.jsonwebtokens/7.4.0/lib/net8.0/Microsoft.IdentityModel.JsonWebTokens.dll
           /home/baturhan/.nuget/packages/microsoft.identitymodel.logging/7.4.0/lib/net8.0/Microsoft.IdentityModel.Logging.dll
           /home/baturhan/.nuget/packages/microsoft.identitymodel.tokens/7.4.0/lib/net8.0/Microsoft.IdentityModel.Tokens.dll
           /usr/lib64/dotnet/packs/Microsoft.AspNetCore.App.Ref/8.0.22/ref/net8.0/Microsoft.JSInterop.dll
           /usr/lib64/dotnet/packs/Microsoft.AspNetCore.App.Ref/8.0.22/ref/net8.0/Microsoft.Net.Http.Headers.dll
           /usr/lib64/dotnet/packs/Microsoft.NETCore.App.Ref/8.0.22/ref/net8.0/Microsoft.VisualBasic.Core.dll
           /usr/lib64/dotnet/packs/Microsoft.NETCore.App.Ref/8.0.22/ref/net8.0/Microsoft.VisualBasic.dll
           /usr/lib64/dotnet/packs/Microsoft.NETCore.App.Ref/8.0.22/ref/net8.0/Microsoft.Win32.Primitives.dll
           /usr/lib64/dotnet/packs/Microsoft.NETCore.App.Ref/8.0.22/ref/net8.0/Microsoft.Win32.Registry.dll
           /usr/lib64/dotnet/packs/Microsoft.NETCore.App.Ref/8.0.22/ref/net8.0/mscorlib.dll
           /home/baturhan/.nuget/packages/mudblazor/8.15.0/lib/net8.0/MudBlazor.dll
           /usr/lib64/dotnet/packs/Microsoft.NETCore.App.Ref/8.0.22/ref/net8.0/netstandard.dll
           /home/baturhan/.nuget/packages/newtonsoft.json/13.0.3/lib/net6.0/Newtonsoft.Json.dll
           /home/baturhan/.nuget/packages/npgsql/8.0.6/lib/net8.0/Npgsql.dll
           /home/baturhan/.nuget/packages/npgsql.entityframeworkcore.postgresql/8.0.11/lib/net8.0/Npgsql.EntityFrameworkCore.PostgreSQL.dll
           /home/baturhan/.nuget/packages/pipelines.sockets.unofficial/2.2.8/lib/net5.0/Pipelines.Sockets.Unofficial.dll
           /home/baturhan/.nuget/packages/serilog.aspnetcore/8.0.1/lib/net8.0/Serilog.AspNetCore.dll
           /home/baturhan/.nuget/packages/serilog/3.1.1/lib/net7.0/Serilog.dll
           /home/baturhan/.nuget/packages/serilog.extensions.hosting/8.0.0/lib/net8.0/Serilog.Extensions.Hosting.dll
           /home/baturhan/.nuget/packages/serilog.extensions.logging/8.0.0/lib/net8.0/Serilog.Extensions.Logging.dll
           /home/baturhan/.nuget/packages/serilog.formatting.compact/2.0.0/lib/net7.0/Serilog.Formatting.Compact.dll
           /home/baturhan/.nuget/packages/serilog.settings.configuration/8.0.0/lib/net8.0/Serilog.Settings.Configuration.dll
           /home/baturhan/.nuget/packages/serilog.sinks.console/5.0.1/lib/net7.0/Serilog.Sinks.Console.dll
           /home/baturhan/.nuget/packages/serilog.sinks.debug/2.0.0/lib/netstandard2.1/Serilog.Sinks.Debug.dll
           /home/baturhan/.nuget/packages/serilog.sinks.file/5.0.0/lib/net5.0/Serilog.Sinks.File.dll
           /home/baturhan/Projeler/Entegrasyon/Shared/Shared/obj/Debug/net8.0/ref/Shared.dll
           /home/baturhan/.nuget/packages/stackexchange.redis/2.7.27/lib/net6.0/StackExchange.Redis.dll
           /usr/lib64/dotnet/packs/Microsoft.NETCore.App.Ref/8.0.22/ref/net8.0/System.AppContext.dll
           /usr/lib64/dotnet/packs/Microsoft.NETCore.App.Ref/8.0.22/ref/net8.0/System.Buffers.dll
           /usr/lib64/dotnet/packs/Microsoft.NETCore.App.Ref/8.0.22/ref/net8.0/System.Collections.Concurrent.dll
           /usr/lib64/dotnet/packs/Microsoft.NETCore.App.Ref/8.0.22/ref/net8.0/System.Collections.dll
           /usr/lib64/dotnet/packs/Microsoft.NETCore.App.Ref/8.0.22/ref/net8.0/System.Collections.Immutable.dll
           /usr/lib64/dotnet/packs/Microsoft.NETCore.App.Ref/8.0.22/ref/net8.0/System.Collections.NonGeneric.dll
           /usr/lib64/dotnet/packs/Microsoft.NETCore.App.Ref/8.0.22/ref/net8.0/System.Collections.Specialized.dll
           /usr/lib64/dotnet/packs/Microsoft.NETCore.App.Ref/8.0.22/ref/net8.0/System.ComponentModel.Annotations.dll
           /usr/lib64/dotnet/packs/Microsoft.NETCore.App.Ref/8.0.22/ref/net8.0/System.ComponentModel.DataAnnotations.dll
           /usr/lib64/dotnet/packs/Microsoft.NETCore.App.Ref/8.0.22/ref/net8.0/System.ComponentModel.dll
           /usr/lib64/dotnet/packs/Microsoft.NETCore.App.Ref/8.0.22/ref/net8.0/System.ComponentModel.EventBasedAsync.dll
           /usr/lib64/dotnet/packs/Microsoft.NETCore.App.Ref/8.0.22/ref/net8.0/System.ComponentModel.Primitives.dll
           /usr/lib64/dotnet/packs/Microsoft.NETCore.App.Ref/8.0.22/ref/net8.0/System.ComponentModel.TypeConverter.dll
           /home/baturhan/.nuget/packages/system.composition.attributedmodel/8.0.0/lib/net8.0/System.Composition.AttributedModel.dll
           /home/baturhan/.nuget/packages/system.composition.convention/8.0.0/lib/net8.0/System.Composition.Convention.dll
           /home/baturhan/.nuget/packages/system.composition.hosting/8.0.0/lib/net8.0/System.Composition.Hosting.dll
           /home/baturhan/.nuget/packages/system.composition.runtime/8.0.0/lib/net8.0/System.Composition.Runtime.dll
           /home/baturhan/.nuget/packages/system.composition.typedparts/8.0.0/lib/net8.0/System.Composition.TypedParts.dll
           /usr/lib64/dotnet/packs/Microsoft.NETCore.App.Ref/8.0.22/ref/net8.0/System.Configuration.dll
           /usr/lib64/dotnet/packs/Microsoft.NETCore.App.Ref/8.0.22/ref/net8.0/System.Console.dll
           /usr/lib64/dotnet/packs/Microsoft.NETCore.App.Ref/8.0.22/ref/net8.0/System.Core.dll
           /usr/lib64/dotnet/packs/Microsoft.NETCore.App.Ref/8.0.22/ref/net8.0/System.Data.Common.dll
           /usr/lib64/dotnet/packs/Microsoft.NETCore.App.Ref/8.0.22/ref/net8.0/System.Data.DataSetExtensions.dll
           /usr/lib64/dotnet/packs/Microsoft.NETCore.App.Ref/8.0.22/ref/net8.0/System.Data.dll
           /usr/lib64/dotnet/packs/Microsoft.NETCore.App.Ref/8.0.22/ref/net8.0/System.Diagnostics.Contracts.dll
           /usr/lib64/dotnet/packs/Microsoft.NETCore.App.Ref/8.0.22/ref/net8.0/System.Diagnostics.Debug.dll
           /usr/lib64/dotnet/packs/Microsoft.NETCore.App.Ref/8.0.22/ref/net8.0/System.Diagnostics.DiagnosticSource.dll
           /usr/lib64/dotnet/packs/Microsoft.AspNetCore.App.Ref/8.0.22/ref/net8.0/System.Diagnostics.EventLog.dll
           /usr/lib64/dotnet/packs/Microsoft.NETCore.App.Ref/8.0.22/ref/net8.0/System.Diagnostics.FileVersionInfo.dll
           /usr/lib64/dotnet/packs/Microsoft.NETCore.App.Ref/8.0.22/ref/net8.0/System.Diagnostics.Process.dll
           /usr/lib64/dotnet/packs/Microsoft.NETCore.App.Ref/8.0.22/ref/net8.0/System.Diagnostics.StackTrace.dll
           /usr/lib64/dotnet/packs/Microsoft.NETCore.App.Ref/8.0.22/ref/net8.0/System.Diagnostics.TextWriterTraceListener.dll
           /usr/lib64/dotnet/packs/Microsoft.NETCore.App.Ref/8.0.22/ref/net8.0/System.Diagnostics.Tools.dll
           /usr/lib64/dotnet/packs/Microsoft.NETCore.App.Ref/8.0.22/ref/net8.0/System.Diagnostics.TraceSource.dll
           /usr/lib64/dotnet/packs/Microsoft.NETCore.App.Ref/8.0.22/ref/net8.0/System.Diagnostics.Tracing.dll
           /usr/lib64/dotnet/packs/Microsoft.NETCore.App.Ref/8.0.22/ref/net8.0/System.dll
           /usr/lib64/dotnet/packs/Microsoft.NETCore.App.Ref/8.0.22/ref/net8.0/System.Drawing.dll
           /usr/lib64/dotnet/packs/Microsoft.NETCore.App.Ref/8.0.22/ref/net8.0/System.Drawing.Primitives.dll
           /usr/lib64/dotnet/packs/Microsoft.NETCore.App.Ref/8.0.22/ref/net8.0/System.Dynamic.Runtime.dll
           /usr/lib64/dotnet/packs/Microsoft.NETCore.App.Ref/8.0.22/ref/net8.0/System.Formats.Asn1.dll
           /usr/lib64/dotnet/packs/Microsoft.NETCore.App.Ref/8.0.22/ref/net8.0/System.Formats.Tar.dll
           /usr/lib64/dotnet/packs/Microsoft.NETCore.App.Ref/8.0.22/ref/net8.0/System.Globalization.Calendars.dll
           /usr/lib64/dotnet/packs/Microsoft.NETCore.App.Ref/8.0.22/ref/net8.0/System.Globalization.dll
           /usr/lib64/dotnet/packs/Microsoft.NETCore.App.Ref/8.0.22/ref/net8.0/System.Globalization.Extensions.dll
           /home/baturhan/.nuget/packages/system.identitymodel.tokens.jwt/7.4.0/lib/net8.0/System.IdentityModel.Tokens.Jwt.dll
           /usr/lib64/dotnet/packs/Microsoft.NETCore.App.Ref/8.0.22/ref/net8.0/System.IO.Compression.Brotli.dll
           /usr/lib64/dotnet/packs/Microsoft.NETCore.App.Ref/8.0.22/ref/net8.0/System.IO.Compression.dll
           /usr/lib64/dotnet/packs/Microsoft.NETCore.App.Ref/8.0.22/ref/net8.0/System.IO.Compression.FileSystem.dll
           /usr/lib64/dotnet/packs/Microsoft.NETCore.App.Ref/8.0.22/ref/net8.0/System.IO.Compression.ZipFile.dll
           /usr/lib64/dotnet/packs/Microsoft.NETCore.App.Ref/8.0.22/ref/net8.0/System.IO.dll
           /usr/lib64/dotnet/packs/Microsoft.NETCore.App.Ref/8.0.22/ref/net8.0/System.IO.FileSystem.AccessControl.dll
           /usr/lib64/dotnet/packs/Microsoft.NETCore.App.Ref/8.0.22/ref/net8.0/System.IO.FileSystem.dll
           /usr/lib64/dotnet/packs/Microsoft.NETCore.App.Ref/8.0.22/ref/net8.0/System.IO.FileSystem.DriveInfo.dll
           /usr/lib64/dotnet/packs/Microsoft.NETCore.App.Ref/8.0.22/ref/net8.0/System.IO.FileSystem.Primitives.dll
           /usr/lib64/dotnet/packs/Microsoft.NETCore.App.Ref/8.0.22/ref/net8.0/System.IO.FileSystem.Watcher.dll
           /usr/lib64/dotnet/packs/Microsoft.NETCore.App.Ref/8.0.22/ref/net8.0/System.IO.IsolatedStorage.dll
           /usr/lib64/dotnet/packs/Microsoft.NETCore.App.Ref/8.0.22/ref/net8.0/System.IO.MemoryMappedFiles.dll
           /usr/lib64/dotnet/packs/Microsoft.AspNetCore.App.Ref/8.0.22/ref/net8.0/System.IO.Pipelines.dll
           /usr/lib64/dotnet/packs/Microsoft.NETCore.App.Ref/8.0.22/ref/net8.0/System.IO.Pipes.AccessControl.dll
           /usr/lib64/dotnet/packs/Microsoft.NETCore.App.Ref/8.0.22/ref/net8.0/System.IO.Pipes.dll
           /usr/lib64/dotnet/packs/Microsoft.NETCore.App.Ref/8.0.22/ref/net8.0/System.IO.UnmanagedMemoryStream.dll
           /usr/lib64/dotnet/packs/Microsoft.NETCore.App.Ref/8.0.22/ref/net8.0/System.Linq.dll
           /usr/lib64/dotnet/packs/Microsoft.NETCore.App.Ref/8.0.22/ref/net8.0/System.Linq.Expressions.dll
           /usr/lib64/dotnet/packs/Microsoft.NETCore.App.Ref/8.0.22/ref/net8.0/System.Linq.Parallel.dll
           /usr/lib64/dotnet/packs/Microsoft.NETCore.App.Ref/8.0.22/ref/net8.0/System.Linq.Queryable.dll
           /usr/lib64/dotnet/packs/Microsoft.NETCore.App.Ref/8.0.22/ref/net8.0/System.Memory.dll
           /usr/lib64/dotnet/packs/Microsoft.NETCore.App.Ref/8.0.22/ref/net8.0/System.Net.dll
           /usr/lib64/dotnet/packs/Microsoft.NETCore.App.Ref/8.0.22/ref/net8.0/System.Net.Http.dll
           /usr/lib64/dotnet/packs/Microsoft.NETCore.App.Ref/8.0.22/ref/net8.0/System.Net.Http.Json.dll
           /usr/lib64/dotnet/packs/Microsoft.NETCore.App.Ref/8.0.22/ref/net8.0/System.Net.HttpListener.dll
           /usr/lib64/dotnet/packs/Microsoft.NETCore.App.Ref/8.0.22/ref/net8.0/System.Net.Mail.dll
           /usr/lib64/dotnet/packs/Microsoft.NETCore.App.Ref/8.0.22/ref/net8.0/System.Net.NameResolution.dll
           /usr/lib64/dotnet/packs/Microsoft.NETCore.App.Ref/8.0.22/ref/net8.0/System.Net.NetworkInformation.dll
           /usr/lib64/dotnet/packs/Microsoft.NETCore.App.Ref/8.0.22/ref/net8.0/System.Net.Ping.dll
           /usr/lib64/dotnet/packs/Microsoft.NETCore.App.Ref/8.0.22/ref/net8.0/System.Net.Primitives.dll
           /usr/lib64/dotnet/packs/Microsoft.NETCore.App.Ref/8.0.22/ref/net8.0/System.Net.Quic.dll
           /usr/lib64/dotnet/packs/Microsoft.NETCore.App.Ref/8.0.22/ref/net8.0/System.Net.Requests.dll
           /usr/lib64/dotnet/packs/Microsoft.NETCore.App.Ref/8.0.22/ref/net8.0/System.Net.Security.dll
           /usr/lib64/dotnet/packs/Microsoft.NETCore.App.Ref/8.0.22/ref/net8.0/System.Net.ServicePoint.dll
           /usr/lib64/dotnet/packs/Microsoft.NETCore.App.Ref/8.0.22/ref/net8.0/System.Net.Sockets.dll
           /usr/lib64/dotnet/packs/Microsoft.NETCore.App.Ref/8.0.22/ref/net8.0/System.Net.WebClient.dll
           /usr/lib64/dotnet/packs/Microsoft.NETCore.App.Ref/8.0.22/ref/net8.0/System.Net.WebHeaderCollection.dll
           /usr/lib64/dotnet/packs/Microsoft.NETCore.App.Ref/8.0.22/ref/net8.0/System.Net.WebProxy.dll
           /usr/lib64/dotnet/packs/Microsoft.NETCore.App.Ref/8.0.22/ref/net8.0/System.Net.WebSockets.Client.dll
           /usr/lib64/dotnet/packs/Microsoft.NETCore.App.Ref/8.0.22/ref/net8.0/System.Net.WebSockets.dll
           /usr/lib64/dotnet/packs/Microsoft.NETCore.App.Ref/8.0.22/ref/net8.0/System.Numerics.dll
           /usr/lib64/dotnet/packs/Microsoft.NETCore.App.Ref/8.0.22/ref/net8.0/System.Numerics.Vectors.dll
           /usr/lib64/dotnet/packs/Microsoft.NETCore.App.Ref/8.0.22/ref/net8.0/System.ObjectModel.dll
           /usr/lib64/dotnet/packs/Microsoft.NETCore.App.Ref/8.0.22/ref/net8.0/System.Reflection.DispatchProxy.dll
           /usr/lib64/dotnet/packs/Microsoft.NETCore.App.Ref/8.0.22/ref/net8.0/System.Reflection.dll
           /usr/lib64/dotnet/packs/Microsoft.NETCore.App.Ref/8.0.22/ref/net8.0/System.Reflection.Emit.dll
           /usr/lib64/dotnet/packs/Microsoft.NETCore.App.Ref/8.0.22/ref/net8.0/System.Reflection.Emit.ILGeneration.dll
           /usr/lib64/dotnet/packs/Microsoft.NETCore.App.Ref/8.0.22/ref/net8.0/System.Reflection.Emit.Lightweight.dll
           /usr/lib64/dotnet/packs/Microsoft.NETCore.App.Ref/8.0.22/ref/net8.0/System.Reflection.Extensions.dll
           /usr/lib64/dotnet/packs/Microsoft.NETCore.App.Ref/8.0.22/ref/net8.0/System.Reflection.Metadata.dll
           /usr/lib64/dotnet/packs/Microsoft.NETCore.App.Ref/8.0.22/ref/net8.0/System.Reflection.Primitives.dll
           /usr/lib64/dotnet/packs/Microsoft.NETCore.App.Ref/8.0.22/ref/net8.0/System.Reflection.TypeExtensions.dll
           /usr/lib64/dotnet/packs/Microsoft.NETCore.App.Ref/8.0.22/ref/net8.0/System.Resources.Reader.dll
           /usr/lib64/dotnet/packs/Microsoft.NETCore.App.Ref/8.0.22/ref/net8.0/System.Resources.ResourceManager.dll
           /usr/lib64/dotnet/packs/Microsoft.NETCore.App.Ref/8.0.22/ref/net8.0/System.Resources.Writer.dll
           /usr/lib64/dotnet/packs/Microsoft.NETCore.App.Ref/8.0.22/ref/net8.0/System.Runtime.CompilerServices.Unsafe.dll
           /usr/lib64/dotnet/packs/Microsoft.NETCore.App.Ref/8.0.22/ref/net8.0/System.Runtime.CompilerServices.VisualC.dll
           /usr/lib64/dotnet/packs/Microsoft.NETCore.App.Ref/8.0.22/ref/net8.0/System.Runtime.dll
           /usr/lib64/dotnet/packs/Microsoft.NETCore.App.Ref/8.0.22/ref/net8.0/System.Runtime.Extensions.dll
           /usr/lib64/dotnet/packs/Microsoft.NETCore.App.Ref/8.0.22/ref/net8.0/System.Runtime.Handles.dll
           /usr/lib64/dotnet/packs/Microsoft.NETCore.App.Ref/8.0.22/ref/net8.0/System.Runtime.InteropServices.dll
           /usr/lib64/dotnet/packs/Microsoft.NETCore.App.Ref/8.0.22/ref/net8.0/System.Runtime.InteropServices.JavaScript.dll
           /usr/lib64/dotnet/packs/Microsoft.NETCore.App.Ref/8.0.22/ref/net8.0/System.Runtime.InteropServices.RuntimeInformation.dll
           /usr/lib64/dotnet/packs/Microsoft.NETCore.App.Ref/8.0.22/ref/net8.0/System.Runtime.Intrinsics.dll
           /usr/lib64/dotnet/packs/Microsoft.NETCore.App.Ref/8.0.22/ref/net8.0/System.Runtime.Loader.dll
           /usr/lib64/dotnet/packs/Microsoft.NETCore.App.Ref/8.0.22/ref/net8.0/System.Runtime.Numerics.dll
           /usr/lib64/dotnet/packs/Microsoft.NETCore.App.Ref/8.0.22/ref/net8.0/System.Runtime.Serialization.dll
           /usr/lib64/dotnet/packs/Microsoft.NETCore.App.Ref/8.0.22/ref/net8.0/System.Runtime.Serialization.Formatters.dll
           /usr/lib64/dotnet/packs/Microsoft.NETCore.App.Ref/8.0.22/ref/net8.0/System.Runtime.Serialization.Json.dll
           /usr/lib64/dotnet/packs/Microsoft.NETCore.App.Ref/8.0.22/ref/net8.0/System.Runtime.Serialization.Primitives.dll
           /usr/lib64/dotnet/packs/Microsoft.NETCore.App.Ref/8.0.22/ref/net8.0/System.Runtime.Serialization.Xml.dll
           /usr/lib64/dotnet/packs/Microsoft.NETCore.App.Ref/8.0.22/ref/net8.0/System.Security.AccessControl.dll
           /usr/lib64/dotnet/packs/Microsoft.NETCore.App.Ref/8.0.22/ref/net8.0/System.Security.Claims.dll
           /usr/lib64/dotnet/packs/Microsoft.NETCore.App.Ref/8.0.22/ref/net8.0/System.Security.Cryptography.Algorithms.dll
           /usr/lib64/dotnet/packs/Microsoft.NETCore.App.Ref/8.0.22/ref/net8.0/System.Security.Cryptography.Cng.dll
           /usr/lib64/dotnet/packs/Microsoft.NETCore.App.Ref/8.0.22/ref/net8.0/System.Security.Cryptography.Csp.dll
           /usr/lib64/dotnet/packs/Microsoft.NETCore.App.Ref/8.0.22/ref/net8.0/System.Security.Cryptography.dll
           /usr/lib64/dotnet/packs/Microsoft.NETCore.App.Ref/8.0.22/ref/net8.0/System.Security.Cryptography.Encoding.dll
           /usr/lib64/dotnet/packs/Microsoft.NETCore.App.Ref/8.0.22/ref/net8.0/System.Security.Cryptography.OpenSsl.dll
           /usr/lib64/dotnet/packs/Microsoft.NETCore.App.Ref/8.0.22/ref/net8.0/System.Security.Cryptography.Primitives.dll
           /usr/lib64/dotnet/packs/Microsoft.NETCore.App.Ref/8.0.22/ref/net8.0/System.Security.Cryptography.X509Certificates.dll
           /usr/lib64/dotnet/packs/Microsoft.AspNetCore.App.Ref/8.0.22/ref/net8.0/System.Security.Cryptography.Xml.dll
           /usr/lib64/dotnet/packs/Microsoft.NETCore.App.Ref/8.0.22/ref/net8.0/System.Security.dll
           /usr/lib64/dotnet/packs/Microsoft.NETCore.App.Ref/8.0.22/ref/net8.0/System.Security.Principal.dll
           /usr/lib64/dotnet/packs/Microsoft.NETCore.App.Ref/8.0.22/ref/net8.0/System.Security.Principal.Windows.dll
           /usr/lib64/dotnet/packs/Microsoft.NETCore.App.Ref/8.0.22/ref/net8.0/System.Security.SecureString.dll
           /usr/lib64/dotnet/packs/Microsoft.NETCore.App.Ref/8.0.22/ref/net8.0/System.ServiceModel.Web.dll
           /usr/lib64/dotnet/packs/Microsoft.NETCore.App.Ref/8.0.22/ref/net8.0/System.ServiceProcess.dll
           /usr/lib64/dotnet/packs/Microsoft.NETCore.App.Ref/8.0.22/ref/net8.0/System.Text.Encoding.CodePages.dll
           /usr/lib64/dotnet/packs/Microsoft.NETCore.App.Ref/8.0.22/ref/net8.0/System.Text.Encoding.dll
           /usr/lib64/dotnet/packs/Microsoft.NETCore.App.Ref/8.0.22/ref/net8.0/System.Text.Encoding.Extensions.dll
           /usr/lib64/dotnet/packs/Microsoft.NETCore.App.Ref/8.0.22/ref/net8.0/System.Text.Encodings.Web.dll
           /usr/lib64/dotnet/packs/Microsoft.NETCore.App.Ref/8.0.22/ref/net8.0/System.Text.Json.dll
           /usr/lib64/dotnet/packs/Microsoft.NETCore.App.Ref/8.0.22/ref/net8.0/System.Text.RegularExpressions.dll
           /usr/lib64/dotnet/packs/Microsoft.NETCore.App.Ref/8.0.22/ref/net8.0/System.Threading.Channels.dll
           /usr/lib64/dotnet/packs/Microsoft.NETCore.App.Ref/8.0.22/ref/net8.0/System.Threading.dll
           /usr/lib64/dotnet/packs/Microsoft.NETCore.App.Ref/8.0.22/ref/net8.0/System.Threading.Overlapped.dll
           /usr/lib64/dotnet/packs/Microsoft.AspNetCore.App.Ref/8.0.22/ref/net8.0/System.Threading.RateLimiting.dll
           /usr/lib64/dotnet/packs/Microsoft.NETCore.App.Ref/8.0.22/ref/net8.0/System.Threading.Tasks.Dataflow.dll
           /usr/lib64/dotnet/packs/Microsoft.NETCore.App.Ref/8.0.22/ref/net8.0/System.Threading.Tasks.dll
           /usr/lib64/dotnet/packs/Microsoft.NETCore.App.Ref/8.0.22/ref/net8.0/System.Threading.Tasks.Extensions.dll
           /usr/lib64/dotnet/packs/Microsoft.NETCore.App.Ref/8.0.22/ref/net8.0/System.Threading.Tasks.Parallel.dll
           /usr/lib64/dotnet/packs/Microsoft.NETCore.App.Ref/8.0.22/ref/net8.0/System.Threading.Thread.dll
           /usr/lib64/dotnet/packs/Microsoft.NETCore.App.Ref/8.0.22/ref/net8.0/System.Threading.ThreadPool.dll
           /usr/lib64/dotnet/packs/Microsoft.NETCore.App.Ref/8.0.22/ref/net8.0/System.Threading.Timer.dll
           /usr/lib64/dotnet/packs/Microsoft.NETCore.App.Ref/8.0.22/ref/net8.0/System.Transactions.dll
           /usr/lib64/dotnet/packs/Microsoft.NETCore.App.Ref/8.0.22/ref/net8.0/System.Transactions.Local.dll
           /usr/lib64/dotnet/packs/Microsoft.NETCore.App.Ref/8.0.22/ref/net8.0/System.ValueTuple.dll
           /usr/lib64/dotnet/packs/Microsoft.NETCore.App.Ref/8.0.22/ref/net8.0/System.Web.dll
           /usr/lib64/dotnet/packs/Microsoft.NETCore.App.Ref/8.0.22/ref/net8.0/System.Web.HttpUtility.dll
           /usr/lib64/dotnet/packs/Microsoft.NETCore.App.Ref/8.0.22/ref/net8.0/System.Windows.dll
           /usr/lib64/dotnet/packs/Microsoft.NETCore.App.Ref/8.0.22/ref/net8.0/System.Xml.dll
           /usr/lib64/dotnet/packs/Microsoft.NETCore.App.Ref/8.0.22/ref/net8.0/System.Xml.Linq.dll
           /usr/lib64/dotnet/packs/Microsoft.NETCore.App.Ref/8.0.22/ref/net8.0/System.Xml.ReaderWriter.dll
           /usr/lib64/dotnet/packs/Microsoft.NETCore.App.Ref/8.0.22/ref/net8.0/System.Xml.Serialization.dll
           /usr/lib64/dotnet/packs/Microsoft.NETCore.App.Ref/8.0.22/ref/net8.0/System.Xml.XDocument.dll
           /usr/lib64/dotnet/packs/Microsoft.NETCore.App.Ref/8.0.22/ref/net8.0/System.Xml.XmlDocument.dll
           /usr/lib64/dotnet/packs/Microsoft.NETCore.App.Ref/8.0.22/ref/net8.0/System.Xml.XmlSerializer.dll
           /usr/lib64/dotnet/packs/Microsoft.NETCore.App.Ref/8.0.22/ref/net8.0/System.Xml.XPath.dll
           /usr/lib64/dotnet/packs/Microsoft.NETCore.App.Ref/8.0.22/ref/net8.0/System.Xml.XPath.XDocument.dll
           /usr/lib64/dotnet/packs/Microsoft.NETCore.App.Ref/8.0.22/ref/net8.0/WindowsBase.dll
           obj/Debug/net8.0/Entegrasyon.Blazor.csproj.CoreCompileInputs.cache
           Components/Dialogs/CategoryDialog.razor
           Components/Dialogs/ProductDialog.razor
           Components/Import/CategoryTreeNodeTemplate.razor
           Components/Import/SelectedCategoriesPanel.razor
           Components/Shared/BreadcrumbNav.razor
           Components/Shared/CategoryDetailsPanel.razor
           Components/Shared/CategoryTreeItem.razor
           Components/Shared/CategoryTreePanel.razor
           Components/Shared/ConfirmDialog.razor
           Components/Shared/EmptyLayout.razor
           Components/Shared/EmptyState.razor
           Components/Shared/LoadingSkeleton.razor
           Components/Shared/MainLayout.razor
           Components/Shared/NavMenu.razor
           Components/Shared/RedirectToLogin.razor
           Layouts/AuthLayout.razor
           Pages/Admin/RoleDialog.razor
           Pages/Admin/RoleManagement.razor
           Pages/Admin/UserDialog.razor
           Pages/App.razor
           Pages/Auth/Login.razor
           Pages/Auth/PasswordReset.razor
           Pages/Categories.razor
           Pages/CategoryImport.razor
           Pages/Customers/CustomerDialog.razor
           Pages/Customers/Customers.razor
           Pages/Error.razor
           Pages/MarketplaceSync.razor
           Pages/Products.razor
           Pages/Sales.razor
           Pages/Users.razor
           _Imports.razor
           Components/Import/TrendyolCategoryTreeView.razor
           Components/Shared/NotificationList.razor
           Pages/Index.razor
           Pages/_Host.cshtml
           /usr/lib64/dotnet/sdk/10.0.101/Sdks/Microsoft.NET.Sdk.Web/analyzers/cs/Microsoft.AspNetCore.Analyzers.dll
           /usr/lib64/dotnet/sdk/10.0.101/Sdks/Microsoft.NET.Sdk.Web/analyzers/cs/Microsoft.AspNetCore.Mvc.Analyzers.dll
           /usr/lib64/dotnet/sdk/10.0.101/Sdks/Microsoft.NET.Sdk/targets/../analyzers/Microsoft.CodeAnalysis.CSharp.NetAnalyzers.dll
           /usr/lib64/dotnet/sdk/10.0.101/Sdks/Microsoft.NET.Sdk/targets/../analyzers/Microsoft.CodeAnalysis.NetAnalyzers.dll
           /home/baturhan/.nuget/packages/microsoft.codeanalysis.analyzers/3.11.0/analyzers/dotnet/cs/Microsoft.CodeAnalysis.Analyzers.dll
           /home/baturhan/.nuget/packages/microsoft.codeanalysis.analyzers/3.11.0/analyzers/dotnet/cs/Microsoft.CodeAnalysis.CSharp.Analyzers.dll
           /home/baturhan/.nuget/packages/microsoft.entityframeworkcore.analyzers/8.0.15/analyzers/dotnet/cs/Microsoft.EntityFrameworkCore.Analyzers.dll
           /home/baturhan/.nuget/packages/mudblazor/8.15.0/analyzers/dotnet/cs/MudBlazor.Analyzers.dll
           /usr/lib64/dotnet/packs/Microsoft.NETCore.App.Ref/8.0.22/analyzers/dotnet/cs/Microsoft.Interop.ComInterfaceGenerator.dll
           /usr/lib64/dotnet/packs/Microsoft.NETCore.App.Ref/8.0.22/analyzers/dotnet/cs/Microsoft.Interop.JavaScript.JSImportGenerator.dll
           /usr/lib64/dotnet/packs/Microsoft.NETCore.App.Ref/8.0.22/analyzers/dotnet/cs/Microsoft.Interop.LibraryImportGenerator.dll
           /usr/lib64/dotnet/packs/Microsoft.NETCore.App.Ref/8.0.22/analyzers/dotnet/cs/Microsoft.Interop.SourceGeneration.dll
           /usr/lib64/dotnet/packs/Microsoft.NETCore.App.Ref/8.0.22/analyzers/dotnet/cs/System.Text.Json.SourceGeneration.dll
           /usr/lib64/dotnet/packs/Microsoft.NETCore.App.Ref/8.0.22/analyzers/dotnet/cs/System.Text.RegularExpressions.Generator.dll
           /usr/lib64/dotnet/packs/Microsoft.AspNetCore.App.Ref/8.0.22/analyzers/dotnet/cs/Microsoft.AspNetCore.App.Analyzers.dll
           /usr/lib64/dotnet/packs/Microsoft.AspNetCore.App.Ref/8.0.22/analyzers/dotnet/cs/Microsoft.AspNetCore.App.CodeFixes.dll
           /usr/lib64/dotnet/packs/Microsoft.AspNetCore.App.Ref/8.0.22/analyzers/dotnet/cs/Microsoft.AspNetCore.Components.Analyzers.dll
           /usr/lib64/dotnet/packs/Microsoft.AspNetCore.App.Ref/8.0.22/analyzers/dotnet/roslyn4.4/cs/Microsoft.Extensions.Logging.Generators.dll
           /usr/lib64/dotnet/packs/Microsoft.AspNetCore.App.Ref/8.0.22/analyzers/dotnet/roslyn4.4/cs/Microsoft.Extensions.Options.SourceGeneration.dll
           /usr/lib64/dotnet/sdk/10.0.101/Sdks/Microsoft.NET.Sdk.Razor/targets/../source-generators/Microsoft.AspNetCore.Razor.Utilities.Shared.dll
           /usr/lib64/dotnet/sdk/10.0.101/Sdks/Microsoft.NET.Sdk.Razor/targets/../source-generators/Microsoft.CodeAnalysis.Razor.Compiler.dll
           /usr/lib64/dotnet/sdk/10.0.101/Sdks/Microsoft.NET.Sdk.Razor/targets/../source-generators/Microsoft.Extensions.ObjectPool.dll
           /home/baturhan/Projeler/Entegrasyon/.editorconfig
           obj/Debug/net8.0/Entegrasyon.Blazor.GeneratedMSBuildEditorConfig.editorconfig
           /usr/lib64/dotnet/sdk/10.0.101/Sdks/Microsoft.NET.Sdk/analyzers/build/config/analysislevel_8_default.globalconfig
           /home/baturhan/Projeler/Entegrasyon/Application/Entegrasyon.Blazor/obj/Entegrasyon.Blazor.csproj.nuget.g.targets
           /usr/lib64/dotnet/sdk/10.0.101/Current/Microsoft.Common.targets/ImportAfter/Microsoft.TestPlatform.ImportAfter.targets
           obj/Debug/net8.0/Entegrasyon.Blazor.sourcelink.json
       Output files: 
           obj/Debug/net8.0/Entegrasyon.Blazor.dll
           obj/Debug/net8.0/refint/Entegrasyon.Blazor.dll
           obj/Debug/net8.0/Entegrasyon.Blazor.pdb
       /usr/lib64/dotnet/sdk/10.0.101/Roslyn/Microsoft.CSharp.Core.targets(66,7): message : Property reassignment: $(NoWarn)="1701;1702;1701;1702" (previous value: "1701;1702") at /usr/lib64/dotnet/sdk/10.0.101/Roslyn/Microsoft.CSharp.Core.targets (66,7) [/home/baturhan/Projeler/Entegrasyon/Application/Entegrasyon.Blazor/Entegrasyon.Blazor.csproj]
   1:7>Done building target "CoreCompile" in project "Entegrasyon.Blazor.csproj".
   1:7>Target "AfterCompile" in file "/usr/lib64/dotnet/sdk/10.0.101/Microsoft.Common.CurrentVersion.targets" from project "/home/baturhan/Projeler/Entegrasyon/Application/Entegrasyon.Blazor/Entegrasyon.Blazor.csproj" (target "Compile" depends on it):
   1:7>Done building target "AfterCompile" in project "Entegrasyon.Blazor.csproj".
       Target "_GetAppHostPaths" skipped. Previously built successfully.
       Target "_GetAppHostCreationConfiguration" skipped. Previously built successfully.
       Target "CoreCompile" skipped. Previously built successfully.
   1:7>Target "_CreateAppHost" in file "/usr/lib64/dotnet/sdk/10.0.101/Sdks/Microsoft.NET.Sdk/targets/Microsoft.NET.Sdk.targets" from project "/home/baturhan/Projeler/Entegrasyon/Application/Entegrasyon.Blazor/Entegrasyon.Blazor.csproj" (target "Compile" depends on it):
       Skipping target "_CreateAppHost" because all output files are up-to-date with respect to the input files.
       Input files: 
           obj/Debug/net8.0/Entegrasyon.Blazor.dll
           /home/baturhan/.nuget/packages/microsoft.netcore.app.host.linux-x64/8.0.22/runtimes/linux-x64/native/apphost
       Output files: /home/baturhan/Projeler/Entegrasyon/Application/Entegrasyon.Blazor/obj/Debug/net8.0/apphost
   1:7>Done building target "_CreateAppHost" in project "Entegrasyon.Blazor.csproj".
   1:7>Target "Compile" in file "/usr/lib64/dotnet/sdk/10.0.101/Microsoft.Common.CurrentVersion.targets" from project "/home/baturhan/Projeler/Entegrasyon/Application/Entegrasyon.Blazor/Entegrasyon.Blazor.csproj" (target "CoreBuild" depends on it):
   1:7>Done building target "Compile" in project "Entegrasyon.Blazor.csproj".
   1:7>Target "_GenerateSatelliteAssemblyInputs" in file "/usr/lib64/dotnet/sdk/10.0.101/Microsoft.Common.CurrentVersion.targets" from project "/home/baturhan/Projeler/Entegrasyon/Application/Entegrasyon.Blazor/Entegrasyon.Blazor.csproj" (target "CreateSatelliteAssemblies" depends on it):
   1:7>Done building target "_GenerateSatelliteAssemblyInputs" in project "Entegrasyon.Blazor.csproj".
   1:7>Target "CreateSatelliteAssemblies" in file "/usr/lib64/dotnet/sdk/10.0.101/Microsoft.Common.CurrentVersion.targets" from project "/home/baturhan/Projeler/Entegrasyon/Application/Entegrasyon.Blazor/Entegrasyon.Blazor.csproj" (target "CoreBuild" depends on it):
   1:7>Done building target "CreateSatelliteAssemblies" in project "Entegrasyon.Blazor.csproj".
   1:7>Target "GetTargetPathWithTargetPlatformMoniker" in file "/usr/lib64/dotnet/sdk/10.0.101/Microsoft.Common.CurrentVersion.targets" from project "/home/baturhan/Projeler/Entegrasyon/Application/Entegrasyon.Blazor/Entegrasyon.Blazor.csproj" (target "GetTargetPath" depends on it):
   1:7>Done building target "GetTargetPathWithTargetPlatformMoniker" in project "Entegrasyon.Blazor.csproj".
   1:7>Target "GetTargetPath" in file "/usr/lib64/dotnet/sdk/10.0.101/Microsoft.Common.CurrentVersion.targets" from project "/home/baturhan/Projeler/Entegrasyon/Application/Entegrasyon.Blazor/Entegrasyon.Blazor.csproj" (target "CoreBuild" depends on it):
   1:7>Done building target "GetTargetPath" in project "Entegrasyon.Blazor.csproj".
   1:7>Target "RazorCompile" in file "/usr/lib64/dotnet/sdk/10.0.101/Sdks/Microsoft.NET.Sdk.Razor/targets/Sdk.Razor.CurrentVersion.targets" from project "/home/baturhan/Projeler/Entegrasyon/Application/Entegrasyon.Blazor/Entegrasyon.Blazor.csproj" (target "_RazorPrepareForRun" depends on it):
   1:7>Done building target "RazorCompile" in project "Entegrasyon.Blazor.csproj".
   1:7>Target "_RazorPrepareForRun" in file "/usr/lib64/dotnet/sdk/10.0.101/Sdks/Microsoft.NET.Sdk.Razor/targets/Sdk.Razor.CurrentVersion.targets" from project "/home/baturhan/Projeler/Entegrasyon/Application/Entegrasyon.Blazor/Entegrasyon.Blazor.csproj" (target "PrepareForRun" depends on it):
   1:7>Done building target "_RazorPrepareForRun" in project "Entegrasyon.Blazor.csproj".
       Target "UpdateExistingPackageStaticWebAssets" skipped. Previously built successfully.
       Target "ResolveProjectStaticWebAssets" skipped. Previously built successfully.
   1:7>Target "ResolveEmbeddedProjectsStaticWebAssets" in file "/usr/lib64/dotnet/sdk/10.0.101/Sdks/Microsoft.NET.Sdk.StaticWebAssets/targets/Microsoft.NET.Sdk.StaticWebAssets.EmbeddedAssets.targets" from project "/home/baturhan/Projeler/Entegrasyon/Application/Entegrasyon.Blazor/Entegrasyon.Blazor.csproj" (target "ResolveCoreStaticWebAssets" depends on it):
   1:7>Done building target "ResolveEmbeddedProjectsStaticWebAssets" in project "Entegrasyon.Blazor.csproj".
       Target "ResolveStaticWebAssetsConfiguration" skipped. Previously built successfully.
       Target "PrepareProjectReferences" skipped. Previously built successfully.
   1:7>Target "ResolveReferencedProjectsStaticWebAssetsConfiguration" in file "/usr/lib64/dotnet/sdk/10.0.101/Sdks/Microsoft.NET.Sdk.StaticWebAssets/targets/Microsoft.NET.Sdk.StaticWebAssets.References.targets" from project "/home/baturhan/Projeler/Entegrasyon/Application/Entegrasyon.Blazor/Entegrasyon.Blazor.csproj" (target "ResolveReferencedProjectsStaticWebAssets" depends on it):
       Task "MSBuild"
         Removing Properties:
           WebPublishProfileFile
         Removing Properties for project "../Entegrasyon.Business/Entegrasyon.Business.csproj":
           TargetFramework
           RuntimeIdentifier
           SelfContained
         Removing Properties for project "../Entegrasyon.ApplicationBootstrap/Entegrasyon.ApplicationBootstrap.csproj":
           TargetFramework
           RuntimeIdentifier
           SelfContained
         Removing Properties for project "../Entegrasyon.MessageQueue/Entegrasyon.MessageQueue.Handler.csproj":
           TargetFramework
           RuntimeIdentifier
           SelfContained
         Removing Properties for project "../Entegrasyon.DataAccess/Entegrasyon.DataAccess.csproj":
           TargetFramework
           RuntimeIdentifier
           SelfContained
         Removing Properties for project "../Entegrasyon.Entity/Entegrasyon.Entity.csproj":
           TargetFramework
           RuntimeIdentifier
           SelfContained
         Removing Properties for project "../Entegrasyon.MessageQueue.Commands/Entegrasyon.MessageQueue.Commands.csproj":
           TargetFramework
           RuntimeIdentifier
           SelfContained
         Removing Properties for project "../../Shared/Shared/Shared.csproj":
           TargetFramework
           RuntimeIdentifier
           SelfContained
   1:7>Project "/home/baturhan/Projeler/Entegrasyon/Application/Entegrasyon.Blazor/Entegrasyon.Blazor.csproj" (1:7) is building "/home/baturhan/Projeler/Entegrasyon/Application/Entegrasyon.Entity/Entegrasyon.Entity.csproj" (8:29) on node 1 (GetStaticWebAssetsProjectConfiguration target(s)).
  8:29>Target "GetStaticWebAssetsProjectConfiguration" skipped. The target does not exist in the project and SkipNonexistentTargets is set to true.
       Target "NETStandardCompatError_Microsoft_Extensions_Configuration_Binder" skipped. Previously built successfully.
   1:7>Project "/home/baturhan/Projeler/Entegrasyon/Application/Entegrasyon.Blazor/Entegrasyon.Blazor.csproj" (1:7) is building "/home/baturhan/Projeler/Entegrasyon/Application/Entegrasyon.DataAccess/Entegrasyon.DataAccess.csproj" (7:21) on node 2 (GetStaticWebAssetsProjectConfiguration target(s)).
  7:21>Target "GetStaticWebAssetsProjectConfiguration" skipped. The target does not exist in the project and SkipNonexistentTargets is set to true.
   1:7>Project "/home/baturhan/Projeler/Entegrasyon/Application/Entegrasyon.Blazor/Entegrasyon.Blazor.csproj" (1:7) is building "/home/baturhan/Projeler/Entegrasyon/Application/Entegrasyon.ApplicationBootstrap/Entegrasyon.ApplicationBootstrap.csproj" (4:8) on node 4 (GetStaticWebAssetsProjectConfiguration target(s)).
   4:8>Target "GetStaticWebAssetsProjectConfiguration" skipped. The target does not exist in the project and SkipNonexistentTargets is set to true.
  8:29>Done Building Project "/home/baturhan/Projeler/Entegrasyon/Application/Entegrasyon.Entity/Entegrasyon.Entity.csproj" (GetStaticWebAssetsProjectConfiguration target(s)).
  7:21>Target "NETStandardCompatError_Microsoft_Extensions_Configuration_Binder" skipped. Previously built successfully.
   4:8>Target "NETStandardCompatError_Microsoft_Extensions_Configuration_Binder" skipped. Previously built successfully.
  7:21>Done Building Project "/home/baturhan/Projeler/Entegrasyon/Application/Entegrasyon.DataAccess/Entegrasyon.DataAccess.csproj" (GetStaticWebAssetsProjectConfiguration target(s)).
   4:8>Done Building Project "/home/baturhan/Projeler/Entegrasyon/Application/Entegrasyon.ApplicationBootstrap/Entegrasyon.ApplicationBootstrap.csproj" (GetStaticWebAssetsProjectConfiguration target(s)).
   1:7>Project "/home/baturhan/Projeler/Entegrasyon/Application/Entegrasyon.Blazor/Entegrasyon.Blazor.csproj" (1:7) is building "/home/baturhan/Projeler/Entegrasyon/Application/Entegrasyon.MessageQueue.Commands/Entegrasyon.MessageQueue.Commands.csproj" (5:21) on node 7 (GetStaticWebAssetsProjectConfiguration target(s)).
  5:21>Target "GetStaticWebAssetsProjectConfiguration" skipped. The target does not exist in the project and SkipNonexistentTargets is set to true.
       Target "NETStandardCompatError_Microsoft_Extensions_Configuration_Binder" skipped. Previously built successfully.
   1:7>Project "/home/baturhan/Projeler/Entegrasyon/Application/Entegrasyon.Blazor/Entegrasyon.Blazor.csproj" (1:7) is building "/home/baturhan/Projeler/Entegrasyon/Application/Entegrasyon.Business/Entegrasyon.Business.csproj" (2:18) on node 5 (GetStaticWebAssetsProjectConfiguration target(s)).
  2:18>Target "GetStaticWebAssetsProjectConfiguration" skipped. The target does not exist in the project and SkipNonexistentTargets is set to true.
  5:21>Done Building Project "/home/baturhan/Projeler/Entegrasyon/Application/Entegrasyon.MessageQueue.Commands/Entegrasyon.MessageQueue.Commands.csproj" (GetStaticWebAssetsProjectConfiguration target(s)).
   1:7>Project "/home/baturhan/Projeler/Entegrasyon/Application/Entegrasyon.Blazor/Entegrasyon.Blazor.csproj" (1:7) is building "/home/baturhan/Projeler/Entegrasyon/Application/Entegrasyon.MessageQueue/Entegrasyon.MessageQueue.Handler.csproj" (3:8) on node 3 (GetStaticWebAssetsProjectConfiguration target(s)).
   3:8>Target "GetStaticWebAssetsProjectConfiguration" skipped. The target does not exist in the project and SkipNonexistentTargets is set to true.
  2:18>Target "NETStandardCompatError_Microsoft_Extensions_Configuration_Binder" skipped. Previously built successfully.
   3:8>Target "NETStandardCompatError_Microsoft_Extensions_Configuration_Binder" skipped. Previously built successfully.
   3:8>Done Building Project "/home/baturhan/Projeler/Entegrasyon/Application/Entegrasyon.MessageQueue/Entegrasyon.MessageQueue.Handler.csproj" (GetStaticWebAssetsProjectConfiguration target(s)).
   1:7>Project "/home/baturhan/Projeler/Entegrasyon/Application/Entegrasyon.Blazor/Entegrasyon.Blazor.csproj" (1:7) is building "/home/baturhan/Projeler/Entegrasyon/Shared/Shared/Shared.csproj" (6:34) on node 6 (GetStaticWebAssetsProjectConfiguration target(s)).
  6:34>Target "GetStaticWebAssetsProjectConfiguration" skipped. The target does not exist in the project and SkipNonexistentTargets is set to true.
       Target "NETStandardCompatError_Microsoft_Extensions_Configuration_Binder" skipped. Previously built successfully.
  6:34>Done Building Project "/home/baturhan/Projeler/Entegrasyon/Shared/Shared/Shared.csproj" (GetStaticWebAssetsProjectConfiguration target(s)).
  2:18>Done Building Project "/home/baturhan/Projeler/Entegrasyon/Application/Entegrasyon.Business/Entegrasyon.Business.csproj" (GetStaticWebAssetsProjectConfiguration target(s)).
   1:7>Done executing task "MSBuild".
       Using "MergeConfigurationProperties" task from assembly "/usr/lib64/dotnet/sdk/10.0.101/Sdks/Microsoft.NET.Sdk.StaticWebAssets/targets/../tasks/net10.0/Microsoft.NET.Sdk.StaticWebAssets.Tasks.dll".
       Task "MergeConfigurationProperties"
       Done executing task "MergeConfigurationProperties".
   1:7>Done building target "ResolveReferencedProjectsStaticWebAssetsConfiguration" in project "Entegrasyon.Blazor.csproj".
   1:7>Target "ResolveReferencedProjectsStaticWebAssets" in file "/usr/lib64/dotnet/sdk/10.0.101/Sdks/Microsoft.NET.Sdk.StaticWebAssets/targets/Microsoft.NET.Sdk.StaticWebAssets.References.targets" from project "/home/baturhan/Projeler/Entegrasyon/Application/Entegrasyon.Blazor/Entegrasyon.Blazor.csproj" (target "ResolveCoreStaticWebAssets" depends on it):
   1:7>Done building target "ResolveReferencedProjectsStaticWebAssets" in project "Entegrasyon.Blazor.csproj".
   1:7>Target "ResolveJsInitializerModuleStaticWebAssets" in file "/usr/lib64/dotnet/sdk/10.0.101/Sdks/Microsoft.NET.Sdk.StaticWebAssets/targets/Microsoft.NET.Sdk.StaticWebAssets.JSModules.targets" from project "/home/baturhan/Projeler/Entegrasyon/Application/Entegrasyon.Blazor/Entegrasyon.Blazor.csproj" (target "ResolveCoreStaticWebAssets" depends on it):
       Task "DefineStaticWebAssets"
         Cache is fully up to date.
       Done executing task "DefineStaticWebAssets".
       Task "DefineStaticWebAssetEndpoints"
         Removing endpoints for asset '/home/baturhan/.nuget/packages/mudblazor/8.15.0/staticwebassets/MudBlazor.min.css' because it no longer exists.
         Removing endpoints for asset '/home/baturhan/.nuget/packages/mudblazor/8.15.0/staticwebassets/MudBlazor.min.css' because it no longer exists.
         Removing endpoints for asset '/home/baturhan/.nuget/packages/mudblazor/8.15.0/staticwebassets/MudBlazor.min.js' because it no longer exists.
         Removing endpoints for asset '/home/baturhan/.nuget/packages/mudblazor/8.15.0/staticwebassets/MudBlazor.min.js' because it no longer exists.
         Removing endpoints for asset '/home/baturhan/Projeler/Entegrasyon/Application/Entegrasyon.Blazor/wwwroot/img/auth/assign-password.jpg' because it no longer exists.
         Removing endpoints for asset '/home/baturhan/Projeler/Entegrasyon/Application/Entegrasyon.Blazor/wwwroot/img/auth/assign-password.jpg' because it no longer exists.
         Removing endpoints for asset '/home/baturhan/Projeler/Entegrasyon/Application/Entegrasyon.Blazor/wwwroot/js/category-attributes/category-attribute-add-manager.js' because it no longer exists.
         Removing endpoints for asset '/home/baturhan/Projeler/Entegrasyon/Application/Entegrasyon.Blazor/wwwroot/js/category-attributes/category-attribute-add-manager.js' because it no longer exists.
         Removing endpoints for asset '/home/baturhan/Projeler/Entegrasyon/Application/Entegrasyon.Blazor/wwwroot/js/models/category-attribute-value.model.js.map' because it no longer exists.
         Removing endpoints for asset '/home/baturhan/Projeler/Entegrasyon/Application/Entegrasyon.Blazor/wwwroot/js/models/category-attribute-value.model.js.map' because it no longer exists.
         Removing endpoints for asset '/home/baturhan/Projeler/Entegrasyon/Application/Entegrasyon.Blazor/wwwroot/css/custom-loader.css' because it no longer exists.
         Removing endpoints for asset '/home/baturhan/Projeler/Entegrasyon/Application/Entegrasyon.Blazor/wwwroot/css/custom-loader.css' because it no longer exists.
         Removing endpoints for asset '/home/baturhan/Projeler/Entegrasyon/Application/Entegrasyon.Blazor/wwwroot/css/tabs.css' because it no longer exists.
         Removing endpoints for asset '/home/baturhan/Projeler/Entegrasyon/Application/Entegrasyon.Blazor/wwwroot/css/tabs.css' because it no longer exists.
         Removing endpoints for asset '/home/baturhan/Projeler/Entegrasyon/Application/Entegrasyon.Blazor/wwwroot/img/auth/login.jpg' because it no longer exists.
         Removing endpoints for asset '/home/baturhan/Projeler/Entegrasyon/Application/Entegrasyon.Blazor/wwwroot/img/auth/login.jpg' because it no longer exists.
         Removing endpoints for asset '/home/baturhan/Projeler/Entegrasyon/Application/Entegrasyon.Blazor/wwwroot/img/logo-1.png' because it no longer exists.
         Removing endpoints for asset '/home/baturhan/Projeler/Entegrasyon/Application/Entegrasyon.Blazor/wwwroot/img/logo-1.png' because it no longer exists.
         Removing endpoints for asset '/home/baturhan/Projeler/Entegrasyon/Application/Entegrasyon.Blazor/wwwroot/img/logo-6.png' because it no longer exists.
         Removing endpoints for asset '/home/baturhan/Projeler/Entegrasyon/Application/Entegrasyon.Blazor/wwwroot/img/logo-6.png' because it no longer exists.
         Removing endpoints for asset '/home/baturhan/Projeler/Entegrasyon/Application/Entegrasyon.Blazor/wwwroot/js/category-attributes/category-attribute-add-manager.js.map' because it no longer exists.
         Removing endpoints for asset '/home/baturhan/Projeler/Entegrasyon/Application/Entegrasyon.Blazor/wwwroot/js/category-attributes/category-attribute-add-manager.js.map' because it no longer exists.
         Removing endpoints for asset '/home/baturhan/Projeler/Entegrasyon/Application/Entegrasyon.Blazor/wwwroot/js/site.js' because it no longer exists.
         Removing endpoints for asset '/home/baturhan/Projeler/Entegrasyon/Application/Entegrasyon.Blazor/wwwroot/js/site.js' because it no longer exists.
         Removing endpoints for asset '/home/baturhan/Projeler/Entegrasyon/Application/Entegrasyon.Blazor/wwwroot/favicon.ico' because it no longer exists.
         Removing endpoints for asset '/home/baturhan/Projeler/Entegrasyon/Application/Entegrasyon.Blazor/wwwroot/favicon.ico' because it no longer exists.
         Removing endpoints for asset '/home/baturhan/Projeler/Entegrasyon/Application/Entegrasyon.Blazor/wwwroot/js/Auth/reset-password-modal.js' because it no longer exists.
         Removing endpoints for asset '/home/baturhan/Projeler/Entegrasyon/Application/Entegrasyon.Blazor/wwwroot/js/Auth/reset-password-modal.js' because it no longer exists.
         Removing endpoints for asset '/home/baturhan/Projeler/Entegrasyon/Application/Entegrasyon.Blazor/wwwroot/js/models/category-attribute-value.model.js' because it no longer exists.
         Removing endpoints for asset '/home/baturhan/Projeler/Entegrasyon/Application/Entegrasyon.Blazor/wwwroot/js/models/category-attribute-value.model.js' because it no longer exists.
         Removing endpoints for asset '/home/baturhan/Projeler/Entegrasyon/Application/Entegrasyon.Blazor/wwwroot/js/Users/index.js' because it no longer exists.
         Removing endpoints for asset '/home/baturhan/Projeler/Entegrasyon/Application/Entegrasyon.Blazor/wwwroot/js/Users/index.js' because it no longer exists.
         Removing endpoints for asset '/home/baturhan/Projeler/Entegrasyon/Application/Entegrasyon.Blazor/wwwroot/css/modal.css' because it no longer exists.
         Removing endpoints for asset '/home/baturhan/Projeler/Entegrasyon/Application/Entegrasyon.Blazor/wwwroot/css/modal.css' because it no longer exists.
         Removing endpoints for asset '/home/baturhan/Projeler/Entegrasyon/Application/Entegrasyon.Blazor/wwwroot/img/logo-5.png' because it no longer exists.
         Removing endpoints for asset '/home/baturhan/Projeler/Entegrasyon/Application/Entegrasyon.Blazor/wwwroot/img/logo-5.png' because it no longer exists.
         Removing endpoints for asset '/home/baturhan/Projeler/Entegrasyon/Application/Entegrasyon.Blazor/wwwroot/js/CategoryAttribute/category-attribute-add.js' because it no longer exists.
         Removing endpoints for asset '/home/baturhan/Projeler/Entegrasyon/Application/Entegrasyon.Blazor/wwwroot/js/CategoryAttribute/category-attribute-add.js' because it no longer exists.
         Removing endpoints for asset '/home/baturhan/Projeler/Entegrasyon/Application/Entegrasyon.Blazor/wwwroot/css/site.css' because it no longer exists.
         Removing endpoints for asset '/home/baturhan/Projeler/Entegrasyon/Application/Entegrasyon.Blazor/wwwroot/css/site.css' because it no longer exists.
         Removing endpoints for asset '/home/baturhan/Projeler/Entegrasyon/Application/Entegrasyon.Blazor/wwwroot/img/logo-3.png' because it no longer exists.
         Removing endpoints for asset '/home/baturhan/Projeler/Entegrasyon/Application/Entegrasyon.Blazor/wwwroot/img/logo-3.png' because it no longer exists.
         Removing endpoints for asset '/home/baturhan/Projeler/Entegrasyon/Application/Entegrasyon.Blazor/wwwroot/js/category-import/category-import.js' because it no longer exists.
         Removing endpoints for asset '/home/baturhan/Projeler/Entegrasyon/Application/Entegrasyon.Blazor/wwwroot/js/category-import/category-import.js' because it no longer exists.
         Removing endpoints for asset '/home/baturhan/Projeler/Entegrasyon/Application/Entegrasyon.Blazor/wwwroot/js/models/category-attribute.model.js' because it no longer exists.
         Removing endpoints for asset '/home/baturhan/Projeler/Entegrasyon/Application/Entegrasyon.Blazor/wwwroot/js/models/category-attribute.model.js' because it no longer exists.
         Removing endpoints for asset '/home/baturhan/Projeler/Entegrasyon/Application/Entegrasyon.Blazor/wwwroot/img/error.svg' because it no longer exists.
         Removing endpoints for asset '/home/baturhan/Projeler/Entegrasyon/Application/Entegrasyon.Blazor/wwwroot/img/error.svg' because it no longer exists.
         Removing endpoints for asset '/home/baturhan/Projeler/Entegrasyon/Application/Entegrasyon.Blazor/wwwroot/js/category-attributes/create.js' because it no longer exists.
         Removing endpoints for asset '/home/baturhan/Projeler/Entegrasyon/Application/Entegrasyon.Blazor/wwwroot/js/category-attributes/create.js' because it no longer exists.
         Removing endpoints for asset '/home/baturhan/Projeler/Entegrasyon/Application/Entegrasyon.Blazor/wwwroot/styles/site.scss' because it no longer exists.
         Removing endpoints for asset '/home/baturhan/Projeler/Entegrasyon/Application/Entegrasyon.Blazor/wwwroot/styles/site.scss' because it no longer exists.
         Removing endpoints for asset '/home/baturhan/Projeler/Entegrasyon/Application/Entegrasyon.Blazor/wwwroot/css/site.min.css' because it no longer exists.
         Removing endpoints for asset '/home/baturhan/Projeler/Entegrasyon/Application/Entegrasyon.Blazor/wwwroot/css/site.min.css' because it no longer exists.
         Removing endpoints for asset '/home/baturhan/Projeler/Entegrasyon/Application/Entegrasyon.Blazor/wwwroot/img/logo-4.png' because it no longer exists.
         Removing endpoints for asset '/home/baturhan/Projeler/Entegrasyon/Application/Entegrasyon.Blazor/wwwroot/img/logo-4.png' because it no longer exists.
         Removing endpoints for asset '/home/baturhan/Projeler/Entegrasyon/Application/Entegrasyon.Blazor/wwwroot/js/category-attributes/create.js.map' because it no longer exists.
         Removing endpoints for asset '/home/baturhan/Projeler/Entegrasyon/Application/Entegrasyon.Blazor/wwwroot/js/category-attributes/create.js.map' because it no longer exists.
         Removing endpoints for asset '/home/baturhan/Projeler/Entegrasyon/Application/Entegrasyon.Blazor/wwwroot/js/models/category-attribute.model.js.map' because it no longer exists.
         Removing endpoints for asset '/home/baturhan/Projeler/Entegrasyon/Application/Entegrasyon.Blazor/wwwroot/js/models/category-attribute.model.js.map' because it no longer exists.
       Done executing task "DefineStaticWebAssetEndpoints".
   1:7>Done building target "ResolveJsInitializerModuleStaticWebAssets" in project "Entegrasyon.Blazor.csproj".
       Target "ResolveProjectStaticWebAssets" skipped. Previously built successfully.
       Target "ResolveRazorComponentInputs" skipped. Previously built successfully.
       Target "ResolveRazorGenerateInputs" skipped. Previously built successfully.
   1:7>Target "ResolveJSModuleStaticWebAssets" in file "/usr/lib64/dotnet/sdk/10.0.101/Sdks/Microsoft.NET.Sdk.StaticWebAssets/targets/Microsoft.NET.Sdk.StaticWebAssets.JSModules.targets" from project "/home/baturhan/Projeler/Entegrasyon/Application/Entegrasyon.Blazor/Entegrasyon.Blazor.csproj" (target "ResolveCoreStaticWebAssets" depends on it):
       Task "DefineStaticWebAssets"
         Cache is fully up to date.
       Done executing task "DefineStaticWebAssets".
       Task "DefineStaticWebAssets"
         Cache is fully up to date.
       Done executing task "DefineStaticWebAssets".
       Task "DefineStaticWebAssetEndpoints"
         Removing endpoints for asset '/home/baturhan/.nuget/packages/mudblazor/8.15.0/staticwebassets/MudBlazor.min.css' because it no longer exists.
         Removing endpoints for asset '/home/baturhan/.nuget/packages/mudblazor/8.15.0/staticwebassets/MudBlazor.min.css' because it no longer exists.
         Removing endpoints for asset '/home/baturhan/.nuget/packages/mudblazor/8.15.0/staticwebassets/MudBlazor.min.js' because it no longer exists.
         Removing endpoints for asset '/home/baturhan/.nuget/packages/mudblazor/8.15.0/staticwebassets/MudBlazor.min.js' because it no longer exists.
         Removing endpoints for asset '/home/baturhan/Projeler/Entegrasyon/Application/Entegrasyon.Blazor/wwwroot/img/auth/assign-password.jpg' because it no longer exists.
         Removing endpoints for asset '/home/baturhan/Projeler/Entegrasyon/Application/Entegrasyon.Blazor/wwwroot/img/auth/assign-password.jpg' because it no longer exists.
         Removing endpoints for asset '/home/baturhan/Projeler/Entegrasyon/Application/Entegrasyon.Blazor/wwwroot/js/category-attributes/category-attribute-add-manager.js' because it no longer exists.
         Removing endpoints for asset '/home/baturhan/Projeler/Entegrasyon/Application/Entegrasyon.Blazor/wwwroot/js/category-attributes/category-attribute-add-manager.js' because it no longer exists.
         Removing endpoints for asset '/home/baturhan/Projeler/Entegrasyon/Application/Entegrasyon.Blazor/wwwroot/js/models/category-attribute-value.model.js.map' because it no longer exists.
         Removing endpoints for asset '/home/baturhan/Projeler/Entegrasyon/Application/Entegrasyon.Blazor/wwwroot/js/models/category-attribute-value.model.js.map' because it no longer exists.
         Removing endpoints for asset '/home/baturhan/Projeler/Entegrasyon/Application/Entegrasyon.Blazor/wwwroot/css/custom-loader.css' because it no longer exists.
         Removing endpoints for asset '/home/baturhan/Projeler/Entegrasyon/Application/Entegrasyon.Blazor/wwwroot/css/custom-loader.css' because it no longer exists.
         Removing endpoints for asset '/home/baturhan/Projeler/Entegrasyon/Application/Entegrasyon.Blazor/wwwroot/css/tabs.css' because it no longer exists.
         Removing endpoints for asset '/home/baturhan/Projeler/Entegrasyon/Application/Entegrasyon.Blazor/wwwroot/css/tabs.css' because it no longer exists.
         Removing endpoints for asset '/home/baturhan/Projeler/Entegrasyon/Application/Entegrasyon.Blazor/wwwroot/img/auth/login.jpg' because it no longer exists.
         Removing endpoints for asset '/home/baturhan/Projeler/Entegrasyon/Application/Entegrasyon.Blazor/wwwroot/img/auth/login.jpg' because it no longer exists.
         Removing endpoints for asset '/home/baturhan/Projeler/Entegrasyon/Application/Entegrasyon.Blazor/wwwroot/img/logo-1.png' because it no longer exists.
         Removing endpoints for asset '/home/baturhan/Projeler/Entegrasyon/Application/Entegrasyon.Blazor/wwwroot/img/logo-1.png' because it no longer exists.
         Removing endpoints for asset '/home/baturhan/Projeler/Entegrasyon/Application/Entegrasyon.Blazor/wwwroot/img/logo-6.png' because it no longer exists.
         Removing endpoints for asset '/home/baturhan/Projeler/Entegrasyon/Application/Entegrasyon.Blazor/wwwroot/img/logo-6.png' because it no longer exists.
         Removing endpoints for asset '/home/baturhan/Projeler/Entegrasyon/Application/Entegrasyon.Blazor/wwwroot/js/category-attributes/category-attribute-add-manager.js.map' because it no longer exists.
         Removing endpoints for asset '/home/baturhan/Projeler/Entegrasyon/Application/Entegrasyon.Blazor/wwwroot/js/category-attributes/category-attribute-add-manager.js.map' because it no longer exists.
         Removing endpoints for asset '/home/baturhan/Projeler/Entegrasyon/Application/Entegrasyon.Blazor/wwwroot/js/site.js' because it no longer exists.
         Removing endpoints for asset '/home/baturhan/Projeler/Entegrasyon/Application/Entegrasyon.Blazor/wwwroot/js/site.js' because it no longer exists.
         Removing endpoints for asset '/home/baturhan/Projeler/Entegrasyon/Application/Entegrasyon.Blazor/wwwroot/favicon.ico' because it no longer exists.
         Removing endpoints for asset '/home/baturhan/Projeler/Entegrasyon/Application/Entegrasyon.Blazor/wwwroot/favicon.ico' because it no longer exists.
         Removing endpoints for asset '/home/baturhan/Projeler/Entegrasyon/Application/Entegrasyon.Blazor/wwwroot/js/Auth/reset-password-modal.js' because it no longer exists.
         Removing endpoints for asset '/home/baturhan/Projeler/Entegrasyon/Application/Entegrasyon.Blazor/wwwroot/js/Auth/reset-password-modal.js' because it no longer exists.
         Removing endpoints for asset '/home/baturhan/Projeler/Entegrasyon/Application/Entegrasyon.Blazor/wwwroot/js/models/category-attribute-value.model.js' because it no longer exists.
         Removing endpoints for asset '/home/baturhan/Projeler/Entegrasyon/Application/Entegrasyon.Blazor/wwwroot/js/models/category-attribute-value.model.js' because it no longer exists.
         Removing endpoints for asset '/home/baturhan/Projeler/Entegrasyon/Application/Entegrasyon.Blazor/wwwroot/js/Users/index.js' because it no longer exists.
         Removing endpoints for asset '/home/baturhan/Projeler/Entegrasyon/Application/Entegrasyon.Blazor/wwwroot/js/Users/index.js' because it no longer exists.
         Removing endpoints for asset '/home/baturhan/Projeler/Entegrasyon/Application/Entegrasyon.Blazor/wwwroot/css/modal.css' because it no longer exists.
         Removing endpoints for asset '/home/baturhan/Projeler/Entegrasyon/Application/Entegrasyon.Blazor/wwwroot/css/modal.css' because it no longer exists.
         Removing endpoints for asset '/home/baturhan/Projeler/Entegrasyon/Application/Entegrasyon.Blazor/wwwroot/img/logo-5.png' because it no longer exists.
         Removing endpoints for asset '/home/baturhan/Projeler/Entegrasyon/Application/Entegrasyon.Blazor/wwwroot/img/logo-5.png' because it no longer exists.
         Removing endpoints for asset '/home/baturhan/Projeler/Entegrasyon/Application/Entegrasyon.Blazor/wwwroot/js/CategoryAttribute/category-attribute-add.js' because it no longer exists.
         Removing endpoints for asset '/home/baturhan/Projeler/Entegrasyon/Application/Entegrasyon.Blazor/wwwroot/js/CategoryAttribute/category-attribute-add.js' because it no longer exists.
         Removing endpoints for asset '/home/baturhan/Projeler/Entegrasyon/Application/Entegrasyon.Blazor/wwwroot/css/site.css' because it no longer exists.
         Removing endpoints for asset '/home/baturhan/Projeler/Entegrasyon/Application/Entegrasyon.Blazor/wwwroot/css/site.css' because it no longer exists.
         Removing endpoints for asset '/home/baturhan/Projeler/Entegrasyon/Application/Entegrasyon.Blazor/wwwroot/img/logo-3.png' because it no longer exists.
         Removing endpoints for asset '/home/baturhan/Projeler/Entegrasyon/Application/Entegrasyon.Blazor/wwwroot/img/logo-3.png' because it no longer exists.
         Removing endpoints for asset '/home/baturhan/Projeler/Entegrasyon/Application/Entegrasyon.Blazor/wwwroot/js/category-import/category-import.js' because it no longer exists.
         Removing endpoints for asset '/home/baturhan/Projeler/Entegrasyon/Application/Entegrasyon.Blazor/wwwroot/js/category-import/category-import.js' because it no longer exists.
         Removing endpoints for asset '/home/baturhan/Projeler/Entegrasyon/Application/Entegrasyon.Blazor/wwwroot/js/models/category-attribute.model.js' because it no longer exists.
         Removing endpoints for asset '/home/baturhan/Projeler/Entegrasyon/Application/Entegrasyon.Blazor/wwwroot/js/models/category-attribute.model.js' because it no longer exists.
         Removing endpoints for asset '/home/baturhan/Projeler/Entegrasyon/Application/Entegrasyon.Blazor/wwwroot/img/error.svg' because it no longer exists.
         Removing endpoints for asset '/home/baturhan/Projeler/Entegrasyon/Application/Entegrasyon.Blazor/wwwroot/img/error.svg' because it no longer exists.
         Removing endpoints for asset '/home/baturhan/Projeler/Entegrasyon/Application/Entegrasyon.Blazor/wwwroot/js/category-attributes/create.js' because it no longer exists.
         Removing endpoints for asset '/home/baturhan/Projeler/Entegrasyon/Application/Entegrasyon.Blazor/wwwroot/js/category-attributes/create.js' because it no longer exists.
         Removing endpoints for asset '/home/baturhan/Projeler/Entegrasyon/Application/Entegrasyon.Blazor/wwwroot/styles/site.scss' because it no longer exists.
         Removing endpoints for asset '/home/baturhan/Projeler/Entegrasyon/Application/Entegrasyon.Blazor/wwwroot/styles/site.scss' because it no longer exists.
         Removing endpoints for asset '/home/baturhan/Projeler/Entegrasyon/Application/Entegrasyon.Blazor/wwwroot/css/site.min.css' because it no longer exists.
         Removing endpoints for asset '/home/baturhan/Projeler/Entegrasyon/Application/Entegrasyon.Blazor/wwwroot/css/site.min.css' because it no longer exists.
         Removing endpoints for asset '/home/baturhan/Projeler/Entegrasyon/Application/Entegrasyon.Blazor/wwwroot/img/logo-4.png' because it no longer exists.
         Removing endpoints for asset '/home/baturhan/Projeler/Entegrasyon/Application/Entegrasyon.Blazor/wwwroot/img/logo-4.png' because it no longer exists.
         Removing endpoints for asset '/home/baturhan/Projeler/Entegrasyon/Application/Entegrasyon.Blazor/wwwroot/js/category-attributes/create.js.map' because it no longer exists.
         Removing endpoints for asset '/home/baturhan/Projeler/Entegrasyon/Application/Entegrasyon.Blazor/wwwroot/js/category-attributes/create.js.map' because it no longer exists.
         Removing endpoints for asset '/home/baturhan/Projeler/Entegrasyon/Application/Entegrasyon.Blazor/wwwroot/js/models/category-attribute.model.js.map' because it no longer exists.
         Removing endpoints for asset '/home/baturhan/Projeler/Entegrasyon/Application/Entegrasyon.Blazor/wwwroot/js/models/category-attribute.model.js.map' because it no longer exists.
       Done executing task "DefineStaticWebAssetEndpoints".
       Task "DefineStaticWebAssetEndpoints"
         Removing endpoints for asset '/home/baturhan/.nuget/packages/mudblazor/8.15.0/staticwebassets/MudBlazor.min.css' because it no longer exists.
         Removing endpoints for asset '/home/baturhan/.nuget/packages/mudblazor/8.15.0/staticwebassets/MudBlazor.min.css' because it no longer exists.
         Removing endpoints for asset '/home/baturhan/.nuget/packages/mudblazor/8.15.0/staticwebassets/MudBlazor.min.js' because it no longer exists.
         Removing endpoints for asset '/home/baturhan/.nuget/packages/mudblazor/8.15.0/staticwebassets/MudBlazor.min.js' because it no longer exists.
         Removing endpoints for asset '/home/baturhan/Projeler/Entegrasyon/Application/Entegrasyon.Blazor/wwwroot/img/auth/assign-password.jpg' because it no longer exists.
         Removing endpoints for asset '/home/baturhan/Projeler/Entegrasyon/Application/Entegrasyon.Blazor/wwwroot/img/auth/assign-password.jpg' because it no longer exists.
         Removing endpoints for asset '/home/baturhan/Projeler/Entegrasyon/Application/Entegrasyon.Blazor/wwwroot/js/category-attributes/category-attribute-add-manager.js' because it no longer exists.
         Removing endpoints for asset '/home/baturhan/Projeler/Entegrasyon/Application/Entegrasyon.Blazor/wwwroot/js/category-attributes/category-attribute-add-manager.js' because it no longer exists.
         Removing endpoints for asset '/home/baturhan/Projeler/Entegrasyon/Application/Entegrasyon.Blazor/wwwroot/js/models/category-attribute-value.model.js.map' because it no longer exists.
         Removing endpoints for asset '/home/baturhan/Projeler/Entegrasyon/Application/Entegrasyon.Blazor/wwwroot/js/models/category-attribute-value.model.js.map' because it no longer exists.
         Removing endpoints for asset '/home/baturhan/Projeler/Entegrasyon/Application/Entegrasyon.Blazor/wwwroot/css/custom-loader.css' because it no longer exists.
         Removing endpoints for asset '/home/baturhan/Projeler/Entegrasyon/Application/Entegrasyon.Blazor/wwwroot/css/custom-loader.css' because it no longer exists.
         Removing endpoints for asset '/home/baturhan/Projeler/Entegrasyon/Application/Entegrasyon.Blazor/wwwroot/css/tabs.css' because it no longer exists.
         Removing endpoints for asset '/home/baturhan/Projeler/Entegrasyon/Application/Entegrasyon.Blazor/wwwroot/css/tabs.css' because it no longer exists.
         Removing endpoints for asset '/home/baturhan/Projeler/Entegrasyon/Application/Entegrasyon.Blazor/wwwroot/img/auth/login.jpg' because it no longer exists.
         Removing endpoints for asset '/home/baturhan/Projeler/Entegrasyon/Application/Entegrasyon.Blazor/wwwroot/img/auth/login.jpg' because it no longer exists.
         Removing endpoints for asset '/home/baturhan/Projeler/Entegrasyon/Application/Entegrasyon.Blazor/wwwroot/img/logo-1.png' because it no longer exists.
         Removing endpoints for asset '/home/baturhan/Projeler/Entegrasyon/Application/Entegrasyon.Blazor/wwwroot/img/logo-1.png' because it no longer exists.
         Removing endpoints for asset '/home/baturhan/Projeler/Entegrasyon/Application/Entegrasyon.Blazor/wwwroot/img/logo-6.png' because it no longer exists.
         Removing endpoints for asset '/home/baturhan/Projeler/Entegrasyon/Application/Entegrasyon.Blazor/wwwroot/img/logo-6.png' because it no longer exists.
         Removing endpoints for asset '/home/baturhan/Projeler/Entegrasyon/Application/Entegrasyon.Blazor/wwwroot/js/category-attributes/category-attribute-add-manager.js.map' because it no longer exists.
         Removing endpoints for asset '/home/baturhan/Projeler/Entegrasyon/Application/Entegrasyon.Blazor/wwwroot/js/category-attributes/category-attribute-add-manager.js.map' because it no longer exists.
         Removing endpoints for asset '/home/baturhan/Projeler/Entegrasyon/Application/Entegrasyon.Blazor/wwwroot/js/site.js' because it no longer exists.
         Removing endpoints for asset '/home/baturhan/Projeler/Entegrasyon/Application/Entegrasyon.Blazor/wwwroot/js/site.js' because it no longer exists.
         Removing endpoints for asset '/home/baturhan/Projeler/Entegrasyon/Application/Entegrasyon.Blazor/wwwroot/favicon.ico' because it no longer exists.
         Removing endpoints for asset '/home/baturhan/Projeler/Entegrasyon/Application/Entegrasyon.Blazor/wwwroot/favicon.ico' because it no longer exists.
         Removing endpoints for asset '/home/baturhan/Projeler/Entegrasyon/Application/Entegrasyon.Blazor/wwwroot/js/Auth/reset-password-modal.js' because it no longer exists.
         Removing endpoints for asset '/home/baturhan/Projeler/Entegrasyon/Application/Entegrasyon.Blazor/wwwroot/js/Auth/reset-password-modal.js' because it no longer exists.
         Removing endpoints for asset '/home/baturhan/Projeler/Entegrasyon/Application/Entegrasyon.Blazor/wwwroot/js/models/category-attribute-value.model.js' because it no longer exists.
         Removing endpoints for asset '/home/baturhan/Projeler/Entegrasyon/Application/Entegrasyon.Blazor/wwwroot/js/models/category-attribute-value.model.js' because it no longer exists.
         Removing endpoints for asset '/home/baturhan/Projeler/Entegrasyon/Application/Entegrasyon.Blazor/wwwroot/js/Users/index.js' because it no longer exists.
         Removing endpoints for asset '/home/baturhan/Projeler/Entegrasyon/Application/Entegrasyon.Blazor/wwwroot/js/Users/index.js' because it no longer exists.
         Removing endpoints for asset '/home/baturhan/Projeler/Entegrasyon/Application/Entegrasyon.Blazor/wwwroot/css/modal.css' because it no longer exists.
         Removing endpoints for asset '/home/baturhan/Projeler/Entegrasyon/Application/Entegrasyon.Blazor/wwwroot/css/modal.css' because it no longer exists.
         Removing endpoints for asset '/home/baturhan/Projeler/Entegrasyon/Application/Entegrasyon.Blazor/wwwroot/img/logo-5.png' because it no longer exists.
         Removing endpoints for asset '/home/baturhan/Projeler/Entegrasyon/Application/Entegrasyon.Blazor/wwwroot/img/logo-5.png' because it no longer exists.
         Removing endpoints for asset '/home/baturhan/Projeler/Entegrasyon/Application/Entegrasyon.Blazor/wwwroot/js/CategoryAttribute/category-attribute-add.js' because it no longer exists.
         Removing endpoints for asset '/home/baturhan/Projeler/Entegrasyon/Application/Entegrasyon.Blazor/wwwroot/js/CategoryAttribute/category-attribute-add.js' because it no longer exists.
         Removing endpoints for asset '/home/baturhan/Projeler/Entegrasyon/Application/Entegrasyon.Blazor/wwwroot/css/site.css' because it no longer exists.
         Removing endpoints for asset '/home/baturhan/Projeler/Entegrasyon/Application/Entegrasyon.Blazor/wwwroot/css/site.css' because it no longer exists.
         Removing endpoints for asset '/home/baturhan/Projeler/Entegrasyon/Application/Entegrasyon.Blazor/wwwroot/img/logo-3.png' because it no longer exists.
         Removing endpoints for asset '/home/baturhan/Projeler/Entegrasyon/Application/Entegrasyon.Blazor/wwwroot/img/logo-3.png' because it no longer exists.
         Removing endpoints for asset '/home/baturhan/Projeler/Entegrasyon/Application/Entegrasyon.Blazor/wwwroot/js/category-import/category-import.js' because it no longer exists.
         Removing endpoints for asset '/home/baturhan/Projeler/Entegrasyon/Application/Entegrasyon.Blazor/wwwroot/js/category-import/category-import.js' because it no longer exists.
         Removing endpoints for asset '/home/baturhan/Projeler/Entegrasyon/Application/Entegrasyon.Blazor/wwwroot/js/models/category-attribute.model.js' because it no longer exists.
         Removing endpoints for asset '/home/baturhan/Projeler/Entegrasyon/Application/Entegrasyon.Blazor/wwwroot/js/models/category-attribute.model.js' because it no longer exists.
         Removing endpoints for asset '/home/baturhan/Projeler/Entegrasyon/Application/Entegrasyon.Blazor/wwwroot/img/error.svg' because it no longer exists.
         Removing endpoints for asset '/home/baturhan/Projeler/Entegrasyon/Application/Entegrasyon.Blazor/wwwroot/img/error.svg' because it no longer exists.
         Removing endpoints for asset '/home/baturhan/Projeler/Entegrasyon/Application/Entegrasyon.Blazor/wwwroot/js/category-attributes/create.js' because it no longer exists.
         Removing endpoints for asset '/home/baturhan/Projeler/Entegrasyon/Application/Entegrasyon.Blazor/wwwroot/js/category-attributes/create.js' because it no longer exists.
         Removing endpoints for asset '/home/baturhan/Projeler/Entegrasyon/Application/Entegrasyon.Blazor/wwwroot/styles/site.scss' because it no longer exists.
         Removing endpoints for asset '/home/baturhan/Projeler/Entegrasyon/Application/Entegrasyon.Blazor/wwwroot/styles/site.scss' because it no longer exists.
         Removing endpoints for asset '/home/baturhan/Projeler/Entegrasyon/Application/Entegrasyon.Blazor/wwwroot/css/site.min.css' because it no longer exists.
         Removing endpoints for asset '/home/baturhan/Projeler/Entegrasyon/Application/Entegrasyon.Blazor/wwwroot/css/site.min.css' because it no longer exists.
         Removing endpoints for asset '/home/baturhan/Projeler/Entegrasyon/Application/Entegrasyon.Blazor/wwwroot/img/logo-4.png' because it no longer exists.
         Removing endpoints for asset '/home/baturhan/Projeler/Entegrasyon/Application/Entegrasyon.Blazor/wwwroot/img/logo-4.png' because it no longer exists.
         Removing endpoints for asset '/home/baturhan/Projeler/Entegrasyon/Application/Entegrasyon.Blazor/wwwroot/js/category-attributes/create.js.map' because it no longer exists.
         Removing endpoints for asset '/home/baturhan/Projeler/Entegrasyon/Application/Entegrasyon.Blazor/wwwroot/js/category-attributes/create.js.map' because it no longer exists.
         Removing endpoints for asset '/home/baturhan/Projeler/Entegrasyon/Application/Entegrasyon.Blazor/wwwroot/js/models/category-attribute.model.js.map' because it no longer exists.
         Removing endpoints for asset '/home/baturhan/Projeler/Entegrasyon/Application/Entegrasyon.Blazor/wwwroot/js/models/category-attribute.model.js.map' because it no longer exists.
       Done executing task "DefineStaticWebAssetEndpoints".
       Using "ApplyJsModules" task from assembly "/usr/lib64/dotnet/sdk/10.0.101/Sdks/Microsoft.NET.Sdk.StaticWebAssets/targets/../tasks/net10.0/Microsoft.NET.Sdk.StaticWebAssets.Tasks.dll".
       Task "ApplyJsModules"
       Done executing task "ApplyJsModules".
   1:7>Done building target "ResolveJSModuleStaticWebAssets" in project "Entegrasyon.Blazor.csproj".
   1:7>Target "ResolveCoreStaticWebAssets" in file "/usr/lib64/dotnet/sdk/10.0.101/Sdks/Microsoft.NET.Sdk.StaticWebAssets/targets/Microsoft.NET.Sdk.StaticWebAssets.targets" from project "/home/baturhan/Projeler/Entegrasyon/Application/Entegrasyon.Blazor/Entegrasyon.Blazor.csproj" (target "ResolveBuildStaticWebAssets" depends on it):
   1:7>Done building target "ResolveCoreStaticWebAssets" in project "Entegrasyon.Blazor.csproj".
       Target "ResolveCoreStaticWebAssets" skipped. Previously built successfully.
       Target "ResolveJsInitializerModuleStaticWebAssets" skipped. Previously built successfully.
   1:7>Target "ResolveJSModuleManifestBuildConfiguration" in file "/usr/lib64/dotnet/sdk/10.0.101/Sdks/Microsoft.NET.Sdk.StaticWebAssets/targets/Microsoft.NET.Sdk.StaticWebAssets.JSModules.targets" from project "/home/baturhan/Projeler/Entegrasyon/Application/Entegrasyon.Blazor/Entegrasyon.Blazor.csproj" (target "GenerateJSModuleManifestBuildStaticWebAssets" depends on it):
   1:7>Done building target "ResolveJSModuleManifestBuildConfiguration" in project "Entegrasyon.Blazor.csproj".
   1:7>Target "GenerateJSModuleManifestBuildStaticWebAssets" in file "/usr/lib64/dotnet/sdk/10.0.101/Sdks/Microsoft.NET.Sdk.StaticWebAssets/targets/Microsoft.NET.Sdk.StaticWebAssets.JSModules.targets" from project "/home/baturhan/Projeler/Entegrasyon/Application/Entegrasyon.Blazor/Entegrasyon.Blazor.csproj" (target "ResolveJSModuleManifestBuildStaticWebAssets" depends on it):
   1:7>Done building target "GenerateJSModuleManifestBuildStaticWebAssets" in project "Entegrasyon.Blazor.csproj".
   1:7>Target "ResolveJSModuleManifestBuildStaticWebAssets" in file "/usr/lib64/dotnet/sdk/10.0.101/Sdks/Microsoft.NET.Sdk.StaticWebAssets/targets/Microsoft.NET.Sdk.StaticWebAssets.JSModules.targets" from project "/home/baturhan/Projeler/Entegrasyon/Application/Entegrasyon.Blazor/Entegrasyon.Blazor.csproj" (target "ResolveStaticWebAssetsInputs" depends on it):
       Task "DefineStaticWebAssetEndpoints"
         Removing endpoints for asset '/home/baturhan/.nuget/packages/mudblazor/8.15.0/staticwebassets/MudBlazor.min.css' because it no longer exists.
         Removing endpoints for asset '/home/baturhan/.nuget/packages/mudblazor/8.15.0/staticwebassets/MudBlazor.min.css' because it no longer exists.
         Removing endpoints for asset '/home/baturhan/.nuget/packages/mudblazor/8.15.0/staticwebassets/MudBlazor.min.js' because it no longer exists.
         Removing endpoints for asset '/home/baturhan/.nuget/packages/mudblazor/8.15.0/staticwebassets/MudBlazor.min.js' because it no longer exists.
         Removing endpoints for asset '/home/baturhan/Projeler/Entegrasyon/Application/Entegrasyon.Blazor/wwwroot/img/auth/assign-password.jpg' because it no longer exists.
         Removing endpoints for asset '/home/baturhan/Projeler/Entegrasyon/Application/Entegrasyon.Blazor/wwwroot/img/auth/assign-password.jpg' because it no longer exists.
         Removing endpoints for asset '/home/baturhan/Projeler/Entegrasyon/Application/Entegrasyon.Blazor/wwwroot/js/category-attributes/category-attribute-add-manager.js' because it no longer exists.
         Removing endpoints for asset '/home/baturhan/Projeler/Entegrasyon/Application/Entegrasyon.Blazor/wwwroot/js/category-attributes/category-attribute-add-manager.js' because it no longer exists.
         Removing endpoints for asset '/home/baturhan/Projeler/Entegrasyon/Application/Entegrasyon.Blazor/wwwroot/js/models/category-attribute-value.model.js.map' because it no longer exists.
         Removing endpoints for asset '/home/baturhan/Projeler/Entegrasyon/Application/Entegrasyon.Blazor/wwwroot/js/models/category-attribute-value.model.js.map' because it no longer exists.
         Removing endpoints for asset '/home/baturhan/Projeler/Entegrasyon/Application/Entegrasyon.Blazor/wwwroot/css/custom-loader.css' because it no longer exists.
         Removing endpoints for asset '/home/baturhan/Projeler/Entegrasyon/Application/Entegrasyon.Blazor/wwwroot/css/custom-loader.css' because it no longer exists.
         Removing endpoints for asset '/home/baturhan/Projeler/Entegrasyon/Application/Entegrasyon.Blazor/wwwroot/css/tabs.css' because it no longer exists.
         Removing endpoints for asset '/home/baturhan/Projeler/Entegrasyon/Application/Entegrasyon.Blazor/wwwroot/css/tabs.css' because it no longer exists.
         Removing endpoints for asset '/home/baturhan/Projeler/Entegrasyon/Application/Entegrasyon.Blazor/wwwroot/img/auth/login.jpg' because it no longer exists.
         Removing endpoints for asset '/home/baturhan/Projeler/Entegrasyon/Application/Entegrasyon.Blazor/wwwroot/img/auth/login.jpg' because it no longer exists.
         Removing endpoints for asset '/home/baturhan/Projeler/Entegrasyon/Application/Entegrasyon.Blazor/wwwroot/img/logo-1.png' because it no longer exists.
         Removing endpoints for asset '/home/baturhan/Projeler/Entegrasyon/Application/Entegrasyon.Blazor/wwwroot/img/logo-1.png' because it no longer exists.
         Removing endpoints for asset '/home/baturhan/Projeler/Entegrasyon/Application/Entegrasyon.Blazor/wwwroot/img/logo-6.png' because it no longer exists.
         Removing endpoints for asset '/home/baturhan/Projeler/Entegrasyon/Application/Entegrasyon.Blazor/wwwroot/img/logo-6.png' because it no longer exists.
         Removing endpoints for asset '/home/baturhan/Projeler/Entegrasyon/Application/Entegrasyon.Blazor/wwwroot/js/category-attributes/category-attribute-add-manager.js.map' because it no longer exists.
         Removing endpoints for asset '/home/baturhan/Projeler/Entegrasyon/Application/Entegrasyon.Blazor/wwwroot/js/category-attributes/category-attribute-add-manager.js.map' because it no longer exists.
         Removing endpoints for asset '/home/baturhan/Projeler/Entegrasyon/Application/Entegrasyon.Blazor/wwwroot/js/site.js' because it no longer exists.
         Removing endpoints for asset '/home/baturhan/Projeler/Entegrasyon/Application/Entegrasyon.Blazor/wwwroot/js/site.js' because it no longer exists.
         Removing endpoints for asset '/home/baturhan/Projeler/Entegrasyon/Application/Entegrasyon.Blazor/wwwroot/favicon.ico' because it no longer exists.
         Removing endpoints for asset '/home/baturhan/Projeler/Entegrasyon/Application/Entegrasyon.Blazor/wwwroot/favicon.ico' because it no longer exists.
         Removing endpoints for asset '/home/baturhan/Projeler/Entegrasyon/Application/Entegrasyon.Blazor/wwwroot/js/Auth/reset-password-modal.js' because it no longer exists.
         Removing endpoints for asset '/home/baturhan/Projeler/Entegrasyon/Application/Entegrasyon.Blazor/wwwroot/js/Auth/reset-password-modal.js' because it no longer exists.
         Removing endpoints for asset '/home/baturhan/Projeler/Entegrasyon/Application/Entegrasyon.Blazor/wwwroot/js/models/category-attribute-value.model.js' because it no longer exists.
         Removing endpoints for asset '/home/baturhan/Projeler/Entegrasyon/Application/Entegrasyon.Blazor/wwwroot/js/models/category-attribute-value.model.js' because it no longer exists.
         Removing endpoints for asset '/home/baturhan/Projeler/Entegrasyon/Application/Entegrasyon.Blazor/wwwroot/js/Users/index.js' because it no longer exists.
         Removing endpoints for asset '/home/baturhan/Projeler/Entegrasyon/Application/Entegrasyon.Blazor/wwwroot/js/Users/index.js' because it no longer exists.
         Removing endpoints for asset '/home/baturhan/Projeler/Entegrasyon/Application/Entegrasyon.Blazor/wwwroot/css/modal.css' because it no longer exists.
         Removing endpoints for asset '/home/baturhan/Projeler/Entegrasyon/Application/Entegrasyon.Blazor/wwwroot/css/modal.css' because it no longer exists.
         Removing endpoints for asset '/home/baturhan/Projeler/Entegrasyon/Application/Entegrasyon.Blazor/wwwroot/img/logo-5.png' because it no longer exists.
         Removing endpoints for asset '/home/baturhan/Projeler/Entegrasyon/Application/Entegrasyon.Blazor/wwwroot/img/logo-5.png' because it no longer exists.
         Removing endpoints for asset '/home/baturhan/Projeler/Entegrasyon/Application/Entegrasyon.Blazor/wwwroot/js/CategoryAttribute/category-attribute-add.js' because it no longer exists.
         Removing endpoints for asset '/home/baturhan/Projeler/Entegrasyon/Application/Entegrasyon.Blazor/wwwroot/js/CategoryAttribute/category-attribute-add.js' because it no longer exists.
         Removing endpoints for asset '/home/baturhan/Projeler/Entegrasyon/Application/Entegrasyon.Blazor/wwwroot/css/site.css' because it no longer exists.
         Removing endpoints for asset '/home/baturhan/Projeler/Entegrasyon/Application/Entegrasyon.Blazor/wwwroot/css/site.css' because it no longer exists.
         Removing endpoints for asset '/home/baturhan/Projeler/Entegrasyon/Application/Entegrasyon.Blazor/wwwroot/img/logo-3.png' because it no longer exists.
         Removing endpoints for asset '/home/baturhan/Projeler/Entegrasyon/Application/Entegrasyon.Blazor/wwwroot/img/logo-3.png' because it no longer exists.
         Removing endpoints for asset '/home/baturhan/Projeler/Entegrasyon/Application/Entegrasyon.Blazor/wwwroot/js/category-import/category-import.js' because it no longer exists.
         Removing endpoints for asset '/home/baturhan/Projeler/Entegrasyon/Application/Entegrasyon.Blazor/wwwroot/js/category-import/category-import.js' because it no longer exists.
         Removing endpoints for asset '/home/baturhan/Projeler/Entegrasyon/Application/Entegrasyon.Blazor/wwwroot/js/models/category-attribute.model.js' because it no longer exists.
         Removing endpoints for asset '/home/baturhan/Projeler/Entegrasyon/Application/Entegrasyon.Blazor/wwwroot/js/models/category-attribute.model.js' because it no longer exists.
         Removing endpoints for asset '/home/baturhan/Projeler/Entegrasyon/Application/Entegrasyon.Blazor/wwwroot/img/error.svg' because it no longer exists.
         Removing endpoints for asset '/home/baturhan/Projeler/Entegrasyon/Application/Entegrasyon.Blazor/wwwroot/img/error.svg' because it no longer exists.
         Removing endpoints for asset '/home/baturhan/Projeler/Entegrasyon/Application/Entegrasyon.Blazor/wwwroot/js/category-attributes/create.js' because it no longer exists.
         Removing endpoints for asset '/home/baturhan/Projeler/Entegrasyon/Application/Entegrasyon.Blazor/wwwroot/js/category-attributes/create.js' because it no longer exists.
         Removing endpoints for asset '/home/baturhan/Projeler/Entegrasyon/Application/Entegrasyon.Blazor/wwwroot/styles/site.scss' because it no longer exists.
         Removing endpoints for asset '/home/baturhan/Projeler/Entegrasyon/Application/Entegrasyon.Blazor/wwwroot/styles/site.scss' because it no longer exists.
         Removing endpoints for asset '/home/baturhan/Projeler/Entegrasyon/Application/Entegrasyon.Blazor/wwwroot/css/site.min.css' because it no longer exists.
         Removing endpoints for asset '/home/baturhan/Projeler/Entegrasyon/Application/Entegrasyon.Blazor/wwwroot/css/site.min.css' because it no longer exists.
         Removing endpoints for asset '/home/baturhan/Projeler/Entegrasyon/Application/Entegrasyon.Blazor/wwwroot/img/logo-4.png' because it no longer exists.
         Removing endpoints for asset '/home/baturhan/Projeler/Entegrasyon/Application/Entegrasyon.Blazor/wwwroot/img/logo-4.png' because it no longer exists.
         Removing endpoints for asset '/home/baturhan/Projeler/Entegrasyon/Application/Entegrasyon.Blazor/wwwroot/js/category-attributes/create.js.map' because it no longer exists.
         Removing endpoints for asset '/home/baturhan/Projeler/Entegrasyon/Application/Entegrasyon.Blazor/wwwroot/js/category-attributes/create.js.map' because it no longer exists.
         Removing endpoints for asset '/home/baturhan/Projeler/Entegrasyon/Application/Entegrasyon.Blazor/wwwroot/js/models/category-attribute.model.js.map' because it no longer exists.
         Removing endpoints for asset '/home/baturhan/Projeler/Entegrasyon/Application/Entegrasyon.Blazor/wwwroot/js/models/category-attribute.model.js.map' because it no longer exists.
       Done executing task "DefineStaticWebAssetEndpoints".
   1:7>Done building target "ResolveJSModuleManifestBuildStaticWebAssets" in project "Entegrasyon.Blazor.csproj".
       Target "ResolveCoreStaticWebAssets" skipped. Previously built successfully.
       Target "ResolveCoreStaticWebAssets" skipped. Previously built successfully.
       Target "ResolveCssScopes" skipped. Previously built successfully.
   1:7>Target "ResolveScopedCssOutputs" in file "/usr/lib64/dotnet/sdk/10.0.101/Sdks/Microsoft.NET.Sdk.StaticWebAssets/targets/Microsoft.NET.Sdk.StaticWebAssets.ScopedCss.targets" from project "/home/baturhan/Projeler/Entegrasyon/Application/Entegrasyon.Blazor/Entegrasyon.Blazor.csproj" (target "_ComputeScopedCssStaticWebAssets" depends on it):
   1:7>Done building target "ResolveScopedCssOutputs" in project "Entegrasyon.Blazor.csproj".
       Target "ResolveStaticWebAssetsConfiguration" skipped. Previously built successfully.
   1:7>Target "_ComputeScopedCssStaticWebAssets" in file "/usr/lib64/dotnet/sdk/10.0.101/Sdks/Microsoft.NET.Sdk.StaticWebAssets/targets/Microsoft.NET.Sdk.StaticWebAssets.ScopedCss.targets" from project "/home/baturhan/Projeler/Entegrasyon/Application/Entegrasyon.Blazor/Entegrasyon.Blazor.csproj" (target "_CollectAllScopedCssAssets" depends on it):
       Task "DefineStaticWebAssets"
         No cache manifest path specified. Cache will not be used.
         RelativePath 'Components/Import/TrendyolCategoryTreeView.razor.rz.scp.css' normalized to 'Components/Import/TrendyolCategoryTreeView.razor.rz.scp.css' found for candidate '/home/baturhan/Projeler/Entegrasyon/Application/Entegrasyon.Blazor/obj/Debug/net8.0/scopedcss/Components/Import/TrendyolCategoryTreeView.razor.rz.scp.css' and will be used for matching.
         Computing fingerprint and integrity for asset '/home/baturhan/Projeler/Entegrasyon/Application/Entegrasyon.Blazor/obj/Debug/net8.0/scopedcss/Components/Import/TrendyolCategoryTreeView.razor.rz.scp.css'
         Identity for candidate '/home/baturhan/Projeler/Entegrasyon/Application/Entegrasyon.Blazor/obj/Debug/net8.0/scopedcss/Components/Import/TrendyolCategoryTreeView.razor.rz.scp.css' is '/home/baturhan/Projeler/Entegrasyon/Application/Entegrasyon.Blazor/obj/Debug/net8.0/scopedcss/Components/Import/TrendyolCategoryTreeView.razor.rz.scp.css' because it starts with content root '/home/baturhan/Projeler/Entegrasyon/Application/Entegrasyon.Blazor/obj/Debug/net8.0/scopedcss/'.
         RelativePath 'Components/Shared/NotificationList.razor.rz.scp.css' normalized to 'Components/Shared/NotificationList.razor.rz.scp.css' found for candidate '/home/baturhan/Projeler/Entegrasyon/Application/Entegrasyon.Blazor/obj/Debug/net8.0/scopedcss/Components/Shared/NotificationList.razor.rz.scp.css' and will be used for matching.
         Computing fingerprint and integrity for asset '/home/baturhan/Projeler/Entegrasyon/Application/Entegrasyon.Blazor/obj/Debug/net8.0/scopedcss/Components/Shared/NotificationList.razor.rz.scp.css'
         Identity for candidate '/home/baturhan/Projeler/Entegrasyon/Application/Entegrasyon.Blazor/obj/Debug/net8.0/scopedcss/Components/Shared/NotificationList.razor.rz.scp.css' is '/home/baturhan/Projeler/Entegrasyon/Application/Entegrasyon.Blazor/obj/Debug/net8.0/scopedcss/Components/Shared/NotificationList.razor.rz.scp.css' because it starts with content root '/home/baturhan/Projeler/Entegrasyon/Application/Entegrasyon.Blazor/obj/Debug/net8.0/scopedcss/'.
         RelativePath 'Pages/Index.razor.rz.scp.css' normalized to 'Pages/Index.razor.rz.scp.css' found for candidate '/home/baturhan/Projeler/Entegrasyon/Application/Entegrasyon.Blazor/obj/Debug/net8.0/scopedcss/Pages/Index.razor.rz.scp.css' and will be used for matching.
         Computing fingerprint and integrity for asset '/home/baturhan/Projeler/Entegrasyon/Application/Entegrasyon.Blazor/obj/Debug/net8.0/scopedcss/Pages/Index.razor.rz.scp.css'
         Identity for candidate '/home/baturhan/Projeler/Entegrasyon/Application/Entegrasyon.Blazor/obj/Debug/net8.0/scopedcss/Pages/Index.razor.rz.scp.css' is '/home/baturhan/Projeler/Entegrasyon/Application/Entegrasyon.Blazor/obj/Debug/net8.0/scopedcss/Pages/Index.razor.rz.scp.css' because it starts with content root '/home/baturhan/Projeler/Entegrasyon/Application/Entegrasyon.Blazor/obj/Debug/net8.0/scopedcss/'.
       Done executing task "DefineStaticWebAssets".
       Task "DefineStaticWebAssetEndpoints"
         Removing endpoints for asset '/home/baturhan/.nuget/packages/mudblazor/8.15.0/staticwebassets/MudBlazor.min.css' because it no longer exists.
         Removing endpoints for asset '/home/baturhan/.nuget/packages/mudblazor/8.15.0/staticwebassets/MudBlazor.min.css' because it no longer exists.
         Removing endpoints for asset '/home/baturhan/.nuget/packages/mudblazor/8.15.0/staticwebassets/MudBlazor.min.js' because it no longer exists.
         Removing endpoints for asset '/home/baturhan/.nuget/packages/mudblazor/8.15.0/staticwebassets/MudBlazor.min.js' because it no longer exists.
         Removing endpoints for asset '/home/baturhan/Projeler/Entegrasyon/Application/Entegrasyon.Blazor/wwwroot/img/auth/assign-password.jpg' because it no longer exists.
         Removing endpoints for asset '/home/baturhan/Projeler/Entegrasyon/Application/Entegrasyon.Blazor/wwwroot/img/auth/assign-password.jpg' because it no longer exists.
         Removing endpoints for asset '/home/baturhan/Projeler/Entegrasyon/Application/Entegrasyon.Blazor/wwwroot/js/category-attributes/category-attribute-add-manager.js' because it no longer exists.
         Removing endpoints for asset '/home/baturhan/Projeler/Entegrasyon/Application/Entegrasyon.Blazor/wwwroot/js/category-attributes/category-attribute-add-manager.js' because it no longer exists.
         Removing endpoints for asset '/home/baturhan/Projeler/Entegrasyon/Application/Entegrasyon.Blazor/wwwroot/js/models/category-attribute-value.model.js.map' because it no longer exists.
         Removing endpoints for asset '/home/baturhan/Projeler/Entegrasyon/Application/Entegrasyon.Blazor/wwwroot/js/models/category-attribute-value.model.js.map' because it no longer exists.
         Removing endpoints for asset '/home/baturhan/Projeler/Entegrasyon/Application/Entegrasyon.Blazor/wwwroot/css/custom-loader.css' because it no longer exists.
         Removing endpoints for asset '/home/baturhan/Projeler/Entegrasyon/Application/Entegrasyon.Blazor/wwwroot/css/custom-loader.css' because it no longer exists.
         Removing endpoints for asset '/home/baturhan/Projeler/Entegrasyon/Application/Entegrasyon.Blazor/wwwroot/css/tabs.css' because it no longer exists.
         Removing endpoints for asset '/home/baturhan/Projeler/Entegrasyon/Application/Entegrasyon.Blazor/wwwroot/css/tabs.css' because it no longer exists.
         Removing endpoints for asset '/home/baturhan/Projeler/Entegrasyon/Application/Entegrasyon.Blazor/wwwroot/img/auth/login.jpg' because it no longer exists.
         Removing endpoints for asset '/home/baturhan/Projeler/Entegrasyon/Application/Entegrasyon.Blazor/wwwroot/img/auth/login.jpg' because it no longer exists.
         Removing endpoints for asset '/home/baturhan/Projeler/Entegrasyon/Application/Entegrasyon.Blazor/wwwroot/img/logo-1.png' because it no longer exists.
         Removing endpoints for asset '/home/baturhan/Projeler/Entegrasyon/Application/Entegrasyon.Blazor/wwwroot/img/logo-1.png' because it no longer exists.
         Removing endpoints for asset '/home/baturhan/Projeler/Entegrasyon/Application/Entegrasyon.Blazor/wwwroot/img/logo-6.png' because it no longer exists.
         Removing endpoints for asset '/home/baturhan/Projeler/Entegrasyon/Application/Entegrasyon.Blazor/wwwroot/img/logo-6.png' because it no longer exists.
         Removing endpoints for asset '/home/baturhan/Projeler/Entegrasyon/Application/Entegrasyon.Blazor/wwwroot/js/category-attributes/category-attribute-add-manager.js.map' because it no longer exists.
         Removing endpoints for asset '/home/baturhan/Projeler/Entegrasyon/Application/Entegrasyon.Blazor/wwwroot/js/category-attributes/category-attribute-add-manager.js.map' because it no longer exists.
         Removing endpoints for asset '/home/baturhan/Projeler/Entegrasyon/Application/Entegrasyon.Blazor/wwwroot/js/site.js' because it no longer exists.
         Removing endpoints for asset '/home/baturhan/Projeler/Entegrasyon/Application/Entegrasyon.Blazor/wwwroot/js/site.js' because it no longer exists.
         Removing endpoints for asset '/home/baturhan/Projeler/Entegrasyon/Application/Entegrasyon.Blazor/wwwroot/favicon.ico' because it no longer exists.
         Removing endpoints for asset '/home/baturhan/Projeler/Entegrasyon/Application/Entegrasyon.Blazor/wwwroot/favicon.ico' because it no longer exists.
         Removing endpoints for asset '/home/baturhan/Projeler/Entegrasyon/Application/Entegrasyon.Blazor/wwwroot/js/Auth/reset-password-modal.js' because it no longer exists.
         Removing endpoints for asset '/home/baturhan/Projeler/Entegrasyon/Application/Entegrasyon.Blazor/wwwroot/js/Auth/reset-password-modal.js' because it no longer exists.
         Removing endpoints for asset '/home/baturhan/Projeler/Entegrasyon/Application/Entegrasyon.Blazor/wwwroot/js/models/category-attribute-value.model.js' because it no longer exists.
         Removing endpoints for asset '/home/baturhan/Projeler/Entegrasyon/Application/Entegrasyon.Blazor/wwwroot/js/models/category-attribute-value.model.js' because it no longer exists.
         Removing endpoints for asset '/home/baturhan/Projeler/Entegrasyon/Application/Entegrasyon.Blazor/wwwroot/js/Users/index.js' because it no longer exists.
         Removing endpoints for asset '/home/baturhan/Projeler/Entegrasyon/Application/Entegrasyon.Blazor/wwwroot/js/Users/index.js' because it no longer exists.
         Removing endpoints for asset '/home/baturhan/Projeler/Entegrasyon/Application/Entegrasyon.Blazor/wwwroot/css/modal.css' because it no longer exists.
         Removing endpoints for asset '/home/baturhan/Projeler/Entegrasyon/Application/Entegrasyon.Blazor/wwwroot/css/modal.css' because it no longer exists.
         Removing endpoints for asset '/home/baturhan/Projeler/Entegrasyon/Application/Entegrasyon.Blazor/wwwroot/img/logo-5.png' because it no longer exists.
         Removing endpoints for asset '/home/baturhan/Projeler/Entegrasyon/Application/Entegrasyon.Blazor/wwwroot/img/logo-5.png' because it no longer exists.
         Removing endpoints for asset '/home/baturhan/Projeler/Entegrasyon/Application/Entegrasyon.Blazor/wwwroot/js/CategoryAttribute/category-attribute-add.js' because it no longer exists.
         Removing endpoints for asset '/home/baturhan/Projeler/Entegrasyon/Application/Entegrasyon.Blazor/wwwroot/js/CategoryAttribute/category-attribute-add.js' because it no longer exists.
         Removing endpoints for asset '/home/baturhan/Projeler/Entegrasyon/Application/Entegrasyon.Blazor/wwwroot/css/site.css' because it no longer exists.
         Removing endpoints for asset '/home/baturhan/Projeler/Entegrasyon/Application/Entegrasyon.Blazor/wwwroot/css/site.css' because it no longer exists.
         Removing endpoints for asset '/home/baturhan/Projeler/Entegrasyon/Application/Entegrasyon.Blazor/wwwroot/img/logo-3.png' because it no longer exists.
         Removing endpoints for asset '/home/baturhan/Projeler/Entegrasyon/Application/Entegrasyon.Blazor/wwwroot/img/logo-3.png' because it no longer exists.
         Removing endpoints for asset '/home/baturhan/Projeler/Entegrasyon/Application/Entegrasyon.Blazor/wwwroot/js/category-import/category-import.js' because it no longer exists.
         Removing endpoints for asset '/home/baturhan/Projeler/Entegrasyon/Application/Entegrasyon.Blazor/wwwroot/js/category-import/category-import.js' because it no longer exists.
         Removing endpoints for asset '/home/baturhan/Projeler/Entegrasyon/Application/Entegrasyon.Blazor/wwwroot/js/models/category-attribute.model.js' because it no longer exists.
         Removing endpoints for asset '/home/baturhan/Projeler/Entegrasyon/Application/Entegrasyon.Blazor/wwwroot/js/models/category-attribute.model.js' because it no longer exists.
         Removing endpoints for asset '/home/baturhan/Projeler/Entegrasyon/Application/Entegrasyon.Blazor/wwwroot/img/error.svg' because it no longer exists.
         Removing endpoints for asset '/home/baturhan/Projeler/Entegrasyon/Application/Entegrasyon.Blazor/wwwroot/img/error.svg' because it no longer exists.
         Removing endpoints for asset '/home/baturhan/Projeler/Entegrasyon/Application/Entegrasyon.Blazor/wwwroot/js/category-attributes/create.js' because it no longer exists.
         Removing endpoints for asset '/home/baturhan/Projeler/Entegrasyon/Application/Entegrasyon.Blazor/wwwroot/js/category-attributes/create.js' because it no longer exists.
         Removing endpoints for asset '/home/baturhan/Projeler/Entegrasyon/Application/Entegrasyon.Blazor/wwwroot/styles/site.scss' because it no longer exists.
         Removing endpoints for asset '/home/baturhan/Projeler/Entegrasyon/Application/Entegrasyon.Blazor/wwwroot/styles/site.scss' because it no longer exists.
         Removing endpoints for asset '/home/baturhan/Projeler/Entegrasyon/Application/Entegrasyon.Blazor/wwwroot/css/site.min.css' because it no longer exists.
         Removing endpoints for asset '/home/baturhan/Projeler/Entegrasyon/Application/Entegrasyon.Blazor/wwwroot/css/site.min.css' because it no longer exists.
         Removing endpoints for asset '/home/baturhan/Projeler/Entegrasyon/Application/Entegrasyon.Blazor/wwwroot/img/logo-4.png' because it no longer exists.
         Removing endpoints for asset '/home/baturhan/Projeler/Entegrasyon/Application/Entegrasyon.Blazor/wwwroot/img/logo-4.png' because it no longer exists.
         Removing endpoints for asset '/home/baturhan/Projeler/Entegrasyon/Application/Entegrasyon.Blazor/wwwroot/js/category-attributes/create.js.map' because it no longer exists.
         Removing endpoints for asset '/home/baturhan/Projeler/Entegrasyon/Application/Entegrasyon.Blazor/wwwroot/js/category-attributes/create.js.map' because it no longer exists.
         Removing endpoints for asset '/home/baturhan/Projeler/Entegrasyon/Application/Entegrasyon.Blazor/wwwroot/js/models/category-attribute.model.js.map' because it no longer exists.
         Removing endpoints for asset '/home/baturhan/Projeler/Entegrasyon/Application/Entegrasyon.Blazor/wwwroot/js/models/category-attribute.model.js.map' because it no longer exists.
         Matched Components/Import/TrendyolCategoryTreeView.razor.rz.scp.css to text/css using pattern *.css
         Adding endpoint Components/Import/TrendyolCategoryTreeView.razor.rz.scp.css for asset /home/baturhan/Projeler/Entegrasyon/Application/Entegrasyon.Blazor/obj/Debug/net8.0/scopedcss/Components/Import/TrendyolCategoryTreeView.razor.rz.scp.css.
         Matched Components/Shared/NotificationList.razor.rz.scp.css to text/css using pattern *.css
         Matched Pages/Index.razor.rz.scp.css to text/css using pattern *.css
         Adding endpoint Components/Shared/NotificationList.razor.rz.scp.css for asset /home/baturhan/Projeler/Entegrasyon/Application/Entegrasyon.Blazor/obj/Debug/net8.0/scopedcss/Components/Shared/NotificationList.razor.rz.scp.css.
         Adding endpoint Pages/Index.razor.rz.scp.css for asset /home/baturhan/Projeler/Entegrasyon/Application/Entegrasyon.Blazor/obj/Debug/net8.0/scopedcss/Pages/Index.razor.rz.scp.css.
       Done executing task "DefineStaticWebAssetEndpoints".
   1:7>Done building target "_ComputeScopedCssStaticWebAssets" in project "Entegrasyon.Blazor.csproj".
   1:7>Target "_CollectAllScopedCssAssets" in file "/usr/lib64/dotnet/sdk/10.0.101/Sdks/Microsoft.NET.Sdk.StaticWebAssets/targets/Microsoft.NET.Sdk.StaticWebAssets.ScopedCss.targets" from project "/home/baturhan/Projeler/Entegrasyon/Application/Entegrasyon.Blazor/Entegrasyon.Blazor.csproj" (target "BundleScopedCssFiles" depends on it):
       Using "ResolveAllScopedCssAssets" task from assembly "/usr/lib64/dotnet/sdk/10.0.101/Sdks/Microsoft.NET.Sdk.StaticWebAssets/targets/../tasks/net10.0/Microsoft.NET.Sdk.StaticWebAssets.Tasks.dll".
       Task "ResolveAllScopedCssAssets"
       Done executing task "ResolveAllScopedCssAssets".
   1:7>Done building target "_CollectAllScopedCssAssets" in project "Entegrasyon.Blazor.csproj".
       Target "ResolveScopedCssOutputs" skipped. Previously built successfully.
   1:7>Target "_ProcessScopedCssFiles" in file "/usr/lib64/dotnet/sdk/10.0.101/Sdks/Microsoft.NET.Sdk.StaticWebAssets/targets/Microsoft.NET.Sdk.StaticWebAssets.ScopedCss.targets" from project "/home/baturhan/Projeler/Entegrasyon/Application/Entegrasyon.Blazor/Entegrasyon.Blazor.csproj" (target "BundleScopedCssFiles" depends on it):
       Skipping target "_ProcessScopedCssFiles" because all output files are up-to-date with respect to the input files.
       Input files: 
           Components/Import/TrendyolCategoryTreeView.razor.css
           Components/Shared/NotificationList.razor.css
           Pages/Index.razor.css
       Output files: 
           /home/baturhan/Projeler/Entegrasyon/Application/Entegrasyon.Blazor/obj/Debug/net8.0/scopedcss/Components/Import/TrendyolCategoryTreeView.razor.rz.scp.css
           /home/baturhan/Projeler/Entegrasyon/Application/Entegrasyon.Blazor/obj/Debug/net8.0/scopedcss/Components/Shared/NotificationList.razor.rz.scp.css
           /home/baturhan/Projeler/Entegrasyon/Application/Entegrasyon.Blazor/obj/Debug/net8.0/scopedcss/Pages/Index.razor.rz.scp.css
   1:7>Done building target "_ProcessScopedCssFiles" in project "Entegrasyon.Blazor.csproj".
       Target "ResolveStaticWebAssetsConfiguration" skipped. Previously built successfully.
   1:7>Target "_ResolveBundlingConfiguration" in file "/usr/lib64/dotnet/sdk/10.0.101/Sdks/Microsoft.NET.Sdk.StaticWebAssets/targets/Microsoft.NET.Sdk.StaticWebAssets.ScopedCss.targets" from project "/home/baturhan/Projeler/Entegrasyon/Application/Entegrasyon.Blazor/Entegrasyon.Blazor.csproj" (target "BundleScopedCssFiles" depends on it):
   1:7>Done building target "_ResolveBundlingConfiguration" in project "Entegrasyon.Blazor.csproj".
   1:7>Target "BundleScopedCssFiles" in file "/usr/lib64/dotnet/sdk/10.0.101/Sdks/Microsoft.NET.Sdk.StaticWebAssets/targets/Microsoft.NET.Sdk.StaticWebAssets.ScopedCss.targets" from project "/home/baturhan/Projeler/Entegrasyon/Application/Entegrasyon.Blazor/Entegrasyon.Blazor.csproj" (target "GenerateComputedBuildStaticWebAssets" depends on it):
       Using "ConcatenateCssFiles" task from assembly "/usr/lib64/dotnet/sdk/10.0.101/Sdks/Microsoft.NET.Sdk.StaticWebAssets/targets/../tasks/net10.0/Microsoft.NET.Sdk.StaticWebAssets.Tasks.dll".
       Task "ConcatenateCssFiles"
       Done executing task "ConcatenateCssFiles".
       Task "ConcatenateCssFiles"
       Done executing task "ConcatenateCssFiles".
   1:7>Done building target "BundleScopedCssFiles" in project "Entegrasyon.Blazor.csproj".
   1:7>Target "GenerateComputedBuildStaticWebAssets" in file "/usr/lib64/dotnet/sdk/10.0.101/Sdks/Microsoft.NET.Sdk.StaticWebAssets/targets/Microsoft.NET.Sdk.StaticWebAssets.targets" from project "/home/baturhan/Projeler/Entegrasyon/Application/Entegrasyon.Blazor/Entegrasyon.Blazor.csproj" (target "ResolveStaticWebAssetsInputs" depends on it):
   1:7>Done building target "GenerateComputedBuildStaticWebAssets" in project "Entegrasyon.Blazor.csproj".
       Target "UpdateExistingPackageStaticWebAssets" skipped. Previously built successfully.
   1:7>Target "UpdateLegacyPackageScopedCssBundles" in file "/usr/lib64/dotnet/sdk/10.0.101/Sdks/Microsoft.NET.Sdk.StaticWebAssets/targets/Microsoft.NET.Sdk.StaticWebAssets.ScopedCss.targets" from project "/home/baturhan/Projeler/Entegrasyon/Application/Entegrasyon.Blazor/Entegrasyon.Blazor.csproj" (target "ResolveScopedCssAssets" depends on it):
       Task "DefineStaticWebAssets"
         No cache manifest path specified. Cache will not be used.
         RelativePath 'MudBlazor.min.css' normalized to 'MudBlazor.min.css' found for candidate '/home/baturhan/.nuget/packages/mudblazor/8.15.0/staticwebassets/MudBlazor.min.css' and will be used for matching.
         Skipping '/home/baturhan/.nuget/packages/mudblazor/8.15.0/staticwebassets/MudBlazor.min.css' because the relative path 'MudBlazor.min.css' did not match the filter '**/*.bundle.scp.css'.
         RelativePath 'MudBlazor.min.js' normalized to 'MudBlazor.min.js' found for candidate '/home/baturhan/.nuget/packages/mudblazor/8.15.0/staticwebassets/MudBlazor.min.js' and will be used for matching.
         Skipping '/home/baturhan/.nuget/packages/mudblazor/8.15.0/staticwebassets/MudBlazor.min.js' because the relative path 'MudBlazor.min.js' did not match the filter '**/*.bundle.scp.css'.
       Done executing task "DefineStaticWebAssets".
       Task "DefineStaticWebAssets"
         No cache manifest path specified. Cache will not be used.
         RelativePath 'MudBlazor.min.css' normalized to 'MudBlazor.min.css' found for candidate '/home/baturhan/.nuget/packages/mudblazor/8.15.0/staticwebassets/MudBlazor.min.css' and will be used for matching.
         Skipping '/home/baturhan/.nuget/packages/mudblazor/8.15.0/staticwebassets/MudBlazor.min.css' because the relative path 'MudBlazor.min.css' did not match the filter '**/*.styles.css'.
         RelativePath 'MudBlazor.min.js' normalized to 'MudBlazor.min.js' found for candidate '/home/baturhan/.nuget/packages/mudblazor/8.15.0/staticwebassets/MudBlazor.min.js' and will be used for matching.
         Skipping '/home/baturhan/.nuget/packages/mudblazor/8.15.0/staticwebassets/MudBlazor.min.js' because the relative path 'MudBlazor.min.js' did not match the filter '**/*.styles.css'.
       Done executing task "DefineStaticWebAssets".
   1:7>Done building target "UpdateLegacyPackageScopedCssBundles" in project "Entegrasyon.Blazor.csproj".
       Target "_ResolveBundlingConfiguration" skipped. Previously built successfully.
       Target "_ProcessScopedCssFiles" skipped. Previously built successfully.
       Target "BundleScopedCssFiles" skipped. Previously built successfully.
   1:7>Target "GenerateScopedCssFiles" in file "/usr/lib64/dotnet/sdk/10.0.101/Sdks/Microsoft.NET.Sdk.StaticWebAssets/targets/Microsoft.NET.Sdk.StaticWebAssets.ScopedCss.targets" from project "/home/baturhan/Projeler/Entegrasyon/Application/Entegrasyon.Blazor/Entegrasyon.Blazor.csproj" (target "ResolveScopedCssAssets" depends on it):
   1:7>Done building target "GenerateScopedCssFiles" in project "Entegrasyon.Blazor.csproj".
       Target "_ResolveBundlingConfiguration" skipped. Previously built successfully.
       Target "_CollectAllScopedCssAssets" skipped. Previously built successfully.
   1:7>Target "ResolveBundledCssAssets" in file "/usr/lib64/dotnet/sdk/10.0.101/Sdks/Microsoft.NET.Sdk.StaticWebAssets/targets/Microsoft.NET.Sdk.StaticWebAssets.ScopedCss.targets" from project "/home/baturhan/Projeler/Entegrasyon/Application/Entegrasyon.Blazor/Entegrasyon.Blazor.csproj" (target "ResolveScopedCssAssets" depends on it):
       Task "DefineStaticWebAssets"
         No cache manifest path specified. Cache will not be used.
         RelativePath 'Entegrasyon.Blazor#[.{fingerprint}]?.styles.css' normalized to 'Entegrasyon.Blazor#[.{fingerprint}]?.styles.css' found for candidate '/home/baturhan/Projeler/Entegrasyon/Application/Entegrasyon.Blazor/obj/Debug/net8.0/scopedcss/bundle/Entegrasyon.Blazor.styles.css' and will be used for matching.
         Computing fingerprint and integrity for asset '/home/baturhan/Projeler/Entegrasyon/Application/Entegrasyon.Blazor/obj/Debug/net8.0/scopedcss/bundle/Entegrasyon.Blazor.styles.css'
         Identity for candidate '/home/baturhan/Projeler/Entegrasyon/Application/Entegrasyon.Blazor/obj/Debug/net8.0/scopedcss/bundle/Entegrasyon.Blazor.styles.css' is '/home/baturhan/Projeler/Entegrasyon/Application/Entegrasyon.Blazor/obj/Debug/net8.0/scopedcss/bundle/Entegrasyon.Blazor.styles.css' because it starts with content root '/home/baturhan/Projeler/Entegrasyon/Application/Entegrasyon.Blazor/obj/Debug/net8.0/scopedcss/bundle/'.
       Done executing task "DefineStaticWebAssets".
       Task "DefineStaticWebAssetEndpoints"
         Removing endpoints for asset '/home/baturhan/.nuget/packages/mudblazor/8.15.0/staticwebassets/MudBlazor.min.css' because it no longer exists.
         Removing endpoints for asset '/home/baturhan/.nuget/packages/mudblazor/8.15.0/staticwebassets/MudBlazor.min.css' because it no longer exists.
         Removing endpoints for asset '/home/baturhan/.nuget/packages/mudblazor/8.15.0/staticwebassets/MudBlazor.min.js' because it no longer exists.
         Removing endpoints for asset '/home/baturhan/.nuget/packages/mudblazor/8.15.0/staticwebassets/MudBlazor.min.js' because it no longer exists.
         Removing endpoints for asset '/home/baturhan/Projeler/Entegrasyon/Application/Entegrasyon.Blazor/wwwroot/img/auth/assign-password.jpg' because it no longer exists.
         Removing endpoints for asset '/home/baturhan/Projeler/Entegrasyon/Application/Entegrasyon.Blazor/wwwroot/img/auth/assign-password.jpg' because it no longer exists.
         Removing endpoints for asset '/home/baturhan/Projeler/Entegrasyon/Application/Entegrasyon.Blazor/wwwroot/js/category-attributes/category-attribute-add-manager.js' because it no longer exists.
         Removing endpoints for asset '/home/baturhan/Projeler/Entegrasyon/Application/Entegrasyon.Blazor/wwwroot/js/category-attributes/category-attribute-add-manager.js' because it no longer exists.
         Removing endpoints for asset '/home/baturhan/Projeler/Entegrasyon/Application/Entegrasyon.Blazor/wwwroot/js/models/category-attribute-value.model.js.map' because it no longer exists.
         Removing endpoints for asset '/home/baturhan/Projeler/Entegrasyon/Application/Entegrasyon.Blazor/wwwroot/js/models/category-attribute-value.model.js.map' because it no longer exists.
         Removing endpoints for asset '/home/baturhan/Projeler/Entegrasyon/Application/Entegrasyon.Blazor/wwwroot/css/custom-loader.css' because it no longer exists.
         Removing endpoints for asset '/home/baturhan/Projeler/Entegrasyon/Application/Entegrasyon.Blazor/wwwroot/css/custom-loader.css' because it no longer exists.
         Removing endpoints for asset '/home/baturhan/Projeler/Entegrasyon/Application/Entegrasyon.Blazor/wwwroot/css/tabs.css' because it no longer exists.
         Removing endpoints for asset '/home/baturhan/Projeler/Entegrasyon/Application/Entegrasyon.Blazor/wwwroot/css/tabs.css' because it no longer exists.
         Removing endpoints for asset '/home/baturhan/Projeler/Entegrasyon/Application/Entegrasyon.Blazor/wwwroot/img/auth/login.jpg' because it no longer exists.
         Removing endpoints for asset '/home/baturhan/Projeler/Entegrasyon/Application/Entegrasyon.Blazor/wwwroot/img/auth/login.jpg' because it no longer exists.
         Removing endpoints for asset '/home/baturhan/Projeler/Entegrasyon/Application/Entegrasyon.Blazor/wwwroot/img/logo-1.png' because it no longer exists.
         Removing endpoints for asset '/home/baturhan/Projeler/Entegrasyon/Application/Entegrasyon.Blazor/wwwroot/img/logo-1.png' because it no longer exists.
         Removing endpoints for asset '/home/baturhan/Projeler/Entegrasyon/Application/Entegrasyon.Blazor/wwwroot/img/logo-6.png' because it no longer exists.
         Removing endpoints for asset '/home/baturhan/Projeler/Entegrasyon/Application/Entegrasyon.Blazor/wwwroot/img/logo-6.png' because it no longer exists.
         Removing endpoints for asset '/home/baturhan/Projeler/Entegrasyon/Application/Entegrasyon.Blazor/wwwroot/js/category-attributes/category-attribute-add-manager.js.map' because it no longer exists.
         Removing endpoints for asset '/home/baturhan/Projeler/Entegrasyon/Application/Entegrasyon.Blazor/wwwroot/js/category-attributes/category-attribute-add-manager.js.map' because it no longer exists.
         Removing endpoints for asset '/home/baturhan/Projeler/Entegrasyon/Application/Entegrasyon.Blazor/wwwroot/js/site.js' because it no longer exists.
         Removing endpoints for asset '/home/baturhan/Projeler/Entegrasyon/Application/Entegrasyon.Blazor/wwwroot/js/site.js' because it no longer exists.
         Removing endpoints for asset '/home/baturhan/Projeler/Entegrasyon/Application/Entegrasyon.Blazor/wwwroot/favicon.ico' because it no longer exists.
         Removing endpoints for asset '/home/baturhan/Projeler/Entegrasyon/Application/Entegrasyon.Blazor/wwwroot/favicon.ico' because it no longer exists.
         Removing endpoints for asset '/home/baturhan/Projeler/Entegrasyon/Application/Entegrasyon.Blazor/wwwroot/js/Auth/reset-password-modal.js' because it no longer exists.
         Removing endpoints for asset '/home/baturhan/Projeler/Entegrasyon/Application/Entegrasyon.Blazor/wwwroot/js/Auth/reset-password-modal.js' because it no longer exists.
         Removing endpoints for asset '/home/baturhan/Projeler/Entegrasyon/Application/Entegrasyon.Blazor/wwwroot/js/models/category-attribute-value.model.js' because it no longer exists.
         Removing endpoints for asset '/home/baturhan/Projeler/Entegrasyon/Application/Entegrasyon.Blazor/wwwroot/js/models/category-attribute-value.model.js' because it no longer exists.
         Removing endpoints for asset '/home/baturhan/Projeler/Entegrasyon/Application/Entegrasyon.Blazor/wwwroot/js/Users/index.js' because it no longer exists.
         Removing endpoints for asset '/home/baturhan/Projeler/Entegrasyon/Application/Entegrasyon.Blazor/wwwroot/js/Users/index.js' because it no longer exists.
         Removing endpoints for asset '/home/baturhan/Projeler/Entegrasyon/Application/Entegrasyon.Blazor/wwwroot/css/modal.css' because it no longer exists.
         Removing endpoints for asset '/home/baturhan/Projeler/Entegrasyon/Application/Entegrasyon.Blazor/wwwroot/css/modal.css' because it no longer exists.
         Removing endpoints for asset '/home/baturhan/Projeler/Entegrasyon/Application/Entegrasyon.Blazor/wwwroot/img/logo-5.png' because it no longer exists.
         Removing endpoints for asset '/home/baturhan/Projeler/Entegrasyon/Application/Entegrasyon.Blazor/wwwroot/img/logo-5.png' because it no longer exists.
         Removing endpoints for asset '/home/baturhan/Projeler/Entegrasyon/Application/Entegrasyon.Blazor/wwwroot/js/CategoryAttribute/category-attribute-add.js' because it no longer exists.
         Removing endpoints for asset '/home/baturhan/Projeler/Entegrasyon/Application/Entegrasyon.Blazor/wwwroot/js/CategoryAttribute/category-attribute-add.js' because it no longer exists.
         Removing endpoints for asset '/home/baturhan/Projeler/Entegrasyon/Application/Entegrasyon.Blazor/wwwroot/css/site.css' because it no longer exists.
         Removing endpoints for asset '/home/baturhan/Projeler/Entegrasyon/Application/Entegrasyon.Blazor/wwwroot/css/site.css' because it no longer exists.
         Removing endpoints for asset '/home/baturhan/Projeler/Entegrasyon/Application/Entegrasyon.Blazor/wwwroot/img/logo-3.png' because it no longer exists.
         Removing endpoints for asset '/home/baturhan/Projeler/Entegrasyon/Application/Entegrasyon.Blazor/wwwroot/img/logo-3.png' because it no longer exists.
         Removing endpoints for asset '/home/baturhan/Projeler/Entegrasyon/Application/Entegrasyon.Blazor/wwwroot/js/category-import/category-import.js' because it no longer exists.
         Removing endpoints for asset '/home/baturhan/Projeler/Entegrasyon/Application/Entegrasyon.Blazor/wwwroot/js/category-import/category-import.js' because it no longer exists.
         Removing endpoints for asset '/home/baturhan/Projeler/Entegrasyon/Application/Entegrasyon.Blazor/wwwroot/js/models/category-attribute.model.js' because it no longer exists.
         Removing endpoints for asset '/home/baturhan/Projeler/Entegrasyon/Application/Entegrasyon.Blazor/wwwroot/js/models/category-attribute.model.js' because it no longer exists.
         Removing endpoints for asset '/home/baturhan/Projeler/Entegrasyon/Application/Entegrasyon.Blazor/wwwroot/img/error.svg' because it no longer exists.
         Removing endpoints for asset '/home/baturhan/Projeler/Entegrasyon/Application/Entegrasyon.Blazor/wwwroot/img/error.svg' because it no longer exists.
         Removing endpoints for asset '/home/baturhan/Projeler/Entegrasyon/Application/Entegrasyon.Blazor/wwwroot/js/category-attributes/create.js' because it no longer exists.
         Removing endpoints for asset '/home/baturhan/Projeler/Entegrasyon/Application/Entegrasyon.Blazor/wwwroot/js/category-attributes/create.js' because it no longer exists.
         Removing endpoints for asset '/home/baturhan/Projeler/Entegrasyon/Application/Entegrasyon.Blazor/wwwroot/styles/site.scss' because it no longer exists.
         Removing endpoints for asset '/home/baturhan/Projeler/Entegrasyon/Application/Entegrasyon.Blazor/wwwroot/styles/site.scss' because it no longer exists.
         Removing endpoints for asset '/home/baturhan/Projeler/Entegrasyon/Application/Entegrasyon.Blazor/wwwroot/css/site.min.css' because it no longer exists.
         Removing endpoints for asset '/home/baturhan/Projeler/Entegrasyon/Application/Entegrasyon.Blazor/wwwroot/css/site.min.css' because it no longer exists.
         Removing endpoints for asset '/home/baturhan/Projeler/Entegrasyon/Application/Entegrasyon.Blazor/wwwroot/img/logo-4.png' because it no longer exists.
         Removing endpoints for asset '/home/baturhan/Projeler/Entegrasyon/Application/Entegrasyon.Blazor/wwwroot/img/logo-4.png' because it no longer exists.
         Removing endpoints for asset '/home/baturhan/Projeler/Entegrasyon/Application/Entegrasyon.Blazor/wwwroot/js/category-attributes/create.js.map' because it no longer exists.
         Removing endpoints for asset '/home/baturhan/Projeler/Entegrasyon/Application/Entegrasyon.Blazor/wwwroot/js/category-attributes/create.js.map' because it no longer exists.
         Removing endpoints for asset '/home/baturhan/Projeler/Entegrasyon/Application/Entegrasyon.Blazor/wwwroot/js/models/category-attribute.model.js.map' because it no longer exists.
         Removing endpoints for asset '/home/baturhan/Projeler/Entegrasyon/Application/Entegrasyon.Blazor/wwwroot/js/models/category-attribute.model.js.map' because it no longer exists.
         Matched Entegrasyon.Blazor.styles.css to text/css using pattern *.css
         Adding endpoint Entegrasyon.Blazor.styles.css for asset /home/baturhan/Projeler/Entegrasyon/Application/Entegrasyon.Blazor/obj/Debug/net8.0/scopedcss/bundle/Entegrasyon.Blazor.styles.css.
         Matched Entegrasyon.Blazor.styles.css to text/css using pattern *.css
         Adding endpoint Entegrasyon.Blazor.arq130mr97.styles.css for asset /home/baturhan/Projeler/Entegrasyon/Application/Entegrasyon.Blazor/obj/Debug/net8.0/scopedcss/bundle/Entegrasyon.Blazor.styles.css.
       Done executing task "DefineStaticWebAssetEndpoints".
       Task "DefineStaticWebAssets"
         No cache manifest path specified. Cache will not be used.
         RelativePath 'Entegrasyon.Blazor#[.{fingerprint}]!.bundle.scp.css' normalized to 'Entegrasyon.Blazor#[.{fingerprint}]!.bundle.scp.css' found for candidate '/home/baturhan/Projeler/Entegrasyon/Application/Entegrasyon.Blazor/obj/Debug/net8.0/scopedcss/projectbundle/Entegrasyon.Blazor.bundle.scp.css' and will be used for matching.
         Computing fingerprint and integrity for asset '/home/baturhan/Projeler/Entegrasyon/Application/Entegrasyon.Blazor/obj/Debug/net8.0/scopedcss/projectbundle/Entegrasyon.Blazor.bundle.scp.css'
         Identity for candidate '/home/baturhan/Projeler/Entegrasyon/Application/Entegrasyon.Blazor/obj/Debug/net8.0/scopedcss/projectbundle/Entegrasyon.Blazor.bundle.scp.css' is '/home/baturhan/Projeler/Entegrasyon/Application/Entegrasyon.Blazor/obj/Debug/net8.0/scopedcss/projectbundle/Entegrasyon.Blazor.bundle.scp.css' because it starts with content root '/home/baturhan/Projeler/Entegrasyon/Application/Entegrasyon.Blazor/obj/Debug/net8.0/scopedcss/projectbundle/'.
       Done executing task "DefineStaticWebAssets".
       Task "DefineStaticWebAssetEndpoints"
         Removing endpoints for asset '/home/baturhan/.nuget/packages/mudblazor/8.15.0/staticwebassets/MudBlazor.min.css' because it no longer exists.
         Removing endpoints for asset '/home/baturhan/.nuget/packages/mudblazor/8.15.0/staticwebassets/MudBlazor.min.css' because it no longer exists.
         Removing endpoints for asset '/home/baturhan/.nuget/packages/mudblazor/8.15.0/staticwebassets/MudBlazor.min.js' because it no longer exists.
         Removing endpoints for asset '/home/baturhan/.nuget/packages/mudblazor/8.15.0/staticwebassets/MudBlazor.min.js' because it no longer exists.
         Removing endpoints for asset '/home/baturhan/Projeler/Entegrasyon/Application/Entegrasyon.Blazor/wwwroot/img/auth/assign-password.jpg' because it no longer exists.
         Removing endpoints for asset '/home/baturhan/Projeler/Entegrasyon/Application/Entegrasyon.Blazor/wwwroot/img/auth/assign-password.jpg' because it no longer exists.
         Removing endpoints for asset '/home/baturhan/Projeler/Entegrasyon/Application/Entegrasyon.Blazor/wwwroot/js/category-attributes/category-attribute-add-manager.js' because it no longer exists.
         Removing endpoints for asset '/home/baturhan/Projeler/Entegrasyon/Application/Entegrasyon.Blazor/wwwroot/js/category-attributes/category-attribute-add-manager.js' because it no longer exists.
         Removing endpoints for asset '/home/baturhan/Projeler/Entegrasyon/Application/Entegrasyon.Blazor/wwwroot/js/models/category-attribute-value.model.js.map' because it no longer exists.
         Removing endpoints for asset '/home/baturhan/Projeler/Entegrasyon/Application/Entegrasyon.Blazor/wwwroot/js/models/category-attribute-value.model.js.map' because it no longer exists.
         Removing endpoints for asset '/home/baturhan/Projeler/Entegrasyon/Application/Entegrasyon.Blazor/wwwroot/css/custom-loader.css' because it no longer exists.
         Removing endpoints for asset '/home/baturhan/Projeler/Entegrasyon/Application/Entegrasyon.Blazor/wwwroot/css/custom-loader.css' because it no longer exists.
         Removing endpoints for asset '/home/baturhan/Projeler/Entegrasyon/Application/Entegrasyon.Blazor/wwwroot/css/tabs.css' because it no longer exists.
         Removing endpoints for asset '/home/baturhan/Projeler/Entegrasyon/Application/Entegrasyon.Blazor/wwwroot/css/tabs.css' because it no longer exists.
         Removing endpoints for asset '/home/baturhan/Projeler/Entegrasyon/Application/Entegrasyon.Blazor/wwwroot/img/auth/login.jpg' because it no longer exists.
         Removing endpoints for asset '/home/baturhan/Projeler/Entegrasyon/Application/Entegrasyon.Blazor/wwwroot/img/auth/login.jpg' because it no longer exists.
         Removing endpoints for asset '/home/baturhan/Projeler/Entegrasyon/Application/Entegrasyon.Blazor/wwwroot/img/logo-1.png' because it no longer exists.
         Removing endpoints for asset '/home/baturhan/Projeler/Entegrasyon/Application/Entegrasyon.Blazor/wwwroot/img/logo-1.png' because it no longer exists.
         Removing endpoints for asset '/home/baturhan/Projeler/Entegrasyon/Application/Entegrasyon.Blazor/wwwroot/img/logo-6.png' because it no longer exists.
         Removing endpoints for asset '/home/baturhan/Projeler/Entegrasyon/Application/Entegrasyon.Blazor/wwwroot/img/logo-6.png' because it no longer exists.
         Removing endpoints for asset '/home/baturhan/Projeler/Entegrasyon/Application/Entegrasyon.Blazor/wwwroot/js/category-attributes/category-attribute-add-manager.js.map' because it no longer exists.
         Removing endpoints for asset '/home/baturhan/Projeler/Entegrasyon/Application/Entegrasyon.Blazor/wwwroot/js/category-attributes/category-attribute-add-manager.js.map' because it no longer exists.
         Removing endpoints for asset '/home/baturhan/Projeler/Entegrasyon/Application/Entegrasyon.Blazor/wwwroot/js/site.js' because it no longer exists.
         Removing endpoints for asset '/home/baturhan/Projeler/Entegrasyon/Application/Entegrasyon.Blazor/wwwroot/js/site.js' because it no longer exists.
         Removing endpoints for asset '/home/baturhan/Projeler/Entegrasyon/Application/Entegrasyon.Blazor/wwwroot/favicon.ico' because it no longer exists.
         Removing endpoints for asset '/home/baturhan/Projeler/Entegrasyon/Application/Entegrasyon.Blazor/wwwroot/favicon.ico' because it no longer exists.
         Removing endpoints for asset '/home/baturhan/Projeler/Entegrasyon/Application/Entegrasyon.Blazor/wwwroot/js/Auth/reset-password-modal.js' because it no longer exists.
         Removing endpoints for asset '/home/baturhan/Projeler/Entegrasyon/Application/Entegrasyon.Blazor/wwwroot/js/Auth/reset-password-modal.js' because it no longer exists.
         Removing endpoints for asset '/home/baturhan/Projeler/Entegrasyon/Application/Entegrasyon.Blazor/wwwroot/js/models/category-attribute-value.model.js' because it no longer exists.
         Removing endpoints for asset '/home/baturhan/Projeler/Entegrasyon/Application/Entegrasyon.Blazor/wwwroot/js/models/category-attribute-value.model.js' because it no longer exists.
         Removing endpoints for asset '/home/baturhan/Projeler/Entegrasyon/Application/Entegrasyon.Blazor/wwwroot/js/Users/index.js' because it no longer exists.
         Removing endpoints for asset '/home/baturhan/Projeler/Entegrasyon/Application/Entegrasyon.Blazor/wwwroot/js/Users/index.js' because it no longer exists.
         Removing endpoints for asset '/home/baturhan/Projeler/Entegrasyon/Application/Entegrasyon.Blazor/wwwroot/css/modal.css' because it no longer exists.
         Removing endpoints for asset '/home/baturhan/Projeler/Entegrasyon/Application/Entegrasyon.Blazor/wwwroot/css/modal.css' because it no longer exists.
         Removing endpoints for asset '/home/baturhan/Projeler/Entegrasyon/Application/Entegrasyon.Blazor/wwwroot/img/logo-5.png' because it no longer exists.
         Removing endpoints for asset '/home/baturhan/Projeler/Entegrasyon/Application/Entegrasyon.Blazor/wwwroot/img/logo-5.png' because it no longer exists.
         Removing endpoints for asset '/home/baturhan/Projeler/Entegrasyon/Application/Entegrasyon.Blazor/wwwroot/js/CategoryAttribute/category-attribute-add.js' because it no longer exists.
         Removing endpoints for asset '/home/baturhan/Projeler/Entegrasyon/Application/Entegrasyon.Blazor/wwwroot/js/CategoryAttribute/category-attribute-add.js' because it no longer exists.
         Removing endpoints for asset '/home/baturhan/Projeler/Entegrasyon/Application/Entegrasyon.Blazor/wwwroot/css/site.css' because it no longer exists.
         Removing endpoints for asset '/home/baturhan/Projeler/Entegrasyon/Application/Entegrasyon.Blazor/wwwroot/css/site.css' because it no longer exists.
         Removing endpoints for asset '/home/baturhan/Projeler/Entegrasyon/Application/Entegrasyon.Blazor/wwwroot/img/logo-3.png' because it no longer exists.
         Removing endpoints for asset '/home/baturhan/Projeler/Entegrasyon/Application/Entegrasyon.Blazor/wwwroot/img/logo-3.png' because it no longer exists.
         Removing endpoints for asset '/home/baturhan/Projeler/Entegrasyon/Application/Entegrasyon.Blazor/wwwroot/js/category-import/category-import.js' because it no longer exists.
         Removing endpoints for asset '/home/baturhan/Projeler/Entegrasyon/Application/Entegrasyon.Blazor/wwwroot/js/category-import/category-import.js' because it no longer exists.
         Removing endpoints for asset '/home/baturhan/Projeler/Entegrasyon/Application/Entegrasyon.Blazor/wwwroot/js/models/category-attribute.model.js' because it no longer exists.
         Removing endpoints for asset '/home/baturhan/Projeler/Entegrasyon/Application/Entegrasyon.Blazor/wwwroot/js/models/category-attribute.model.js' because it no longer exists.
         Removing endpoints for asset '/home/baturhan/Projeler/Entegrasyon/Application/Entegrasyon.Blazor/wwwroot/img/error.svg' because it no longer exists.
         Removing endpoints for asset '/home/baturhan/Projeler/Entegrasyon/Application/Entegrasyon.Blazor/wwwroot/img/error.svg' because it no longer exists.
         Removing endpoints for asset '/home/baturhan/Projeler/Entegrasyon/Application/Entegrasyon.Blazor/wwwroot/js/category-attributes/create.js' because it no longer exists.
         Removing endpoints for asset '/home/baturhan/Projeler/Entegrasyon/Application/Entegrasyon.Blazor/wwwroot/js/category-attributes/create.js' because it no longer exists.
         Removing endpoints for asset '/home/baturhan/Projeler/Entegrasyon/Application/Entegrasyon.Blazor/wwwroot/styles/site.scss' because it no longer exists.
         Removing endpoints for asset '/home/baturhan/Projeler/Entegrasyon/Application/Entegrasyon.Blazor/wwwroot/styles/site.scss' because it no longer exists.
         Removing endpoints for asset '/home/baturhan/Projeler/Entegrasyon/Application/Entegrasyon.Blazor/wwwroot/css/site.min.css' because it no longer exists.
         Removing endpoints for asset '/home/baturhan/Projeler/Entegrasyon/Application/Entegrasyon.Blazor/wwwroot/css/site.min.css' because it no longer exists.
         Removing endpoints for asset '/home/baturhan/Projeler/Entegrasyon/Application/Entegrasyon.Blazor/wwwroot/img/logo-4.png' because it no longer exists.
         Removing endpoints for asset '/home/baturhan/Projeler/Entegrasyon/Application/Entegrasyon.Blazor/wwwroot/img/logo-4.png' because it no longer exists.
         Removing endpoints for asset '/home/baturhan/Projeler/Entegrasyon/Application/Entegrasyon.Blazor/wwwroot/js/category-attributes/create.js.map' because it no longer exists.
         Removing endpoints for asset '/home/baturhan/Projeler/Entegrasyon/Application/Entegrasyon.Blazor/wwwroot/js/category-attributes/create.js.map' because it no longer exists.
         Removing endpoints for asset '/home/baturhan/Projeler/Entegrasyon/Application/Entegrasyon.Blazor/wwwroot/js/models/category-attribute.model.js.map' because it no longer exists.
         Removing endpoints for asset '/home/baturhan/Projeler/Entegrasyon/Application/Entegrasyon.Blazor/wwwroot/js/models/category-attribute.model.js.map' because it no longer exists.
         Matched Entegrasyon.Blazor.bundle.scp.css to text/css using pattern *.css
         Adding endpoint Entegrasyon.Blazor.bundle.scp.css for asset /home/baturhan/Projeler/Entegrasyon/Application/Entegrasyon.Blazor/obj/Debug/net8.0/scopedcss/projectbundle/Entegrasyon.Blazor.bundle.scp.css.
         Matched Entegrasyon.Blazor.bundle.scp.css to text/css using pattern *.css
         Adding endpoint Entegrasyon.Blazor.arq130mr97.bundle.scp.css for asset /home/baturhan/Projeler/Entegrasyon/Application/Entegrasyon.Blazor/obj/Debug/net8.0/scopedcss/projectbundle/Entegrasyon.Blazor.bundle.scp.css.
       Done executing task "DefineStaticWebAssetEndpoints".
   1:7>Done building target "ResolveBundledCssAssets" in project "Entegrasyon.Blazor.csproj".
   1:7>Target "ResolveScopedCssAssets" in file "/usr/lib64/dotnet/sdk/10.0.101/Sdks/Microsoft.NET.Sdk.StaticWebAssets/targets/Microsoft.NET.Sdk.StaticWebAssets.ScopedCss.targets" from project "/home/baturhan/Projeler/Entegrasyon/Application/Entegrasyon.Blazor/Entegrasyon.Blazor.csproj" (target "ResolveStaticWebAssetsInputs" depends on it):
   1:7>Done building target "ResolveScopedCssAssets" in project "Entegrasyon.Blazor.csproj".
   1:7>Target "ResolveStaticWebAssetsInputs" in file "/usr/lib64/dotnet/sdk/10.0.101/Sdks/Microsoft.NET.Sdk.StaticWebAssets/targets/Microsoft.NET.Sdk.StaticWebAssets.targets" from project "/home/baturhan/Projeler/Entegrasyon/Application/Entegrasyon.Blazor/Entegrasyon.Blazor.csproj" (target "ResolveBuildStaticWebAssets" depends on it):
   1:7>Done building target "ResolveStaticWebAssetsInputs" in project "Entegrasyon.Blazor.csproj".
       Target "ResolveStaticWebAssetsInputs" skipped. Previously built successfully.
   1:7>Target "ResolveBuildCompressedStaticWebAssetsConfiguration" in file "/usr/lib64/dotnet/sdk/10.0.101/Sdks/Microsoft.NET.Sdk.StaticWebAssets/targets/Microsoft.NET.Sdk.StaticWebAssets.Compression.targets" from project "/home/baturhan/Projeler/Entegrasyon/Application/Entegrasyon.Blazor/Entegrasyon.Blazor.csproj" (target "GenerateBuildCompressedStaticWebAssets" depends on it):
       Using "DiscoverPrecompressedAssets" task from assembly "/usr/lib64/dotnet/sdk/10.0.101/Sdks/Microsoft.NET.Sdk.StaticWebAssets/targets/../tasks/net10.0/Microsoft.NET.Sdk.StaticWebAssets.Tasks.dll".
       Task "DiscoverPrecompressedAssets"
       Done executing task "DiscoverPrecompressedAssets".
       Using "ResolveCompressedAssets" task from assembly "/usr/lib64/dotnet/sdk/10.0.101/Sdks/Microsoft.NET.Sdk.StaticWebAssets/targets/../tasks/net10.0/Microsoft.NET.Sdk.StaticWebAssets.Tasks.dll".
       Task "ResolveCompressedAssets"
         Asset '/home/baturhan/.nuget/packages/mudblazor/8.15.0/staticwebassets/MudBlazor.min.css' is not compressed.
         Asset '/home/baturhan/.nuget/packages/mudblazor/8.15.0/staticwebassets/MudBlazor.min.js' is not compressed.
         Asset '/home/baturhan/Projeler/Entegrasyon/Application/Entegrasyon.Blazor/wwwroot/css/custom-loader.css' is not compressed.
         Asset '/home/baturhan/Projeler/Entegrasyon/Application/Entegrasyon.Blazor/wwwroot/css/modal.css' is not compressed.
         Asset '/home/baturhan/Projeler/Entegrasyon/Application/Entegrasyon.Blazor/wwwroot/css/site.css' is not compressed.
         Asset '/home/baturhan/Projeler/Entegrasyon/Application/Entegrasyon.Blazor/wwwroot/css/site.min.css' is not compressed.
         Asset '/home/baturhan/Projeler/Entegrasyon/Application/Entegrasyon.Blazor/wwwroot/css/tabs.css' is not compressed.
         Asset '/home/baturhan/Projeler/Entegrasyon/Application/Entegrasyon.Blazor/wwwroot/favicon.ico' is not compressed.
         Asset '/home/baturhan/Projeler/Entegrasyon/Application/Entegrasyon.Blazor/wwwroot/img/auth/assign-password.jpg' is not compressed.
         Asset '/home/baturhan/Projeler/Entegrasyon/Application/Entegrasyon.Blazor/wwwroot/img/auth/login.jpg' is not compressed.
         Asset '/home/baturhan/Projeler/Entegrasyon/Application/Entegrasyon.Blazor/wwwroot/img/error.svg' is not compressed.
         Asset '/home/baturhan/Projeler/Entegrasyon/Application/Entegrasyon.Blazor/wwwroot/img/logo-1.png' is not compressed.
         Asset '/home/baturhan/Projeler/Entegrasyon/Application/Entegrasyon.Blazor/wwwroot/img/logo-3.png' is not compressed.
         Asset '/home/baturhan/Projeler/Entegrasyon/Application/Entegrasyon.Blazor/wwwroot/img/logo-4.png' is not compressed.
         Asset '/home/baturhan/Projeler/Entegrasyon/Application/Entegrasyon.Blazor/wwwroot/img/logo-5.png' is not compressed.
         Asset '/home/baturhan/Projeler/Entegrasyon/Application/Entegrasyon.Blazor/wwwroot/img/logo-6.png' is not compressed.
         Asset '/home/baturhan/Projeler/Entegrasyon/Application/Entegrasyon.Blazor/wwwroot/js/Auth/reset-password-modal.js' is not compressed.
         Asset '/home/baturhan/Projeler/Entegrasyon/Application/Entegrasyon.Blazor/wwwroot/js/category-attributes/category-attribute-add-manager.js' is not compressed.
         Asset '/home/baturhan/Projeler/Entegrasyon/Application/Entegrasyon.Blazor/wwwroot/js/category-attributes/category-attribute-add-manager.js.map' is not compressed.
         Asset '/home/baturhan/Projeler/Entegrasyon/Application/Entegrasyon.Blazor/wwwroot/js/category-attributes/create.js' is not compressed.
         Asset '/home/baturhan/Projeler/Entegrasyon/Application/Entegrasyon.Blazor/wwwroot/js/category-attributes/create.js.map' is not compressed.
         Asset '/home/baturhan/Projeler/Entegrasyon/Application/Entegrasyon.Blazor/wwwroot/js/category-import/category-import.js' is not compressed.
         Asset '/home/baturhan/Projeler/Entegrasyon/Application/Entegrasyon.Blazor/wwwroot/js/CategoryAttribute/category-attribute-add.js' is not compressed.
         Asset '/home/baturhan/Projeler/Entegrasyon/Application/Entegrasyon.Blazor/wwwroot/js/models/category-attribute-value.model.js' is not compressed.
         Asset '/home/baturhan/Projeler/Entegrasyon/Application/Entegrasyon.Blazor/wwwroot/js/models/category-attribute-value.model.js.map' is not compressed.
         Asset '/home/baturhan/Projeler/Entegrasyon/Application/Entegrasyon.Blazor/wwwroot/js/models/category-attribute.model.js' is not compressed.
         Asset '/home/baturhan/Projeler/Entegrasyon/Application/Entegrasyon.Blazor/wwwroot/js/models/category-attribute.model.js.map' is not compressed.
         Asset '/home/baturhan/Projeler/Entegrasyon/Application/Entegrasyon.Blazor/wwwroot/js/site.js' is not compressed.
         Asset '/home/baturhan/Projeler/Entegrasyon/Application/Entegrasyon.Blazor/wwwroot/js/Users/index.js' is not compressed.
         Asset '/home/baturhan/Projeler/Entegrasyon/Application/Entegrasyon.Blazor/wwwroot/styles/site.scss' is not compressed.
         Asset '/home/baturhan/Projeler/Entegrasyon/Application/Entegrasyon.Blazor/obj/Debug/net8.0/scopedcss/bundle/Entegrasyon.Blazor.styles.css' is not compressed.
         Asset '/home/baturhan/Projeler/Entegrasyon/Application/Entegrasyon.Blazor/obj/Debug/net8.0/scopedcss/projectbundle/Entegrasyon.Blazor.bundle.scp.css' is not compressed.
         Asset '/home/baturhan/.nuget/packages/mudblazor/8.15.0/staticwebassets/MudBlazor.min.css' with relative path 'MudBlazor.min.css' did not match include pattern '' or matched exclude pattern ''.
         Asset '/home/baturhan/.nuget/packages/mudblazor/8.15.0/staticwebassets/MudBlazor.min.js' with relative path 'MudBlazor.min.js' did not match include pattern '' or matched exclude pattern ''.
         Asset '/home/baturhan/Projeler/Entegrasyon/Application/Entegrasyon.Blazor/wwwroot/css/custom-loader.css' with relative path 'css/custom-loader.css' did not match include pattern '' or matched exclude pattern ''.
         Asset '/home/baturhan/Projeler/Entegrasyon/Application/Entegrasyon.Blazor/wwwroot/css/modal.css' with relative path 'css/modal.css' did not match include pattern '' or matched exclude pattern ''.
         Asset '/home/baturhan/Projeler/Entegrasyon/Application/Entegrasyon.Blazor/wwwroot/css/site.css' with relative path 'css/site.css' did not match include pattern '' or matched exclude pattern ''.
         Asset '/home/baturhan/Projeler/Entegrasyon/Application/Entegrasyon.Blazor/wwwroot/css/site.min.css' with relative path 'css/site.min.css' did not match include pattern '' or matched exclude pattern ''.
         Asset '/home/baturhan/Projeler/Entegrasyon/Application/Entegrasyon.Blazor/wwwroot/css/tabs.css' with relative path 'css/tabs.css' did not match include pattern '' or matched exclude pattern ''.
         Asset '/home/baturhan/Projeler/Entegrasyon/Application/Entegrasyon.Blazor/wwwroot/favicon.ico' with relative path 'favicon.ico' did not match include pattern '' or matched exclude pattern ''.
         Asset '/home/baturhan/Projeler/Entegrasyon/Application/Entegrasyon.Blazor/wwwroot/img/auth/assign-password.jpg' with relative path 'img/auth/assign-password.jpg' did not match include pattern '' or matched exclude pattern ''.
         Asset '/home/baturhan/Projeler/Entegrasyon/Application/Entegrasyon.Blazor/wwwroot/img/auth/login.jpg' with relative path 'img/auth/login.jpg' did not match include pattern '' or matched exclude pattern ''.
         Asset '/home/baturhan/Projeler/Entegrasyon/Application/Entegrasyon.Blazor/wwwroot/img/error.svg' with relative path 'img/error.svg' did not match include pattern '' or matched exclude pattern ''.
         Asset '/home/baturhan/Projeler/Entegrasyon/Application/Entegrasyon.Blazor/wwwroot/img/logo-1.png' with relative path 'img/logo-1.png' did not match include pattern '' or matched exclude pattern ''.
         Asset '/home/baturhan/Projeler/Entegrasyon/Application/Entegrasyon.Blazor/wwwroot/img/logo-3.png' with relative path 'img/logo-3.png' did not match include pattern '' or matched exclude pattern ''.
         Asset '/home/baturhan/Projeler/Entegrasyon/Application/Entegrasyon.Blazor/wwwroot/img/logo-4.png' with relative path 'img/logo-4.png' did not match include pattern '' or matched exclude pattern ''.
         Asset '/home/baturhan/Projeler/Entegrasyon/Application/Entegrasyon.Blazor/wwwroot/img/logo-5.png' with relative path 'img/logo-5.png' did not match include pattern '' or matched exclude pattern ''.
         Asset '/home/baturhan/Projeler/Entegrasyon/Application/Entegrasyon.Blazor/wwwroot/img/logo-6.png' with relative path 'img/logo-6.png' did not match include pattern '' or matched exclude pattern ''.
         Asset '/home/baturhan/Projeler/Entegrasyon/Application/Entegrasyon.Blazor/wwwroot/js/Auth/reset-password-modal.js' with relative path 'js/Auth/reset-password-modal.js' did not match include pattern '' or matched exclude pattern ''.
         Asset '/home/baturhan/Projeler/Entegrasyon/Application/Entegrasyon.Blazor/wwwroot/js/category-attributes/category-attribute-add-manager.js' with relative path 'js/category-attributes/category-attribute-add-manager.js' did not match include pattern '' or matched exclude pattern ''.
         Asset '/home/baturhan/Projeler/Entegrasyon/Application/Entegrasyon.Blazor/wwwroot/js/category-attributes/category-attribute-add-manager.js.map' with relative path 'js/category-attributes/category-attribute-add-manager.js.map' did not match include pattern '' or matched exclude pattern ''.
         Asset '/home/baturhan/Projeler/Entegrasyon/Application/Entegrasyon.Blazor/wwwroot/js/category-attributes/create.js' with relative path 'js/category-attributes/create.js' did not match include pattern '' or matched exclude pattern ''.
         Asset '/home/baturhan/Projeler/Entegrasyon/Application/Entegrasyon.Blazor/wwwroot/js/category-attributes/create.js.map' with relative path 'js/category-attributes/create.js.map' did not match include pattern '' or matched exclude pattern ''.
         Asset '/home/baturhan/Projeler/Entegrasyon/Application/Entegrasyon.Blazor/wwwroot/js/category-import/category-import.js' with relative path 'js/category-import/category-import.js' did not match include pattern '' or matched exclude pattern ''.
         Asset '/home/baturhan/Projeler/Entegrasyon/Application/Entegrasyon.Blazor/wwwroot/js/CategoryAttribute/category-attribute-add.js' with relative path 'js/CategoryAttribute/category-attribute-add.js' did not match include pattern '' or matched exclude pattern ''.
         Asset '/home/baturhan/Projeler/Entegrasyon/Application/Entegrasyon.Blazor/wwwroot/js/models/category-attribute-value.model.js' with relative path 'js/models/category-attribute-value.model.js' did not match include pattern '' or matched exclude pattern ''.
         Asset '/home/baturhan/Projeler/Entegrasyon/Application/Entegrasyon.Blazor/wwwroot/js/models/category-attribute-value.model.js.map' with relative path 'js/models/category-attribute-value.model.js.map' did not match include pattern '' or matched exclude pattern ''.
         Asset '/home/baturhan/Projeler/Entegrasyon/Application/Entegrasyon.Blazor/wwwroot/js/models/category-attribute.model.js' with relative path 'js/models/category-attribute.model.js' did not match include pattern '' or matched exclude pattern ''.
         Asset '/home/baturhan/Projeler/Entegrasyon/Application/Entegrasyon.Blazor/wwwroot/js/models/category-attribute.model.js.map' with relative path 'js/models/category-attribute.model.js.map' did not match include pattern '' or matched exclude pattern ''.
         Asset '/home/baturhan/Projeler/Entegrasyon/Application/Entegrasyon.Blazor/wwwroot/js/site.js' with relative path 'js/site.js' did not match include pattern '' or matched exclude pattern ''.
         Asset '/home/baturhan/Projeler/Entegrasyon/Application/Entegrasyon.Blazor/wwwroot/js/Users/index.js' with relative path 'js/Users/index.js' did not match include pattern '' or matched exclude pattern ''.
         Asset '/home/baturhan/Projeler/Entegrasyon/Application/Entegrasyon.Blazor/wwwroot/styles/site.scss' with relative path 'styles/site.scss' did not match include pattern '' or matched exclude pattern ''.
         Asset '/home/baturhan/Projeler/Entegrasyon/Application/Entegrasyon.Blazor/obj/Debug/net8.0/scopedcss/bundle/Entegrasyon.Blazor.styles.css' with relative path 'Entegrasyon.Blazor.styles.css' did not match include pattern '' or matched exclude pattern ''.
         Asset '/home/baturhan/Projeler/Entegrasyon/Application/Entegrasyon.Blazor/obj/Debug/net8.0/scopedcss/projectbundle/Entegrasyon.Blazor.bundle.scp.css' with relative path 'Entegrasyon.Blazor.bundle.scp.css' did not match include pattern '' or matched exclude pattern ''.
         Resolved 0 compressed assets for 0 candidate assets.
       Done executing task "ResolveCompressedAssets".
   1:7>Done building target "ResolveBuildCompressedStaticWebAssetsConfiguration" in project "Entegrasyon.Blazor.csproj".
   1:7>Target "GenerateBuildCompressedStaticWebAssets" in file "/usr/lib64/dotnet/sdk/10.0.101/Sdks/Microsoft.NET.Sdk.StaticWebAssets/targets/Microsoft.NET.Sdk.StaticWebAssets.Compression.targets" from project "/home/baturhan/Projeler/Entegrasyon/Application/Entegrasyon.Blazor/Entegrasyon.Blazor.csproj" (target "ResolveBuildCompressedStaticWebAssets" depends on it):
   1:7>Done building target "GenerateBuildCompressedStaticWebAssets" in project "Entegrasyon.Blazor.csproj".
   1:7>Target "ResolveBuildCompressedStaticWebAssets" in file "/usr/lib64/dotnet/sdk/10.0.101/Sdks/Microsoft.NET.Sdk.StaticWebAssets/targets/Microsoft.NET.Sdk.StaticWebAssets.Compression.targets" from project "/home/baturhan/Projeler/Entegrasyon/Application/Entegrasyon.Blazor/Entegrasyon.Blazor.csproj" (target "ResolveBuildRelatedStaticWebAssets" depends on it):
       Task "DefineStaticWebAssets"
         Updating cache completely.
       Done executing task "DefineStaticWebAssets".
       Task "DefineStaticWebAssetEndpoints"
       Done executing task "DefineStaticWebAssetEndpoints".
       Using "ApplyCompressionNegotiation" task from assembly "/usr/lib64/dotnet/sdk/10.0.101/Sdks/Microsoft.NET.Sdk.StaticWebAssets/targets/../tasks/net10.0/Microsoft.NET.Sdk.StaticWebAssets.Tasks.dll".
       Task "ApplyCompressionNegotiation"
       Done executing task "ApplyCompressionNegotiation".
   1:7>Done building target "ResolveBuildCompressedStaticWebAssets" in project "Entegrasyon.Blazor.csproj".
       Target "ResolveStaticWebAssetsInputs" skipped. Previously built successfully.
   1:7>Target "ResolveBuildRelatedStaticWebAssets" in file "/usr/lib64/dotnet/sdk/10.0.101/Sdks/Microsoft.NET.Sdk.StaticWebAssets/targets/Microsoft.NET.Sdk.StaticWebAssets.targets" from project "/home/baturhan/Projeler/Entegrasyon/Application/Entegrasyon.Blazor/Entegrasyon.Blazor.csproj" (target "ResolveBuildStaticWebAssets" depends on it):
   1:7>Done building target "ResolveBuildRelatedStaticWebAssets" in project "Entegrasyon.Blazor.csproj".
   1:7>Target "ResolveBuildStaticWebAssets" in file "/usr/lib64/dotnet/sdk/10.0.101/Sdks/Microsoft.NET.Sdk.StaticWebAssets/targets/Microsoft.NET.Sdk.StaticWebAssets.targets" from project "/home/baturhan/Projeler/Entegrasyon/Application/Entegrasyon.Blazor/Entegrasyon.Blazor.csproj" (target "StaticWebAssetsPrepareForRun" depends on it):
   1:7>Done building target "ResolveBuildStaticWebAssets" in project "Entegrasyon.Blazor.csproj".
       Target "ResolveBuildStaticWebAssets" skipped. Previously built successfully.
   1:7>Target "GenerateStaticWebAssetsManifest" in file "/usr/lib64/dotnet/sdk/10.0.101/Sdks/Microsoft.NET.Sdk.StaticWebAssets/targets/Microsoft.NET.Sdk.StaticWebAssets.targets" from project "/home/baturhan/Projeler/Entegrasyon/Application/Entegrasyon.Blazor/Entegrasyon.Blazor.csproj" (target "StaticWebAssetsPrepareForRun" depends on it):
       Using "GenerateStaticWebAssetsManifest" task from assembly "/usr/lib64/dotnet/sdk/10.0.101/Sdks/Microsoft.NET.Sdk.StaticWebAssets/targets/../tasks/net10.0/Microsoft.NET.Sdk.StaticWebAssets.Tasks.dll".
       Task "GenerateStaticWebAssetsManifest"
         Generating manifest for '32' assets and '64' endpoints
         Skipping manifest updated because manifest version 'ELsu70TTLnNiT5Bn4dbyGYUR9M9Ct+NiLNfJjj1IZmE=' has not changed.
       Done executing task "GenerateStaticWebAssetsManifest".
       Using "GenerateStaticWebAssetEndpointsManifest" task from assembly "/usr/lib64/dotnet/sdk/10.0.101/Sdks/Microsoft.NET.Sdk.StaticWebAssets/targets/../tasks/net10.0/Microsoft.NET.Sdk.StaticWebAssets.Tasks.dll".
       Task "GenerateStaticWebAssetEndpointsManifest"
         Skipping manifest generation because manifest file 'obj/Debug/net8.0/staticwebassets.build.endpoints.json' is up to date.
       Done executing task "GenerateStaticWebAssetEndpointsManifest".
       Using "GenerateStaticWebAssetsDevelopmentManifest" task from assembly "/usr/lib64/dotnet/sdk/10.0.101/Sdks/Microsoft.NET.Sdk.StaticWebAssets/targets/../tasks/net10.0/Microsoft.NET.Sdk.StaticWebAssets.Tasks.dll".
       Task "GenerateStaticWebAssetsDevelopmentManifest"
         Skipping manifest generation because manifest file 'obj/Debug/net8.0/staticwebassets.development.json' is up to date.
       Done executing task "GenerateStaticWebAssetsDevelopmentManifest".
   1:7>Done building target "GenerateStaticWebAssetsManifest" in project "Entegrasyon.Blazor.csproj".
   1:7>Target "LoadStaticWebAssetsBuildManifest" in file "/usr/lib64/dotnet/sdk/10.0.101/Sdks/Microsoft.NET.Sdk.StaticWebAssets/targets/Microsoft.NET.Sdk.StaticWebAssets.Publish.targets" from project "/home/baturhan/Projeler/Entegrasyon/Application/Entegrasyon.Blazor/Entegrasyon.Blazor.csproj" (target "CopyStaticWebAssetsToOutputDirectory" depends on it):
       Using "ReadStaticWebAssetsManifestFile" task from assembly "/usr/lib64/dotnet/sdk/10.0.101/Sdks/Microsoft.NET.Sdk.StaticWebAssets/targets/../tasks/net10.0/Microsoft.NET.Sdk.StaticWebAssets.Tasks.dll".
       Task "ReadStaticWebAssetsManifestFile"
       Done executing task "ReadStaticWebAssetsManifestFile".
   1:7>Done building target "LoadStaticWebAssetsBuildManifest" in project "Entegrasyon.Blazor.csproj".
   1:7>Target "_EnsureContentRootFolders" in file "/usr/lib64/dotnet/sdk/10.0.101/Sdks/Microsoft.NET.Sdk.StaticWebAssets/targets/Microsoft.NET.Sdk.StaticWebAssets.targets" from project "/home/baturhan/Projeler/Entegrasyon/Application/Entegrasyon.Blazor/Entegrasyon.Blazor.csproj" (target "CopyStaticWebAssetsToOutputDirectory" depends on it):
       Task "MakeDir"
       Done executing task "MakeDir".
   1:7>Done building target "_EnsureContentRootFolders" in project "Entegrasyon.Blazor.csproj".
   1:7>Target "CopyStaticWebAssetsToOutputDirectory" in file "/usr/lib64/dotnet/sdk/10.0.101/Sdks/Microsoft.NET.Sdk.StaticWebAssets/targets/Microsoft.NET.Sdk.StaticWebAssets.targets" from project "/home/baturhan/Projeler/Entegrasyon/Application/Entegrasyon.Blazor/Entegrasyon.Blazor.csproj" (target "StaticWebAssetsPrepareForRun" depends on it):
   1:7>Done building target "CopyStaticWebAssetsToOutputDirectory" in project "Entegrasyon.Blazor.csproj".
   1:7>Target "_SplitStaticWebAssetsByCopyOptions" in file "/usr/lib64/dotnet/sdk/10.0.101/Sdks/Microsoft.NET.Sdk.StaticWebAssets/targets/Microsoft.NET.Sdk.StaticWebAssets.targets" from project "/home/baturhan/Projeler/Entegrasyon/Application/Entegrasyon.Blazor/Entegrasyon.Blazor.csproj" (target "StaticWebAssetsPrepareForRun" depends on it):
       Using "CollectStaticWebAssetsToCopy" task from assembly "/usr/lib64/dotnet/sdk/10.0.101/Sdks/Microsoft.NET.Sdk.StaticWebAssets/targets/../tasks/net10.0/Microsoft.NET.Sdk.StaticWebAssets.Tasks.dll".
       Task "CollectStaticWebAssetsToCopy"
         Skipping asset '/home/baturhan/.nuget/packages/mudblazor/8.15.0/staticwebassets/MudBlazor.min.css' since source type is 'Package'
         Skipping asset '/home/baturhan/.nuget/packages/mudblazor/8.15.0/staticwebassets/MudBlazor.min.js' since source type is 'Package'
         Skipping asset '/home/baturhan/Projeler/Entegrasyon/Application/Entegrasyon.Blazor/obj/Debug/net8.0/scopedcss/bundle/Entegrasyon.Blazor.styles.css' since copy to output directory option is 'Never'
         Skipping asset '/home/baturhan/Projeler/Entegrasyon/Application/Entegrasyon.Blazor/obj/Debug/net8.0/scopedcss/projectbundle/Entegrasyon.Blazor.bundle.scp.css' since asset mode is 'Reference'
         Skipping asset '/home/baturhan/Projeler/Entegrasyon/Application/Entegrasyon.Blazor/obj/Debug/net8.0/scopedcss/projectbundle/Entegrasyon.Blazor.bundle.scp.css' since copy to output directory option is 'Never'
         Skipping asset '/home/baturhan/Projeler/Entegrasyon/Application/Entegrasyon.Blazor/wwwroot/css/custom-loader.css' since copy to output directory option is 'Never'
         Skipping asset '/home/baturhan/Projeler/Entegrasyon/Application/Entegrasyon.Blazor/wwwroot/css/modal.css' since copy to output directory option is 'Never'
         Skipping asset '/home/baturhan/Projeler/Entegrasyon/Application/Entegrasyon.Blazor/wwwroot/css/site.css' since copy to output directory option is 'Never'
         Skipping asset '/home/baturhan/Projeler/Entegrasyon/Application/Entegrasyon.Blazor/wwwroot/css/site.min.css' since copy to output directory option is 'Never'
         Skipping asset '/home/baturhan/Projeler/Entegrasyon/Application/Entegrasyon.Blazor/wwwroot/css/tabs.css' since copy to output directory option is 'Never'
         Skipping asset '/home/baturhan/Projeler/Entegrasyon/Application/Entegrasyon.Blazor/wwwroot/favicon.ico' since copy to output directory option is 'Never'
         Skipping asset '/home/baturhan/Projeler/Entegrasyon/Application/Entegrasyon.Blazor/wwwroot/img/auth/assign-password.jpg' since copy to output directory option is 'Never'
         Skipping asset '/home/baturhan/Projeler/Entegrasyon/Application/Entegrasyon.Blazor/wwwroot/img/auth/login.jpg' since copy to output directory option is 'Never'
         Skipping asset '/home/baturhan/Projeler/Entegrasyon/Application/Entegrasyon.Blazor/wwwroot/img/error.svg' since copy to output directory option is 'Never'
         Skipping asset '/home/baturhan/Projeler/Entegrasyon/Application/Entegrasyon.Blazor/wwwroot/img/logo-1.png' since copy to output directory option is 'Never'
         Skipping asset '/home/baturhan/Projeler/Entegrasyon/Application/Entegrasyon.Blazor/wwwroot/img/logo-3.png' since copy to output directory option is 'Never'
         Skipping asset '/home/baturhan/Projeler/Entegrasyon/Application/Entegrasyon.Blazor/wwwroot/img/logo-4.png' since copy to output directory option is 'Never'
         Skipping asset '/home/baturhan/Projeler/Entegrasyon/Application/Entegrasyon.Blazor/wwwroot/img/logo-5.png' since copy to output directory option is 'Never'
         Skipping asset '/home/baturhan/Projeler/Entegrasyon/Application/Entegrasyon.Blazor/wwwroot/img/logo-6.png' since copy to output directory option is 'Never'
         Skipping asset '/home/baturhan/Projeler/Entegrasyon/Application/Entegrasyon.Blazor/wwwroot/js/Auth/reset-password-modal.js' since copy to output directory option is 'Never'
         Skipping asset '/home/baturhan/Projeler/Entegrasyon/Application/Entegrasyon.Blazor/wwwroot/js/CategoryAttribute/category-attribute-add.js' since copy to output directory option is 'Never'
         Skipping asset '/home/baturhan/Projeler/Entegrasyon/Application/Entegrasyon.Blazor/wwwroot/js/Users/index.js' since copy to output directory option is 'Never'
         Skipping asset '/home/baturhan/Projeler/Entegrasyon/Application/Entegrasyon.Blazor/wwwroot/js/category-attributes/category-attribute-add-manager.js' since copy to output directory option is 'Never'
         Skipping asset '/home/baturhan/Projeler/Entegrasyon/Application/Entegrasyon.Blazor/wwwroot/js/category-attributes/category-attribute-add-manager.js.map' since copy to output directory option is 'Never'
         Skipping asset '/home/baturhan/Projeler/Entegrasyon/Application/Entegrasyon.Blazor/wwwroot/js/category-attributes/create.js' since copy to output directory option is 'Never'
         Skipping asset '/home/baturhan/Projeler/Entegrasyon/Application/Entegrasyon.Blazor/wwwroot/js/category-attributes/create.js.map' since copy to output directory option is 'Never'
         Skipping asset '/home/baturhan/Projeler/Entegrasyon/Application/Entegrasyon.Blazor/wwwroot/js/category-import/category-import.js' since copy to output directory option is 'Never'
         Skipping asset '/home/baturhan/Projeler/Entegrasyon/Application/Entegrasyon.Blazor/wwwroot/js/models/category-attribute-value.model.js' since copy to output directory option is 'Never'
         Skipping asset '/home/baturhan/Projeler/Entegrasyon/Application/Entegrasyon.Blazor/wwwroot/js/models/category-attribute-value.model.js.map' since copy to output directory option is 'Never'
         Skipping asset '/home/baturhan/Projeler/Entegrasyon/Application/Entegrasyon.Blazor/wwwroot/js/models/category-attribute.model.js' since copy to output directory option is 'Never'
         Skipping asset '/home/baturhan/Projeler/Entegrasyon/Application/Entegrasyon.Blazor/wwwroot/js/models/category-attribute.model.js.map' since copy to output directory option is 'Never'
         Skipping asset '/home/baturhan/Projeler/Entegrasyon/Application/Entegrasyon.Blazor/wwwroot/js/site.js' since copy to output directory option is 'Never'
         Skipping asset '/home/baturhan/Projeler/Entegrasyon/Application/Entegrasyon.Blazor/wwwroot/styles/site.scss' since copy to output directory option is 'Never'
       Done executing task "CollectStaticWebAssetsToCopy".
   1:7>Done building target "_SplitStaticWebAssetsByCopyOptions" in project "Entegrasyon.Blazor.csproj".
   1:7>Target "_BuildCopyStaticWebAssetsPreserveNewest" in file "/usr/lib64/dotnet/sdk/10.0.101/Sdks/Microsoft.NET.Sdk.StaticWebAssets/targets/Microsoft.NET.Sdk.StaticWebAssets.targets" from project "/home/baturhan/Projeler/Entegrasyon/Application/Entegrasyon.Blazor/Entegrasyon.Blazor.csproj" (target "StaticWebAssetsPrepareForRun" depends on it):
       Skipping target "_BuildCopyStaticWebAssetsPreserveNewest" because it has no outputs.
       Though the target has declared its outputs, the output specification only references empty properties and/or empty item lists.
   1:7>Done building target "_BuildCopyStaticWebAssetsPreserveNewest" in project "Entegrasyon.Blazor.csproj".
   1:7>Target "_BuildCopyStaticWebAssetsAlways" in file "/usr/lib64/dotnet/sdk/10.0.101/Sdks/Microsoft.NET.Sdk.StaticWebAssets/targets/Microsoft.NET.Sdk.StaticWebAssets.targets" from project "/home/baturhan/Projeler/Entegrasyon/Application/Entegrasyon.Blazor/Entegrasyon.Blazor.csproj" (target "StaticWebAssetsPrepareForRun" depends on it):
       Task "Copy"
       Done executing task "Copy".
   1:7>Done building target "_BuildCopyStaticWebAssetsAlways" in project "Entegrasyon.Blazor.csproj".
   1:7>Target "StaticWebAssetsPrepareForRun" in file "/usr/lib64/dotnet/sdk/10.0.101/Sdks/Microsoft.NET.Sdk.StaticWebAssets/targets/Microsoft.NET.Sdk.StaticWebAssets.targets" from project "/home/baturhan/Projeler/Entegrasyon/Application/Entegrasyon.Blazor/Entegrasyon.Blazor.csproj" (target "PrepareForRun" depends on it):
   1:7>Done building target "StaticWebAssetsPrepareForRun" in project "Entegrasyon.Blazor.csproj".
   1:7>Target "_CopyFilesMarkedCopyLocal" in file "/usr/lib64/dotnet/sdk/10.0.101/Microsoft.Common.CurrentVersion.targets" from project "/home/baturhan/Projeler/Entegrasyon/Application/Entegrasyon.Blazor/Entegrasyon.Blazor.csproj" (target "CopyFilesToOutputDirectory" depends on it):
       Task "Copy"
         Did not copy from file "/home/baturhan/.nuget/packages/castle.core/5.1.1/lib/net6.0/Castle.Core.dll" to file "bin/Debug/net8.0/Castle.Core.dll" because the "SkipUnchangedFiles" parameter was set to "true" in the project and the files' sizes and timestamps match.
         Did not copy from file "/home/baturhan/.nuget/packages/humanizer.core/2.14.1/lib/net6.0/Humanizer.dll" to file "bin/Debug/net8.0/Humanizer.dll" because the "SkipUnchangedFiles" parameter was set to "true" in the project and the files' sizes and timestamps match.
         Did not copy from file "/home/baturhan/.nuget/packages/fluentvalidation/11.9.0/lib/net8.0/FluentValidation.dll" to file "bin/Debug/net8.0/FluentValidation.dll" because the "SkipUnchangedFiles" parameter was set to "true" in the project and the files' sizes and timestamps match.
         Did not copy from file "/home/baturhan/.nuget/packages/mapster/7.4.0/lib/net7.0/Mapster.dll" to file "bin/Debug/net8.0/Mapster.dll" because the "SkipUnchangedFiles" parameter was set to "true" in the project and the files' sizes and timestamps match.
         Did not copy from file "/home/baturhan/.nuget/packages/mapster.core/1.2.1/lib/net7.0/Mapster.Core.dll" to file "bin/Debug/net8.0/Mapster.Core.dll" because the "SkipUnchangedFiles" parameter was set to "true" in the project and the files' sizes and timestamps match.
         Did not copy from file "/home/baturhan/.nuget/packages/mapster.dependencyinjection/1.0.1/lib/net7.0/Mapster.DependencyInjection.dll" to file "bin/Debug/net8.0/Mapster.DependencyInjection.dll" because the "SkipUnchangedFiles" parameter was set to "true" in the project and the files' sizes and timestamps match.
         Did not copy from file "/home/baturhan/.nuget/packages/microsoft.aspnetcore.authorization/8.0.12/lib/net8.0/Microsoft.AspNetCore.Authorization.dll" to file "bin/Debug/net8.0/Microsoft.AspNetCore.Authorization.dll" because the "SkipUnchangedFiles" parameter was set to "true" in the project and the files' sizes and timestamps match.
         Did not copy from file "/home/baturhan/.nuget/packages/microsoft.aspnetcore.components/8.0.12/lib/net8.0/Microsoft.AspNetCore.Components.dll" to file "bin/Debug/net8.0/Microsoft.AspNetCore.Components.dll" because the "SkipUnchangedFiles" parameter was set to "true" in the project and the files' sizes and timestamps match.
         Did not copy from file "/home/baturhan/.nuget/packages/microsoft.aspnetcore.components.forms/8.0.12/lib/net8.0/Microsoft.AspNetCore.Components.Forms.dll" to file "bin/Debug/net8.0/Microsoft.AspNetCore.Components.Forms.dll" because the "SkipUnchangedFiles" parameter was set to "true" in the project and the files' sizes and timestamps match.
         Did not copy from file "/home/baturhan/.nuget/packages/microsoft.aspnetcore.components.web/8.0.12/lib/net8.0/Microsoft.AspNetCore.Components.Web.dll" to file "bin/Debug/net8.0/Microsoft.AspNetCore.Components.Web.dll" because the "SkipUnchangedFiles" parameter was set to "true" in the project and the files' sizes and timestamps match.
         Did not copy from file "/home/baturhan/.nuget/packages/microsoft.aspnetcore.metadata/8.0.12/lib/net8.0/Microsoft.AspNetCore.Metadata.dll" to file "bin/Debug/net8.0/Microsoft.AspNetCore.Metadata.dll" because the "SkipUnchangedFiles" parameter was set to "true" in the project and the files' sizes and timestamps match.
         Did not copy from file "/home/baturhan/.nuget/packages/microsoft.codeanalysis.common/4.13.0/lib/net8.0/Microsoft.CodeAnalysis.dll" to file "bin/Debug/net8.0/Microsoft.CodeAnalysis.dll" because the "SkipUnchangedFiles" parameter was set to "true" in the project and the files' sizes and timestamps match.
         Did not copy from file "/home/baturhan/.nuget/packages/microsoft.codeanalysis.csharp/4.13.0/lib/net8.0/Microsoft.CodeAnalysis.CSharp.dll" to file "bin/Debug/net8.0/Microsoft.CodeAnalysis.CSharp.dll" because the "SkipUnchangedFiles" parameter was set to "true" in the project and the files' sizes and timestamps match.
         Did not copy from file "/home/baturhan/.nuget/packages/microsoft.codeanalysis.csharp.workspaces/4.13.0/lib/net8.0/Microsoft.CodeAnalysis.CSharp.Workspaces.dll" to file "bin/Debug/net8.0/Microsoft.CodeAnalysis.CSharp.Workspaces.dll" because the "SkipUnchangedFiles" parameter was set to "true" in the project and the files' sizes and timestamps match.
         Did not copy from file "/home/baturhan/.nuget/packages/microsoft.codeanalysis.scripting.common/4.13.0/lib/net8.0/Microsoft.CodeAnalysis.Scripting.dll" to file "bin/Debug/net8.0/Microsoft.CodeAnalysis.Scripting.dll" because the "SkipUnchangedFiles" parameter was set to "true" in the project and the files' sizes and timestamps match.
         Did not copy from file "/home/baturhan/.nuget/packages/microsoft.codeanalysis.workspaces.common/4.13.0/lib/net8.0/Microsoft.CodeAnalysis.Workspaces.dll" to file "bin/Debug/net8.0/Microsoft.CodeAnalysis.Workspaces.dll" because the "SkipUnchangedFiles" parameter was set to "true" in the project and the files' sizes and timestamps match.
         Did not copy from file "/home/baturhan/.nuget/packages/microsoft.entityframeworkcore.abstractions/8.0.15/lib/net8.0/Microsoft.EntityFrameworkCore.Abstractions.dll" to file "bin/Debug/net8.0/Microsoft.EntityFrameworkCore.Abstractions.dll" because the "SkipUnchangedFiles" parameter was set to "true" in the project and the files' sizes and timestamps match.
         Did not copy from file "/home/baturhan/.nuget/packages/microsoft.entityframeworkcore/8.0.15/lib/net8.0/Microsoft.EntityFrameworkCore.dll" to file "bin/Debug/net8.0/Microsoft.EntityFrameworkCore.dll" because the "SkipUnchangedFiles" parameter was set to "true" in the project and the files' sizes and timestamps match.
         Did not copy from file "/home/baturhan/.nuget/packages/microsoft.entityframeworkcore.design/8.0.15/lib/net8.0/Microsoft.EntityFrameworkCore.Design.dll" to file "bin/Debug/net8.0/Microsoft.EntityFrameworkCore.Design.dll" because the "SkipUnchangedFiles" parameter was set to "true" in the project and the files' sizes and timestamps match.
         Did not copy from file "/home/baturhan/.nuget/packages/microsoft.entityframeworkcore.inmemory/8.0.15/lib/net8.0/Microsoft.EntityFrameworkCore.InMemory.dll" to file "bin/Debug/net8.0/Microsoft.EntityFrameworkCore.InMemory.dll" because the "SkipUnchangedFiles" parameter was set to "true" in the project and the files' sizes and timestamps match.
         Did not copy from file "/home/baturhan/.nuget/packages/microsoft.extensions.caching.memory/8.0.1/lib/net8.0/Microsoft.Extensions.Caching.Memory.dll" to file "bin/Debug/net8.0/Microsoft.Extensions.Caching.Memory.dll" because the "SkipUnchangedFiles" parameter was set to "true" in the project and the files' sizes and timestamps match.
         Did not copy from file "/home/baturhan/.nuget/packages/microsoft.extensions.dependencyinjection/8.0.1/lib/net8.0/Microsoft.Extensions.DependencyInjection.dll" to file "bin/Debug/net8.0/Microsoft.Extensions.DependencyInjection.dll" because the "SkipUnchangedFiles" parameter was set to "true" in the project and the files' sizes and timestamps match.
         Did not copy from file "/home/baturhan/.nuget/packages/microsoft.extensions.configuration.binder/8.0.2/lib/net8.0/Microsoft.Extensions.Configuration.Binder.dll" to file "bin/Debug/net8.0/Microsoft.Extensions.Configuration.Binder.dll" because the "SkipUnchangedFiles" parameter was set to "true" in the project and the files' sizes and timestamps match.
         Did not copy from file "/home/baturhan/.nuget/packages/microsoft.extensions.caching.stackexchangeredis/8.0.15/lib/net8.0/Microsoft.Extensions.Caching.StackExchangeRedis.dll" to file "bin/Debug/net8.0/Microsoft.Extensions.Caching.StackExchangeRedis.dll" because the "SkipUnchangedFiles" parameter was set to "true" in the project and the files' sizes and timestamps match.
         Did not copy from file "/home/baturhan/.nuget/packages/microsoft.entityframeworkcore.proxies/8.0.15/lib/net8.0/Microsoft.EntityFrameworkCore.Proxies.dll" to file "bin/Debug/net8.0/Microsoft.EntityFrameworkCore.Proxies.dll" because the "SkipUnchangedFiles" parameter was set to "true" in the project and the files' sizes and timestamps match.
         Did not copy from file "/home/baturhan/.nuget/packages/microsoft.extensions.dependencyinjection.abstractions/8.0.2/lib/net8.0/Microsoft.Extensions.DependencyInjection.Abstractions.dll" to file "bin/Debug/net8.0/Microsoft.Extensions.DependencyInjection.Abstractions.dll" because the "SkipUnchangedFiles" parameter was set to "true" in the project and the files' sizes and timestamps match.
         Did not copy from file "/home/baturhan/.nuget/packages/microsoft.extensions.dependencymodel/8.0.2/lib/net8.0/Microsoft.Extensions.DependencyModel.dll" to file "bin/Debug/net8.0/Microsoft.Extensions.DependencyModel.dll" because the "SkipUnchangedFiles" parameter was set to "true" in the project and the files' sizes and timestamps match.
         Did not copy from file "/home/baturhan/.nuget/packages/microsoft.entityframeworkcore.relational/8.0.15/lib/net8.0/Microsoft.EntityFrameworkCore.Relational.dll" to file "bin/Debug/net8.0/Microsoft.EntityFrameworkCore.Relational.dll" because the "SkipUnchangedFiles" parameter was set to "true" in the project and the files' sizes and timestamps match.
         Did not copy from file "/home/baturhan/.nuget/packages/microsoft.extensions.localization/8.0.12/lib/net8.0/Microsoft.Extensions.Localization.dll" to file "bin/Debug/net8.0/Microsoft.Extensions.Localization.dll" because the "SkipUnchangedFiles" parameter was set to "true" in the project and the files' sizes and timestamps match.
         Did not copy from file "/home/baturhan/.nuget/packages/microsoft.extensions.localization.abstractions/8.0.12/lib/net8.0/Microsoft.Extensions.Localization.Abstractions.dll" to file "bin/Debug/net8.0/Microsoft.Extensions.Localization.Abstractions.dll" because the "SkipUnchangedFiles" parameter was set to "true" in the project and the files' sizes and timestamps match.
         Did not copy from file "/home/baturhan/.nuget/packages/microsoft.extensions.options/8.0.2/lib/net8.0/Microsoft.Extensions.Options.dll" to file "bin/Debug/net8.0/Microsoft.Extensions.Options.dll" because the "SkipUnchangedFiles" parameter was set to "true" in the project and the files' sizes and timestamps match.
         Did not copy from file "/home/baturhan/.nuget/packages/microsoft.extensions.logging/8.0.1/lib/net8.0/Microsoft.Extensions.Logging.dll" to file "bin/Debug/net8.0/Microsoft.Extensions.Logging.dll" because the "SkipUnchangedFiles" parameter was set to "true" in the project and the files' sizes and timestamps match.
         Did not copy from file "/home/baturhan/.nuget/packages/microsoft.identitymodel.abstractions/7.4.0/lib/net8.0/Microsoft.IdentityModel.Abstractions.dll" to file "bin/Debug/net8.0/Microsoft.IdentityModel.Abstractions.dll" because the "SkipUnchangedFiles" parameter was set to "true" in the project and the files' sizes and timestamps match.
         Did not copy from file "/home/baturhan/.nuget/packages/microsoft.identitymodel.jsonwebtokens/7.4.0/lib/net8.0/Microsoft.IdentityModel.JsonWebTokens.dll" to file "bin/Debug/net8.0/Microsoft.IdentityModel.JsonWebTokens.dll" because the "SkipUnchangedFiles" parameter was set to "true" in the project and the files' sizes and timestamps match.
         Did not copy from file "/home/baturhan/.nuget/packages/microsoft.extensions.logging.abstractions/8.0.3/lib/net8.0/Microsoft.Extensions.Logging.Abstractions.dll" to file "bin/Debug/net8.0/Microsoft.Extensions.Logging.Abstractions.dll" because the "SkipUnchangedFiles" parameter was set to "true" in the project and the files' sizes and timestamps match.
         Did not copy from file "/home/baturhan/.nuget/packages/microsoft.identitymodel.logging/7.4.0/lib/net8.0/Microsoft.IdentityModel.Logging.dll" to file "bin/Debug/net8.0/Microsoft.IdentityModel.Logging.dll" because the "SkipUnchangedFiles" parameter was set to "true" in the project and the files' sizes and timestamps match.
         Did not copy from file "/home/baturhan/.nuget/packages/microsoft.identitymodel.tokens/7.4.0/lib/net8.0/Microsoft.IdentityModel.Tokens.dll" to file "bin/Debug/net8.0/Microsoft.IdentityModel.Tokens.dll" because the "SkipUnchangedFiles" parameter was set to "true" in the project and the files' sizes and timestamps match.
         Did not copy from file "/home/baturhan/.nuget/packages/microsoft.jsinterop/8.0.12/lib/net8.0/Microsoft.JSInterop.dll" to file "bin/Debug/net8.0/Microsoft.JSInterop.dll" because the "SkipUnchangedFiles" parameter was set to "true" in the project and the files' sizes and timestamps match.
         Did not copy from file "/home/baturhan/.nuget/packages/mono.texttemplating/2.2.1/lib/netstandard2.0/Mono.TextTemplating.dll" to file "bin/Debug/net8.0/Mono.TextTemplating.dll" because the "SkipUnchangedFiles" parameter was set to "true" in the project and the files' sizes and timestamps match.
         Did not copy from file "/home/baturhan/.nuget/packages/mudblazor/8.15.0/lib/net8.0/MudBlazor.dll" to file "bin/Debug/net8.0/MudBlazor.dll" because the "SkipUnchangedFiles" parameter was set to "true" in the project and the files' sizes and timestamps match.
         Did not copy from file "/home/baturhan/.nuget/packages/newtonsoft.json/13.0.3/lib/net6.0/Newtonsoft.Json.dll" to file "bin/Debug/net8.0/Newtonsoft.Json.dll" because the "SkipUnchangedFiles" parameter was set to "true" in the project and the files' sizes and timestamps match.
         Did not copy from file "/home/baturhan/.nuget/packages/npgsql/8.0.6/lib/net8.0/Npgsql.dll" to file "bin/Debug/net8.0/Npgsql.dll" because the "SkipUnchangedFiles" parameter was set to "true" in the project and the files' sizes and timestamps match.
         Did not copy from file "/home/baturhan/.nuget/packages/npgsql.entityframeworkcore.postgresql/8.0.11/lib/net8.0/Npgsql.EntityFrameworkCore.PostgreSQL.dll" to file "bin/Debug/net8.0/Npgsql.EntityFrameworkCore.PostgreSQL.dll" because the "SkipUnchangedFiles" parameter was set to "true" in the project and the files' sizes and timestamps match.
         Did not copy from file "/home/baturhan/.nuget/packages/pipelines.sockets.unofficial/2.2.8/lib/net5.0/Pipelines.Sockets.Unofficial.dll" to file "bin/Debug/net8.0/Pipelines.Sockets.Unofficial.dll" because the "SkipUnchangedFiles" parameter was set to "true" in the project and the files' sizes and timestamps match.
         Did not copy from file "/home/baturhan/.nuget/packages/serilog/3.1.1/lib/net7.0/Serilog.dll" to file "bin/Debug/net8.0/Serilog.dll" because the "SkipUnchangedFiles" parameter was set to "true" in the project and the files' sizes and timestamps match.
         Did not copy from file "/home/baturhan/.nuget/packages/serilog.aspnetcore/8.0.1/lib/net8.0/Serilog.AspNetCore.dll" to file "bin/Debug/net8.0/Serilog.AspNetCore.dll" because the "SkipUnchangedFiles" parameter was set to "true" in the project and the files' sizes and timestamps match.
         Did not copy from file "/home/baturhan/.nuget/packages/serilog.extensions.hosting/8.0.0/lib/net8.0/Serilog.Extensions.Hosting.dll" to file "bin/Debug/net8.0/Serilog.Extensions.Hosting.dll" because the "SkipUnchangedFiles" parameter was set to "true" in the project and the files' sizes and timestamps match.
         Did not copy from file "/home/baturhan/.nuget/packages/serilog.extensions.logging/8.0.0/lib/net8.0/Serilog.Extensions.Logging.dll" to file "bin/Debug/net8.0/Serilog.Extensions.Logging.dll" because the "SkipUnchangedFiles" parameter was set to "true" in the project and the files' sizes and timestamps match.
         Did not copy from file "/home/baturhan/.nuget/packages/serilog.formatting.compact/2.0.0/lib/net7.0/Serilog.Formatting.Compact.dll" to file "bin/Debug/net8.0/Serilog.Formatting.Compact.dll" because the "SkipUnchangedFiles" parameter was set to "true" in the project and the files' sizes and timestamps match.
         Did not copy from file "/home/baturhan/.nuget/packages/serilog.settings.configuration/8.0.0/lib/net8.0/Serilog.Settings.Configuration.dll" to file "bin/Debug/net8.0/Serilog.Settings.Configuration.dll" because the "SkipUnchangedFiles" parameter was set to "true" in the project and the files' sizes and timestamps match.
         Did not copy from file "/home/baturhan/.nuget/packages/serilog.sinks.console/5.0.1/lib/net7.0/Serilog.Sinks.Console.dll" to file "bin/Debug/net8.0/Serilog.Sinks.Console.dll" because the "SkipUnchangedFiles" parameter was set to "true" in the project and the files' sizes and timestamps match.
         Did not copy from file "/home/baturhan/.nuget/packages/serilog.sinks.debug/2.0.0/lib/netstandard2.1/Serilog.Sinks.Debug.dll" to file "bin/Debug/net8.0/Serilog.Sinks.Debug.dll" because the "SkipUnchangedFiles" parameter was set to "true" in the project and the files' sizes and timestamps match.
         Did not copy from file "/home/baturhan/.nuget/packages/serilog.sinks.file/5.0.0/lib/net5.0/Serilog.Sinks.File.dll" to file "bin/Debug/net8.0/Serilog.Sinks.File.dll" because the "SkipUnchangedFiles" parameter was set to "true" in the project and the files' sizes and timestamps match.
         Did not copy from file "/home/baturhan/.nuget/packages/stackexchange.redis/2.7.27/lib/net6.0/StackExchange.Redis.dll" to file "bin/Debug/net8.0/StackExchange.Redis.dll" because the "SkipUnchangedFiles" parameter was set to "true" in the project and the files' sizes and timestamps match.
         Did not copy from file "/home/baturhan/.nuget/packages/system.codedom/4.4.0/lib/netstandard2.0/System.CodeDom.dll" to file "bin/Debug/net8.0/System.CodeDom.dll" because the "SkipUnchangedFiles" parameter was set to "true" in the project and the files' sizes and timestamps match.
         Did not copy from file "/home/baturhan/.nuget/packages/system.composition.attributedmodel/8.0.0/lib/net8.0/System.Composition.AttributedModel.dll" to file "bin/Debug/net8.0/System.Composition.AttributedModel.dll" because the "SkipUnchangedFiles" parameter was set to "true" in the project and the files' sizes and timestamps match.
         Did not copy from file "/home/baturhan/.nuget/packages/system.composition.convention/8.0.0/lib/net8.0/System.Composition.Convention.dll" to file "bin/Debug/net8.0/System.Composition.Convention.dll" because the "SkipUnchangedFiles" parameter was set to "true" in the project and the files' sizes and timestamps match.
         Did not copy from file "/home/baturhan/.nuget/packages/system.composition.runtime/8.0.0/lib/net8.0/System.Composition.Runtime.dll" to file "bin/Debug/net8.0/System.Composition.Runtime.dll" because the "SkipUnchangedFiles" parameter was set to "true" in the project and the files' sizes and timestamps match.
         Did not copy from file "/home/baturhan/.nuget/packages/system.composition.hosting/8.0.0/lib/net8.0/System.Composition.Hosting.dll" to file "bin/Debug/net8.0/System.Composition.Hosting.dll" because the "SkipUnchangedFiles" parameter was set to "true" in the project and the files' sizes and timestamps match.
         Did not copy from file "/home/baturhan/.nuget/packages/system.composition.typedparts/8.0.0/lib/net8.0/System.Composition.TypedParts.dll" to file "bin/Debug/net8.0/System.Composition.TypedParts.dll" because the "SkipUnchangedFiles" parameter was set to "true" in the project and the files' sizes and timestamps match.
         Did not copy from file "/home/baturhan/.nuget/packages/microsoft.codeanalysis.common/4.13.0/lib/net8.0/cs/Microsoft.CodeAnalysis.resources.dll" to file "bin/Debug/net8.0/cs/Microsoft.CodeAnalysis.resources.dll" because the "SkipUnchangedFiles" parameter was set to "true" in the project and the files' sizes and timestamps match.
         Did not copy from file "/home/baturhan/.nuget/packages/system.identitymodel.tokens.jwt/7.4.0/lib/net8.0/System.IdentityModel.Tokens.Jwt.dll" to file "bin/Debug/net8.0/System.IdentityModel.Tokens.Jwt.dll" because the "SkipUnchangedFiles" parameter was set to "true" in the project and the files' sizes and timestamps match.
         Did not copy from file "/home/baturhan/.nuget/packages/microsoft.codeanalysis.common/4.13.0/lib/net8.0/de/Microsoft.CodeAnalysis.resources.dll" to file "bin/Debug/net8.0/de/Microsoft.CodeAnalysis.resources.dll" because the "SkipUnchangedFiles" parameter was set to "true" in the project and the files' sizes and timestamps match.
         Did not copy from file "/home/baturhan/.nuget/packages/microsoft.codeanalysis.common/4.13.0/lib/net8.0/es/Microsoft.CodeAnalysis.resources.dll" to file "bin/Debug/net8.0/es/Microsoft.CodeAnalysis.resources.dll" because the "SkipUnchangedFiles" parameter was set to "true" in the project and the files' sizes and timestamps match.
         Did not copy from file "/home/baturhan/.nuget/packages/microsoft.codeanalysis.common/4.13.0/lib/net8.0/fr/Microsoft.CodeAnalysis.resources.dll" to file "bin/Debug/net8.0/fr/Microsoft.CodeAnalysis.resources.dll" because the "SkipUnchangedFiles" parameter was set to "true" in the project and the files' sizes and timestamps match.
         Did not copy from file "/home/baturhan/.nuget/packages/microsoft.codeanalysis.common/4.13.0/lib/net8.0/ja/Microsoft.CodeAnalysis.resources.dll" to file "bin/Debug/net8.0/ja/Microsoft.CodeAnalysis.resources.dll" because the "SkipUnchangedFiles" parameter was set to "true" in the project and the files' sizes and timestamps match.
         Did not copy from file "/home/baturhan/.nuget/packages/microsoft.codeanalysis.common/4.13.0/lib/net8.0/it/Microsoft.CodeAnalysis.resources.dll" to file "bin/Debug/net8.0/it/Microsoft.CodeAnalysis.resources.dll" because the "SkipUnchangedFiles" parameter was set to "true" in the project and the files' sizes and timestamps match.
         Did not copy from file "/home/baturhan/.nuget/packages/microsoft.codeanalysis.common/4.13.0/lib/net8.0/ko/Microsoft.CodeAnalysis.resources.dll" to file "bin/Debug/net8.0/ko/Microsoft.CodeAnalysis.resources.dll" because the "SkipUnchangedFiles" parameter was set to "true" in the project and the files' sizes and timestamps match.
         Did not copy from file "/home/baturhan/.nuget/packages/microsoft.codeanalysis.common/4.13.0/lib/net8.0/pl/Microsoft.CodeAnalysis.resources.dll" to file "bin/Debug/net8.0/pl/Microsoft.CodeAnalysis.resources.dll" because the "SkipUnchangedFiles" parameter was set to "true" in the project and the files' sizes and timestamps match.
         Did not copy from file "/home/baturhan/.nuget/packages/microsoft.codeanalysis.common/4.13.0/lib/net8.0/pt-BR/Microsoft.CodeAnalysis.resources.dll" to file "bin/Debug/net8.0/pt-BR/Microsoft.CodeAnalysis.resources.dll" because the "SkipUnchangedFiles" parameter was set to "true" in the project and the files' sizes and timestamps match.
         Did not copy from file "/home/baturhan/.nuget/packages/microsoft.codeanalysis.common/4.13.0/lib/net8.0/ru/Microsoft.CodeAnalysis.resources.dll" to file "bin/Debug/net8.0/ru/Microsoft.CodeAnalysis.resources.dll" because the "SkipUnchangedFiles" parameter was set to "true" in the project and the files' sizes and timestamps match.
         Did not copy from file "/home/baturhan/.nuget/packages/microsoft.codeanalysis.common/4.13.0/lib/net8.0/tr/Microsoft.CodeAnalysis.resources.dll" to file "bin/Debug/net8.0/tr/Microsoft.CodeAnalysis.resources.dll" because the "SkipUnchangedFiles" parameter was set to "true" in the project and the files' sizes and timestamps match.
         Did not copy from file "/home/baturhan/.nuget/packages/microsoft.codeanalysis.common/4.13.0/lib/net8.0/zh-Hans/Microsoft.CodeAnalysis.resources.dll" to file "bin/Debug/net8.0/zh-Hans/Microsoft.CodeAnalysis.resources.dll" because the "SkipUnchangedFiles" parameter was set to "true" in the project and the files' sizes and timestamps match.
         Did not copy from file "/home/baturhan/.nuget/packages/microsoft.codeanalysis.common/4.13.0/lib/net8.0/zh-Hant/Microsoft.CodeAnalysis.resources.dll" to file "bin/Debug/net8.0/zh-Hant/Microsoft.CodeAnalysis.resources.dll" because the "SkipUnchangedFiles" parameter was set to "true" in the project and the files' sizes and timestamps match.
         Did not copy from file "/home/baturhan/.nuget/packages/microsoft.codeanalysis.csharp/4.13.0/lib/net8.0/de/Microsoft.CodeAnalysis.CSharp.resources.dll" to file "bin/Debug/net8.0/de/Microsoft.CodeAnalysis.CSharp.resources.dll" because the "SkipUnchangedFiles" parameter was set to "true" in the project and the files' sizes and timestamps match.
         Did not copy from file "/home/baturhan/.nuget/packages/microsoft.codeanalysis.csharp/4.13.0/lib/net8.0/cs/Microsoft.CodeAnalysis.CSharp.resources.dll" to file "bin/Debug/net8.0/cs/Microsoft.CodeAnalysis.CSharp.resources.dll" because the "SkipUnchangedFiles" parameter was set to "true" in the project and the files' sizes and timestamps match.
         Did not copy from file "/home/baturhan/.nuget/packages/microsoft.codeanalysis.csharp/4.13.0/lib/net8.0/fr/Microsoft.CodeAnalysis.CSharp.resources.dll" to file "bin/Debug/net8.0/fr/Microsoft.CodeAnalysis.CSharp.resources.dll" because the "SkipUnchangedFiles" parameter was set to "true" in the project and the files' sizes and timestamps match.
         Did not copy from file "/home/baturhan/.nuget/packages/microsoft.codeanalysis.csharp/4.13.0/lib/net8.0/es/Microsoft.CodeAnalysis.CSharp.resources.dll" to file "bin/Debug/net8.0/es/Microsoft.CodeAnalysis.CSharp.resources.dll" because the "SkipUnchangedFiles" parameter was set to "true" in the project and the files' sizes and timestamps match.
         Did not copy from file "/home/baturhan/.nuget/packages/microsoft.codeanalysis.csharp/4.13.0/lib/net8.0/it/Microsoft.CodeAnalysis.CSharp.resources.dll" to file "bin/Debug/net8.0/it/Microsoft.CodeAnalysis.CSharp.resources.dll" because the "SkipUnchangedFiles" parameter was set to "true" in the project and the files' sizes and timestamps match.
         Did not copy from file "/home/baturhan/.nuget/packages/microsoft.codeanalysis.csharp/4.13.0/lib/net8.0/ja/Microsoft.CodeAnalysis.CSharp.resources.dll" to file "bin/Debug/net8.0/ja/Microsoft.CodeAnalysis.CSharp.resources.dll" because the "SkipUnchangedFiles" parameter was set to "true" in the project and the files' sizes and timestamps match.
         Did not copy from file "/home/baturhan/.nuget/packages/microsoft.codeanalysis.csharp/4.13.0/lib/net8.0/ko/Microsoft.CodeAnalysis.CSharp.resources.dll" to file "bin/Debug/net8.0/ko/Microsoft.CodeAnalysis.CSharp.resources.dll" because the "SkipUnchangedFiles" parameter was set to "true" in the project and the files' sizes and timestamps match.
         Did not copy from file "/home/baturhan/.nuget/packages/microsoft.codeanalysis.csharp/4.13.0/lib/net8.0/pl/Microsoft.CodeAnalysis.CSharp.resources.dll" to file "bin/Debug/net8.0/pl/Microsoft.CodeAnalysis.CSharp.resources.dll" because the "SkipUnchangedFiles" parameter was set to "true" in the project and the files' sizes and timestamps match.
         Did not copy from file "/home/baturhan/.nuget/packages/microsoft.codeanalysis.csharp/4.13.0/lib/net8.0/pt-BR/Microsoft.CodeAnalysis.CSharp.resources.dll" to file "bin/Debug/net8.0/pt-BR/Microsoft.CodeAnalysis.CSharp.resources.dll" because the "SkipUnchangedFiles" parameter was set to "true" in the project and the files' sizes and timestamps match.
         Did not copy from file "/home/baturhan/.nuget/packages/microsoft.codeanalysis.csharp/4.13.0/lib/net8.0/ru/Microsoft.CodeAnalysis.CSharp.resources.dll" to file "bin/Debug/net8.0/ru/Microsoft.CodeAnalysis.CSharp.resources.dll" because the "SkipUnchangedFiles" parameter was set to "true" in the project and the files' sizes and timestamps match.
         Did not copy from file "/home/baturhan/.nuget/packages/microsoft.codeanalysis.csharp/4.13.0/lib/net8.0/tr/Microsoft.CodeAnalysis.CSharp.resources.dll" to file "bin/Debug/net8.0/tr/Microsoft.CodeAnalysis.CSharp.resources.dll" because the "SkipUnchangedFiles" parameter was set to "true" in the project and the files' sizes and timestamps match.
         Did not copy from file "/home/baturhan/.nuget/packages/microsoft.codeanalysis.csharp/4.13.0/lib/net8.0/zh-Hans/Microsoft.CodeAnalysis.CSharp.resources.dll" to file "bin/Debug/net8.0/zh-Hans/Microsoft.CodeAnalysis.CSharp.resources.dll" because the "SkipUnchangedFiles" parameter was set to "true" in the project and the files' sizes and timestamps match.
         Did not copy from file "/home/baturhan/.nuget/packages/microsoft.codeanalysis.csharp/4.13.0/lib/net8.0/zh-Hant/Microsoft.CodeAnalysis.CSharp.resources.dll" to file "bin/Debug/net8.0/zh-Hant/Microsoft.CodeAnalysis.CSharp.resources.dll" because the "SkipUnchangedFiles" parameter was set to "true" in the project and the files' sizes and timestamps match.
         Did not copy from file "/home/baturhan/.nuget/packages/microsoft.codeanalysis.csharp.workspaces/4.13.0/lib/net8.0/cs/Microsoft.CodeAnalysis.CSharp.Workspaces.resources.dll" to file "bin/Debug/net8.0/cs/Microsoft.CodeAnalysis.CSharp.Workspaces.resources.dll" because the "SkipUnchangedFiles" parameter was set to "true" in the project and the files' sizes and timestamps match.
         Did not copy from file "/home/baturhan/.nuget/packages/microsoft.codeanalysis.csharp.workspaces/4.13.0/lib/net8.0/de/Microsoft.CodeAnalysis.CSharp.Workspaces.resources.dll" to file "bin/Debug/net8.0/de/Microsoft.CodeAnalysis.CSharp.Workspaces.resources.dll" because the "SkipUnchangedFiles" parameter was set to "true" in the project and the files' sizes and timestamps match.
         Did not copy from file "/home/baturhan/.nuget/packages/microsoft.codeanalysis.csharp.workspaces/4.13.0/lib/net8.0/es/Microsoft.CodeAnalysis.CSharp.Workspaces.resources.dll" to file "bin/Debug/net8.0/es/Microsoft.CodeAnalysis.CSharp.Workspaces.resources.dll" because the "SkipUnchangedFiles" parameter was set to "true" in the project and the files' sizes and timestamps match.
         Did not copy from file "/home/baturhan/.nuget/packages/microsoft.codeanalysis.csharp.workspaces/4.13.0/lib/net8.0/fr/Microsoft.CodeAnalysis.CSharp.Workspaces.resources.dll" to file "bin/Debug/net8.0/fr/Microsoft.CodeAnalysis.CSharp.Workspaces.resources.dll" because the "SkipUnchangedFiles" parameter was set to "true" in the project and the files' sizes and timestamps match.
         Did not copy from file "/home/baturhan/.nuget/packages/microsoft.codeanalysis.csharp.workspaces/4.13.0/lib/net8.0/it/Microsoft.CodeAnalysis.CSharp.Workspaces.resources.dll" to file "bin/Debug/net8.0/it/Microsoft.CodeAnalysis.CSharp.Workspaces.resources.dll" because the "SkipUnchangedFiles" parameter was set to "true" in the project and the files' sizes and timestamps match.
         Did not copy from file "/home/baturhan/.nuget/packages/microsoft.codeanalysis.csharp.workspaces/4.13.0/lib/net8.0/ja/Microsoft.CodeAnalysis.CSharp.Workspaces.resources.dll" to file "bin/Debug/net8.0/ja/Microsoft.CodeAnalysis.CSharp.Workspaces.resources.dll" because the "SkipUnchangedFiles" parameter was set to "true" in the project and the files' sizes and timestamps match.
         Did not copy from file "/home/baturhan/.nuget/packages/microsoft.codeanalysis.csharp.workspaces/4.13.0/lib/net8.0/ko/Microsoft.CodeAnalysis.CSharp.Workspaces.resources.dll" to file "bin/Debug/net8.0/ko/Microsoft.CodeAnalysis.CSharp.Workspaces.resources.dll" because the "SkipUnchangedFiles" parameter was set to "true" in the project and the files' sizes and timestamps match.
         Did not copy from file "/home/baturhan/.nuget/packages/microsoft.codeanalysis.csharp.workspaces/4.13.0/lib/net8.0/pl/Microsoft.CodeAnalysis.CSharp.Workspaces.resources.dll" to file "bin/Debug/net8.0/pl/Microsoft.CodeAnalysis.CSharp.Workspaces.resources.dll" because the "SkipUnchangedFiles" parameter was set to "true" in the project and the files' sizes and timestamps match.
         Did not copy from file "/home/baturhan/.nuget/packages/microsoft.codeanalysis.csharp.workspaces/4.13.0/lib/net8.0/pt-BR/Microsoft.CodeAnalysis.CSharp.Workspaces.resources.dll" to file "bin/Debug/net8.0/pt-BR/Microsoft.CodeAnalysis.CSharp.Workspaces.resources.dll" because the "SkipUnchangedFiles" parameter was set to "true" in the project and the files' sizes and timestamps match.
         Did not copy from file "/home/baturhan/.nuget/packages/microsoft.codeanalysis.csharp.workspaces/4.13.0/lib/net8.0/ru/Microsoft.CodeAnalysis.CSharp.Workspaces.resources.dll" to file "bin/Debug/net8.0/ru/Microsoft.CodeAnalysis.CSharp.Workspaces.resources.dll" because the "SkipUnchangedFiles" parameter was set to "true" in the project and the files' sizes and timestamps match.
         Did not copy from file "/home/baturhan/.nuget/packages/microsoft.codeanalysis.csharp.workspaces/4.13.0/lib/net8.0/tr/Microsoft.CodeAnalysis.CSharp.Workspaces.resources.dll" to file "bin/Debug/net8.0/tr/Microsoft.CodeAnalysis.CSharp.Workspaces.resources.dll" because the "SkipUnchangedFiles" parameter was set to "true" in the project and the files' sizes and timestamps match.
         Did not copy from file "/home/baturhan/.nuget/packages/microsoft.codeanalysis.csharp.workspaces/4.13.0/lib/net8.0/zh-Hans/Microsoft.CodeAnalysis.CSharp.Workspaces.resources.dll" to file "bin/Debug/net8.0/zh-Hans/Microsoft.CodeAnalysis.CSharp.Workspaces.resources.dll" because the "SkipUnchangedFiles" parameter was set to "true" in the project and the files' sizes and timestamps match.
         Did not copy from file "/home/baturhan/.nuget/packages/microsoft.codeanalysis.csharp.workspaces/4.13.0/lib/net8.0/zh-Hant/Microsoft.CodeAnalysis.CSharp.Workspaces.resources.dll" to file "bin/Debug/net8.0/zh-Hant/Microsoft.CodeAnalysis.CSharp.Workspaces.resources.dll" because the "SkipUnchangedFiles" parameter was set to "true" in the project and the files' sizes and timestamps match.
         Did not copy from file "/home/baturhan/.nuget/packages/microsoft.codeanalysis.scripting.common/4.13.0/lib/net8.0/cs/Microsoft.CodeAnalysis.Scripting.resources.dll" to file "bin/Debug/net8.0/cs/Microsoft.CodeAnalysis.Scripting.resources.dll" because the "SkipUnchangedFiles" parameter was set to "true" in the project and the files' sizes and timestamps match.
         Did not copy from file "/home/baturhan/.nuget/packages/microsoft.codeanalysis.scripting.common/4.13.0/lib/net8.0/de/Microsoft.CodeAnalysis.Scripting.resources.dll" to file "bin/Debug/net8.0/de/Microsoft.CodeAnalysis.Scripting.resources.dll" because the "SkipUnchangedFiles" parameter was set to "true" in the project and the files' sizes and timestamps match.
         Did not copy from file "/home/baturhan/.nuget/packages/microsoft.codeanalysis.scripting.common/4.13.0/lib/net8.0/fr/Microsoft.CodeAnalysis.Scripting.resources.dll" to file "bin/Debug/net8.0/fr/Microsoft.CodeAnalysis.Scripting.resources.dll" because the "SkipUnchangedFiles" parameter was set to "true" in the project and the files' sizes and timestamps match.
         Did not copy from file "/home/baturhan/.nuget/packages/microsoft.codeanalysis.scripting.common/4.13.0/lib/net8.0/es/Microsoft.CodeAnalysis.Scripting.resources.dll" to file "bin/Debug/net8.0/es/Microsoft.CodeAnalysis.Scripting.resources.dll" because the "SkipUnchangedFiles" parameter was set to "true" in the project and the files' sizes and timestamps match.
         Did not copy from file "/home/baturhan/.nuget/packages/microsoft.codeanalysis.scripting.common/4.13.0/lib/net8.0/it/Microsoft.CodeAnalysis.Scripting.resources.dll" to file "bin/Debug/net8.0/it/Microsoft.CodeAnalysis.Scripting.resources.dll" because the "SkipUnchangedFiles" parameter was set to "true" in the project and the files' sizes and timestamps match.
         Did not copy from file "/home/baturhan/.nuget/packages/microsoft.codeanalysis.scripting.common/4.13.0/lib/net8.0/ja/Microsoft.CodeAnalysis.Scripting.resources.dll" to file "bin/Debug/net8.0/ja/Microsoft.CodeAnalysis.Scripting.resources.dll" because the "SkipUnchangedFiles" parameter was set to "true" in the project and the files' sizes and timestamps match.
         Did not copy from file "/home/baturhan/.nuget/packages/microsoft.codeanalysis.scripting.common/4.13.0/lib/net8.0/ko/Microsoft.CodeAnalysis.Scripting.resources.dll" to file "bin/Debug/net8.0/ko/Microsoft.CodeAnalysis.Scripting.resources.dll" because the "SkipUnchangedFiles" parameter was set to "true" in the project and the files' sizes and timestamps match.
         Did not copy from file "/home/baturhan/.nuget/packages/microsoft.codeanalysis.scripting.common/4.13.0/lib/net8.0/pl/Microsoft.CodeAnalysis.Scripting.resources.dll" to file "bin/Debug/net8.0/pl/Microsoft.CodeAnalysis.Scripting.resources.dll" because the "SkipUnchangedFiles" parameter was set to "true" in the project and the files' sizes and timestamps match.
         Did not copy from file "/home/baturhan/.nuget/packages/microsoft.codeanalysis.scripting.common/4.13.0/lib/net8.0/pt-BR/Microsoft.CodeAnalysis.Scripting.resources.dll" to file "bin/Debug/net8.0/pt-BR/Microsoft.CodeAnalysis.Scripting.resources.dll" because the "SkipUnchangedFiles" parameter was set to "true" in the project and the files' sizes and timestamps match.
         Did not copy from file "/home/baturhan/.nuget/packages/microsoft.codeanalysis.scripting.common/4.13.0/lib/net8.0/tr/Microsoft.CodeAnalysis.Scripting.resources.dll" to file "bin/Debug/net8.0/tr/Microsoft.CodeAnalysis.Scripting.resources.dll" because the "SkipUnchangedFiles" parameter was set to "true" in the project and the files' sizes and timestamps match.
         Did not copy from file "/home/baturhan/.nuget/packages/microsoft.codeanalysis.scripting.common/4.13.0/lib/net8.0/ru/Microsoft.CodeAnalysis.Scripting.resources.dll" to file "bin/Debug/net8.0/ru/Microsoft.CodeAnalysis.Scripting.resources.dll" because the "SkipUnchangedFiles" parameter was set to "true" in the project and the files' sizes and timestamps match.
         Did not copy from file "/home/baturhan/.nuget/packages/microsoft.codeanalysis.scripting.common/4.13.0/lib/net8.0/zh-Hans/Microsoft.CodeAnalysis.Scripting.resources.dll" to file "bin/Debug/net8.0/zh-Hans/Microsoft.CodeAnalysis.Scripting.resources.dll" because the "SkipUnchangedFiles" parameter was set to "true" in the project and the files' sizes and timestamps match.
         Did not copy from file "/home/baturhan/.nuget/packages/microsoft.codeanalysis.scripting.common/4.13.0/lib/net8.0/zh-Hant/Microsoft.CodeAnalysis.Scripting.resources.dll" to file "bin/Debug/net8.0/zh-Hant/Microsoft.CodeAnalysis.Scripting.resources.dll" because the "SkipUnchangedFiles" parameter was set to "true" in the project and the files' sizes and timestamps match.
         Did not copy from file "/home/baturhan/.nuget/packages/microsoft.codeanalysis.workspaces.common/4.13.0/lib/net8.0/cs/Microsoft.CodeAnalysis.Workspaces.resources.dll" to file "bin/Debug/net8.0/cs/Microsoft.CodeAnalysis.Workspaces.resources.dll" because the "SkipUnchangedFiles" parameter was set to "true" in the project and the files' sizes and timestamps match.
         Did not copy from file "/home/baturhan/.nuget/packages/microsoft.codeanalysis.workspaces.common/4.13.0/lib/net8.0/de/Microsoft.CodeAnalysis.Workspaces.resources.dll" to file "bin/Debug/net8.0/de/Microsoft.CodeAnalysis.Workspaces.resources.dll" because the "SkipUnchangedFiles" parameter was set to "true" in the project and the files' sizes and timestamps match.
         Did not copy from file "/home/baturhan/.nuget/packages/microsoft.codeanalysis.workspaces.common/4.13.0/lib/net8.0/es/Microsoft.CodeAnalysis.Workspaces.resources.dll" to file "bin/Debug/net8.0/es/Microsoft.CodeAnalysis.Workspaces.resources.dll" because the "SkipUnchangedFiles" parameter was set to "true" in the project and the files' sizes and timestamps match.
         Did not copy from file "/home/baturhan/.nuget/packages/microsoft.codeanalysis.workspaces.common/4.13.0/lib/net8.0/fr/Microsoft.CodeAnalysis.Workspaces.resources.dll" to file "bin/Debug/net8.0/fr/Microsoft.CodeAnalysis.Workspaces.resources.dll" because the "SkipUnchangedFiles" parameter was set to "true" in the project and the files' sizes and timestamps match.
         Did not copy from file "/home/baturhan/.nuget/packages/microsoft.codeanalysis.workspaces.common/4.13.0/lib/net8.0/it/Microsoft.CodeAnalysis.Workspaces.resources.dll" to file "bin/Debug/net8.0/it/Microsoft.CodeAnalysis.Workspaces.resources.dll" because the "SkipUnchangedFiles" parameter was set to "true" in the project and the files' sizes and timestamps match.
         Did not copy from file "/home/baturhan/.nuget/packages/microsoft.codeanalysis.workspaces.common/4.13.0/lib/net8.0/ja/Microsoft.CodeAnalysis.Workspaces.resources.dll" to file "bin/Debug/net8.0/ja/Microsoft.CodeAnalysis.Workspaces.resources.dll" because the "SkipUnchangedFiles" parameter was set to "true" in the project and the files' sizes and timestamps match.
         Did not copy from file "/home/baturhan/.nuget/packages/microsoft.codeanalysis.workspaces.common/4.13.0/lib/net8.0/ko/Microsoft.CodeAnalysis.Workspaces.resources.dll" to file "bin/Debug/net8.0/ko/Microsoft.CodeAnalysis.Workspaces.resources.dll" because the "SkipUnchangedFiles" parameter was set to "true" in the project and the files' sizes and timestamps match.
         Did not copy from file "/home/baturhan/.nuget/packages/microsoft.codeanalysis.workspaces.common/4.13.0/lib/net8.0/pl/Microsoft.CodeAnalysis.Workspaces.resources.dll" to file "bin/Debug/net8.0/pl/Microsoft.CodeAnalysis.Workspaces.resources.dll" because the "SkipUnchangedFiles" parameter was set to "true" in the project and the files' sizes and timestamps match.
         Did not copy from file "/home/baturhan/.nuget/packages/microsoft.codeanalysis.workspaces.common/4.13.0/lib/net8.0/ru/Microsoft.CodeAnalysis.Workspaces.resources.dll" to file "bin/Debug/net8.0/ru/Microsoft.CodeAnalysis.Workspaces.resources.dll" because the "SkipUnchangedFiles" parameter was set to "true" in the project and the files' sizes and timestamps match.
         Did not copy from file "/home/baturhan/.nuget/packages/microsoft.codeanalysis.workspaces.common/4.13.0/lib/net8.0/pt-BR/Microsoft.CodeAnalysis.Workspaces.resources.dll" to file "bin/Debug/net8.0/pt-BR/Microsoft.CodeAnalysis.Workspaces.resources.dll" because the "SkipUnchangedFiles" parameter was set to "true" in the project and the files' sizes and timestamps match.
         Did not copy from file "/home/baturhan/.nuget/packages/microsoft.codeanalysis.workspaces.common/4.13.0/lib/net8.0/tr/Microsoft.CodeAnalysis.Workspaces.resources.dll" to file "bin/Debug/net8.0/tr/Microsoft.CodeAnalysis.Workspaces.resources.dll" because the "SkipUnchangedFiles" parameter was set to "true" in the project and the files' sizes and timestamps match.
         Did not copy from file "/home/baturhan/.nuget/packages/microsoft.codeanalysis.workspaces.common/4.13.0/lib/net8.0/zh-Hans/Microsoft.CodeAnalysis.Workspaces.resources.dll" to file "bin/Debug/net8.0/zh-Hans/Microsoft.CodeAnalysis.Workspaces.resources.dll" because the "SkipUnchangedFiles" parameter was set to "true" in the project and the files' sizes and timestamps match.
         Did not copy from file "/home/baturhan/.nuget/packages/microsoft.codeanalysis.workspaces.common/4.13.0/lib/net8.0/zh-Hant/Microsoft.CodeAnalysis.Workspaces.resources.dll" to file "bin/Debug/net8.0/zh-Hant/Microsoft.CodeAnalysis.Workspaces.resources.dll" because the "SkipUnchangedFiles" parameter was set to "true" in the project and the files' sizes and timestamps match.
         Did not copy from file "/home/baturhan/Projeler/Entegrasyon/Application/Entegrasyon.ApplicationBootstrap/bin/Debug/net8.0/Entegrasyon.ApplicationBootstrap.dll" to file "bin/Debug/net8.0/Entegrasyon.ApplicationBootstrap.dll" because the "SkipUnchangedFiles" parameter was set to "true" in the project and the files' sizes and timestamps match.
         Did not copy from file "/home/baturhan/Projeler/Entegrasyon/Application/Entegrasyon.Business/bin/Debug/net8.0/Entegrasyon.Business.dll" to file "bin/Debug/net8.0/Entegrasyon.Business.dll" because the "SkipUnchangedFiles" parameter was set to "true" in the project and the files' sizes and timestamps match.
         Did not copy from file "/home/baturhan/Projeler/Entegrasyon/Application/Entegrasyon.DataAccess/bin/Debug/net8.0/Entegrasyon.DataAccess.dll" to file "bin/Debug/net8.0/Entegrasyon.DataAccess.dll" because the "SkipUnchangedFiles" parameter was set to "true" in the project and the files' sizes and timestamps match.
         Did not copy from file "/home/baturhan/Projeler/Entegrasyon/Application/Entegrasyon.Entity/bin/Debug/net8.0/Entegrasyon.Entity.dll" to file "bin/Debug/net8.0/Entegrasyon.Entity.dll" because the "SkipUnchangedFiles" parameter was set to "true" in the project and the files' sizes and timestamps match.
         Did not copy from file "/home/baturhan/Projeler/Entegrasyon/Application/Entegrasyon.MessageQueue.Commands/bin/Debug/net8.0/Entegrasyon.MessageQueue.Commands.dll" to file "bin/Debug/net8.0/Entegrasyon.MessageQueue.Commands.dll" because the "SkipUnchangedFiles" parameter was set to "true" in the project and the files' sizes and timestamps match.
         Did not copy from file "/home/baturhan/Projeler/Entegrasyon/Application/Entegrasyon.MessageQueue/bin/Debug/net8.0/Entegrasyon.MessageQueue.Handler.dll" to file "bin/Debug/net8.0/Entegrasyon.MessageQueue.Handler.dll" because the "SkipUnchangedFiles" parameter was set to "true" in the project and the files' sizes and timestamps match.
         Did not copy from file "/home/baturhan/Projeler/Entegrasyon/Shared/Shared/bin/Debug/net8.0/Shared.dll" to file "bin/Debug/net8.0/Shared.dll" because the "SkipUnchangedFiles" parameter was set to "true" in the project and the files' sizes and timestamps match.
         Did not copy from file "/home/baturhan/Projeler/Entegrasyon/Application/Entegrasyon.Business/bin/Debug/net8.0/Entegrasyon.Business.pdb" to file "bin/Debug/net8.0/Entegrasyon.Business.pdb" because the "SkipUnchangedFiles" parameter was set to "true" in the project and the files' sizes and timestamps match.
         Did not copy from file "/home/baturhan/Projeler/Entegrasyon/Application/Entegrasyon.ApplicationBootstrap/bin/Debug/net8.0/Entegrasyon.ApplicationBootstrap.pdb" to file "bin/Debug/net8.0/Entegrasyon.ApplicationBootstrap.pdb" because the "SkipUnchangedFiles" parameter was set to "true" in the project and the files' sizes and timestamps match.
         Did not copy from file "/home/baturhan/Projeler/Entegrasyon/Application/Entegrasyon.MessageQueue/bin/Debug/net8.0/Entegrasyon.MessageQueue.Handler.pdb" to file "bin/Debug/net8.0/Entegrasyon.MessageQueue.Handler.pdb" because the "SkipUnchangedFiles" parameter was set to "true" in the project and the files' sizes and timestamps match.
         Did not copy from file "/home/baturhan/Projeler/Entegrasyon/Application/Entegrasyon.DataAccess/bin/Debug/net8.0/Entegrasyon.DataAccess.pdb" to file "bin/Debug/net8.0/Entegrasyon.DataAccess.pdb" because the "SkipUnchangedFiles" parameter was set to "true" in the project and the files' sizes and timestamps match.
         Did not copy from file "/home/baturhan/Projeler/Entegrasyon/Application/Entegrasyon.Entity/bin/Debug/net8.0/Entegrasyon.Entity.pdb" to file "bin/Debug/net8.0/Entegrasyon.Entity.pdb" because the "SkipUnchangedFiles" parameter was set to "true" in the project and the files' sizes and timestamps match.
         Did not copy from file "/home/baturhan/Projeler/Entegrasyon/Shared/Shared/bin/Debug/net8.0/Shared.pdb" to file "bin/Debug/net8.0/Shared.pdb" because the "SkipUnchangedFiles" parameter was set to "true" in the project and the files' sizes and timestamps match.
         Did not copy from file "/home/baturhan/Projeler/Entegrasyon/Application/Entegrasyon.MessageQueue.Commands/bin/Debug/net8.0/Entegrasyon.MessageQueue.Commands.pdb" to file "bin/Debug/net8.0/Entegrasyon.MessageQueue.Commands.pdb" because the "SkipUnchangedFiles" parameter was set to "true" in the project and the files' sizes and timestamps match.
         Did not copy from file "/home/baturhan/Projeler/Entegrasyon/Application/Entegrasyon.Business/bin/Debug/net8.0/en/Entegrasyon.Business.resources.dll" to file "bin/Debug/net8.0/en/Entegrasyon.Business.resources.dll" because the "SkipUnchangedFiles" parameter was set to "true" in the project and the files' sizes and timestamps match.
         Did not copy from file "/home/baturhan/Projeler/Entegrasyon/Application/Entegrasyon.Business/bin/Debug/net8.0/tr/Entegrasyon.Business.resources.dll" to file "bin/Debug/net8.0/tr/Entegrasyon.Business.resources.dll" because the "SkipUnchangedFiles" parameter was set to "true" in the project and the files' sizes and timestamps match.
       Done executing task "Copy".
   1:7>Done building target "_CopyFilesMarkedCopyLocal" in project "Entegrasyon.Blazor.csproj".
       Target "AssignTargetPaths" skipped. Previously built successfully.
       Target "AssignProjectConfiguration" skipped. Previously built successfully.
       Target "_SplitProjectReferencesByFileExistence" skipped. Previously built successfully.
       Target "_GetProjectReferenceTargetFrameworkProperties" skipped. Previously built successfully.
   1:7>Target "_PopulateCommonStateForGetCopyToOutputDirectoryItems" in file "/usr/lib64/dotnet/sdk/10.0.101/Microsoft.Common.CurrentVersion.targets" from project "/home/baturhan/Projeler/Entegrasyon/Application/Entegrasyon.Blazor/Entegrasyon.Blazor.csproj" (target "GetCopyToOutputDirectoryItems" depends on it):
   1:7>Done building target "_PopulateCommonStateForGetCopyToOutputDirectoryItems" in project "Entegrasyon.Blazor.csproj".
       Target "ResolveStaticWebAssetsConfiguration" skipped. Previously built successfully.
   1:7>Target "AddStaticWebAssetsManifest" in file "/usr/lib64/dotnet/sdk/10.0.101/Sdks/Microsoft.NET.Sdk.StaticWebAssets/targets/Microsoft.NET.Sdk.StaticWebAssets.targets" from project "/home/baturhan/Projeler/Entegrasyon/Application/Entegrasyon.Blazor/Entegrasyon.Blazor.csproj" (target "GetCopyToOutputDirectoryItems" depends on it):
   1:7>Done building target "AddStaticWebAssetsManifest" in project "Entegrasyon.Blazor.csproj".
       Target "ResolveStaticWebAssetsConfiguration" skipped. Previously built successfully.
   1:7>Target "AddStaticWebAssetEndpointsBuildManifest" in file "/usr/lib64/dotnet/sdk/10.0.101/Sdks/Microsoft.NET.Sdk.StaticWebAssets/targets/Microsoft.NET.Sdk.StaticWebAssets.targets" from project "/home/baturhan/Projeler/Entegrasyon/Application/Entegrasyon.Blazor/Entegrasyon.Blazor.csproj" (target "GetCopyToOutputDirectoryItems" depends on it):
   1:7>Done building target "AddStaticWebAssetEndpointsBuildManifest" in project "Entegrasyon.Blazor.csproj".
   1:7>Target "AddDepsJsonAndRuntimeConfigToCopyItemsForReferencingProjects" in file "/usr/lib64/dotnet/sdk/10.0.101/Sdks/Microsoft.NET.Sdk/targets/Microsoft.NET.Sdk.targets" from project "/home/baturhan/Projeler/Entegrasyon/Application/Entegrasyon.Blazor/Entegrasyon.Blazor.csproj" (target "GetCopyToOutputDirectoryItems" depends on it):
   1:7>Done building target "AddDepsJsonAndRuntimeConfigToCopyItemsForReferencingProjects" in project "Entegrasyon.Blazor.csproj".
   1:7>Target "GetCopyToOutputDirectoryItems" in file "/usr/lib64/dotnet/sdk/10.0.101/Microsoft.Common.CurrentVersion.targets" from project "/home/baturhan/Projeler/Entegrasyon/Application/Entegrasyon.Blazor/Entegrasyon.Blazor.csproj" (target "_CopySourceItemsToOutputDirectory" depends on it):
       Task "CallTarget"
       Target "_PopulateCommonStateForGetCopyToOutputDirectoryItems" skipped. Previously built successfully.
       Target "_AddOutputPathToGlobalPropertiesToRemove" skipped. Previously built successfully.
   1:7>Target "_GetCopyToOutputDirectoryItemsFromTransitiveProjectReferences" in file "/usr/lib64/dotnet/sdk/10.0.101/Microsoft.Common.CurrentVersion.targets" from project "/home/baturhan/Projeler/Entegrasyon/Application/Entegrasyon.Blazor/Entegrasyon.Blazor.csproj" (target "GetCopyToOutputDirectoryItems" depends on it):
       Task "MSBuild"
         Removing Properties:
           WebPublishProfileFile
         Removing Properties for project "../Entegrasyon.Business/Entegrasyon.Business.csproj":
           TargetFramework
           RuntimeIdentifier
           SelfContained
         Removing Properties for project "../Entegrasyon.ApplicationBootstrap/Entegrasyon.ApplicationBootstrap.csproj":
           TargetFramework
           RuntimeIdentifier
           SelfContained
         Removing Properties for project "../Entegrasyon.MessageQueue/Entegrasyon.MessageQueue.Handler.csproj":
           TargetFramework
           RuntimeIdentifier
           SelfContained
         Removing Properties for project "../Entegrasyon.DataAccess/Entegrasyon.DataAccess.csproj":
           TargetFramework
           RuntimeIdentifier
           SelfContained
         Removing Properties for project "../Entegrasyon.Entity/Entegrasyon.Entity.csproj":
           TargetFramework
           RuntimeIdentifier
           SelfContained
         Removing Properties for project "../Entegrasyon.MessageQueue.Commands/Entegrasyon.MessageQueue.Commands.csproj":
           TargetFramework
           RuntimeIdentifier
           SelfContained
         Removing Properties for project "../../Shared/Shared/Shared.csproj":
           TargetFramework
           RuntimeIdentifier
           SelfContained
   1:7>Project "/home/baturhan/Projeler/Entegrasyon/Application/Entegrasyon.Blazor/Entegrasyon.Blazor.csproj" (1:7) is building "/home/baturhan/Projeler/Entegrasyon/Application/Entegrasyon.DataAccess/Entegrasyon.DataAccess.csproj" (7:22) on node 2 (GetCopyToOutputDirectoryItems target(s)).
  7:22>Target "NETStandardCompatError_Microsoft_Extensions_Configuration_Binder" skipped. Previously built successfully.
       Target "GetCopyToOutputDirectoryItems" skipped. Previously built successfully.
  7:22>Done Building Project "/home/baturhan/Projeler/Entegrasyon/Application/Entegrasyon.DataAccess/Entegrasyon.DataAccess.csproj" (GetCopyToOutputDirectoryItems target(s)).
   1:7>Project "/home/baturhan/Projeler/Entegrasyon/Application/Entegrasyon.Blazor/Entegrasyon.Blazor.csproj" (1:7) is building "/home/baturhan/Projeler/Entegrasyon/Application/Entegrasyon.Business/Entegrasyon.Business.csproj" (2:19) on node 5 (GetCopyToOutputDirectoryItems target(s)).
  2:19>Target "NETStandardCompatError_Microsoft_Extensions_Configuration_Binder" skipped. Previously built successfully.
       Target "GetCopyToOutputDirectoryItems" skipped. Previously built successfully.
  2:19>Done Building Project "/home/baturhan/Projeler/Entegrasyon/Application/Entegrasyon.Business/Entegrasyon.Business.csproj" (GetCopyToOutputDirectoryItems target(s)).
   1:7>Project "/home/baturhan/Projeler/Entegrasyon/Application/Entegrasyon.Blazor/Entegrasyon.Blazor.csproj" (1:7) is building "/home/baturhan/Projeler/Entegrasyon/Application/Entegrasyon.Entity/Entegrasyon.Entity.csproj" (8:30) on node 1 (GetCopyToOutputDirectoryItems target(s)).
  8:30>Target "NETStandardCompatError_Microsoft_Extensions_Configuration_Binder" skipped. Previously built successfully.
       Target "GetCopyToOutputDirectoryItems" skipped. Previously built successfully.
  8:30>Done Building Project "/home/baturhan/Projeler/Entegrasyon/Application/Entegrasyon.Entity/Entegrasyon.Entity.csproj" (GetCopyToOutputDirectoryItems target(s)).
   1:7>Project "/home/baturhan/Projeler/Entegrasyon/Application/Entegrasyon.Blazor/Entegrasyon.Blazor.csproj" (1:7) is building "/home/baturhan/Projeler/Entegrasyon/Application/Entegrasyon.MessageQueue.Commands/Entegrasyon.MessageQueue.Commands.csproj" (5:22) on node 7 (GetCopyToOutputDirectoryItems target(s)).
  5:22>Target "NETStandardCompatError_Microsoft_Extensions_Configuration_Binder" skipped. Previously built successfully.
       Target "GetCopyToOutputDirectoryItems" skipped. Previously built successfully.
  5:22>Done Building Project "/home/baturhan/Projeler/Entegrasyon/Application/Entegrasyon.MessageQueue.Commands/Entegrasyon.MessageQueue.Commands.csproj" (GetCopyToOutputDirectoryItems target(s)).
   1:7>Project "/home/baturhan/Projeler/Entegrasyon/Application/Entegrasyon.Blazor/Entegrasyon.Blazor.csproj" (1:7) is building "/home/baturhan/Projeler/Entegrasyon/Shared/Shared/Shared.csproj" (6:35) on node 6 (GetCopyToOutputDirectoryItems target(s)).
  6:35>Target "NETStandardCompatError_Microsoft_Extensions_Configuration_Binder" skipped. Previously built successfully.
       Target "GetCopyToOutputDirectoryItems" skipped. Previously built successfully.
  6:35>Done Building Project "/home/baturhan/Projeler/Entegrasyon/Shared/Shared/Shared.csproj" (GetCopyToOutputDirectoryItems target(s)).
   1:7>Project "/home/baturhan/Projeler/Entegrasyon/Application/Entegrasyon.Blazor/Entegrasyon.Blazor.csproj" (1:7) is building "/home/baturhan/Projeler/Entegrasyon/Application/Entegrasyon.MessageQueue/Entegrasyon.MessageQueue.Handler.csproj" (3:9) on node 3 (GetCopyToOutputDirectoryItems target(s)).
   3:9>Target "NETStandardCompatError_Microsoft_Extensions_Configuration_Binder" skipped. Previously built successfully.
   1:7>Project "/home/baturhan/Projeler/Entegrasyon/Application/Entegrasyon.Blazor/Entegrasyon.Blazor.csproj" (1:7) is building "/home/baturhan/Projeler/Entegrasyon/Application/Entegrasyon.ApplicationBootstrap/Entegrasyon.ApplicationBootstrap.csproj" (4:9) on node 4 (GetCopyToOutputDirectoryItems target(s)).
   4:9>Target "NETStandardCompatError_Microsoft_Extensions_Configuration_Binder" skipped. Previously built successfully.
   3:9>Target "GetCopyToOutputDirectoryItems" skipped. Previously built successfully.
   4:9>Target "GetCopyToOutputDirectoryItems" skipped. Previously built successfully.
   3:9>Done Building Project "/home/baturhan/Projeler/Entegrasyon/Application/Entegrasyon.MessageQueue/Entegrasyon.MessageQueue.Handler.csproj" (GetCopyToOutputDirectoryItems target(s)).
   4:9>Done Building Project "/home/baturhan/Projeler/Entegrasyon/Application/Entegrasyon.ApplicationBootstrap/Entegrasyon.ApplicationBootstrap.csproj" (GetCopyToOutputDirectoryItems target(s)).
   1:7>Done executing task "MSBuild".
       Task "AssignTargetPath"
       Done executing task "AssignTargetPath".
   1:7>Done building target "_GetCopyToOutputDirectoryItemsFromTransitiveProjectReferences" in project "Entegrasyon.Blazor.csproj".
       Done executing task "CallTarget".
       Task "CallTarget"
       Target "AssignTargetPaths" skipped. Previously built successfully.
       Target "_PopulateCommonStateForGetCopyToOutputDirectoryItems" skipped. Previously built successfully.
   1:7>Target "_GetCopyToOutputDirectoryItemsFromThisProject" in file "/usr/lib64/dotnet/sdk/10.0.101/Microsoft.Common.CurrentVersion.targets" from project "/home/baturhan/Projeler/Entegrasyon/Application/Entegrasyon.Blazor/Entegrasyon.Blazor.csproj" (target "GetCopyToOutputDirectoryItems" depends on it):
       Task "AssignTargetPath"
       Done executing task "AssignTargetPath".
   1:7>Done building target "_GetCopyToOutputDirectoryItemsFromThisProject" in project "Entegrasyon.Blazor.csproj".
       Done executing task "CallTarget".
   1:7>Done building target "GetCopyToOutputDirectoryItems" in project "Entegrasyon.Blazor.csproj".
   1:7>Target "_CopyOutOfDateSourceItemsToOutputDirectory" in file "/usr/lib64/dotnet/sdk/10.0.101/Microsoft.Common.CurrentVersion.targets" from project "/home/baturhan/Projeler/Entegrasyon/Application/Entegrasyon.Blazor/Entegrasyon.Blazor.csproj" (target "_CopySourceItemsToOutputDirectory" depends on it):
       Skipping target "_CopyOutOfDateSourceItemsToOutputDirectory" because all output files are up-to-date with respect to the input files.
       Input files: 
           /home/baturhan/Projeler/Entegrasyon/Application/Entegrasyon.Blazor/appsettings.Development.json
           /home/baturhan/Projeler/Entegrasyon/Application/Entegrasyon.Blazor/appsettings.json
           /home/baturhan/Projeler/Entegrasyon/Application/Entegrasyon.Blazor/package-lock.json
           /home/baturhan/Projeler/Entegrasyon/Application/Entegrasyon.Blazor/obj/Debug/net8.0/staticwebassets.development.json
           /home/baturhan/Projeler/Entegrasyon/Application/Entegrasyon.Blazor/obj/Debug/net8.0/staticwebassets.build.endpoints.json
           /home/baturhan/Projeler/Entegrasyon/Application/Entegrasyon.Blazor/obj/Debug/net8.0/apphost
       Output files: 
           bin/Debug/net8.0/appsettings.Development.json
           bin/Debug/net8.0/appsettings.json
           bin/Debug/net8.0/package-lock.json
           bin/Debug/net8.0/Entegrasyon.Blazor.staticwebassets.runtime.json
           bin/Debug/net8.0/Entegrasyon.Blazor.staticwebassets.endpoints.json
           bin/Debug/net8.0/Entegrasyon.Blazor
   1:7>Done building target "_CopyOutOfDateSourceItemsToOutputDirectory" in project "Entegrasyon.Blazor.csproj".
   1:7>Target "_CopySourceItemsToOutputDirectory" in file "/usr/lib64/dotnet/sdk/10.0.101/Microsoft.Common.CurrentVersion.targets" from project "/home/baturhan/Projeler/Entegrasyon/Application/Entegrasyon.Blazor/Entegrasyon.Blazor.csproj" (target "CopyFilesToOutputDirectory" depends on it):
   1:7>Done building target "_CopySourceItemsToOutputDirectory" in project "Entegrasyon.Blazor.csproj".
   1:7>Target "_CheckForCompileOutputs" in file "/usr/lib64/dotnet/sdk/10.0.101/Microsoft.Common.CurrentVersion.targets" from project "/home/baturhan/Projeler/Entegrasyon/Application/Entegrasyon.Blazor/Entegrasyon.Blazor.csproj" (target "CopyFilesToOutputDirectory" depends on it):
   1:7>Done building target "_CheckForCompileOutputs" in project "Entegrasyon.Blazor.csproj".
       Target "_DefaultMicrosoftNETPlatformLibrary" skipped. Previously built successfully.
       Target "_HandlePackageFileConflicts" skipped. Previously built successfully.
       Target "ResolveAssemblyReferences" skipped. Previously built successfully.
   1:7>Target "_ComputeReferenceAssemblies" in file "/usr/lib64/dotnet/sdk/10.0.101/Sdks/Microsoft.NET.Sdk/targets/Microsoft.NET.Sdk.targets" from project "/home/baturhan/Projeler/Entegrasyon/Application/Entegrasyon.Blazor/Entegrasyon.Blazor.csproj" (target "GenerateBuildDependencyFile" depends on it):
   1:7>Done building target "_ComputeReferenceAssemblies" in project "Entegrasyon.Blazor.csproj".
   1:7>Target "_ComputeUserRuntimeAssemblies" in file "/usr/lib64/dotnet/sdk/10.0.101/Sdks/Microsoft.NET.Sdk/targets/Microsoft.NET.Sdk.targets" from project "/home/baturhan/Projeler/Entegrasyon/Application/Entegrasyon.Blazor/Entegrasyon.Blazor.csproj" (target "GenerateBuildDependencyFile" depends on it):
   1:7>Done building target "_ComputeUserRuntimeAssemblies" in project "Entegrasyon.Blazor.csproj".
       Target "_ComputePackageReferencePublish" skipped. Previously built successfully.
   1:7>Target "GenerateBuildDependencyFile" in file "/usr/lib64/dotnet/sdk/10.0.101/Sdks/Microsoft.NET.Sdk/targets/Microsoft.NET.Sdk.targets" from project "/home/baturhan/Projeler/Entegrasyon/Application/Entegrasyon.Blazor/Entegrasyon.Blazor.csproj" (target "CopyFilesToOutputDirectory" depends on it):
       Skipping target "GenerateBuildDependencyFile" because all output files are up-to-date with respect to the input files.
       Input files: 
           /home/baturhan/Projeler/Entegrasyon/Application/Entegrasyon.Blazor/obj/project.assets.json
           /home/baturhan/Projeler/Entegrasyon/Application/Entegrasyon.Blazor/obj/Debug/net8.0/Entegrasyon.Blazor.assets.cache
           /home/baturhan/Projeler/Entegrasyon/Application/Entegrasyon.Blazor/obj/Entegrasyon.Blazor.csproj.nuget.g.targets
           /usr/lib64/dotnet/sdk/10.0.101/Current/Microsoft.Common.targets/ImportAfter/Microsoft.TestPlatform.ImportAfter.targets
       Output files: /home/baturhan/Projeler/Entegrasyon/Application/Entegrasyon.Blazor/bin/Debug/net8.0/Entegrasyon.Blazor.deps.json
   1:7>Done building target "GenerateBuildDependencyFile" in project "Entegrasyon.Blazor.csproj".
       Target "_DefaultMicrosoftNETPlatformLibrary" skipped. Previously built successfully.
   1:7>Target "_GenerateRuntimeConfigurationFilesInputCache" in file "/usr/lib64/dotnet/sdk/10.0.101/Sdks/Microsoft.NET.Sdk/targets/Microsoft.NET.Sdk.targets" from project "/home/baturhan/Projeler/Entegrasyon/Application/Entegrasyon.Blazor/Entegrasyon.Blazor.csproj" (target "GenerateBuildRuntimeConfigurationFiles" depends on it):
       Task "Hash"
       Done executing task "Hash".
       Task "WriteLinesToFile"
         Skipping write to file "/home/baturhan/Projeler/Entegrasyon/Application/Entegrasyon.Blazor/obj/Debug/net8.0/Entegrasyon.Blazor.genruntimeconfig.cache" because content would not change.
       Done executing task "WriteLinesToFile".
   1:7>Done building target "_GenerateRuntimeConfigurationFilesInputCache" in project "Entegrasyon.Blazor.csproj".
   1:7>Target "GenerateBuildRuntimeConfigurationFiles" in file "/usr/lib64/dotnet/sdk/10.0.101/Sdks/Microsoft.NET.Sdk/targets/Microsoft.NET.Sdk.targets" from project "/home/baturhan/Projeler/Entegrasyon/Application/Entegrasyon.Blazor/Entegrasyon.Blazor.csproj" (target "CopyFilesToOutputDirectory" depends on it):
       Skipping target "GenerateBuildRuntimeConfigurationFiles" because all output files are up-to-date with respect to the input files.
       Input files: 
           /home/baturhan/Projeler/Entegrasyon/Application/Entegrasyon.Blazor/obj/project.assets.json
           /home/baturhan/Projeler/Entegrasyon/Application/Entegrasyon.Blazor/obj/Debug/net8.0/Entegrasyon.Blazor.assets.cache
           /home/baturhan/Projeler/Entegrasyon/Application/Entegrasyon.Blazor/obj/Debug/net8.0/Entegrasyon.Blazor.genruntimeconfig.cache
       Output files: /home/baturhan/Projeler/Entegrasyon/Application/Entegrasyon.Blazor/bin/Debug/net8.0/Entegrasyon.Blazor.runtimeconfig.json
   1:7>Done building target "GenerateBuildRuntimeConfigurationFiles" in project "Entegrasyon.Blazor.csproj".
   1:7>Target "CopyFilesToOutputDirectory" in file "/usr/lib64/dotnet/sdk/10.0.101/Microsoft.Common.CurrentVersion.targets" from project "/home/baturhan/Projeler/Entegrasyon/Application/Entegrasyon.Blazor/Entegrasyon.Blazor.csproj" (target "PrepareForRun" depends on it):
       Task "Copy"
         Did not copy from file "obj/Debug/net8.0/Entegrasyon.Blazor.dll" to file "bin/Debug/net8.0/Entegrasyon.Blazor.dll" because the "SkipUnchangedFiles" parameter was set to "true" in the project and the files' sizes and timestamps match.
       Done executing task "Copy".
       Using "CopyRefAssembly" task from assembly "/usr/lib64/dotnet/sdk/10.0.101/Sdks/Microsoft.NET.Sdk/targets/../../../Roslyn/Microsoft.Build.Tasks.CodeAnalysis.dll".
       Task "CopyRefAssembly"
         Reference assembly "/home/baturhan/Projeler/Entegrasyon/Application/Entegrasyon.Blazor/obj/Debug/net8.0/ref/Entegrasyon.Blazor.dll" already has latest information. Leaving it untouched.
       Done executing task "CopyRefAssembly".
       Task "Message"
         Entegrasyon.Blazor -> /home/baturhan/Projeler/Entegrasyon/Application/Entegrasyon.Blazor/bin/Debug/net8.0/Entegrasyon.Blazor.dll
       Done executing task "Message".
       Task "Copy"
         Did not copy from file "obj/Debug/net8.0/Entegrasyon.Blazor.pdb" to file "bin/Debug/net8.0/Entegrasyon.Blazor.pdb" because the "SkipUnchangedFiles" parameter was set to "true" in the project and the files' sizes and timestamps match.
       Done executing task "Copy".
   1:7>Done building target "CopyFilesToOutputDirectory" in project "Entegrasyon.Blazor.csproj".
   1:7>Target "PrepareForRun" in file "/usr/lib64/dotnet/sdk/10.0.101/Microsoft.Common.CurrentVersion.targets" from project "/home/baturhan/Projeler/Entegrasyon/Application/Entegrasyon.Blazor/Entegrasyon.Blazor.csproj" (target "CoreBuild" depends on it):
   1:7>Done building target "PrepareForRun" in project "Entegrasyon.Blazor.csproj".
       Target "_CheckForCompileOutputs" skipped. Previously built successfully.
   1:7>Target "_CleanGetCurrentAndPriorFileWrites" in file "/usr/lib64/dotnet/sdk/10.0.101/Microsoft.Common.CurrentVersion.targets" from project "/home/baturhan/Projeler/Entegrasyon/Application/Entegrasyon.Blazor/Entegrasyon.Blazor.csproj" (target "IncrementalClean" depends on it):
       Task "ReadLinesFromFile"
       Done executing task "ReadLinesFromFile".
       Task "ConvertToAbsolutePath"
       Done executing task "ConvertToAbsolutePath".
       Task "FindUnderPath"
         Comparison path is "/home/baturhan/Projeler/Entegrasyon/Application/Entegrasyon.Blazor".
       Done executing task "FindUnderPath".
       Task "FindUnderPath"
         Comparison path is "bin/Debug/net8.0/".
       Done executing task "FindUnderPath".
       Task "FindUnderPath"
         Comparison path is "obj/Debug/net8.0/".
       Done executing task "FindUnderPath".
       Task "RemoveDuplicates"
       Done executing task "RemoveDuplicates".
   1:7>Done building target "_CleanGetCurrentAndPriorFileWrites" in project "Entegrasyon.Blazor.csproj".
   1:7>Target "IncrementalClean" in file "/usr/lib64/dotnet/sdk/10.0.101/Microsoft.Common.CurrentVersion.targets" from project "/home/baturhan/Projeler/Entegrasyon/Application/Entegrasyon.Blazor/Entegrasyon.Blazor.csproj" (target "CoreBuild" depends on it):
       Task "FindUnderPath"
         Comparison path is "bin/Debug/net8.0/".
       Done executing task "FindUnderPath".
       Task "FindUnderPath"
         Comparison path is "obj/Debug/net8.0/".
       Done executing task "FindUnderPath".
       Task "Delete"
       Done executing task "Delete".
       Task "RemoveDuplicates"
       Done executing task "RemoveDuplicates".
   1:7>Done building target "IncrementalClean" in project "Entegrasyon.Blazor.csproj".
       Target "GenerateBuildDependencyFile" skipped. Previously built successfully.
       Target "GenerateBuildRuntimeConfigurationFiles" skipped. Previously built successfully.
   1:7>Target "CoreBuild" in file "/usr/lib64/dotnet/sdk/10.0.101/Microsoft.Common.CurrentVersion.targets" from project "/home/baturhan/Projeler/Entegrasyon/Application/Entegrasyon.Blazor/Entegrasyon.Blazor.csproj" (target "Build" depends on it):
   1:7>Done building target "CoreBuild" in project "Entegrasyon.Blazor.csproj".
   1:7>Target "AfterBuild" in file "/usr/lib64/dotnet/sdk/10.0.101/Microsoft.Common.CurrentVersion.targets" from project "/home/baturhan/Projeler/Entegrasyon/Application/Entegrasyon.Blazor/Entegrasyon.Blazor.csproj" (target "Build" depends on it):
   1:7>Done building target "AfterBuild" in project "Entegrasyon.Blazor.csproj".
       Target "_CheckForInvalidConfigurationAndPlatform" skipped. Previously built successfully.
       Target "_CheckForInvalidConfigurationAndPlatform" skipped. Previously built successfully.
   1:7>Target "Build" in file "/usr/lib64/dotnet/sdk/10.0.101/Microsoft.Common.CurrentVersion.targets" from project "/home/baturhan/Projeler/Entegrasyon/Application/Entegrasyon.Blazor/Entegrasyon.Blazor.csproj" (entry point):
   1:7>Done building target "Build" in project "Entegrasyon.Blazor.csproj".
   1:7>Target "_CheckContainersPackage" in file "/usr/lib64/dotnet/sdk/10.0.101/Containers/build/Microsoft.NET.Build.Containers.targets" from project "/home/baturhan/Projeler/Entegrasyon/Application/Entegrasyon.Blazor/Entegrasyon.Blazor.csproj" (entry point):
   1:7>Done building target "_CheckContainersPackage" in project "Entegrasyon.Blazor.csproj".
   1:7>Done Building Project "/home/baturhan/Projeler/Entegrasyon/Application/Entegrasyon.Blazor/Entegrasyon.Blazor.csproj" (default targets).

Build succeeded.
    0 Warning(s)
    0 Error(s)

Time Elapsed 00:00:01.33
